
C:\Program Files\Microsoft Visual Studio\2022\Community\MSBuild\Microsoft\VC\v170\Microsoft.CppBuild.targets(1129,5): warning MSB8027: PerformanceProfiler.cpp ad─▒na sahip iki veya daha fazla dosya ayn─▒ konuma ├ğ─▒k─▒┼ş olu┼şturacakt─▒r. Bu, hatal─▒ olu┼şturma sonucuna neden olabilir. Dahil olan dosyalar: src\Shared_modules\Performance\PerformanceProfiler.cpp, src\Shared_modules\Service\PerformanceProfiler.cpp. [C:\ShadowStrike\ShadowStrike\ShadowStrike.vcxproj]
C:\Program Files\Microsoft Visual Studio\2022\Community\MSBuild\Microsoft\VC\v170\Microsoft.CppBuild.targets(1129,5): warning MSB8027: MemoryProtection.cpp ad─▒na sahip iki veya daha fazla dosya ayn─▒ konuma ├ğ─▒k─▒┼ş olu┼şturacakt─▒r. Bu, hatal─▒ olu┼şturma sonucuna neden olabilir. Dahil olan dosyalar: src\Shared_modules\RealTime\MemoryProtection.cpp, src\Shared_modules\Security\MemoryProtection.cpp. [C:\ShadowStrike\ShadowStrike\ShadowStrike.vcxproj]
  EnvironmentEvasionDetector.cpp
  BackupManager.cpp
  BackupScheduler.cpp
  IncrementalBackup.cpp
  RestoreManager.cpp
  BankingTrojanDetector.cpp
  CertificatePinning.cpp
  KeyloggerProtection.cpp
  ScreenshotBlocker.cpp
  SecureBrowser.cpp
  TransactionMonitor.cpp
  MessageDispatcher.cpp
  ThreatIntelPusher.cpp
  PolicyManager.cpp
  SettingsManager.cpp
  BehaviorAnalyzer.cpp
  EmulationEngine.cpp
  HeuristicAnalyzer.cpp
  MachineLearningDetector.cpp
C:\ShadowStrike\ShadowStrike\src\Products\PhantomHome\Banking\CertificatePinning.cpp(746,1): error C1010: ├Ân derlenmi┼ş ├╝stbilgi aran─▒rken beklenmeyen dosya sonu. kaynak kodunuza '#include "pch.h"' eklemeyi unuttunuz mu? [C:\ShadowStrike\ShadowStrike\ShadowStrike.vcxproj]
C:\ShadowStrike\ShadowStrike\src\Shared_modules\Communication\MessageDispatcher.cpp(917,1): error C1010: ├Ân derlenmi┼ş ├╝stbilgi aran─▒rken beklenmeyen dosya sonu. kaynak kodunuza '#include "pch.h"' eklemeyi unuttunuz mu? [C:\ShadowStrike\ShadowStrike\ShadowStrike.vcxproj]
C:\ShadowStrike\ShadowStrike\src\Shared_modules\Communication\ThreatIntelPusher.cpp(1036,1): error C1010: ├Ân derlenmi┼ş ├╝stbilgi aran─▒rken beklenmeyen dosya sonu. kaynak kodunuza '#include "pch.h"' eklemeyi unuttunuz mu? [C:\ShadowStrike\ShadowStrike\ShadowStrike.vcxproj]
C:\ShadowStrike\ShadowStrike\src\Products\PhantomHome\Backup\BackupScheduler.hpp(122,10): error C1083: i├ğerme dosyas─▒ a├ğ─▒lam─▒yor: '../Utils/Logger.hpp': No such file or directory [C:\ShadowStrike\ShadowStrike\ShadowStrike.vcxproj]
  PackerUnpacker.cpp
  ('/src/Products/PhantomHome/Backup/BackupScheduler.cpp' kaynak dosyas─▒ derleniyor)
  
C:\ShadowStrike\ShadowStrike\src\Products\PhantomHome\Backup\BackupManager.hpp(128,10): error C1083: i├ğerme dosyas─▒ a├ğ─▒lam─▒yor: '../Utils/Logger.hpp': No such file or directory [C:\ShadowStrike\ShadowStrike\ShadowStrike.vcxproj]
  PolymorphicDetector.cpp
  ('/src/Products/PhantomHome/Backup/BackupManager.cpp' kaynak dosyas─▒ derleniyor)
  
C:\ShadowStrike\ShadowStrike\src\Products\PhantomHome\Banking\BankingTrojanDetector.hpp(143,10): error C1083: i├ğerme dosyas─▒ a├ğ─▒lam─▒yor: '../Utils/Logger.hpp': No such file or directory [C:\ShadowStrike\ShadowStrike\ShadowStrike.vcxproj]
  ('/src/Products/PhantomHome/Banking/BankingTrojanDetector.cpp' kaynak dosyas─▒ derleniyor)
  
C:\ShadowStrike\ShadowStrike\src\Products\PhantomHome\Banking\KeyloggerProtection.hpp(137,10): error C1083: i├ğerme dosyas─▒ a├ğ─▒lam─▒yor: '../Utils/Logger.hpp': No such file or directory [C:\ShadowStrike\ShadowStrike\ShadowStrike.vcxproj]
  QuarantineManager.cpp
  SandboxAnalyzer.cpp
  ('/src/Products/PhantomHome/Banking/KeyloggerProtection.cpp' kaynak dosyas─▒ derleniyor)
  
C:\ShadowStrike\ShadowStrike\src\Products\PhantomHome\Banking\ScreenshotBlocker.hpp(133,10): error C1083: i├ğerme dosyas─▒ a├ğ─▒lam─▒yor: '../Utils/Logger.hpp': No such file or directory [C:\ShadowStrike\ShadowStrike\ShadowStrike.vcxproj]
  ScanEngine.cpp
  ('/src/Products/PhantomHome/Banking/ScreenshotBlocker.cpp' kaynak dosyas─▒ derleniyor)
  
C:\ShadowStrike\ShadowStrike\src\Products\PhantomHome\Backup\RestoreManager.hpp(118,10): error C1083: i├ğerme dosyas─▒ a├ğ─▒lam─▒yor: '../Utils/Logger.hpp': No such file or directory [C:\ShadowStrike\ShadowStrike\ShadowStrike.vcxproj]
  ('/src/Products/PhantomHome/Backup/RestoreManager.cpp' kaynak dosyas─▒ derleniyor)
  
  SignatureDatabase_Manager.cpp
C:\ShadowStrike\ShadowStrike\src\Products\PhantomHome\Backup\IncrementalBackup.hpp(122,10): error C1083: i├ğerme dosyas─▒ a├ğ─▒lam─▒yor: '../Utils/Logger.hpp': No such file or directory [C:\ShadowStrike\ShadowStrike\ShadowStrike.vcxproj]
  ('/src/Products/PhantomHome/Backup/IncrementalBackup.cpp' kaynak dosyas─▒ derleniyor)
  
C:\ShadowStrike\ShadowStrike\src\Products\PhantomHome\Banking\SecureBrowser.hpp(147,10): error C1083: i├ğerme dosyas─▒ a├ğ─▒lam─▒yor: '../Utils/Logger.hpp': No such file or directory [C:\ShadowStrike\ShadowStrike\ShadowStrike.vcxproj]
  ('/src/Products/PhantomHome/Banking/SecureBrowser.cpp' kaynak dosyas─▒ derleniyor)
  
  ThreatDetector.cpp
  ZeroDayDetector.cpp
\src\Shared_modules\Core\Engine\SignatureDatabase_Manager.cpp(1,1): error C1083: kaynak dosyas─▒ a├ğ─▒lam─▒yor: 'src\Shared_modules\Core\Engine\SignatureDatabase_Manager.cpp': No such file or directory [C:\ShadowStrike\ShadowStrike\ShadowStrike.vcxproj]
  ('/src/Shared_modules/Core/Engine/SignatureDatabase_Manager.cpp' kaynak dosyas─▒ derleniyor)
  
  ArchiveExtractor.cpp
C:\ShadowStrike\ShadowStrike\src\Shared_modules\Core\FileSystem\ArchiveExtractor.cpp(336,25): error C2653: 'Logger': bir s─▒n─▒f veya ad alan─▒ ad─▒ de─şil [C:\ShadowStrike\ShadowStrike\ShadowStrike.vcxproj]
  ('/src/Shared_modules/Core/FileSystem/ArchiveExtractor.cpp' kaynak dosyas─▒ derleniyor)
  
C:\ShadowStrike\ShadowStrike\src\Shared_modules\Core\FileSystem\ArchiveExtractor.cpp(336,33): error C3861: 'Error': tan─▒mlay─▒c─▒ bulunamad─▒ [C:\ShadowStrike\ShadowStrike\ShadowStrike.vcxproj]
  ('/src/Shared_modules/Core/FileSystem/ArchiveExtractor.cpp' kaynak dosyas─▒ derleniyor)
  
C:\ShadowStrike\ShadowStrike\src\Shared_modules\Core\FileSystem\ArchiveExtractor.cpp(342,13): error C2653: 'Logger': bir s─▒n─▒f veya ad alan─▒ ad─▒ de─şil [C:\ShadowStrike\ShadowStrike\ShadowStrike.vcxproj]
  ('/src/Shared_modules/Core/FileSystem/ArchiveExtractor.cpp' kaynak dosyas─▒ derleniyor)
  
C:\ShadowStrike\ShadowStrike\src\Shared_modules\Core\FileSystem\ArchiveExtractor.cpp(342,21): error C3861: 'Info': tan─▒mlay─▒c─▒ bulunamad─▒ [C:\ShadowStrike\ShadowStrike\ShadowStrike.vcxproj]
  ('/src/Shared_modules/Core/FileSystem/ArchiveExtractor.cpp' kaynak dosyas─▒ derleniyor)
  
C:\ShadowStrike\ShadowStrike\src\Shared_modules\Core\FileSystem\ArchiveExtractor.cpp(348,13): error C2653: 'Logger': bir s─▒n─▒f veya ad alan─▒ ad─▒ de─şil [C:\ShadowStrike\ShadowStrike\ShadowStrike.vcxproj]
  ('/src/Shared_modules/Core/FileSystem/ArchiveExtractor.cpp' kaynak dosyas─▒ derleniyor)
  
C:\ShadowStrike\ShadowStrike\src\Shared_modules\Core\FileSystem\ArchiveExtractor.cpp(348,21): error C3861: 'Error': tan─▒mlay─▒c─▒ bulunamad─▒ [C:\ShadowStrike\ShadowStrike\ShadowStrike.vcxproj]
  ('/src/Shared_modules/Core/FileSystem/ArchiveExtractor.cpp' kaynak dosyas─▒ derleniyor)
  
C:\ShadowStrike\ShadowStrike\src\Shared_modules\Core\FileSystem\ArchiveExtractor.cpp(363,13): error C2653: 'Logger': bir s─▒n─▒f veya ad alan─▒ ad─▒ de─şil [C:\ShadowStrike\ShadowStrike\ShadowStrike.vcxproj]
  ('/src/Shared_modules/Core/FileSystem/ArchiveExtractor.cpp' kaynak dosyas─▒ derleniyor)
  
C:\ShadowStrike\ShadowStrike\src\Shared_modules\Core\FileSystem\ArchiveExtractor.cpp(363,21): error C3861: 'Info': tan─▒mlay─▒c─▒ bulunamad─▒ [C:\ShadowStrike\ShadowStrike\ShadowStrike.vcxproj]
  ('/src/Shared_modules/Core/FileSystem/ArchiveExtractor.cpp' kaynak dosyas─▒ derleniyor)
  
C:\ShadowStrike\ShadowStrike\src\Shared_modules\Core\FileSystem\ArchiveExtractor.cpp(378,24): error C2653: 'StringUtils': bir s─▒n─▒f veya ad alan─▒ ad─▒ de─şil [C:\ShadowStrike\ShadowStrike\ShadowStrike.vcxproj]
  ('/src/Shared_modules/Core/FileSystem/ArchiveExtractor.cpp' kaynak dosyas─▒ derleniyor)
  
C:\ShadowStrike\ShadowStrike\src\Shared_modules\Core\FileSystem\ArchiveExtractor.cpp(378,37): error C3861: 'ToLower': tan─▒mlay─▒c─▒ bulunamad─▒ [C:\ShadowStrike\ShadowStrike\ShadowStrike.vcxproj]
  ('/src/Shared_modules/Core/FileSystem/ArchiveExtractor.cpp' kaynak dosyas─▒ derleniyor)
  
C:\ShadowStrike\ShadowStrike\src\Shared_modules\Core\FileSystem\ArchiveExtractor.cpp(405,29): error C2653: 'StringUtils': bir s─▒n─▒f veya ad alan─▒ ad─▒ de─şil [C:\ShadowStrike\ShadowStrike\ShadowStrike.vcxproj]
  ('/src/Shared_modules/Core/FileSystem/ArchiveExtractor.cpp' kaynak dosyas─▒ derleniyor)
  
C:\ShadowStrike\ShadowStrike\src\Shared_modules\Core\FileSystem\ArchiveExtractor.cpp(405,42): error C3861: 'ToLower': tan─▒mlay─▒c─▒ bulunamad─▒ [C:\ShadowStrike\ShadowStrike\ShadowStrike.vcxproj]
  ('/src/Shared_modules/Core/FileSystem/ArchiveExtractor.cpp' kaynak dosyas─▒ derleniyor)
  
C:\ShadowStrike\ShadowStrike\src\Shared_modules\Core\FileSystem\ArchiveExtractor.cpp(436,13): error C2653: 'Logger': bir s─▒n─▒f veya ad alan─▒ ad─▒ de─şil [C:\ShadowStrike\ShadowStrike\ShadowStrike.vcxproj]
  ('/src/Shared_modules/Core/FileSystem/ArchiveExtractor.cpp' kaynak dosyas─▒ derleniyor)
  
C:\ShadowStrike\ShadowStrike\src\Shared_modules\Core\FileSystem\ArchiveExtractor.cpp(436,21): error C3861: 'Error': tan─▒mlay─▒c─▒ bulunamad─▒ [C:\ShadowStrike\ShadowStrike\ShadowStrike.vcxproj]
  ('/src/Shared_modules/Core/FileSystem/ArchiveExtractor.cpp' kaynak dosyas─▒ derleniyor)
  
C:\ShadowStrike\ShadowStrike\src\Shared_modules\Core\FileSystem\ArchiveExtractor.cpp(464,13): error C2653: 'Logger': bir s─▒n─▒f veya ad alan─▒ ad─▒ de─şil [C:\ShadowStrike\ShadowStrike\ShadowStrike.vcxproj]
  ('/src/Shared_modules/Core/FileSystem/ArchiveExtractor.cpp' kaynak dosyas─▒ derleniyor)
  
C:\ShadowStrike\ShadowStrike\src\Shared_modules\Core\FileSystem\ArchiveExtractor.cpp(464,21): error C3861: 'Error': tan─▒mlay─▒c─▒ bulunamad─▒ [C:\ShadowStrike\ShadowStrike\ShadowStrike.vcxproj]
  ('/src/Shared_modules/Core/FileSystem/ArchiveExtractor.cpp' kaynak dosyas─▒ derleniyor)
  
C:\ShadowStrike\ShadowStrike\src\Shared_modules\Core\FileSystem\ArchiveExtractor.cpp(505,33): error C2039: 'cacheHits': bir 'ShadowStrike::Core::FileSystem::ArchiveExtractorStatistics' ├╝yesi de─şil [C:\ShadowStrike\ShadowStrike\ShadowStrike.vcxproj]
  ('/src/Shared_modules/Core/FileSystem/ArchiveExtractor.cpp' kaynak dosyas─▒ derleniyor)
      C:\ShadowStrike\ShadowStrike\src\Shared_modules\Core\FileSystem\ArchiveExtractor.hpp(528,21):
      'ShadowStrike::Core::FileSystem::ArchiveExtractorStatistics' bildirimine bak─▒n
  
C:\ShadowStrike\ShadowStrike\src\Shared_modules\Core\FileSystem\ArchiveExtractor.cpp(509,25): error C2039: 'cacheMisses': bir 'ShadowStrike::Core::FileSystem::ArchiveExtractorStatistics' ├╝yesi de─şil [C:\ShadowStrike\ShadowStrike\ShadowStrike.vcxproj]
  ('/src/Shared_modules/Core/FileSystem/ArchiveExtractor.cpp' kaynak dosyas─▒ derleniyor)
      C:\ShadowStrike\ShadowStrike\src\Shared_modules\Core\FileSystem\ArchiveExtractor.hpp(528,21):
      'ShadowStrike::Core::FileSystem::ArchiveExtractorStatistics' bildirimine bak─▒n
  
C:\ShadowStrike\ShadowStrike\src\Shared_modules\Core\FileSystem\ArchiveExtractor.cpp(520,17): error C2653: 'Logger': bir s─▒n─▒f veya ad alan─▒ ad─▒ de─şil [C:\ShadowStrike\ShadowStrike\ShadowStrike.vcxproj]
  ('/src/Shared_modules/Core/FileSystem/ArchiveExtractor.cpp' kaynak dosyas─▒ derleniyor)
  
C:\ShadowStrike\ShadowStrike\src\Shared_modules\Core\FileSystem\ArchiveExtractor.cpp(520,25): error C3861: 'Error': tan─▒mlay─▒c─▒ bulunamad─▒ [C:\ShadowStrike\ShadowStrike\ShadowStrike.vcxproj]
  ('/src/Shared_modules/Core/FileSystem/ArchiveExtractor.cpp' kaynak dosyas─▒ derleniyor)
  
C:\ShadowStrike\ShadowStrike\src\Shared_modules\Core\FileSystem\ArchiveExtractor.cpp(564,13): error C2653: 'Logger': bir s─▒n─▒f veya ad alan─▒ ad─▒ de─şil [C:\ShadowStrike\ShadowStrike\ShadowStrike.vcxproj]
  ('/src/Shared_modules/Core/FileSystem/ArchiveExtractor.cpp' kaynak dosyas─▒ derleniyor)
  
C:\ShadowStrike\ShadowStrike\src\Shared_modules\Core\FileSystem\ArchiveExtractor.cpp(564,21): error C3861: 'Error': tan─▒mlay─▒c─▒ bulunamad─▒ [C:\ShadowStrike\ShadowStrike\ShadowStrike.vcxproj]
  ('/src/Shared_modules/Core/FileSystem/ArchiveExtractor.cpp' kaynak dosyas─▒ derleniyor)
  
C:\ShadowStrike\ShadowStrike\src\Shared_modules\Core\FileSystem\ArchiveExtractor.cpp(578,13): error C2653: 'Logger': bir s─▒n─▒f veya ad alan─▒ ad─▒ de─şil [C:\ShadowStrike\ShadowStrike\ShadowStrike.vcxproj]
  ('/src/Shared_modules/Core/FileSystem/ArchiveExtractor.cpp' kaynak dosyas─▒ derleniyor)
  
C:\ShadowStrike\ShadowStrike\src\Shared_modules\Core\FileSystem\ArchiveExtractor.cpp(579,17): error C2653: 'StringUtils': bir s─▒n─▒f veya ad alan─▒ ad─▒ de─şil [C:\ShadowStrike\ShadowStrike\ShadowStrike.vcxproj]
  ('/src/Shared_modules/Core/FileSystem/ArchiveExtractor.cpp' kaynak dosyas─▒ derleniyor)
  
C:\ShadowStrike\ShadowStrike\src\Shared_modules\Core\FileSystem\ArchiveExtractor.cpp(579,30): error C3861: 'WideToUtf8': tan─▒mlay─▒c─▒ bulunamad─▒ [C:\ShadowStrike\ShadowStrike\ShadowStrike.vcxproj]
  ('/src/Shared_modules/Core/FileSystem/ArchiveExtractor.cpp' kaynak dosyas─▒ derleniyor)
  
C:\ShadowStrike\ShadowStrike\src\Shared_modules\Core\FileSystem\ArchiveExtractor.cpp(578,21): error C3861: 'Info': tan─▒mlay─▒c─▒ bulunamad─▒ [C:\ShadowStrike\ShadowStrike\ShadowStrike.vcxproj]
  ('/src/Shared_modules/Core/FileSystem/ArchiveExtractor.cpp' kaynak dosyas─▒ derleniyor)
  
C:\ShadowStrike\ShadowStrike\src\Shared_modules\Core\FileSystem\ArchiveExtractor.cpp(586,13): error C2653: 'Logger': bir s─▒n─▒f veya ad alan─▒ ad─▒ de─şil [C:\ShadowStrike\ShadowStrike\ShadowStrike.vcxproj]
  ('/src/Shared_modules/Core/FileSystem/ArchiveExtractor.cpp' kaynak dosyas─▒ derleniyor)
  
C:\ShadowStrike\ShadowStrike\src\Shared_modules\Core\FileSystem\ArchiveExtractor.cpp(586,21): error C3861: 'Error': tan─▒mlay─▒c─▒ bulunamad─▒ [C:\ShadowStrike\ShadowStrike\ShadowStrike.vcxproj]
  ('/src/Shared_modules/Core/FileSystem/ArchiveExtractor.cpp' kaynak dosyas─▒ derleniyor)
  
C:\ShadowStrike\ShadowStrike\src\Shared_modules\Core\FileSystem\ArchiveExtractor.cpp(594,13): error C2653: 'Logger': bir s─▒n─▒f veya ad alan─▒ ad─▒ de─şil [C:\ShadowStrike\ShadowStrike\ShadowStrike.vcxproj]
  DirectoryMonitor.cpp
  ('/src/Shared_modules/Core/FileSystem/ArchiveExtractor.cpp' kaynak dosyas─▒ derleniyor)
  
C:\ShadowStrike\ShadowStrike\src\Shared_modules\Core\FileSystem\ArchiveExtractor.cpp(595,17): error C2653: 'StringUtils': bir s─▒n─▒f veya ad alan─▒ ad─▒ de─şil [C:\ShadowStrike\ShadowStrike\ShadowStrike.vcxproj]
  ('/src/Shared_modules/Core/FileSystem/ArchiveExtractor.cpp' kaynak dosyas─▒ derleniyor)
  
C:\ShadowStrike\ShadowStrike\src\Shared_modules\Core\FileSystem\ArchiveExtractor.cpp(595,30): error C3861: 'WideToUtf8': tan─▒mlay─▒c─▒ bulunamad─▒ [C:\ShadowStrike\ShadowStrike\ShadowStrike.vcxproj]
  ('/src/Shared_modules/Core/FileSystem/ArchiveExtractor.cpp' kaynak dosyas─▒ derleniyor)
  
C:\ShadowStrike\ShadowStrike\src\Shared_modules\Core\FileSystem\ArchiveExtractor.cpp(594,21): error C3861: 'Info': tan─▒mlay─▒c─▒ bulunamad─▒ [C:\ShadowStrike\ShadowStrike\ShadowStrike.vcxproj]
  ('/src/Shared_modules/Core/FileSystem/ArchiveExtractor.cpp' kaynak dosyas─▒ derleniyor)
  
C:\ShadowStrike\ShadowStrike\src\Shared_modules\Core\FileSystem\ArchiveExtractor.cpp(600,13): error C2653: 'Logger': bir s─▒n─▒f veya ad alan─▒ ad─▒ de─şil [C:\ShadowStrike\ShadowStrike\ShadowStrike.vcxproj]
  ('/src/Shared_modules/Core/FileSystem/ArchiveExtractor.cpp' kaynak dosyas─▒ derleniyor)
  
C:\ShadowStrike\ShadowStrike\src\Shared_modules\Core\FileSystem\ArchiveExtractor.cpp(600,21): error C3861: 'Error': tan─▒mlay─▒c─▒ bulunamad─▒ [C:\ShadowStrike\ShadowStrike\ShadowStrike.vcxproj]
  ('/src/Shared_modules/Core/FileSystem/ArchiveExtractor.cpp' kaynak dosyas─▒ derleniyor)
  
C:\ShadowStrike\ShadowStrike\src\Shared_modules\Core\FileSystem\ArchiveExtractor.cpp(624,21): error C2653: 'Logger': bir s─▒n─▒f veya ad alan─▒ ad─▒ de─şil [C:\ShadowStrike\ShadowStrike\ShadowStrike.vcxproj]
  ('/src/Shared_modules/Core/FileSystem/ArchiveExtractor.cpp' kaynak dosyas─▒ derleniyor)
  
C:\ShadowStrike\ShadowStrike\src\Shared_modules\Core\FileSystem\ArchiveExtractor.cpp(625,25): error C2653: 'StringUtils': bir s─▒n─▒f veya ad alan─▒ ad─▒ de─şil [C:\ShadowStrike\ShadowStrike\ShadowStrike.vcxproj]
  ('/src/Shared_modules/Core/FileSystem/ArchiveExtractor.cpp' kaynak dosyas─▒ derleniyor)
  
C:\ShadowStrike\ShadowStrike\src\Shared_modules\Core\FileSystem\ArchiveExtractor.cpp(625,38): error C3861: 'WideToUtf8': tan─▒mlay─▒c─▒ bulunamad─▒ [C:\ShadowStrike\ShadowStrike\ShadowStrike.vcxproj]
  ('/src/Shared_modules/Core/FileSystem/ArchiveExtractor.cpp' kaynak dosyas─▒ derleniyor)
  
C:\ShadowStrike\ShadowStrike\src\Shared_modules\Core\FileSystem\ArchiveExtractor.cpp(624,29): error C3861: 'Warn': tan─▒mlay─▒c─▒ bulunamad─▒ [C:\ShadowStrike\ShadowStrike\ShadowStrike.vcxproj]
  ('/src/Shared_modules/Core/FileSystem/ArchiveExtractor.cpp' kaynak dosyas─▒ derleniyor)
  
C:\ShadowStrike\ShadowStrike\src\Shared_modules\Core\FileSystem\ArchiveExtractor.cpp(642,25): error C2653: 'Logger': bir s─▒n─▒f veya ad alan─▒ ad─▒ de─şil [C:\ShadowStrike\ShadowStrike\ShadowStrike.vcxproj]
  ('/src/Shared_modules/Core/FileSystem/ArchiveExtractor.cpp' kaynak dosyas─▒ derleniyor)
  
C:\ShadowStrike\ShadowStrike\src\Shared_modules\Core\FileSystem\ArchiveExtractor.cpp(642,33): error C3861: 'Error': tan─▒mlay─▒c─▒ bulunamad─▒ [C:\ShadowStrike\ShadowStrike\ShadowStrike.vcxproj]
  ('/src/Shared_modules/Core/FileSystem/ArchiveExtractor.cpp' kaynak dosyas─▒ derleniyor)
  
C:\ShadowStrike\ShadowStrike\src\Shared_modules\Core\FileSystem\ArchiveExtractor.cpp(657,13): error C2653: 'Logger': bir s─▒n─▒f veya ad alan─▒ ad─▒ de─şil [C:\ShadowStrike\ShadowStrike\ShadowStrike.vcxproj]
  ('/src/Shared_modules/Core/FileSystem/ArchiveExtractor.cpp' kaynak dosyas─▒ derleniyor)
  
C:\ShadowStrike\ShadowStrike\src\Shared_modules\Core\FileSystem\ArchiveExtractor.cpp(657,21): error C3861: 'Error': tan─▒mlay─▒c─▒ bulunamad─▒ [C:\ShadowStrike\ShadowStrike\ShadowStrike.vcxproj]
  ('/src/Shared_modules/Core/FileSystem/ArchiveExtractor.cpp' kaynak dosyas─▒ derleniyor)
  
C:\ShadowStrike\ShadowStrike\src\Shared_modules\Core\FileSystem\ArchiveExtractor.cpp(678,13): error C2653: 'Logger': bir s─▒n─▒f veya ad alan─▒ ad─▒ de─şil [C:\ShadowStrike\ShadowStrike\ShadowStrike.vcxproj]
  ('/src/Shared_modules/Core/FileSystem/ArchiveExtractor.cpp' kaynak dosyas─▒ derleniyor)
  
C:\ShadowStrike\ShadowStrike\src\Shared_modules\Core\FileSystem\ArchiveExtractor.cpp(679,17): error C2653: 'StringUtils': bir s─▒n─▒f veya ad alan─▒ ad─▒ de─şil [C:\ShadowStrike\ShadowStrike\ShadowStrike.vcxproj]
  ('/src/Shared_modules/Core/FileSystem/ArchiveExtractor.cpp' kaynak dosyas─▒ derleniyor)
  
C:\ShadowStrike\ShadowStrike\src\Shared_modules\Core\FileSystem\ArchiveExtractor.cpp(679,30): error C3861: 'WideToUtf8': tan─▒mlay─▒c─▒ bulunamad─▒ [C:\ShadowStrike\ShadowStrike\ShadowStrike.vcxproj]
  ('/src/Shared_modules/Core/FileSystem/ArchiveExtractor.cpp' kaynak dosyas─▒ derleniyor)
  
C:\ShadowStrike\ShadowStrike\src\Shared_modules\Core\FileSystem\ArchiveExtractor.cpp(680,17): error C2653: 'StringUtils': bir s─▒n─▒f veya ad alan─▒ ad─▒ de─şil [C:\ShadowStrike\ShadowStrike\ShadowStrike.vcxproj]
  ('/src/Shared_modules/Core/FileSystem/ArchiveExtractor.cpp' kaynak dosyas─▒ derleniyor)
  
  DocumentScanner.cpp
C:\ShadowStrike\ShadowStrike\src\Shared_modules\Core\FileSystem\ArchiveExtractor.cpp(680,30): error C3861: 'WideToUtf8': tan─▒mlay─▒c─▒ bulunamad─▒ [C:\ShadowStrike\ShadowStrike\ShadowStrike.vcxproj]
  ('/src/Shared_modules/Core/FileSystem/ArchiveExtractor.cpp' kaynak dosyas─▒ derleniyor)
  
C:\ShadowStrike\ShadowStrike\src\Shared_modules\Core\FileSystem\ArchiveExtractor.cpp(678,21): error C3861: 'Info': tan─▒mlay─▒c─▒ bulunamad─▒ [C:\ShadowStrike\ShadowStrike\ShadowStrike.vcxproj]
  ('/src/Shared_modules/Core/FileSystem/ArchiveExtractor.cpp' kaynak dosyas─▒ derleniyor)
  
C:\ShadowStrike\ShadowStrike\src\Shared_modules\Core\FileSystem\ArchiveExtractor.cpp(713,13): error C2653: 'Logger': bir s─▒n─▒f veya ad alan─▒ ad─▒ de─şil [C:\ShadowStrike\ShadowStrike\ShadowStrike.vcxproj]
  ('/src/Shared_modules/Core/FileSystem/ArchiveExtractor.cpp' kaynak dosyas─▒ derleniyor)
  
C:\ShadowStrike\ShadowStrike\src\Shared_modules\Core\FileSystem\ArchiveExtractor.cpp(713,21): error C3861: 'Error': tan─▒mlay─▒c─▒ bulunamad─▒ [C:\ShadowStrike\ShadowStrike\ShadowStrike.vcxproj]
  ('/src/Shared_modules/Core/FileSystem/ArchiveExtractor.cpp' kaynak dosyas─▒ derleniyor)
  
C:\ShadowStrike\ShadowStrike\src\Shared_modules\Core\FileSystem\ArchiveExtractor.cpp(734,13): error C2653: 'Logger': bir s─▒n─▒f veya ad alan─▒ ad─▒ de─şil [C:\ShadowStrike\ShadowStrike\ShadowStrike.vcxproj]
  ('/src/Shared_modules/Core/FileSystem/ArchiveExtractor.cpp' kaynak dosyas─▒ derleniyor)
  
C:\ShadowStrike\ShadowStrike\src\Shared_modules\Core\FileSystem\ArchiveExtractor.cpp(735,17): error C2653: 'StringUtils': bir s─▒n─▒f veya ad alan─▒ ad─▒ de─şil [C:\ShadowStrike\ShadowStrike\ShadowStrike.vcxproj]
  ('/src/Shared_modules/Core/FileSystem/ArchiveExtractor.cpp' kaynak dosyas─▒ derleniyor)
  
C:\ShadowStrike\ShadowStrike\src\Shared_modules\Core\FileSystem\ArchiveExtractor.cpp(735,30): error C3861: 'WideToUtf8': tan─▒mlay─▒c─▒ bulunamad─▒ [C:\ShadowStrike\ShadowStrike\ShadowStrike.vcxproj]
  ('/src/Shared_modules/Core/FileSystem/ArchiveExtractor.cpp' kaynak dosyas─▒ derleniyor)
  
C:\ShadowStrike\ShadowStrike\src\Shared_modules\Core\FileSystem\ArchiveExtractor.cpp(736,17): error C2653: 'StringUtils': bir s─▒n─▒f veya ad alan─▒ ad─▒ de─şil [C:\ShadowStrike\ShadowStrike\ShadowStrike.vcxproj]
  ('/src/Shared_modules/Core/FileSystem/ArchiveExtractor.cpp' kaynak dosyas─▒ derleniyor)
  
C:\ShadowStrike\ShadowStrike\src\Shared_modules\Core\FileSystem\ArchiveExtractor.cpp(736,30): error C3861: 'WideToUtf8': tan─▒mlay─▒c─▒ bulunamad─▒ [C:\ShadowStrike\ShadowStrike\ShadowStrike.vcxproj]
  ('/src/Shared_modules/Core/FileSystem/ArchiveExtractor.cpp' kaynak dosyas─▒ derleniyor)
  
C:\ShadowStrike\ShadowStrike\src\Shared_modules\Core\FileSystem\ArchiveExtractor.cpp(734,21): error C3861: 'Info': tan─▒mlay─▒c─▒ bulunamad─▒ [C:\ShadowStrike\ShadowStrike\ShadowStrike.vcxproj]
  ('/src/Shared_modules/Core/FileSystem/ArchiveExtractor.cpp' kaynak dosyas─▒ derleniyor)
  
C:\ShadowStrike\ShadowStrike\src\Shared_modules\Core\FileSystem\ArchiveExtractor.cpp(745,13): error C2653: 'Logger': bir s─▒n─▒f veya ad alan─▒ ad─▒ de─şil [C:\ShadowStrike\ShadowStrike\ShadowStrike.vcxproj]
  ('/src/Shared_modules/Core/FileSystem/ArchiveExtractor.cpp' kaynak dosyas─▒ derleniyor)
  
C:\ShadowStrike\ShadowStrike\src\Shared_modules\Core\FileSystem\ArchiveExtractor.cpp(745,21): error C3861: 'Error': tan─▒mlay─▒c─▒ bulunamad─▒ [C:\ShadowStrike\ShadowStrike\ShadowStrike.vcxproj]
  ('/src/Shared_modules/Core/FileSystem/ArchiveExtractor.cpp' kaynak dosyas─▒ derleniyor)
  
C:\ShadowStrike\ShadowStrike\src\Shared_modules\Core\FileSystem\ArchiveExtractor.cpp(762,13): error C2653: 'Logger': bir s─▒n─▒f veya ad alan─▒ ad─▒ de─şil [C:\ShadowStrike\ShadowStrike\ShadowStrike.vcxproj]
  ('/src/Shared_modules/Core/FileSystem/ArchiveExtractor.cpp' kaynak dosyas─▒ derleniyor)
  
C:\ShadowStrike\ShadowStrike\src\Shared_modules\Core\FileSystem\ArchiveExtractor.cpp(763,17): error C2653: 'StringUtils': bir s─▒n─▒f veya ad alan─▒ ad─▒ de─şil [C:\ShadowStrike\ShadowStrike\ShadowStrike.vcxproj]
  ('/src/Shared_modules/Core/FileSystem/ArchiveExtractor.cpp' kaynak dosyas─▒ derleniyor)
  
C:\ShadowStrike\ShadowStrike\src\Shared_modules\Core\FileSystem\ArchiveExtractor.cpp(763,30): error C3861: 'WideToUtf8': tan─▒mlay─▒c─▒ bulunamad─▒ [C:\ShadowStrike\ShadowStrike\ShadowStrike.vcxproj]
  ('/src/Shared_modules/Core/FileSystem/ArchiveExtractor.cpp' kaynak dosyas─▒ derleniyor)
  
C:\ShadowStrike\ShadowStrike\src\Shared_modules\Core\FileSystem\ArchiveExtractor.cpp(762,21): error C3861: 'Info': tan─▒mlay─▒c─▒ bulunamad─▒ [C:\ShadowStrike\ShadowStrike\ShadowStrike.vcxproj]
  ('/src/Shared_modules/Core/FileSystem/ArchiveExtractor.cpp' kaynak dosyas─▒ derleniyor)
  
C:\ShadowStrike\ShadowStrike\src\Shared_modules\Core\FileSystem\ArchiveExtractor.cpp(783,13): error C2653: 'Logger': bir s─▒n─▒f veya ad alan─▒ ad─▒ de─şil [C:\ShadowStrike\ShadowStrike\ShadowStrike.vcxproj]
  ('/src/Shared_modules/Core/FileSystem/ArchiveExtractor.cpp' kaynak dosyas─▒ derleniyor)
  
C:\ShadowStrike\ShadowStrike\src\Shared_modules\Core\FileSystem\ArchiveExtractor.cpp(783,21): error C3861: 'Error': tan─▒mlay─▒c─▒ bulunamad─▒ [C:\ShadowStrike\ShadowStrike\ShadowStrike.vcxproj]
  ('/src/Shared_modules/Core/FileSystem/ArchiveExtractor.cpp' kaynak dosyas─▒ derleniyor)
  
C:\ShadowStrike\ShadowStrike\src\Shared_modules\Core\FileSystem\ArchiveExtractor.cpp(798,13): error C2653: 'Logger': bir s─▒n─▒f veya ad alan─▒ ad─▒ de─şil [C:\ShadowStrike\ShadowStrike\ShadowStrike.vcxproj]
  ('/src/Shared_modules/Core/FileSystem/ArchiveExtractor.cpp' kaynak dosyas─▒ derleniyor)
  
C:\ShadowStrike\ShadowStrike\src\Shared_modules\Core\FileSystem\ArchiveExtractor.cpp(799,17): error C2653: 'StringUtils': bir s─▒n─▒f veya ad alan─▒ ad─▒ de─şil [C:\ShadowStrike\ShadowStrike\ShadowStrike.vcxproj]
  ('/src/Shared_modules/Core/FileSystem/ArchiveExtractor.cpp' kaynak dosyas─▒ derleniyor)
  
C:\ShadowStrike\ShadowStrike\src\Shared_modules\Core\FileSystem\ArchiveExtractor.cpp(799,30): error C3861: 'WideToUtf8': tan─▒mlay─▒c─▒ bulunamad─▒ [C:\ShadowStrike\ShadowStrike\ShadowStrike.vcxproj]
  ('/src/Shared_modules/Core/FileSystem/ArchiveExtractor.cpp' kaynak dosyas─▒ derleniyor)
  
C:\ShadowStrike\ShadowStrike\src\Shared_modules\Core\FileSystem\ArchiveExtractor.cpp(798,21): error C3861: 'Info': tan─▒mlay─▒c─▒ bulunamad─▒ [C:\ShadowStrike\ShadowStrike\ShadowStrike.vcxproj]
  ('/src/Shared_modules/Core/FileSystem/ArchiveExtractor.cpp' kaynak dosyas─▒ derleniyor)
  
C:\ShadowStrike\ShadowStrike\src\Shared_modules\Core\FileSystem\ArchiveExtractor.cpp(805,13): error C2653: 'Logger': bir s─▒n─▒f veya ad alan─▒ ad─▒ de─şil [C:\ShadowStrike\ShadowStrike\ShadowStrike.vcxproj]
  ('/src/Shared_modules/Core/FileSystem/ArchiveExtractor.cpp' kaynak dosyas─▒ derleniyor)
  
C:\ShadowStrike\ShadowStrike\src\Shared_modules\Core\FileSystem\ArchiveExtractor.cpp(805,21): error C3861: 'Error': tan─▒mlay─▒c─▒ bulunamad─▒ [C:\ShadowStrike\ShadowStrike\ShadowStrike.vcxproj]
  ('/src/Shared_modules/Core/FileSystem/ArchiveExtractor.cpp' kaynak dosyas─▒ derleniyor)
  
C:\ShadowStrike\ShadowStrike\src\Shared_modules\Core\FileSystem\ArchiveExtractor.cpp(845,13): error C2653: 'Logger': bir s─▒n─▒f veya ad alan─▒ ad─▒ de─şil [C:\ShadowStrike\ShadowStrike\ShadowStrike.vcxproj]
  ('/src/Shared_modules/Core/FileSystem/ArchiveExtractor.cpp' kaynak dosyas─▒ derleniyor)
  
C:\ShadowStrike\ShadowStrike\src\Shared_modules\Core\FileSystem\ArchiveExtractor.cpp(845,21): error C3861: 'Error': tan─▒mlay─▒c─▒ bulunamad─▒ [C:\ShadowStrike\ShadowStrike\ShadowStrike.vcxproj]
  ('/src/Shared_modules/Core/FileSystem/ArchiveExtractor.cpp' kaynak dosyas─▒ derleniyor)
  
C:\ShadowStrike\ShadowStrike\src\Shared_modules\Core\FileSystem\ArchiveExtractor.cpp(864,17): error C2653: 'Logger': bir s─▒n─▒f veya ad alan─▒ ad─▒ de─şil [C:\ShadowStrike\ShadowStrike\ShadowStrike.vcxproj]
  ('/src/Shared_modules/Core/FileSystem/ArchiveExtractor.cpp' kaynak dosyas─▒ derleniyor)
  
C:\ShadowStrike\ShadowStrike\src\Shared_modules\Core\FileSystem\ArchiveExtractor.cpp(864,25): error C3861: 'Warn': tan─▒mlay─▒c─▒ bulunamad─▒ [C:\ShadowStrike\ShadowStrike\ShadowStrike.vcxproj]
  ('/src/Shared_modules/Core/FileSystem/ArchiveExtractor.cpp' kaynak dosyas─▒ derleniyor)
  
C:\ShadowStrike\ShadowStrike\src\Shared_modules\Core\FileSystem\ArchiveExtractor.cpp(879,13): error C2653: 'Logger': bir s─▒n─▒f veya ad alan─▒ ad─▒ de─şil [C:\ShadowStrike\ShadowStrike\ShadowStrike.vcxproj]
  ('/src/Shared_modules/Core/FileSystem/ArchiveExtractor.cpp' kaynak dosyas─▒ derleniyor)
  
C:\ShadowStrike\ShadowStrike\src\Shared_modules\Core\FileSystem\ArchiveExtractor.cpp(879,21): error C3861: 'Error': tan─▒mlay─▒c─▒ bulunamad─▒ [C:\ShadowStrike\ShadowStrike\ShadowStrike.vcxproj]
  ('/src/Shared_modules/Core/FileSystem/ArchiveExtractor.cpp' kaynak dosyas─▒ derleniyor)
  
C:\ShadowStrike\ShadowStrike\src\Shared_modules\Core\FileSystem\ArchiveExtractor.cpp(914,13): error C2653: 'Logger': bir s─▒n─▒f veya ad alan─▒ ad─▒ de─şil [C:\ShadowStrike\ShadowStrike\ShadowStrike.vcxproj]
  ('/src/Shared_modules/Core/FileSystem/ArchiveExtractor.cpp' kaynak dosyas─▒ derleniyor)
  
C:\ShadowStrike\ShadowStrike\src\Shared_modules\Core\FileSystem\ArchiveExtractor.cpp(914,21): error C3861: 'Error': tan─▒mlay─▒c─▒ bulunamad─▒ [C:\ShadowStrike\ShadowStrike\ShadowStrike.vcxproj]
  ('/src/Shared_modules/Core/FileSystem/ArchiveExtractor.cpp' kaynak dosyas─▒ derleniyor)
  
C:\ShadowStrike\ShadowStrike\src\Shared_modules\Core\FileSystem\ArchiveExtractor.cpp(931,13): error C2653: 'Logger': bir s─▒n─▒f veya ad alan─▒ ad─▒ de─şil [C:\ShadowStrike\ShadowStrike\ShadowStrike.vcxproj]
  ('/src/Shared_modules/Core/FileSystem/ArchiveExtractor.cpp' kaynak dosyas─▒ derleniyor)
  
C:\ShadowStrike\ShadowStrike\src\Shared_modules\Core\FileSystem\ArchiveExtractor.cpp(932,17): error C2653: 'StringUtils': bir s─▒n─▒f veya ad alan─▒ ad─▒ de─şil [C:\ShadowStrike\ShadowStrike\ShadowStrike.vcxproj]
  ('/src/Shared_modules/Core/FileSystem/ArchiveExtractor.cpp' kaynak dosyas─▒ derleniyor)
  
C:\ShadowStrike\ShadowStrike\src\Shared_modules\Core\FileSystem\ArchiveExtractor.cpp(932,30): error C3861: 'WideToUtf8': tan─▒mlay─▒c─▒ bulunamad─▒ [C:\ShadowStrike\ShadowStrike\ShadowStrike.vcxproj]
  ('/src/Shared_modules/Core/FileSystem/ArchiveExtractor.cpp' kaynak dosyas─▒ derleniyor)
  
C:\ShadowStrike\ShadowStrike\src\Shared_modules\Core\FileSystem\ArchiveExtractor.cpp(931,21): error C3861: 'Info': tan─▒mlay─▒c─▒ bulunamad─▒ [C:\ShadowStrike\ShadowStrike\ShadowStrike.vcxproj]
  ('/src/Shared_modules/Core/FileSystem/ArchiveExtractor.cpp' kaynak dosyas─▒ derleniyor)
  
C:\ShadowStrike\ShadowStrike\src\Shared_modules\Core\FileSystem\ArchiveExtractor.cpp(939,13): error C2653: 'Logger': bir s─▒n─▒f veya ad alan─▒ ad─▒ de─şil [C:\ShadowStrike\ShadowStrike\ShadowStrike.vcxproj]
  ('/src/Shared_modules/Core/FileSystem/ArchiveExtractor.cpp' kaynak dosyas─▒ derleniyor)
  
C:\ShadowStrike\ShadowStrike\src\Shared_modules\Core\FileSystem\ArchiveExtractor.cpp(939,21): error C3861: 'Error': tan─▒mlay─▒c─▒ bulunamad─▒ [C:\ShadowStrike\ShadowStrike\ShadowStrike.vcxproj]
  ('/src/Shared_modules/Core/FileSystem/ArchiveExtractor.cpp' kaynak dosyas─▒ derleniyor)
  
C:\ShadowStrike\ShadowStrike\src\Shared_modules\Core\FileSystem\ArchiveExtractor.cpp(964,9): error C2653: 'Logger': bir s─▒n─▒f veya ad alan─▒ ad─▒ de─şil [C:\ShadowStrike\ShadowStrike\ShadowStrike.vcxproj]
  ('/src/Shared_modules/Core/FileSystem/ArchiveExtractor.cpp' kaynak dosyas─▒ derleniyor)
  
C:\ShadowStrike\ShadowStrike\src\Shared_modules\Core\FileSystem\ArchiveExtractor.cpp(964,17): error C3861: 'Info': tan─▒mlay─▒c─▒ bulunamad─▒ [C:\ShadowStrike\ShadowStrike\ShadowStrike.vcxproj]
  ('/src/Shared_modules/Core/FileSystem/ArchiveExtractor.cpp' kaynak dosyas─▒ derleniyor)
  
C:\ShadowStrike\ShadowStrike\src\Shared_modules\Core\FileSystem\ArchiveExtractor.cpp(1095,5): error C2653: 'Logger': bir s─▒n─▒f veya ad alan─▒ ad─▒ de─şil [C:\ShadowStrike\ShadowStrike\ShadowStrike.vcxproj]
  ('/src/Shared_modules/Core/FileSystem/ArchiveExtractor.cpp' kaynak dosyas─▒ derleniyor)
  
C:\ShadowStrike\ShadowStrike\src\Shared_modules\Core\FileSystem\ArchiveExtractor.cpp(1095,13): error C3861: 'Info': tan─▒mlay─▒c─▒ bulunamad─▒ [C:\ShadowStrike\ShadowStrike\ShadowStrike.vcxproj]
  ('/src/Shared_modules/Core/FileSystem/ArchiveExtractor.cpp' kaynak dosyas─▒ derleniyor)
  
C:\ShadowStrike\ShadowStrike\src\Shared_modules\Core\FileSystem\ArchiveExtractor.cpp(1102,5): error C2653: 'Logger': bir s─▒n─▒f veya ad alan─▒ ad─▒ de─şil [C:\ShadowStrike\ShadowStrike\ShadowStrike.vcxproj]
  ('/src/Shared_modules/Core/FileSystem/ArchiveExtractor.cpp' kaynak dosyas─▒ derleniyor)
  
C:\ShadowStrike\ShadowStrike\src\Shared_modules\Core\FileSystem\ArchiveExtractor.cpp(1102,13): error C3861: 'Info': tan─▒mlay─▒c─▒ bulunamad─▒ [C:\ShadowStrike\ShadowStrike\ShadowStrike.vcxproj]
  ('/src/Shared_modules/Core/FileSystem/ArchiveExtractor.cpp' kaynak dosyas─▒ derleniyor)
  
C:\ShadowStrike\ShadowStrike\src\Products\PhantomHome\Banking\TransactionMonitor.hpp(148,10): error C1083: i├ğerme dosyas─▒ a├ğ─▒lam─▒yor: '../../../Shared_modules/ThreatIntel/ThreatIntelManager.hpp': No such file or directory [C:\ShadowStrike\ShadowStrike\ShadowStrike.vcxproj]
  ('/src/Products/PhantomHome/Banking/TransactionMonitor.cpp' kaynak dosyas─▒ derleniyor)
  
C:\ShadowStrike\ShadowStrike\src\Shared_modules\Core\Engine\QuarantineManager.cpp(150,31): error C2039: 'IsSystemProcess': bir 'ShadowStrike::Utils::ProcessUtils' ├╝yesi de─şil [C:\ShadowStrike\ShadowStrike\ShadowStrike.vcxproj]
  ('/src/Shared_modules/Core/Engine/QuarantineManager.cpp' kaynak dosyas─▒ derleniyor)
      C:\ShadowStrike\ShadowStrike\src\Shared_modules\Utils\ProcessUtils.hpp(51,19):
      'ShadowStrike::Utils::ProcessUtils' bildirimine bak─▒n
  
C:\ShadowStrike\ShadowStrike\src\Shared_modules\Core\Engine\QuarantineManager.cpp(150,31): error C3861: 'IsSystemProcess': tan─▒mlay─▒c─▒ bulunamad─▒ [C:\ShadowStrike\ShadowStrike\ShadowStrike.vcxproj]
  ('/src/Shared_modules/Core/Engine/QuarantineManager.cpp' kaynak dosyas─▒ derleniyor)
  
C:\ShadowStrike\ShadowStrike\src\Shared_modules\Core\Engine\QuarantineManager.cpp(158,30): error C2039: 'GetProcessImagePath': bir 'ShadowStrike::Utils::ProcessUtils' ├╝yesi de─şil [C:\ShadowStrike\ShadowStrike\ShadowStrike.vcxproj]
  ('/src/Shared_modules/Core/Engine/QuarantineManager.cpp' kaynak dosyas─▒ derleniyor)
      C:\ShadowStrike\ShadowStrike\src\Shared_modules\Utils\ProcessUtils.hpp(51,19):
      'ShadowStrike::Utils::ProcessUtils' bildirimine bak─▒n
  
C:\ShadowStrike\ShadowStrike\src\Shared_modules\Core\Engine\QuarantineManager.cpp(184,26): warning C4099: 'ShadowStrike::Core::Engine::QuarantineManager::Impl': t├╝r ad─▒ ba┼şlang─▒├ğta 'struct' kullan─▒yordu ┼şimdi 'class' kullan─▒yor [C:\ShadowStrike\ShadowStrike\ShadowStrike.vcxproj]
  ('/src/Shared_modules/Core/Engine/QuarantineManager.cpp' kaynak dosyas─▒ derleniyor)
      C:\ShadowStrike\ShadowStrike\src\Shared_modules\Core\Engine\QuarantineManager.hpp(1808,12):
      'ShadowStrike::Core::Engine::QuarantineManager::Impl' bildirimine bak─▒n
  
C:\ShadowStrike\ShadowStrike\src\Shared_modules\Core\Engine\QuarantineManager.cpp(273,35): error C2678: ikili '/': 'std::wstring' t├╝r├╝nde bir sol taraf i┼şleneni alan hi├ğbir i┼şle├ğ bulunamad─▒ (veya hi├ğ kabul edilebilir d├Ân├╝┼şt├╝rme yok) [C:\ShadowStrike\ShadowStrike\ShadowStrike.vcxproj]
  ('/src/Shared_modules/Core/Engine/QuarantineManager.cpp' kaynak dosyas─▒ derleniyor)
      C:\Program Files\Microsoft Visual Studio\2022\Community\VC\Tools\MSVC\14.44.35207\include\chrono(1541,62):
      'std::chrono::year_month_weekday_last std::chrono::operator /(const std::chrono::month_weekday_last &,int) noexcept' olabilirdi
          C:\ShadowStrike\ShadowStrike\src\Shared_modules\Core\Engine\QuarantineManager.cpp(273,35):
          'std::chrono::year_month_weekday_last std::chrono::operator /(const std::chrono::month_weekday_last &,int) noexcept' : 1 ba─ş─▒ms─▒z de─şi┼şkeni 'std::wstring' de─şerinden 'const std::chrono::month_weekday_last &' de─şerine d├Ân├╝┼şt├╝r├╝lemez
              C:\ShadowStrike\ShadowStrike\src\Shared_modules\Core\Engine\QuarantineManager.cpp(273,35):
              Nedeni: 'std::wstring' de─şerinden 'const std::chrono::month_weekday_last' de─şerine d├Ân├╝┼şt├╝r├╝lemez
              C:\ShadowStrike\ShadowStrike\src\Shared_modules\Core\Engine\QuarantineManager.cpp(273,35):
              Bu d├Ân├╝┼şt├╝rmeyi ger├ğekle┼ştirecek kullan─▒c─▒ tan─▒ml─▒ d├Ân├╝┼şt├╝rme i┼şleci yok veya i┼şle├ğ ├ğa─şr─▒lam─▒yor
      C:\Program Files\Microsoft Visual Studio\2022\Community\VC\Tools\MSVC\14.44.35207\include\chrono(1537,62):
      veya       'std::chrono::year_month_weekday_last std::chrono::operator /(const std::chrono::month_weekday_last &,const std::chrono::year &) noexcept'
          C:\ShadowStrike\ShadowStrike\src\Shared_modules\Core\Engine\QuarantineManager.cpp(273,35):
          'std::chrono::year_month_weekday_last std::chrono::operator /(const std::chrono::month_weekday_last &,const std::chrono::year &) noexcept' : 1 ba─ş─▒ms─▒z de─şi┼şkeni 'std::wstring' de─şerinden 'const std::chrono::month_weekday_last &' de─şerine d├Ân├╝┼şt├╝r├╝lemez
              C:\ShadowStrike\ShadowStrike\src\Shared_modules\Core\Engine\QuarantineManager.cpp(273,35):
              Nedeni: 'std::wstring' de─şerinden 'const std::chrono::month_weekday_last' de─şerine d├Ân├╝┼şt├╝r├╝lemez
              C:\ShadowStrike\ShadowStrike\src\Shared_modules\Core\Engine\QuarantineManager.cpp(273,35):
              Bu d├Ân├╝┼şt├╝rmeyi ger├ğekle┼ştirecek kullan─▒c─▒ tan─▒ml─▒ d├Ân├╝┼şt├╝rme i┼şleci yok veya i┼şle├ğ ├ğa─şr─▒lam─▒yor
      C:\Program Files\Microsoft Visual Studio\2022\Community\VC\Tools\MSVC\14.44.35207\include\chrono(1533,62):
      veya       'std::chrono::year_month_weekday_last std::chrono::operator /(int,const std::chrono::month_weekday_last &) noexcept'
          C:\ShadowStrike\ShadowStrike\src\Shared_modules\Core\Engine\QuarantineManager.cpp(273,35):
          'std::chrono::year_month_weekday_last std::chrono::operator /(int,const std::chrono::month_weekday_last &) noexcept' : 1 ba─ş─▒ms─▒z de─şi┼şkeni 'std::wstring' de─şerinden 'int' de─şerine d├Ân├╝┼şt├╝r├╝lemez
              C:\ShadowStrike\ShadowStrike\src\Shared_modules\Core\Engine\QuarantineManager.cpp(273,35):
              Bu d├Ân├╝┼şt├╝rmeyi ger├ğekle┼ştirecek kullan─▒c─▒ tan─▒ml─▒ d├Ân├╝┼şt├╝rme i┼şleci yok veya i┼şle├ğ ├ğa─şr─▒lam─▒yor
      C:\Program Files\Microsoft Visual Studio\2022\Community\VC\Tools\MSVC\14.44.35207\include\chrono(1529,62):
      veya       'std::chrono::year_month_weekday_last std::chrono::operator /(const std::chrono::year &,const std::chrono::month_weekday_last &) noexcept'
          C:\ShadowStrike\ShadowStrike\src\Shared_modules\Core\Engine\QuarantineManager.cpp(273,35):
          'std::chrono::year_month_weekday_last std::chrono::operator /(const std::chrono::year &,const std::chrono::month_weekday_last &) noexcept' : 1 ba─ş─▒ms─▒z de─şi┼şkeni 'std::wstring' de─şerinden 'const std::chrono::year &' de─şerine d├Ân├╝┼şt├╝r├╝lemez
              C:\ShadowStrike\ShadowStrike\src\Shared_modules\Core\Engine\QuarantineManager.cpp(273,35):
              Nedeni: 'std::wstring' de─şerinden 'const std::chrono::year' de─şerine d├Ân├╝┼şt├╝r├╝lemez
              C:\ShadowStrike\ShadowStrike\src\Shared_modules\Core\Engine\QuarantineManager.cpp(273,35):
              Bu d├Ân├╝┼şt├╝rmeyi ger├ğekle┼ştirecek kullan─▒c─▒ tan─▒ml─▒ d├Ân├╝┼şt├╝rme i┼şleci yok veya i┼şle├ğ ├ğa─şr─▒lam─▒yor
      C:\Program Files\Microsoft Visual Studio\2022\Community\VC\Tools\MSVC\14.44.35207\include\chrono(1525,62):
      veya       'std::chrono::year_month_weekday_last std::chrono::operator /(const std::chrono::year_month &,const std::chrono::weekday_last &) noexcept'
          C:\ShadowStrike\ShadowStrike\src\Shared_modules\Core\Engine\QuarantineManager.cpp(273,35):
          'std::chrono::year_month_weekday_last std::chrono::operator /(const std::chrono::year_month &,const std::chrono::weekday_last &) noexcept' : 1 ba─ş─▒ms─▒z de─şi┼şkeni 'std::wstring' de─şerinden 'const std::chrono::year_month &' de─şerine d├Ân├╝┼şt├╝r├╝lemez
              C:\ShadowStrike\ShadowStrike\src\Shared_modules\Core\Engine\QuarantineManager.cpp(273,35):
              Nedeni: 'std::wstring' de─şerinden 'const std::chrono::year_month' de─şerine d├Ân├╝┼şt├╝r├╝lemez
              C:\ShadowStrike\ShadowStrike\src\Shared_modules\Core\Engine\QuarantineManager.cpp(273,35):
              Bu d├Ân├╝┼şt├╝rmeyi ger├ğekle┼ştirecek kullan─▒c─▒ tan─▒ml─▒ d├Ân├╝┼şt├╝rme i┼şleci yok veya i┼şle├ğ ├ğa─şr─▒lam─▒yor
      C:\Program Files\Microsoft Visual Studio\2022\Community\VC\Tools\MSVC\14.44.35207\include\chrono(1522,57):
      veya       'std::chrono::year_month_weekday std::chrono::operator /(const std::chrono::month_weekday &,int) noexcept'
          C:\ShadowStrike\ShadowStrike\src\Shared_modules\Core\Engine\QuarantineManager.cpp(273,35):
          'std::chrono::year_month_weekday std::chrono::operator /(const std::chrono::month_weekday &,int) noexcept' : 1 ba─ş─▒ms─▒z de─şi┼şkeni 'std::wstring' de─şerinden 'const std::chrono::month_weekday &' de─şerine d├Ân├╝┼şt├╝r├╝lemez
              C:\ShadowStrike\ShadowStrike\src\Shared_modules\Core\Engine\QuarantineManager.cpp(273,35):
              Nedeni: 'std::wstring' de─şerinden 'const std::chrono::month_weekday' de─şerine d├Ân├╝┼şt├╝r├╝lemez
              C:\ShadowStrike\ShadowStrike\src\Shared_modules\Core\Engine\QuarantineManager.cpp(273,35):
              Bu d├Ân├╝┼şt├╝rmeyi ger├ğekle┼ştirecek kullan─▒c─▒ tan─▒ml─▒ d├Ân├╝┼şt├╝rme i┼şleci yok veya i┼şle├ğ ├ğa─şr─▒lam─▒yor
      C:\Program Files\Microsoft Visual Studio\2022\Community\VC\Tools\MSVC\14.44.35207\include\chrono(1518,57):
      veya       'std::chrono::year_month_weekday std::chrono::operator /(const std::chrono::month_weekday &,const std::chrono::year &) noexcept'
          C:\ShadowStrike\ShadowStrike\src\Shared_modules\Core\Engine\QuarantineManager.cpp(273,35):
          'std::chrono::year_month_weekday std::chrono::operator /(const std::chrono::month_weekday &,const std::chrono::year &) noexcept' : 1 ba─ş─▒ms─▒z de─şi┼şkeni 'std::wstring' de─şerinden 'const std::chrono::month_weekday &' de─şerine d├Ân├╝┼şt├╝r├╝lemez
              C:\ShadowStrike\ShadowStrike\src\Shared_modules\Core\Engine\QuarantineManager.cpp(273,35):
              Nedeni: 'std::wstring' de─şerinden 'const std::chrono::month_weekday' de─şerine d├Ân├╝┼şt├╝r├╝lemez
              C:\ShadowStrike\ShadowStrike\src\Shared_modules\Core\Engine\QuarantineManager.cpp(273,35):
              Bu d├Ân├╝┼şt├╝rmeyi ger├ğekle┼ştirecek kullan─▒c─▒ tan─▒ml─▒ d├Ân├╝┼şt├╝rme i┼şleci yok veya i┼şle├ğ ├ğa─şr─▒lam─▒yor
      C:\Program Files\Microsoft Visual Studio\2022\Community\VC\Tools\MSVC\14.44.35207\include\chrono(1515,57):
      veya       'std::chrono::year_month_weekday std::chrono::operator /(int,const std::chrono::month_weekday &) noexcept'
          C:\ShadowStrike\ShadowStrike\src\Shared_modules\Core\Engine\QuarantineManager.cpp(273,35):
          'std::chrono::year_month_weekday std::chrono::operator /(int,const std::chrono::month_weekday &) noexcept' : 1 ba─ş─▒ms─▒z de─şi┼şkeni 'std::wstring' de─şerinden 'int' de─şerine d├Ân├╝┼şt├╝r├╝lemez
              C:\ShadowStrike\ShadowStrike\src\Shared_modules\Core\Engine\QuarantineManager.cpp(273,35):
              Bu d├Ân├╝┼şt├╝rmeyi ger├ğekle┼ştirecek kullan─▒c─▒ tan─▒ml─▒ d├Ân├╝┼şt├╝rme i┼şleci yok veya i┼şle├ğ ├ğa─şr─▒lam─▒yor
      C:\Program Files\Microsoft Visual Studio\2022\Community\VC\Tools\MSVC\14.44.35207\include\chrono(1511,57):
      veya       'std::chrono::year_month_weekday std::chrono::operator /(const std::chrono::year &,const std::chrono::month_weekday &) noexcept'
          C:\ShadowStrike\ShadowStrike\src\Shared_modules\Core\Engine\QuarantineManager.cpp(273,35):
          'std::chrono::year_month_weekday std::chrono::operator /(const std::chrono::year &,const std::chrono::month_weekday &) noexcept' : 1 ba─ş─▒ms─▒z de─şi┼şkeni 'std::wstring' de─şerinden 'const std::chrono::year &' de─şerine d├Ân├╝┼şt├╝r├╝lemez
              C:\ShadowStrike\ShadowStrike\src\Shared_modules\Core\Engine\QuarantineManager.cpp(273,35):
              Nedeni: 'std::wstring' de─şerinden 'const std::chrono::year' de─şerine d├Ân├╝┼şt├╝r├╝lemez
              C:\ShadowStrike\ShadowStrike\src\Shared_modules\Core\Engine\QuarantineManager.cpp(273,35):
              Bu d├Ân├╝┼şt├╝rmeyi ger├ğekle┼ştirecek kullan─▒c─▒ tan─▒ml─▒ d├Ân├╝┼şt├╝rme i┼şleci yok veya i┼şle├ğ ├ğa─şr─▒lam─▒yor
      C:\Program Files\Microsoft Visual Studio\2022\Community\VC\Tools\MSVC\14.44.35207\include\chrono(1507,57):
      veya       'std::chrono::year_month_weekday std::chrono::operator /(const std::chrono::year_month &,const std::chrono::weekday_indexed &) noexcept'
          C:\ShadowStrike\ShadowStrike\src\Shared_modules\Core\Engine\QuarantineManager.cpp(273,35):
          'std::chrono::year_month_weekday std::chrono::operator /(const std::chrono::year_month &,const std::chrono::weekday_indexed &) noexcept' : 1 ba─ş─▒ms─▒z de─şi┼şkeni 'std::wstring' de─şerinden 'const std::chrono::year_month &' de─şerine d├Ân├╝┼şt├╝r├╝lemez
              C:\ShadowStrike\ShadowStrike\src\Shared_modules\Core\Engine\QuarantineManager.cpp(273,35):
              Nedeni: 'std::wstring' de─şerinden 'const std::chrono::year_month' de─şerine d├Ân├╝┼şt├╝r├╝lemez
              C:\ShadowStrike\ShadowStrike\src\Shared_modules\Core\Engine\QuarantineManager.cpp(273,35):
              Bu d├Ân├╝┼şt├╝rmeyi ger├ğekle┼ştirecek kullan─▒c─▒ tan─▒ml─▒ d├Ân├╝┼şt├╝rme i┼şleci yok veya i┼şle├ğ ├ğa─şr─▒lam─▒yor
      C:\Program Files\Microsoft Visual Studio\2022\Community\VC\Tools\MSVC\14.44.35207\include\chrono(1504,58):
      veya       'std::chrono::year_month_day_last std::chrono::operator /(const std::chrono::month_day_last &,int) noexcept'
          C:\ShadowStrike\ShadowStrike\src\Shared_modules\Core\Engine\QuarantineManager.cpp(273,35):
          'std::chrono::year_month_day_last std::chrono::operator /(const std::chrono::month_day_last &,int) noexcept' : 1 ba─ş─▒ms─▒z de─şi┼şkeni 'std::wstring' de─şerinden 'const std::chrono::month_day_last &' de─şerine d├Ân├╝┼şt├╝r├╝lemez
              C:\ShadowStrike\ShadowStrike\src\Shared_modules\Core\Engine\QuarantineManager.cpp(273,35):
              Nedeni: 'std::wstring' de─şerinden 'const std::chrono::month_day_last' de─şerine d├Ân├╝┼şt├╝r├╝lemez
              C:\ShadowStrike\ShadowStrike\src\Shared_modules\Core\Engine\QuarantineManager.cpp(273,35):
              Bu d├Ân├╝┼şt├╝rmeyi ger├ğekle┼ştirecek kullan─▒c─▒ tan─▒ml─▒ d├Ân├╝┼şt├╝rme i┼şleci yok veya i┼şle├ğ ├ğa─şr─▒lam─▒yor
      C:\Program Files\Microsoft Visual Studio\2022\Community\VC\Tools\MSVC\14.44.35207\include\chrono(1500,58):
      veya       'std::chrono::year_month_day_last std::chrono::operator /(const std::chrono::month_day_last &,const std::chrono::year &) noexcept'
          C:\ShadowStrike\ShadowStrike\src\Shared_modules\Core\Engine\QuarantineManager.cpp(273,35):
          'std::chrono::year_month_day_last std::chrono::operator /(const std::chrono::month_day_last &,const std::chrono::year &) noexcept' : 1 ba─ş─▒ms─▒z de─şi┼şkeni 'std::wstring' de─şerinden 'const std::chrono::month_day_last &' de─şerine d├Ân├╝┼şt├╝r├╝lemez
              C:\ShadowStrike\ShadowStrike\src\Shared_modules\Core\Engine\QuarantineManager.cpp(273,35):
              Nedeni: 'std::wstring' de─şerinden 'const std::chrono::month_day_last' de─şerine d├Ân├╝┼şt├╝r├╝lemez
              C:\ShadowStrike\ShadowStrike\src\Shared_modules\Core\Engine\QuarantineManager.cpp(273,35):
              Bu d├Ân├╝┼şt├╝rmeyi ger├ğekle┼ştirecek kullan─▒c─▒ tan─▒ml─▒ d├Ân├╝┼şt├╝rme i┼şleci yok veya i┼şle├ğ ├ğa─şr─▒lam─▒yor
      C:\Program Files\Microsoft Visual Studio\2022\Community\VC\Tools\MSVC\14.44.35207\include\chrono(1497,58):
      veya       'std::chrono::year_month_day_last std::chrono::operator /(int,const std::chrono::month_day_last &) noexcept'
          C:\ShadowStrike\ShadowStrike\src\Shared_modules\Core\Engine\QuarantineManager.cpp(273,35):
          'std::chrono::year_month_day_last std::chrono::operator /(int,const std::chrono::month_day_last &) noexcept' : 1 ba─ş─▒ms─▒z de─şi┼şkeni 'std::wstring' de─şerinden 'int' de─şerine d├Ân├╝┼şt├╝r├╝lemez
              C:\ShadowStrike\ShadowStrike\src\Shared_modules\Core\Engine\QuarantineManager.cpp(273,35):
              Bu d├Ân├╝┼şt├╝rmeyi ger├ğekle┼ştirecek kullan─▒c─▒ tan─▒ml─▒ d├Ân├╝┼şt├╝rme i┼şleci yok veya i┼şle├ğ ├ğa─şr─▒lam─▒yor
      C:\Program Files\Microsoft Visual Studio\2022\Community\VC\Tools\MSVC\14.44.35207\include\chrono(1493,58):
      veya       'std::chrono::year_month_day_last std::chrono::operator /(const std::chrono::year &,const std::chrono::month_day_last &) noexcept'
          C:\ShadowStrike\ShadowStrike\src\Shared_modules\Core\Engine\QuarantineManager.cpp(273,35):
          'std::chrono::year_month_day_last std::chrono::operator /(const std::chrono::year &,const std::chrono::month_day_last &) noexcept' : 1 ba─ş─▒ms─▒z de─şi┼şkeni 'std::wstring' de─şerinden 'const std::chrono::year &' de─şerine d├Ân├╝┼şt├╝r├╝lemez
              C:\ShadowStrike\ShadowStrike\src\Shared_modules\Core\Engine\QuarantineManager.cpp(273,35):
              Nedeni: 'std::wstring' de─şerinden 'const std::chrono::year' de─şerine d├Ân├╝┼şt├╝r├╝lemez
              C:\ShadowStrike\ShadowStrike\src\Shared_modules\Core\Engine\QuarantineManager.cpp(273,35):
              Bu d├Ân├╝┼şt├╝rmeyi ger├ğekle┼ştirecek kullan─▒c─▒ tan─▒ml─▒ d├Ân├╝┼şt├╝rme i┼şleci yok veya i┼şle├ğ ├ğa─şr─▒lam─▒yor
      C:\Program Files\Microsoft Visual Studio\2022\Community\VC\Tools\MSVC\14.44.35207\include\chrono(1490,58):
      veya       'std::chrono::year_month_day_last std::chrono::operator /(const std::chrono::year_month &,std::chrono::last_spec) noexcept'
          C:\ShadowStrike\ShadowStrike\src\Shared_modules\Core\Engine\QuarantineManager.cpp(273,35):
          'std::chrono::year_month_day_last std::chrono::operator /(const std::chrono::year_month &,std::chrono::last_spec) noexcept' : 1 ba─ş─▒ms─▒z de─şi┼şkeni 'std::wstring' de─şerinden 'const std::chrono::year_month &' de─şerine d├Ân├╝┼şt├╝r├╝lemez
              C:\ShadowStrike\ShadowStrike\src\Shared_modules\Core\Engine\QuarantineManager.cpp(273,35):
              Nedeni: 'std::wstring' de─şerinden 'const std::chrono::year_month' de─şerine d├Ân├╝┼şt├╝r├╝lemez
              C:\ShadowStrike\ShadowStrike\src\Shared_modules\Core\Engine\QuarantineManager.cpp(273,35):
              Bu d├Ân├╝┼şt├╝rmeyi ger├ğekle┼ştirecek kullan─▒c─▒ tan─▒ml─▒ d├Ân├╝┼şt├╝rme i┼şleci yok veya i┼şle├ğ ├ğa─şr─▒lam─▒yor
      C:\Program Files\Microsoft Visual Studio\2022\Community\VC\Tools\MSVC\14.44.35207\include\chrono(1487,53):
      veya       'std::chrono::year_month_day std::chrono::operator /(const std::chrono::month_day &,int) noexcept'
          C:\ShadowStrike\ShadowStrike\src\Shared_modules\Core\Engine\QuarantineManager.cpp(273,35):
          'std::chrono::year_month_day std::chrono::operator /(const std::chrono::month_day &,int) noexcept' : 1 ba─ş─▒ms─▒z de─şi┼şkeni 'std::wstring' de─şerinden 'const std::chrono::month_day &' de─şerine d├Ân├╝┼şt├╝r├╝lemez
              C:\ShadowStrike\ShadowStrike\src\Shared_modules\Core\Engine\QuarantineManager.cpp(273,35):
              Nedeni: 'std::wstring' de─şerinden 'const std::chrono::month_day' de─şerine d├Ân├╝┼şt├╝r├╝lemez
              C:\ShadowStrike\ShadowStrike\src\Shared_modules\Core\Engine\QuarantineManager.cpp(273,35):
              Bu d├Ân├╝┼şt├╝rmeyi ger├ğekle┼ştirecek kullan─▒c─▒ tan─▒ml─▒ d├Ân├╝┼şt├╝rme i┼şleci yok veya i┼şle├ğ ├ğa─şr─▒lam─▒yor
      C:\Program Files\Microsoft Visual Studio\2022\Community\VC\Tools\MSVC\14.44.35207\include\chrono(1484,53):
      veya       'std::chrono::year_month_day std::chrono::operator /(const std::chrono::month_day &,const std::chrono::year &) noexcept'
          C:\ShadowStrike\ShadowStrike\src\Shared_modules\Core\Engine\QuarantineManager.cpp(273,35):
          'std::chrono::year_month_day std::chrono::operator /(const std::chrono::month_day &,const std::chrono::year &) noexcept' : 1 ba─ş─▒ms─▒z de─şi┼şkeni 'std::wstring' de─şerinden 'const std::chrono::month_day &' de─şerine d├Ân├╝┼şt├╝r├╝lemez
              C:\ShadowStrike\ShadowStrike\src\Shared_modules\Core\Engine\QuarantineManager.cpp(273,35):
              Nedeni: 'std::wstring' de─şerinden 'const std::chrono::month_day' de─şerine d├Ân├╝┼şt├╝r├╝lemez
              C:\ShadowStrike\ShadowStrike\src\Shared_modules\Core\Engine\QuarantineManager.cpp(273,35):
              Bu d├Ân├╝┼şt├╝rmeyi ger├ğekle┼ştirecek kullan─▒c─▒ tan─▒ml─▒ d├Ân├╝┼şt├╝rme i┼şleci yok veya i┼şle├ğ ├ğa─şr─▒lam─▒yor
      C:\Program Files\Microsoft Visual Studio\2022\Community\VC\Tools\MSVC\14.44.35207\include\chrono(1481,53):
      veya       'std::chrono::year_month_day std::chrono::operator /(int,const std::chrono::month_day &) noexcept'
          C:\ShadowStrike\ShadowStrike\src\Shared_modules\Core\Engine\QuarantineManager.cpp(273,35):
          'std::chrono::year_month_day std::chrono::operator /(int,const std::chrono::month_day &) noexcept' : 1 ba─ş─▒ms─▒z de─şi┼şkeni 'std::wstring' de─şerinden 'int' de─şerine d├Ân├╝┼şt├╝r├╝lemez
              C:\ShadowStrike\ShadowStrike\src\Shared_modules\Core\Engine\QuarantineManager.cpp(273,35):
              Bu d├Ân├╝┼şt├╝rmeyi ger├ğekle┼ştirecek kullan─▒c─▒ tan─▒ml─▒ d├Ân├╝┼şt├╝rme i┼şleci yok veya i┼şle├ğ ├ğa─şr─▒lam─▒yor
      C:\Program Files\Microsoft Visual Studio\2022\Community\VC\Tools\MSVC\14.44.35207\include\chrono(1478,53):
      veya       'std::chrono::year_month_day std::chrono::operator /(const std::chrono::year &,const std::chrono::month_day &) noexcept'
          C:\ShadowStrike\ShadowStrike\src\Shared_modules\Core\Engine\QuarantineManager.cpp(273,35):
          'std::chrono::year_month_day std::chrono::operator /(const std::chrono::year &,const std::chrono::month_day &) noexcept' : 1 ba─ş─▒ms─▒z de─şi┼şkeni 'std::wstring' de─şerinden 'const std::chrono::year &' de─şerine d├Ân├╝┼şt├╝r├╝lemez
              C:\ShadowStrike\ShadowStrike\src\Shared_modules\Core\Engine\QuarantineManager.cpp(273,35):
              Nedeni: 'std::wstring' de─şerinden 'const std::chrono::year' de─şerine d├Ân├╝┼şt├╝r├╝lemez
              C:\ShadowStrike\ShadowStrike\src\Shared_modules\Core\Engine\QuarantineManager.cpp(273,35):
              Bu d├Ân├╝┼şt├╝rmeyi ger├ğekle┼ştirecek kullan─▒c─▒ tan─▒ml─▒ d├Ân├╝┼şt├╝rme i┼şleci yok veya i┼şle├ğ ├ğa─şr─▒lam─▒yor
      C:\Program Files\Microsoft Visual Studio\2022\Community\VC\Tools\MSVC\14.44.35207\include\chrono(1475,53):
      veya       'std::chrono::year_month_day std::chrono::operator /(const std::chrono::year_month &,int) noexcept'
          C:\ShadowStrike\ShadowStrike\src\Shared_modules\Core\Engine\QuarantineManager.cpp(273,35):
          'std::chrono::year_month_day std::chrono::operator /(const std::chrono::year_month &,int) noexcept' : 1 ba─ş─▒ms─▒z de─şi┼şkeni 'std::wstring' de─şerinden 'const std::chrono::year_month &' de─şerine d├Ân├╝┼şt├╝r├╝lemez
              C:\ShadowStrike\ShadowStrike\src\Shared_modules\Core\Engine\QuarantineManager.cpp(273,35):
              Nedeni: 'std::wstring' de─şerinden 'const std::chrono::year_month' de─şerine d├Ân├╝┼şt├╝r├╝lemez
              C:\ShadowStrike\ShadowStrike\src\Shared_modules\Core\Engine\QuarantineManager.cpp(273,35):
              Bu d├Ân├╝┼şt├╝rmeyi ger├ğekle┼ştirecek kullan─▒c─▒ tan─▒ml─▒ d├Ân├╝┼şt├╝rme i┼şleci yok veya i┼şle├ğ ├ğa─şr─▒lam─▒yor
      C:\Program Files\Microsoft Visual Studio\2022\Community\VC\Tools\MSVC\14.44.35207\include\chrono(1472,53):
      veya       'std::chrono::year_month_day std::chrono::operator /(const std::chrono::year_month &,const std::chrono::day &) noexcept'
          C:\ShadowStrike\ShadowStrike\src\Shared_modules\Core\Engine\QuarantineManager.cpp(273,35):
          'std::chrono::year_month_day std::chrono::operator /(const std::chrono::year_month &,const std::chrono::day &) noexcept' : 1 ba─ş─▒ms─▒z de─şi┼şkeni 'std::wstring' de─şerinden 'const std::chrono::year_month &' de─şerine d├Ân├╝┼şt├╝r├╝lemez
              C:\ShadowStrike\ShadowStrike\src\Shared_modules\Core\Engine\QuarantineManager.cpp(273,35):
              Nedeni: 'std::wstring' de─şerinden 'const std::chrono::year_month' de─şerine d├Ân├╝┼şt├╝r├╝lemez
              C:\ShadowStrike\ShadowStrike\src\Shared_modules\Core\Engine\QuarantineManager.cpp(273,35):
              Bu d├Ân├╝┼şt├╝rmeyi ger├ğekle┼ştirecek kullan─▒c─▒ tan─▒ml─▒ d├Ân├╝┼şt├╝rme i┼şleci yok veya i┼şle├ğ ├ğa─şr─▒lam─▒yor
      C:\Program Files\Microsoft Visual Studio\2022\Community\VC\Tools\MSVC\14.44.35207\include\chrono(1469,57):
      veya       'std::chrono::month_weekday_last std::chrono::operator /(const std::chrono::weekday_last &,int) noexcept'
          C:\ShadowStrike\ShadowStrike\src\Shared_modules\Core\Engine\QuarantineManager.cpp(273,35):
          'std::chrono::month_weekday_last std::chrono::operator /(const std::chrono::weekday_last &,int) noexcept' : 1 ba─ş─▒ms─▒z de─şi┼şkeni 'std::wstring' de─şerinden 'const std::chrono::weekday_last &' de─şerine d├Ân├╝┼şt├╝r├╝lemez
              C:\ShadowStrike\ShadowStrike\src\Shared_modules\Core\Engine\QuarantineManager.cpp(273,35):
              Nedeni: 'std::wstring' de─şerinden 'const std::chrono::weekday_last' de─şerine d├Ân├╝┼şt├╝r├╝lemez
              C:\ShadowStrike\ShadowStrike\src\Shared_modules\Core\Engine\QuarantineManager.cpp(273,35):
              Bu d├Ân├╝┼şt├╝rmeyi ger├ğekle┼ştirecek kullan─▒c─▒ tan─▒ml─▒ d├Ân├╝┼şt├╝rme i┼şleci yok veya i┼şle├ğ ├ğa─şr─▒lam─▒yor
      C:\Program Files\Microsoft Visual Studio\2022\Community\VC\Tools\MSVC\14.44.35207\include\chrono(1465,57):
      veya       'std::chrono::month_weekday_last std::chrono::operator /(const std::chrono::weekday_last &,const std::chrono::month &) noexcept'
          C:\ShadowStrike\ShadowStrike\src\Shared_modules\Core\Engine\QuarantineManager.cpp(273,35):
          'std::chrono::month_weekday_last std::chrono::operator /(const std::chrono::weekday_last &,const std::chrono::month &) noexcept' : 1 ba─ş─▒ms─▒z de─şi┼şkeni 'std::wstring' de─şerinden 'const std::chrono::weekday_last &' de─şerine d├Ân├╝┼şt├╝r├╝lemez
              C:\ShadowStrike\ShadowStrike\src\Shared_modules\Core\Engine\QuarantineManager.cpp(273,35):
              Nedeni: 'std::wstring' de─şerinden 'const std::chrono::weekday_last' de─şerine d├Ân├╝┼şt├╝r├╝lemez
              C:\ShadowStrike\ShadowStrike\src\Shared_modules\Core\Engine\QuarantineManager.cpp(273,35):
              Bu d├Ân├╝┼şt├╝rmeyi ger├ğekle┼ştirecek kullan─▒c─▒ tan─▒ml─▒ d├Ân├╝┼şt├╝rme i┼şleci yok veya i┼şle├ğ ├ğa─şr─▒lam─▒yor
      C:\Program Files\Microsoft Visual Studio\2022\Community\VC\Tools\MSVC\14.44.35207\include\chrono(1462,57):
      veya       'std::chrono::month_weekday_last std::chrono::operator /(int,const std::chrono::weekday_last &) noexcept'
          C:\ShadowStrike\ShadowStrike\src\Shared_modules\Core\Engine\QuarantineManager.cpp(273,35):
          'std::chrono::month_weekday_last std::chrono::operator /(int,const std::chrono::weekday_last &) noexcept' : 1 ba─ş─▒ms─▒z de─şi┼şkeni 'std::wstring' de─şerinden 'int' de─şerine d├Ân├╝┼şt├╝r├╝lemez
              C:\ShadowStrike\ShadowStrike\src\Shared_modules\Core\Engine\QuarantineManager.cpp(273,35):
              Bu d├Ân├╝┼şt├╝rmeyi ger├ğekle┼ştirecek kullan─▒c─▒ tan─▒ml─▒ d├Ân├╝┼şt├╝rme i┼şleci yok veya i┼şle├ğ ├ğa─şr─▒lam─▒yor
      C:\Program Files\Microsoft Visual Studio\2022\Community\VC\Tools\MSVC\14.44.35207\include\chrono(1458,57):
      veya       'std::chrono::month_weekday_last std::chrono::operator /(const std::chrono::month &,const std::chrono::weekday_last &) noexcept'
          C:\ShadowStrike\ShadowStrike\src\Shared_modules\Core\Engine\QuarantineManager.cpp(273,35):
          'std::chrono::month_weekday_last std::chrono::operator /(const std::chrono::month &,const std::chrono::weekday_last &) noexcept' : 1 ba─ş─▒ms─▒z de─şi┼şkeni 'std::wstring' de─şerinden 'const std::chrono::month &' de─şerine d├Ân├╝┼şt├╝r├╝lemez
              C:\ShadowStrike\ShadowStrike\src\Shared_modules\Core\Engine\QuarantineManager.cpp(273,35):
              Nedeni: 'std::wstring' de─şerinden 'const std::chrono::month' de─şerine d├Ân├╝┼şt├╝r├╝lemez
              C:\ShadowStrike\ShadowStrike\src\Shared_modules\Core\Engine\QuarantineManager.cpp(273,35):
              Bu d├Ân├╝┼şt├╝rmeyi ger├ğekle┼ştirecek kullan─▒c─▒ tan─▒ml─▒ d├Ân├╝┼şt├╝rme i┼şleci yok veya i┼şle├ğ ├ğa─şr─▒lam─▒yor
      C:\Program Files\Microsoft Visual Studio\2022\Community\VC\Tools\MSVC\14.44.35207\include\chrono(1455,52):
      veya       'std::chrono::month_weekday std::chrono::operator /(const std::chrono::weekday_indexed &,int) noexcept'
          C:\ShadowStrike\ShadowStrike\src\Shared_modules\Core\Engine\QuarantineManager.cpp(273,35):
          'std::chrono::month_weekday std::chrono::operator /(const std::chrono::weekday_indexed &,int) noexcept' : 1 ba─ş─▒ms─▒z de─şi┼şkeni 'std::wstring' de─şerinden 'const std::chrono::weekday_indexed &' de─şerine d├Ân├╝┼şt├╝r├╝lemez
              C:\ShadowStrike\ShadowStrike\src\Shared_modules\Core\Engine\QuarantineManager.cpp(273,35):
              Nedeni: 'std::wstring' de─şerinden 'const std::chrono::weekday_indexed' de─şerine d├Ân├╝┼şt├╝r├╝lemez
              C:\ShadowStrike\ShadowStrike\src\Shared_modules\Core\Engine\QuarantineManager.cpp(273,35):
              Bu d├Ân├╝┼şt├╝rmeyi ger├ğekle┼ştirecek kullan─▒c─▒ tan─▒ml─▒ d├Ân├╝┼şt├╝rme i┼şleci yok veya i┼şle├ğ ├ğa─şr─▒lam─▒yor
      C:\Program Files\Microsoft Visual Studio\2022\Community\VC\Tools\MSVC\14.44.35207\include\chrono(1451,52):
      veya       'std::chrono::month_weekday std::chrono::operator /(const std::chrono::weekday_indexed &,const std::chrono::month &) noexcept'
          C:\ShadowStrike\ShadowStrike\src\Shared_modules\Core\Engine\QuarantineManager.cpp(273,35):
          'std::chrono::month_weekday std::chrono::operator /(const std::chrono::weekday_indexed &,const std::chrono::month &) noexcept' : 1 ba─ş─▒ms─▒z de─şi┼şkeni 'std::wstring' de─şerinden 'const std::chrono::weekday_indexed &' de─şerine d├Ân├╝┼şt├╝r├╝lemez
              C:\ShadowStrike\ShadowStrike\src\Shared_modules\Core\Engine\QuarantineManager.cpp(273,35):
              Nedeni: 'std::wstring' de─şerinden 'const std::chrono::weekday_indexed' de─şerine d├Ân├╝┼şt├╝r├╝lemez
              C:\ShadowStrike\ShadowStrike\src\Shared_modules\Core\Engine\QuarantineManager.cpp(273,35):
              Bu d├Ân├╝┼şt├╝rmeyi ger├ğekle┼ştirecek kullan─▒c─▒ tan─▒ml─▒ d├Ân├╝┼şt├╝rme i┼şleci yok veya i┼şle├ğ ├ğa─şr─▒lam─▒yor
      C:\Program Files\Microsoft Visual Studio\2022\Community\VC\Tools\MSVC\14.44.35207\include\chrono(1448,52):
      veya       'std::chrono::month_weekday std::chrono::operator /(int,const std::chrono::weekday_indexed &) noexcept'
          C:\ShadowStrike\ShadowStrike\src\Shared_modules\Core\Engine\QuarantineManager.cpp(273,35):
          'std::chrono::month_weekday std::chrono::operator /(int,const std::chrono::weekday_indexed &) noexcept' : 1 ba─ş─▒ms─▒z de─şi┼şkeni 'std::wstring' de─şerinden 'int' de─şerine d├Ân├╝┼şt├╝r├╝lemez
              C:\ShadowStrike\ShadowStrike\src\Shared_modules\Core\Engine\QuarantineManager.cpp(273,35):
              Bu d├Ân├╝┼şt├╝rmeyi ger├ğekle┼ştirecek kullan─▒c─▒ tan─▒ml─▒ d├Ân├╝┼şt├╝rme i┼şleci yok veya i┼şle├ğ ├ğa─şr─▒lam─▒yor
      C:\Program Files\Microsoft Visual Studio\2022\Community\VC\Tools\MSVC\14.44.35207\include\chrono(1444,52):
      veya       'std::chrono::month_weekday std::chrono::operator /(const std::chrono::month &,const std::chrono::weekday_indexed &) noexcept'
          C:\ShadowStrike\ShadowStrike\src\Shared_modules\Core\Engine\QuarantineManager.cpp(273,35):
          'std::chrono::month_weekday std::chrono::operator /(const std::chrono::month &,const std::chrono::weekday_indexed &) noexcept' : 1 ba─ş─▒ms─▒z de─şi┼şkeni 'std::wstring' de─şerinden 'const std::chrono::month &' de─şerine d├Ân├╝┼şt├╝r├╝lemez
              C:\ShadowStrike\ShadowStrike\src\Shared_modules\Core\Engine\QuarantineManager.cpp(273,35):
              Nedeni: 'std::wstring' de─şerinden 'const std::chrono::month' de─şerine d├Ân├╝┼şt├╝r├╝lemez
              C:\ShadowStrike\ShadowStrike\src\Shared_modules\Core\Engine\QuarantineManager.cpp(273,35):
              Bu d├Ân├╝┼şt├╝rmeyi ger├ğekle┼ştirecek kullan─▒c─▒ tan─▒ml─▒ d├Ân├╝┼şt├╝rme i┼şleci yok veya i┼şle├ğ ├ğa─şr─▒lam─▒yor
      C:\Program Files\Microsoft Visual Studio\2022\Community\VC\Tools\MSVC\14.44.35207\include\chrono(1441,53):
      veya       'std::chrono::month_day_last std::chrono::operator /(std::chrono::last_spec,int) noexcept'
          C:\ShadowStrike\ShadowStrike\src\Shared_modules\Core\Engine\QuarantineManager.cpp(273,35):
          'std::chrono::month_day_last std::chrono::operator /(std::chrono::last_spec,int) noexcept' : 1 ba─ş─▒ms─▒z de─şi┼şkeni 'std::wstring' de─şerinden 'std::chrono::last_spec' de─şerine d├Ân├╝┼şt├╝r├╝lemez
              C:\ShadowStrike\ShadowStrike\src\Shared_modules\Core\Engine\QuarantineManager.cpp(273,35):
              Bu d├Ân├╝┼şt├╝rmeyi ger├ğekle┼ştirecek kullan─▒c─▒ tan─▒ml─▒ d├Ân├╝┼şt├╝rme i┼şleci yok veya i┼şle├ğ ├ğa─şr─▒lam─▒yor
      C:\Program Files\Microsoft Visual Studio\2022\Community\VC\Tools\MSVC\14.44.35207\include\chrono(1438,53):
      veya       'std::chrono::month_day_last std::chrono::operator /(std::chrono::last_spec,const std::chrono::month &) noexcept'
          C:\ShadowStrike\ShadowStrike\src\Shared_modules\Core\Engine\QuarantineManager.cpp(273,35):
          'std::chrono::month_day_last std::chrono::operator /(std::chrono::last_spec,const std::chrono::month &) noexcept' : 1 ba─ş─▒ms─▒z de─şi┼şkeni 'std::wstring' de─şerinden 'std::chrono::last_spec' de─şerine d├Ân├╝┼şt├╝r├╝lemez
              C:\ShadowStrike\ShadowStrike\src\Shared_modules\Core\Engine\QuarantineManager.cpp(273,35):
              Bu d├Ân├╝┼şt├╝rmeyi ger├ğekle┼ştirecek kullan─▒c─▒ tan─▒ml─▒ d├Ân├╝┼şt├╝rme i┼şleci yok veya i┼şle├ğ ├ğa─şr─▒lam─▒yor
      C:\Program Files\Microsoft Visual Studio\2022\Community\VC\Tools\MSVC\14.44.35207\include\chrono(1435,53):
      veya       'std::chrono::month_day_last std::chrono::operator /(int,std::chrono::last_spec) noexcept'
          C:\ShadowStrike\ShadowStrike\src\Shared_modules\Core\Engine\QuarantineManager.cpp(273,35):
          'std::chrono::month_day_last std::chrono::operator /(int,std::chrono::last_spec) noexcept' : 1 ba─ş─▒ms─▒z de─şi┼şkeni 'std::wstring' de─şerinden 'int' de─şerine d├Ân├╝┼şt├╝r├╝lemez
              C:\ShadowStrike\ShadowStrike\src\Shared_modules\Core\Engine\QuarantineManager.cpp(273,35):
              Bu d├Ân├╝┼şt├╝rmeyi ger├ğekle┼ştirecek kullan─▒c─▒ tan─▒ml─▒ d├Ân├╝┼şt├╝rme i┼şleci yok veya i┼şle├ğ ├ğa─şr─▒lam─▒yor
      C:\Program Files\Microsoft Visual Studio\2022\Community\VC\Tools\MSVC\14.44.35207\include\chrono(1432,53):
      veya       'std::chrono::month_day_last std::chrono::operator /(const std::chrono::month &,std::chrono::last_spec) noexcept'
          C:\ShadowStrike\ShadowStrike\src\Shared_modules\Core\Engine\QuarantineManager.cpp(273,35):
          'std::chrono::month_day_last std::chrono::operator /(const std::chrono::month &,std::chrono::last_spec) noexcept' : 1 ba─ş─▒ms─▒z de─şi┼şkeni 'std::wstring' de─şerinden 'const std::chrono::month &' de─şerine d├Ân├╝┼şt├╝r├╝lemez
              C:\ShadowStrike\ShadowStrike\src\Shared_modules\Core\Engine\QuarantineManager.cpp(273,35):
              Nedeni: 'std::wstring' de─şerinden 'const std::chrono::month' de─şerine d├Ân├╝┼şt├╝r├╝lemez
              C:\ShadowStrike\ShadowStrike\src\Shared_modules\Core\Engine\QuarantineManager.cpp(273,35):
              Bu d├Ân├╝┼şt├╝rmeyi ger├ğekle┼ştirecek kullan─▒c─▒ tan─▒ml─▒ d├Ân├╝┼şt├╝rme i┼şleci yok veya i┼şle├ğ ├ğa─şr─▒lam─▒yor
      C:\Program Files\Microsoft Visual Studio\2022\Community\VC\Tools\MSVC\14.44.35207\include\chrono(1429,48):
      veya       'std::chrono::month_day std::chrono::operator /(const std::chrono::day &,int) noexcept'
          C:\ShadowStrike\ShadowStrike\src\Shared_modules\Core\Engine\QuarantineManager.cpp(273,35):
          'std::chrono::month_day std::chrono::operator /(const std::chrono::day &,int) noexcept' : 1 ba─ş─▒ms─▒z de─şi┼şkeni 'std::wstring' de─şerinden 'const std::chrono::day &' de─şerine d├Ân├╝┼şt├╝r├╝lemez
              C:\ShadowStrike\ShadowStrike\src\Shared_modules\Core\Engine\QuarantineManager.cpp(273,35):
              Nedeni: 'std::wstring' de─şerinden 'const std::chrono::day' de─şerine d├Ân├╝┼şt├╝r├╝lemez
              C:\ShadowStrike\ShadowStrike\src\Shared_modules\Core\Engine\QuarantineManager.cpp(273,35):
              Bu d├Ân├╝┼şt├╝rmeyi ger├ğekle┼ştirecek kullan─▒c─▒ tan─▒ml─▒ d├Ân├╝┼şt├╝rme i┼şleci yok veya i┼şle├ğ ├ğa─şr─▒lam─▒yor
      C:\Program Files\Microsoft Visual Studio\2022\Community\VC\Tools\MSVC\14.44.35207\include\chrono(1426,48):
      veya       'std::chrono::month_day std::chrono::operator /(const std::chrono::day &,const std::chrono::month &) noexcept'
          C:\ShadowStrike\ShadowStrike\src\Shared_modules\Core\Engine\QuarantineManager.cpp(273,35):
          'std::chrono::month_day std::chrono::operator /(const std::chrono::day &,const std::chrono::month &) noexcept' : 1 ba─ş─▒ms─▒z de─şi┼şkeni 'std::wstring' de─şerinden 'const std::chrono::day &' de─şerine d├Ân├╝┼şt├╝r├╝lemez
              C:\ShadowStrike\ShadowStrike\src\Shared_modules\Core\Engine\QuarantineManager.cpp(273,35):
              Nedeni: 'std::wstring' de─şerinden 'const std::chrono::day' de─şerine d├Ân├╝┼şt├╝r├╝lemez
              C:\ShadowStrike\ShadowStrike\src\Shared_modules\Core\Engine\QuarantineManager.cpp(273,35):
              Bu d├Ân├╝┼şt├╝rmeyi ger├ğekle┼ştirecek kullan─▒c─▒ tan─▒ml─▒ d├Ân├╝┼şt├╝rme i┼şleci yok veya i┼şle├ğ ├ğa─şr─▒lam─▒yor
      C:\Program Files\Microsoft Visual Studio\2022\Community\VC\Tools\MSVC\14.44.35207\include\chrono(1423,48):
      veya       'std::chrono::month_day std::chrono::operator /(int,const std::chrono::day &) noexcept'
          C:\ShadowStrike\ShadowStrike\src\Shared_modules\Core\Engine\QuarantineManager.cpp(273,35):
          'std::chrono::month_day std::chrono::operator /(int,const std::chrono::day &) noexcept' : 1 ba─ş─▒ms─▒z de─şi┼şkeni 'std::wstring' de─şerinden 'int' de─şerine d├Ân├╝┼şt├╝r├╝lemez
              C:\ShadowStrike\ShadowStrike\src\Shared_modules\Core\Engine\QuarantineManager.cpp(273,35):
              Bu d├Ân├╝┼şt├╝rmeyi ger├ğekle┼ştirecek kullan─▒c─▒ tan─▒ml─▒ d├Ân├╝┼şt├╝rme i┼şleci yok veya i┼şle├ğ ├ğa─şr─▒lam─▒yor
      C:\Program Files\Microsoft Visual Studio\2022\Community\VC\Tools\MSVC\14.44.35207\include\chrono(1420,48):
      veya       'std::chrono::month_day std::chrono::operator /(const std::chrono::month &,int) noexcept'
          C:\ShadowStrike\ShadowStrike\src\Shared_modules\Core\Engine\QuarantineManager.cpp(273,35):
          'std::chrono::month_day std::chrono::operator /(const std::chrono::month &,int) noexcept' : 1 ba─ş─▒ms─▒z de─şi┼şkeni 'std::wstring' de─şerinden 'const std::chrono::month &' de─şerine d├Ân├╝┼şt├╝r├╝lemez
              C:\ShadowStrike\ShadowStrike\src\Shared_modules\Core\Engine\QuarantineManager.cpp(273,35):
              Nedeni: 'std::wstring' de─şerinden 'const std::chrono::month' de─şerine d├Ân├╝┼şt├╝r├╝lemez
              C:\ShadowStrike\ShadowStrike\src\Shared_modules\Core\Engine\QuarantineManager.cpp(273,35):
              Bu d├Ân├╝┼şt├╝rmeyi ger├ğekle┼ştirecek kullan─▒c─▒ tan─▒ml─▒ d├Ân├╝┼şt├╝rme i┼şleci yok veya i┼şle├ğ ├ğa─şr─▒lam─▒yor
      C:\Program Files\Microsoft Visual Studio\2022\Community\VC\Tools\MSVC\14.44.35207\include\chrono(1417,48):
      veya       'std::chrono::month_day std::chrono::operator /(const std::chrono::month &,const std::chrono::day &) noexcept'
          C:\ShadowStrike\ShadowStrike\src\Shared_modules\Core\Engine\QuarantineManager.cpp(273,35):
          'std::chrono::month_day std::chrono::operator /(const std::chrono::month &,const std::chrono::day &) noexcept' : 1 ba─ş─▒ms─▒z de─şi┼şkeni 'std::wstring' de─şerinden 'const std::chrono::month &' de─şerine d├Ân├╝┼şt├╝r├╝lemez
              C:\ShadowStrike\ShadowStrike\src\Shared_modules\Core\Engine\QuarantineManager.cpp(273,35):
              Nedeni: 'std::wstring' de─şerinden 'const std::chrono::month' de─şerine d├Ân├╝┼şt├╝r├╝lemez
              C:\ShadowStrike\ShadowStrike\src\Shared_modules\Core\Engine\QuarantineManager.cpp(273,35):
              Bu d├Ân├╝┼şt├╝rmeyi ger├ğekle┼ştirecek kullan─▒c─▒ tan─▒ml─▒ d├Ân├╝┼şt├╝rme i┼şleci yok veya i┼şle├ğ ├ğa─şr─▒lam─▒yor
      C:\Program Files\Microsoft Visual Studio\2022\Community\VC\Tools\MSVC\14.44.35207\include\chrono(1414,49):
      veya       'std::chrono::year_month std::chrono::operator /(const std::chrono::year &,int) noexcept'
          C:\ShadowStrike\ShadowStrike\src\Shared_modules\Core\Engine\QuarantineManager.cpp(273,35):
          'std::chrono::year_month std::chrono::operator /(const std::chrono::year &,int) noexcept' : 1 ba─ş─▒ms─▒z de─şi┼şkeni 'std::wstring' de─şerinden 'const std::chrono::year &' de─şerine d├Ân├╝┼şt├╝r├╝lemez
              C:\ShadowStrike\ShadowStrike\src\Shared_modules\Core\Engine\QuarantineManager.cpp(273,35):
              Nedeni: 'std::wstring' de─şerinden 'const std::chrono::year' de─şerine d├Ân├╝┼şt├╝r├╝lemez
              C:\ShadowStrike\ShadowStrike\src\Shared_modules\Core\Engine\QuarantineManager.cpp(273,35):
              Bu d├Ân├╝┼şt├╝rmeyi ger├ğekle┼ştirecek kullan─▒c─▒ tan─▒ml─▒ d├Ân├╝┼şt├╝rme i┼şleci yok veya i┼şle├ğ ├ğa─şr─▒lam─▒yor
      C:\Program Files\Microsoft Visual Studio\2022\Community\VC\Tools\MSVC\14.44.35207\include\chrono(1411,49):
      veya       'std::chrono::year_month std::chrono::operator /(const std::chrono::year &,const std::chrono::month &) noexcept'
          C:\ShadowStrike\ShadowStrike\src\Shared_modules\Core\Engine\QuarantineManager.cpp(273,35):
          'std::chrono::year_month std::chrono::operator /(const std::chrono::year &,const std::chrono::month &) noexcept' : 1 ba─ş─▒ms─▒z de─şi┼şkeni 'std::wstring' de─şerinden 'const std::chrono::year &' de─şerine d├Ân├╝┼şt├╝r├╝lemez
              C:\ShadowStrike\ShadowStrike\src\Shared_modules\Core\Engine\QuarantineManager.cpp(273,35):
              Nedeni: 'std::wstring' de─şerinden 'const std::chrono::year' de─şerine d├Ân├╝┼şt├╝r├╝lemez
              C:\ShadowStrike\ShadowStrike\src\Shared_modules\Core\Engine\QuarantineManager.cpp(273,35):
              Bu d├Ân├╝┼şt├╝rmeyi ger├ğekle┼ştirecek kullan─▒c─▒ tan─▒ml─▒ d├Ân├╝┼şt├╝rme i┼şleci yok veya i┼şle├ğ ├ğa─şr─▒lam─▒yor
      C:\Program Files\Microsoft Visual Studio\2022\Community\VC\Tools\MSVC\14.44.35207\include\__msvc_chrono.hpp(347,54):
      veya       'common_type<_Ty1,_Uty1>::type std::chrono::operator /(const std::chrono::duration<_Rep,_Period> &,const std::chrono::duration<_Rep2,_Period2> &) noexcept(<expr>)'
          C:\ShadowStrike\ShadowStrike\src\Shared_modules\Core\Engine\QuarantineManager.cpp(273,35):
          'common_type<_Ty1,_Uty1>::type std::chrono::operator /(const std::chrono::duration<_Rep,_Period> &,const std::chrono::duration<_Rep2,_Period2> &) noexcept(<expr>)': ┼şablon ba─ş─▒ms─▒z de─şi┼şkeni ('const std::chrono::duration<_Rep,_Period> &' i├ğin, 'std::wstring' ├Â─şesinden) anla┼ş─▒lamad─▒
      C:\Program Files\Microsoft Visual Studio\2022\Community\VC\Tools\MSVC\14.44.35207\include\__msvc_chrono.hpp(338,105):
      veya       '_Duration_div_mod<common_type<_Ty1,_Uty1>::type,_Period1,_Rep2,std::chrono::_Is_duration_v<_Rep2>>::type std::chrono::operator /(const std::chrono::duration<_Rep,_Period> &,const _Rep2 &) noexcept(<expr>)'
          C:\ShadowStrike\ShadowStrike\src\Shared_modules\Core\Engine\QuarantineManager.cpp(273,35):
          '_Duration_div_mod<common_type<_Ty1,_Uty1>::type,_Period1,_Rep2,std::chrono::_Is_duration_v<_Rep2>>::type std::chrono::operator /(const std::chrono::duration<_Rep,_Period> &,const _Rep2 &) noexcept(<expr>)': ┼şablon ba─ş─▒ms─▒z de─şi┼şkeni ('const std::chrono::duration<_Rep,_Period> &' i├ğin, 'std::wstring' ├Â─şesinden) anla┼ş─▒lamad─▒
      C:\ShadowStrike\ShadowStrike\src\Shared_modules\Core\Engine\QuarantineManager.cpp(273,35):
      '(std::wstring, const wchar_t [14])' ba─ş─▒ms─▒z de─şi┼şken listesi e┼şlenmeye ├ğal─▒┼ş─▒l─▒rken
  
C:\ShadowStrike\ShadowStrike\src\Shared_modules\Core\Engine\QuarantineManager.cpp(275,41): error C3536: 'dbPath': ba┼şlat─▒lmadan ├Ânce kullan─▒lamaz [C:\ShadowStrike\ShadowStrike\ShadowStrike.vcxproj]
  ('/src/Shared_modules/Core/Engine/QuarantineManager.cpp' kaynak dosyas─▒ derleniyor)
  
C:\ShadowStrike\ShadowStrike\src\Shared_modules\Core\Engine\QuarantineManager.cpp(290,29): error C2039: 'GetEntryCount': bir 'ShadowStrike::Database::QuarantineDB' ├╝yesi de─şil [C:\ShadowStrike\ShadowStrike\ShadowStrike.vcxproj]
  ('/src/Shared_modules/Core/Engine/QuarantineManager.cpp' kaynak dosyas─▒ derleniyor)
      C:\ShadowStrike\ShadowStrike\src\Shared_modules\Database\QuarantineDB.hpp(187,15):
      'ShadowStrike::Database::QuarantineDB' bildirimine bak─▒n
  
C:\ShadowStrike\ShadowStrike\src\Shared_modules\Core\Engine\QuarantineManager.cpp(348,45): error C2039: 'GetMachineGuid': bir 'ShadowStrike::Utils::SystemUtils' ├╝yesi de─şil [C:\ShadowStrike\ShadowStrike\ShadowStrike.vcxproj]
  ('/src/Shared_modules/Core/Engine/QuarantineManager.cpp' kaynak dosyas─▒ derleniyor)
      C:\ShadowStrike\ShadowStrike\src\Shared_modules\Utils\SystemUtils.hpp(59,11):
      'ShadowStrike::Utils::SystemUtils' bildirimine bak─▒n
  
C:\ShadowStrike\ShadowStrike\src\Shared_modules\Core\Engine\QuarantineManager.cpp(348,45): error C3861: 'GetMachineGuid': tan─▒mlay─▒c─▒ bulunamad─▒ [C:\ShadowStrike\ShadowStrike\ShadowStrike.vcxproj]
  ('/src/Shared_modules/Core/Engine/QuarantineManager.cpp' kaynak dosyas─▒ derleniyor)
  
C:\ShadowStrike\ShadowStrike\src\Shared_modules\Core\Engine\QuarantineManager.cpp(349,41): error C2039: 'GetCurrentUserSid': bir 'ShadowStrike::Utils::SystemUtils' ├╝yesi de─şil [C:\ShadowStrike\ShadowStrike\ShadowStrike.vcxproj]
  ('/src/Shared_modules/Core/Engine/QuarantineManager.cpp' kaynak dosyas─▒ derleniyor)
      C:\ShadowStrike\ShadowStrike\src\Shared_modules\Utils\SystemUtils.hpp(59,11):
      'ShadowStrike::Utils::SystemUtils' bildirimine bak─▒n
  
C:\ShadowStrike\ShadowStrike\src\Shared_modules\Core\Engine\QuarantineManager.cpp(349,41): error C3861: 'GetCurrentUserSid': tan─▒mlay─▒c─▒ bulunamad─▒ [C:\ShadowStrike\ShadowStrike\ShadowStrike.vcxproj]
  ('/src/Shared_modules/Core/Engine/QuarantineManager.cpp' kaynak dosyas─▒ derleniyor)
  
C:\ShadowStrike\ShadowStrike\src\Shared_modules\Core\Engine\QuarantineManager.cpp(357,26): error C2039: 'DeriveKey': bir 'ShadowStrike::Utils::CryptoUtils' ├╝yesi de─şil [C:\ShadowStrike\ShadowStrike\ShadowStrike.vcxproj]
  ('/src/Shared_modules/Core/Engine/QuarantineManager.cpp' kaynak dosyas─▒ derleniyor)
      C:\ShadowStrike\ShadowStrike\src\Shared_modules\Utils\CryptoUtils.hpp(85,19):
      'ShadowStrike::Utils::CryptoUtils' bildirimine bak─▒n
  
C:\ShadowStrike\ShadowStrike\src\Shared_modules\Core\Engine\QuarantineManager.cpp(357,26): error C3861: 'DeriveKey': tan─▒mlay─▒c─▒ bulunamad─▒ [C:\ShadowStrike\ShadowStrike\ShadowStrike.vcxproj]
  ('/src/Shared_modules/Core/Engine/QuarantineManager.cpp' kaynak dosyas─▒ derleniyor)
  
C:\ShadowStrike\ShadowStrike\src\Shared_modules\Core\Engine\QuarantineManager.cpp(418,46): error C2039: 'GetFileOwnerSid': bir 'ShadowStrike::Utils::SystemUtils' ├╝yesi de─şil [C:\ShadowStrike\ShadowStrike\ShadowStrike.vcxproj]
  ('/src/Shared_modules/Core/Engine/QuarantineManager.cpp' kaynak dosyas─▒ derleniyor)
      C:\ShadowStrike\ShadowStrike\src\Shared_modules\Utils\SystemUtils.hpp(59,11):
      'ShadowStrike::Utils::SystemUtils' bildirimine bak─▒n
  
C:\ShadowStrike\ShadowStrike\src\Shared_modules\Core\Engine\QuarantineManager.cpp(418,46): error C3861: 'GetFileOwnerSid': tan─▒mlay─▒c─▒ bulunamad─▒ [C:\ShadowStrike\ShadowStrike\ShadowStrike.vcxproj]
  ('/src/Shared_modules/Core/Engine/QuarantineManager.cpp' kaynak dosyas─▒ derleniyor)
  
C:\ShadowStrike\ShadowStrike\src\Shared_modules\Core\Engine\QuarantineManager.cpp(418,21): error C2593: 'operator =' belirsiz [C:\ShadowStrike\ShadowStrike\ShadowStrike.vcxproj]
  ('/src/Shared_modules/Core/Engine/QuarantineManager.cpp' kaynak dosyas─▒ derleniyor)
      C:\Program Files\Microsoft Visual Studio\2022\Community\VC\Tools\MSVC\14.44.35207\include\xstring(1453,32):
      'std::basic_string<wchar_t,std::char_traits<wchar_t>,std::allocator<wchar_t>> &std::basic_string<wchar_t,std::char_traits<wchar_t>,std::allocator<wchar_t>>::operator =(const _Elem)' olabilirdi
          with
          [
              _Elem=wchar_t
          ]
      C:\Program Files\Microsoft Visual Studio\2022\Community\VC\Tools\MSVC\14.44.35207\include\xstring(1450,19):
      veya       'std::basic_string<wchar_t,std::char_traits<wchar_t>,std::allocator<wchar_t>> &std::basic_string<wchar_t,std::char_traits<wchar_t>,std::allocator<wchar_t>>::operator =(std::nullptr_t)'
      C:\Program Files\Microsoft Visual Studio\2022\Community\VC\Tools\MSVC\14.44.35207\include\xstring(1445,32):
      veya       'std::basic_string<wchar_t,std::char_traits<wchar_t>,std::allocator<wchar_t>> &std::basic_string<wchar_t,std::char_traits<wchar_t>,std::allocator<wchar_t>>::operator =(const _Elem *const )'
          with
          [
              _Elem=wchar_t
          ]
      C:\Program Files\Microsoft Visual Studio\2022\Community\VC\Tools\MSVC\14.44.35207\include\xstring(1394,32):
      veya       'std::basic_string<wchar_t,std::char_traits<wchar_t>,std::allocator<wchar_t>> &std::basic_string<wchar_t,std::char_traits<wchar_t>,std::allocator<wchar_t>>::operator =(const std::basic_string<wchar_t,std::char_traits<wchar_t>,std::allocator<wchar_t>> &)'
      C:\Program Files\Microsoft Visual Studio\2022\Community\VC\Tools\MSVC\14.44.35207\include\xstring(1345,32):
      veya       'std::basic_string<wchar_t,std::char_traits<wchar_t>,std::allocator<wchar_t>> &std::basic_string<wchar_t,std::char_traits<wchar_t>,std::allocator<wchar_t>>::operator =(std::initializer_list<_Elem>)'
          with
          [
              _Elem=wchar_t
          ]
      C:\Program Files\Microsoft Visual Studio\2022\Community\VC\Tools\MSVC\14.44.35207\include\xstring(1224,32):
      veya       'std::basic_string<wchar_t,std::char_traits<wchar_t>,std::allocator<wchar_t>> &std::basic_string<wchar_t,std::char_traits<wchar_t>,std::allocator<wchar_t>>::operator =(std::basic_string<wchar_t,std::char_traits<wchar_t>,std::allocator<wchar_t>> &&) noexcept'
      C:\ShadowStrike\ShadowStrike\src\Shared_modules\Core\Engine\QuarantineManager.cpp(418,21):
      '(std::wstring, <error type>)' ba─ş─▒ms─▒z de─şi┼şken listesi e┼şlenmeye ├ğal─▒┼ş─▒l─▒rken
  
C:\Program Files\Microsoft Visual Studio\2022\Community\VC\Tools\MSVC\14.44.35207\include\random(2345,5): error C2338: static_assert failed: 'invalid template argument for uniform_int_distribution: N4950 [rand.req.genl]/1.5 requires one of short, int, long, long long, unsigned short, unsigned int, unsigned long, or unsigned long long' [C:\ShadowStrike\ShadowStrike\ShadowStrike.vcxproj]
  ('/src/Shared_modules/Core/Engine/QuarantineManager.cpp' kaynak dosyas─▒ derleniyor)
      C:\Program Files\Microsoft Visual Studio\2022\Community\VC\Tools\MSVC\14.44.35207\include\random(2345,5):
      ┼şablon ├Ârne─şi olu┼şturma ba─şlam─▒ (├Ânce en eski olan)
          C:\ShadowStrike\ShadowStrike\src\Shared_modules\Core\Engine\QuarantineManager.cpp(481,52):
          derlenen s─▒n─▒f ┼şablon ├Ârne─şi olu┼şturma 'std::uniform_int_distribution<uint8_t>' ba┼şvurusuna bak─▒n
  
C:\Program Files\Microsoft Visual Studio\2022\Community\VC\Tools\MSVC\14.44.35207\include\random(2345,5): error C2338: static_assert failed: 'note: char, signed char, unsigned char, char8_t, int8_t, and uint8_t are not allowed' [C:\ShadowStrike\ShadowStrike\ShadowStrike.vcxproj]
  ('/src/Shared_modules/Core/Engine/QuarantineManager.cpp' kaynak dosyas─▒ derleniyor)
  
C:\ShadowStrike\ShadowStrike\src\Shared_modules\Core\Engine\QuarantineManager.cpp(491,41): error C2039: 'EncryptAES256GCM': bir 'ShadowStrike::Utils::CryptoUtils' ├╝yesi de─şil [C:\ShadowStrike\ShadowStrike\ShadowStrike.vcxproj]
  ('/src/Shared_modules/Core/Engine/QuarantineManager.cpp' kaynak dosyas─▒ derleniyor)
      C:\ShadowStrike\ShadowStrike\src\Shared_modules\Utils\CryptoUtils.hpp(85,19):
      'ShadowStrike::Utils::CryptoUtils' bildirimine bak─▒n
  
C:\ShadowStrike\ShadowStrike\src\Shared_modules\Core\Engine\QuarantineManager.cpp(491,41): error C3861: 'EncryptAES256GCM': tan─▒mlay─▒c─▒ bulunamad─▒ [C:\ShadowStrike\ShadowStrike\ShadowStrike.vcxproj]
  ('/src/Shared_modules/Core/Engine/QuarantineManager.cpp' kaynak dosyas─▒ derleniyor)
  
C:\ShadowStrike\ShadowStrike\src\Shared_modules\Core\Engine\QuarantineManager.cpp(536,41): error C2039: 'DecryptAES256GCM': bir 'ShadowStrike::Utils::CryptoUtils' ├╝yesi de─şil [C:\ShadowStrike\ShadowStrike\ShadowStrike.vcxproj]
  ('/src/Shared_modules/Core/Engine/QuarantineManager.cpp' kaynak dosyas─▒ derleniyor)
      C:\ShadowStrike\ShadowStrike\src\Shared_modules\Utils\CryptoUtils.hpp(85,19):
      'ShadowStrike::Utils::CryptoUtils' bildirimine bak─▒n
  
C:\ShadowStrike\ShadowStrike\src\Shared_modules\Core\Engine\QuarantineManager.cpp(536,41): error C3861: 'DecryptAES256GCM': tan─▒mlay─▒c─▒ bulunamad─▒ [C:\ShadowStrike\ShadowStrike\ShadowStrike.vcxproj]
  ('/src/Shared_modules/Core/Engine/QuarantineManager.cpp' kaynak dosyas─▒ derleniyor)
  
C:\ShadowStrike\ShadowStrike\src\Shared_modules\Core\Engine\QuarantineManager.cpp(598,62): error C2039: 'IsSystemProcess': bir 'ShadowStrike::Utils::ProcessUtils' ├╝yesi de─şil [C:\ShadowStrike\ShadowStrike\ShadowStrike.vcxproj]
  ('/src/Shared_modules/Core/Engine/QuarantineManager.cpp' kaynak dosyas─▒ derleniyor)
      C:\ShadowStrike\ShadowStrike\src\Shared_modules\Utils\ProcessUtils.hpp(51,19):
      'ShadowStrike::Utils::ProcessUtils' bildirimine bak─▒n
  
C:\ShadowStrike\ShadowStrike\src\Shared_modules\Core\Engine\QuarantineManager.cpp(598,62): error C3861: 'IsSystemProcess': tan─▒mlay─▒c─▒ bulunamad─▒ [C:\ShadowStrike\ShadowStrike\ShadowStrike.vcxproj]
  ('/src/Shared_modules/Core/Engine/QuarantineManager.cpp' kaynak dosyas─▒ derleniyor)
  
C:\ShadowStrike\ShadowStrike\src\Shared_modules\Core\Engine\QuarantineManager.cpp(784,28): error C2678: ikili '/': 'std::wstring' t├╝r├╝nde bir sol taraf i┼şleneni alan hi├ğbir i┼şle├ğ bulunamad─▒ (veya hi├ğ kabul edilebilir d├Ân├╝┼şt├╝rme yok) [C:\ShadowStrike\ShadowStrike\ShadowStrike.vcxproj]
  ('/src/Shared_modules/Core/Engine/QuarantineManager.cpp' kaynak dosyas─▒ derleniyor)
      C:\Program Files\Microsoft Visual Studio\2022\Community\VC\Tools\MSVC\14.44.35207\include\chrono(1541,62):
      'std::chrono::year_month_weekday_last std::chrono::operator /(const std::chrono::month_weekday_last &,int) noexcept' olabilirdi
          C:\ShadowStrike\ShadowStrike\src\Shared_modules\Core\Engine\QuarantineManager.cpp(784,28):
          'std::chrono::year_month_weekday_last std::chrono::operator /(const std::chrono::month_weekday_last &,int) noexcept' : 1 ba─ş─▒ms─▒z de─şi┼şkeni 'std::wstring' de─şerinden 'const std::chrono::month_weekday_last &' de─şerine d├Ân├╝┼şt├╝r├╝lemez
              C:\ShadowStrike\ShadowStrike\src\Shared_modules\Core\Engine\QuarantineManager.cpp(784,28):
              Nedeni: 'std::wstring' de─şerinden 'const std::chrono::month_weekday_last' de─şerine d├Ân├╝┼şt├╝r├╝lemez
              C:\ShadowStrike\ShadowStrike\src\Shared_modules\Core\Engine\QuarantineManager.cpp(784,28):
              Bu d├Ân├╝┼şt├╝rmeyi ger├ğekle┼ştirecek kullan─▒c─▒ tan─▒ml─▒ d├Ân├╝┼şt├╝rme i┼şleci yok veya i┼şle├ğ ├ğa─şr─▒lam─▒yor
      C:\Program Files\Microsoft Visual Studio\2022\Community\VC\Tools\MSVC\14.44.35207\include\chrono(1537,62):
      veya       'std::chrono::year_month_weekday_last std::chrono::operator /(const std::chrono::month_weekday_last &,const std::chrono::year &) noexcept'
          C:\ShadowStrike\ShadowStrike\src\Shared_modules\Core\Engine\QuarantineManager.cpp(784,28):
          'std::chrono::year_month_weekday_last std::chrono::operator /(const std::chrono::month_weekday_last &,const std::chrono::year &) noexcept' : 1 ba─ş─▒ms─▒z de─şi┼şkeni 'std::wstring' de─şerinden 'const std::chrono::month_weekday_last &' de─şerine d├Ân├╝┼şt├╝r├╝lemez
              C:\ShadowStrike\ShadowStrike\src\Shared_modules\Core\Engine\QuarantineManager.cpp(784,28):
              Nedeni: 'std::wstring' de─şerinden 'const std::chrono::month_weekday_last' de─şerine d├Ân├╝┼şt├╝r├╝lemez
              C:\ShadowStrike\ShadowStrike\src\Shared_modules\Core\Engine\QuarantineManager.cpp(784,28):
              Bu d├Ân├╝┼şt├╝rmeyi ger├ğekle┼ştirecek kullan─▒c─▒ tan─▒ml─▒ d├Ân├╝┼şt├╝rme i┼şleci yok veya i┼şle├ğ ├ğa─şr─▒lam─▒yor
      C:\Program Files\Microsoft Visual Studio\2022\Community\VC\Tools\MSVC\14.44.35207\include\chrono(1533,62):
      veya       'std::chrono::year_month_weekday_last std::chrono::operator /(int,const std::chrono::month_weekday_last &) noexcept'
          C:\ShadowStrike\ShadowStrike\src\Shared_modules\Core\Engine\QuarantineManager.cpp(784,28):
          'std::chrono::year_month_weekday_last std::chrono::operator /(int,const std::chrono::month_weekday_last &) noexcept' : 1 ba─ş─▒ms─▒z de─şi┼şkeni 'std::wstring' de─şerinden 'int' de─şerine d├Ân├╝┼şt├╝r├╝lemez
              C:\ShadowStrike\ShadowStrike\src\Shared_modules\Core\Engine\QuarantineManager.cpp(784,28):
              Bu d├Ân├╝┼şt├╝rmeyi ger├ğekle┼ştirecek kullan─▒c─▒ tan─▒ml─▒ d├Ân├╝┼şt├╝rme i┼şleci yok veya i┼şle├ğ ├ğa─şr─▒lam─▒yor
      C:\Program Files\Microsoft Visual Studio\2022\Community\VC\Tools\MSVC\14.44.35207\include\chrono(1529,62):
      veya       'std::chrono::year_month_weekday_last std::chrono::operator /(const std::chrono::year &,const std::chrono::month_weekday_last &) noexcept'
          C:\ShadowStrike\ShadowStrike\src\Shared_modules\Core\Engine\QuarantineManager.cpp(784,28):
          'std::chrono::year_month_weekday_last std::chrono::operator /(const std::chrono::year &,const std::chrono::month_weekday_last &) noexcept' : 1 ba─ş─▒ms─▒z de─şi┼şkeni 'std::wstring' de─şerinden 'const std::chrono::year &' de─şerine d├Ân├╝┼şt├╝r├╝lemez
              C:\ShadowStrike\ShadowStrike\src\Shared_modules\Core\Engine\QuarantineManager.cpp(784,28):
              Nedeni: 'std::wstring' de─şerinden 'const std::chrono::year' de─şerine d├Ân├╝┼şt├╝r├╝lemez
              C:\ShadowStrike\ShadowStrike\src\Shared_modules\Core\Engine\QuarantineManager.cpp(784,28):
              Bu d├Ân├╝┼şt├╝rmeyi ger├ğekle┼ştirecek kullan─▒c─▒ tan─▒ml─▒ d├Ân├╝┼şt├╝rme i┼şleci yok veya i┼şle├ğ ├ğa─şr─▒lam─▒yor
      C:\Program Files\Microsoft Visual Studio\2022\Community\VC\Tools\MSVC\14.44.35207\include\chrono(1525,62):
      veya       'std::chrono::year_month_weekday_last std::chrono::operator /(const std::chrono::year_month &,const std::chrono::weekday_last &) noexcept'
          C:\ShadowStrike\ShadowStrike\src\Shared_modules\Core\Engine\QuarantineManager.cpp(784,28):
          'std::chrono::year_month_weekday_last std::chrono::operator /(const std::chrono::year_month &,const std::chrono::weekday_last &) noexcept' : 1 ba─ş─▒ms─▒z de─şi┼şkeni 'std::wstring' de─şerinden 'const std::chrono::year_month &' de─şerine d├Ân├╝┼şt├╝r├╝lemez
              C:\ShadowStrike\ShadowStrike\src\Shared_modules\Core\Engine\QuarantineManager.cpp(784,28):
              Nedeni: 'std::wstring' de─şerinden 'const std::chrono::year_month' de─şerine d├Ân├╝┼şt├╝r├╝lemez
              C:\ShadowStrike\ShadowStrike\src\Shared_modules\Core\Engine\QuarantineManager.cpp(784,28):
              Bu d├Ân├╝┼şt├╝rmeyi ger├ğekle┼ştirecek kullan─▒c─▒ tan─▒ml─▒ d├Ân├╝┼şt├╝rme i┼şleci yok veya i┼şle├ğ ├ğa─şr─▒lam─▒yor
      C:\Program Files\Microsoft Visual Studio\2022\Community\VC\Tools\MSVC\14.44.35207\include\chrono(1522,57):
      veya       'std::chrono::year_month_weekday std::chrono::operator /(const std::chrono::month_weekday &,int) noexcept'
          C:\ShadowStrike\ShadowStrike\src\Shared_modules\Core\Engine\QuarantineManager.cpp(784,28):
          'std::chrono::year_month_weekday std::chrono::operator /(const std::chrono::month_weekday &,int) noexcept' : 1 ba─ş─▒ms─▒z de─şi┼şkeni 'std::wstring' de─şerinden 'const std::chrono::month_weekday &' de─şerine d├Ân├╝┼şt├╝r├╝lemez
              C:\ShadowStrike\ShadowStrike\src\Shared_modules\Core\Engine\QuarantineManager.cpp(784,28):
              Nedeni: 'std::wstring' de─şerinden 'const std::chrono::month_weekday' de─şerine d├Ân├╝┼şt├╝r├╝lemez
              C:\ShadowStrike\ShadowStrike\src\Shared_modules\Core\Engine\QuarantineManager.cpp(784,28):
              Bu d├Ân├╝┼şt├╝rmeyi ger├ğekle┼ştirecek kullan─▒c─▒ tan─▒ml─▒ d├Ân├╝┼şt├╝rme i┼şleci yok veya i┼şle├ğ ├ğa─şr─▒lam─▒yor
      C:\Program Files\Microsoft Visual Studio\2022\Community\VC\Tools\MSVC\14.44.35207\include\chrono(1518,57):
      veya       'std::chrono::year_month_weekday std::chrono::operator /(const std::chrono::month_weekday &,const std::chrono::year &) noexcept'
          C:\ShadowStrike\ShadowStrike\src\Shared_modules\Core\Engine\QuarantineManager.cpp(784,28):
          'std::chrono::year_month_weekday std::chrono::operator /(const std::chrono::month_weekday &,const std::chrono::year &) noexcept' : 1 ba─ş─▒ms─▒z de─şi┼şkeni 'std::wstring' de─şerinden 'const std::chrono::month_weekday &' de─şerine d├Ân├╝┼şt├╝r├╝lemez
              C:\ShadowStrike\ShadowStrike\src\Shared_modules\Core\Engine\QuarantineManager.cpp(784,28):
              Nedeni: 'std::wstring' de─şerinden 'const std::chrono::month_weekday' de─şerine d├Ân├╝┼şt├╝r├╝lemez
              C:\ShadowStrike\ShadowStrike\src\Shared_modules\Core\Engine\QuarantineManager.cpp(784,28):
              Bu d├Ân├╝┼şt├╝rmeyi ger├ğekle┼ştirecek kullan─▒c─▒ tan─▒ml─▒ d├Ân├╝┼şt├╝rme i┼şleci yok veya i┼şle├ğ ├ğa─şr─▒lam─▒yor
      C:\Program Files\Microsoft Visual Studio\2022\Community\VC\Tools\MSVC\14.44.35207\include\chrono(1515,57):
      veya       'std::chrono::year_month_weekday std::chrono::operator /(int,const std::chrono::month_weekday &) noexcept'
          C:\ShadowStrike\ShadowStrike\src\Shared_modules\Core\Engine\QuarantineManager.cpp(784,28):
          'std::chrono::year_month_weekday std::chrono::operator /(int,const std::chrono::month_weekday &) noexcept' : 1 ba─ş─▒ms─▒z de─şi┼şkeni 'std::wstring' de─şerinden 'int' de─şerine d├Ân├╝┼şt├╝r├╝lemez
              C:\ShadowStrike\ShadowStrike\src\Shared_modules\Core\Engine\QuarantineManager.cpp(784,28):
              Bu d├Ân├╝┼şt├╝rmeyi ger├ğekle┼ştirecek kullan─▒c─▒ tan─▒ml─▒ d├Ân├╝┼şt├╝rme i┼şleci yok veya i┼şle├ğ ├ğa─şr─▒lam─▒yor
      C:\Program Files\Microsoft Visual Studio\2022\Community\VC\Tools\MSVC\14.44.35207\include\chrono(1511,57):
      veya       'std::chrono::year_month_weekday std::chrono::operator /(const std::chrono::year &,const std::chrono::month_weekday &) noexcept'
          C:\ShadowStrike\ShadowStrike\src\Shared_modules\Core\Engine\QuarantineManager.cpp(784,28):
          'std::chrono::year_month_weekday std::chrono::operator /(const std::chrono::year &,const std::chrono::month_weekday &) noexcept' : 1 ba─ş─▒ms─▒z de─şi┼şkeni 'std::wstring' de─şerinden 'const std::chrono::year &' de─şerine d├Ân├╝┼şt├╝r├╝lemez
              C:\ShadowStrike\ShadowStrike\src\Shared_modules\Core\Engine\QuarantineManager.cpp(784,28):
              Nedeni: 'std::wstring' de─şerinden 'const std::chrono::year' de─şerine d├Ân├╝┼şt├╝r├╝lemez
              C:\ShadowStrike\ShadowStrike\src\Shared_modules\Core\Engine\QuarantineManager.cpp(784,28):
              Bu d├Ân├╝┼şt├╝rmeyi ger├ğekle┼ştirecek kullan─▒c─▒ tan─▒ml─▒ d├Ân├╝┼şt├╝rme i┼şleci yok veya i┼şle├ğ ├ğa─şr─▒lam─▒yor
      C:\Program Files\Microsoft Visual Studio\2022\Community\VC\Tools\MSVC\14.44.35207\include\chrono(1507,57):
      veya       'std::chrono::year_month_weekday std::chrono::operator /(const std::chrono::year_month &,const std::chrono::weekday_indexed &) noexcept'
          C:\ShadowStrike\ShadowStrike\src\Shared_modules\Core\Engine\QuarantineManager.cpp(784,28):
          'std::chrono::year_month_weekday std::chrono::operator /(const std::chrono::year_month &,const std::chrono::weekday_indexed &) noexcept' : 1 ba─ş─▒ms─▒z de─şi┼şkeni 'std::wstring' de─şerinden 'const std::chrono::year_month &' de─şerine d├Ân├╝┼şt├╝r├╝lemez
              C:\ShadowStrike\ShadowStrike\src\Shared_modules\Core\Engine\QuarantineManager.cpp(784,28):
              Nedeni: 'std::wstring' de─şerinden 'const std::chrono::year_month' de─şerine d├Ân├╝┼şt├╝r├╝lemez
              C:\ShadowStrike\ShadowStrike\src\Shared_modules\Core\Engine\QuarantineManager.cpp(784,28):
              Bu d├Ân├╝┼şt├╝rmeyi ger├ğekle┼ştirecek kullan─▒c─▒ tan─▒ml─▒ d├Ân├╝┼şt├╝rme i┼şleci yok veya i┼şle├ğ ├ğa─şr─▒lam─▒yor
      C:\Program Files\Microsoft Visual Studio\2022\Community\VC\Tools\MSVC\14.44.35207\include\chrono(1504,58):
      veya       'std::chrono::year_month_day_last std::chrono::operator /(const std::chrono::month_day_last &,int) noexcept'
          C:\ShadowStrike\ShadowStrike\src\Shared_modules\Core\Engine\QuarantineManager.cpp(784,28):
          'std::chrono::year_month_day_last std::chrono::operator /(const std::chrono::month_day_last &,int) noexcept' : 1 ba─ş─▒ms─▒z de─şi┼şkeni 'std::wstring' de─şerinden 'const std::chrono::month_day_last &' de─şerine d├Ân├╝┼şt├╝r├╝lemez
              C:\ShadowStrike\ShadowStrike\src\Shared_modules\Core\Engine\QuarantineManager.cpp(784,28):
              Nedeni: 'std::wstring' de─şerinden 'const std::chrono::month_day_last' de─şerine d├Ân├╝┼şt├╝r├╝lemez
              C:\ShadowStrike\ShadowStrike\src\Shared_modules\Core\Engine\QuarantineManager.cpp(784,28):
              Bu d├Ân├╝┼şt├╝rmeyi ger├ğekle┼ştirecek kullan─▒c─▒ tan─▒ml─▒ d├Ân├╝┼şt├╝rme i┼şleci yok veya i┼şle├ğ ├ğa─şr─▒lam─▒yor
      C:\Program Files\Microsoft Visual Studio\2022\Community\VC\Tools\MSVC\14.44.35207\include\chrono(1500,58):
      veya       'std::chrono::year_month_day_last std::chrono::operator /(const std::chrono::month_day_last &,const std::chrono::year &) noexcept'
          C:\ShadowStrike\ShadowStrike\src\Shared_modules\Core\Engine\QuarantineManager.cpp(784,28):
          'std::chrono::year_month_day_last std::chrono::operator /(const std::chrono::month_day_last &,const std::chrono::year &) noexcept' : 1 ba─ş─▒ms─▒z de─şi┼şkeni 'std::wstring' de─şerinden 'const std::chrono::month_day_last &' de─şerine d├Ân├╝┼şt├╝r├╝lemez
              C:\ShadowStrike\ShadowStrike\src\Shared_modules\Core\Engine\QuarantineManager.cpp(784,28):
              Nedeni: 'std::wstring' de─şerinden 'const std::chrono::month_day_last' de─şerine d├Ân├╝┼şt├╝r├╝lemez
              C:\ShadowStrike\ShadowStrike\src\Shared_modules\Core\Engine\QuarantineManager.cpp(784,28):
              Bu d├Ân├╝┼şt├╝rmeyi ger├ğekle┼ştirecek kullan─▒c─▒ tan─▒ml─▒ d├Ân├╝┼şt├╝rme i┼şleci yok veya i┼şle├ğ ├ğa─şr─▒lam─▒yor
      C:\Program Files\Microsoft Visual Studio\2022\Community\VC\Tools\MSVC\14.44.35207\include\chrono(1497,58):
      veya       'std::chrono::year_month_day_last std::chrono::operator /(int,const std::chrono::month_day_last &) noexcept'
          C:\ShadowStrike\ShadowStrike\src\Shared_modules\Core\Engine\QuarantineManager.cpp(784,28):
          'std::chrono::year_month_day_last std::chrono::operator /(int,const std::chrono::month_day_last &) noexcept' : 1 ba─ş─▒ms─▒z de─şi┼şkeni 'std::wstring' de─şerinden 'int' de─şerine d├Ân├╝┼şt├╝r├╝lemez
              C:\ShadowStrike\ShadowStrike\src\Shared_modules\Core\Engine\QuarantineManager.cpp(784,28):
              Bu d├Ân├╝┼şt├╝rmeyi ger├ğekle┼ştirecek kullan─▒c─▒ tan─▒ml─▒ d├Ân├╝┼şt├╝rme i┼şleci yok veya i┼şle├ğ ├ğa─şr─▒lam─▒yor
      C:\Program Files\Microsoft Visual Studio\2022\Community\VC\Tools\MSVC\14.44.35207\include\chrono(1493,58):
      veya       'std::chrono::year_month_day_last std::chrono::operator /(const std::chrono::year &,const std::chrono::month_day_last &) noexcept'
          C:\ShadowStrike\ShadowStrike\src\Shared_modules\Core\Engine\QuarantineManager.cpp(784,28):
          'std::chrono::year_month_day_last std::chrono::operator /(const std::chrono::year &,const std::chrono::month_day_last &) noexcept' : 1 ba─ş─▒ms─▒z de─şi┼şkeni 'std::wstring' de─şerinden 'const std::chrono::year &' de─şerine d├Ân├╝┼şt├╝r├╝lemez
              C:\ShadowStrike\ShadowStrike\src\Shared_modules\Core\Engine\QuarantineManager.cpp(784,28):
              Nedeni: 'std::wstring' de─şerinden 'const std::chrono::year' de─şerine d├Ân├╝┼şt├╝r├╝lemez
              C:\ShadowStrike\ShadowStrike\src\Shared_modules\Core\Engine\QuarantineManager.cpp(784,28):
              Bu d├Ân├╝┼şt├╝rmeyi ger├ğekle┼ştirecek kullan─▒c─▒ tan─▒ml─▒ d├Ân├╝┼şt├╝rme i┼şleci yok veya i┼şle├ğ ├ğa─şr─▒lam─▒yor
      C:\Program Files\Microsoft Visual Studio\2022\Community\VC\Tools\MSVC\14.44.35207\include\chrono(1490,58):
      veya       'std::chrono::year_month_day_last std::chrono::operator /(const std::chrono::year_month &,std::chrono::last_spec) noexcept'
          C:\ShadowStrike\ShadowStrike\src\Shared_modules\Core\Engine\QuarantineManager.cpp(784,28):
          'std::chrono::year_month_day_last std::chrono::operator /(const std::chrono::year_month &,std::chrono::last_spec) noexcept' : 1 ba─ş─▒ms─▒z de─şi┼şkeni 'std::wstring' de─şerinden 'const std::chrono::year_month &' de─şerine d├Ân├╝┼şt├╝r├╝lemez
              C:\ShadowStrike\ShadowStrike\src\Shared_modules\Core\Engine\QuarantineManager.cpp(784,28):
              Nedeni: 'std::wstring' de─şerinden 'const std::chrono::year_month' de─şerine d├Ân├╝┼şt├╝r├╝lemez
              C:\ShadowStrike\ShadowStrike\src\Shared_modules\Core\Engine\QuarantineManager.cpp(784,28):
              Bu d├Ân├╝┼şt├╝rmeyi ger├ğekle┼ştirecek kullan─▒c─▒ tan─▒ml─▒ d├Ân├╝┼şt├╝rme i┼şleci yok veya i┼şle├ğ ├ğa─şr─▒lam─▒yor
      C:\Program Files\Microsoft Visual Studio\2022\Community\VC\Tools\MSVC\14.44.35207\include\chrono(1487,53):
      veya       'std::chrono::year_month_day std::chrono::operator /(const std::chrono::month_day &,int) noexcept'
          C:\ShadowStrike\ShadowStrike\src\Shared_modules\Core\Engine\QuarantineManager.cpp(784,28):
          'std::chrono::year_month_day std::chrono::operator /(const std::chrono::month_day &,int) noexcept' : 1 ba─ş─▒ms─▒z de─şi┼şkeni 'std::wstring' de─şerinden 'const std::chrono::month_day &' de─şerine d├Ân├╝┼şt├╝r├╝lemez
              C:\ShadowStrike\ShadowStrike\src\Shared_modules\Core\Engine\QuarantineManager.cpp(784,28):
              Nedeni: 'std::wstring' de─şerinden 'const std::chrono::month_day' de─şerine d├Ân├╝┼şt├╝r├╝lemez
              C:\ShadowStrike\ShadowStrike\src\Shared_modules\Core\Engine\QuarantineManager.cpp(784,28):
              Bu d├Ân├╝┼şt├╝rmeyi ger├ğekle┼ştirecek kullan─▒c─▒ tan─▒ml─▒ d├Ân├╝┼şt├╝rme i┼şleci yok veya i┼şle├ğ ├ğa─şr─▒lam─▒yor
      C:\Program Files\Microsoft Visual Studio\2022\Community\VC\Tools\MSVC\14.44.35207\include\chrono(1484,53):
      veya       'std::chrono::year_month_day std::chrono::operator /(const std::chrono::month_day &,const std::chrono::year &) noexcept'
          C:\ShadowStrike\ShadowStrike\src\Shared_modules\Core\Engine\QuarantineManager.cpp(784,28):
          'std::chrono::year_month_day std::chrono::operator /(const std::chrono::month_day &,const std::chrono::year &) noexcept' : 1 ba─ş─▒ms─▒z de─şi┼şkeni 'std::wstring' de─şerinden 'const std::chrono::month_day &' de─şerine d├Ân├╝┼şt├╝r├╝lemez
              C:\ShadowStrike\ShadowStrike\src\Shared_modules\Core\Engine\QuarantineManager.cpp(784,28):
              Nedeni: 'std::wstring' de─şerinden 'const std::chrono::month_day' de─şerine d├Ân├╝┼şt├╝r├╝lemez
              C:\ShadowStrike\ShadowStrike\src\Shared_modules\Core\Engine\QuarantineManager.cpp(784,28):
              Bu d├Ân├╝┼şt├╝rmeyi ger├ğekle┼ştirecek kullan─▒c─▒ tan─▒ml─▒ d├Ân├╝┼şt├╝rme i┼şleci yok veya i┼şle├ğ ├ğa─şr─▒lam─▒yor
      C:\Program Files\Microsoft Visual Studio\2022\Community\VC\Tools\MSVC\14.44.35207\include\chrono(1481,53):
      veya       'std::chrono::year_month_day std::chrono::operator /(int,const std::chrono::month_day &) noexcept'
          C:\ShadowStrike\ShadowStrike\src\Shared_modules\Core\Engine\QuarantineManager.cpp(784,28):
          'std::chrono::year_month_day std::chrono::operator /(int,const std::chrono::month_day &) noexcept' : 1 ba─ş─▒ms─▒z de─şi┼şkeni 'std::wstring' de─şerinden 'int' de─şerine d├Ân├╝┼şt├╝r├╝lemez
              C:\ShadowStrike\ShadowStrike\src\Shared_modules\Core\Engine\QuarantineManager.cpp(784,28):
              Bu d├Ân├╝┼şt├╝rmeyi ger├ğekle┼ştirecek kullan─▒c─▒ tan─▒ml─▒ d├Ân├╝┼şt├╝rme i┼şleci yok veya i┼şle├ğ ├ğa─şr─▒lam─▒yor
      C:\Program Files\Microsoft Visual Studio\2022\Community\VC\Tools\MSVC\14.44.35207\include\chrono(1478,53):
      veya       'std::chrono::year_month_day std::chrono::operator /(const std::chrono::year &,const std::chrono::month_day &) noexcept'
          C:\ShadowStrike\ShadowStrike\src\Shared_modules\Core\Engine\QuarantineManager.cpp(784,28):
          'std::chrono::year_month_day std::chrono::operator /(const std::chrono::year &,const std::chrono::month_day &) noexcept' : 1 ba─ş─▒ms─▒z de─şi┼şkeni 'std::wstring' de─şerinden 'const std::chrono::year &' de─şerine d├Ân├╝┼şt├╝r├╝lemez
              C:\ShadowStrike\ShadowStrike\src\Shared_modules\Core\Engine\QuarantineManager.cpp(784,28):
              Nedeni: 'std::wstring' de─şerinden 'const std::chrono::year' de─şerine d├Ân├╝┼şt├╝r├╝lemez
              C:\ShadowStrike\ShadowStrike\src\Shared_modules\Core\Engine\QuarantineManager.cpp(784,28):
              Bu d├Ân├╝┼şt├╝rmeyi ger├ğekle┼ştirecek kullan─▒c─▒ tan─▒ml─▒ d├Ân├╝┼şt├╝rme i┼şleci yok veya i┼şle├ğ ├ğa─şr─▒lam─▒yor
      C:\Program Files\Microsoft Visual Studio\2022\Community\VC\Tools\MSVC\14.44.35207\include\chrono(1475,53):
      veya       'std::chrono::year_month_day std::chrono::operator /(const std::chrono::year_month &,int) noexcept'
          C:\ShadowStrike\ShadowStrike\src\Shared_modules\Core\Engine\QuarantineManager.cpp(784,28):
          'std::chrono::year_month_day std::chrono::operator /(const std::chrono::year_month &,int) noexcept' : 1 ba─ş─▒ms─▒z de─şi┼şkeni 'std::wstring' de─şerinden 'const std::chrono::year_month &' de─şerine d├Ân├╝┼şt├╝r├╝lemez
              C:\ShadowStrike\ShadowStrike\src\Shared_modules\Core\Engine\QuarantineManager.cpp(784,28):
              Nedeni: 'std::wstring' de─şerinden 'const std::chrono::year_month' de─şerine d├Ân├╝┼şt├╝r├╝lemez
              C:\ShadowStrike\ShadowStrike\src\Shared_modules\Core\Engine\QuarantineManager.cpp(784,28):
              Bu d├Ân├╝┼şt├╝rmeyi ger├ğekle┼ştirecek kullan─▒c─▒ tan─▒ml─▒ d├Ân├╝┼şt├╝rme i┼şleci yok veya i┼şle├ğ ├ğa─şr─▒lam─▒yor
      C:\Program Files\Microsoft Visual Studio\2022\Community\VC\Tools\MSVC\14.44.35207\include\chrono(1472,53):
      veya       'std::chrono::year_month_day std::chrono::operator /(const std::chrono::year_month &,const std::chrono::day &) noexcept'
          C:\ShadowStrike\ShadowStrike\src\Shared_modules\Core\Engine\QuarantineManager.cpp(784,28):
          'std::chrono::year_month_day std::chrono::operator /(const std::chrono::year_month &,const std::chrono::day &) noexcept' : 1 ba─ş─▒ms─▒z de─şi┼şkeni 'std::wstring' de─şerinden 'const std::chrono::year_month &' de─şerine d├Ân├╝┼şt├╝r├╝lemez
              C:\ShadowStrike\ShadowStrike\src\Shared_modules\Core\Engine\QuarantineManager.cpp(784,28):
              Nedeni: 'std::wstring' de─şerinden 'const std::chrono::year_month' de─şerine d├Ân├╝┼şt├╝r├╝lemez
              C:\ShadowStrike\ShadowStrike\src\Shared_modules\Core\Engine\QuarantineManager.cpp(784,28):
              Bu d├Ân├╝┼şt├╝rmeyi ger├ğekle┼ştirecek kullan─▒c─▒ tan─▒ml─▒ d├Ân├╝┼şt├╝rme i┼şleci yok veya i┼şle├ğ ├ğa─şr─▒lam─▒yor
      C:\Program Files\Microsoft Visual Studio\2022\Community\VC\Tools\MSVC\14.44.35207\include\chrono(1469,57):
      veya       'std::chrono::month_weekday_last std::chrono::operator /(const std::chrono::weekday_last &,int) noexcept'
          C:\ShadowStrike\ShadowStrike\src\Shared_modules\Core\Engine\QuarantineManager.cpp(784,28):
          'std::chrono::month_weekday_last std::chrono::operator /(const std::chrono::weekday_last &,int) noexcept' : 1 ba─ş─▒ms─▒z de─şi┼şkeni 'std::wstring' de─şerinden 'const std::chrono::weekday_last &' de─şerine d├Ân├╝┼şt├╝r├╝lemez
              C:\ShadowStrike\ShadowStrike\src\Shared_modules\Core\Engine\QuarantineManager.cpp(784,28):
              Nedeni: 'std::wstring' de─şerinden 'const std::chrono::weekday_last' de─şerine d├Ân├╝┼şt├╝r├╝lemez
              C:\ShadowStrike\ShadowStrike\src\Shared_modules\Core\Engine\QuarantineManager.cpp(784,28):
              Bu d├Ân├╝┼şt├╝rmeyi ger├ğekle┼ştirecek kullan─▒c─▒ tan─▒ml─▒ d├Ân├╝┼şt├╝rme i┼şleci yok veya i┼şle├ğ ├ğa─şr─▒lam─▒yor
      C:\Program Files\Microsoft Visual Studio\2022\Community\VC\Tools\MSVC\14.44.35207\include\chrono(1465,57):
      veya       'std::chrono::month_weekday_last std::chrono::operator /(const std::chrono::weekday_last &,const std::chrono::month &) noexcept'
          C:\ShadowStrike\ShadowStrike\src\Shared_modules\Core\Engine\QuarantineManager.cpp(784,28):
          'std::chrono::month_weekday_last std::chrono::operator /(const std::chrono::weekday_last &,const std::chrono::month &) noexcept' : 1 ba─ş─▒ms─▒z de─şi┼şkeni 'std::wstring' de─şerinden 'const std::chrono::weekday_last &' de─şerine d├Ân├╝┼şt├╝r├╝lemez
              C:\ShadowStrike\ShadowStrike\src\Shared_modules\Core\Engine\QuarantineManager.cpp(784,28):
              Nedeni: 'std::wstring' de─şerinden 'const std::chrono::weekday_last' de─şerine d├Ân├╝┼şt├╝r├╝lemez
              C:\ShadowStrike\ShadowStrike\src\Shared_modules\Core\Engine\QuarantineManager.cpp(784,28):
              Bu d├Ân├╝┼şt├╝rmeyi ger├ğekle┼ştirecek kullan─▒c─▒ tan─▒ml─▒ d├Ân├╝┼şt├╝rme i┼şleci yok veya i┼şle├ğ ├ğa─şr─▒lam─▒yor
      C:\Program Files\Microsoft Visual Studio\2022\Community\VC\Tools\MSVC\14.44.35207\include\chrono(1462,57):
      veya       'std::chrono::month_weekday_last std::chrono::operator /(int,const std::chrono::weekday_last &) noexcept'
          C:\ShadowStrike\ShadowStrike\src\Shared_modules\Core\Engine\QuarantineManager.cpp(784,28):
          'std::chrono::month_weekday_last std::chrono::operator /(int,const std::chrono::weekday_last &) noexcept' : 1 ba─ş─▒ms─▒z de─şi┼şkeni 'std::wstring' de─şerinden 'int' de─şerine d├Ân├╝┼şt├╝r├╝lemez
              C:\ShadowStrike\ShadowStrike\src\Shared_modules\Core\Engine\QuarantineManager.cpp(784,28):
              Bu d├Ân├╝┼şt├╝rmeyi ger├ğekle┼ştirecek kullan─▒c─▒ tan─▒ml─▒ d├Ân├╝┼şt├╝rme i┼şleci yok veya i┼şle├ğ ├ğa─şr─▒lam─▒yor
      C:\Program Files\Microsoft Visual Studio\2022\Community\VC\Tools\MSVC\14.44.35207\include\chrono(1458,57):
      veya       'std::chrono::month_weekday_last std::chrono::operator /(const std::chrono::month &,const std::chrono::weekday_last &) noexcept'
          C:\ShadowStrike\ShadowStrike\src\Shared_modules\Core\Engine\QuarantineManager.cpp(784,28):
          'std::chrono::month_weekday_last std::chrono::operator /(const std::chrono::month &,const std::chrono::weekday_last &) noexcept' : 1 ba─ş─▒ms─▒z de─şi┼şkeni 'std::wstring' de─şerinden 'const std::chrono::month &' de─şerine d├Ân├╝┼şt├╝r├╝lemez
              C:\ShadowStrike\ShadowStrike\src\Shared_modules\Core\Engine\QuarantineManager.cpp(784,28):
              Nedeni: 'std::wstring' de─şerinden 'const std::chrono::month' de─şerine d├Ân├╝┼şt├╝r├╝lemez
              C:\ShadowStrike\ShadowStrike\src\Shared_modules\Core\Engine\QuarantineManager.cpp(784,28):
              Bu d├Ân├╝┼şt├╝rmeyi ger├ğekle┼ştirecek kullan─▒c─▒ tan─▒ml─▒ d├Ân├╝┼şt├╝rme i┼şleci yok veya i┼şle├ğ ├ğa─şr─▒lam─▒yor
      C:\Program Files\Microsoft Visual Studio\2022\Community\VC\Tools\MSVC\14.44.35207\include\chrono(1455,52):
      veya       'std::chrono::month_weekday std::chrono::operator /(const std::chrono::weekday_indexed &,int) noexcept'
          C:\ShadowStrike\ShadowStrike\src\Shared_modules\Core\Engine\QuarantineManager.cpp(784,28):
          'std::chrono::month_weekday std::chrono::operator /(const std::chrono::weekday_indexed &,int) noexcept' : 1 ba─ş─▒ms─▒z de─şi┼şkeni 'std::wstring' de─şerinden 'const std::chrono::weekday_indexed &' de─şerine d├Ân├╝┼şt├╝r├╝lemez
              C:\ShadowStrike\ShadowStrike\src\Shared_modules\Core\Engine\QuarantineManager.cpp(784,28):
              Nedeni: 'std::wstring' de─şerinden 'const std::chrono::weekday_indexed' de─şerine d├Ân├╝┼şt├╝r├╝lemez
              C:\ShadowStrike\ShadowStrike\src\Shared_modules\Core\Engine\QuarantineManager.cpp(784,28):
              Bu d├Ân├╝┼şt├╝rmeyi ger├ğekle┼ştirecek kullan─▒c─▒ tan─▒ml─▒ d├Ân├╝┼şt├╝rme i┼şleci yok veya i┼şle├ğ ├ğa─şr─▒lam─▒yor
      C:\Program Files\Microsoft Visual Studio\2022\Community\VC\Tools\MSVC\14.44.35207\include\chrono(1451,52):
      veya       'std::chrono::month_weekday std::chrono::operator /(const std::chrono::weekday_indexed &,const std::chrono::month &) noexcept'
          C:\ShadowStrike\ShadowStrike\src\Shared_modules\Core\Engine\QuarantineManager.cpp(784,28):
          'std::chrono::month_weekday std::chrono::operator /(const std::chrono::weekday_indexed &,const std::chrono::month &) noexcept' : 1 ba─ş─▒ms─▒z de─şi┼şkeni 'std::wstring' de─şerinden 'const std::chrono::weekday_indexed &' de─şerine d├Ân├╝┼şt├╝r├╝lemez
              C:\ShadowStrike\ShadowStrike\src\Shared_modules\Core\Engine\QuarantineManager.cpp(784,28):
              Nedeni: 'std::wstring' de─şerinden 'const std::chrono::weekday_indexed' de─şerine d├Ân├╝┼şt├╝r├╝lemez
              C:\ShadowStrike\ShadowStrike\src\Shared_modules\Core\Engine\QuarantineManager.cpp(784,28):
              Bu d├Ân├╝┼şt├╝rmeyi ger├ğekle┼ştirecek kullan─▒c─▒ tan─▒ml─▒ d├Ân├╝┼şt├╝rme i┼şleci yok veya i┼şle├ğ ├ğa─şr─▒lam─▒yor
      C:\Program Files\Microsoft Visual Studio\2022\Community\VC\Tools\MSVC\14.44.35207\include\chrono(1448,52):
      veya       'std::chrono::month_weekday std::chrono::operator /(int,const std::chrono::weekday_indexed &) noexcept'
          C:\ShadowStrike\ShadowStrike\src\Shared_modules\Core\Engine\QuarantineManager.cpp(784,28):
          'std::chrono::month_weekday std::chrono::operator /(int,const std::chrono::weekday_indexed &) noexcept' : 1 ba─ş─▒ms─▒z de─şi┼şkeni 'std::wstring' de─şerinden 'int' de─şerine d├Ân├╝┼şt├╝r├╝lemez
              C:\ShadowStrike\ShadowStrike\src\Shared_modules\Core\Engine\QuarantineManager.cpp(784,28):
              Bu d├Ân├╝┼şt├╝rmeyi ger├ğekle┼ştirecek kullan─▒c─▒ tan─▒ml─▒ d├Ân├╝┼şt├╝rme i┼şleci yok veya i┼şle├ğ ├ğa─şr─▒lam─▒yor
      C:\Program Files\Microsoft Visual Studio\2022\Community\VC\Tools\MSVC\14.44.35207\include\chrono(1444,52):
      veya       'std::chrono::month_weekday std::chrono::operator /(const std::chrono::month &,const std::chrono::weekday_indexed &) noexcept'
          C:\ShadowStrike\ShadowStrike\src\Shared_modules\Core\Engine\QuarantineManager.cpp(784,28):
          'std::chrono::month_weekday std::chrono::operator /(const std::chrono::month &,const std::chrono::weekday_indexed &) noexcept' : 1 ba─ş─▒ms─▒z de─şi┼şkeni 'std::wstring' de─şerinden 'const std::chrono::month &' de─şerine d├Ân├╝┼şt├╝r├╝lemez
              C:\ShadowStrike\ShadowStrike\src\Shared_modules\Core\Engine\QuarantineManager.cpp(784,28):
              Nedeni: 'std::wstring' de─şerinden 'const std::chrono::month' de─şerine d├Ân├╝┼şt├╝r├╝lemez
              C:\ShadowStrike\ShadowStrike\src\Shared_modules\Core\Engine\QuarantineManager.cpp(784,28):
              Bu d├Ân├╝┼şt├╝rmeyi ger├ğekle┼ştirecek kullan─▒c─▒ tan─▒ml─▒ d├Ân├╝┼şt├╝rme i┼şleci yok veya i┼şle├ğ ├ğa─şr─▒lam─▒yor
      C:\Program Files\Microsoft Visual Studio\2022\Community\VC\Tools\MSVC\14.44.35207\include\chrono(1441,53):
      veya       'std::chrono::month_day_last std::chrono::operator /(std::chrono::last_spec,int) noexcept'
          C:\ShadowStrike\ShadowStrike\src\Shared_modules\Core\Engine\QuarantineManager.cpp(784,28):
          'std::chrono::month_day_last std::chrono::operator /(std::chrono::last_spec,int) noexcept' : 1 ba─ş─▒ms─▒z de─şi┼şkeni 'std::wstring' de─şerinden 'std::chrono::last_spec' de─şerine d├Ân├╝┼şt├╝r├╝lemez
              C:\ShadowStrike\ShadowStrike\src\Shared_modules\Core\Engine\QuarantineManager.cpp(784,28):
              Bu d├Ân├╝┼şt├╝rmeyi ger├ğekle┼ştirecek kullan─▒c─▒ tan─▒ml─▒ d├Ân├╝┼şt├╝rme i┼şleci yok veya i┼şle├ğ ├ğa─şr─▒lam─▒yor
      C:\Program Files\Microsoft Visual Studio\2022\Community\VC\Tools\MSVC\14.44.35207\include\chrono(1438,53):
      veya       'std::chrono::month_day_last std::chrono::operator /(std::chrono::last_spec,const std::chrono::month &) noexcept'
          C:\ShadowStrike\ShadowStrike\src\Shared_modules\Core\Engine\QuarantineManager.cpp(784,28):
          'std::chrono::month_day_last std::chrono::operator /(std::chrono::last_spec,const std::chrono::month &) noexcept' : 1 ba─ş─▒ms─▒z de─şi┼şkeni 'std::wstring' de─şerinden 'std::chrono::last_spec' de─şerine d├Ân├╝┼şt├╝r├╝lemez
              C:\ShadowStrike\ShadowStrike\src\Shared_modules\Core\Engine\QuarantineManager.cpp(784,28):
              Bu d├Ân├╝┼şt├╝rmeyi ger├ğekle┼ştirecek kullan─▒c─▒ tan─▒ml─▒ d├Ân├╝┼şt├╝rme i┼şleci yok veya i┼şle├ğ ├ğa─şr─▒lam─▒yor
      C:\Program Files\Microsoft Visual Studio\2022\Community\VC\Tools\MSVC\14.44.35207\include\chrono(1435,53):
      veya       'std::chrono::month_day_last std::chrono::operator /(int,std::chrono::last_spec) noexcept'
          C:\ShadowStrike\ShadowStrike\src\Shared_modules\Core\Engine\QuarantineManager.cpp(784,28):
          'std::chrono::month_day_last std::chrono::operator /(int,std::chrono::last_spec) noexcept' : 1 ba─ş─▒ms─▒z de─şi┼şkeni 'std::wstring' de─şerinden 'int' de─şerine d├Ân├╝┼şt├╝r├╝lemez
              C:\ShadowStrike\ShadowStrike\src\Shared_modules\Core\Engine\QuarantineManager.cpp(784,28):
              Bu d├Ân├╝┼şt├╝rmeyi ger├ğekle┼ştirecek kullan─▒c─▒ tan─▒ml─▒ d├Ân├╝┼şt├╝rme i┼şleci yok veya i┼şle├ğ ├ğa─şr─▒lam─▒yor
      C:\Program Files\Microsoft Visual Studio\2022\Community\VC\Tools\MSVC\14.44.35207\include\chrono(1432,53):
      veya       'std::chrono::month_day_last std::chrono::operator /(const std::chrono::month &,std::chrono::last_spec) noexcept'
          C:\ShadowStrike\ShadowStrike\src\Shared_modules\Core\Engine\QuarantineManager.cpp(784,28):
          'std::chrono::month_day_last std::chrono::operator /(const std::chrono::month &,std::chrono::last_spec) noexcept' : 1 ba─ş─▒ms─▒z de─şi┼şkeni 'std::wstring' de─şerinden 'const std::chrono::month &' de─şerine d├Ân├╝┼şt├╝r├╝lemez
              C:\ShadowStrike\ShadowStrike\src\Shared_modules\Core\Engine\QuarantineManager.cpp(784,28):
              Nedeni: 'std::wstring' de─şerinden 'const std::chrono::month' de─şerine d├Ân├╝┼şt├╝r├╝lemez
              C:\ShadowStrike\ShadowStrike\src\Shared_modules\Core\Engine\QuarantineManager.cpp(784,28):
              Bu d├Ân├╝┼şt├╝rmeyi ger├ğekle┼ştirecek kullan─▒c─▒ tan─▒ml─▒ d├Ân├╝┼şt├╝rme i┼şleci yok veya i┼şle├ğ ├ğa─şr─▒lam─▒yor
      C:\Program Files\Microsoft Visual Studio\2022\Community\VC\Tools\MSVC\14.44.35207\include\chrono(1429,48):
      veya       'std::chrono::month_day std::chrono::operator /(const std::chrono::day &,int) noexcept'
          C:\ShadowStrike\ShadowStrike\src\Shared_modules\Core\Engine\QuarantineManager.cpp(784,28):
          'std::chrono::month_day std::chrono::operator /(const std::chrono::day &,int) noexcept' : 1 ba─ş─▒ms─▒z de─şi┼şkeni 'std::wstring' de─şerinden 'const std::chrono::day &' de─şerine d├Ân├╝┼şt├╝r├╝lemez
              C:\ShadowStrike\ShadowStrike\src\Shared_modules\Core\Engine\QuarantineManager.cpp(784,28):
              Nedeni: 'std::wstring' de─şerinden 'const std::chrono::day' de─şerine d├Ân├╝┼şt├╝r├╝lemez
              C:\ShadowStrike\ShadowStrike\src\Shared_modules\Core\Engine\QuarantineManager.cpp(784,28):
              Bu d├Ân├╝┼şt├╝rmeyi ger├ğekle┼ştirecek kullan─▒c─▒ tan─▒ml─▒ d├Ân├╝┼şt├╝rme i┼şleci yok veya i┼şle├ğ ├ğa─şr─▒lam─▒yor
      C:\Program Files\Microsoft Visual Studio\2022\Community\VC\Tools\MSVC\14.44.35207\include\chrono(1426,48):
      veya       'std::chrono::month_day std::chrono::operator /(const std::chrono::day &,const std::chrono::month &) noexcept'
          C:\ShadowStrike\ShadowStrike\src\Shared_modules\Core\Engine\QuarantineManager.cpp(784,28):
          'std::chrono::month_day std::chrono::operator /(const std::chrono::day &,const std::chrono::month &) noexcept' : 1 ba─ş─▒ms─▒z de─şi┼şkeni 'std::wstring' de─şerinden 'const std::chrono::day &' de─şerine d├Ân├╝┼şt├╝r├╝lemez
              C:\ShadowStrike\ShadowStrike\src\Shared_modules\Core\Engine\QuarantineManager.cpp(784,28):
              Nedeni: 'std::wstring' de─şerinden 'const std::chrono::day' de─şerine d├Ân├╝┼şt├╝r├╝lemez
              C:\ShadowStrike\ShadowStrike\src\Shared_modules\Core\Engine\QuarantineManager.cpp(784,28):
              Bu d├Ân├╝┼şt├╝rmeyi ger├ğekle┼ştirecek kullan─▒c─▒ tan─▒ml─▒ d├Ân├╝┼şt├╝rme i┼şleci yok veya i┼şle├ğ ├ğa─şr─▒lam─▒yor
      C:\Program Files\Microsoft Visual Studio\2022\Community\VC\Tools\MSVC\14.44.35207\include\chrono(1423,48):
      veya       'std::chrono::month_day std::chrono::operator /(int,const std::chrono::day &) noexcept'
          C:\ShadowStrike\ShadowStrike\src\Shared_modules\Core\Engine\QuarantineManager.cpp(784,28):
          'std::chrono::month_day std::chrono::operator /(int,const std::chrono::day &) noexcept' : 1 ba─ş─▒ms─▒z de─şi┼şkeni 'std::wstring' de─şerinden 'int' de─şerine d├Ân├╝┼şt├╝r├╝lemez
              C:\ShadowStrike\ShadowStrike\src\Shared_modules\Core\Engine\QuarantineManager.cpp(784,28):
              Bu d├Ân├╝┼şt├╝rmeyi ger├ğekle┼ştirecek kullan─▒c─▒ tan─▒ml─▒ d├Ân├╝┼şt├╝rme i┼şleci yok veya i┼şle├ğ ├ğa─şr─▒lam─▒yor
      C:\Program Files\Microsoft Visual Studio\2022\Community\VC\Tools\MSVC\14.44.35207\include\chrono(1420,48):
      veya       'std::chrono::month_day std::chrono::operator /(const std::chrono::month &,int) noexcept'
          C:\ShadowStrike\ShadowStrike\src\Shared_modules\Core\Engine\QuarantineManager.cpp(784,28):
          'std::chrono::month_day std::chrono::operator /(const std::chrono::month &,int) noexcept' : 1 ba─ş─▒ms─▒z de─şi┼şkeni 'std::wstring' de─şerinden 'const std::chrono::month &' de─şerine d├Ân├╝┼şt├╝r├╝lemez
              C:\ShadowStrike\ShadowStrike\src\Shared_modules\Core\Engine\QuarantineManager.cpp(784,28):
              Nedeni: 'std::wstring' de─şerinden 'const std::chrono::month' de─şerine d├Ân├╝┼şt├╝r├╝lemez
              C:\ShadowStrike\ShadowStrike\src\Shared_modules\Core\Engine\QuarantineManager.cpp(784,28):
              Bu d├Ân├╝┼şt├╝rmeyi ger├ğekle┼ştirecek kullan─▒c─▒ tan─▒ml─▒ d├Ân├╝┼şt├╝rme i┼şleci yok veya i┼şle├ğ ├ğa─şr─▒lam─▒yor
      C:\Program Files\Microsoft Visual Studio\2022\Community\VC\Tools\MSVC\14.44.35207\include\chrono(1417,48):
      veya       'std::chrono::month_day std::chrono::operator /(const std::chrono::month &,const std::chrono::day &) noexcept'
          C:\ShadowStrike\ShadowStrike\src\Shared_modules\Core\Engine\QuarantineManager.cpp(784,28):
          'std::chrono::month_day std::chrono::operator /(const std::chrono::month &,const std::chrono::day &) noexcept' : 1 ba─ş─▒ms─▒z de─şi┼şkeni 'std::wstring' de─şerinden 'const std::chrono::month &' de─şerine d├Ân├╝┼şt├╝r├╝lemez
              C:\ShadowStrike\ShadowStrike\src\Shared_modules\Core\Engine\QuarantineManager.cpp(784,28):
              Nedeni: 'std::wstring' de─şerinden 'const std::chrono::month' de─şerine d├Ân├╝┼şt├╝r├╝lemez
              C:\ShadowStrike\ShadowStrike\src\Shared_modules\Core\Engine\QuarantineManager.cpp(784,28):
              Bu d├Ân├╝┼şt├╝rmeyi ger├ğekle┼ştirecek kullan─▒c─▒ tan─▒ml─▒ d├Ân├╝┼şt├╝rme i┼şleci yok veya i┼şle├ğ ├ğa─şr─▒lam─▒yor
      C:\Program Files\Microsoft Visual Studio\2022\Community\VC\Tools\MSVC\14.44.35207\include\chrono(1414,49):
      veya       'std::chrono::year_month std::chrono::operator /(const std::chrono::year &,int) noexcept'
          C:\ShadowStrike\ShadowStrike\src\Shared_modules\Core\Engine\QuarantineManager.cpp(784,28):
          'std::chrono::year_month std::chrono::operator /(const std::chrono::year &,int) noexcept' : 1 ba─ş─▒ms─▒z de─şi┼şkeni 'std::wstring' de─şerinden 'const std::chrono::year &' de─şerine d├Ân├╝┼şt├╝r├╝lemez
              C:\ShadowStrike\ShadowStrike\src\Shared_modules\Core\Engine\QuarantineManager.cpp(784,28):
              Nedeni: 'std::wstring' de─şerinden 'const std::chrono::year' de─şerine d├Ân├╝┼şt├╝r├╝lemez
              C:\ShadowStrike\ShadowStrike\src\Shared_modules\Core\Engine\QuarantineManager.cpp(784,28):
              Bu d├Ân├╝┼şt├╝rmeyi ger├ğekle┼ştirecek kullan─▒c─▒ tan─▒ml─▒ d├Ân├╝┼şt├╝rme i┼şleci yok veya i┼şle├ğ ├ğa─şr─▒lam─▒yor
      C:\Program Files\Microsoft Visual Studio\2022\Community\VC\Tools\MSVC\14.44.35207\include\chrono(1411,49):
      veya       'std::chrono::year_month std::chrono::operator /(const std::chrono::year &,const std::chrono::month &) noexcept'
          C:\ShadowStrike\ShadowStrike\src\Shared_modules\Core\Engine\QuarantineManager.cpp(784,28):
          'std::chrono::year_month std::chrono::operator /(const std::chrono::year &,const std::chrono::month &) noexcept' : 1 ba─ş─▒ms─▒z de─şi┼şkeni 'std::wstring' de─şerinden 'const std::chrono::year &' de─şerine d├Ân├╝┼şt├╝r├╝lemez
              C:\ShadowStrike\ShadowStrike\src\Shared_modules\Core\Engine\QuarantineManager.cpp(784,28):
              Nedeni: 'std::wstring' de─şerinden 'const std::chrono::year' de─şerine d├Ân├╝┼şt├╝r├╝lemez
              C:\ShadowStrike\ShadowStrike\src\Shared_modules\Core\Engine\QuarantineManager.cpp(784,28):
              Bu d├Ân├╝┼şt├╝rmeyi ger├ğekle┼ştirecek kullan─▒c─▒ tan─▒ml─▒ d├Ân├╝┼şt├╝rme i┼şleci yok veya i┼şle├ğ ├ğa─şr─▒lam─▒yor
      C:\Program Files\Microsoft Visual Studio\2022\Community\VC\Tools\MSVC\14.44.35207\include\__msvc_chrono.hpp(347,54):
      veya       'common_type<_Ty1,_Uty1>::type std::chrono::operator /(const std::chrono::duration<_Rep,_Period> &,const std::chrono::duration<_Rep2,_Period2> &) noexcept(<expr>)'
          C:\ShadowStrike\ShadowStrike\src\Shared_modules\Core\Engine\QuarantineManager.cpp(784,28):
          'common_type<_Ty1,_Uty1>::type std::chrono::operator /(const std::chrono::duration<_Rep,_Period> &,const std::chrono::duration<_Rep2,_Period2> &) noexcept(<expr>)': ┼şablon ba─ş─▒ms─▒z de─şi┼şkeni ('const std::chrono::duration<_Rep,_Period> &' i├ğin, 'std::wstring' ├Â─şesinden) anla┼ş─▒lamad─▒
      C:\Program Files\Microsoft Visual Studio\2022\Community\VC\Tools\MSVC\14.44.35207\include\__msvc_chrono.hpp(338,105):
      veya       '_Duration_div_mod<common_type<_Ty1,_Uty1>::type,_Period1,_Rep2,std::chrono::_Is_duration_v<_Rep2>>::type std::chrono::operator /(const std::chrono::duration<_Rep,_Period> &,const _Rep2 &) noexcept(<expr>)'
          C:\ShadowStrike\ShadowStrike\src\Shared_modules\Core\Engine\QuarantineManager.cpp(784,28):
          '_Duration_div_mod<common_type<_Ty1,_Uty1>::type,_Period1,_Rep2,std::chrono::_Is_duration_v<_Rep2>>::type std::chrono::operator /(const std::chrono::duration<_Rep,_Period> &,const _Rep2 &) noexcept(<expr>)': ┼şablon ba─ş─▒ms─▒z de─şi┼şkeni ('const std::chrono::duration<_Rep,_Period> &' i├ğin, 'std::wstring' ├Â─şesinden) anla┼ş─▒lamad─▒
      C:\ShadowStrike\ShadowStrike\src\Shared_modules\Core\Engine\QuarantineManager.cpp(784,28):
      '(std::wstring, std::wstring)' ba─ş─▒ms─▒z de─şi┼şken listesi e┼şlenmeye ├ğal─▒┼ş─▒l─▒rken
  
C:\ShadowStrike\ShadowStrike\src\Shared_modules\Core\Engine\QuarantineManager.cpp(788,28): error C2678: ikili '/': 'std::wstring' t├╝r├╝nde bir sol taraf i┼şleneni alan hi├ğbir i┼şle├ğ bulunamad─▒ (veya hi├ğ kabul edilebilir d├Ân├╝┼şt├╝rme yok) [C:\ShadowStrike\ShadowStrike\ShadowStrike.vcxproj]
  ('/src/Shared_modules/Core/Engine/QuarantineManager.cpp' kaynak dosyas─▒ derleniyor)
      C:\Program Files\Microsoft Visual Studio\2022\Community\VC\Tools\MSVC\14.44.35207\include\chrono(1541,62):
      'std::chrono::year_month_weekday_last std::chrono::operator /(const std::chrono::month_weekday_last &,int) noexcept' olabilirdi
          C:\ShadowStrike\ShadowStrike\src\Shared_modules\Core\Engine\QuarantineManager.cpp(788,28):
          'std::chrono::year_month_weekday_last std::chrono::operator /(const std::chrono::month_weekday_last &,int) noexcept' : 1 ba─ş─▒ms─▒z de─şi┼şkeni 'std::wstring' de─şerinden 'const std::chrono::month_weekday_last &' de─şerine d├Ân├╝┼şt├╝r├╝lemez
              C:\ShadowStrike\ShadowStrike\src\Shared_modules\Core\Engine\QuarantineManager.cpp(788,28):
              Nedeni: 'std::wstring' de─şerinden 'const std::chrono::month_weekday_last' de─şerine d├Ân├╝┼şt├╝r├╝lemez
              C:\ShadowStrike\ShadowStrike\src\Shared_modules\Core\Engine\QuarantineManager.cpp(788,28):
              Bu d├Ân├╝┼şt├╝rmeyi ger├ğekle┼ştirecek kullan─▒c─▒ tan─▒ml─▒ d├Ân├╝┼şt├╝rme i┼şleci yok veya i┼şle├ğ ├ğa─şr─▒lam─▒yor
      C:\Program Files\Microsoft Visual Studio\2022\Community\VC\Tools\MSVC\14.44.35207\include\chrono(1537,62):
      veya       'std::chrono::year_month_weekday_last std::chrono::operator /(const std::chrono::month_weekday_last &,const std::chrono::year &) noexcept'
          C:\ShadowStrike\ShadowStrike\src\Shared_modules\Core\Engine\QuarantineManager.cpp(788,28):
          'std::chrono::year_month_weekday_last std::chrono::operator /(const std::chrono::month_weekday_last &,const std::chrono::year &) noexcept' : 1 ba─ş─▒ms─▒z de─şi┼şkeni 'std::wstring' de─şerinden 'const std::chrono::month_weekday_last &' de─şerine d├Ân├╝┼şt├╝r├╝lemez
              C:\ShadowStrike\ShadowStrike\src\Shared_modules\Core\Engine\QuarantineManager.cpp(788,28):
              Nedeni: 'std::wstring' de─şerinden 'const std::chrono::month_weekday_last' de─şerine d├Ân├╝┼şt├╝r├╝lemez
              C:\ShadowStrike\ShadowStrike\src\Shared_modules\Core\Engine\QuarantineManager.cpp(788,28):
              Bu d├Ân├╝┼şt├╝rmeyi ger├ğekle┼ştirecek kullan─▒c─▒ tan─▒ml─▒ d├Ân├╝┼şt├╝rme i┼şleci yok veya i┼şle├ğ ├ğa─şr─▒lam─▒yor
      C:\Program Files\Microsoft Visual Studio\2022\Community\VC\Tools\MSVC\14.44.35207\include\chrono(1533,62):
      veya       'std::chrono::year_month_weekday_last std::chrono::operator /(int,const std::chrono::month_weekday_last &) noexcept'
          C:\ShadowStrike\ShadowStrike\src\Shared_modules\Core\Engine\QuarantineManager.cpp(788,28):
          'std::chrono::year_month_weekday_last std::chrono::operator /(int,const std::chrono::month_weekday_last &) noexcept' : 1 ba─ş─▒ms─▒z de─şi┼şkeni 'std::wstring' de─şerinden 'int' de─şerine d├Ân├╝┼şt├╝r├╝lemez
              C:\ShadowStrike\ShadowStrike\src\Shared_modules\Core\Engine\QuarantineManager.cpp(788,28):
              Bu d├Ân├╝┼şt├╝rmeyi ger├ğekle┼ştirecek kullan─▒c─▒ tan─▒ml─▒ d├Ân├╝┼şt├╝rme i┼şleci yok veya i┼şle├ğ ├ğa─şr─▒lam─▒yor
      C:\Program Files\Microsoft Visual Studio\2022\Community\VC\Tools\MSVC\14.44.35207\include\chrono(1529,62):
      veya       'std::chrono::year_month_weekday_last std::chrono::operator /(const std::chrono::year &,const std::chrono::month_weekday_last &) noexcept'
          C:\ShadowStrike\ShadowStrike\src\Shared_modules\Core\Engine\QuarantineManager.cpp(788,28):
          'std::chrono::year_month_weekday_last std::chrono::operator /(const std::chrono::year &,const std::chrono::month_weekday_last &) noexcept' : 1 ba─ş─▒ms─▒z de─şi┼şkeni 'std::wstring' de─şerinden 'const std::chrono::year &' de─şerine d├Ân├╝┼şt├╝r├╝lemez
              C:\ShadowStrike\ShadowStrike\src\Shared_modules\Core\Engine\QuarantineManager.cpp(788,28):
              Nedeni: 'std::wstring' de─şerinden 'const std::chrono::year' de─şerine d├Ân├╝┼şt├╝r├╝lemez
              C:\ShadowStrike\ShadowStrike\src\Shared_modules\Core\Engine\QuarantineManager.cpp(788,28):
              Bu d├Ân├╝┼şt├╝rmeyi ger├ğekle┼ştirecek kullan─▒c─▒ tan─▒ml─▒ d├Ân├╝┼şt├╝rme i┼şleci yok veya i┼şle├ğ ├ğa─şr─▒lam─▒yor
      C:\Program Files\Microsoft Visual Studio\2022\Community\VC\Tools\MSVC\14.44.35207\include\chrono(1525,62):
      veya       'std::chrono::year_month_weekday_last std::chrono::operator /(const std::chrono::year_month &,const std::chrono::weekday_last &) noexcept'
          C:\ShadowStrike\ShadowStrike\src\Shared_modules\Core\Engine\QuarantineManager.cpp(788,28):
          'std::chrono::year_month_weekday_last std::chrono::operator /(const std::chrono::year_month &,const std::chrono::weekday_last &) noexcept' : 1 ba─ş─▒ms─▒z de─şi┼şkeni 'std::wstring' de─şerinden 'const std::chrono::year_month &' de─şerine d├Ân├╝┼şt├╝r├╝lemez
              C:\ShadowStrike\ShadowStrike\src\Shared_modules\Core\Engine\QuarantineManager.cpp(788,28):
              Nedeni: 'std::wstring' de─şerinden 'const std::chrono::year_month' de─şerine d├Ân├╝┼şt├╝r├╝lemez
              C:\ShadowStrike\ShadowStrike\src\Shared_modules\Core\Engine\QuarantineManager.cpp(788,28):
              Bu d├Ân├╝┼şt├╝rmeyi ger├ğekle┼ştirecek kullan─▒c─▒ tan─▒ml─▒ d├Ân├╝┼şt├╝rme i┼şleci yok veya i┼şle├ğ ├ğa─şr─▒lam─▒yor
      C:\Program Files\Microsoft Visual Studio\2022\Community\VC\Tools\MSVC\14.44.35207\include\chrono(1522,57):
      veya       'std::chrono::year_month_weekday std::chrono::operator /(const std::chrono::month_weekday &,int) noexcept'
          C:\ShadowStrike\ShadowStrike\src\Shared_modules\Core\Engine\QuarantineManager.cpp(788,28):
          'std::chrono::year_month_weekday std::chrono::operator /(const std::chrono::month_weekday &,int) noexcept' : 1 ba─ş─▒ms─▒z de─şi┼şkeni 'std::wstring' de─şerinden 'const std::chrono::month_weekday &' de─şerine d├Ân├╝┼şt├╝r├╝lemez
              C:\ShadowStrike\ShadowStrike\src\Shared_modules\Core\Engine\QuarantineManager.cpp(788,28):
              Nedeni: 'std::wstring' de─şerinden 'const std::chrono::month_weekday' de─şerine d├Ân├╝┼şt├╝r├╝lemez
              C:\ShadowStrike\ShadowStrike\src\Shared_modules\Core\Engine\QuarantineManager.cpp(788,28):
              Bu d├Ân├╝┼şt├╝rmeyi ger├ğekle┼ştirecek kullan─▒c─▒ tan─▒ml─▒ d├Ân├╝┼şt├╝rme i┼şleci yok veya i┼şle├ğ ├ğa─şr─▒lam─▒yor
      C:\Program Files\Microsoft Visual Studio\2022\Community\VC\Tools\MSVC\14.44.35207\include\chrono(1518,57):
      veya       'std::chrono::year_month_weekday std::chrono::operator /(const std::chrono::month_weekday &,const std::chrono::year &) noexcept'
          C:\ShadowStrike\ShadowStrike\src\Shared_modules\Core\Engine\QuarantineManager.cpp(788,28):
          'std::chrono::year_month_weekday std::chrono::operator /(const std::chrono::month_weekday &,const std::chrono::year &) noexcept' : 1 ba─ş─▒ms─▒z de─şi┼şkeni 'std::wstring' de─şerinden 'const std::chrono::month_weekday &' de─şerine d├Ân├╝┼şt├╝r├╝lemez
              C:\ShadowStrike\ShadowStrike\src\Shared_modules\Core\Engine\QuarantineManager.cpp(788,28):
              Nedeni: 'std::wstring' de─şerinden 'const std::chrono::month_weekday' de─şerine d├Ân├╝┼şt├╝r├╝lemez
              C:\ShadowStrike\ShadowStrike\src\Shared_modules\Core\Engine\QuarantineManager.cpp(788,28):
              Bu d├Ân├╝┼şt├╝rmeyi ger├ğekle┼ştirecek kullan─▒c─▒ tan─▒ml─▒ d├Ân├╝┼şt├╝rme i┼şleci yok veya i┼şle├ğ ├ğa─şr─▒lam─▒yor
      C:\Program Files\Microsoft Visual Studio\2022\Community\VC\Tools\MSVC\14.44.35207\include\chrono(1515,57):
      veya       'std::chrono::year_month_weekday std::chrono::operator /(int,const std::chrono::month_weekday &) noexcept'
          C:\ShadowStrike\ShadowStrike\src\Shared_modules\Core\Engine\QuarantineManager.cpp(788,28):
          'std::chrono::year_month_weekday std::chrono::operator /(int,const std::chrono::month_weekday &) noexcept' : 1 ba─ş─▒ms─▒z de─şi┼şkeni 'std::wstring' de─şerinden 'int' de─şerine d├Ân├╝┼şt├╝r├╝lemez
              C:\ShadowStrike\ShadowStrike\src\Shared_modules\Core\Engine\QuarantineManager.cpp(788,28):
              Bu d├Ân├╝┼şt├╝rmeyi ger├ğekle┼ştirecek kullan─▒c─▒ tan─▒ml─▒ d├Ân├╝┼şt├╝rme i┼şleci yok veya i┼şle├ğ ├ğa─şr─▒lam─▒yor
      C:\Program Files\Microsoft Visual Studio\2022\Community\VC\Tools\MSVC\14.44.35207\include\chrono(1511,57):
      veya       'std::chrono::year_month_weekday std::chrono::operator /(const std::chrono::year &,const std::chrono::month_weekday &) noexcept'
          C:\ShadowStrike\ShadowStrike\src\Shared_modules\Core\Engine\QuarantineManager.cpp(788,28):
          'std::chrono::year_month_weekday std::chrono::operator /(const std::chrono::year &,const std::chrono::month_weekday &) noexcept' : 1 ba─ş─▒ms─▒z de─şi┼şkeni 'std::wstring' de─şerinden 'const std::chrono::year &' de─şerine d├Ân├╝┼şt├╝r├╝lemez
              C:\ShadowStrike\ShadowStrike\src\Shared_modules\Core\Engine\QuarantineManager.cpp(788,28):
              Nedeni: 'std::wstring' de─şerinden 'const std::chrono::year' de─şerine d├Ân├╝┼şt├╝r├╝lemez
              C:\ShadowStrike\ShadowStrike\src\Shared_modules\Core\Engine\QuarantineManager.cpp(788,28):
              Bu d├Ân├╝┼şt├╝rmeyi ger├ğekle┼ştirecek kullan─▒c─▒ tan─▒ml─▒ d├Ân├╝┼şt├╝rme i┼şleci yok veya i┼şle├ğ ├ğa─şr─▒lam─▒yor
      C:\Program Files\Microsoft Visual Studio\2022\Community\VC\Tools\MSVC\14.44.35207\include\chrono(1507,57):
      veya       'std::chrono::year_month_weekday std::chrono::operator /(const std::chrono::year_month &,const std::chrono::weekday_indexed &) noexcept'
          C:\ShadowStrike\ShadowStrike\src\Shared_modules\Core\Engine\QuarantineManager.cpp(788,28):
          'std::chrono::year_month_weekday std::chrono::operator /(const std::chrono::year_month &,const std::chrono::weekday_indexed &) noexcept' : 1 ba─ş─▒ms─▒z de─şi┼şkeni 'std::wstring' de─şerinden 'const std::chrono::year_month &' de─şerine d├Ân├╝┼şt├╝r├╝lemez
              C:\ShadowStrike\ShadowStrike\src\Shared_modules\Core\Engine\QuarantineManager.cpp(788,28):
              Nedeni: 'std::wstring' de─şerinden 'const std::chrono::year_month' de─şerine d├Ân├╝┼şt├╝r├╝lemez
              C:\ShadowStrike\ShadowStrike\src\Shared_modules\Core\Engine\QuarantineManager.cpp(788,28):
              Bu d├Ân├╝┼şt├╝rmeyi ger├ğekle┼ştirecek kullan─▒c─▒ tan─▒ml─▒ d├Ân├╝┼şt├╝rme i┼şleci yok veya i┼şle├ğ ├ğa─şr─▒lam─▒yor
      C:\Program Files\Microsoft Visual Studio\2022\Community\VC\Tools\MSVC\14.44.35207\include\chrono(1504,58):
      veya       'std::chrono::year_month_day_last std::chrono::operator /(const std::chrono::month_day_last &,int) noexcept'
          C:\ShadowStrike\ShadowStrike\src\Shared_modules\Core\Engine\QuarantineManager.cpp(788,28):
          'std::chrono::year_month_day_last std::chrono::operator /(const std::chrono::month_day_last &,int) noexcept' : 1 ba─ş─▒ms─▒z de─şi┼şkeni 'std::wstring' de─şerinden 'const std::chrono::month_day_last &' de─şerine d├Ân├╝┼şt├╝r├╝lemez
              C:\ShadowStrike\ShadowStrike\src\Shared_modules\Core\Engine\QuarantineManager.cpp(788,28):
              Nedeni: 'std::wstring' de─şerinden 'const std::chrono::month_day_last' de─şerine d├Ân├╝┼şt├╝r├╝lemez
              C:\ShadowStrike\ShadowStrike\src\Shared_modules\Core\Engine\QuarantineManager.cpp(788,28):
              Bu d├Ân├╝┼şt├╝rmeyi ger├ğekle┼ştirecek kullan─▒c─▒ tan─▒ml─▒ d├Ân├╝┼şt├╝rme i┼şleci yok veya i┼şle├ğ ├ğa─şr─▒lam─▒yor
      C:\Program Files\Microsoft Visual Studio\2022\Community\VC\Tools\MSVC\14.44.35207\include\chrono(1500,58):
      veya       'std::chrono::year_month_day_last std::chrono::operator /(const std::chrono::month_day_last &,const std::chrono::year &) noexcept'
          C:\ShadowStrike\ShadowStrike\src\Shared_modules\Core\Engine\QuarantineManager.cpp(788,28):
          'std::chrono::year_month_day_last std::chrono::operator /(const std::chrono::month_day_last &,const std::chrono::year &) noexcept' : 1 ba─ş─▒ms─▒z de─şi┼şkeni 'std::wstring' de─şerinden 'const std::chrono::month_day_last &' de─şerine d├Ân├╝┼şt├╝r├╝lemez
              C:\ShadowStrike\ShadowStrike\src\Shared_modules\Core\Engine\QuarantineManager.cpp(788,28):
              Nedeni: 'std::wstring' de─şerinden 'const std::chrono::month_day_last' de─şerine d├Ân├╝┼şt├╝r├╝lemez
              C:\ShadowStrike\ShadowStrike\src\Shared_modules\Core\Engine\QuarantineManager.cpp(788,28):
              Bu d├Ân├╝┼şt├╝rmeyi ger├ğekle┼ştirecek kullan─▒c─▒ tan─▒ml─▒ d├Ân├╝┼şt├╝rme i┼şleci yok veya i┼şle├ğ ├ğa─şr─▒lam─▒yor
      C:\Program Files\Microsoft Visual Studio\2022\Community\VC\Tools\MSVC\14.44.35207\include\chrono(1497,58):
      veya       'std::chrono::year_month_day_last std::chrono::operator /(int,const std::chrono::month_day_last &) noexcept'
          C:\ShadowStrike\ShadowStrike\src\Shared_modules\Core\Engine\QuarantineManager.cpp(788,28):
          'std::chrono::year_month_day_last std::chrono::operator /(int,const std::chrono::month_day_last &) noexcept' : 1 ba─ş─▒ms─▒z de─şi┼şkeni 'std::wstring' de─şerinden 'int' de─şerine d├Ân├╝┼şt├╝r├╝lemez
              C:\ShadowStrike\ShadowStrike\src\Shared_modules\Core\Engine\QuarantineManager.cpp(788,28):
              Bu d├Ân├╝┼şt├╝rmeyi ger├ğekle┼ştirecek kullan─▒c─▒ tan─▒ml─▒ d├Ân├╝┼şt├╝rme i┼şleci yok veya i┼şle├ğ ├ğa─şr─▒lam─▒yor
      C:\Program Files\Microsoft Visual Studio\2022\Community\VC\Tools\MSVC\14.44.35207\include\chrono(1493,58):
      veya       'std::chrono::year_month_day_last std::chrono::operator /(const std::chrono::year &,const std::chrono::month_day_last &) noexcept'
          C:\ShadowStrike\ShadowStrike\src\Shared_modules\Core\Engine\QuarantineManager.cpp(788,28):
          'std::chrono::year_month_day_last std::chrono::operator /(const std::chrono::year &,const std::chrono::month_day_last &) noexcept' : 1 ba─ş─▒ms─▒z de─şi┼şkeni 'std::wstring' de─şerinden 'const std::chrono::year &' de─şerine d├Ân├╝┼şt├╝r├╝lemez
              C:\ShadowStrike\ShadowStrike\src\Shared_modules\Core\Engine\QuarantineManager.cpp(788,28):
              Nedeni: 'std::wstring' de─şerinden 'const std::chrono::year' de─şerine d├Ân├╝┼şt├╝r├╝lemez
              C:\ShadowStrike\ShadowStrike\src\Shared_modules\Core\Engine\QuarantineManager.cpp(788,28):
              Bu d├Ân├╝┼şt├╝rmeyi ger├ğekle┼ştirecek kullan─▒c─▒ tan─▒ml─▒ d├Ân├╝┼şt├╝rme i┼şleci yok veya i┼şle├ğ ├ğa─şr─▒lam─▒yor
      C:\Program Files\Microsoft Visual Studio\2022\Community\VC\Tools\MSVC\14.44.35207\include\chrono(1490,58):
      veya       'std::chrono::year_month_day_last std::chrono::operator /(const std::chrono::year_month &,std::chrono::last_spec) noexcept'
          C:\ShadowStrike\ShadowStrike\src\Shared_modules\Core\Engine\QuarantineManager.cpp(788,28):
          'std::chrono::year_month_day_last std::chrono::operator /(const std::chrono::year_month &,std::chrono::last_spec) noexcept' : 1 ba─ş─▒ms─▒z de─şi┼şkeni 'std::wstring' de─şerinden 'const std::chrono::year_month &' de─şerine d├Ân├╝┼şt├╝r├╝lemez
              C:\ShadowStrike\ShadowStrike\src\Shared_modules\Core\Engine\QuarantineManager.cpp(788,28):
              Nedeni: 'std::wstring' de─şerinden 'const std::chrono::year_month' de─şerine d├Ân├╝┼şt├╝r├╝lemez
              C:\ShadowStrike\ShadowStrike\src\Shared_modules\Core\Engine\QuarantineManager.cpp(788,28):
              Bu d├Ân├╝┼şt├╝rmeyi ger├ğekle┼ştirecek kullan─▒c─▒ tan─▒ml─▒ d├Ân├╝┼şt├╝rme i┼şleci yok veya i┼şle├ğ ├ğa─şr─▒lam─▒yor
      C:\Program Files\Microsoft Visual Studio\2022\Community\VC\Tools\MSVC\14.44.35207\include\chrono(1487,53):
      veya       'std::chrono::year_month_day std::chrono::operator /(const std::chrono::month_day &,int) noexcept'
          C:\ShadowStrike\ShadowStrike\src\Shared_modules\Core\Engine\QuarantineManager.cpp(788,28):
          'std::chrono::year_month_day std::chrono::operator /(const std::chrono::month_day &,int) noexcept' : 1 ba─ş─▒ms─▒z de─şi┼şkeni 'std::wstring' de─şerinden 'const std::chrono::month_day &' de─şerine d├Ân├╝┼şt├╝r├╝lemez
              C:\ShadowStrike\ShadowStrike\src\Shared_modules\Core\Engine\QuarantineManager.cpp(788,28):
              Nedeni: 'std::wstring' de─şerinden 'const std::chrono::month_day' de─şerine d├Ân├╝┼şt├╝r├╝lemez
              C:\ShadowStrike\ShadowStrike\src\Shared_modules\Core\Engine\QuarantineManager.cpp(788,28):
              Bu d├Ân├╝┼şt├╝rmeyi ger├ğekle┼ştirecek kullan─▒c─▒ tan─▒ml─▒ d├Ân├╝┼şt├╝rme i┼şleci yok veya i┼şle├ğ ├ğa─şr─▒lam─▒yor
      C:\Program Files\Microsoft Visual Studio\2022\Community\VC\Tools\MSVC\14.44.35207\include\chrono(1484,53):
      veya       'std::chrono::year_month_day std::chrono::operator /(const std::chrono::month_day &,const std::chrono::year &) noexcept'
          C:\ShadowStrike\ShadowStrike\src\Shared_modules\Core\Engine\QuarantineManager.cpp(788,28):
          'std::chrono::year_month_day std::chrono::operator /(const std::chrono::month_day &,const std::chrono::year &) noexcept' : 1 ba─ş─▒ms─▒z de─şi┼şkeni 'std::wstring' de─şerinden 'const std::chrono::month_day &' de─şerine d├Ân├╝┼şt├╝r├╝lemez
              C:\ShadowStrike\ShadowStrike\src\Shared_modules\Core\Engine\QuarantineManager.cpp(788,28):
              Nedeni: 'std::wstring' de─şerinden 'const std::chrono::month_day' de─şerine d├Ân├╝┼şt├╝r├╝lemez
              C:\ShadowStrike\ShadowStrike\src\Shared_modules\Core\Engine\QuarantineManager.cpp(788,28):
              Bu d├Ân├╝┼şt├╝rmeyi ger├ğekle┼ştirecek kullan─▒c─▒ tan─▒ml─▒ d├Ân├╝┼şt├╝rme i┼şleci yok veya i┼şle├ğ ├ğa─şr─▒lam─▒yor
      C:\Program Files\Microsoft Visual Studio\2022\Community\VC\Tools\MSVC\14.44.35207\include\chrono(1481,53):
      veya       'std::chrono::year_month_day std::chrono::operator /(int,const std::chrono::month_day &) noexcept'
          C:\ShadowStrike\ShadowStrike\src\Shared_modules\Core\Engine\QuarantineManager.cpp(788,28):
          'std::chrono::year_month_day std::chrono::operator /(int,const std::chrono::month_day &) noexcept' : 1 ba─ş─▒ms─▒z de─şi┼şkeni 'std::wstring' de─şerinden 'int' de─şerine d├Ân├╝┼şt├╝r├╝lemez
              C:\ShadowStrike\ShadowStrike\src\Shared_modules\Core\Engine\QuarantineManager.cpp(788,28):
              Bu d├Ân├╝┼şt├╝rmeyi ger├ğekle┼ştirecek kullan─▒c─▒ tan─▒ml─▒ d├Ân├╝┼şt├╝rme i┼şleci yok veya i┼şle├ğ ├ğa─şr─▒lam─▒yor
      C:\Program Files\Microsoft Visual Studio\2022\Community\VC\Tools\MSVC\14.44.35207\include\chrono(1478,53):
      veya       'std::chrono::year_month_day std::chrono::operator /(const std::chrono::year &,const std::chrono::month_day &) noexcept'
          C:\ShadowStrike\ShadowStrike\src\Shared_modules\Core\Engine\QuarantineManager.cpp(788,28):
          'std::chrono::year_month_day std::chrono::operator /(const std::chrono::year &,const std::chrono::month_day &) noexcept' : 1 ba─ş─▒ms─▒z de─şi┼şkeni 'std::wstring' de─şerinden 'const std::chrono::year &' de─şerine d├Ân├╝┼şt├╝r├╝lemez
              C:\ShadowStrike\ShadowStrike\src\Shared_modules\Core\Engine\QuarantineManager.cpp(788,28):
              Nedeni: 'std::wstring' de─şerinden 'const std::chrono::year' de─şerine d├Ân├╝┼şt├╝r├╝lemez
              C:\ShadowStrike\ShadowStrike\src\Shared_modules\Core\Engine\QuarantineManager.cpp(788,28):
              Bu d├Ân├╝┼şt├╝rmeyi ger├ğekle┼ştirecek kullan─▒c─▒ tan─▒ml─▒ d├Ân├╝┼şt├╝rme i┼şleci yok veya i┼şle├ğ ├ğa─şr─▒lam─▒yor
      C:\Program Files\Microsoft Visual Studio\2022\Community\VC\Tools\MSVC\14.44.35207\include\chrono(1475,53):
      veya       'std::chrono::year_month_day std::chrono::operator /(const std::chrono::year_month &,int) noexcept'
          C:\ShadowStrike\ShadowStrike\src\Shared_modules\Core\Engine\QuarantineManager.cpp(788,28):
          'std::chrono::year_month_day std::chrono::operator /(const std::chrono::year_month &,int) noexcept' : 1 ba─ş─▒ms─▒z de─şi┼şkeni 'std::wstring' de─şerinden 'const std::chrono::year_month &' de─şerine d├Ân├╝┼şt├╝r├╝lemez
              C:\ShadowStrike\ShadowStrike\src\Shared_modules\Core\Engine\QuarantineManager.cpp(788,28):
              Nedeni: 'std::wstring' de─şerinden 'const std::chrono::year_month' de─şerine d├Ân├╝┼şt├╝r├╝lemez
              C:\ShadowStrike\ShadowStrike\src\Shared_modules\Core\Engine\QuarantineManager.cpp(788,28):
              Bu d├Ân├╝┼şt├╝rmeyi ger├ğekle┼ştirecek kullan─▒c─▒ tan─▒ml─▒ d├Ân├╝┼şt├╝rme i┼şleci yok veya i┼şle├ğ ├ğa─şr─▒lam─▒yor
      C:\Program Files\Microsoft Visual Studio\2022\Community\VC\Tools\MSVC\14.44.35207\include\chrono(1472,53):
      veya       'std::chrono::year_month_day std::chrono::operator /(const std::chrono::year_month &,const std::chrono::day &) noexcept'
          C:\ShadowStrike\ShadowStrike\src\Shared_modules\Core\Engine\QuarantineManager.cpp(788,28):
          'std::chrono::year_month_day std::chrono::operator /(const std::chrono::year_month &,const std::chrono::day &) noexcept' : 1 ba─ş─▒ms─▒z de─şi┼şkeni 'std::wstring' de─şerinden 'const std::chrono::year_month &' de─şerine d├Ân├╝┼şt├╝r├╝lemez
              C:\ShadowStrike\ShadowStrike\src\Shared_modules\Core\Engine\QuarantineManager.cpp(788,28):
              Nedeni: 'std::wstring' de─şerinden 'const std::chrono::year_month' de─şerine d├Ân├╝┼şt├╝r├╝lemez
              C:\ShadowStrike\ShadowStrike\src\Shared_modules\Core\Engine\QuarantineManager.cpp(788,28):
              Bu d├Ân├╝┼şt├╝rmeyi ger├ğekle┼ştirecek kullan─▒c─▒ tan─▒ml─▒ d├Ân├╝┼şt├╝rme i┼şleci yok veya i┼şle├ğ ├ğa─şr─▒lam─▒yor
      C:\Program Files\Microsoft Visual Studio\2022\Community\VC\Tools\MSVC\14.44.35207\include\chrono(1469,57):
      veya       'std::chrono::month_weekday_last std::chrono::operator /(const std::chrono::weekday_last &,int) noexcept'
          C:\ShadowStrike\ShadowStrike\src\Shared_modules\Core\Engine\QuarantineManager.cpp(788,28):
          'std::chrono::month_weekday_last std::chrono::operator /(const std::chrono::weekday_last &,int) noexcept' : 1 ba─ş─▒ms─▒z de─şi┼şkeni 'std::wstring' de─şerinden 'const std::chrono::weekday_last &' de─şerine d├Ân├╝┼şt├╝r├╝lemez
              C:\ShadowStrike\ShadowStrike\src\Shared_modules\Core\Engine\QuarantineManager.cpp(788,28):
              Nedeni: 'std::wstring' de─şerinden 'const std::chrono::weekday_last' de─şerine d├Ân├╝┼şt├╝r├╝lemez
              C:\ShadowStrike\ShadowStrike\src\Shared_modules\Core\Engine\QuarantineManager.cpp(788,28):
              Bu d├Ân├╝┼şt├╝rmeyi ger├ğekle┼ştirecek kullan─▒c─▒ tan─▒ml─▒ d├Ân├╝┼şt├╝rme i┼şleci yok veya i┼şle├ğ ├ğa─şr─▒lam─▒yor
      C:\Program Files\Microsoft Visual Studio\2022\Community\VC\Tools\MSVC\14.44.35207\include\chrono(1465,57):
      veya       'std::chrono::month_weekday_last std::chrono::operator /(const std::chrono::weekday_last &,const std::chrono::month &) noexcept'
          C:\ShadowStrike\ShadowStrike\src\Shared_modules\Core\Engine\QuarantineManager.cpp(788,28):
          'std::chrono::month_weekday_last std::chrono::operator /(const std::chrono::weekday_last &,const std::chrono::month &) noexcept' : 1 ba─ş─▒ms─▒z de─şi┼şkeni 'std::wstring' de─şerinden 'const std::chrono::weekday_last &' de─şerine d├Ân├╝┼şt├╝r├╝lemez
              C:\ShadowStrike\ShadowStrike\src\Shared_modules\Core\Engine\QuarantineManager.cpp(788,28):
              Nedeni: 'std::wstring' de─şerinden 'const std::chrono::weekday_last' de─şerine d├Ân├╝┼şt├╝r├╝lemez
              C:\ShadowStrike\ShadowStrike\src\Shared_modules\Core\Engine\QuarantineManager.cpp(788,28):
              Bu d├Ân├╝┼şt├╝rmeyi ger├ğekle┼ştirecek kullan─▒c─▒ tan─▒ml─▒ d├Ân├╝┼şt├╝rme i┼şleci yok veya i┼şle├ğ ├ğa─şr─▒lam─▒yor
      C:\Program Files\Microsoft Visual Studio\2022\Community\VC\Tools\MSVC\14.44.35207\include\chrono(1462,57):
      veya       'std::chrono::month_weekday_last std::chrono::operator /(int,const std::chrono::weekday_last &) noexcept'
          C:\ShadowStrike\ShadowStrike\src\Shared_modules\Core\Engine\QuarantineManager.cpp(788,28):
          'std::chrono::month_weekday_last std::chrono::operator /(int,const std::chrono::weekday_last &) noexcept' : 1 ba─ş─▒ms─▒z de─şi┼şkeni 'std::wstring' de─şerinden 'int' de─şerine d├Ân├╝┼şt├╝r├╝lemez
              C:\ShadowStrike\ShadowStrike\src\Shared_modules\Core\Engine\QuarantineManager.cpp(788,28):
              Bu d├Ân├╝┼şt├╝rmeyi ger├ğekle┼ştirecek kullan─▒c─▒ tan─▒ml─▒ d├Ân├╝┼şt├╝rme i┼şleci yok veya i┼şle├ğ ├ğa─şr─▒lam─▒yor
      C:\Program Files\Microsoft Visual Studio\2022\Community\VC\Tools\MSVC\14.44.35207\include\chrono(1458,57):
      veya       'std::chrono::month_weekday_last std::chrono::operator /(const std::chrono::month &,const std::chrono::weekday_last &) noexcept'
          C:\ShadowStrike\ShadowStrike\src\Shared_modules\Core\Engine\QuarantineManager.cpp(788,28):
          'std::chrono::month_weekday_last std::chrono::operator /(const std::chrono::month &,const std::chrono::weekday_last &) noexcept' : 1 ba─ş─▒ms─▒z de─şi┼şkeni 'std::wstring' de─şerinden 'const std::chrono::month &' de─şerine d├Ân├╝┼şt├╝r├╝lemez
              C:\ShadowStrike\ShadowStrike\src\Shared_modules\Core\Engine\QuarantineManager.cpp(788,28):
              Nedeni: 'std::wstring' de─şerinden 'const std::chrono::month' de─şerine d├Ân├╝┼şt├╝r├╝lemez
              C:\ShadowStrike\ShadowStrike\src\Shared_modules\Core\Engine\QuarantineManager.cpp(788,28):
              Bu d├Ân├╝┼şt├╝rmeyi ger├ğekle┼ştirecek kullan─▒c─▒ tan─▒ml─▒ d├Ân├╝┼şt├╝rme i┼şleci yok veya i┼şle├ğ ├ğa─şr─▒lam─▒yor
      C:\Program Files\Microsoft Visual Studio\2022\Community\VC\Tools\MSVC\14.44.35207\include\chrono(1455,52):
      veya       'std::chrono::month_weekday std::chrono::operator /(const std::chrono::weekday_indexed &,int) noexcept'
          C:\ShadowStrike\ShadowStrike\src\Shared_modules\Core\Engine\QuarantineManager.cpp(788,28):
          'std::chrono::month_weekday std::chrono::operator /(const std::chrono::weekday_indexed &,int) noexcept' : 1 ba─ş─▒ms─▒z de─şi┼şkeni 'std::wstring' de─şerinden 'const std::chrono::weekday_indexed &' de─şerine d├Ân├╝┼şt├╝r├╝lemez
              C:\ShadowStrike\ShadowStrike\src\Shared_modules\Core\Engine\QuarantineManager.cpp(788,28):
              Nedeni: 'std::wstring' de─şerinden 'const std::chrono::weekday_indexed' de─şerine d├Ân├╝┼şt├╝r├╝lemez
              C:\ShadowStrike\ShadowStrike\src\Shared_modules\Core\Engine\QuarantineManager.cpp(788,28):
              Bu d├Ân├╝┼şt├╝rmeyi ger├ğekle┼ştirecek kullan─▒c─▒ tan─▒ml─▒ d├Ân├╝┼şt├╝rme i┼şleci yok veya i┼şle├ğ ├ğa─şr─▒lam─▒yor
      C:\Program Files\Microsoft Visual Studio\2022\Community\VC\Tools\MSVC\14.44.35207\include\chrono(1451,52):
      veya       'std::chrono::month_weekday std::chrono::operator /(const std::chrono::weekday_indexed &,const std::chrono::month &) noexcept'
          C:\ShadowStrike\ShadowStrike\src\Shared_modules\Core\Engine\QuarantineManager.cpp(788,28):
          'std::chrono::month_weekday std::chrono::operator /(const std::chrono::weekday_indexed &,const std::chrono::month &) noexcept' : 1 ba─ş─▒ms─▒z de─şi┼şkeni 'std::wstring' de─şerinden 'const std::chrono::weekday_indexed &' de─şerine d├Ân├╝┼şt├╝r├╝lemez
              C:\ShadowStrike\ShadowStrike\src\Shared_modules\Core\Engine\QuarantineManager.cpp(788,28):
              Nedeni: 'std::wstring' de─şerinden 'const std::chrono::weekday_indexed' de─şerine d├Ân├╝┼şt├╝r├╝lemez
              C:\ShadowStrike\ShadowStrike\src\Shared_modules\Core\Engine\QuarantineManager.cpp(788,28):
              Bu d├Ân├╝┼şt├╝rmeyi ger├ğekle┼ştirecek kullan─▒c─▒ tan─▒ml─▒ d├Ân├╝┼şt├╝rme i┼şleci yok veya i┼şle├ğ ├ğa─şr─▒lam─▒yor
      C:\Program Files\Microsoft Visual Studio\2022\Community\VC\Tools\MSVC\14.44.35207\include\chrono(1448,52):
      veya       'std::chrono::month_weekday std::chrono::operator /(int,const std::chrono::weekday_indexed &) noexcept'
          C:\ShadowStrike\ShadowStrike\src\Shared_modules\Core\Engine\QuarantineManager.cpp(788,28):
          'std::chrono::month_weekday std::chrono::operator /(int,const std::chrono::weekday_indexed &) noexcept' : 1 ba─ş─▒ms─▒z de─şi┼şkeni 'std::wstring' de─şerinden 'int' de─şerine d├Ân├╝┼şt├╝r├╝lemez
              C:\ShadowStrike\ShadowStrike\src\Shared_modules\Core\Engine\QuarantineManager.cpp(788,28):
              Bu d├Ân├╝┼şt├╝rmeyi ger├ğekle┼ştirecek kullan─▒c─▒ tan─▒ml─▒ d├Ân├╝┼şt├╝rme i┼şleci yok veya i┼şle├ğ ├ğa─şr─▒lam─▒yor
      C:\Program Files\Microsoft Visual Studio\2022\Community\VC\Tools\MSVC\14.44.35207\include\chrono(1444,52):
      veya       'std::chrono::month_weekday std::chrono::operator /(const std::chrono::month &,const std::chrono::weekday_indexed &) noexcept'
          C:\ShadowStrike\ShadowStrike\src\Shared_modules\Core\Engine\QuarantineManager.cpp(788,28):
          'std::chrono::month_weekday std::chrono::operator /(const std::chrono::month &,const std::chrono::weekday_indexed &) noexcept' : 1 ba─ş─▒ms─▒z de─şi┼şkeni 'std::wstring' de─şerinden 'const std::chrono::month &' de─şerine d├Ân├╝┼şt├╝r├╝lemez
              C:\ShadowStrike\ShadowStrike\src\Shared_modules\Core\Engine\QuarantineManager.cpp(788,28):
              Nedeni: 'std::wstring' de─şerinden 'const std::chrono::month' de─şerine d├Ân├╝┼şt├╝r├╝lemez
              C:\ShadowStrike\ShadowStrike\src\Shared_modules\Core\Engine\QuarantineManager.cpp(788,28):
              Bu d├Ân├╝┼şt├╝rmeyi ger├ğekle┼ştirecek kullan─▒c─▒ tan─▒ml─▒ d├Ân├╝┼şt├╝rme i┼şleci yok veya i┼şle├ğ ├ğa─şr─▒lam─▒yor
      C:\Program Files\Microsoft Visual Studio\2022\Community\VC\Tools\MSVC\14.44.35207\include\chrono(1441,53):
      veya       'std::chrono::month_day_last std::chrono::operator /(std::chrono::last_spec,int) noexcept'
          C:\ShadowStrike\ShadowStrike\src\Shared_modules\Core\Engine\QuarantineManager.cpp(788,28):
          'std::chrono::month_day_last std::chrono::operator /(std::chrono::last_spec,int) noexcept' : 1 ba─ş─▒ms─▒z de─şi┼şkeni 'std::wstring' de─şerinden 'std::chrono::last_spec' de─şerine d├Ân├╝┼şt├╝r├╝lemez
              C:\ShadowStrike\ShadowStrike\src\Shared_modules\Core\Engine\QuarantineManager.cpp(788,28):
              Bu d├Ân├╝┼şt├╝rmeyi ger├ğekle┼ştirecek kullan─▒c─▒ tan─▒ml─▒ d├Ân├╝┼şt├╝rme i┼şleci yok veya i┼şle├ğ ├ğa─şr─▒lam─▒yor
      C:\Program Files\Microsoft Visual Studio\2022\Community\VC\Tools\MSVC\14.44.35207\include\chrono(1438,53):
      veya       'std::chrono::month_day_last std::chrono::operator /(std::chrono::last_spec,const std::chrono::month &) noexcept'
          C:\ShadowStrike\ShadowStrike\src\Shared_modules\Core\Engine\QuarantineManager.cpp(788,28):
          'std::chrono::month_day_last std::chrono::operator /(std::chrono::last_spec,const std::chrono::month &) noexcept' : 1 ba─ş─▒ms─▒z de─şi┼şkeni 'std::wstring' de─şerinden 'std::chrono::last_spec' de─şerine d├Ân├╝┼şt├╝r├╝lemez
              C:\ShadowStrike\ShadowStrike\src\Shared_modules\Core\Engine\QuarantineManager.cpp(788,28):
              Bu d├Ân├╝┼şt├╝rmeyi ger├ğekle┼ştirecek kullan─▒c─▒ tan─▒ml─▒ d├Ân├╝┼şt├╝rme i┼şleci yok veya i┼şle├ğ ├ğa─şr─▒lam─▒yor
      C:\Program Files\Microsoft Visual Studio\2022\Community\VC\Tools\MSVC\14.44.35207\include\chrono(1435,53):
      veya       'std::chrono::month_day_last std::chrono::operator /(int,std::chrono::last_spec) noexcept'
          C:\ShadowStrike\ShadowStrike\src\Shared_modules\Core\Engine\QuarantineManager.cpp(788,28):
          'std::chrono::month_day_last std::chrono::operator /(int,std::chrono::last_spec) noexcept' : 1 ba─ş─▒ms─▒z de─şi┼şkeni 'std::wstring' de─şerinden 'int' de─şerine d├Ân├╝┼şt├╝r├╝lemez
              C:\ShadowStrike\ShadowStrike\src\Shared_modules\Core\Engine\QuarantineManager.cpp(788,28):
              Bu d├Ân├╝┼şt├╝rmeyi ger├ğekle┼ştirecek kullan─▒c─▒ tan─▒ml─▒ d├Ân├╝┼şt├╝rme i┼şleci yok veya i┼şle├ğ ├ğa─şr─▒lam─▒yor
      C:\Program Files\Microsoft Visual Studio\2022\Community\VC\Tools\MSVC\14.44.35207\include\chrono(1432,53):
      veya       'std::chrono::month_day_last std::chrono::operator /(const std::chrono::month &,std::chrono::last_spec) noexcept'
          C:\ShadowStrike\ShadowStrike\src\Shared_modules\Core\Engine\QuarantineManager.cpp(788,28):
          'std::chrono::month_day_last std::chrono::operator /(const std::chrono::month &,std::chrono::last_spec) noexcept' : 1 ba─ş─▒ms─▒z de─şi┼şkeni 'std::wstring' de─şerinden 'const std::chrono::month &' de─şerine d├Ân├╝┼şt├╝r├╝lemez
              C:\ShadowStrike\ShadowStrike\src\Shared_modules\Core\Engine\QuarantineManager.cpp(788,28):
              Nedeni: 'std::wstring' de─şerinden 'const std::chrono::month' de─şerine d├Ân├╝┼şt├╝r├╝lemez
              C:\ShadowStrike\ShadowStrike\src\Shared_modules\Core\Engine\QuarantineManager.cpp(788,28):
              Bu d├Ân├╝┼şt├╝rmeyi ger├ğekle┼ştirecek kullan─▒c─▒ tan─▒ml─▒ d├Ân├╝┼şt├╝rme i┼şleci yok veya i┼şle├ğ ├ğa─şr─▒lam─▒yor
      C:\Program Files\Microsoft Visual Studio\2022\Community\VC\Tools\MSVC\14.44.35207\include\chrono(1429,48):
      veya       'std::chrono::month_day std::chrono::operator /(const std::chrono::day &,int) noexcept'
          C:\ShadowStrike\ShadowStrike\src\Shared_modules\Core\Engine\QuarantineManager.cpp(788,28):
          'std::chrono::month_day std::chrono::operator /(const std::chrono::day &,int) noexcept' : 1 ba─ş─▒ms─▒z de─şi┼şkeni 'std::wstring' de─şerinden 'const std::chrono::day &' de─şerine d├Ân├╝┼şt├╝r├╝lemez
              C:\ShadowStrike\ShadowStrike\src\Shared_modules\Core\Engine\QuarantineManager.cpp(788,28):
              Nedeni: 'std::wstring' de─şerinden 'const std::chrono::day' de─şerine d├Ân├╝┼şt├╝r├╝lemez
              C:\ShadowStrike\ShadowStrike\src\Shared_modules\Core\Engine\QuarantineManager.cpp(788,28):
              Bu d├Ân├╝┼şt├╝rmeyi ger├ğekle┼ştirecek kullan─▒c─▒ tan─▒ml─▒ d├Ân├╝┼şt├╝rme i┼şleci yok veya i┼şle├ğ ├ğa─şr─▒lam─▒yor
      C:\Program Files\Microsoft Visual Studio\2022\Community\VC\Tools\MSVC\14.44.35207\include\chrono(1426,48):
      veya       'std::chrono::month_day std::chrono::operator /(const std::chrono::day &,const std::chrono::month &) noexcept'
          C:\ShadowStrike\ShadowStrike\src\Shared_modules\Core\Engine\QuarantineManager.cpp(788,28):
          'std::chrono::month_day std::chrono::operator /(const std::chrono::day &,const std::chrono::month &) noexcept' : 1 ba─ş─▒ms─▒z de─şi┼şkeni 'std::wstring' de─şerinden 'const std::chrono::day &' de─şerine d├Ân├╝┼şt├╝r├╝lemez
              C:\ShadowStrike\ShadowStrike\src\Shared_modules\Core\Engine\QuarantineManager.cpp(788,28):
              Nedeni: 'std::wstring' de─şerinden 'const std::chrono::day' de─şerine d├Ân├╝┼şt├╝r├╝lemez
              C:\ShadowStrike\ShadowStrike\src\Shared_modules\Core\Engine\QuarantineManager.cpp(788,28):
              Bu d├Ân├╝┼şt├╝rmeyi ger├ğekle┼ştirecek kullan─▒c─▒ tan─▒ml─▒ d├Ân├╝┼şt├╝rme i┼şleci yok veya i┼şle├ğ ├ğa─şr─▒lam─▒yor
      C:\Program Files\Microsoft Visual Studio\2022\Community\VC\Tools\MSVC\14.44.35207\include\chrono(1423,48):
      veya       'std::chrono::month_day std::chrono::operator /(int,const std::chrono::day &) noexcept'
          C:\ShadowStrike\ShadowStrike\src\Shared_modules\Core\Engine\QuarantineManager.cpp(788,28):
          'std::chrono::month_day std::chrono::operator /(int,const std::chrono::day &) noexcept' : 1 ba─ş─▒ms─▒z de─şi┼şkeni 'std::wstring' de─şerinden 'int' de─şerine d├Ân├╝┼şt├╝r├╝lemez
              C:\ShadowStrike\ShadowStrike\src\Shared_modules\Core\Engine\QuarantineManager.cpp(788,28):
              Bu d├Ân├╝┼şt├╝rmeyi ger├ğekle┼ştirecek kullan─▒c─▒ tan─▒ml─▒ d├Ân├╝┼şt├╝rme i┼şleci yok veya i┼şle├ğ ├ğa─şr─▒lam─▒yor
      C:\Program Files\Microsoft Visual Studio\2022\Community\VC\Tools\MSVC\14.44.35207\include\chrono(1420,48):
      veya       'std::chrono::month_day std::chrono::operator /(const std::chrono::month &,int) noexcept'
          C:\ShadowStrike\ShadowStrike\src\Shared_modules\Core\Engine\QuarantineManager.cpp(788,28):
          'std::chrono::month_day std::chrono::operator /(const std::chrono::month &,int) noexcept' : 1 ba─ş─▒ms─▒z de─şi┼şkeni 'std::wstring' de─şerinden 'const std::chrono::month &' de─şerine d├Ân├╝┼şt├╝r├╝lemez
              C:\ShadowStrike\ShadowStrike\src\Shared_modules\Core\Engine\QuarantineManager.cpp(788,28):
              Nedeni: 'std::wstring' de─şerinden 'const std::chrono::month' de─şerine d├Ân├╝┼şt├╝r├╝lemez
              C:\ShadowStrike\ShadowStrike\src\Shared_modules\Core\Engine\QuarantineManager.cpp(788,28):
              Bu d├Ân├╝┼şt├╝rmeyi ger├ğekle┼ştirecek kullan─▒c─▒ tan─▒ml─▒ d├Ân├╝┼şt├╝rme i┼şleci yok veya i┼şle├ğ ├ğa─şr─▒lam─▒yor
      C:\Program Files\Microsoft Visual Studio\2022\Community\VC\Tools\MSVC\14.44.35207\include\chrono(1417,48):
      veya       'std::chrono::month_day std::chrono::operator /(const std::chrono::month &,const std::chrono::day &) noexcept'
          C:\ShadowStrike\ShadowStrike\src\Shared_modules\Core\Engine\QuarantineManager.cpp(788,28):
          'std::chrono::month_day std::chrono::operator /(const std::chrono::month &,const std::chrono::day &) noexcept' : 1 ba─ş─▒ms─▒z de─şi┼şkeni 'std::wstring' de─şerinden 'const std::chrono::month &' de─şerine d├Ân├╝┼şt├╝r├╝lemez
              C:\ShadowStrike\ShadowStrike\src\Shared_modules\Core\Engine\QuarantineManager.cpp(788,28):
              Nedeni: 'std::wstring' de─şerinden 'const std::chrono::month' de─şerine d├Ân├╝┼şt├╝r├╝lemez
              C:\ShadowStrike\ShadowStrike\src\Shared_modules\Core\Engine\QuarantineManager.cpp(788,28):
              Bu d├Ân├╝┼şt├╝rmeyi ger├ğekle┼ştirecek kullan─▒c─▒ tan─▒ml─▒ d├Ân├╝┼şt├╝rme i┼şleci yok veya i┼şle├ğ ├ğa─şr─▒lam─▒yor
      C:\Program Files\Microsoft Visual Studio\2022\Community\VC\Tools\MSVC\14.44.35207\include\chrono(1414,49):
      veya       'std::chrono::year_month std::chrono::operator /(const std::chrono::year &,int) noexcept'
          C:\ShadowStrike\ShadowStrike\src\Shared_modules\Core\Engine\QuarantineManager.cpp(788,28):
          'std::chrono::year_month std::chrono::operator /(const std::chrono::year &,int) noexcept' : 1 ba─ş─▒ms─▒z de─şi┼şkeni 'std::wstring' de─şerinden 'const std::chrono::year &' de─şerine d├Ân├╝┼şt├╝r├╝lemez
              C:\ShadowStrike\ShadowStrike\src\Shared_modules\Core\Engine\QuarantineManager.cpp(788,28):
              Nedeni: 'std::wstring' de─şerinden 'const std::chrono::year' de─şerine d├Ân├╝┼şt├╝r├╝lemez
              C:\ShadowStrike\ShadowStrike\src\Shared_modules\Core\Engine\QuarantineManager.cpp(788,28):
              Bu d├Ân├╝┼şt├╝rmeyi ger├ğekle┼ştirecek kullan─▒c─▒ tan─▒ml─▒ d├Ân├╝┼şt├╝rme i┼şleci yok veya i┼şle├ğ ├ğa─şr─▒lam─▒yor
      C:\Program Files\Microsoft Visual Studio\2022\Community\VC\Tools\MSVC\14.44.35207\include\chrono(1411,49):
      veya       'std::chrono::year_month std::chrono::operator /(const std::chrono::year &,const std::chrono::month &) noexcept'
          C:\ShadowStrike\ShadowStrike\src\Shared_modules\Core\Engine\QuarantineManager.cpp(788,28):
          'std::chrono::year_month std::chrono::operator /(const std::chrono::year &,const std::chrono::month &) noexcept' : 1 ba─ş─▒ms─▒z de─şi┼şkeni 'std::wstring' de─şerinden 'const std::chrono::year &' de─şerine d├Ân├╝┼şt├╝r├╝lemez
              C:\ShadowStrike\ShadowStrike\src\Shared_modules\Core\Engine\QuarantineManager.cpp(788,28):
              Nedeni: 'std::wstring' de─şerinden 'const std::chrono::year' de─şerine d├Ân├╝┼şt├╝r├╝lemez
              C:\ShadowStrike\ShadowStrike\src\Shared_modules\Core\Engine\QuarantineManager.cpp(788,28):
              Bu d├Ân├╝┼şt├╝rmeyi ger├ğekle┼ştirecek kullan─▒c─▒ tan─▒ml─▒ d├Ân├╝┼şt├╝rme i┼şleci yok veya i┼şle├ğ ├ğa─şr─▒lam─▒yor
      C:\Program Files\Microsoft Visual Studio\2022\Community\VC\Tools\MSVC\14.44.35207\include\__msvc_chrono.hpp(347,54):
      veya       'common_type<_Ty1,_Uty1>::type std::chrono::operator /(const std::chrono::duration<_Rep,_Period> &,const std::chrono::duration<_Rep2,_Period2> &) noexcept(<expr>)'
          C:\ShadowStrike\ShadowStrike\src\Shared_modules\Core\Engine\QuarantineManager.cpp(788,28):
          'common_type<_Ty1,_Uty1>::type std::chrono::operator /(const std::chrono::duration<_Rep,_Period> &,const std::chrono::duration<_Rep2,_Period2> &) noexcept(<expr>)': ┼şablon ba─ş─▒ms─▒z de─şi┼şkeni ('const std::chrono::duration<_Rep,_Period> &' i├ğin, 'std::wstring' ├Â─şesinden) anla┼ş─▒lamad─▒
      C:\Program Files\Microsoft Visual Studio\2022\Community\VC\Tools\MSVC\14.44.35207\include\__msvc_chrono.hpp(338,105):
      veya       '_Duration_div_mod<common_type<_Ty1,_Uty1>::type,_Period1,_Rep2,std::chrono::_Is_duration_v<_Rep2>>::type std::chrono::operator /(const std::chrono::duration<_Rep,_Period> &,const _Rep2 &) noexcept(<expr>)'
          C:\ShadowStrike\ShadowStrike\src\Shared_modules\Core\Engine\QuarantineManager.cpp(788,28):
          '_Duration_div_mod<common_type<_Ty1,_Uty1>::type,_Period1,_Rep2,std::chrono::_Is_duration_v<_Rep2>>::type std::chrono::operator /(const std::chrono::duration<_Rep,_Period> &,const _Rep2 &) noexcept(<expr>)': ┼şablon ba─ş─▒ms─▒z de─şi┼şkeni ('const std::chrono::duration<_Rep,_Period> &' i├ğin, 'std::wstring' ├Â─şesinden) anla┼ş─▒lamad─▒
      C:\ShadowStrike\ShadowStrike\src\Shared_modules\Core\Engine\QuarantineManager.cpp(788,28):
      '(std::wstring, const wchar_t [13])' ba─ş─▒ms─▒z de─şi┼şken listesi e┼şlenmeye ├ğal─▒┼ş─▒l─▒rken
  
C:\ShadowStrike\ShadowStrike\src\Shared_modules\Core\Engine\QuarantineManager.cpp(842,17): error C2039: 'Critical': bir 'ShadowStrike::Utils::Logger' ├╝yesi de─şil [C:\ShadowStrike\ShadowStrike\ShadowStrike.vcxproj]
  ('/src/Shared_modules/Core/Engine/QuarantineManager.cpp' kaynak dosyas─▒ derleniyor)
      C:\ShadowStrike\ShadowStrike\src\Shared_modules\Utils\Logger.hpp(159,9):
      'ShadowStrike::Utils::Logger' bildirimine bak─▒n
  
C:\ShadowStrike\ShadowStrike\src\Shared_modules\Core\Engine\QuarantineManager.cpp(842,17): error C3861: 'Critical': tan─▒mlay─▒c─▒ bulunamad─▒ [C:\ShadowStrike\ShadowStrike\ShadowStrike.vcxproj]
  ('/src/Shared_modules/Core/Engine/QuarantineManager.cpp' kaynak dosyas─▒ derleniyor)
  
C:\ShadowStrike\ShadowStrike\src\Shared_modules\Config\PolicyManager.cpp(1358,5): error C2280: 'ShadowStrike::Config::PolicyStatistics::PolicyStatistics(const ShadowStrike::Config::PolicyStatistics &)': silinmi┼ş bir i┼şleve ba┼şvurmaya ├ğal─▒┼ş─▒yor [C:\ShadowStrike\ShadowStrike\ShadowStrike.vcxproj]
  ('/src/Shared_modules/Config/PolicyManager.cpp' kaynak dosyas─▒ derleniyor)
      C:\ShadowStrike\ShadowStrike\src\Shared_modules\Config\PolicyManager.hpp(472,1):
      derleyici burada 'ShadowStrike::Config::PolicyStatistics::PolicyStatistics' olu┼şturdu
      C:\ShadowStrike\ShadowStrike\src\Shared_modules\Config\PolicyManager.hpp(472,1):
      'ShadowStrike::Config::PolicyStatistics::PolicyStatistics(const ShadowStrike::Config::PolicyStatistics &)': veri ├╝yesi, silinmi┼ş veya eri┼şilemeyen 'std::atomic<unsigned __int64>::atomic(const std::atomic<unsigned __int64> &)' i┼şlevini ├ğa─ş─▒rd─▒─ş─▒ndan i┼şlev ├Ârt├╝k olarak silindi
  
C:\ShadowStrike\ShadowStrike\src\Shared_modules\Core\Engine\QuarantineManager.cpp(1119,39): error C2039: 'GetCurrentUserName': bir 'ShadowStrike::Utils::SystemUtils' ├╝yesi de─şil [C:\ShadowStrike\ShadowStrike\ShadowStrike.vcxproj]
  ('/src/Shared_modules/Core/Engine/QuarantineManager.cpp' kaynak dosyas─▒ derleniyor)
      C:\ShadowStrike\ShadowStrike\src\Shared_modules\Utils\SystemUtils.hpp(59,11):
      'ShadowStrike::Utils::SystemUtils' bildirimine bak─▒n
  
C:\ShadowStrike\ShadowStrike\src\Shared_modules\Core\Engine\QuarantineManager.cpp(1119,39): error C3861: 'GetCurrentUserName': tan─▒mlay─▒c─▒ bulunamad─▒ [C:\ShadowStrike\ShadowStrike\ShadowStrike.vcxproj]
  ('/src/Shared_modules/Core/Engine/QuarantineManager.cpp' kaynak dosyas─▒ derleniyor)
  
C:\ShadowStrike\ShadowStrike\src\Shared_modules\Core\Engine\QuarantineManager.cpp(1119,14): error C2593: 'operator =' belirsiz [C:\ShadowStrike\ShadowStrike\ShadowStrike.vcxproj]
  ExecutableAnalyzer.cpp
  ('/src/Shared_modules/Core/Engine/QuarantineManager.cpp' kaynak dosyas─▒ derleniyor)
      C:\Program Files\Microsoft Visual Studio\2022\Community\VC\Tools\MSVC\14.44.35207\include\xstring(1453,32):
      'std::basic_string<wchar_t,std::char_traits<wchar_t>,std::allocator<wchar_t>> &std::basic_string<wchar_t,std::char_traits<wchar_t>,std::allocator<wchar_t>>::operator =(const _Elem)' olabilirdi
          with
          [
              _Elem=wchar_t
          ]
      C:\Program Files\Microsoft Visual Studio\2022\Community\VC\Tools\MSVC\14.44.35207\include\xstring(1450,19):
      veya       'std::basic_string<wchar_t,std::char_traits<wchar_t>,std::allocator<wchar_t>> &std::basic_string<wchar_t,std::char_traits<wchar_t>,std::allocator<wchar_t>>::operator =(std::nullptr_t)'
      C:\Program Files\Microsoft Visual Studio\2022\Community\VC\Tools\MSVC\14.44.35207\include\xstring(1445,32):
      veya       'std::basic_string<wchar_t,std::char_traits<wchar_t>,std::allocator<wchar_t>> &std::basic_string<wchar_t,std::char_traits<wchar_t>,std::allocator<wchar_t>>::operator =(const _Elem *const )'
          with
          [
              _Elem=wchar_t
          ]
      C:\Program Files\Microsoft Visual Studio\2022\Community\VC\Tools\MSVC\14.44.35207\include\xstring(1394,32):
      veya       'std::basic_string<wchar_t,std::char_traits<wchar_t>,std::allocator<wchar_t>> &std::basic_string<wchar_t,std::char_traits<wchar_t>,std::allocator<wchar_t>>::operator =(const std::basic_string<wchar_t,std::char_traits<wchar_t>,std::allocator<wchar_t>> &)'
      C:\Program Files\Microsoft Visual Studio\2022\Community\VC\Tools\MSVC\14.44.35207\include\xstring(1345,32):
      veya       'std::basic_string<wchar_t,std::char_traits<wchar_t>,std::allocator<wchar_t>> &std::basic_string<wchar_t,std::char_traits<wchar_t>,std::allocator<wchar_t>>::operator =(std::initializer_list<_Elem>)'
          with
          [
              _Elem=wchar_t
          ]
      C:\Program Files\Microsoft Visual Studio\2022\Community\VC\Tools\MSVC\14.44.35207\include\xstring(1224,32):
      veya       'std::basic_string<wchar_t,std::char_traits<wchar_t>,std::allocator<wchar_t>> &std::basic_string<wchar_t,std::char_traits<wchar_t>,std::allocator<wchar_t>>::operator =(std::basic_string<wchar_t,std::char_traits<wchar_t>,std::allocator<wchar_t>> &&) noexcept'
      C:\ShadowStrike\ShadowStrike\src\Shared_modules\Core\Engine\QuarantineManager.cpp(1119,14):
      '(std::wstring, <error type>)' ba─ş─▒ms─▒z de─şi┼şken listesi e┼şlenmeye ├ğal─▒┼ş─▒l─▒rken
  
C:\ShadowStrike\ShadowStrike\src\Shared_modules\Core\Engine\QuarantineManager.cpp(1120,42): error C2039: 'GetComputerNameA': bir 'ShadowStrike::Utils::SystemUtils' ├╝yesi de─şil [C:\ShadowStrike\ShadowStrike\ShadowStrike.vcxproj]
  ('/src/Shared_modules/Core/Engine/QuarantineManager.cpp' kaynak dosyas─▒ derleniyor)
      C:\ShadowStrike\ShadowStrike\src\Shared_modules\Utils\SystemUtils.hpp(59,11):
      'ShadowStrike::Utils::SystemUtils' bildirimine bak─▒n
  
C:\ShadowStrike\ShadowStrike\src\Shared_modules\Core\Engine\QuarantineManager.cpp(1120,42): error C2660: 'GetComputerNameA': i┼şlev 0 ba─ş─▒ms─▒z de─şi┼şken alm─▒yor [C:\ShadowStrike\ShadowStrike\ShadowStrike.vcxproj]
  ('/src/Shared_modules/Core/Engine/QuarantineManager.cpp' kaynak dosyas─▒ derleniyor)
      C:\Program Files (x86)\Windows Kits\10\Include\10.0.26100.0\um\winbase.h(7614,1):
      'GetComputerNameA' bildirimine bak─▒n
      C:\ShadowStrike\ShadowStrike\src\Shared_modules\Core\Engine\QuarantineManager.cpp(1120,42):
      '()' ba─ş─▒ms─▒z de─şi┼şken listesi e┼şlenmeye ├ğal─▒┼ş─▒l─▒rken
  
C:\ShadowStrike\ShadowStrike\src\Shared_modules\Core\Engine\QuarantineManager.cpp(1129,34): error C2039: 'AddEntry': bir 'ShadowStrike::Database::QuarantineDB' ├╝yesi de─şil [C:\ShadowStrike\ShadowStrike\ShadowStrike.vcxproj]
  ('/src/Shared_modules/Core/Engine/QuarantineManager.cpp' kaynak dosyas─▒ derleniyor)
      C:\ShadowStrike\ShadowStrike\src\Shared_modules\Database\QuarantineDB.hpp(187,15):
      'ShadowStrike::Database::QuarantineDB' bildirimine bak─▒n
  
C:\ShadowStrike\ShadowStrike\src\Shared_modules\Core\Engine\PolymorphicDetector.cpp(98,10): error C1083: i├ğerme dosyas─▒ a├ğ─▒lam─▒yor: '../../External/tlsh/tlsh.h': No such file or directory [C:\ShadowStrike\ShadowStrike\ShadowStrike.vcxproj]
  ('/src/Shared_modules/Core/Engine/PolymorphicDetector.cpp' kaynak dosyas─▒ derleniyor)
  
  FileHasher.cpp
C:\ShadowStrike\ShadowStrike\src\Shared_modules\Core\Engine\MachineLearningDetector.cpp(364,24): error C2665: 'ShadowStrike::Utils::Logger::Info': hi├ğbir a┼ş─▒r─▒ y├╝klenmi┼ş i┼şlev t├╝m arg├╝man t├╝rlerini d├Ân├╝┼şt├╝remez [C:\ShadowStrike\ShadowStrike\ShadowStrike.vcxproj]
  ('/src/Shared_modules/Core/Engine/MachineLearningDetector.cpp' kaynak dosyas─▒ derleniyor)
      C:\ShadowStrike\ShadowStrike\src\Shared_modules\Utils\Logger.hpp(282,16):
      'void ShadowStrike::Utils::Logger::Info<unsigned __int64>(std::basic_format_string<char,unsigned __int64>,unsigned __int64 &&)' olabilirdi
          C:\ShadowStrike\ShadowStrike\src\Shared_modules\Core\Engine\MachineLearningDetector.cpp(364,24):
          'void ShadowStrike::Utils::Logger::Info<unsigned __int64>(std::basic_format_string<char,unsigned __int64>,unsigned __int64 &&)' : 1 ba─ş─▒ms─▒z de─şi┼şkeni 'const wchar_t [54]' de─şerinden 'std::basic_format_string<char,unsigned __int64>' de─şerine d├Ân├╝┼şt├╝r├╝lemez
              C:\ShadowStrike\ShadowStrike\src\Shared_modules\Core\Engine\MachineLearningDetector.cpp(364,29):
              'std::basic_format_string<char,unsigned __int64>::basic_format_string': hi├ğbir a┼ş─▒r─▒ y├╝klenmi┼ş i┼şlev t├╝m arg├╝man t├╝rlerini d├Ân├╝┼şt├╝remez
                  C:\Program Files\Microsoft Visual Studio\2022\Community\VC\Tools\MSVC\14.44.35207\include\format(2867,1):
                  'std::basic_format_string<char,unsigned __int64>::basic_format_string(std::basic_format_string<char,unsigned __int64> &&)' olabilirdi
                      C:\ShadowStrike\ShadowStrike\src\Shared_modules\Core\Engine\MachineLearningDetector.cpp(364,29):
                      'std::basic_format_string<char,unsigned __int64>::basic_format_string(std::basic_format_string<char,unsigned __int64> &&)' : 1 ba─ş─▒ms─▒z de─şi┼şkeni 'const wchar_t [54]' de─şerinden 'std::basic_format_string<char,unsigned __int64> &&' de─şerine d├Ân├╝┼şt├╝r├╝lemez
                          C:\ShadowStrike\ShadowStrike\src\Shared_modules\Core\Engine\MachineLearningDetector.cpp(364,29):
                          Nedeni: 'const wchar_t [54]' de─şerinden 'std::basic_format_string<char,unsigned __int64>' de─şerine d├Ân├╝┼şt├╝r├╝lemez
                          C:\ShadowStrike\ShadowStrike\src\Shared_modules\Core\Engine\MachineLearningDetector.cpp(364,29):
                          D├Ân├╝┼şt├╝rme ikinci bir kullan─▒c─▒ tan─▒ml─▒ d├Ân├╝┼şt├╝rme i┼şleci veya olu┼şturucu gerektiriyor
                  C:\Program Files\Microsoft Visual Studio\2022\Community\VC\Tools\MSVC\14.44.35207\include\format(2867,1):
                  veya       'std::basic_format_string<char,unsigned __int64>::basic_format_string(const std::basic_format_string<char,unsigned __int64> &)'
                      C:\ShadowStrike\ShadowStrike\src\Shared_modules\Core\Engine\MachineLearningDetector.cpp(364,29):
                      'std::basic_format_string<char,unsigned __int64>::basic_format_string(const std::basic_format_string<char,unsigned __int64> &)' : 1 ba─ş─▒ms─▒z de─şi┼şkeni 'const wchar_t [54]' de─şerinden 'const std::basic_format_string<char,unsigned __int64> &' de─şerine d├Ân├╝┼şt├╝r├╝lemez
                          C:\ShadowStrike\ShadowStrike\src\Shared_modules\Core\Engine\MachineLearningDetector.cpp(364,29):
                          Nedeni: 'const wchar_t [54]' de─şerinden 'const std::basic_format_string<char,unsigned __int64>' de─şerine d├Ân├╝┼şt├╝r├╝lemez
                          C:\ShadowStrike\ShadowStrike\src\Shared_modules\Core\Engine\MachineLearningDetector.cpp(364,29):
                          D├Ân├╝┼şt├╝rme ikinci bir kullan─▒c─▒ tan─▒ml─▒ d├Ân├╝┼şt├╝rme i┼şleci veya olu┼şturucu gerektiriyor
                  C:\Program Files\Microsoft Visual Studio\2022\Community\VC\Tools\MSVC\14.44.35207\include\format(2850,5):
                  veya       'std::basic_format_string<char,unsigned __int64>::basic_format_string(const _Ty &)'
                  C:\ShadowStrike\ShadowStrike\src\Shared_modules\Core\Engine\MachineLearningDetector.cpp(364,29):
                  '(const wchar_t [54])' ba─ş─▒ms─▒z de─şi┼şken listesi e┼şlenmeye ├ğal─▒┼ş─▒l─▒rken
      C:\ShadowStrike\ShadowStrike\src\Shared_modules\Core\Engine\MachineLearningDetector.cpp(364,24):
      '(const wchar_t [54], unsigned __int64)' ba─ş─▒ms─▒z de─şi┼şken listesi e┼şlenmeye ├ğal─▒┼ş─▒l─▒rken
  
C:\ShadowStrike\ShadowStrike\src\Shared_modules\Core\Engine\MachineLearningDetector.cpp(368,41): error C2665: 'std::lock_guard<std::mutex>::lock_guard': hi├ğbir a┼ş─▒r─▒ y├╝klenmi┼ş i┼şlev t├╝m arg├╝man t├╝rlerini d├Ân├╝┼şt├╝remez [C:\ShadowStrike\ShadowStrike\ShadowStrike.vcxproj]
  ('/src/Shared_modules/Core/Engine/MachineLearningDetector.cpp' kaynak dosyas─▒ derleniyor)
      C:\Program Files\Microsoft Visual Studio\2022\Community\VC\Tools\MSVC\14.44.35207\include\mutex(455,5):
      'std::lock_guard<std::mutex>::lock_guard(const std::lock_guard<std::mutex> &)' olabilirdi
          C:\ShadowStrike\ShadowStrike\src\Shared_modules\Core\Engine\MachineLearningDetector.cpp(368,41):
          'std::lock_guard<std::mutex>::lock_guard(const std::lock_guard<std::mutex> &)' : 1 ba─ş─▒ms─▒z de─şi┼şkeni 'const std::mutex' de─şerinden 'const std::lock_guard<std::mutex> &' de─şerine d├Ân├╝┼şt├╝r├╝lemez
              C:\ShadowStrike\ShadowStrike\src\Shared_modules\Core\Engine\MachineLearningDetector.cpp(368,42):
              Nedeni: 'const std::mutex' de─şerinden 'const std::lock_guard<std::mutex>' de─şerine d├Ân├╝┼şt├╝r├╝lemez
              C:\ShadowStrike\ShadowStrike\src\Shared_modules\Core\Engine\MachineLearningDetector.cpp(368,42):
              Bu d├Ân├╝┼şt├╝rmeyi ger├ğekle┼ştirecek kullan─▒c─▒ tan─▒ml─▒ d├Ân├╝┼şt├╝rme i┼şleci yok veya i┼şle├ğ ├ğa─şr─▒lam─▒yor
      C:\Program Files\Microsoft Visual Studio\2022\Community\VC\Tools\MSVC\14.44.35207\include\mutex(444,5):
      veya       'std::lock_guard<std::mutex>::lock_guard(_Mutex &)'
          with
          [
              _Mutex=std::mutex
          ]
          C:\ShadowStrike\ShadowStrike\src\Shared_modules\Core\Engine\MachineLearningDetector.cpp(368,41):
          'std::lock_guard<std::mutex>::lock_guard(_Mutex &)' : 1 ba─ş─▒ms─▒z de─şi┼şkeni 'const std::mutex' de─şerinden '_Mutex &' de─şerine d├Ân├╝┼şt├╝r├╝lemez
          with
          [
              _Mutex=std::mutex
          ]
              C:\ShadowStrike\ShadowStrike\src\Shared_modules\Core\Engine\MachineLearningDetector.cpp(368,42):
              D├Ân├╝┼şt├╝rme niteleyicileri kaybediyor
      C:\ShadowStrike\ShadowStrike\src\Shared_modules\Core\Engine\MachineLearningDetector.cpp(368,41):
      '(const std::mutex)' ba─ş─▒ms─▒z de─şi┼şken listesi e┼şlenmeye ├ğal─▒┼ş─▒l─▒rken
  
C:\ShadowStrike\ShadowStrike\src\Shared_modules\Config\SettingsManager.cpp(604,52): warning C4834: [[nodiscard]] ├Âzniteli─şine sahip i┼şlevin d├Ân├╝┼ş de─şerinin at─▒lmas─▒ [C:\ShadowStrike\ShadowStrike\ShadowStrike.vcxproj]
  ('/src/Shared_modules/Config/SettingsManager.cpp' kaynak dosyas─▒ derleniyor)
  
C:\ShadowStrike\ShadowStrike\src\Shared_modules\Core\Engine\QuarantineManager.cpp(1337,31): warning C4834: [[nodiscard]] ├Âzniteli─şine sahip i┼şlevin d├Ân├╝┼ş de─şerinin at─▒lmas─▒ [C:\ShadowStrike\ShadowStrike\ShadowStrike.vcxproj]
  ('/src/Shared_modules/Core/Engine/QuarantineManager.cpp' kaynak dosyas─▒ derleniyor)
  
C:\ShadowStrike\ShadowStrike\src\Shared_modules\Core\Engine\QuarantineManager.cpp(1406,34): error C2664: 'bool ShadowStrike::Database::QuarantineDB::UpdateEntry(const ShadowStrike::Database::QuarantineDB::QuarantineEntry &,ShadowStrike::Database::DatabaseError *)' : 1 ba─ş─▒ms─▒z de─şi┼şkeni '_Ty' de─şerinden 'const ShadowStrike::Database::QuarantineDB::QuarantineEntry &' de─şerine d├Ân├╝┼şt├╝r├╝lemez [C:\ShadowStrike\ShadowStrike\ShadowStrike.vcxproj]
C:\ShadowStrike\ShadowStrike\src\Shared_modules\Core\Engine\QuarantineManager.cpp(1406,34): error C2664:         with [C:\ShadowStrike\ShadowStrike\ShadowStrike.vcxproj]
C:\ShadowStrike\ShadowStrike\src\Shared_modules\Core\Engine\QuarantineManager.cpp(1406,34): error C2664:         [ [C:\ShadowStrike\ShadowStrike\ShadowStrike.vcxproj]
C:\ShadowStrike\ShadowStrike\src\Shared_modules\Core\Engine\QuarantineManager.cpp(1406,34): error C2664:             _Ty=ShadowStrike::Core::Engine::QuarantineEntry [C:\ShadowStrike\ShadowStrike\ShadowStrike.vcxproj]
C:\ShadowStrike\ShadowStrike\src\Shared_modules\Core\Engine\QuarantineManager.cpp(1406,34): error C2664:         ] [C:\ShadowStrike\ShadowStrike\ShadowStrike.vcxproj]
  ('/src/Shared_modules/Core/Engine/QuarantineManager.cpp' kaynak dosyas─▒ derleniyor)
      C:\ShadowStrike\ShadowStrike\src\Shared_modules\Core\Engine\QuarantineManager.cpp(1406,46):
      Nedeni: '_Ty' de─şerinden 'const ShadowStrike::Database::QuarantineDB::QuarantineEntry' de─şerine d├Ân├╝┼şt├╝r├╝lemez
          with
          [
              _Ty=ShadowStrike::Core::Engine::QuarantineEntry
          ]
      C:\ShadowStrike\ShadowStrike\src\Shared_modules\Core\Engine\QuarantineManager.cpp(1406,46):
      Bu d├Ân├╝┼şt├╝rmeyi ger├ğekle┼ştirecek kullan─▒c─▒ tan─▒ml─▒ d├Ân├╝┼şt├╝rme i┼şleci yok veya i┼şle├ğ ├ğa─şr─▒lam─▒yor
      C:\ShadowStrike\ShadowStrike\src\Shared_modules\Database\QuarantineDB.hpp(868,18):
      'ShadowStrike::Database::QuarantineDB::UpdateEntry' bildirimine bak─▒n
      C:\ShadowStrike\ShadowStrike\src\Shared_modules\Core\Engine\QuarantineManager.cpp(1406,34):
      '(_Ty)' ba─ş─▒ms─▒z de─şi┼şken listesi e┼şlenmeye ├ğal─▒┼ş─▒l─▒rken
          with
          [
              _Ty=ShadowStrike::Core::Engine::QuarantineEntry
          ]
  
C:\ShadowStrike\ShadowStrike\src\Shared_modules\Core\Engine\MachineLearningDetector.cpp(462,20): error C2664: 'void ShadowStrike::Utils::Logger::Info(const char *)' : 1 ba─ş─▒ms─▒z de─şi┼şkeni 'const wchar_t [44]' de─şerinden 'const char *' de─şerine d├Ân├╝┼şt├╝r├╝lemez [C:\ShadowStrike\ShadowStrike\ShadowStrike.vcxproj]
  ('/src/Shared_modules/Core/Engine/MachineLearningDetector.cpp' kaynak dosyas─▒ derleniyor)
      C:\ShadowStrike\ShadowStrike\src\Shared_modules\Core\Engine\MachineLearningDetector.cpp(462,25):
      ─░┼şaretlenen t├╝rler ilgisiz; d├Ân├╝┼şt├╝rme reinterpret_cast, C stili t├╝r d├Ân├╝┼şt├╝rme veya parantez i├ğine al─▒nm─▒┼ş i┼şlev stili t├╝r d├Ân├╝┼şt├╝rme gerektiriyor
      C:\ShadowStrike\ShadowStrike\src\Shared_modules\Utils\Logger.hpp(265,16):
      'ShadowStrike::Utils::Logger::Info' bildirimine bak─▒n
      C:\ShadowStrike\ShadowStrike\src\Shared_modules\Utils\Logger.hpp(282,16):
      'void ShadowStrike::Utils::Logger::Info(std::basic_format_string<char,type_identity<_Args>::type...>,Args ...)' olabilirdi
          C:\ShadowStrike\ShadowStrike\src\Shared_modules\Core\Engine\MachineLearningDetector.cpp(462,20):
          ili┼şkili k─▒s─▒tlamalar kar┼ş─▒lanmad─▒
              C:\ShadowStrike\ShadowStrike\src\Shared_modules\Utils\Logger.hpp(281,57):
              k─▒s─▒tlama yerine getirilmedi
      C:\ShadowStrike\ShadowStrike\src\Shared_modules\Core\Engine\MachineLearningDetector.cpp(462,20):
      '(const wchar_t [44])' ba─ş─▒ms─▒z de─şi┼şken listesi e┼şlenmeye ├ğal─▒┼ş─▒l─▒rken
  
C:\ShadowStrike\ShadowStrike\src\Shared_modules\Core\Engine\MachineLearningDetector.cpp(467,20): error C2664: 'void ShadowStrike::Utils::Logger::Info(const char *)' : 1 ba─ş─▒ms─▒z de─şi┼şkeni 'const wchar_t [43]' de─şerinden 'const char *' de─şerine d├Ân├╝┼şt├╝r├╝lemez [C:\ShadowStrike\ShadowStrike\ShadowStrike.vcxproj]
  ('/src/Shared_modules/Core/Engine/MachineLearningDetector.cpp' kaynak dosyas─▒ derleniyor)
      C:\ShadowStrike\ShadowStrike\src\Shared_modules\Core\Engine\MachineLearningDetector.cpp(467,25):
      ─░┼şaretlenen t├╝rler ilgisiz; d├Ân├╝┼şt├╝rme reinterpret_cast, C stili t├╝r d├Ân├╝┼şt├╝rme veya parantez i├ğine al─▒nm─▒┼ş i┼şlev stili t├╝r d├Ân├╝┼şt├╝rme gerektiriyor
      C:\ShadowStrike\ShadowStrike\src\Shared_modules\Utils\Logger.hpp(265,16):
      'ShadowStrike::Utils::Logger::Info' bildirimine bak─▒n
      C:\ShadowStrike\ShadowStrike\src\Shared_modules\Utils\Logger.hpp(282,16):
      'void ShadowStrike::Utils::Logger::Info(std::basic_format_string<char,type_identity<_Args>::type...>,Args ...)' olabilirdi
          C:\ShadowStrike\ShadowStrike\src\Shared_modules\Core\Engine\MachineLearningDetector.cpp(467,20):
          ili┼şkili k─▒s─▒tlamalar kar┼ş─▒lanmad─▒
              C:\ShadowStrike\ShadowStrike\src\Shared_modules\Utils\Logger.hpp(281,57):
              k─▒s─▒tlama yerine getirilmedi
      C:\ShadowStrike\ShadowStrike\src\Shared_modules\Core\Engine\MachineLearningDetector.cpp(467,20):
      '(const wchar_t [43])' ba─ş─▒ms─▒z de─şi┼şken listesi e┼şlenmeye ├ğal─▒┼ş─▒l─▒rken
  
C:\ShadowStrike\ShadowStrike\src\Shared_modules\Core\Engine\MachineLearningDetector.cpp(474,24): error C2664: 'void ShadowStrike::Utils::Logger::Warn(const char *)' : 1 ba─ş─▒ms─▒z de─şi┼şkeni 'const wchar_t [45]' de─şerinden 'const char *' de─şerine d├Ân├╝┼şt├╝r├╝lemez [C:\ShadowStrike\ShadowStrike\ShadowStrike.vcxproj]
  ('/src/Shared_modules/Core/Engine/MachineLearningDetector.cpp' kaynak dosyas─▒ derleniyor)
      C:\ShadowStrike\ShadowStrike\src\Shared_modules\Core\Engine\MachineLearningDetector.cpp(474,29):
      ─░┼şaretlenen t├╝rler ilgisiz; d├Ân├╝┼şt├╝rme reinterpret_cast, C stili t├╝r d├Ân├╝┼şt├╝rme veya parantez i├ğine al─▒nm─▒┼ş i┼şlev stili t├╝r d├Ân├╝┼şt├╝rme gerektiriyor
      C:\ShadowStrike\ShadowStrike\src\Shared_modules\Utils\Logger.hpp(264,16):
      'ShadowStrike::Utils::Logger::Warn' bildirimine bak─▒n
      C:\ShadowStrike\ShadowStrike\src\Shared_modules\Utils\Logger.hpp(278,16):
      'void ShadowStrike::Utils::Logger::Warn(std::basic_format_string<char,type_identity<_Args>::type...>,Args ...)' olabilirdi
          C:\ShadowStrike\ShadowStrike\src\Shared_modules\Core\Engine\MachineLearningDetector.cpp(474,24):
          ili┼şkili k─▒s─▒tlamalar kar┼ş─▒lanmad─▒
              C:\ShadowStrike\ShadowStrike\src\Shared_modules\Utils\Logger.hpp(277,57):
              k─▒s─▒tlama yerine getirilmedi
      C:\ShadowStrike\ShadowStrike\src\Shared_modules\Core\Engine\MachineLearningDetector.cpp(474,24):
      '(const wchar_t [45])' ba─ş─▒ms─▒z de─şi┼şken listesi e┼şlenmeye ├ğal─▒┼ş─▒l─▒rken
  
C:\ShadowStrike\ShadowStrike\src\Shared_modules\Core\Engine\MachineLearningDetector.cpp(483,28): error C2664: 'void ShadowStrike::Utils::Logger::Error(const char *)' : 1 ba─ş─▒ms─▒z de─şi┼şkeni 'const wchar_t [47]' de─şerinden 'const char *' de─şerine d├Ân├╝┼şt├╝r├╝lemez [C:\ShadowStrike\ShadowStrike\ShadowStrike.vcxproj]
  ('/src/Shared_modules/Core/Engine/MachineLearningDetector.cpp' kaynak dosyas─▒ derleniyor)
      C:\ShadowStrike\ShadowStrike\src\Shared_modules\Core\Engine\MachineLearningDetector.cpp(483,34):
      ─░┼şaretlenen t├╝rler ilgisiz; d├Ân├╝┼şt├╝rme reinterpret_cast, C stili t├╝r d├Ân├╝┼şt├╝rme veya parantez i├ğine al─▒nm─▒┼ş i┼şlev stili t├╝r d├Ân├╝┼şt├╝rme gerektiriyor
      C:\ShadowStrike\ShadowStrike\src\Shared_modules\Utils\Logger.hpp(263,16):
      'ShadowStrike::Utils::Logger::Error' bildirimine bak─▒n
      C:\ShadowStrike\ShadowStrike\src\Shared_modules\Utils\Logger.hpp(274,16):
      'void ShadowStrike::Utils::Logger::Error(std::basic_format_string<char,type_identity<_Args>::type...>,Args ...)' olabilirdi
          C:\ShadowStrike\ShadowStrike\src\Shared_modules\Core\Engine\MachineLearningDetector.cpp(483,28):
          ili┼şkili k─▒s─▒tlamalar kar┼ş─▒lanmad─▒
              C:\ShadowStrike\ShadowStrike\src\Shared_modules\Utils\Logger.hpp(273,57):
              k─▒s─▒tlama yerine getirilmedi
      C:\ShadowStrike\ShadowStrike\src\Shared_modules\Core\Engine\MachineLearningDetector.cpp(483,28):
      '(const wchar_t [47])' ba─ş─▒ms─▒z de─şi┼şken listesi e┼şlenmeye ├ğal─▒┼ş─▒l─▒rken
  
C:\ShadowStrike\ShadowStrike\src\Shared_modules\Core\Engine\MachineLearningDetector.cpp(488,28): error C2664: 'void ShadowStrike::Utils::Logger::Info(const char *)' : 1 ba─ş─▒ms─▒z de─şi┼şkeni 'const wchar_t [52]' de─şerinden 'const char *' de─şerine d├Ân├╝┼şt├╝r├╝lemez [C:\ShadowStrike\ShadowStrike\ShadowStrike.vcxproj]
  ('/src/Shared_modules/Core/Engine/MachineLearningDetector.cpp' kaynak dosyas─▒ derleniyor)
      C:\ShadowStrike\ShadowStrike\src\Shared_modules\Core\Engine\MachineLearningDetector.cpp(488,33):
      ─░┼şaretlenen t├╝rler ilgisiz; d├Ân├╝┼şt├╝rme reinterpret_cast, C stili t├╝r d├Ân├╝┼şt├╝rme veya parantez i├ğine al─▒nm─▒┼ş i┼şlev stili t├╝r d├Ân├╝┼şt├╝rme gerektiriyor
      C:\ShadowStrike\ShadowStrike\src\Shared_modules\Utils\Logger.hpp(265,16):
      'ShadowStrike::Utils::Logger::Info' bildirimine bak─▒n
      C:\ShadowStrike\ShadowStrike\src\Shared_modules\Utils\Logger.hpp(282,16):
      'void ShadowStrike::Utils::Logger::Info(std::basic_format_string<char,type_identity<_Args>::type...>,Args ...)' olabilirdi
          C:\ShadowStrike\ShadowStrike\src\Shared_modules\Core\Engine\MachineLearningDetector.cpp(488,28):
          ili┼şkili k─▒s─▒tlamalar kar┼ş─▒lanmad─▒
              C:\ShadowStrike\ShadowStrike\src\Shared_modules\Utils\Logger.hpp(281,57):
              k─▒s─▒tlama yerine getirilmedi
      C:\ShadowStrike\ShadowStrike\src\Shared_modules\Core\Engine\MachineLearningDetector.cpp(488,28):
      '(const wchar_t [52])' ba─ş─▒ms─▒z de─şi┼şken listesi e┼şlenmeye ├ğal─▒┼ş─▒l─▒rken
  
C:\ShadowStrike\ShadowStrike\src\Shared_modules\Core\Engine\MachineLearningDetector.cpp(502,32): error C2664: 'void ShadowStrike::Utils::Logger::Error(const char *)' : 1 ba─ş─▒ms─▒z de─şi┼şkeni 'const wchar_t [54]' de─şerinden 'const char *' de─şerine d├Ân├╝┼şt├╝r├╝lemez [C:\ShadowStrike\ShadowStrike\ShadowStrike.vcxproj]
  ('/src/Shared_modules/Core/Engine/MachineLearningDetector.cpp' kaynak dosyas─▒ derleniyor)
      C:\ShadowStrike\ShadowStrike\src\Shared_modules\Core\Engine\MachineLearningDetector.cpp(502,38):
      ─░┼şaretlenen t├╝rler ilgisiz; d├Ân├╝┼şt├╝rme reinterpret_cast, C stili t├╝r d├Ân├╝┼şt├╝rme veya parantez i├ğine al─▒nm─▒┼ş i┼şlev stili t├╝r d├Ân├╝┼şt├╝rme gerektiriyor
      C:\ShadowStrike\ShadowStrike\src\Shared_modules\Utils\Logger.hpp(263,16):
      'ShadowStrike::Utils::Logger::Error' bildirimine bak─▒n
      C:\ShadowStrike\ShadowStrike\src\Shared_modules\Utils\Logger.hpp(274,16):
      'void ShadowStrike::Utils::Logger::Error(std::basic_format_string<char,type_identity<_Args>::type...>,Args ...)' olabilirdi
          C:\ShadowStrike\ShadowStrike\src\Shared_modules\Core\Engine\MachineLearningDetector.cpp(502,32):
          ili┼şkili k─▒s─▒tlamalar kar┼ş─▒lanmad─▒
              C:\ShadowStrike\ShadowStrike\src\Shared_modules\Utils\Logger.hpp(273,57):
              k─▒s─▒tlama yerine getirilmedi
      C:\ShadowStrike\ShadowStrike\src\Shared_modules\Core\Engine\MachineLearningDetector.cpp(502,32):
      '(const wchar_t [54])' ba─ş─▒ms─▒z de─şi┼şken listesi e┼şlenmeye ├ğal─▒┼ş─▒l─▒rken
  
C:\ShadowStrike\ShadowStrike\src\Shared_modules\Core\Engine\MachineLearningDetector.cpp(511,30): warning C4834: [[nodiscard]] ├Âzniteli─şine sahip i┼şlevin d├Ân├╝┼ş de─şerinin at─▒lmas─▒ [C:\ShadowStrike\ShadowStrike\ShadowStrike.vcxproj]
  ('/src/Shared_modules/Core/Engine/MachineLearningDetector.cpp' kaynak dosyas─▒ derleniyor)
  
C:\ShadowStrike\ShadowStrike\src\Shared_modules\Core\Engine\MachineLearningDetector.cpp(516,32): error C2664: 'void ShadowStrike::Utils::Logger::Error(const char *)' : 1 ba─ş─▒ms─▒z de─şi┼şkeni 'const wchar_t [51]' de─şerinden 'const char *' de─şerine d├Ân├╝┼şt├╝r├╝lemez [C:\ShadowStrike\ShadowStrike\ShadowStrike.vcxproj]
  ('/src/Shared_modules/Core/Engine/MachineLearningDetector.cpp' kaynak dosyas─▒ derleniyor)
      C:\ShadowStrike\ShadowStrike\src\Shared_modules\Core\Engine\MachineLearningDetector.cpp(516,38):
      ─░┼şaretlenen t├╝rler ilgisiz; d├Ân├╝┼şt├╝rme reinterpret_cast, C stili t├╝r d├Ân├╝┼şt├╝rme veya parantez i├ğine al─▒nm─▒┼ş i┼şlev stili t├╝r d├Ân├╝┼şt├╝rme gerektiriyor
      C:\ShadowStrike\ShadowStrike\src\Shared_modules\Utils\Logger.hpp(263,16):
      'ShadowStrike::Utils::Logger::Error' bildirimine bak─▒n
      C:\ShadowStrike\ShadowStrike\src\Shared_modules\Utils\Logger.hpp(274,16):
      'void ShadowStrike::Utils::Logger::Error(std::basic_format_string<char,type_identity<_Args>::type...>,Args ...)' olabilirdi
          C:\ShadowStrike\ShadowStrike\src\Shared_modules\Core\Engine\MachineLearningDetector.cpp(516,32):
          ili┼şkili k─▒s─▒tlamalar kar┼ş─▒lanmad─▒
              C:\ShadowStrike\ShadowStrike\src\Shared_modules\Utils\Logger.hpp(273,57):
              k─▒s─▒tlama yerine getirilmedi
      C:\ShadowStrike\ShadowStrike\src\Shared_modules\Core\Engine\MachineLearningDetector.cpp(516,32):
      '(const wchar_t [51])' ba─ş─▒ms─▒z de─şi┼şken listesi e┼şlenmeye ├ğal─▒┼ş─▒l─▒rken
  
C:\ShadowStrike\ShadowStrike\src\Shared_modules\Core\Engine\QuarantineManager.cpp(1515,34): error C2664: 'bool ShadowStrike::Database::QuarantineDB::UpdateEntry(const ShadowStrike::Database::QuarantineDB::QuarantineEntry &,ShadowStrike::Database::DatabaseError *)' : 1 ba─ş─▒ms─▒z de─şi┼şkeni '_Ty' de─şerinden 'const ShadowStrike::Database::QuarantineDB::QuarantineEntry &' de─şerine d├Ân├╝┼şt├╝r├╝lemez [C:\ShadowStrike\ShadowStrike\ShadowStrike.vcxproj]
C:\ShadowStrike\ShadowStrike\src\Shared_modules\Core\Engine\QuarantineManager.cpp(1515,34): error C2664:         with [C:\ShadowStrike\ShadowStrike\ShadowStrike.vcxproj]
C:\ShadowStrike\ShadowStrike\src\Shared_modules\Core\Engine\QuarantineManager.cpp(1515,34): error C2664:         [ [C:\ShadowStrike\ShadowStrike\ShadowStrike.vcxproj]
C:\ShadowStrike\ShadowStrike\src\Shared_modules\Core\Engine\QuarantineManager.cpp(1515,34): error C2664:             _Ty=ShadowStrike::Core::Engine::QuarantineEntry [C:\ShadowStrike\ShadowStrike\ShadowStrike.vcxproj]
C:\ShadowStrike\ShadowStrike\src\Shared_modules\Core\Engine\QuarantineManager.cpp(1515,34): error C2664:         ] [C:\ShadowStrike\ShadowStrike\ShadowStrike.vcxproj]
  ('/src/Shared_modules/Core/Engine/QuarantineManager.cpp' kaynak dosyas─▒ derleniyor)
      C:\ShadowStrike\ShadowStrike\src\Shared_modules\Core\Engine\QuarantineManager.cpp(1515,46):
      Nedeni: '_Ty' de─şerinden 'const ShadowStrike::Database::QuarantineDB::QuarantineEntry' de─şerine d├Ân├╝┼şt├╝r├╝lemez
          with
          [
              _Ty=ShadowStrike::Core::Engine::QuarantineEntry
          ]
      C:\ShadowStrike\ShadowStrike\src\Shared_modules\Core\Engine\QuarantineManager.cpp(1515,46):
      Bu d├Ân├╝┼şt├╝rmeyi ger├ğekle┼ştirecek kullan─▒c─▒ tan─▒ml─▒ d├Ân├╝┼şt├╝rme i┼şleci yok veya i┼şle├ğ ├ğa─şr─▒lam─▒yor
      C:\ShadowStrike\ShadowStrike\src\Shared_modules\Database\QuarantineDB.hpp(868,18):
      'ShadowStrike::Database::QuarantineDB::UpdateEntry' bildirimine bak─▒n
      C:\ShadowStrike\ShadowStrike\src\Shared_modules\Core\Engine\QuarantineManager.cpp(1515,34):
      '(_Ty)' ba─ş─▒ms─▒z de─şi┼şken listesi e┼şlenmeye ├ğal─▒┼ş─▒l─▒rken
          with
          [
              _Ty=ShadowStrike::Core::Engine::QuarantineEntry
          ]
  
C:\ShadowStrike\ShadowStrike\src\Shared_modules\Core\Engine\MachineLearningDetector.cpp(524,24): error C2665: 'ShadowStrike::Utils::Logger::Info': hi├ğbir a┼ş─▒r─▒ y├╝klenmi┼ş i┼şlev t├╝m arg├╝man t├╝rlerini d├Ân├╝┼şt├╝remez [C:\ShadowStrike\ShadowStrike\ShadowStrike.vcxproj]
  ('/src/Shared_modules/Core/Engine/MachineLearningDetector.cpp' kaynak dosyas─▒ derleniyor)
      C:\ShadowStrike\ShadowStrike\src\Shared_modules\Utils\Logger.hpp(282,16):
      'void ShadowStrike::Utils::Logger::Info<unsigned __int64>(std::basic_format_string<char,unsigned __int64>,unsigned __int64 &&)' olabilirdi
          C:\ShadowStrike\ShadowStrike\src\Shared_modules\Core\Engine\MachineLearningDetector.cpp(524,24):
          'void ShadowStrike::Utils::Logger::Info<unsigned __int64>(std::basic_format_string<char,unsigned __int64>,unsigned __int64 &&)' : 1 ba─ş─▒ms─▒z de─şi┼şkeni 'const wchar_t [72]' de─şerinden 'std::basic_format_string<char,unsigned __int64>' de─şerine d├Ân├╝┼şt├╝r├╝lemez
              C:\ShadowStrike\ShadowStrike\src\Shared_modules\Core\Engine\MachineLearningDetector.cpp(524,29):
              'std::basic_format_string<char,unsigned __int64>::basic_format_string': hi├ğbir a┼ş─▒r─▒ y├╝klenmi┼ş i┼şlev t├╝m arg├╝man t├╝rlerini d├Ân├╝┼şt├╝remez
                  C:\Program Files\Microsoft Visual Studio\2022\Community\VC\Tools\MSVC\14.44.35207\include\format(2867,1):
                  'std::basic_format_string<char,unsigned __int64>::basic_format_string(std::basic_format_string<char,unsigned __int64> &&)' olabilirdi
                      C:\ShadowStrike\ShadowStrike\src\Shared_modules\Core\Engine\MachineLearningDetector.cpp(524,29):
                      'std::basic_format_string<char,unsigned __int64>::basic_format_string(std::basic_format_string<char,unsigned __int64> &&)' : 1 ba─ş─▒ms─▒z de─şi┼şkeni 'const wchar_t [72]' de─şerinden 'std::basic_format_string<char,unsigned __int64> &&' de─şerine d├Ân├╝┼şt├╝r├╝lemez
                          C:\ShadowStrike\ShadowStrike\src\Shared_modules\Core\Engine\MachineLearningDetector.cpp(524,29):
                          Nedeni: 'const wchar_t [72]' de─şerinden 'std::basic_format_string<char,unsigned __int64>' de─şerine d├Ân├╝┼şt├╝r├╝lemez
                          C:\ShadowStrike\ShadowStrike\src\Shared_modules\Core\Engine\MachineLearningDetector.cpp(524,29):
                          D├Ân├╝┼şt├╝rme ikinci bir kullan─▒c─▒ tan─▒ml─▒ d├Ân├╝┼şt├╝rme i┼şleci veya olu┼şturucu gerektiriyor
                  C:\Program Files\Microsoft Visual Studio\2022\Community\VC\Tools\MSVC\14.44.35207\include\format(2867,1):
                  veya       'std::basic_format_string<char,unsigned __int64>::basic_format_string(const std::basic_format_string<char,unsigned __int64> &)'
                      C:\ShadowStrike\ShadowStrike\src\Shared_modules\Core\Engine\MachineLearningDetector.cpp(524,29):
                      'std::basic_format_string<char,unsigned __int64>::basic_format_string(const std::basic_format_string<char,unsigned __int64> &)' : 1 ba─ş─▒ms─▒z de─şi┼şkeni 'const wchar_t [72]' de─şerinden 'const std::basic_format_string<char,unsigned __int64> &' de─şerine d├Ân├╝┼şt├╝r├╝lemez
                          C:\ShadowStrike\ShadowStrike\src\Shared_modules\Core\Engine\MachineLearningDetector.cpp(524,29):
                          Nedeni: 'const wchar_t [72]' de─şerinden 'const std::basic_format_string<char,unsigned __int64>' de─şerine d├Ân├╝┼şt├╝r├╝lemez
                          C:\ShadowStrike\ShadowStrike\src\Shared_modules\Core\Engine\MachineLearningDetector.cpp(524,29):
                          D├Ân├╝┼şt├╝rme ikinci bir kullan─▒c─▒ tan─▒ml─▒ d├Ân├╝┼şt├╝rme i┼şleci veya olu┼şturucu gerektiriyor
                  C:\Program Files\Microsoft Visual Studio\2022\Community\VC\Tools\MSVC\14.44.35207\include\format(2850,5):
                  veya       'std::basic_format_string<char,unsigned __int64>::basic_format_string(const _Ty &)'
                  C:\ShadowStrike\ShadowStrike\src\Shared_modules\Core\Engine\MachineLearningDetector.cpp(524,29):
                  '(const wchar_t [72])' ba─ş─▒ms─▒z de─şi┼şken listesi e┼şlenmeye ├ğal─▒┼ş─▒l─▒rken
      C:\ShadowStrike\ShadowStrike\src\Shared_modules\Core\Engine\MachineLearningDetector.cpp(524,24):
      '(const wchar_t [72], unsigned __int64)' ba─ş─▒ms─▒z de─şi┼şken listesi e┼şlenmeye ├ğal─▒┼ş─▒l─▒rken
  
C:\ShadowStrike\ShadowStrike\src\Shared_modules\Core\Engine\MachineLearningDetector.cpp(530,49): error C2039: 'Utf8ToWide': bir 'ShadowStrike::Utils::StringUtils' ├╝yesi de─şil [C:\ShadowStrike\ShadowStrike\ShadowStrike.vcxproj]
  ('/src/Shared_modules/Core/Engine/MachineLearningDetector.cpp' kaynak dosyas─▒ derleniyor)
      C:\ShadowStrike\ShadowStrike\src\Shared_modules\Utils\StringUtils.hpp(63,19):
      'ShadowStrike::Utils::StringUtils' bildirimine bak─▒n
  
C:\ShadowStrike\ShadowStrike\src\Shared_modules\Core\Engine\MachineLearningDetector.cpp(530,49): error C3861: 'Utf8ToWide': tan─▒mlay─▒c─▒ bulunamad─▒ [C:\ShadowStrike\ShadowStrike\ShadowStrike.vcxproj]
  ('/src/Shared_modules/Core/Engine/MachineLearningDetector.cpp' kaynak dosyas─▒ derleniyor)
  
C:\ShadowStrike\ShadowStrike\src\Shared_modules\Core\Engine\MachineLearningDetector.cpp(529,24): error C2660: 'ShadowStrike::Utils::Logger::Error': i┼şlev 2 ba─ş─▒ms─▒z de─şi┼şken alm─▒yor [C:\ShadowStrike\ShadowStrike\ShadowStrike.vcxproj]
  FileLockManager.cpp
  ('/src/Shared_modules/Core/Engine/MachineLearningDetector.cpp' kaynak dosyas─▒ derleniyor)
      C:\ShadowStrike\ShadowStrike\src\Shared_modules\Utils\Logger.hpp(263,16):
      'ShadowStrike::Utils::Logger::Error' bildirimine bak─▒n
      C:\ShadowStrike\ShadowStrike\src\Shared_modules\Utils\Logger.hpp(274,16):
      'void ShadowStrike::Utils::Logger::Error(std::basic_format_string<char,type_identity<_Args>::type...>,Args ...)' olabilirdi
          C:\ShadowStrike\ShadowStrike\src\Shared_modules\Core\Engine\MachineLearningDetector.cpp(529,24):
          'void ShadowStrike::Utils::Logger::Error(std::basic_format_string<char,type_identity<_Args>::type...>,Args ...)' i┼şlev ┼şablonu ├Âzelle┼ştirilemedi
              C:\ShadowStrike\ShadowStrike\src\Shared_modules\Core\Engine\MachineLearningDetector.cpp(529,24):
              ┼Şu ┼şablon ba─ş─▒ms─▒z de─şi┼şkenleriyle:
                  C:\ShadowStrike\ShadowStrike\src\Shared_modules\Core\Engine\MachineLearningDetector.cpp(529,24):
                  'Args={<error type>}'
      C:\ShadowStrike\ShadowStrike\src\Shared_modules\Core\Engine\MachineLearningDetector.cpp(529,24):
      '(const wchar_t [52], <error type>)' ba─ş─▒ms─▒z de─şi┼şken listesi e┼şlenmeye ├ğal─▒┼ş─▒l─▒rken
  
C:\ShadowStrike\ShadowStrike\src\Shared_modules\Core\Engine\MachineLearningDetector.cpp(575,24): error C2664: 'void ShadowStrike::Utils::Logger::Info(const char *)' : 1 ba─ş─▒ms─▒z de─şi┼şkeni 'const wchar_t [43]' de─şerinden 'const char *' de─şerine d├Ân├╝┼şt├╝r├╝lemez [C:\ShadowStrike\ShadowStrike\ShadowStrike.vcxproj]
  ('/src/Shared_modules/Core/Engine/MachineLearningDetector.cpp' kaynak dosyas─▒ derleniyor)
      C:\ShadowStrike\ShadowStrike\src\Shared_modules\Core\Engine\MachineLearningDetector.cpp(575,29):
      ─░┼şaretlenen t├╝rler ilgisiz; d├Ân├╝┼şt├╝rme reinterpret_cast, C stili t├╝r d├Ân├╝┼şt├╝rme veya parantez i├ğine al─▒nm─▒┼ş i┼şlev stili t├╝r d├Ân├╝┼şt├╝rme gerektiriyor
      C:\ShadowStrike\ShadowStrike\src\Shared_modules\Utils\Logger.hpp(265,16):
      'ShadowStrike::Utils::Logger::Info' bildirimine bak─▒n
      C:\ShadowStrike\ShadowStrike\src\Shared_modules\Utils\Logger.hpp(282,16):
      'void ShadowStrike::Utils::Logger::Info(std::basic_format_string<char,type_identity<_Args>::type...>,Args ...)' olabilirdi
          C:\ShadowStrike\ShadowStrike\src\Shared_modules\Core\Engine\MachineLearningDetector.cpp(575,24):
          ili┼şkili k─▒s─▒tlamalar kar┼ş─▒lanmad─▒
              C:\ShadowStrike\ShadowStrike\src\Shared_modules\Utils\Logger.hpp(281,57):
              k─▒s─▒tlama yerine getirilmedi
      C:\ShadowStrike\ShadowStrike\src\Shared_modules\Core\Engine\MachineLearningDetector.cpp(575,24):
      '(const wchar_t [43])' ba─ş─▒ms─▒z de─şi┼şken listesi e┼şlenmeye ├ğal─▒┼ş─▒l─▒rken
  
  FileReputation.cpp
C:\ShadowStrike\ShadowStrike\src\Shared_modules\Core\Engine\MachineLearningDetector.cpp(579,49): error C2039: 'Utf8ToWide': bir 'ShadowStrike::Utils::StringUtils' ├╝yesi de─şil [C:\ShadowStrike\ShadowStrike\ShadowStrike.vcxproj]
  ('/src/Shared_modules/Core/Engine/MachineLearningDetector.cpp' kaynak dosyas─▒ derleniyor)
      C:\ShadowStrike\ShadowStrike\src\Shared_modules\Utils\StringUtils.hpp(63,19):
      'ShadowStrike::Utils::StringUtils' bildirimine bak─▒n
  
C:\ShadowStrike\ShadowStrike\src\Shared_modules\Core\Engine\MachineLearningDetector.cpp(579,49): error C3861: 'Utf8ToWide': tan─▒mlay─▒c─▒ bulunamad─▒ [C:\ShadowStrike\ShadowStrike\ShadowStrike.vcxproj]
  ('/src/Shared_modules/Core/Engine/MachineLearningDetector.cpp' kaynak dosyas─▒ derleniyor)
  
C:\ShadowStrike\ShadowStrike\src\Shared_modules\Core\Engine\MachineLearningDetector.cpp(578,24): error C2660: 'ShadowStrike::Utils::Logger::Error': i┼şlev 2 ba─ş─▒ms─▒z de─şi┼şken alm─▒yor [C:\ShadowStrike\ShadowStrike\ShadowStrike.vcxproj]
  ('/src/Shared_modules/Core/Engine/MachineLearningDetector.cpp' kaynak dosyas─▒ derleniyor)
      C:\ShadowStrike\ShadowStrike\src\Shared_modules\Utils\Logger.hpp(263,16):
      'ShadowStrike::Utils::Logger::Error' bildirimine bak─▒n
      C:\ShadowStrike\ShadowStrike\src\Shared_modules\Utils\Logger.hpp(274,16):
      'void ShadowStrike::Utils::Logger::Error(std::basic_format_string<char,type_identity<_Args>::type...>,Args ...)' olabilirdi
          C:\ShadowStrike\ShadowStrike\src\Shared_modules\Core\Engine\MachineLearningDetector.cpp(578,24):
          'void ShadowStrike::Utils::Logger::Error(std::basic_format_string<char,type_identity<_Args>::type...>,Args ...)' i┼şlev ┼şablonu ├Âzelle┼ştirilemedi
              C:\ShadowStrike\ShadowStrike\src\Shared_modules\Core\Engine\MachineLearningDetector.cpp(578,24):
              ┼Şu ┼şablon ba─ş─▒ms─▒z de─şi┼şkenleriyle:
                  C:\ShadowStrike\ShadowStrike\src\Shared_modules\Core\Engine\MachineLearningDetector.cpp(578,24):
                  'Args={<error type>}'
      C:\ShadowStrike\ShadowStrike\src\Shared_modules\Core\Engine\MachineLearningDetector.cpp(578,24):
      '(const wchar_t [45], <error type>)' ba─ş─▒ms─▒z de─şi┼şken listesi e┼şlenmeye ├ğal─▒┼ş─▒l─▒rken
  
C:\ShadowStrike\ShadowStrike\src\Shared_modules\Core\Engine\MachineLearningDetector.cpp(609,28): error C2664: 'void ShadowStrike::Utils::Logger::Warn(const char *)' : 1 ba─ş─▒ms─▒z de─şi┼şkeni 'const wchar_t [41]' de─şerinden 'const char *' de─şerine d├Ân├╝┼şt├╝r├╝lemez [C:\ShadowStrike\ShadowStrike\ShadowStrike.vcxproj]
  ('/src/Shared_modules/Core/Engine/MachineLearningDetector.cpp' kaynak dosyas─▒ derleniyor)
      C:\ShadowStrike\ShadowStrike\src\Shared_modules\Core\Engine\MachineLearningDetector.cpp(609,33):
      ─░┼şaretlenen t├╝rler ilgisiz; d├Ân├╝┼şt├╝rme reinterpret_cast, C stili t├╝r d├Ân├╝┼şt├╝rme veya parantez i├ğine al─▒nm─▒┼ş i┼şlev stili t├╝r d├Ân├╝┼şt├╝rme gerektiriyor
      C:\ShadowStrike\ShadowStrike\src\Shared_modules\Utils\Logger.hpp(264,16):
      'ShadowStrike::Utils::Logger::Warn' bildirimine bak─▒n
      C:\ShadowStrike\ShadowStrike\src\Shared_modules\Utils\Logger.hpp(278,16):
      'void ShadowStrike::Utils::Logger::Warn(std::basic_format_string<char,type_identity<_Args>::type...>,Args ...)' olabilirdi
          C:\ShadowStrike\ShadowStrike\src\Shared_modules\Core\Engine\MachineLearningDetector.cpp(609,28):
          ili┼şkili k─▒s─▒tlamalar kar┼ş─▒lanmad─▒
              C:\ShadowStrike\ShadowStrike\src\Shared_modules\Utils\Logger.hpp(277,57):
              k─▒s─▒tlama yerine getirilmedi
      C:\ShadowStrike\ShadowStrike\src\Shared_modules\Core\Engine\MachineLearningDetector.cpp(609,28):
      '(const wchar_t [41])' ba─ş─▒ms─▒z de─şi┼şken listesi e┼şlenmeye ├ğal─▒┼ş─▒l─▒rken
  
C:\ShadowStrike\ShadowStrike\src\Shared_modules\Core\Engine\MachineLearningDetector.cpp(615,28): error C2665: 'ShadowStrike::Utils::Logger::Warn': hi├ğbir a┼ş─▒r─▒ y├╝klenmi┼ş i┼şlev t├╝m arg├╝man t├╝rlerini d├Ân├╝┼şt├╝remez [C:\ShadowStrike\ShadowStrike\ShadowStrike.vcxproj]
  ('/src/Shared_modules/Core/Engine/MachineLearningDetector.cpp' kaynak dosyas─▒ derleniyor)
      C:\ShadowStrike\ShadowStrike\src\Shared_modules\Utils\Logger.hpp(278,16):
      'void ShadowStrike::Utils::Logger::Warn<std::wstring>(std::basic_format_string<char,std::basic_string<wchar_t,std::char_traits<wchar_t>,std::allocator<wchar_t>>>,std::wstring &&)' olabilirdi
          C:\ShadowStrike\ShadowStrike\src\Shared_modules\Core\Engine\MachineLearningDetector.cpp(615,28):
          'void ShadowStrike::Utils::Logger::Warn<std::wstring>(std::basic_format_string<char,std::basic_string<wchar_t,std::char_traits<wchar_t>,std::allocator<wchar_t>>>,std::wstring &&)' : 1 ba─ş─▒ms─▒z de─şi┼şkeni 'const wchar_t [45]' de─şerinden 'std::basic_format_string<char,std::basic_string<wchar_t,std::char_traits<wchar_t>,std::allocator<wchar_t>>>' de─şerine d├Ân├╝┼şt├╝r├╝lemez
              C:\ShadowStrike\ShadowStrike\src\Shared_modules\Core\Engine\MachineLearningDetector.cpp(615,33):
              'std::basic_format_string<char,std::basic_string<wchar_t,std::char_traits<wchar_t>,std::allocator<wchar_t>>>::basic_format_string': hi├ğbir a┼ş─▒r─▒ y├╝klenmi┼ş i┼şlev t├╝m arg├╝man t├╝rlerini d├Ân├╝┼şt├╝remez
                  C:\Program Files\Microsoft Visual Studio\2022\Community\VC\Tools\MSVC\14.44.35207\include\format(2867,1):
                  'std::basic_format_string<char,std::basic_string<wchar_t,std::char_traits<wchar_t>,std::allocator<wchar_t>>>::basic_format_string(std::basic_format_string<char,std::basic_string<wchar_t,std::char_traits<wchar_t>,std::allocator<wchar_t>>> &&)' olabilirdi
                      C:\ShadowStrike\ShadowStrike\src\Shared_modules\Core\Engine\MachineLearningDetector.cpp(615,33):
                      'std::basic_format_string<char,std::basic_string<wchar_t,std::char_traits<wchar_t>,std::allocator<wchar_t>>>::basic_format_string(std::basic_format_string<char,std::basic_string<wchar_t,std::char_traits<wchar_t>,std::allocator<wchar_t>>> &&)' : 1 ba─ş─▒ms─▒z de─şi┼şkeni 'const wchar_t [45]' de─şerinden 'std::basic_format_string<char,std::basic_string<wchar_t,std::char_traits<wchar_t>,std::allocator<wchar_t>>> &&' de─şerine d├Ân├╝┼şt├╝r├╝lemez
                          C:\ShadowStrike\ShadowStrike\src\Shared_modules\Core\Engine\MachineLearningDetector.cpp(615,33):
                          Nedeni: 'const wchar_t [45]' de─şerinden 'std::basic_format_string<char,std::basic_string<wchar_t,std::char_traits<wchar_t>,std::allocator<wchar_t>>>' de─şerine d├Ân├╝┼şt├╝r├╝lemez
                          C:\ShadowStrike\ShadowStrike\src\Shared_modules\Core\Engine\MachineLearningDetector.cpp(615,33):
                          D├Ân├╝┼şt├╝rme ikinci bir kullan─▒c─▒ tan─▒ml─▒ d├Ân├╝┼şt├╝rme i┼şleci veya olu┼şturucu gerektiriyor
                  C:\Program Files\Microsoft Visual Studio\2022\Community\VC\Tools\MSVC\14.44.35207\include\format(2867,1):
                  veya       'std::basic_format_string<char,std::basic_string<wchar_t,std::char_traits<wchar_t>,std::allocator<wchar_t>>>::basic_format_string(const std::basic_format_string<char,std::basic_string<wchar_t,std::char_traits<wchar_t>,std::allocator<wchar_t>>> &)'
                      C:\ShadowStrike\ShadowStrike\src\Shared_modules\Core\Engine\MachineLearningDetector.cpp(615,33):
                      'std::basic_format_string<char,std::basic_string<wchar_t,std::char_traits<wchar_t>,std::allocator<wchar_t>>>::basic_format_string(const std::basic_format_string<char,std::basic_string<wchar_t,std::char_traits<wchar_t>,std::allocator<wchar_t>>> &)' : 1 ba─ş─▒ms─▒z de─şi┼şkeni 'const wchar_t [45]' de─şerinden 'const std::basic_format_string<char,std::basic_string<wchar_t,std::char_traits<wchar_t>,std::allocator<wchar_t>>> &' de─şerine d├Ân├╝┼şt├╝r├╝lemez
                          C:\ShadowStrike\ShadowStrike\src\Shared_modules\Core\Engine\MachineLearningDetector.cpp(615,33):
                          Nedeni: 'const wchar_t [45]' de─şerinden 'const std::basic_format_string<char,std::basic_string<wchar_t,std::char_traits<wchar_t>,std::allocator<wchar_t>>>' de─şerine d├Ân├╝┼şt├╝r├╝lemez
                          C:\ShadowStrike\ShadowStrike\src\Shared_modules\Core\Engine\MachineLearningDetector.cpp(615,33):
                          D├Ân├╝┼şt├╝rme ikinci bir kullan─▒c─▒ tan─▒ml─▒ d├Ân├╝┼şt├╝rme i┼şleci veya olu┼şturucu gerektiriyor
                  C:\Program Files\Microsoft Visual Studio\2022\Community\VC\Tools\MSVC\14.44.35207\include\format(2850,5):
                  veya       'std::basic_format_string<char,std::basic_string<wchar_t,std::char_traits<wchar_t>,std::allocator<wchar_t>>>::basic_format_string(const _Ty &)'
                  C:\ShadowStrike\ShadowStrike\src\Shared_modules\Core\Engine\MachineLearningDetector.cpp(615,33):
                  '(const wchar_t [45])' ba─ş─▒ms─▒z de─şi┼şken listesi e┼şlenmeye ├ğal─▒┼ş─▒l─▒rken
      C:\ShadowStrike\ShadowStrike\src\Shared_modules\Core\Engine\MachineLearningDetector.cpp(615,28):
      '(const wchar_t [45], std::wstring)' ba─ş─▒ms─▒z de─şi┼şken listesi e┼şlenmeye ├ğal─▒┼ş─▒l─▒rken
  
C:\ShadowStrike\ShadowStrike\src\Shared_modules\Core\Engine\MachineLearningDetector.cpp(620,43): error C2039: 'ReadFile': bir 'ShadowStrike::Utils::FileUtils' ├╝yesi de─şil [C:\ShadowStrike\ShadowStrike\ShadowStrike.vcxproj]
  ('/src/Shared_modules/Core/Engine/MachineLearningDetector.cpp' kaynak dosyas─▒ derleniyor)
      C:\ShadowStrike\ShadowStrike\src\Shared_modules\Utils\FileUtils.hpp(61,13):
      'ShadowStrike::Utils::FileUtils' bildirimine bak─▒n
  
C:\ShadowStrike\ShadowStrike\src\Shared_modules\Core\Engine\MachineLearningDetector.cpp(620,43): error C2660: 'ReadFile': i┼şlev 1 ba─ş─▒ms─▒z de─şi┼şken alm─▒yor [C:\ShadowStrike\ShadowStrike\ShadowStrike.vcxproj]
  ('/src/Shared_modules/Core/Engine/MachineLearningDetector.cpp' kaynak dosyas─▒ derleniyor)
      C:\Program Files (x86)\Windows Kits\10\Include\10.0.26100.0\um\fileapi.h(993,1):
      'ReadFile' bildirimine bak─▒n
      C:\ShadowStrike\ShadowStrike\src\Shared_modules\Core\Engine\MachineLearningDetector.cpp(620,43):
      '(const std::filesystem::path)' ba─ş─▒ms─▒z de─şi┼şken listesi e┼şlenmeye ├ğal─▒┼ş─▒l─▒rken
  
C:\ShadowStrike\ShadowStrike\src\Shared_modules\Core\Engine\MachineLearningDetector.cpp(622,28): error C2665: 'ShadowStrike::Utils::Logger::Warn': hi├ğbir a┼ş─▒r─▒ y├╝klenmi┼ş i┼şlev t├╝m arg├╝man t├╝rlerini d├Ân├╝┼şt├╝remez [C:\ShadowStrike\ShadowStrike\ShadowStrike.vcxproj]
  ('/src/Shared_modules/Core/Engine/MachineLearningDetector.cpp' kaynak dosyas─▒ derleniyor)
      C:\ShadowStrike\ShadowStrike\src\Shared_modules\Utils\Logger.hpp(278,16):
      'void ShadowStrike::Utils::Logger::Warn<std::wstring>(std::basic_format_string<char,std::basic_string<wchar_t,std::char_traits<wchar_t>,std::allocator<wchar_t>>>,std::wstring &&)' olabilirdi
          C:\ShadowStrike\ShadowStrike\src\Shared_modules\Core\Engine\MachineLearningDetector.cpp(622,28):
          'void ShadowStrike::Utils::Logger::Warn<std::wstring>(std::basic_format_string<char,std::basic_string<wchar_t,std::char_traits<wchar_t>,std::allocator<wchar_t>>>,std::wstring &&)' : 1 ba─ş─▒ms─▒z de─şi┼şkeni 'const wchar_t [50]' de─şerinden 'std::basic_format_string<char,std::basic_string<wchar_t,std::char_traits<wchar_t>,std::allocator<wchar_t>>>' de─şerine d├Ân├╝┼şt├╝r├╝lemez
              C:\ShadowStrike\ShadowStrike\src\Shared_modules\Core\Engine\MachineLearningDetector.cpp(622,33):
              'std::basic_format_string<char,std::basic_string<wchar_t,std::char_traits<wchar_t>,std::allocator<wchar_t>>>::basic_format_string': hi├ğbir a┼ş─▒r─▒ y├╝klenmi┼ş i┼şlev t├╝m arg├╝man t├╝rlerini d├Ân├╝┼şt├╝remez
                  C:\Program Files\Microsoft Visual Studio\2022\Community\VC\Tools\MSVC\14.44.35207\include\format(2867,1):
                  'std::basic_format_string<char,std::basic_string<wchar_t,std::char_traits<wchar_t>,std::allocator<wchar_t>>>::basic_format_string(std::basic_format_string<char,std::basic_string<wchar_t,std::char_traits<wchar_t>,std::allocator<wchar_t>>> &&)' olabilirdi
                      C:\ShadowStrike\ShadowStrike\src\Shared_modules\Core\Engine\MachineLearningDetector.cpp(622,33):
                      'std::basic_format_string<char,std::basic_string<wchar_t,std::char_traits<wchar_t>,std::allocator<wchar_t>>>::basic_format_string(std::basic_format_string<char,std::basic_string<wchar_t,std::char_traits<wchar_t>,std::allocator<wchar_t>>> &&)' : 1 ba─ş─▒ms─▒z de─şi┼şkeni 'const wchar_t [50]' de─şerinden 'std::basic_format_string<char,std::basic_string<wchar_t,std::char_traits<wchar_t>,std::allocator<wchar_t>>> &&' de─şerine d├Ân├╝┼şt├╝r├╝lemez
                          C:\ShadowStrike\ShadowStrike\src\Shared_modules\Core\Engine\MachineLearningDetector.cpp(622,33):
                          Nedeni: 'const wchar_t [50]' de─şerinden 'std::basic_format_string<char,std::basic_string<wchar_t,std::char_traits<wchar_t>,std::allocator<wchar_t>>>' de─şerine d├Ân├╝┼şt├╝r├╝lemez
                          C:\ShadowStrike\ShadowStrike\src\Shared_modules\Core\Engine\MachineLearningDetector.cpp(622,33):
                          D├Ân├╝┼şt├╝rme ikinci bir kullan─▒c─▒ tan─▒ml─▒ d├Ân├╝┼şt├╝rme i┼şleci veya olu┼şturucu gerektiriyor
                  C:\Program Files\Microsoft Visual Studio\2022\Community\VC\Tools\MSVC\14.44.35207\include\format(2867,1):
                  veya       'std::basic_format_string<char,std::basic_string<wchar_t,std::char_traits<wchar_t>,std::allocator<wchar_t>>>::basic_format_string(const std::basic_format_string<char,std::basic_string<wchar_t,std::char_traits<wchar_t>,std::allocator<wchar_t>>> &)'
                      C:\ShadowStrike\ShadowStrike\src\Shared_modules\Core\Engine\MachineLearningDetector.cpp(622,33):
                      'std::basic_format_string<char,std::basic_string<wchar_t,std::char_traits<wchar_t>,std::allocator<wchar_t>>>::basic_format_string(const std::basic_format_string<char,std::basic_string<wchar_t,std::char_traits<wchar_t>,std::allocator<wchar_t>>> &)' : 1 ba─ş─▒ms─▒z de─şi┼şkeni 'const wchar_t [50]' de─şerinden 'const std::basic_format_string<char,std::basic_string<wchar_t,std::char_traits<wchar_t>,std::allocator<wchar_t>>> &' de─şerine d├Ân├╝┼şt├╝r├╝lemez
                          C:\ShadowStrike\ShadowStrike\src\Shared_modules\Core\Engine\MachineLearningDetector.cpp(622,33):
                          Nedeni: 'const wchar_t [50]' de─şerinden 'const std::basic_format_string<char,std::basic_string<wchar_t,std::char_traits<wchar_t>,std::allocator<wchar_t>>>' de─şerine d├Ân├╝┼şt├╝r├╝lemez
                          C:\ShadowStrike\ShadowStrike\src\Shared_modules\Core\Engine\MachineLearningDetector.cpp(622,33):
                          D├Ân├╝┼şt├╝rme ikinci bir kullan─▒c─▒ tan─▒ml─▒ d├Ân├╝┼şt├╝rme i┼şleci veya olu┼şturucu gerektiriyor
                  C:\Program Files\Microsoft Visual Studio\2022\Community\VC\Tools\MSVC\14.44.35207\include\format(2850,5):
                  veya       'std::basic_format_string<char,std::basic_string<wchar_t,std::char_traits<wchar_t>,std::allocator<wchar_t>>>::basic_format_string(const _Ty &)'
                  C:\ShadowStrike\ShadowStrike\src\Shared_modules\Core\Engine\MachineLearningDetector.cpp(622,33):
                  '(const wchar_t [50])' ba─ş─▒ms─▒z de─şi┼şken listesi e┼şlenmeye ├ğal─▒┼ş─▒l─▒rken
      C:\ShadowStrike\ShadowStrike\src\Shared_modules\Core\Engine\MachineLearningDetector.cpp(622,28):
      '(const wchar_t [50], std::wstring)' ba─ş─▒ms─▒z de─şi┼şken listesi e┼şlenmeye ├ğal─▒┼ş─▒l─▒rken
  
C:\ShadowStrike\ShadowStrike\src\Shared_modules\Core\Engine\MachineLearningDetector.cpp(626,43): error C2039: 'CalculateSHA256': bir 'ShadowStrike::Utils::HashUtils' ├╝yesi de─şil [C:\ShadowStrike\ShadowStrike\ShadowStrike.vcxproj]
  ('/src/Shared_modules/Core/Engine/MachineLearningDetector.cpp' kaynak dosyas─▒ derleniyor)
      C:\ShadowStrike\ShadowStrike\src\Shared_modules\Utils\HashUtils.hpp(62,13):
      'ShadowStrike::Utils::HashUtils' bildirimine bak─▒n
  
C:\ShadowStrike\ShadowStrike\src\Shared_modules\Core\Engine\MachineLearningDetector.cpp(626,43): error C3861: 'CalculateSHA256': tan─▒mlay─▒c─▒ bulunamad─▒ [C:\ShadowStrike\ShadowStrike\ShadowStrike.vcxproj]
  ('/src/Shared_modules/Core/Engine/MachineLearningDetector.cpp' kaynak dosyas─▒ derleniyor)
  
C:\ShadowStrike\ShadowStrike\src\Shared_modules\Core\Engine\MachineLearningDetector.cpp(630,38): error C2664: 'ShadowStrike::Whitelist::LookupResult ShadowStrike::Whitelist::WhitelistStore::IsWhitelisted(std::wstring_view,const ShadowStrike::Whitelist::HashValue *,const std::array<uint8_t,32> *,std::wstring_view,const ShadowStrike::Whitelist::QueryOptions &) noexcept const' : 1 ba─ş─▒ms─▒z de─şi┼şkeni 'const std::filesystem::path' de─şerinden 'std::wstring_view' de─şerine d├Ân├╝┼şt├╝r├╝lemez [C:\ShadowStrike\ShadowStrike\ShadowStrike.vcxproj]
  ('/src/Shared_modules/Core/Engine/MachineLearningDetector.cpp' kaynak dosyas─▒ derleniyor)
      C:\ShadowStrike\ShadowStrike\src\Shared_modules\Core\Engine\MachineLearningDetector.cpp(630,52):
      Bu d├Ân├╝┼şt├╝rmeyi ger├ğekle┼ştirecek kullan─▒c─▒ tan─▒ml─▒ d├Ân├╝┼şt├╝rme i┼şleci yok veya i┼şle├ğ ├ğa─şr─▒lam─▒yor
      C:\ShadowStrike\ShadowStrike\src\Shared_modules\Whitelist\WhiteListStore.hpp(1774,32):
      'ShadowStrike::Whitelist::WhitelistStore::IsWhitelisted' bildirimine bak─▒n
      C:\ShadowStrike\ShadowStrike\src\Shared_modules\Core\Engine\MachineLearningDetector.cpp(630,38):
      '(const std::filesystem::path)' ba─ş─▒ms─▒z de─şi┼şken listesi e┼şlenmeye ├ğal─▒┼ş─▒l─▒rken
  
C:\ShadowStrike\ShadowStrike\src\Shared_modules\Core\Engine\MachineLearningDetector.cpp(630,51): error C2451: '_T' t├╝r├╝ndeki ko┼şullu ifade ge├ğerli de─şil [C:\ShadowStrike\ShadowStrike\ShadowStrike.vcxproj]
C:\ShadowStrike\ShadowStrike\src\Shared_modules\Core\Engine\MachineLearningDetector.cpp(630,51): error C2451:         with [C:\ShadowStrike\ShadowStrike\ShadowStrike.vcxproj]
C:\ShadowStrike\ShadowStrike\src\Shared_modules\Core\Engine\MachineLearningDetector.cpp(630,51): error C2451:         [ [C:\ShadowStrike\ShadowStrike\ShadowStrike.vcxproj]
C:\ShadowStrike\ShadowStrike\src\Shared_modules\Core\Engine\MachineLearningDetector.cpp(630,51): error C2451:             _T=ShadowStrike::Whitelist::LookupResult [C:\ShadowStrike\ShadowStrike\ShadowStrike.vcxproj]
C:\ShadowStrike\ShadowStrike\src\Shared_modules\Core\Engine\MachineLearningDetector.cpp(630,51): error C2451:         ] [C:\ShadowStrike\ShadowStrike\ShadowStrike.vcxproj]
  ('/src/Shared_modules/Core/Engine/MachineLearningDetector.cpp' kaynak dosyas─▒ derleniyor)
      C:\ShadowStrike\ShadowStrike\src\Shared_modules\Core\Engine\MachineLearningDetector.cpp(630,51):
      Bu d├Ân├╝┼şt├╝rmeyi ger├ğekle┼ştirecek kullan─▒c─▒ tan─▒ml─▒ d├Ân├╝┼şt├╝rme i┼şleci yok veya i┼şle├ğ ├ğa─şr─▒lam─▒yor
  
C:\ShadowStrike\ShadowStrike\src\Shared_modules\Core\Engine\QuarantineManager.cpp(1615,46): error C2664: 'void ShadowStrike::Core::Engine::QuarantineManager::Impl::UpdateCache(const ShadowStrike::Core::Engine::QuarantineEntry &)' : 1 ba─ş─▒ms─▒z de─şi┼şkeni '_Ty' de─şerinden 'const ShadowStrike::Core::Engine::QuarantineEntry &' de─şerine d├Ân├╝┼şt├╝r├╝lemez [C:\ShadowStrike\ShadowStrike\ShadowStrike.vcxproj]
C:\ShadowStrike\ShadowStrike\src\Shared_modules\Core\Engine\QuarantineManager.cpp(1615,46): error C2664:         with [C:\ShadowStrike\ShadowStrike\ShadowStrike.vcxproj]
C:\ShadowStrike\ShadowStrike\src\Shared_modules\Core\Engine\QuarantineManager.cpp(1615,46): error C2664:         [ [C:\ShadowStrike\ShadowStrike\ShadowStrike.vcxproj]
C:\ShadowStrike\ShadowStrike\src\Shared_modules\Core\Engine\QuarantineManager.cpp(1615,46): error C2664:             _Ty=ShadowStrike::Database::QuarantineDB::QuarantineEntry [C:\ShadowStrike\ShadowStrike\ShadowStrike.vcxproj]
C:\ShadowStrike\ShadowStrike\src\Shared_modules\Core\Engine\QuarantineManager.cpp(1615,46): error C2664:         ] [C:\ShadowStrike\ShadowStrike\ShadowStrike.vcxproj]
  ('/src/Shared_modules/Core/Engine/QuarantineManager.cpp' kaynak dosyas─▒ derleniyor)
      C:\ShadowStrike\ShadowStrike\src\Shared_modules\Core\Engine\QuarantineManager.cpp(1615,58):
      Nedeni: '_Ty' de─şerinden 'const ShadowStrike::Core::Engine::QuarantineEntry' de─şerine d├Ân├╝┼şt├╝r├╝lemez
          with
          [
              _Ty=ShadowStrike::Database::QuarantineDB::QuarantineEntry
          ]
      C:\ShadowStrike\ShadowStrike\src\Shared_modules\Core\Engine\QuarantineManager.cpp(1615,58):
      Bu d├Ân├╝┼şt├╝rmeyi ger├ğekle┼ştirecek kullan─▒c─▒ tan─▒ml─▒ d├Ân├╝┼şt├╝rme i┼şleci yok veya i┼şle├ğ ├ğa─şr─▒lam─▒yor
      C:\ShadowStrike\ShadowStrike\src\Shared_modules\Core\Engine\QuarantineManager.cpp(670,10):
      'ShadowStrike::Core::Engine::QuarantineManager::Impl::UpdateCache' bildirimine bak─▒n
      C:\ShadowStrike\ShadowStrike\src\Shared_modules\Core\Engine\QuarantineManager.cpp(1615,46):
      '(_Ty)' ba─ş─▒ms─▒z de─şi┼şken listesi e┼şlenmeye ├ğal─▒┼ş─▒l─▒rken
          with
          [
              _Ty=ShadowStrike::Database::QuarantineDB::QuarantineEntry
          ]
  
C:\ShadowStrike\ShadowStrike\src\Shared_modules\Core\FileSystem\DirectoryMonitor.cpp(84,49): error C2039: 'WideToUtf8': bir 'ShadowStrike::Utils::StringUtils' ├╝yesi de─şil [C:\ShadowStrike\ShadowStrike\ShadowStrike.vcxproj]
  ('/src/Shared_modules/Core/FileSystem/DirectoryMonitor.cpp' kaynak dosyas─▒ derleniyor)
      C:\ShadowStrike\ShadowStrike\src\Shared_modules\Utils\StringUtils.hpp(63,19):
      'ShadowStrike::Utils::StringUtils' bildirimine bak─▒n
  
C:\ShadowStrike\ShadowStrike\src\Shared_modules\Core\FileSystem\DirectoryMonitor.cpp(84,49): error C3861: 'WideToUtf8': tan─▒mlay─▒c─▒ bulunamad─▒ [C:\ShadowStrike\ShadowStrike\ShadowStrike.vcxproj]
  ('/src/Shared_modules/Core/FileSystem/DirectoryMonitor.cpp' kaynak dosyas─▒ derleniyor)
  
C:\ShadowStrike\ShadowStrike\src\Shared_modules\Core\Engine\MachineLearningDetector.cpp(636,32): error C2665: 'ShadowStrike::Utils::Logger::Info': hi├ğbir a┼ş─▒r─▒ y├╝klenmi┼ş i┼şlev t├╝m arg├╝man t├╝rlerini d├Ân├╝┼şt├╝remez [C:\ShadowStrike\ShadowStrike\ShadowStrike.vcxproj]
  ('/src/Shared_modules/Core/Engine/MachineLearningDetector.cpp' kaynak dosyas─▒ derleniyor)
      C:\ShadowStrike\ShadowStrike\src\Shared_modules\Utils\Logger.hpp(282,16):
      'void ShadowStrike::Utils::Logger::Info<std::wstring>(std::basic_format_string<char,std::basic_string<wchar_t,std::char_traits<wchar_t>,std::allocator<wchar_t>>>,std::wstring &&)' olabilirdi
          C:\ShadowStrike\ShadowStrike\src\Shared_modules\Core\Engine\MachineLearningDetector.cpp(636,32):
          'void ShadowStrike::Utils::Logger::Info<std::wstring>(std::basic_format_string<char,std::basic_string<wchar_t,std::char_traits<wchar_t>,std::allocator<wchar_t>>>,std::wstring &&)' : 1 ba─ş─▒ms─▒z de─şi┼şkeni 'const wchar_t [50]' de─şerinden 'std::basic_format_string<char,std::basic_string<wchar_t,std::char_traits<wchar_t>,std::allocator<wchar_t>>>' de─şerine d├Ân├╝┼şt├╝r├╝lemez
              C:\ShadowStrike\ShadowStrike\src\Shared_modules\Core\Engine\MachineLearningDetector.cpp(636,37):
              'std::basic_format_string<char,std::basic_string<wchar_t,std::char_traits<wchar_t>,std::allocator<wchar_t>>>::basic_format_string': hi├ğbir a┼ş─▒r─▒ y├╝klenmi┼ş i┼şlev t├╝m arg├╝man t├╝rlerini d├Ân├╝┼şt├╝remez
                  C:\Program Files\Microsoft Visual Studio\2022\Community\VC\Tools\MSVC\14.44.35207\include\format(2867,1):
                  'std::basic_format_string<char,std::basic_string<wchar_t,std::char_traits<wchar_t>,std::allocator<wchar_t>>>::basic_format_string(std::basic_format_string<char,std::basic_string<wchar_t,std::char_traits<wchar_t>,std::allocator<wchar_t>>> &&)' olabilirdi
                      C:\ShadowStrike\ShadowStrike\src\Shared_modules\Core\Engine\MachineLearningDetector.cpp(636,37):
                      'std::basic_format_string<char,std::basic_string<wchar_t,std::char_traits<wchar_t>,std::allocator<wchar_t>>>::basic_format_string(std::basic_format_string<char,std::basic_string<wchar_t,std::char_traits<wchar_t>,std::allocator<wchar_t>>> &&)' : 1 ba─ş─▒ms─▒z de─şi┼şkeni 'const wchar_t [50]' de─şerinden 'std::basic_format_string<char,std::basic_string<wchar_t,std::char_traits<wchar_t>,std::allocator<wchar_t>>> &&' de─şerine d├Ân├╝┼şt├╝r├╝lemez
                          C:\ShadowStrike\ShadowStrike\src\Shared_modules\Core\Engine\MachineLearningDetector.cpp(636,37):
                          Nedeni: 'const wchar_t [50]' de─şerinden 'std::basic_format_string<char,std::basic_string<wchar_t,std::char_traits<wchar_t>,std::allocator<wchar_t>>>' de─şerine d├Ân├╝┼şt├╝r├╝lemez
                          C:\ShadowStrike\ShadowStrike\src\Shared_modules\Core\Engine\MachineLearningDetector.cpp(636,37):
                          D├Ân├╝┼şt├╝rme ikinci bir kullan─▒c─▒ tan─▒ml─▒ d├Ân├╝┼şt├╝rme i┼şleci veya olu┼şturucu gerektiriyor
                  C:\Program Files\Microsoft Visual Studio\2022\Community\VC\Tools\MSVC\14.44.35207\include\format(2867,1):
                  veya       'std::basic_format_string<char,std::basic_string<wchar_t,std::char_traits<wchar_t>,std::allocator<wchar_t>>>::basic_format_string(const std::basic_format_string<char,std::basic_string<wchar_t,std::char_traits<wchar_t>,std::allocator<wchar_t>>> &)'
                      C:\ShadowStrike\ShadowStrike\src\Shared_modules\Core\Engine\MachineLearningDetector.cpp(636,37):
                      'std::basic_format_string<char,std::basic_string<wchar_t,std::char_traits<wchar_t>,std::allocator<wchar_t>>>::basic_format_string(const std::basic_format_string<char,std::basic_string<wchar_t,std::char_traits<wchar_t>,std::allocator<wchar_t>>> &)' : 1 ba─ş─▒ms─▒z de─şi┼şkeni 'const wchar_t [50]' de─şerinden 'const std::basic_format_string<char,std::basic_string<wchar_t,std::char_traits<wchar_t>,std::allocator<wchar_t>>> &' de─şerine d├Ân├╝┼şt├╝r├╝lemez
                          C:\ShadowStrike\ShadowStrike\src\Shared_modules\Core\Engine\MachineLearningDetector.cpp(636,37):
                          Nedeni: 'const wchar_t [50]' de─şerinden 'const std::basic_format_string<char,std::basic_string<wchar_t,std::char_traits<wchar_t>,std::allocator<wchar_t>>>' de─şerine d├Ân├╝┼şt├╝r├╝lemez
                          C:\ShadowStrike\ShadowStrike\src\Shared_modules\Core\Engine\MachineLearningDetector.cpp(636,37):
                          D├Ân├╝┼şt├╝rme ikinci bir kullan─▒c─▒ tan─▒ml─▒ d├Ân├╝┼şt├╝rme i┼şleci veya olu┼şturucu gerektiriyor
                  C:\Program Files\Microsoft Visual Studio\2022\Community\VC\Tools\MSVC\14.44.35207\include\format(2850,5):
                  veya       'std::basic_format_string<char,std::basic_string<wchar_t,std::char_traits<wchar_t>,std::allocator<wchar_t>>>::basic_format_string(const _Ty &)'
                  C:\ShadowStrike\ShadowStrike\src\Shared_modules\Core\Engine\MachineLearningDetector.cpp(636,37):
                  '(const wchar_t [50])' ba─ş─▒ms─▒z de─şi┼şken listesi e┼şlenmeye ├ğal─▒┼ş─▒l─▒rken
      C:\ShadowStrike\ShadowStrike\src\Shared_modules\Core\Engine\MachineLearningDetector.cpp(636,32):
      '(const wchar_t [50], std::wstring)' ba─ş─▒ms─▒z de─şi┼şken listesi e┼şlenmeye ├ğal─▒┼ş─▒l─▒rken
  
C:\ShadowStrike\ShadowStrike\src\Shared_modules\Core\Engine\MachineLearningDetector.cpp(649,32): error C2665: 'ShadowStrike::Utils::Logger::Info': hi├ğbir a┼ş─▒r─▒ y├╝klenmi┼ş i┼şlev t├╝m arg├╝man t├╝rlerini d├Ân├╝┼şt├╝remez [C:\ShadowStrike\ShadowStrike\ShadowStrike.vcxproj]
  ('/src/Shared_modules/Core/Engine/MachineLearningDetector.cpp' kaynak dosyas─▒ derleniyor)
      C:\ShadowStrike\ShadowStrike\src\Shared_modules\Utils\Logger.hpp(282,16):
      'void ShadowStrike::Utils::Logger::Info<std::wstring>(std::basic_format_string<char,std::basic_string<wchar_t,std::char_traits<wchar_t>,std::allocator<wchar_t>>>,std::wstring &&)' olabilirdi
          C:\ShadowStrike\ShadowStrike\src\Shared_modules\Core\Engine\MachineLearningDetector.cpp(649,32):
          'void ShadowStrike::Utils::Logger::Info<std::wstring>(std::basic_format_string<char,std::basic_string<wchar_t,std::char_traits<wchar_t>,std::allocator<wchar_t>>>,std::wstring &&)' : 1 ba─ş─▒ms─▒z de─şi┼şkeni 'const wchar_t [40]' de─şerinden 'std::basic_format_string<char,std::basic_string<wchar_t,std::char_traits<wchar_t>,std::allocator<wchar_t>>>' de─şerine d├Ân├╝┼şt├╝r├╝lemez
              C:\ShadowStrike\ShadowStrike\src\Shared_modules\Core\Engine\MachineLearningDetector.cpp(649,37):
              'std::basic_format_string<char,std::basic_string<wchar_t,std::char_traits<wchar_t>,std::allocator<wchar_t>>>::basic_format_string': hi├ğbir a┼ş─▒r─▒ y├╝klenmi┼ş i┼şlev t├╝m arg├╝man t├╝rlerini d├Ân├╝┼şt├╝remez
                  C:\Program Files\Microsoft Visual Studio\2022\Community\VC\Tools\MSVC\14.44.35207\include\format(2867,1):
                  'std::basic_format_string<char,std::basic_string<wchar_t,std::char_traits<wchar_t>,std::allocator<wchar_t>>>::basic_format_string(std::basic_format_string<char,std::basic_string<wchar_t,std::char_traits<wchar_t>,std::allocator<wchar_t>>> &&)' olabilirdi
                      C:\ShadowStrike\ShadowStrike\src\Shared_modules\Core\Engine\MachineLearningDetector.cpp(649,37):
                      'std::basic_format_string<char,std::basic_string<wchar_t,std::char_traits<wchar_t>,std::allocator<wchar_t>>>::basic_format_string(std::basic_format_string<char,std::basic_string<wchar_t,std::char_traits<wchar_t>,std::allocator<wchar_t>>> &&)' : 1 ba─ş─▒ms─▒z de─şi┼şkeni 'const wchar_t [40]' de─şerinden 'std::basic_format_string<char,std::basic_string<wchar_t,std::char_traits<wchar_t>,std::allocator<wchar_t>>> &&' de─şerine d├Ân├╝┼şt├╝r├╝lemez
                          C:\ShadowStrike\ShadowStrike\src\Shared_modules\Core\Engine\MachineLearningDetector.cpp(649,37):
                          Nedeni: 'const wchar_t [40]' de─şerinden 'std::basic_format_string<char,std::basic_string<wchar_t,std::char_traits<wchar_t>,std::allocator<wchar_t>>>' de─şerine d├Ân├╝┼şt├╝r├╝lemez
                          C:\ShadowStrike\ShadowStrike\src\Shared_modules\Core\Engine\MachineLearningDetector.cpp(649,37):
                          D├Ân├╝┼şt├╝rme ikinci bir kullan─▒c─▒ tan─▒ml─▒ d├Ân├╝┼şt├╝rme i┼şleci veya olu┼şturucu gerektiriyor
                  C:\Program Files\Microsoft Visual Studio\2022\Community\VC\Tools\MSVC\14.44.35207\include\format(2867,1):
                  veya       'std::basic_format_string<char,std::basic_string<wchar_t,std::char_traits<wchar_t>,std::allocator<wchar_t>>>::basic_format_string(const std::basic_format_string<char,std::basic_string<wchar_t,std::char_traits<wchar_t>,std::allocator<wchar_t>>> &)'
                      C:\ShadowStrike\ShadowStrike\src\Shared_modules\Core\Engine\MachineLearningDetector.cpp(649,37):
                      'std::basic_format_string<char,std::basic_string<wchar_t,std::char_traits<wchar_t>,std::allocator<wchar_t>>>::basic_format_string(const std::basic_format_string<char,std::basic_string<wchar_t,std::char_traits<wchar_t>,std::allocator<wchar_t>>> &)' : 1 ba─ş─▒ms─▒z de─şi┼şkeni 'const wchar_t [40]' de─şerinden 'const std::basic_format_string<char,std::basic_string<wchar_t,std::char_traits<wchar_t>,std::allocator<wchar_t>>> &' de─şerine d├Ân├╝┼şt├╝r├╝lemez
                          C:\ShadowStrike\ShadowStrike\src\Shared_modules\Core\Engine\MachineLearningDetector.cpp(649,37):
                          Nedeni: 'const wchar_t [40]' de─şerinden 'const std::basic_format_string<char,std::basic_string<wchar_t,std::char_traits<wchar_t>,std::allocator<wchar_t>>>' de─şerine d├Ân├╝┼şt├╝r├╝lemez
                          C:\ShadowStrike\ShadowStrike\src\Shared_modules\Core\Engine\MachineLearningDetector.cpp(649,37):
                          D├Ân├╝┼şt├╝rme ikinci bir kullan─▒c─▒ tan─▒ml─▒ d├Ân├╝┼şt├╝rme i┼şleci veya olu┼şturucu gerektiriyor
                  C:\Program Files\Microsoft Visual Studio\2022\Community\VC\Tools\MSVC\14.44.35207\include\format(2850,5):
                  veya       'std::basic_format_string<char,std::basic_string<wchar_t,std::char_traits<wchar_t>,std::allocator<wchar_t>>>::basic_format_string(const _Ty &)'
                  C:\ShadowStrike\ShadowStrike\src\Shared_modules\Core\Engine\MachineLearningDetector.cpp(649,37):
                  '(const wchar_t [40])' ba─ş─▒ms─▒z de─şi┼şken listesi e┼şlenmeye ├ğal─▒┼ş─▒l─▒rken
      C:\ShadowStrike\ShadowStrike\src\Shared_modules\Core\Engine\MachineLearningDetector.cpp(649,32):
      '(const wchar_t [40], std::wstring)' ba─ş─▒ms─▒z de─şi┼şken listesi e┼şlenmeye ├ğal─▒┼ş─▒l─▒rken
  
C:\ShadowStrike\ShadowStrike\src\Shared_modules\Core\Engine\MachineLearningDetector.cpp(657,17): error C2593: 'operator =' belirsiz [C:\ShadowStrike\ShadowStrike\ShadowStrike.vcxproj]
  ('/src/Shared_modules/Core/Engine/MachineLearningDetector.cpp' kaynak dosyas─▒ derleniyor)
      C:\Program Files\Microsoft Visual Studio\2022\Community\VC\Tools\MSVC\14.44.35207\include\xstring(1453,32):
      'std::basic_string<char,std::char_traits<char>,std::allocator<char>> &std::basic_string<char,std::char_traits<char>,std::allocator<char>>::operator =(const _Elem)' olabilirdi
          with
          [
              _Elem=char
          ]
      C:\Program Files\Microsoft Visual Studio\2022\Community\VC\Tools\MSVC\14.44.35207\include\xstring(1450,19):
      veya       'std::basic_string<char,std::char_traits<char>,std::allocator<char>> &std::basic_string<char,std::char_traits<char>,std::allocator<char>>::operator =(std::nullptr_t)'
      C:\Program Files\Microsoft Visual Studio\2022\Community\VC\Tools\MSVC\14.44.35207\include\xstring(1445,32):
      veya       'std::basic_string<char,std::char_traits<char>,std::allocator<char>> &std::basic_string<char,std::char_traits<char>,std::allocator<char>>::operator =(const _Elem *const )'
          with
          [
              _Elem=char
          ]
      C:\Program Files\Microsoft Visual Studio\2022\Community\VC\Tools\MSVC\14.44.35207\include\xstring(1394,32):
      veya       'std::basic_string<char,std::char_traits<char>,std::allocator<char>> &std::basic_string<char,std::char_traits<char>,std::allocator<char>>::operator =(const std::basic_string<char,std::char_traits<char>,std::allocator<char>> &)'
      C:\Program Files\Microsoft Visual Studio\2022\Community\VC\Tools\MSVC\14.44.35207\include\xstring(1345,32):
      veya       'std::basic_string<char,std::char_traits<char>,std::allocator<char>> &std::basic_string<char,std::char_traits<char>,std::allocator<char>>::operator =(std::initializer_list<_Elem>)'
          with
          [
              _Elem=char
          ]
      C:\Program Files\Microsoft Visual Studio\2022\Community\VC\Tools\MSVC\14.44.35207\include\xstring(1224,32):
      veya       'std::basic_string<char,std::char_traits<char>,std::allocator<char>> &std::basic_string<char,std::char_traits<char>,std::allocator<char>>::operator =(std::basic_string<char,std::char_traits<char>,std::allocator<char>> &&) noexcept'
      C:\ShadowStrike\ShadowStrike\src\Shared_modules\Core\Engine\MachineLearningDetector.cpp(657,17):
      '(std::string, <error type>)' ba─ş─▒ms─▒z de─şi┼şken listesi e┼şlenmeye ├ğal─▒┼ş─▒l─▒rken
  
C:\ShadowStrike\ShadowStrike\src\Shared_modules\Core\Engine\QuarantineManager.cpp(1618,9): error C2440: 'return': 'std::optional<ShadowStrike::Database::QuarantineDB::QuarantineEntry>' - 'std::optional<ShadowStrike::Core::Engine::QuarantineEntry>' d├Ân├╝┼ş├╝m├╝ yap─▒lam─▒yor [C:\ShadowStrike\ShadowStrike\ShadowStrike.vcxproj]
  ('/src/Shared_modules/Core/Engine/QuarantineManager.cpp' kaynak dosyas─▒ derleniyor)
      C:\ShadowStrike\ShadowStrike\src\Shared_modules\Core\Engine\QuarantineManager.cpp(1618,9):
      Bu d├Ân├╝┼şt├╝rmeyi ger├ğekle┼ştirecek kullan─▒c─▒ tan─▒ml─▒ d├Ân├╝┼şt├╝rme i┼şleci yok veya i┼şle├ğ ├ğa─şr─▒lam─▒yor
  
C:\ShadowStrike\ShadowStrike\src\Shared_modules\Core\Engine\QuarantineManager.cpp(1632,36): error C2039: 'GetEntryByHash': bir 'ShadowStrike::Database::QuarantineDB' ├╝yesi de─şil [C:\ShadowStrike\ShadowStrike\ShadowStrike.vcxproj]
  ('/src/Shared_modules/Core/Engine/QuarantineManager.cpp' kaynak dosyas─▒ derleniyor)
      C:\ShadowStrike\ShadowStrike\src\Shared_modules\Database\QuarantineDB.hpp(187,15):
      'ShadowStrike::Database::QuarantineDB' bildirimine bak─▒n
  
C:\ShadowStrike\ShadowStrike\src\Shared_modules\Core\Engine\QuarantineManager.cpp(1645,36): error C2039: 'QueryEntries': bir 'ShadowStrike::Database::QuarantineDB' ├╝yesi de─şil [C:\ShadowStrike\ShadowStrike\ShadowStrike.vcxproj]
  ('/src/Shared_modules/Core/Engine/QuarantineManager.cpp' kaynak dosyas─▒ derleniyor)
      C:\ShadowStrike\ShadowStrike\src\Shared_modules\Database\QuarantineDB.hpp(187,15):
      'ShadowStrike::Database::QuarantineDB' bildirimine bak─▒n
  
C:\ShadowStrike\ShadowStrike\src\Shared_modules\Core\Engine\MachineLearningDetector.cpp(689,24): error C2665: 'ShadowStrike::Utils::Logger::Info': hi├ğbir a┼ş─▒r─▒ y├╝klenmi┼ş i┼şlev t├╝m arg├╝man t├╝rlerini d├Ân├╝┼şt├╝remez [C:\ShadowStrike\ShadowStrike\ShadowStrike.vcxproj]
  ('/src/Shared_modules/Core/Engine/MachineLearningDetector.cpp' kaynak dosyas─▒ derleniyor)
      C:\ShadowStrike\ShadowStrike\src\Shared_modules\Utils\Logger.hpp(282,16):
      'void ShadowStrike::Utils::Logger::Info<std::wstring,bool&,float,const _Rep&>(std::basic_format_string<char,std::basic_string<wchar_t,std::char_traits<wchar_t>,std::allocator<wchar_t>>,bool &,float,const _Rep &>,std::wstring &&,bool &,float &&,const _Rep &)' olabilirdi
          with
          [
              _Rep=__int64
          ]
          C:\ShadowStrike\ShadowStrike\src\Shared_modules\Core\Engine\MachineLearningDetector.cpp(689,24):
          'void ShadowStrike::Utils::Logger::Info<std::wstring,bool&,float,const _Rep&>(std::basic_format_string<char,std::basic_string<wchar_t,std::char_traits<wchar_t>,std::allocator<wchar_t>>,bool &,float,const _Rep &>,std::wstring &&,bool &,float &&,const _Rep &)' : 1 ba─ş─▒ms─▒z de─şi┼şkeni 'const wchar_t [91]' de─şerinden 'std::basic_format_string<char,std::basic_string<wchar_t,std::char_traits<wchar_t>,std::allocator<wchar_t>>,bool &,float,const _Rep &>' de─şerine d├Ân├╝┼şt├╝r├╝lemez
          with
          [
              _Rep=__int64
          ]
              C:\ShadowStrike\ShadowStrike\src\Shared_modules\Core\Engine\MachineLearningDetector.cpp(689,29):
              'std::basic_format_string<char,std::basic_string<wchar_t,std::char_traits<wchar_t>,std::allocator<wchar_t>>,bool &,float,const _Rep &>::basic_format_string': hi├ğbir a┼ş─▒r─▒ y├╝klenmi┼ş i┼şlev t├╝m arg├╝man t├╝rlerini d├Ân├╝┼şt├╝remez
          with
          [
              _Rep=__int64
          ]
                  C:\Program Files\Microsoft Visual Studio\2022\Community\VC\Tools\MSVC\14.44.35207\include\format(2867,1):
                  'std::basic_format_string<char,std::basic_string<wchar_t,std::char_traits<wchar_t>,std::allocator<wchar_t>>,bool &,float,const _Rep &>::basic_format_string(std::basic_format_string<char,std::basic_string<wchar_t,std::char_traits<wchar_t>,std::allocator<wchar_t>>,bool &,float,const _Rep &> &&)' olabilirdi
          with
          [
              _Rep=__int64
          ]
                      C:\ShadowStrike\ShadowStrike\src\Shared_modules\Core\Engine\MachineLearningDetector.cpp(689,29):
                      'std::basic_format_string<char,std::basic_string<wchar_t,std::char_traits<wchar_t>,std::allocator<wchar_t>>,bool &,float,const _Rep &>::basic_format_string(std::basic_format_string<char,std::basic_string<wchar_t,std::char_traits<wchar_t>,std::allocator<wchar_t>>,bool &,float,const _Rep &> &&)' : 1 ba─ş─▒ms─▒z de─şi┼şkeni 'const wchar_t [91]' de─şerinden 'std::basic_format_string<char,std::basic_string<wchar_t,std::char_traits<wchar_t>,std::allocator<wchar_t>>,bool &,float,const _Rep &> &&' de─şerine d├Ân├╝┼şt├╝r├╝lemez
          with
          [
              _Rep=__int64
          ]
                          C:\ShadowStrike\ShadowStrike\src\Shared_modules\Core\Engine\MachineLearningDetector.cpp(689,29):
                          Nedeni: 'const wchar_t [91]' de─şerinden 'std::basic_format_string<char,std::basic_string<wchar_t,std::char_traits<wchar_t>,std::allocator<wchar_t>>,bool &,float,const _Rep &>' de─şerine d├Ân├╝┼şt├╝r├╝lemez
          with
          [
              _Rep=__int64
          ]
                          C:\ShadowStrike\ShadowStrike\src\Shared_modules\Core\Engine\MachineLearningDetector.cpp(689,29):
                          D├Ân├╝┼şt├╝rme ikinci bir kullan─▒c─▒ tan─▒ml─▒ d├Ân├╝┼şt├╝rme i┼şleci veya olu┼şturucu gerektiriyor
                  C:\Program Files\Microsoft Visual Studio\2022\Community\VC\Tools\MSVC\14.44.35207\include\format(2867,1):
                  veya       'std::basic_format_string<char,std::basic_string<wchar_t,std::char_traits<wchar_t>,std::allocator<wchar_t>>,bool &,float,const _Rep &>::basic_format_string(const std::basic_format_string<char,std::basic_string<wchar_t,std::char_traits<wchar_t>,std::allocator<wchar_t>>,bool &,float,const _Rep &> &)'
          with
          [
              _Rep=__int64
          ]
                      C:\ShadowStrike\ShadowStrike\src\Shared_modules\Core\Engine\MachineLearningDetector.cpp(689,29):
                      'std::basic_format_string<char,std::basic_string<wchar_t,std::char_traits<wchar_t>,std::allocator<wchar_t>>,bool &,float,const _Rep &>::basic_format_string(const std::basic_format_string<char,std::basic_string<wchar_t,std::char_traits<wchar_t>,std::allocator<wchar_t>>,bool &,float,const _Rep &> &)' : 1 ba─ş─▒ms─▒z de─şi┼şkeni 'const wchar_t [91]' de─şerinden 'const std::basic_format_string<char,std::basic_string<wchar_t,std::char_traits<wchar_t>,std::allocator<wchar_t>>,bool &,float,const _Rep &> &' de─şerine d├Ân├╝┼şt├╝r├╝lemez
          with
          [
              _Rep=__int64
          ]
                          C:\ShadowStrike\ShadowStrike\src\Shared_modules\Core\Engine\MachineLearningDetector.cpp(689,29):
                          Nedeni: 'const wchar_t [91]' de─şerinden 'const std::basic_format_string<char,std::basic_string<wchar_t,std::char_traits<wchar_t>,std::allocator<wchar_t>>,bool &,float,const _Rep &>' de─şerine d├Ân├╝┼şt├╝r├╝lemez
          with
          [
              _Rep=__int64
          ]
                          C:\ShadowStrike\ShadowStrike\src\Shared_modules\Core\Engine\MachineLearningDetector.cpp(689,29):
                          D├Ân├╝┼şt├╝rme ikinci bir kullan─▒c─▒ tan─▒ml─▒ d├Ân├╝┼şt├╝rme i┼şleci veya olu┼şturucu gerektiriyor
                  C:\Program Files\Microsoft Visual Studio\2022\Community\VC\Tools\MSVC\14.44.35207\include\format(2850,5):
                  veya       'std::basic_format_string<char,std::basic_string<wchar_t,std::char_traits<wchar_t>,std::allocator<wchar_t>>,bool &,float,const _Rep &>::basic_format_string(const _Ty &)'
          with
          [
              _Rep=__int64
          ]
                  C:\ShadowStrike\ShadowStrike\src\Shared_modules\Core\Engine\MachineLearningDetector.cpp(689,29):
                  '(const wchar_t [91])' ba─ş─▒ms─▒z de─şi┼şken listesi e┼şlenmeye ├ğal─▒┼ş─▒l─▒rken
      C:\ShadowStrike\ShadowStrike\src\Shared_modules\Core\Engine\MachineLearningDetector.cpp(689,24):
      '(const wchar_t [91], std::wstring, bool, float, const _Rep)' ba─ş─▒ms─▒z de─şi┼şken listesi e┼şlenmeye ├ğal─▒┼ş─▒l─▒rken
          with
          [
              _Rep=__int64
          ]
  
C:\ShadowStrike\ShadowStrike\src\Shared_modules\Core\Engine\MachineLearningDetector.cpp(697,49): error C2039: 'Utf8ToWide': bir 'ShadowStrike::Utils::StringUtils' ├╝yesi de─şil [C:\ShadowStrike\ShadowStrike\ShadowStrike.vcxproj]
  ('/src/Shared_modules/Core/Engine/MachineLearningDetector.cpp' kaynak dosyas─▒ derleniyor)
      C:\ShadowStrike\ShadowStrike\src\Shared_modules\Utils\StringUtils.hpp(63,19):
      'ShadowStrike::Utils::StringUtils' bildirimine bak─▒n
  
C:\ShadowStrike\ShadowStrike\src\Shared_modules\Core\Engine\MachineLearningDetector.cpp(697,49): error C3861: 'Utf8ToWide': tan─▒mlay─▒c─▒ bulunamad─▒ [C:\ShadowStrike\ShadowStrike\ShadowStrike.vcxproj]
  ('/src/Shared_modules/Core/Engine/MachineLearningDetector.cpp' kaynak dosyas─▒ derleniyor)
  
C:\ShadowStrike\ShadowStrike\src\Shared_modules\Core\Engine\QuarantineManager.cpp(1662,36): error C2039: 'GetEntryCount': bir 'ShadowStrike::Database::QuarantineDB' ├╝yesi de─şil [C:\ShadowStrike\ShadowStrike\ShadowStrike.vcxproj]
  ('/src/Shared_modules/Core/Engine/QuarantineManager.cpp' kaynak dosyas─▒ derleniyor)
      C:\ShadowStrike\ShadowStrike\src\Shared_modules\Database\QuarantineDB.hpp(187,15):
      'ShadowStrike::Database::QuarantineDB' bildirimine bak─▒n
  
C:\ShadowStrike\ShadowStrike\src\Shared_modules\Core\Engine\MachineLearningDetector.cpp(696,24): error C2660: 'ShadowStrike::Utils::Logger::Error': i┼şlev 2 ba─ş─▒ms─▒z de─şi┼şken alm─▒yor [C:\ShadowStrike\ShadowStrike\ShadowStrike.vcxproj]
  ('/src/Shared_modules/Core/Engine/MachineLearningDetector.cpp' kaynak dosyas─▒ derleniyor)
      C:\ShadowStrike\ShadowStrike\src\Shared_modules\Utils\Logger.hpp(263,16):
      'ShadowStrike::Utils::Logger::Error' bildirimine bak─▒n
      C:\ShadowStrike\ShadowStrike\src\Shared_modules\Utils\Logger.hpp(274,16):
      'void ShadowStrike::Utils::Logger::Error(std::basic_format_string<char,type_identity<_Args>::type...>,Args ...)' olabilirdi
          C:\ShadowStrike\ShadowStrike\src\Shared_modules\Core\Engine\MachineLearningDetector.cpp(696,24):
          'void ShadowStrike::Utils::Logger::Error(std::basic_format_string<char,type_identity<_Args>::type...>,Args ...)' i┼şlev ┼şablonu ├Âzelle┼ştirilemedi
              C:\ShadowStrike\ShadowStrike\src\Shared_modules\Core\Engine\MachineLearningDetector.cpp(696,24):
              ┼Şu ┼şablon ba─ş─▒ms─▒z de─şi┼şkenleriyle:
                  C:\ShadowStrike\ShadowStrike\src\Shared_modules\Core\Engine\MachineLearningDetector.cpp(696,24):
                  'Args={<error type>}'
      C:\ShadowStrike\ShadowStrike\src\Shared_modules\Core\Engine\MachineLearningDetector.cpp(696,24):
      '(const wchar_t [46], <error type>)' ba─ş─▒ms─▒z de─şi┼şken listesi e┼şlenmeye ├ğal─▒┼ş─▒l─▒rken
  
C:\ShadowStrike\ShadowStrike\src\Shared_modules\Config\SettingsManager.cpp(1629,5): error C2280: 'ShadowStrike::Config::SettingsStatistics::SettingsStatistics(const ShadowStrike::Config::SettingsStatistics &)': silinmi┼ş bir i┼şleve ba┼şvurmaya ├ğal─▒┼ş─▒yor [C:\ShadowStrike\ShadowStrike\ShadowStrike.vcxproj]
  ('/src/Shared_modules/Config/SettingsManager.cpp' kaynak dosyas─▒ derleniyor)
      C:\ShadowStrike\ShadowStrike\src\Shared_modules\Config\SettingsManager.hpp(555,1):
      derleyici burada 'ShadowStrike::Config::SettingsStatistics::SettingsStatistics' olu┼şturdu
      C:\ShadowStrike\ShadowStrike\src\Shared_modules\Config\SettingsManager.hpp(555,1):
      'ShadowStrike::Config::SettingsStatistics::SettingsStatistics(const ShadowStrike::Config::SettingsStatistics &)': veri ├╝yesi, silinmi┼ş veya eri┼şilemeyen 'std::atomic<unsigned __int64>::atomic(const std::atomic<unsigned __int64> &)' i┼şlevini ├ğa─ş─▒rd─▒─ş─▒ndan i┼şlev ├Ârt├╝k olarak silindi
  
C:\ShadowStrike\ShadowStrike\src\Shared_modules\Core\FileSystem\DirectoryMonitor.cpp(84,9): error C2593: 'operator <<' belirsiz [C:\ShadowStrike\ShadowStrike\ShadowStrike.vcxproj]
  ('/src/Shared_modules/Core/FileSystem/DirectoryMonitor.cpp' kaynak dosyas─▒ derleniyor)
      C:\Program Files\Microsoft Visual Studio\2022\Community\VC\Tools\MSVC\14.44.35207\include\__msvc_ostream.hpp(480,39):
      'std::basic_ostream<char,std::char_traits<char>> &std::basic_ostream<char,std::char_traits<char>>::operator <<(std::basic_streambuf<char,std::char_traits<char>> *)' olabilirdi
      C:\Program Files\Microsoft Visual Studio\2022\Community\VC\Tools\MSVC\14.44.35207\include\__msvc_ostream.hpp(448,39):
      veya       'std::basic_ostream<char,std::char_traits<char>> &std::basic_ostream<char,std::char_traits<char>>::operator <<(const void *)'
      C:\Program Files\Microsoft Visual Studio\2022\Community\VC\Tools\MSVC\14.44.35207\include\__msvc_ostream.hpp(430,39):
      veya       'std::basic_ostream<char,std::char_traits<char>> &std::basic_ostream<char,std::char_traits<char>>::operator <<(long double)'
      C:\Program Files\Microsoft Visual Studio\2022\Community\VC\Tools\MSVC\14.44.35207\include\__msvc_ostream.hpp(412,39):
      veya       'std::basic_ostream<char,std::char_traits<char>> &std::basic_ostream<char,std::char_traits<char>>::operator <<(double)'
      C:\Program Files\Microsoft Visual Studio\2022\Community\VC\Tools\MSVC\14.44.35207\include\__msvc_ostream.hpp(394,39):
      veya       'std::basic_ostream<char,std::char_traits<char>> &std::basic_ostream<char,std::char_traits<char>>::operator <<(float)'
      C:\Program Files\Microsoft Visual Studio\2022\Community\VC\Tools\MSVC\14.44.35207\include\__msvc_ostream.hpp(376,39):
      veya       'std::basic_ostream<char,std::char_traits<char>> &std::basic_ostream<char,std::char_traits<char>>::operator <<(unsigned __int64)'
      C:\Program Files\Microsoft Visual Studio\2022\Community\VC\Tools\MSVC\14.44.35207\include\__msvc_ostream.hpp(358,39):
      veya       'std::basic_ostream<char,std::char_traits<char>> &std::basic_ostream<char,std::char_traits<char>>::operator <<(__int64)'
      C:\Program Files\Microsoft Visual Studio\2022\Community\VC\Tools\MSVC\14.44.35207\include\__msvc_ostream.hpp(340,39):
      veya       'std::basic_ostream<char,std::char_traits<char>> &std::basic_ostream<char,std::char_traits<char>>::operator <<(unsigned long)'
      C:\Program Files\Microsoft Visual Studio\2022\Community\VC\Tools\MSVC\14.44.35207\include\__msvc_ostream.hpp(322,39):
      veya       'std::basic_ostream<char,std::char_traits<char>> &std::basic_ostream<char,std::char_traits<char>>::operator <<(long)'
      C:\Program Files\Microsoft Visual Studio\2022\Community\VC\Tools\MSVC\14.44.35207\include\__msvc_ostream.hpp(303,39):
      veya       'std::basic_ostream<char,std::char_traits<char>> &std::basic_ostream<char,std::char_traits<char>>::operator <<(unsigned int)'
      C:\Program Files\Microsoft Visual Studio\2022\Community\VC\Tools\MSVC\14.44.35207\include\__msvc_ostream.hpp(277,39):
      veya       'std::basic_ostream<char,std::char_traits<char>> &std::basic_ostream<char,std::char_traits<char>>::operator <<(int)'
      C:\Program Files\Microsoft Visual Studio\2022\Community\VC\Tools\MSVC\14.44.35207\include\__msvc_ostream.hpp(258,39):
      veya       'std::basic_ostream<char,std::char_traits<char>> &std::basic_ostream<char,std::char_traits<char>>::operator <<(unsigned short)'
      C:\Program Files\Microsoft Visual Studio\2022\Community\VC\Tools\MSVC\14.44.35207\include\__msvc_ostream.hpp(224,39):
      veya       'std::basic_ostream<char,std::char_traits<char>> &std::basic_ostream<char,std::char_traits<char>>::operator <<(short)'
      C:\Program Files\Microsoft Visual Studio\2022\Community\VC\Tools\MSVC\14.44.35207\include\__msvc_ostream.hpp(206,39):
      veya       'std::basic_ostream<char,std::char_traits<char>> &std::basic_ostream<char,std::char_traits<char>>::operator <<(bool)'
      C:\Program Files\Microsoft Visual Studio\2022\Community\VC\Tools\MSVC\14.44.35207\include\__msvc_ostream.hpp(200,39):
      veya       'std::basic_ostream<char,std::char_traits<char>> &std::basic_ostream<char,std::char_traits<char>>::operator <<(std::ios_base &(__cdecl *)(std::ios_base &))'
      C:\Program Files\Microsoft Visual Studio\2022\Community\VC\Tools\MSVC\14.44.35207\include\__msvc_ostream.hpp(194,39):
      veya       'std::basic_ostream<char,std::char_traits<char>> &std::basic_ostream<char,std::char_traits<char>>::operator <<(std::basic_ios<char,std::char_traits<char>> &(__cdecl *)(std::basic_ios<char,std::char_traits<char>> &))'
      C:\Program Files\Microsoft Visual Studio\2022\Community\VC\Tools\MSVC\14.44.35207\include\__msvc_ostream.hpp(189,39):
      veya       'std::basic_ostream<char,std::char_traits<char>> &std::basic_ostream<char,std::char_traits<char>>::operator <<(std::basic_ostream<char,std::char_traits<char>> &(__cdecl *)(std::basic_ostream<char,std::char_traits<char>> &))'
      C:\Program Files\Microsoft Visual Studio\2022\Community\VC\Tools\MSVC\14.44.35207\include\__msvc_ostream.hpp(475,20):
      veya       'std::basic_ostream<char,std::char_traits<char>> &std::basic_ostream<char,std::char_traits<char>>::operator <<<void>(std::nullptr_t)'
      C:\Program Files\Microsoft Visual Studio\2022\Community\VC\Tools\MSVC\14.44.35207\include\__msvc_ostream.hpp(468,20):
      veya       'std::basic_ostream<char,std::char_traits<char>> &std::basic_ostream<char,std::char_traits<char>>::operator <<<void>(volatile const void *)'
      C:\Program Files\Microsoft Visual Studio\2022\Community\VC\Tools\MSVC\14.44.35207\include\__msvc_ostream.hpp(688,32):
      veya       'std::basic_ostream<char,std::char_traits<char>> &std::operator <<<char,std::char_traits<char>>(std::basic_ostream<char,std::char_traits<char>> &,const char *)'
      C:\Program Files\Microsoft Visual Studio\2022\Community\VC\Tools\MSVC\14.44.35207\include\__msvc_ostream.hpp(732,32):
      veya       'std::basic_ostream<char,std::char_traits<char>> &std::operator <<<char,std::char_traits<char>>(std::basic_ostream<char,std::char_traits<char>> &,char)'
      C:\Program Files\Microsoft Visual Studio\2022\Community\VC\Tools\MSVC\14.44.35207\include\__msvc_ostream.hpp(768,31):
      veya       'std::basic_ostream<char,std::char_traits<char>> &std::operator <<<std::char_traits<char>>(std::basic_ostream<char,std::char_traits<char>> &,const char *)'
      C:\Program Files\Microsoft Visual Studio\2022\Community\VC\Tools\MSVC\14.44.35207\include\__msvc_ostream.hpp(813,31):
      veya       'std::basic_ostream<char,std::char_traits<char>> &std::operator <<<std::char_traits<char>>(std::basic_ostream<char,std::char_traits<char>> &,char)'
      C:\Program Files\Microsoft Visual Studio\2022\Community\VC\Tools\MSVC\14.44.35207\include\__msvc_ostream.hpp(930,31):
      veya       'std::basic_ostream<char,std::char_traits<char>> &std::operator <<<std::char_traits<char>>(std::basic_ostream<char,std::char_traits<char>> &,const signed char *)'
      C:\Program Files\Microsoft Visual Studio\2022\Community\VC\Tools\MSVC\14.44.35207\include\__msvc_ostream.hpp(936,31):
      veya       'std::basic_ostream<char,std::char_traits<char>> &std::operator <<<std::char_traits<char>>(std::basic_ostream<char,std::char_traits<char>> &,signed char)'
      C:\Program Files\Microsoft Visual Studio\2022\Community\VC\Tools\MSVC\14.44.35207\include\__msvc_ostream.hpp(941,31):
      veya       'std::basic_ostream<char,std::char_traits<char>> &std::operator <<<std::char_traits<char>>(std::basic_ostream<char,std::char_traits<char>> &,const unsigned char *)'
      C:\Program Files\Microsoft Visual Studio\2022\Community\VC\Tools\MSVC\14.44.35207\include\__msvc_ostream.hpp(947,31):
      veya       'std::basic_ostream<char,std::char_traits<char>> &std::operator <<<std::char_traits<char>>(std::basic_ostream<char,std::char_traits<char>> &,unsigned char)'
      C:\Program Files\Microsoft Visual Studio\2022\Community\VC\Tools\MSVC\14.44.35207\include\__msvc_ostream.hpp(955,31):
      veya       'std::basic_ostream<char,std::char_traits<char>> &std::operator <<<std::char_traits<char>>(std::basic_ostream<char,std::char_traits<char>> &,const char8_t *)'
      C:\Program Files\Microsoft Visual Studio\2022\Community\VC\Tools\MSVC\14.44.35207\include\__msvc_ostream.hpp(961,31):
      veya       'std::basic_ostream<char,std::char_traits<char>> &std::operator <<<std::char_traits<char>>(std::basic_ostream<char,std::char_traits<char>> &,char8_t)'
      C:\Program Files\Microsoft Visual Studio\2022\Community\VC\Tools\MSVC\14.44.35207\include\__msvc_ostream.hpp(969,31):
      veya       'std::basic_ostream<char,std::char_traits<char>> &std::operator <<<std::char_traits<char>>(std::basic_ostream<char,std::char_traits<char>> &,wchar_t)'
      C:\Program Files\Microsoft Visual Studio\2022\Community\VC\Tools\MSVC\14.44.35207\include\__msvc_ostream.hpp(972,31):
      veya       'std::basic_ostream<char,std::char_traits<char>> &std::operator <<<std::char_traits<char>>(std::basic_ostream<char,std::char_traits<char>> &,const wchar_t *)'
      C:\Program Files\Microsoft Visual Studio\2022\Community\VC\Tools\MSVC\14.44.35207\include\__msvc_ostream.hpp(976,31):
      veya       'std::basic_ostream<char,std::char_traits<char>> &std::operator <<<std::char_traits<char>>(std::basic_ostream<char,std::char_traits<char>> &,char16_t)'
      C:\Program Files\Microsoft Visual Studio\2022\Community\VC\Tools\MSVC\14.44.35207\include\__msvc_ostream.hpp(978,31):
      veya       'std::basic_ostream<char,std::char_traits<char>> &std::operator <<<std::char_traits<char>>(std::basic_ostream<char,std::char_traits<char>> &,char32_t)'
      C:\Program Files\Microsoft Visual Studio\2022\Community\VC\Tools\MSVC\14.44.35207\include\__msvc_ostream.hpp(986,31):
      veya       'std::basic_ostream<char,std::char_traits<char>> &std::operator <<<std::char_traits<char>>(std::basic_ostream<char,std::char_traits<char>> &,const char16_t *)'
      C:\Program Files\Microsoft Visual Studio\2022\Community\VC\Tools\MSVC\14.44.35207\include\__msvc_ostream.hpp(988,31):
      veya       'std::basic_ostream<char,std::char_traits<char>> &std::operator <<<std::char_traits<char>>(std::basic_ostream<char,std::char_traits<char>> &,const char32_t *)'
      C:\Program Files\Microsoft Visual Studio\2022\Community\VC\Tools\MSVC\14.44.35207\include\__msvc_ostream.hpp(1031,32):
      veya       'std::basic_ostream<char,std::char_traits<char>> &std::operator <<<char,std::char_traits<char>>(std::basic_ostream<char,std::char_traits<char>> &,const std::error_code &)'
      C:\Program Files\Microsoft Visual Studio\2022\Community\VC\Tools\MSVC\14.44.35207\include\thread(298,26):
      veya       'std::basic_ostream<char,std::char_traits<char>> &std::operator <<<char,std::char_traits<char>>(std::basic_ostream<char,std::char_traits<char>> &,std::thread::id)'
      C:\ShadowStrike\ShadowStrike\src\Shared_modules\Core\FileSystem\DirectoryMonitor.cpp(84,9):
      '(std::basic_ostream<char,std::char_traits<char>>, <error type>)' ba─ş─▒ms─▒z de─şi┼şken listesi e┼şlenmeye ├ğal─▒┼ş─▒l─▒rken
  
C:\ShadowStrike\ShadowStrike\src\Shared_modules\Core\Engine\MachineLearningDetector.cpp(717,28): error C2664: 'void ShadowStrike::Utils::Logger::Warn(const char *)' : 1 ba─ş─▒ms─▒z de─şi┼şkeni 'const wchar_t [46]' de─şerinden 'const char *' de─şerine d├Ân├╝┼şt├╝r├╝lemez [C:\ShadowStrike\ShadowStrike\ShadowStrike.vcxproj]
  ('/src/Shared_modules/Core/Engine/MachineLearningDetector.cpp' kaynak dosyas─▒ derleniyor)
      C:\ShadowStrike\ShadowStrike\src\Shared_modules\Core\Engine\MachineLearningDetector.cpp(717,33):
      ─░┼şaretlenen t├╝rler ilgisiz; d├Ân├╝┼şt├╝rme reinterpret_cast, C stili t├╝r d├Ân├╝┼şt├╝rme veya parantez i├ğine al─▒nm─▒┼ş i┼şlev stili t├╝r d├Ân├╝┼şt├╝rme gerektiriyor
      C:\ShadowStrike\ShadowStrike\src\Shared_modules\Utils\Logger.hpp(264,16):
      'ShadowStrike::Utils::Logger::Warn' bildirimine bak─▒n
      C:\ShadowStrike\ShadowStrike\src\Shared_modules\Utils\Logger.hpp(278,16):
      'void ShadowStrike::Utils::Logger::Warn(std::basic_format_string<char,type_identity<_Args>::type...>,Args ...)' olabilirdi
          C:\ShadowStrike\ShadowStrike\src\Shared_modules\Core\Engine\MachineLearningDetector.cpp(717,28):
          ili┼şkili k─▒s─▒tlamalar kar┼ş─▒lanmad─▒
              C:\ShadowStrike\ShadowStrike\src\Shared_modules\Utils\Logger.hpp(277,57):
              k─▒s─▒tlama yerine getirilmedi
      C:\ShadowStrike\ShadowStrike\src\Shared_modules\Core\Engine\MachineLearningDetector.cpp(717,28):
      '(const wchar_t [46])' ba─ş─▒ms─▒z de─şi┼şken listesi e┼şlenmeye ├ğal─▒┼ş─▒l─▒rken
  
C:\ShadowStrike\ShadowStrike\src\Shared_modules\Core\Engine\MachineLearningDetector.cpp(726,23): error C3861: 'ComputeHeuristicScore': tan─▒mlay─▒c─▒ bulunamad─▒ [C:\ShadowStrike\ShadowStrike\ShadowStrike.vcxproj]
  ('/src/Shared_modules/Core/Engine/MachineLearningDetector.cpp' kaynak dosyas─▒ derleniyor)
  
C:\ShadowStrike\ShadowStrike\src\Shared_modules\Core\Engine\MachineLearningDetector.cpp(769,49): error C2039: 'Utf8ToWide': bir 'ShadowStrike::Utils::StringUtils' ├╝yesi de─şil [C:\ShadowStrike\ShadowStrike\ShadowStrike.vcxproj]
  ('/src/Shared_modules/Core/Engine/MachineLearningDetector.cpp' kaynak dosyas─▒ derleniyor)
      C:\ShadowStrike\ShadowStrike\src\Shared_modules\Utils\StringUtils.hpp(63,19):
      'ShadowStrike::Utils::StringUtils' bildirimine bak─▒n
  
C:\ShadowStrike\ShadowStrike\src\Shared_modules\Core\Engine\MachineLearningDetector.cpp(769,49): error C3861: 'Utf8ToWide': tan─▒mlay─▒c─▒ bulunamad─▒ [C:\ShadowStrike\ShadowStrike\ShadowStrike.vcxproj]
  ('/src/Shared_modules/Core/Engine/MachineLearningDetector.cpp' kaynak dosyas─▒ derleniyor)
  
C:\ShadowStrike\ShadowStrike\src\Shared_modules\Core\Engine\MachineLearningDetector.cpp(768,24): error C2660: 'ShadowStrike::Utils::Logger::Error': i┼şlev 2 ba─ş─▒ms─▒z de─şi┼şken alm─▒yor [C:\ShadowStrike\ShadowStrike\ShadowStrike.vcxproj]
  ('/src/Shared_modules/Core/Engine/MachineLearningDetector.cpp' kaynak dosyas─▒ derleniyor)
      C:\ShadowStrike\ShadowStrike\src\Shared_modules\Utils\Logger.hpp(263,16):
      'ShadowStrike::Utils::Logger::Error' bildirimine bak─▒n
      C:\ShadowStrike\ShadowStrike\src\Shared_modules\Utils\Logger.hpp(274,16):
      'void ShadowStrike::Utils::Logger::Error(std::basic_format_string<char,type_identity<_Args>::type...>,Args ...)' olabilirdi
          C:\ShadowStrike\ShadowStrike\src\Shared_modules\Core\Engine\MachineLearningDetector.cpp(768,24):
          'void ShadowStrike::Utils::Logger::Error(std::basic_format_string<char,type_identity<_Args>::type...>,Args ...)' i┼şlev ┼şablonu ├Âzelle┼ştirilemedi
              C:\ShadowStrike\ShadowStrike\src\Shared_modules\Core\Engine\MachineLearningDetector.cpp(768,24):
              ┼Şu ┼şablon ba─ş─▒ms─▒z de─şi┼şkenleriyle:
                  C:\ShadowStrike\ShadowStrike\src\Shared_modules\Core\Engine\MachineLearningDetector.cpp(768,24):
                  'Args={<error type>}'
      C:\ShadowStrike\ShadowStrike\src\Shared_modules\Core\Engine\MachineLearningDetector.cpp(768,24):
      '(const wchar_t [47], <error type>)' ba─ş─▒ms─▒z de─şi┼şken listesi e┼şlenmeye ├ğal─▒┼ş─▒l─▒rken
  
C:\ShadowStrike\ShadowStrike\src\Shared_modules\Core\FileSystem\DirectoryMonitor.cpp(180,49): error C2039: 'WideToUtf8': bir 'ShadowStrike::Utils::StringUtils' ├╝yesi de─şil [C:\ShadowStrike\ShadowStrike\ShadowStrike.vcxproj]
  ('/src/Shared_modules/Core/FileSystem/DirectoryMonitor.cpp' kaynak dosyas─▒ derleniyor)
      C:\ShadowStrike\ShadowStrike\src\Shared_modules\Utils\StringUtils.hpp(63,19):
      'ShadowStrike::Utils::StringUtils' bildirimine bak─▒n
  
C:\ShadowStrike\ShadowStrike\src\Shared_modules\Core\FileSystem\DirectoryMonitor.cpp(180,49): error C3861: 'WideToUtf8': tan─▒mlay─▒c─▒ bulunamad─▒ [C:\ShadowStrike\ShadowStrike\ShadowStrike.vcxproj]
  ('/src/Shared_modules/Core/FileSystem/DirectoryMonitor.cpp' kaynak dosyas─▒ derleniyor)
  
C:\ShadowStrike\ShadowStrike\src\Shared_modules\Core\Engine\MachineLearningDetector.cpp(843,28): error C2664: 'void ShadowStrike::Utils::Logger::Warn(const char *)' : 1 ba─ş─▒ms─▒z de─şi┼şkeni 'const wchar_t [55]' de─şerinden 'const char *' de─şerine d├Ân├╝┼şt├╝r├╝lemez [C:\ShadowStrike\ShadowStrike\ShadowStrike.vcxproj]
  ('/src/Shared_modules/Core/Engine/MachineLearningDetector.cpp' kaynak dosyas─▒ derleniyor)
      C:\ShadowStrike\ShadowStrike\src\Shared_modules\Core\Engine\MachineLearningDetector.cpp(843,33):
      ─░┼şaretlenen t├╝rler ilgisiz; d├Ân├╝┼şt├╝rme reinterpret_cast, C stili t├╝r d├Ân├╝┼şt├╝rme veya parantez i├ğine al─▒nm─▒┼ş i┼şlev stili t├╝r d├Ân├╝┼şt├╝rme gerektiriyor
      C:\ShadowStrike\ShadowStrike\src\Shared_modules\Utils\Logger.hpp(264,16):
      'ShadowStrike::Utils::Logger::Warn' bildirimine bak─▒n
      C:\ShadowStrike\ShadowStrike\src\Shared_modules\Utils\Logger.hpp(278,16):
      'void ShadowStrike::Utils::Logger::Warn(std::basic_format_string<char,type_identity<_Args>::type...>,Args ...)' olabilirdi
          C:\ShadowStrike\ShadowStrike\src\Shared_modules\Core\Engine\MachineLearningDetector.cpp(843,28):
          ili┼şkili k─▒s─▒tlamalar kar┼ş─▒lanmad─▒
              C:\ShadowStrike\ShadowStrike\src\Shared_modules\Utils\Logger.hpp(277,57):
              k─▒s─▒tlama yerine getirilmedi
      C:\ShadowStrike\ShadowStrike\src\Shared_modules\Core\Engine\MachineLearningDetector.cpp(843,28):
      '(const wchar_t [55])' ba─ş─▒ms─▒z de─şi┼şken listesi e┼şlenmeye ├ğal─▒┼ş─▒l─▒rken
  
C:\ShadowStrike\ShadowStrike\src\Shared_modules\Core\FileSystem\DirectoryMonitor.cpp(180,9): error C2593: 'operator <<' belirsiz [C:\ShadowStrike\ShadowStrike\ShadowStrike.vcxproj]
  ('/src/Shared_modules/Core/FileSystem/DirectoryMonitor.cpp' kaynak dosyas─▒ derleniyor)
      C:\Program Files\Microsoft Visual Studio\2022\Community\VC\Tools\MSVC\14.44.35207\include\__msvc_ostream.hpp(480,39):
      'std::basic_ostream<char,std::char_traits<char>> &std::basic_ostream<char,std::char_traits<char>>::operator <<(std::basic_streambuf<char,std::char_traits<char>> *)' olabilirdi
      C:\Program Files\Microsoft Visual Studio\2022\Community\VC\Tools\MSVC\14.44.35207\include\__msvc_ostream.hpp(448,39):
      veya       'std::basic_ostream<char,std::char_traits<char>> &std::basic_ostream<char,std::char_traits<char>>::operator <<(const void *)'
      C:\Program Files\Microsoft Visual Studio\2022\Community\VC\Tools\MSVC\14.44.35207\include\__msvc_ostream.hpp(430,39):
      veya       'std::basic_ostream<char,std::char_traits<char>> &std::basic_ostream<char,std::char_traits<char>>::operator <<(long double)'
      C:\Program Files\Microsoft Visual Studio\2022\Community\VC\Tools\MSVC\14.44.35207\include\__msvc_ostream.hpp(412,39):
      veya       'std::basic_ostream<char,std::char_traits<char>> &std::basic_ostream<char,std::char_traits<char>>::operator <<(double)'
      C:\Program Files\Microsoft Visual Studio\2022\Community\VC\Tools\MSVC\14.44.35207\include\__msvc_ostream.hpp(394,39):
      veya       'std::basic_ostream<char,std::char_traits<char>> &std::basic_ostream<char,std::char_traits<char>>::operator <<(float)'
      C:\Program Files\Microsoft Visual Studio\2022\Community\VC\Tools\MSVC\14.44.35207\include\__msvc_ostream.hpp(376,39):
      veya       'std::basic_ostream<char,std::char_traits<char>> &std::basic_ostream<char,std::char_traits<char>>::operator <<(unsigned __int64)'
      C:\Program Files\Microsoft Visual Studio\2022\Community\VC\Tools\MSVC\14.44.35207\include\__msvc_ostream.hpp(358,39):
      veya       'std::basic_ostream<char,std::char_traits<char>> &std::basic_ostream<char,std::char_traits<char>>::operator <<(__int64)'
      C:\Program Files\Microsoft Visual Studio\2022\Community\VC\Tools\MSVC\14.44.35207\include\__msvc_ostream.hpp(340,39):
      veya       'std::basic_ostream<char,std::char_traits<char>> &std::basic_ostream<char,std::char_traits<char>>::operator <<(unsigned long)'
      C:\Program Files\Microsoft Visual Studio\2022\Community\VC\Tools\MSVC\14.44.35207\include\__msvc_ostream.hpp(322,39):
      veya       'std::basic_ostream<char,std::char_traits<char>> &std::basic_ostream<char,std::char_traits<char>>::operator <<(long)'
      C:\Program Files\Microsoft Visual Studio\2022\Community\VC\Tools\MSVC\14.44.35207\include\__msvc_ostream.hpp(303,39):
      veya       'std::basic_ostream<char,std::char_traits<char>> &std::basic_ostream<char,std::char_traits<char>>::operator <<(unsigned int)'
      C:\Program Files\Microsoft Visual Studio\2022\Community\VC\Tools\MSVC\14.44.35207\include\__msvc_ostream.hpp(277,39):
      veya       'std::basic_ostream<char,std::char_traits<char>> &std::basic_ostream<char,std::char_traits<char>>::operator <<(int)'
      C:\Program Files\Microsoft Visual Studio\2022\Community\VC\Tools\MSVC\14.44.35207\include\__msvc_ostream.hpp(258,39):
      veya       'std::basic_ostream<char,std::char_traits<char>> &std::basic_ostream<char,std::char_traits<char>>::operator <<(unsigned short)'
      C:\Program Files\Microsoft Visual Studio\2022\Community\VC\Tools\MSVC\14.44.35207\include\__msvc_ostream.hpp(224,39):
      veya       'std::basic_ostream<char,std::char_traits<char>> &std::basic_ostream<char,std::char_traits<char>>::operator <<(short)'
      C:\Program Files\Microsoft Visual Studio\2022\Community\VC\Tools\MSVC\14.44.35207\include\__msvc_ostream.hpp(206,39):
      veya       'std::basic_ostream<char,std::char_traits<char>> &std::basic_ostream<char,std::char_traits<char>>::operator <<(bool)'
      C:\Program Files\Microsoft Visual Studio\2022\Community\VC\Tools\MSVC\14.44.35207\include\__msvc_ostream.hpp(200,39):
      veya       'std::basic_ostream<char,std::char_traits<char>> &std::basic_ostream<char,std::char_traits<char>>::operator <<(std::ios_base &(__cdecl *)(std::ios_base &))'
      C:\Program Files\Microsoft Visual Studio\2022\Community\VC\Tools\MSVC\14.44.35207\include\__msvc_ostream.hpp(194,39):
      veya       'std::basic_ostream<char,std::char_traits<char>> &std::basic_ostream<char,std::char_traits<char>>::operator <<(std::basic_ios<char,std::char_traits<char>> &(__cdecl *)(std::basic_ios<char,std::char_traits<char>> &))'
      C:\Program Files\Microsoft Visual Studio\2022\Community\VC\Tools\MSVC\14.44.35207\include\__msvc_ostream.hpp(189,39):
      veya       'std::basic_ostream<char,std::char_traits<char>> &std::basic_ostream<char,std::char_traits<char>>::operator <<(std::basic_ostream<char,std::char_traits<char>> &(__cdecl *)(std::basic_ostream<char,std::char_traits<char>> &))'
      C:\Program Files\Microsoft Visual Studio\2022\Community\VC\Tools\MSVC\14.44.35207\include\__msvc_ostream.hpp(475,20):
      veya       'std::basic_ostream<char,std::char_traits<char>> &std::basic_ostream<char,std::char_traits<char>>::operator <<<void>(std::nullptr_t)'
      C:\Program Files\Microsoft Visual Studio\2022\Community\VC\Tools\MSVC\14.44.35207\include\__msvc_ostream.hpp(468,20):
      veya       'std::basic_ostream<char,std::char_traits<char>> &std::basic_ostream<char,std::char_traits<char>>::operator <<<void>(volatile const void *)'
      C:\Program Files\Microsoft Visual Studio\2022\Community\VC\Tools\MSVC\14.44.35207\include\__msvc_ostream.hpp(688,32):
      veya       'std::basic_ostream<char,std::char_traits<char>> &std::operator <<<char,std::char_traits<char>>(std::basic_ostream<char,std::char_traits<char>> &,const char *)'
      C:\Program Files\Microsoft Visual Studio\2022\Community\VC\Tools\MSVC\14.44.35207\include\__msvc_ostream.hpp(732,32):
      veya       'std::basic_ostream<char,std::char_traits<char>> &std::operator <<<char,std::char_traits<char>>(std::basic_ostream<char,std::char_traits<char>> &,char)'
      C:\Program Files\Microsoft Visual Studio\2022\Community\VC\Tools\MSVC\14.44.35207\include\__msvc_ostream.hpp(768,31):
      veya       'std::basic_ostream<char,std::char_traits<char>> &std::operator <<<std::char_traits<char>>(std::basic_ostream<char,std::char_traits<char>> &,const char *)'
      C:\Program Files\Microsoft Visual Studio\2022\Community\VC\Tools\MSVC\14.44.35207\include\__msvc_ostream.hpp(813,31):
      veya       'std::basic_ostream<char,std::char_traits<char>> &std::operator <<<std::char_traits<char>>(std::basic_ostream<char,std::char_traits<char>> &,char)'
      C:\Program Files\Microsoft Visual Studio\2022\Community\VC\Tools\MSVC\14.44.35207\include\__msvc_ostream.hpp(930,31):
      veya       'std::basic_ostream<char,std::char_traits<char>> &std::operator <<<std::char_traits<char>>(std::basic_ostream<char,std::char_traits<char>> &,const signed char *)'
      C:\Program Files\Microsoft Visual Studio\2022\Community\VC\Tools\MSVC\14.44.35207\include\__msvc_ostream.hpp(936,31):
      veya       'std::basic_ostream<char,std::char_traits<char>> &std::operator <<<std::char_traits<char>>(std::basic_ostream<char,std::char_traits<char>> &,signed char)'
      C:\Program Files\Microsoft Visual Studio\2022\Community\VC\Tools\MSVC\14.44.35207\include\__msvc_ostream.hpp(941,31):
      veya       'std::basic_ostream<char,std::char_traits<char>> &std::operator <<<std::char_traits<char>>(std::basic_ostream<char,std::char_traits<char>> &,const unsigned char *)'
      C:\Program Files\Microsoft Visual Studio\2022\Community\VC\Tools\MSVC\14.44.35207\include\__msvc_ostream.hpp(947,31):
      veya       'std::basic_ostream<char,std::char_traits<char>> &std::operator <<<std::char_traits<char>>(std::basic_ostream<char,std::char_traits<char>> &,unsigned char)'
      C:\Program Files\Microsoft Visual Studio\2022\Community\VC\Tools\MSVC\14.44.35207\include\__msvc_ostream.hpp(955,31):
      veya       'std::basic_ostream<char,std::char_traits<char>> &std::operator <<<std::char_traits<char>>(std::basic_ostream<char,std::char_traits<char>> &,const char8_t *)'
      C:\Program Files\Microsoft Visual Studio\2022\Community\VC\Tools\MSVC\14.44.35207\include\__msvc_ostream.hpp(961,31):
      veya       'std::basic_ostream<char,std::char_traits<char>> &std::operator <<<std::char_traits<char>>(std::basic_ostream<char,std::char_traits<char>> &,char8_t)'
      C:\Program Files\Microsoft Visual Studio\2022\Community\VC\Tools\MSVC\14.44.35207\include\__msvc_ostream.hpp(969,31):
      veya       'std::basic_ostream<char,std::char_traits<char>> &std::operator <<<std::char_traits<char>>(std::basic_ostream<char,std::char_traits<char>> &,wchar_t)'
      C:\Program Files\Microsoft Visual Studio\2022\Community\VC\Tools\MSVC\14.44.35207\include\__msvc_ostream.hpp(972,31):
      veya       'std::basic_ostream<char,std::char_traits<char>> &std::operator <<<std::char_traits<char>>(std::basic_ostream<char,std::char_traits<char>> &,const wchar_t *)'
      C:\Program Files\Microsoft Visual Studio\2022\Community\VC\Tools\MSVC\14.44.35207\include\__msvc_ostream.hpp(976,31):
      veya       'std::basic_ostream<char,std::char_traits<char>> &std::operator <<<std::char_traits<char>>(std::basic_ostream<char,std::char_traits<char>> &,char16_t)'
      C:\Program Files\Microsoft Visual Studio\2022\Community\VC\Tools\MSVC\14.44.35207\include\__msvc_ostream.hpp(978,31):
      veya       'std::basic_ostream<char,std::char_traits<char>> &std::operator <<<std::char_traits<char>>(std::basic_ostream<char,std::char_traits<char>> &,char32_t)'
      C:\Program Files\Microsoft Visual Studio\2022\Community\VC\Tools\MSVC\14.44.35207\include\__msvc_ostream.hpp(986,31):
      veya       'std::basic_ostream<char,std::char_traits<char>> &std::operator <<<std::char_traits<char>>(std::basic_ostream<char,std::char_traits<char>> &,const char16_t *)'
      C:\Program Files\Microsoft Visual Studio\2022\Community\VC\Tools\MSVC\14.44.35207\include\__msvc_ostream.hpp(988,31):
      veya       'std::basic_ostream<char,std::char_traits<char>> &std::operator <<<std::char_traits<char>>(std::basic_ostream<char,std::char_traits<char>> &,const char32_t *)'
      C:\Program Files\Microsoft Visual Studio\2022\Community\VC\Tools\MSVC\14.44.35207\include\__msvc_ostream.hpp(1031,32):
      veya       'std::basic_ostream<char,std::char_traits<char>> &std::operator <<<char,std::char_traits<char>>(std::basic_ostream<char,std::char_traits<char>> &,const std::error_code &)'
      C:\Program Files\Microsoft Visual Studio\2022\Community\VC\Tools\MSVC\14.44.35207\include\thread(298,26):
      veya       'std::basic_ostream<char,std::char_traits<char>> &std::operator <<<char,std::char_traits<char>>(std::basic_ostream<char,std::char_traits<char>> &,std::thread::id)'
      C:\ShadowStrike\ShadowStrike\src\Shared_modules\Core\FileSystem\DirectoryMonitor.cpp(180,9):
      '(std::basic_ostream<char,std::char_traits<char>>, <error type>)' ba─ş─▒ms─▒z de─şi┼şken listesi e┼şlenmeye ├ğal─▒┼ş─▒l─▒rken
  
C:\ShadowStrike\ShadowStrike\src\Shared_modules\Core\Engine\MachineLearningDetector.cpp(862,28): error C2664: 'void ShadowStrike::Utils::Logger::Warn(const char *)' : 1 ba─ş─▒ms─▒z de─şi┼şkeni 'const wchar_t [55]' de─şerinden 'const char *' de─şerine d├Ân├╝┼şt├╝r├╝lemez [C:\ShadowStrike\ShadowStrike\ShadowStrike.vcxproj]
  ('/src/Shared_modules/Core/Engine/MachineLearningDetector.cpp' kaynak dosyas─▒ derleniyor)
      C:\ShadowStrike\ShadowStrike\src\Shared_modules\Core\Engine\MachineLearningDetector.cpp(862,33):
      ─░┼şaretlenen t├╝rler ilgisiz; d├Ân├╝┼şt├╝rme reinterpret_cast, C stili t├╝r d├Ân├╝┼şt├╝rme veya parantez i├ğine al─▒nm─▒┼ş i┼şlev stili t├╝r d├Ân├╝┼şt├╝rme gerektiriyor
      C:\ShadowStrike\ShadowStrike\src\Shared_modules\Utils\Logger.hpp(264,16):
      'ShadowStrike::Utils::Logger::Warn' bildirimine bak─▒n
      C:\ShadowStrike\ShadowStrike\src\Shared_modules\Utils\Logger.hpp(278,16):
      'void ShadowStrike::Utils::Logger::Warn(std::basic_format_string<char,type_identity<_Args>::type...>,Args ...)' olabilirdi
          C:\ShadowStrike\ShadowStrike\src\Shared_modules\Core\Engine\MachineLearningDetector.cpp(862,28):
          ili┼şkili k─▒s─▒tlamalar kar┼ş─▒lanmad─▒
              C:\ShadowStrike\ShadowStrike\src\Shared_modules\Utils\Logger.hpp(277,57):
              k─▒s─▒tlama yerine getirilmedi
      C:\ShadowStrike\ShadowStrike\src\Shared_modules\Core\Engine\MachineLearningDetector.cpp(862,28):
      '(const wchar_t [55])' ba─ş─▒ms─▒z de─şi┼şken listesi e┼şlenmeye ├ğal─▒┼ş─▒l─▒rken
  
C:\ShadowStrike\ShadowStrike\src\Shared_modules\Core\FileSystem\DirectoryMonitor.cpp(181,53): error C2039: 'WideToUtf8': bir 'ShadowStrike::Utils::StringUtils' ├╝yesi de─şil [C:\ShadowStrike\ShadowStrike\ShadowStrike.vcxproj]
  ('/src/Shared_modules/Core/FileSystem/DirectoryMonitor.cpp' kaynak dosyas─▒ derleniyor)
      C:\ShadowStrike\ShadowStrike\src\Shared_modules\Utils\StringUtils.hpp(63,19):
      'ShadowStrike::Utils::StringUtils' bildirimine bak─▒n
  
C:\ShadowStrike\ShadowStrike\src\Shared_modules\Core\FileSystem\DirectoryMonitor.cpp(181,53): error C3861: 'WideToUtf8': tan─▒mlay─▒c─▒ bulunamad─▒ [C:\ShadowStrike\ShadowStrike\ShadowStrike.vcxproj]
  ('/src/Shared_modules/Core/FileSystem/DirectoryMonitor.cpp' kaynak dosyas─▒ derleniyor)
  
C:\ShadowStrike\ShadowStrike\src\Shared_modules\Core\Engine\MachineLearningDetector.cpp(928,24): error C2665: 'ShadowStrike::Utils::Logger::Info': hi├ğbir a┼ş─▒r─▒ y├╝klenmi┼ş i┼şlev t├╝m arg├╝man t├╝rlerini d├Ân├╝┼şt├╝remez [C:\ShadowStrike\ShadowStrike\ShadowStrike.vcxproj]
  FileTypeAnalyzer.cpp
  ('/src/Shared_modules/Core/Engine/MachineLearningDetector.cpp' kaynak dosyas─▒ derleniyor)
      C:\ShadowStrike\ShadowStrike\src\Shared_modules\Utils\Logger.hpp(282,16):
      'void ShadowStrike::Utils::Logger::Info<bool&,float>(std::basic_format_string<char,bool &,float>,bool &,float &&)' olabilirdi
          C:\ShadowStrike\ShadowStrike\src\Shared_modules\Core\Engine\MachineLearningDetector.cpp(928,24):
          'void ShadowStrike::Utils::Logger::Info<bool&,float>(std::basic_format_string<char,bool &,float>,bool &,float &&)' : 1 ba─ş─▒ms─▒z de─şi┼şkeni 'const wchar_t [81]' de─şerinden 'std::basic_format_string<char,bool &,float>' de─şerine d├Ân├╝┼şt├╝r├╝lemez
              C:\ShadowStrike\ShadowStrike\src\Shared_modules\Core\Engine\MachineLearningDetector.cpp(928,29):
              'std::basic_format_string<char,bool &,float>::basic_format_string': hi├ğbir a┼ş─▒r─▒ y├╝klenmi┼ş i┼şlev t├╝m arg├╝man t├╝rlerini d├Ân├╝┼şt├╝remez
                  C:\Program Files\Microsoft Visual Studio\2022\Community\VC\Tools\MSVC\14.44.35207\include\format(2867,1):
                  'std::basic_format_string<char,bool &,float>::basic_format_string(std::basic_format_string<char,bool &,float> &&)' olabilirdi
                      C:\ShadowStrike\ShadowStrike\src\Shared_modules\Core\Engine\MachineLearningDetector.cpp(928,29):
                      'std::basic_format_string<char,bool &,float>::basic_format_string(std::basic_format_string<char,bool &,float> &&)' : 1 ba─ş─▒ms─▒z de─şi┼şkeni 'const wchar_t [81]' de─şerinden 'std::basic_format_string<char,bool &,float> &&' de─şerine d├Ân├╝┼şt├╝r├╝lemez
                          C:\ShadowStrike\ShadowStrike\src\Shared_modules\Core\Engine\MachineLearningDetector.cpp(928,29):
                          Nedeni: 'const wchar_t [81]' de─şerinden 'std::basic_format_string<char,bool &,float>' de─şerine d├Ân├╝┼şt├╝r├╝lemez
                          C:\ShadowStrike\ShadowStrike\src\Shared_modules\Core\Engine\MachineLearningDetector.cpp(928,29):
                          D├Ân├╝┼şt├╝rme ikinci bir kullan─▒c─▒ tan─▒ml─▒ d├Ân├╝┼şt├╝rme i┼şleci veya olu┼şturucu gerektiriyor
                  C:\Program Files\Microsoft Visual Studio\2022\Community\VC\Tools\MSVC\14.44.35207\include\format(2867,1):
                  veya       'std::basic_format_string<char,bool &,float>::basic_format_string(const std::basic_format_string<char,bool &,float> &)'
                      C:\ShadowStrike\ShadowStrike\src\Shared_modules\Core\Engine\MachineLearningDetector.cpp(928,29):
                      'std::basic_format_string<char,bool &,float>::basic_format_string(const std::basic_format_string<char,bool &,float> &)' : 1 ba─ş─▒ms─▒z de─şi┼şkeni 'const wchar_t [81]' de─şerinden 'const std::basic_format_string<char,bool &,float> &' de─şerine d├Ân├╝┼şt├╝r├╝lemez
                          C:\ShadowStrike\ShadowStrike\src\Shared_modules\Core\Engine\MachineLearningDetector.cpp(928,29):
                          Nedeni: 'const wchar_t [81]' de─şerinden 'const std::basic_format_string<char,bool &,float>' de─şerine d├Ân├╝┼şt├╝r├╝lemez
                          C:\ShadowStrike\ShadowStrike\src\Shared_modules\Core\Engine\MachineLearningDetector.cpp(928,29):
                          D├Ân├╝┼şt├╝rme ikinci bir kullan─▒c─▒ tan─▒ml─▒ d├Ân├╝┼şt├╝rme i┼şleci veya olu┼şturucu gerektiriyor
                  C:\Program Files\Microsoft Visual Studio\2022\Community\VC\Tools\MSVC\14.44.35207\include\format(2850,5):
                  veya       'std::basic_format_string<char,bool &,float>::basic_format_string(const _Ty &)'
                  C:\ShadowStrike\ShadowStrike\src\Shared_modules\Core\Engine\MachineLearningDetector.cpp(928,29):
                  '(const wchar_t [81])' ba─ş─▒ms─▒z de─şi┼şken listesi e┼şlenmeye ├ğal─▒┼ş─▒l─▒rken
      C:\ShadowStrike\ShadowStrike\src\Shared_modules\Core\Engine\MachineLearningDetector.cpp(928,24):
      '(const wchar_t [81], bool, float)' ba─ş─▒ms─▒z de─şi┼şken listesi e┼şlenmeye ├ğal─▒┼ş─▒l─▒rken
  
C:\ShadowStrike\ShadowStrike\src\Shared_modules\Core\Engine\MachineLearningDetector.cpp(937,49): error C2039: 'Utf8ToWide': bir 'ShadowStrike::Utils::StringUtils' ├╝yesi de─şil [C:\ShadowStrike\ShadowStrike\ShadowStrike.vcxproj]
  ('/src/Shared_modules/Core/Engine/MachineLearningDetector.cpp' kaynak dosyas─▒ derleniyor)
      C:\ShadowStrike\ShadowStrike\src\Shared_modules\Utils\StringUtils.hpp(63,19):
      'ShadowStrike::Utils::StringUtils' bildirimine bak─▒n
  
C:\ShadowStrike\ShadowStrike\src\Shared_modules\Core\Engine\MachineLearningDetector.cpp(937,49): error C3861: 'Utf8ToWide': tan─▒mlay─▒c─▒ bulunamad─▒ [C:\ShadowStrike\ShadowStrike\ShadowStrike.vcxproj]
  ('/src/Shared_modules/Core/Engine/MachineLearningDetector.cpp' kaynak dosyas─▒ derleniyor)
  
C:\ShadowStrike\ShadowStrike\src\Shared_modules\Core\FileSystem\DirectoryMonitor.cpp(181,9): error C2593: 'operator <<' belirsiz [C:\ShadowStrike\ShadowStrike\ShadowStrike.vcxproj]
  ('/src/Shared_modules/Core/FileSystem/DirectoryMonitor.cpp' kaynak dosyas─▒ derleniyor)
      C:\Program Files\Microsoft Visual Studio\2022\Community\VC\Tools\MSVC\14.44.35207\include\__msvc_ostream.hpp(480,39):
      'std::basic_ostream<char,std::char_traits<char>> &std::basic_ostream<char,std::char_traits<char>>::operator <<(std::basic_streambuf<char,std::char_traits<char>> *)' olabilirdi
      C:\Program Files\Microsoft Visual Studio\2022\Community\VC\Tools\MSVC\14.44.35207\include\__msvc_ostream.hpp(448,39):
      veya       'std::basic_ostream<char,std::char_traits<char>> &std::basic_ostream<char,std::char_traits<char>>::operator <<(const void *)'
      C:\Program Files\Microsoft Visual Studio\2022\Community\VC\Tools\MSVC\14.44.35207\include\__msvc_ostream.hpp(430,39):
      veya       'std::basic_ostream<char,std::char_traits<char>> &std::basic_ostream<char,std::char_traits<char>>::operator <<(long double)'
      C:\Program Files\Microsoft Visual Studio\2022\Community\VC\Tools\MSVC\14.44.35207\include\__msvc_ostream.hpp(412,39):
      veya       'std::basic_ostream<char,std::char_traits<char>> &std::basic_ostream<char,std::char_traits<char>>::operator <<(double)'
      C:\Program Files\Microsoft Visual Studio\2022\Community\VC\Tools\MSVC\14.44.35207\include\__msvc_ostream.hpp(394,39):
      veya       'std::basic_ostream<char,std::char_traits<char>> &std::basic_ostream<char,std::char_traits<char>>::operator <<(float)'
      C:\Program Files\Microsoft Visual Studio\2022\Community\VC\Tools\MSVC\14.44.35207\include\__msvc_ostream.hpp(376,39):
      veya       'std::basic_ostream<char,std::char_traits<char>> &std::basic_ostream<char,std::char_traits<char>>::operator <<(unsigned __int64)'
      C:\Program Files\Microsoft Visual Studio\2022\Community\VC\Tools\MSVC\14.44.35207\include\__msvc_ostream.hpp(358,39):
      veya       'std::basic_ostream<char,std::char_traits<char>> &std::basic_ostream<char,std::char_traits<char>>::operator <<(__int64)'
      C:\Program Files\Microsoft Visual Studio\2022\Community\VC\Tools\MSVC\14.44.35207\include\__msvc_ostream.hpp(340,39):
      veya       'std::basic_ostream<char,std::char_traits<char>> &std::basic_ostream<char,std::char_traits<char>>::operator <<(unsigned long)'
      C:\Program Files\Microsoft Visual Studio\2022\Community\VC\Tools\MSVC\14.44.35207\include\__msvc_ostream.hpp(322,39):
      veya       'std::basic_ostream<char,std::char_traits<char>> &std::basic_ostream<char,std::char_traits<char>>::operator <<(long)'
      C:\Program Files\Microsoft Visual Studio\2022\Community\VC\Tools\MSVC\14.44.35207\include\__msvc_ostream.hpp(303,39):
      veya       'std::basic_ostream<char,std::char_traits<char>> &std::basic_ostream<char,std::char_traits<char>>::operator <<(unsigned int)'
      C:\Program Files\Microsoft Visual Studio\2022\Community\VC\Tools\MSVC\14.44.35207\include\__msvc_ostream.hpp(277,39):
      veya       'std::basic_ostream<char,std::char_traits<char>> &std::basic_ostream<char,std::char_traits<char>>::operator <<(int)'
      C:\Program Files\Microsoft Visual Studio\2022\Community\VC\Tools\MSVC\14.44.35207\include\__msvc_ostream.hpp(258,39):
      veya       'std::basic_ostream<char,std::char_traits<char>> &std::basic_ostream<char,std::char_traits<char>>::operator <<(unsigned short)'
      C:\Program Files\Microsoft Visual Studio\2022\Community\VC\Tools\MSVC\14.44.35207\include\__msvc_ostream.hpp(224,39):
      veya       'std::basic_ostream<char,std::char_traits<char>> &std::basic_ostream<char,std::char_traits<char>>::operator <<(short)'
      C:\Program Files\Microsoft Visual Studio\2022\Community\VC\Tools\MSVC\14.44.35207\include\__msvc_ostream.hpp(206,39):
      veya       'std::basic_ostream<char,std::char_traits<char>> &std::basic_ostream<char,std::char_traits<char>>::operator <<(bool)'
      C:\Program Files\Microsoft Visual Studio\2022\Community\VC\Tools\MSVC\14.44.35207\include\__msvc_ostream.hpp(200,39):
      veya       'std::basic_ostream<char,std::char_traits<char>> &std::basic_ostream<char,std::char_traits<char>>::operator <<(std::ios_base &(__cdecl *)(std::ios_base &))'
      C:\Program Files\Microsoft Visual Studio\2022\Community\VC\Tools\MSVC\14.44.35207\include\__msvc_ostream.hpp(194,39):
      veya       'std::basic_ostream<char,std::char_traits<char>> &std::basic_ostream<char,std::char_traits<char>>::operator <<(std::basic_ios<char,std::char_traits<char>> &(__cdecl *)(std::basic_ios<char,std::char_traits<char>> &))'
      C:\Program Files\Microsoft Visual Studio\2022\Community\VC\Tools\MSVC\14.44.35207\include\__msvc_ostream.hpp(189,39):
      veya       'std::basic_ostream<char,std::char_traits<char>> &std::basic_ostream<char,std::char_traits<char>>::operator <<(std::basic_ostream<char,std::char_traits<char>> &(__cdecl *)(std::basic_ostream<char,std::char_traits<char>> &))'
      C:\Program Files\Microsoft Visual Studio\2022\Community\VC\Tools\MSVC\14.44.35207\include\__msvc_ostream.hpp(475,20):
      veya       'std::basic_ostream<char,std::char_traits<char>> &std::basic_ostream<char,std::char_traits<char>>::operator <<<void>(std::nullptr_t)'
      C:\Program Files\Microsoft Visual Studio\2022\Community\VC\Tools\MSVC\14.44.35207\include\__msvc_ostream.hpp(468,20):
      veya       'std::basic_ostream<char,std::char_traits<char>> &std::basic_ostream<char,std::char_traits<char>>::operator <<<void>(volatile const void *)'
      C:\Program Files\Microsoft Visual Studio\2022\Community\VC\Tools\MSVC\14.44.35207\include\__msvc_ostream.hpp(688,32):
      veya       'std::basic_ostream<char,std::char_traits<char>> &std::operator <<<char,std::char_traits<char>>(std::basic_ostream<char,std::char_traits<char>> &,const char *)'
      C:\Program Files\Microsoft Visual Studio\2022\Community\VC\Tools\MSVC\14.44.35207\include\__msvc_ostream.hpp(732,32):
      veya       'std::basic_ostream<char,std::char_traits<char>> &std::operator <<<char,std::char_traits<char>>(std::basic_ostream<char,std::char_traits<char>> &,char)'
      C:\Program Files\Microsoft Visual Studio\2022\Community\VC\Tools\MSVC\14.44.35207\include\__msvc_ostream.hpp(768,31):
      veya       'std::basic_ostream<char,std::char_traits<char>> &std::operator <<<std::char_traits<char>>(std::basic_ostream<char,std::char_traits<char>> &,const char *)'
      C:\Program Files\Microsoft Visual Studio\2022\Community\VC\Tools\MSVC\14.44.35207\include\__msvc_ostream.hpp(813,31):
      veya       'std::basic_ostream<char,std::char_traits<char>> &std::operator <<<std::char_traits<char>>(std::basic_ostream<char,std::char_traits<char>> &,char)'
      C:\Program Files\Microsoft Visual Studio\2022\Community\VC\Tools\MSVC\14.44.35207\include\__msvc_ostream.hpp(930,31):
      veya       'std::basic_ostream<char,std::char_traits<char>> &std::operator <<<std::char_traits<char>>(std::basic_ostream<char,std::char_traits<char>> &,const signed char *)'
      C:\Program Files\Microsoft Visual Studio\2022\Community\VC\Tools\MSVC\14.44.35207\include\__msvc_ostream.hpp(936,31):
      veya       'std::basic_ostream<char,std::char_traits<char>> &std::operator <<<std::char_traits<char>>(std::basic_ostream<char,std::char_traits<char>> &,signed char)'
      C:\Program Files\Microsoft Visual Studio\2022\Community\VC\Tools\MSVC\14.44.35207\include\__msvc_ostream.hpp(941,31):
      veya       'std::basic_ostream<char,std::char_traits<char>> &std::operator <<<std::char_traits<char>>(std::basic_ostream<char,std::char_traits<char>> &,const unsigned char *)'
      C:\Program Files\Microsoft Visual Studio\2022\Community\VC\Tools\MSVC\14.44.35207\include\__msvc_ostream.hpp(947,31):
      veya       'std::basic_ostream<char,std::char_traits<char>> &std::operator <<<std::char_traits<char>>(std::basic_ostream<char,std::char_traits<char>> &,unsigned char)'
      C:\Program Files\Microsoft Visual Studio\2022\Community\VC\Tools\MSVC\14.44.35207\include\__msvc_ostream.hpp(955,31):
      veya       'std::basic_ostream<char,std::char_traits<char>> &std::operator <<<std::char_traits<char>>(std::basic_ostream<char,std::char_traits<char>> &,const char8_t *)'
      C:\Program Files\Microsoft Visual Studio\2022\Community\VC\Tools\MSVC\14.44.35207\include\__msvc_ostream.hpp(961,31):
      veya       'std::basic_ostream<char,std::char_traits<char>> &std::operator <<<std::char_traits<char>>(std::basic_ostream<char,std::char_traits<char>> &,char8_t)'
      C:\Program Files\Microsoft Visual Studio\2022\Community\VC\Tools\MSVC\14.44.35207\include\__msvc_ostream.hpp(969,31):
      veya       'std::basic_ostream<char,std::char_traits<char>> &std::operator <<<std::char_traits<char>>(std::basic_ostream<char,std::char_traits<char>> &,wchar_t)'
      C:\Program Files\Microsoft Visual Studio\2022\Community\VC\Tools\MSVC\14.44.35207\include\__msvc_ostream.hpp(972,31):
      veya       'std::basic_ostream<char,std::char_traits<char>> &std::operator <<<std::char_traits<char>>(std::basic_ostream<char,std::char_traits<char>> &,const wchar_t *)'
      C:\Program Files\Microsoft Visual Studio\2022\Community\VC\Tools\MSVC\14.44.35207\include\__msvc_ostream.hpp(976,31):
      veya       'std::basic_ostream<char,std::char_traits<char>> &std::operator <<<std::char_traits<char>>(std::basic_ostream<char,std::char_traits<char>> &,char16_t)'
      C:\Program Files\Microsoft Visual Studio\2022\Community\VC\Tools\MSVC\14.44.35207\include\__msvc_ostream.hpp(978,31):
      veya       'std::basic_ostream<char,std::char_traits<char>> &std::operator <<<std::char_traits<char>>(std::basic_ostream<char,std::char_traits<char>> &,char32_t)'
      C:\Program Files\Microsoft Visual Studio\2022\Community\VC\Tools\MSVC\14.44.35207\include\__msvc_ostream.hpp(986,31):
      veya       'std::basic_ostream<char,std::char_traits<char>> &std::operator <<<std::char_traits<char>>(std::basic_ostream<char,std::char_traits<char>> &,const char16_t *)'
      C:\Program Files\Microsoft Visual Studio\2022\Community\VC\Tools\MSVC\14.44.35207\include\__msvc_ostream.hpp(988,31):
      veya       'std::basic_ostream<char,std::char_traits<char>> &std::operator <<<std::char_traits<char>>(std::basic_ostream<char,std::char_traits<char>> &,const char32_t *)'
      C:\Program Files\Microsoft Visual Studio\2022\Community\VC\Tools\MSVC\14.44.35207\include\__msvc_ostream.hpp(1031,32):
      veya       'std::basic_ostream<char,std::char_traits<char>> &std::operator <<<char,std::char_traits<char>>(std::basic_ostream<char,std::char_traits<char>> &,const std::error_code &)'
      C:\Program Files\Microsoft Visual Studio\2022\Community\VC\Tools\MSVC\14.44.35207\include\thread(298,26):
      veya       'std::basic_ostream<char,std::char_traits<char>> &std::operator <<<char,std::char_traits<char>>(std::basic_ostream<char,std::char_traits<char>> &,std::thread::id)'
      C:\ShadowStrike\ShadowStrike\src\Shared_modules\Core\FileSystem\DirectoryMonitor.cpp(181,9):
      '(std::basic_ostream<char,std::char_traits<char>>, <error type>)' ba─ş─▒ms─▒z de─şi┼şken listesi e┼şlenmeye ├ğal─▒┼ş─▒l─▒rken
  
C:\ShadowStrike\ShadowStrike\src\Shared_modules\Core\Engine\MachineLearningDetector.cpp(936,24): error C2660: 'ShadowStrike::Utils::Logger::Error': i┼şlev 2 ba─ş─▒ms─▒z de─şi┼şken alm─▒yor [C:\ShadowStrike\ShadowStrike\ShadowStrike.vcxproj]
  ('/src/Shared_modules/Core/Engine/MachineLearningDetector.cpp' kaynak dosyas─▒ derleniyor)
      C:\ShadowStrike\ShadowStrike\src\Shared_modules\Utils\Logger.hpp(263,16):
      'ShadowStrike::Utils::Logger::Error' bildirimine bak─▒n
      C:\ShadowStrike\ShadowStrike\src\Shared_modules\Utils\Logger.hpp(274,16):
      'void ShadowStrike::Utils::Logger::Error(std::basic_format_string<char,type_identity<_Args>::type...>,Args ...)' olabilirdi
          C:\ShadowStrike\ShadowStrike\src\Shared_modules\Core\Engine\MachineLearningDetector.cpp(936,24):
          'void ShadowStrike::Utils::Logger::Error(std::basic_format_string<char,type_identity<_Args>::type...>,Args ...)' i┼şlev ┼şablonu ├Âzelle┼ştirilemedi
              C:\ShadowStrike\ShadowStrike\src\Shared_modules\Core\Engine\MachineLearningDetector.cpp(936,24):
              ┼Şu ┼şablon ba─ş─▒ms─▒z de─şi┼şkenleriyle:
                  C:\ShadowStrike\ShadowStrike\src\Shared_modules\Core\Engine\MachineLearningDetector.cpp(936,24):
                  'Args={<error type>}'
      C:\ShadowStrike\ShadowStrike\src\Shared_modules\Core\Engine\MachineLearningDetector.cpp(936,24):
      '(const wchar_t [55], <error type>)' ba─ş─▒ms─▒z de─şi┼şken listesi e┼şlenmeye ├ğal─▒┼ş─▒l─▒rken
  
C:\ShadowStrike\ShadowStrike\src\Shared_modules\Core\Engine\ZeroDayDetector.cpp(114,27): error C2838: 'InformationLeak': ├╝ye bildiriminde ge├ğersiz tam ad [C:\ShadowStrike\ShadowStrike\ShadowStrike.vcxproj]
  ('/src/Shared_modules/Core/Engine/ZeroDayDetector.cpp' kaynak dosyas─▒ derleniyor)
  
C:\ShadowStrike\ShadowStrike\src\Shared_modules\Core\Engine\ZeroDayDetector.cpp(114,27): error C2065: 'InformationLeak': bildirimi yap─▒lmam─▒┼ş tan─▒mlay─▒c─▒ [C:\ShadowStrike\ShadowStrike\ShadowStrike.vcxproj]
  ('/src/Shared_modules/Core/Engine/ZeroDayDetector.cpp' kaynak dosyas─▒ derleniyor)
  
C:\ShadowStrike\ShadowStrike\src\Shared_modules\Core\Engine\ZeroDayDetector.cpp(114,27): error C2131: ifade sabit olarak de─şerlendirilmedi [C:\ShadowStrike\ShadowStrike\ShadowStrike.vcxproj]
  ('/src/Shared_modules/Core/Engine/ZeroDayDetector.cpp' kaynak dosyas─▒ derleniyor)
      C:\ShadowStrike\ShadowStrike\src\Shared_modules\Core\Engine\ZeroDayDetector.cpp(114,27):
      sabit olmayan bir (alt) ifade ile kar┼ş─▒la┼ş─▒ld─▒
  
C:\ShadowStrike\ShadowStrike\src\Shared_modules\Core\Engine\ZeroDayDetector.cpp(114,27): error C2051: case ifadesi sabit de─şil [C:\ShadowStrike\ShadowStrike\ShadowStrike.vcxproj]
  ('/src/Shared_modules/Core/Engine/ZeroDayDetector.cpp' kaynak dosyas─▒ derleniyor)
  
C:\ShadowStrike\ShadowStrike\src\Shared_modules\Core\Engine\MachineLearningDetector.cpp(954,43): error C2039: 'ReadFile': bir 'ShadowStrike::Utils::FileUtils' ├╝yesi de─şil [C:\ShadowStrike\ShadowStrike\ShadowStrike.vcxproj]
  ('/src/Shared_modules/Core/Engine/MachineLearningDetector.cpp' kaynak dosyas─▒ derleniyor)
      C:\ShadowStrike\ShadowStrike\src\Shared_modules\Utils\FileUtils.hpp(61,13):
      'ShadowStrike::Utils::FileUtils' bildirimine bak─▒n
  
C:\ShadowStrike\ShadowStrike\src\Shared_modules\Core\Engine\ZeroDayDetector.cpp(126,29): error C2838: 'ReverseShell': ├╝ye bildiriminde ge├ğersiz tam ad [C:\ShadowStrike\ShadowStrike\ShadowStrike.vcxproj]
  FileWatcher.cpp
  ('/src/Shared_modules/Core/Engine/ZeroDayDetector.cpp' kaynak dosyas─▒ derleniyor)
  
C:\ShadowStrike\ShadowStrike\src\Shared_modules\Core\Engine\ZeroDayDetector.cpp(126,29): error C2065: 'ReverseShell': bildirimi yap─▒lmam─▒┼ş tan─▒mlay─▒c─▒ [C:\ShadowStrike\ShadowStrike\ShadowStrike.vcxproj]
  ('/src/Shared_modules/Core/Engine/ZeroDayDetector.cpp' kaynak dosyas─▒ derleniyor)
  
C:\ShadowStrike\ShadowStrike\src\Shared_modules\Core\Engine\MachineLearningDetector.cpp(954,43): error C2660: 'ReadFile': i┼şlev 1 ba─ş─▒ms─▒z de─şi┼şken alm─▒yor [C:\ShadowStrike\ShadowStrike\ShadowStrike.vcxproj]
  ('/src/Shared_modules/Core/Engine/MachineLearningDetector.cpp' kaynak dosyas─▒ derleniyor)
      C:\Program Files (x86)\Windows Kits\10\Include\10.0.26100.0\um\fileapi.h(993,1):
      'ReadFile' bildirimine bak─▒n
      C:\ShadowStrike\ShadowStrike\src\Shared_modules\Core\Engine\MachineLearningDetector.cpp(954,43):
      '(const std::filesystem::path)' ba─ş─▒ms─▒z de─şi┼şken listesi e┼şlenmeye ├ğal─▒┼ş─▒l─▒rken
  
C:\ShadowStrike\ShadowStrike\src\Shared_modules\Core\Engine\ZeroDayDetector.cpp(126,29): error C2131: ifade sabit olarak de─şerlendirilmedi [C:\ShadowStrike\ShadowStrike\ShadowStrike.vcxproj]
  ('/src/Shared_modules/Core/Engine/ZeroDayDetector.cpp' kaynak dosyas─▒ derleniyor)
      C:\ShadowStrike\ShadowStrike\src\Shared_modules\Core\Engine\ZeroDayDetector.cpp(126,29):
      sabit olmayan bir (alt) ifade ile kar┼ş─▒la┼ş─▒ld─▒
  
C:\ShadowStrike\ShadowStrike\src\Shared_modules\Core\Engine\ZeroDayDetector.cpp(127,29): error C2838: 'DownloadExecute': ├╝ye bildiriminde ge├ğersiz tam ad [C:\ShadowStrike\ShadowStrike\ShadowStrike.vcxproj]
  ('/src/Shared_modules/Core/Engine/ZeroDayDetector.cpp' kaynak dosyas─▒ derleniyor)
  
C:\ShadowStrike\ShadowStrike\src\Shared_modules\Core\Engine\ZeroDayDetector.cpp(127,29): error C2065: 'DownloadExecute': bildirimi yap─▒lmam─▒┼ş tan─▒mlay─▒c─▒ [C:\ShadowStrike\ShadowStrike\ShadowStrike.vcxproj]
  ('/src/Shared_modules/Core/Engine/ZeroDayDetector.cpp' kaynak dosyas─▒ derleniyor)
  
C:\ShadowStrike\ShadowStrike\src\Shared_modules\Core\Engine\MachineLearningDetector.cpp(959,43): error C2039: 'CalculateSHA256': bir 'ShadowStrike::Utils::HashUtils' ├╝yesi de─şil [C:\ShadowStrike\ShadowStrike\ShadowStrike.vcxproj]
  ('/src/Shared_modules/Core/Engine/MachineLearningDetector.cpp' kaynak dosyas─▒ derleniyor)
      C:\ShadowStrike\ShadowStrike\src\Shared_modules\Utils\HashUtils.hpp(62,13):
      'ShadowStrike::Utils::HashUtils' bildirimine bak─▒n
  
C:\ShadowStrike\ShadowStrike\src\Shared_modules\Core\Engine\MachineLearningDetector.cpp(959,43): error C3861: 'CalculateSHA256': tan─▒mlay─▒c─▒ bulunamad─▒ [C:\ShadowStrike\ShadowStrike\ShadowStrike.vcxproj]
  ('/src/Shared_modules/Core/Engine/MachineLearningDetector.cpp' kaynak dosyas─▒ derleniyor)
  
C:\ShadowStrike\ShadowStrike\src\Shared_modules\Core\Engine\ZeroDayDetector.cpp(127,29): error C2131: ifade sabit olarak de─şerlendirilmedi [C:\ShadowStrike\ShadowStrike\ShadowStrike.vcxproj]
  ('/src/Shared_modules/Core/Engine/ZeroDayDetector.cpp' kaynak dosyas─▒ derleniyor)
      C:\ShadowStrike\ShadowStrike\src\Shared_modules\Core\Engine\ZeroDayDetector.cpp(127,29):
      sabit olmayan bir (alt) ifade ile kar┼ş─▒la┼ş─▒ld─▒
  
C:\ShadowStrike\ShadowStrike\src\Shared_modules\Core\Engine\ZeroDayDetector.cpp(129,29): error C2838: 'StageLoader': ├╝ye bildiriminde ge├ğersiz tam ad [C:\ShadowStrike\ShadowStrike\ShadowStrike.vcxproj]
  ('/src/Shared_modules/Core/Engine/ZeroDayDetector.cpp' kaynak dosyas─▒ derleniyor)
  
C:\ShadowStrike\ShadowStrike\src\Shared_modules\Core\Engine\ZeroDayDetector.cpp(129,29): error C2065: 'StageLoader': bildirimi yap─▒lmam─▒┼ş tan─▒mlay─▒c─▒ [C:\ShadowStrike\ShadowStrike\ShadowStrike.vcxproj]
  ('/src/Shared_modules/Core/Engine/ZeroDayDetector.cpp' kaynak dosyas─▒ derleniyor)
  
C:\ShadowStrike\ShadowStrike\src\Shared_modules\Core\Engine\ZeroDayDetector.cpp(129,29): error C2131: ifade sabit olarak de─şerlendirilmedi [C:\ShadowStrike\ShadowStrike\ShadowStrike.vcxproj]
  ('/src/Shared_modules/Core/Engine/ZeroDayDetector.cpp' kaynak dosyas─▒ derleniyor)
      C:\ShadowStrike\ShadowStrike\src\Shared_modules\Core\Engine\ZeroDayDetector.cpp(129,29):
      sabit olmayan bir (alt) ifade ile kar┼ş─▒la┼ş─▒ld─▒
  
C:\ShadowStrike\ShadowStrike\src\Shared_modules\Core\Engine\ZeroDayDetector.cpp(130,29): error C2838: 'CodeInjector': ├╝ye bildiriminde ge├ğersiz tam ad [C:\ShadowStrike\ShadowStrike\ShadowStrike.vcxproj]
  ('/src/Shared_modules/Core/Engine/ZeroDayDetector.cpp' kaynak dosyas─▒ derleniyor)
  
C:\ShadowStrike\ShadowStrike\src\Shared_modules\Core\Engine\ZeroDayDetector.cpp(130,29): error C2065: 'CodeInjector': bildirimi yap─▒lmam─▒┼ş tan─▒mlay─▒c─▒ [C:\ShadowStrike\ShadowStrike\ShadowStrike.vcxproj]
  ('/src/Shared_modules/Core/Engine/ZeroDayDetector.cpp' kaynak dosyas─▒ derleniyor)
  
C:\ShadowStrike\ShadowStrike\src\Shared_modules\Core\Engine\MachineLearningDetector.cpp(960,15): error C2593: 'operator =' belirsiz [C:\ShadowStrike\ShadowStrike\ShadowStrike.vcxproj]
  ('/src/Shared_modules/Core/Engine/MachineLearningDetector.cpp' kaynak dosyas─▒ derleniyor)
      C:\Program Files\Microsoft Visual Studio\2022\Community\VC\Tools\MSVC\14.44.35207\include\xstring(1453,32):
      'std::basic_string<char,std::char_traits<char>,std::allocator<char>> &std::basic_string<char,std::char_traits<char>,std::allocator<char>>::operator =(const _Elem)' olabilirdi
          with
          [
              _Elem=char
          ]
      C:\Program Files\Microsoft Visual Studio\2022\Community\VC\Tools\MSVC\14.44.35207\include\xstring(1450,19):
      veya       'std::basic_string<char,std::char_traits<char>,std::allocator<char>> &std::basic_string<char,std::char_traits<char>,std::allocator<char>>::operator =(std::nullptr_t)'
      C:\Program Files\Microsoft Visual Studio\2022\Community\VC\Tools\MSVC\14.44.35207\include\xstring(1445,32):
      veya       'std::basic_string<char,std::char_traits<char>,std::allocator<char>> &std::basic_string<char,std::char_traits<char>,std::allocator<char>>::operator =(const _Elem *const )'
          with
          [
              _Elem=char
          ]
      C:\Program Files\Microsoft Visual Studio\2022\Community\VC\Tools\MSVC\14.44.35207\include\xstring(1394,32):
      veya       'std::basic_string<char,std::char_traits<char>,std::allocator<char>> &std::basic_string<char,std::char_traits<char>,std::allocator<char>>::operator =(const std::basic_string<char,std::char_traits<char>,std::allocator<char>> &)'
      C:\Program Files\Microsoft Visual Studio\2022\Community\VC\Tools\MSVC\14.44.35207\include\xstring(1345,32):
      veya       'std::basic_string<char,std::char_traits<char>,std::allocator<char>> &std::basic_string<char,std::char_traits<char>,std::allocator<char>>::operator =(std::initializer_list<_Elem>)'
          with
          [
              _Elem=char
          ]
      C:\Program Files\Microsoft Visual Studio\2022\Community\VC\Tools\MSVC\14.44.35207\include\xstring(1224,32):
      veya       'std::basic_string<char,std::char_traits<char>,std::allocator<char>> &std::basic_string<char,std::char_traits<char>,std::allocator<char>>::operator =(std::basic_string<char,std::char_traits<char>,std::allocator<char>> &&) noexcept'
      C:\ShadowStrike\ShadowStrike\src\Shared_modules\Core\Engine\MachineLearningDetector.cpp(960,15):
      '(std::string, <error type>)' ba─ş─▒ms─▒z de─şi┼şken listesi e┼şlenmeye ├ğal─▒┼ş─▒l─▒rken
  
C:\ShadowStrike\ShadowStrike\src\Shared_modules\Core\Engine\ZeroDayDetector.cpp(130,29): error C2131: ifade sabit olarak de─şerlendirilmedi [C:\ShadowStrike\ShadowStrike\ShadowStrike.vcxproj]
  ('/src/Shared_modules/Core/Engine/ZeroDayDetector.cpp' kaynak dosyas─▒ derleniyor)
      C:\ShadowStrike\ShadowStrike\src\Shared_modules\Core\Engine\ZeroDayDetector.cpp(130,29):
      sabit olmayan bir (alt) ifade ile kar┼ş─▒la┼ş─▒ld─▒
  
C:\ShadowStrike\ShadowStrike\src\Shared_modules\Core\Engine\ZeroDayDetector.cpp(126,29): error C2051: case ifadesi sabit de─şil [C:\ShadowStrike\ShadowStrike\ShadowStrike.vcxproj]
  ('/src/Shared_modules/Core/Engine/ZeroDayDetector.cpp' kaynak dosyas─▒ derleniyor)
  
C:\ShadowStrike\ShadowStrike\src\Shared_modules\Core\Engine\ZeroDayDetector.cpp(127,29): error C2051: case ifadesi sabit de─şil [C:\ShadowStrike\ShadowStrike\ShadowStrike.vcxproj]
  ('/src/Shared_modules/Core/Engine/ZeroDayDetector.cpp' kaynak dosyas─▒ derleniyor)
  
C:\ShadowStrike\ShadowStrike\src\Shared_modules\Core\Engine\ZeroDayDetector.cpp(129,29): error C2051: case ifadesi sabit de─şil [C:\ShadowStrike\ShadowStrike\ShadowStrike.vcxproj]
  ('/src/Shared_modules/Core/Engine/ZeroDayDetector.cpp' kaynak dosyas─▒ derleniyor)
  
C:\ShadowStrike\ShadowStrike\src\Shared_modules\Core\Engine\ZeroDayDetector.cpp(130,29): error C2051: case ifadesi sabit de─şil [C:\ShadowStrike\ShadowStrike\ShadowStrike.vcxproj]
  ('/src/Shared_modules/Core/Engine/ZeroDayDetector.cpp' kaynak dosyas─▒ derleniyor)
  
C:\ShadowStrike\ShadowStrike\src\Shared_modules\Core\Engine\MachineLearningDetector.cpp(972,40): error C2248: 'ShadowStrike::Core::FileSystem::ExecutableAnalyzer::ExecutableAnalyzer': private ├╝ye ('ShadowStrike::Core::FileSystem::ExecutableAnalyzer' s─▒n─▒f─▒nda bildirimi yap─▒lan) eri┼şilebilir de─şil [C:\ShadowStrike\ShadowStrike\ShadowStrike.vcxproj]
  ('/src/Shared_modules/Core/Engine/MachineLearningDetector.cpp' kaynak dosyas─▒ derleniyor)
      C:\ShadowStrike\ShadowStrike\src\Shared_modules\Core\FileSystem\ExecutableAnalyzer.hpp(956,5):
      'ShadowStrike::Core::FileSystem::ExecutableAnalyzer::ExecutableAnalyzer' bildirimine bak─▒n
      C:\ShadowStrike\ShadowStrike\src\Shared_modules\Core\FileSystem\ExecutableAnalyzer.hpp(790,7):
      'ShadowStrike::Core::FileSystem::ExecutableAnalyzer' bildirimine bak─▒n
  
C:\ShadowStrike\ShadowStrike\src\Shared_modules\Core\Engine\ZeroDayDetector.cpp(153,35): error C2838: 'VeryLow': ├╝ye bildiriminde ge├ğersiz tam ad [C:\ShadowStrike\ShadowStrike\ShadowStrike.vcxproj]
  ('/src/Shared_modules/Core/Engine/ZeroDayDetector.cpp' kaynak dosyas─▒ derleniyor)
  
C:\ShadowStrike\ShadowStrike\src\Shared_modules\Core\Engine\ZeroDayDetector.cpp(153,35): error C2065: 'VeryLow': bildirimi yap─▒lmam─▒┼ş tan─▒mlay─▒c─▒ [C:\ShadowStrike\ShadowStrike\ShadowStrike.vcxproj]
  ('/src/Shared_modules/Core/Engine/ZeroDayDetector.cpp' kaynak dosyas─▒ derleniyor)
  
C:\ShadowStrike\ShadowStrike\src\Shared_modules\Core\Engine\ZeroDayDetector.cpp(153,35): error C2131: ifade sabit olarak de─şerlendirilmedi [C:\ShadowStrike\ShadowStrike\ShadowStrike.vcxproj]
  ('/src/Shared_modules/Core/Engine/ZeroDayDetector.cpp' kaynak dosyas─▒ derleniyor)
      C:\ShadowStrike\ShadowStrike\src\Shared_modules\Core\Engine\ZeroDayDetector.cpp(153,35):
      sabit olmayan bir (alt) ifade ile kar┼ş─▒la┼ş─▒ld─▒
  
C:\ShadowStrike\ShadowStrike\src\Shared_modules\Core\Engine\ZeroDayDetector.cpp(157,35): error C2838: 'VeryHigh': ├╝ye bildiriminde ge├ğersiz tam ad [C:\ShadowStrike\ShadowStrike\ShadowStrike.vcxproj]
  ('/src/Shared_modules/Core/Engine/ZeroDayDetector.cpp' kaynak dosyas─▒ derleniyor)
  
C:\ShadowStrike\ShadowStrike\src\Shared_modules\Core\Engine\ZeroDayDetector.cpp(157,35): error C2065: 'VeryHigh': bildirimi yap─▒lmam─▒┼ş tan─▒mlay─▒c─▒ [C:\ShadowStrike\ShadowStrike\ShadowStrike.vcxproj]
  ('/src/Shared_modules/Core/Engine/ZeroDayDetector.cpp' kaynak dosyas─▒ derleniyor)
  
C:\ShadowStrike\ShadowStrike\src\Shared_modules\Core\Engine\ZeroDayDetector.cpp(157,35): error C2131: ifade sabit olarak de─şerlendirilmedi [C:\ShadowStrike\ShadowStrike\ShadowStrike.vcxproj]
  ('/src/Shared_modules/Core/Engine/ZeroDayDetector.cpp' kaynak dosyas─▒ derleniyor)
      C:\ShadowStrike\ShadowStrike\src\Shared_modules\Core\Engine\ZeroDayDetector.cpp(157,35):
      sabit olmayan bir (alt) ifade ile kar┼ş─▒la┼ş─▒ld─▒
  
C:\ShadowStrike\ShadowStrike\src\Shared_modules\Core\Engine\ZeroDayDetector.cpp(153,35): error C2051: case ifadesi sabit de─şil [C:\ShadowStrike\ShadowStrike\ShadowStrike.vcxproj]
  ('/src/Shared_modules/Core/Engine/ZeroDayDetector.cpp' kaynak dosyas─▒ derleniyor)
  
C:\ShadowStrike\ShadowStrike\src\Shared_modules\Core\Engine\ZeroDayDetector.cpp(157,35): error C2051: case ifadesi sabit de─şil [C:\ShadowStrike\ShadowStrike\ShadowStrike.vcxproj]
  ('/src/Shared_modules/Core/Engine/ZeroDayDetector.cpp' kaynak dosyas─▒ derleniyor)
  
C:\ShadowStrike\ShadowStrike\src\Shared_modules\Core\Engine\MachineLearningDetector.cpp(976,15): error C2593: 'operator =' belirsiz [C:\ShadowStrike\ShadowStrike\ShadowStrike.vcxproj]
  ('/src/Shared_modules/Core/Engine/MachineLearningDetector.cpp' kaynak dosyas─▒ derleniyor)
      C:\Program Files\Microsoft Visual Studio\2022\Community\VC\Tools\MSVC\14.44.35207\include\xstring(1453,32):
      'std::basic_string<char,std::char_traits<char>,std::allocator<char>> &std::basic_string<char,std::char_traits<char>,std::allocator<char>>::operator =(const _Elem)' olabilirdi
          with
          [
              _Elem=char
          ]
      C:\Program Files\Microsoft Visual Studio\2022\Community\VC\Tools\MSVC\14.44.35207\include\xstring(1450,19):
      veya       'std::basic_string<char,std::char_traits<char>,std::allocator<char>> &std::basic_string<char,std::char_traits<char>,std::allocator<char>>::operator =(std::nullptr_t)'
      C:\Program Files\Microsoft Visual Studio\2022\Community\VC\Tools\MSVC\14.44.35207\include\xstring(1445,32):
      veya       'std::basic_string<char,std::char_traits<char>,std::allocator<char>> &std::basic_string<char,std::char_traits<char>,std::allocator<char>>::operator =(const _Elem *const )'
          with
          [
              _Elem=char
          ]
      C:\Program Files\Microsoft Visual Studio\2022\Community\VC\Tools\MSVC\14.44.35207\include\xstring(1394,32):
      veya       'std::basic_string<char,std::char_traits<char>,std::allocator<char>> &std::basic_string<char,std::char_traits<char>,std::allocator<char>>::operator =(const std::basic_string<char,std::char_traits<char>,std::allocator<char>> &)'
      C:\Program Files\Microsoft Visual Studio\2022\Community\VC\Tools\MSVC\14.44.35207\include\xstring(1345,32):
      veya       'std::basic_string<char,std::char_traits<char>,std::allocator<char>> &std::basic_string<char,std::char_traits<char>,std::allocator<char>>::operator =(std::initializer_list<_Elem>)'
          with
          [
              _Elem=char
          ]
      C:\Program Files\Microsoft Visual Studio\2022\Community\VC\Tools\MSVC\14.44.35207\include\xstring(1224,32):
      veya       'std::basic_string<char,std::char_traits<char>,std::allocator<char>> &std::basic_string<char,std::char_traits<char>,std::allocator<char>>::operator =(std::basic_string<char,std::char_traits<char>,std::allocator<char>> &&) noexcept'
      C:\ShadowStrike\ShadowStrike\src\Shared_modules\Core\Engine\MachineLearningDetector.cpp(976,15):
      '(std::string, <error type>)' ba─ş─▒ms─▒z de─şi┼şken listesi e┼şlenmeye ├ğal─▒┼ş─▒l─▒rken
  
C:\ShadowStrike\ShadowStrike\src\Shared_modules\Core\Engine\ZeroDayDetector.cpp(166,28): error C2039: 'Impl': bir 'ShadowStrike::Core::Engine::ZeroDayDetector' ├╝yesi de─şil [C:\ShadowStrike\ShadowStrike\ShadowStrike.vcxproj]
  ('/src/Shared_modules/Core/Engine/ZeroDayDetector.cpp' kaynak dosyas─▒ derleniyor)
      C:\ShadowStrike\ShadowStrike\src\Shared_modules\Core\Engine\ZeroDayDetector.hpp(565,7):
      'ShadowStrike::Core::Engine::ZeroDayDetector' bildirimine bak─▒n
  
C:\ShadowStrike\ShadowStrike\src\Shared_modules\Core\Engine\ZeroDayDetector.cpp(185,26): error C2039: 'Statistics': bir 'ShadowStrike::Core::Engine::ZeroDayDetector' ├╝yesi de─şil [C:\ShadowStrike\ShadowStrike\ShadowStrike.vcxproj]
  ('/src/Shared_modules/Core/Engine/ZeroDayDetector.cpp' kaynak dosyas─▒ derleniyor)
      C:\ShadowStrike\ShadowStrike\src\Shared_modules\Core\Engine\ZeroDayDetector.hpp(565,7):
      'ShadowStrike::Core::Engine::ZeroDayDetector' bildirimine bak─▒n
  
C:\ShadowStrike\ShadowStrike\src\Shared_modules\Core\Engine\ZeroDayDetector.cpp(185,37): error C3646: 'm_stats': bilinmeyen ge├ğersiz k─▒lma belirticisi [C:\ShadowStrike\ShadowStrike\ShadowStrike.vcxproj]
  ('/src/Shared_modules/Core/Engine/ZeroDayDetector.cpp' kaynak dosyas─▒ derleniyor)
  
C:\ShadowStrike\ShadowStrike\src\Shared_modules\Core\Engine\ZeroDayDetector.cpp(185,26): error C4430: t├╝r belirticisi eksik - int varsay─▒ld─▒. Not: C++ varsay─▒lan int deste─şi i├ğermez [C:\ShadowStrike\ShadowStrike\ShadowStrike.vcxproj]
  ('/src/Shared_modules/Core/Engine/ZeroDayDetector.cpp' kaynak dosyas─▒ derleniyor)
  
C:\ShadowStrike\ShadowStrike\src\Shared_modules\Core\Engine\MachineLearningDetector.cpp(998,49): error C2039: 'Utf8ToWide': bir 'ShadowStrike::Utils::StringUtils' ├╝yesi de─şil [C:\ShadowStrike\ShadowStrike\ShadowStrike.vcxproj]
  ('/src/Shared_modules/Core/Engine/MachineLearningDetector.cpp' kaynak dosyas─▒ derleniyor)
      C:\ShadowStrike\ShadowStrike\src\Shared_modules\Utils\StringUtils.hpp(63,19):
      'ShadowStrike::Utils::StringUtils' bildirimine bak─▒n
  
C:\ShadowStrike\ShadowStrike\src\Shared_modules\Core\Engine\MachineLearningDetector.cpp(998,49): error C3861: 'Utf8ToWide': tan─▒mlay─▒c─▒ bulunamad─▒ [C:\ShadowStrike\ShadowStrike\ShadowStrike.vcxproj]
  ('/src/Shared_modules/Core/Engine/MachineLearningDetector.cpp' kaynak dosyas─▒ derleniyor)
  
C:\ShadowStrike\ShadowStrike\src\Shared_modules\Core\Engine\MachineLearningDetector.cpp(997,24): error C2660: 'ShadowStrike::Utils::Logger::Error': i┼şlev 2 ba─ş─▒ms─▒z de─şi┼şken alm─▒yor [C:\ShadowStrike\ShadowStrike\ShadowStrike.vcxproj]
  ('/src/Shared_modules/Core/Engine/MachineLearningDetector.cpp' kaynak dosyas─▒ derleniyor)
      C:\ShadowStrike\ShadowStrike\src\Shared_modules\Utils\Logger.hpp(263,16):
      'ShadowStrike::Utils::Logger::Error' bildirimine bak─▒n
      C:\ShadowStrike\ShadowStrike\src\Shared_modules\Utils\Logger.hpp(274,16):
      'void ShadowStrike::Utils::Logger::Error(std::basic_format_string<char,type_identity<_Args>::type...>,Args ...)' olabilirdi
          C:\ShadowStrike\ShadowStrike\src\Shared_modules\Core\Engine\MachineLearningDetector.cpp(997,24):
          'void ShadowStrike::Utils::Logger::Error(std::basic_format_string<char,type_identity<_Args>::type...>,Args ...)' i┼şlev ┼şablonu ├Âzelle┼ştirilemedi
              C:\ShadowStrike\ShadowStrike\src\Shared_modules\Core\Engine\MachineLearningDetector.cpp(997,24):
              ┼Şu ┼şablon ba─ş─▒ms─▒z de─şi┼şkenleriyle:
                  C:\ShadowStrike\ShadowStrike\src\Shared_modules\Core\Engine\MachineLearningDetector.cpp(997,24):
                  'Args={<error type>}'
      C:\ShadowStrike\ShadowStrike\src\Shared_modules\Core\Engine\MachineLearningDetector.cpp(997,24):
      '(const wchar_t [56], <error type>)' ba─ş─▒ms─▒z de─şi┼şken listesi e┼şlenmeye ├ğal─▒┼ş─▒l─▒rken
  
C:\ShadowStrike\ShadowStrike\src\Shared_modules\Core\Engine\MachineLearningDetector.cpp(1012,40): error C2039: 'isPE': bir 'ShadowStrike::Core::FileSystem::ExecutableInfo' ├╝yesi de─şil [C:\ShadowStrike\ShadowStrike\ShadowStrike.vcxproj]
  ('/src/Shared_modules/Core/Engine/MachineLearningDetector.cpp' kaynak dosyas─▒ derleniyor)
      C:\ShadowStrike\ShadowStrike\src\Shared_modules\Core\FileSystem\ExecutableAnalyzer.hpp(615,21):
      'ShadowStrike::Core::FileSystem::ExecutableInfo' bildirimine bak─▒n
  
C:\ShadowStrike\ShadowStrike\src\Shared_modules\Core\Engine\MachineLearningDetector.cpp(1013,59): error C2039: 'architecture': bir 'ShadowStrike::Core::FileSystem::ExecutableInfo' ├╝yesi de─şil [C:\ShadowStrike\ShadowStrike\ShadowStrike.vcxproj]
  ('/src/Shared_modules/Core/Engine/MachineLearningDetector.cpp' kaynak dosyas─▒ derleniyor)
      C:\ShadowStrike\ShadowStrike\src\Shared_modules\Core\FileSystem\ExecutableAnalyzer.hpp(615,21):
      'ShadowStrike::Core::FileSystem::ExecutableInfo' bildirimine bak─▒n
  
C:\ShadowStrike\ShadowStrike\src\Shared_modules\Core\Engine\MachineLearningDetector.cpp(1014,59): error C2039: 'sectionCount': bir 'ShadowStrike::Core::FileSystem::ExecutableInfo' ├╝yesi de─şil [C:\ShadowStrike\ShadowStrike\ShadowStrike.vcxproj]
  ('/src/Shared_modules/Core/Engine/MachineLearningDetector.cpp' kaynak dosyas─▒ derleniyor)
      C:\ShadowStrike\ShadowStrike\src\Shared_modules\Core\FileSystem\ExecutableAnalyzer.hpp(615,21):
      'ShadowStrike::Core::FileSystem::ExecutableInfo' bildirimine bak─▒n
  
C:\ShadowStrike\ShadowStrike\src\Shared_modules\Core\Engine\MachineLearningDetector.cpp(1018,59): error C2039: 'codeSize': bir 'ShadowStrike::Core::FileSystem::ExecutableInfo' ├╝yesi de─şil [C:\ShadowStrike\ShadowStrike\ShadowStrike.vcxproj]
  ('/src/Shared_modules/Core/Engine/MachineLearningDetector.cpp' kaynak dosyas─▒ derleniyor)
      C:\ShadowStrike\ShadowStrike\src\Shared_modules\Core\FileSystem\ExecutableAnalyzer.hpp(615,21):
      'ShadowStrike::Core::FileSystem::ExecutableInfo' bildirimine bak─▒n
  
C:\ShadowStrike\ShadowStrike\src\Shared_modules\Core\Engine\MachineLearningDetector.cpp(1019,40): error C2039: 'isSigned': bir 'ShadowStrike::Core::FileSystem::ExecutableInfo' ├╝yesi de─şil [C:\ShadowStrike\ShadowStrike\ShadowStrike.vcxproj]
  ('/src/Shared_modules/Core/Engine/MachineLearningDetector.cpp' kaynak dosyas─▒ derleniyor)
      C:\ShadowStrike\ShadowStrike\src\Shared_modules\Core\FileSystem\ExecutableAnalyzer.hpp(615,21):
      'ShadowStrike::Core::FileSystem::ExecutableInfo' bildirimine bak─▒n
  
C:\ShadowStrike\ShadowStrike\src\Shared_modules\Core\Engine\MachineLearningDetector.cpp(1029,26): error C2039: 'importedDLLs': bir 'ShadowStrike::Core::FileSystem::ExecutableInfo' ├╝yesi de─şil [C:\ShadowStrike\ShadowStrike\ShadowStrike.vcxproj]
  ('/src/Shared_modules/Core/Engine/MachineLearningDetector.cpp' kaynak dosyas─▒ derleniyor)
      C:\ShadowStrike\ShadowStrike\src\Shared_modules\Core\FileSystem\ExecutableAnalyzer.hpp(615,21):
      'ShadowStrike::Core::FileSystem::ExecutableInfo' bildirimine bak─▒n
  
C:\ShadowStrike\ShadowStrike\src\Shared_modules\Core\Engine\MachineLearningDetector.cpp(1038,26): error C2039: 'exportedFunctions': bir 'ShadowStrike::Core::FileSystem::ExecutableInfo' ├╝yesi de─şil [C:\ShadowStrike\ShadowStrike\ShadowStrike.vcxproj]
  ('/src/Shared_modules/Core/Engine/MachineLearningDetector.cpp' kaynak dosyas─▒ derleniyor)
      C:\ShadowStrike\ShadowStrike\src\Shared_modules\Core\FileSystem\ExecutableAnalyzer.hpp(615,21):
      'ShadowStrike::Core::FileSystem::ExecutableInfo' bildirimine bak─▒n
  
C:\ShadowStrike\ShadowStrike\src\Shared_modules\Core\Engine\MachineLearningDetector.cpp(1051,40): error C2039: 'entropy': bir 'ShadowStrike::Core::FileSystem::ExecutableInfo' ├╝yesi de─şil [C:\ShadowStrike\ShadowStrike\ShadowStrike.vcxproj]
  ('/src/Shared_modules/Core/Engine/MachineLearningDetector.cpp' kaynak dosyas─▒ derleniyor)
      C:\ShadowStrike\ShadowStrike\src\Shared_modules\Core\FileSystem\ExecutableAnalyzer.hpp(615,21):
      'ShadowStrike::Core::FileSystem::ExecutableInfo' bildirimine bak─▒n
  
C:\ShadowStrike\ShadowStrike\src\Shared_modules\Core\Engine\MachineLearningDetector.cpp(1105,24): error C2665: 'ShadowStrike::Utils::Logger::Info': hi├ğbir a┼ş─▒r─▒ y├╝klenmi┼ş i┼şlev t├╝m arg├╝man t├╝rlerini d├Ân├╝┼şt├╝remez [C:\ShadowStrike\ShadowStrike\ShadowStrike.vcxproj]
  ('/src/Shared_modules/Core/Engine/MachineLearningDetector.cpp' kaynak dosyas─▒ derleniyor)
      C:\ShadowStrike\ShadowStrike\src\Shared_modules\Utils\Logger.hpp(282,16):
      'void ShadowStrike::Utils::Logger::Info<unsigned __int64>(std::basic_format_string<char,unsigned __int64>,unsigned __int64 &&)' olabilirdi
          C:\ShadowStrike\ShadowStrike\src\Shared_modules\Core\Engine\MachineLearningDetector.cpp(1105,24):
          'void ShadowStrike::Utils::Logger::Info<unsigned __int64>(std::basic_format_string<char,unsigned __int64>,unsigned __int64 &&)' : 1 ba─ş─▒ms─▒z de─şi┼şkeni 'const wchar_t [47]' de─şerinden 'std::basic_format_string<char,unsigned __int64>' de─şerine d├Ân├╝┼şt├╝r├╝lemez
              C:\ShadowStrike\ShadowStrike\src\Shared_modules\Core\Engine\MachineLearningDetector.cpp(1105,29):
              'std::basic_format_string<char,unsigned __int64>::basic_format_string': hi├ğbir a┼ş─▒r─▒ y├╝klenmi┼ş i┼şlev t├╝m arg├╝man t├╝rlerini d├Ân├╝┼şt├╝remez
                  C:\Program Files\Microsoft Visual Studio\2022\Community\VC\Tools\MSVC\14.44.35207\include\format(2867,1):
                  'std::basic_format_string<char,unsigned __int64>::basic_format_string(std::basic_format_string<char,unsigned __int64> &&)' olabilirdi
                      C:\ShadowStrike\ShadowStrike\src\Shared_modules\Core\Engine\MachineLearningDetector.cpp(1105,29):
                      'std::basic_format_string<char,unsigned __int64>::basic_format_string(std::basic_format_string<char,unsigned __int64> &&)' : 1 ba─ş─▒ms─▒z de─şi┼şkeni 'const wchar_t [47]' de─şerinden 'std::basic_format_string<char,unsigned __int64> &&' de─şerine d├Ân├╝┼şt├╝r├╝lemez
                          C:\ShadowStrike\ShadowStrike\src\Shared_modules\Core\Engine\MachineLearningDetector.cpp(1105,29):
                          Nedeni: 'const wchar_t [47]' de─şerinden 'std::basic_format_string<char,unsigned __int64>' de─şerine d├Ân├╝┼şt├╝r├╝lemez
                          C:\ShadowStrike\ShadowStrike\src\Shared_modules\Core\Engine\MachineLearningDetector.cpp(1105,29):
                          D├Ân├╝┼şt├╝rme ikinci bir kullan─▒c─▒ tan─▒ml─▒ d├Ân├╝┼şt├╝rme i┼şleci veya olu┼şturucu gerektiriyor
                  C:\Program Files\Microsoft Visual Studio\2022\Community\VC\Tools\MSVC\14.44.35207\include\format(2867,1):
                  veya       'std::basic_format_string<char,unsigned __int64>::basic_format_string(const std::basic_format_string<char,unsigned __int64> &)'
                      C:\ShadowStrike\ShadowStrike\src\Shared_modules\Core\Engine\MachineLearningDetector.cpp(1105,29):
                      'std::basic_format_string<char,unsigned __int64>::basic_format_string(const std::basic_format_string<char,unsigned __int64> &)' : 1 ba─ş─▒ms─▒z de─şi┼şkeni 'const wchar_t [47]' de─şerinden 'const std::basic_format_string<char,unsigned __int64> &' de─şerine d├Ân├╝┼şt├╝r├╝lemez
                          C:\ShadowStrike\ShadowStrike\src\Shared_modules\Core\Engine\MachineLearningDetector.cpp(1105,29):
                          Nedeni: 'const wchar_t [47]' de─şerinden 'const std::basic_format_string<char,unsigned __int64>' de─şerine d├Ân├╝┼şt├╝r├╝lemez
                          C:\ShadowStrike\ShadowStrike\src\Shared_modules\Core\Engine\MachineLearningDetector.cpp(1105,29):
                          D├Ân├╝┼şt├╝rme ikinci bir kullan─▒c─▒ tan─▒ml─▒ d├Ân├╝┼şt├╝rme i┼şleci veya olu┼şturucu gerektiriyor
                  C:\Program Files\Microsoft Visual Studio\2022\Community\VC\Tools\MSVC\14.44.35207\include\format(2850,5):
                  veya       'std::basic_format_string<char,unsigned __int64>::basic_format_string(const _Ty &)'
                  C:\ShadowStrike\ShadowStrike\src\Shared_modules\Core\Engine\MachineLearningDetector.cpp(1105,29):
                  '(const wchar_t [47])' ba─ş─▒ms─▒z de─şi┼şken listesi e┼şlenmeye ├ğal─▒┼ş─▒l─▒rken
      C:\ShadowStrike\ShadowStrike\src\Shared_modules\Core\Engine\MachineLearningDetector.cpp(1105,24):
      '(const wchar_t [47], unsigned __int64)' ba─ş─▒ms─▒z de─şi┼şken listesi e┼şlenmeye ├ğal─▒┼ş─▒l─▒rken
  
C:\ShadowStrike\ShadowStrike\src\Shared_modules\Core\Engine\MachineLearningDetector.cpp(1111,49): error C2039: 'Utf8ToWide': bir 'ShadowStrike::Utils::StringUtils' ├╝yesi de─şil [C:\ShadowStrike\ShadowStrike\ShadowStrike.vcxproj]
  ('/src/Shared_modules/Core/Engine/MachineLearningDetector.cpp' kaynak dosyas─▒ derleniyor)
      C:\ShadowStrike\ShadowStrike\src\Shared_modules\Utils\StringUtils.hpp(63,19):
      'ShadowStrike::Utils::StringUtils' bildirimine bak─▒n
  
C:\ShadowStrike\ShadowStrike\src\Shared_modules\Core\Engine\MachineLearningDetector.cpp(1111,49): error C3861: 'Utf8ToWide': tan─▒mlay─▒c─▒ bulunamad─▒ [C:\ShadowStrike\ShadowStrike\ShadowStrike.vcxproj]
  ('/src/Shared_modules/Core/Engine/MachineLearningDetector.cpp' kaynak dosyas─▒ derleniyor)
  
C:\ShadowStrike\ShadowStrike\src\Shared_modules\Core\Engine\MachineLearningDetector.cpp(1110,24): error C2660: 'ShadowStrike::Utils::Logger::Error': i┼şlev 2 ba─ş─▒ms─▒z de─şi┼şken alm─▒yor [C:\ShadowStrike\ShadowStrike\ShadowStrike.vcxproj]
  ('/src/Shared_modules/Core/Engine/MachineLearningDetector.cpp' kaynak dosyas─▒ derleniyor)
      C:\ShadowStrike\ShadowStrike\src\Shared_modules\Utils\Logger.hpp(263,16):
      'ShadowStrike::Utils::Logger::Error' bildirimine bak─▒n
      C:\ShadowStrike\ShadowStrike\src\Shared_modules\Utils\Logger.hpp(274,16):
      'void ShadowStrike::Utils::Logger::Error(std::basic_format_string<char,type_identity<_Args>::type...>,Args ...)' olabilirdi
          C:\ShadowStrike\ShadowStrike\src\Shared_modules\Core\Engine\MachineLearningDetector.cpp(1110,24):
          'void ShadowStrike::Utils::Logger::Error(std::basic_format_string<char,type_identity<_Args>::type...>,Args ...)' i┼şlev ┼şablonu ├Âzelle┼ştirilemedi
              C:\ShadowStrike\ShadowStrike\src\Shared_modules\Core\Engine\MachineLearningDetector.cpp(1110,24):
              ┼Şu ┼şablon ba─ş─▒ms─▒z de─şi┼şkenleriyle:
                  C:\ShadowStrike\ShadowStrike\src\Shared_modules\Core\Engine\MachineLearningDetector.cpp(1110,24):
                  'Args={<error type>}'
      C:\ShadowStrike\ShadowStrike\src\Shared_modules\Core\Engine\MachineLearningDetector.cpp(1110,24):
      '(const wchar_t [76], <error type>)' ba─ş─▒ms─▒z de─şi┼şken listesi e┼şlenmeye ├ğal─▒┼ş─▒l─▒rken
  
C:\ShadowStrike\ShadowStrike\src\Shared_modules\Core\Engine\ZeroDayDetector.cpp(240,75): error C2061: s├Âzdizimi hatas─▒: tan─▒mlay─▒c─▒ 'ZeroDayError' [C:\ShadowStrike\ShadowStrike\ShadowStrike.vcxproj]
  ('/src/Shared_modules/Core/Engine/ZeroDayDetector.cpp' kaynak dosyas─▒ derleniyor)
  
C:\ShadowStrike\ShadowStrike\src\Shared_modules\Core\Engine\ZeroDayDetector.cpp(293,27): error C3083: 'Impl': '::' i┼şlecinin sonundaki simge bir t├╝r olmal─▒d─▒r [C:\ShadowStrike\ShadowStrike\ShadowStrike.vcxproj]
  ('/src/Shared_modules/Core/Engine/ZeroDayDetector.cpp' kaynak dosyas─▒ derleniyor)
  
C:\ShadowStrike\ShadowStrike\src\Shared_modules\Core\Engine\MachineLearningDetector.cpp(1135,28): error C2664: 'void ShadowStrike::Utils::Logger::Error(const char *)' : 1 ba─ş─▒ms─▒z de─şi┼şkeni 'const wchar_t [46]' de─şerinden 'const char *' de─şerine d├Ân├╝┼şt├╝r├╝lemez [C:\ShadowStrike\ShadowStrike\ShadowStrike.vcxproj]
  ('/src/Shared_modules/Core/Engine/MachineLearningDetector.cpp' kaynak dosyas─▒ derleniyor)
      C:\ShadowStrike\ShadowStrike\src\Shared_modules\Core\Engine\MachineLearningDetector.cpp(1135,34):
      ─░┼şaretlenen t├╝rler ilgisiz; d├Ân├╝┼şt├╝rme reinterpret_cast, C stili t├╝r d├Ân├╝┼şt├╝rme veya parantez i├ğine al─▒nm─▒┼ş i┼şlev stili t├╝r d├Ân├╝┼şt├╝rme gerektiriyor
      C:\ShadowStrike\ShadowStrike\src\Shared_modules\Utils\Logger.hpp(263,16):
      'ShadowStrike::Utils::Logger::Error' bildirimine bak─▒n
      C:\ShadowStrike\ShadowStrike\src\Shared_modules\Utils\Logger.hpp(274,16):
      'void ShadowStrike::Utils::Logger::Error(std::basic_format_string<char,type_identity<_Args>::type...>,Args ...)' olabilirdi
          C:\ShadowStrike\ShadowStrike\src\Shared_modules\Core\Engine\MachineLearningDetector.cpp(1135,28):
          ili┼şkili k─▒s─▒tlamalar kar┼ş─▒lanmad─▒
              C:\ShadowStrike\ShadowStrike\src\Shared_modules\Utils\Logger.hpp(273,57):
              k─▒s─▒tlama yerine getirilmedi
      C:\ShadowStrike\ShadowStrike\src\Shared_modules\Core\Engine\MachineLearningDetector.cpp(1135,28):
      '(const wchar_t [46])' ba─ş─▒ms─▒z de─şi┼şken listesi e┼şlenmeye ├ğal─▒┼ş─▒l─▒rken
  
C:\ShadowStrike\ShadowStrike\src\Shared_modules\Core\Engine\MachineLearningDetector.cpp(1142,51): error C2039: 'Utf8ToWide': bir 'ShadowStrike::Utils::StringUtils' ├╝yesi de─şil [C:\ShadowStrike\ShadowStrike\ShadowStrike.vcxproj]
  ('/src/Shared_modules/Core/Engine/MachineLearningDetector.cpp' kaynak dosyas─▒ derleniyor)
      C:\ShadowStrike\ShadowStrike\src\Shared_modules\Utils\StringUtils.hpp(63,19):
      'ShadowStrike::Utils::StringUtils' bildirimine bak─▒n
  
C:\ShadowStrike\ShadowStrike\src\Shared_modules\Core\Engine\MachineLearningDetector.cpp(1142,51): error C3861: 'Utf8ToWide': tan─▒mlay─▒c─▒ bulunamad─▒ [C:\ShadowStrike\ShadowStrike\ShadowStrike.vcxproj]
  ('/src/Shared_modules/Core/Engine/MachineLearningDetector.cpp' kaynak dosyas─▒ derleniyor)
  
C:\ShadowStrike\ShadowStrike\src\Shared_modules\Core\Engine\ZeroDayDetector.cpp(293,80): error C2061: s├Âzdizimi hatas─▒: tan─▒mlay─▒c─▒ 'ZeroDayError' [C:\ShadowStrike\ShadowStrike\ShadowStrike.vcxproj]
  ('/src/Shared_modules/Core/Engine/ZeroDayDetector.cpp' kaynak dosyas─▒ derleniyor)
  
C:\ShadowStrike\ShadowStrike\src\Shared_modules\Core\Engine\MachineLearningDetector.cpp(1141,28): error C2660: 'ShadowStrike::Utils::Logger::Warn': i┼şlev 2 ba─ş─▒ms─▒z de─şi┼şken alm─▒yor [C:\ShadowStrike\ShadowStrike\ShadowStrike.vcxproj]
  ('/src/Shared_modules/Core/Engine/MachineLearningDetector.cpp' kaynak dosyas─▒ derleniyor)
      C:\ShadowStrike\ShadowStrike\src\Shared_modules\Utils\Logger.hpp(264,16):
      'ShadowStrike::Utils::Logger::Warn' bildirimine bak─▒n
      C:\ShadowStrike\ShadowStrike\src\Shared_modules\Utils\Logger.hpp(278,16):
      'void ShadowStrike::Utils::Logger::Warn(std::basic_format_string<char,type_identity<_Args>::type...>,Args ...)' olabilirdi
          C:\ShadowStrike\ShadowStrike\src\Shared_modules\Core\Engine\MachineLearningDetector.cpp(1141,28):
          'void ShadowStrike::Utils::Logger::Warn(std::basic_format_string<char,type_identity<_Args>::type...>,Args ...)' i┼şlev ┼şablonu ├Âzelle┼ştirilemedi
              C:\ShadowStrike\ShadowStrike\src\Shared_modules\Core\Engine\MachineLearningDetector.cpp(1141,28):
              ┼Şu ┼şablon ba─ş─▒ms─▒z de─şi┼şkenleriyle:
                  C:\ShadowStrike\ShadowStrike\src\Shared_modules\Core\Engine\MachineLearningDetector.cpp(1141,28):
                  'Args={<error type>}'
      C:\ShadowStrike\ShadowStrike\src\Shared_modules\Core\Engine\MachineLearningDetector.cpp(1141,28):
      '(const wchar_t [51], <error type>)' ba─ş─▒ms─▒z de─şi┼şken listesi e┼şlenmeye ├ğal─▒┼ş─▒l─▒rken
  
C:\ShadowStrike\ShadowStrike\src\Shared_modules\Core\Engine\ZeroDayDetector.cpp(293,33): error C2382: 'ShadowStrike::Core::Engine::ZeroDayDetector::Initialize': yeniden tan─▒mlama; ├Âzel durum ├Âzellikleri farkl─▒ [C:\ShadowStrike\ShadowStrike\ShadowStrike.vcxproj]
  ('/src/Shared_modules/Core/Engine/ZeroDayDetector.cpp' kaynak dosyas─▒ derleniyor)
      C:\ShadowStrike\ShadowStrike\src\Shared_modules\Core\Engine\ZeroDayDetector.hpp(579,24):
      'ShadowStrike::Core::Engine::ZeroDayDetector::Initialize' bildirimine bak─▒n
  
C:\ShadowStrike\ShadowStrike\src\Shared_modules\Core\Engine\ZeroDayDetector.cpp(295,17): error C2065: 'm_initialized': bildirimi yap─▒lmam─▒┼ş tan─▒mlay─▒c─▒ [C:\ShadowStrike\ShadowStrike\ShadowStrike.vcxproj]
  ('/src/Shared_modules/Core/Engine/ZeroDayDetector.cpp' kaynak dosyas─▒ derleniyor)
  
C:\ShadowStrike\ShadowStrike\src\Shared_modules\Core\Engine\MachineLearningDetector.cpp(1165,47): error C2039: 'Utf8ToWide': bir 'ShadowStrike::Utils::StringUtils' ├╝yesi de─şil [C:\ShadowStrike\ShadowStrike\ShadowStrike.vcxproj]
  ('/src/Shared_modules/Core/Engine/MachineLearningDetector.cpp' kaynak dosyas─▒ derleniyor)
      C:\ShadowStrike\ShadowStrike\src\Shared_modules\Utils\StringUtils.hpp(63,19):
      'ShadowStrike::Utils::StringUtils' bildirimine bak─▒n
  
C:\ShadowStrike\ShadowStrike\src\Shared_modules\Core\Engine\MachineLearningDetector.cpp(1165,47): error C3861: 'Utf8ToWide': tan─▒mlay─▒c─▒ bulunamad─▒ [C:\ShadowStrike\ShadowStrike\ShadowStrike.vcxproj]
  ('/src/Shared_modules/Core/Engine/MachineLearningDetector.cpp' kaynak dosyas─▒ derleniyor)
  
C:\ShadowStrike\ShadowStrike\src\Shared_modules\Core\Engine\ZeroDayDetector.cpp(299,28): error C2664: 'void ShadowStrike::Utils::Logger::Info(const char *)' : 1 ba─ş─▒ms─▒z de─şi┼şkeni 'const wchar_t [33]' de─şerinden 'const char *' de─şerine d├Ân├╝┼şt├╝r├╝lemez [C:\ShadowStrike\ShadowStrike\ShadowStrike.vcxproj]
  ('/src/Shared_modules/Core/Engine/ZeroDayDetector.cpp' kaynak dosyas─▒ derleniyor)
      C:\ShadowStrike\ShadowStrike\src\Shared_modules\Core\Engine\ZeroDayDetector.cpp(299,33):
      ─░┼şaretlenen t├╝rler ilgisiz; d├Ân├╝┼şt├╝rme reinterpret_cast, C stili t├╝r d├Ân├╝┼şt├╝rme veya parantez i├ğine al─▒nm─▒┼ş i┼şlev stili t├╝r d├Ân├╝┼şt├╝rme gerektiriyor
      C:\ShadowStrike\ShadowStrike\src\Shared_modules\Utils\Logger.hpp(265,16):
      'ShadowStrike::Utils::Logger::Info' bildirimine bak─▒n
      C:\ShadowStrike\ShadowStrike\src\Shared_modules\Utils\Logger.hpp(282,16):
      'void ShadowStrike::Utils::Logger::Info(std::basic_format_string<char,type_identity<_Args>::type...>,Args ...)' olabilirdi
          C:\ShadowStrike\ShadowStrike\src\Shared_modules\Core\Engine\ZeroDayDetector.cpp(299,28):
          ili┼şkili k─▒s─▒tlamalar kar┼ş─▒lanmad─▒
              C:\ShadowStrike\ShadowStrike\src\Shared_modules\Utils\Logger.hpp(281,57):
              k─▒s─▒tlama yerine getirilmedi
      C:\ShadowStrike\ShadowStrike\src\Shared_modules\Core\Engine\ZeroDayDetector.cpp(299,28):
      '(const wchar_t [33])' ba─ş─▒ms─▒z de─şi┼şken listesi e┼şlenmeye ├ğal─▒┼ş─▒l─▒rken
  
C:\ShadowStrike\ShadowStrike\src\Shared_modules\Core\Engine\ZeroDayDetector.cpp(301,13): error C2065: 'm_config': bildirimi yap─▒lmam─▒┼ş tan─▒mlay─▒c─▒ [C:\ShadowStrike\ShadowStrike\ShadowStrike.vcxproj]
  ('/src/Shared_modules/Core/Engine/ZeroDayDetector.cpp' kaynak dosyas─▒ derleniyor)
  
C:\ShadowStrike\ShadowStrike\src\Shared_modules\Core\Engine\ZeroDayDetector.cpp(304,13): error C3861: 'InitializePatterns': tan─▒mlay─▒c─▒ bulunamad─▒ [C:\ShadowStrike\ShadowStrike\ShadowStrike.vcxproj]
  ('/src/Shared_modules/Core/Engine/ZeroDayDetector.cpp' kaynak dosyas─▒ derleniyor)
  
C:\ShadowStrike\ShadowStrike\src\Shared_modules\Core\Engine\ZeroDayDetector.cpp(307,13): error C3861: 'InitializeCVEDatabase': tan─▒mlay─▒c─▒ bulunamad─▒ [C:\ShadowStrike\ShadowStrike\ShadowStrike.vcxproj]
  ('/src/Shared_modules/Core/Engine/ZeroDayDetector.cpp' kaynak dosyas─▒ derleniyor)
  
C:\ShadowStrike\ShadowStrike\src\Shared_modules\Core\Engine\ZeroDayDetector.cpp(309,83): error C2065: 'm_shellcodePatterns': bildirimi yap─▒lmam─▒┼ş tan─▒mlay─▒c─▒ [C:\ShadowStrike\ShadowStrike\ShadowStrike.vcxproj]
  ('/src/Shared_modules/Core/Engine/ZeroDayDetector.cpp' kaynak dosyas─▒ derleniyor)
  
C:\ShadowStrike\ShadowStrike\src\Shared_modules\Core\Engine\MachineLearningDetector.cpp(1164,24): error C2660: 'ShadowStrike::Utils::Logger::Info': i┼şlev 2 ba─ş─▒ms─▒z de─şi┼şken alm─▒yor [C:\ShadowStrike\ShadowStrike\ShadowStrike.vcxproj]
  ('/src/Shared_modules/Core/Engine/MachineLearningDetector.cpp' kaynak dosyas─▒ derleniyor)
      C:\ShadowStrike\ShadowStrike\src\Shared_modules\Utils\Logger.hpp(265,16):
      'ShadowStrike::Utils::Logger::Info' bildirimine bak─▒n
      C:\ShadowStrike\ShadowStrike\src\Shared_modules\Utils\Logger.hpp(282,16):
      'void ShadowStrike::Utils::Logger::Info(std::basic_format_string<char,type_identity<_Args>::type...>,Args ...)' olabilirdi
          C:\ShadowStrike\ShadowStrike\src\Shared_modules\Core\Engine\MachineLearningDetector.cpp(1164,24):
          'void ShadowStrike::Utils::Logger::Info(std::basic_format_string<char,type_identity<_Args>::type...>,Args ...)' i┼şlev ┼şablonu ├Âzelle┼ştirilemedi
              C:\ShadowStrike\ShadowStrike\src\Shared_modules\Core\Engine\MachineLearningDetector.cpp(1164,24):
              ┼Şu ┼şablon ba─ş─▒ms─▒z de─şi┼şkenleriyle:
                  C:\ShadowStrike\ShadowStrike\src\Shared_modules\Core\Engine\MachineLearningDetector.cpp(1164,24):
                  'Args={<error type>}'
      C:\ShadowStrike\ShadowStrike\src\Shared_modules\Core\Engine\MachineLearningDetector.cpp(1164,24):
      '(const wchar_t [43], <error type>)' ba─ş─▒ms─▒z de─şi┼şken listesi e┼şlenmeye ├ğal─▒┼ş─▒l─▒rken
  
C:\ShadowStrike\ShadowStrike\src\Shared_modules\Core\Engine\MachineLearningDetector.cpp(1176,49): error C2039: 'Utf8ToWide': bir 'ShadowStrike::Utils::StringUtils' ├╝yesi de─şil [C:\ShadowStrike\ShadowStrike\ShadowStrike.vcxproj]
  ('/src/Shared_modules/Core/Engine/MachineLearningDetector.cpp' kaynak dosyas─▒ derleniyor)
      C:\ShadowStrike\ShadowStrike\src\Shared_modules\Utils\StringUtils.hpp(63,19):
      'ShadowStrike::Utils::StringUtils' bildirimine bak─▒n
  
C:\ShadowStrike\ShadowStrike\src\Shared_modules\Core\Engine\MachineLearningDetector.cpp(1176,49): error C3861: 'Utf8ToWide': tan─▒mlay─▒c─▒ bulunamad─▒ [C:\ShadowStrike\ShadowStrike\ShadowStrike.vcxproj]
  ('/src/Shared_modules/Core/Engine/MachineLearningDetector.cpp' kaynak dosyas─▒ derleniyor)
  
C:\ShadowStrike\ShadowStrike\src\Shared_modules\Core\Engine\ZeroDayDetector.cpp(309,28): error C2664: 'void ShadowStrike::Utils::Logger::Info(const char *)' : 1 ba─ş─▒ms─▒z de─şi┼şkeni 'const wchar_t [46]' de─şerinden 'const char *' de─şerine d├Ân├╝┼şt├╝r├╝lemez [C:\ShadowStrike\ShadowStrike\ShadowStrike.vcxproj]
  MediaFileScanner.cpp
  ('/src/Shared_modules/Core/Engine/ZeroDayDetector.cpp' kaynak dosyas─▒ derleniyor)
      C:\ShadowStrike\ShadowStrike\src\Shared_modules\Core\Engine\ZeroDayDetector.cpp(309,33):
      ─░┼şaretlenen t├╝rler ilgisiz; d├Ân├╝┼şt├╝rme reinterpret_cast, C stili t├╝r d├Ân├╝┼şt├╝rme veya parantez i├ğine al─▒nm─▒┼ş i┼şlev stili t├╝r d├Ân├╝┼şt├╝rme gerektiriyor
      C:\ShadowStrike\ShadowStrike\src\Shared_modules\Utils\Logger.hpp(265,16):
      'ShadowStrike::Utils::Logger::Info' bildirimine bak─▒n
      C:\ShadowStrike\ShadowStrike\src\Shared_modules\Utils\Logger.hpp(282,16):
      'void ShadowStrike::Utils::Logger::Info(std::basic_format_string<char,type_identity<_Args>::type...>,Args ...)' olabilirdi
          C:\ShadowStrike\ShadowStrike\src\Shared_modules\Core\Engine\ZeroDayDetector.cpp(309,28):
          ili┼şkili k─▒s─▒tlamalar kar┼ş─▒lanmad─▒
              C:\ShadowStrike\ShadowStrike\src\Shared_modules\Utils\Logger.hpp(281,57):
              k─▒s─▒tlama yerine getirilmedi
      C:\ShadowStrike\ShadowStrike\src\Shared_modules\Core\Engine\ZeroDayDetector.cpp(309,28):
      '(const wchar_t [46])' ba─ş─▒ms─▒z de─şi┼şken listesi e┼şlenmeye ├ğal─▒┼ş─▒l─▒rken
  
C:\ShadowStrike\ShadowStrike\src\Shared_modules\Core\Engine\ZeroDayDetector.cpp(310,76): error C2065: 'm_cveDatabase': bildirimi yap─▒lmam─▒┼ş tan─▒mlay─▒c─▒ [C:\ShadowStrike\ShadowStrike\ShadowStrike.vcxproj]
  ('/src/Shared_modules/Core/Engine/ZeroDayDetector.cpp' kaynak dosyas─▒ derleniyor)
  
C:\ShadowStrike\ShadowStrike\src\Shared_modules\Core\Engine\MachineLearningDetector.cpp(1175,24): error C2660: 'ShadowStrike::Utils::Logger::Error': i┼şlev 2 ba─ş─▒ms─▒z de─şi┼şken alm─▒yor [C:\ShadowStrike\ShadowStrike\ShadowStrike.vcxproj]
  ('/src/Shared_modules/Core/Engine/MachineLearningDetector.cpp' kaynak dosyas─▒ derleniyor)
      C:\ShadowStrike\ShadowStrike\src\Shared_modules\Utils\Logger.hpp(263,16):
      'ShadowStrike::Utils::Logger::Error' bildirimine bak─▒n
      C:\ShadowStrike\ShadowStrike\src\Shared_modules\Utils\Logger.hpp(274,16):
      'void ShadowStrike::Utils::Logger::Error(std::basic_format_string<char,type_identity<_Args>::type...>,Args ...)' olabilirdi
          C:\ShadowStrike\ShadowStrike\src\Shared_modules\Core\Engine\MachineLearningDetector.cpp(1175,24):
          'void ShadowStrike::Utils::Logger::Error(std::basic_format_string<char,type_identity<_Args>::type...>,Args ...)' i┼şlev ┼şablonu ├Âzelle┼ştirilemedi
              C:\ShadowStrike\ShadowStrike\src\Shared_modules\Core\Engine\MachineLearningDetector.cpp(1175,24):
              ┼Şu ┼şablon ba─ş─▒ms─▒z de─şi┼şkenleriyle:
                  C:\ShadowStrike\ShadowStrike\src\Shared_modules\Core\Engine\MachineLearningDetector.cpp(1175,24):
                  'Args={<error type>}'
      C:\ShadowStrike\ShadowStrike\src\Shared_modules\Core\Engine\MachineLearningDetector.cpp(1175,24):
      '(const wchar_t [51], <error type>)' ba─ş─▒ms─▒z de─şi┼şken listesi e┼şlenmeye ├ğal─▒┼ş─▒l─▒rken
  
C:\ShadowStrike\ShadowStrike\src\Shared_modules\Core\Engine\ZeroDayDetector.cpp(310,28): error C2664: 'void ShadowStrike::Utils::Logger::Info(const char *)' : 1 ba─ş─▒ms─▒z de─şi┼şkeni 'const wchar_t [39]' de─şerinden 'const char *' de─şerine d├Ân├╝┼şt├╝r├╝lemez [C:\ShadowStrike\ShadowStrike\ShadowStrike.vcxproj]
  ('/src/Shared_modules/Core/Engine/ZeroDayDetector.cpp' kaynak dosyas─▒ derleniyor)
      C:\ShadowStrike\ShadowStrike\src\Shared_modules\Core\Engine\ZeroDayDetector.cpp(310,33):
      ─░┼şaretlenen t├╝rler ilgisiz; d├Ân├╝┼şt├╝rme reinterpret_cast, C stili t├╝r d├Ân├╝┼şt├╝rme veya parantez i├ğine al─▒nm─▒┼ş i┼şlev stili t├╝r d├Ân├╝┼şt├╝rme gerektiriyor
      C:\ShadowStrike\ShadowStrike\src\Shared_modules\Utils\Logger.hpp(265,16):
      'ShadowStrike::Utils::Logger::Info' bildirimine bak─▒n
      C:\ShadowStrike\ShadowStrike\src\Shared_modules\Utils\Logger.hpp(282,16):
      'void ShadowStrike::Utils::Logger::Info(std::basic_format_string<char,type_identity<_Args>::type...>,Args ...)' olabilirdi
          C:\ShadowStrike\ShadowStrike\src\Shared_modules\Core\Engine\ZeroDayDetector.cpp(310,28):
          ili┼şkili k─▒s─▒tlamalar kar┼ş─▒lanmad─▒
              C:\ShadowStrike\ShadowStrike\src\Shared_modules\Utils\Logger.hpp(281,57):
              k─▒s─▒tlama yerine getirilmedi
      C:\ShadowStrike\ShadowStrike\src\Shared_modules\Core\Engine\ZeroDayDetector.cpp(310,28):
      '(const wchar_t [39])' ba─ş─▒ms─▒z de─şi┼şken listesi e┼şlenmeye ├ğal─▒┼ş─▒l─▒rken
  
C:\ShadowStrike\ShadowStrike\src\Shared_modules\Core\Engine\MachineLearningDetector.cpp(1188,51): error C2039: 'Utf8ToWide': bir 'ShadowStrike::Utils::StringUtils' ├╝yesi de─şil [C:\ShadowStrike\ShadowStrike\ShadowStrike.vcxproj]
  ('/src/Shared_modules/Core/Engine/MachineLearningDetector.cpp' kaynak dosyas─▒ derleniyor)
      C:\ShadowStrike\ShadowStrike\src\Shared_modules\Utils\StringUtils.hpp(63,19):
      'ShadowStrike::Utils::StringUtils' bildirimine bak─▒n
  
C:\ShadowStrike\ShadowStrike\src\Shared_modules\Core\Engine\MachineLearningDetector.cpp(1188,51): error C3861: 'Utf8ToWide': tan─▒mlay─▒c─▒ bulunamad─▒ [C:\ShadowStrike\ShadowStrike\ShadowStrike.vcxproj]
  ('/src/Shared_modules/Core/Engine/MachineLearningDetector.cpp' kaynak dosyas─▒ derleniyor)
  
C:\ShadowStrike\ShadowStrike\src\Shared_modules\Core\Engine\ZeroDayDetector.cpp(311,28): error C2664: 'void ShadowStrike::Utils::Logger::Info(const char *)' : 1 ba─ş─▒ms─▒z de─şi┼şkeni 'const wchar_t [42]' de─şerinden 'const char *' de─şerine d├Ân├╝┼şt├╝r├╝lemez [C:\ShadowStrike\ShadowStrike\ShadowStrike.vcxproj]
  ('/src/Shared_modules/Core/Engine/ZeroDayDetector.cpp' kaynak dosyas─▒ derleniyor)
      C:\ShadowStrike\ShadowStrike\src\Shared_modules\Core\Engine\ZeroDayDetector.cpp(311,33):
      ─░┼şaretlenen t├╝rler ilgisiz; d├Ân├╝┼şt├╝rme reinterpret_cast, C stili t├╝r d├Ân├╝┼şt├╝rme veya parantez i├ğine al─▒nm─▒┼ş i┼şlev stili t├╝r d├Ân├╝┼şt├╝rme gerektiriyor
      C:\ShadowStrike\ShadowStrike\src\Shared_modules\Utils\Logger.hpp(265,16):
      'ShadowStrike::Utils::Logger::Info' bildirimine bak─▒n
      C:\ShadowStrike\ShadowStrike\src\Shared_modules\Utils\Logger.hpp(282,16):
      'void ShadowStrike::Utils::Logger::Info(std::basic_format_string<char,type_identity<_Args>::type...>,Args ...)' olabilirdi
          C:\ShadowStrike\ShadowStrike\src\Shared_modules\Core\Engine\ZeroDayDetector.cpp(311,28):
          ili┼şkili k─▒s─▒tlamalar kar┼ş─▒lanmad─▒
              C:\ShadowStrike\ShadowStrike\src\Shared_modules\Utils\Logger.hpp(281,57):
              k─▒s─▒tlama yerine getirilmedi
      C:\ShadowStrike\ShadowStrike\src\Shared_modules\Core\Engine\ZeroDayDetector.cpp(311,28):
      '(const wchar_t [42])' ba─ş─▒ms─▒z de─şi┼şken listesi e┼şlenmeye ├ğal─▒┼ş─▒l─▒rken
  
C:\ShadowStrike\ShadowStrike\src\Shared_modules\Core\Engine\MachineLearningDetector.cpp(1187,28): error C2660: 'ShadowStrike::Utils::Logger::Warn': i┼şlev 2 ba─ş─▒ms─▒z de─şi┼şken alm─▒yor [C:\ShadowStrike\ShadowStrike\ShadowStrike.vcxproj]
  ('/src/Shared_modules/Core/Engine/MachineLearningDetector.cpp' kaynak dosyas─▒ derleniyor)
      C:\ShadowStrike\ShadowStrike\src\Shared_modules\Utils\Logger.hpp(264,16):
      'ShadowStrike::Utils::Logger::Warn' bildirimine bak─▒n
      C:\ShadowStrike\ShadowStrike\src\Shared_modules\Utils\Logger.hpp(278,16):
      'void ShadowStrike::Utils::Logger::Warn(std::basic_format_string<char,type_identity<_Args>::type...>,Args ...)' olabilirdi
          C:\ShadowStrike\ShadowStrike\src\Shared_modules\Core\Engine\MachineLearningDetector.cpp(1187,28):
          'void ShadowStrike::Utils::Logger::Warn(std::basic_format_string<char,type_identity<_Args>::type...>,Args ...)' i┼şlev ┼şablonu ├Âzelle┼ştirilemedi
              C:\ShadowStrike\ShadowStrike\src\Shared_modules\Core\Engine\MachineLearningDetector.cpp(1187,28):
              ┼Şu ┼şablon ba─ş─▒ms─▒z de─şi┼şkenleriyle:
                  C:\ShadowStrike\ShadowStrike\src\Shared_modules\Core\Engine\MachineLearningDetector.cpp(1187,28):
                  'Args={<error type>}'
      C:\ShadowStrike\ShadowStrike\src\Shared_modules\Core\Engine\MachineLearningDetector.cpp(1187,28):
      '(const wchar_t [46], <error type>)' ba─ş─▒ms─▒z de─şi┼şken listesi e┼şlenmeye ├ğal─▒┼ş─▒l─▒rken
  
C:\ShadowStrike\ShadowStrike\src\Shared_modules\Core\Engine\ZeroDayDetector.cpp(316,37): error C2039: 'ToWideString': bir 'ShadowStrike::Utils::StringUtils' ├╝yesi de─şil [C:\ShadowStrike\ShadowStrike\ShadowStrike.vcxproj]
  ('/src/Shared_modules/Core/Engine/ZeroDayDetector.cpp' kaynak dosyas─▒ derleniyor)
      C:\ShadowStrike\ShadowStrike\src\Shared_modules\Utils\StringUtils.hpp(63,19):
      'ShadowStrike::Utils::StringUtils' bildirimine bak─▒n
  
C:\ShadowStrike\ShadowStrike\src\Shared_modules\Core\Engine\MachineLearningDetector.cpp(1195,47): error C2039: 'Utf8ToWide': bir 'ShadowStrike::Utils::StringUtils' ├╝yesi de─şil [C:\ShadowStrike\ShadowStrike\ShadowStrike.vcxproj]
  ('/src/Shared_modules/Core/Engine/MachineLearningDetector.cpp' kaynak dosyas─▒ derleniyor)
      C:\ShadowStrike\ShadowStrike\src\Shared_modules\Utils\StringUtils.hpp(63,19):
      'ShadowStrike::Utils::StringUtils' bildirimine bak─▒n
  
C:\ShadowStrike\ShadowStrike\src\Shared_modules\Core\Engine\ZeroDayDetector.cpp(316,37): error C3861: 'ToWideString': tan─▒mlay─▒c─▒ bulunamad─▒ [C:\ShadowStrike\ShadowStrike\ShadowStrike.vcxproj]
  ('/src/Shared_modules/Core/Engine/ZeroDayDetector.cpp' kaynak dosyas─▒ derleniyor)
  
C:\ShadowStrike\ShadowStrike\src\Shared_modules\Core\Engine\MachineLearningDetector.cpp(1195,47): error C3861: 'Utf8ToWide': tan─▒mlay─▒c─▒ bulunamad─▒ [C:\ShadowStrike\ShadowStrike\ShadowStrike.vcxproj]
  ('/src/Shared_modules/Core/Engine/MachineLearningDetector.cpp' kaynak dosyas─▒ derleniyor)
  
C:\ShadowStrike\ShadowStrike\src\Shared_modules\Core\Engine\ZeroDayDetector.cpp(315,28): error C2660: 'ShadowStrike::Utils::Logger::Error': i┼şlev 2 ba─ş─▒ms─▒z de─şi┼şken alm─▒yor [C:\ShadowStrike\ShadowStrike\ShadowStrike.vcxproj]
  ('/src/Shared_modules/Core/Engine/ZeroDayDetector.cpp' kaynak dosyas─▒ derleniyor)
      C:\ShadowStrike\ShadowStrike\src\Shared_modules\Utils\Logger.hpp(263,16):
      'ShadowStrike::Utils::Logger::Error' bildirimine bak─▒n
      C:\ShadowStrike\ShadowStrike\src\Shared_modules\Utils\Logger.hpp(274,16):
      'void ShadowStrike::Utils::Logger::Error(std::basic_format_string<char,type_identity<_Args>::type...>,Args ...)' olabilirdi
          C:\ShadowStrike\ShadowStrike\src\Shared_modules\Core\Engine\ZeroDayDetector.cpp(315,28):
          'void ShadowStrike::Utils::Logger::Error(std::basic_format_string<char,type_identity<_Args>::type...>,Args ...)' i┼şlev ┼şablonu ├Âzelle┼ştirilemedi
              C:\ShadowStrike\ShadowStrike\src\Shared_modules\Core\Engine\ZeroDayDetector.cpp(315,28):
              ┼Şu ┼şablon ba─ş─▒ms─▒z de─şi┼şkenleriyle:
                  C:\ShadowStrike\ShadowStrike\src\Shared_modules\Core\Engine\ZeroDayDetector.cpp(315,28):
                  'Args={<error type>}'
      C:\ShadowStrike\ShadowStrike\src\Shared_modules\Core\Engine\ZeroDayDetector.cpp(315,28):
      '(const wchar_t [42], <error type>)' ba─ş─▒ms─▒z de─şi┼şken listesi e┼şlenmeye ├ğal─▒┼ş─▒l─▒rken
  
C:\ShadowStrike\ShadowStrike\src\Shared_modules\Core\Engine\ZeroDayDetector.cpp(318,17): error C2065: 'err': bildirimi yap─▒lmam─▒┼ş tan─▒mlay─▒c─▒ [C:\ShadowStrike\ShadowStrike\ShadowStrike.vcxproj]
  ('/src/Shared_modules/Core/Engine/ZeroDayDetector.cpp' kaynak dosyas─▒ derleniyor)
  
C:\ShadowStrike\ShadowStrike\src\Shared_modules\Core\Engine\ZeroDayDetector.cpp(319,17): error C2065: 'err': bildirimi yap─▒lmam─▒┼ş tan─▒mlay─▒c─▒ [C:\ShadowStrike\ShadowStrike\ShadowStrike.vcxproj]
  ('/src/Shared_modules/Core/Engine/ZeroDayDetector.cpp' kaynak dosyas─▒ derleniyor)
  
C:\ShadowStrike\ShadowStrike\src\Shared_modules\Core\Engine\ZeroDayDetector.cpp(320,17): error C2065: 'err': bildirimi yap─▒lmam─▒┼ş tan─▒mlay─▒c─▒ [C:\ShadowStrike\ShadowStrike\ShadowStrike.vcxproj]
  ('/src/Shared_modules/Core/Engine/ZeroDayDetector.cpp' kaynak dosyas─▒ derleniyor)
  
C:\ShadowStrike\ShadowStrike\src\Shared_modules\Core\Engine\MachineLearningDetector.cpp(1194,24): error C2660: 'ShadowStrike::Utils::Logger::Info': i┼şlev 2 ba─ş─▒ms─▒z de─şi┼şken alm─▒yor [C:\ShadowStrike\ShadowStrike\ShadowStrike.vcxproj]
  ('/src/Shared_modules/Core/Engine/MachineLearningDetector.cpp' kaynak dosyas─▒ derleniyor)
      C:\ShadowStrike\ShadowStrike\src\Shared_modules\Utils\Logger.hpp(265,16):
      'ShadowStrike::Utils::Logger::Info' bildirimine bak─▒n
      C:\ShadowStrike\ShadowStrike\src\Shared_modules\Utils\Logger.hpp(282,16):
      'void ShadowStrike::Utils::Logger::Info(std::basic_format_string<char,type_identity<_Args>::type...>,Args ...)' olabilirdi
          C:\ShadowStrike\ShadowStrike\src\Shared_modules\Core\Engine\MachineLearningDetector.cpp(1194,24):
          'void ShadowStrike::Utils::Logger::Info(std::basic_format_string<char,type_identity<_Args>::type...>,Args ...)' i┼şlev ┼şablonu ├Âzelle┼ştirilemedi
              C:\ShadowStrike\ShadowStrike\src\Shared_modules\Core\Engine\MachineLearningDetector.cpp(1194,24):
              ┼Şu ┼şablon ba─ş─▒ms─▒z de─şi┼şkenleriyle:
                  C:\ShadowStrike\ShadowStrike\src\Shared_modules\Core\Engine\MachineLearningDetector.cpp(1194,24):
                  'Args={<error type>}'
      C:\ShadowStrike\ShadowStrike\src\Shared_modules\Core\Engine\MachineLearningDetector.cpp(1194,24):
      '(const wchar_t [45], <error type>)' ba─ş─▒ms─▒z de─şi┼şken listesi e┼şlenmeye ├ğal─▒┼ş─▒l─▒rken
  
C:\ShadowStrike\ShadowStrike\src\Shared_modules\Core\Engine\ZeroDayDetector.cpp(321,17): error C2065: 'err': bildirimi yap─▒lmam─▒┼ş tan─▒mlay─▒c─▒ [C:\ShadowStrike\ShadowStrike\ShadowStrike.vcxproj]
  ('/src/Shared_modules/Core/Engine/ZeroDayDetector.cpp' kaynak dosyas─▒ derleniyor)
  
C:\ShadowStrike\ShadowStrike\src\Shared_modules\Core\Engine\ZeroDayDetector.cpp(321,52): error C2039: 'ToWideString': bir 'ShadowStrike::Utils::StringUtils' ├╝yesi de─şil [C:\ShadowStrike\ShadowStrike\ShadowStrike.vcxproj]
  MountPointMonitor.cpp
  ('/src/Shared_modules/Core/Engine/ZeroDayDetector.cpp' kaynak dosyas─▒ derleniyor)
      C:\ShadowStrike\ShadowStrike\src\Shared_modules\Utils\StringUtils.hpp(63,19):
      'ShadowStrike::Utils::StringUtils' bildirimine bak─▒n
  
C:\ShadowStrike\ShadowStrike\src\Shared_modules\Core\Engine\MachineLearningDetector.cpp(1200,49): error C2039: 'Utf8ToWide': bir 'ShadowStrike::Utils::StringUtils' ├╝yesi de─şil [C:\ShadowStrike\ShadowStrike\ShadowStrike.vcxproj]
  ('/src/Shared_modules/Core/Engine/MachineLearningDetector.cpp' kaynak dosyas─▒ derleniyor)
      C:\ShadowStrike\ShadowStrike\src\Shared_modules\Utils\StringUtils.hpp(63,19):
      'ShadowStrike::Utils::StringUtils' bildirimine bak─▒n
  
C:\ShadowStrike\ShadowStrike\src\Shared_modules\Core\Engine\ZeroDayDetector.cpp(321,52): error C3861: 'ToWideString': tan─▒mlay─▒c─▒ bulunamad─▒ [C:\ShadowStrike\ShadowStrike\ShadowStrike.vcxproj]
  ('/src/Shared_modules/Core/Engine/ZeroDayDetector.cpp' kaynak dosyas─▒ derleniyor)
  
C:\ShadowStrike\ShadowStrike\src\Shared_modules\Core\Engine\MachineLearningDetector.cpp(1200,49): error C3861: 'Utf8ToWide': tan─▒mlay─▒c─▒ bulunamad─▒ [C:\ShadowStrike\ShadowStrike\ShadowStrike.vcxproj]
  ('/src/Shared_modules/Core/Engine/MachineLearningDetector.cpp' kaynak dosyas─▒ derleniyor)
  
C:\ShadowStrike\ShadowStrike\src\Shared_modules\Core\Engine\ZeroDayDetector.cpp(324,13): error C2065: 'm_initialized': bildirimi yap─▒lmam─▒┼ş tan─▒mlay─▒c─▒ [C:\ShadowStrike\ShadowStrike\ShadowStrike.vcxproj]
  ('/src/Shared_modules/Core/Engine/ZeroDayDetector.cpp' kaynak dosyas─▒ derleniyor)
  
C:\ShadowStrike\ShadowStrike\src\Shared_modules\Core\Engine\ZeroDayDetector.cpp(327,28): error C2039: 'Critical': bir 'ShadowStrike::Utils::Logger' ├╝yesi de─şil [C:\ShadowStrike\ShadowStrike\ShadowStrike.vcxproj]
  BotnetDetector.cpp
  ('/src/Shared_modules/Core/Engine/ZeroDayDetector.cpp' kaynak dosyas─▒ derleniyor)
      C:\ShadowStrike\ShadowStrike\src\Shared_modules\Utils\Logger.hpp(159,9):
      'ShadowStrike::Utils::Logger' bildirimine bak─▒n
  
C:\ShadowStrike\ShadowStrike\src\Shared_modules\Core\Engine\ZeroDayDetector.cpp(327,28): error C3861: 'Critical': tan─▒mlay─▒c─▒ bulunamad─▒ [C:\ShadowStrike\ShadowStrike\ShadowStrike.vcxproj]
  ('/src/Shared_modules/Core/Engine/ZeroDayDetector.cpp' kaynak dosyas─▒ derleniyor)
  
C:\ShadowStrike\ShadowStrike\src\Shared_modules\Core\Engine\ZeroDayDetector.cpp(329,17): error C2065: 'err': bildirimi yap─▒lmam─▒┼ş tan─▒mlay─▒c─▒ [C:\ShadowStrike\ShadowStrike\ShadowStrike.vcxproj]
  ('/src/Shared_modules/Core/Engine/ZeroDayDetector.cpp' kaynak dosyas─▒ derleniyor)
  
C:\ShadowStrike\ShadowStrike\src\Shared_modules\Core\Engine\ZeroDayDetector.cpp(330,17): error C2065: 'err': bildirimi yap─▒lmam─▒┼ş tan─▒mlay─▒c─▒ [C:\ShadowStrike\ShadowStrike\ShadowStrike.vcxproj]
  ('/src/Shared_modules/Core/Engine/ZeroDayDetector.cpp' kaynak dosyas─▒ derleniyor)
  
C:\ShadowStrike\ShadowStrike\src\Shared_modules\Core\Engine\ZeroDayDetector.cpp(331,17): error C2065: 'err': bildirimi yap─▒lmam─▒┼ş tan─▒mlay─▒c─▒ [C:\ShadowStrike\ShadowStrike\ShadowStrike.vcxproj]
  ('/src/Shared_modules/Core/Engine/ZeroDayDetector.cpp' kaynak dosyas─▒ derleniyor)
  
C:\ShadowStrike\ShadowStrike\src\Shared_modules\Core\Engine\ZeroDayDetector.cpp(334,13): error C2065: 'm_initialized': bildirimi yap─▒lmam─▒┼ş tan─▒mlay─▒c─▒ [C:\ShadowStrike\ShadowStrike\ShadowStrike.vcxproj]
  ('/src/Shared_modules/Core/Engine/ZeroDayDetector.cpp' kaynak dosyas─▒ derleniyor)
  
C:\ShadowStrike\ShadowStrike\src\Shared_modules\Core\Engine\ZeroDayDetector.cpp(339,27): error C3083: 'Impl': '::' i┼şlecinin sonundaki simge bir t├╝r olmal─▒d─▒r [C:\ShadowStrike\ShadowStrike\ShadowStrike.vcxproj]
  ('/src/Shared_modules/Core/Engine/ZeroDayDetector.cpp' kaynak dosyas─▒ derleniyor)
  
C:\ShadowStrike\ShadowStrike\src\Shared_modules\Core\Engine\MachineLearningDetector.cpp(1199,24): error C2660: 'ShadowStrike::Utils::Logger::Error': i┼şlev 2 ba─ş─▒ms─▒z de─şi┼şken alm─▒yor [C:\ShadowStrike\ShadowStrike\ShadowStrike.vcxproj]
  ('/src/Shared_modules/Core/Engine/MachineLearningDetector.cpp' kaynak dosyas─▒ derleniyor)
      C:\ShadowStrike\ShadowStrike\src\Shared_modules\Utils\Logger.hpp(263,16):
      'ShadowStrike::Utils::Logger::Error' bildirimine bak─▒n
      C:\ShadowStrike\ShadowStrike\src\Shared_modules\Utils\Logger.hpp(274,16):
      'void ShadowStrike::Utils::Logger::Error(std::basic_format_string<char,type_identity<_Args>::type...>,Args ...)' olabilirdi
          C:\ShadowStrike\ShadowStrike\src\Shared_modules\Core\Engine\MachineLearningDetector.cpp(1199,24):
          'void ShadowStrike::Utils::Logger::Error(std::basic_format_string<char,type_identity<_Args>::type...>,Args ...)' i┼şlev ┼şablonu ├Âzelle┼ştirilemedi
              C:\ShadowStrike\ShadowStrike\src\Shared_modules\Core\Engine\MachineLearningDetector.cpp(1199,24):
              ┼Şu ┼şablon ba─ş─▒ms─▒z de─şi┼şkenleriyle:
                  C:\ShadowStrike\ShadowStrike\src\Shared_modules\Core\Engine\MachineLearningDetector.cpp(1199,24):
                  'Args={<error type>}'
      C:\ShadowStrike\ShadowStrike\src\Shared_modules\Core\Engine\MachineLearningDetector.cpp(1199,24):
      '(const wchar_t [53], <error type>)' ba─ş─▒ms─▒z de─şi┼şken listesi e┼şlenmeye ├ğal─▒┼ş─▒l─▒rken
  
C:\ShadowStrike\ShadowStrike\src\Shared_modules\Core\Engine\ZeroDayDetector.cpp(339,33): error C2382: 'ShadowStrike::Core::Engine::ZeroDayDetector::Shutdown': yeniden tan─▒mlama; ├Âzel durum ├Âzellikleri farkl─▒ [C:\ShadowStrike\ShadowStrike\ShadowStrike.vcxproj]
  ('/src/Shared_modules/Core/Engine/ZeroDayDetector.cpp' kaynak dosyas─▒ derleniyor)
      C:\ShadowStrike\ShadowStrike\src\Shared_modules\Core\Engine\ZeroDayDetector.hpp(580,10):
      'ShadowStrike::Core::Engine::ZeroDayDetector::Shutdown' bildirimine bak─▒n
  
C:\ShadowStrike\ShadowStrike\src\Shared_modules\Core\Engine\ZeroDayDetector.cpp(341,35): error C2065: 'm_mutex': bildirimi yap─▒lmam─▒┼ş tan─▒mlay─▒c─▒ [C:\ShadowStrike\ShadowStrike\ShadowStrike.vcxproj]
  ('/src/Shared_modules/Core/Engine/ZeroDayDetector.cpp' kaynak dosyas─▒ derleniyor)
  
C:\ShadowStrike\ShadowStrike\src\Shared_modules\Core\Engine\ZeroDayDetector.cpp(341,34): error C2641: 'std::unique_lock' i├ğin ┼şablon ba─ş─▒ms─▒z de─şi┼şkenleri ├ğ─▒kar─▒lam─▒yor [C:\ShadowStrike\ShadowStrike\ShadowStrike.vcxproj]
  ('/src/Shared_modules/Core/Engine/ZeroDayDetector.cpp' kaynak dosyas─▒ derleniyor)
  
C:\ShadowStrike\ShadowStrike\src\Shared_modules\Core\Engine\ZeroDayDetector.cpp(343,18): error C2065: 'm_initialized': bildirimi yap─▒lmam─▒┼ş tan─▒mlay─▒c─▒ [C:\ShadowStrike\ShadowStrike\ShadowStrike.vcxproj]
  ('/src/Shared_modules/Core/Engine/ZeroDayDetector.cpp' kaynak dosyas─▒ derleniyor)
  
C:\ShadowStrike\ShadowStrike\src\Shared_modules\Core\Engine\ZeroDayDetector.cpp(347,28): error C2664: 'void ShadowStrike::Utils::Logger::Info(const char *)' : 1 ba─ş─▒ms─▒z de─şi┼şkeni 'const wchar_t [34]' de─şerinden 'const char *' de─şerine d├Ân├╝┼şt├╝r├╝lemez [C:\ShadowStrike\ShadowStrike\ShadowStrike.vcxproj]
  ('/src/Shared_modules/Core/Engine/ZeroDayDetector.cpp' kaynak dosyas─▒ derleniyor)
      C:\ShadowStrike\ShadowStrike\src\Shared_modules\Core\Engine\ZeroDayDetector.cpp(347,33):
      ─░┼şaretlenen t├╝rler ilgisiz; d├Ân├╝┼şt├╝rme reinterpret_cast, C stili t├╝r d├Ân├╝┼şt├╝rme veya parantez i├ğine al─▒nm─▒┼ş i┼şlev stili t├╝r d├Ân├╝┼şt├╝rme gerektiriyor
      C:\ShadowStrike\ShadowStrike\src\Shared_modules\Utils\Logger.hpp(265,16):
      'ShadowStrike::Utils::Logger::Info' bildirimine bak─▒n
      C:\ShadowStrike\ShadowStrike\src\Shared_modules\Utils\Logger.hpp(282,16):
      'void ShadowStrike::Utils::Logger::Info(std::basic_format_string<char,type_identity<_Args>::type...>,Args ...)' olabilirdi
          C:\ShadowStrike\ShadowStrike\src\Shared_modules\Core\Engine\ZeroDayDetector.cpp(347,28):
          ili┼şkili k─▒s─▒tlamalar kar┼ş─▒lanmad─▒
              C:\ShadowStrike\ShadowStrike\src\Shared_modules\Utils\Logger.hpp(281,57):
              k─▒s─▒tlama yerine getirilmedi
      C:\ShadowStrike\ShadowStrike\src\Shared_modules\Core\Engine\ZeroDayDetector.cpp(347,28):
      '(const wchar_t [34])' ba─ş─▒ms─▒z de─şi┼şken listesi e┼şlenmeye ├ğal─▒┼ş─▒l─▒rken
  
C:\ShadowStrike\ShadowStrike\src\Shared_modules\Core\Engine\ZeroDayDetector.cpp(349,13): error C2065: 'm_shellcodePatterns': bildirimi yap─▒lmam─▒┼ş tan─▒mlay─▒c─▒ [C:\ShadowStrike\ShadowStrike\ShadowStrike.vcxproj]
  ('/src/Shared_modules/Core/Engine/ZeroDayDetector.cpp' kaynak dosyas─▒ derleniyor)
  
C:\ShadowStrike\ShadowStrike\src\Shared_modules\Core\Engine\ZeroDayDetector.cpp(350,13): error C2065: 'm_cveDatabase': bildirimi yap─▒lmam─▒┼ş tan─▒mlay─▒c─▒ [C:\ShadowStrike\ShadowStrike\ShadowStrike.vcxproj]
  ('/src/Shared_modules/Core/Engine/ZeroDayDetector.cpp' kaynak dosyas─▒ derleniyor)
  
C:\ShadowStrike\ShadowStrike\src\Shared_modules\Core\Engine\ZeroDayDetector.cpp(352,28): error C2664: 'void ShadowStrike::Utils::Logger::Info(const char *)' : 1 ba─ş─▒ms─▒z de─şi┼şkeni 'const wchar_t [35]' de─şerinden 'const char *' de─şerine d├Ân├╝┼şt├╝r├╝lemez [C:\ShadowStrike\ShadowStrike\ShadowStrike.vcxproj]
  ('/src/Shared_modules/Core/Engine/ZeroDayDetector.cpp' kaynak dosyas─▒ derleniyor)
      C:\ShadowStrike\ShadowStrike\src\Shared_modules\Core\Engine\ZeroDayDetector.cpp(352,33):
      ─░┼şaretlenen t├╝rler ilgisiz; d├Ân├╝┼şt├╝rme reinterpret_cast, C stili t├╝r d├Ân├╝┼şt├╝rme veya parantez i├ğine al─▒nm─▒┼ş i┼şlev stili t├╝r d├Ân├╝┼şt├╝rme gerektiriyor
      C:\ShadowStrike\ShadowStrike\src\Shared_modules\Utils\Logger.hpp(265,16):
      'ShadowStrike::Utils::Logger::Info' bildirimine bak─▒n
      C:\ShadowStrike\ShadowStrike\src\Shared_modules\Utils\Logger.hpp(282,16):
      'void ShadowStrike::Utils::Logger::Info(std::basic_format_string<char,type_identity<_Args>::type...>,Args ...)' olabilirdi
          C:\ShadowStrike\ShadowStrike\src\Shared_modules\Core\Engine\ZeroDayDetector.cpp(352,28):
          ili┼şkili k─▒s─▒tlamalar kar┼ş─▒lanmad─▒
              C:\ShadowStrike\ShadowStrike\src\Shared_modules\Utils\Logger.hpp(281,57):
              k─▒s─▒tlama yerine getirilmedi
      C:\ShadowStrike\ShadowStrike\src\Shared_modules\Core\Engine\ZeroDayDetector.cpp(352,28):
      '(const wchar_t [35])' ba─ş─▒ms─▒z de─şi┼şken listesi e┼şlenmeye ├ğal─▒┼ş─▒l─▒rken
  
C:\ShadowStrike\ShadowStrike\src\Shared_modules\Core\Engine\ZeroDayDetector.cpp(354,28): error C2664: 'void ShadowStrike::Utils::Logger::Error(const char *)' : 1 ba─ş─▒ms─▒z de─şi┼şkeni 'const wchar_t [43]' de─şerinden 'const char *' de─şerine d├Ân├╝┼şt├╝r├╝lemez [C:\ShadowStrike\ShadowStrike\ShadowStrike.vcxproj]
  ('/src/Shared_modules/Core/Engine/ZeroDayDetector.cpp' kaynak dosyas─▒ derleniyor)
      C:\ShadowStrike\ShadowStrike\src\Shared_modules\Core\Engine\ZeroDayDetector.cpp(354,34):
      ─░┼şaretlenen t├╝rler ilgisiz; d├Ân├╝┼şt├╝rme reinterpret_cast, C stili t├╝r d├Ân├╝┼şt├╝rme veya parantez i├ğine al─▒nm─▒┼ş i┼şlev stili t├╝r d├Ân├╝┼şt├╝rme gerektiriyor
      C:\ShadowStrike\ShadowStrike\src\Shared_modules\Utils\Logger.hpp(263,16):
      'ShadowStrike::Utils::Logger::Error' bildirimine bak─▒n
      C:\ShadowStrike\ShadowStrike\src\Shared_modules\Utils\Logger.hpp(274,16):
      'void ShadowStrike::Utils::Logger::Error(std::basic_format_string<char,type_identity<_Args>::type...>,Args ...)' olabilirdi
          C:\ShadowStrike\ShadowStrike\src\Shared_modules\Core\Engine\ZeroDayDetector.cpp(354,28):
          ili┼şkili k─▒s─▒tlamalar kar┼ş─▒lanmad─▒
              C:\ShadowStrike\ShadowStrike\src\Shared_modules\Utils\Logger.hpp(273,57):
              k─▒s─▒tlama yerine getirilmedi
      C:\ShadowStrike\ShadowStrike\src\Shared_modules\Core\Engine\ZeroDayDetector.cpp(354,28):
      '(const wchar_t [43])' ba─ş─▒ms─▒z de─şi┼şken listesi e┼şlenmeye ├ğal─▒┼ş─▒l─▒rken
  
C:\ShadowStrike\ShadowStrike\src\Shared_modules\Core\Engine\ZeroDayDetector.cpp(358,27): error C3083: 'Impl': '::' i┼şlecinin sonundaki simge bir t├╝r olmal─▒d─▒r [C:\ShadowStrike\ShadowStrike\ShadowStrike.vcxproj]
  ('/src/Shared_modules/Core/Engine/ZeroDayDetector.cpp' kaynak dosyas─▒ derleniyor)
  
C:\ShadowStrike\ShadowStrike\src\Shared_modules\Core\Engine\ZeroDayDetector.cpp(358,33): error C2039: 'InitializePatterns': bir 'ShadowStrike::Core::Engine::ZeroDayDetector' ├╝yesi de─şil [C:\ShadowStrike\ShadowStrike\ShadowStrike.vcxproj]
  ('/src/Shared_modules/Core/Engine/ZeroDayDetector.cpp' kaynak dosyas─▒ derleniyor)
      C:\ShadowStrike\ShadowStrike\src\Shared_modules\Core\Engine\ZeroDayDetector.hpp(565,7):
      'ShadowStrike::Core::Engine::ZeroDayDetector' bildirimine bak─▒n
  
C:\ShadowStrike\ShadowStrike\src\Shared_modules\Core\Engine\ZeroDayDetector.cpp(363,13): error C2065: 'ShellcodePattern': bildirimi yap─▒lmam─▒┼ş tan─▒mlay─▒c─▒ [C:\ShadowStrike\ShadowStrike\ShadowStrike.vcxproj]
  ('/src/Shared_modules/Core/Engine/ZeroDayDetector.cpp' kaynak dosyas─▒ derleniyor)
  
C:\ShadowStrike\ShadowStrike\src\Shared_modules\Core\Engine\ZeroDayDetector.cpp(363,30): error C2146: s├Âzdizimi hatas─▒: ';' eksik ('meterpreter' tan─▒mlay─▒c─▒s─▒ndan ├Ânce) [C:\ShadowStrike\ShadowStrike\ShadowStrike.vcxproj]
  ('/src/Shared_modules/Core/Engine/ZeroDayDetector.cpp' kaynak dosyas─▒ derleniyor)
  
C:\ShadowStrike\ShadowStrike\src\Shared_modules\Core\Engine\ZeroDayDetector.cpp(363,30): error C2065: 'meterpreter': bildirimi yap─▒lmam─▒┼ş tan─▒mlay─▒c─▒ [C:\ShadowStrike\ShadowStrike\ShadowStrike.vcxproj]
  ('/src/Shared_modules/Core/Engine/ZeroDayDetector.cpp' kaynak dosyas─▒ derleniyor)
  
C:\ShadowStrike\ShadowStrike\src\Shared_modules\Core\Engine\ZeroDayDetector.cpp(364,13): error C2065: 'meterpreter': bildirimi yap─▒lmam─▒┼ş tan─▒mlay─▒c─▒ [C:\ShadowStrike\ShadowStrike\ShadowStrike.vcxproj]
  ('/src/Shared_modules/Core/Engine/ZeroDayDetector.cpp' kaynak dosyas─▒ derleniyor)
  
C:\ShadowStrike\ShadowStrike\src\Shared_modules\Core\Engine\ZeroDayDetector.cpp(365,13): error C2065: 'meterpreter': bildirimi yap─▒lmam─▒┼ş tan─▒mlay─▒c─▒ [C:\ShadowStrike\ShadowStrike\ShadowStrike.vcxproj]
  ('/src/Shared_modules/Core/Engine/ZeroDayDetector.cpp' kaynak dosyas─▒ derleniyor)
  
C:\ShadowStrike\ShadowStrike\src\Shared_modules\Core\Engine\ZeroDayDetector.cpp(366,13): error C2065: 'meterpreter': bildirimi yap─▒lmam─▒┼ş tan─▒mlay─▒c─▒ [C:\ShadowStrike\ShadowStrike\ShadowStrike.vcxproj]
  ('/src/Shared_modules/Core/Engine/ZeroDayDetector.cpp' kaynak dosyas─▒ derleniyor)
  
C:\ShadowStrike\ShadowStrike\src\Shared_modules\Core\Engine\ZeroDayDetector.cpp(367,13): error C2065: 'meterpreter': bildirimi yap─▒lmam─▒┼ş tan─▒mlay─▒c─▒ [C:\ShadowStrike\ShadowStrike\ShadowStrike.vcxproj]
  ('/src/Shared_modules/Core/Engine/ZeroDayDetector.cpp' kaynak dosyas─▒ derleniyor)
  
C:\ShadowStrike\ShadowStrike\src\Shared_modules\Core\Engine\ZeroDayDetector.cpp(368,13): error C2065: 'm_shellcodePatterns': bildirimi yap─▒lmam─▒┼ş tan─▒mlay─▒c─▒ [C:\ShadowStrike\ShadowStrike\ShadowStrike.vcxproj]
  ('/src/Shared_modules/Core/Engine/ZeroDayDetector.cpp' kaynak dosyas─▒ derleniyor)
  
C:\ShadowStrike\ShadowStrike\src\Shared_modules\Core\Engine\ZeroDayDetector.cpp(368,43): error C2065: 'meterpreter': bildirimi yap─▒lmam─▒┼ş tan─▒mlay─▒c─▒ [C:\ShadowStrike\ShadowStrike\ShadowStrike.vcxproj]
  ('/src/Shared_modules/Core/Engine/ZeroDayDetector.cpp' kaynak dosyas─▒ derleniyor)
  
  DDosProtection.cpp
C:\ShadowStrike\ShadowStrike\src\Shared_modules\Core\Engine\ZeroDayDetector.cpp(371,13): error C2065: 'ShellcodePattern': bildirimi yap─▒lmam─▒┼ş tan─▒mlay─▒c─▒ [C:\ShadowStrike\ShadowStrike\ShadowStrike.vcxproj]
  ('/src/Shared_modules/Core/Engine/ZeroDayDetector.cpp' kaynak dosyas─▒ derleniyor)
  
C:\ShadowStrike\ShadowStrike\src\Shared_modules\Core\Engine\ZeroDayDetector.cpp(371,30): error C2146: s├Âzdizimi hatas─▒: ';' eksik ('reverseShell' tan─▒mlay─▒c─▒s─▒ndan ├Ânce) [C:\ShadowStrike\ShadowStrike\ShadowStrike.vcxproj]
  ('/src/Shared_modules/Core/Engine/ZeroDayDetector.cpp' kaynak dosyas─▒ derleniyor)
  
C:\ShadowStrike\ShadowStrike\src\Shared_modules\Core\Engine\ZeroDayDetector.cpp(371,30): error C2065: 'reverseShell': bildirimi yap─▒lmam─▒┼ş tan─▒mlay─▒c─▒ [C:\ShadowStrike\ShadowStrike\ShadowStrike.vcxproj]
  ('/src/Shared_modules/Core/Engine/ZeroDayDetector.cpp' kaynak dosyas─▒ derleniyor)
  
C:\ShadowStrike\ShadowStrike\src\Shared_modules\Core\Engine\ZeroDayDetector.cpp(372,13): error C2065: 'reverseShell': bildirimi yap─▒lmam─▒┼ş tan─▒mlay─▒c─▒ [C:\ShadowStrike\ShadowStrike\ShadowStrike.vcxproj]
  ('/src/Shared_modules/Core/Engine/ZeroDayDetector.cpp' kaynak dosyas─▒ derleniyor)
  
C:\ShadowStrike\ShadowStrike\src\Shared_modules\Core\Engine\ZeroDayDetector.cpp(373,13): error C2065: 'reverseShell': bildirimi yap─▒lmam─▒┼ş tan─▒mlay─▒c─▒ [C:\ShadowStrike\ShadowStrike\ShadowStrike.vcxproj]
  ('/src/Shared_modules/Core/Engine/ZeroDayDetector.cpp' kaynak dosyas─▒ derleniyor)
  
C:\ShadowStrike\ShadowStrike\src\Shared_modules\Core\Engine\ZeroDayDetector.cpp(373,48): error C2838: 'ReverseShell': ├╝ye bildiriminde ge├ğersiz tam ad [C:\ShadowStrike\ShadowStrike\ShadowStrike.vcxproj]
  ('/src/Shared_modules/Core/Engine/ZeroDayDetector.cpp' kaynak dosyas─▒ derleniyor)
  
C:\ShadowStrike\ShadowStrike\src\Shared_modules\Core\Engine\ZeroDayDetector.cpp(373,48): error C2065: 'ReverseShell': bildirimi yap─▒lmam─▒┼ş tan─▒mlay─▒c─▒ [C:\ShadowStrike\ShadowStrike\ShadowStrike.vcxproj]
  ('/src/Shared_modules/Core/Engine/ZeroDayDetector.cpp' kaynak dosyas─▒ derleniyor)
  
C:\ShadowStrike\ShadowStrike\src\Shared_modules\Core\Engine\ZeroDayDetector.cpp(374,13): error C2065: 'reverseShell': bildirimi yap─▒lmam─▒┼ş tan─▒mlay─▒c─▒ [C:\ShadowStrike\ShadowStrike\ShadowStrike.vcxproj]
  ('/src/Shared_modules/Core/Engine/ZeroDayDetector.cpp' kaynak dosyas─▒ derleniyor)
  
C:\ShadowStrike\ShadowStrike\src\Shared_modules\Core\Engine\ZeroDayDetector.cpp(375,13): error C2065: 'reverseShell': bildirimi yap─▒lmam─▒┼ş tan─▒mlay─▒c─▒ [C:\ShadowStrike\ShadowStrike\ShadowStrike.vcxproj]
  ('/src/Shared_modules/Core/Engine/ZeroDayDetector.cpp' kaynak dosyas─▒ derleniyor)
  
C:\ShadowStrike\ShadowStrike\src\Shared_modules\Core\Engine\ZeroDayDetector.cpp(376,13): error C2065: 'm_shellcodePatterns': bildirimi yap─▒lmam─▒┼ş tan─▒mlay─▒c─▒ [C:\ShadowStrike\ShadowStrike\ShadowStrike.vcxproj]
  ('/src/Shared_modules/Core/Engine/ZeroDayDetector.cpp' kaynak dosyas─▒ derleniyor)
  
C:\ShadowStrike\ShadowStrike\src\Shared_modules\Core\Engine\ZeroDayDetector.cpp(376,43): error C2065: 'reverseShell': bildirimi yap─▒lmam─▒┼ş tan─▒mlay─▒c─▒ [C:\ShadowStrike\ShadowStrike\ShadowStrike.vcxproj]
  ('/src/Shared_modules/Core/Engine/ZeroDayDetector.cpp' kaynak dosyas─▒ derleniyor)
  
C:\ShadowStrike\ShadowStrike\src\Shared_modules\Core\Engine\ZeroDayDetector.cpp(379,13): error C2065: 'ShellcodePattern': bildirimi yap─▒lmam─▒┼ş tan─▒mlay─▒c─▒ [C:\ShadowStrike\ShadowStrike\ShadowStrike.vcxproj]
  ('/src/Shared_modules/Core/Engine/ZeroDayDetector.cpp' kaynak dosyas─▒ derleniyor)
  
C:\ShadowStrike\ShadowStrike\src\Shared_modules\Core\Engine\ZeroDayDetector.cpp(379,30): error C2146: s├Âzdizimi hatas─▒: ';' eksik ('bindShell' tan─▒mlay─▒c─▒s─▒ndan ├Ânce) [C:\ShadowStrike\ShadowStrike\ShadowStrike.vcxproj]
  ('/src/Shared_modules/Core/Engine/ZeroDayDetector.cpp' kaynak dosyas─▒ derleniyor)
  
C:\ShadowStrike\ShadowStrike\src\Shared_modules\Core\Engine\ZeroDayDetector.cpp(379,30): error C2065: 'bindShell': bildirimi yap─▒lmam─▒┼ş tan─▒mlay─▒c─▒ [C:\ShadowStrike\ShadowStrike\ShadowStrike.vcxproj]
  ('/src/Shared_modules/Core/Engine/ZeroDayDetector.cpp' kaynak dosyas─▒ derleniyor)
  
C:\ShadowStrike\ShadowStrike\src\Shared_modules\Core\Engine\ZeroDayDetector.cpp(380,13): error C2065: 'bindShell': bildirimi yap─▒lmam─▒┼ş tan─▒mlay─▒c─▒ [C:\ShadowStrike\ShadowStrike\ShadowStrike.vcxproj]
  ('/src/Shared_modules/Core/Engine/ZeroDayDetector.cpp' kaynak dosyas─▒ derleniyor)
  
C:\ShadowStrike\ShadowStrike\src\Shared_modules\Core\Engine\ZeroDayDetector.cpp(381,13): error C2065: 'bindShell': bildirimi yap─▒lmam─▒┼ş tan─▒mlay─▒c─▒ [C:\ShadowStrike\ShadowStrike\ShadowStrike.vcxproj]
  ('/src/Shared_modules/Core/Engine/ZeroDayDetector.cpp' kaynak dosyas─▒ derleniyor)
  
C:\ShadowStrike\ShadowStrike\src\Shared_modules\Core\Engine\ZeroDayDetector.cpp(382,13): error C2065: 'bindShell': bildirimi yap─▒lmam─▒┼ş tan─▒mlay─▒c─▒ [C:\ShadowStrike\ShadowStrike\ShadowStrike.vcxproj]
  ('/src/Shared_modules/Core/Engine/ZeroDayDetector.cpp' kaynak dosyas─▒ derleniyor)
  
C:\ShadowStrike\ShadowStrike\src\Shared_modules\Core\Engine\ZeroDayDetector.cpp(383,13): error C2065: 'bindShell': bildirimi yap─▒lmam─▒┼ş tan─▒mlay─▒c─▒ [C:\ShadowStrike\ShadowStrike\ShadowStrike.vcxproj]
  ('/src/Shared_modules/Core/Engine/ZeroDayDetector.cpp' kaynak dosyas─▒ derleniyor)
  
C:\ShadowStrike\ShadowStrike\src\Shared_modules\Core\Engine\ZeroDayDetector.cpp(384,13): error C2065: 'm_shellcodePatterns': bildirimi yap─▒lmam─▒┼ş tan─▒mlay─▒c─▒ [C:\ShadowStrike\ShadowStrike\ShadowStrike.vcxproj]
  ('/src/Shared_modules/Core/Engine/ZeroDayDetector.cpp' kaynak dosyas─▒ derleniyor)
  
C:\ShadowStrike\ShadowStrike\src\Shared_modules\Core\Engine\ZeroDayDetector.cpp(384,13): error C1003: hata say─▒s─▒ 100 taneyi a┼şt─▒; derleme durduruluyor [C:\ShadowStrike\ShadowStrike\ShadowStrike.vcxproj]
  ('/src/Shared_modules/Core/Engine/ZeroDayDetector.cpp' kaynak dosyas─▒ derleniyor)
  
C:\ShadowStrike\ShadowStrike\src\Shared_modules\Core\FileSystem\DirectoryMonitor.cpp(416,44): error C2653: 'fs': bir s─▒n─▒f veya ad alan─▒ ad─▒ de─şil [C:\ShadowStrike\ShadowStrike\ShadowStrike.vcxproj]
  ('/src/Shared_modules/Core/FileSystem/DirectoryMonitor.cpp' kaynak dosyas─▒ derleniyor)
  
C:\ShadowStrike\ShadowStrike\src\Shared_modules\Core\FileSystem\DirectoryMonitor.cpp(416,48): error C3861: 'path': tan─▒mlay─▒c─▒ bulunamad─▒ [C:\ShadowStrike\ShadowStrike\ShadowStrike.vcxproj]
  ('/src/Shared_modules/Core/FileSystem/DirectoryMonitor.cpp' kaynak dosyas─▒ derleniyor)
  
C:\ShadowStrike\ShadowStrike\src\Shared_modules\Core\FileSystem\DirectoryMonitor.cpp(416,43): error C2451: 'ShadowStrike::Whitelist::LookupResult' t├╝r├╝ndeki ko┼şullu ifade ge├ğerli de─şil [C:\ShadowStrike\ShadowStrike\ShadowStrike.vcxproj]
  ('/src/Shared_modules/Core/FileSystem/DirectoryMonitor.cpp' kaynak dosyas─▒ derleniyor)
      C:\ShadowStrike\ShadowStrike\src\Shared_modules\Core\FileSystem\DirectoryMonitor.cpp(416,43):
      Bu d├Ân├╝┼şt├╝rmeyi ger├ğekle┼ştirecek kullan─▒c─▒ tan─▒ml─▒ d├Ân├╝┼şt├╝rme i┼şleci yok veya i┼şle├ğ ├ğa─şr─▒lam─▒yor
  
C:\ShadowStrike\ShadowStrike\src\Shared_modules\Core\Engine\MachineLearningDetector.cpp(1231,16): warning C4834: [[nodiscard]] ├Âzniteli─şine sahip i┼şlevin d├Ân├╝┼ş de─şerinin at─▒lmas─▒ [C:\ShadowStrike\ShadowStrike\ShadowStrike.vcxproj]
  ('/src/Shared_modules/Core/Engine/MachineLearningDetector.cpp' kaynak dosyas─▒ derleniyor)
  
C:\ShadowStrike\ShadowStrike\src\Shared_modules\Core\Engine\MachineLearningDetector.cpp(1238,24): error C2665: 'ShadowStrike::Utils::Logger::Info': hi├ğbir a┼ş─▒r─▒ y├╝klenmi┼ş i┼şlev t├╝m arg├╝man t├╝rlerini d├Ân├╝┼şt├╝remez [C:\ShadowStrike\ShadowStrike\ShadowStrike.vcxproj]
  ('/src/Shared_modules/Core/Engine/MachineLearningDetector.cpp' kaynak dosyas─▒ derleniyor)
      C:\ShadowStrike\ShadowStrike\src\Shared_modules\Utils\Logger.hpp(282,16):
      'void ShadowStrike::Utils::Logger::Info<float&>(std::basic_format_string<char,float &>,float &)' olabilirdi
          C:\ShadowStrike\ShadowStrike\src\Shared_modules\Core\Engine\MachineLearningDetector.cpp(1238,24):
          'void ShadowStrike::Utils::Logger::Info<float&>(std::basic_format_string<char,float &>,float &)' : 1 ba─ş─▒ms─▒z de─şi┼şkeni 'const wchar_t [57]' de─şerinden 'std::basic_format_string<char,float &>' de─şerine d├Ân├╝┼şt├╝r├╝lemez
              C:\ShadowStrike\ShadowStrike\src\Shared_modules\Core\Engine\MachineLearningDetector.cpp(1238,29):
              'std::basic_format_string<char,float &>::basic_format_string': hi├ğbir a┼ş─▒r─▒ y├╝klenmi┼ş i┼şlev t├╝m arg├╝man t├╝rlerini d├Ân├╝┼şt├╝remez
                  C:\Program Files\Microsoft Visual Studio\2022\Community\VC\Tools\MSVC\14.44.35207\include\format(2867,1):
                  'std::basic_format_string<char,float &>::basic_format_string(std::basic_format_string<char,float &> &&)' olabilirdi
                      C:\ShadowStrike\ShadowStrike\src\Shared_modules\Core\Engine\MachineLearningDetector.cpp(1238,29):
                      'std::basic_format_string<char,float &>::basic_format_string(std::basic_format_string<char,float &> &&)' : 1 ba─ş─▒ms─▒z de─şi┼şkeni 'const wchar_t [57]' de─şerinden 'std::basic_format_string<char,float &> &&' de─şerine d├Ân├╝┼şt├╝r├╝lemez
                          C:\ShadowStrike\ShadowStrike\src\Shared_modules\Core\Engine\MachineLearningDetector.cpp(1238,29):
                          Nedeni: 'const wchar_t [57]' de─şerinden 'std::basic_format_string<char,float &>' de─şerine d├Ân├╝┼şt├╝r├╝lemez
                          C:\ShadowStrike\ShadowStrike\src\Shared_modules\Core\Engine\MachineLearningDetector.cpp(1238,29):
                          D├Ân├╝┼şt├╝rme ikinci bir kullan─▒c─▒ tan─▒ml─▒ d├Ân├╝┼şt├╝rme i┼şleci veya olu┼şturucu gerektiriyor
                  C:\Program Files\Microsoft Visual Studio\2022\Community\VC\Tools\MSVC\14.44.35207\include\format(2867,1):
                  veya       'std::basic_format_string<char,float &>::basic_format_string(const std::basic_format_string<char,float &> &)'
                      C:\ShadowStrike\ShadowStrike\src\Shared_modules\Core\Engine\MachineLearningDetector.cpp(1238,29):
                      'std::basic_format_string<char,float &>::basic_format_string(const std::basic_format_string<char,float &> &)' : 1 ba─ş─▒ms─▒z de─şi┼şkeni 'const wchar_t [57]' de─şerinden 'const std::basic_format_string<char,float &> &' de─şerine d├Ân├╝┼şt├╝r├╝lemez
                          C:\ShadowStrike\ShadowStrike\src\Shared_modules\Core\Engine\MachineLearningDetector.cpp(1238,29):
                          Nedeni: 'const wchar_t [57]' de─şerinden 'const std::basic_format_string<char,float &>' de─şerine d├Ân├╝┼şt├╝r├╝lemez
                          C:\ShadowStrike\ShadowStrike\src\Shared_modules\Core\Engine\MachineLearningDetector.cpp(1238,29):
                          D├Ân├╝┼şt├╝rme ikinci bir kullan─▒c─▒ tan─▒ml─▒ d├Ân├╝┼şt├╝rme i┼şleci veya olu┼şturucu gerektiriyor
                  C:\Program Files\Microsoft Visual Studio\2022\Community\VC\Tools\MSVC\14.44.35207\include\format(2850,5):
                  veya       'std::basic_format_string<char,float &>::basic_format_string(const _Ty &)'
                  C:\ShadowStrike\ShadowStrike\src\Shared_modules\Core\Engine\MachineLearningDetector.cpp(1238,29):
                  '(const wchar_t [57])' ba─ş─▒ms─▒z de─şi┼şken listesi e┼şlenmeye ├ğal─▒┼ş─▒l─▒rken
      C:\ShadowStrike\ShadowStrike\src\Shared_modules\Core\Engine\MachineLearningDetector.cpp(1238,24):
      '(const wchar_t [57], float)' ba─ş─▒ms─▒z de─şi┼şken listesi e┼şlenmeye ├ğal─▒┼ş─▒l─▒rken
  
C:\ShadowStrike\ShadowStrike\src\Shared_modules\Core\Engine\MachineLearningDetector.cpp(1290,24): error C2665: 'ShadowStrike::Utils::Logger::Info': hi├ğbir a┼ş─▒r─▒ y├╝klenmi┼ş i┼şlev t├╝m arg├╝man t├╝rlerini d├Ân├╝┼şt├╝remez [C:\ShadowStrike\ShadowStrike\ShadowStrike.vcxproj]
  ('/src/Shared_modules/Core/Engine/MachineLearningDetector.cpp' kaynak dosyas─▒ derleniyor)
      C:\ShadowStrike\ShadowStrike\src\Shared_modules\Utils\Logger.hpp(282,16):
      'void ShadowStrike::Utils::Logger::Info<unsigned __int64>(std::basic_format_string<char,unsigned __int64>,unsigned __int64 &&)' olabilirdi
          C:\ShadowStrike\ShadowStrike\src\Shared_modules\Core\Engine\MachineLearningDetector.cpp(1290,24):
          'void ShadowStrike::Utils::Logger::Info<unsigned __int64>(std::basic_format_string<char,unsigned __int64>,unsigned __int64 &&)' : 1 ba─ş─▒ms─▒z de─şi┼şkeni 'const wchar_t [67]' de─şerinden 'std::basic_format_string<char,unsigned __int64>' de─şerine d├Ân├╝┼şt├╝r├╝lemez
              C:\ShadowStrike\ShadowStrike\src\Shared_modules\Core\Engine\MachineLearningDetector.cpp(1290,29):
              'std::basic_format_string<char,unsigned __int64>::basic_format_string': hi├ğbir a┼ş─▒r─▒ y├╝klenmi┼ş i┼şlev t├╝m arg├╝man t├╝rlerini d├Ân├╝┼şt├╝remez
                  C:\Program Files\Microsoft Visual Studio\2022\Community\VC\Tools\MSVC\14.44.35207\include\format(2867,1):
                  'std::basic_format_string<char,unsigned __int64>::basic_format_string(std::basic_format_string<char,unsigned __int64> &&)' olabilirdi
                      C:\ShadowStrike\ShadowStrike\src\Shared_modules\Core\Engine\MachineLearningDetector.cpp(1290,29):
                      'std::basic_format_string<char,unsigned __int64>::basic_format_string(std::basic_format_string<char,unsigned __int64> &&)' : 1 ba─ş─▒ms─▒z de─şi┼şkeni 'const wchar_t [67]' de─şerinden 'std::basic_format_string<char,unsigned __int64> &&' de─şerine d├Ân├╝┼şt├╝r├╝lemez
                          C:\ShadowStrike\ShadowStrike\src\Shared_modules\Core\Engine\MachineLearningDetector.cpp(1290,29):
                          Nedeni: 'const wchar_t [67]' de─şerinden 'std::basic_format_string<char,unsigned __int64>' de─şerine d├Ân├╝┼şt├╝r├╝lemez
                          C:\ShadowStrike\ShadowStrike\src\Shared_modules\Core\Engine\MachineLearningDetector.cpp(1290,29):
                          D├Ân├╝┼şt├╝rme ikinci bir kullan─▒c─▒ tan─▒ml─▒ d├Ân├╝┼şt├╝rme i┼şleci veya olu┼şturucu gerektiriyor
                  C:\Program Files\Microsoft Visual Studio\2022\Community\VC\Tools\MSVC\14.44.35207\include\format(2867,1):
                  veya       'std::basic_format_string<char,unsigned __int64>::basic_format_string(const std::basic_format_string<char,unsigned __int64> &)'
                      C:\ShadowStrike\ShadowStrike\src\Shared_modules\Core\Engine\MachineLearningDetector.cpp(1290,29):
                      'std::basic_format_string<char,unsigned __int64>::basic_format_string(const std::basic_format_string<char,unsigned __int64> &)' : 1 ba─ş─▒ms─▒z de─şi┼şkeni 'const wchar_t [67]' de─şerinden 'const std::basic_format_string<char,unsigned __int64> &' de─şerine d├Ân├╝┼şt├╝r├╝lemez
                          C:\ShadowStrike\ShadowStrike\src\Shared_modules\Core\Engine\MachineLearningDetector.cpp(1290,29):
                          Nedeni: 'const wchar_t [67]' de─şerinden 'const std::basic_format_string<char,unsigned __int64>' de─şerine d├Ân├╝┼şt├╝r├╝lemez
                          C:\ShadowStrike\ShadowStrike\src\Shared_modules\Core\Engine\MachineLearningDetector.cpp(1290,29):
                          D├Ân├╝┼şt├╝rme ikinci bir kullan─▒c─▒ tan─▒ml─▒ d├Ân├╝┼şt├╝rme i┼şleci veya olu┼şturucu gerektiriyor
                  C:\Program Files\Microsoft Visual Studio\2022\Community\VC\Tools\MSVC\14.44.35207\include\format(2850,5):
                  veya       'std::basic_format_string<char,unsigned __int64>::basic_format_string(const _Ty &)'
                  C:\ShadowStrike\ShadowStrike\src\Shared_modules\Core\Engine\MachineLearningDetector.cpp(1290,29):
                  '(const wchar_t [67])' ba─ş─▒ms─▒z de─şi┼şken listesi e┼şlenmeye ├ğal─▒┼ş─▒l─▒rken
      C:\ShadowStrike\ShadowStrike\src\Shared_modules\Core\Engine\MachineLearningDetector.cpp(1290,24):
      '(const wchar_t [67], unsigned __int64)' ba─ş─▒ms─▒z de─şi┼şken listesi e┼şlenmeye ├ğal─▒┼ş─▒l─▒rken
  
C:\ShadowStrike\ShadowStrike\src\Shared_modules\Core\Engine\MachineLearningDetector.cpp(1296,49): error C2039: 'Utf8ToWide': bir 'ShadowStrike::Utils::StringUtils' ├╝yesi de─şil [C:\ShadowStrike\ShadowStrike\ShadowStrike.vcxproj]
  ('/src/Shared_modules/Core/Engine/MachineLearningDetector.cpp' kaynak dosyas─▒ derleniyor)
      C:\ShadowStrike\ShadowStrike\src\Shared_modules\Utils\StringUtils.hpp(63,19):
      'ShadowStrike::Utils::StringUtils' bildirimine bak─▒n
  
C:\ShadowStrike\ShadowStrike\src\Shared_modules\Core\Engine\MachineLearningDetector.cpp(1296,49): error C3861: 'Utf8ToWide': tan─▒mlay─▒c─▒ bulunamad─▒ [C:\ShadowStrike\ShadowStrike\ShadowStrike.vcxproj]
  ('/src/Shared_modules/Core/Engine/MachineLearningDetector.cpp' kaynak dosyas─▒ derleniyor)
  
C:\ShadowStrike\ShadowStrike\src\Shared_modules\Core\Engine\MachineLearningDetector.cpp(1295,24): error C2660: 'ShadowStrike::Utils::Logger::Error': i┼şlev 2 ba─ş─▒ms─▒z de─şi┼şken alm─▒yor [C:\ShadowStrike\ShadowStrike\ShadowStrike.vcxproj]
  ('/src/Shared_modules/Core/Engine/MachineLearningDetector.cpp' kaynak dosyas─▒ derleniyor)
      C:\ShadowStrike\ShadowStrike\src\Shared_modules\Utils\Logger.hpp(263,16):
      'ShadowStrike::Utils::Logger::Error' bildirimine bak─▒n
      C:\ShadowStrike\ShadowStrike\src\Shared_modules\Utils\Logger.hpp(274,16):
      'void ShadowStrike::Utils::Logger::Error(std::basic_format_string<char,type_identity<_Args>::type...>,Args ...)' olabilirdi
          C:\ShadowStrike\ShadowStrike\src\Shared_modules\Core\Engine\MachineLearningDetector.cpp(1295,24):
          'void ShadowStrike::Utils::Logger::Error(std::basic_format_string<char,type_identity<_Args>::type...>,Args ...)' i┼şlev ┼şablonu ├Âzelle┼ştirilemedi
              C:\ShadowStrike\ShadowStrike\src\Shared_modules\Core\Engine\MachineLearningDetector.cpp(1295,24):
              ┼Şu ┼şablon ba─ş─▒ms─▒z de─şi┼şkenleriyle:
                  C:\ShadowStrike\ShadowStrike\src\Shared_modules\Core\Engine\MachineLearningDetector.cpp(1295,24):
                  'Args={<error type>}'
      C:\ShadowStrike\ShadowStrike\src\Shared_modules\Core\Engine\MachineLearningDetector.cpp(1295,24):
      '(const wchar_t [52], <error type>)' ba─ş─▒ms─▒z de─şi┼şken listesi e┼şlenmeye ├ğal─▒┼ş─▒l─▒rken
  
C:\ShadowStrike\ShadowStrike\src\Shared_modules\Core\FileSystem\DirectoryMonitor.cpp(519,64): error C2039: 'Utf8ToWide': bir 'ShadowStrike::Utils::StringUtils' ├╝yesi de─şil [C:\ShadowStrike\ShadowStrike\ShadowStrike.vcxproj]
  ('/src/Shared_modules/Core/FileSystem/DirectoryMonitor.cpp' kaynak dosyas─▒ derleniyor)
      C:\ShadowStrike\ShadowStrike\src\Shared_modules\Utils\StringUtils.hpp(63,19):
      'ShadowStrike::Utils::StringUtils' bildirimine bak─▒n
  
C:\ShadowStrike\ShadowStrike\src\Shared_modules\Core\FileSystem\DirectoryMonitor.cpp(519,64): error C3861: 'Utf8ToWide': tan─▒mlay─▒c─▒ bulunamad─▒ [C:\ShadowStrike\ShadowStrike\ShadowStrike.vcxproj]
  ('/src/Shared_modules/Core/FileSystem/DirectoryMonitor.cpp' kaynak dosyas─▒ derleniyor)
  
C:\ShadowStrike\ShadowStrike\src\Shared_modules\Core\FileSystem\DirectoryMonitor.cpp(518,40): error C2660: 'ShadowStrike::Utils::Logger::Error': i┼şlev 2 ba─ş─▒ms─▒z de─şi┼şken alm─▒yor [C:\ShadowStrike\ShadowStrike\ShadowStrike.vcxproj]
  ('/src/Shared_modules/Core/FileSystem/DirectoryMonitor.cpp' kaynak dosyas─▒ derleniyor)
      C:\ShadowStrike\ShadowStrike\src\Shared_modules\Utils\Logger.hpp(263,16):
      'ShadowStrike::Utils::Logger::Error' bildirimine bak─▒n
      C:\ShadowStrike\ShadowStrike\src\Shared_modules\Utils\Logger.hpp(274,16):
      'void ShadowStrike::Utils::Logger::Error(std::basic_format_string<char,type_identity<_Args>::type...>,Args ...)' olabilirdi
          C:\ShadowStrike\ShadowStrike\src\Shared_modules\Core\FileSystem\DirectoryMonitor.cpp(518,40):
          'void ShadowStrike::Utils::Logger::Error(std::basic_format_string<char,type_identity<_Args>::type...>,Args ...)' i┼şlev ┼şablonu ├Âzelle┼ştirilemedi
              C:\ShadowStrike\ShadowStrike\src\Shared_modules\Core\FileSystem\DirectoryMonitor.cpp(518,40):
              ┼Şu ┼şablon ba─ş─▒ms─▒z de─şi┼şkenleriyle:
                  C:\ShadowStrike\ShadowStrike\src\Shared_modules\Core\FileSystem\DirectoryMonitor.cpp(518,40):
                  'Args={<error type>}'
      C:\ShadowStrike\ShadowStrike\src\Shared_modules\Core\FileSystem\DirectoryMonitor.cpp(518,40):
      '(const wchar_t [45], <error type>)' ba─ş─▒ms─▒z de─şi┼şken listesi e┼şlenmeye ├ğal─▒┼ş─▒l─▒rken
  
C:\ShadowStrike\ShadowStrike\src\Shared_modules\Core\Engine\MachineLearningDetector.cpp(1339,20): error C2664: 'void ShadowStrike::Utils::Logger::Info(const char *)' : 1 ba─ş─▒ms─▒z de─şi┼şkeni 'const wchar_t [39]' de─şerinden 'const char *' de─şerine d├Ân├╝┼şt├╝r├╝lemez [C:\ShadowStrike\ShadowStrike\ShadowStrike.vcxproj]
  ('/src/Shared_modules/Core/Engine/MachineLearningDetector.cpp' kaynak dosyas─▒ derleniyor)
      C:\ShadowStrike\ShadowStrike\src\Shared_modules\Core\Engine\MachineLearningDetector.cpp(1339,25):
      ─░┼şaretlenen t├╝rler ilgisiz; d├Ân├╝┼şt├╝rme reinterpret_cast, C stili t├╝r d├Ân├╝┼şt├╝rme veya parantez i├ğine al─▒nm─▒┼ş i┼şlev stili t├╝r d├Ân├╝┼şt├╝rme gerektiriyor
      C:\ShadowStrike\ShadowStrike\src\Shared_modules\Utils\Logger.hpp(265,16):
      'ShadowStrike::Utils::Logger::Info' bildirimine bak─▒n
      C:\ShadowStrike\ShadowStrike\src\Shared_modules\Utils\Logger.hpp(282,16):
      'void ShadowStrike::Utils::Logger::Info(std::basic_format_string<char,type_identity<_Args>::type...>,Args ...)' olabilirdi
          C:\ShadowStrike\ShadowStrike\src\Shared_modules\Core\Engine\MachineLearningDetector.cpp(1339,20):
          ili┼şkili k─▒s─▒tlamalar kar┼ş─▒lanmad─▒
              C:\ShadowStrike\ShadowStrike\src\Shared_modules\Utils\Logger.hpp(281,57):
              k─▒s─▒tlama yerine getirilmedi
      C:\ShadowStrike\ShadowStrike\src\Shared_modules\Core\Engine\MachineLearningDetector.cpp(1339,20):
      '(const wchar_t [39])' ba─ş─▒ms─▒z de─şi┼şken listesi e┼şlenmeye ├ğal─▒┼ş─▒l─▒rken
  
C:\ShadowStrike\ShadowStrike\src\Shared_modules\Core\FileSystem\DirectoryMonitor.cpp(531,52): error C2039: 'Utf8ToWide': bir 'ShadowStrike::Utils::StringUtils' ├╝yesi de─şil [C:\ShadowStrike\ShadowStrike\ShadowStrike.vcxproj]
  ('/src/Shared_modules/Core/FileSystem/DirectoryMonitor.cpp' kaynak dosyas─▒ derleniyor)
      C:\ShadowStrike\ShadowStrike\src\Shared_modules\Utils\StringUtils.hpp(63,19):
      'ShadowStrike::Utils::StringUtils' bildirimine bak─▒n
  
C:\ShadowStrike\ShadowStrike\src\Shared_modules\Core\FileSystem\DirectoryMonitor.cpp(531,52): error C3861: 'Utf8ToWide': tan─▒mlay─▒c─▒ bulunamad─▒ [C:\ShadowStrike\ShadowStrike\ShadowStrike.vcxproj]
  ('/src/Shared_modules/Core/FileSystem/DirectoryMonitor.cpp' kaynak dosyas─▒ derleniyor)
  
C:\ShadowStrike\ShadowStrike\src\Shared_modules\Core\FileSystem\DirectoryMonitor.cpp(530,28): error C2660: 'ShadowStrike::Utils::Logger::Error': i┼şlev 2 ba─ş─▒ms─▒z de─şi┼şken alm─▒yor [C:\ShadowStrike\ShadowStrike\ShadowStrike.vcxproj]
  ('/src/Shared_modules/Core/FileSystem/DirectoryMonitor.cpp' kaynak dosyas─▒ derleniyor)
      C:\ShadowStrike\ShadowStrike\src\Shared_modules\Utils\Logger.hpp(263,16):
      'ShadowStrike::Utils::Logger::Error' bildirimine bak─▒n
      C:\ShadowStrike\ShadowStrike\src\Shared_modules\Utils\Logger.hpp(274,16):
      'void ShadowStrike::Utils::Logger::Error(std::basic_format_string<char,type_identity<_Args>::type...>,Args ...)' olabilirdi
          C:\ShadowStrike\ShadowStrike\src\Shared_modules\Core\FileSystem\DirectoryMonitor.cpp(530,28):
          'void ShadowStrike::Utils::Logger::Error(std::basic_format_string<char,type_identity<_Args>::type...>,Args ...)' i┼şlev ┼şablonu ├Âzelle┼ştirilemedi
              C:\ShadowStrike\ShadowStrike\src\Shared_modules\Core\FileSystem\DirectoryMonitor.cpp(530,28):
              ┼Şu ┼şablon ba─ş─▒ms─▒z de─şi┼şkenleriyle:
                  C:\ShadowStrike\ShadowStrike\src\Shared_modules\Core\FileSystem\DirectoryMonitor.cpp(530,28):
                  'Args={<error type>}'
      C:\ShadowStrike\ShadowStrike\src\Shared_modules\Core\FileSystem\DirectoryMonitor.cpp(530,28):
      '(const wchar_t [54], <error type>)' ba─ş─▒ms─▒z de─şi┼şken listesi e┼şlenmeye ├ğal─▒┼ş─▒l─▒rken
  
C:\ShadowStrike\ShadowStrike\src\Shared_modules\Core\Engine\MachineLearningDetector.cpp(1387,20): error C2664: 'void ShadowStrike::Utils::Logger::Info(const char *)' : 1 ba─ş─▒ms─▒z de─şi┼şkeni 'const wchar_t [47]' de─şerinden 'const char *' de─şerine d├Ân├╝┼şt├╝r├╝lemez [C:\ShadowStrike\ShadowStrike\ShadowStrike.vcxproj]
  ('/src/Shared_modules/Core/Engine/MachineLearningDetector.cpp' kaynak dosyas─▒ derleniyor)
      C:\ShadowStrike\ShadowStrike\src\Shared_modules\Core\Engine\MachineLearningDetector.cpp(1387,25):
      ─░┼şaretlenen t├╝rler ilgisiz; d├Ân├╝┼şt├╝rme reinterpret_cast, C stili t├╝r d├Ân├╝┼şt├╝rme veya parantez i├ğine al─▒nm─▒┼ş i┼şlev stili t├╝r d├Ân├╝┼şt├╝rme gerektiriyor
      C:\ShadowStrike\ShadowStrike\src\Shared_modules\Utils\Logger.hpp(265,16):
      'ShadowStrike::Utils::Logger::Info' bildirimine bak─▒n
      C:\ShadowStrike\ShadowStrike\src\Shared_modules\Utils\Logger.hpp(282,16):
      'void ShadowStrike::Utils::Logger::Info(std::basic_format_string<char,type_identity<_Args>::type...>,Args ...)' olabilirdi
          C:\ShadowStrike\ShadowStrike\src\Shared_modules\Core\Engine\MachineLearningDetector.cpp(1387,20):
          ili┼şkili k─▒s─▒tlamalar kar┼ş─▒lanmad─▒
              C:\ShadowStrike\ShadowStrike\src\Shared_modules\Utils\Logger.hpp(281,57):
              k─▒s─▒tlama yerine getirilmedi
      C:\ShadowStrike\ShadowStrike\src\Shared_modules\Core\Engine\MachineLearningDetector.cpp(1387,20):
      '(const wchar_t [47])' ba─ş─▒ms─▒z de─şi┼şken listesi e┼şlenmeye ├ğal─▒┼ş─▒l─▒rken
  
C:\ShadowStrike\ShadowStrike\src\Shared_modules\Core\FileSystem\DirectoryMonitor.cpp(567,32): error C2665: 'ShadowStrike::Utils::Logger::Error': hi├ğbir a┼ş─▒r─▒ y├╝klenmi┼ş i┼şlev t├╝m arg├╝man t├╝rlerini d├Ân├╝┼şt├╝remez [C:\ShadowStrike\ShadowStrike\ShadowStrike.vcxproj]
  ('/src/Shared_modules/Core/FileSystem/DirectoryMonitor.cpp' kaynak dosyas─▒ derleniyor)
      C:\ShadowStrike\ShadowStrike\src\Shared_modules\Utils\Logger.hpp(274,16):
      'void ShadowStrike::Utils::Logger::Error<std::wstring&,DWORD>(std::basic_format_string<char,std::wstring &,unsigned long>,std::wstring &,DWORD &&)' olabilirdi
          C:\ShadowStrike\ShadowStrike\src\Shared_modules\Core\FileSystem\DirectoryMonitor.cpp(567,32):
          'void ShadowStrike::Utils::Logger::Error<std::wstring&,DWORD>(std::basic_format_string<char,std::wstring &,unsigned long>,std::wstring &,DWORD &&)' : 1 ba─ş─▒ms─▒z de─şi┼şkeni 'const wchar_t [66]' de─şerinden 'std::basic_format_string<char,std::wstring &,unsigned long>' de─şerine d├Ân├╝┼şt├╝r├╝lemez
              C:\ShadowStrike\ShadowStrike\src\Shared_modules\Core\FileSystem\DirectoryMonitor.cpp(567,38):
              'std::basic_format_string<char,std::wstring &,unsigned long>::basic_format_string': hi├ğbir a┼ş─▒r─▒ y├╝klenmi┼ş i┼şlev t├╝m arg├╝man t├╝rlerini d├Ân├╝┼şt├╝remez
                  C:\Program Files\Microsoft Visual Studio\2022\Community\VC\Tools\MSVC\14.44.35207\include\format(2867,1):
                  'std::basic_format_string<char,std::wstring &,unsigned long>::basic_format_string(std::basic_format_string<char,std::wstring &,unsigned long> &&)' olabilirdi
                      C:\ShadowStrike\ShadowStrike\src\Shared_modules\Core\FileSystem\DirectoryMonitor.cpp(567,38):
                      'std::basic_format_string<char,std::wstring &,unsigned long>::basic_format_string(std::basic_format_string<char,std::wstring &,unsigned long> &&)' : 1 ba─ş─▒ms─▒z de─şi┼şkeni 'const wchar_t [66]' de─şerinden 'std::basic_format_string<char,std::wstring &,unsigned long> &&' de─şerine d├Ân├╝┼şt├╝r├╝lemez
                          C:\ShadowStrike\ShadowStrike\src\Shared_modules\Core\FileSystem\DirectoryMonitor.cpp(567,38):
                          Nedeni: 'const wchar_t [66]' de─şerinden 'std::basic_format_string<char,std::wstring &,unsigned long>' de─şerine d├Ân├╝┼şt├╝r├╝lemez
                          C:\ShadowStrike\ShadowStrike\src\Shared_modules\Core\FileSystem\DirectoryMonitor.cpp(567,38):
                          D├Ân├╝┼şt├╝rme ikinci bir kullan─▒c─▒ tan─▒ml─▒ d├Ân├╝┼şt├╝rme i┼şleci veya olu┼şturucu gerektiriyor
                  C:\Program Files\Microsoft Visual Studio\2022\Community\VC\Tools\MSVC\14.44.35207\include\format(2867,1):
                  veya       'std::basic_format_string<char,std::wstring &,unsigned long>::basic_format_string(const std::basic_format_string<char,std::wstring &,unsigned long> &)'
                      C:\ShadowStrike\ShadowStrike\src\Shared_modules\Core\FileSystem\DirectoryMonitor.cpp(567,38):
                      'std::basic_format_string<char,std::wstring &,unsigned long>::basic_format_string(const std::basic_format_string<char,std::wstring &,unsigned long> &)' : 1 ba─ş─▒ms─▒z de─şi┼şkeni 'const wchar_t [66]' de─şerinden 'const std::basic_format_string<char,std::wstring &,unsigned long> &' de─şerine d├Ân├╝┼şt├╝r├╝lemez
                          C:\ShadowStrike\ShadowStrike\src\Shared_modules\Core\FileSystem\DirectoryMonitor.cpp(567,38):
                          Nedeni: 'const wchar_t [66]' de─şerinden 'const std::basic_format_string<char,std::wstring &,unsigned long>' de─şerine d├Ân├╝┼şt├╝r├╝lemez
                          C:\ShadowStrike\ShadowStrike\src\Shared_modules\Core\FileSystem\DirectoryMonitor.cpp(567,38):
                          D├Ân├╝┼şt├╝rme ikinci bir kullan─▒c─▒ tan─▒ml─▒ d├Ân├╝┼şt├╝rme i┼şleci veya olu┼şturucu gerektiriyor
                  C:\Program Files\Microsoft Visual Studio\2022\Community\VC\Tools\MSVC\14.44.35207\include\format(2850,5):
                  veya       'std::basic_format_string<char,std::wstring &,unsigned long>::basic_format_string(const _Ty &)'
                  C:\ShadowStrike\ShadowStrike\src\Shared_modules\Core\FileSystem\DirectoryMonitor.cpp(567,38):
                  '(const wchar_t [66])' ba─ş─▒ms─▒z de─şi┼şken listesi e┼şlenmeye ├ğal─▒┼ş─▒l─▒rken
      C:\ShadowStrike\ShadowStrike\src\Shared_modules\Core\FileSystem\DirectoryMonitor.cpp(567,32):
      '(const wchar_t [66], std::wstring, DWORD)' ba─ş─▒ms─▒z de─şi┼şken listesi e┼şlenmeye ├ğal─▒┼ş─▒l─▒rken
  
C:\ShadowStrike\ShadowStrike\src\Shared_modules\Core\Engine\MachineLearningDetector.cpp(1400,20): error C2664: 'void ShadowStrike::Utils::Logger::Info(const char *)' : 1 ba─ş─▒ms─▒z de─şi┼şkeni 'const wchar_t [42]' de─şerinden 'const char *' de─şerine d├Ân├╝┼şt├╝r├╝lemez [C:\ShadowStrike\ShadowStrike\ShadowStrike.vcxproj]
  ('/src/Shared_modules/Core/Engine/MachineLearningDetector.cpp' kaynak dosyas─▒ derleniyor)
      C:\ShadowStrike\ShadowStrike\src\Shared_modules\Core\Engine\MachineLearningDetector.cpp(1400,25):
      ─░┼şaretlenen t├╝rler ilgisiz; d├Ân├╝┼şt├╝rme reinterpret_cast, C stili t├╝r d├Ân├╝┼şt├╝rme veya parantez i├ğine al─▒nm─▒┼ş i┼şlev stili t├╝r d├Ân├╝┼şt├╝rme gerektiriyor
      C:\ShadowStrike\ShadowStrike\src\Shared_modules\Utils\Logger.hpp(265,16):
      'ShadowStrike::Utils::Logger::Info' bildirimine bak─▒n
      C:\ShadowStrike\ShadowStrike\src\Shared_modules\Utils\Logger.hpp(282,16):
      'void ShadowStrike::Utils::Logger::Info(std::basic_format_string<char,type_identity<_Args>::type...>,Args ...)' olabilirdi
          C:\ShadowStrike\ShadowStrike\src\Shared_modules\Core\Engine\MachineLearningDetector.cpp(1400,20):
          ili┼şkili k─▒s─▒tlamalar kar┼ş─▒lanmad─▒
              C:\ShadowStrike\ShadowStrike\src\Shared_modules\Utils\Logger.hpp(281,57):
              k─▒s─▒tlama yerine getirilmedi
      C:\ShadowStrike\ShadowStrike\src\Shared_modules\Core\Engine\MachineLearningDetector.cpp(1400,20):
      '(const wchar_t [42])' ba─ş─▒ms─▒z de─şi┼şken listesi e┼şlenmeye ├ğal─▒┼ş─▒l─▒rken
  
C:\ShadowStrike\ShadowStrike\src\Shared_modules\Core\Engine\MachineLearningDetector.cpp(1409,24): error C2664: 'void ShadowStrike::Utils::Logger::Info(const char *)' : 1 ba─ş─▒ms─▒z de─şi┼şkeni 'const wchar_t [44]' de─şerinden 'const char *' de─şerine d├Ân├╝┼şt├╝r├╝lemez [C:\ShadowStrike\ShadowStrike\ShadowStrike.vcxproj]
  ('/src/Shared_modules/Core/Engine/MachineLearningDetector.cpp' kaynak dosyas─▒ derleniyor)
      C:\ShadowStrike\ShadowStrike\src\Shared_modules\Core\Engine\MachineLearningDetector.cpp(1409,29):
      ─░┼şaretlenen t├╝rler ilgisiz; d├Ân├╝┼şt├╝rme reinterpret_cast, C stili t├╝r d├Ân├╝┼şt├╝rme veya parantez i├ğine al─▒nm─▒┼ş i┼şlev stili t├╝r d├Ân├╝┼şt├╝rme gerektiriyor
      C:\ShadowStrike\ShadowStrike\src\Shared_modules\Utils\Logger.hpp(265,16):
      'ShadowStrike::Utils::Logger::Info' bildirimine bak─▒n
      C:\ShadowStrike\ShadowStrike\src\Shared_modules\Utils\Logger.hpp(282,16):
      'void ShadowStrike::Utils::Logger::Info(std::basic_format_string<char,type_identity<_Args>::type...>,Args ...)' olabilirdi
          C:\ShadowStrike\ShadowStrike\src\Shared_modules\Core\Engine\MachineLearningDetector.cpp(1409,24):
          ili┼şkili k─▒s─▒tlamalar kar┼ş─▒lanmad─▒
              C:\ShadowStrike\ShadowStrike\src\Shared_modules\Utils\Logger.hpp(281,57):
              k─▒s─▒tlama yerine getirilmedi
      C:\ShadowStrike\ShadowStrike\src\Shared_modules\Core\Engine\MachineLearningDetector.cpp(1409,24):
      '(const wchar_t [44])' ba─ş─▒ms─▒z de─şi┼şken listesi e┼şlenmeye ├ğal─▒┼ş─▒l─▒rken
  
C:\ShadowStrike\ShadowStrike\src\Shared_modules\Core\FileSystem\DirectoryMonitor.cpp(586,40): error C2665: 'ShadowStrike::Utils::Logger::Error': hi├ğbir a┼ş─▒r─▒ y├╝klenmi┼ş i┼şlev t├╝m arg├╝man t├╝rlerini d├Ân├╝┼şt├╝remez [C:\ShadowStrike\ShadowStrike\ShadowStrike.vcxproj]
  ('/src/Shared_modules/Core/FileSystem/DirectoryMonitor.cpp' kaynak dosyas─▒ derleniyor)
      C:\ShadowStrike\ShadowStrike\src\Shared_modules\Utils\Logger.hpp(274,16):
      'void ShadowStrike::Utils::Logger::Error<DWORD&>(std::basic_format_string<char,DWORD &>,DWORD &)' olabilirdi
          C:\ShadowStrike\ShadowStrike\src\Shared_modules\Core\FileSystem\DirectoryMonitor.cpp(586,40):
          'void ShadowStrike::Utils::Logger::Error<DWORD&>(std::basic_format_string<char,DWORD &>,DWORD &)' : 1 ba─ş─▒ms─▒z de─şi┼şkeni 'const wchar_t [57]' de─şerinden 'std::basic_format_string<char,DWORD &>' de─şerine d├Ân├╝┼şt├╝r├╝lemez
              C:\ShadowStrike\ShadowStrike\src\Shared_modules\Core\FileSystem\DirectoryMonitor.cpp(586,46):
              'std::basic_format_string<char,DWORD &>::basic_format_string': hi├ğbir a┼ş─▒r─▒ y├╝klenmi┼ş i┼şlev t├╝m arg├╝man t├╝rlerini d├Ân├╝┼şt├╝remez
                  C:\Program Files\Microsoft Visual Studio\2022\Community\VC\Tools\MSVC\14.44.35207\include\format(2867,1):
                  'std::basic_format_string<char,DWORD &>::basic_format_string(std::basic_format_string<char,DWORD &> &&)' olabilirdi
                      C:\ShadowStrike\ShadowStrike\src\Shared_modules\Core\FileSystem\DirectoryMonitor.cpp(586,46):
                      'std::basic_format_string<char,DWORD &>::basic_format_string(std::basic_format_string<char,DWORD &> &&)' : 1 ba─ş─▒ms─▒z de─şi┼şkeni 'const wchar_t [57]' de─şerinden 'std::basic_format_string<char,DWORD &> &&' de─şerine d├Ân├╝┼şt├╝r├╝lemez
                          C:\ShadowStrike\ShadowStrike\src\Shared_modules\Core\FileSystem\DirectoryMonitor.cpp(586,46):
                          Nedeni: 'const wchar_t [57]' de─şerinden 'std::basic_format_string<char,DWORD &>' de─şerine d├Ân├╝┼şt├╝r├╝lemez
                          C:\ShadowStrike\ShadowStrike\src\Shared_modules\Core\FileSystem\DirectoryMonitor.cpp(586,46):
                          D├Ân├╝┼şt├╝rme ikinci bir kullan─▒c─▒ tan─▒ml─▒ d├Ân├╝┼şt├╝rme i┼şleci veya olu┼şturucu gerektiriyor
                  C:\Program Files\Microsoft Visual Studio\2022\Community\VC\Tools\MSVC\14.44.35207\include\format(2867,1):
                  veya       'std::basic_format_string<char,DWORD &>::basic_format_string(const std::basic_format_string<char,DWORD &> &)'
                      C:\ShadowStrike\ShadowStrike\src\Shared_modules\Core\FileSystem\DirectoryMonitor.cpp(586,46):
                      'std::basic_format_string<char,DWORD &>::basic_format_string(const std::basic_format_string<char,DWORD &> &)' : 1 ba─ş─▒ms─▒z de─şi┼şkeni 'const wchar_t [57]' de─şerinden 'const std::basic_format_string<char,DWORD &> &' de─şerine d├Ân├╝┼şt├╝r├╝lemez
                          C:\ShadowStrike\ShadowStrike\src\Shared_modules\Core\FileSystem\DirectoryMonitor.cpp(586,46):
                          Nedeni: 'const wchar_t [57]' de─şerinden 'const std::basic_format_string<char,DWORD &>' de─şerine d├Ân├╝┼şt├╝r├╝lemez
                          C:\ShadowStrike\ShadowStrike\src\Shared_modules\Core\FileSystem\DirectoryMonitor.cpp(586,46):
                          D├Ân├╝┼şt├╝rme ikinci bir kullan─▒c─▒ tan─▒ml─▒ d├Ân├╝┼şt├╝rme i┼şleci veya olu┼şturucu gerektiriyor
                  C:\Program Files\Microsoft Visual Studio\2022\Community\VC\Tools\MSVC\14.44.35207\include\format(2850,5):
                  veya       'std::basic_format_string<char,DWORD &>::basic_format_string(const _Ty &)'
                  C:\ShadowStrike\ShadowStrike\src\Shared_modules\Core\FileSystem\DirectoryMonitor.cpp(586,46):
                  '(const wchar_t [57])' ba─ş─▒ms─▒z de─şi┼şken listesi e┼şlenmeye ├ğal─▒┼ş─▒l─▒rken
      C:\ShadowStrike\ShadowStrike\src\Shared_modules\Core\FileSystem\DirectoryMonitor.cpp(586,40):
      '(const wchar_t [57], DWORD)' ba─ş─▒ms─▒z de─şi┼şken listesi e┼şlenmeye ├ğal─▒┼ş─▒l─▒rken
  
C:\ShadowStrike\ShadowStrike\src\Shared_modules\Core\Engine\MachineLearningDetector.cpp(1421,28): error C2664: 'void ShadowStrike::Utils::Logger::Error(const char *)' : 1 ba─ş─▒ms─▒z de─şi┼şkeni 'const wchar_t [64]' de─şerinden 'const char *' de─şerine d├Ân├╝┼şt├╝r├╝lemez [C:\ShadowStrike\ShadowStrike\ShadowStrike.vcxproj]
  ('/src/Shared_modules/Core/Engine/MachineLearningDetector.cpp' kaynak dosyas─▒ derleniyor)
      C:\ShadowStrike\ShadowStrike\src\Shared_modules\Core\Engine\MachineLearningDetector.cpp(1421,34):
      ─░┼şaretlenen t├╝rler ilgisiz; d├Ân├╝┼şt├╝rme reinterpret_cast, C stili t├╝r d├Ân├╝┼şt├╝rme veya parantez i├ğine al─▒nm─▒┼ş i┼şlev stili t├╝r d├Ân├╝┼şt├╝rme gerektiriyor
      C:\ShadowStrike\ShadowStrike\src\Shared_modules\Utils\Logger.hpp(263,16):
      'ShadowStrike::Utils::Logger::Error' bildirimine bak─▒n
      C:\ShadowStrike\ShadowStrike\src\Shared_modules\Utils\Logger.hpp(274,16):
      'void ShadowStrike::Utils::Logger::Error(std::basic_format_string<char,type_identity<_Args>::type...>,Args ...)' olabilirdi
          C:\ShadowStrike\ShadowStrike\src\Shared_modules\Core\Engine\MachineLearningDetector.cpp(1421,28):
          ili┼şkili k─▒s─▒tlamalar kar┼ş─▒lanmad─▒
              C:\ShadowStrike\ShadowStrike\src\Shared_modules\Utils\Logger.hpp(273,57):
              k─▒s─▒tlama yerine getirilmedi
      C:\ShadowStrike\ShadowStrike\src\Shared_modules\Core\Engine\MachineLearningDetector.cpp(1421,28):
      '(const wchar_t [64])' ba─ş─▒ms─▒z de─şi┼şken listesi e┼şlenmeye ├ğal─▒┼ş─▒l─▒rken
  
C:\ShadowStrike\ShadowStrike\src\Shared_modules\Core\Engine\MachineLearningDetector.cpp(1425,24): error C2664: 'void ShadowStrike::Utils::Logger::Info(const char *)' : 1 ba─ş─▒ms─▒z de─şi┼şkeni 'const wchar_t [42]' de─şerinden 'const char *' de─şerine d├Ân├╝┼şt├╝r├╝lemez [C:\ShadowStrike\ShadowStrike\ShadowStrike.vcxproj]
  ('/src/Shared_modules/Core/Engine/MachineLearningDetector.cpp' kaynak dosyas─▒ derleniyor)
      C:\ShadowStrike\ShadowStrike\src\Shared_modules\Core\Engine\MachineLearningDetector.cpp(1425,29):
      ─░┼şaretlenen t├╝rler ilgisiz; d├Ân├╝┼şt├╝rme reinterpret_cast, C stili t├╝r d├Ân├╝┼şt├╝rme veya parantez i├ğine al─▒nm─▒┼ş i┼şlev stili t├╝r d├Ân├╝┼şt├╝rme gerektiriyor
      C:\ShadowStrike\ShadowStrike\src\Shared_modules\Utils\Logger.hpp(265,16):
      'ShadowStrike::Utils::Logger::Info' bildirimine bak─▒n
      C:\ShadowStrike\ShadowStrike\src\Shared_modules\Utils\Logger.hpp(282,16):
      'void ShadowStrike::Utils::Logger::Info(std::basic_format_string<char,type_identity<_Args>::type...>,Args ...)' olabilirdi
          C:\ShadowStrike\ShadowStrike\src\Shared_modules\Core\Engine\MachineLearningDetector.cpp(1425,24):
          ili┼şkili k─▒s─▒tlamalar kar┼ş─▒lanmad─▒
              C:\ShadowStrike\ShadowStrike\src\Shared_modules\Utils\Logger.hpp(281,57):
              k─▒s─▒tlama yerine getirilmedi
      C:\ShadowStrike\ShadowStrike\src\Shared_modules\Core\Engine\MachineLearningDetector.cpp(1425,24):
      '(const wchar_t [42])' ba─ş─▒ms─▒z de─şi┼şken listesi e┼şlenmeye ├ğal─▒┼ş─▒l─▒rken
  
C:\ShadowStrike\ShadowStrike\src\Shared_modules\Core\Engine\MachineLearningDetector.cpp(1430,49): error C2039: 'Utf8ToWide': bir 'ShadowStrike::Utils::StringUtils' ├╝yesi de─şil [C:\ShadowStrike\ShadowStrike\ShadowStrike.vcxproj]
  ('/src/Shared_modules/Core/Engine/MachineLearningDetector.cpp' kaynak dosyas─▒ derleniyor)
      C:\ShadowStrike\ShadowStrike\src\Shared_modules\Utils\StringUtils.hpp(63,19):
      'ShadowStrike::Utils::StringUtils' bildirimine bak─▒n
  
C:\ShadowStrike\ShadowStrike\src\Shared_modules\Core\Engine\MachineLearningDetector.cpp(1430,49): error C3861: 'Utf8ToWide': tan─▒mlay─▒c─▒ bulunamad─▒ [C:\ShadowStrike\ShadowStrike\ShadowStrike.vcxproj]
  ('/src/Shared_modules/Core/Engine/MachineLearningDetector.cpp' kaynak dosyas─▒ derleniyor)
  
C:\ShadowStrike\ShadowStrike\src\Shared_modules\Core\FileSystem\DirectoryMonitor.cpp(647,20): error C2664: 'void ShadowStrike::Utils::Logger::Info(const char *)' : 1 ba─ş─▒ms─▒z de─şi┼şkeni 'const wchar_t [37]' de─şerinden 'const char *' de─şerine d├Ân├╝┼şt├╝r├╝lemez [C:\ShadowStrike\ShadowStrike\ShadowStrike.vcxproj]
  ('/src/Shared_modules/Core/FileSystem/DirectoryMonitor.cpp' kaynak dosyas─▒ derleniyor)
      C:\ShadowStrike\ShadowStrike\src\Shared_modules\Core\FileSystem\DirectoryMonitor.cpp(647,25):
      ─░┼şaretlenen t├╝rler ilgisiz; d├Ân├╝┼şt├╝rme reinterpret_cast, C stili t├╝r d├Ân├╝┼şt├╝rme veya parantez i├ğine al─▒nm─▒┼ş i┼şlev stili t├╝r d├Ân├╝┼şt├╝rme gerektiriyor
      C:\ShadowStrike\ShadowStrike\src\Shared_modules\Utils\Logger.hpp(265,16):
      'ShadowStrike::Utils::Logger::Info' bildirimine bak─▒n
      C:\ShadowStrike\ShadowStrike\src\Shared_modules\Utils\Logger.hpp(282,16):
      'void ShadowStrike::Utils::Logger::Info(std::basic_format_string<char,type_identity<_Args>::type...>,Args ...)' olabilirdi
          C:\ShadowStrike\ShadowStrike\src\Shared_modules\Core\FileSystem\DirectoryMonitor.cpp(647,20):
          ili┼şkili k─▒s─▒tlamalar kar┼ş─▒lanmad─▒
              C:\ShadowStrike\ShadowStrike\src\Shared_modules\Utils\Logger.hpp(281,57):
              k─▒s─▒tlama yerine getirilmedi
      C:\ShadowStrike\ShadowStrike\src\Shared_modules\Core\FileSystem\DirectoryMonitor.cpp(647,20):
      '(const wchar_t [37])' ba─ş─▒ms─▒z de─şi┼şken listesi e┼şlenmeye ├ğal─▒┼ş─▒l─▒rken
  
C:\ShadowStrike\ShadowStrike\src\Shared_modules\Core\Engine\MachineLearningDetector.cpp(1429,24): error C2660: 'ShadowStrike::Utils::Logger::Error': i┼şlev 2 ba─ş─▒ms─▒z de─şi┼şken alm─▒yor [C:\ShadowStrike\ShadowStrike\ShadowStrike.vcxproj]
  ('/src/Shared_modules/Core/Engine/MachineLearningDetector.cpp' kaynak dosyas─▒ derleniyor)
      C:\ShadowStrike\ShadowStrike\src\Shared_modules\Utils\Logger.hpp(263,16):
      'ShadowStrike::Utils::Logger::Error' bildirimine bak─▒n
      C:\ShadowStrike\ShadowStrike\src\Shared_modules\Utils\Logger.hpp(274,16):
      'void ShadowStrike::Utils::Logger::Error(std::basic_format_string<char,type_identity<_Args>::type...>,Args ...)' olabilirdi
          C:\ShadowStrike\ShadowStrike\src\Shared_modules\Core\Engine\MachineLearningDetector.cpp(1429,24):
          'void ShadowStrike::Utils::Logger::Error(std::basic_format_string<char,type_identity<_Args>::type...>,Args ...)' i┼şlev ┼şablonu ├Âzelle┼ştirilemedi
              C:\ShadowStrike\ShadowStrike\src\Shared_modules\Core\Engine\MachineLearningDetector.cpp(1429,24):
              ┼Şu ┼şablon ba─ş─▒ms─▒z de─şi┼şkenleriyle:
                  C:\ShadowStrike\ShadowStrike\src\Shared_modules\Core\Engine\MachineLearningDetector.cpp(1429,24):
                  'Args={<error type>}'
      C:\ShadowStrike\ShadowStrike\src\Shared_modules\Core\Engine\MachineLearningDetector.cpp(1429,24):
      '(const wchar_t [47], <error type>)' ba─ş─▒ms─▒z de─şi┼şken listesi e┼şlenmeye ├ğal─▒┼ş─▒l─▒rken
  
C:\ShadowStrike\ShadowStrike\src\Shared_modules\Core\FileSystem\DirectoryMonitor.cpp(652,20): error C2664: 'void ShadowStrike::Utils::Logger::Info(const char *)' : 1 ba─ş─▒ms─▒z de─şi┼şkeni 'const wchar_t [36]' de─şerinden 'const char *' de─şerine d├Ân├╝┼şt├╝r├╝lemez [C:\ShadowStrike\ShadowStrike\ShadowStrike.vcxproj]
  ('/src/Shared_modules/Core/FileSystem/DirectoryMonitor.cpp' kaynak dosyas─▒ derleniyor)
      C:\ShadowStrike\ShadowStrike\src\Shared_modules\Core\FileSystem\DirectoryMonitor.cpp(652,25):
      ─░┼şaretlenen t├╝rler ilgisiz; d├Ân├╝┼şt├╝rme reinterpret_cast, C stili t├╝r d├Ân├╝┼şt├╝rme veya parantez i├ğine al─▒nm─▒┼ş i┼şlev stili t├╝r d├Ân├╝┼şt├╝rme gerektiriyor
      C:\ShadowStrike\ShadowStrike\src\Shared_modules\Utils\Logger.hpp(265,16):
      'ShadowStrike::Utils::Logger::Info' bildirimine bak─▒n
      C:\ShadowStrike\ShadowStrike\src\Shared_modules\Utils\Logger.hpp(282,16):
      'void ShadowStrike::Utils::Logger::Info(std::basic_format_string<char,type_identity<_Args>::type...>,Args ...)' olabilirdi
          C:\ShadowStrike\ShadowStrike\src\Shared_modules\Core\FileSystem\DirectoryMonitor.cpp(652,20):
          ili┼şkili k─▒s─▒tlamalar kar┼ş─▒lanmad─▒
              C:\ShadowStrike\ShadowStrike\src\Shared_modules\Utils\Logger.hpp(281,57):
              k─▒s─▒tlama yerine getirilmedi
      C:\ShadowStrike\ShadowStrike\src\Shared_modules\Core\FileSystem\DirectoryMonitor.cpp(652,20):
      '(const wchar_t [36])' ba─ş─▒ms─▒z de─şi┼şken listesi e┼şlenmeye ├ğal─▒┼ş─▒l─▒rken
  
C:\ShadowStrike\ShadowStrike\src\Shared_modules\Core\Engine\MachineLearningDetector.cpp(1445,32): error C2039: 'ComputeHeuristicScore': bir 'ShadowStrike::Core::Engine::MachineLearningDetector' ├╝yesi de─şil [C:\ShadowStrike\ShadowStrike\ShadowStrike.vcxproj]
  ('/src/Shared_modules/Core/Engine/MachineLearningDetector.cpp' kaynak dosyas─▒ derleniyor)
      C:\ShadowStrike\ShadowStrike\src\Shared_modules\Core\Engine\MachineLearningDetector.hpp(583,7):
      'ShadowStrike::Core::Engine::MachineLearningDetector' bildirimine bak─▒n
  
C:\ShadowStrike\ShadowStrike\src\Shared_modules\Core\Engine\MachineLearningDetector.cpp(1445,32): error C2270: 'ComputeHeuristicScore': ├╝ye olmayan i┼şlevlerde de─şi┼ştiricilere izin verilmez [C:\ShadowStrike\ShadowStrike\ShadowStrike.vcxproj]
  ('/src/Shared_modules/Core/Engine/MachineLearningDetector.cpp' kaynak dosyas─▒ derleniyor)
  
C:\ShadowStrike\ShadowStrike\src\Shared_modules\Core\Engine\MachineLearningDetector.cpp(1445,32): error C1003: hata say─▒s─▒ 100 taneyi a┼şt─▒; derleme durduruluyor [C:\ShadowStrike\ShadowStrike\ShadowStrike.vcxproj]
  ('/src/Shared_modules/Core/Engine/MachineLearningDetector.cpp' kaynak dosyas─▒ derleniyor)
  
C:\ShadowStrike\ShadowStrike\src\Shared_modules\Core\FileSystem\DirectoryMonitor.cpp(659,24): error C2664: 'void ShadowStrike::Utils::Logger::Warn(const char *)' : 1 ba─ş─▒ms─▒z de─şi┼şkeni 'const wchar_t [38]' de─şerinden 'const char *' de─şerine d├Ân├╝┼şt├╝r├╝lemez [C:\ShadowStrike\ShadowStrike\ShadowStrike.vcxproj]
  ('/src/Shared_modules/Core/FileSystem/DirectoryMonitor.cpp' kaynak dosyas─▒ derleniyor)
      C:\ShadowStrike\ShadowStrike\src\Shared_modules\Core\FileSystem\DirectoryMonitor.cpp(659,29):
      ─░┼şaretlenen t├╝rler ilgisiz; d├Ân├╝┼şt├╝rme reinterpret_cast, C stili t├╝r d├Ân├╝┼şt├╝rme veya parantez i├ğine al─▒nm─▒┼ş i┼şlev stili t├╝r d├Ân├╝┼şt├╝rme gerektiriyor
      C:\ShadowStrike\ShadowStrike\src\Shared_modules\Utils\Logger.hpp(264,16):
      'ShadowStrike::Utils::Logger::Warn' bildirimine bak─▒n
      C:\ShadowStrike\ShadowStrike\src\Shared_modules\Utils\Logger.hpp(278,16):
      'void ShadowStrike::Utils::Logger::Warn(std::basic_format_string<char,type_identity<_Args>::type...>,Args ...)' olabilirdi
          C:\ShadowStrike\ShadowStrike\src\Shared_modules\Core\FileSystem\DirectoryMonitor.cpp(659,24):
          ili┼şkili k─▒s─▒tlamalar kar┼ş─▒lanmad─▒
              C:\ShadowStrike\ShadowStrike\src\Shared_modules\Utils\Logger.hpp(277,57):
              k─▒s─▒tlama yerine getirilmedi
      C:\ShadowStrike\ShadowStrike\src\Shared_modules\Core\FileSystem\DirectoryMonitor.cpp(659,24):
      '(const wchar_t [38])' ba─ş─▒ms─▒z de─şi┼şken listesi e┼şlenmeye ├ğal─▒┼ş─▒l─▒rken
  
C:\ShadowStrike\ShadowStrike\src\Shared_modules\Core\FileSystem\DirectoryMonitor.cpp(668,28): error C2664: 'void ShadowStrike::Utils::Logger::Error(const char *)' : 1 ba─ş─▒ms─▒z de─şi┼şkeni 'const wchar_t [40]' de─şerinden 'const char *' de─şerine d├Ân├╝┼şt├╝r├╝lemez [C:\ShadowStrike\ShadowStrike\ShadowStrike.vcxproj]
  ('/src/Shared_modules/Core/FileSystem/DirectoryMonitor.cpp' kaynak dosyas─▒ derleniyor)
      C:\ShadowStrike\ShadowStrike\src\Shared_modules\Core\FileSystem\DirectoryMonitor.cpp(668,34):
      ─░┼şaretlenen t├╝rler ilgisiz; d├Ân├╝┼şt├╝rme reinterpret_cast, C stili t├╝r d├Ân├╝┼şt├╝rme veya parantez i├ğine al─▒nm─▒┼ş i┼şlev stili t├╝r d├Ân├╝┼şt├╝rme gerektiriyor
      C:\ShadowStrike\ShadowStrike\src\Shared_modules\Utils\Logger.hpp(263,16):
      'ShadowStrike::Utils::Logger::Error' bildirimine bak─▒n
      C:\ShadowStrike\ShadowStrike\src\Shared_modules\Utils\Logger.hpp(274,16):
      'void ShadowStrike::Utils::Logger::Error(std::basic_format_string<char,type_identity<_Args>::type...>,Args ...)' olabilirdi
          C:\ShadowStrike\ShadowStrike\src\Shared_modules\Core\FileSystem\DirectoryMonitor.cpp(668,28):
          ili┼şkili k─▒s─▒tlamalar kar┼ş─▒lanmad─▒
              C:\ShadowStrike\ShadowStrike\src\Shared_modules\Utils\Logger.hpp(273,57):
              k─▒s─▒tlama yerine getirilmedi
      C:\ShadowStrike\ShadowStrike\src\Shared_modules\Core\FileSystem\DirectoryMonitor.cpp(668,28):
      '(const wchar_t [40])' ba─ş─▒ms─▒z de─şi┼şken listesi e┼şlenmeye ├ğal─▒┼ş─▒l─▒rken
  
C:\ShadowStrike\ShadowStrike\src\Shared_modules\Core\FileSystem\DirectoryMonitor.cpp(673,28): error C2664: 'void ShadowStrike::Utils::Logger::Info(const char *)' : 1 ba─ş─▒ms─▒z de─şi┼şkeni 'const wchar_t [45]' de─şerinden 'const char *' de─şerine d├Ân├╝┼şt├╝r├╝lemez [C:\ShadowStrike\ShadowStrike\ShadowStrike.vcxproj]
  ('/src/Shared_modules/Core/FileSystem/DirectoryMonitor.cpp' kaynak dosyas─▒ derleniyor)
      C:\ShadowStrike\ShadowStrike\src\Shared_modules\Core\FileSystem\DirectoryMonitor.cpp(673,33):
      ─░┼şaretlenen t├╝rler ilgisiz; d├Ân├╝┼şt├╝rme reinterpret_cast, C stili t├╝r d├Ân├╝┼şt├╝rme veya parantez i├ğine al─▒nm─▒┼ş i┼şlev stili t├╝r d├Ân├╝┼şt├╝rme gerektiriyor
      C:\ShadowStrike\ShadowStrike\src\Shared_modules\Utils\Logger.hpp(265,16):
      'ShadowStrike::Utils::Logger::Info' bildirimine bak─▒n
      C:\ShadowStrike\ShadowStrike\src\Shared_modules\Utils\Logger.hpp(282,16):
      'void ShadowStrike::Utils::Logger::Info(std::basic_format_string<char,type_identity<_Args>::type...>,Args ...)' olabilirdi
          C:\ShadowStrike\ShadowStrike\src\Shared_modules\Core\FileSystem\DirectoryMonitor.cpp(673,28):
          ili┼şkili k─▒s─▒tlamalar kar┼ş─▒lanmad─▒
              C:\ShadowStrike\ShadowStrike\src\Shared_modules\Utils\Logger.hpp(281,57):
              k─▒s─▒tlama yerine getirilmedi
      C:\ShadowStrike\ShadowStrike\src\Shared_modules\Core\FileSystem\DirectoryMonitor.cpp(673,28):
      '(const wchar_t [45])' ba─ş─▒ms─▒z de─şi┼şken listesi e┼şlenmeye ├ğal─▒┼ş─▒l─▒rken
  
C:\ShadowStrike\ShadowStrike\src\Shared_modules\Core\FileSystem\DirectoryMonitor.cpp(684,24): error C2664: 'void ShadowStrike::Utils::Logger::Info(const char *)' : 1 ba─ş─▒ms─▒z de─şi┼şkeni 'const wchar_t [43]' de─şerinden 'const char *' de─şerine d├Ân├╝┼şt├╝r├╝lemez [C:\ShadowStrike\ShadowStrike\ShadowStrike.vcxproj]
  ('/src/Shared_modules/Core/FileSystem/DirectoryMonitor.cpp' kaynak dosyas─▒ derleniyor)
      C:\ShadowStrike\ShadowStrike\src\Shared_modules\Core\FileSystem\DirectoryMonitor.cpp(684,29):
      ─░┼şaretlenen t├╝rler ilgisiz; d├Ân├╝┼şt├╝rme reinterpret_cast, C stili t├╝r d├Ân├╝┼şt├╝rme veya parantez i├ğine al─▒nm─▒┼ş i┼şlev stili t├╝r d├Ân├╝┼şt├╝rme gerektiriyor
      C:\ShadowStrike\ShadowStrike\src\Shared_modules\Utils\Logger.hpp(265,16):
      'ShadowStrike::Utils::Logger::Info' bildirimine bak─▒n
      C:\ShadowStrike\ShadowStrike\src\Shared_modules\Utils\Logger.hpp(282,16):
      'void ShadowStrike::Utils::Logger::Info(std::basic_format_string<char,type_identity<_Args>::type...>,Args ...)' olabilirdi
          C:\ShadowStrike\ShadowStrike\src\Shared_modules\Core\FileSystem\DirectoryMonitor.cpp(684,24):
          ili┼şkili k─▒s─▒tlamalar kar┼ş─▒lanmad─▒
              C:\ShadowStrike\ShadowStrike\src\Shared_modules\Utils\Logger.hpp(281,57):
              k─▒s─▒tlama yerine getirilmedi
      C:\ShadowStrike\ShadowStrike\src\Shared_modules\Core\FileSystem\DirectoryMonitor.cpp(684,24):
      '(const wchar_t [43])' ba─ş─▒ms─▒z de─şi┼şken listesi e┼şlenmeye ├ğal─▒┼ş─▒l─▒rken
  
C:\ShadowStrike\ShadowStrike\src\Shared_modules\Core\FileSystem\DirectoryMonitor.cpp(690,49): error C2039: 'Utf8ToWide': bir 'ShadowStrike::Utils::StringUtils' ├╝yesi de─şil [C:\ShadowStrike\ShadowStrike\ShadowStrike.vcxproj]
  ('/src/Shared_modules/Core/FileSystem/DirectoryMonitor.cpp' kaynak dosyas─▒ derleniyor)
      C:\ShadowStrike\ShadowStrike\src\Shared_modules\Utils\StringUtils.hpp(63,19):
      'ShadowStrike::Utils::StringUtils' bildirimine bak─▒n
  
C:\ShadowStrike\ShadowStrike\src\Shared_modules\Core\FileSystem\DirectoryMonitor.cpp(690,49): error C3861: 'Utf8ToWide': tan─▒mlay─▒c─▒ bulunamad─▒ [C:\ShadowStrike\ShadowStrike\ShadowStrike.vcxproj]
  ('/src/Shared_modules/Core/FileSystem/DirectoryMonitor.cpp' kaynak dosyas─▒ derleniyor)
  
C:\ShadowStrike\ShadowStrike\src\Shared_modules\Core\FileSystem\DirectoryMonitor.cpp(689,24): error C2660: 'ShadowStrike::Utils::Logger::Error': i┼şlev 2 ba─ş─▒ms─▒z de─şi┼şken alm─▒yor [C:\ShadowStrike\ShadowStrike\ShadowStrike.vcxproj]
  ('/src/Shared_modules/Core/FileSystem/DirectoryMonitor.cpp' kaynak dosyas─▒ derleniyor)
      C:\ShadowStrike\ShadowStrike\src\Shared_modules\Utils\Logger.hpp(263,16):
      'ShadowStrike::Utils::Logger::Error' bildirimine bak─▒n
      C:\ShadowStrike\ShadowStrike\src\Shared_modules\Utils\Logger.hpp(274,16):
      'void ShadowStrike::Utils::Logger::Error(std::basic_format_string<char,type_identity<_Args>::type...>,Args ...)' olabilirdi
          C:\ShadowStrike\ShadowStrike\src\Shared_modules\Core\FileSystem\DirectoryMonitor.cpp(689,24):
          'void ShadowStrike::Utils::Logger::Error(std::basic_format_string<char,type_identity<_Args>::type...>,Args ...)' i┼şlev ┼şablonu ├Âzelle┼ştirilemedi
              C:\ShadowStrike\ShadowStrike\src\Shared_modules\Core\FileSystem\DirectoryMonitor.cpp(689,24):
              ┼Şu ┼şablon ba─ş─▒ms─▒z de─şi┼şkenleriyle:
                  C:\ShadowStrike\ShadowStrike\src\Shared_modules\Core\FileSystem\DirectoryMonitor.cpp(689,24):
                  'Args={<error type>}'
      C:\ShadowStrike\ShadowStrike\src\Shared_modules\Core\FileSystem\DirectoryMonitor.cpp(689,24):
      '(const wchar_t [45], <error type>)' ba─ş─▒ms─▒z de─şi┼şken listesi e┼şlenmeye ├ğal─▒┼ş─▒l─▒rken
  
C:\ShadowStrike\ShadowStrike\src\Shared_modules\Core\FileSystem\DirectoryMonitor.cpp(722,24): error C2664: 'void ShadowStrike::Utils::Logger::Info(const char *)' : 1 ba─ş─▒ms─▒z de─şi┼şkeni 'const wchar_t [36]' de─şerinden 'const char *' de─şerine d├Ân├╝┼şt├╝r├╝lemez [C:\ShadowStrike\ShadowStrike\ShadowStrike.vcxproj]
  ('/src/Shared_modules/Core/FileSystem/DirectoryMonitor.cpp' kaynak dosyas─▒ derleniyor)
      C:\ShadowStrike\ShadowStrike\src\Shared_modules\Core\FileSystem\DirectoryMonitor.cpp(722,29):
      ─░┼şaretlenen t├╝rler ilgisiz; d├Ân├╝┼şt├╝rme reinterpret_cast, C stili t├╝r d├Ân├╝┼şt├╝rme veya parantez i├ğine al─▒nm─▒┼ş i┼şlev stili t├╝r d├Ân├╝┼şt├╝rme gerektiriyor
      C:\ShadowStrike\ShadowStrike\src\Shared_modules\Utils\Logger.hpp(265,16):
      'ShadowStrike::Utils::Logger::Info' bildirimine bak─▒n
      C:\ShadowStrike\ShadowStrike\src\Shared_modules\Utils\Logger.hpp(282,16):
      'void ShadowStrike::Utils::Logger::Info(std::basic_format_string<char,type_identity<_Args>::type...>,Args ...)' olabilirdi
          C:\ShadowStrike\ShadowStrike\src\Shared_modules\Core\FileSystem\DirectoryMonitor.cpp(722,24):
          ili┼şkili k─▒s─▒tlamalar kar┼ş─▒lanmad─▒
              C:\ShadowStrike\ShadowStrike\src\Shared_modules\Utils\Logger.hpp(281,57):
              k─▒s─▒tlama yerine getirilmedi
      C:\ShadowStrike\ShadowStrike\src\Shared_modules\Core\FileSystem\DirectoryMonitor.cpp(722,24):
      '(const wchar_t [36])' ba─ş─▒ms─▒z de─şi┼şken listesi e┼şlenmeye ├ğal─▒┼ş─▒l─▒rken
  
C:\ShadowStrike\ShadowStrike\src\Shared_modules\Core\FileSystem\DirectoryMonitor.cpp(726,49): error C2039: 'Utf8ToWide': bir 'ShadowStrike::Utils::StringUtils' ├╝yesi de─şil [C:\ShadowStrike\ShadowStrike\ShadowStrike.vcxproj]
  ('/src/Shared_modules/Core/FileSystem/DirectoryMonitor.cpp' kaynak dosyas─▒ derleniyor)
      C:\ShadowStrike\ShadowStrike\src\Shared_modules\Utils\StringUtils.hpp(63,19):
      'ShadowStrike::Utils::StringUtils' bildirimine bak─▒n
  
C:\ShadowStrike\ShadowStrike\src\Shared_modules\Core\FileSystem\DirectoryMonitor.cpp(726,49): error C3861: 'Utf8ToWide': tan─▒mlay─▒c─▒ bulunamad─▒ [C:\ShadowStrike\ShadowStrike\ShadowStrike.vcxproj]
  ('/src/Shared_modules/Core/FileSystem/DirectoryMonitor.cpp' kaynak dosyas─▒ derleniyor)
  
C:\ShadowStrike\ShadowStrike\src\Shared_modules\Core\FileSystem\DirectoryMonitor.cpp(725,24): error C2660: 'ShadowStrike::Utils::Logger::Error': i┼şlev 2 ba─ş─▒ms─▒z de─şi┼şken alm─▒yor [C:\ShadowStrike\ShadowStrike\ShadowStrike.vcxproj]
  ('/src/Shared_modules/Core/FileSystem/DirectoryMonitor.cpp' kaynak dosyas─▒ derleniyor)
      C:\ShadowStrike\ShadowStrike\src\Shared_modules\Utils\Logger.hpp(263,16):
      'ShadowStrike::Utils::Logger::Error' bildirimine bak─▒n
      C:\ShadowStrike\ShadowStrike\src\Shared_modules\Utils\Logger.hpp(274,16):
      'void ShadowStrike::Utils::Logger::Error(std::basic_format_string<char,type_identity<_Args>::type...>,Args ...)' olabilirdi
          C:\ShadowStrike\ShadowStrike\src\Shared_modules\Core\FileSystem\DirectoryMonitor.cpp(725,24):
          'void ShadowStrike::Utils::Logger::Error(std::basic_format_string<char,type_identity<_Args>::type...>,Args ...)' i┼şlev ┼şablonu ├Âzelle┼ştirilemedi
              C:\ShadowStrike\ShadowStrike\src\Shared_modules\Core\FileSystem\DirectoryMonitor.cpp(725,24):
              ┼Şu ┼şablon ba─ş─▒ms─▒z de─şi┼şkenleriyle:
                  C:\ShadowStrike\ShadowStrike\src\Shared_modules\Core\FileSystem\DirectoryMonitor.cpp(725,24):
                  'Args={<error type>}'
      C:\ShadowStrike\ShadowStrike\src\Shared_modules\Core\FileSystem\DirectoryMonitor.cpp(725,24):
      '(const wchar_t [38], <error type>)' ba─ş─▒ms─▒z de─şi┼şken listesi e┼şlenmeye ├ğal─▒┼ş─▒l─▒rken
  
C:\ShadowStrike\ShadowStrike\src\Shared_modules\Core\Engine\EmulationEngine.hpp(351,22): error C2059: s├Âzdizimi hatas─▒: 'sabit' [C:\ShadowStrike\ShadowStrike\ShadowStrike.vcxproj]
  ('/src/Shared_modules/Core/Engine/EmulationEngine.cpp' kaynak dosyas─▒ derleniyor)
  
C:\ShadowStrike\ShadowStrike\src\Shared_modules\Core\FileSystem\DirectoryMonitor.cpp(747,28): error C2664: 'void ShadowStrike::Utils::Logger::Warn(const char *)' : 1 ba─ş─▒ms─▒z de─şi┼şkeni 'const wchar_t [34]' de─şerinden 'const char *' de─şerine d├Ân├╝┼şt├╝r├╝lemez [C:\ShadowStrike\ShadowStrike\ShadowStrike.vcxproj]
  ('/src/Shared_modules/Core/FileSystem/DirectoryMonitor.cpp' kaynak dosyas─▒ derleniyor)
      C:\ShadowStrike\ShadowStrike\src\Shared_modules\Core\FileSystem\DirectoryMonitor.cpp(747,33):
      ─░┼şaretlenen t├╝rler ilgisiz; d├Ân├╝┼şt├╝rme reinterpret_cast, C stili t├╝r d├Ân├╝┼şt├╝rme veya parantez i├ğine al─▒nm─▒┼ş i┼şlev stili t├╝r d├Ân├╝┼şt├╝rme gerektiriyor
      C:\ShadowStrike\ShadowStrike\src\Shared_modules\Utils\Logger.hpp(264,16):
      'ShadowStrike::Utils::Logger::Warn' bildirimine bak─▒n
      C:\ShadowStrike\ShadowStrike\src\Shared_modules\Utils\Logger.hpp(278,16):
      'void ShadowStrike::Utils::Logger::Warn(std::basic_format_string<char,type_identity<_Args>::type...>,Args ...)' olabilirdi
          C:\ShadowStrike\ShadowStrike\src\Shared_modules\Core\FileSystem\DirectoryMonitor.cpp(747,28):
          ili┼şkili k─▒s─▒tlamalar kar┼ş─▒lanmad─▒
              C:\ShadowStrike\ShadowStrike\src\Shared_modules\Utils\Logger.hpp(277,57):
              k─▒s─▒tlama yerine getirilmedi
      C:\ShadowStrike\ShadowStrike\src\Shared_modules\Core\FileSystem\DirectoryMonitor.cpp(747,28):
      '(const wchar_t [34])' ba─ş─▒ms─▒z de─şi┼şken listesi e┼şlenmeye ├ğal─▒┼ş─▒l─▒rken
  
C:\ShadowStrike\ShadowStrike\src\Shared_modules\Core\FileSystem\DirectoryMonitor.cpp(754,27): warning C4834: [[nodiscard]] ├Âzniteli─şine sahip i┼şlevin d├Ân├╝┼ş de─şerinin at─▒lmas─▒ [C:\ShadowStrike\ShadowStrike\ShadowStrike.vcxproj]
  ('/src/Shared_modules/Core/FileSystem/DirectoryMonitor.cpp' kaynak dosyas─▒ derleniyor)
  
C:\ShadowStrike\ShadowStrike\src\Shared_modules\Core\FileSystem\DirectoryMonitor.cpp(761,27): warning C4834: [[nodiscard]] ├Âzniteli─şine sahip i┼şlevin d├Ân├╝┼ş de─şerinin at─▒lmas─▒ [C:\ShadowStrike\ShadowStrike\ShadowStrike.vcxproj]
  ('/src/Shared_modules/Core/FileSystem/DirectoryMonitor.cpp' kaynak dosyas─▒ derleniyor)
  
C:\ShadowStrike\ShadowStrike\src\Shared_modules\Core\FileSystem\DirectoryMonitor.cpp(768,27): warning C4834: [[nodiscard]] ├Âzniteli─şine sahip i┼şlevin d├Ân├╝┼ş de─şerinin at─▒lmas─▒ [C:\ShadowStrike\ShadowStrike\ShadowStrike.vcxproj]
  ('/src/Shared_modules/Core/FileSystem/DirectoryMonitor.cpp' kaynak dosyas─▒ derleniyor)
  
C:\ShadowStrike\ShadowStrike\src\Shared_modules\Core\FileSystem\DirectoryMonitor.cpp(774,23): warning C4834: [[nodiscard]] ├Âzniteli─şine sahip i┼şlevin d├Ân├╝┼ş de─şerinin at─▒lmas─▒ [C:\ShadowStrike\ShadowStrike\ShadowStrike.vcxproj]
  ('/src/Shared_modules/Core/FileSystem/DirectoryMonitor.cpp' kaynak dosyas─▒ derleniyor)
  
C:\ShadowStrike\ShadowStrike\src\Shared_modules\Core\FileSystem\DirectoryMonitor.cpp(780,27): warning C4834: [[nodiscard]] ├Âzniteli─şine sahip i┼şlevin d├Ân├╝┼ş de─şerinin at─▒lmas─▒ [C:\ShadowStrike\ShadowStrike\ShadowStrike.vcxproj]
  ('/src/Shared_modules/Core/FileSystem/DirectoryMonitor.cpp' kaynak dosyas─▒ derleniyor)
  
C:\ShadowStrike\ShadowStrike\src\Shared_modules\Core\FileSystem\DirectoryMonitor.cpp(784,24): error C2664: 'void ShadowStrike::Utils::Logger::Info(const char *)' : 1 ba─ş─▒ms─▒z de─şi┼şkeni 'const wchar_t [52]' de─şerinden 'const char *' de─şerine d├Ân├╝┼şt├╝r├╝lemez [C:\ShadowStrike\ShadowStrike\ShadowStrike.vcxproj]
  ('/src/Shared_modules/Core/FileSystem/DirectoryMonitor.cpp' kaynak dosyas─▒ derleniyor)
      C:\ShadowStrike\ShadowStrike\src\Shared_modules\Core\FileSystem\DirectoryMonitor.cpp(784,29):
      ─░┼şaretlenen t├╝rler ilgisiz; d├Ân├╝┼şt├╝rme reinterpret_cast, C stili t├╝r d├Ân├╝┼şt├╝rme veya parantez i├ğine al─▒nm─▒┼ş i┼şlev stili t├╝r d├Ân├╝┼şt├╝rme gerektiriyor
      C:\ShadowStrike\ShadowStrike\src\Shared_modules\Utils\Logger.hpp(265,16):
      'ShadowStrike::Utils::Logger::Info' bildirimine bak─▒n
      C:\ShadowStrike\ShadowStrike\src\Shared_modules\Utils\Logger.hpp(282,16):
      'void ShadowStrike::Utils::Logger::Info(std::basic_format_string<char,type_identity<_Args>::type...>,Args ...)' olabilirdi
          C:\ShadowStrike\ShadowStrike\src\Shared_modules\Core\FileSystem\DirectoryMonitor.cpp(784,24):
          ili┼şkili k─▒s─▒tlamalar kar┼ş─▒lanmad─▒
              C:\ShadowStrike\ShadowStrike\src\Shared_modules\Utils\Logger.hpp(281,57):
              k─▒s─▒tlama yerine getirilmedi
      C:\ShadowStrike\ShadowStrike\src\Shared_modules\Core\FileSystem\DirectoryMonitor.cpp(784,24):
      '(const wchar_t [52])' ba─ş─▒ms─▒z de─şi┼şken listesi e┼şlenmeye ├ğal─▒┼ş─▒l─▒rken
  
C:\ShadowStrike\ShadowStrike\src\Shared_modules\Core\FileSystem\DirectoryMonitor.cpp(788,49): error C2039: 'Utf8ToWide': bir 'ShadowStrike::Utils::StringUtils' ├╝yesi de─şil [C:\ShadowStrike\ShadowStrike\ShadowStrike.vcxproj]
  ('/src/Shared_modules/Core/FileSystem/DirectoryMonitor.cpp' kaynak dosyas─▒ derleniyor)
      C:\ShadowStrike\ShadowStrike\src\Shared_modules\Utils\StringUtils.hpp(63,19):
      'ShadowStrike::Utils::StringUtils' bildirimine bak─▒n
  
C:\ShadowStrike\ShadowStrike\src\Shared_modules\Core\FileSystem\DirectoryMonitor.cpp(788,49): error C3861: 'Utf8ToWide': tan─▒mlay─▒c─▒ bulunamad─▒ [C:\ShadowStrike\ShadowStrike\ShadowStrike.vcxproj]
  ('/src/Shared_modules/Core/FileSystem/DirectoryMonitor.cpp' kaynak dosyas─▒ derleniyor)
  
C:\ShadowStrike\ShadowStrike\src\Shared_modules\Core\FileSystem\DirectoryMonitor.cpp(787,24): error C2660: 'ShadowStrike::Utils::Logger::Error': i┼şlev 2 ba─ş─▒ms─▒z de─şi┼şken alm─▒yor [C:\ShadowStrike\ShadowStrike\ShadowStrike.vcxproj]
  DNSMonitor.cpp
  EmailScanner.cpp
  ('/src/Shared_modules/Core/FileSystem/DirectoryMonitor.cpp' kaynak dosyas─▒ derleniyor)
      C:\ShadowStrike\ShadowStrike\src\Shared_modules\Utils\Logger.hpp(263,16):
      'ShadowStrike::Utils::Logger::Error' bildirimine bak─▒n
      C:\ShadowStrike\ShadowStrike\src\Shared_modules\Utils\Logger.hpp(274,16):
      'void ShadowStrike::Utils::Logger::Error(std::basic_format_string<char,type_identity<_Args>::type...>,Args ...)' olabilirdi
          C:\ShadowStrike\ShadowStrike\src\Shared_modules\Core\FileSystem\DirectoryMonitor.cpp(787,24):
          'void ShadowStrike::Utils::Logger::Error(std::basic_format_string<char,type_identity<_Args>::type...>,Args ...)' i┼şlev ┼şablonu ├Âzelle┼ştirilemedi
              C:\ShadowStrike\ShadowStrike\src\Shared_modules\Core\FileSystem\DirectoryMonitor.cpp(787,24):
              ┼Şu ┼şablon ba─ş─▒ms─▒z de─şi┼şkenleriyle:
                  C:\ShadowStrike\ShadowStrike\src\Shared_modules\Core\FileSystem\DirectoryMonitor.cpp(787,24):
                  'Args={<error type>}'
      C:\ShadowStrike\ShadowStrike\src\Shared_modules\Core\FileSystem\DirectoryMonitor.cpp(787,24):
      '(const wchar_t [56], <error type>)' ba─ş─▒ms─▒z de─şi┼şken listesi e┼şlenmeye ├ğal─▒┼ş─▒l─▒rken
  
C:\ShadowStrike\ShadowStrike\src\Shared_modules\Core\FileSystem\DirectoryMonitor.cpp(804,32): error C2665: 'ShadowStrike::Utils::Logger::Info': hi├ğbir a┼ş─▒r─▒ y├╝klenmi┼ş i┼şlev t├╝m arg├╝man t├╝rlerini d├Ân├╝┼şt├╝remez [C:\ShadowStrike\ShadowStrike\ShadowStrike.vcxproj]
  ('/src/Shared_modules/Core/FileSystem/DirectoryMonitor.cpp' kaynak dosyas─▒ derleniyor)
      C:\ShadowStrike\ShadowStrike\src\Shared_modules\Utils\Logger.hpp(282,16):
      'void ShadowStrike::Utils::Logger::Info<const std::wstring&>(std::basic_format_string<char,const std::wstring &>,const std::wstring &)' olabilirdi
          C:\ShadowStrike\ShadowStrike\src\Shared_modules\Core\FileSystem\DirectoryMonitor.cpp(804,32):
          'void ShadowStrike::Utils::Logger::Info<const std::wstring&>(std::basic_format_string<char,const std::wstring &>,const std::wstring &)' : 1 ba─ş─▒ms─▒z de─şi┼şkeni 'const wchar_t [46]' de─şerinden 'std::basic_format_string<char,const std::wstring &>' de─şerine d├Ân├╝┼şt├╝r├╝lemez
              C:\ShadowStrike\ShadowStrike\src\Shared_modules\Core\FileSystem\DirectoryMonitor.cpp(804,37):
              'std::basic_format_string<char,const std::wstring &>::basic_format_string': hi├ğbir a┼ş─▒r─▒ y├╝klenmi┼ş i┼şlev t├╝m arg├╝man t├╝rlerini d├Ân├╝┼şt├╝remez
                  C:\Program Files\Microsoft Visual Studio\2022\Community\VC\Tools\MSVC\14.44.35207\include\format(2867,1):
                  'std::basic_format_string<char,const std::wstring &>::basic_format_string(std::basic_format_string<char,const std::wstring &> &&)' olabilirdi
                      C:\ShadowStrike\ShadowStrike\src\Shared_modules\Core\FileSystem\DirectoryMonitor.cpp(804,37):
                      'std::basic_format_string<char,const std::wstring &>::basic_format_string(std::basic_format_string<char,const std::wstring &> &&)' : 1 ba─ş─▒ms─▒z de─şi┼şkeni 'const wchar_t [46]' de─şerinden 'std::basic_format_string<char,const std::wstring &> &&' de─şerine d├Ân├╝┼şt├╝r├╝lemez
                          C:\ShadowStrike\ShadowStrike\src\Shared_modules\Core\FileSystem\DirectoryMonitor.cpp(804,37):
                          Nedeni: 'const wchar_t [46]' de─şerinden 'std::basic_format_string<char,const std::wstring &>' de─şerine d├Ân├╝┼şt├╝r├╝lemez
                          C:\ShadowStrike\ShadowStrike\src\Shared_modules\Core\FileSystem\DirectoryMonitor.cpp(804,37):
                          D├Ân├╝┼şt├╝rme ikinci bir kullan─▒c─▒ tan─▒ml─▒ d├Ân├╝┼şt├╝rme i┼şleci veya olu┼şturucu gerektiriyor
                  C:\Program Files\Microsoft Visual Studio\2022\Community\VC\Tools\MSVC\14.44.35207\include\format(2867,1):
                  veya       'std::basic_format_string<char,const std::wstring &>::basic_format_string(const std::basic_format_string<char,const std::wstring &> &)'
                      C:\ShadowStrike\ShadowStrike\src\Shared_modules\Core\FileSystem\DirectoryMonitor.cpp(804,37):
                      'std::basic_format_string<char,const std::wstring &>::basic_format_string(const std::basic_format_string<char,const std::wstring &> &)' : 1 ba─ş─▒ms─▒z de─şi┼şkeni 'const wchar_t [46]' de─şerinden 'const std::basic_format_string<char,const std::wstring &> &' de─şerine d├Ân├╝┼şt├╝r├╝lemez
                          C:\ShadowStrike\ShadowStrike\src\Shared_modules\Core\FileSystem\DirectoryMonitor.cpp(804,37):
                          Nedeni: 'const wchar_t [46]' de─şerinden 'const std::basic_format_string<char,const std::wstring &>' de─şerine d├Ân├╝┼şt├╝r├╝lemez
                          C:\ShadowStrike\ShadowStrike\src\Shared_modules\Core\FileSystem\DirectoryMonitor.cpp(804,37):
                          D├Ân├╝┼şt├╝rme ikinci bir kullan─▒c─▒ tan─▒ml─▒ d├Ân├╝┼şt├╝rme i┼şleci veya olu┼şturucu gerektiriyor
                  C:\Program Files\Microsoft Visual Studio\2022\Community\VC\Tools\MSVC\14.44.35207\include\format(2850,5):
                  veya       'std::basic_format_string<char,const std::wstring &>::basic_format_string(const _Ty &)'
                  C:\ShadowStrike\ShadowStrike\src\Shared_modules\Core\FileSystem\DirectoryMonitor.cpp(804,37):
                  '(const wchar_t [46])' ba─ş─▒ms─▒z de─şi┼şken listesi e┼şlenmeye ├ğal─▒┼ş─▒l─▒rken
      C:\ShadowStrike\ShadowStrike\src\Shared_modules\Core\FileSystem\DirectoryMonitor.cpp(804,32):
      '(const wchar_t [46], const std::wstring)' ba─ş─▒ms─▒z de─şi┼şken listesi e┼şlenmeye ├ğal─▒┼ş─▒l─▒rken
  
C:\ShadowStrike\ShadowStrike\src\Shared_modules\Core\FileSystem\DirectoryMonitor.cpp(811,28): error C2664: 'void ShadowStrike::Utils::Logger::Error(const char *)' : 1 ba─ş─▒ms─▒z de─şi┼şkeni 'const wchar_t [54]' de─şerinden 'const char *' de─şerine d├Ân├╝┼şt├╝r├╝lemez [C:\ShadowStrike\ShadowStrike\ShadowStrike.vcxproj]
  ('/src/Shared_modules/Core/FileSystem/DirectoryMonitor.cpp' kaynak dosyas─▒ derleniyor)
      C:\ShadowStrike\ShadowStrike\src\Shared_modules\Core\FileSystem\DirectoryMonitor.cpp(811,34):
      ─░┼şaretlenen t├╝rler ilgisiz; d├Ân├╝┼şt├╝rme reinterpret_cast, C stili t├╝r d├Ân├╝┼şt├╝rme veya parantez i├ğine al─▒nm─▒┼ş i┼şlev stili t├╝r d├Ân├╝┼şt├╝rme gerektiriyor
      C:\ShadowStrike\ShadowStrike\src\Shared_modules\Utils\Logger.hpp(263,16):
      'ShadowStrike::Utils::Logger::Error' bildirimine bak─▒n
      C:\ShadowStrike\ShadowStrike\src\Shared_modules\Utils\Logger.hpp(274,16):
      'void ShadowStrike::Utils::Logger::Error(std::basic_format_string<char,type_identity<_Args>::type...>,Args ...)' olabilirdi
          C:\ShadowStrike\ShadowStrike\src\Shared_modules\Core\FileSystem\DirectoryMonitor.cpp(811,28):
          ili┼şkili k─▒s─▒tlamalar kar┼ş─▒lanmad─▒
              C:\ShadowStrike\ShadowStrike\src\Shared_modules\Utils\Logger.hpp(273,57):
              k─▒s─▒tlama yerine getirilmedi
      C:\ShadowStrike\ShadowStrike\src\Shared_modules\Core\FileSystem\DirectoryMonitor.cpp(811,28):
      '(const wchar_t [54])' ba─ş─▒ms─▒z de─şi┼şken listesi e┼şlenmeye ├ğal─▒┼ş─▒l─▒rken
  
C:\ShadowStrike\ShadowStrike\src\Shared_modules\Core\FileSystem\DirectoryMonitor.cpp(816,14): error C2653: 'fs': bir s─▒n─▒f veya ad alan─▒ ad─▒ de─şil [C:\ShadowStrike\ShadowStrike\ShadowStrike.vcxproj]
  ('/src/Shared_modules/Core/FileSystem/DirectoryMonitor.cpp' kaynak dosyas─▒ derleniyor)
  
C:\ShadowStrike\ShadowStrike\src\Shared_modules\Core\FileSystem\DirectoryMonitor.cpp(816,18): error C3861: 'exists': tan─▒mlay─▒c─▒ bulunamad─▒ [C:\ShadowStrike\ShadowStrike\ShadowStrike.vcxproj]
  FirewallManager.cpp
  ('/src/Shared_modules/Core/FileSystem/DirectoryMonitor.cpp' kaynak dosyas─▒ derleniyor)
  
  NetworkMonitor.cpp
C:\ShadowStrike\ShadowStrike\src\Shared_modules\Core\FileSystem\DirectoryMonitor.cpp(817,28): error C2665: 'ShadowStrike::Utils::Logger::Warn': hi├ğbir a┼ş─▒r─▒ y├╝klenmi┼ş i┼şlev t├╝m arg├╝man t├╝rlerini d├Ân├╝┼şt├╝remez [C:\ShadowStrike\ShadowStrike\ShadowStrike.vcxproj]
  ('/src/Shared_modules/Core/FileSystem/DirectoryMonitor.cpp' kaynak dosyas─▒ derleniyor)
      C:\ShadowStrike\ShadowStrike\src\Shared_modules\Utils\Logger.hpp(278,16):
      'void ShadowStrike::Utils::Logger::Warn<const std::wstring&>(std::basic_format_string<char,const std::wstring &>,const std::wstring &)' olabilirdi
          C:\ShadowStrike\ShadowStrike\src\Shared_modules\Core\FileSystem\DirectoryMonitor.cpp(817,28):
          'void ShadowStrike::Utils::Logger::Warn<const std::wstring&>(std::basic_format_string<char,const std::wstring &>,const std::wstring &)' : 1 ba─ş─▒ms─▒z de─şi┼şkeni 'const wchar_t [43]' de─şerinden 'std::basic_format_string<char,const std::wstring &>' de─şerine d├Ân├╝┼şt├╝r├╝lemez
              C:\ShadowStrike\ShadowStrike\src\Shared_modules\Core\FileSystem\DirectoryMonitor.cpp(817,33):
              'std::basic_format_string<char,const std::wstring &>::basic_format_string': hi├ğbir a┼ş─▒r─▒ y├╝klenmi┼ş i┼şlev t├╝m arg├╝man t├╝rlerini d├Ân├╝┼şt├╝remez
                  C:\Program Files\Microsoft Visual Studio\2022\Community\VC\Tools\MSVC\14.44.35207\include\format(2867,1):
                  'std::basic_format_string<char,const std::wstring &>::basic_format_string(std::basic_format_string<char,const std::wstring &> &&)' olabilirdi
                      C:\ShadowStrike\ShadowStrike\src\Shared_modules\Core\FileSystem\DirectoryMonitor.cpp(817,33):
                      'std::basic_format_string<char,const std::wstring &>::basic_format_string(std::basic_format_string<char,const std::wstring &> &&)' : 1 ba─ş─▒ms─▒z de─şi┼şkeni 'const wchar_t [43]' de─şerinden 'std::basic_format_string<char,const std::wstring &> &&' de─şerine d├Ân├╝┼şt├╝r├╝lemez
                          C:\ShadowStrike\ShadowStrike\src\Shared_modules\Core\FileSystem\DirectoryMonitor.cpp(817,33):
                          Nedeni: 'const wchar_t [43]' de─şerinden 'std::basic_format_string<char,const std::wstring &>' de─şerine d├Ân├╝┼şt├╝r├╝lemez
                          C:\ShadowStrike\ShadowStrike\src\Shared_modules\Core\FileSystem\DirectoryMonitor.cpp(817,33):
                          D├Ân├╝┼şt├╝rme ikinci bir kullan─▒c─▒ tan─▒ml─▒ d├Ân├╝┼şt├╝rme i┼şleci veya olu┼şturucu gerektiriyor
                  C:\Program Files\Microsoft Visual Studio\2022\Community\VC\Tools\MSVC\14.44.35207\include\format(2867,1):
                  veya       'std::basic_format_string<char,const std::wstring &>::basic_format_string(const std::basic_format_string<char,const std::wstring &> &)'
                      C:\ShadowStrike\ShadowStrike\src\Shared_modules\Core\FileSystem\DirectoryMonitor.cpp(817,33):
                      'std::basic_format_string<char,const std::wstring &>::basic_format_string(const std::basic_format_string<char,const std::wstring &> &)' : 1 ba─ş─▒ms─▒z de─şi┼şkeni 'const wchar_t [43]' de─şerinden 'const std::basic_format_string<char,const std::wstring &> &' de─şerine d├Ân├╝┼şt├╝r├╝lemez
                          C:\ShadowStrike\ShadowStrike\src\Shared_modules\Core\FileSystem\DirectoryMonitor.cpp(817,33):
                          Nedeni: 'const wchar_t [43]' de─şerinden 'const std::basic_format_string<char,const std::wstring &>' de─şerine d├Ân├╝┼şt├╝r├╝lemez
                          C:\ShadowStrike\ShadowStrike\src\Shared_modules\Core\FileSystem\DirectoryMonitor.cpp(817,33):
                          D├Ân├╝┼şt├╝rme ikinci bir kullan─▒c─▒ tan─▒ml─▒ d├Ân├╝┼şt├╝rme i┼şleci veya olu┼şturucu gerektiriyor
                  C:\Program Files\Microsoft Visual Studio\2022\Community\VC\Tools\MSVC\14.44.35207\include\format(2850,5):
                  veya       'std::basic_format_string<char,const std::wstring &>::basic_format_string(const _Ty &)'
                  C:\ShadowStrike\ShadowStrike\src\Shared_modules\Core\FileSystem\DirectoryMonitor.cpp(817,33):
                  '(const wchar_t [43])' ba─ş─▒ms─▒z de─şi┼şken listesi e┼şlenmeye ├ğal─▒┼ş─▒l─▒rken
      C:\ShadowStrike\ShadowStrike\src\Shared_modules\Core\FileSystem\DirectoryMonitor.cpp(817,28):
      '(const wchar_t [43], const std::wstring)' ba─ş─▒ms─▒z de─şi┼şken listesi e┼şlenmeye ├ğal─▒┼ş─▒l─▒rken
  
C:\ShadowStrike\ShadowStrike\src\Shared_modules\Core\FileSystem\DirectoryMonitor.cpp(824,28): error C2665: 'ShadowStrike::Utils::Logger::Info': hi├ğbir a┼ş─▒r─▒ y├╝klenmi┼ş i┼şlev t├╝m arg├╝man t├╝rlerini d├Ân├╝┼şt├╝remez [C:\ShadowStrike\ShadowStrike\ShadowStrike.vcxproj]
  ('/src/Shared_modules/Core/FileSystem/DirectoryMonitor.cpp' kaynak dosyas─▒ derleniyor)
      C:\ShadowStrike\ShadowStrike\src\Shared_modules\Utils\Logger.hpp(282,16):
      'void ShadowStrike::Utils::Logger::Info<const std::wstring&>(std::basic_format_string<char,const std::wstring &>,const std::wstring &)' olabilirdi
          C:\ShadowStrike\ShadowStrike\src\Shared_modules\Core\FileSystem\DirectoryMonitor.cpp(824,28):
          'void ShadowStrike::Utils::Logger::Info<const std::wstring&>(std::basic_format_string<char,const std::wstring &>,const std::wstring &)' : 1 ba─ş─▒ms─▒z de─şi┼şkeni 'const wchar_t [40]' de─şerinden 'std::basic_format_string<char,const std::wstring &>' de─şerine d├Ân├╝┼şt├╝r├╝lemez
              C:\ShadowStrike\ShadowStrike\src\Shared_modules\Core\FileSystem\DirectoryMonitor.cpp(824,33):
              'std::basic_format_string<char,const std::wstring &>::basic_format_string': hi├ğbir a┼ş─▒r─▒ y├╝klenmi┼ş i┼şlev t├╝m arg├╝man t├╝rlerini d├Ân├╝┼şt├╝remez
                  C:\Program Files\Microsoft Visual Studio\2022\Community\VC\Tools\MSVC\14.44.35207\include\format(2867,1):
                  'std::basic_format_string<char,const std::wstring &>::basic_format_string(std::basic_format_string<char,const std::wstring &> &&)' olabilirdi
                      C:\ShadowStrike\ShadowStrike\src\Shared_modules\Core\FileSystem\DirectoryMonitor.cpp(824,33):
                      'std::basic_format_string<char,const std::wstring &>::basic_format_string(std::basic_format_string<char,const std::wstring &> &&)' : 1 ba─ş─▒ms─▒z de─şi┼şkeni 'const wchar_t [40]' de─şerinden 'std::basic_format_string<char,const std::wstring &> &&' de─şerine d├Ân├╝┼şt├╝r├╝lemez
                          C:\ShadowStrike\ShadowStrike\src\Shared_modules\Core\FileSystem\DirectoryMonitor.cpp(824,33):
                          Nedeni: 'const wchar_t [40]' de─şerinden 'std::basic_format_string<char,const std::wstring &>' de─şerine d├Ân├╝┼şt├╝r├╝lemez
                          C:\ShadowStrike\ShadowStrike\src\Shared_modules\Core\FileSystem\DirectoryMonitor.cpp(824,33):
                          D├Ân├╝┼şt├╝rme ikinci bir kullan─▒c─▒ tan─▒ml─▒ d├Ân├╝┼şt├╝rme i┼şleci veya olu┼şturucu gerektiriyor
                  C:\Program Files\Microsoft Visual Studio\2022\Community\VC\Tools\MSVC\14.44.35207\include\format(2867,1):
                  veya       'std::basic_format_string<char,const std::wstring &>::basic_format_string(const std::basic_format_string<char,const std::wstring &> &)'
                      C:\ShadowStrike\ShadowStrike\src\Shared_modules\Core\FileSystem\DirectoryMonitor.cpp(824,33):
                      'std::basic_format_string<char,const std::wstring &>::basic_format_string(const std::basic_format_string<char,const std::wstring &> &)' : 1 ba─ş─▒ms─▒z de─şi┼şkeni 'const wchar_t [40]' de─şerinden 'const std::basic_format_string<char,const std::wstring &> &' de─şerine d├Ân├╝┼şt├╝r├╝lemez
                          C:\ShadowStrike\ShadowStrike\src\Shared_modules\Core\FileSystem\DirectoryMonitor.cpp(824,33):
                          Nedeni: 'const wchar_t [40]' de─şerinden 'const std::basic_format_string<char,const std::wstring &>' de─şerine d├Ân├╝┼şt├╝r├╝lemez
                          C:\ShadowStrike\ShadowStrike\src\Shared_modules\Core\FileSystem\DirectoryMonitor.cpp(824,33):
                          D├Ân├╝┼şt├╝rme ikinci bir kullan─▒c─▒ tan─▒ml─▒ d├Ân├╝┼şt├╝rme i┼şleci veya olu┼şturucu gerektiriyor
                  C:\Program Files\Microsoft Visual Studio\2022\Community\VC\Tools\MSVC\14.44.35207\include\format(2850,5):
                  veya       'std::basic_format_string<char,const std::wstring &>::basic_format_string(const _Ty &)'
                  C:\ShadowStrike\ShadowStrike\src\Shared_modules\Core\FileSystem\DirectoryMonitor.cpp(824,33):
                  '(const wchar_t [40])' ba─ş─▒ms─▒z de─şi┼şken listesi e┼şlenmeye ├ğal─▒┼ş─▒l─▒rken
      C:\ShadowStrike\ShadowStrike\src\Shared_modules\Core\FileSystem\DirectoryMonitor.cpp(824,28):
      '(const wchar_t [40], const std::wstring)' ba─ş─▒ms─▒z de─şi┼şken listesi e┼şlenmeye ├ğal─▒┼ş─▒l─▒rken
  
C:\ShadowStrike\ShadowStrike\src\Shared_modules\Core\FileSystem\DirectoryMonitor.cpp(850,28): error C2665: 'ShadowStrike::Utils::Logger::Error': hi├ğbir a┼ş─▒r─▒ y├╝klenmi┼ş i┼şlev t├╝m arg├╝man t├╝rlerini d├Ân├╝┼şt├╝remez [C:\ShadowStrike\ShadowStrike\ShadowStrike.vcxproj]
  P2PMonitor.cpp
  ('/src/Shared_modules/Core/FileSystem/DirectoryMonitor.cpp' kaynak dosyas─▒ derleniyor)
      C:\ShadowStrike\ShadowStrike\src\Shared_modules\Utils\Logger.hpp(274,16):
      'void ShadowStrike::Utils::Logger::Error<const std::wstring&,DWORD>(std::basic_format_string<char,const std::wstring &,unsigned long>,const std::wstring &,DWORD &&)' olabilirdi
          C:\ShadowStrike\ShadowStrike\src\Shared_modules\Core\FileSystem\DirectoryMonitor.cpp(850,28):
          'void ShadowStrike::Utils::Logger::Error<const std::wstring&,DWORD>(std::basic_format_string<char,const std::wstring &,unsigned long>,const std::wstring &,DWORD &&)' : 1 ba─ş─▒ms─▒z de─şi┼şkeni 'const wchar_t [58]' de─şerinden 'std::basic_format_string<char,const std::wstring &,unsigned long>' de─şerine d├Ân├╝┼şt├╝r├╝lemez
              C:\ShadowStrike\ShadowStrike\src\Shared_modules\Core\FileSystem\DirectoryMonitor.cpp(850,34):
              'std::basic_format_string<char,const std::wstring &,unsigned long>::basic_format_string': hi├ğbir a┼ş─▒r─▒ y├╝klenmi┼ş i┼şlev t├╝m arg├╝man t├╝rlerini d├Ân├╝┼şt├╝remez
                  C:\Program Files\Microsoft Visual Studio\2022\Community\VC\Tools\MSVC\14.44.35207\include\format(2867,1):
                  'std::basic_format_string<char,const std::wstring &,unsigned long>::basic_format_string(std::basic_format_string<char,const std::wstring &,unsigned long> &&)' olabilirdi
                      C:\ShadowStrike\ShadowStrike\src\Shared_modules\Core\FileSystem\DirectoryMonitor.cpp(850,34):
                      'std::basic_format_string<char,const std::wstring &,unsigned long>::basic_format_string(std::basic_format_string<char,const std::wstring &,unsigned long> &&)' : 1 ba─ş─▒ms─▒z de─şi┼şkeni 'const wchar_t [58]' de─şerinden 'std::basic_format_string<char,const std::wstring &,unsigned long> &&' de─şerine d├Ân├╝┼şt├╝r├╝lemez
                          C:\ShadowStrike\ShadowStrike\src\Shared_modules\Core\FileSystem\DirectoryMonitor.cpp(850,34):
                          Nedeni: 'const wchar_t [58]' de─şerinden 'std::basic_format_string<char,const std::wstring &,unsigned long>' de─şerine d├Ân├╝┼şt├╝r├╝lemez
                          C:\ShadowStrike\ShadowStrike\src\Shared_modules\Core\FileSystem\DirectoryMonitor.cpp(850,34):
                          D├Ân├╝┼şt├╝rme ikinci bir kullan─▒c─▒ tan─▒ml─▒ d├Ân├╝┼şt├╝rme i┼şleci veya olu┼şturucu gerektiriyor
                  C:\Program Files\Microsoft Visual Studio\2022\Community\VC\Tools\MSVC\14.44.35207\include\format(2867,1):
                  veya       'std::basic_format_string<char,const std::wstring &,unsigned long>::basic_format_string(const std::basic_format_string<char,const std::wstring &,unsigned long> &)'
                      C:\ShadowStrike\ShadowStrike\src\Shared_modules\Core\FileSystem\DirectoryMonitor.cpp(850,34):
                      'std::basic_format_string<char,const std::wstring &,unsigned long>::basic_format_string(const std::basic_format_string<char,const std::wstring &,unsigned long> &)' : 1 ba─ş─▒ms─▒z de─şi┼şkeni 'const wchar_t [58]' de─şerinden 'const std::basic_format_string<char,const std::wstring &,unsigned long> &' de─şerine d├Ân├╝┼şt├╝r├╝lemez
                          C:\ShadowStrike\ShadowStrike\src\Shared_modules\Core\FileSystem\DirectoryMonitor.cpp(850,34):
                          Nedeni: 'const wchar_t [58]' de─şerinden 'const std::basic_format_string<char,const std::wstring &,unsigned long>' de─şerine d├Ân├╝┼şt├╝r├╝lemez
                          C:\ShadowStrike\ShadowStrike\src\Shared_modules\Core\FileSystem\DirectoryMonitor.cpp(850,34):
                          D├Ân├╝┼şt├╝rme ikinci bir kullan─▒c─▒ tan─▒ml─▒ d├Ân├╝┼şt├╝rme i┼şleci veya olu┼şturucu gerektiriyor
                  C:\Program Files\Microsoft Visual Studio\2022\Community\VC\Tools\MSVC\14.44.35207\include\format(2850,5):
                  veya       'std::basic_format_string<char,const std::wstring &,unsigned long>::basic_format_string(const _Ty &)'
                  C:\ShadowStrike\ShadowStrike\src\Shared_modules\Core\FileSystem\DirectoryMonitor.cpp(850,34):
                  '(const wchar_t [58])' ba─ş─▒ms─▒z de─şi┼şken listesi e┼şlenmeye ├ğal─▒┼ş─▒l─▒rken
      C:\ShadowStrike\ShadowStrike\src\Shared_modules\Core\FileSystem\DirectoryMonitor.cpp(850,28):
      '(const wchar_t [58], const std::wstring, DWORD)' ba─ş─▒ms─▒z de─şi┼şken listesi e┼şlenmeye ├ğal─▒┼ş─▒l─▒rken
  
C:\ShadowStrike\ShadowStrike\src\Shared_modules\Core\FileSystem\DirectoryMonitor.cpp(860,28): error C2665: 'ShadowStrike::Utils::Logger::Error': hi├ğbir a┼ş─▒r─▒ y├╝klenmi┼ş i┼şlev t├╝m arg├╝man t├╝rlerini d├Ân├╝┼şt├╝remez [C:\ShadowStrike\ShadowStrike\ShadowStrike.vcxproj]
  ('/src/Shared_modules/Core/FileSystem/DirectoryMonitor.cpp' kaynak dosyas─▒ derleniyor)
      C:\ShadowStrike\ShadowStrike\src\Shared_modules\Utils\Logger.hpp(274,16):
      'void ShadowStrike::Utils::Logger::Error<DWORD>(std::basic_format_string<char,unsigned long>,DWORD &&)' olabilirdi
          C:\ShadowStrike\ShadowStrike\src\Shared_modules\Core\FileSystem\DirectoryMonitor.cpp(860,28):
          'void ShadowStrike::Utils::Logger::Error<DWORD>(std::basic_format_string<char,unsigned long>,DWORD &&)' : 1 ba─ş─▒ms─▒z de─şi┼şkeni 'const wchar_t [58]' de─şerinden 'std::basic_format_string<char,unsigned long>' de─şerine d├Ân├╝┼şt├╝r├╝lemez
              C:\ShadowStrike\ShadowStrike\src\Shared_modules\Core\FileSystem\DirectoryMonitor.cpp(860,34):
              'std::basic_format_string<char,unsigned long>::basic_format_string': hi├ğbir a┼ş─▒r─▒ y├╝klenmi┼ş i┼şlev t├╝m arg├╝man t├╝rlerini d├Ân├╝┼şt├╝remez
                  C:\Program Files\Microsoft Visual Studio\2022\Community\VC\Tools\MSVC\14.44.35207\include\format(2867,1):
                  'std::basic_format_string<char,unsigned long>::basic_format_string(std::basic_format_string<char,unsigned long> &&)' olabilirdi
                      C:\ShadowStrike\ShadowStrike\src\Shared_modules\Core\FileSystem\DirectoryMonitor.cpp(860,34):
                      'std::basic_format_string<char,unsigned long>::basic_format_string(std::basic_format_string<char,unsigned long> &&)' : 1 ba─ş─▒ms─▒z de─şi┼şkeni 'const wchar_t [58]' de─şerinden 'std::basic_format_string<char,unsigned long> &&' de─şerine d├Ân├╝┼şt├╝r├╝lemez
                          C:\ShadowStrike\ShadowStrike\src\Shared_modules\Core\FileSystem\DirectoryMonitor.cpp(860,34):
                          Nedeni: 'const wchar_t [58]' de─şerinden 'std::basic_format_string<char,unsigned long>' de─şerine d├Ân├╝┼şt├╝r├╝lemez
                          C:\ShadowStrike\ShadowStrike\src\Shared_modules\Core\FileSystem\DirectoryMonitor.cpp(860,34):
                          D├Ân├╝┼şt├╝rme ikinci bir kullan─▒c─▒ tan─▒ml─▒ d├Ân├╝┼şt├╝rme i┼şleci veya olu┼şturucu gerektiriyor
                  C:\Program Files\Microsoft Visual Studio\2022\Community\VC\Tools\MSVC\14.44.35207\include\format(2867,1):
                  veya       'std::basic_format_string<char,unsigned long>::basic_format_string(const std::basic_format_string<char,unsigned long> &)'
                      C:\ShadowStrike\ShadowStrike\src\Shared_modules\Core\FileSystem\DirectoryMonitor.cpp(860,34):
                      'std::basic_format_string<char,unsigned long>::basic_format_string(const std::basic_format_string<char,unsigned long> &)' : 1 ba─ş─▒ms─▒z de─şi┼şkeni 'const wchar_t [58]' de─şerinden 'const std::basic_format_string<char,unsigned long> &' de─şerine d├Ân├╝┼şt├╝r├╝lemez
                          C:\ShadowStrike\ShadowStrike\src\Shared_modules\Core\FileSystem\DirectoryMonitor.cpp(860,34):
                          Nedeni: 'const wchar_t [58]' de─şerinden 'const std::basic_format_string<char,unsigned long>' de─şerine d├Ân├╝┼şt├╝r├╝lemez
                          C:\ShadowStrike\ShadowStrike\src\Shared_modules\Core\FileSystem\DirectoryMonitor.cpp(860,34):
                          D├Ân├╝┼şt├╝rme ikinci bir kullan─▒c─▒ tan─▒ml─▒ d├Ân├╝┼şt├╝rme i┼şleci veya olu┼şturucu gerektiriyor
                  C:\Program Files\Microsoft Visual Studio\2022\Community\VC\Tools\MSVC\14.44.35207\include\format(2850,5):
                  veya       'std::basic_format_string<char,unsigned long>::basic_format_string(const _Ty &)'
                  C:\ShadowStrike\ShadowStrike\src\Shared_modules\Core\FileSystem\DirectoryMonitor.cpp(860,34):
                  '(const wchar_t [58])' ba─ş─▒ms─▒z de─şi┼şken listesi e┼şlenmeye ├ğal─▒┼ş─▒l─▒rken
      C:\ShadowStrike\ShadowStrike\src\Shared_modules\Core\FileSystem\DirectoryMonitor.cpp(860,28):
      '(const wchar_t [58], DWORD)' ba─ş─▒ms─▒z de─şi┼şken listesi e┼şlenmeye ├ğal─▒┼ş─▒l─▒rken
  
C:\ShadowStrike\ShadowStrike\src\Shared_modules\Core\FileSystem\DirectoryMonitor.cpp(869,28): error C2665: 'ShadowStrike::Utils::Logger::Error': hi├ğbir a┼ş─▒r─▒ y├╝klenmi┼ş i┼şlev t├╝m arg├╝man t├╝rlerini d├Ân├╝┼şt├╝remez [C:\ShadowStrike\ShadowStrike\ShadowStrike.vcxproj]
  ('/src/Shared_modules/Core/FileSystem/DirectoryMonitor.cpp' kaynak dosyas─▒ derleniyor)
      C:\ShadowStrike\ShadowStrike\src\Shared_modules\Utils\Logger.hpp(274,16):
      'void ShadowStrike::Utils::Logger::Error<DWORD>(std::basic_format_string<char,unsigned long>,DWORD &&)' olabilirdi
          C:\ShadowStrike\ShadowStrike\src\Shared_modules\Core\FileSystem\DirectoryMonitor.cpp(869,28):
          'void ShadowStrike::Utils::Logger::Error<DWORD>(std::basic_format_string<char,unsigned long>,DWORD &&)' : 1 ba─ş─▒ms─▒z de─şi┼şkeni 'const wchar_t [56]' de─şerinden 'std::basic_format_string<char,unsigned long>' de─şerine d├Ân├╝┼şt├╝r├╝lemez
              C:\ShadowStrike\ShadowStrike\src\Shared_modules\Core\FileSystem\DirectoryMonitor.cpp(869,34):
              'std::basic_format_string<char,unsigned long>::basic_format_string': hi├ğbir a┼ş─▒r─▒ y├╝klenmi┼ş i┼şlev t├╝m arg├╝man t├╝rlerini d├Ân├╝┼şt├╝remez
                  C:\Program Files\Microsoft Visual Studio\2022\Community\VC\Tools\MSVC\14.44.35207\include\format(2867,1):
                  'std::basic_format_string<char,unsigned long>::basic_format_string(std::basic_format_string<char,unsigned long> &&)' olabilirdi
                      C:\ShadowStrike\ShadowStrike\src\Shared_modules\Core\FileSystem\DirectoryMonitor.cpp(869,34):
                      'std::basic_format_string<char,unsigned long>::basic_format_string(std::basic_format_string<char,unsigned long> &&)' : 1 ba─ş─▒ms─▒z de─şi┼şkeni 'const wchar_t [56]' de─şerinden 'std::basic_format_string<char,unsigned long> &&' de─şerine d├Ân├╝┼şt├╝r├╝lemez
                          C:\ShadowStrike\ShadowStrike\src\Shared_modules\Core\FileSystem\DirectoryMonitor.cpp(869,34):
                          Nedeni: 'const wchar_t [56]' de─şerinden 'std::basic_format_string<char,unsigned long>' de─şerine d├Ân├╝┼şt├╝r├╝lemez
                          C:\ShadowStrike\ShadowStrike\src\Shared_modules\Core\FileSystem\DirectoryMonitor.cpp(869,34):
                          D├Ân├╝┼şt├╝rme ikinci bir kullan─▒c─▒ tan─▒ml─▒ d├Ân├╝┼şt├╝rme i┼şleci veya olu┼şturucu gerektiriyor
                  C:\Program Files\Microsoft Visual Studio\2022\Community\VC\Tools\MSVC\14.44.35207\include\format(2867,1):
                  veya       'std::basic_format_string<char,unsigned long>::basic_format_string(const std::basic_format_string<char,unsigned long> &)'
                      C:\ShadowStrike\ShadowStrike\src\Shared_modules\Core\FileSystem\DirectoryMonitor.cpp(869,34):
                      'std::basic_format_string<char,unsigned long>::basic_format_string(const std::basic_format_string<char,unsigned long> &)' : 1 ba─ş─▒ms─▒z de─şi┼şkeni 'const wchar_t [56]' de─şerinden 'const std::basic_format_string<char,unsigned long> &' de─şerine d├Ân├╝┼şt├╝r├╝lemez
                          C:\ShadowStrike\ShadowStrike\src\Shared_modules\Core\FileSystem\DirectoryMonitor.cpp(869,34):
                          Nedeni: 'const wchar_t [56]' de─şerinden 'const std::basic_format_string<char,unsigned long>' de─şerine d├Ân├╝┼şt├╝r├╝lemez
                          C:\ShadowStrike\ShadowStrike\src\Shared_modules\Core\FileSystem\DirectoryMonitor.cpp(869,34):
                          D├Ân├╝┼şt├╝rme ikinci bir kullan─▒c─▒ tan─▒ml─▒ d├Ân├╝┼şt├╝rme i┼şleci veya olu┼şturucu gerektiriyor
                  C:\Program Files\Microsoft Visual Studio\2022\Community\VC\Tools\MSVC\14.44.35207\include\format(2850,5):
                  veya       'std::basic_format_string<char,unsigned long>::basic_format_string(const _Ty &)'
                  C:\ShadowStrike\ShadowStrike\src\Shared_modules\Core\FileSystem\DirectoryMonitor.cpp(869,34):
                  '(const wchar_t [56])' ba─ş─▒ms─▒z de─şi┼şken listesi e┼şlenmeye ├ğal─▒┼ş─▒l─▒rken
      C:\ShadowStrike\ShadowStrike\src\Shared_modules\Core\FileSystem\DirectoryMonitor.cpp(869,28):
      '(const wchar_t [56], DWORD)' ba─ş─▒ms─▒z de─şi┼şken listesi e┼şlenmeye ├ğal─▒┼ş─▒l─▒rken
  
C:\ShadowStrike\ShadowStrike\src\Shared_modules\Core\FileSystem\DirectoryMonitor.cpp(875,39): error C2280: 'ShadowStrike::Core::FileSystem::DirectoryMonitor::Impl::MonitorInfo &ShadowStrike::Core::FileSystem::DirectoryMonitor::Impl::MonitorInfo::operator =(const ShadowStrike::Core::FileSystem::DirectoryMonitor::Impl::MonitorInfo &)': silinmi┼ş bir i┼şleve ba┼şvurmaya ├ğal─▒┼ş─▒yor [C:\ShadowStrike\ShadowStrike\ShadowStrike.vcxproj]
  ('/src/Shared_modules/Core/FileSystem/DirectoryMonitor.cpp' kaynak dosyas─▒ derleniyor)
      C:\ShadowStrike\ShadowStrike\src\Shared_modules\Core\FileSystem\DirectoryMonitor.cpp(211,5):
      derleyici burada 'ShadowStrike::Core::FileSystem::DirectoryMonitor::Impl::MonitorInfo::operator =' olu┼şturdu
      C:\ShadowStrike\ShadowStrike\src\Shared_modules\Core\FileSystem\DirectoryMonitor.cpp(211,5):
      'ShadowStrike::Core::FileSystem::DirectoryMonitor::Impl::MonitorInfo &ShadowStrike::Core::FileSystem::DirectoryMonitor::Impl::MonitorInfo::operator =(const ShadowStrike::Core::FileSystem::DirectoryMonitor::Impl::MonitorInfo &)': veri ├╝yesi, silinmi┼ş veya eri┼şilemeyen 'ShadowStrike::Core::FileSystem::MonitoredPath &ShadowStrike::Core::FileSystem::MonitoredPath::operator =(const ShadowStrike::Core::FileSystem::MonitoredPath &)' i┼şlevini ├ğa─ş─▒rd─▒─ş─▒ndan i┼şlev ├Ârt├╝k olarak silindi
      C:\ShadowStrike\ShadowStrike\src\Shared_modules\Core\FileSystem\DirectoryMonitor.hpp(200,1):
      'ShadowStrike::Core::FileSystem::MonitoredPath &ShadowStrike::Core::FileSystem::MonitoredPath::operator =(const ShadowStrike::Core::FileSystem::MonitoredPath &)': veri ├╝yesi, silinmi┼ş veya eri┼şilemeyen 'std::atomic<unsigned __int64> &std::atomic<unsigned __int64>::operator =(const std::atomic<unsigned __int64> &)' i┼şlevini ├ğa─ş─▒rd─▒─ş─▒ndan i┼şlev ├Ârt├╝k olarak silindi
  
C:\ShadowStrike\ShadowStrike\src\Shared_modules\Core\FileSystem\DirectoryMonitor.cpp(890,28): error C2665: 'ShadowStrike::Utils::Logger::Error': hi├ğbir a┼ş─▒r─▒ y├╝klenmi┼ş i┼şlev t├╝m arg├╝man t├╝rlerini d├Ân├╝┼şt├╝remez [C:\ShadowStrike\ShadowStrike\ShadowStrike.vcxproj]
  ('/src/Shared_modules/Core/FileSystem/DirectoryMonitor.cpp' kaynak dosyas─▒ derleniyor)
      C:\ShadowStrike\ShadowStrike\src\Shared_modules\Utils\Logger.hpp(274,16):
      'void ShadowStrike::Utils::Logger::Error<DWORD>(std::basic_format_string<char,unsigned long>,DWORD &&)' olabilirdi
          C:\ShadowStrike\ShadowStrike\src\Shared_modules\Core\FileSystem\DirectoryMonitor.cpp(890,28):
          'void ShadowStrike::Utils::Logger::Error<DWORD>(std::basic_format_string<char,unsigned long>,DWORD &&)' : 1 ba─ş─▒ms─▒z de─şi┼şkeni 'const wchar_t [61]' de─şerinden 'std::basic_format_string<char,unsigned long>' de─şerine d├Ân├╝┼şt├╝r├╝lemez
              C:\ShadowStrike\ShadowStrike\src\Shared_modules\Core\FileSystem\DirectoryMonitor.cpp(890,34):
              'std::basic_format_string<char,unsigned long>::basic_format_string': hi├ğbir a┼ş─▒r─▒ y├╝klenmi┼ş i┼şlev t├╝m arg├╝man t├╝rlerini d├Ân├╝┼şt├╝remez
                  C:\Program Files\Microsoft Visual Studio\2022\Community\VC\Tools\MSVC\14.44.35207\include\format(2867,1):
                  'std::basic_format_string<char,unsigned long>::basic_format_string(std::basic_format_string<char,unsigned long> &&)' olabilirdi
                      C:\ShadowStrike\ShadowStrike\src\Shared_modules\Core\FileSystem\DirectoryMonitor.cpp(890,34):
                      'std::basic_format_string<char,unsigned long>::basic_format_string(std::basic_format_string<char,unsigned long> &&)' : 1 ba─ş─▒ms─▒z de─şi┼şkeni 'const wchar_t [61]' de─şerinden 'std::basic_format_string<char,unsigned long> &&' de─şerine d├Ân├╝┼şt├╝r├╝lemez
                          C:\ShadowStrike\ShadowStrike\src\Shared_modules\Core\FileSystem\DirectoryMonitor.cpp(890,34):
                          Nedeni: 'const wchar_t [61]' de─şerinden 'std::basic_format_string<char,unsigned long>' de─şerine d├Ân├╝┼şt├╝r├╝lemez
                          C:\ShadowStrike\ShadowStrike\src\Shared_modules\Core\FileSystem\DirectoryMonitor.cpp(890,34):
                          D├Ân├╝┼şt├╝rme ikinci bir kullan─▒c─▒ tan─▒ml─▒ d├Ân├╝┼şt├╝rme i┼şleci veya olu┼şturucu gerektiriyor
                  C:\Program Files\Microsoft Visual Studio\2022\Community\VC\Tools\MSVC\14.44.35207\include\format(2867,1):
                  veya       'std::basic_format_string<char,unsigned long>::basic_format_string(const std::basic_format_string<char,unsigned long> &)'
                      C:\ShadowStrike\ShadowStrike\src\Shared_modules\Core\FileSystem\DirectoryMonitor.cpp(890,34):
                      'std::basic_format_string<char,unsigned long>::basic_format_string(const std::basic_format_string<char,unsigned long> &)' : 1 ba─ş─▒ms─▒z de─şi┼şkeni 'const wchar_t [61]' de─şerinden 'const std::basic_format_string<char,unsigned long> &' de─şerine d├Ân├╝┼şt├╝r├╝lemez
                          C:\ShadowStrike\ShadowStrike\src\Shared_modules\Core\FileSystem\DirectoryMonitor.cpp(890,34):
                          Nedeni: 'const wchar_t [61]' de─şerinden 'const std::basic_format_string<char,unsigned long>' de─şerine d├Ân├╝┼şt├╝r├╝lemez
                          C:\ShadowStrike\ShadowStrike\src\Shared_modules\Core\FileSystem\DirectoryMonitor.cpp(890,34):
                          D├Ân├╝┼şt├╝rme ikinci bir kullan─▒c─▒ tan─▒ml─▒ d├Ân├╝┼şt├╝rme i┼şleci veya olu┼şturucu gerektiriyor
                  C:\Program Files\Microsoft Visual Studio\2022\Community\VC\Tools\MSVC\14.44.35207\include\format(2850,5):
                  veya       'std::basic_format_string<char,unsigned long>::basic_format_string(const _Ty &)'
                  C:\ShadowStrike\ShadowStrike\src\Shared_modules\Core\FileSystem\DirectoryMonitor.cpp(890,34):
                  '(const wchar_t [61])' ba─ş─▒ms─▒z de─şi┼şken listesi e┼şlenmeye ├ğal─▒┼ş─▒l─▒rken
      C:\ShadowStrike\ShadowStrike\src\Shared_modules\Core\FileSystem\DirectoryMonitor.cpp(890,28):
      '(const wchar_t [61], DWORD)' ba─ş─▒ms─▒z de─şi┼şken listesi e┼şlenmeye ├ğal─▒┼ş─▒l─▒rken
  
C:\ShadowStrike\ShadowStrike\src\Shared_modules\Core\FileSystem\DirectoryMonitor.cpp(909,24): error C2665: 'ShadowStrike::Utils::Logger::Info': hi├ğbir a┼ş─▒r─▒ y├╝klenmi┼ş i┼şlev t├╝m arg├╝man t├╝rlerini d├Ân├╝┼şt├╝remez [C:\ShadowStrike\ShadowStrike\ShadowStrike.vcxproj]
  ('/src/Shared_modules/Core/FileSystem/DirectoryMonitor.cpp' kaynak dosyas─▒ derleniyor)
      C:\ShadowStrike\ShadowStrike\src\Shared_modules\Utils\Logger.hpp(282,16):
      'void ShadowStrike::Utils::Logger::Info<uint32_t&,const std::wstring&,int>(std::basic_format_string<char,uint32_t &,const std::wstring &,int>,uint32_t &,const std::wstring &,int &&)' olabilirdi
          C:\ShadowStrike\ShadowStrike\src\Shared_modules\Core\FileSystem\DirectoryMonitor.cpp(909,24):
          'void ShadowStrike::Utils::Logger::Info<uint32_t&,const std::wstring&,int>(std::basic_format_string<char,uint32_t &,const std::wstring &,int>,uint32_t &,const std::wstring &,int &&)' : 1 ba─ş─▒ms─▒z de─şi┼şkeni 'const wchar_t [65]' de─şerinden 'std::basic_format_string<char,uint32_t &,const std::wstring &,int>' de─şerine d├Ân├╝┼şt├╝r├╝lemez
              C:\ShadowStrike\ShadowStrike\src\Shared_modules\Core\FileSystem\DirectoryMonitor.cpp(909,29):
              'std::basic_format_string<char,uint32_t &,const std::wstring &,int>::basic_format_string': hi├ğbir a┼ş─▒r─▒ y├╝klenmi┼ş i┼şlev t├╝m arg├╝man t├╝rlerini d├Ân├╝┼şt├╝remez
                  C:\Program Files\Microsoft Visual Studio\2022\Community\VC\Tools\MSVC\14.44.35207\include\format(2867,1):
                  'std::basic_format_string<char,uint32_t &,const std::wstring &,int>::basic_format_string(std::basic_format_string<char,uint32_t &,const std::wstring &,int> &&)' olabilirdi
                      C:\ShadowStrike\ShadowStrike\src\Shared_modules\Core\FileSystem\DirectoryMonitor.cpp(909,29):
                      'std::basic_format_string<char,uint32_t &,const std::wstring &,int>::basic_format_string(std::basic_format_string<char,uint32_t &,const std::wstring &,int> &&)' : 1 ba─ş─▒ms─▒z de─şi┼şkeni 'const wchar_t [65]' de─şerinden 'std::basic_format_string<char,uint32_t &,const std::wstring &,int> &&' de─şerine d├Ân├╝┼şt├╝r├╝lemez
                          C:\ShadowStrike\ShadowStrike\src\Shared_modules\Core\FileSystem\DirectoryMonitor.cpp(909,29):
                          Nedeni: 'const wchar_t [65]' de─şerinden 'std::basic_format_string<char,uint32_t &,const std::wstring &,int>' de─şerine d├Ân├╝┼şt├╝r├╝lemez
                          C:\ShadowStrike\ShadowStrike\src\Shared_modules\Core\FileSystem\DirectoryMonitor.cpp(909,29):
                          D├Ân├╝┼şt├╝rme ikinci bir kullan─▒c─▒ tan─▒ml─▒ d├Ân├╝┼şt├╝rme i┼şleci veya olu┼şturucu gerektiriyor
                  C:\Program Files\Microsoft Visual Studio\2022\Community\VC\Tools\MSVC\14.44.35207\include\format(2867,1):
                  veya       'std::basic_format_string<char,uint32_t &,const std::wstring &,int>::basic_format_string(const std::basic_format_string<char,uint32_t &,const std::wstring &,int> &)'
                      C:\ShadowStrike\ShadowStrike\src\Shared_modules\Core\FileSystem\DirectoryMonitor.cpp(909,29):
                      'std::basic_format_string<char,uint32_t &,const std::wstring &,int>::basic_format_string(const std::basic_format_string<char,uint32_t &,const std::wstring &,int> &)' : 1 ba─ş─▒ms─▒z de─şi┼şkeni 'const wchar_t [65]' de─şerinden 'const std::basic_format_string<char,uint32_t &,const std::wstring &,int> &' de─şerine d├Ân├╝┼şt├╝r├╝lemez
                          C:\ShadowStrike\ShadowStrike\src\Shared_modules\Core\FileSystem\DirectoryMonitor.cpp(909,29):
                          Nedeni: 'const wchar_t [65]' de─şerinden 'const std::basic_format_string<char,uint32_t &,const std::wstring &,int>' de─şerine d├Ân├╝┼şt├╝r├╝lemez
                          C:\ShadowStrike\ShadowStrike\src\Shared_modules\Core\FileSystem\DirectoryMonitor.cpp(909,29):
                          D├Ân├╝┼şt├╝rme ikinci bir kullan─▒c─▒ tan─▒ml─▒ d├Ân├╝┼şt├╝rme i┼şleci veya olu┼şturucu gerektiriyor
                  C:\Program Files\Microsoft Visual Studio\2022\Community\VC\Tools\MSVC\14.44.35207\include\format(2850,5):
                  veya       'std::basic_format_string<char,uint32_t &,const std::wstring &,int>::basic_format_string(const _Ty &)'
                  C:\ShadowStrike\ShadowStrike\src\Shared_modules\Core\FileSystem\DirectoryMonitor.cpp(909,29):
                  '(const wchar_t [65])' ba─ş─▒ms─▒z de─şi┼şken listesi e┼şlenmeye ├ğal─▒┼ş─▒l─▒rken
      C:\ShadowStrike\ShadowStrike\src\Shared_modules\Core\FileSystem\DirectoryMonitor.cpp(909,24):
      '(const wchar_t [65], uint32_t, const std::wstring, int)' ba─ş─▒ms─▒z de─şi┼şken listesi e┼şlenmeye ├ğal─▒┼ş─▒l─▒rken
  
C:\ShadowStrike\ShadowStrike\src\Shared_modules\Core\FileSystem\DirectoryMonitor.cpp(927,49): error C2039: 'Utf8ToWide': bir 'ShadowStrike::Utils::StringUtils' ├╝yesi de─şil [C:\ShadowStrike\ShadowStrike\ShadowStrike.vcxproj]
  ('/src/Shared_modules/Core/FileSystem/DirectoryMonitor.cpp' kaynak dosyas─▒ derleniyor)
      C:\ShadowStrike\ShadowStrike\src\Shared_modules\Utils\StringUtils.hpp(63,19):
      'ShadowStrike::Utils::StringUtils' bildirimine bak─▒n
  
C:\ShadowStrike\ShadowStrike\src\Shared_modules\Core\FileSystem\DirectoryMonitor.cpp(927,49): error C3861: 'Utf8ToWide': tan─▒mlay─▒c─▒ bulunamad─▒ [C:\ShadowStrike\ShadowStrike\ShadowStrike.vcxproj]
  ('/src/Shared_modules/Core/FileSystem/DirectoryMonitor.cpp' kaynak dosyas─▒ derleniyor)
  
C:\ShadowStrike\ShadowStrike\src\Shared_modules\Core\FileSystem\DirectoryMonitor.cpp(926,24): error C2660: 'ShadowStrike::Utils::Logger::Error': i┼şlev 2 ba─ş─▒ms─▒z de─şi┼şken alm─▒yor [C:\ShadowStrike\ShadowStrike\ShadowStrike.vcxproj]
  ('/src/Shared_modules/Core/FileSystem/DirectoryMonitor.cpp' kaynak dosyas─▒ derleniyor)
      C:\ShadowStrike\ShadowStrike\src\Shared_modules\Utils\Logger.hpp(263,16):
      'ShadowStrike::Utils::Logger::Error' bildirimine bak─▒n
      C:\ShadowStrike\ShadowStrike\src\Shared_modules\Utils\Logger.hpp(274,16):
      'void ShadowStrike::Utils::Logger::Error(std::basic_format_string<char,type_identity<_Args>::type...>,Args ...)' olabilirdi
          C:\ShadowStrike\ShadowStrike\src\Shared_modules\Core\FileSystem\DirectoryMonitor.cpp(926,24):
          'void ShadowStrike::Utils::Logger::Error(std::basic_format_string<char,type_identity<_Args>::type...>,Args ...)' i┼şlev ┼şablonu ├Âzelle┼ştirilemedi
              C:\ShadowStrike\ShadowStrike\src\Shared_modules\Core\FileSystem\DirectoryMonitor.cpp(926,24):
              ┼Şu ┼şablon ba─ş─▒ms─▒z de─şi┼şkenleriyle:
                  C:\ShadowStrike\ShadowStrike\src\Shared_modules\Core\FileSystem\DirectoryMonitor.cpp(926,24):
                  'Args={<error type>}'
      C:\ShadowStrike\ShadowStrike\src\Shared_modules\Core\FileSystem\DirectoryMonitor.cpp(926,24):
      '(const wchar_t [45], <error type>)' ba─ş─▒ms─▒z de─şi┼şken listesi e┼şlenmeye ├ğal─▒┼ş─▒l─▒rken
  
C:\ShadowStrike\ShadowStrike\src\Shared_modules\Core\FileSystem\DirectoryMonitor.cpp(938,28): error C2665: 'ShadowStrike::Utils::Logger::Warn': hi├ğbir a┼ş─▒r─▒ y├╝klenmi┼ş i┼şlev t├╝m arg├╝man t├╝rlerini d├Ân├╝┼şt├╝remez [C:\ShadowStrike\ShadowStrike\ShadowStrike.vcxproj]
  ('/src/Shared_modules/Core/FileSystem/DirectoryMonitor.cpp' kaynak dosyas─▒ derleniyor)
      C:\ShadowStrike\ShadowStrike\src\Shared_modules\Utils\Logger.hpp(278,16):
      'void ShadowStrike::Utils::Logger::Warn<uint32_t&>(std::basic_format_string<char,uint32_t &>,uint32_t &)' olabilirdi
          C:\ShadowStrike\ShadowStrike\src\Shared_modules\Core\FileSystem\DirectoryMonitor.cpp(938,28):
          'void ShadowStrike::Utils::Logger::Warn<uint32_t&>(std::basic_format_string<char,uint32_t &>,uint32_t &)' : 1 ba─ş─▒ms─▒z de─şi┼şkeni 'const wchar_t [45]' de─şerinden 'std::basic_format_string<char,uint32_t &>' de─şerine d├Ân├╝┼şt├╝r├╝lemez
              C:\ShadowStrike\ShadowStrike\src\Shared_modules\Core\FileSystem\DirectoryMonitor.cpp(938,33):
              'std::basic_format_string<char,uint32_t &>::basic_format_string': hi├ğbir a┼ş─▒r─▒ y├╝klenmi┼ş i┼şlev t├╝m arg├╝man t├╝rlerini d├Ân├╝┼şt├╝remez
                  C:\Program Files\Microsoft Visual Studio\2022\Community\VC\Tools\MSVC\14.44.35207\include\format(2867,1):
                  'std::basic_format_string<char,uint32_t &>::basic_format_string(std::basic_format_string<char,uint32_t &> &&)' olabilirdi
                      C:\ShadowStrike\ShadowStrike\src\Shared_modules\Core\FileSystem\DirectoryMonitor.cpp(938,33):
                      'std::basic_format_string<char,uint32_t &>::basic_format_string(std::basic_format_string<char,uint32_t &> &&)' : 1 ba─ş─▒ms─▒z de─şi┼şkeni 'const wchar_t [45]' de─şerinden 'std::basic_format_string<char,uint32_t &> &&' de─şerine d├Ân├╝┼şt├╝r├╝lemez
                          C:\ShadowStrike\ShadowStrike\src\Shared_modules\Core\FileSystem\DirectoryMonitor.cpp(938,33):
                          Nedeni: 'const wchar_t [45]' de─şerinden 'std::basic_format_string<char,uint32_t &>' de─şerine d├Ân├╝┼şt├╝r├╝lemez
                          C:\ShadowStrike\ShadowStrike\src\Shared_modules\Core\FileSystem\DirectoryMonitor.cpp(938,33):
                          D├Ân├╝┼şt├╝rme ikinci bir kullan─▒c─▒ tan─▒ml─▒ d├Ân├╝┼şt├╝rme i┼şleci veya olu┼şturucu gerektiriyor
                  C:\Program Files\Microsoft Visual Studio\2022\Community\VC\Tools\MSVC\14.44.35207\include\format(2867,1):
                  veya       'std::basic_format_string<char,uint32_t &>::basic_format_string(const std::basic_format_string<char,uint32_t &> &)'
                      C:\ShadowStrike\ShadowStrike\src\Shared_modules\Core\FileSystem\DirectoryMonitor.cpp(938,33):
                      'std::basic_format_string<char,uint32_t &>::basic_format_string(const std::basic_format_string<char,uint32_t &> &)' : 1 ba─ş─▒ms─▒z de─şi┼şkeni 'const wchar_t [45]' de─şerinden 'const std::basic_format_string<char,uint32_t &> &' de─şerine d├Ân├╝┼şt├╝r├╝lemez
                          C:\ShadowStrike\ShadowStrike\src\Shared_modules\Core\FileSystem\DirectoryMonitor.cpp(938,33):
                          Nedeni: 'const wchar_t [45]' de─şerinden 'const std::basic_format_string<char,uint32_t &>' de─şerine d├Ân├╝┼şt├╝r├╝lemez
                          C:\ShadowStrike\ShadowStrike\src\Shared_modules\Core\FileSystem\DirectoryMonitor.cpp(938,33):
                          D├Ân├╝┼şt├╝rme ikinci bir kullan─▒c─▒ tan─▒ml─▒ d├Ân├╝┼şt├╝rme i┼şleci veya olu┼şturucu gerektiriyor
                  C:\Program Files\Microsoft Visual Studio\2022\Community\VC\Tools\MSVC\14.44.35207\include\format(2850,5):
                  veya       'std::basic_format_string<char,uint32_t &>::basic_format_string(const _Ty &)'
                  C:\ShadowStrike\ShadowStrike\src\Shared_modules\Core\FileSystem\DirectoryMonitor.cpp(938,33):
                  '(const wchar_t [45])' ba─ş─▒ms─▒z de─şi┼şken listesi e┼şlenmeye ├ğal─▒┼ş─▒l─▒rken
      C:\ShadowStrike\ShadowStrike\src\Shared_modules\Core\FileSystem\DirectoryMonitor.cpp(938,28):
      '(const wchar_t [45], uint32_t)' ba─ş─▒ms─▒z de─şi┼şken listesi e┼şlenmeye ├ğal─▒┼ş─▒l─▒rken
  
C:\ShadowStrike\ShadowStrike\src\Shared_modules\Core\FileSystem\DirectoryMonitor.cpp(947,24): error C2665: 'ShadowStrike::Utils::Logger::Info': hi├ğbir a┼ş─▒r─▒ y├╝klenmi┼ş i┼şlev t├╝m arg├╝man t├╝rlerini d├Ân├╝┼şt├╝remez [C:\ShadowStrike\ShadowStrike\ShadowStrike.vcxproj]
  ('/src/Shared_modules/Core/FileSystem/DirectoryMonitor.cpp' kaynak dosyas─▒ derleniyor)
      C:\ShadowStrike\ShadowStrike\src\Shared_modules\Utils\Logger.hpp(282,16):
      'void ShadowStrike::Utils::Logger::Info<uint32_t&>(std::basic_format_string<char,uint32_t &>,uint32_t &)' olabilirdi
          C:\ShadowStrike\ShadowStrike\src\Shared_modules\Core\FileSystem\DirectoryMonitor.cpp(947,24):
          'void ShadowStrike::Utils::Logger::Info<uint32_t&>(std::basic_format_string<char,uint32_t &>,uint32_t &)' : 1 ba─ş─▒ms─▒z de─şi┼şkeni 'const wchar_t [43]' de─şerinden 'std::basic_format_string<char,uint32_t &>' de─şerine d├Ân├╝┼şt├╝r├╝lemez
              C:\ShadowStrike\ShadowStrike\src\Shared_modules\Core\FileSystem\DirectoryMonitor.cpp(947,29):
              'std::basic_format_string<char,uint32_t &>::basic_format_string': hi├ğbir a┼ş─▒r─▒ y├╝klenmi┼ş i┼şlev t├╝m arg├╝man t├╝rlerini d├Ân├╝┼şt├╝remez
                  C:\Program Files\Microsoft Visual Studio\2022\Community\VC\Tools\MSVC\14.44.35207\include\format(2867,1):
                  'std::basic_format_string<char,uint32_t &>::basic_format_string(std::basic_format_string<char,uint32_t &> &&)' olabilirdi
                      C:\ShadowStrike\ShadowStrike\src\Shared_modules\Core\FileSystem\DirectoryMonitor.cpp(947,29):
                      'std::basic_format_string<char,uint32_t &>::basic_format_string(std::basic_format_string<char,uint32_t &> &&)' : 1 ba─ş─▒ms─▒z de─şi┼şkeni 'const wchar_t [43]' de─şerinden 'std::basic_format_string<char,uint32_t &> &&' de─şerine d├Ân├╝┼şt├╝r├╝lemez
                          C:\ShadowStrike\ShadowStrike\src\Shared_modules\Core\FileSystem\DirectoryMonitor.cpp(947,29):
                          Nedeni: 'const wchar_t [43]' de─şerinden 'std::basic_format_string<char,uint32_t &>' de─şerine d├Ân├╝┼şt├╝r├╝lemez
                          C:\ShadowStrike\ShadowStrike\src\Shared_modules\Core\FileSystem\DirectoryMonitor.cpp(947,29):
                          D├Ân├╝┼şt├╝rme ikinci bir kullan─▒c─▒ tan─▒ml─▒ d├Ân├╝┼şt├╝rme i┼şleci veya olu┼şturucu gerektiriyor
                  C:\Program Files\Microsoft Visual Studio\2022\Community\VC\Tools\MSVC\14.44.35207\include\format(2867,1):
                  veya       'std::basic_format_string<char,uint32_t &>::basic_format_string(const std::basic_format_string<char,uint32_t &> &)'
                      C:\ShadowStrike\ShadowStrike\src\Shared_modules\Core\FileSystem\DirectoryMonitor.cpp(947,29):
                      'std::basic_format_string<char,uint32_t &>::basic_format_string(const std::basic_format_string<char,uint32_t &> &)' : 1 ba─ş─▒ms─▒z de─şi┼şkeni 'const wchar_t [43]' de─şerinden 'const std::basic_format_string<char,uint32_t &> &' de─şerine d├Ân├╝┼şt├╝r├╝lemez
                          C:\ShadowStrike\ShadowStrike\src\Shared_modules\Core\FileSystem\DirectoryMonitor.cpp(947,29):
                          Nedeni: 'const wchar_t [43]' de─şerinden 'const std::basic_format_string<char,uint32_t &>' de─şerine d├Ân├╝┼şt├╝r├╝lemez
                          C:\ShadowStrike\ShadowStrike\src\Shared_modules\Core\FileSystem\DirectoryMonitor.cpp(947,29):
                          D├Ân├╝┼şt├╝rme ikinci bir kullan─▒c─▒ tan─▒ml─▒ d├Ân├╝┼şt├╝rme i┼şleci veya olu┼şturucu gerektiriyor
                  C:\Program Files\Microsoft Visual Studio\2022\Community\VC\Tools\MSVC\14.44.35207\include\format(2850,5):
                  veya       'std::basic_format_string<char,uint32_t &>::basic_format_string(const _Ty &)'
                  C:\ShadowStrike\ShadowStrike\src\Shared_modules\Core\FileSystem\DirectoryMonitor.cpp(947,29):
                  '(const wchar_t [43])' ba─ş─▒ms─▒z de─şi┼şken listesi e┼şlenmeye ├ğal─▒┼ş─▒l─▒rken
      C:\ShadowStrike\ShadowStrike\src\Shared_modules\Core\FileSystem\DirectoryMonitor.cpp(947,24):
      '(const wchar_t [43], uint32_t)' ba─ş─▒ms─▒z de─şi┼şken listesi e┼şlenmeye ├ğal─▒┼ş─▒l─▒rken
  
C:\ShadowStrike\ShadowStrike\src\Shared_modules\Core\FileSystem\DirectoryMonitor.cpp(961,49): error C2039: 'Utf8ToWide': bir 'ShadowStrike::Utils::StringUtils' ├╝yesi de─şil [C:\ShadowStrike\ShadowStrike\ShadowStrike.vcxproj]
  ('/src/Shared_modules/Core/FileSystem/DirectoryMonitor.cpp' kaynak dosyas─▒ derleniyor)
      C:\ShadowStrike\ShadowStrike\src\Shared_modules\Utils\StringUtils.hpp(63,19):
      'ShadowStrike::Utils::StringUtils' bildirimine bak─▒n
  
C:\ShadowStrike\ShadowStrike\src\Shared_modules\Core\FileSystem\DirectoryMonitor.cpp(961,49): error C3861: 'Utf8ToWide': tan─▒mlay─▒c─▒ bulunamad─▒ [C:\ShadowStrike\ShadowStrike\ShadowStrike.vcxproj]
  ('/src/Shared_modules/Core/FileSystem/DirectoryMonitor.cpp' kaynak dosyas─▒ derleniyor)
  
C:\ShadowStrike\ShadowStrike\src\Shared_modules\Core\FileSystem\DirectoryMonitor.cpp(960,24): error C2660: 'ShadowStrike::Utils::Logger::Error': i┼şlev 2 ba─ş─▒ms─▒z de─şi┼şken alm─▒yor [C:\ShadowStrike\ShadowStrike\ShadowStrike.vcxproj]
  ('/src/Shared_modules/Core/FileSystem/DirectoryMonitor.cpp' kaynak dosyas─▒ derleniyor)
      C:\ShadowStrike\ShadowStrike\src\Shared_modules\Utils\Logger.hpp(263,16):
      'ShadowStrike::Utils::Logger::Error' bildirimine bak─▒n
      C:\ShadowStrike\ShadowStrike\src\Shared_modules\Utils\Logger.hpp(274,16):
      'void ShadowStrike::Utils::Logger::Error(std::basic_format_string<char,type_identity<_Args>::type...>,Args ...)' olabilirdi
          C:\ShadowStrike\ShadowStrike\src\Shared_modules\Core\FileSystem\DirectoryMonitor.cpp(960,24):
          'void ShadowStrike::Utils::Logger::Error(std::basic_format_string<char,type_identity<_Args>::type...>,Args ...)' i┼şlev ┼şablonu ├Âzelle┼ştirilemedi
              C:\ShadowStrike\ShadowStrike\src\Shared_modules\Core\FileSystem\DirectoryMonitor.cpp(960,24):
              ┼Şu ┼şablon ba─ş─▒ms─▒z de─şi┼şkenleriyle:
                  C:\ShadowStrike\ShadowStrike\src\Shared_modules\Core\FileSystem\DirectoryMonitor.cpp(960,24):
                  'Args={<error type>}'
      C:\ShadowStrike\ShadowStrike\src\Shared_modules\Core\FileSystem\DirectoryMonitor.cpp(960,24):
      '(const wchar_t [48], <error type>)' ba─ş─▒ms─▒z de─şi┼şken listesi e┼şlenmeye ├ğal─▒┼ş─▒l─▒rken
  
C:\ShadowStrike\ShadowStrike\src\Shared_modules\Core\FileSystem\DirectoryMonitor.cpp(968,20): error C2664: 'void ShadowStrike::Utils::Logger::Info(const char *)' : 1 ba─ş─▒ms─▒z de─şi┼şkeni 'const wchar_t [39]' de─şerinden 'const char *' de─şerine d├Ân├╝┼şt├╝r├╝lemez [C:\ShadowStrike\ShadowStrike\ShadowStrike.vcxproj]
  TorDetector.cpp
  ('/src/Shared_modules/Core/FileSystem/DirectoryMonitor.cpp' kaynak dosyas─▒ derleniyor)
      C:\ShadowStrike\ShadowStrike\src\Shared_modules\Core\FileSystem\DirectoryMonitor.cpp(968,25):
      ─░┼şaretlenen t├╝rler ilgisiz; d├Ân├╝┼şt├╝rme reinterpret_cast, C stili t├╝r d├Ân├╝┼şt├╝rme veya parantez i├ğine al─▒nm─▒┼ş i┼şlev stili t├╝r d├Ân├╝┼şt├╝rme gerektiriyor
      C:\ShadowStrike\ShadowStrike\src\Shared_modules\Utils\Logger.hpp(265,16):
      'ShadowStrike::Utils::Logger::Info' bildirimine bak─▒n
      C:\ShadowStrike\ShadowStrike\src\Shared_modules\Utils\Logger.hpp(282,16):
      'void ShadowStrike::Utils::Logger::Info(std::basic_format_string<char,type_identity<_Args>::type...>,Args ...)' olabilirdi
          C:\ShadowStrike\ShadowStrike\src\Shared_modules\Core\FileSystem\DirectoryMonitor.cpp(968,20):
          ili┼şkili k─▒s─▒tlamalar kar┼ş─▒lanmad─▒
              C:\ShadowStrike\ShadowStrike\src\Shared_modules\Utils\Logger.hpp(281,57):
              k─▒s─▒tlama yerine getirilmedi
      C:\ShadowStrike\ShadowStrike\src\Shared_modules\Core\FileSystem\DirectoryMonitor.cpp(968,20):
      '(const wchar_t [39])' ba─ş─▒ms─▒z de─şi┼şken listesi e┼şlenmeye ├ğal─▒┼ş─▒l─▒rken
  
C:\ShadowStrike\ShadowStrike\src\Shared_modules\Core\FileSystem\DirectoryMonitor.cpp(1001,9): error C2440: 'return': 'ShadowStrike::Core::FileSystem::MonitoredPath' - 'std::optional<ShadowStrike::Core::FileSystem::MonitoredPath>' d├Ân├╝┼ş├╝m├╝ yap─▒lam─▒yor [C:\ShadowStrike\ShadowStrike\ShadowStrike.vcxproj]
  ('/src/Shared_modules/Core/FileSystem/DirectoryMonitor.cpp' kaynak dosyas─▒ derleniyor)
      C:\ShadowStrike\ShadowStrike\src\Shared_modules\Core\FileSystem\DirectoryMonitor.cpp(1001,9):
      Bu d├Ân├╝┼şt├╝rmeyi ger├ğekle┼ştirecek kullan─▒c─▒ tan─▒ml─▒ d├Ân├╝┼şt├╝rme i┼şleci yok veya i┼şle├ğ ├ğa─şr─▒lam─▒yor
  
C:\ShadowStrike\ShadowStrike\src\Shared_modules\Core\FileSystem\DirectoryMonitor.cpp(1023,20): error C2664: 'void ShadowStrike::Utils::Logger::Info(const char *)' : 1 ba─ş─▒ms─▒z de─şi┼şkeni 'const wchar_t [38]' de─şerinden 'const char *' de─şerine d├Ân├╝┼şt├╝r├╝lemez [C:\ShadowStrike\ShadowStrike\ShadowStrike.vcxproj]
  ('/src/Shared_modules/Core/FileSystem/DirectoryMonitor.cpp' kaynak dosyas─▒ derleniyor)
      C:\ShadowStrike\ShadowStrike\src\Shared_modules\Core\FileSystem\DirectoryMonitor.cpp(1023,25):
      ─░┼şaretlenen t├╝rler ilgisiz; d├Ân├╝┼şt├╝rme reinterpret_cast, C stili t├╝r d├Ân├╝┼şt├╝rme veya parantez i├ğine al─▒nm─▒┼ş i┼şlev stili t├╝r d├Ân├╝┼şt├╝rme gerektiriyor
      C:\ShadowStrike\ShadowStrike\src\Shared_modules\Utils\Logger.hpp(265,16):
      'ShadowStrike::Utils::Logger::Info' bildirimine bak─▒n
      C:\ShadowStrike\ShadowStrike\src\Shared_modules\Utils\Logger.hpp(282,16):
      'void ShadowStrike::Utils::Logger::Info(std::basic_format_string<char,type_identity<_Args>::type...>,Args ...)' olabilirdi
          C:\ShadowStrike\ShadowStrike\src\Shared_modules\Core\FileSystem\DirectoryMonitor.cpp(1023,20):
          ili┼şkili k─▒s─▒tlamalar kar┼ş─▒lanmad─▒
              C:\ShadowStrike\ShadowStrike\src\Shared_modules\Utils\Logger.hpp(281,57):
              k─▒s─▒tlama yerine getirilmedi
      C:\ShadowStrike\ShadowStrike\src\Shared_modules\Core\FileSystem\DirectoryMonitor.cpp(1023,20):
      '(const wchar_t [38])' ba─ş─▒ms─▒z de─şi┼şken listesi e┼şlenmeye ├ğal─▒┼ş─▒l─▒rken
  
C:\ShadowStrike\ShadowStrike\src\Shared_modules\Core\FileSystem\DirectoryMonitor.cpp(1034,20): error C2664: 'void ShadowStrike::Utils::Logger::Info(const char *)' : 1 ba─ş─▒ms─▒z de─şi┼şkeni 'const wchar_t [39]' de─şerinden 'const char *' de─şerine d├Ân├╝┼şt├╝r├╝lemez [C:\ShadowStrike\ShadowStrike\ShadowStrike.vcxproj]
  ('/src/Shared_modules/Core/FileSystem/DirectoryMonitor.cpp' kaynak dosyas─▒ derleniyor)
      C:\ShadowStrike\ShadowStrike\src\Shared_modules\Core\FileSystem\DirectoryMonitor.cpp(1034,25):
      ─░┼şaretlenen t├╝rler ilgisiz; d├Ân├╝┼şt├╝rme reinterpret_cast, C stili t├╝r d├Ân├╝┼şt├╝rme veya parantez i├ğine al─▒nm─▒┼ş i┼şlev stili t├╝r d├Ân├╝┼şt├╝rme gerektiriyor
      C:\ShadowStrike\ShadowStrike\src\Shared_modules\Utils\Logger.hpp(265,16):
      'ShadowStrike::Utils::Logger::Info' bildirimine bak─▒n
      C:\ShadowStrike\ShadowStrike\src\Shared_modules\Utils\Logger.hpp(282,16):
      'void ShadowStrike::Utils::Logger::Info(std::basic_format_string<char,type_identity<_Args>::type...>,Args ...)' olabilirdi
          C:\ShadowStrike\ShadowStrike\src\Shared_modules\Core\FileSystem\DirectoryMonitor.cpp(1034,20):
          ili┼şkili k─▒s─▒tlamalar kar┼ş─▒lanmad─▒
              C:\ShadowStrike\ShadowStrike\src\Shared_modules\Utils\Logger.hpp(281,57):
              k─▒s─▒tlama yerine getirilmedi
      C:\ShadowStrike\ShadowStrike\src\Shared_modules\Core\FileSystem\DirectoryMonitor.cpp(1034,20):
      '(const wchar_t [39])' ba─ş─▒ms─▒z de─şi┼şken listesi e┼şlenmeye ├ğal─▒┼ş─▒l─▒rken
  
C:\ShadowStrike\ShadowStrike\src\Shared_modules\Core\FileSystem\DirectoryMonitor.cpp(1043,24): error C2665: 'ShadowStrike::Utils::Logger::Info': hi├ğbir a┼ş─▒r─▒ y├╝klenmi┼ş i┼şlev t├╝m arg├╝man t├╝rlerini d├Ân├╝┼şt├╝remez [C:\ShadowStrike\ShadowStrike\ShadowStrike.vcxproj]
  ('/src/Shared_modules/Core/FileSystem/DirectoryMonitor.cpp' kaynak dosyas─▒ derleniyor)
      C:\ShadowStrike\ShadowStrike\src\Shared_modules\Utils\Logger.hpp(282,16):
      'void ShadowStrike::Utils::Logger::Info<uint32_t&>(std::basic_format_string<char,uint32_t &>,uint32_t &)' olabilirdi
          C:\ShadowStrike\ShadowStrike\src\Shared_modules\Core\FileSystem\DirectoryMonitor.cpp(1043,24):
          'void ShadowStrike::Utils::Logger::Info<uint32_t&>(std::basic_format_string<char,uint32_t &>,uint32_t &)' : 1 ba─ş─▒ms─▒z de─şi┼şkeni 'const wchar_t [42]' de─şerinden 'std::basic_format_string<char,uint32_t &>' de─şerine d├Ân├╝┼şt├╝r├╝lemez
              C:\ShadowStrike\ShadowStrike\src\Shared_modules\Core\FileSystem\DirectoryMonitor.cpp(1043,29):
              'std::basic_format_string<char,uint32_t &>::basic_format_string': hi├ğbir a┼ş─▒r─▒ y├╝klenmi┼ş i┼şlev t├╝m arg├╝man t├╝rlerini d├Ân├╝┼şt├╝remez
                  C:\Program Files\Microsoft Visual Studio\2022\Community\VC\Tools\MSVC\14.44.35207\include\format(2867,1):
                  'std::basic_format_string<char,uint32_t &>::basic_format_string(std::basic_format_string<char,uint32_t &> &&)' olabilirdi
                      C:\ShadowStrike\ShadowStrike\src\Shared_modules\Core\FileSystem\DirectoryMonitor.cpp(1043,29):
                      'std::basic_format_string<char,uint32_t &>::basic_format_string(std::basic_format_string<char,uint32_t &> &&)' : 1 ba─ş─▒ms─▒z de─şi┼şkeni 'const wchar_t [42]' de─şerinden 'std::basic_format_string<char,uint32_t &> &&' de─şerine d├Ân├╝┼şt├╝r├╝lemez
                          C:\ShadowStrike\ShadowStrike\src\Shared_modules\Core\FileSystem\DirectoryMonitor.cpp(1043,29):
                          Nedeni: 'const wchar_t [42]' de─şerinden 'std::basic_format_string<char,uint32_t &>' de─şerine d├Ân├╝┼şt├╝r├╝lemez
                          C:\ShadowStrike\ShadowStrike\src\Shared_modules\Core\FileSystem\DirectoryMonitor.cpp(1043,29):
                          D├Ân├╝┼şt├╝rme ikinci bir kullan─▒c─▒ tan─▒ml─▒ d├Ân├╝┼şt├╝rme i┼şleci veya olu┼şturucu gerektiriyor
                  C:\Program Files\Microsoft Visual Studio\2022\Community\VC\Tools\MSVC\14.44.35207\include\format(2867,1):
                  veya       'std::basic_format_string<char,uint32_t &>::basic_format_string(const std::basic_format_string<char,uint32_t &> &)'
                      C:\ShadowStrike\ShadowStrike\src\Shared_modules\Core\FileSystem\DirectoryMonitor.cpp(1043,29):
                      'std::basic_format_string<char,uint32_t &>::basic_format_string(const std::basic_format_string<char,uint32_t &> &)' : 1 ba─ş─▒ms─▒z de─şi┼şkeni 'const wchar_t [42]' de─şerinden 'const std::basic_format_string<char,uint32_t &> &' de─şerine d├Ân├╝┼şt├╝r├╝lemez
                          C:\ShadowStrike\ShadowStrike\src\Shared_modules\Core\FileSystem\DirectoryMonitor.cpp(1043,29):
                          Nedeni: 'const wchar_t [42]' de─şerinden 'const std::basic_format_string<char,uint32_t &>' de─şerine d├Ân├╝┼şt├╝r├╝lemez
                          C:\ShadowStrike\ShadowStrike\src\Shared_modules\Core\FileSystem\DirectoryMonitor.cpp(1043,29):
                          D├Ân├╝┼şt├╝rme ikinci bir kullan─▒c─▒ tan─▒ml─▒ d├Ân├╝┼şt├╝rme i┼şleci veya olu┼şturucu gerektiriyor
                  C:\Program Files\Microsoft Visual Studio\2022\Community\VC\Tools\MSVC\14.44.35207\include\format(2850,5):
                  veya       'std::basic_format_string<char,uint32_t &>::basic_format_string(const _Ty &)'
                  C:\ShadowStrike\ShadowStrike\src\Shared_modules\Core\FileSystem\DirectoryMonitor.cpp(1043,29):
                  '(const wchar_t [42])' ba─ş─▒ms─▒z de─şi┼şken listesi e┼şlenmeye ├ğal─▒┼ş─▒l─▒rken
      C:\ShadowStrike\ShadowStrike\src\Shared_modules\Core\FileSystem\DirectoryMonitor.cpp(1043,24):
      '(const wchar_t [42], uint32_t)' ba─ş─▒ms─▒z de─şi┼şken listesi e┼şlenmeye ├ğal─▒┼ş─▒l─▒rken
  
C:\ShadowStrike\ShadowStrike\src\Shared_modules\Core\FileSystem\DirectoryMonitor.cpp(1053,24): error C2665: 'ShadowStrike::Utils::Logger::Info': hi├ğbir a┼ş─▒r─▒ y├╝klenmi┼ş i┼şlev t├╝m arg├╝man t├╝rlerini d├Ân├╝┼şt├╝remez [C:\ShadowStrike\ShadowStrike\ShadowStrike.vcxproj]
  ('/src/Shared_modules/Core/FileSystem/DirectoryMonitor.cpp' kaynak dosyas─▒ derleniyor)
      C:\ShadowStrike\ShadowStrike\src\Shared_modules\Utils\Logger.hpp(282,16):
      'void ShadowStrike::Utils::Logger::Info<uint32_t&>(std::basic_format_string<char,uint32_t &>,uint32_t &)' olabilirdi
          C:\ShadowStrike\ShadowStrike\src\Shared_modules\Core\FileSystem\DirectoryMonitor.cpp(1053,24):
          'void ShadowStrike::Utils::Logger::Info<uint32_t&>(std::basic_format_string<char,uint32_t &>,uint32_t &)' : 1 ba─ş─▒ms─▒z de─şi┼şkeni 'const wchar_t [43]' de─şerinden 'std::basic_format_string<char,uint32_t &>' de─şerine d├Ân├╝┼şt├╝r├╝lemez
              C:\ShadowStrike\ShadowStrike\src\Shared_modules\Core\FileSystem\DirectoryMonitor.cpp(1053,29):
              'std::basic_format_string<char,uint32_t &>::basic_format_string': hi├ğbir a┼ş─▒r─▒ y├╝klenmi┼ş i┼şlev t├╝m arg├╝man t├╝rlerini d├Ân├╝┼şt├╝remez
                  C:\Program Files\Microsoft Visual Studio\2022\Community\VC\Tools\MSVC\14.44.35207\include\format(2867,1):
                  'std::basic_format_string<char,uint32_t &>::basic_format_string(std::basic_format_string<char,uint32_t &> &&)' olabilirdi
                      C:\ShadowStrike\ShadowStrike\src\Shared_modules\Core\FileSystem\DirectoryMonitor.cpp(1053,29):
                      'std::basic_format_string<char,uint32_t &>::basic_format_string(std::basic_format_string<char,uint32_t &> &&)' : 1 ba─ş─▒ms─▒z de─şi┼şkeni 'const wchar_t [43]' de─şerinden 'std::basic_format_string<char,uint32_t &> &&' de─şerine d├Ân├╝┼şt├╝r├╝lemez
                          C:\ShadowStrike\ShadowStrike\src\Shared_modules\Core\FileSystem\DirectoryMonitor.cpp(1053,29):
                          Nedeni: 'const wchar_t [43]' de─şerinden 'std::basic_format_string<char,uint32_t &>' de─şerine d├Ân├╝┼şt├╝r├╝lemez
                          C:\ShadowStrike\ShadowStrike\src\Shared_modules\Core\FileSystem\DirectoryMonitor.cpp(1053,29):
                          D├Ân├╝┼şt├╝rme ikinci bir kullan─▒c─▒ tan─▒ml─▒ d├Ân├╝┼şt├╝rme i┼şleci veya olu┼şturucu gerektiriyor
                  C:\Program Files\Microsoft Visual Studio\2022\Community\VC\Tools\MSVC\14.44.35207\include\format(2867,1):
                  veya       'std::basic_format_string<char,uint32_t &>::basic_format_string(const std::basic_format_string<char,uint32_t &> &)'
                      C:\ShadowStrike\ShadowStrike\src\Shared_modules\Core\FileSystem\DirectoryMonitor.cpp(1053,29):
                      'std::basic_format_string<char,uint32_t &>::basic_format_string(const std::basic_format_string<char,uint32_t &> &)' : 1 ba─ş─▒ms─▒z de─şi┼şkeni 'const wchar_t [43]' de─şerinden 'const std::basic_format_string<char,uint32_t &> &' de─şerine d├Ân├╝┼şt├╝r├╝lemez
                          C:\ShadowStrike\ShadowStrike\src\Shared_modules\Core\FileSystem\DirectoryMonitor.cpp(1053,29):
                          Nedeni: 'const wchar_t [43]' de─şerinden 'const std::basic_format_string<char,uint32_t &>' de─şerine d├Ân├╝┼şt├╝r├╝lemez
                          C:\ShadowStrike\ShadowStrike\src\Shared_modules\Core\FileSystem\DirectoryMonitor.cpp(1053,29):
                          D├Ân├╝┼şt├╝rme ikinci bir kullan─▒c─▒ tan─▒ml─▒ d├Ân├╝┼şt├╝rme i┼şleci veya olu┼şturucu gerektiriyor
                  C:\Program Files\Microsoft Visual Studio\2022\Community\VC\Tools\MSVC\14.44.35207\include\format(2850,5):
                  veya       'std::basic_format_string<char,uint32_t &>::basic_format_string(const _Ty &)'
                  C:\ShadowStrike\ShadowStrike\src\Shared_modules\Core\FileSystem\DirectoryMonitor.cpp(1053,29):
                  '(const wchar_t [43])' ba─ş─▒ms─▒z de─şi┼şken listesi e┼şlenmeye ├ğal─▒┼ş─▒l─▒rken
      C:\ShadowStrike\ShadowStrike\src\Shared_modules\Core\FileSystem\DirectoryMonitor.cpp(1053,24):
      '(const wchar_t [43], uint32_t)' ba─ş─▒ms─▒z de─şi┼şken listesi e┼şlenmeye ├ğal─▒┼ş─▒l─▒rken
  
C:\ShadowStrike\ShadowStrike\src\Shared_modules\Core\FileSystem\DirectoryMonitor.cpp(1095,20): error C2664: 'void ShadowStrike::Utils::Logger::Info(const char *)' : 1 ba─ş─▒ms─▒z de─şi┼şkeni 'const wchar_t [40]' de─şerinden 'const char *' de─şerine d├Ân├╝┼şt├╝r├╝lemez [C:\ShadowStrike\ShadowStrike\ShadowStrike.vcxproj]
  ('/src/Shared_modules/Core/FileSystem/DirectoryMonitor.cpp' kaynak dosyas─▒ derleniyor)
      C:\ShadowStrike\ShadowStrike\src\Shared_modules\Core\FileSystem\DirectoryMonitor.cpp(1095,25):
      ─░┼şaretlenen t├╝rler ilgisiz; d├Ân├╝┼şt├╝rme reinterpret_cast, C stili t├╝r d├Ân├╝┼şt├╝rme veya parantez i├ğine al─▒nm─▒┼ş i┼şlev stili t├╝r d├Ân├╝┼şt├╝rme gerektiriyor
      C:\ShadowStrike\ShadowStrike\src\Shared_modules\Utils\Logger.hpp(265,16):
      'ShadowStrike::Utils::Logger::Info' bildirimine bak─▒n
      C:\ShadowStrike\ShadowStrike\src\Shared_modules\Utils\Logger.hpp(282,16):
      'void ShadowStrike::Utils::Logger::Info(std::basic_format_string<char,type_identity<_Args>::type...>,Args ...)' olabilirdi
          C:\ShadowStrike\ShadowStrike\src\Shared_modules\Core\FileSystem\DirectoryMonitor.cpp(1095,20):
          ili┼şkili k─▒s─▒tlamalar kar┼ş─▒lanmad─▒
              C:\ShadowStrike\ShadowStrike\src\Shared_modules\Utils\Logger.hpp(281,57):
              k─▒s─▒tlama yerine getirilmedi
      C:\ShadowStrike\ShadowStrike\src\Shared_modules\Core\FileSystem\DirectoryMonitor.cpp(1095,20):
      '(const wchar_t [40])' ba─ş─▒ms─▒z de─şi┼şken listesi e┼şlenmeye ├ğal─▒┼ş─▒l─▒rken
  
C:\ShadowStrike\ShadowStrike\src\Shared_modules\Core\FileSystem\DirectoryMonitor.cpp(1108,20): error C2664: 'void ShadowStrike::Utils::Logger::Info(const char *)' : 1 ba─ş─▒ms─▒z de─şi┼şkeni 'const wchar_t [35]' de─şerinden 'const char *' de─şerine d├Ân├╝┼şt├╝r├╝lemez [C:\ShadowStrike\ShadowStrike\ShadowStrike.vcxproj]
  ('/src/Shared_modules/Core/FileSystem/DirectoryMonitor.cpp' kaynak dosyas─▒ derleniyor)
      C:\ShadowStrike\ShadowStrike\src\Shared_modules\Core\FileSystem\DirectoryMonitor.cpp(1108,25):
      ─░┼şaretlenen t├╝rler ilgisiz; d├Ân├╝┼şt├╝rme reinterpret_cast, C stili t├╝r d├Ân├╝┼şt├╝rme veya parantez i├ğine al─▒nm─▒┼ş i┼şlev stili t├╝r d├Ân├╝┼şt├╝rme gerektiriyor
      C:\ShadowStrike\ShadowStrike\src\Shared_modules\Utils\Logger.hpp(265,16):
      'ShadowStrike::Utils::Logger::Info' bildirimine bak─▒n
      C:\ShadowStrike\ShadowStrike\src\Shared_modules\Utils\Logger.hpp(282,16):
      'void ShadowStrike::Utils::Logger::Info(std::basic_format_string<char,type_identity<_Args>::type...>,Args ...)' olabilirdi
          C:\ShadowStrike\ShadowStrike\src\Shared_modules\Core\FileSystem\DirectoryMonitor.cpp(1108,20):
          ili┼şkili k─▒s─▒tlamalar kar┼ş─▒lanmad─▒
              C:\ShadowStrike\ShadowStrike\src\Shared_modules\Utils\Logger.hpp(281,57):
              k─▒s─▒tlama yerine getirilmedi
      C:\ShadowStrike\ShadowStrike\src\Shared_modules\Core\FileSystem\DirectoryMonitor.cpp(1108,20):
      '(const wchar_t [35])' ba─ş─▒ms─▒z de─şi┼şken listesi e┼şlenmeye ├ğal─▒┼ş─▒l─▒rken
  
C:\ShadowStrike\ShadowStrike\src\Shared_modules\Core\FileSystem\DirectoryMonitor.cpp(1117,24): error C2664: 'void ShadowStrike::Utils::Logger::Info(const char *)' : 1 ba─ş─▒ms─▒z de─şi┼şkeni 'const wchar_t [37]' de─şerinden 'const char *' de─şerine d├Ân├╝┼şt├╝r├╝lemez [C:\ShadowStrike\ShadowStrike\ShadowStrike.vcxproj]
  ('/src/Shared_modules/Core/FileSystem/DirectoryMonitor.cpp' kaynak dosyas─▒ derleniyor)
      C:\ShadowStrike\ShadowStrike\src\Shared_modules\Core\FileSystem\DirectoryMonitor.cpp(1117,29):
      ─░┼şaretlenen t├╝rler ilgisiz; d├Ân├╝┼şt├╝rme reinterpret_cast, C stili t├╝r d├Ân├╝┼şt├╝rme veya parantez i├ğine al─▒nm─▒┼ş i┼şlev stili t├╝r d├Ân├╝┼şt├╝rme gerektiriyor
      C:\ShadowStrike\ShadowStrike\src\Shared_modules\Utils\Logger.hpp(265,16):
      'ShadowStrike::Utils::Logger::Info' bildirimine bak─▒n
      C:\ShadowStrike\ShadowStrike\src\Shared_modules\Utils\Logger.hpp(282,16):
      'void ShadowStrike::Utils::Logger::Info(std::basic_format_string<char,type_identity<_Args>::type...>,Args ...)' olabilirdi
          C:\ShadowStrike\ShadowStrike\src\Shared_modules\Core\FileSystem\DirectoryMonitor.cpp(1117,24):
          ili┼şkili k─▒s─▒tlamalar kar┼ş─▒lanmad─▒
              C:\ShadowStrike\ShadowStrike\src\Shared_modules\Utils\Logger.hpp(281,57):
              k─▒s─▒tlama yerine getirilmedi
      C:\ShadowStrike\ShadowStrike\src\Shared_modules\Core\FileSystem\DirectoryMonitor.cpp(1117,24):
      '(const wchar_t [37])' ba─ş─▒ms─▒z de─şi┼şken listesi e┼şlenmeye ├ğal─▒┼ş─▒l─▒rken
  
C:\ShadowStrike\ShadowStrike\src\Shared_modules\Core\FileSystem\DirectoryMonitor.cpp(1122,28): error C2664: 'void ShadowStrike::Utils::Logger::Error(const char *)' : 1 ba─ş─▒ms─▒z de─şi┼şkeni 'const wchar_t [58]' de─şerinden 'const char *' de─şerine d├Ân├╝┼şt├╝r├╝lemez [C:\ShadowStrike\ShadowStrike\ShadowStrike.vcxproj]
  ('/src/Shared_modules/Core/FileSystem/DirectoryMonitor.cpp' kaynak dosyas─▒ derleniyor)
      C:\ShadowStrike\ShadowStrike\src\Shared_modules\Core\FileSystem\DirectoryMonitor.cpp(1122,34):
      ─░┼şaretlenen t├╝rler ilgisiz; d├Ân├╝┼şt├╝rme reinterpret_cast, C stili t├╝r d├Ân├╝┼şt├╝rme veya parantez i├ğine al─▒nm─▒┼ş i┼şlev stili t├╝r d├Ân├╝┼şt├╝rme gerektiriyor
      C:\ShadowStrike\ShadowStrike\src\Shared_modules\Utils\Logger.hpp(263,16):
      'ShadowStrike::Utils::Logger::Error' bildirimine bak─▒n
      C:\ShadowStrike\ShadowStrike\src\Shared_modules\Utils\Logger.hpp(274,16):
      'void ShadowStrike::Utils::Logger::Error(std::basic_format_string<char,type_identity<_Args>::type...>,Args ...)' olabilirdi
          C:\ShadowStrike\ShadowStrike\src\Shared_modules\Core\FileSystem\DirectoryMonitor.cpp(1122,28):
          ili┼şkili k─▒s─▒tlamalar kar┼ş─▒lanmad─▒
              C:\ShadowStrike\ShadowStrike\src\Shared_modules\Utils\Logger.hpp(273,57):
              k─▒s─▒tlama yerine getirilmedi
      C:\ShadowStrike\ShadowStrike\src\Shared_modules\Core\FileSystem\DirectoryMonitor.cpp(1122,28):
      '(const wchar_t [58])' ba─ş─▒ms─▒z de─şi┼şken listesi e┼şlenmeye ├ğal─▒┼ş─▒l─▒rken
  
C:\ShadowStrike\ShadowStrike\src\Shared_modules\Core\FileSystem\DirectoryMonitor.cpp(1128,28): error C2664: 'void ShadowStrike::Utils::Logger::Error(const char *)' : 1 ba─ş─▒ms─▒z de─şi┼şkeni 'const wchar_t [56]' de─şerinden 'const char *' de─şerine d├Ân├╝┼şt├╝r├╝lemez [C:\ShadowStrike\ShadowStrike\ShadowStrike.vcxproj]
  ('/src/Shared_modules/Core/FileSystem/DirectoryMonitor.cpp' kaynak dosyas─▒ derleniyor)
      C:\ShadowStrike\ShadowStrike\src\Shared_modules\Core\FileSystem\DirectoryMonitor.cpp(1128,34):
      ─░┼şaretlenen t├╝rler ilgisiz; d├Ân├╝┼şt├╝rme reinterpret_cast, C stili t├╝r d├Ân├╝┼şt├╝rme veya parantez i├ğine al─▒nm─▒┼ş i┼şlev stili t├╝r d├Ân├╝┼şt├╝rme gerektiriyor
      C:\ShadowStrike\ShadowStrike\src\Shared_modules\Utils\Logger.hpp(263,16):
      'ShadowStrike::Utils::Logger::Error' bildirimine bak─▒n
      C:\ShadowStrike\ShadowStrike\src\Shared_modules\Utils\Logger.hpp(274,16):
      'void ShadowStrike::Utils::Logger::Error(std::basic_format_string<char,type_identity<_Args>::type...>,Args ...)' olabilirdi
          C:\ShadowStrike\ShadowStrike\src\Shared_modules\Core\FileSystem\DirectoryMonitor.cpp(1128,28):
          ili┼şkili k─▒s─▒tlamalar kar┼ş─▒lanmad─▒
              C:\ShadowStrike\ShadowStrike\src\Shared_modules\Utils\Logger.hpp(273,57):
              k─▒s─▒tlama yerine getirilmedi
      C:\ShadowStrike\ShadowStrike\src\Shared_modules\Core\FileSystem\DirectoryMonitor.cpp(1128,28):
      '(const wchar_t [56])' ba─ş─▒ms─▒z de─şi┼şken listesi e┼şlenmeye ├ğal─▒┼ş─▒l─▒rken
  
C:\ShadowStrike\ShadowStrike\src\Shared_modules\Core\FileSystem\DirectoryMonitor.cpp(1134,28): error C2664: 'void ShadowStrike::Utils::Logger::Error(const char *)' : 1 ba─ş─▒ms─▒z de─şi┼şkeni 'const wchar_t [62]' de─şerinden 'const char *' de─şerine d├Ân├╝┼şt├╝r├╝lemez [C:\ShadowStrike\ShadowStrike\ShadowStrike.vcxproj]
  ('/src/Shared_modules/Core/FileSystem/DirectoryMonitor.cpp' kaynak dosyas─▒ derleniyor)
      C:\ShadowStrike\ShadowStrike\src\Shared_modules\Core\FileSystem\DirectoryMonitor.cpp(1134,34):
      ─░┼şaretlenen t├╝rler ilgisiz; d├Ân├╝┼şt├╝rme reinterpret_cast, C stili t├╝r d├Ân├╝┼şt├╝rme veya parantez i├ğine al─▒nm─▒┼ş i┼şlev stili t├╝r d├Ân├╝┼şt├╝rme gerektiriyor
      C:\ShadowStrike\ShadowStrike\src\Shared_modules\Utils\Logger.hpp(263,16):
      'ShadowStrike::Utils::Logger::Error' bildirimine bak─▒n
      C:\ShadowStrike\ShadowStrike\src\Shared_modules\Utils\Logger.hpp(274,16):
      'void ShadowStrike::Utils::Logger::Error(std::basic_format_string<char,type_identity<_Args>::type...>,Args ...)' olabilirdi
          C:\ShadowStrike\ShadowStrike\src\Shared_modules\Core\FileSystem\DirectoryMonitor.cpp(1134,28):
          ili┼şkili k─▒s─▒tlamalar kar┼ş─▒lanmad─▒
              C:\ShadowStrike\ShadowStrike\src\Shared_modules\Utils\Logger.hpp(273,57):
              k─▒s─▒tlama yerine getirilmedi
      C:\ShadowStrike\ShadowStrike\src\Shared_modules\Core\FileSystem\DirectoryMonitor.cpp(1134,28):
      '(const wchar_t [62])' ba─ş─▒ms─▒z de─şi┼şken listesi e┼şlenmeye ├ğal─▒┼ş─▒l─▒rken
  
C:\ShadowStrike\ShadowStrike\src\Shared_modules\Core\FileSystem\DirectoryMonitor.cpp(1146,28): error C2664: 'void ShadowStrike::Utils::Logger::Error(const char *)' : 1 ba─ş─▒ms─▒z de─şi┼şkeni 'const wchar_t [72]' de─şerinden 'const char *' de─şerine d├Ân├╝┼şt├╝r├╝lemez [C:\ShadowStrike\ShadowStrike\ShadowStrike.vcxproj]
  ('/src/Shared_modules/Core/FileSystem/DirectoryMonitor.cpp' kaynak dosyas─▒ derleniyor)
      C:\ShadowStrike\ShadowStrike\src\Shared_modules\Core\FileSystem\DirectoryMonitor.cpp(1146,34):
      ─░┼şaretlenen t├╝rler ilgisiz; d├Ân├╝┼şt├╝rme reinterpret_cast, C stili t├╝r d├Ân├╝┼şt├╝rme veya parantez i├ğine al─▒nm─▒┼ş i┼şlev stili t├╝r d├Ân├╝┼şt├╝rme gerektiriyor
      C:\ShadowStrike\ShadowStrike\src\Shared_modules\Utils\Logger.hpp(263,16):
      'ShadowStrike::Utils::Logger::Error' bildirimine bak─▒n
      C:\ShadowStrike\ShadowStrike\src\Shared_modules\Utils\Logger.hpp(274,16):
      'void ShadowStrike::Utils::Logger::Error(std::basic_format_string<char,type_identity<_Args>::type...>,Args ...)' olabilirdi
          C:\ShadowStrike\ShadowStrike\src\Shared_modules\Core\FileSystem\DirectoryMonitor.cpp(1146,28):
          ili┼şkili k─▒s─▒tlamalar kar┼ş─▒lanmad─▒
              C:\ShadowStrike\ShadowStrike\src\Shared_modules\Utils\Logger.hpp(273,57):
              k─▒s─▒tlama yerine getirilmedi
      C:\ShadowStrike\ShadowStrike\src\Shared_modules\Core\FileSystem\DirectoryMonitor.cpp(1146,28):
      '(const wchar_t [72])' ba─ş─▒ms─▒z de─şi┼şken listesi e┼şlenmeye ├ğal─▒┼ş─▒l─▒rken
  
C:\ShadowStrike\ShadowStrike\src\Shared_modules\Core\FileSystem\DirectoryMonitor.cpp(1150,24): error C2664: 'void ShadowStrike::Utils::Logger::Info(const char *)' : 1 ba─ş─▒ms─▒z de─şi┼şkeni 'const wchar_t [35]' de─şerinden 'const char *' de─şerine d├Ân├╝┼şt├╝r├╝lemez [C:\ShadowStrike\ShadowStrike\ShadowStrike.vcxproj]
  ('/src/Shared_modules/Core/FileSystem/DirectoryMonitor.cpp' kaynak dosyas─▒ derleniyor)
      C:\ShadowStrike\ShadowStrike\src\Shared_modules\Core\FileSystem\DirectoryMonitor.cpp(1150,29):
      ─░┼şaretlenen t├╝rler ilgisiz; d├Ân├╝┼şt├╝rme reinterpret_cast, C stili t├╝r d├Ân├╝┼şt├╝rme veya parantez i├ğine al─▒nm─▒┼ş i┼şlev stili t├╝r d├Ân├╝┼şt├╝rme gerektiriyor
      C:\ShadowStrike\ShadowStrike\src\Shared_modules\Utils\Logger.hpp(265,16):
      'ShadowStrike::Utils::Logger::Info' bildirimine bak─▒n
      C:\ShadowStrike\ShadowStrike\src\Shared_modules\Utils\Logger.hpp(282,16):
      'void ShadowStrike::Utils::Logger::Info(std::basic_format_string<char,type_identity<_Args>::type...>,Args ...)' olabilirdi
          C:\ShadowStrike\ShadowStrike\src\Shared_modules\Core\FileSystem\DirectoryMonitor.cpp(1150,24):
          ili┼şkili k─▒s─▒tlamalar kar┼ş─▒lanmad─▒
              C:\ShadowStrike\ShadowStrike\src\Shared_modules\Utils\Logger.hpp(281,57):
              k─▒s─▒tlama yerine getirilmedi
      C:\ShadowStrike\ShadowStrike\src\Shared_modules\Core\FileSystem\DirectoryMonitor.cpp(1150,24):
      '(const wchar_t [35])' ba─ş─▒ms─▒z de─şi┼şken listesi e┼şlenmeye ├ğal─▒┼ş─▒l─▒rken
  
C:\ShadowStrike\ShadowStrike\src\Shared_modules\Core\FileSystem\DirectoryMonitor.cpp(1155,49): error C2039: 'Utf8ToWide': bir 'ShadowStrike::Utils::StringUtils' ├╝yesi de─şil [C:\ShadowStrike\ShadowStrike\ShadowStrike.vcxproj]
  ('/src/Shared_modules/Core/FileSystem/DirectoryMonitor.cpp' kaynak dosyas─▒ derleniyor)
      C:\ShadowStrike\ShadowStrike\src\Shared_modules\Utils\StringUtils.hpp(63,19):
      'ShadowStrike::Utils::StringUtils' bildirimine bak─▒n
  
C:\ShadowStrike\ShadowStrike\src\Shared_modules\Core\FileSystem\DirectoryMonitor.cpp(1155,49): error C3861: 'Utf8ToWide': tan─▒mlay─▒c─▒ bulunamad─▒ [C:\ShadowStrike\ShadowStrike\ShadowStrike.vcxproj]
  ('/src/Shared_modules/Core/FileSystem/DirectoryMonitor.cpp' kaynak dosyas─▒ derleniyor)
  
C:\ShadowStrike\ShadowStrike\src\Shared_modules\Core\FileSystem\DirectoryMonitor.cpp(1154,24): error C2660: 'ShadowStrike::Utils::Logger::Error': i┼şlev 2 ba─ş─▒ms─▒z de─şi┼şken alm─▒yor [C:\ShadowStrike\ShadowStrike\ShadowStrike.vcxproj]
  ('/src/Shared_modules/Core/FileSystem/DirectoryMonitor.cpp' kaynak dosyas─▒ derleniyor)
      C:\ShadowStrike\ShadowStrike\src\Shared_modules\Utils\Logger.hpp(263,16):
      'ShadowStrike::Utils::Logger::Error' bildirimine bak─▒n
      C:\ShadowStrike\ShadowStrike\src\Shared_modules\Utils\Logger.hpp(274,16):
      'void ShadowStrike::Utils::Logger::Error(std::basic_format_string<char,type_identity<_Args>::type...>,Args ...)' olabilirdi
          C:\ShadowStrike\ShadowStrike\src\Shared_modules\Core\FileSystem\DirectoryMonitor.cpp(1154,24):
          'void ShadowStrike::Utils::Logger::Error(std::basic_format_string<char,type_identity<_Args>::type...>,Args ...)' i┼şlev ┼şablonu ├Âzelle┼ştirilemedi
              C:\ShadowStrike\ShadowStrike\src\Shared_modules\Core\FileSystem\DirectoryMonitor.cpp(1154,24):
              ┼Şu ┼şablon ba─ş─▒ms─▒z de─şi┼şkenleriyle:
                  C:\ShadowStrike\ShadowStrike\src\Shared_modules\Core\FileSystem\DirectoryMonitor.cpp(1154,24):
                  'Args={<error type>}'
      C:\ShadowStrike\ShadowStrike\src\Shared_modules\Core\FileSystem\DirectoryMonitor.cpp(1154,24):
      '(const wchar_t [40], <error type>)' ba─ş─▒ms─▒z de─şi┼şken listesi e┼şlenmeye ├ğal─▒┼ş─▒l─▒rken
  
C:\ShadowStrike\ShadowStrike\src\Shared_modules\AntiEvasion\EnvironmentEvasionDetector.cpp(1847,24): error C3861: 'min': tan─▒mlay─▒c─▒ bulunamad─▒ [C:\ShadowStrike\ShadowStrike\ShadowStrike.vcxproj]
  ('/src/Shared_modules/AntiEvasion/EnvironmentEvasionDetector.cpp' kaynak dosyas─▒ derleniyor)
  
C:\ShadowStrike\ShadowStrike\src\Shared_modules\Core\Engine\HeuristicAnalyzer.cpp(96,28): error C3646: 'm_config': bilinmeyen ge├ğersiz k─▒lma belirticisi [C:\ShadowStrike\ShadowStrike\ShadowStrike.vcxproj]
  ('/src/Shared_modules/Core/Engine/HeuristicAnalyzer.cpp' kaynak dosyas─▒ derleniyor)
  
C:\ShadowStrike\ShadowStrike\src\Shared_modules\Core\Engine\HeuristicAnalyzer.cpp(96,5): error C4430: t├╝r belirticisi eksik - int varsay─▒ld─▒. Not: C++ varsay─▒lan int deste─şi i├ğermez [C:\ShadowStrike\ShadowStrike\ShadowStrike.vcxproj]
  ('/src/Shared_modules/Core/Engine/HeuristicAnalyzer.cpp' kaynak dosyas─▒ derleniyor)
  
C:\ShadowStrike\ShadowStrike\src\Shared_modules\Core\Engine\HeuristicAnalyzer.cpp(103,21): error C2065: 'Whitelist': bildirimi yap─▒lmam─▒┼ş tan─▒mlay─▒c─▒ [C:\ShadowStrike\ShadowStrike\ShadowStrike.vcxproj]
  ('/src/Shared_modules/Core/Engine/HeuristicAnalyzer.cpp' kaynak dosyas─▒ derleniyor)
  
C:\ShadowStrike\ShadowStrike\src\Shared_modules\Core\Engine\HeuristicAnalyzer.cpp(103,21): error C2653: 'Whitelist': bir s─▒n─▒f veya ad alan─▒ ad─▒ de─şil [C:\ShadowStrike\ShadowStrike\ShadowStrike.vcxproj]
  ('/src/Shared_modules/Core/Engine/HeuristicAnalyzer.cpp' kaynak dosyas─▒ derleniyor)
  
C:\ShadowStrike\ShadowStrike\src\Shared_modules\Core\Engine\HeuristicAnalyzer.cpp(103,32): error C2065: 'WhitelistStore': bildirimi yap─▒lmam─▒┼ş tan─▒mlay─▒c─▒ [C:\ShadowStrike\ShadowStrike\ShadowStrike.vcxproj]
  ('/src/Shared_modules/Core/Engine/HeuristicAnalyzer.cpp' kaynak dosyas─▒ derleniyor)
  
C:\ShadowStrike\ShadowStrike\src\Shared_modules\Core\Engine\HeuristicAnalyzer.cpp(103,10): error C2923: 'std::shared_ptr': 'WhitelistStore' ge├ğerli bir ┼şablon t├╝r ba─ş─▒ms─▒z de─şi┼şkeni de─şil ('_Ty' parametresi i├ğin) [C:\ShadowStrike\ShadowStrike\ShadowStrike.vcxproj]
  ('/src/Shared_modules/Core/Engine/HeuristicAnalyzer.cpp' kaynak dosyas─▒ derleniyor)
      C:\ShadowStrike\ShadowStrike\src\Shared_modules\Core\Engine\HeuristicAnalyzer.cpp(103,32):
      'WhitelistStore' bildirimine bak─▒n
  
C:\ShadowStrike\ShadowStrike\src\Shared_modules\Core\Engine\HeuristicAnalyzer.cpp(103,48): error C2955: 'std::shared_ptr' : s─▒n─▒f ┼şablon kullan─▒m─▒ i├ğin ┼şablon ba─ş─▒ms─▒z de─şi┼şken listesi gerekir [C:\ShadowStrike\ShadowStrike\ShadowStrike.vcxproj]
  ('/src/Shared_modules/Core/Engine/HeuristicAnalyzer.cpp' kaynak dosyas─▒ derleniyor)
      C:\Program Files\Microsoft Visual Studio\2022\Community\VC\Tools\MSVC\14.44.35207\include\memory(1565,7):
      'std::shared_ptr' bildirimine bak─▒n
  
C:\ShadowStrike\ShadowStrike\src\Shared_modules\Core\Engine\HeuristicAnalyzer.cpp(106,25): error C3646: 'm_statistics': bilinmeyen ge├ğersiz k─▒lma belirticisi [C:\ShadowStrike\ShadowStrike\ShadowStrike.vcxproj]
  ('/src/Shared_modules/Core/Engine/HeuristicAnalyzer.cpp' kaynak dosyas─▒ derleniyor)
  
C:\ShadowStrike\ShadowStrike\src\Shared_modules\Core\Engine\HeuristicAnalyzer.cpp(106,5): error C4430: t├╝r belirticisi eksik - int varsay─▒ld─▒. Not: C++ varsay─▒lan int deste─şi i├ğermez [C:\ShadowStrike\ShadowStrike\ShadowStrike.vcxproj]
  ('/src/Shared_modules/Core/Engine/HeuristicAnalyzer.cpp' kaynak dosyas─▒ derleniyor)
  
C:\ShadowStrike\ShadowStrike\src\Shared_modules\Core\Engine\SandboxAnalyzer.cpp(132,27): error C2838: 'Windows10_x86': ├╝ye bildiriminde ge├ğersiz tam ad [C:\ShadowStrike\ShadowStrike\ShadowStrike.vcxproj]
  ('/src/Shared_modules/Core/Engine/SandboxAnalyzer.cpp' kaynak dosyas─▒ derleniyor)
  
C:\ShadowStrike\ShadowStrike\src\Shared_modules\Core\Engine\SandboxAnalyzer.cpp(132,27): error C2065: 'Windows10_x86': bildirimi yap─▒lmam─▒┼ş tan─▒mlay─▒c─▒ [C:\ShadowStrike\ShadowStrike\ShadowStrike.vcxproj]
  ('/src/Shared_modules/Core/Engine/SandboxAnalyzer.cpp' kaynak dosyas─▒ derleniyor)
  
C:\ShadowStrike\ShadowStrike\src\Shared_modules\Core\Engine\SandboxAnalyzer.cpp(132,27): error C2131: ifade sabit olarak de─şerlendirilmedi [C:\ShadowStrike\ShadowStrike\ShadowStrike.vcxproj]
  ('/src/Shared_modules/Core/Engine/SandboxAnalyzer.cpp' kaynak dosyas─▒ derleniyor)
      C:\ShadowStrike\ShadowStrike\src\Shared_modules\Core\Engine\SandboxAnalyzer.cpp(132,27):
      sabit olmayan bir (alt) ifade ile kar┼ş─▒la┼ş─▒ld─▒
  
C:\ShadowStrike\ShadowStrike\src\Shared_modules\Core\Engine\SandboxAnalyzer.cpp(137,27): error C2838: 'Ubuntu_x64': ├╝ye bildiriminde ge├ğersiz tam ad [C:\ShadowStrike\ShadowStrike\ShadowStrike.vcxproj]
  ('/src/Shared_modules/Core/Engine/SandboxAnalyzer.cpp' kaynak dosyas─▒ derleniyor)
  
C:\ShadowStrike\ShadowStrike\src\Shared_modules\Core\Engine\SandboxAnalyzer.cpp(137,27): error C2065: 'Ubuntu_x64': bildirimi yap─▒lmam─▒┼ş tan─▒mlay─▒c─▒ [C:\ShadowStrike\ShadowStrike\ShadowStrike.vcxproj]
  ('/src/Shared_modules/Core/Engine/SandboxAnalyzer.cpp' kaynak dosyas─▒ derleniyor)
  
C:\ShadowStrike\ShadowStrike\src\Shared_modules\Core\Engine\SandboxAnalyzer.cpp(137,27): error C2131: ifade sabit olarak de─şerlendirilmedi [C:\ShadowStrike\ShadowStrike\ShadowStrike.vcxproj]
  ('/src/Shared_modules/Core/Engine/SandboxAnalyzer.cpp' kaynak dosyas─▒ derleniyor)
      C:\ShadowStrike\ShadowStrike\src\Shared_modules\Core\Engine\SandboxAnalyzer.cpp(137,27):
      sabit olmayan bir (alt) ifade ile kar┼ş─▒la┼ş─▒ld─▒
  
C:\ShadowStrike\ShadowStrike\src\Shared_modules\Core\Engine\SandboxAnalyzer.cpp(138,27): error C2838: 'Debian_x64': ├╝ye bildiriminde ge├ğersiz tam ad [C:\ShadowStrike\ShadowStrike\ShadowStrike.vcxproj]
  ('/src/Shared_modules/Core/Engine/SandboxAnalyzer.cpp' kaynak dosyas─▒ derleniyor)
  
C:\ShadowStrike\ShadowStrike\src\Shared_modules\Core\Engine\SandboxAnalyzer.cpp(138,27): error C2065: 'Debian_x64': bildirimi yap─▒lmam─▒┼ş tan─▒mlay─▒c─▒ [C:\ShadowStrike\ShadowStrike\ShadowStrike.vcxproj]
  ('/src/Shared_modules/Core/Engine/SandboxAnalyzer.cpp' kaynak dosyas─▒ derleniyor)
  
C:\ShadowStrike\ShadowStrike\src\Shared_modules\Core\Engine\SandboxAnalyzer.cpp(138,27): error C2131: ifade sabit olarak de─şerlendirilmedi [C:\ShadowStrike\ShadowStrike\ShadowStrike.vcxproj]
  ('/src/Shared_modules/Core/Engine/SandboxAnalyzer.cpp' kaynak dosyas─▒ derleniyor)
      C:\ShadowStrike\ShadowStrike\src\Shared_modules\Core\Engine\SandboxAnalyzer.cpp(138,27):
      sabit olmayan bir (alt) ifade ile kar┼ş─▒la┼ş─▒ld─▒
  
C:\ShadowStrike\ShadowStrike\src\Shared_modules\Core\Engine\SandboxAnalyzer.cpp(139,27): error C2838: 'CentOS_x64': ├╝ye bildiriminde ge├ğersiz tam ad [C:\ShadowStrike\ShadowStrike\ShadowStrike.vcxproj]
  ('/src/Shared_modules/Core/Engine/SandboxAnalyzer.cpp' kaynak dosyas─▒ derleniyor)
  
C:\ShadowStrike\ShadowStrike\src\Shared_modules\Core\Engine\SandboxAnalyzer.cpp(139,27): error C2065: 'CentOS_x64': bildirimi yap─▒lmam─▒┼ş tan─▒mlay─▒c─▒ [C:\ShadowStrike\ShadowStrike\ShadowStrike.vcxproj]
  ('/src/Shared_modules/Core/Engine/SandboxAnalyzer.cpp' kaynak dosyas─▒ derleniyor)
  
C:\ShadowStrike\ShadowStrike\src\Shared_modules\Core\Engine\SandboxAnalyzer.cpp(139,27): error C2131: ifade sabit olarak de─şerlendirilmedi [C:\ShadowStrike\ShadowStrike\ShadowStrike.vcxproj]
  ('/src/Shared_modules/Core/Engine/SandboxAnalyzer.cpp' kaynak dosyas─▒ derleniyor)
      C:\ShadowStrike\ShadowStrike\src\Shared_modules\Core\Engine\SandboxAnalyzer.cpp(139,27):
      sabit olmayan bir (alt) ifade ile kar┼ş─▒la┼ş─▒ld─▒
  
C:\ShadowStrike\ShadowStrike\src\Shared_modules\Core\Engine\SandboxAnalyzer.cpp(132,27): error C2051: case ifadesi sabit de─şil [C:\ShadowStrike\ShadowStrike\ShadowStrike.vcxproj]
  ('/src/Shared_modules/Core/Engine/SandboxAnalyzer.cpp' kaynak dosyas─▒ derleniyor)
  
C:\ShadowStrike\ShadowStrike\src\Shared_modules\Core\Engine\SandboxAnalyzer.cpp(137,27): error C2051: case ifadesi sabit de─şil [C:\ShadowStrike\ShadowStrike\ShadowStrike.vcxproj]
  ('/src/Shared_modules/Core/Engine/SandboxAnalyzer.cpp' kaynak dosyas─▒ derleniyor)
  
C:\ShadowStrike\ShadowStrike\src\Shared_modules\Core\Engine\SandboxAnalyzer.cpp(138,27): error C2051: case ifadesi sabit de─şil [C:\ShadowStrike\ShadowStrike\ShadowStrike.vcxproj]
  ('/src/Shared_modules/Core/Engine/SandboxAnalyzer.cpp' kaynak dosyas─▒ derleniyor)
  
C:\ShadowStrike\ShadowStrike\src\Shared_modules\Core\Engine\SandboxAnalyzer.cpp(139,27): error C2051: case ifadesi sabit de─şil [C:\ShadowStrike\ShadowStrike\ShadowStrike.vcxproj]
  ('/src/Shared_modules/Core/Engine/SandboxAnalyzer.cpp' kaynak dosyas─▒ derleniyor)
  
C:\ShadowStrike\ShadowStrike\src\Shared_modules\Core\Engine\SandboxAnalyzer.cpp(151,30): error C2838: 'Queued': ├╝ye bildiriminde ge├ğersiz tam ad [C:\ShadowStrike\ShadowStrike\ShadowStrike.vcxproj]
  ('/src/Shared_modules/Core/Engine/SandboxAnalyzer.cpp' kaynak dosyas─▒ derleniyor)
  
C:\ShadowStrike\ShadowStrike\src\Shared_modules\Core\Engine\SandboxAnalyzer.cpp(151,30): error C2065: 'Queued': bildirimi yap─▒lmam─▒┼ş tan─▒mlay─▒c─▒ [C:\ShadowStrike\ShadowStrike\ShadowStrike.vcxproj]
  ('/src/Shared_modules/Core/Engine/SandboxAnalyzer.cpp' kaynak dosyas─▒ derleniyor)
  
C:\ShadowStrike\ShadowStrike\src\Shared_modules\Core\Engine\SandboxAnalyzer.cpp(151,30): error C2131: ifade sabit olarak de─şerlendirilmedi [C:\ShadowStrike\ShadowStrike\ShadowStrike.vcxproj]
  ('/src/Shared_modules/Core/Engine/SandboxAnalyzer.cpp' kaynak dosyas─▒ derleniyor)
      C:\ShadowStrike\ShadowStrike\src\Shared_modules\Core\Engine\SandboxAnalyzer.cpp(151,30):
      sabit olmayan bir (alt) ifade ile kar┼ş─▒la┼ş─▒ld─▒
  
C:\ShadowStrike\ShadowStrike\src\Shared_modules\Core\Engine\SandboxAnalyzer.cpp(153,30): error C2838: 'Transferring': ├╝ye bildiriminde ge├ğersiz tam ad [C:\ShadowStrike\ShadowStrike\ShadowStrike.vcxproj]
  ('/src/Shared_modules/Core/Engine/SandboxAnalyzer.cpp' kaynak dosyas─▒ derleniyor)
  
C:\ShadowStrike\ShadowStrike\src\Shared_modules\Core\Engine\SandboxAnalyzer.cpp(153,30): error C2065: 'Transferring': bildirimi yap─▒lmam─▒┼ş tan─▒mlay─▒c─▒ [C:\ShadowStrike\ShadowStrike\ShadowStrike.vcxproj]
  ('/src/Shared_modules/Core/Engine/SandboxAnalyzer.cpp' kaynak dosyas─▒ derleniyor)
  
C:\ShadowStrike\ShadowStrike\src\Shared_modules\Core\Engine\SandboxAnalyzer.cpp(153,30): error C2131: ifade sabit olarak de─şerlendirilmedi [C:\ShadowStrike\ShadowStrike\ShadowStrike.vcxproj]
  ('/src/Shared_modules/Core/Engine/SandboxAnalyzer.cpp' kaynak dosyas─▒ derleniyor)
      C:\ShadowStrike\ShadowStrike\src\Shared_modules\Core\Engine\SandboxAnalyzer.cpp(153,30):
      sabit olmayan bir (alt) ifade ile kar┼ş─▒la┼ş─▒ld─▒
  
C:\ShadowStrike\ShadowStrike\src\Shared_modules\Core\Engine\SandboxAnalyzer.cpp(154,30): error C2838: 'Executing': ├╝ye bildiriminde ge├ğersiz tam ad [C:\ShadowStrike\ShadowStrike\ShadowStrike.vcxproj]
  ('/src/Shared_modules/Core/Engine/SandboxAnalyzer.cpp' kaynak dosyas─▒ derleniyor)
  
C:\ShadowStrike\ShadowStrike\src\Shared_modules\Core\Engine\SandboxAnalyzer.cpp(154,30): error C2065: 'Executing': bildirimi yap─▒lmam─▒┼ş tan─▒mlay─▒c─▒ [C:\ShadowStrike\ShadowStrike\ShadowStrike.vcxproj]
  ('/src/Shared_modules/Core/Engine/SandboxAnalyzer.cpp' kaynak dosyas─▒ derleniyor)
  
C:\ShadowStrike\ShadowStrike\src\Shared_modules\Core\Engine\SandboxAnalyzer.cpp(154,30): error C2131: ifade sabit olarak de─şerlendirilmedi [C:\ShadowStrike\ShadowStrike\ShadowStrike.vcxproj]
  ('/src/Shared_modules/Core/Engine/SandboxAnalyzer.cpp' kaynak dosyas─▒ derleniyor)
      C:\ShadowStrike\ShadowStrike\src\Shared_modules\Core\Engine\SandboxAnalyzer.cpp(154,30):
      sabit olmayan bir (alt) ifade ile kar┼ş─▒la┼ş─▒ld─▒
  
C:\ShadowStrike\ShadowStrike\src\Shared_modules\Core\Engine\SandboxAnalyzer.cpp(155,30): error C2838: 'Monitoring': ├╝ye bildiriminde ge├ğersiz tam ad [C:\ShadowStrike\ShadowStrike\ShadowStrike.vcxproj]
  ('/src/Shared_modules/Core/Engine/SandboxAnalyzer.cpp' kaynak dosyas─▒ derleniyor)
  
C:\ShadowStrike\ShadowStrike\src\Shared_modules\Core\Engine\SandboxAnalyzer.cpp(155,30): error C2065: 'Monitoring': bildirimi yap─▒lmam─▒┼ş tan─▒mlay─▒c─▒ [C:\ShadowStrike\ShadowStrike\ShadowStrike.vcxproj]
  ('/src/Shared_modules/Core/Engine/SandboxAnalyzer.cpp' kaynak dosyas─▒ derleniyor)
  
C:\ShadowStrike\ShadowStrike\src\Shared_modules\Core\Engine\SandboxAnalyzer.cpp(155,30): error C2131: ifade sabit olarak de─şerlendirilmedi [C:\ShadowStrike\ShadowStrike\ShadowStrike.vcxproj]
  ('/src/Shared_modules/Core/Engine/SandboxAnalyzer.cpp' kaynak dosyas─▒ derleniyor)
      C:\ShadowStrike\ShadowStrike\src\Shared_modules\Core\Engine\SandboxAnalyzer.cpp(155,30):
      sabit olmayan bir (alt) ifade ile kar┼ş─▒la┼ş─▒ld─▒
  
C:\ShadowStrike\ShadowStrike\src\Shared_modules\Core\Engine\SandboxAnalyzer.cpp(156,30): error C2838: 'Capturing': ├╝ye bildiriminde ge├ğersiz tam ad [C:\ShadowStrike\ShadowStrike\ShadowStrike.vcxproj]
  ('/src/Shared_modules/Core/Engine/SandboxAnalyzer.cpp' kaynak dosyas─▒ derleniyor)
  
C:\ShadowStrike\ShadowStrike\src\Shared_modules\Core\Engine\SandboxAnalyzer.cpp(156,30): error C2065: 'Capturing': bildirimi yap─▒lmam─▒┼ş tan─▒mlay─▒c─▒ [C:\ShadowStrike\ShadowStrike\ShadowStrike.vcxproj]
  ('/src/Shared_modules/Core/Engine/SandboxAnalyzer.cpp' kaynak dosyas─▒ derleniyor)
  
C:\ShadowStrike\ShadowStrike\src\Shared_modules\Core\Engine\SandboxAnalyzer.cpp(156,30): error C2131: ifade sabit olarak de─şerlendirilmedi [C:\ShadowStrike\ShadowStrike\ShadowStrike.vcxproj]
  ('/src/Shared_modules/Core/Engine/SandboxAnalyzer.cpp' kaynak dosyas─▒ derleniyor)
      C:\ShadowStrike\ShadowStrike\src\Shared_modules\Core\Engine\SandboxAnalyzer.cpp(156,30):
      sabit olmayan bir (alt) ifade ile kar┼ş─▒la┼ş─▒ld─▒
  
C:\ShadowStrike\ShadowStrike\src\Shared_modules\Core\Engine\SandboxAnalyzer.cpp(157,30): error C2838: 'Analyzing': ├╝ye bildiriminde ge├ğersiz tam ad [C:\ShadowStrike\ShadowStrike\ShadowStrike.vcxproj]
  ('/src/Shared_modules/Core/Engine/SandboxAnalyzer.cpp' kaynak dosyas─▒ derleniyor)
  
C:\ShadowStrike\ShadowStrike\src\Shared_modules\Core\Engine\SandboxAnalyzer.cpp(157,30): error C2065: 'Analyzing': bildirimi yap─▒lmam─▒┼ş tan─▒mlay─▒c─▒ [C:\ShadowStrike\ShadowStrike\ShadowStrike.vcxproj]
  ('/src/Shared_modules/Core/Engine/SandboxAnalyzer.cpp' kaynak dosyas─▒ derleniyor)
  
C:\ShadowStrike\ShadowStrike\src\Shared_modules\Core\Engine\SandboxAnalyzer.cpp(157,30): error C2131: ifade sabit olarak de─şerlendirilmedi [C:\ShadowStrike\ShadowStrike\ShadowStrike.vcxproj]
  ('/src/Shared_modules/Core/Engine/SandboxAnalyzer.cpp' kaynak dosyas─▒ derleniyor)
      C:\ShadowStrike\ShadowStrike\src\Shared_modules\Core\Engine\SandboxAnalyzer.cpp(157,30):
      sabit olmayan bir (alt) ifade ile kar┼ş─▒la┼ş─▒ld─▒
  
C:\ShadowStrike\ShadowStrike\src\Shared_modules\Core\Engine\SandboxAnalyzer.cpp(151,30): error C2051: case ifadesi sabit de─şil [C:\ShadowStrike\ShadowStrike\ShadowStrike.vcxproj]
  ('/src/Shared_modules/Core/Engine/SandboxAnalyzer.cpp' kaynak dosyas─▒ derleniyor)
  
C:\ShadowStrike\ShadowStrike\src\Shared_modules\Core\Engine\SandboxAnalyzer.cpp(153,30): error C2051: case ifadesi sabit de─şil [C:\ShadowStrike\ShadowStrike\ShadowStrike.vcxproj]
  ('/src/Shared_modules/Core/Engine/SandboxAnalyzer.cpp' kaynak dosyas─▒ derleniyor)
  
C:\ShadowStrike\ShadowStrike\src\Shared_modules\Core\Engine\SandboxAnalyzer.cpp(154,30): error C2051: case ifadesi sabit de─şil [C:\ShadowStrike\ShadowStrike\ShadowStrike.vcxproj]
  ('/src/Shared_modules/Core/Engine/SandboxAnalyzer.cpp' kaynak dosyas─▒ derleniyor)
  
C:\ShadowStrike\ShadowStrike\src\Shared_modules\Core\Engine\SandboxAnalyzer.cpp(155,30): error C2051: case ifadesi sabit de─şil [C:\ShadowStrike\ShadowStrike\ShadowStrike.vcxproj]
  TrafficAnalyzer.cpp
  ('/src/Shared_modules/Core/Engine/SandboxAnalyzer.cpp' kaynak dosyas─▒ derleniyor)
  
C:\ShadowStrike\ShadowStrike\src\Shared_modules\Core\Engine\SandboxAnalyzer.cpp(156,30): error C2051: case ifadesi sabit de─şil [C:\ShadowStrike\ShadowStrike\ShadowStrike.vcxproj]
  ('/src/Shared_modules/Core/Engine/SandboxAnalyzer.cpp' kaynak dosyas─▒ derleniyor)
  
C:\ShadowStrike\ShadowStrike\src\Shared_modules\Core\Engine\SandboxAnalyzer.cpp(157,30): error C2051: case ifadesi sabit de─şil [C:\ShadowStrike\ShadowStrike\ShadowStrike.vcxproj]
  ('/src/Shared_modules/Core/Engine/SandboxAnalyzer.cpp' kaynak dosyas─▒ derleniyor)
  
C:\ShadowStrike\ShadowStrike\src\Shared_modules\Core\Engine\SandboxAnalyzer.cpp(182,28): error C2039: 'Impl': bir 'ShadowStrike::Core::Engine::SandboxAnalyzer' ├╝yesi de─şil [C:\ShadowStrike\ShadowStrike\ShadowStrike.vcxproj]
  ('/src/Shared_modules/Core/Engine/SandboxAnalyzer.cpp' kaynak dosyas─▒ derleniyor)
      C:\ShadowStrike\ShadowStrike\src\Shared_modules\Core\Engine\SandboxAnalyzer.hpp(685,7):
      'ShadowStrike::Core::Engine::SandboxAnalyzer' bildirimine bak─▒n
  
  URLAnalyzer.cpp
C:\ShadowStrike\ShadowStrike\src\Shared_modules\Core\Engine\SandboxAnalyzer.cpp(201,26): error C2039: 'Statistics': bir 'ShadowStrike::Core::Engine::SandboxAnalyzer' ├╝yesi de─şil [C:\ShadowStrike\ShadowStrike\ShadowStrike.vcxproj]
  ('/src/Shared_modules/Core/Engine/SandboxAnalyzer.cpp' kaynak dosyas─▒ derleniyor)
      C:\ShadowStrike\ShadowStrike\src\Shared_modules\Core\Engine\SandboxAnalyzer.hpp(685,7):
      'ShadowStrike::Core::Engine::SandboxAnalyzer' bildirimine bak─▒n
  
C:\ShadowStrike\ShadowStrike\src\Shared_modules\Core\Engine\SandboxAnalyzer.cpp(201,37): error C3646: 'm_stats': bilinmeyen ge├ğersiz k─▒lma belirticisi [C:\ShadowStrike\ShadowStrike\ShadowStrike.vcxproj]
  ('/src/Shared_modules/Core/Engine/SandboxAnalyzer.cpp' kaynak dosyas─▒ derleniyor)
  
C:\ShadowStrike\ShadowStrike\src\Shared_modules\Core\Engine\SandboxAnalyzer.cpp(201,26): error C4430: t├╝r belirticisi eksik - int varsay─▒ld─▒. Not: C++ varsay─▒lan int deste─şi i├ğermez [C:\ShadowStrike\ShadowStrike\ShadowStrike.vcxproj]
  ('/src/Shared_modules/Core/Engine/SandboxAnalyzer.cpp' kaynak dosyas─▒ derleniyor)
  
C:\ShadowStrike\ShadowStrike\src\Shared_modules\Core\Engine\HeuristicAnalyzer.cpp(121,26): error C3646: 'm_progressCallback': bilinmeyen ge├ğersiz k─▒lma belirticisi [C:\ShadowStrike\ShadowStrike\ShadowStrike.vcxproj]
  ('/src/Shared_modules/Core/Engine/HeuristicAnalyzer.cpp' kaynak dosyas─▒ derleniyor)
  
C:\ShadowStrike\ShadowStrike\src\Shared_modules\Core\Engine\HeuristicAnalyzer.cpp(121,5): error C4430: t├╝r belirticisi eksik - int varsay─▒ld─▒. Not: C++ varsay─▒lan int deste─şi i├ğermez [C:\ShadowStrike\ShadowStrike\ShadowStrike.vcxproj]
  ('/src/Shared_modules/Core/Engine/HeuristicAnalyzer.cpp' kaynak dosyas─▒ derleniyor)
  
C:\ShadowStrike\ShadowStrike\src\Shared_modules\Core\Engine\HeuristicAnalyzer.cpp(122,23): error C3646: 'm_indicatorCallback': bilinmeyen ge├ğersiz k─▒lma belirticisi [C:\ShadowStrike\ShadowStrike\ShadowStrike.vcxproj]
  ('/src/Shared_modules/Core/Engine/HeuristicAnalyzer.cpp' kaynak dosyas─▒ derleniyor)
  
C:\ShadowStrike\ShadowStrike\src\Shared_modules\Core\Engine\HeuristicAnalyzer.cpp(122,5): error C4430: t├╝r belirticisi eksik - int varsay─▒ld─▒. Not: C++ varsay─▒lan int deste─şi i├ğermez [C:\ShadowStrike\ShadowStrike\ShadowStrike.vcxproj]
  ('/src/Shared_modules/Core/Engine/HeuristicAnalyzer.cpp' kaynak dosyas─▒ derleniyor)
  
C:\ShadowStrike\ShadowStrike\src\Shared_modules\Core\Engine\HeuristicAnalyzer.cpp(125,12): error C2512: 'std::shared_ptr': kullan─▒labilir uygun varsay─▒lan olu┼şturucu yok [C:\ShadowStrike\ShadowStrike\ShadowStrike.vcxproj]
  ('/src/Shared_modules/Core/Engine/HeuristicAnalyzer.cpp' kaynak dosyas─▒ derleniyor)
      C:\Program Files\Microsoft Visual Studio\2022\Community\VC\Tools\MSVC\14.44.35207\include\memory(1565,7):
      'std::shared_ptr' bildirimine bak─▒n
  
C:\ShadowStrike\ShadowStrike\src\Shared_modules\Core\Engine\HeuristicAnalyzer.cpp(165,24): error C2665: 'ShadowStrike::Utils::Logger::Info': hi├ğbir a┼ş─▒r─▒ y├╝klenmi┼ş i┼şlev t├╝m arg├╝man t├╝rlerini d├Ân├╝┼şt├╝remez [C:\ShadowStrike\ShadowStrike\ShadowStrike.vcxproj]
  ('/src/Shared_modules/Core/Engine/HeuristicAnalyzer.cpp' kaynak dosyas─▒ derleniyor)
      C:\ShadowStrike\ShadowStrike\src\Shared_modules\Utils\Logger.hpp(282,16):
      'void ShadowStrike::Utils::Logger::Info<unsigned __int64>(std::basic_format_string<char,unsigned __int64>,unsigned __int64 &&)' olabilirdi
          C:\ShadowStrike\ShadowStrike\src\Shared_modules\Core\Engine\HeuristicAnalyzer.cpp(165,24):
          'void ShadowStrike::Utils::Logger::Info<unsigned __int64>(std::basic_format_string<char,unsigned __int64>,unsigned __int64 &&)' : 1 ba─ş─▒ms─▒z de─şi┼şkeni 'const wchar_t [47]' de─şerinden 'std::basic_format_string<char,unsigned __int64>' de─şerine d├Ân├╝┼şt├╝r├╝lemez
              C:\ShadowStrike\ShadowStrike\src\Shared_modules\Core\Engine\HeuristicAnalyzer.cpp(165,29):
              'std::basic_format_string<char,unsigned __int64>::basic_format_string': hi├ğbir a┼ş─▒r─▒ y├╝klenmi┼ş i┼şlev t├╝m arg├╝man t├╝rlerini d├Ân├╝┼şt├╝remez
                  C:\Program Files\Microsoft Visual Studio\2022\Community\VC\Tools\MSVC\14.44.35207\include\format(2867,1):
                  'std::basic_format_string<char,unsigned __int64>::basic_format_string(std::basic_format_string<char,unsigned __int64> &&)' olabilirdi
                      C:\ShadowStrike\ShadowStrike\src\Shared_modules\Core\Engine\HeuristicAnalyzer.cpp(165,29):
                      'std::basic_format_string<char,unsigned __int64>::basic_format_string(std::basic_format_string<char,unsigned __int64> &&)' : 1 ba─ş─▒ms─▒z de─şi┼şkeni 'const wchar_t [47]' de─şerinden 'std::basic_format_string<char,unsigned __int64> &&' de─şerine d├Ân├╝┼şt├╝r├╝lemez
                          C:\ShadowStrike\ShadowStrike\src\Shared_modules\Core\Engine\HeuristicAnalyzer.cpp(165,29):
                          Nedeni: 'const wchar_t [47]' de─şerinden 'std::basic_format_string<char,unsigned __int64>' de─şerine d├Ân├╝┼şt├╝r├╝lemez
                          C:\ShadowStrike\ShadowStrike\src\Shared_modules\Core\Engine\HeuristicAnalyzer.cpp(165,29):
                          D├Ân├╝┼şt├╝rme ikinci bir kullan─▒c─▒ tan─▒ml─▒ d├Ân├╝┼şt├╝rme i┼şleci veya olu┼şturucu gerektiriyor
                  C:\Program Files\Microsoft Visual Studio\2022\Community\VC\Tools\MSVC\14.44.35207\include\format(2867,1):
                  veya       'std::basic_format_string<char,unsigned __int64>::basic_format_string(const std::basic_format_string<char,unsigned __int64> &)'
                      C:\ShadowStrike\ShadowStrike\src\Shared_modules\Core\Engine\HeuristicAnalyzer.cpp(165,29):
                      'std::basic_format_string<char,unsigned __int64>::basic_format_string(const std::basic_format_string<char,unsigned __int64> &)' : 1 ba─ş─▒ms─▒z de─şi┼şkeni 'const wchar_t [47]' de─şerinden 'const std::basic_format_string<char,unsigned __int64> &' de─şerine d├Ân├╝┼şt├╝r├╝lemez
                          C:\ShadowStrike\ShadowStrike\src\Shared_modules\Core\Engine\HeuristicAnalyzer.cpp(165,29):
                          Nedeni: 'const wchar_t [47]' de─şerinden 'const std::basic_format_string<char,unsigned __int64>' de─şerine d├Ân├╝┼şt├╝r├╝lemez
                          C:\ShadowStrike\ShadowStrike\src\Shared_modules\Core\Engine\HeuristicAnalyzer.cpp(165,29):
                          D├Ân├╝┼şt├╝rme ikinci bir kullan─▒c─▒ tan─▒ml─▒ d├Ân├╝┼şt├╝rme i┼şleci veya olu┼şturucu gerektiriyor
                  C:\Program Files\Microsoft Visual Studio\2022\Community\VC\Tools\MSVC\14.44.35207\include\format(2850,5):
                  veya       'std::basic_format_string<char,unsigned __int64>::basic_format_string(const _Ty &)'
                  C:\ShadowStrike\ShadowStrike\src\Shared_modules\Core\Engine\HeuristicAnalyzer.cpp(165,29):
                  '(const wchar_t [47])' ba─ş─▒ms─▒z de─şi┼şken listesi e┼şlenmeye ├ğal─▒┼ş─▒l─▒rken
      C:\ShadowStrike\ShadowStrike\src\Shared_modules\Core\Engine\HeuristicAnalyzer.cpp(165,24):
      '(const wchar_t [47], unsigned __int64)' ba─ş─▒ms─▒z de─şi┼şken listesi e┼şlenmeye ├ğal─▒┼ş─▒l─▒rken
  
C:\ShadowStrike\ShadowStrike\src\Shared_modules\Core\Engine\HeuristicAnalyzer.cpp(210,24): error C2665: 'ShadowStrike::Utils::Logger::Info': hi├ğbir a┼ş─▒r─▒ y├╝klenmi┼ş i┼şlev t├╝m arg├╝man t├╝rlerini d├Ân├╝┼şt├╝remez [C:\ShadowStrike\ShadowStrike\ShadowStrike.vcxproj]
  ('/src/Shared_modules/Core/Engine/HeuristicAnalyzer.cpp' kaynak dosyas─▒ derleniyor)
      C:\ShadowStrike\ShadowStrike\src\Shared_modules\Utils\Logger.hpp(282,16):
      'void ShadowStrike::Utils::Logger::Info<unsigned __int64>(std::basic_format_string<char,unsigned __int64>,unsigned __int64 &&)' olabilirdi
          C:\ShadowStrike\ShadowStrike\src\Shared_modules\Core\Engine\HeuristicAnalyzer.cpp(210,24):
          'void ShadowStrike::Utils::Logger::Info<unsigned __int64>(std::basic_format_string<char,unsigned __int64>,unsigned __int64 &&)' : 1 ba─ş─▒ms─▒z de─şi┼şkeni 'const wchar_t [48]' de─şerinden 'std::basic_format_string<char,unsigned __int64>' de─şerine d├Ân├╝┼şt├╝r├╝lemez
              C:\ShadowStrike\ShadowStrike\src\Shared_modules\Core\Engine\HeuristicAnalyzer.cpp(210,29):
              'std::basic_format_string<char,unsigned __int64>::basic_format_string': hi├ğbir a┼ş─▒r─▒ y├╝klenmi┼ş i┼şlev t├╝m arg├╝man t├╝rlerini d├Ân├╝┼şt├╝remez
                  C:\Program Files\Microsoft Visual Studio\2022\Community\VC\Tools\MSVC\14.44.35207\include\format(2867,1):
                  'std::basic_format_string<char,unsigned __int64>::basic_format_string(std::basic_format_string<char,unsigned __int64> &&)' olabilirdi
                      C:\ShadowStrike\ShadowStrike\src\Shared_modules\Core\Engine\HeuristicAnalyzer.cpp(210,29):
                      'std::basic_format_string<char,unsigned __int64>::basic_format_string(std::basic_format_string<char,unsigned __int64> &&)' : 1 ba─ş─▒ms─▒z de─şi┼şkeni 'const wchar_t [48]' de─şerinden 'std::basic_format_string<char,unsigned __int64> &&' de─şerine d├Ân├╝┼şt├╝r├╝lemez
                          C:\ShadowStrike\ShadowStrike\src\Shared_modules\Core\Engine\HeuristicAnalyzer.cpp(210,29):
                          Nedeni: 'const wchar_t [48]' de─şerinden 'std::basic_format_string<char,unsigned __int64>' de─şerine d├Ân├╝┼şt├╝r├╝lemez
                          C:\ShadowStrike\ShadowStrike\src\Shared_modules\Core\Engine\HeuristicAnalyzer.cpp(210,29):
                          D├Ân├╝┼şt├╝rme ikinci bir kullan─▒c─▒ tan─▒ml─▒ d├Ân├╝┼şt├╝rme i┼şleci veya olu┼şturucu gerektiriyor
                  C:\Program Files\Microsoft Visual Studio\2022\Community\VC\Tools\MSVC\14.44.35207\include\format(2867,1):
                  veya       'std::basic_format_string<char,unsigned __int64>::basic_format_string(const std::basic_format_string<char,unsigned __int64> &)'
                      C:\ShadowStrike\ShadowStrike\src\Shared_modules\Core\Engine\HeuristicAnalyzer.cpp(210,29):
                      'std::basic_format_string<char,unsigned __int64>::basic_format_string(const std::basic_format_string<char,unsigned __int64> &)' : 1 ba─ş─▒ms─▒z de─şi┼şkeni 'const wchar_t [48]' de─şerinden 'const std::basic_format_string<char,unsigned __int64> &' de─şerine d├Ân├╝┼şt├╝r├╝lemez
                          C:\ShadowStrike\ShadowStrike\src\Shared_modules\Core\Engine\HeuristicAnalyzer.cpp(210,29):
                          Nedeni: 'const wchar_t [48]' de─şerinden 'const std::basic_format_string<char,unsigned __int64>' de─şerine d├Ân├╝┼şt├╝r├╝lemez
                          C:\ShadowStrike\ShadowStrike\src\Shared_modules\Core\Engine\HeuristicAnalyzer.cpp(210,29):
                          D├Ân├╝┼şt├╝rme ikinci bir kullan─▒c─▒ tan─▒ml─▒ d├Ân├╝┼şt├╝rme i┼şleci veya olu┼şturucu gerektiriyor
                  C:\Program Files\Microsoft Visual Studio\2022\Community\VC\Tools\MSVC\14.44.35207\include\format(2850,5):
                  veya       'std::basic_format_string<char,unsigned __int64>::basic_format_string(const _Ty &)'
                  C:\ShadowStrike\ShadowStrike\src\Shared_modules\Core\Engine\HeuristicAnalyzer.cpp(210,29):
                  '(const wchar_t [48])' ba─ş─▒ms─▒z de─şi┼şken listesi e┼şlenmeye ├ğal─▒┼ş─▒l─▒rken
      C:\ShadowStrike\ShadowStrike\src\Shared_modules\Core\Engine\HeuristicAnalyzer.cpp(210,24):
      '(const wchar_t [48], unsigned __int64)' ba─ş─▒ms─▒z de─şi┼şken listesi e┼şlenmeye ├ğal─▒┼ş─▒l─▒rken
  
C:\ShadowStrike\ShadowStrike\src\Shared_modules\Core\Engine\SandboxAnalyzer.cpp(226,21): error C3646: 'state': bilinmeyen ge├ğersiz k─▒lma belirticisi [C:\ShadowStrike\ShadowStrike\ShadowStrike.vcxproj]
  ('/src/Shared_modules/Core/Engine/SandboxAnalyzer.cpp' kaynak dosyas─▒ derleniyor)
  
C:\ShadowStrike\ShadowStrike\src\Shared_modules\Core\Engine\HeuristicAnalyzer.cpp(218,38): error C2039: 's_instanceCreated': bir 'ShadowStrike::Core::Engine::HeuristicAnalyzer' ├╝yesi de─şil [C:\ShadowStrike\ShadowStrike\ShadowStrike.vcxproj]
  VPNDetector.cpp
  ('/src/Shared_modules/Core/Engine/HeuristicAnalyzer.cpp' kaynak dosyas─▒ derleniyor)
      C:\ShadowStrike\ShadowStrike\src\Shared_modules\Core\Engine\HeuristicAnalyzer.hpp(2098,7):
      'ShadowStrike::Core::Engine::HeuristicAnalyzer' bildirimine bak─▒n
  
C:\ShadowStrike\ShadowStrike\src\Shared_modules\Core\Engine\SandboxAnalyzer.cpp(226,27): error C2059: s├Âzdizimi hatas─▒: '=' [C:\ShadowStrike\ShadowStrike\ShadowStrike.vcxproj]
  ('/src/Shared_modules/Core/Engine/SandboxAnalyzer.cpp' kaynak dosyas─▒ derleniyor)
  
C:\ShadowStrike\ShadowStrike\src\Shared_modules\Core\Engine\SandboxAnalyzer.cpp(226,29): error C2653: 'VMState': bir s─▒n─▒f veya ad alan─▒ ad─▒ de─şil [C:\ShadowStrike\ShadowStrike\ShadowStrike.vcxproj]
  ('/src/Shared_modules/Core/Engine/SandboxAnalyzer.cpp' kaynak dosyas─▒ derleniyor)
  
C:\ShadowStrike\ShadowStrike\src\Shared_modules\Core\Engine\SandboxAnalyzer.cpp(226,45): error C2238: ';' ├Âncesinde beklenmeyen belirte├ğler [C:\ShadowStrike\ShadowStrike\ShadowStrike.vcxproj]
  ('/src/Shared_modules/Core/Engine/SandboxAnalyzer.cpp' kaynak dosyas─▒ derleniyor)
  
C:\ShadowStrike\ShadowStrike\src\Shared_modules\Core\Engine\HeuristicAnalyzer.cpp(220,39): error C2382: 'ShadowStrike::Core::Engine::HeuristicAnalyzer::Instance': yeniden tan─▒mlama; ├Âzel durum ├Âzellikleri farkl─▒ [C:\ShadowStrike\ShadowStrike\ShadowStrike.vcxproj]
  ('/src/Shared_modules/Core/Engine/HeuristicAnalyzer.cpp' kaynak dosyas─▒ derleniyor)
      C:\ShadowStrike\ShadowStrike\src\Shared_modules\Core\Engine\HeuristicAnalyzer.hpp(2109,45):
      'ShadowStrike::Core::Engine::HeuristicAnalyzer::Instance' bildirimine bak─▒n
  
C:\ShadowStrike\ShadowStrike\src\Shared_modules\Core\Engine\HeuristicAnalyzer.cpp(226,25): error C2039: 'HasInstance': bir 'ShadowStrike::Core::Engine::HeuristicAnalyzer' ├╝yesi de─şil [C:\ShadowStrike\ShadowStrike\ShadowStrike.vcxproj]
  ('/src/Shared_modules/Core/Engine/HeuristicAnalyzer.cpp' kaynak dosyas─▒ derleniyor)
      C:\ShadowStrike\ShadowStrike\src\Shared_modules\Core\Engine\HeuristicAnalyzer.hpp(2098,7):
      'ShadowStrike::Core::Engine::HeuristicAnalyzer' bildirimine bak─▒n
  
C:\ShadowStrike\ShadowStrike\src\Shared_modules\Core\Engine\HeuristicAnalyzer.cpp(237,20): error C2664: 'void ShadowStrike::Utils::Logger::Info(const char *)' : 1 ba─ş─▒ms─▒z de─şi┼şkeni 'const wchar_t [38]' de─şerinden 'const char *' de─şerine d├Ân├╝┼şt├╝r├╝lemez [C:\ShadowStrike\ShadowStrike\ShadowStrike.vcxproj]
  WebProtection.cpp
  ('/src/Shared_modules/Core/Engine/HeuristicAnalyzer.cpp' kaynak dosyas─▒ derleniyor)
      C:\ShadowStrike\ShadowStrike\src\Shared_modules\Core\Engine\HeuristicAnalyzer.cpp(237,25):
      ─░┼şaretlenen t├╝rler ilgisiz; d├Ân├╝┼şt├╝rme reinterpret_cast, C stili t├╝r d├Ân├╝┼şt├╝rme veya parantez i├ğine al─▒nm─▒┼ş i┼şlev stili t├╝r d├Ân├╝┼şt├╝rme gerektiriyor
      C:\ShadowStrike\ShadowStrike\src\Shared_modules\Utils\Logger.hpp(265,16):
      'ShadowStrike::Utils::Logger::Info' bildirimine bak─▒n
      C:\ShadowStrike\ShadowStrike\src\Shared_modules\Utils\Logger.hpp(282,16):
      'void ShadowStrike::Utils::Logger::Info(std::basic_format_string<char,type_identity<_Args>::type...>,Args ...)' olabilirdi
          C:\ShadowStrike\ShadowStrike\src\Shared_modules\Core\Engine\HeuristicAnalyzer.cpp(237,20):
          ili┼şkili k─▒s─▒tlamalar kar┼ş─▒lanmad─▒
              C:\ShadowStrike\ShadowStrike\src\Shared_modules\Utils\Logger.hpp(281,57):
              k─▒s─▒tlama yerine getirilmedi
      C:\ShadowStrike\ShadowStrike\src\Shared_modules\Core\Engine\HeuristicAnalyzer.cpp(237,20):
      '(const wchar_t [38])' ba─ş─▒ms─▒z de─şi┼şken listesi e┼şlenmeye ├ğal─▒┼ş─▒l─▒rken
  
C:\ShadowStrike\ShadowStrike\src\Shared_modules\Core\Engine\SandboxAnalyzer.cpp(260,83): error C2061: s├Âzdizimi hatas─▒: tan─▒mlay─▒c─▒ 'SandboxError' [C:\ShadowStrike\ShadowStrike\ShadowStrike.vcxproj]
  ('/src/Shared_modules/Core/Engine/SandboxAnalyzer.cpp' kaynak dosyas─▒ derleniyor)
  
C:\ShadowStrike\ShadowStrike\src\Shared_modules\Core\Engine\SandboxAnalyzer.cpp(304,27): error C3083: 'Impl': '::' i┼şlecinin sonundaki simge bir t├╝r olmal─▒d─▒r [C:\ShadowStrike\ShadowStrike\ShadowStrike.vcxproj]
  ('/src/Shared_modules/Core/Engine/SandboxAnalyzer.cpp' kaynak dosyas─▒ derleniyor)
  
C:\ShadowStrike\ShadowStrike\src\Shared_modules\Core\Engine\HeuristicAnalyzer.cpp(242,20): error C2664: 'void ShadowStrike::Utils::Logger::Info(const char *)' : 1 ba─ş─▒ms─▒z de─şi┼şkeni 'const wchar_t [37]' de─şerinden 'const char *' de─şerine d├Ân├╝┼şt├╝r├╝lemez [C:\ShadowStrike\ShadowStrike\ShadowStrike.vcxproj]
  ('/src/Shared_modules/Core/Engine/HeuristicAnalyzer.cpp' kaynak dosyas─▒ derleniyor)
      C:\ShadowStrike\ShadowStrike\src\Shared_modules\Core\Engine\HeuristicAnalyzer.cpp(242,25):
      ─░┼şaretlenen t├╝rler ilgisiz; d├Ân├╝┼şt├╝rme reinterpret_cast, C stili t├╝r d├Ân├╝┼şt├╝rme veya parantez i├ğine al─▒nm─▒┼ş i┼şlev stili t├╝r d├Ân├╝┼şt├╝rme gerektiriyor
      C:\ShadowStrike\ShadowStrike\src\Shared_modules\Utils\Logger.hpp(265,16):
      'ShadowStrike::Utils::Logger::Info' bildirimine bak─▒n
      C:\ShadowStrike\ShadowStrike\src\Shared_modules\Utils\Logger.hpp(282,16):
      'void ShadowStrike::Utils::Logger::Info(std::basic_format_string<char,type_identity<_Args>::type...>,Args ...)' olabilirdi
          C:\ShadowStrike\ShadowStrike\src\Shared_modules\Core\Engine\HeuristicAnalyzer.cpp(242,20):
          ili┼şkili k─▒s─▒tlamalar kar┼ş─▒lanmad─▒
              C:\ShadowStrike\ShadowStrike\src\Shared_modules\Utils\Logger.hpp(281,57):
              k─▒s─▒tlama yerine getirilmedi
      C:\ShadowStrike\ShadowStrike\src\Shared_modules\Core\Engine\HeuristicAnalyzer.cpp(242,20):
      '(const wchar_t [37])' ba─ş─▒ms─▒z de─şi┼şken listesi e┼şlenmeye ├ğal─▒┼ş─▒l─▒rken
  
C:\ShadowStrike\ShadowStrike\src\Shared_modules\Core\Engine\SandboxAnalyzer.cpp(304,88): error C2061: s├Âzdizimi hatas─▒: tan─▒mlay─▒c─▒ 'SandboxError' [C:\ShadowStrike\ShadowStrike\ShadowStrike.vcxproj]
  ('/src/Shared_modules/Core/Engine/SandboxAnalyzer.cpp' kaynak dosyas─▒ derleniyor)
  
C:\ShadowStrike\ShadowStrike\src\Shared_modules\Core\Engine\HeuristicAnalyzer.cpp(245,36): error C4430: t├╝r belirticisi eksik - int varsay─▒ld─▒. Not: C++ varsay─▒lan int deste─şi i├ğermez [C:\ShadowStrike\ShadowStrike\ShadowStrike.vcxproj]
  ('/src/Shared_modules/Core/Engine/HeuristicAnalyzer.cpp' kaynak dosyas─▒ derleniyor)
  
C:\ShadowStrike\ShadowStrike\src\Shared_modules\Core\Engine\HeuristicAnalyzer.cpp(245,64): error C2143: s├Âzdizimi hatas─▒: ',' eksik ('&' ├Âncesinde) [C:\ShadowStrike\ShadowStrike\ShadowStrike.vcxproj]
  ('/src/Shared_modules/Core/Engine/HeuristicAnalyzer.cpp' kaynak dosyas─▒ derleniyor)
  
C:\ShadowStrike\ShadowStrike\src\Shared_modules\Core\Engine\HeuristicAnalyzer.cpp(245,25): error C2511: 'bool ShadowStrike::Core::Engine::HeuristicAnalyzer::Initialize(const int)': a┼ş─▒r─▒ y├╝klenen ├╝ye i┼şlev 'ShadowStrike::Core::Engine::HeuristicAnalyzer' i├ğinde bulunamad─▒ [C:\ShadowStrike\ShadowStrike\ShadowStrike.vcxproj]
  ('/src/Shared_modules/Core/Engine/HeuristicAnalyzer.cpp' kaynak dosyas─▒ derleniyor)
      C:\ShadowStrike\ShadowStrike\src\Shared_modules\Core\Engine\HeuristicAnalyzer.hpp(2098,7):
      'ShadowStrike::Core::Engine::HeuristicAnalyzer' bildirimine bak─▒n
  
C:\ShadowStrike\ShadowStrike\src\Shared_modules\Core\Engine\SandboxAnalyzer.cpp(304,33): error C2382: 'ShadowStrike::Core::Engine::SandboxAnalyzer::Initialize': yeniden tan─▒mlama; ├Âzel durum ├Âzellikleri farkl─▒ [C:\ShadowStrike\ShadowStrike\ShadowStrike.vcxproj]
  ('/src/Shared_modules/Core/Engine/SandboxAnalyzer.cpp' kaynak dosyas─▒ derleniyor)
      C:\ShadowStrike\ShadowStrike\src\Shared_modules\Core\Engine\SandboxAnalyzer.hpp(699,24):
      'ShadowStrike::Core::Engine::SandboxAnalyzer::Initialize' bildirimine bak─▒n
  
C:\ShadowStrike\ShadowStrike\src\Shared_modules\Core\Engine\SandboxAnalyzer.cpp(306,17): error C2065: 'm_initialized': bildirimi yap─▒lmam─▒┼ş tan─▒mlay─▒c─▒ [C:\ShadowStrike\ShadowStrike\ShadowStrike.vcxproj]
  ('/src/Shared_modules/Core/Engine/SandboxAnalyzer.cpp' kaynak dosyas─▒ derleniyor)
  
C:\ShadowStrike\ShadowStrike\src\Shared_modules\Core\Engine\HeuristicAnalyzer.cpp(249,24): error C2664: 'void ShadowStrike::Utils::Logger::Warn(const char *)' : 1 ba─ş─▒ms─▒z de─şi┼şkeni 'const wchar_t [39]' de─şerinden 'const char *' de─şerine d├Ân├╝┼şt├╝r├╝lemez [C:\ShadowStrike\ShadowStrike\ShadowStrike.vcxproj]
  ('/src/Shared_modules/Core/Engine/HeuristicAnalyzer.cpp' kaynak dosyas─▒ derleniyor)
      C:\ShadowStrike\ShadowStrike\src\Shared_modules\Core\Engine\HeuristicAnalyzer.cpp(249,29):
      ─░┼şaretlenen t├╝rler ilgisiz; d├Ân├╝┼şt├╝rme reinterpret_cast, C stili t├╝r d├Ân├╝┼şt├╝rme veya parantez i├ğine al─▒nm─▒┼ş i┼şlev stili t├╝r d├Ân├╝┼şt├╝rme gerektiriyor
      C:\ShadowStrike\ShadowStrike\src\Shared_modules\Utils\Logger.hpp(264,16):
      'ShadowStrike::Utils::Logger::Warn' bildirimine bak─▒n
      C:\ShadowStrike\ShadowStrike\src\Shared_modules\Utils\Logger.hpp(278,16):
      'void ShadowStrike::Utils::Logger::Warn(std::basic_format_string<char,type_identity<_Args>::type...>,Args ...)' olabilirdi
          C:\ShadowStrike\ShadowStrike\src\Shared_modules\Core\Engine\HeuristicAnalyzer.cpp(249,24):
          ili┼şkili k─▒s─▒tlamalar kar┼ş─▒lanmad─▒
              C:\ShadowStrike\ShadowStrike\src\Shared_modules\Utils\Logger.hpp(277,57):
              k─▒s─▒tlama yerine getirilmedi
      C:\ShadowStrike\ShadowStrike\src\Shared_modules\Core\Engine\HeuristicAnalyzer.cpp(249,24):
      '(const wchar_t [39])' ba─ş─▒ms─▒z de─şi┼şken listesi e┼şlenmeye ├ğal─▒┼ş─▒l─▒rken
  
C:\ShadowStrike\ShadowStrike\src\Shared_modules\Core\Engine\HeuristicAnalyzer.cpp(254,28): error C2065: 'config': bildirimi yap─▒lmam─▒┼ş tan─▒mlay─▒c─▒ [C:\ShadowStrike\ShadowStrike\ShadowStrike.vcxproj]
  ('/src/Shared_modules/Core/Engine/HeuristicAnalyzer.cpp' kaynak dosyas─▒ derleniyor)
  
C:\ShadowStrike\ShadowStrike\src\Shared_modules\Core\Engine\SandboxAnalyzer.cpp(310,28): error C2664: 'void ShadowStrike::Utils::Logger::Info(const char *)' : 1 ba─ş─▒ms─▒z de─şi┼şkeni 'const wchar_t [33]' de─şerinden 'const char *' de─şerine d├Ân├╝┼şt├╝r├╝lemez [C:\ShadowStrike\ShadowStrike\ShadowStrike.vcxproj]
  ('/src/Shared_modules/Core/Engine/SandboxAnalyzer.cpp' kaynak dosyas─▒ derleniyor)
      C:\ShadowStrike\ShadowStrike\src\Shared_modules\Core\Engine\SandboxAnalyzer.cpp(310,33):
      ─░┼şaretlenen t├╝rler ilgisiz; d├Ân├╝┼şt├╝rme reinterpret_cast, C stili t├╝r d├Ân├╝┼şt├╝rme veya parantez i├ğine al─▒nm─▒┼ş i┼şlev stili t├╝r d├Ân├╝┼şt├╝rme gerektiriyor
      C:\ShadowStrike\ShadowStrike\src\Shared_modules\Utils\Logger.hpp(265,16):
      'ShadowStrike::Utils::Logger::Info' bildirimine bak─▒n
      C:\ShadowStrike\ShadowStrike\src\Shared_modules\Utils\Logger.hpp(282,16):
      'void ShadowStrike::Utils::Logger::Info(std::basic_format_string<char,type_identity<_Args>::type...>,Args ...)' olabilirdi
          C:\ShadowStrike\ShadowStrike\src\Shared_modules\Core\Engine\SandboxAnalyzer.cpp(310,28):
          ili┼şkili k─▒s─▒tlamalar kar┼ş─▒lanmad─▒
              C:\ShadowStrike\ShadowStrike\src\Shared_modules\Utils\Logger.hpp(281,57):
              k─▒s─▒tlama yerine getirilmedi
      C:\ShadowStrike\ShadowStrike\src\Shared_modules\Core\Engine\SandboxAnalyzer.cpp(310,28):
      '(const wchar_t [33])' ba─ş─▒ms─▒z de─şi┼şken listesi e┼şlenmeye ├ğal─▒┼ş─▒l─▒rken
  
C:\ShadowStrike\ShadowStrike\src\Shared_modules\Core\Engine\HeuristicAnalyzer.cpp(257,14): error C2065: 'config': bildirimi yap─▒lmam─▒┼ş tan─▒mlay─▒c─▒ [C:\ShadowStrike\ShadowStrike\ShadowStrike.vcxproj]
  ('/src/Shared_modules/Core/Engine/HeuristicAnalyzer.cpp' kaynak dosyas─▒ derleniyor)
  
C:\ShadowStrike\ShadowStrike\src\Shared_modules\Core\Engine\SandboxAnalyzer.cpp(312,13): error C2065: 'm_config': bildirimi yap─▒lmam─▒┼ş tan─▒mlay─▒c─▒ [C:\ShadowStrike\ShadowStrike\ShadowStrike.vcxproj]
  ('/src/Shared_modules/Core/Engine/SandboxAnalyzer.cpp' kaynak dosyas─▒ derleniyor)
  
C:\ShadowStrike\ShadowStrike\src\Shared_modules\Core\Engine\HeuristicAnalyzer.cpp(258,28): error C2664: 'void ShadowStrike::Utils::Logger::Info(const char *)' : 1 ba─ş─▒ms─▒z de─şi┼şkeni 'const wchar_t [46]' de─şerinden 'const char *' de─şerine d├Ân├╝┼şt├╝r├╝lemez [C:\ShadowStrike\ShadowStrike\ShadowStrike.vcxproj]
  ('/src/Shared_modules/Core/Engine/HeuristicAnalyzer.cpp' kaynak dosyas─▒ derleniyor)
      C:\ShadowStrike\ShadowStrike\src\Shared_modules\Core\Engine\HeuristicAnalyzer.cpp(258,33):
      ─░┼şaretlenen t├╝rler ilgisiz; d├Ân├╝┼şt├╝rme reinterpret_cast, C stili t├╝r d├Ân├╝┼şt├╝rme veya parantez i├ğine al─▒nm─▒┼ş i┼şlev stili t├╝r d├Ân├╝┼şt├╝rme gerektiriyor
      C:\ShadowStrike\ShadowStrike\src\Shared_modules\Utils\Logger.hpp(265,16):
      'ShadowStrike::Utils::Logger::Info' bildirimine bak─▒n
      C:\ShadowStrike\ShadowStrike\src\Shared_modules\Utils\Logger.hpp(282,16):
      'void ShadowStrike::Utils::Logger::Info(std::basic_format_string<char,type_identity<_Args>::type...>,Args ...)' olabilirdi
          C:\ShadowStrike\ShadowStrike\src\Shared_modules\Core\Engine\HeuristicAnalyzer.cpp(258,28):
          ili┼şkili k─▒s─▒tlamalar kar┼ş─▒lanmad─▒
              C:\ShadowStrike\ShadowStrike\src\Shared_modules\Utils\Logger.hpp(281,57):
              k─▒s─▒tlama yerine getirilmedi
      C:\ShadowStrike\ShadowStrike\src\Shared_modules\Core\Engine\HeuristicAnalyzer.cpp(258,28):
      '(const wchar_t [46])' ba─ş─▒ms─▒z de─şi┼şken listesi e┼şlenmeye ├ğal─▒┼ş─▒l─▒rken
  
C:\ShadowStrike\ShadowStrike\src\Shared_modules\Core\Engine\HeuristicAnalyzer.cpp(263,13): error C2065: 'config': bildirimi yap─▒lmam─▒┼ş tan─▒mlay─▒c─▒ [C:\ShadowStrike\ShadowStrike\ShadowStrike.vcxproj]
  ('/src/Shared_modules/Core/Engine/HeuristicAnalyzer.cpp' kaynak dosyas─▒ derleniyor)
  
C:\ShadowStrike\ShadowStrike\src\Shared_modules\Core\Engine\HeuristicAnalyzer.cpp(267,13): error C2065: 'config': bildirimi yap─▒lmam─▒┼ş tan─▒mlay─▒c─▒ [C:\ShadowStrike\ShadowStrike\ShadowStrike.vcxproj]
  ('/src/Shared_modules/Core/Engine/HeuristicAnalyzer.cpp' kaynak dosyas─▒ derleniyor)
  
C:\ShadowStrike\ShadowStrike\src\Shared_modules\Core\Engine\HeuristicAnalyzer.cpp(271,13): error C2065: 'config': bildirimi yap─▒lmam─▒┼ş tan─▒mlay─▒c─▒ [C:\ShadowStrike\ShadowStrike\ShadowStrike.vcxproj]
  ('/src/Shared_modules/Core/Engine/HeuristicAnalyzer.cpp' kaynak dosyas─▒ derleniyor)
  
C:\ShadowStrike\ShadowStrike\src\Shared_modules\Core\Engine\HeuristicAnalyzer.cpp(275,13): error C2065: 'config': bildirimi yap─▒lmam─▒┼ş tan─▒mlay─▒c─▒ [C:\ShadowStrike\ShadowStrike\ShadowStrike.vcxproj]
  ('/src/Shared_modules/Core/Engine/HeuristicAnalyzer.cpp' kaynak dosyas─▒ derleniyor)
  
C:\ShadowStrike\ShadowStrike\src\Shared_modules\Core\Engine\HeuristicAnalyzer.cpp(279,13): error C2065: 'config': bildirimi yap─▒lmam─▒┼ş tan─▒mlay─▒c─▒ [C:\ShadowStrike\ShadowStrike\ShadowStrike.vcxproj]
  ('/src/Shared_modules/Core/Engine/HeuristicAnalyzer.cpp' kaynak dosyas─▒ derleniyor)
  
C:\ShadowStrike\ShadowStrike\src\Shared_modules\Core\Engine\HeuristicAnalyzer.cpp(280,52): error C2065: 'Whitelist': bildirimi yap─▒lmam─▒┼ş tan─▒mlay─▒c─▒ [C:\ShadowStrike\ShadowStrike\ShadowStrike.vcxproj]
  ('/src/Shared_modules/Core/Engine/HeuristicAnalyzer.cpp' kaynak dosyas─▒ derleniyor)
  
C:\ShadowStrike\ShadowStrike\src\Shared_modules\Core\Engine\SandboxAnalyzer.cpp(317,32): error C2665: 'ShadowStrike::Utils::Logger::Error': hi├ğbir a┼ş─▒r─▒ y├╝klenmi┼ş i┼şlev t├╝m arg├╝man t├╝rlerini d├Ân├╝┼şt├╝remez [C:\ShadowStrike\ShadowStrike\ShadowStrike.vcxproj]
  ('/src/Shared_modules/Core/Engine/SandboxAnalyzer.cpp' kaynak dosyas─▒ derleniyor)
      C:\ShadowStrike\ShadowStrike\src\Shared_modules\Utils\Logger.hpp(274,16):
      'void ShadowStrike::Utils::Logger::Error<uint32_t>(std::basic_format_string<char,unsigned int>,uint32_t &&)' olabilirdi
          C:\ShadowStrike\ShadowStrike\src\Shared_modules\Core\Engine\SandboxAnalyzer.cpp(317,32):
          'void ShadowStrike::Utils::Logger::Error<uint32_t>(std::basic_format_string<char,unsigned int>,uint32_t &&)' : 1 ba─ş─▒ms─▒z de─şi┼şkeni 'const wchar_t [49]' de─şerinden 'std::basic_format_string<char,unsigned int>' de─şerine d├Ân├╝┼şt├╝r├╝lemez
              C:\ShadowStrike\ShadowStrike\src\Shared_modules\Core\Engine\SandboxAnalyzer.cpp(317,38):
              'std::basic_format_string<char,unsigned int>::basic_format_string': hi├ğbir a┼ş─▒r─▒ y├╝klenmi┼ş i┼şlev t├╝m arg├╝man t├╝rlerini d├Ân├╝┼şt├╝remez
                  C:\Program Files\Microsoft Visual Studio\2022\Community\VC\Tools\MSVC\14.44.35207\include\format(2867,1):
                  'std::basic_format_string<char,unsigned int>::basic_format_string(std::basic_format_string<char,unsigned int> &&)' olabilirdi
                      C:\ShadowStrike\ShadowStrike\src\Shared_modules\Core\Engine\SandboxAnalyzer.cpp(317,38):
                      'std::basic_format_string<char,unsigned int>::basic_format_string(std::basic_format_string<char,unsigned int> &&)' : 1 ba─ş─▒ms─▒z de─şi┼şkeni 'const wchar_t [49]' de─şerinden 'std::basic_format_string<char,unsigned int> &&' de─şerine d├Ân├╝┼şt├╝r├╝lemez
                          C:\ShadowStrike\ShadowStrike\src\Shared_modules\Core\Engine\SandboxAnalyzer.cpp(317,38):
                          Nedeni: 'const wchar_t [49]' de─şerinden 'std::basic_format_string<char,unsigned int>' de─şerine d├Ân├╝┼şt├╝r├╝lemez
                          C:\ShadowStrike\ShadowStrike\src\Shared_modules\Core\Engine\SandboxAnalyzer.cpp(317,38):
                          D├Ân├╝┼şt├╝rme ikinci bir kullan─▒c─▒ tan─▒ml─▒ d├Ân├╝┼şt├╝rme i┼şleci veya olu┼şturucu gerektiriyor
                  C:\Program Files\Microsoft Visual Studio\2022\Community\VC\Tools\MSVC\14.44.35207\include\format(2867,1):
                  veya       'std::basic_format_string<char,unsigned int>::basic_format_string(const std::basic_format_string<char,unsigned int> &)'
                      C:\ShadowStrike\ShadowStrike\src\Shared_modules\Core\Engine\SandboxAnalyzer.cpp(317,38):
                      'std::basic_format_string<char,unsigned int>::basic_format_string(const std::basic_format_string<char,unsigned int> &)' : 1 ba─ş─▒ms─▒z de─şi┼şkeni 'const wchar_t [49]' de─şerinden 'const std::basic_format_string<char,unsigned int> &' de─şerine d├Ân├╝┼şt├╝r├╝lemez
                          C:\ShadowStrike\ShadowStrike\src\Shared_modules\Core\Engine\SandboxAnalyzer.cpp(317,38):
                          Nedeni: 'const wchar_t [49]' de─şerinden 'const std::basic_format_string<char,unsigned int>' de─şerine d├Ân├╝┼şt├╝r├╝lemez
                          C:\ShadowStrike\ShadowStrike\src\Shared_modules\Core\Engine\SandboxAnalyzer.cpp(317,38):
                          D├Ân├╝┼şt├╝rme ikinci bir kullan─▒c─▒ tan─▒ml─▒ d├Ân├╝┼şt├╝rme i┼şleci veya olu┼şturucu gerektiriyor
                  C:\Program Files\Microsoft Visual Studio\2022\Community\VC\Tools\MSVC\14.44.35207\include\format(2850,5):
                  veya       'std::basic_format_string<char,unsigned int>::basic_format_string(const _Ty &)'
                  C:\ShadowStrike\ShadowStrike\src\Shared_modules\Core\Engine\SandboxAnalyzer.cpp(317,38):
                  '(const wchar_t [49])' ba─ş─▒ms─▒z de─şi┼şken listesi e┼şlenmeye ├ğal─▒┼ş─▒l─▒rken
      C:\ShadowStrike\ShadowStrike\src\Shared_modules\Core\Engine\SandboxAnalyzer.cpp(317,32):
      '(const wchar_t [49], uint32_t)' ba─ş─▒ms─▒z de─şi┼şken listesi e┼şlenmeye ├ğal─▒┼ş─▒l─▒rken
  
C:\ShadowStrike\ShadowStrike\src\Shared_modules\Core\Engine\HeuristicAnalyzer.cpp(280,52): error C2653: 'Whitelist': bir s─▒n─▒f veya ad alan─▒ ad─▒ de─şil [C:\ShadowStrike\ShadowStrike\ShadowStrike.vcxproj]
  ('/src/Shared_modules/Core/Engine/HeuristicAnalyzer.cpp' kaynak dosyas─▒ derleniyor)
  
C:\ShadowStrike\ShadowStrike\src\Shared_modules\Core\Engine\SandboxAnalyzer.cpp(321,18): error C3861: 'DetectAvailableVMs': tan─▒mlay─▒c─▒ bulunamad─▒ [C:\ShadowStrike\ShadowStrike\ShadowStrike.vcxproj]
  ('/src/Shared_modules/Core/Engine/SandboxAnalyzer.cpp' kaynak dosyas─▒ derleniyor)
  
C:\ShadowStrike\ShadowStrike\src\Shared_modules\Core\Engine\HeuristicAnalyzer.cpp(280,63): error C2065: 'WhitelistStore': bildirimi yap─▒lmam─▒┼ş tan─▒mlay─▒c─▒ [C:\ShadowStrike\ShadowStrike\ShadowStrike.vcxproj]
  ('/src/Shared_modules/Core/Engine/HeuristicAnalyzer.cpp' kaynak dosyas─▒ derleniyor)
  
C:\ShadowStrike\ShadowStrike\src\Shared_modules\Core\Engine\SandboxAnalyzer.cpp(322,32): error C2664: 'void ShadowStrike::Utils::Logger::Warn(const char *)' : 1 ba─ş─▒ms─▒z de─şi┼şkeni 'const wchar_t [56]' de─şerinden 'const char *' de─şerine d├Ân├╝┼şt├╝r├╝lemez [C:\ShadowStrike\ShadowStrike\ShadowStrike.vcxproj]
  ('/src/Shared_modules/Core/Engine/SandboxAnalyzer.cpp' kaynak dosyas─▒ derleniyor)
      C:\ShadowStrike\ShadowStrike\src\Shared_modules\Core\Engine\SandboxAnalyzer.cpp(322,37):
      ─░┼şaretlenen t├╝rler ilgisiz; d├Ân├╝┼şt├╝rme reinterpret_cast, C stili t├╝r d├Ân├╝┼şt├╝rme veya parantez i├ğine al─▒nm─▒┼ş i┼şlev stili t├╝r d├Ân├╝┼şt├╝rme gerektiriyor
      C:\ShadowStrike\ShadowStrike\src\Shared_modules\Utils\Logger.hpp(264,16):
      'ShadowStrike::Utils::Logger::Warn' bildirimine bak─▒n
      C:\ShadowStrike\ShadowStrike\src\Shared_modules\Utils\Logger.hpp(278,16):
      'void ShadowStrike::Utils::Logger::Warn(std::basic_format_string<char,type_identity<_Args>::type...>,Args ...)' olabilirdi
          C:\ShadowStrike\ShadowStrike\src\Shared_modules\Core\Engine\SandboxAnalyzer.cpp(322,32):
          ili┼şkili k─▒s─▒tlamalar kar┼ş─▒lanmad─▒
              C:\ShadowStrike\ShadowStrike\src\Shared_modules\Utils\Logger.hpp(277,57):
              k─▒s─▒tlama yerine getirilmedi
      C:\ShadowStrike\ShadowStrike\src\Shared_modules\Core\Engine\SandboxAnalyzer.cpp(322,32):
      '(const wchar_t [56])' ba─ş─▒ms─▒z de─şi┼şken listesi e┼şlenmeye ├ğal─▒┼ş─▒l─▒rken
  
C:\ShadowStrike\ShadowStrike\src\Shared_modules\Core\Engine\SandboxAnalyzer.cpp(325,77): error C2065: 'm_availableVMs': bildirimi yap─▒lmam─▒┼ş tan─▒mlay─▒c─▒ [C:\ShadowStrike\ShadowStrike\ShadowStrike.vcxproj]
  ('/src/Shared_modules/Core/Engine/SandboxAnalyzer.cpp' kaynak dosyas─▒ derleniyor)
  
C:\ShadowStrike\ShadowStrike\src\Shared_modules\Core\Engine\HeuristicAnalyzer.cpp(280,40): error C2672: 'std::make_shared': e┼şle┼şen a┼ş─▒r─▒ y├╝klenmi┼ş i┼şlev bulunamad─▒ [C:\ShadowStrike\ShadowStrike\ShadowStrike.vcxproj]
  ('/src/Shared_modules/Core/Engine/HeuristicAnalyzer.cpp' kaynak dosyas─▒ derleniyor)
      C:\Program Files\Microsoft Visual Studio\2022\Community\VC\Tools\MSVC\14.44.35207\include\memory(2968,44):
      'std::shared_ptr<_Ty> std::make_shared(const remove_extent<_Ty>::type &)' olabilirdi
          C:\ShadowStrike\ShadowStrike\src\Shared_modules\Core\Engine\HeuristicAnalyzer.cpp(280,63):
          'std::make_shared': '_Ty' i├ğin ┼şablon ba─ş─▒ms─▒z de─şi┼şkeni ge├ğersiz, t├╝r bekleniyor
      C:\Program Files\Microsoft Visual Studio\2022\Community\VC\Tools\MSVC\14.44.35207\include\memory(2959,44):
      veya       'std::shared_ptr<_Ty> std::make_shared(void)'
          C:\ShadowStrike\ShadowStrike\src\Shared_modules\Core\Engine\HeuristicAnalyzer.cpp(280,63):
          'std::make_shared': '_Ty' i├ğin ┼şablon ba─ş─▒ms─▒z de─şi┼şkeni ge├ğersiz, t├╝r bekleniyor
      C:\Program Files\Microsoft Visual Studio\2022\Community\VC\Tools\MSVC\14.44.35207\include\memory(2954,44):
      veya       'std::shared_ptr<_Ty> std::make_shared(const size_t,const remove_extent<_Ty>::type &)'
          C:\ShadowStrike\ShadowStrike\src\Shared_modules\Core\Engine\HeuristicAnalyzer.cpp(280,63):
          'std::make_shared': '_Ty' i├ğin ┼şablon ba─ş─▒ms─▒z de─şi┼şkeni ge├ğersiz, t├╝r bekleniyor
      C:\Program Files\Microsoft Visual Studio\2022\Community\VC\Tools\MSVC\14.44.35207\include\memory(2949,44):
      veya       'std::shared_ptr<_Ty> std::make_shared(const size_t)'
          C:\ShadowStrike\ShadowStrike\src\Shared_modules\Core\Engine\HeuristicAnalyzer.cpp(280,63):
          'std::make_shared': '_Ty' i├ğin ┼şablon ba─ş─▒ms─▒z de─şi┼şkeni ge├ğersiz, t├╝r bekleniyor
      C:\Program Files\Microsoft Visual Studio\2022\Community\VC\Tools\MSVC\14.44.35207\include\memory(2912,44):
      veya       'std::shared_ptr<_Ty> std::make_shared(_Types ...)'
          C:\ShadowStrike\ShadowStrike\src\Shared_modules\Core\Engine\HeuristicAnalyzer.cpp(280,63):
          'std::make_shared': '_Ty' i├ğin ┼şablon ba─ş─▒ms─▒z de─şi┼şkeni ge├ğersiz, t├╝r bekleniyor
  
C:\ShadowStrike\ShadowStrike\src\Shared_modules\Core\Engine\HeuristicAnalyzer.cpp(283,42): error C2653: 'Clock': bir s─▒n─▒f veya ad alan─▒ ad─▒ de─şil [C:\ShadowStrike\ShadowStrike\ShadowStrike.vcxproj]
  ('/src/Shared_modules/Core/Engine/HeuristicAnalyzer.cpp' kaynak dosyas─▒ derleniyor)
  
C:\ShadowStrike\ShadowStrike\src\Shared_modules\Core\Engine\HeuristicAnalyzer.cpp(283,49): error C3861: 'now': tan─▒mlay─▒c─▒ bulunamad─▒ [C:\ShadowStrike\ShadowStrike\ShadowStrike.vcxproj]
  ('/src/Shared_modules/Core/Engine/HeuristicAnalyzer.cpp' kaynak dosyas─▒ derleniyor)
  
C:\ShadowStrike\ShadowStrike\src\Shared_modules\Core\Engine\SandboxAnalyzer.cpp(325,28): error C2664: 'void ShadowStrike::Utils::Logger::Info(const char *)' : 1 ba─ş─▒ms─▒z de─şi┼şkeni 'const wchar_t [40]' de─şerinden 'const char *' de─şerine d├Ân├╝┼şt├╝r├╝lemez [C:\ShadowStrike\ShadowStrike\ShadowStrike.vcxproj]
  ('/src/Shared_modules/Core/Engine/SandboxAnalyzer.cpp' kaynak dosyas─▒ derleniyor)
      C:\ShadowStrike\ShadowStrike\src\Shared_modules\Core\Engine\SandboxAnalyzer.cpp(325,33):
      ─░┼şaretlenen t├╝rler ilgisiz; d├Ân├╝┼şt├╝rme reinterpret_cast, C stili t├╝r d├Ân├╝┼şt├╝rme veya parantez i├ğine al─▒nm─▒┼ş i┼şlev stili t├╝r d├Ân├╝┼şt├╝rme gerektiriyor
      C:\ShadowStrike\ShadowStrike\src\Shared_modules\Utils\Logger.hpp(265,16):
      'ShadowStrike::Utils::Logger::Info' bildirimine bak─▒n
      C:\ShadowStrike\ShadowStrike\src\Shared_modules\Utils\Logger.hpp(282,16):
      'void ShadowStrike::Utils::Logger::Info(std::basic_format_string<char,type_identity<_Args>::type...>,Args ...)' olabilirdi
          C:\ShadowStrike\ShadowStrike\src\Shared_modules\Core\Engine\SandboxAnalyzer.cpp(325,28):
          ili┼şkili k─▒s─▒tlamalar kar┼ş─▒lanmad─▒
              C:\ShadowStrike\ShadowStrike\src\Shared_modules\Utils\Logger.hpp(281,57):
              k─▒s─▒tlama yerine getirilmedi
      C:\ShadowStrike\ShadowStrike\src\Shared_modules\Core\Engine\SandboxAnalyzer.cpp(325,28):
      '(const wchar_t [40])' ba─ş─▒ms─▒z de─şi┼şken listesi e┼şlenmeye ├ğal─▒┼ş─▒l─▒rken
  
C:\ShadowStrike\ShadowStrike\src\Shared_modules\Core\Engine\HeuristicAnalyzer.cpp(286,24): error C2664: 'void ShadowStrike::Utils::Logger::Info(const char *)' : 1 ba─ş─▒ms─▒z de─şi┼şkeni 'const wchar_t [44]' de─şerinden 'const char *' de─şerine d├Ân├╝┼şt├╝r├╝lemez [C:\ShadowStrike\ShadowStrike\ShadowStrike.vcxproj]
  ('/src/Shared_modules/Core/Engine/HeuristicAnalyzer.cpp' kaynak dosyas─▒ derleniyor)
      C:\ShadowStrike\ShadowStrike\src\Shared_modules\Core\Engine\HeuristicAnalyzer.cpp(286,29):
      ─░┼şaretlenen t├╝rler ilgisiz; d├Ân├╝┼şt├╝rme reinterpret_cast, C stili t├╝r d├Ân├╝┼şt├╝rme veya parantez i├ğine al─▒nm─▒┼ş i┼şlev stili t├╝r d├Ân├╝┼şt├╝rme gerektiriyor
      C:\ShadowStrike\ShadowStrike\src\Shared_modules\Utils\Logger.hpp(265,16):
      'ShadowStrike::Utils::Logger::Info' bildirimine bak─▒n
      C:\ShadowStrike\ShadowStrike\src\Shared_modules\Utils\Logger.hpp(282,16):
      'void ShadowStrike::Utils::Logger::Info(std::basic_format_string<char,type_identity<_Args>::type...>,Args ...)' olabilirdi
          C:\ShadowStrike\ShadowStrike\src\Shared_modules\Core\Engine\HeuristicAnalyzer.cpp(286,24):
          ili┼şkili k─▒s─▒tlamalar kar┼ş─▒lanmad─▒
              C:\ShadowStrike\ShadowStrike\src\Shared_modules\Utils\Logger.hpp(281,57):
              k─▒s─▒tlama yerine getirilmedi
      C:\ShadowStrike\ShadowStrike\src\Shared_modules\Core\Engine\HeuristicAnalyzer.cpp(286,24):
      '(const wchar_t [44])' ba─ş─▒ms─▒z de─şi┼şken listesi e┼şlenmeye ├ğal─▒┼ş─▒l─▒rken
  
C:\ShadowStrike\ShadowStrike\src\Shared_modules\Core\Engine\HeuristicAnalyzer.cpp(291,49): error C2039: 'Utf8ToWide': bir 'ShadowStrike::Utils::StringUtils' ├╝yesi de─şil [C:\ShadowStrike\ShadowStrike\ShadowStrike.vcxproj]
  ('/src/Shared_modules/Core/Engine/HeuristicAnalyzer.cpp' kaynak dosyas─▒ derleniyor)
      C:\ShadowStrike\ShadowStrike\src\Shared_modules\Utils\StringUtils.hpp(63,19):
      'ShadowStrike::Utils::StringUtils' bildirimine bak─▒n
  
C:\ShadowStrike\ShadowStrike\src\Shared_modules\Core\Engine\HeuristicAnalyzer.cpp(291,49): error C3861: 'Utf8ToWide': tan─▒mlay─▒c─▒ bulunamad─▒ [C:\ShadowStrike\ShadowStrike\ShadowStrike.vcxproj]
  ('/src/Shared_modules/Core/Engine/HeuristicAnalyzer.cpp' kaynak dosyas─▒ derleniyor)
  
C:\ShadowStrike\ShadowStrike\src\Shared_modules\Core\Engine\SandboxAnalyzer.cpp(326,28): error C2664: 'void ShadowStrike::Utils::Logger::Info(const char *)' : 1 ba─ş─▒ms─▒z de─şi┼şkeni 'const wchar_t [42]' de─şerinden 'const char *' de─şerine d├Ân├╝┼şt├╝r├╝lemez [C:\ShadowStrike\ShadowStrike\ShadowStrike.vcxproj]
  ('/src/Shared_modules/Core/Engine/SandboxAnalyzer.cpp' kaynak dosyas─▒ derleniyor)
      C:\ShadowStrike\ShadowStrike\src\Shared_modules\Core\Engine\SandboxAnalyzer.cpp(326,33):
      ─░┼şaretlenen t├╝rler ilgisiz; d├Ân├╝┼şt├╝rme reinterpret_cast, C stili t├╝r d├Ân├╝┼şt├╝rme veya parantez i├ğine al─▒nm─▒┼ş i┼şlev stili t├╝r d├Ân├╝┼şt├╝rme gerektiriyor
      C:\ShadowStrike\ShadowStrike\src\Shared_modules\Utils\Logger.hpp(265,16):
      'ShadowStrike::Utils::Logger::Info' bildirimine bak─▒n
      C:\ShadowStrike\ShadowStrike\src\Shared_modules\Utils\Logger.hpp(282,16):
      'void ShadowStrike::Utils::Logger::Info(std::basic_format_string<char,type_identity<_Args>::type...>,Args ...)' olabilirdi
          C:\ShadowStrike\ShadowStrike\src\Shared_modules\Core\Engine\SandboxAnalyzer.cpp(326,28):
          ili┼şkili k─▒s─▒tlamalar kar┼ş─▒lanmad─▒
              C:\ShadowStrike\ShadowStrike\src\Shared_modules\Utils\Logger.hpp(281,57):
              k─▒s─▒tlama yerine getirilmedi
      C:\ShadowStrike\ShadowStrike\src\Shared_modules\Core\Engine\SandboxAnalyzer.cpp(326,28):
      '(const wchar_t [42])' ba─ş─▒ms─▒z de─şi┼şken listesi e┼şlenmeye ├ğal─▒┼ş─▒l─▒rken
  
C:\ShadowStrike\ShadowStrike\src\Shared_modules\Core\Engine\SandboxAnalyzer.cpp(331,37): error C2039: 'ToWideString': bir 'ShadowStrike::Utils::StringUtils' ├╝yesi de─şil [C:\ShadowStrike\ShadowStrike\ShadowStrike.vcxproj]
  ('/src/Shared_modules/Core/Engine/SandboxAnalyzer.cpp' kaynak dosyas─▒ derleniyor)
      C:\ShadowStrike\ShadowStrike\src\Shared_modules\Utils\StringUtils.hpp(63,19):
      'ShadowStrike::Utils::StringUtils' bildirimine bak─▒n
  
C:\ShadowStrike\ShadowStrike\src\Shared_modules\Core\Engine\SandboxAnalyzer.cpp(331,37): error C3861: 'ToWideString': tan─▒mlay─▒c─▒ bulunamad─▒ [C:\ShadowStrike\ShadowStrike\ShadowStrike.vcxproj]
  ('/src/Shared_modules/Core/Engine/SandboxAnalyzer.cpp' kaynak dosyas─▒ derleniyor)
  
C:\ShadowStrike\ShadowStrike\src\Shared_modules\Core\Engine\HeuristicAnalyzer.cpp(290,24): error C2660: 'ShadowStrike::Utils::Logger::Error': i┼şlev 2 ba─ş─▒ms─▒z de─şi┼şken alm─▒yor [C:\ShadowStrike\ShadowStrike\ShadowStrike.vcxproj]
  ('/src/Shared_modules/Core/Engine/HeuristicAnalyzer.cpp' kaynak dosyas─▒ derleniyor)
      C:\ShadowStrike\ShadowStrike\src\Shared_modules\Utils\Logger.hpp(263,16):
      'ShadowStrike::Utils::Logger::Error' bildirimine bak─▒n
      C:\ShadowStrike\ShadowStrike\src\Shared_modules\Utils\Logger.hpp(274,16):
      'void ShadowStrike::Utils::Logger::Error(std::basic_format_string<char,type_identity<_Args>::type...>,Args ...)' olabilirdi
          C:\ShadowStrike\ShadowStrike\src\Shared_modules\Core\Engine\HeuristicAnalyzer.cpp(290,24):
          'void ShadowStrike::Utils::Logger::Error(std::basic_format_string<char,type_identity<_Args>::type...>,Args ...)' i┼şlev ┼şablonu ├Âzelle┼ştirilemedi
              C:\ShadowStrike\ShadowStrike\src\Shared_modules\Core\Engine\HeuristicAnalyzer.cpp(290,24):
              ┼Şu ┼şablon ba─ş─▒ms─▒z de─şi┼şkenleriyle:
                  C:\ShadowStrike\ShadowStrike\src\Shared_modules\Core\Engine\HeuristicAnalyzer.cpp(290,24):
                  'Args={<error type>}'
      C:\ShadowStrike\ShadowStrike\src\Shared_modules\Core\Engine\HeuristicAnalyzer.cpp(290,24):
      '(const wchar_t [46], <error type>)' ba─ş─▒ms─▒z de─şi┼şken listesi e┼şlenmeye ├ğal─▒┼ş─▒l─▒rken
  
C:\ShadowStrike\ShadowStrike\src\Shared_modules\Core\Engine\SandboxAnalyzer.cpp(330,28): error C2660: 'ShadowStrike::Utils::Logger::Error': i┼şlev 2 ba─ş─▒ms─▒z de─şi┼şken alm─▒yor [C:\ShadowStrike\ShadowStrike\ShadowStrike.vcxproj]
  ('/src/Shared_modules/Core/Engine/SandboxAnalyzer.cpp' kaynak dosyas─▒ derleniyor)
      C:\ShadowStrike\ShadowStrike\src\Shared_modules\Utils\Logger.hpp(263,16):
      'ShadowStrike::Utils::Logger::Error' bildirimine bak─▒n
      C:\ShadowStrike\ShadowStrike\src\Shared_modules\Utils\Logger.hpp(274,16):
      'void ShadowStrike::Utils::Logger::Error(std::basic_format_string<char,type_identity<_Args>::type...>,Args ...)' olabilirdi
          C:\ShadowStrike\ShadowStrike\src\Shared_modules\Core\Engine\SandboxAnalyzer.cpp(330,28):
          'void ShadowStrike::Utils::Logger::Error(std::basic_format_string<char,type_identity<_Args>::type...>,Args ...)' i┼şlev ┼şablonu ├Âzelle┼ştirilemedi
              C:\ShadowStrike\ShadowStrike\src\Shared_modules\Core\Engine\SandboxAnalyzer.cpp(330,28):
              ┼Şu ┼şablon ba─ş─▒ms─▒z de─şi┼şkenleriyle:
                  C:\ShadowStrike\ShadowStrike\src\Shared_modules\Core\Engine\SandboxAnalyzer.cpp(330,28):
                  'Args={<error type>}'
      C:\ShadowStrike\ShadowStrike\src\Shared_modules\Core\Engine\SandboxAnalyzer.cpp(330,28):
      '(const wchar_t [42], <error type>)' ba─ş─▒ms─▒z de─şi┼şken listesi e┼şlenmeye ├ğal─▒┼ş─▒l─▒rken
  
C:\ShadowStrike\ShadowStrike\src\Shared_modules\Core\Engine\SandboxAnalyzer.cpp(333,17): error C2065: 'err': bildirimi yap─▒lmam─▒┼ş tan─▒mlay─▒c─▒ [C:\ShadowStrike\ShadowStrike\ShadowStrike.vcxproj]
  ('/src/Shared_modules/Core/Engine/SandboxAnalyzer.cpp' kaynak dosyas─▒ derleniyor)
  
C:\ShadowStrike\ShadowStrike\src\Shared_modules\Core\Engine\SandboxAnalyzer.cpp(334,17): error C2065: 'err': bildirimi yap─▒lmam─▒┼ş tan─▒mlay─▒c─▒ [C:\ShadowStrike\ShadowStrike\ShadowStrike.vcxproj]
  ('/src/Shared_modules/Core/Engine/SandboxAnalyzer.cpp' kaynak dosyas─▒ derleniyor)
  
C:\ShadowStrike\ShadowStrike\src\Shared_modules\Core\Engine\SandboxAnalyzer.cpp(335,17): error C2065: 'err': bildirimi yap─▒lmam─▒┼ş tan─▒mlay─▒c─▒ [C:\ShadowStrike\ShadowStrike\ShadowStrike.vcxproj]
  ('/src/Shared_modules/Core/Engine/SandboxAnalyzer.cpp' kaynak dosyas─▒ derleniyor)
  
C:\ShadowStrike\ShadowStrike\src\Shared_modules\Core\Engine\SandboxAnalyzer.cpp(336,17): error C2065: 'err': bildirimi yap─▒lmam─▒┼ş tan─▒mlay─▒c─▒ [C:\ShadowStrike\ShadowStrike\ShadowStrike.vcxproj]
  ('/src/Shared_modules/Core/Engine/SandboxAnalyzer.cpp' kaynak dosyas─▒ derleniyor)
  
C:\ShadowStrike\ShadowStrike\src\Shared_modules\Core\Engine\HeuristicAnalyzer.cpp(315,29): error C2662: 'void std::shared_ptr<_Ty>::reset(void) noexcept': 'this' i┼şaret├ğisi 'std::shared_ptr' iken 'std::shared_ptr<_Ty> &' olarak d├Ân├╝┼şt├╝r├╝lemiyor [C:\ShadowStrike\ShadowStrike\ShadowStrike.vcxproj]
  ('/src/Shared_modules/Core/Engine/HeuristicAnalyzer.cpp' kaynak dosyas─▒ derleniyor)
      C:\ShadowStrike\ShadowStrike\src\Shared_modules\Core\Engine\HeuristicAnalyzer.cpp(315,15):
      Nedeni: 'std::shared_ptr' de─şerinden 'std::shared_ptr<_Ty>' de─şerine d├Ân├╝┼şt├╝r├╝lemez
      C:\ShadowStrike\ShadowStrike\src\Shared_modules\Core\Engine\HeuristicAnalyzer.cpp(315,15):
      D├Ân├╝┼şt├╝rme ikinci bir kullan─▒c─▒ tan─▒ml─▒ d├Ân├╝┼şt├╝rme i┼şleci veya olu┼şturucu gerektiriyor
      C:\Program Files\Microsoft Visual Studio\2022\Community\VC\Tools\MSVC\14.44.35207\include\memory(1736,10):
      'std::shared_ptr<_Ty>::reset' bildirimine bak─▒n
      C:\Program Files\Microsoft Visual Studio\2022\Community\VC\Tools\MSVC\14.44.35207\include\memory(1760,10):
      'void std::shared_ptr<_Ty>::reset(_Ux *,_Dx,_Alloc)' olabilirdi
          C:\ShadowStrike\ShadowStrike\src\Shared_modules\Core\Engine\HeuristicAnalyzer.cpp(315,29):
          'void std::shared_ptr<_Ty>::reset(_Ux *,_Dx,_Alloc)': 3 ba─ş─▒ms─▒z de─şi┼şken bekleniyor - 0 sa─şland─▒
      C:\Program Files\Microsoft Visual Studio\2022\Community\VC\Tools\MSVC\14.44.35207\include\memory(1752,10):
      veya       'void std::shared_ptr<_Ty>::reset(_Ux *,_Dx)'
          C:\ShadowStrike\ShadowStrike\src\Shared_modules\Core\Engine\HeuristicAnalyzer.cpp(315,29):
          'void std::shared_ptr<_Ty>::reset(_Ux *,_Dx)': 2 ba─ş─▒ms─▒z de─şi┼şken bekleniyor - 0 sa─şland─▒
      C:\Program Files\Microsoft Visual Studio\2022\Community\VC\Tools\MSVC\14.44.35207\include\memory(1744,10):
      veya       'void std::shared_ptr<_Ty>::reset(_Ux *)'
          C:\ShadowStrike\ShadowStrike\src\Shared_modules\Core\Engine\HeuristicAnalyzer.cpp(315,29):
          'void std::shared_ptr<_Ty>::reset(_Ux *)': 1 ba─ş─▒ms─▒z de─şi┼şken bekleniyor - 0 sa─şland─▒
      C:\ShadowStrike\ShadowStrike\src\Shared_modules\Core\Engine\HeuristicAnalyzer.cpp(315,29):
      '()' ba─ş─▒ms─▒z de─şi┼şken listesi e┼şlenmeye ├ğal─▒┼ş─▒l─▒rken
  
C:\ShadowStrike\ShadowStrike\src\Shared_modules\Core\Engine\SandboxAnalyzer.cpp(336,52): error C2039: 'ToWideString': bir 'ShadowStrike::Utils::StringUtils' ├╝yesi de─şil [C:\ShadowStrike\ShadowStrike\ShadowStrike.vcxproj]
  ('/src/Shared_modules/Core/Engine/SandboxAnalyzer.cpp' kaynak dosyas─▒ derleniyor)
      C:\ShadowStrike\ShadowStrike\src\Shared_modules\Utils\StringUtils.hpp(63,19):
      'ShadowStrike::Utils::StringUtils' bildirimine bak─▒n
  
C:\ShadowStrike\ShadowStrike\src\Shared_modules\Core\Engine\SandboxAnalyzer.cpp(336,52): error C3861: 'ToWideString': tan─▒mlay─▒c─▒ bulunamad─▒ [C:\ShadowStrike\ShadowStrike\ShadowStrike.vcxproj]
  ('/src/Shared_modules/Core/Engine/SandboxAnalyzer.cpp' kaynak dosyas─▒ derleniyor)
  
C:\ShadowStrike\ShadowStrike\src\Shared_modules\Core\Engine\SandboxAnalyzer.cpp(339,13): error C2065: 'm_initialized': bildirimi yap─▒lmam─▒┼ş tan─▒mlay─▒c─▒ [C:\ShadowStrike\ShadowStrike\ShadowStrike.vcxproj]
  ('/src/Shared_modules/Core/Engine/SandboxAnalyzer.cpp' kaynak dosyas─▒ derleniyor)
  
C:\ShadowStrike\ShadowStrike\src\Shared_modules\Core\Engine\SandboxAnalyzer.cpp(342,28): error C2039: 'Critical': bir 'ShadowStrike::Utils::Logger' ├╝yesi de─şil [C:\ShadowStrike\ShadowStrike\ShadowStrike.vcxproj]
  ('/src/Shared_modules/Core/Engine/SandboxAnalyzer.cpp' kaynak dosyas─▒ derleniyor)
      C:\ShadowStrike\ShadowStrike\src\Shared_modules\Utils\Logger.hpp(159,9):
      'ShadowStrike::Utils::Logger' bildirimine bak─▒n
  
C:\ShadowStrike\ShadowStrike\src\Shared_modules\Core\Engine\SandboxAnalyzer.cpp(342,28): error C3861: 'Critical': tan─▒mlay─▒c─▒ bulunamad─▒ [C:\ShadowStrike\ShadowStrike\ShadowStrike.vcxproj]
  ('/src/Shared_modules/Core/Engine/SandboxAnalyzer.cpp' kaynak dosyas─▒ derleniyor)
  
C:\ShadowStrike\ShadowStrike\src\Shared_modules\Core\Engine\SandboxAnalyzer.cpp(344,17): error C2065: 'err': bildirimi yap─▒lmam─▒┼ş tan─▒mlay─▒c─▒ [C:\ShadowStrike\ShadowStrike\ShadowStrike.vcxproj]
  ('/src/Shared_modules/Core/Engine/SandboxAnalyzer.cpp' kaynak dosyas─▒ derleniyor)
  
C:\ShadowStrike\ShadowStrike\src\Shared_modules\Core\Engine\HeuristicAnalyzer.cpp(319,24): error C2664: 'void ShadowStrike::Utils::Logger::Info(const char *)' : 1 ba─ş─▒ms─▒z de─şi┼şkeni 'const wchar_t [37]' de─şerinden 'const char *' de─şerine d├Ân├╝┼şt├╝r├╝lemez [C:\ShadowStrike\ShadowStrike\ShadowStrike.vcxproj]
  ('/src/Shared_modules/Core/Engine/HeuristicAnalyzer.cpp' kaynak dosyas─▒ derleniyor)
      C:\ShadowStrike\ShadowStrike\src\Shared_modules\Core\Engine\HeuristicAnalyzer.cpp(319,29):
      ─░┼şaretlenen t├╝rler ilgisiz; d├Ân├╝┼şt├╝rme reinterpret_cast, C stili t├╝r d├Ân├╝┼şt├╝rme veya parantez i├ğine al─▒nm─▒┼ş i┼şlev stili t├╝r d├Ân├╝┼şt├╝rme gerektiriyor
      C:\ShadowStrike\ShadowStrike\src\Shared_modules\Utils\Logger.hpp(265,16):
      'ShadowStrike::Utils::Logger::Info' bildirimine bak─▒n
      C:\ShadowStrike\ShadowStrike\src\Shared_modules\Utils\Logger.hpp(282,16):
      'void ShadowStrike::Utils::Logger::Info(std::basic_format_string<char,type_identity<_Args>::type...>,Args ...)' olabilirdi
          C:\ShadowStrike\ShadowStrike\src\Shared_modules\Core\Engine\HeuristicAnalyzer.cpp(319,24):
          ili┼şkili k─▒s─▒tlamalar kar┼ş─▒lanmad─▒
              C:\ShadowStrike\ShadowStrike\src\Shared_modules\Utils\Logger.hpp(281,57):
              k─▒s─▒tlama yerine getirilmedi
      C:\ShadowStrike\ShadowStrike\src\Shared_modules\Core\Engine\HeuristicAnalyzer.cpp(319,24):
      '(const wchar_t [37])' ba─ş─▒ms─▒z de─şi┼şken listesi e┼şlenmeye ├ğal─▒┼ş─▒l─▒rken
  
C:\ShadowStrike\ShadowStrike\src\Shared_modules\Core\Engine\SandboxAnalyzer.cpp(345,17): error C2065: 'err': bildirimi yap─▒lmam─▒┼ş tan─▒mlay─▒c─▒ [C:\ShadowStrike\ShadowStrike\ShadowStrike.vcxproj]
  ('/src/Shared_modules/Core/Engine/SandboxAnalyzer.cpp' kaynak dosyas─▒ derleniyor)
  
C:\ShadowStrike\ShadowStrike\src\Shared_modules\Core\Engine\SandboxAnalyzer.cpp(346,17): error C2065: 'err': bildirimi yap─▒lmam─▒┼ş tan─▒mlay─▒c─▒ [C:\ShadowStrike\ShadowStrike\ShadowStrike.vcxproj]
  ('/src/Shared_modules/Core/Engine/SandboxAnalyzer.cpp' kaynak dosyas─▒ derleniyor)
  
C:\ShadowStrike\ShadowStrike\src\Shared_modules\Core\Engine\HeuristicAnalyzer.cpp(323,49): error C2039: 'Utf8ToWide': bir 'ShadowStrike::Utils::StringUtils' ├╝yesi de─şil [C:\ShadowStrike\ShadowStrike\ShadowStrike.vcxproj]
  ('/src/Shared_modules/Core/Engine/HeuristicAnalyzer.cpp' kaynak dosyas─▒ derleniyor)
      C:\ShadowStrike\ShadowStrike\src\Shared_modules\Utils\StringUtils.hpp(63,19):
      'ShadowStrike::Utils::StringUtils' bildirimine bak─▒n
  
C:\ShadowStrike\ShadowStrike\src\Shared_modules\Core\Engine\SandboxAnalyzer.cpp(349,13): error C2065: 'm_initialized': bildirimi yap─▒lmam─▒┼ş tan─▒mlay─▒c─▒ [C:\ShadowStrike\ShadowStrike\ShadowStrike.vcxproj]
  ('/src/Shared_modules/Core/Engine/SandboxAnalyzer.cpp' kaynak dosyas─▒ derleniyor)
  
C:\ShadowStrike\ShadowStrike\src\Shared_modules\Core\Engine\HeuristicAnalyzer.cpp(323,49): error C3861: 'Utf8ToWide': tan─▒mlay─▒c─▒ bulunamad─▒ [C:\ShadowStrike\ShadowStrike\ShadowStrike.vcxproj]
  ('/src/Shared_modules/Core/Engine/HeuristicAnalyzer.cpp' kaynak dosyas─▒ derleniyor)
  
C:\ShadowStrike\ShadowStrike\src\Shared_modules\Core\Engine\SandboxAnalyzer.cpp(354,27): error C3083: 'Impl': '::' i┼şlecinin sonundaki simge bir t├╝r olmal─▒d─▒r [C:\ShadowStrike\ShadowStrike\ShadowStrike.vcxproj]
  ('/src/Shared_modules/Core/Engine/SandboxAnalyzer.cpp' kaynak dosyas─▒ derleniyor)
  
C:\ShadowStrike\ShadowStrike\src\Shared_modules\Core\Engine\SandboxAnalyzer.cpp(354,33): error C2382: 'ShadowStrike::Core::Engine::SandboxAnalyzer::Shutdown': yeniden tan─▒mlama; ├Âzel durum ├Âzellikleri farkl─▒ [C:\ShadowStrike\ShadowStrike\ShadowStrike.vcxproj]
  ('/src/Shared_modules/Core/Engine/SandboxAnalyzer.cpp' kaynak dosyas─▒ derleniyor)
      C:\ShadowStrike\ShadowStrike\src\Shared_modules\Core\Engine\SandboxAnalyzer.hpp(700,10):
      'ShadowStrike::Core::Engine::SandboxAnalyzer::Shutdown' bildirimine bak─▒n
  
C:\ShadowStrike\ShadowStrike\src\Shared_modules\Core\Engine\SandboxAnalyzer.cpp(356,35): error C2065: 'm_mutex': bildirimi yap─▒lmam─▒┼ş tan─▒mlay─▒c─▒ [C:\ShadowStrike\ShadowStrike\ShadowStrike.vcxproj]
  ('/src/Shared_modules/Core/Engine/SandboxAnalyzer.cpp' kaynak dosyas─▒ derleniyor)
  
C:\ShadowStrike\ShadowStrike\src\Shared_modules\Core\Engine\SandboxAnalyzer.cpp(356,34): error C2641: 'std::unique_lock' i├ğin ┼şablon ba─ş─▒ms─▒z de─şi┼şkenleri ├ğ─▒kar─▒lam─▒yor [C:\ShadowStrike\ShadowStrike\ShadowStrike.vcxproj]
  ('/src/Shared_modules/Core/Engine/SandboxAnalyzer.cpp' kaynak dosyas─▒ derleniyor)
  
C:\ShadowStrike\ShadowStrike\src\Shared_modules\Core\Engine\SandboxAnalyzer.cpp(358,18): error C2065: 'm_initialized': bildirimi yap─▒lmam─▒┼ş tan─▒mlay─▒c─▒ [C:\ShadowStrike\ShadowStrike\ShadowStrike.vcxproj]
  ('/src/Shared_modules/Core/Engine/SandboxAnalyzer.cpp' kaynak dosyas─▒ derleniyor)
  
C:\ShadowStrike\ShadowStrike\src\Shared_modules\Core\Engine\HeuristicAnalyzer.cpp(322,24): error C2660: 'ShadowStrike::Utils::Logger::Error': i┼şlev 2 ba─ş─▒ms─▒z de─şi┼şken alm─▒yor [C:\ShadowStrike\ShadowStrike\ShadowStrike.vcxproj]
  ('/src/Shared_modules/Core/Engine/HeuristicAnalyzer.cpp' kaynak dosyas─▒ derleniyor)
      C:\ShadowStrike\ShadowStrike\src\Shared_modules\Utils\Logger.hpp(263,16):
      'ShadowStrike::Utils::Logger::Error' bildirimine bak─▒n
      C:\ShadowStrike\ShadowStrike\src\Shared_modules\Utils\Logger.hpp(274,16):
      'void ShadowStrike::Utils::Logger::Error(std::basic_format_string<char,type_identity<_Args>::type...>,Args ...)' olabilirdi
          C:\ShadowStrike\ShadowStrike\src\Shared_modules\Core\Engine\HeuristicAnalyzer.cpp(322,24):
          'void ShadowStrike::Utils::Logger::Error(std::basic_format_string<char,type_identity<_Args>::type...>,Args ...)' i┼şlev ┼şablonu ├Âzelle┼ştirilemedi
              C:\ShadowStrike\ShadowStrike\src\Shared_modules\Core\Engine\HeuristicAnalyzer.cpp(322,24):
              ┼Şu ┼şablon ba─ş─▒ms─▒z de─şi┼şkenleriyle:
                  C:\ShadowStrike\ShadowStrike\src\Shared_modules\Core\Engine\HeuristicAnalyzer.cpp(322,24):
                  'Args={<error type>}'
      C:\ShadowStrike\ShadowStrike\src\Shared_modules\Core\Engine\HeuristicAnalyzer.cpp(322,24):
      '(const wchar_t [39], <error type>)' ba─ş─▒ms─▒z de─şi┼şken listesi e┼şlenmeye ├ğal─▒┼ş─▒l─▒rken
  
C:\ShadowStrike\ShadowStrike\src\Shared_modules\Core\Engine\HeuristicAnalyzer.cpp(331,36): error C2039: 'GetStatus': bir 'ShadowStrike::Core::Engine::HeuristicAnalyzer' ├╝yesi de─şil [C:\ShadowStrike\ShadowStrike\ShadowStrike.vcxproj]
  ('/src/Shared_modules/Core/Engine/HeuristicAnalyzer.cpp' kaynak dosyas─▒ derleniyor)
      C:\ShadowStrike\ShadowStrike\src\Shared_modules\Core\Engine\HeuristicAnalyzer.hpp(2098,7):
      'ShadowStrike::Core::Engine::HeuristicAnalyzer' bildirimine bak─▒n
  
C:\ShadowStrike\ShadowStrike\src\Shared_modules\Core\Engine\HeuristicAnalyzer.cpp(331,1): error C4430: t├╝r belirticisi eksik - int varsay─▒ld─▒. Not: C++ varsay─▒lan int deste─şi i├ğermez [C:\ShadowStrike\ShadowStrike\ShadowStrike.vcxproj]
  ('/src/Shared_modules/Core/Engine/HeuristicAnalyzer.cpp' kaynak dosyas─▒ derleniyor)
  
C:\ShadowStrike\ShadowStrike\src\Shared_modules\Core\Engine\HeuristicAnalyzer.cpp(331,36): error C2146: s├Âzdizimi hatas─▒: ';' eksik ('GetStatus' tan─▒mlay─▒c─▒s─▒ndan ├Ânce) [C:\ShadowStrike\ShadowStrike\ShadowStrike.vcxproj]
  ('/src/Shared_modules/Core/Engine/HeuristicAnalyzer.cpp' kaynak dosyas─▒ derleniyor)
  
C:\ShadowStrike\ShadowStrike\src\Shared_modules\Core\Engine\HeuristicAnalyzer.cpp(331,63): error C2143: s├Âzdizimi hatas─▒: ';' eksik ('{' ├Âncesinde) [C:\ShadowStrike\ShadowStrike\ShadowStrike.vcxproj]
  ('/src/Shared_modules/Core/Engine/HeuristicAnalyzer.cpp' kaynak dosyas─▒ derleniyor)
  
C:\ShadowStrike\ShadowStrike\src\Shared_modules\Core\Engine\SandboxAnalyzer.cpp(362,28): error C2664: 'void ShadowStrike::Utils::Logger::Info(const char *)' : 1 ba─ş─▒ms─▒z de─şi┼şkeni 'const wchar_t [34]' de─şerinden 'const char *' de─şerine d├Ân├╝┼şt├╝r├╝lemez [C:\ShadowStrike\ShadowStrike\ShadowStrike.vcxproj]
  ('/src/Shared_modules/Core/Engine/SandboxAnalyzer.cpp' kaynak dosyas─▒ derleniyor)
      C:\ShadowStrike\ShadowStrike\src\Shared_modules\Core\Engine\SandboxAnalyzer.cpp(362,33):
      ─░┼şaretlenen t├╝rler ilgisiz; d├Ân├╝┼şt├╝rme reinterpret_cast, C stili t├╝r d├Ân├╝┼şt├╝rme veya parantez i├ğine al─▒nm─▒┼ş i┼şlev stili t├╝r d├Ân├╝┼şt├╝rme gerektiriyor
      C:\ShadowStrike\ShadowStrike\src\Shared_modules\Utils\Logger.hpp(265,16):
      'ShadowStrike::Utils::Logger::Info' bildirimine bak─▒n
      C:\ShadowStrike\ShadowStrike\src\Shared_modules\Utils\Logger.hpp(282,16):
      'void ShadowStrike::Utils::Logger::Info(std::basic_format_string<char,type_identity<_Args>::type...>,Args ...)' olabilirdi
          C:\ShadowStrike\ShadowStrike\src\Shared_modules\Core\Engine\SandboxAnalyzer.cpp(362,28):
          ili┼şkili k─▒s─▒tlamalar kar┼ş─▒lanmad─▒
              C:\ShadowStrike\ShadowStrike\src\Shared_modules\Utils\Logger.hpp(281,57):
              k─▒s─▒tlama yerine getirilmedi
      C:\ShadowStrike\ShadowStrike\src\Shared_modules\Core\Engine\SandboxAnalyzer.cpp(362,28):
      '(const wchar_t [34])' ba─ş─▒ms─▒z de─şi┼şken listesi e┼şlenmeye ├ğal─▒┼ş─▒l─▒rken
  
C:\ShadowStrike\ShadowStrike\src\Shared_modules\Core\Engine\HeuristicAnalyzer.cpp(331,63): error C2447: '{': i┼şlev ├╝stbilgisi eksik (eski tarzda bi├ğimsel liste mi?) [C:\ShadowStrike\ShadowStrike\ShadowStrike.vcxproj]
  ('/src/Shared_modules/Core/Engine/HeuristicAnalyzer.cpp' kaynak dosyas─▒ derleniyor)
  
C:\ShadowStrike\ShadowStrike\src\Shared_modules\Core\Engine\SandboxAnalyzer.cpp(365,41): error C2065: 'm_tasks': bildirimi yap─▒lmam─▒┼ş tan─▒mlay─▒c─▒ [C:\ShadowStrike\ShadowStrike\ShadowStrike.vcxproj]
  ('/src/Shared_modules/Core/Engine/SandboxAnalyzer.cpp' kaynak dosyas─▒ derleniyor)
  
C:\ShadowStrike\ShadowStrike\src\Shared_modules\Core\Engine\SandboxAnalyzer.cpp(365,39): error C2059: s├Âzdizimi hatas─▒: ':' [C:\ShadowStrike\ShadowStrike\ShadowStrike.vcxproj]
  ('/src/Shared_modules/Core/Engine/SandboxAnalyzer.cpp' kaynak dosyas─▒ derleniyor)
  
C:\ShadowStrike\ShadowStrike\src\Shared_modules\Core\Engine\HeuristicAnalyzer.cpp(343,54): error C2653: 'fs': bir s─▒n─▒f veya ad alan─▒ ad─▒ de─şil [C:\ShadowStrike\ShadowStrike\ShadowStrike.vcxproj]
  ('/src/Shared_modules/Core/Engine/HeuristicAnalyzer.cpp' kaynak dosyas─▒ derleniyor)
  
C:\ShadowStrike\ShadowStrike\src\Shared_modules\Core\Engine\SandboxAnalyzer.cpp(365,50): error C2143: s├Âzdizimi hatas─▒: ';' eksik ('{' ├Âncesinde) [C:\ShadowStrike\ShadowStrike\ShadowStrike.vcxproj]
  ('/src/Shared_modules/Core/Engine/SandboxAnalyzer.cpp' kaynak dosyas─▒ derleniyor)
  
C:\ShadowStrike\ShadowStrike\src\Shared_modules\Core\Engine\HeuristicAnalyzer.cpp(343,48): error C4430: t├╝r belirticisi eksik - int varsay─▒ld─▒. Not: C++ varsay─▒lan int deste─şi i├ğermez [C:\ShadowStrike\ShadowStrike\ShadowStrike.vcxproj]
  ('/src/Shared_modules/Core/Engine/HeuristicAnalyzer.cpp' kaynak dosyas─▒ derleniyor)
  
C:\ShadowStrike\ShadowStrike\src\Shared_modules\Core\Engine\SandboxAnalyzer.cpp(366,17): error C2065: 'task': bildirimi yap─▒lmam─▒┼ş tan─▒mlay─▒c─▒ [C:\ShadowStrike\ShadowStrike\ShadowStrike.vcxproj]
  ('/src/Shared_modules/Core/Engine/SandboxAnalyzer.cpp' kaynak dosyas─▒ derleniyor)
  
C:\ShadowStrike\ShadowStrike\src\Shared_modules\Core\Engine\HeuristicAnalyzer.cpp(343,62): error C2143: s├Âzdizimi hatas─▒: ',' eksik ('&' ├Âncesinde) [C:\ShadowStrike\ShadowStrike\ShadowStrike.vcxproj]
  ('/src/Shared_modules/Core/Engine/HeuristicAnalyzer.cpp' kaynak dosyas─▒ derleniyor)
  
C:\ShadowStrike\ShadowStrike\src\Shared_modules\Core\Engine\SandboxAnalyzer.cpp(370,29): error C2065: 'm_availableVMs': bildirimi yap─▒lmam─▒┼ş tan─▒mlay─▒c─▒ [C:\ShadowStrike\ShadowStrike\ShadowStrike.vcxproj]
  ('/src/Shared_modules/Core/Engine/SandboxAnalyzer.cpp' kaynak dosyas─▒ derleniyor)
  
C:\ShadowStrike\ShadowStrike\src\Shared_modules\Core\Engine\HeuristicAnalyzer.cpp(343,36): error C2511: 'ShadowStrike::Core::Engine::HeuristicResult ShadowStrike::Core::Engine::HeuristicAnalyzer::AnalyzeFile(const int)': a┼ş─▒r─▒ y├╝klenen ├╝ye i┼şlev 'ShadowStrike::Core::Engine::HeuristicAnalyzer' i├ğinde bulunamad─▒ [C:\ShadowStrike\ShadowStrike\ShadowStrike.vcxproj]
  ('/src/Shared_modules/Core/Engine/HeuristicAnalyzer.cpp' kaynak dosyas─▒ derleniyor)
      C:\ShadowStrike\ShadowStrike\src\Shared_modules\Core\Engine\HeuristicAnalyzer.hpp(2098,7):
      'ShadowStrike::Core::Engine::HeuristicAnalyzer' bildirimine bak─▒n
  
C:\ShadowStrike\ShadowStrike\src\Shared_modules\Core\Engine\SandboxAnalyzer.cpp(370,24): error C2530: 'vm': ba┼şvurular─▒n ba┼şlat─▒lmas─▒ gerekir [C:\ShadowStrike\ShadowStrike\ShadowStrike.vcxproj]
  ('/src/Shared_modules/Core/Engine/SandboxAnalyzer.cpp' kaynak dosyas─▒ derleniyor)
  
C:\ShadowStrike\ShadowStrike\src\Shared_modules\Core\Engine\SandboxAnalyzer.cpp(370,24): error C3531: 'vm': t├╝r├╝ 'auto' i├ğeren bir simgenin bir ba┼şlat─▒c─▒s─▒ olmal─▒d─▒r [C:\ShadowStrike\ShadowStrike\ShadowStrike.vcxproj]
  ('/src/Shared_modules/Core/Engine/SandboxAnalyzer.cpp' kaynak dosyas─▒ derleniyor)
  
C:\ShadowStrike\ShadowStrike\src\Shared_modules\Core\Engine\HeuristicAnalyzer.cpp(344,28): error C2653: 'Clock': bir s─▒n─▒f veya ad alan─▒ ad─▒ de─şil [C:\ShadowStrike\ShadowStrike\ShadowStrike.vcxproj]
  ('/src/Shared_modules/Core/Engine/HeuristicAnalyzer.cpp' kaynak dosyas─▒ derleniyor)
  
C:\ShadowStrike\ShadowStrike\src\Shared_modules\Core\Engine\HeuristicAnalyzer.cpp(344,35): error C3861: 'now': tan─▒mlay─▒c─▒ bulunamad─▒ [C:\ShadowStrike\ShadowStrike\ShadowStrike.vcxproj]
  ('/src/Shared_modules/Core/Engine/HeuristicAnalyzer.cpp' kaynak dosyas─▒ derleniyor)
  
C:\ShadowStrike\ShadowStrike\src\Shared_modules\Core\Engine\SandboxAnalyzer.cpp(370,27): error C2143: s├Âzdizimi hatas─▒: ';' eksik (':' ├Âncesinde) [C:\ShadowStrike\ShadowStrike\ShadowStrike.vcxproj]
  ('/src/Shared_modules/Core/Engine/SandboxAnalyzer.cpp' kaynak dosyas─▒ derleniyor)
  
C:\ShadowStrike\ShadowStrike\src\Shared_modules\Core\Engine\SandboxAnalyzer.cpp(370,43): error C2143: s├Âzdizimi hatas─▒: ';' eksik (')' ├Âncesinde) [C:\ShadowStrike\ShadowStrike\ShadowStrike.vcxproj]
  ('/src/Shared_modules/Core/Engine/SandboxAnalyzer.cpp' kaynak dosyas─▒ derleniyor)
  
C:\ShadowStrike\ShadowStrike\src\Shared_modules\Core\Engine\SandboxAnalyzer.cpp(371,33): error C2653: 'VMState': bir s─▒n─▒f veya ad alan─▒ ad─▒ de─şil [C:\ShadowStrike\ShadowStrike\ShadowStrike.vcxproj]
  ('/src/Shared_modules/Core/Engine/SandboxAnalyzer.cpp' kaynak dosyas─▒ derleniyor)
  
C:\ShadowStrike\ShadowStrike\src\Shared_modules\Core\Engine\SandboxAnalyzer.cpp(371,42): error C2065: 'Running': bildirimi yap─▒lmam─▒┼ş tan─▒mlay─▒c─▒ [C:\ShadowStrike\ShadowStrike\ShadowStrike.vcxproj]
  AtomBombingDetector.cpp
  ('/src/Shared_modules/Core/Engine/SandboxAnalyzer.cpp' kaynak dosyas─▒ derleniyor)
  
C:\ShadowStrike\ShadowStrike\src\Shared_modules\Core\Engine\HeuristicAnalyzer.cpp(348,23): error C2065: 'filePath': bildirimi yap─▒lmam─▒┼ş tan─▒mlay─▒c─▒ [C:\ShadowStrike\ShadowStrike\ShadowStrike.vcxproj]
  ('/src/Shared_modules/Core/Engine/HeuristicAnalyzer.cpp' kaynak dosyas─▒ derleniyor)
  
C:\ShadowStrike\ShadowStrike\src\Shared_modules\Core\Engine\HeuristicAnalyzer.cpp(349,12): error C2039: 'analysisStartTime': bir 'ShadowStrike::Core::Engine::HeuristicResult' ├╝yesi de─şil [C:\ShadowStrike\ShadowStrike\ShadowStrike.vcxproj]
  ('/src/Shared_modules/Core/Engine/HeuristicAnalyzer.cpp' kaynak dosyas─▒ derleniyor)
      C:\ShadowStrike\ShadowStrike\src\Shared_modules\Core\Engine\HeuristicAnalyzer.hpp(1695,8):
      'ShadowStrike::Core::Engine::HeuristicResult' bildirimine bak─▒n
  
C:\ShadowStrike\ShadowStrike\src\Shared_modules\Core\Engine\HeuristicAnalyzer.cpp(355,14): error C2653: 'fs': bir s─▒n─▒f veya ad alan─▒ ad─▒ de─şil [C:\ShadowStrike\ShadowStrike\ShadowStrike.vcxproj]
  ('/src/Shared_modules/Core/Engine/HeuristicAnalyzer.cpp' kaynak dosyas─▒ derleniyor)
  
C:\ShadowStrike\ShadowStrike\src\Shared_modules\Core\Engine\HeuristicAnalyzer.cpp(355,25): error C2065: 'filePath': bildirimi yap─▒lmam─▒┼ş tan─▒mlay─▒c─▒ [C:\ShadowStrike\ShadowStrike\ShadowStrike.vcxproj]
  ('/src/Shared_modules/Core/Engine/HeuristicAnalyzer.cpp' kaynak dosyas─▒ derleniyor)
  
C:\ShadowStrike\ShadowStrike\src\Shared_modules\Core\Engine\HeuristicAnalyzer.cpp(355,18): error C3861: 'exists': tan─▒mlay─▒c─▒ bulunamad─▒ [C:\ShadowStrike\ShadowStrike\ShadowStrike.vcxproj]
  ('/src/Shared_modules/Core/Engine/HeuristicAnalyzer.cpp' kaynak dosyas─▒ derleniyor)
  
C:\ShadowStrike\ShadowStrike\src\Shared_modules\Core\Engine\HeuristicAnalyzer.cpp(356,20): error C2039: 'analysisSuccess': bir 'ShadowStrike::Core::Engine::HeuristicResult' ├╝yesi de─şil [C:\ShadowStrike\ShadowStrike\ShadowStrike.vcxproj]
  ('/src/Shared_modules/Core/Engine/HeuristicAnalyzer.cpp' kaynak dosyas─▒ derleniyor)
      C:\ShadowStrike\ShadowStrike\src\Shared_modules\Core\Engine\HeuristicAnalyzer.hpp(1695,8):
      'ShadowStrike::Core::Engine::HeuristicResult' bildirimine bak─▒n
  
C:\ShadowStrike\ShadowStrike\src\Shared_modules\Core\Engine\SandboxAnalyzer.cpp(372,21): error C2664: 'bool ShadowStrike::Core::Engine::SandboxAnalyzer::StopVM(const std::string &)' : 1 ba─ş─▒ms─▒z de─şi┼şkeni '<error type>' de─şerinden 'const std::string &' de─şerine d├Ân├╝┼şt├╝r├╝lemez [C:\ShadowStrike\ShadowStrike\ShadowStrike.vcxproj]
  ('/src/Shared_modules/Core/Engine/SandboxAnalyzer.cpp' kaynak dosyas─▒ derleniyor)
      C:\ShadowStrike\ShadowStrike\src\Shared_modules\Core\Engine\SandboxAnalyzer.cpp(372,28):
      Nedeni: '<error type>' de─şerinden 'const std::string' de─şerine d├Ân├╝┼şt├╝r├╝lemez
      C:\ShadowStrike\ShadowStrike\src\Shared_modules\Core\Engine\SandboxAnalyzer.cpp(372,28):
      'std::basic_string<char,std::char_traits<char>,std::allocator<char>>::basic_string': hi├ğbir a┼ş─▒r─▒ y├╝klenmi┼ş i┼şlev t├╝m arg├╝man t├╝rlerini d├Ân├╝┼şt├╝remez
          C:\Program Files\Microsoft Visual Studio\2022\Community\VC\Tools\MSVC\14.44.35207\include\xstring(781,5):
          'std::basic_string<char,std::char_traits<char>,std::allocator<char>>::basic_string(std::nullptr_t)' olabilirdi
              C:\ShadowStrike\ShadowStrike\src\Shared_modules\Core\Engine\SandboxAnalyzer.cpp(372,28):
              'std::basic_string<char,std::char_traits<char>,std::allocator<char>>::basic_string(std::nullptr_t)' : 1 ba─ş─▒ms─▒z de─şi┼şkeni '<error type>' de─şerinden 'std::nullptr_t' de─şerine d├Ân├╝┼şt├╝r├╝lemez
                  C:\ShadowStrike\ShadowStrike\src\Shared_modules\Core\Engine\SandboxAnalyzer.cpp(372,28):
                  yaln─▒zca bo┼ş i┼şaret├ği sabiti nullptr_t de─şerine d├Ân├╝┼şt├╝r├╝lebilir
          C:\Program Files\Microsoft Visual Studio\2022\Community\VC\Tools\MSVC\14.44.35207\include\xstring(768,5):
          veya       'std::basic_string<char,std::char_traits<char>,std::allocator<char>>::basic_string(const _Elem *const )'
          with
          [
              _Elem=char
          ]
              C:\ShadowStrike\ShadowStrike\src\Shared_modules\Core\Engine\SandboxAnalyzer.cpp(372,28):
              'std::basic_string<char,std::char_traits<char>,std::allocator<char>>::basic_string(const _Elem *const )' : 1 ba─ş─▒ms─▒z de─şi┼şkeni '<error type>' de─şerinden 'const _Elem *const ' de─şerine d├Ân├╝┼şt├╝r├╝lemez
          with
          [
              _Elem=char
          ]
                  C:\ShadowStrike\ShadowStrike\src\Shared_modules\Core\Engine\SandboxAnalyzer.cpp(372,28):
                  ─░ntegral t├╝rden i┼şaret├ği t├╝r├╝ne d├Ân├╝┼şt├╝rme reinterpret_cast, C stili t├╝r d├Ân├╝┼şt├╝rme veya parantez i├ğine al─▒nm─▒┼ş i┼şlev stili t├╝r d├Ân├╝┼şt├╝rme gerektiriyor
          C:\Program Files\Microsoft Visual Studio\2022\Community\VC\Tools\MSVC\14.44.35207\include\xstring(1340,5):
          veya       'std::basic_string<char,std::char_traits<char>,std::allocator<char>>::basic_string(std::initializer_list<_Elem>,const _Alloc &)'
          with
          [
              _Elem=char,
              _Alloc=std::allocator<char>
          ]
              C:\ShadowStrike\ShadowStrike\src\Shared_modules\Core\Engine\SandboxAnalyzer.cpp(372,28):
              'std::basic_string<char,std::char_traits<char>,std::allocator<char>>::basic_string(std::initializer_list<_Elem>,const _Alloc &)' : 1 ba─ş─▒ms─▒z de─şi┼şkeni '<error type>' de─şerinden 'std::initializer_list<_Elem>' de─şerine d├Ân├╝┼şt├╝r├╝lemez
          with
          [
              _Elem=char,
              _Alloc=std::allocator<char>
          ]
          and
          [
              _Elem=char
          ]
                  C:\ShadowStrike\ShadowStrike\src\Shared_modules\Core\Engine\SandboxAnalyzer.cpp(372,28):
                  D├Ân├╝┼şt├╝rme ikinci bir kullan─▒c─▒ tan─▒ml─▒ d├Ân├╝┼şt├╝rme i┼şleci veya olu┼şturucu gerektiriyor
          C:\Program Files\Microsoft Visual Studio\2022\Community\VC\Tools\MSVC\14.44.35207\include\xstring(1157,5):
          veya       'std::basic_string<char,std::char_traits<char>,std::allocator<char>>::basic_string(const _Ty &,const unsigned __int64,const unsigned __int64,const _Alloc &)'
          with
          [
              _Alloc=std::allocator<char>
          ]
          C:\Program Files\Microsoft Visual Studio\2022\Community\VC\Tools\MSVC\14.44.35207\include\xstring(1011,5):
          veya       'std::basic_string<char,std::char_traits<char>,std::allocator<char>>::basic_string(std::from_range_t,_Rng &&,const _Alloc &)'
          with
          [
              _Alloc=std::allocator<char>
          ]
          C:\Program Files\Microsoft Visual Studio\2022\Community\VC\Tools\MSVC\14.44.35207\include\xstring(798,5):
          veya       'std::basic_string<char,std::char_traits<char>,std::allocator<char>>::basic_string(_Iter,_Iter,const _Alloc &)'
          with
          [
              _Alloc=std::allocator<char>
          ]
          C:\Program Files\Microsoft Visual Studio\2022\Community\VC\Tools\MSVC\14.44.35207\include\xstring(792,5):
          veya       'std::basic_string<char,std::char_traits<char>,std::allocator<char>>::basic_string(const unsigned __int64,const _Elem,const _Alloc &)'
          with
          [
              _Elem=char,
              _Alloc=std::allocator<char>
          ]
          C:\Program Files\Microsoft Visual Studio\2022\Community\VC\Tools\MSVC\14.44.35207\include\xstring(775,5):
          veya       'std::basic_string<char,std::char_traits<char>,std::allocator<char>>::basic_string(const _Elem *const ,const _Alloc &)'
          with
          [
              _Elem=char,
              _Alloc=std::allocator<char>
          ]
          C:\Program Files\Microsoft Visual Studio\2022\Community\VC\Tools\MSVC\14.44.35207\include\xstring(762,5):
          veya       'std::basic_string<char,std::char_traits<char>,std::allocator<char>>::basic_string(const _Elem *const ,const unsigned __int64,const _Alloc &)'
          with
          [
              _Elem=char,
              _Alloc=std::allocator<char>
          ]
          C:\ShadowStrike\ShadowStrike\src\Shared_modules\Core\Engine\SandboxAnalyzer.cpp(372,28):
          '(<error type>)' ba─ş─▒ms─▒z de─şi┼şken listesi e┼şlenmeye ├ğal─▒┼ş─▒l─▒rken
      C:\ShadowStrike\ShadowStrike\src\Shared_modules\Core\Engine\SandboxAnalyzer.hpp(743,24):
      'ShadowStrike::Core::Engine::SandboxAnalyzer::StopVM' bildirimine bak─▒n
      C:\ShadowStrike\ShadowStrike\src\Shared_modules\Core\Engine\SandboxAnalyzer.cpp(372,21):
      '(<error type>)' ba─ş─▒ms─▒z de─şi┼şken listesi e┼şlenmeye ├ğal─▒┼ş─▒l─▒rken
  
C:\ShadowStrike\ShadowStrike\src\Shared_modules\Core\Engine\SandboxAnalyzer.cpp(376,13): error C2065: 'm_tasks': bildirimi yap─▒lmam─▒┼ş tan─▒mlay─▒c─▒ [C:\ShadowStrike\ShadowStrike\ShadowStrike.vcxproj]
  ('/src/Shared_modules/Core/Engine/SandboxAnalyzer.cpp' kaynak dosyas─▒ derleniyor)
  
C:\ShadowStrike\ShadowStrike\src\Shared_modules\Core\Engine\SandboxAnalyzer.cpp(377,13): error C2065: 'm_availableVMs': bildirimi yap─▒lmam─▒┼ş tan─▒mlay─▒c─▒ [C:\ShadowStrike\ShadowStrike\ShadowStrike.vcxproj]
  DLLInjectionDetector.cpp
  ('/src/Shared_modules/Core/Engine/SandboxAnalyzer.cpp' kaynak dosyas─▒ derleniyor)
  
C:\ShadowStrike\ShadowStrike\src\Shared_modules\Core\Engine\SandboxAnalyzer.cpp(381,28): error C2664: 'void ShadowStrike::Utils::Logger::Info(const char *)' : 1 ba─ş─▒ms─▒z de─şi┼şkeni 'const wchar_t [35]' de─şerinden 'const char *' de─şerine d├Ân├╝┼şt├╝r├╝lemez [C:\ShadowStrike\ShadowStrike\ShadowStrike.vcxproj]
  ('/src/Shared_modules/Core/Engine/SandboxAnalyzer.cpp' kaynak dosyas─▒ derleniyor)
      C:\ShadowStrike\ShadowStrike\src\Shared_modules\Core\Engine\SandboxAnalyzer.cpp(381,33):
      ─░┼şaretlenen t├╝rler ilgisiz; d├Ân├╝┼şt├╝rme reinterpret_cast, C stili t├╝r d├Ân├╝┼şt├╝rme veya parantez i├ğine al─▒nm─▒┼ş i┼şlev stili t├╝r d├Ân├╝┼şt├╝rme gerektiriyor
      C:\ShadowStrike\ShadowStrike\src\Shared_modules\Utils\Logger.hpp(265,16):
      'ShadowStrike::Utils::Logger::Info' bildirimine bak─▒n
      C:\ShadowStrike\ShadowStrike\src\Shared_modules\Utils\Logger.hpp(282,16):
      'void ShadowStrike::Utils::Logger::Info(std::basic_format_string<char,type_identity<_Args>::type...>,Args ...)' olabilirdi
          C:\ShadowStrike\ShadowStrike\src\Shared_modules\Core\Engine\SandboxAnalyzer.cpp(381,28):
          ili┼şkili k─▒s─▒tlamalar kar┼ş─▒lanmad─▒
              C:\ShadowStrike\ShadowStrike\src\Shared_modules\Utils\Logger.hpp(281,57):
              k─▒s─▒tlama yerine getirilmedi
      C:\ShadowStrike\ShadowStrike\src\Shared_modules\Core\Engine\SandboxAnalyzer.cpp(381,28):
      '(const wchar_t [35])' ba─ş─▒ms─▒z de─şi┼şken listesi e┼şlenmeye ├ğal─▒┼ş─▒l─▒rken
  
C:\ShadowStrike\ShadowStrike\src\Shared_modules\Core\Engine\SandboxAnalyzer.cpp(383,28): error C2664: 'void ShadowStrike::Utils::Logger::Error(const char *)' : 1 ba─ş─▒ms─▒z de─şi┼şkeni 'const wchar_t [43]' de─şerinden 'const char *' de─şerine d├Ân├╝┼şt├╝r├╝lemez [C:\ShadowStrike\ShadowStrike\ShadowStrike.vcxproj]
  ('/src/Shared_modules/Core/Engine/SandboxAnalyzer.cpp' kaynak dosyas─▒ derleniyor)
      C:\ShadowStrike\ShadowStrike\src\Shared_modules\Core\Engine\SandboxAnalyzer.cpp(383,34):
      ─░┼şaretlenen t├╝rler ilgisiz; d├Ân├╝┼şt├╝rme reinterpret_cast, C stili t├╝r d├Ân├╝┼şt├╝rme veya parantez i├ğine al─▒nm─▒┼ş i┼şlev stili t├╝r d├Ân├╝┼şt├╝rme gerektiriyor
      C:\ShadowStrike\ShadowStrike\src\Shared_modules\Utils\Logger.hpp(263,16):
      'ShadowStrike::Utils::Logger::Error' bildirimine bak─▒n
      C:\ShadowStrike\ShadowStrike\src\Shared_modules\Utils\Logger.hpp(274,16):
      'void ShadowStrike::Utils::Logger::Error(std::basic_format_string<char,type_identity<_Args>::type...>,Args ...)' olabilirdi
          C:\ShadowStrike\ShadowStrike\src\Shared_modules\Core\Engine\SandboxAnalyzer.cpp(383,28):
          ili┼şkili k─▒s─▒tlamalar kar┼ş─▒lanmad─▒
              C:\ShadowStrike\ShadowStrike\src\Shared_modules\Utils\Logger.hpp(273,57):
              k─▒s─▒tlama yerine getirilmedi
      C:\ShadowStrike\ShadowStrike\src\Shared_modules\Core\Engine\SandboxAnalyzer.cpp(383,28):
      '(const wchar_t [43])' ba─ş─▒ms─▒z de─şi┼şken listesi e┼şlenmeye ├ğal─▒┼ş─▒l─▒rken
  
C:\ShadowStrike\ShadowStrike\src\Shared_modules\Core\Engine\SandboxAnalyzer.cpp(391,27): error C3083: 'Impl': '::' i┼şlecinin sonundaki simge bir t├╝r olmal─▒d─▒r [C:\ShadowStrike\ShadowStrike\ShadowStrike.vcxproj]
  ('/src/Shared_modules/Core/Engine/SandboxAnalyzer.cpp' kaynak dosyas─▒ derleniyor)
  
C:\ShadowStrike\ShadowStrike\src\Shared_modules\Core\Engine\SandboxAnalyzer.cpp(391,33): error C2039: 'DetectAvailableVMs': bir 'ShadowStrike::Core::Engine::SandboxAnalyzer' ├╝yesi de─şil [C:\ShadowStrike\ShadowStrike\ShadowStrike.vcxproj]
  MemoryScanner.cpp
  ('/src/Shared_modules/Core/Engine/SandboxAnalyzer.cpp' kaynak dosyas─▒ derleniyor)
      C:\ShadowStrike\ShadowStrike\src\Shared_modules\Core\Engine\SandboxAnalyzer.hpp(685,7):
      'ShadowStrike::Core::Engine::SandboxAnalyzer' bildirimine bak─▒n
  
C:\ShadowStrike\ShadowStrike\src\Shared_modules\Core\Engine\SandboxAnalyzer.cpp(391,33): error C1003: hata say─▒s─▒ 100 taneyi a┼şt─▒; derleme durduruluyor [C:\ShadowStrike\ShadowStrike\ShadowStrike.vcxproj]
  ('/src/Shared_modules/Core/Engine/SandboxAnalyzer.cpp' kaynak dosyas─▒ derleniyor)
  
C:\ShadowStrike\ShadowStrike\src\Shared_modules\Core\Engine\HeuristicAnalyzer.cpp(357,19): error C2679: ikili '=': 'const wchar_t [20]' t├╝r├╝nde bir sa─ş taraf i┼şleneni alan hi├ğbir i┼şle├ğ bulunamad─▒ (veya hi├ğ kabul edilebilir d├Ân├╝┼şt├╝rme yok) [C:\ShadowStrike\ShadowStrike\ShadowStrike.vcxproj]
  ProcessAnalyzer.cpp
  ('/src/Shared_modules/Core/Engine/HeuristicAnalyzer.cpp' kaynak dosyas─▒ derleniyor)
      C:\Program Files\Microsoft Visual Studio\2022\Community\VC\Tools\MSVC\14.44.35207\include\xstring(1453,32):
      'std::basic_string<char,std::char_traits<char>,std::allocator<char>> &std::basic_string<char,std::char_traits<char>,std::allocator<char>>::operator =(const _Elem)' olabilirdi
          with
          [
              _Elem=char
          ]
          C:\ShadowStrike\ShadowStrike\src\Shared_modules\Core\Engine\HeuristicAnalyzer.cpp(357,19):
          'std::basic_string<char,std::char_traits<char>,std::allocator<char>> &std::basic_string<char,std::char_traits<char>,std::allocator<char>>::operator =(const _Elem)' : 2 ba─ş─▒ms─▒z de─şi┼şkeni 'const wchar_t [20]' de─şerinden 'const _Elem' de─şerine d├Ân├╝┼şt├╝r├╝lemez
          with
          [
              _Elem=char
          ]
              C:\ShadowStrike\ShadowStrike\src\Shared_modules\Core\Engine\HeuristicAnalyzer.cpp(357,35):
              Bu d├Ân├╝┼şt├╝rmenin m├╝mk├╝n oldu─şu bir ba─şlam yok
      C:\Program Files\Microsoft Visual Studio\2022\Community\VC\Tools\MSVC\14.44.35207\include\xstring(1450,19):
      veya       'std::basic_string<char,std::char_traits<char>,std::allocator<char>> &std::basic_string<char,std::char_traits<char>,std::allocator<char>>::operator =(std::nullptr_t)'
          C:\ShadowStrike\ShadowStrike\src\Shared_modules\Core\Engine\HeuristicAnalyzer.cpp(357,19):
          'std::basic_string<char,std::char_traits<char>,std::allocator<char>> &std::basic_string<char,std::char_traits<char>,std::allocator<char>>::operator =(std::nullptr_t)' : 2 ba─ş─▒ms─▒z de─şi┼şkeni 'const wchar_t [20]' de─şerinden 'std::nullptr_t' de─şerine d├Ân├╝┼şt├╝r├╝lemez
              C:\ShadowStrike\ShadowStrike\src\Shared_modules\Core\Engine\HeuristicAnalyzer.cpp(357,35):
              nullptr yaln─▒zca bir i┼şaret├ğiye ve tan─▒t─▒c─▒ t├╝rlerine d├Ân├╝┼şt├╝r├╝lebilir
      C:\Program Files\Microsoft Visual Studio\2022\Community\VC\Tools\MSVC\14.44.35207\include\xstring(1445,32):
      veya       'std::basic_string<char,std::char_traits<char>,std::allocator<char>> &std::basic_string<char,std::char_traits<char>,std::allocator<char>>::operator =(const _Elem *const )'
          with
          [
              _Elem=char
          ]
          C:\ShadowStrike\ShadowStrike\src\Shared_modules\Core\Engine\HeuristicAnalyzer.cpp(357,19):
          'std::basic_string<char,std::char_traits<char>,std::allocator<char>> &std::basic_string<char,std::char_traits<char>,std::allocator<char>>::operator =(const _Elem *const )' : 2 ba─ş─▒ms─▒z de─şi┼şkeni 'const wchar_t [20]' de─şerinden 'const _Elem *const ' de─şerine d├Ân├╝┼şt├╝r├╝lemez
          with
          [
              _Elem=char
          ]
              C:\ShadowStrike\ShadowStrike\src\Shared_modules\Core\Engine\HeuristicAnalyzer.cpp(357,35):
              ─░┼şaretlenen t├╝rler ilgisiz; d├Ân├╝┼şt├╝rme reinterpret_cast, C stili t├╝r d├Ân├╝┼şt├╝rme veya parantez i├ğine al─▒nm─▒┼ş i┼şlev stili t├╝r d├Ân├╝┼şt├╝rme gerektiriyor
      C:\Program Files\Microsoft Visual Studio\2022\Community\VC\Tools\MSVC\14.44.35207\include\xstring(1394,32):
      veya       'std::basic_string<char,std::char_traits<char>,std::allocator<char>> &std::basic_string<char,std::char_traits<char>,std::allocator<char>>::operator =(const std::basic_string<char,std::char_traits<char>,std::allocator<char>> &)'
          C:\ShadowStrike\ShadowStrike\src\Shared_modules\Core\Engine\HeuristicAnalyzer.cpp(357,19):
          'std::basic_string<char,std::char_traits<char>,std::allocator<char>> &std::basic_string<char,std::char_traits<char>,std::allocator<char>>::operator =(const std::basic_string<char,std::char_traits<char>,std::allocator<char>> &)' : 2 ba─ş─▒ms─▒z de─şi┼şkeni 'const wchar_t [20]' de─şerinden 'const std::basic_string<char,std::char_traits<char>,std::allocator<char>> &' de─şerine d├Ân├╝┼şt├╝r├╝lemez
              C:\ShadowStrike\ShadowStrike\src\Shared_modules\Core\Engine\HeuristicAnalyzer.cpp(357,35):
              Nedeni: 'const wchar_t [20]' de─şerinden 'const std::basic_string<char,std::char_traits<char>,std::allocator<char>>' de─şerine d├Ân├╝┼şt├╝r├╝lemez
              C:\ShadowStrike\ShadowStrike\src\Shared_modules\Core\Engine\HeuristicAnalyzer.cpp(357,35):
              'std::basic_string<char,std::char_traits<char>,std::allocator<char>>::basic_string': hi├ğbir a┼ş─▒r─▒ y├╝klenmi┼ş i┼şlev t├╝m arg├╝man t├╝rlerini d├Ân├╝┼şt├╝remez
                  C:\Program Files\Microsoft Visual Studio\2022\Community\VC\Tools\MSVC\14.44.35207\include\xstring(781,5):
                  'std::basic_string<char,std::char_traits<char>,std::allocator<char>>::basic_string(std::nullptr_t)' olabilirdi
                      C:\ShadowStrike\ShadowStrike\src\Shared_modules\Core\Engine\HeuristicAnalyzer.cpp(357,35):
                      'std::basic_string<char,std::char_traits<char>,std::allocator<char>>::basic_string(std::nullptr_t)' : 1 ba─ş─▒ms─▒z de─şi┼şkeni 'const wchar_t [20]' de─şerinden 'std::nullptr_t' de─şerine d├Ân├╝┼şt├╝r├╝lemez
                          C:\ShadowStrike\ShadowStrike\src\Shared_modules\Core\Engine\HeuristicAnalyzer.cpp(357,35):
                          nullptr yaln─▒zca bir i┼şaret├ğiye ve tan─▒t─▒c─▒ t├╝rlerine d├Ân├╝┼şt├╝r├╝lebilir
                  C:\Program Files\Microsoft Visual Studio\2022\Community\VC\Tools\MSVC\14.44.35207\include\xstring(768,5):
                  veya       'std::basic_string<char,std::char_traits<char>,std::allocator<char>>::basic_string(const _Elem *const )'
          with
          [
              _Elem=char
          ]
                      C:\ShadowStrike\ShadowStrike\src\Shared_modules\Core\Engine\HeuristicAnalyzer.cpp(357,35):
                      'std::basic_string<char,std::char_traits<char>,std::allocator<char>>::basic_string(const _Elem *const )' : 1 ba─ş─▒ms─▒z de─şi┼şkeni 'const wchar_t [20]' de─şerinden 'const _Elem *const ' de─şerine d├Ân├╝┼şt├╝r├╝lemez
          with
          [
              _Elem=char
          ]
                          C:\ShadowStrike\ShadowStrike\src\Shared_modules\Core\Engine\HeuristicAnalyzer.cpp(357,35):
                          ─░┼şaretlenen t├╝rler ilgisiz; d├Ân├╝┼şt├╝rme reinterpret_cast, C stili t├╝r d├Ân├╝┼şt├╝rme veya parantez i├ğine al─▒nm─▒┼ş i┼şlev stili t├╝r d├Ân├╝┼şt├╝rme gerektiriyor
                  C:\Program Files\Microsoft Visual Studio\2022\Community\VC\Tools\MSVC\14.44.35207\include\xstring(1340,5):
                  veya       'std::basic_string<char,std::char_traits<char>,std::allocator<char>>::basic_string(std::initializer_list<_Elem>,const _Alloc &)'
          with
          [
              _Elem=char,
              _Alloc=std::allocator<char>
          ]
                      C:\ShadowStrike\ShadowStrike\src\Shared_modules\Core\Engine\HeuristicAnalyzer.cpp(357,35):
                      'std::basic_string<char,std::char_traits<char>,std::allocator<char>>::basic_string(std::initializer_list<_Elem>,const _Alloc &)' : 1 ba─ş─▒ms─▒z de─şi┼şkeni 'const wchar_t [20]' de─şerinden 'std::initializer_list<_Elem>' de─şerine d├Ân├╝┼şt├╝r├╝lemez
          with
          [
              _Elem=char,
              _Alloc=std::allocator<char>
          ]
          and
          [
              _Elem=char
          ]
                          C:\ShadowStrike\ShadowStrike\src\Shared_modules\Core\Engine\HeuristicAnalyzer.cpp(357,35):
                          D├Ân├╝┼şt├╝rme ikinci bir kullan─▒c─▒ tan─▒ml─▒ d├Ân├╝┼şt├╝rme i┼şleci veya olu┼şturucu gerektiriyor
                  C:\Program Files\Microsoft Visual Studio\2022\Community\VC\Tools\MSVC\14.44.35207\include\xstring(1157,5):
                  veya       'std::basic_string<char,std::char_traits<char>,std::allocator<char>>::basic_string(const _Ty &,const unsigned __int64,const unsigned __int64,const _Alloc &)'
          with
          [
              _Alloc=std::allocator<char>
          ]
                  C:\Program Files\Microsoft Visual Studio\2022\Community\VC\Tools\MSVC\14.44.35207\include\xstring(1011,5):
                  veya       'std::basic_string<char,std::char_traits<char>,std::allocator<char>>::basic_string(std::from_range_t,_Rng &&,const _Alloc &)'
          with
          [
              _Alloc=std::allocator<char>
          ]
                  C:\Program Files\Microsoft Visual Studio\2022\Community\VC\Tools\MSVC\14.44.35207\include\xstring(798,5):
                  veya       'std::basic_string<char,std::char_traits<char>,std::allocator<char>>::basic_string(_Iter,_Iter,const _Alloc &)'
          with
          [
              _Alloc=std::allocator<char>
          ]
                  C:\Program Files\Microsoft Visual Studio\2022\Community\VC\Tools\MSVC\14.44.35207\include\xstring(792,5):
                  veya       'std::basic_string<char,std::char_traits<char>,std::allocator<char>>::basic_string(const unsigned __int64,const _Elem,const _Alloc &)'
          with
          [
              _Elem=char,
              _Alloc=std::allocator<char>
          ]
                  C:\Program Files\Microsoft Visual Studio\2022\Community\VC\Tools\MSVC\14.44.35207\include\xstring(775,5):
                  veya       'std::basic_string<char,std::char_traits<char>,std::allocator<char>>::basic_string(const _Elem *const ,const _Alloc &)'
          with
          [
              _Elem=char,
              _Alloc=std::allocator<char>
          ]
                  C:\Program Files\Microsoft Visual Studio\2022\Community\VC\Tools\MSVC\14.44.35207\include\xstring(762,5):
                  veya       'std::basic_string<char,std::char_traits<char>,std::allocator<char>>::basic_string(const _Elem *const ,const unsigned __int64,const _Alloc &)'
          with
          [
              _Elem=char,
              _Alloc=std::allocator<char>
          ]
                  C:\ShadowStrike\ShadowStrike\src\Shared_modules\Core\Engine\HeuristicAnalyzer.cpp(357,35):
                  '(const wchar_t [20])' ba─ş─▒ms─▒z de─şi┼şken listesi e┼şlenmeye ├ğal─▒┼ş─▒l─▒rken
      C:\Program Files\Microsoft Visual Studio\2022\Community\VC\Tools\MSVC\14.44.35207\include\xstring(1345,32):
      veya       'std::basic_string<char,std::char_traits<char>,std::allocator<char>> &std::basic_string<char,std::char_traits<char>,std::allocator<char>>::operator =(std::initializer_list<_Elem>)'
          with
          [
              _Elem=char
          ]
          C:\ShadowStrike\ShadowStrike\src\Shared_modules\Core\Engine\HeuristicAnalyzer.cpp(357,19):
          'std::basic_string<char,std::char_traits<char>,std::allocator<char>> &std::basic_string<char,std::char_traits<char>,std::allocator<char>>::operator =(std::initializer_list<_Elem>)' : 2 ba─ş─▒ms─▒z de─şi┼şkeni 'const wchar_t [20]' de─şerinden 'std::initializer_list<_Elem>' de─şerine d├Ân├╝┼şt├╝r├╝lemez
          with
          [
              _Elem=char
          ]
              C:\ShadowStrike\ShadowStrike\src\Shared_modules\Core\Engine\HeuristicAnalyzer.cpp(357,35):
              'std::initializer_list<_Elem>::initializer_list': hi├ğbir a┼ş─▒r─▒ y├╝klenmi┼ş i┼şlev t├╝m arg├╝man t├╝rlerini d├Ân├╝┼şt├╝remez
          with
          [
              _Elem=char
          ]
                  C:\Program Files\Microsoft Visual Studio\2022\Community\VC\Tools\MSVC\14.44.35207\include\initializer_list(51,1):
                  'std::initializer_list<_Elem>::initializer_list(std::initializer_list<_Elem> &&)' olabilirdi
          with
          [
              _Elem=char
          ]
                      C:\ShadowStrike\ShadowStrike\src\Shared_modules\Core\Engine\HeuristicAnalyzer.cpp(357,35):
                      'std::initializer_list<_Elem>::initializer_list(std::initializer_list<_Elem> &&)' : 1 ba─ş─▒ms─▒z de─şi┼şkeni 'const wchar_t [20]' de─şerinden 'std::initializer_list<_Elem> &&' de─şerine d├Ân├╝┼şt├╝r├╝lemez
          with
          [
              _Elem=char
          ]
                          C:\ShadowStrike\ShadowStrike\src\Shared_modules\Core\Engine\HeuristicAnalyzer.cpp(357,35):
                          Nedeni: 'const wchar_t [20]' de─şerinden 'std::initializer_list<_Elem>' de─şerine d├Ân├╝┼şt├╝r├╝lemez
          with
          [
              _Elem=char
          ]
                          C:\ShadowStrike\ShadowStrike\src\Shared_modules\Core\Engine\HeuristicAnalyzer.cpp(357,35):
                          D├Ân├╝┼şt├╝rme ikinci bir kullan─▒c─▒ tan─▒ml─▒ d├Ân├╝┼şt├╝rme i┼şleci veya olu┼şturucu gerektiriyor
                  C:\Program Files\Microsoft Visual Studio\2022\Community\VC\Tools\MSVC\14.44.35207\include\initializer_list(51,1):
                  veya       'std::initializer_list<_Elem>::initializer_list(const std::initializer_list<_Elem> &)'
          with
          [
              _Elem=char
          ]
                      C:\ShadowStrike\ShadowStrike\src\Shared_modules\Core\Engine\HeuristicAnalyzer.cpp(357,35):
                      'std::initializer_list<_Elem>::initializer_list(const std::initializer_list<_Elem> &)' : 1 ba─ş─▒ms─▒z de─şi┼şkeni 'const wchar_t [20]' de─şerinden 'const std::initializer_list<_Elem> &' de─şerine d├Ân├╝┼şt├╝r├╝lemez
          with
          [
              _Elem=char
          ]
                          C:\ShadowStrike\ShadowStrike\src\Shared_modules\Core\Engine\HeuristicAnalyzer.cpp(357,35):
                          Nedeni: 'const wchar_t [20]' de─şerinden 'const std::initializer_list<_Elem>' de─şerine d├Ân├╝┼şt├╝r├╝lemez
          with
          [
              _Elem=char
          ]
                          C:\ShadowStrike\ShadowStrike\src\Shared_modules\Core\Engine\HeuristicAnalyzer.cpp(357,35):
                          D├Ân├╝┼şt├╝rme ikinci bir kullan─▒c─▒ tan─▒ml─▒ d├Ân├╝┼şt├╝rme i┼şleci veya olu┼şturucu gerektiriyor
                  C:\ShadowStrike\ShadowStrike\src\Shared_modules\Core\Engine\HeuristicAnalyzer.cpp(357,35):
                  '(const wchar_t [20])' ba─ş─▒ms─▒z de─şi┼şken listesi e┼şlenmeye ├ğal─▒┼ş─▒l─▒rken
      C:\Program Files\Microsoft Visual Studio\2022\Community\VC\Tools\MSVC\14.44.35207\include\xstring(1224,32):
      veya       'std::basic_string<char,std::char_traits<char>,std::allocator<char>> &std::basic_string<char,std::char_traits<char>,std::allocator<char>>::operator =(std::basic_string<char,std::char_traits<char>,std::allocator<char>> &&) noexcept'
          C:\ShadowStrike\ShadowStrike\src\Shared_modules\Core\Engine\HeuristicAnalyzer.cpp(357,19):
          'std::basic_string<char,std::char_traits<char>,std::allocator<char>> &std::basic_string<char,std::char_traits<char>,std::allocator<char>>::operator =(std::basic_string<char,std::char_traits<char>,std::allocator<char>> &&) noexcept' : 2 ba─ş─▒ms─▒z de─şi┼şkeni 'const wchar_t [20]' de─şerinden 'std::basic_string<char,std::char_traits<char>,std::allocator<char>> &&' de─şerine d├Ân├╝┼şt├╝r├╝lemez
              C:\ShadowStrike\ShadowStrike\src\Shared_modules\Core\Engine\HeuristicAnalyzer.cpp(357,35):
              Nedeni: 'const wchar_t [20]' de─şerinden 'std::basic_string<char,std::char_traits<char>,std::allocator<char>>' de─şerine d├Ân├╝┼şt├╝r├╝lemez
              C:\ShadowStrike\ShadowStrike\src\Shared_modules\Core\Engine\HeuristicAnalyzer.cpp(357,35):
              'std::basic_string<char,std::char_traits<char>,std::allocator<char>>::basic_string': hi├ğbir a┼ş─▒r─▒ y├╝klenmi┼ş i┼şlev t├╝m arg├╝man t├╝rlerini d├Ân├╝┼şt├╝remez
                  C:\Program Files\Microsoft Visual Studio\2022\Community\VC\Tools\MSVC\14.44.35207\include\xstring(781,5):
                  'std::basic_string<char,std::char_traits<char>,std::allocator<char>>::basic_string(std::nullptr_t)' olabilirdi
                      C:\ShadowStrike\ShadowStrike\src\Shared_modules\Core\Engine\HeuristicAnalyzer.cpp(357,35):
                      'std::basic_string<char,std::char_traits<char>,std::allocator<char>>::basic_string(std::nullptr_t)' : 1 ba─ş─▒ms─▒z de─şi┼şkeni 'const wchar_t [20]' de─şerinden 'std::nullptr_t' de─şerine d├Ân├╝┼şt├╝r├╝lemez
                          C:\ShadowStrike\ShadowStrike\src\Shared_modules\Core\Engine\HeuristicAnalyzer.cpp(357,35):
                          nullptr yaln─▒zca bir i┼şaret├ğiye ve tan─▒t─▒c─▒ t├╝rlerine d├Ân├╝┼şt├╝r├╝lebilir
                  C:\Program Files\Microsoft Visual Studio\2022\Community\VC\Tools\MSVC\14.44.35207\include\xstring(768,5):
                  veya       'std::basic_string<char,std::char_traits<char>,std::allocator<char>>::basic_string(const _Elem *const )'
          with
          [
              _Elem=char
          ]
                      C:\ShadowStrike\ShadowStrike\src\Shared_modules\Core\Engine\HeuristicAnalyzer.cpp(357,35):
                      'std::basic_string<char,std::char_traits<char>,std::allocator<char>>::basic_string(const _Elem *const )' : 1 ba─ş─▒ms─▒z de─şi┼şkeni 'const wchar_t [20]' de─şerinden 'const _Elem *const ' de─şerine d├Ân├╝┼şt├╝r├╝lemez
          with
          [
              _Elem=char
          ]
                          C:\ShadowStrike\ShadowStrike\src\Shared_modules\Core\Engine\HeuristicAnalyzer.cpp(357,35):
                          ─░┼şaretlenen t├╝rler ilgisiz; d├Ân├╝┼şt├╝rme reinterpret_cast, C stili t├╝r d├Ân├╝┼şt├╝rme veya parantez i├ğine al─▒nm─▒┼ş i┼şlev stili t├╝r d├Ân├╝┼şt├╝rme gerektiriyor
                  C:\Program Files\Microsoft Visual Studio\2022\Community\VC\Tools\MSVC\14.44.35207\include\xstring(1340,5):
                  veya       'std::basic_string<char,std::char_traits<char>,std::allocator<char>>::basic_string(std::initializer_list<_Elem>,const _Alloc &)'
          with
          [
              _Elem=char,
              _Alloc=std::allocator<char>
          ]
                      C:\ShadowStrike\ShadowStrike\src\Shared_modules\Core\Engine\HeuristicAnalyzer.cpp(357,35):
                      'std::basic_string<char,std::char_traits<char>,std::allocator<char>>::basic_string(std::initializer_list<_Elem>,const _Alloc &)' : 1 ba─ş─▒ms─▒z de─şi┼şkeni 'const wchar_t [20]' de─şerinden 'std::initializer_list<_Elem>' de─şerine d├Ân├╝┼şt├╝r├╝lemez
          with
          [
              _Elem=char,
              _Alloc=std::allocator<char>
          ]
          and
          [
              _Elem=char
          ]
                          C:\ShadowStrike\ShadowStrike\src\Shared_modules\Core\Engine\HeuristicAnalyzer.cpp(357,35):
                          D├Ân├╝┼şt├╝rme ikinci bir kullan─▒c─▒ tan─▒ml─▒ d├Ân├╝┼şt├╝rme i┼şleci veya olu┼şturucu gerektiriyor
                  C:\Program Files\Microsoft Visual Studio\2022\Community\VC\Tools\MSVC\14.44.35207\include\xstring(1157,5):
                  veya       'std::basic_string<char,std::char_traits<char>,std::allocator<char>>::basic_string(const _Ty &,const unsigned __int64,const unsigned __int64,const _Alloc &)'
          with
          [
              _Alloc=std::allocator<char>
          ]
                  C:\Program Files\Microsoft Visual Studio\2022\Community\VC\Tools\MSVC\14.44.35207\include\xstring(1011,5):
                  veya       'std::basic_string<char,std::char_traits<char>,std::allocator<char>>::basic_string(std::from_range_t,_Rng &&,const _Alloc &)'
          with
          [
              _Alloc=std::allocator<char>
          ]
                  C:\Program Files\Microsoft Visual Studio\2022\Community\VC\Tools\MSVC\14.44.35207\include\xstring(798,5):
                  veya       'std::basic_string<char,std::char_traits<char>,std::allocator<char>>::basic_string(_Iter,_Iter,const _Alloc &)'
          with
          [
              _Alloc=std::allocator<char>
          ]
                  C:\Program Files\Microsoft Visual Studio\2022\Community\VC\Tools\MSVC\14.44.35207\include\xstring(792,5):
                  veya       'std::basic_string<char,std::char_traits<char>,std::allocator<char>>::basic_string(const unsigned __int64,const _Elem,const _Alloc &)'
          with
          [
              _Elem=char,
              _Alloc=std::allocator<char>
          ]
                  C:\Program Files\Microsoft Visual Studio\2022\Community\VC\Tools\MSVC\14.44.35207\include\xstring(775,5):
                  veya       'std::basic_string<char,std::char_traits<char>,std::allocator<char>>::basic_string(const _Elem *const ,const _Alloc &)'
          with
          [
              _Elem=char,
              _Alloc=std::allocator<char>
          ]
                  C:\Program Files\Microsoft Visual Studio\2022\Community\VC\Tools\MSVC\14.44.35207\include\xstring(762,5):
                  veya       'std::basic_string<char,std::char_traits<char>,std::allocator<char>>::basic_string(const _Elem *const ,const unsigned __int64,const _Alloc &)'
          with
          [
              _Elem=char,
              _Alloc=std::allocator<char>
          ]
                  C:\ShadowStrike\ShadowStrike\src\Shared_modules\Core\Engine\HeuristicAnalyzer.cpp(357,35):
                  '(const wchar_t [20])' ba─ş─▒ms─▒z de─şi┼şken listesi e┼şlenmeye ├ğal─▒┼ş─▒l─▒rken
      C:\Program Files\Microsoft Visual Studio\2022\Community\VC\Tools\MSVC\14.44.35207\include\xstring(1440,32):
      veya       'std::basic_string<char,std::char_traits<char>,std::allocator<char>> &std::basic_string<char,std::char_traits<char>,std::allocator<char>>::operator =(const _StringViewIsh &)'
          C:\ShadowStrike\ShadowStrike\src\Shared_modules\Core\Engine\HeuristicAnalyzer.cpp(357,19):
          'std::basic_string<char,std::char_traits<char>,std::allocator<char>> &std::basic_string<char,std::char_traits<char>,std::allocator<char>>::operator =(const _StringViewIsh &)': ┼şablon ba─ş─▒ms─▒z de─şi┼şkeni ('__formal' i├ğin) anla┼ş─▒lamad─▒
              C:\Program Files\Microsoft Visual Studio\2022\Community\VC\Tools\MSVC\14.44.35207\include\xstring(615,9):
              'std::enable_if_t<false,int>' : Di─şer ad ┼şablonu ├Âzelle┼ştirilemedi
      C:\ShadowStrike\ShadowStrike\src\Shared_modules\Core\Engine\HeuristicAnalyzer.cpp(357,19):
      '(std::string, const wchar_t [20])' ba─ş─▒ms─▒z de─şi┼şken listesi e┼şlenmeye ├ğal─▒┼ş─▒l─▒rken
  
C:\ShadowStrike\ShadowStrike\src\Shared_modules\Core\Engine\HeuristicAnalyzer.cpp(358,76): error C2065: 'filePath': bildirimi yap─▒lmam─▒┼ş tan─▒mlay─▒c─▒ [C:\ShadowStrike\ShadowStrike\ShadowStrike.vcxproj]
  ('/src/Shared_modules/Core/Engine/HeuristicAnalyzer.cpp' kaynak dosyas─▒ derleniyor)
  
C:\ShadowStrike\ShadowStrike\src\Shared_modules\Core\Engine\HeuristicAnalyzer.cpp(358,28): error C2664: 'void ShadowStrike::Utils::Logger::Warn(const char *)' : 1 ba─ş─▒ms─▒z de─şi┼şkeni 'const wchar_t [39]' de─şerinden 'const char *' de─şerine d├Ân├╝┼şt├╝r├╝lemez [C:\ShadowStrike\ShadowStrike\ShadowStrike.vcxproj]
  ('/src/Shared_modules/Core/Engine/HeuristicAnalyzer.cpp' kaynak dosyas─▒ derleniyor)
      C:\ShadowStrike\ShadowStrike\src\Shared_modules\Core\Engine\HeuristicAnalyzer.cpp(358,33):
      ─░┼şaretlenen t├╝rler ilgisiz; d├Ân├╝┼şt├╝rme reinterpret_cast, C stili t├╝r d├Ân├╝┼şt├╝rme veya parantez i├ğine al─▒nm─▒┼ş i┼şlev stili t├╝r d├Ân├╝┼şt├╝rme gerektiriyor
      C:\ShadowStrike\ShadowStrike\src\Shared_modules\Utils\Logger.hpp(264,16):
      'ShadowStrike::Utils::Logger::Warn' bildirimine bak─▒n
      C:\ShadowStrike\ShadowStrike\src\Shared_modules\Utils\Logger.hpp(278,16):
      'void ShadowStrike::Utils::Logger::Warn(std::basic_format_string<char,type_identity<_Args>::type...>,Args ...)' olabilirdi
          C:\ShadowStrike\ShadowStrike\src\Shared_modules\Core\Engine\HeuristicAnalyzer.cpp(358,28):
          ili┼şkili k─▒s─▒tlamalar kar┼ş─▒lanmad─▒
              C:\ShadowStrike\ShadowStrike\src\Shared_modules\Utils\Logger.hpp(277,57):
              k─▒s─▒tlama yerine getirilmedi
      C:\ShadowStrike\ShadowStrike\src\Shared_modules\Core\Engine\HeuristicAnalyzer.cpp(358,28):
      '(const wchar_t [39])' ba─ş─▒ms─▒z de─şi┼şken listesi e┼şlenmeye ├ğal─▒┼ş─▒l─▒rken
  
C:\ShadowStrike\ShadowStrike\src\Shared_modules\Core\Engine\HeuristicAnalyzer.cpp(363,25): error C2653: 'fs': bir s─▒n─▒f veya ad alan─▒ ad─▒ de─şil [C:\ShadowStrike\ShadowStrike\ShadowStrike.vcxproj]
  ('/src/Shared_modules/Core/Engine/HeuristicAnalyzer.cpp' kaynak dosyas─▒ derleniyor)
  
C:\ShadowStrike\ShadowStrike\src\Shared_modules\Core\Engine\HeuristicAnalyzer.cpp(363,39): error C2065: 'filePath': bildirimi yap─▒lmam─▒┼ş tan─▒mlay─▒c─▒ [C:\ShadowStrike\ShadowStrike\ShadowStrike.vcxproj]
  ('/src/Shared_modules/Core/Engine/HeuristicAnalyzer.cpp' kaynak dosyas─▒ derleniyor)
  
C:\ShadowStrike\ShadowStrike\src\Shared_modules\Core\Engine\HeuristicAnalyzer.cpp(363,29): error C3861: 'file_size': tan─▒mlay─▒c─▒ bulunamad─▒ [C:\ShadowStrike\ShadowStrike\ShadowStrike.vcxproj]
  ('/src/Shared_modules/Core/Engine/HeuristicAnalyzer.cpp' kaynak dosyas─▒ derleniyor)
  
C:\ShadowStrike\ShadowStrike\src\Shared_modules\Core\Engine\HeuristicAnalyzer.cpp(365,20): error C2039: 'analysisSuccess': bir 'ShadowStrike::Core::Engine::HeuristicResult' ├╝yesi de─şil [C:\ShadowStrike\ShadowStrike\ShadowStrike.vcxproj]
  ('/src/Shared_modules/Core/Engine/HeuristicAnalyzer.cpp' kaynak dosyas─▒ derleniyor)
      C:\ShadowStrike\ShadowStrike\src\Shared_modules\Core\Engine\HeuristicAnalyzer.hpp(1695,8):
      'ShadowStrike::Core::Engine::HeuristicResult' bildirimine bak─▒n
  
C:\ShadowStrike\ShadowStrike\src\Shared_modules\Core\Engine\HeuristicAnalyzer.cpp(366,19): error C2679: ikili '=': 'const wchar_t [32]' t├╝r├╝nde bir sa─ş taraf i┼şleneni alan hi├ğbir i┼şle├ğ bulunamad─▒ (veya hi├ğ kabul edilebilir d├Ân├╝┼şt├╝rme yok) [C:\ShadowStrike\ShadowStrike\ShadowStrike.vcxproj]
  ('/src/Shared_modules/Core/Engine/HeuristicAnalyzer.cpp' kaynak dosyas─▒ derleniyor)
      C:\Program Files\Microsoft Visual Studio\2022\Community\VC\Tools\MSVC\14.44.35207\include\xstring(1453,32):
      'std::basic_string<char,std::char_traits<char>,std::allocator<char>> &std::basic_string<char,std::char_traits<char>,std::allocator<char>>::operator =(const _Elem)' olabilirdi
          with
          [
              _Elem=char
          ]
          C:\ShadowStrike\ShadowStrike\src\Shared_modules\Core\Engine\HeuristicAnalyzer.cpp(366,19):
          'std::basic_string<char,std::char_traits<char>,std::allocator<char>> &std::basic_string<char,std::char_traits<char>,std::allocator<char>>::operator =(const _Elem)' : 2 ba─ş─▒ms─▒z de─şi┼şkeni 'const wchar_t [32]' de─şerinden 'const _Elem' de─şerine d├Ân├╝┼şt├╝r├╝lemez
          with
          [
              _Elem=char
          ]
              C:\ShadowStrike\ShadowStrike\src\Shared_modules\Core\Engine\HeuristicAnalyzer.cpp(366,35):
              Bu d├Ân├╝┼şt├╝rmenin m├╝mk├╝n oldu─şu bir ba─şlam yok
      C:\Program Files\Microsoft Visual Studio\2022\Community\VC\Tools\MSVC\14.44.35207\include\xstring(1450,19):
      veya       'std::basic_string<char,std::char_traits<char>,std::allocator<char>> &std::basic_string<char,std::char_traits<char>,std::allocator<char>>::operator =(std::nullptr_t)'
          C:\ShadowStrike\ShadowStrike\src\Shared_modules\Core\Engine\HeuristicAnalyzer.cpp(366,19):
          'std::basic_string<char,std::char_traits<char>,std::allocator<char>> &std::basic_string<char,std::char_traits<char>,std::allocator<char>>::operator =(std::nullptr_t)' : 2 ba─ş─▒ms─▒z de─şi┼şkeni 'const wchar_t [32]' de─şerinden 'std::nullptr_t' de─şerine d├Ân├╝┼şt├╝r├╝lemez
              C:\ShadowStrike\ShadowStrike\src\Shared_modules\Core\Engine\HeuristicAnalyzer.cpp(366,35):
              nullptr yaln─▒zca bir i┼şaret├ğiye ve tan─▒t─▒c─▒ t├╝rlerine d├Ân├╝┼şt├╝r├╝lebilir
      C:\Program Files\Microsoft Visual Studio\2022\Community\VC\Tools\MSVC\14.44.35207\include\xstring(1445,32):
      veya       'std::basic_string<char,std::char_traits<char>,std::allocator<char>> &std::basic_string<char,std::char_traits<char>,std::allocator<char>>::operator =(const _Elem *const )'
          with
          [
              _Elem=char
          ]
          C:\ShadowStrike\ShadowStrike\src\Shared_modules\Core\Engine\HeuristicAnalyzer.cpp(366,19):
          'std::basic_string<char,std::char_traits<char>,std::allocator<char>> &std::basic_string<char,std::char_traits<char>,std::allocator<char>>::operator =(const _Elem *const )' : 2 ba─ş─▒ms─▒z de─şi┼şkeni 'const wchar_t [32]' de─şerinden 'const _Elem *const ' de─şerine d├Ân├╝┼şt├╝r├╝lemez
          with
          [
              _Elem=char
          ]
              C:\ShadowStrike\ShadowStrike\src\Shared_modules\Core\Engine\HeuristicAnalyzer.cpp(366,35):
              ─░┼şaretlenen t├╝rler ilgisiz; d├Ân├╝┼şt├╝rme reinterpret_cast, C stili t├╝r d├Ân├╝┼şt├╝rme veya parantez i├ğine al─▒nm─▒┼ş i┼şlev stili t├╝r d├Ân├╝┼şt├╝rme gerektiriyor
      C:\Program Files\Microsoft Visual Studio\2022\Community\VC\Tools\MSVC\14.44.35207\include\xstring(1394,32):
      veya       'std::basic_string<char,std::char_traits<char>,std::allocator<char>> &std::basic_string<char,std::char_traits<char>,std::allocator<char>>::operator =(const std::basic_string<char,std::char_traits<char>,std::allocator<char>> &)'
          C:\ShadowStrike\ShadowStrike\src\Shared_modules\Core\Engine\HeuristicAnalyzer.cpp(366,19):
          'std::basic_string<char,std::char_traits<char>,std::allocator<char>> &std::basic_string<char,std::char_traits<char>,std::allocator<char>>::operator =(const std::basic_string<char,std::char_traits<char>,std::allocator<char>> &)' : 2 ba─ş─▒ms─▒z de─şi┼şkeni 'const wchar_t [32]' de─şerinden 'const std::basic_string<char,std::char_traits<char>,std::allocator<char>> &' de─şerine d├Ân├╝┼şt├╝r├╝lemez
              C:\ShadowStrike\ShadowStrike\src\Shared_modules\Core\Engine\HeuristicAnalyzer.cpp(366,35):
              Nedeni: 'const wchar_t [32]' de─şerinden 'const std::basic_string<char,std::char_traits<char>,std::allocator<char>>' de─şerine d├Ân├╝┼şt├╝r├╝lemez
              C:\ShadowStrike\ShadowStrike\src\Shared_modules\Core\Engine\HeuristicAnalyzer.cpp(366,35):
              'std::basic_string<char,std::char_traits<char>,std::allocator<char>>::basic_string': hi├ğbir a┼ş─▒r─▒ y├╝klenmi┼ş i┼şlev t├╝m arg├╝man t├╝rlerini d├Ân├╝┼şt├╝remez
                  C:\Program Files\Microsoft Visual Studio\2022\Community\VC\Tools\MSVC\14.44.35207\include\xstring(781,5):
                  'std::basic_string<char,std::char_traits<char>,std::allocator<char>>::basic_string(std::nullptr_t)' olabilirdi
                      C:\ShadowStrike\ShadowStrike\src\Shared_modules\Core\Engine\HeuristicAnalyzer.cpp(366,35):
                      'std::basic_string<char,std::char_traits<char>,std::allocator<char>>::basic_string(std::nullptr_t)' : 1 ba─ş─▒ms─▒z de─şi┼şkeni 'const wchar_t [32]' de─şerinden 'std::nullptr_t' de─şerine d├Ân├╝┼şt├╝r├╝lemez
                          C:\ShadowStrike\ShadowStrike\src\Shared_modules\Core\Engine\HeuristicAnalyzer.cpp(366,35):
                          nullptr yaln─▒zca bir i┼şaret├ğiye ve tan─▒t─▒c─▒ t├╝rlerine d├Ân├╝┼şt├╝r├╝lebilir
                  C:\Program Files\Microsoft Visual Studio\2022\Community\VC\Tools\MSVC\14.44.35207\include\xstring(768,5):
                  veya       'std::basic_string<char,std::char_traits<char>,std::allocator<char>>::basic_string(const _Elem *const )'
          with
          [
              _Elem=char
          ]
                      C:\ShadowStrike\ShadowStrike\src\Shared_modules\Core\Engine\HeuristicAnalyzer.cpp(366,35):
                      'std::basic_string<char,std::char_traits<char>,std::allocator<char>>::basic_string(const _Elem *const )' : 1 ba─ş─▒ms─▒z de─şi┼şkeni 'const wchar_t [32]' de─şerinden 'const _Elem *const ' de─şerine d├Ân├╝┼şt├╝r├╝lemez
          with
          [
              _Elem=char
          ]
                          C:\ShadowStrike\ShadowStrike\src\Shared_modules\Core\Engine\HeuristicAnalyzer.cpp(366,35):
                          ─░┼şaretlenen t├╝rler ilgisiz; d├Ân├╝┼şt├╝rme reinterpret_cast, C stili t├╝r d├Ân├╝┼şt├╝rme veya parantez i├ğine al─▒nm─▒┼ş i┼şlev stili t├╝r d├Ân├╝┼şt├╝rme gerektiriyor
                  C:\Program Files\Microsoft Visual Studio\2022\Community\VC\Tools\MSVC\14.44.35207\include\xstring(1340,5):
                  veya       'std::basic_string<char,std::char_traits<char>,std::allocator<char>>::basic_string(std::initializer_list<_Elem>,const _Alloc &)'
          with
          [
              _Elem=char,
              _Alloc=std::allocator<char>
          ]
                      C:\ShadowStrike\ShadowStrike\src\Shared_modules\Core\Engine\HeuristicAnalyzer.cpp(366,35):
                      'std::basic_string<char,std::char_traits<char>,std::allocator<char>>::basic_string(std::initializer_list<_Elem>,const _Alloc &)' : 1 ba─ş─▒ms─▒z de─şi┼şkeni 'const wchar_t [32]' de─şerinden 'std::initializer_list<_Elem>' de─şerine d├Ân├╝┼şt├╝r├╝lemez
          with
          [
              _Elem=char,
              _Alloc=std::allocator<char>
          ]
          and
          [
              _Elem=char
          ]
                          C:\ShadowStrike\ShadowStrike\src\Shared_modules\Core\Engine\HeuristicAnalyzer.cpp(366,35):
                          D├Ân├╝┼şt├╝rme ikinci bir kullan─▒c─▒ tan─▒ml─▒ d├Ân├╝┼şt├╝rme i┼şleci veya olu┼şturucu gerektiriyor
                  C:\Program Files\Microsoft Visual Studio\2022\Community\VC\Tools\MSVC\14.44.35207\include\xstring(1157,5):
                  veya       'std::basic_string<char,std::char_traits<char>,std::allocator<char>>::basic_string(const _Ty &,const unsigned __int64,const unsigned __int64,const _Alloc &)'
          with
          [
              _Alloc=std::allocator<char>
          ]
                  C:\Program Files\Microsoft Visual Studio\2022\Community\VC\Tools\MSVC\14.44.35207\include\xstring(1011,5):
                  veya       'std::basic_string<char,std::char_traits<char>,std::allocator<char>>::basic_string(std::from_range_t,_Rng &&,const _Alloc &)'
          with
          [
              _Alloc=std::allocator<char>
          ]
                  C:\Program Files\Microsoft Visual Studio\2022\Community\VC\Tools\MSVC\14.44.35207\include\xstring(798,5):
                  veya       'std::basic_string<char,std::char_traits<char>,std::allocator<char>>::basic_string(_Iter,_Iter,const _Alloc &)'
          with
          [
              _Alloc=std::allocator<char>
          ]
                  C:\Program Files\Microsoft Visual Studio\2022\Community\VC\Tools\MSVC\14.44.35207\include\xstring(792,5):
                  veya       'std::basic_string<char,std::char_traits<char>,std::allocator<char>>::basic_string(const unsigned __int64,const _Elem,const _Alloc &)'
          with
          [
              _Elem=char,
              _Alloc=std::allocator<char>
          ]
                  C:\Program Files\Microsoft Visual Studio\2022\Community\VC\Tools\MSVC\14.44.35207\include\xstring(775,5):
                  veya       'std::basic_string<char,std::char_traits<char>,std::allocator<char>>::basic_string(const _Elem *const ,const _Alloc &)'
          with
          [
              _Elem=char,
              _Alloc=std::allocator<char>
          ]
                  C:\Program Files\Microsoft Visual Studio\2022\Community\VC\Tools\MSVC\14.44.35207\include\xstring(762,5):
                  veya       'std::basic_string<char,std::char_traits<char>,std::allocator<char>>::basic_string(const _Elem *const ,const unsigned __int64,const _Alloc &)'
          with
          [
              _Elem=char,
              _Alloc=std::allocator<char>
          ]
                  C:\ShadowStrike\ShadowStrike\src\Shared_modules\Core\Engine\HeuristicAnalyzer.cpp(366,35):
                  '(const wchar_t [32])' ba─ş─▒ms─▒z de─şi┼şken listesi e┼şlenmeye ├ğal─▒┼ş─▒l─▒rken
      C:\Program Files\Microsoft Visual Studio\2022\Community\VC\Tools\MSVC\14.44.35207\include\xstring(1345,32):
      veya       'std::basic_string<char,std::char_traits<char>,std::allocator<char>> &std::basic_string<char,std::char_traits<char>,std::allocator<char>>::operator =(std::initializer_list<_Elem>)'
          with
          [
              _Elem=char
          ]
          C:\ShadowStrike\ShadowStrike\src\Shared_modules\Core\Engine\HeuristicAnalyzer.cpp(366,19):
          'std::basic_string<char,std::char_traits<char>,std::allocator<char>> &std::basic_string<char,std::char_traits<char>,std::allocator<char>>::operator =(std::initializer_list<_Elem>)' : 2 ba─ş─▒ms─▒z de─şi┼şkeni 'const wchar_t [32]' de─şerinden 'std::initializer_list<_Elem>' de─şerine d├Ân├╝┼şt├╝r├╝lemez
          with
          [
              _Elem=char
          ]
              C:\ShadowStrike\ShadowStrike\src\Shared_modules\Core\Engine\HeuristicAnalyzer.cpp(366,35):
              'std::initializer_list<_Elem>::initializer_list': hi├ğbir a┼ş─▒r─▒ y├╝klenmi┼ş i┼şlev t├╝m arg├╝man t├╝rlerini d├Ân├╝┼şt├╝remez
          with
          [
              _Elem=char
          ]
                  C:\Program Files\Microsoft Visual Studio\2022\Community\VC\Tools\MSVC\14.44.35207\include\initializer_list(51,1):
                  'std::initializer_list<_Elem>::initializer_list(std::initializer_list<_Elem> &&)' olabilirdi
          with
          [
              _Elem=char
          ]
                      C:\ShadowStrike\ShadowStrike\src\Shared_modules\Core\Engine\HeuristicAnalyzer.cpp(366,35):
                      'std::initializer_list<_Elem>::initializer_list(std::initializer_list<_Elem> &&)' : 1 ba─ş─▒ms─▒z de─şi┼şkeni 'const wchar_t [32]' de─şerinden 'std::initializer_list<_Elem> &&' de─şerine d├Ân├╝┼şt├╝r├╝lemez
          with
          [
              _Elem=char
          ]
                          C:\ShadowStrike\ShadowStrike\src\Shared_modules\Core\Engine\HeuristicAnalyzer.cpp(366,35):
                          Nedeni: 'const wchar_t [32]' de─şerinden 'std::initializer_list<_Elem>' de─şerine d├Ân├╝┼şt├╝r├╝lemez
          with
          [
              _Elem=char
          ]
                          C:\ShadowStrike\ShadowStrike\src\Shared_modules\Core\Engine\HeuristicAnalyzer.cpp(366,35):
                          D├Ân├╝┼şt├╝rme ikinci bir kullan─▒c─▒ tan─▒ml─▒ d├Ân├╝┼şt├╝rme i┼şleci veya olu┼şturucu gerektiriyor
                  C:\Program Files\Microsoft Visual Studio\2022\Community\VC\Tools\MSVC\14.44.35207\include\initializer_list(51,1):
                  veya       'std::initializer_list<_Elem>::initializer_list(const std::initializer_list<_Elem> &)'
          with
          [
              _Elem=char
          ]
                      C:\ShadowStrike\ShadowStrike\src\Shared_modules\Core\Engine\HeuristicAnalyzer.cpp(366,35):
                      'std::initializer_list<_Elem>::initializer_list(const std::initializer_list<_Elem> &)' : 1 ba─ş─▒ms─▒z de─şi┼şkeni 'const wchar_t [32]' de─şerinden 'const std::initializer_list<_Elem> &' de─şerine d├Ân├╝┼şt├╝r├╝lemez
          with
          [
              _Elem=char
          ]
                          C:\ShadowStrike\ShadowStrike\src\Shared_modules\Core\Engine\HeuristicAnalyzer.cpp(366,35):
                          Nedeni: 'const wchar_t [32]' de─şerinden 'const std::initializer_list<_Elem>' de─şerine d├Ân├╝┼şt├╝r├╝lemez
          with
          [
              _Elem=char
          ]
                          C:\ShadowStrike\ShadowStrike\src\Shared_modules\Core\Engine\HeuristicAnalyzer.cpp(366,35):
                          D├Ân├╝┼şt├╝rme ikinci bir kullan─▒c─▒ tan─▒ml─▒ d├Ân├╝┼şt├╝rme i┼şleci veya olu┼şturucu gerektiriyor
                  C:\ShadowStrike\ShadowStrike\src\Shared_modules\Core\Engine\HeuristicAnalyzer.cpp(366,35):
                  '(const wchar_t [32])' ba─ş─▒ms─▒z de─şi┼şken listesi e┼şlenmeye ├ğal─▒┼ş─▒l─▒rken
      C:\Program Files\Microsoft Visual Studio\2022\Community\VC\Tools\MSVC\14.44.35207\include\xstring(1224,32):
      veya       'std::basic_string<char,std::char_traits<char>,std::allocator<char>> &std::basic_string<char,std::char_traits<char>,std::allocator<char>>::operator =(std::basic_string<char,std::char_traits<char>,std::allocator<char>> &&) noexcept'
          C:\ShadowStrike\ShadowStrike\src\Shared_modules\Core\Engine\HeuristicAnalyzer.cpp(366,19):
          'std::basic_string<char,std::char_traits<char>,std::allocator<char>> &std::basic_string<char,std::char_traits<char>,std::allocator<char>>::operator =(std::basic_string<char,std::char_traits<char>,std::allocator<char>> &&) noexcept' : 2 ba─ş─▒ms─▒z de─şi┼şkeni 'const wchar_t [32]' de─şerinden 'std::basic_string<char,std::char_traits<char>,std::allocator<char>> &&' de─şerine d├Ân├╝┼şt├╝r├╝lemez
              C:\ShadowStrike\ShadowStrike\src\Shared_modules\Core\Engine\HeuristicAnalyzer.cpp(366,35):
              Nedeni: 'const wchar_t [32]' de─şerinden 'std::basic_string<char,std::char_traits<char>,std::allocator<char>>' de─şerine d├Ân├╝┼şt├╝r├╝lemez
              C:\ShadowStrike\ShadowStrike\src\Shared_modules\Core\Engine\HeuristicAnalyzer.cpp(366,35):
              'std::basic_string<char,std::char_traits<char>,std::allocator<char>>::basic_string': hi├ğbir a┼ş─▒r─▒ y├╝klenmi┼ş i┼şlev t├╝m arg├╝man t├╝rlerini d├Ân├╝┼şt├╝remez
                  C:\Program Files\Microsoft Visual Studio\2022\Community\VC\Tools\MSVC\14.44.35207\include\xstring(781,5):
                  'std::basic_string<char,std::char_traits<char>,std::allocator<char>>::basic_string(std::nullptr_t)' olabilirdi
                      C:\ShadowStrike\ShadowStrike\src\Shared_modules\Core\Engine\HeuristicAnalyzer.cpp(366,35):
                      'std::basic_string<char,std::char_traits<char>,std::allocator<char>>::basic_string(std::nullptr_t)' : 1 ba─ş─▒ms─▒z de─şi┼şkeni 'const wchar_t [32]' de─şerinden 'std::nullptr_t' de─şerine d├Ân├╝┼şt├╝r├╝lemez
                          C:\ShadowStrike\ShadowStrike\src\Shared_modules\Core\Engine\HeuristicAnalyzer.cpp(366,35):
                          nullptr yaln─▒zca bir i┼şaret├ğiye ve tan─▒t─▒c─▒ t├╝rlerine d├Ân├╝┼şt├╝r├╝lebilir
                  C:\Program Files\Microsoft Visual Studio\2022\Community\VC\Tools\MSVC\14.44.35207\include\xstring(768,5):
                  veya       'std::basic_string<char,std::char_traits<char>,std::allocator<char>>::basic_string(const _Elem *const )'
          with
          [
              _Elem=char
          ]
                      C:\ShadowStrike\ShadowStrike\src\Shared_modules\Core\Engine\HeuristicAnalyzer.cpp(366,35):
                      'std::basic_string<char,std::char_traits<char>,std::allocator<char>>::basic_string(const _Elem *const )' : 1 ba─ş─▒ms─▒z de─şi┼şkeni 'const wchar_t [32]' de─şerinden 'const _Elem *const ' de─şerine d├Ân├╝┼şt├╝r├╝lemez
          with
          [
              _Elem=char
          ]
                          C:\ShadowStrike\ShadowStrike\src\Shared_modules\Core\Engine\HeuristicAnalyzer.cpp(366,35):
                          ─░┼şaretlenen t├╝rler ilgisiz; d├Ân├╝┼şt├╝rme reinterpret_cast, C stili t├╝r d├Ân├╝┼şt├╝rme veya parantez i├ğine al─▒nm─▒┼ş i┼şlev stili t├╝r d├Ân├╝┼şt├╝rme gerektiriyor
                  C:\Program Files\Microsoft Visual Studio\2022\Community\VC\Tools\MSVC\14.44.35207\include\xstring(1340,5):
                  veya       'std::basic_string<char,std::char_traits<char>,std::allocator<char>>::basic_string(std::initializer_list<_Elem>,const _Alloc &)'
          with
          [
              _Elem=char,
              _Alloc=std::allocator<char>
          ]
                      C:\ShadowStrike\ShadowStrike\src\Shared_modules\Core\Engine\HeuristicAnalyzer.cpp(366,35):
                      'std::basic_string<char,std::char_traits<char>,std::allocator<char>>::basic_string(std::initializer_list<_Elem>,const _Alloc &)' : 1 ba─ş─▒ms─▒z de─şi┼şkeni 'const wchar_t [32]' de─şerinden 'std::initializer_list<_Elem>' de─şerine d├Ân├╝┼şt├╝r├╝lemez
          with
          [
              _Elem=char,
              _Alloc=std::allocator<char>
          ]
          and
          [
              _Elem=char
          ]
                          C:\ShadowStrike\ShadowStrike\src\Shared_modules\Core\Engine\HeuristicAnalyzer.cpp(366,35):
                          D├Ân├╝┼şt├╝rme ikinci bir kullan─▒c─▒ tan─▒ml─▒ d├Ân├╝┼şt├╝rme i┼şleci veya olu┼şturucu gerektiriyor
                  C:\Program Files\Microsoft Visual Studio\2022\Community\VC\Tools\MSVC\14.44.35207\include\xstring(1157,5):
                  veya       'std::basic_string<char,std::char_traits<char>,std::allocator<char>>::basic_string(const _Ty &,const unsigned __int64,const unsigned __int64,const _Alloc &)'
          with
          [
              _Alloc=std::allocator<char>
          ]
                  C:\Program Files\Microsoft Visual Studio\2022\Community\VC\Tools\MSVC\14.44.35207\include\xstring(1011,5):
                  veya       'std::basic_string<char,std::char_traits<char>,std::allocator<char>>::basic_string(std::from_range_t,_Rng &&,const _Alloc &)'
          with
          [
              _Alloc=std::allocator<char>
          ]
                  C:\Program Files\Microsoft Visual Studio\2022\Community\VC\Tools\MSVC\14.44.35207\include\xstring(798,5):
                  veya       'std::basic_string<char,std::char_traits<char>,std::allocator<char>>::basic_string(_Iter,_Iter,const _Alloc &)'
          with
          [
              _Alloc=std::allocator<char>
          ]
                  C:\Program Files\Microsoft Visual Studio\2022\Community\VC\Tools\MSVC\14.44.35207\include\xstring(792,5):
                  veya       'std::basic_string<char,std::char_traits<char>,std::allocator<char>>::basic_string(const unsigned __int64,const _Elem,const _Alloc &)'
          with
          [
              _Elem=char,
              _Alloc=std::allocator<char>
          ]
                  C:\Program Files\Microsoft Visual Studio\2022\Community\VC\Tools\MSVC\14.44.35207\include\xstring(775,5):
                  veya       'std::basic_string<char,std::char_traits<char>,std::allocator<char>>::basic_string(const _Elem *const ,const _Alloc &)'
          with
          [
              _Elem=char,
              _Alloc=std::allocator<char>
          ]
                  C:\Program Files\Microsoft Visual Studio\2022\Community\VC\Tools\MSVC\14.44.35207\include\xstring(762,5):
                  veya       'std::basic_string<char,std::char_traits<char>,std::allocator<char>>::basic_string(const _Elem *const ,const unsigned __int64,const _Alloc &)'
          with
          [
              _Elem=char,
              _Alloc=std::allocator<char>
          ]
                  C:\ShadowStrike\ShadowStrike\src\Shared_modules\Core\Engine\HeuristicAnalyzer.cpp(366,35):
                  '(const wchar_t [32])' ba─ş─▒ms─▒z de─şi┼şken listesi e┼şlenmeye ├ğal─▒┼ş─▒l─▒rken
      C:\Program Files\Microsoft Visual Studio\2022\Community\VC\Tools\MSVC\14.44.35207\include\xstring(1440,32):
      veya       'std::basic_string<char,std::char_traits<char>,std::allocator<char>> &std::basic_string<char,std::char_traits<char>,std::allocator<char>>::operator =(const _StringViewIsh &)'
          C:\ShadowStrike\ShadowStrike\src\Shared_modules\Core\Engine\HeuristicAnalyzer.cpp(366,19):
          'std::basic_string<char,std::char_traits<char>,std::allocator<char>> &std::basic_string<char,std::char_traits<char>,std::allocator<char>>::operator =(const _StringViewIsh &)': ┼şablon ba─ş─▒ms─▒z de─şi┼şkeni ('__formal' i├ğin) anla┼ş─▒lamad─▒
              C:\Program Files\Microsoft Visual Studio\2022\Community\VC\Tools\MSVC\14.44.35207\include\xstring(615,9):
              'std::enable_if_t<false,int>' : Di─şer ad ┼şablonu ├Âzelle┼ştirilemedi
      C:\ShadowStrike\ShadowStrike\src\Shared_modules\Core\Engine\HeuristicAnalyzer.cpp(366,19):
      '(std::string, const wchar_t [32])' ba─ş─▒ms─▒z de─şi┼şken listesi e┼şlenmeye ├ğal─▒┼ş─▒l─▒rken
  
C:\ShadowStrike\ShadowStrike\src\Shared_modules\Core\Engine\HeuristicAnalyzer.cpp(367,76): error C2065: 'filePath': bildirimi yap─▒lmam─▒┼ş tan─▒mlay─▒c─▒ [C:\ShadowStrike\ShadowStrike\ShadowStrike.vcxproj]
  ('/src/Shared_modules/Core/Engine/HeuristicAnalyzer.cpp' kaynak dosyas─▒ derleniyor)
  
C:\ShadowStrike\ShadowStrike\src\Shared_modules\Core\Engine\HeuristicAnalyzer.cpp(367,28): error C2664: 'void ShadowStrike::Utils::Logger::Warn(const char *)' : 1 ba─ş─▒ms─▒z de─şi┼şkeni 'const wchar_t [39]' de─şerinden 'const char *' de─şerine d├Ân├╝┼şt├╝r├╝lemez [C:\ShadowStrike\ShadowStrike\ShadowStrike.vcxproj]
  ('/src/Shared_modules/Core/Engine/HeuristicAnalyzer.cpp' kaynak dosyas─▒ derleniyor)
      C:\ShadowStrike\ShadowStrike\src\Shared_modules\Core\Engine\HeuristicAnalyzer.cpp(367,33):
      ─░┼şaretlenen t├╝rler ilgisiz; d├Ân├╝┼şt├╝rme reinterpret_cast, C stili t├╝r d├Ân├╝┼şt├╝rme veya parantez i├ğine al─▒nm─▒┼ş i┼şlev stili t├╝r d├Ân├╝┼şt├╝rme gerektiriyor
      C:\ShadowStrike\ShadowStrike\src\Shared_modules\Utils\Logger.hpp(264,16):
      'ShadowStrike::Utils::Logger::Warn' bildirimine bak─▒n
      C:\ShadowStrike\ShadowStrike\src\Shared_modules\Utils\Logger.hpp(278,16):
      'void ShadowStrike::Utils::Logger::Warn(std::basic_format_string<char,type_identity<_Args>::type...>,Args ...)' olabilirdi
          C:\ShadowStrike\ShadowStrike\src\Shared_modules\Core\Engine\HeuristicAnalyzer.cpp(367,28):
          ili┼şkili k─▒s─▒tlamalar kar┼ş─▒lanmad─▒
              C:\ShadowStrike\ShadowStrike\src\Shared_modules\Utils\Logger.hpp(277,57):
              k─▒s─▒tlama yerine getirilmedi
      C:\ShadowStrike\ShadowStrike\src\Shared_modules\Core\Engine\HeuristicAnalyzer.cpp(367,28):
      '(const wchar_t [39])' ba─ş─▒ms─▒z de─şi┼şken listesi e┼şlenmeye ├ğal─▒┼ş─▒l─▒rken
  
C:\ShadowStrike\ShadowStrike\src\Shared_modules\Core\Engine\HeuristicAnalyzer.cpp(373,52): error C2065: 'filePath': bildirimi yap─▒lmam─▒┼ş tan─▒mlay─▒c─▒ [C:\ShadowStrike\ShadowStrike\ShadowStrike.vcxproj]
  ProcessHollowingDetector.cpp
  ('/src/Shared_modules/Core/Engine/HeuristicAnalyzer.cpp' kaynak dosyas─▒ derleniyor)
  
C:\ShadowStrike\ShadowStrike\src\Shared_modules\Core\Engine\HeuristicAnalyzer.cpp(375,24): error C2039: 'isWhitelisted': bir 'ShadowStrike::Core::Engine::HeuristicResult' ├╝yesi de─şil [C:\ShadowStrike\ShadowStrike\ShadowStrike.vcxproj]
  ('/src/Shared_modules/Core/Engine/HeuristicAnalyzer.cpp' kaynak dosyas─▒ derleniyor)
      C:\ShadowStrike\ShadowStrike\src\Shared_modules\Core\Engine\HeuristicAnalyzer.hpp(1695,8):
      'ShadowStrike::Core::Engine::HeuristicResult' bildirimine bak─▒n
  
C:\ShadowStrike\ShadowStrike\src\Shared_modules\Core\Engine\HeuristicAnalyzer.cpp(376,24): error C2039: 'analysisSuccess': bir 'ShadowStrike::Core::Engine::HeuristicResult' ├╝yesi de─şil [C:\ShadowStrike\ShadowStrike\ShadowStrike.vcxproj]
  ProcessInjectionDetector.cpp
  ('/src/Shared_modules/Core/Engine/HeuristicAnalyzer.cpp' kaynak dosyas─▒ derleniyor)
      C:\ShadowStrike\ShadowStrike\src\Shared_modules\Core\Engine\HeuristicAnalyzer.hpp(1695,8):
      'ShadowStrike::Core::Engine::HeuristicResult' bildirimine bak─▒n
  
C:\ShadowStrike\ShadowStrike\src\Shared_modules\Core\Engine\HeuristicAnalyzer.cpp(377,85): error C2065: 'filePath': bildirimi yap─▒lmam─▒┼ş tan─▒mlay─▒c─▒ [C:\ShadowStrike\ShadowStrike\ShadowStrike.vcxproj]
  ('/src/Shared_modules/Core/Engine/HeuristicAnalyzer.cpp' kaynak dosyas─▒ derleniyor)
  
C:\ShadowStrike\ShadowStrike\src\Shared_modules\Core\Engine\HeuristicAnalyzer.cpp(377,32): error C2664: 'void ShadowStrike::Utils::Logger::Info(const char *)' : 1 ba─ş─▒ms─▒z de─şi┼şkeni 'const wchar_t [44]' de─şerinden 'const char *' de─şerine d├Ân├╝┼şt├╝r├╝lemez [C:\ShadowStrike\ShadowStrike\ShadowStrike.vcxproj]
  ('/src/Shared_modules/Core/Engine/HeuristicAnalyzer.cpp' kaynak dosyas─▒ derleniyor)
      C:\ShadowStrike\ShadowStrike\src\Shared_modules\Core\Engine\HeuristicAnalyzer.cpp(377,37):
      ─░┼şaretlenen t├╝rler ilgisiz; d├Ân├╝┼şt├╝rme reinterpret_cast, C stili t├╝r d├Ân├╝┼şt├╝rme veya parantez i├ğine al─▒nm─▒┼ş i┼şlev stili t├╝r d├Ân├╝┼şt├╝rme gerektiriyor
      C:\ShadowStrike\ShadowStrike\src\Shared_modules\Utils\Logger.hpp(265,16):
      'ShadowStrike::Utils::Logger::Info' bildirimine bak─▒n
      C:\ShadowStrike\ShadowStrike\src\Shared_modules\Utils\Logger.hpp(282,16):
      'void ShadowStrike::Utils::Logger::Info(std::basic_format_string<char,type_identity<_Args>::type...>,Args ...)' olabilirdi
          C:\ShadowStrike\ShadowStrike\src\Shared_modules\Core\Engine\HeuristicAnalyzer.cpp(377,32):
          ili┼şkili k─▒s─▒tlamalar kar┼ş─▒lanmad─▒
              C:\ShadowStrike\ShadowStrike\src\Shared_modules\Utils\Logger.hpp(281,57):
              k─▒s─▒tlama yerine getirilmedi
      C:\ShadowStrike\ShadowStrike\src\Shared_modules\Core\Engine\HeuristicAnalyzer.cpp(377,32):
      '(const wchar_t [44])' ba─ş─▒ms─▒z de─şi┼şken listesi e┼şlenmeye ├ğal─▒┼ş─▒l─▒rken
  
C:\ShadowStrike\ShadowStrike\src\Shared_modules\Core\Engine\HeuristicAnalyzer.cpp(383,42): error C2065: 'filePath': bildirimi yap─▒lmam─▒┼ş tan─▒mlay─▒c─▒ [C:\ShadowStrike\ShadowStrike\ShadowStrike.vcxproj]
  ('/src/Shared_modules/Core/Engine/HeuristicAnalyzer.cpp' kaynak dosyas─▒ derleniyor)
  
C:\ShadowStrike\ShadowStrike\src\Shared_modules\Core\Engine\HeuristicAnalyzer.cpp(389,36): error C2065: 'filePath': bildirimi yap─▒lmam─▒┼ş tan─▒mlay─▒c─▒ [C:\ShadowStrike\ShadowStrike\ShadowStrike.vcxproj]
  ('/src/Shared_modules/Core/Engine/HeuristicAnalyzer.cpp' kaynak dosyas─▒ derleniyor)
  
C:\ShadowStrike\ShadowStrike\src\Shared_modules\Core\Engine\HeuristicAnalyzer.cpp(392,28): error C2838: 'Script_PowerShell': ├╝ye bildiriminde ge├ğersiz tam ad [C:\ShadowStrike\ShadowStrike\ShadowStrike.vcxproj]
  ProcessKiller.cpp
  ('/src/Shared_modules/Core/Engine/HeuristicAnalyzer.cpp' kaynak dosyas─▒ derleniyor)
  
C:\ShadowStrike\ShadowStrike\src\Shared_modules\Core\Engine\HeuristicAnalyzer.cpp(392,28): error C2065: 'Script_PowerShell': bildirimi yap─▒lmam─▒┼ş tan─▒mlay─▒c─▒ [C:\ShadowStrike\ShadowStrike\ShadowStrike.vcxproj]
  ('/src/Shared_modules/Core/Engine/HeuristicAnalyzer.cpp' kaynak dosyas─▒ derleniyor)
  
C:\ShadowStrike\ShadowStrike\src\Shared_modules\Core\Engine\HeuristicAnalyzer.cpp(392,28): error C2131: ifade sabit olarak de─şerlendirilmedi [C:\ShadowStrike\ShadowStrike\ShadowStrike.vcxproj]
  ('/src/Shared_modules/Core/Engine/HeuristicAnalyzer.cpp' kaynak dosyas─▒ derleniyor)
      C:\ShadowStrike\ShadowStrike\src\Shared_modules\Core\Engine\HeuristicAnalyzer.cpp(392,28):
      sabit olmayan bir (alt) ifade ile kar┼ş─▒la┼ş─▒ld─▒
  
C:\ShadowStrike\ShadowStrike\src\Shared_modules\Core\Engine\HeuristicAnalyzer.cpp(393,28): error C2838: 'Script_JavaScript': ├╝ye bildiriminde ge├ğersiz tam ad [C:\ShadowStrike\ShadowStrike\ShadowStrike.vcxproj]
  ('/src/Shared_modules/Core/Engine/HeuristicAnalyzer.cpp' kaynak dosyas─▒ derleniyor)
  
C:\ShadowStrike\ShadowStrike\src\Shared_modules\Core\Engine\HeuristicAnalyzer.cpp(393,28): error C2065: 'Script_JavaScript': bildirimi yap─▒lmam─▒┼ş tan─▒mlay─▒c─▒ [C:\ShadowStrike\ShadowStrike\ShadowStrike.vcxproj]
  ('/src/Shared_modules/Core/Engine/HeuristicAnalyzer.cpp' kaynak dosyas─▒ derleniyor)
  
C:\ShadowStrike\ShadowStrike\src\Shared_modules\Core\Engine\HeuristicAnalyzer.cpp(393,28): error C2131: ifade sabit olarak de─şerlendirilmedi [C:\ShadowStrike\ShadowStrike\ShadowStrike.vcxproj]
  ('/src/Shared_modules/Core/Engine/HeuristicAnalyzer.cpp' kaynak dosyas─▒ derleniyor)
      C:\ShadowStrike\ShadowStrike\src\Shared_modules\Core\Engine\HeuristicAnalyzer.cpp(393,28):
      sabit olmayan bir (alt) ifade ile kar┼ş─▒la┼ş─▒ld─▒
  
C:\ShadowStrike\ShadowStrike\src\Shared_modules\Core\Engine\HeuristicAnalyzer.cpp(394,28): error C2838: 'Script_VBScript': ├╝ye bildiriminde ge├ğersiz tam ad [C:\ShadowStrike\ShadowStrike\ShadowStrike.vcxproj]
  ('/src/Shared_modules/Core/Engine/HeuristicAnalyzer.cpp' kaynak dosyas─▒ derleniyor)
  
C:\ShadowStrike\ShadowStrike\src\Shared_modules\Core\Engine\HeuristicAnalyzer.cpp(394,28): error C2065: 'Script_VBScript': bildirimi yap─▒lmam─▒┼ş tan─▒mlay─▒c─▒ [C:\ShadowStrike\ShadowStrike\ShadowStrike.vcxproj]
  ProcessMonitor.cpp
  ('/src/Shared_modules/Core/Engine/HeuristicAnalyzer.cpp' kaynak dosyas─▒ derleniyor)
  
C:\ShadowStrike\ShadowStrike\src\Shared_modules\Core\Engine\HeuristicAnalyzer.cpp(394,28): error C2131: ifade sabit olarak de─şerlendirilmedi [C:\ShadowStrike\ShadowStrike\ShadowStrike.vcxproj]
  ('/src/Shared_modules/Core/Engine/HeuristicAnalyzer.cpp' kaynak dosyas─▒ derleniyor)
      C:\ShadowStrike\ShadowStrike\src\Shared_modules\Core\Engine\HeuristicAnalyzer.cpp(394,28):
      sabit olmayan bir (alt) ifade ile kar┼ş─▒la┼ş─▒ld─▒
  
C:\ShadowStrike\ShadowStrike\src\Shared_modules\Core\Engine\HeuristicAnalyzer.cpp(395,28): error C2838: 'Script_Batch': ├╝ye bildiriminde ge├ğersiz tam ad [C:\ShadowStrike\ShadowStrike\ShadowStrike.vcxproj]
  ('/src/Shared_modules/Core/Engine/HeuristicAnalyzer.cpp' kaynak dosyas─▒ derleniyor)
  
C:\ShadowStrike\ShadowStrike\src\Shared_modules\Core\Engine\HeuristicAnalyzer.cpp(395,28): error C2065: 'Script_Batch': bildirimi yap─▒lmam─▒┼ş tan─▒mlay─▒c─▒ [C:\ShadowStrike\ShadowStrike\ShadowStrike.vcxproj]
  ('/src/Shared_modules/Core/Engine/HeuristicAnalyzer.cpp' kaynak dosyas─▒ derleniyor)
  
C:\ShadowStrike\ShadowStrike\src\Shared_modules\Core\Engine\HeuristicAnalyzer.cpp(395,28): error C2131: ifade sabit olarak de─şerlendirilmedi [C:\ShadowStrike\ShadowStrike\ShadowStrike.vcxproj]
  ('/src/Shared_modules/Core/Engine/HeuristicAnalyzer.cpp' kaynak dosyas─▒ derleniyor)
      C:\ShadowStrike\ShadowStrike\src\Shared_modules\Core\Engine\HeuristicAnalyzer.cpp(395,28):
      sabit olmayan bir (alt) ifade ile kar┼ş─▒la┼ş─▒ld─▒
  
C:\ShadowStrike\ShadowStrike\src\Shared_modules\Core\Engine\HeuristicAnalyzer.cpp(396,40): error C2065: 'filePath': bildirimi yap─▒lmam─▒┼ş tan─▒mlay─▒c─▒ [C:\ShadowStrike\ShadowStrike\ShadowStrike.vcxproj]
  ('/src/Shared_modules/Core/Engine/HeuristicAnalyzer.cpp' kaynak dosyas─▒ derleniyor)
  
C:\ShadowStrike\ShadowStrike\src\Shared_modules\Core\Engine\HeuristicAnalyzer.cpp(399,28): error C2838: 'Document_Office': ├╝ye bildiriminde ge├ğersiz tam ad [C:\ShadowStrike\ShadowStrike\ShadowStrike.vcxproj]
  ('/src/Shared_modules/Core/Engine/HeuristicAnalyzer.cpp' kaynak dosyas─▒ derleniyor)
  
C:\ShadowStrike\ShadowStrike\src\Shared_modules\Core\Engine\HeuristicAnalyzer.cpp(399,28): error C2065: 'Document_Office': bildirimi yap─▒lmam─▒┼ş tan─▒mlay─▒c─▒ [C:\ShadowStrike\ShadowStrike\ShadowStrike.vcxproj]
  ('/src/Shared_modules/Core/Engine/HeuristicAnalyzer.cpp' kaynak dosyas─▒ derleniyor)
  
C:\ShadowStrike\ShadowStrike\src\Shared_modules\Core\Engine\HeuristicAnalyzer.cpp(399,28): error C2131: ifade sabit olarak de─şerlendirilmedi [C:\ShadowStrike\ShadowStrike\ShadowStrike.vcxproj]
  ('/src/Shared_modules/Core/Engine/HeuristicAnalyzer.cpp' kaynak dosyas─▒ derleniyor)
      C:\ShadowStrike\ShadowStrike\src\Shared_modules\Core\Engine\HeuristicAnalyzer.cpp(399,28):
      sabit olmayan bir (alt) ifade ile kar┼ş─▒la┼ş─▒ld─▒
  
C:\ShadowStrike\ShadowStrike\src\Shared_modules\Core\Engine\HeuristicAnalyzer.cpp(400,28): error C2838: 'Document_PDF': ├╝ye bildiriminde ge├ğersiz tam ad [C:\ShadowStrike\ShadowStrike\ShadowStrike.vcxproj]
  ('/src/Shared_modules/Core/Engine/HeuristicAnalyzer.cpp' kaynak dosyas─▒ derleniyor)
  
C:\ShadowStrike\ShadowStrike\src\Shared_modules\Core\Engine\HeuristicAnalyzer.cpp(400,28): error C2065: 'Document_PDF': bildirimi yap─▒lmam─▒┼ş tan─▒mlay─▒c─▒ [C:\ShadowStrike\ShadowStrike\ShadowStrike.vcxproj]
  ('/src/Shared_modules/Core/Engine/HeuristicAnalyzer.cpp' kaynak dosyas─▒ derleniyor)
  
C:\ShadowStrike\ShadowStrike\src\Shared_modules\Core\Engine\HeuristicAnalyzer.cpp(400,28): error C2131: ifade sabit olarak de─şerlendirilmedi [C:\ShadowStrike\ShadowStrike\ShadowStrike.vcxproj]
  ('/src/Shared_modules/Core/Engine/HeuristicAnalyzer.cpp' kaynak dosyas─▒ derleniyor)
      C:\ShadowStrike\ShadowStrike\src\Shared_modules\Core\Engine\HeuristicAnalyzer.cpp(400,28):
      sabit olmayan bir (alt) ifade ile kar┼ş─▒la┼ş─▒ld─▒
  
C:\ShadowStrike\ShadowStrike\src\Shared_modules\Core\Engine\HeuristicAnalyzer.cpp(401,42): error C2065: 'filePath': bildirimi yap─▒lmam─▒┼ş tan─▒mlay─▒c─▒ [C:\ShadowStrike\ShadowStrike\ShadowStrike.vcxproj]
  ('/src/Shared_modules/Core/Engine/HeuristicAnalyzer.cpp' kaynak dosyas─▒ derleniyor)
  
C:\ShadowStrike\ShadowStrike\src\Shared_modules\Core\Engine\HeuristicAnalyzer.cpp(401,26): error C3861: 'AnalyzeDocument': tan─▒mlay─▒c─▒ bulunamad─▒ [C:\ShadowStrike\ShadowStrike\ShadowStrike.vcxproj]
  ('/src/Shared_modules/Core/Engine/HeuristicAnalyzer.cpp' kaynak dosyas─▒ derleniyor)
  
C:\ShadowStrike\ShadowStrike\src\Shared_modules\Core\Engine\HeuristicAnalyzer.cpp(404,28): error C2838: 'Archive_ZIP': ├╝ye bildiriminde ge├ğersiz tam ad [C:\ShadowStrike\ShadowStrike\ShadowStrike.vcxproj]
  ('/src/Shared_modules/Core/Engine/HeuristicAnalyzer.cpp' kaynak dosyas─▒ derleniyor)
  
C:\ShadowStrike\ShadowStrike\src\Shared_modules\Core\Engine\HeuristicAnalyzer.cpp(404,28): error C2065: 'Archive_ZIP': bildirimi yap─▒lmam─▒┼ş tan─▒mlay─▒c─▒ [C:\ShadowStrike\ShadowStrike\ShadowStrike.vcxproj]
  ('/src/Shared_modules/Core/Engine/HeuristicAnalyzer.cpp' kaynak dosyas─▒ derleniyor)
  
C:\ShadowStrike\ShadowStrike\src\Shared_modules\Core\Engine\HeuristicAnalyzer.cpp(404,28): error C2131: ifade sabit olarak de─şerlendirilmedi [C:\ShadowStrike\ShadowStrike\ShadowStrike.vcxproj]
  ('/src/Shared_modules/Core/Engine/HeuristicAnalyzer.cpp' kaynak dosyas─▒ derleniyor)
      C:\ShadowStrike\ShadowStrike\src\Shared_modules\Core\Engine\HeuristicAnalyzer.cpp(404,28):
      sabit olmayan bir (alt) ifade ile kar┼ş─▒la┼ş─▒ld─▒
  
C:\ShadowStrike\ShadowStrike\src\Shared_modules\Core\Engine\HeuristicAnalyzer.cpp(405,28): error C2838: 'Archive_RAR': ├╝ye bildiriminde ge├ğersiz tam ad [C:\ShadowStrike\ShadowStrike\ShadowStrike.vcxproj]
  ('/src/Shared_modules/Core/Engine/HeuristicAnalyzer.cpp' kaynak dosyas─▒ derleniyor)
  
C:\ShadowStrike\ShadowStrike\src\Shared_modules\Core\Engine\HeuristicAnalyzer.cpp(405,28): error C1003: hata say─▒s─▒ 100 taneyi a┼şt─▒; derleme durduruluyor [C:\ShadowStrike\ShadowStrike\ShadowStrike.vcxproj]
  ('/src/Shared_modules/Core/Engine/HeuristicAnalyzer.cpp' kaynak dosyas─▒ derleniyor)
  
C:\ShadowStrike\ShadowStrike\src\Shared_modules\Core\Engine\EmulationEngine.cpp(116,34): error C2556: 'const wchar_t *ShadowStrike::Core::Engine::EmulationBackendToString(ShadowStrike::Core::Engine::EmulationBackend) noexcept': a┼ş─▒r─▒ y├╝klenen sanal i┼şlev ile 'const char *ShadowStrike::Core::Engine::EmulationBackendToString(ShadowStrike::Core::Engine::EmulationBackend) noexcept' aras─▒ndaki tek fark d├Ân├╝┼ş t├╝r├╝ [C:\ShadowStrike\ShadowStrike\ShadowStrike.vcxproj]
  ('/src/Shared_modules/Core/Engine/EmulationEngine.cpp' kaynak dosyas─▒ derleniyor)
      C:\ShadowStrike\ShadowStrike\src\Shared_modules\Core\Engine\EmulationEngine.hpp(708,37):
      'ShadowStrike::Core::Engine::EmulationBackendToString' bildirimine bak─▒n
  
C:\ShadowStrike\ShadowStrike\src\Shared_modules\Core\Engine\EmulationEngine.cpp(116,34): error C2371: 'ShadowStrike::Core::Engine::EmulationBackendToString': yeniden tan─▒mlama; temel t├╝rler farkl─▒ [C:\ShadowStrike\ShadowStrike\ShadowStrike.vcxproj]
  ('/src/Shared_modules/Core/Engine/EmulationEngine.cpp' kaynak dosyas─▒ derleniyor)
      C:\ShadowStrike\ShadowStrike\src\Shared_modules\Core\Engine\EmulationEngine.hpp(708,37):
      'ShadowStrike::Core::Engine::EmulationBackendToString' bildirimine bak─▒n
  
C:\ShadowStrike\ShadowStrike\src\Shared_modules\Core\Engine\EmulationEngine.cpp(119,32): error C2838: 'WindowsHypervisorPlatform': ├╝ye bildiriminde ge├ğersiz tam ad [C:\ShadowStrike\ShadowStrike\ShadowStrike.vcxproj]
  ('/src/Shared_modules/Core/Engine/EmulationEngine.cpp' kaynak dosyas─▒ derleniyor)
  
C:\ShadowStrike\ShadowStrike\src\Shared_modules\Core\Engine\EmulationEngine.cpp(119,32): error C2065: 'WindowsHypervisorPlatform': bildirimi yap─▒lmam─▒┼ş tan─▒mlay─▒c─▒ [C:\ShadowStrike\ShadowStrike\ShadowStrike.vcxproj]
  ('/src/Shared_modules/Core/Engine/EmulationEngine.cpp' kaynak dosyas─▒ derleniyor)
  
C:\ShadowStrike\ShadowStrike\src\Shared_modules\Core\Engine\EmulationEngine.cpp(119,32): error C2131: ifade sabit olarak de─şerlendirilmedi [C:\ShadowStrike\ShadowStrike\ShadowStrike.vcxproj]
  ('/src/Shared_modules/Core/Engine/EmulationEngine.cpp' kaynak dosyas─▒ derleniyor)
      C:\ShadowStrike\ShadowStrike\src\Shared_modules\Core\Engine\EmulationEngine.cpp(119,32):
      sabit olmayan bir (alt) ifade ile kar┼ş─▒la┼ş─▒ld─▒
  
C:\ShadowStrike\ShadowStrike\src\Shared_modules\Core\Engine\EmulationEngine.cpp(120,32): error C2838: 'UnicornEngine': ├╝ye bildiriminde ge├ğersiz tam ad [C:\ShadowStrike\ShadowStrike\ShadowStrike.vcxproj]
  ('/src/Shared_modules/Core/Engine/EmulationEngine.cpp' kaynak dosyas─▒ derleniyor)
  
C:\ShadowStrike\ShadowStrike\src\Shared_modules\Core\Engine\EmulationEngine.cpp(120,32): error C2065: 'UnicornEngine': bildirimi yap─▒lmam─▒┼ş tan─▒mlay─▒c─▒ [C:\ShadowStrike\ShadowStrike\ShadowStrike.vcxproj]
  ('/src/Shared_modules/Core/Engine/EmulationEngine.cpp' kaynak dosyas─▒ derleniyor)
  
C:\ShadowStrike\ShadowStrike\src\Shared_modules\Core\Engine\EmulationEngine.cpp(120,32): error C2131: ifade sabit olarak de─şerlendirilmedi [C:\ShadowStrike\ShadowStrike\ShadowStrike.vcxproj]
  ('/src/Shared_modules/Core/Engine/EmulationEngine.cpp' kaynak dosyas─▒ derleniyor)
      C:\ShadowStrike\ShadowStrike\src\Shared_modules\Core\Engine\EmulationEngine.cpp(120,32):
      sabit olmayan bir (alt) ifade ile kar┼ş─▒la┼ş─▒ld─▒
  
C:\ShadowStrike\ShadowStrike\src\Shared_modules\Core\Engine\EmulationEngine.cpp(121,32): error C2838: 'Disabled': ├╝ye bildiriminde ge├ğersiz tam ad [C:\ShadowStrike\ShadowStrike\ShadowStrike.vcxproj]
  ('/src/Shared_modules/Core/Engine/EmulationEngine.cpp' kaynak dosyas─▒ derleniyor)
  
C:\ShadowStrike\ShadowStrike\src\Shared_modules\Core\Engine\EmulationEngine.cpp(121,32): error C2065: 'Disabled': bildirimi yap─▒lmam─▒┼ş tan─▒mlay─▒c─▒ [C:\ShadowStrike\ShadowStrike\ShadowStrike.vcxproj]
  ('/src/Shared_modules/Core/Engine/EmulationEngine.cpp' kaynak dosyas─▒ derleniyor)
  
C:\ShadowStrike\ShadowStrike\src\Shared_modules\Core\Engine\EmulationEngine.cpp(121,32): error C2131: ifade sabit olarak de─şerlendirilmedi [C:\ShadowStrike\ShadowStrike\ShadowStrike.vcxproj]
  ('/src/Shared_modules/Core/Engine/EmulationEngine.cpp' kaynak dosyas─▒ derleniyor)
      C:\ShadowStrike\ShadowStrike\src\Shared_modules\Core\Engine\EmulationEngine.cpp(121,32):
      sabit olmayan bir (alt) ifade ile kar┼ş─▒la┼ş─▒ld─▒
  
C:\ShadowStrike\ShadowStrike\src\Shared_modules\Core\Engine\EmulationEngine.cpp(116,34): error C3615: 'ShadowStrike::Core::Engine::EmulationBackendToString' constexpr i┼şlevi sabit bir ifade ile sonu├ğlanamaz [C:\ShadowStrike\ShadowStrike\ShadowStrike.vcxproj]
  ('/src/Shared_modules/Core/Engine/EmulationEngine.cpp' kaynak dosyas─▒ derleniyor)
      C:\ShadowStrike\ShadowStrike\src\Shared_modules\Core\Engine\EmulationEngine.cpp(116,34):
      hata, denetimin bir constexpr i┼şlevinin sonuna ula┼şmas─▒ nedeniyle olu┼ştu
  
C:\ShadowStrike\ShadowStrike\src\Shared_modules\Core\Engine\EmulationEngine.cpp(119,32): error C2051: case ifadesi sabit de─şil [C:\ShadowStrike\ShadowStrike\ShadowStrike.vcxproj]
  ('/src/Shared_modules/Core/Engine/EmulationEngine.cpp' kaynak dosyas─▒ derleniyor)
  
C:\ShadowStrike\ShadowStrike\src\Shared_modules\Core\Engine\EmulationEngine.cpp(120,32): error C2051: case ifadesi sabit de─şil [C:\ShadowStrike\ShadowStrike\ShadowStrike.vcxproj]
  ('/src/Shared_modules/Core/Engine/EmulationEngine.cpp' kaynak dosyas─▒ derleniyor)
  
C:\ShadowStrike\ShadowStrike\src\Shared_modules\Core\Engine\EmulationEngine.cpp(121,32): error C2051: case ifadesi sabit de─şil [C:\ShadowStrike\ShadowStrike\ShadowStrike.vcxproj]
  ('/src/Shared_modules/Core/Engine/EmulationEngine.cpp' kaynak dosyas─▒ derleniyor)
  
C:\ShadowStrike\ShadowStrike\src\Shared_modules\Core\Engine\EmulationEngine.cpp(129,34): error C2556: 'const wchar_t *ShadowStrike::Core::Engine::EmulationStateToString(ShadowStrike::Core::Engine::EmulationState) noexcept': a┼ş─▒r─▒ y├╝klenen sanal i┼şlev ile 'const char *ShadowStrike::Core::Engine::EmulationStateToString(ShadowStrike::Core::Engine::EmulationState) noexcept' aras─▒ndaki tek fark d├Ân├╝┼ş t├╝r├╝ [C:\ShadowStrike\ShadowStrike\ShadowStrike.vcxproj]
  ('/src/Shared_modules/Core/Engine/EmulationEngine.cpp' kaynak dosyas─▒ derleniyor)
      C:\ShadowStrike\ShadowStrike\src\Shared_modules\Core\Engine\EmulationEngine.hpp(723,37):
      'ShadowStrike::Core::Engine::EmulationStateToString' bildirimine bak─▒n
  
C:\ShadowStrike\ShadowStrike\src\Shared_modules\Core\Engine\EmulationEngine.cpp(129,34): error C2371: 'ShadowStrike::Core::Engine::EmulationStateToString': yeniden tan─▒mlama; temel t├╝rler farkl─▒ [C:\ShadowStrike\ShadowStrike\ShadowStrike.vcxproj]
  ('/src/Shared_modules/Core/Engine/EmulationEngine.cpp' kaynak dosyas─▒ derleniyor)
      C:\ShadowStrike\ShadowStrike\src\Shared_modules\Core\Engine\EmulationEngine.hpp(723,37):
      'ShadowStrike::Core::Engine::EmulationStateToString' bildirimine bak─▒n
  
C:\ShadowStrike\ShadowStrike\src\Shared_modules\Core\Engine\EmulationEngine.cpp(131,30): error C2838: 'NotStarted': ├╝ye bildiriminde ge├ğersiz tam ad [C:\ShadowStrike\ShadowStrike\ShadowStrike.vcxproj]
  ('/src/Shared_modules/Core/Engine/EmulationEngine.cpp' kaynak dosyas─▒ derleniyor)
  
C:\ShadowStrike\ShadowStrike\src\Shared_modules\Core\Engine\EmulationEngine.cpp(131,30): error C2065: 'NotStarted': bildirimi yap─▒lmam─▒┼ş tan─▒mlay─▒c─▒ [C:\ShadowStrike\ShadowStrike\ShadowStrike.vcxproj]
  ('/src/Shared_modules/Core/Engine/EmulationEngine.cpp' kaynak dosyas─▒ derleniyor)
  
C:\ShadowStrike\ShadowStrike\src\Shared_modules\Core\Engine\EmulationEngine.cpp(131,30): error C2131: ifade sabit olarak de─şerlendirilmedi [C:\ShadowStrike\ShadowStrike\ShadowStrike.vcxproj]
  ('/src/Shared_modules/Core/Engine/EmulationEngine.cpp' kaynak dosyas─▒ derleniyor)
      C:\ShadowStrike\ShadowStrike\src\Shared_modules\Core\Engine\EmulationEngine.cpp(131,30):
      sabit olmayan bir (alt) ifade ile kar┼ş─▒la┼ş─▒ld─▒
  
C:\ShadowStrike\ShadowStrike\src\Shared_modules\Core\Engine\EmulationEngine.cpp(132,30): error C2838: 'Initializing': ├╝ye bildiriminde ge├ğersiz tam ad [C:\ShadowStrike\ShadowStrike\ShadowStrike.vcxproj]
  ('/src/Shared_modules/Core/Engine/EmulationEngine.cpp' kaynak dosyas─▒ derleniyor)
  
C:\ShadowStrike\ShadowStrike\src\Shared_modules\Core\Engine\EmulationEngine.cpp(132,30): error C2065: 'Initializing': bildirimi yap─▒lmam─▒┼ş tan─▒mlay─▒c─▒ [C:\ShadowStrike\ShadowStrike\ShadowStrike.vcxproj]
  ('/src/Shared_modules/Core/Engine/EmulationEngine.cpp' kaynak dosyas─▒ derleniyor)
  
C:\ShadowStrike\ShadowStrike\src\Shared_modules\Core\Engine\EmulationEngine.cpp(132,30): error C2131: ifade sabit olarak de─şerlendirilmedi [C:\ShadowStrike\ShadowStrike\ShadowStrike.vcxproj]
  ('/src/Shared_modules/Core/Engine/EmulationEngine.cpp' kaynak dosyas─▒ derleniyor)
      C:\ShadowStrike\ShadowStrike\src\Shared_modules\Core\Engine\EmulationEngine.cpp(132,30):
      sabit olmayan bir (alt) ifade ile kar┼ş─▒la┼ş─▒ld─▒
  
C:\ShadowStrike\ShadowStrike\src\Shared_modules\Core\Engine\EmulationEngine.cpp(136,30): error C2838: 'Failed': ├╝ye bildiriminde ge├ğersiz tam ad [C:\ShadowStrike\ShadowStrike\ShadowStrike.vcxproj]
  ('/src/Shared_modules/Core/Engine/EmulationEngine.cpp' kaynak dosyas─▒ derleniyor)
  
C:\ShadowStrike\ShadowStrike\src\Shared_modules\Core\Engine\EmulationEngine.cpp(136,30): error C2065: 'Failed': bildirimi yap─▒lmam─▒┼ş tan─▒mlay─▒c─▒ [C:\ShadowStrike\ShadowStrike\ShadowStrike.vcxproj]
  ('/src/Shared_modules/Core/Engine/EmulationEngine.cpp' kaynak dosyas─▒ derleniyor)
  
C:\ShadowStrike\ShadowStrike\src\Shared_modules\Core\Engine\EmulationEngine.cpp(136,30): error C2131: ifade sabit olarak de─şerlendirilmedi [C:\ShadowStrike\ShadowStrike\ShadowStrike.vcxproj]
  ('/src/Shared_modules/Core/Engine/EmulationEngine.cpp' kaynak dosyas─▒ derleniyor)
      C:\ShadowStrike\ShadowStrike\src\Shared_modules\Core\Engine\EmulationEngine.cpp(136,30):
      sabit olmayan bir (alt) ifade ile kar┼ş─▒la┼ş─▒ld─▒
  
C:\ShadowStrike\ShadowStrike\src\Shared_modules\Core\Engine\EmulationEngine.cpp(137,30): error C2838: 'TimedOut': ├╝ye bildiriminde ge├ğersiz tam ad [C:\ShadowStrike\ShadowStrike\ShadowStrike.vcxproj]
  ('/src/Shared_modules/Core/Engine/EmulationEngine.cpp' kaynak dosyas─▒ derleniyor)
  
C:\ShadowStrike\ShadowStrike\src\Shared_modules\Core\Engine\EmulationEngine.cpp(137,30): error C2065: 'TimedOut': bildirimi yap─▒lmam─▒┼ş tan─▒mlay─▒c─▒ [C:\ShadowStrike\ShadowStrike\ShadowStrike.vcxproj]
  ('/src/Shared_modules/Core/Engine/EmulationEngine.cpp' kaynak dosyas─▒ derleniyor)
  
C:\ShadowStrike\ShadowStrike\src\Shared_modules\Core\Engine\EmulationEngine.cpp(137,30): error C2131: ifade sabit olarak de─şerlendirilmedi [C:\ShadowStrike\ShadowStrike\ShadowStrike.vcxproj]
  ('/src/Shared_modules/Core/Engine/EmulationEngine.cpp' kaynak dosyas─▒ derleniyor)
      C:\ShadowStrike\ShadowStrike\src\Shared_modules\Core\Engine\EmulationEngine.cpp(137,30):
      sabit olmayan bir (alt) ifade ile kar┼ş─▒la┼ş─▒ld─▒
  
C:\ShadowStrike\ShadowStrike\src\Shared_modules\Core\Engine\EmulationEngine.cpp(138,30): error C2838: 'Crashed': ├╝ye bildiriminde ge├ğersiz tam ad [C:\ShadowStrike\ShadowStrike\ShadowStrike.vcxproj]
  ('/src/Shared_modules/Core/Engine/EmulationEngine.cpp' kaynak dosyas─▒ derleniyor)
  
C:\ShadowStrike\ShadowStrike\src\Shared_modules\Core\Engine\EmulationEngine.cpp(138,30): error C2065: 'Crashed': bildirimi yap─▒lmam─▒┼ş tan─▒mlay─▒c─▒ [C:\ShadowStrike\ShadowStrike\ShadowStrike.vcxproj]
  ('/src/Shared_modules/Core/Engine/EmulationEngine.cpp' kaynak dosyas─▒ derleniyor)
  
C:\ShadowStrike\ShadowStrike\src\Shared_modules\Core\Engine\EmulationEngine.cpp(138,30): error C2131: ifade sabit olarak de─şerlendirilmedi [C:\ShadowStrike\ShadowStrike\ShadowStrike.vcxproj]
  ('/src/Shared_modules/Core/Engine/EmulationEngine.cpp' kaynak dosyas─▒ derleniyor)
      C:\ShadowStrike\ShadowStrike\src\Shared_modules\Core\Engine\EmulationEngine.cpp(138,30):
      sabit olmayan bir (alt) ifade ile kar┼ş─▒la┼ş─▒ld─▒
  
C:\ShadowStrike\ShadowStrike\src\Shared_modules\Core\Engine\EmulationEngine.cpp(129,34): error C3615: 'ShadowStrike::Core::Engine::EmulationStateToString' constexpr i┼şlevi sabit bir ifade ile sonu├ğlanamaz [C:\ShadowStrike\ShadowStrike\ShadowStrike.vcxproj]
  ('/src/Shared_modules/Core/Engine/EmulationEngine.cpp' kaynak dosyas─▒ derleniyor)
      C:\ShadowStrike\ShadowStrike\src\Shared_modules\Core\Engine\EmulationEngine.cpp(129,34):
      hata, denetimin bir constexpr i┼şlevinin sonuna ula┼şmas─▒ nedeniyle olu┼ştu
  
C:\ShadowStrike\ShadowStrike\src\Shared_modules\Core\Engine\EmulationEngine.cpp(131,30): error C2051: case ifadesi sabit de─şil [C:\ShadowStrike\ShadowStrike\ShadowStrike.vcxproj]
  ('/src/Shared_modules/Core/Engine/EmulationEngine.cpp' kaynak dosyas─▒ derleniyor)
  
C:\ShadowStrike\ShadowStrike\src\Shared_modules\Core\Engine\EmulationEngine.cpp(132,30): error C2051: case ifadesi sabit de─şil [C:\ShadowStrike\ShadowStrike\ShadowStrike.vcxproj]
  ('/src/Shared_modules/Core/Engine/EmulationEngine.cpp' kaynak dosyas─▒ derleniyor)
  
C:\ShadowStrike\ShadowStrike\src\Shared_modules\Core\Engine\EmulationEngine.cpp(136,30): error C2051: case ifadesi sabit de─şil [C:\ShadowStrike\ShadowStrike\ShadowStrike.vcxproj]
  ('/src/Shared_modules/Core/Engine/EmulationEngine.cpp' kaynak dosyas─▒ derleniyor)
  
C:\ShadowStrike\ShadowStrike\src\Shared_modules\Core\Engine\EmulationEngine.cpp(137,30): error C2051: case ifadesi sabit de─şil [C:\ShadowStrike\ShadowStrike\ShadowStrike.vcxproj]
  ('/src/Shared_modules/Core/Engine/EmulationEngine.cpp' kaynak dosyas─▒ derleniyor)
  
C:\ShadowStrike\ShadowStrike\src\Shared_modules\Core\Engine\EmulationEngine.cpp(138,30): error C2051: case ifadesi sabit de─şil [C:\ShadowStrike\ShadowStrike\ShadowStrike.vcxproj]
  ('/src/Shared_modules/Core/Engine/EmulationEngine.cpp' kaynak dosyas─▒ derleniyor)
  
C:\ShadowStrike\ShadowStrike\src\Shared_modules\Core\Engine\EmulationEngine.cpp(151,35): error C2838: 'MaxInstructions': ├╝ye bildiriminde ge├ğersiz tam ad [C:\ShadowStrike\ShadowStrike\ShadowStrike.vcxproj]
  ('/src/Shared_modules/Core/Engine/EmulationEngine.cpp' kaynak dosyas─▒ derleniyor)
  
C:\ShadowStrike\ShadowStrike\src\Shared_modules\Core\Engine\EmulationEngine.cpp(151,35): error C2065: 'MaxInstructions': bildirimi yap─▒lmam─▒┼ş tan─▒mlay─▒c─▒ [C:\ShadowStrike\ShadowStrike\ShadowStrike.vcxproj]
  ('/src/Shared_modules/Core/Engine/EmulationEngine.cpp' kaynak dosyas─▒ derleniyor)
  
C:\ShadowStrike\ShadowStrike\src\Shared_modules\Core\Engine\EmulationEngine.cpp(151,35): error C2131: ifade sabit olarak de─şerlendirilmedi [C:\ShadowStrike\ShadowStrike\ShadowStrike.vcxproj]
  ReflectiveDLLDetector.cpp
  ('/src/Shared_modules/Core/Engine/EmulationEngine.cpp' kaynak dosyas─▒ derleniyor)
      C:\ShadowStrike\ShadowStrike\src\Shared_modules\Core\Engine\EmulationEngine.cpp(151,35):
      sabit olmayan bir (alt) ifade ile kar┼ş─▒la┼ş─▒ld─▒
  
C:\ShadowStrike\ShadowStrike\src\Shared_modules\Core\Engine\EmulationEngine.cpp(153,35): error C2838: 'InvalidOpcode': ├╝ye bildiriminde ge├ğersiz tam ad [C:\ShadowStrike\ShadowStrike\ShadowStrike.vcxproj]
  ThreadHijackDetector.cpp
  ('/src/Shared_modules/Core/Engine/EmulationEngine.cpp' kaynak dosyas─▒ derleniyor)
  
C:\ShadowStrike\ShadowStrike\src\Shared_modules\Core\Engine\EmulationEngine.cpp(153,35): error C2065: 'InvalidOpcode': bildirimi yap─▒lmam─▒┼ş tan─▒mlay─▒c─▒ [C:\ShadowStrike\ShadowStrike\ShadowStrike.vcxproj]
  ('/src/Shared_modules/Core/Engine/EmulationEngine.cpp' kaynak dosyas─▒ derleniyor)
  
C:\ShadowStrike\ShadowStrike\src\Shared_modules\Core\Engine\EmulationEngine.cpp(153,35): error C2131: ifade sabit olarak de─şerlendirilmedi [C:\ShadowStrike\ShadowStrike\ShadowStrike.vcxproj]
  ('/src/Shared_modules/Core/Engine/EmulationEngine.cpp' kaynak dosyas─▒ derleniyor)
      C:\ShadowStrike\ShadowStrike\src\Shared_modules\Core\Engine\EmulationEngine.cpp(153,35):
      sabit olmayan bir (alt) ifade ile kar┼ş─▒la┼ş─▒ld─▒
  
C:\ShadowStrike\ShadowStrike\src\Shared_modules\Core\Engine\EmulationEngine.cpp(155,35): error C2838: 'UnhandledAPI': ├╝ye bildiriminde ge├ğersiz tam ad [C:\ShadowStrike\ShadowStrike\ShadowStrike.vcxproj]
  ('/src/Shared_modules/Core/Engine/EmulationEngine.cpp' kaynak dosyas─▒ derleniyor)
  
C:\ShadowStrike\ShadowStrike\src\Shared_modules\Core\Engine\EmulationEngine.cpp(155,35): error C2065: 'UnhandledAPI': bildirimi yap─▒lmam─▒┼ş tan─▒mlay─▒c─▒ [C:\ShadowStrike\ShadowStrike\ShadowStrike.vcxproj]
  ('/src/Shared_modules/Core/Engine/EmulationEngine.cpp' kaynak dosyas─▒ derleniyor)
  
C:\ShadowStrike\ShadowStrike\src\Shared_modules\Core\Engine\EmulationEngine.cpp(155,35): error C2131: ifade sabit olarak de─şerlendirilmedi [C:\ShadowStrike\ShadowStrike\ShadowStrike.vcxproj]
  ('/src/Shared_modules/Core/Engine/EmulationEngine.cpp' kaynak dosyas─▒ derleniyor)
      C:\ShadowStrike\ShadowStrike\src\Shared_modules\Core\Engine\EmulationEngine.cpp(155,35):
      sabit olmayan bir (alt) ifade ile kar┼ş─▒la┼ş─▒ld─▒
  
C:\ShadowStrike\ShadowStrike\src\Shared_modules\Core\Engine\EmulationEngine.cpp(156,35): error C2838: 'MaliciousDetected': ├╝ye bildiriminde ge├ğersiz tam ad [C:\ShadowStrike\ShadowStrike\ShadowStrike.vcxproj]
  ('/src/Shared_modules/Core/Engine/EmulationEngine.cpp' kaynak dosyas─▒ derleniyor)
  
C:\ShadowStrike\ShadowStrike\src\Shared_modules\Core\Engine\EmulationEngine.cpp(156,35): error C2065: 'MaliciousDetected': bildirimi yap─▒lmam─▒┼ş tan─▒mlay─▒c─▒ [C:\ShadowStrike\ShadowStrike\ShadowStrike.vcxproj]
  ('/src/Shared_modules/Core/Engine/EmulationEngine.cpp' kaynak dosyas─▒ derleniyor)
  
C:\ShadowStrike\ShadowStrike\src\Shared_modules\Core\Engine\EmulationEngine.cpp(156,35): error C2131: ifade sabit olarak de─şerlendirilmedi [C:\ShadowStrike\ShadowStrike\ShadowStrike.vcxproj]
  ('/src/Shared_modules/Core/Engine/EmulationEngine.cpp' kaynak dosyas─▒ derleniyor)
      C:\ShadowStrike\ShadowStrike\src\Shared_modules\Core\Engine\EmulationEngine.cpp(156,35):
      sabit olmayan bir (alt) ifade ile kar┼ş─▒la┼ş─▒ld─▒
  
C:\ShadowStrike\ShadowStrike\src\Shared_modules\Core\Engine\EmulationEngine.cpp(157,35): error C2838: 'UnpackCompleted': ├╝ye bildiriminde ge├ğersiz tam ad [C:\ShadowStrike\ShadowStrike\ShadowStrike.vcxproj]
  ('/src/Shared_modules/Core/Engine/EmulationEngine.cpp' kaynak dosyas─▒ derleniyor)
  
C:\ShadowStrike\ShadowStrike\src\Shared_modules\Core\Engine\EmulationEngine.cpp(157,35): error C2065: 'UnpackCompleted': bildirimi yap─▒lmam─▒┼ş tan─▒mlay─▒c─▒ [C:\ShadowStrike\ShadowStrike\ShadowStrike.vcxproj]
  ('/src/Shared_modules/Core/Engine/EmulationEngine.cpp' kaynak dosyas─▒ derleniyor)
  
C:\ShadowStrike\ShadowStrike\src\Shared_modules\Core\Engine\EmulationEngine.cpp(157,35): error C2131: ifade sabit olarak de─şerlendirilmedi [C:\ShadowStrike\ShadowStrike\ShadowStrike.vcxproj]
  ('/src/Shared_modules/Core/Engine/EmulationEngine.cpp' kaynak dosyas─▒ derleniyor)
      C:\ShadowStrike\ShadowStrike\src\Shared_modules\Core\Engine\EmulationEngine.cpp(157,35):
      sabit olmayan bir (alt) ifade ile kar┼ş─▒la┼ş─▒ld─▒
  
C:\ShadowStrike\ShadowStrike\src\Shared_modules\Core\Engine\EmulationEngine.cpp(151,35): error C2051: case ifadesi sabit de─şil [C:\ShadowStrike\ShadowStrike\ShadowStrike.vcxproj]
  ('/src/Shared_modules/Core/Engine/EmulationEngine.cpp' kaynak dosyas─▒ derleniyor)
  
C:\ShadowStrike\ShadowStrike\src\Shared_modules\Core\Engine\EmulationEngine.cpp(153,35): error C2051: case ifadesi sabit de─şil [C:\ShadowStrike\ShadowStrike\ShadowStrike.vcxproj]
  ('/src/Shared_modules/Core/Engine/EmulationEngine.cpp' kaynak dosyas─▒ derleniyor)
  
C:\ShadowStrike\ShadowStrike\src\Shared_modules\Core\Engine\EmulationEngine.cpp(155,35): error C2051: case ifadesi sabit de─şil [C:\ShadowStrike\ShadowStrike\ShadowStrike.vcxproj]
  ('/src/Shared_modules/Core/Engine/EmulationEngine.cpp' kaynak dosyas─▒ derleniyor)
  
C:\ShadowStrike\ShadowStrike\src\Shared_modules\Core\Engine\EmulationEngine.cpp(156,35): error C2051: case ifadesi sabit de─şil [C:\ShadowStrike\ShadowStrike\ShadowStrike.vcxproj]
  PersistenceDetector.cpp
  ('/src/Shared_modules/Core/Engine/EmulationEngine.cpp' kaynak dosyas─▒ derleniyor)
  
C:\ShadowStrike\ShadowStrike\src\Shared_modules\Core\Engine\EmulationEngine.cpp(157,35): error C2051: case ifadesi sabit de─şil [C:\ShadowStrike\ShadowStrike\ShadowStrike.vcxproj]
  ('/src/Shared_modules/Core/Engine/EmulationEngine.cpp' kaynak dosyas─▒ derleniyor)
  
C:\ShadowStrike\ShadowStrike\src\Shared_modules\Core\Engine\EmulationEngine.cpp(165,34): error C2556: 'const wchar_t *ShadowStrike::Core::Engine::PackerTypeToString(ShadowStrike::Core::Engine::PackerType) noexcept': a┼ş─▒r─▒ y├╝klenen sanal i┼şlev ile 'const char *ShadowStrike::Core::Engine::PackerTypeToString(ShadowStrike::Core::Engine::PackerType) noexcept' aras─▒ndaki tek fark d├Ân├╝┼ş t├╝r├╝ [C:\ShadowStrike\ShadowStrike\ShadowStrike.vcxproj]
  ('/src/Shared_modules/Core/Engine/EmulationEngine.cpp' kaynak dosyas─▒ derleniyor)
      C:\ShadowStrike\ShadowStrike\src\Shared_modules\Core\Engine\EmulationEngine.hpp(743,37):
      'ShadowStrike::Core::Engine::PackerTypeToString' bildirimine bak─▒n
  
C:\ShadowStrike\ShadowStrike\src\Shared_modules\Core\Engine\EmulationEngine.cpp(165,34): error C2371: 'ShadowStrike::Core::Engine::PackerTypeToString': yeniden tan─▒mlama; temel t├╝rler farkl─▒ [C:\ShadowStrike\ShadowStrike\ShadowStrike.vcxproj]
  ('/src/Shared_modules/Core/Engine/EmulationEngine.cpp' kaynak dosyas─▒ derleniyor)
      C:\ShadowStrike\ShadowStrike\src\Shared_modules\Core\Engine\EmulationEngine.hpp(743,37):
      'ShadowStrike::Core::Engine::PackerTypeToString' bildirimine bak─▒n
  
C:\ShadowStrike\ShadowStrike\src\Shared_modules\Core\Engine\EmulationEngine.cpp(176,26): error C2838: 'ExeShield': ├╝ye bildiriminde ge├ğersiz tam ad [C:\ShadowStrike\ShadowStrike\ShadowStrike.vcxproj]
  ('/src/Shared_modules/Core/Engine/EmulationEngine.cpp' kaynak dosyas─▒ derleniyor)
  
C:\ShadowStrike\ShadowStrike\src\Shared_modules\Core\Engine\EmulationEngine.cpp(176,26): error C2065: 'ExeShield': bildirimi yap─▒lmam─▒┼ş tan─▒mlay─▒c─▒ [C:\ShadowStrike\ShadowStrike\ShadowStrike.vcxproj]
  ('/src/Shared_modules/Core/Engine/EmulationEngine.cpp' kaynak dosyas─▒ derleniyor)
  
C:\ShadowStrike\ShadowStrike\src\Shared_modules\Core\Engine\EmulationEngine.cpp(176,26): error C2131: ifade sabit olarak de─şerlendirilmedi [C:\ShadowStrike\ShadowStrike\ShadowStrike.vcxproj]
  ('/src/Shared_modules/Core/Engine/EmulationEngine.cpp' kaynak dosyas─▒ derleniyor)
      C:\ShadowStrike\ShadowStrike\src\Shared_modules\Core\Engine\EmulationEngine.cpp(176,26):
      sabit olmayan bir (alt) ifade ile kar┼ş─▒la┼ş─▒ld─▒
  
C:\ShadowStrike\ShadowStrike\src\Shared_modules\Core\Engine\EmulationEngine.cpp(177,26): error C2838: 'PESpin': ├╝ye bildiriminde ge├ğersiz tam ad [C:\ShadowStrike\ShadowStrike\ShadowStrike.vcxproj]
  ('/src/Shared_modules/Core/Engine/EmulationEngine.cpp' kaynak dosyas─▒ derleniyor)
  
C:\ShadowStrike\ShadowStrike\src\Shared_modules\Core\Engine\EmulationEngine.cpp(177,26): error C2065: 'PESpin': bildirimi yap─▒lmam─▒┼ş tan─▒mlay─▒c─▒ [C:\ShadowStrike\ShadowStrike\ShadowStrike.vcxproj]
  ('/src/Shared_modules/Core/Engine/EmulationEngine.cpp' kaynak dosyas─▒ derleniyor)
  
C:\ShadowStrike\ShadowStrike\src\Shared_modules\Core\Engine\EmulationEngine.cpp(177,26): error C2131: ifade sabit olarak de─şerlendirilmedi [C:\ShadowStrike\ShadowStrike\ShadowStrike.vcxproj]
  ('/src/Shared_modules/Core/Engine/EmulationEngine.cpp' kaynak dosyas─▒ derleniyor)
      C:\ShadowStrike\ShadowStrike\src\Shared_modules\Core\Engine\EmulationEngine.cpp(177,26):
      sabit olmayan bir (alt) ifade ile kar┼ş─▒la┼ş─▒ld─▒
  
C:\ShadowStrike\ShadowStrike\src\Shared_modules\Core\Engine\EmulationEngine.cpp(180,26): error C2838: 'WWPack': ├╝ye bildiriminde ge├ğersiz tam ad [C:\ShadowStrike\ShadowStrike\ShadowStrike.vcxproj]
  ('/src/Shared_modules/Core/Engine/EmulationEngine.cpp' kaynak dosyas─▒ derleniyor)
  
C:\ShadowStrike\ShadowStrike\src\Shared_modules\Core\Engine\EmulationEngine.cpp(180,26): error C2065: 'WWPack': bildirimi yap─▒lmam─▒┼ş tan─▒mlay─▒c─▒ [C:\ShadowStrike\ShadowStrike\ShadowStrike.vcxproj]
  RegistryAnalyzer.cpp
  ('/src/Shared_modules/Core/Engine/EmulationEngine.cpp' kaynak dosyas─▒ derleniyor)
  
C:\ShadowStrike\ShadowStrike\src\Shared_modules\Core\Engine\EmulationEngine.cpp(180,26): error C2131: ifade sabit olarak de─şerlendirilmedi [C:\ShadowStrike\ShadowStrike\ShadowStrike.vcxproj]
  ('/src/Shared_modules/Core/Engine/EmulationEngine.cpp' kaynak dosyas─▒ derleniyor)
      C:\ShadowStrike\ShadowStrike\src\Shared_modules\Core\Engine\EmulationEngine.cpp(180,26):
      sabit olmayan bir (alt) ifade ile kar┼ş─▒la┼ş─▒ld─▒
  
C:\ShadowStrike\ShadowStrike\src\Shared_modules\Core\Engine\EmulationEngine.cpp(181,26): error C2838: 'NSPack': ├╝ye bildiriminde ge├ğersiz tam ad [C:\ShadowStrike\ShadowStrike\ShadowStrike.vcxproj]
  ('/src/Shared_modules/Core/Engine/EmulationEngine.cpp' kaynak dosyas─▒ derleniyor)
  
C:\ShadowStrike\ShadowStrike\src\Shared_modules\Core\Engine\EmulationEngine.cpp(181,26): error C2065: 'NSPack': bildirimi yap─▒lmam─▒┼ş tan─▒mlay─▒c─▒ [C:\ShadowStrike\ShadowStrike\ShadowStrike.vcxproj]
  ('/src/Shared_modules/Core/Engine/EmulationEngine.cpp' kaynak dosyas─▒ derleniyor)
  
C:\ShadowStrike\ShadowStrike\src\Shared_modules\Core\Engine\EmulationEngine.cpp(181,26): error C2131: ifade sabit olarak de─şerlendirilmedi [C:\ShadowStrike\ShadowStrike\ShadowStrike.vcxproj]
  ('/src/Shared_modules/Core/Engine/EmulationEngine.cpp' kaynak dosyas─▒ derleniyor)
      C:\ShadowStrike\ShadowStrike\src\Shared_modules\Core\Engine\EmulationEngine.cpp(181,26):
      sabit olmayan bir (alt) ifade ile kar┼ş─▒la┼ş─▒ld─▒
  
C:\ShadowStrike\ShadowStrike\src\Shared_modules\Core\Engine\EmulationEngine.cpp(183,26): error C2838: 'Custom': ├╝ye bildiriminde ge├ğersiz tam ad [C:\ShadowStrike\ShadowStrike\ShadowStrike.vcxproj]
  ('/src/Shared_modules/Core/Engine/EmulationEngine.cpp' kaynak dosyas─▒ derleniyor)
  
C:\ShadowStrike\ShadowStrike\src\Shared_modules\Core\Engine\EmulationEngine.cpp(183,26): error C2065: 'Custom': bildirimi yap─▒lmam─▒┼ş tan─▒mlay─▒c─▒ [C:\ShadowStrike\ShadowStrike\ShadowStrike.vcxproj]
  ('/src/Shared_modules/Core/Engine/EmulationEngine.cpp' kaynak dosyas─▒ derleniyor)
  
C:\ShadowStrike\ShadowStrike\src\Shared_modules\Core\Engine\EmulationEngine.cpp(183,26): error C2131: ifade sabit olarak de─şerlendirilmedi [C:\ShadowStrike\ShadowStrike\ShadowStrike.vcxproj]
  ('/src/Shared_modules/Core/Engine/EmulationEngine.cpp' kaynak dosyas─▒ derleniyor)
      C:\ShadowStrike\ShadowStrike\src\Shared_modules\Core\Engine\EmulationEngine.cpp(183,26):
      sabit olmayan bir (alt) ifade ile kar┼ş─▒la┼ş─▒ld─▒
  
C:\ShadowStrike\ShadowStrike\src\Shared_modules\Core\Engine\EmulationEngine.cpp(165,34): error C3615: 'ShadowStrike::Core::Engine::PackerTypeToString' constexpr i┼şlevi sabit bir ifade ile sonu├ğlanamaz [C:\ShadowStrike\ShadowStrike\ShadowStrike.vcxproj]
  ('/src/Shared_modules/Core/Engine/EmulationEngine.cpp' kaynak dosyas─▒ derleniyor)
      C:\ShadowStrike\ShadowStrike\src\Shared_modules\Core\Engine\EmulationEngine.cpp(165,34):
      hata, denetimin bir constexpr i┼şlevinin sonuna ula┼şmas─▒ nedeniyle olu┼ştu
  
C:\ShadowStrike\ShadowStrike\src\Shared_modules\Core\Engine\EmulationEngine.cpp(176,26): error C2051: case ifadesi sabit de─şil [C:\ShadowStrike\ShadowStrike\ShadowStrike.vcxproj]
  ('/src/Shared_modules/Core/Engine/EmulationEngine.cpp' kaynak dosyas─▒ derleniyor)
  
C:\ShadowStrike\ShadowStrike\src\Shared_modules\Core\Engine\EmulationEngine.cpp(177,26): error C2051: case ifadesi sabit de─şil [C:\ShadowStrike\ShadowStrike\ShadowStrike.vcxproj]
  ('/src/Shared_modules/Core/Engine/EmulationEngine.cpp' kaynak dosyas─▒ derleniyor)
  
C:\ShadowStrike\ShadowStrike\src\Shared_modules\Core\FileSystem\FileHasher.cpp(81,25): error C2475: 'ShadowStrike::Core::FileSystem::operator |': yeniden tan─▒mlama; 'constexpr' tan─▒mlay─▒c─▒s─▒ e┼şle┼şmiyor [C:\ShadowStrike\ShadowStrike\ShadowStrike.vcxproj]
  ('/src/Shared_modules/Core/FileSystem/FileHasher.cpp' kaynak dosyas─▒ derleniyor)
      C:\ShadowStrike\ShadowStrike\src\Shared_modules\Core\FileSystem\FileHasher.hpp(193,22):
      'ShadowStrike::Core::FileSystem::operator |' bildirimine bak─▒n
  
C:\ShadowStrike\ShadowStrike\src\Shared_modules\Core\Engine\EmulationEngine.cpp(180,26): error C2051: case ifadesi sabit de─şil [C:\ShadowStrike\ShadowStrike\ShadowStrike.vcxproj]
  ('/src/Shared_modules/Core/Engine/EmulationEngine.cpp' kaynak dosyas─▒ derleniyor)
  
  RegistryMonitor.cpp
C:\ShadowStrike\ShadowStrike\src\Shared_modules\Core\Engine\EmulationEngine.cpp(181,26): error C2051: case ifadesi sabit de─şil [C:\ShadowStrike\ShadowStrike\ShadowStrike.vcxproj]
  ('/src/Shared_modules/Core/Engine/EmulationEngine.cpp' kaynak dosyas─▒ derleniyor)
  
C:\ShadowStrike\ShadowStrike\src\Shared_modules\Core\FileSystem\FileHasher.cpp(87,25): error C2475: 'ShadowStrike::Core::FileSystem::operator &': yeniden tan─▒mlama; 'constexpr' tan─▒mlay─▒c─▒s─▒ e┼şle┼şmiyor [C:\ShadowStrike\ShadowStrike\ShadowStrike.vcxproj]
  ('/src/Shared_modules/Core/FileSystem/FileHasher.cpp' kaynak dosyas─▒ derleniyor)
      C:\ShadowStrike\ShadowStrike\src\Shared_modules\Core\FileSystem\FileHasher.hpp(196,22):
      'ShadowStrike::Core::FileSystem::operator &' bildirimine bak─▒n
  
C:\ShadowStrike\ShadowStrike\src\Shared_modules\Core\Engine\EmulationEngine.cpp(183,26): error C2051: case ifadesi sabit de─şil [C:\ShadowStrike\ShadowStrike\ShadowStrike.vcxproj]
  ('/src/Shared_modules/Core/Engine/EmulationEngine.cpp' kaynak dosyas─▒ derleniyor)
  
C:\ShadowStrike\ShadowStrike\src\Shared_modules\Core\FileSystem\FileHasher.cpp(103,16): error C2475: 'ShadowStrike::Core::FileSystem::HasFlag': yeniden tan─▒mlama; 'constexpr' tan─▒mlay─▒c─▒s─▒ e┼şle┼şmiyor [C:\ShadowStrike\ShadowStrike\ShadowStrike.vcxproj]
  ('/src/Shared_modules/Core/FileSystem/FileHasher.cpp' kaynak dosyas─▒ derleniyor)
      C:\ShadowStrike\ShadowStrike\src\Shared_modules\Core\FileSystem\FileHasher.hpp(199,13):
      'ShadowStrike::Core::FileSystem::HasFlag' bildirimine bak─▒n
  
C:\ShadowStrike\ShadowStrike\src\Shared_modules\Core\Engine\EmulationEngine.cpp(192,28): warning C4099: 'ShadowStrike::Core::Engine::EmulationEngine::Impl': t├╝r ad─▒ ba┼şlang─▒├ğta 'struct' kullan─▒yordu ┼şimdi 'class' kullan─▒yor [C:\ShadowStrike\ShadowStrike\ShadowStrike.vcxproj]
  ('/src/Shared_modules/Core/Engine/EmulationEngine.cpp' kaynak dosyas─▒ derleniyor)
      C:\ShadowStrike\ShadowStrike\src\Shared_modules\Core\Engine\EmulationEngine.hpp(2219,12):
      'ShadowStrike::Core::Engine::EmulationEngine::Impl' bildirimine bak─▒n
  
C:\ShadowStrike\ShadowStrike\src\Shared_modules\Core\FileSystem\FileHasher.cpp(200,12): error C2039: 'largeFileThreshold': bir 'ShadowStrike::Core::FileSystem::FileHasherConfig' ├╝yesi de─şil [C:\ShadowStrike\ShadowStrike\ShadowStrike.vcxproj]
  ('/src/Shared_modules/Core/FileSystem/FileHasher.cpp' kaynak dosyas─▒ derleniyor)
      C:\ShadowStrike\ShadowStrike\src\Shared_modules\Core\FileSystem\FileHasher.hpp(312,20):
      'ShadowStrike::Core::FileSystem::FileHasherConfig' bildirimine bak─▒n
  
C:\ShadowStrike\ShadowStrike\src\Shared_modules\Core\FileSystem\FileHasher.cpp(214,12): error C2039: 'computeFuzzyHashes': bir 'ShadowStrike::Core::FileSystem::FileHasherConfig' ├╝yesi de─şil [C:\ShadowStrike\ShadowStrike\ShadowStrike.vcxproj]
  StartupAnalyzer.cpp
  ('/src/Shared_modules/Core/FileSystem/FileHasher.cpp' kaynak dosyas─▒ derleniyor)
      C:\ShadowStrike\ShadowStrike\src\Shared_modules\Core\FileSystem\FileHasher.hpp(312,20):
      'ShadowStrike::Core::FileSystem::FileHasherConfig' bildirimine bak─▒n
  
  SystemSettingsMonitor.cpp
  CrashHandler.cpp
  DriverAnalyzer.cpp
C:\ShadowStrike\ShadowStrike\src\Shared_modules\Core\FileSystem\FileHasher.cpp(215,12): error C2039: 'computePEHashes': bir 'ShadowStrike::Core::FileSystem::FileHasherConfig' ├╝yesi de─şil [C:\ShadowStrike\ShadowStrike\ShadowStrike.vcxproj]
  ('/src/Shared_modules/Core/FileSystem/FileHasher.cpp' kaynak dosyas─▒ derleniyor)
      C:\ShadowStrike\ShadowStrike\src\Shared_modules\Core\FileSystem\FileHasher.hpp(312,20):
      'ShadowStrike::Core::FileSystem::FileHasherConfig' bildirimine bak─▒n
  
  EventLogger.cpp
C:\ShadowStrike\ShadowStrike\src\Shared_modules\Core\FileSystem\FileHasher.cpp(219,36): error C2039: 'CreateMinimal': bir 'ShadowStrike::Core::FileSystem::FileHasherConfig' ├╝yesi de─şil [C:\ShadowStrike\ShadowStrike\ShadowStrike.vcxproj]
  ('/src/Shared_modules/Core/FileSystem/FileHasher.cpp' kaynak dosyas─▒ derleniyor)
      C:\ShadowStrike\ShadowStrike\src\Shared_modules\Core\FileSystem\FileHasher.hpp(312,20):
      'ShadowStrike::Core::FileSystem::FileHasherConfig' bildirimine bak─▒n
  
C:\ShadowStrike\ShadowStrike\src\Shared_modules\Core\FileSystem\FileHasher.cpp(227,12): error C2039: 'computeFuzzyHashes': bir 'ShadowStrike::Core::FileSystem::FileHasherConfig' ├╝yesi de─şil [C:\ShadowStrike\ShadowStrike\ShadowStrike.vcxproj]
  ('/src/Shared_modules/Core/FileSystem/FileHasher.cpp' kaynak dosyas─▒ derleniyor)
      C:\ShadowStrike\ShadowStrike\src\Shared_modules\Core\FileSystem\FileHasher.hpp(312,20):
      'ShadowStrike::Core::FileSystem::FileHasherConfig' bildirimine bak─▒n
  
C:\ShadowStrike\ShadowStrike\src\Shared_modules\Core\FileSystem\FileHasher.cpp(228,12): error C2039: 'computePEHashes': bir 'ShadowStrike::Core::FileSystem::FileHasherConfig' ├╝yesi de─şil [C:\ShadowStrike\ShadowStrike\ShadowStrike.vcxproj]
  ('/src/Shared_modules/Core/FileSystem/FileHasher.cpp' kaynak dosyas─▒ derleniyor)
      C:\ShadowStrike\ShadowStrike\src\Shared_modules\Core\FileSystem\FileHasher.hpp(312,20):
      'ShadowStrike::Core::FileSystem::FileHasherConfig' bildirimine bak─▒n
  
C:\ShadowStrike\ShadowStrike\src\Shared_modules\Core\FileSystem\FileHasher.cpp(244,5): error C2065: 'sha512Computed': bildirimi yap─▒lmam─▒┼ş tan─▒mlay─▒c─▒ [C:\ShadowStrike\ShadowStrike\ShadowStrike.vcxproj]
  ('/src/Shared_modules/Core/FileSystem/FileHasher.cpp' kaynak dosyas─▒ derleniyor)
  
C:\ShadowStrike\ShadowStrike\src\Shared_modules\Core\FileSystem\FileHasher.cpp(246,5): error C2065: 'tlshComputed': bildirimi yap─▒lmam─▒┼ş tan─▒mlay─▒c─▒ [C:\ShadowStrike\ShadowStrike\ShadowStrike.vcxproj]
  ('/src/Shared_modules/Core/FileSystem/FileHasher.cpp' kaynak dosyas─▒ derleniyor)
  
C:\ShadowStrike\ShadowStrike\src\Shared_modules\Core\FileSystem\FileHasher.cpp(247,5): error C2065: 'imphashComputed': bildirimi yap─▒lmam─▒┼ş tan─▒mlay─▒c─▒ [C:\ShadowStrike\ShadowStrike\ShadowStrike.vcxproj]
  ('/src/Shared_modules/Core/FileSystem/FileHasher.cpp' kaynak dosyas─▒ derleniyor)
  
C:\ShadowStrike\ShadowStrike\src\Shared_modules\Core\FileSystem\FileHasher.cpp(250,5): error C2065: 'hardwareAccelUsed': bildirimi yap─▒lmam─▒┼ş tan─▒mlay─▒c─▒ [C:\ShadowStrike\ShadowStrike\ShadowStrike.vcxproj]
  ('/src/Shared_modules/Core/FileSystem/FileHasher.cpp' kaynak dosyas─▒ derleniyor)
  
C:\ShadowStrike\ShadowStrike\src\Shared_modules\Core\FileSystem\FileHasher.cpp(251,5): error C2065: 'memoryMappedFiles': bildirimi yap─▒lmam─▒┼ş tan─▒mlay─▒c─▒ [C:\ShadowStrike\ShadowStrike\ShadowStrike.vcxproj]
  ('/src/Shared_modules/Core/FileSystem/FileHasher.cpp' kaynak dosyas─▒ derleniyor)
  
C:\ShadowStrike\ShadowStrike\src\Shared_modules\Core\FileSystem\FileHasher.cpp(252,5): error C2065: 'startTime': bildirimi yap─▒lmam─▒┼ş tan─▒mlay─▒c─▒ [C:\ShadowStrike\ShadowStrike\ShadowStrike.vcxproj]
  ('/src/Shared_modules/Core/FileSystem/FileHasher.cpp' kaynak dosyas─▒ derleniyor)
  
C:\ShadowStrike\ShadowStrike\src\Shared_modules\Core\FileSystem\FileHasher.cpp(259,18): error C2039: 'IsValid': bir 'ShadowStrike::Core::FileSystem::FileHashes' ├╝yesi de─şil [C:\ShadowStrike\ShadowStrike\ShadowStrike.vcxproj]
  ('/src/Shared_modules/Core/FileSystem/FileHasher.cpp' kaynak dosyas─▒ derleniyor)
      C:\ShadowStrike\ShadowStrike\src\Shared_modules\Core\FileSystem\FileHasher.hpp(234,21):
      'ShadowStrike::Core::FileSystem::FileHashes' bildirimine bak─▒n
  
C:\ShadowStrike\ShadowStrike\src\Shared_modules\Core\FileSystem\FileHasher.cpp(259,18): error C2270: 'IsValid': ├╝ye olmayan i┼şlevlerde de─şi┼ştiricilere izin verilmez [C:\ShadowStrike\ShadowStrike\ShadowStrike.vcxproj]
  ('/src/Shared_modules/Core/FileSystem/FileHasher.cpp' kaynak dosyas─▒ derleniyor)
  
C:\ShadowStrike\ShadowStrike\src\Shared_modules\Core\FileSystem\FileHasher.cpp(260,12): error C2065: 'hasMD5': bildirimi yap─▒lmam─▒┼ş tan─▒mlay─▒c─▒ [C:\ShadowStrike\ShadowStrike\ShadowStrike.vcxproj]
  ('/src/Shared_modules/Core/FileSystem/FileHasher.cpp' kaynak dosyas─▒ derleniyor)
  
C:\ShadowStrike\ShadowStrike\src\Shared_modules\Core\FileSystem\FileHasher.cpp(260,22): error C2065: 'hasSHA1': bildirimi yap─▒lmam─▒┼ş tan─▒mlay─▒c─▒ [C:\ShadowStrike\ShadowStrike\ShadowStrike.vcxproj]
  ('/src/Shared_modules/Core/FileSystem/FileHasher.cpp' kaynak dosyas─▒ derleniyor)
  
C:\ShadowStrike\ShadowStrike\src\Shared_modules\Core\FileSystem\FileHasher.cpp(260,33): error C2065: 'hasSHA256': bildirimi yap─▒lmam─▒┼ş tan─▒mlay─▒c─▒ [C:\ShadowStrike\ShadowStrike\ShadowStrike.vcxproj]
  ('/src/Shared_modules/Core/FileSystem/FileHasher.cpp' kaynak dosyas─▒ derleniyor)
  
C:\ShadowStrike\ShadowStrike\src\Shared_modules\Core\FileSystem\FileHasher.cpp(260,46): error C2065: 'hasSHA512': bildirimi yap─▒lmam─▒┼ş tan─▒mlay─▒c─▒ [C:\ShadowStrike\ShadowStrike\ShadowStrike.vcxproj]
  ('/src/Shared_modules/Core/FileSystem/FileHasher.cpp' kaynak dosyas─▒ derleniyor)
  
C:\ShadowStrike\ShadowStrike\src\Shared_modules\Core\FileSystem\FileHasher.cpp(261,12): error C2065: 'hasSHA3_256': bildirimi yap─▒lmam─▒┼ş tan─▒mlay─▒c─▒ [C:\ShadowStrike\ShadowStrike\ShadowStrike.vcxproj]
  ('/src/Shared_modules/Core/FileSystem/FileHasher.cpp' kaynak dosyas─▒ derleniyor)
  
C:\ShadowStrike\ShadowStrike\src\Shared_modules\Core\FileSystem\FileHasher.cpp(261,27): error C2065: 'hasSHA3_512': bildirimi yap─▒lmam─▒┼ş tan─▒mlay─▒c─▒ [C:\ShadowStrike\ShadowStrike\ShadowStrike.vcxproj]
  ('/src/Shared_modules/Core/FileSystem/FileHasher.cpp' kaynak dosyas─▒ derleniyor)
  
C:\ShadowStrike\ShadowStrike\src\Shared_modules\Core\FileSystem\FileHasher.cpp(261,42): error C2065: 'hasFuzzyHash': bildirimi yap─▒lmam─▒┼ş tan─▒mlay─▒c─▒ [C:\ShadowStrike\ShadowStrike\ShadowStrike.vcxproj]
  ('/src/Shared_modules/Core/FileSystem/FileHasher.cpp' kaynak dosyas─▒ derleniyor)
  
C:\ShadowStrike\ShadowStrike\src\Shared_modules\Core\FileSystem\FileHasher.cpp(261,58): error C2065: 'hasTLSH': bildirimi yap─▒lmam─▒┼ş tan─▒mlay─▒c─▒ [C:\ShadowStrike\ShadowStrike\ShadowStrike.vcxproj]
  ('/src/Shared_modules/Core/FileSystem/FileHasher.cpp' kaynak dosyas─▒ derleniyor)
  
C:\ShadowStrike\ShadowStrike\src\Shared_modules\Core\FileSystem\FileHasher.cpp(262,12): error C2065: 'hasImpHash': bildirimi yap─▒lmam─▒┼ş tan─▒mlay─▒c─▒ [C:\ShadowStrike\ShadowStrike\ShadowStrike.vcxproj]
  ('/src/Shared_modules/Core/FileSystem/FileHasher.cpp' kaynak dosyas─▒ derleniyor)
  
C:\ShadowStrike\ShadowStrike\src\Shared_modules\Core\FileSystem\FileHasher.cpp(262,26): error C2065: 'hasAuthentihash': bildirimi yap─▒lmam─▒┼ş tan─▒mlay─▒c─▒ [C:\ShadowStrike\ShadowStrike\ShadowStrike.vcxproj]
  ('/src/Shared_modules/Core/FileSystem/FileHasher.cpp' kaynak dosyas─▒ derleniyor)
  
C:\ShadowStrike\ShadowStrike\src\Shared_modules\Core\FileSystem\FileHasher.cpp(265,25): error C2039: 'ToJson': bir 'ShadowStrike::Core::FileSystem::FileHashes' ├╝yesi de─şil [C:\ShadowStrike\ShadowStrike\ShadowStrike.vcxproj]
  ('/src/Shared_modules/Core/FileSystem/FileHasher.cpp' kaynak dosyas─▒ derleniyor)
      C:\ShadowStrike\ShadowStrike\src\Shared_modules\Core\FileSystem\FileHasher.hpp(234,21):
      'ShadowStrike::Core::FileSystem::FileHashes' bildirimine bak─▒n
  
C:\ShadowStrike\ShadowStrike\src\Shared_modules\Core\FileSystem\FileHasher.cpp(265,25): error C2270: 'ToJson': ├╝ye olmayan i┼şlevlerde de─şi┼ştiricilere izin verilmez [C:\ShadowStrike\ShadowStrike\ShadowStrike.vcxproj]
  ('/src/Shared_modules/Core/FileSystem/FileHasher.cpp' kaynak dosyas─▒ derleniyor)
  
C:\ShadowStrike\ShadowStrike\src\Shared_modules\Core\FileSystem\FileHasher.cpp(268,49): error C2039: 'ToNarrowString': bir 'ShadowStrike::Utils::StringUtils' ├╝yesi de─şil [C:\ShadowStrike\ShadowStrike\ShadowStrike.vcxproj]
  ('/src/Shared_modules/Core/FileSystem/FileHasher.cpp' kaynak dosyas─▒ derleniyor)
      C:\ShadowStrike\ShadowStrike\src\Shared_modules\Utils\StringUtils.hpp(63,19):
      'ShadowStrike::Utils::StringUtils' bildirimine bak─▒n
  
C:\ShadowStrike\ShadowStrike\src\Shared_modules\Core\FileSystem\FileHasher.cpp(268,64): error C2065: 'filePath': bildirimi yap─▒lmam─▒┼ş tan─▒mlay─▒c─▒ [C:\ShadowStrike\ShadowStrike\ShadowStrike.vcxproj]
  ('/src/Shared_modules/Core/FileSystem/FileHasher.cpp' kaynak dosyas─▒ derleniyor)
  
C:\ShadowStrike\ShadowStrike\src\Shared_modules\Core\FileSystem\FileHasher.cpp(268,49): error C3861: 'ToNarrowString': tan─▒mlay─▒c─▒ bulunamad─▒ [C:\ShadowStrike\ShadowStrike\ShadowStrike.vcxproj]
  ('/src/Shared_modules/Core/FileSystem/FileHasher.cpp' kaynak dosyas─▒ derleniyor)
  
C:\ShadowStrike\ShadowStrike\src\Shared_modules\Core\Engine\EmulationEngine.cpp(239,31): error C2079: 'ShadowStrike::Core::Engine::EmulationEngine::Impl::VirtualEnvironment::vfs' tan─▒ms─▒z class 'ShadowStrike::Core::Engine::VirtualFileSystem' kullan─▒yor [C:\ShadowStrike\ShadowStrike\ShadowStrike.vcxproj]
  ('/src/Shared_modules/Core/Engine/EmulationEngine.cpp' kaynak dosyas─▒ derleniyor)
  
C:\ShadowStrike\ShadowStrike\src\Shared_modules\Core\Engine\EmulationEngine.cpp(240,29): error C2079: 'ShadowStrike::Core::Engine::EmulationEngine::Impl::VirtualEnvironment::vreg' tan─▒ms─▒z class 'ShadowStrike::Core::Engine::VirtualRegistry' kullan─▒yor [C:\ShadowStrike\ShadowStrike\ShadowStrike.vcxproj]
  ('/src/Shared_modules/Core/Engine/EmulationEngine.cpp' kaynak dosyas─▒ derleniyor)
  
C:\ShadowStrike\ShadowStrike\src\Shared_modules\Core\Engine\EmulationEngine.cpp(241,28): error C2079: 'ShadowStrike::Core::Engine::EmulationEngine::Impl::VirtualEnvironment::vnet' tan─▒ms─▒z class 'ShadowStrike::Core::Engine::VirtualNetwork' kullan─▒yor [C:\ShadowStrike\ShadowStrike\ShadowStrike.vcxproj]
  ('/src/Shared_modules/Core/Engine/EmulationEngine.cpp' kaynak dosyas─▒ derleniyor)
  
C:\ShadowStrike\ShadowStrike\src\Shared_modules\Core\Engine\EmulationEngine.cpp(242,41): error C3646: 'venv': bilinmeyen ge├ğersiz k─▒lma belirticisi [C:\ShadowStrike\ShadowStrike\ShadowStrike.vcxproj]
  ('/src/Shared_modules/Core/Engine/EmulationEngine.cpp' kaynak dosyas─▒ derleniyor)
  
C:\ShadowStrike\ShadowStrike\src\Shared_modules\Core\Engine\EmulationEngine.cpp(242,13): error C4430: t├╝r belirticisi eksik - int varsay─▒ld─▒. Not: C++ varsay─▒lan int deste─şi i├ğermez [C:\ShadowStrike\ShadowStrike\ShadowStrike.vcxproj]
  ('/src/Shared_modules/Core/Engine/EmulationEngine.cpp' kaynak dosyas─▒ derleniyor)
  
C:\ShadowStrike\ShadowStrike\src\Shared_modules\Core\Engine\EmulationEngine.cpp(271,13): error C2061: s├Âzdizimi hatas─▒: tan─▒mlay─▒c─▒ 'EmulationError' [C:\ShadowStrike\ShadowStrike\ShadowStrike.vcxproj]
  ('/src/Shared_modules/Core/Engine/EmulationEngine.cpp' kaynak dosyas─▒ derleniyor)
  
C:\ShadowStrike\ShadowStrike\src\Shared_modules\Core\Engine\EmulationEngine.cpp(334,9): error C2061: s├Âzdizimi hatas─▒: tan─▒mlay─▒c─▒ 'EmulationError' [C:\ShadowStrike\ShadowStrike\ShadowStrike.vcxproj]
  ('/src/Shared_modules/Core/Engine/EmulationEngine.cpp' kaynak dosyas─▒ derleniyor)
  
C:\ShadowStrike\ShadowStrike\src\Shared_modules\Core\Engine\EmulationEngine.cpp(341,28): error C2664: 'void ShadowStrike::Utils::Logger::Info(const char *)' : 1 ba─ş─▒ms─▒z de─şi┼şkeni 'const wchar_t [33]' de─şerinden 'const char *' de─şerine d├Ân├╝┼şt├╝r├╝lemez [C:\ShadowStrike\ShadowStrike\ShadowStrike.vcxproj]
  ('/src/Shared_modules/Core/Engine/EmulationEngine.cpp' kaynak dosyas─▒ derleniyor)
      C:\ShadowStrike\ShadowStrike\src\Shared_modules\Core\Engine\EmulationEngine.cpp(341,33):
      ─░┼şaretlenen t├╝rler ilgisiz; d├Ân├╝┼şt├╝rme reinterpret_cast, C stili t├╝r d├Ân├╝┼şt├╝rme veya parantez i├ğine al─▒nm─▒┼ş i┼şlev stili t├╝r d├Ân├╝┼şt├╝rme gerektiriyor
      C:\ShadowStrike\ShadowStrike\src\Shared_modules\Utils\Logger.hpp(265,16):
      'ShadowStrike::Utils::Logger::Info' bildirimine bak─▒n
      C:\ShadowStrike\ShadowStrike\src\Shared_modules\Utils\Logger.hpp(282,16):
      'void ShadowStrike::Utils::Logger::Info(std::basic_format_string<char,type_identity<_Args>::type...>,Args ...)' olabilirdi
          C:\ShadowStrike\ShadowStrike\src\Shared_modules\Core\Engine\EmulationEngine.cpp(341,28):
          ili┼şkili k─▒s─▒tlamalar kar┼ş─▒lanmad─▒
              C:\ShadowStrike\ShadowStrike\src\Shared_modules\Utils\Logger.hpp(281,57):
              k─▒s─▒tlama yerine getirilmedi
      C:\ShadowStrike\ShadowStrike\src\Shared_modules\Core\Engine\EmulationEngine.cpp(341,28):
      '(const wchar_t [33])' ba─ş─▒ms─▒z de─şi┼şken listesi e┼şlenmeye ├ğal─▒┼ş─▒l─▒rken
  
C:\ShadowStrike\ShadowStrike\src\Shared_modules\Core\Engine\EmulationEngine.cpp(345,32): error C2664: 'void ShadowStrike::Utils::Logger::Error(const char *)' : 1 ba─ş─▒ms─▒z de─şi┼şkeni 'const wchar_t [40]' de─şerinden 'const char *' de─şerine d├Ân├╝┼şt├╝r├╝lemez [C:\ShadowStrike\ShadowStrike\ShadowStrike.vcxproj]
  ('/src/Shared_modules/Core/Engine/EmulationEngine.cpp' kaynak dosyas─▒ derleniyor)
      C:\ShadowStrike\ShadowStrike\src\Shared_modules\Core\Engine\EmulationEngine.cpp(345,38):
      ─░┼şaretlenen t├╝rler ilgisiz; d├Ân├╝┼şt├╝rme reinterpret_cast, C stili t├╝r d├Ân├╝┼şt├╝rme veya parantez i├ğine al─▒nm─▒┼ş i┼şlev stili t├╝r d├Ân├╝┼şt├╝rme gerektiriyor
      C:\ShadowStrike\ShadowStrike\src\Shared_modules\Utils\Logger.hpp(263,16):
      'ShadowStrike::Utils::Logger::Error' bildirimine bak─▒n
      C:\ShadowStrike\ShadowStrike\src\Shared_modules\Utils\Logger.hpp(274,16):
      'void ShadowStrike::Utils::Logger::Error(std::basic_format_string<char,type_identity<_Args>::type...>,Args ...)' olabilirdi
          C:\ShadowStrike\ShadowStrike\src\Shared_modules\Core\Engine\EmulationEngine.cpp(345,32):
          ili┼şkili k─▒s─▒tlamalar kar┼ş─▒lanmad─▒
              C:\ShadowStrike\ShadowStrike\src\Shared_modules\Utils\Logger.hpp(273,57):
              k─▒s─▒tlama yerine getirilmedi
      C:\ShadowStrike\ShadowStrike\src\Shared_modules\Core\Engine\EmulationEngine.cpp(345,32):
      '(const wchar_t [40])' ba─ş─▒ms─▒z de─şi┼şken listesi e┼şlenmeye ├ğal─▒┼ş─▒l─▒rken
  
C:\ShadowStrike\ShadowStrike\src\Shared_modules\Core\Engine\EmulationEngine.cpp(346,21): error C2065: 'err': bildirimi yap─▒lmam─▒┼ş tan─▒mlay─▒c─▒ [C:\ShadowStrike\ShadowStrike\ShadowStrike.vcxproj]
  ('/src/Shared_modules/Core/Engine/EmulationEngine.cpp' kaynak dosyas─▒ derleniyor)
  
C:\ShadowStrike\ShadowStrike\src\Shared_modules\Core\Engine\EmulationEngine.cpp(347,21): error C2065: 'err': bildirimi yap─▒lmam─▒┼ş tan─▒mlay─▒c─▒ [C:\ShadowStrike\ShadowStrike\ShadowStrike.vcxproj]
  ('/src/Shared_modules/Core/Engine/EmulationEngine.cpp' kaynak dosyas─▒ derleniyor)
  
C:\ShadowStrike\ShadowStrike\src\Shared_modules\Core\Engine\EmulationEngine.cpp(348,21): error C2065: 'err': bildirimi yap─▒lmam─▒┼ş tan─▒mlay─▒c─▒ [C:\ShadowStrike\ShadowStrike\ShadowStrike.vcxproj]
  ('/src/Shared_modules/Core/Engine/EmulationEngine.cpp' kaynak dosyas─▒ derleniyor)
  
C:\ShadowStrike\ShadowStrike\src\Shared_modules\Core\Engine\EmulationEngine.cpp(365,32): error C2664: 'void ShadowStrike::Utils::Logger::Warn(const char *)' : 1 ba─ş─▒ms─▒z de─şi┼şkeni 'const wchar_t [50]' de─şerinden 'const char *' de─şerine d├Ân├╝┼şt├╝r├╝lemez [C:\ShadowStrike\ShadowStrike\ShadowStrike.vcxproj]
  ('/src/Shared_modules/Core/Engine/EmulationEngine.cpp' kaynak dosyas─▒ derleniyor)
      C:\ShadowStrike\ShadowStrike\src\Shared_modules\Core\Engine\EmulationEngine.cpp(365,37):
      ─░┼şaretlenen t├╝rler ilgisiz; d├Ân├╝┼şt├╝rme reinterpret_cast, C stili t├╝r d├Ân├╝┼şt├╝rme veya parantez i├ğine al─▒nm─▒┼ş i┼şlev stili t├╝r d├Ân├╝┼şt├╝rme gerektiriyor
      C:\ShadowStrike\ShadowStrike\src\Shared_modules\Utils\Logger.hpp(264,16):
      'ShadowStrike::Utils::Logger::Warn' bildirimine bak─▒n
      C:\ShadowStrike\ShadowStrike\src\Shared_modules\Utils\Logger.hpp(278,16):
      'void ShadowStrike::Utils::Logger::Warn(std::basic_format_string<char,type_identity<_Args>::type...>,Args ...)' olabilirdi
          C:\ShadowStrike\ShadowStrike\src\Shared_modules\Core\Engine\EmulationEngine.cpp(365,32):
          ili┼şkili k─▒s─▒tlamalar kar┼ş─▒lanmad─▒
              C:\ShadowStrike\ShadowStrike\src\Shared_modules\Utils\Logger.hpp(277,57):
              k─▒s─▒tlama yerine getirilmedi
      C:\ShadowStrike\ShadowStrike\src\Shared_modules\Core\Engine\EmulationEngine.cpp(365,32):
      '(const wchar_t [50])' ba─ş─▒ms─▒z de─şi┼şken listesi e┼şlenmeye ├ğal─▒┼ş─▒l─▒rken
  
C:\ShadowStrike\ShadowStrike\src\Shared_modules\Core\Engine\EmulationEngine.cpp(366,32): error C2664: 'void ShadowStrike::Utils::Logger::Warn(const char *)' : 1 ba─ş─▒ms─▒z de─şi┼şkeni 'const wchar_t [88]' de─şerinden 'const char *' de─şerine d├Ân├╝┼şt├╝r├╝lemez [C:\ShadowStrike\ShadowStrike\ShadowStrike.vcxproj]
  ('/src/Shared_modules/Core/Engine/EmulationEngine.cpp' kaynak dosyas─▒ derleniyor)
      C:\ShadowStrike\ShadowStrike\src\Shared_modules\Core\Engine\EmulationEngine.cpp(366,37):
      ─░┼şaretlenen t├╝rler ilgisiz; d├Ân├╝┼şt├╝rme reinterpret_cast, C stili t├╝r d├Ân├╝┼şt├╝rme veya parantez i├ğine al─▒nm─▒┼ş i┼şlev stili t├╝r d├Ân├╝┼şt├╝rme gerektiriyor
      C:\ShadowStrike\ShadowStrike\src\Shared_modules\Utils\Logger.hpp(264,16):
      'ShadowStrike::Utils::Logger::Warn' bildirimine bak─▒n
      C:\ShadowStrike\ShadowStrike\src\Shared_modules\Utils\Logger.hpp(278,16):
      'void ShadowStrike::Utils::Logger::Warn(std::basic_format_string<char,type_identity<_Args>::type...>,Args ...)' olabilirdi
          C:\ShadowStrike\ShadowStrike\src\Shared_modules\Core\Engine\EmulationEngine.cpp(366,32):
          ili┼şkili k─▒s─▒tlamalar kar┼ş─▒lanmad─▒
              C:\ShadowStrike\ShadowStrike\src\Shared_modules\Utils\Logger.hpp(277,57):
              k─▒s─▒tlama yerine getirilmedi
      C:\ShadowStrike\ShadowStrike\src\Shared_modules\Core\Engine\EmulationEngine.cpp(366,32):
      '(const wchar_t [88])' ba─ş─▒ms─▒z de─şi┼şken listesi e┼şlenmeye ├ğal─▒┼ş─▒l─▒rken
  
C:\ShadowStrike\ShadowStrike\src\Shared_modules\Core\FileSystem\FileLockManager.cpp(181,13): error C2653: 'Logger': bir s─▒n─▒f veya ad alan─▒ ad─▒ de─şil [C:\ShadowStrike\ShadowStrike\ShadowStrike.vcxproj]
  ('/src/Shared_modules/Core/FileSystem/FileLockManager.cpp' kaynak dosyas─▒ derleniyor)
  
C:\ShadowStrike\ShadowStrike\src\Shared_modules\Core\FileSystem\FileLockManager.cpp(181,21): error C3861: 'Info': tan─▒mlay─▒c─▒ bulunamad─▒ [C:\ShadowStrike\ShadowStrike\ShadowStrike.vcxproj]
  ('/src/Shared_modules/Core/FileSystem/FileLockManager.cpp' kaynak dosyas─▒ derleniyor)
  
C:\ShadowStrike\ShadowStrike\src\Shared_modules\Core\FileSystem\FileLockManager.cpp(187,13): error C2653: 'Logger': bir s─▒n─▒f veya ad alan─▒ ad─▒ de─şil [C:\ShadowStrike\ShadowStrike\ShadowStrike.vcxproj]
  ('/src/Shared_modules/Core/FileSystem/FileLockManager.cpp' kaynak dosyas─▒ derleniyor)
  
C:\ShadowStrike\ShadowStrike\src\Shared_modules\Core\Engine\EmulationEngine.cpp(367,32): error C2664: 'void ShadowStrike::Utils::Logger::Warn(const char *)' : 1 ba─ş─▒ms─▒z de─şi┼şkeni 'const wchar_t [34]' de─şerinden 'const char *' de─şerine d├Ân├╝┼şt├╝r├╝lemez [C:\ShadowStrike\ShadowStrike\ShadowStrike.vcxproj]
  ('/src/Shared_modules/Core/Engine/EmulationEngine.cpp' kaynak dosyas─▒ derleniyor)
      C:\ShadowStrike\ShadowStrike\src\Shared_modules\Core\Engine\EmulationEngine.cpp(367,37):
      ─░┼şaretlenen t├╝rler ilgisiz; d├Ân├╝┼şt├╝rme reinterpret_cast, C stili t├╝r d├Ân├╝┼şt├╝rme veya parantez i├ğine al─▒nm─▒┼ş i┼şlev stili t├╝r d├Ân├╝┼şt├╝rme gerektiriyor
      C:\ShadowStrike\ShadowStrike\src\Shared_modules\Utils\Logger.hpp(264,16):
      'ShadowStrike::Utils::Logger::Warn' bildirimine bak─▒n
      C:\ShadowStrike\ShadowStrike\src\Shared_modules\Utils\Logger.hpp(278,16):
      'void ShadowStrike::Utils::Logger::Warn(std::basic_format_string<char,type_identity<_Args>::type...>,Args ...)' olabilirdi
          C:\ShadowStrike\ShadowStrike\src\Shared_modules\Core\Engine\EmulationEngine.cpp(367,32):
          ili┼şkili k─▒s─▒tlamalar kar┼ş─▒lanmad─▒
              C:\ShadowStrike\ShadowStrike\src\Shared_modules\Utils\Logger.hpp(277,57):
              k─▒s─▒tlama yerine getirilmedi
      C:\ShadowStrike\ShadowStrike\src\Shared_modules\Core\Engine\EmulationEngine.cpp(367,32):
      '(const wchar_t [34])' ba─ş─▒ms─▒z de─şi┼şken listesi e┼şlenmeye ├ğal─▒┼ş─▒l─▒rken
  
C:\ShadowStrike\ShadowStrike\src\Shared_modules\Core\FileSystem\FileLockManager.cpp(187,21): error C3861: 'Error': tan─▒mlay─▒c─▒ bulunamad─▒ [C:\ShadowStrike\ShadowStrike\ShadowStrike.vcxproj]
  ('/src/Shared_modules/Core/FileSystem/FileLockManager.cpp' kaynak dosyas─▒ derleniyor)
  
C:\ShadowStrike\ShadowStrike\src\Shared_modules\Core\Engine\EmulationEngine.cpp(370,36): error C2664: 'void ShadowStrike::Utils::Logger::Info(const char *)' : 1 ba─ş─▒ms─▒z de─şi┼şkeni 'const wchar_t [78]' de─şerinden 'const char *' de─şerine d├Ân├╝┼şt├╝r├╝lemez [C:\ShadowStrike\ShadowStrike\ShadowStrike.vcxproj]
  ('/src/Shared_modules/Core/Engine/EmulationEngine.cpp' kaynak dosyas─▒ derleniyor)
      C:\ShadowStrike\ShadowStrike\src\Shared_modules\Core\Engine\EmulationEngine.cpp(370,41):
      ─░┼şaretlenen t├╝rler ilgisiz; d├Ân├╝┼şt├╝rme reinterpret_cast, C stili t├╝r d├Ân├╝┼şt├╝rme veya parantez i├ğine al─▒nm─▒┼ş i┼şlev stili t├╝r d├Ân├╝┼şt├╝rme gerektiriyor
      C:\ShadowStrike\ShadowStrike\src\Shared_modules\Utils\Logger.hpp(265,16):
      'ShadowStrike::Utils::Logger::Info' bildirimine bak─▒n
      C:\ShadowStrike\ShadowStrike\src\Shared_modules\Utils\Logger.hpp(282,16):
      'void ShadowStrike::Utils::Logger::Info(std::basic_format_string<char,type_identity<_Args>::type...>,Args ...)' olabilirdi
          C:\ShadowStrike\ShadowStrike\src\Shared_modules\Core\Engine\EmulationEngine.cpp(370,36):
          ili┼şkili k─▒s─▒tlamalar kar┼ş─▒lanmad─▒
              C:\ShadowStrike\ShadowStrike\src\Shared_modules\Utils\Logger.hpp(281,57):
              k─▒s─▒tlama yerine getirilmedi
      C:\ShadowStrike\ShadowStrike\src\Shared_modules\Core\Engine\EmulationEngine.cpp(370,36):
      '(const wchar_t [78])' ba─ş─▒ms─▒z de─şi┼şken listesi e┼şlenmeye ├ğal─▒┼ş─▒l─▒rken
  
C:\ShadowStrike\ShadowStrike\src\Shared_modules\Core\FileSystem\FileLockManager.cpp(200,13): error C2653: 'Logger': bir s─▒n─▒f veya ad alan─▒ ad─▒ de─şil [C:\ShadowStrike\ShadowStrike\ShadowStrike.vcxproj]
  ('/src/Shared_modules/Core/FileSystem/FileLockManager.cpp' kaynak dosyas─▒ derleniyor)
  
C:\ShadowStrike\ShadowStrike\src\Shared_modules\Core\FileSystem\FileLockManager.cpp(200,21): error C3861: 'Info': tan─▒mlay─▒c─▒ bulunamad─▒ [C:\ShadowStrike\ShadowStrike\ShadowStrike.vcxproj]
  ('/src/Shared_modules/Core/FileSystem/FileLockManager.cpp' kaynak dosyas─▒ derleniyor)
  
C:\ShadowStrike\ShadowStrike\src\Shared_modules\Core\FileSystem\FileLockManager.cpp(219,17): error C2653: 'Logger': bir s─▒n─▒f veya ad alan─▒ ad─▒ de─şil [C:\ShadowStrike\ShadowStrike\ShadowStrike.vcxproj]
  ('/src/Shared_modules/Core/FileSystem/FileLockManager.cpp' kaynak dosyas─▒ derleniyor)
  
C:\ShadowStrike\ShadowStrike\src\Shared_modules\Core\FileSystem\FileLockManager.cpp(219,55): error C2653: 'StringUtils': bir s─▒n─▒f veya ad alan─▒ ad─▒ de─şil [C:\ShadowStrike\ShadowStrike\ShadowStrike.vcxproj]
  ('/src/Shared_modules/Core/FileSystem/FileLockManager.cpp' kaynak dosyas─▒ derleniyor)
  
C:\ShadowStrike\ShadowStrike\src\Shared_modules\Core\FileSystem\FileLockManager.cpp(219,68): error C3861: 'WideToUtf8': tan─▒mlay─▒c─▒ bulunamad─▒ [C:\ShadowStrike\ShadowStrike\ShadowStrike.vcxproj]
  ('/src/Shared_modules/Core/FileSystem/FileLockManager.cpp' kaynak dosyas─▒ derleniyor)
  
C:\ShadowStrike\ShadowStrike\src\Shared_modules\Core\Engine\EmulationEngine.cpp(373,36): error C2664: 'void ShadowStrike::Utils::Logger::Info(const char *)' : 1 ba─ş─▒ms─▒z de─şi┼şkeni 'const wchar_t [63]' de─şerinden 'const char *' de─şerine d├Ân├╝┼şt├╝r├╝lemez [C:\ShadowStrike\ShadowStrike\ShadowStrike.vcxproj]
  ('/src/Shared_modules/Core/Engine/EmulationEngine.cpp' kaynak dosyas─▒ derleniyor)
      C:\ShadowStrike\ShadowStrike\src\Shared_modules\Core\Engine\EmulationEngine.cpp(373,41):
      ─░┼şaretlenen t├╝rler ilgisiz; d├Ân├╝┼şt├╝rme reinterpret_cast, C stili t├╝r d├Ân├╝┼şt├╝rme veya parantez i├ğine al─▒nm─▒┼ş i┼şlev stili t├╝r d├Ân├╝┼şt├╝rme gerektiriyor
      C:\ShadowStrike\ShadowStrike\src\Shared_modules\Utils\Logger.hpp(265,16):
      'ShadowStrike::Utils::Logger::Info' bildirimine bak─▒n
      C:\ShadowStrike\ShadowStrike\src\Shared_modules\Utils\Logger.hpp(282,16):
      'void ShadowStrike::Utils::Logger::Info(std::basic_format_string<char,type_identity<_Args>::type...>,Args ...)' olabilirdi
          C:\ShadowStrike\ShadowStrike\src\Shared_modules\Core\Engine\EmulationEngine.cpp(373,36):
          ili┼şkili k─▒s─▒tlamalar kar┼ş─▒lanmad─▒
              C:\ShadowStrike\ShadowStrike\src\Shared_modules\Utils\Logger.hpp(281,57):
              k─▒s─▒tlama yerine getirilmedi
      C:\ShadowStrike\ShadowStrike\src\Shared_modules\Core\Engine\EmulationEngine.cpp(373,36):
      '(const wchar_t [63])' ba─ş─▒ms─▒z de─şi┼şken listesi e┼şlenmeye ├ğal─▒┼ş─▒l─▒rken
  
C:\ShadowStrike\ShadowStrike\src\Shared_modules\Core\FileSystem\FileLockManager.cpp(219,25): error C3861: 'Warn': tan─▒mlay─▒c─▒ bulunamad─▒ [C:\ShadowStrike\ShadowStrike\ShadowStrike.vcxproj]
  ('/src/Shared_modules/Core/FileSystem/FileLockManager.cpp' kaynak dosyas─▒ derleniyor)
  
C:\ShadowStrike\ShadowStrike\src\Shared_modules\Core\FileSystem\FileLockManager.cpp(233,13): error C2653: 'Logger': bir s─▒n─▒f veya ad alan─▒ ad─▒ de─şil [C:\ShadowStrike\ShadowStrike\ShadowStrike.vcxproj]
  ('/src/Shared_modules/Core/FileSystem/FileLockManager.cpp' kaynak dosyas─▒ derleniyor)
  
C:\ShadowStrike\ShadowStrike\src\Shared_modules\Core\FileSystem\FileLockManager.cpp(233,21): error C3861: 'Error': tan─▒mlay─▒c─▒ bulunamad─▒ [C:\ShadowStrike\ShadowStrike\ShadowStrike.vcxproj]
  ('/src/Shared_modules/Core/FileSystem/FileLockManager.cpp' kaynak dosyas─▒ derleniyor)
  
C:\ShadowStrike\ShadowStrike\src\Shared_modules\Core\FileSystem\FileHasher.cpp(268,9): error C2593: 'operator <<' belirsiz [C:\ShadowStrike\ShadowStrike\ShadowStrike.vcxproj]
  ('/src/Shared_modules/Core/FileSystem/FileHasher.cpp' kaynak dosyas─▒ derleniyor)
      C:\Program Files\Microsoft Visual Studio\2022\Community\VC\Tools\MSVC\14.44.35207\include\__msvc_ostream.hpp(480,39):
      'std::basic_ostream<char,std::char_traits<char>> &std::basic_ostream<char,std::char_traits<char>>::operator <<(std::basic_streambuf<char,std::char_traits<char>> *)' olabilirdi
      C:\Program Files\Microsoft Visual Studio\2022\Community\VC\Tools\MSVC\14.44.35207\include\__msvc_ostream.hpp(448,39):
      veya       'std::basic_ostream<char,std::char_traits<char>> &std::basic_ostream<char,std::char_traits<char>>::operator <<(const void *)'
      C:\Program Files\Microsoft Visual Studio\2022\Community\VC\Tools\MSVC\14.44.35207\include\__msvc_ostream.hpp(430,39):
      veya       'std::basic_ostream<char,std::char_traits<char>> &std::basic_ostream<char,std::char_traits<char>>::operator <<(long double)'
      C:\Program Files\Microsoft Visual Studio\2022\Community\VC\Tools\MSVC\14.44.35207\include\__msvc_ostream.hpp(412,39):
      veya       'std::basic_ostream<char,std::char_traits<char>> &std::basic_ostream<char,std::char_traits<char>>::operator <<(double)'
      C:\Program Files\Microsoft Visual Studio\2022\Community\VC\Tools\MSVC\14.44.35207\include\__msvc_ostream.hpp(394,39):
      veya       'std::basic_ostream<char,std::char_traits<char>> &std::basic_ostream<char,std::char_traits<char>>::operator <<(float)'
      C:\Program Files\Microsoft Visual Studio\2022\Community\VC\Tools\MSVC\14.44.35207\include\__msvc_ostream.hpp(376,39):
      veya       'std::basic_ostream<char,std::char_traits<char>> &std::basic_ostream<char,std::char_traits<char>>::operator <<(unsigned __int64)'
      C:\Program Files\Microsoft Visual Studio\2022\Community\VC\Tools\MSVC\14.44.35207\include\__msvc_ostream.hpp(358,39):
      veya       'std::basic_ostream<char,std::char_traits<char>> &std::basic_ostream<char,std::char_traits<char>>::operator <<(__int64)'
      C:\Program Files\Microsoft Visual Studio\2022\Community\VC\Tools\MSVC\14.44.35207\include\__msvc_ostream.hpp(340,39):
      veya       'std::basic_ostream<char,std::char_traits<char>> &std::basic_ostream<char,std::char_traits<char>>::operator <<(unsigned long)'
      C:\Program Files\Microsoft Visual Studio\2022\Community\VC\Tools\MSVC\14.44.35207\include\__msvc_ostream.hpp(322,39):
      veya       'std::basic_ostream<char,std::char_traits<char>> &std::basic_ostream<char,std::char_traits<char>>::operator <<(long)'
      C:\Program Files\Microsoft Visual Studio\2022\Community\VC\Tools\MSVC\14.44.35207\include\__msvc_ostream.hpp(303,39):
      veya       'std::basic_ostream<char,std::char_traits<char>> &std::basic_ostream<char,std::char_traits<char>>::operator <<(unsigned int)'
      C:\Program Files\Microsoft Visual Studio\2022\Community\VC\Tools\MSVC\14.44.35207\include\__msvc_ostream.hpp(277,39):
      veya       'std::basic_ostream<char,std::char_traits<char>> &std::basic_ostream<char,std::char_traits<char>>::operator <<(int)'
      C:\Program Files\Microsoft Visual Studio\2022\Community\VC\Tools\MSVC\14.44.35207\include\__msvc_ostream.hpp(258,39):
      veya       'std::basic_ostream<char,std::char_traits<char>> &std::basic_ostream<char,std::char_traits<char>>::operator <<(unsigned short)'
      C:\Program Files\Microsoft Visual Studio\2022\Community\VC\Tools\MSVC\14.44.35207\include\__msvc_ostream.hpp(224,39):
      veya       'std::basic_ostream<char,std::char_traits<char>> &std::basic_ostream<char,std::char_traits<char>>::operator <<(short)'
      C:\Program Files\Microsoft Visual Studio\2022\Community\VC\Tools\MSVC\14.44.35207\include\__msvc_ostream.hpp(206,39):
      veya       'std::basic_ostream<char,std::char_traits<char>> &std::basic_ostream<char,std::char_traits<char>>::operator <<(bool)'
      C:\Program Files\Microsoft Visual Studio\2022\Community\VC\Tools\MSVC\14.44.35207\include\__msvc_ostream.hpp(200,39):
      veya       'std::basic_ostream<char,std::char_traits<char>> &std::basic_ostream<char,std::char_traits<char>>::operator <<(std::ios_base &(__cdecl *)(std::ios_base &))'
      C:\Program Files\Microsoft Visual Studio\2022\Community\VC\Tools\MSVC\14.44.35207\include\__msvc_ostream.hpp(194,39):
      veya       'std::basic_ostream<char,std::char_traits<char>> &std::basic_ostream<char,std::char_traits<char>>::operator <<(std::basic_ios<char,std::char_traits<char>> &(__cdecl *)(std::basic_ios<char,std::char_traits<char>> &))'
      C:\Program Files\Microsoft Visual Studio\2022\Community\VC\Tools\MSVC\14.44.35207\include\__msvc_ostream.hpp(189,39):
      veya       'std::basic_ostream<char,std::char_traits<char>> &std::basic_ostream<char,std::char_traits<char>>::operator <<(std::basic_ostream<char,std::char_traits<char>> &(__cdecl *)(std::basic_ostream<char,std::char_traits<char>> &))'
      C:\Program Files\Microsoft Visual Studio\2022\Community\VC\Tools\MSVC\14.44.35207\include\__msvc_ostream.hpp(475,20):
      veya       'std::basic_ostream<char,std::char_traits<char>> &std::basic_ostream<char,std::char_traits<char>>::operator <<<void>(std::nullptr_t)'
      C:\Program Files\Microsoft Visual Studio\2022\Community\VC\Tools\MSVC\14.44.35207\include\__msvc_ostream.hpp(468,20):
      veya       'std::basic_ostream<char,std::char_traits<char>> &std::basic_ostream<char,std::char_traits<char>>::operator <<<void>(volatile const void *)'
      C:\Program Files\Microsoft Visual Studio\2022\Community\VC\Tools\MSVC\14.44.35207\include\chrono(5257,37):
      veya       'std::basic_ostream<char,std::char_traits<char>> &std::chrono::operator <<<char,std::char_traits<char>>(std::basic_ostream<char,std::char_traits<char>> &,const std::chrono::sys_days &)'
      C:\Program Files\Microsoft Visual Studio\2022\Community\VC\Tools\MSVC\14.44.35207\include\chrono(5229,37):
      veya       'std::basic_ostream<char,std::char_traits<char>> &std::chrono::operator <<<char,std::char_traits<char>>(std::basic_ostream<char,std::char_traits<char>> &,const std::chrono::local_info &)'
      C:\Program Files\Microsoft Visual Studio\2022\Community\VC\Tools\MSVC\14.44.35207\include\chrono(5222,37):
      veya       'std::basic_ostream<char,std::char_traits<char>> &std::chrono::operator <<<char,std::char_traits<char>>(std::basic_ostream<char,std::char_traits<char>> &,const std::chrono::sys_info &)'
      C:\Program Files\Microsoft Visual Studio\2022\Community\VC\Tools\MSVC\14.44.35207\include\chrono(5198,37):
      veya       'std::basic_ostream<char,std::char_traits<char>> &std::chrono::operator <<<char,std::char_traits<char>>(std::basic_ostream<char,std::char_traits<char>> &,const std::chrono::year_month_weekday_last &)'
      C:\Program Files\Microsoft Visual Studio\2022\Community\VC\Tools\MSVC\14.44.35207\include\chrono(5192,37):
      veya       'std::basic_ostream<char,std::char_traits<char>> &std::chrono::operator <<<char,std::char_traits<char>>(std::basic_ostream<char,std::char_traits<char>> &,const std::chrono::year_month_weekday &)'
      C:\Program Files\Microsoft Visual Studio\2022\Community\VC\Tools\MSVC\14.44.35207\include\chrono(5186,37):
      veya       'std::basic_ostream<char,std::char_traits<char>> &std::chrono::operator <<<char,std::char_traits<char>>(std::basic_ostream<char,std::char_traits<char>> &,const std::chrono::year_month_day_last &)'
      C:\Program Files\Microsoft Visual Studio\2022\Community\VC\Tools\MSVC\14.44.35207\include\chrono(5180,37):
      veya       'std::basic_ostream<char,std::char_traits<char>> &std::chrono::operator <<<char,std::char_traits<char>>(std::basic_ostream<char,std::char_traits<char>> &,const std::chrono::year_month_day &)'
      C:\Program Files\Microsoft Visual Studio\2022\Community\VC\Tools\MSVC\14.44.35207\include\chrono(5175,37):
      veya       'std::basic_ostream<char,std::char_traits<char>> &std::chrono::operator <<<char,std::char_traits<char>>(std::basic_ostream<char,std::char_traits<char>> &,const std::chrono::year_month &)'
      C:\Program Files\Microsoft Visual Studio\2022\Community\VC\Tools\MSVC\14.44.35207\include\chrono(5169,37):
      veya       'std::basic_ostream<char,std::char_traits<char>> &std::chrono::operator <<<char,std::char_traits<char>>(std::basic_ostream<char,std::char_traits<char>> &,const std::chrono::month_weekday_last &)'
      C:\Program Files\Microsoft Visual Studio\2022\Community\VC\Tools\MSVC\14.44.35207\include\chrono(5163,37):
      veya       'std::basic_ostream<char,std::char_traits<char>> &std::chrono::operator <<<char,std::char_traits<char>>(std::basic_ostream<char,std::char_traits<char>> &,const std::chrono::month_weekday &)'
      C:\Program Files\Microsoft Visual Studio\2022\Community\VC\Tools\MSVC\14.44.35207\include\chrono(5158,37):
      veya       'std::basic_ostream<char,std::char_traits<char>> &std::chrono::operator <<<char,std::char_traits<char>>(std::basic_ostream<char,std::char_traits<char>> &,const std::chrono::month_day_last &)'
      C:\Program Files\Microsoft Visual Studio\2022\Community\VC\Tools\MSVC\14.44.35207\include\chrono(5153,37):
      veya       'std::basic_ostream<char,std::char_traits<char>> &std::chrono::operator <<<char,std::char_traits<char>>(std::basic_ostream<char,std::char_traits<char>> &,const std::chrono::month_day &)'
      C:\Program Files\Microsoft Visual Studio\2022\Community\VC\Tools\MSVC\14.44.35207\include\chrono(5148,37):
      veya       'std::basic_ostream<char,std::char_traits<char>> &std::chrono::operator <<<char,std::char_traits<char>>(std::basic_ostream<char,std::char_traits<char>> &,const std::chrono::weekday_last &)'
      C:\Program Files\Microsoft Visual Studio\2022\Community\VC\Tools\MSVC\14.44.35207\include\chrono(5139,37):
      veya       'std::basic_ostream<char,std::char_traits<char>> &std::chrono::operator <<<char,std::char_traits<char>>(std::basic_ostream<char,std::char_traits<char>> &,const std::chrono::weekday_indexed &)'
      C:\Program Files\Microsoft Visual Studio\2022\Community\VC\Tools\MSVC\14.44.35207\include\chrono(5132,37):
      veya       'std::basic_ostream<char,std::char_traits<char>> &std::chrono::operator <<<char,std::char_traits<char>>(std::basic_ostream<char,std::char_traits<char>> &,const std::chrono::weekday &)'
      C:\Program Files\Microsoft Visual Studio\2022\Community\VC\Tools\MSVC\14.44.35207\include\chrono(5126,37):
      veya       'std::basic_ostream<char,std::char_traits<char>> &std::chrono::operator <<<char,std::char_traits<char>>(std::basic_ostream<char,std::char_traits<char>> &,const std::chrono::year &)'
      C:\Program Files\Microsoft Visual Studio\2022\Community\VC\Tools\MSVC\14.44.35207\include\chrono(5119,37):
      veya       'std::basic_ostream<char,std::char_traits<char>> &std::chrono::operator <<<char,std::char_traits<char>>(std::basic_ostream<char,std::char_traits<char>> &,const std::chrono::month &)'
      C:\Program Files\Microsoft Visual Studio\2022\Community\VC\Tools\MSVC\14.44.35207\include\chrono(5113,37):
      veya       'std::basic_ostream<char,std::char_traits<char>> &std::chrono::operator <<<char,std::char_traits<char>>(std::basic_ostream<char,std::char_traits<char>> &,const std::chrono::day &)'
      C:\Program Files\Microsoft Visual Studio\2022\Community\VC\Tools\MSVC\14.44.35207\include\__msvc_ostream.hpp(688,32):
      veya       'std::basic_ostream<char,std::char_traits<char>> &std::operator <<<char,std::char_traits<char>>(std::basic_ostream<char,std::char_traits<char>> &,const char *)'
      C:\Program Files\Microsoft Visual Studio\2022\Community\VC\Tools\MSVC\14.44.35207\include\__msvc_ostream.hpp(732,32):
      veya       'std::basic_ostream<char,std::char_traits<char>> &std::operator <<<char,std::char_traits<char>>(std::basic_ostream<char,std::char_traits<char>> &,char)'
      C:\Program Files\Microsoft Visual Studio\2022\Community\VC\Tools\MSVC\14.44.35207\include\__msvc_ostream.hpp(768,31):
      veya       'std::basic_ostream<char,std::char_traits<char>> &std::operator <<<std::char_traits<char>>(std::basic_ostream<char,std::char_traits<char>> &,const char *)'
      C:\Program Files\Microsoft Visual Studio\2022\Community\VC\Tools\MSVC\14.44.35207\include\__msvc_ostream.hpp(813,31):
      veya       'std::basic_ostream<char,std::char_traits<char>> &std::operator <<<std::char_traits<char>>(std::basic_ostream<char,std::char_traits<char>> &,char)'
      C:\Program Files\Microsoft Visual Studio\2022\Community\VC\Tools\MSVC\14.44.35207\include\__msvc_ostream.hpp(930,31):
      veya       'std::basic_ostream<char,std::char_traits<char>> &std::operator <<<std::char_traits<char>>(std::basic_ostream<char,std::char_traits<char>> &,const signed char *)'
      C:\Program Files\Microsoft Visual Studio\2022\Community\VC\Tools\MSVC\14.44.35207\include\__msvc_ostream.hpp(936,31):
      veya       'std::basic_ostream<char,std::char_traits<char>> &std::operator <<<std::char_traits<char>>(std::basic_ostream<char,std::char_traits<char>> &,signed char)'
      C:\Program Files\Microsoft Visual Studio\2022\Community\VC\Tools\MSVC\14.44.35207\include\__msvc_ostream.hpp(941,31):
      veya       'std::basic_ostream<char,std::char_traits<char>> &std::operator <<<std::char_traits<char>>(std::basic_ostream<char,std::char_traits<char>> &,const unsigned char *)'
      C:\Program Files\Microsoft Visual Studio\2022\Community\VC\Tools\MSVC\14.44.35207\include\__msvc_ostream.hpp(947,31):
      veya       'std::basic_ostream<char,std::char_traits<char>> &std::operator <<<std::char_traits<char>>(std::basic_ostream<char,std::char_traits<char>> &,unsigned char)'
      C:\Program Files\Microsoft Visual Studio\2022\Community\VC\Tools\MSVC\14.44.35207\include\__msvc_ostream.hpp(955,31):
      veya       'std::basic_ostream<char,std::char_traits<char>> &std::operator <<<std::char_traits<char>>(std::basic_ostream<char,std::char_traits<char>> &,const char8_t *)'
      C:\Program Files\Microsoft Visual Studio\2022\Community\VC\Tools\MSVC\14.44.35207\include\__msvc_ostream.hpp(961,31):
      veya       'std::basic_ostream<char,std::char_traits<char>> &std::operator <<<std::char_traits<char>>(std::basic_ostream<char,std::char_traits<char>> &,char8_t)'
      C:\Program Files\Microsoft Visual Studio\2022\Community\VC\Tools\MSVC\14.44.35207\include\__msvc_ostream.hpp(969,31):
      veya       'std::basic_ostream<char,std::char_traits<char>> &std::operator <<<std::char_traits<char>>(std::basic_ostream<char,std::char_traits<char>> &,wchar_t)'
      C:\Program Files\Microsoft Visual Studio\2022\Community\VC\Tools\MSVC\14.44.35207\include\__msvc_ostream.hpp(972,31):
      veya       'std::basic_ostream<char,std::char_traits<char>> &std::operator <<<std::char_traits<char>>(std::basic_ostream<char,std::char_traits<char>> &,const wchar_t *)'
      C:\Program Files\Microsoft Visual Studio\2022\Community\VC\Tools\MSVC\14.44.35207\include\__msvc_ostream.hpp(976,31):
      veya       'std::basic_ostream<char,std::char_traits<char>> &std::operator <<<std::char_traits<char>>(std::basic_ostream<char,std::char_traits<char>> &,char16_t)'
      C:\Program Files\Microsoft Visual Studio\2022\Community\VC\Tools\MSVC\14.44.35207\include\__msvc_ostream.hpp(978,31):
      veya       'std::basic_ostream<char,std::char_traits<char>> &std::operator <<<std::char_traits<char>>(std::basic_ostream<char,std::char_traits<char>> &,char32_t)'
      C:\Program Files\Microsoft Visual Studio\2022\Community\VC\Tools\MSVC\14.44.35207\include\__msvc_ostream.hpp(986,31):
      veya       'std::basic_ostream<char,std::char_traits<char>> &std::operator <<<std::char_traits<char>>(std::basic_ostream<char,std::char_traits<char>> &,const char16_t *)'
      C:\Program Files\Microsoft Visual Studio\2022\Community\VC\Tools\MSVC\14.44.35207\include\__msvc_ostream.hpp(988,31):
      veya       'std::basic_ostream<char,std::char_traits<char>> &std::operator <<<std::char_traits<char>>(std::basic_ostream<char,std::char_traits<char>> &,const char32_t *)'
      C:\Program Files\Microsoft Visual Studio\2022\Community\VC\Tools\MSVC\14.44.35207\include\__msvc_ostream.hpp(1031,32):
      veya       'std::basic_ostream<char,std::char_traits<char>> &std::operator <<<char,std::char_traits<char>>(std::basic_ostream<char,std::char_traits<char>> &,const std::error_code &)'
      C:\Program Files\Microsoft Visual Studio\2022\Community\VC\Tools\MSVC\14.44.35207\include\thread(298,26):
      veya       'std::basic_ostream<char,std::char_traits<char>> &std::operator <<<char,std::char_traits<char>>(std::basic_ostream<char,std::char_traits<char>> &,std::thread::id)'
      C:\ShadowStrike\ShadowStrike\src\Shared_modules\Core\FileSystem\FileHasher.cpp(268,9):
      '(std::basic_ostream<char,std::char_traits<char>>, <error type>)' ba─ş─▒ms─▒z de─şi┼şken listesi e┼şlenmeye ├ğal─▒┼ş─▒l─▒rken
  
C:\ShadowStrike\ShadowStrike\src\Shared_modules\Core\Engine\EmulationEngine.cpp(380,28): error C2664: 'void ShadowStrike::Utils::Logger::Info(const char *)' : 1 ba─ş─▒ms─▒z de─şi┼şkeni 'const wchar_t [42]' de─şerinden 'const char *' de─şerine d├Ân├╝┼şt├╝r├╝lemez [C:\ShadowStrike\ShadowStrike\ShadowStrike.vcxproj]
  ('/src/Shared_modules/Core/Engine/EmulationEngine.cpp' kaynak dosyas─▒ derleniyor)
      C:\ShadowStrike\ShadowStrike\src\Shared_modules\Core\Engine\EmulationEngine.cpp(380,33):
      ─░┼şaretlenen t├╝rler ilgisiz; d├Ân├╝┼şt├╝rme reinterpret_cast, C stili t├╝r d├Ân├╝┼şt├╝rme veya parantez i├ğine al─▒nm─▒┼ş i┼şlev stili t├╝r d├Ân├╝┼şt├╝rme gerektiriyor
      C:\ShadowStrike\ShadowStrike\src\Shared_modules\Utils\Logger.hpp(265,16):
      'ShadowStrike::Utils::Logger::Info' bildirimine bak─▒n
      C:\ShadowStrike\ShadowStrike\src\Shared_modules\Utils\Logger.hpp(282,16):
      'void ShadowStrike::Utils::Logger::Info(std::basic_format_string<char,type_identity<_Args>::type...>,Args ...)' olabilirdi
          C:\ShadowStrike\ShadowStrike\src\Shared_modules\Core\Engine\EmulationEngine.cpp(380,28):
          ili┼şkili k─▒s─▒tlamalar kar┼ş─▒lanmad─▒
              C:\ShadowStrike\ShadowStrike\src\Shared_modules\Utils\Logger.hpp(281,57):
              k─▒s─▒tlama yerine getirilmedi
      C:\ShadowStrike\ShadowStrike\src\Shared_modules\Core\Engine\EmulationEngine.cpp(380,28):
      '(const wchar_t [42])' ba─ş─▒ms─▒z de─şi┼şken listesi e┼şlenmeye ├ğal─▒┼ş─▒l─▒rken
  
C:\ShadowStrike\ShadowStrike\src\Shared_modules\Core\FileSystem\FileHasher.cpp(269,34): error C2065: 'fileSize': bildirimi yap─▒lmam─▒┼ş tan─▒mlay─▒c─▒ [C:\ShadowStrike\ShadowStrike\ShadowStrike.vcxproj]
  ('/src/Shared_modules/Core/FileSystem/FileHasher.cpp' kaynak dosyas─▒ derleniyor)
  
C:\ShadowStrike\ShadowStrike\src\Shared_modules\Core\FileSystem\FileHasher.cpp(271,9): error C2065: 'hasMD5': bildirimi yap─▒lmam─▒┼ş tan─▒mlay─▒c─▒ [C:\ShadowStrike\ShadowStrike\ShadowStrike.vcxproj]
  ('/src/Shared_modules/Core/FileSystem/FileHasher.cpp' kaynak dosyas─▒ derleniyor)
  
C:\ShadowStrike\ShadowStrike\src\Shared_modules\Core\Engine\EmulationEngine.cpp(385,37): error C2039: 'ToWideString': bir 'ShadowStrike::Utils::StringUtils' ├╝yesi de─şil [C:\ShadowStrike\ShadowStrike\ShadowStrike.vcxproj]
  ('/src/Shared_modules/Core/Engine/EmulationEngine.cpp' kaynak dosyas─▒ derleniyor)
      C:\ShadowStrike\ShadowStrike\src\Shared_modules\Utils\StringUtils.hpp(63,19):
      'ShadowStrike::Utils::StringUtils' bildirimine bak─▒n
  
C:\ShadowStrike\ShadowStrike\src\Shared_modules\Core\Engine\EmulationEngine.cpp(385,37): error C3861: 'ToWideString': tan─▒mlay─▒c─▒ bulunamad─▒ [C:\ShadowStrike\ShadowStrike\ShadowStrike.vcxproj]
  ('/src/Shared_modules/Core/Engine/EmulationEngine.cpp' kaynak dosyas─▒ derleniyor)
  
C:\ShadowStrike\ShadowStrike\src\Shared_modules\Core\Engine\EmulationEngine.cpp(385,37): error C1003: hata say─▒s─▒ 100 taneyi a┼şt─▒; derleme durduruluyor [C:\ShadowStrike\ShadowStrike\ShadowStrike.vcxproj]
  ('/src/Shared_modules/Core/Engine/EmulationEngine.cpp' kaynak dosyas─▒ derleniyor)
  
C:\ShadowStrike\ShadowStrike\src\Shared_modules\Core\FileSystem\FileHasher.cpp(271,43): error C2065: 'md5Hex': bildirimi yap─▒lmam─▒┼ş tan─▒mlay─▒c─▒ [C:\ShadowStrike\ShadowStrike\ShadowStrike.vcxproj]
  ('/src/Shared_modules/Core/FileSystem/FileHasher.cpp' kaynak dosyas─▒ derleniyor)
  
C:\ShadowStrike\ShadowStrike\src\Shared_modules\Core\FileSystem\FileHasher.cpp(272,9): error C2065: 'hasSHA1': bildirimi yap─▒lmam─▒┼ş tan─▒mlay─▒c─▒ [C:\ShadowStrike\ShadowStrike\ShadowStrike.vcxproj]
  BrowserMinerDetector.cpp
  ('/src/Shared_modules/Core/FileSystem/FileHasher.cpp' kaynak dosyas─▒ derleniyor)
  
C:\ShadowStrike\ShadowStrike\src\Shared_modules\Core\FileSystem\FileHasher.cpp(272,45): error C2065: 'sha1Hex': bildirimi yap─▒lmam─▒┼ş tan─▒mlay─▒c─▒ [C:\ShadowStrike\ShadowStrike\ShadowStrike.vcxproj]
  ('/src/Shared_modules/Core/FileSystem/FileHasher.cpp' kaynak dosyas─▒ derleniyor)
  
C:\ShadowStrike\ShadowStrike\src\Shared_modules\Core\FileSystem\FileHasher.cpp(273,9): error C2065: 'hasSHA256': bildirimi yap─▒lmam─▒┼ş tan─▒mlay─▒c─▒ [C:\ShadowStrike\ShadowStrike\ShadowStrike.vcxproj]
  ('/src/Shared_modules/Core/FileSystem/FileHasher.cpp' kaynak dosyas─▒ derleniyor)
  
C:\ShadowStrike\ShadowStrike\src\Shared_modules\Core\FileSystem\FileLockManager.cpp(271,20): error C2678: ikili '++': 'const std::atomic<unsigned __int64>' t├╝r├╝nde bir sol taraf i┼şleneni alan hi├ğbir i┼şle├ğ bulunamad─▒ (veya hi├ğ kabul edilebilir d├Ân├╝┼şt├╝rme yok) [C:\ShadowStrike\ShadowStrike\ShadowStrike.vcxproj]
  ('/src/Shared_modules/Core/FileSystem/FileLockManager.cpp' kaynak dosyas─▒ derleniyor)
      C:\Program Files\Microsoft Visual Studio\2022\Community\VC\Tools\MSVC\14.44.35207\include\atomic(1690,9):
      '_Ty std::_Atomic_integral_facade<_Ty>::operator ++(int) noexcept volatile' olabilirdi
          with
          [
              _Ty=unsigned __int64
          ]
          C:\ShadowStrike\ShadowStrike\src\Shared_modules\Core\FileSystem\FileLockManager.cpp(271,20):
          '_Ty std::_Atomic_integral_facade<_Ty>::operator ++(int) noexcept volatile': 'this' i┼şaret├ğisi 'const std::atomic<unsigned __int64>' iken 'volatile std::_Atomic_integral_facade<_Ty> &' olarak d├Ân├╝┼şt├╝r├╝lemiyor
          with
          [
              _Ty=unsigned __int64
          ]
              C:\ShadowStrike\ShadowStrike\src\Shared_modules\Core\FileSystem\FileLockManager.cpp(271,20):
              D├Ân├╝┼şt├╝rme niteleyicileri kaybediyor
      C:\Program Files\Microsoft Visual Studio\2022\Community\VC\Tools\MSVC\14.44.35207\include\atomic(1573,11):
      veya       'unsigned __int64 std::_Atomic_integral<_Ty,8>::operator ++(int) noexcept'
          with
          [
              _Ty=unsigned __int64
          ]
          C:\ShadowStrike\ShadowStrike\src\Shared_modules\Core\FileSystem\FileLockManager.cpp(271,20):
          'unsigned __int64 std::_Atomic_integral<_Ty,8>::operator ++(int) noexcept': 'this' i┼şaret├ğisi 'const std::atomic<unsigned __int64>' iken 'std::_Atomic_integral_facade<_Ty> &' olarak d├Ân├╝┼şt├╝r├╝lemiyor
          with
          [
              _Ty=unsigned __int64
          ]
              C:\ShadowStrike\ShadowStrike\src\Shared_modules\Core\FileSystem\FileLockManager.cpp(271,20):
              D├Ân├╝┼şt├╝rme niteleyicileri kaybediyor
      C:\ShadowStrike\ShadowStrike\src\Shared_modules\Core\FileSystem\FileLockManager.cpp(271,20):
      '(const std::atomic<unsigned __int64>, int)' ba─ş─▒ms─▒z de─şi┼şken listesi e┼şlenmeye ├ğal─▒┼ş─▒l─▒rken
  
C:\ShadowStrike\ShadowStrike\src\Shared_modules\Core\FileSystem\FileLockManager.cpp(274,13): error C2653: 'Logger': bir s─▒n─▒f veya ad alan─▒ ad─▒ de─şil [C:\ShadowStrike\ShadowStrike\ShadowStrike.vcxproj]
  ('/src/Shared_modules/Core/FileSystem/FileLockManager.cpp' kaynak dosyas─▒ derleniyor)
  
C:\ShadowStrike\ShadowStrike\src\Shared_modules\Core\FileSystem\FileLockManager.cpp(274,21): error C3861: 'Error': tan─▒mlay─▒c─▒ bulunamad─▒ [C:\ShadowStrike\ShadowStrike\ShadowStrike.vcxproj]
  ('/src/Shared_modules/Core/FileSystem/FileLockManager.cpp' kaynak dosyas─▒ derleniyor)
  
C:\ShadowStrike\ShadowStrike\src\Shared_modules\Core\FileSystem\FileHasher.cpp(273,49): error C2065: 'sha256Hex': bildirimi yap─▒lmam─▒┼ş tan─▒mlay─▒c─▒ [C:\ShadowStrike\ShadowStrike\ShadowStrike.vcxproj]
  CPUUsageAnalyzer.cpp
  ('/src/Shared_modules/Core/FileSystem/FileHasher.cpp' kaynak dosyas─▒ derleniyor)
  
C:\ShadowStrike\ShadowStrike\src\Shared_modules\Core\FileSystem\FileHasher.cpp(274,9): error C2065: 'hasSHA512': bildirimi yap─▒lmam─▒┼ş tan─▒mlay─▒c─▒ [C:\ShadowStrike\ShadowStrike\ShadowStrike.vcxproj]
  ('/src/Shared_modules/Core/FileSystem/FileHasher.cpp' kaynak dosyas─▒ derleniyor)
  
C:\ShadowStrike\ShadowStrike\src\Shared_modules\Core\FileSystem\FileLockManager.cpp(307,13): error C2653: 'Logger': bir s─▒n─▒f veya ad alan─▒ ad─▒ de─şil [C:\ShadowStrike\ShadowStrike\ShadowStrike.vcxproj]
  ('/src/Shared_modules/Core/FileSystem/FileLockManager.cpp' kaynak dosyas─▒ derleniyor)
  
C:\ShadowStrike\ShadowStrike\src\Shared_modules\Core\FileSystem\FileLockManager.cpp(307,21): error C3861: 'Error': tan─▒mlay─▒c─▒ bulunamad─▒ [C:\ShadowStrike\ShadowStrike\ShadowStrike.vcxproj]
  ('/src/Shared_modules/Core/FileSystem/FileLockManager.cpp' kaynak dosyas─▒ derleniyor)
  
C:\ShadowStrike\ShadowStrike\src\Shared_modules\Core\FileSystem\FileHasher.cpp(274,49): error C2065: 'sha512Hex': bildirimi yap─▒lmam─▒┼ş tan─▒mlay─▒c─▒ [C:\ShadowStrike\ShadowStrike\ShadowStrike.vcxproj]
  ('/src/Shared_modules/Core/FileSystem/FileHasher.cpp' kaynak dosyas─▒ derleniyor)
  
C:\ShadowStrike\ShadowStrike\src\Shared_modules\Core\FileSystem\FileLockManager.cpp(333,13): error C2653: 'Logger': bir s─▒n─▒f veya ad alan─▒ ad─▒ de─şil [C:\ShadowStrike\ShadowStrike\ShadowStrike.vcxproj]
  ('/src/Shared_modules/Core/FileSystem/FileLockManager.cpp' kaynak dosyas─▒ derleniyor)
  
C:\ShadowStrike\ShadowStrike\src\Shared_modules\Core\FileSystem\FileHasher.cpp(275,9): error C2065: 'hasSHA3_256': bildirimi yap─▒lmam─▒┼ş tan─▒mlay─▒c─▒ [C:\ShadowStrike\ShadowStrike\ShadowStrike.vcxproj]
  ('/src/Shared_modules/Core/FileSystem/FileHasher.cpp' kaynak dosyas─▒ derleniyor)
  
C:\ShadowStrike\ShadowStrike\src\Shared_modules\Core\FileSystem\FileLockManager.cpp(333,21): error C3861: 'Error': tan─▒mlay─▒c─▒ bulunamad─▒ [C:\ShadowStrike\ShadowStrike\ShadowStrike.vcxproj]
  ('/src/Shared_modules/Core/FileSystem/FileLockManager.cpp' kaynak dosyas─▒ derleniyor)
  
C:\ShadowStrike\ShadowStrike\src\Shared_modules\Core\FileSystem\FileLockManager.cpp(366,13): error C2653: 'Logger': bir s─▒n─▒f veya ad alan─▒ ad─▒ de─şil [C:\ShadowStrike\ShadowStrike\ShadowStrike.vcxproj]
  ('/src/Shared_modules/Core/FileSystem/FileLockManager.cpp' kaynak dosyas─▒ derleniyor)
  
C:\ShadowStrike\ShadowStrike\src\Shared_modules\Core\FileSystem\FileHasher.cpp(275,53): error C2065: 'sha3_256Hex': bildirimi yap─▒lmam─▒┼ş tan─▒mlay─▒c─▒ [C:\ShadowStrike\ShadowStrike\ShadowStrike.vcxproj]
  ('/src/Shared_modules/Core/FileSystem/FileHasher.cpp' kaynak dosyas─▒ derleniyor)
  
C:\ShadowStrike\ShadowStrike\src\Shared_modules\Core\FileSystem\FileLockManager.cpp(366,21): error C3861: 'Error': tan─▒mlay─▒c─▒ bulunamad─▒ [C:\ShadowStrike\ShadowStrike\ShadowStrike.vcxproj]
  ('/src/Shared_modules/Core/FileSystem/FileLockManager.cpp' kaynak dosyas─▒ derleniyor)
  
C:\ShadowStrike\ShadowStrike\src\Shared_modules\Core\FileSystem\FileHasher.cpp(276,9): error C2065: 'hasSHA3_512': bildirimi yap─▒lmam─▒┼ş tan─▒mlay─▒c─▒ [C:\ShadowStrike\ShadowStrike\ShadowStrike.vcxproj]
  ('/src/Shared_modules/Core/FileSystem/FileHasher.cpp' kaynak dosyas─▒ derleniyor)
  
C:\ShadowStrike\ShadowStrike\src\Shared_modules\Core\FileSystem\FileHasher.cpp(276,53): error C2065: 'sha3_512Hex': bildirimi yap─▒lmam─▒┼ş tan─▒mlay─▒c─▒ [C:\ShadowStrike\ShadowStrike\ShadowStrike.vcxproj]
  ('/src/Shared_modules/Core/FileSystem/FileHasher.cpp' kaynak dosyas─▒ derleniyor)
  
C:\ShadowStrike\ShadowStrike\src\Shared_modules\Core\FileSystem\FileLockManager.cpp(387,17): error C2653: 'Logger': bir s─▒n─▒f veya ad alan─▒ ad─▒ de─şil [C:\ShadowStrike\ShadowStrike\ShadowStrike.vcxproj]
  ('/src/Shared_modules/Core/FileSystem/FileLockManager.cpp' kaynak dosyas─▒ derleniyor)
  
C:\ShadowStrike\ShadowStrike\src\Shared_modules\Core\FileSystem\FileLockManager.cpp(387,53): error C2653: 'StringUtils': bir s─▒n─▒f veya ad alan─▒ ad─▒ de─şil [C:\ShadowStrike\ShadowStrike\ShadowStrike.vcxproj]
  ('/src/Shared_modules/Core/FileSystem/FileLockManager.cpp' kaynak dosyas─▒ derleniyor)
  
C:\ShadowStrike\ShadowStrike\src\Shared_modules\Core\FileSystem\FileLockManager.cpp(387,66): error C3861: 'WideToUtf8': tan─▒mlay─▒c─▒ bulunamad─▒ [C:\ShadowStrike\ShadowStrike\ShadowStrike.vcxproj]
  ('/src/Shared_modules/Core/FileSystem/FileLockManager.cpp' kaynak dosyas─▒ derleniyor)
  
C:\ShadowStrike\ShadowStrike\src\Shared_modules\Core\FileSystem\FileHasher.cpp(277,9): error C2065: 'hasFuzzyHash': bildirimi yap─▒lmam─▒┼ş tan─▒mlay─▒c─▒ [C:\ShadowStrike\ShadowStrike\ShadowStrike.vcxproj]
  ('/src/Shared_modules/Core/FileSystem/FileHasher.cpp' kaynak dosyas─▒ derleniyor)
  
C:\ShadowStrike\ShadowStrike\src\Shared_modules\Core\FileSystem\FileLockManager.cpp(387,25): error C3861: 'Info': tan─▒mlay─▒c─▒ bulunamad─▒ [C:\ShadowStrike\ShadowStrike\ShadowStrike.vcxproj]
  ('/src/Shared_modules/Core/FileSystem/FileLockManager.cpp' kaynak dosyas─▒ derleniyor)
  
C:\ShadowStrike\ShadowStrike\src\Shared_modules\Core\FileSystem\FileLockManager.cpp(405,25): error C2653: 'StringUtils': bir s─▒n─▒f veya ad alan─▒ ad─▒ de─şil [C:\ShadowStrike\ShadowStrike\ShadowStrike.vcxproj]
  ('/src/Shared_modules/Core/FileSystem/FileLockManager.cpp' kaynak dosyas─▒ derleniyor)
  
C:\ShadowStrike\ShadowStrike\src\Shared_modules\Core\FileSystem\FileHasher.cpp(277,55): error C2065: 'fuzzyHash': bildirimi yap─▒lmam─▒┼ş tan─▒mlay─▒c─▒ [C:\ShadowStrike\ShadowStrike\ShadowStrike.vcxproj]
  CryptoMinerDetector.cpp
  ('/src/Shared_modules/Core/FileSystem/FileHasher.cpp' kaynak dosyas─▒ derleniyor)
  
C:\ShadowStrike\ShadowStrike\src\Shared_modules\Core\FileSystem\FileLockManager.cpp(405,38): error C3861: 'WideToUtf8': tan─▒mlay─▒c─▒ bulunamad─▒ [C:\ShadowStrike\ShadowStrike\ShadowStrike.vcxproj]
  ('/src/Shared_modules/Core/FileSystem/FileLockManager.cpp' kaynak dosyas─▒ derleniyor)
  
C:\ShadowStrike\ShadowStrike\src\Shared_modules\Core\FileSystem\FileLockManager.cpp(406,21): error C2653: 'Logger': bir s─▒n─▒f veya ad alan─▒ ad─▒ de─şil [C:\ShadowStrike\ShadowStrike\ShadowStrike.vcxproj]
  ('/src/Shared_modules/Core/FileSystem/FileLockManager.cpp' kaynak dosyas─▒ derleniyor)
  
C:\ShadowStrike\ShadowStrike\src\Shared_modules\Core\FileSystem\FileHasher.cpp(278,9): error C2065: 'hasTLSH': bildirimi yap─▒lmam─▒┼ş tan─▒mlay─▒c─▒ [C:\ShadowStrike\ShadowStrike\ShadowStrike.vcxproj]
  ('/src/Shared_modules/Core/FileSystem/FileHasher.cpp' kaynak dosyas─▒ derleniyor)
  
C:\ShadowStrike\ShadowStrike\src\Shared_modules\Core\FileSystem\FileLockManager.cpp(407,25): error C2653: 'StringUtils': bir s─▒n─▒f veya ad alan─▒ ad─▒ de─şil [C:\ShadowStrike\ShadowStrike\ShadowStrike.vcxproj]
  ('/src/Shared_modules/Core/FileSystem/FileLockManager.cpp' kaynak dosyas─▒ derleniyor)
  
C:\ShadowStrike\ShadowStrike\src\Shared_modules\Core\FileSystem\FileLockManager.cpp(407,38): error C3861: 'WideToUtf8': tan─▒mlay─▒c─▒ bulunamad─▒ [C:\ShadowStrike\ShadowStrike\ShadowStrike.vcxproj]
  GPUMiningDetector.cpp
  ('/src/Shared_modules/Core/FileSystem/FileLockManager.cpp' kaynak dosyas─▒ derleniyor)
  
C:\ShadowStrike\ShadowStrike\src\Shared_modules\Core\FileSystem\FileLockManager.cpp(406,29): error C3861: 'Warn': tan─▒mlay─▒c─▒ bulunamad─▒ [C:\ShadowStrike\ShadowStrike\ShadowStrike.vcxproj]
  ('/src/Shared_modules/Core/FileSystem/FileLockManager.cpp' kaynak dosyas─▒ derleniyor)
  
C:\ShadowStrike\ShadowStrike\src\Shared_modules\Core\FileSystem\FileHasher.cpp(278,45): error C2065: 'tlsh': bildirimi yap─▒lmam─▒┼ş tan─▒mlay─▒c─▒ [C:\ShadowStrike\ShadowStrike\ShadowStrike.vcxproj]
  ('/src/Shared_modules/Core/FileSystem/FileHasher.cpp' kaynak dosyas─▒ derleniyor)
  
C:\ShadowStrike\ShadowStrike\src\Shared_modules\Core\FileSystem\FileHasher.cpp(279,9): error C2065: 'hasImpHash': bildirimi yap─▒lmam─▒┼ş tan─▒mlay─▒c─▒ [C:\ShadowStrike\ShadowStrike\ShadowStrike.vcxproj]
  ('/src/Shared_modules/Core/FileSystem/FileHasher.cpp' kaynak dosyas─▒ derleniyor)
  
C:\ShadowStrike\ShadowStrike\src\Shared_modules\Core\FileSystem\FileLockManager.cpp(449,17): error C2653: 'Logger': bir s─▒n─▒f veya ad alan─▒ ad─▒ de─şil [C:\ShadowStrike\ShadowStrike\ShadowStrike.vcxproj]
  PoolConnectionDetector.cpp
  ('/src/Shared_modules/Core/FileSystem/FileLockManager.cpp' kaynak dosyas─▒ derleniyor)
  
C:\ShadowStrike\ShadowStrike\src\Shared_modules\Core\FileSystem\FileLockManager.cpp(450,21): error C2653: 'StringUtils': bir s─▒n─▒f veya ad alan─▒ ad─▒ de─şil [C:\ShadowStrike\ShadowStrike\ShadowStrike.vcxproj]
  ('/src/Shared_modules/Core/FileSystem/FileLockManager.cpp' kaynak dosyas─▒ derleniyor)
  
C:\ShadowStrike\ShadowStrike\src\Shared_modules\Core\FileSystem\FileHasher.cpp(279,51): error C2065: 'imphash': bildirimi yap─▒lmam─▒┼ş tan─▒mlay─▒c─▒ [C:\ShadowStrike\ShadowStrike\ShadowStrike.vcxproj]
  ('/src/Shared_modules/Core/FileSystem/FileHasher.cpp' kaynak dosyas─▒ derleniyor)
  
C:\ShadowStrike\ShadowStrike\src\Shared_modules\Core\FileSystem\FileLockManager.cpp(450,34): error C3861: 'WideToUtf8': tan─▒mlay─▒c─▒ bulunamad─▒ [C:\ShadowStrike\ShadowStrike\ShadowStrike.vcxproj]
  ConfigurationDB.cpp
  ('/src/Shared_modules/Core/FileSystem/FileLockManager.cpp' kaynak dosyas─▒ derleniyor)
  
C:\ShadowStrike\ShadowStrike\src\Shared_modules\Core\FileSystem\FileHasher.cpp(280,9): error C2065: 'hasAuthentihash': bildirimi yap─▒lmam─▒┼ş tan─▒mlay─▒c─▒ [C:\ShadowStrike\ShadowStrike\ShadowStrike.vcxproj]
  ('/src/Shared_modules/Core/FileSystem/FileHasher.cpp' kaynak dosyas─▒ derleniyor)
  
C:\ShadowStrike\ShadowStrike\src\Shared_modules\Core\FileSystem\FileLockManager.cpp(449,25): error C3861: 'Info': tan─▒mlay─▒c─▒ bulunamad─▒ [C:\ShadowStrike\ShadowStrike\ShadowStrike.vcxproj]
  ('/src/Shared_modules/Core/FileSystem/FileLockManager.cpp' kaynak dosyas─▒ derleniyor)
  
C:\ShadowStrike\ShadowStrike\src\Shared_modules\Core\FileSystem\FileLockManager.cpp(460,13): error C2653: 'Logger': bir s─▒n─▒f veya ad alan─▒ ad─▒ de─şil [C:\ShadowStrike\ShadowStrike\ShadowStrike.vcxproj]
  ('/src/Shared_modules/Core/FileSystem/FileLockManager.cpp' kaynak dosyas─▒ derleniyor)
  
C:\ShadowStrike\ShadowStrike\src\Shared_modules\Core\FileSystem\FileHasher.cpp(280,61): error C2065: 'authentihash': bildirimi yap─▒lmam─▒┼ş tan─▒mlay─▒c─▒ [C:\ShadowStrike\ShadowStrike\ShadowStrike.vcxproj]
  FileFilterCallbacks.cpp
  ('/src/Shared_modules/Core/FileSystem/FileHasher.cpp' kaynak dosyas─▒ derleniyor)
  
  FilterCommunication.cpp
  ProcessFilterCallbacks.cpp
  RegistryFilterCallbacks.cpp
  AttachmentScanner.cpp
C:\ShadowStrike\ShadowStrike\src\Shared_modules\Core\FileSystem\FileLockManager.cpp(460,21): error C3861: 'Error': tan─▒mlay─▒c─▒ bulunamad─▒ [C:\ShadowStrike\ShadowStrike\ShadowStrike.vcxproj]
  ('/src/Shared_modules/Core/FileSystem/FileLockManager.cpp' kaynak dosyas─▒ derleniyor)
  
  EmailProtection.cpp
C:\ShadowStrike\ShadowStrike\src\Shared_modules\Core\FileSystem\FileHasher.cpp(282,43): error C2065: 'computeDuration': bildirimi yap─▒lmam─▒┼ş tan─▒mlay─▒c─▒ [C:\ShadowStrike\ShadowStrike\ShadowStrike.vcxproj]
  ('/src/Shared_modules/Core/FileSystem/FileHasher.cpp' kaynak dosyas─▒ derleniyor)
  
C:\ShadowStrike\ShadowStrike\src\Shared_modules\Core\FileSystem\FileHasher.cpp(292,22): error C2039: 'IsMatch': bir 'ShadowStrike::Core::FileSystem::HashComparison' ├╝yesi de─şil [C:\ShadowStrike\ShadowStrike\ShadowStrike.vcxproj]
  OutlookScanner.cpp
  ('/src/Shared_modules/Core/FileSystem/FileHasher.cpp' kaynak dosyas─▒ derleniyor)
      C:\ShadowStrike\ShadowStrike\src\Shared_modules\Core\FileSystem\FileHasher.hpp(301,20):
      'ShadowStrike::Core::FileSystem::HashComparison' bildirimine bak─▒n
  
C:\ShadowStrike\ShadowStrike\src\Shared_modules\Core\FileSystem\FileHasher.cpp(292,22): error C2270: 'IsMatch': ├╝ye olmayan i┼şlevlerde de─şi┼ştiricilere izin verilmez [C:\ShadowStrike\ShadowStrike\ShadowStrike.vcxproj]
  ('/src/Shared_modules/Core/FileSystem/FileHasher.cpp' kaynak dosyas─▒ derleniyor)
  
C:\ShadowStrike\ShadowStrike\src\Shared_modules\Core\FileSystem\FileHasher.cpp(293,12): error C2065: 'md5Match': bildirimi yap─▒lmam─▒┼ş tan─▒mlay─▒c─▒ [C:\ShadowStrike\ShadowStrike\ShadowStrike.vcxproj]
  ('/src/Shared_modules/Core/FileSystem/FileHasher.cpp' kaynak dosyas─▒ derleniyor)
  
C:\ShadowStrike\ShadowStrike\src\Shared_modules\Core\FileSystem\FileHasher.cpp(293,24): error C2065: 'sha1Match': bildirimi yap─▒lmam─▒┼ş tan─▒mlay─▒c─▒ [C:\ShadowStrike\ShadowStrike\ShadowStrike.vcxproj]
  ('/src/Shared_modules/Core/FileSystem/FileHasher.cpp' kaynak dosyas─▒ derleniyor)
  
C:\ShadowStrike\ShadowStrike\src\Shared_modules\Core\FileSystem\FileHasher.cpp(293,37): error C2065: 'sha256Match': bildirimi yap─▒lmam─▒┼ş tan─▒mlay─▒c─▒ [C:\ShadowStrike\ShadowStrike\ShadowStrike.vcxproj]
  ('/src/Shared_modules/Core/FileSystem/FileHasher.cpp' kaynak dosyas─▒ derleniyor)
  
  PhishingEmailDetector.cpp
C:\ShadowStrike\ShadowStrike\src\Shared_modules\Core\FileSystem\FileHasher.cpp(293,52): error C2065: 'sha512Match': bildirimi yap─▒lmam─▒┼ş tan─▒mlay─▒c─▒ [C:\ShadowStrike\ShadowStrike\ShadowStrike.vcxproj]
  ('/src/Shared_modules/Core/FileSystem/FileHasher.cpp' kaynak dosyas─▒ derleniyor)
  
C:\ShadowStrike\ShadowStrike\src\Shared_modules\Core\FileSystem\FileHasher.cpp(294,12): error C2065: 'sha3_256Match': bildirimi yap─▒lmam─▒┼ş tan─▒mlay─▒c─▒ [C:\ShadowStrike\ShadowStrike\ShadowStrike.vcxproj]
  ('/src/Shared_modules/Core/FileSystem/FileHasher.cpp' kaynak dosyas─▒ derleniyor)
  
C:\ShadowStrike\ShadowStrike\src\Shared_modules\Core\FileSystem\FileHasher.cpp(294,29): error C2065: 'sha3_512Match': bildirimi yap─▒lmam─▒┼ş tan─▒mlay─▒c─▒ [C:\ShadowStrike\ShadowStrike\ShadowStrike.vcxproj]
  ('/src/Shared_modules/Core/FileSystem/FileHasher.cpp' kaynak dosyas─▒ derleniyor)
  
C:\ShadowStrike\ShadowStrike\src\Shared_modules\Core\FileSystem\FileHasher.cpp(297,22): error C2039: 'IsSimilar': bir 'ShadowStrike::Core::FileSystem::HashComparison' ├╝yesi de─şil [C:\ShadowStrike\ShadowStrike\ShadowStrike.vcxproj]
  ('/src/Shared_modules/Core/FileSystem/FileHasher.cpp' kaynak dosyas─▒ derleniyor)
      C:\ShadowStrike\ShadowStrike\src\Shared_modules\Core\FileSystem\FileHasher.hpp(301,20):
      'ShadowStrike::Core::FileSystem::HashComparison' bildirimine bak─▒n
  
C:\ShadowStrike\ShadowStrike\src\Shared_modules\Core\FileSystem\FileLockManager.cpp(547,13): error C2653: 'Logger': bir s─▒n─▒f veya ad alan─▒ ad─▒ de─şil [C:\ShadowStrike\ShadowStrike\ShadowStrike.vcxproj]
  ('/src/Shared_modules/Core/FileSystem/FileLockManager.cpp' kaynak dosyas─▒ derleniyor)
  
C:\ShadowStrike\ShadowStrike\src\Shared_modules\Core\FileSystem\FileHasher.cpp(297,22): error C2270: 'IsSimilar': ├╝ye olmayan i┼şlevlerde de─şi┼ştiricilere izin verilmez [C:\ShadowStrike\ShadowStrike\ShadowStrike.vcxproj]
  ('/src/Shared_modules/Core/FileSystem/FileHasher.cpp' kaynak dosyas─▒ derleniyor)
  
C:\ShadowStrike\ShadowStrike\src\Shared_modules\Core\FileSystem\FileHasher.cpp(298,12): error C2065: 'fuzzySimilarity': bildirimi yap─▒lmam─▒┼ş tan─▒mlay─▒c─▒ [C:\ShadowStrike\ShadowStrike\ShadowStrike.vcxproj]
  ('/src/Shared_modules/Core/FileSystem/FileHasher.cpp' kaynak dosyas─▒ derleniyor)
  
C:\ShadowStrike\ShadowStrike\src\Shared_modules\Core\FileSystem\FileLockManager.cpp(547,21): error C3861: 'Error': tan─▒mlay─▒c─▒ bulunamad─▒ [C:\ShadowStrike\ShadowStrike\ShadowStrike.vcxproj]
  ('/src/Shared_modules/Core/FileSystem/FileLockManager.cpp' kaynak dosyas─▒ derleniyor)
  
C:\ShadowStrike\ShadowStrike\src\Shared_modules\Core\FileSystem\FileHasher.cpp(298,39): error C2065: 'tlshDistance': bildirimi yap─▒lmam─▒┼ş tan─▒mlay─▒c─▒ [C:\ShadowStrike\ShadowStrike\ShadowStrike.vcxproj]
  ('/src/Shared_modules/Core/FileSystem/FileHasher.cpp' kaynak dosyas─▒ derleniyor)
  
C:\ShadowStrike\ShadowStrike\src\Shared_modules\Core\FileSystem\FileHasher.cpp(301,29): error C2039: 'ToJson': bir 'ShadowStrike::Core::FileSystem::HashComparison' ├╝yesi de─şil [C:\ShadowStrike\ShadowStrike\ShadowStrike.vcxproj]
  ('/src/Shared_modules/Core/FileSystem/FileHasher.cpp' kaynak dosyas─▒ derleniyor)
      C:\ShadowStrike\ShadowStrike\src\Shared_modules\Core\FileSystem\FileHasher.hpp(301,20):
      'ShadowStrike::Core::FileSystem::HashComparison' bildirimine bak─▒n
  
C:\ShadowStrike\ShadowStrike\src\Shared_modules\Core\FileSystem\FileHasher.cpp(301,29): error C2270: 'ToJson': ├╝ye olmayan i┼şlevlerde de─şi┼ştiricilere izin verilmez [C:\ShadowStrike\ShadowStrike\ShadowStrike.vcxproj]
  ('/src/Shared_modules/Core/FileSystem/FileHasher.cpp' kaynak dosyas─▒ derleniyor)
  
C:\ShadowStrike\ShadowStrike\src\Shared_modules\Core\FileSystem\FileLockManager.cpp(603,13): error C2653: 'Logger': bir s─▒n─▒f veya ad alan─▒ ad─▒ de─şil [C:\ShadowStrike\ShadowStrike\ShadowStrike.vcxproj]
  ('/src/Shared_modules/Core/FileSystem/FileLockManager.cpp' kaynak dosyas─▒ derleniyor)
  
C:\ShadowStrike\ShadowStrike\src\Shared_modules\Core\FileSystem\FileHasher.cpp(304,35): error C2065: 'md5Match': bildirimi yap─▒lmam─▒┼ş tan─▒mlay─▒c─▒ [C:\ShadowStrike\ShadowStrike\ShadowStrike.vcxproj]
  ('/src/Shared_modules/Core/FileSystem/FileHasher.cpp' kaynak dosyas─▒ derleniyor)
  
C:\ShadowStrike\ShadowStrike\src\Shared_modules\Core\FileSystem\FileLockManager.cpp(603,21): error C3861: 'Error': tan─▒mlay─▒c─▒ bulunamad─▒ [C:\ShadowStrike\ShadowStrike\ShadowStrike.vcxproj]
  ('/src/Shared_modules/Core/FileSystem/FileLockManager.cpp' kaynak dosyas─▒ derleniyor)
  
C:\ShadowStrike\ShadowStrike\src\Shared_modules\Core\FileSystem\FileHasher.cpp(305,38): error C2065: 'sha256Match': bildirimi yap─▒lmam─▒┼ş tan─▒mlay─▒c─▒ [C:\ShadowStrike\ShadowStrike\ShadowStrike.vcxproj]
  ('/src/Shared_modules/Core/FileSystem/FileHasher.cpp' kaynak dosyas─▒ derleniyor)
  
C:\ShadowStrike\ShadowStrike\src\Shared_modules\Core\FileSystem\FileLockManager.cpp(625,17): error C2653: 'Logger': bir s─▒n─▒f veya ad alan─▒ ad─▒ de─şil [C:\ShadowStrike\ShadowStrike\ShadowStrike.vcxproj]
  ('/src/Shared_modules/Core/FileSystem/FileLockManager.cpp' kaynak dosyas─▒ derleniyor)
  
C:\ShadowStrike\ShadowStrike\src\Shared_modules\Core\FileSystem\FileLockManager.cpp(625,25): error C3861: 'Error': tan─▒mlay─▒c─▒ bulunamad─▒ [C:\ShadowStrike\ShadowStrike\ShadowStrike.vcxproj]
  ('/src/Shared_modules/Core/FileSystem/FileLockManager.cpp' kaynak dosyas─▒ derleniyor)
  
C:\ShadowStrike\ShadowStrike\src\Shared_modules\Core\FileSystem\FileHasher.cpp(306,41): error C2065: 'fuzzySimilarity': bildirimi yap─▒lmam─▒┼ş tan─▒mlay─▒c─▒ [C:\ShadowStrike\ShadowStrike\ShadowStrike.vcxproj]
  ('/src/Shared_modules/Core/FileSystem/FileHasher.cpp' kaynak dosyas─▒ derleniyor)
  
C:\ShadowStrike\ShadowStrike\src\Shared_modules\Core\FileSystem\FileLockManager.cpp(647,17): error C2653: 'Logger': bir s─▒n─▒f veya ad alan─▒ ad─▒ de─şil [C:\ShadowStrike\ShadowStrike\ShadowStrike.vcxproj]
  ('/src/Shared_modules/Core/FileSystem/FileLockManager.cpp' kaynak dosyas─▒ derleniyor)
  
C:\ShadowStrike\ShadowStrike\src\Shared_modules\Core\FileSystem\FileHasher.cpp(307,38): error C2065: 'tlshDistance': bildirimi yap─▒lmam─▒┼ş tan─▒mlay─▒c─▒ [C:\ShadowStrike\ShadowStrike\ShadowStrike.vcxproj]
  ('/src/Shared_modules/Core/FileSystem/FileHasher.cpp' kaynak dosyas─▒ derleniyor)
  
C:\ShadowStrike\ShadowStrike\src\Shared_modules\Core\FileSystem\FileLockManager.cpp(647,25): error C3861: 'Info': tan─▒mlay─▒c─▒ bulunamad─▒ [C:\ShadowStrike\ShadowStrike\ShadowStrike.vcxproj]
  ('/src/Shared_modules/Core/FileSystem/FileLockManager.cpp' kaynak dosyas─▒ derleniyor)
  
C:\ShadowStrike\ShadowStrike\src\Shared_modules\Core\FileSystem\FileLockManager.cpp(654,13): error C2653: 'Logger': bir s─▒n─▒f veya ad alan─▒ ad─▒ de─şil [C:\ShadowStrike\ShadowStrike\ShadowStrike.vcxproj]
  ('/src/Shared_modules/Core/FileSystem/FileLockManager.cpp' kaynak dosyas─▒ derleniyor)
  
C:\ShadowStrike\ShadowStrike\src\Shared_modules\AntiEvasion\EnvironmentEvasionDetector.cpp(3250,34): error C3861: 'min': tan─▒mlay─▒c─▒ bulunamad─▒ [C:\ShadowStrike\ShadowStrike\ShadowStrike.vcxproj]
  ('/src/Shared_modules/AntiEvasion/EnvironmentEvasionDetector.cpp' kaynak dosyas─▒ derleniyor)
  
C:\ShadowStrike\ShadowStrike\src\Shared_modules\Core\FileSystem\FileLockManager.cpp(654,21): error C3861: 'Error': tan─▒mlay─▒c─▒ bulunamad─▒ [C:\ShadowStrike\ShadowStrike\ShadowStrike.vcxproj]
  ('/src/Shared_modules/Core/FileSystem/FileLockManager.cpp' kaynak dosyas─▒ derleniyor)
  
C:\ShadowStrike\ShadowStrike\src\Shared_modules\Core\FileSystem\FileLockManager.cpp(663,17): error C2653: 'Logger': bir s─▒n─▒f veya ad alan─▒ ad─▒ de─şil [C:\ShadowStrike\ShadowStrike\ShadowStrike.vcxproj]
  ('/src/Shared_modules/Core/FileSystem/FileLockManager.cpp' kaynak dosyas─▒ derleniyor)
  
C:\ShadowStrike\ShadowStrike\src\Shared_modules\Core\FileSystem\FileLockManager.cpp(664,21): error C2653: 'StringUtils': bir s─▒n─▒f veya ad alan─▒ ad─▒ de─şil [C:\ShadowStrike\ShadowStrike\ShadowStrike.vcxproj]
  ('/src/Shared_modules/Core/FileSystem/FileLockManager.cpp' kaynak dosyas─▒ derleniyor)
  
C:\ShadowStrike\ShadowStrike\src\Shared_modules\Core\FileSystem\FileLockManager.cpp(664,34): error C3861: 'WideToUtf8': tan─▒mlay─▒c─▒ bulunamad─▒ [C:\ShadowStrike\ShadowStrike\ShadowStrike.vcxproj]
  ('/src/Shared_modules/Core/FileSystem/FileLockManager.cpp' kaynak dosyas─▒ derleniyor)
  
C:\ShadowStrike\ShadowStrike\src\Shared_modules\Core\Engine\EmulationEngine.hpp(351,22): error C2059: s├Âzdizimi hatas─▒: 'sabit' [C:\ShadowStrike\ShadowStrike\ShadowStrike.vcxproj]
  ('/src/Shared_modules/Core/Engine/PackerUnpacker.cpp' kaynak dosyas─▒ derleniyor)
  
C:\ShadowStrike\ShadowStrike\src\Shared_modules\Core\FileSystem\FileLockManager.cpp(663,25): error C3861: 'Warn': tan─▒mlay─▒c─▒ bulunamad─▒ [C:\ShadowStrike\ShadowStrike\ShadowStrike.vcxproj]
  ('/src/Shared_modules/Core/FileSystem/FileLockManager.cpp' kaynak dosyas─▒ derleniyor)
  
C:\ShadowStrike\ShadowStrike\src\Shared_modules\Core\FileSystem\FileLockManager.cpp(669,17): error C2653: 'Logger': bir s─▒n─▒f veya ad alan─▒ ad─▒ de─şil [C:\ShadowStrike\ShadowStrike\ShadowStrike.vcxproj]
  ('/src/Shared_modules/Core/FileSystem/FileLockManager.cpp' kaynak dosyas─▒ derleniyor)
  
C:\ShadowStrike\ShadowStrike\src\Shared_modules\Core\FileSystem\FileLockManager.cpp(670,21): error C2653: 'StringUtils': bir s─▒n─▒f veya ad alan─▒ ad─▒ de─şil [C:\ShadowStrike\ShadowStrike\ShadowStrike.vcxproj]
  ('/src/Shared_modules/Core/FileSystem/FileLockManager.cpp' kaynak dosyas─▒ derleniyor)
  
C:\ShadowStrike\ShadowStrike\src\Shared_modules\Core\FileSystem\FileLockManager.cpp(670,34): error C3861: 'WideToUtf8': tan─▒mlay─▒c─▒ bulunamad─▒ [C:\ShadowStrike\ShadowStrike\ShadowStrike.vcxproj]
  ('/src/Shared_modules/Core/FileSystem/FileLockManager.cpp' kaynak dosyas─▒ derleniyor)
  
C:\ShadowStrike\ShadowStrike\src\Shared_modules\Core\Engine\EmulationEngine.hpp(660,12): error C2011: 'ShadowStrike::Core::Engine::PackerType': 'unsigned enum' t├╝r├╝ yeniden tan─▒m─▒ [C:\ShadowStrike\ShadowStrike\ShadowStrike.vcxproj]
  ('/src/Shared_modules/Core/Engine/PackerUnpacker.cpp' kaynak dosyas─▒ derleniyor)
      C:\ShadowStrike\ShadowStrike\src\Shared_modules\Core\Engine\PackerUnpacker.hpp(177,12):
      'ShadowStrike::Core::Engine::PackerType' bildirimine bak─▒n
  
C:\ShadowStrike\ShadowStrike\src\Shared_modules\Core\FileSystem\FileLockManager.cpp(669,25): error C3861: 'Warn': tan─▒mlay─▒c─▒ bulunamad─▒ [C:\ShadowStrike\ShadowStrike\ShadowStrike.vcxproj]
  ('/src/Shared_modules/Core/FileSystem/FileLockManager.cpp' kaynak dosyas─▒ derleniyor)
  
C:\ShadowStrike\ShadowStrike\src\Shared_modules\Core\FileSystem\FileHasher.cpp(321,19): error C2039: 'Impl': bir 'ShadowStrike::Core::FileSystem::FileHasher' ├╝yesi de─şil [C:\ShadowStrike\ShadowStrike\ShadowStrike.vcxproj]
  ('/src/Shared_modules/Core/FileSystem/FileHasher.cpp' kaynak dosyas─▒ derleniyor)
      C:\ShadowStrike\ShadowStrike\src\Shared_modules\Core\FileSystem\FileHasher.hpp(403,7):
      'ShadowStrike::Core::FileSystem::FileHasher' bildirimine bak─▒n
  
C:\ShadowStrike\ShadowStrike\src\Shared_modules\Core\FileSystem\FileLockManager.cpp(677,21): error C2653: 'Logger': bir s─▒n─▒f veya ad alan─▒ ad─▒ de─şil [C:\ShadowStrike\ShadowStrike\ShadowStrike.vcxproj]
  ('/src/Shared_modules/Core/FileSystem/FileLockManager.cpp' kaynak dosyas─▒ derleniyor)
  
C:\ShadowStrike\ShadowStrike\src\Shared_modules\Core\FileSystem\FileLockManager.cpp(677,29): error C3861: 'Info': tan─▒mlay─▒c─▒ bulunamad─▒ [C:\ShadowStrike\ShadowStrike\ShadowStrike.vcxproj]
  ('/src/Shared_modules/Core/FileSystem/FileLockManager.cpp' kaynak dosyas─▒ derleniyor)
  
C:\ShadowStrike\ShadowStrike\src\Shared_modules\Core\Engine\EmulationEngine.hpp(745,26): error C2027: tan─▒ms─▒z 'ShadowStrike::Core::Engine::PackerType' t├╝r├╝ kullan─▒ld─▒ [C:\ShadowStrike\ShadowStrike\ShadowStrike.vcxproj]
  ('/src/Shared_modules/Core/Engine/PackerUnpacker.cpp' kaynak dosyas─▒ derleniyor)
      C:\ShadowStrike\ShadowStrike\src\Shared_modules\Core\Engine\PackerUnpacker.hpp(177,12):
      'ShadowStrike::Core::Engine::PackerType' bildirimine bak─▒n
  
C:\ShadowStrike\ShadowStrike\src\Shared_modules\Core\FileSystem\FileLockManager.cpp(690,17): error C2653: 'Logger': bir s─▒n─▒f veya ad alan─▒ ad─▒ de─şil [C:\ShadowStrike\ShadowStrike\ShadowStrike.vcxproj]
  ('/src/Shared_modules/Core/FileSystem/FileLockManager.cpp' kaynak dosyas─▒ derleniyor)
  
C:\ShadowStrike\ShadowStrike\src\Shared_modules\Core\Engine\EmulationEngine.hpp(745,26): error C2065: 'Unknown': bildirimi yap─▒lmam─▒┼ş tan─▒mlay─▒c─▒ [C:\ShadowStrike\ShadowStrike\ShadowStrike.vcxproj]
  ('/src/Shared_modules/Core/Engine/PackerUnpacker.cpp' kaynak dosyas─▒ derleniyor)
  
C:\ShadowStrike\ShadowStrike\src\Shared_modules\Core\FileSystem\FileLockManager.cpp(690,25): error C3861: 'Error': tan─▒mlay─▒c─▒ bulunamad─▒ [C:\ShadowStrike\ShadowStrike\ShadowStrike.vcxproj]
  ('/src/Shared_modules/Core/FileSystem/FileLockManager.cpp' kaynak dosyas─▒ derleniyor)
  
C:\ShadowStrike\ShadowStrike\src\Shared_modules\Core\FileSystem\FileLockManager.cpp(701,17): error C2653: 'Logger': bir s─▒n─▒f veya ad alan─▒ ad─▒ de─şil [C:\ShadowStrike\ShadowStrike\ShadowStrike.vcxproj]
  ('/src/Shared_modules/Core/FileSystem/FileLockManager.cpp' kaynak dosyas─▒ derleniyor)
  
C:\ShadowStrike\ShadowStrike\src\Shared_modules\Core\Engine\EmulationEngine.hpp(745,26): error C2131: ifade sabit olarak de─şerlendirilmedi [C:\ShadowStrike\ShadowStrike\ShadowStrike.vcxproj]
  ('/src/Shared_modules/Core/Engine/PackerUnpacker.cpp' kaynak dosyas─▒ derleniyor)
      C:\ShadowStrike\ShadowStrike\src\Shared_modules\Core\Engine\EmulationEngine.hpp(745,26):
      sabit olmayan bir (alt) ifade ile kar┼ş─▒la┼ş─▒ld─▒
  
C:\ShadowStrike\ShadowStrike\src\Shared_modules\Core\FileSystem\FileLockManager.cpp(702,32): error C2653: 'StringUtils': bir s─▒n─▒f veya ad alan─▒ ad─▒ de─şil [C:\ShadowStrike\ShadowStrike\ShadowStrike.vcxproj]
  ('/src/Shared_modules/Core/FileSystem/FileLockManager.cpp' kaynak dosyas─▒ derleniyor)
  
C:\ShadowStrike\ShadowStrike\src\Shared_modules\Core\Engine\EmulationEngine.hpp(746,26): error C2027: tan─▒ms─▒z 'ShadowStrike::Core::Engine::PackerType' t├╝r├╝ kullan─▒ld─▒ [C:\ShadowStrike\ShadowStrike\ShadowStrike.vcxproj]
  ('/src/Shared_modules/Core/Engine/PackerUnpacker.cpp' kaynak dosyas─▒ derleniyor)
      C:\ShadowStrike\ShadowStrike\src\Shared_modules\Core\Engine\PackerUnpacker.hpp(177,12):
      'ShadowStrike::Core::Engine::PackerType' bildirimine bak─▒n
  
C:\ShadowStrike\ShadowStrike\src\Shared_modules\Core\Engine\EmulationEngine.hpp(746,26): error C2065: 'UPX': bildirimi yap─▒lmam─▒┼ş tan─▒mlay─▒c─▒ [C:\ShadowStrike\ShadowStrike\ShadowStrike.vcxproj]
  ('/src/Shared_modules/Core/Engine/PackerUnpacker.cpp' kaynak dosyas─▒ derleniyor)
  
C:\ShadowStrike\ShadowStrike\src\Shared_modules\Core\FileSystem\FileLockManager.cpp(702,45): error C3861: 'WideToUtf8': tan─▒mlay─▒c─▒ bulunamad─▒ [C:\ShadowStrike\ShadowStrike\ShadowStrike.vcxproj]
  ('/src/Shared_modules/Core/FileSystem/FileLockManager.cpp' kaynak dosyas─▒ derleniyor)
  
C:\ShadowStrike\ShadowStrike\src\Shared_modules\Core\FileSystem\FileLockManager.cpp(701,25): error C3861: 'Warn': tan─▒mlay─▒c─▒ bulunamad─▒ [C:\ShadowStrike\ShadowStrike\ShadowStrike.vcxproj]
  ('/src/Shared_modules/Core/FileSystem/FileLockManager.cpp' kaynak dosyas─▒ derleniyor)
  
C:\ShadowStrike\ShadowStrike\src\Shared_modules\Core\FileSystem\FileLockManager.cpp(709,13): error C2653: 'Logger': bir s─▒n─▒f veya ad alan─▒ ad─▒ de─şil [C:\ShadowStrike\ShadowStrike\ShadowStrike.vcxproj]
  ('/src/Shared_modules/Core/FileSystem/FileLockManager.cpp' kaynak dosyas─▒ derleniyor)
  
C:\ShadowStrike\ShadowStrike\src\Shared_modules\Core\FileSystem\FileLockManager.cpp(709,21): error C3861: 'Error': tan─▒mlay─▒c─▒ bulunamad─▒ [C:\ShadowStrike\ShadowStrike\ShadowStrike.vcxproj]
  ('/src/Shared_modules/Core/FileSystem/FileLockManager.cpp' kaynak dosyas─▒ derleniyor)
  
C:\ShadowStrike\ShadowStrike\src\Shared_modules\Core\Engine\EmulationEngine.hpp(746,26): error C2131: ifade sabit olarak de─şerlendirilmedi [C:\ShadowStrike\ShadowStrike\ShadowStrike.vcxproj]
  ('/src/Shared_modules/Core/Engine/PackerUnpacker.cpp' kaynak dosyas─▒ derleniyor)
      C:\ShadowStrike\ShadowStrike\src\Shared_modules\Core\Engine\EmulationEngine.hpp(746,26):
      sabit olmayan bir (alt) ifade ile kar┼ş─▒la┼ş─▒ld─▒
  
C:\ShadowStrike\ShadowStrike\src\Shared_modules\Core\FileSystem\FileLockManager.cpp(726,17): error C2653: 'Logger': bir s─▒n─▒f veya ad alan─▒ ad─▒ de─şil [C:\ShadowStrike\ShadowStrike\ShadowStrike.vcxproj]
  ('/src/Shared_modules/Core/FileSystem/FileLockManager.cpp' kaynak dosyas─▒ derleniyor)
  
C:\ShadowStrike\ShadowStrike\src\Shared_modules\Core\Engine\EmulationEngine.hpp(747,26): error C2027: tan─▒ms─▒z 'ShadowStrike::Core::Engine::PackerType' t├╝r├╝ kullan─▒ld─▒ [C:\ShadowStrike\ShadowStrike\ShadowStrike.vcxproj]
  ('/src/Shared_modules/Core/Engine/PackerUnpacker.cpp' kaynak dosyas─▒ derleniyor)
      C:\ShadowStrike\ShadowStrike\src\Shared_modules\Core\Engine\PackerUnpacker.hpp(177,12):
      'ShadowStrike::Core::Engine::PackerType' bildirimine bak─▒n
  
C:\ShadowStrike\ShadowStrike\src\Shared_modules\Core\FileSystem\FileLockManager.cpp(726,25): error C3861: 'Error': tan─▒mlay─▒c─▒ bulunamad─▒ [C:\ShadowStrike\ShadowStrike\ShadowStrike.vcxproj]
  ('/src/Shared_modules/Core/FileSystem/FileLockManager.cpp' kaynak dosyas─▒ derleniyor)
  
C:\ShadowStrike\ShadowStrike\src\Shared_modules\Core\Engine\EmulationEngine.hpp(747,26): error C2065: 'ASPack': bildirimi yap─▒lmam─▒┼ş tan─▒mlay─▒c─▒ [C:\ShadowStrike\ShadowStrike\ShadowStrike.vcxproj]
  ('/src/Shared_modules/Core/Engine/PackerUnpacker.cpp' kaynak dosyas─▒ derleniyor)
  
C:\ShadowStrike\ShadowStrike\src\Shared_modules\Core\FileSystem\FileLockManager.cpp(744,17): error C2653: 'Logger': bir s─▒n─▒f veya ad alan─▒ ad─▒ de─şil [C:\ShadowStrike\ShadowStrike\ShadowStrike.vcxproj]
  ('/src/Shared_modules/Core/FileSystem/FileLockManager.cpp' kaynak dosyas─▒ derleniyor)
  
C:\ShadowStrike\ShadowStrike\src\Shared_modules\Core\FileSystem\FileLockManager.cpp(744,25): error C3861: 'Error': tan─▒mlay─▒c─▒ bulunamad─▒ [C:\ShadowStrike\ShadowStrike\ShadowStrike.vcxproj]
  ('/src/Shared_modules/Core/FileSystem/FileLockManager.cpp' kaynak dosyas─▒ derleniyor)
  
C:\ShadowStrike\ShadowStrike\src\Shared_modules\Core\Engine\EmulationEngine.hpp(747,26): error C2131: ifade sabit olarak de─şerlendirilmedi [C:\ShadowStrike\ShadowStrike\ShadowStrike.vcxproj]
  ('/src/Shared_modules/Core/Engine/PackerUnpacker.cpp' kaynak dosyas─▒ derleniyor)
      C:\ShadowStrike\ShadowStrike\src\Shared_modules\Core\Engine\EmulationEngine.hpp(747,26):
      sabit olmayan bir (alt) ifade ile kar┼ş─▒la┼ş─▒ld─▒
  
C:\ShadowStrike\ShadowStrike\src\Shared_modules\Core\Engine\EmulationEngine.hpp(748,26): error C2027: tan─▒ms─▒z 'ShadowStrike::Core::Engine::PackerType' t├╝r├╝ kullan─▒ld─▒ [C:\ShadowStrike\ShadowStrike\ShadowStrike.vcxproj]
  ('/src/Shared_modules/Core/Engine/PackerUnpacker.cpp' kaynak dosyas─▒ derleniyor)
      C:\ShadowStrike\ShadowStrike\src\Shared_modules\Core\Engine\PackerUnpacker.hpp(177,12):
      'ShadowStrike::Core::Engine::PackerType' bildirimine bak─▒n
  
C:\ShadowStrike\ShadowStrike\src\Shared_modules\Core\Engine\EmulationEngine.hpp(748,26): error C2065: 'PECompact': bildirimi yap─▒lmam─▒┼ş tan─▒mlay─▒c─▒ [C:\ShadowStrike\ShadowStrike\ShadowStrike.vcxproj]
  ('/src/Shared_modules/Core/Engine/PackerUnpacker.cpp' kaynak dosyas─▒ derleniyor)
  
C:\ShadowStrike\ShadowStrike\src\Shared_modules\Core\FileSystem\FileLockManager.cpp(753,23): error C2664: 'DWORD RmGetList(DWORD,UINT *,UINT *,RM_PROCESS_INFO [],LPDWORD)' : 5 ba─ş─▒ms─▒z de─şi┼şkeni 'RM_REBOOT_REASON *' de─şerinden 'LPDWORD' de─şerine d├Ân├╝┼şt├╝r├╝lemez [C:\ShadowStrike\ShadowStrike\ShadowStrike.vcxproj]
  ('/src/Shared_modules/Core/FileSystem/FileLockManager.cpp' kaynak dosyas─▒ derleniyor)
      C:\ShadowStrike\ShadowStrike\src\Shared_modules\Core\FileSystem\FileLockManager.cpp(758,17):
      ─░┼şaretlenen t├╝rler ilgisiz; d├Ân├╝┼şt├╝rme reinterpret_cast, C stili t├╝r d├Ân├╝┼şt├╝rme veya parantez i├ğine al─▒nm─▒┼ş i┼şlev stili t├╝r d├Ân├╝┼şt├╝rme gerektiriyor
      C:\Program Files (x86)\Windows Kits\10\Include\10.0.26100.0\um\RestartManager.h(240,1):
      'RmGetList' bildirimine bak─▒n
      C:\ShadowStrike\ShadowStrike\src\Shared_modules\Core\FileSystem\FileLockManager.cpp(753,23):
      '(DWORD, UINT *, UINT *, nullptr, RM_REBOOT_REASON *)' ba─ş─▒ms─▒z de─şi┼şken listesi e┼şlenmeye ├ğal─▒┼ş─▒l─▒rken
  
C:\ShadowStrike\ShadowStrike\src\Shared_modules\Core\Engine\EmulationEngine.hpp(748,26): error C2131: ifade sabit olarak de─şerlendirilmedi [C:\ShadowStrike\ShadowStrike\ShadowStrike.vcxproj]
  ('/src/Shared_modules/Core/Engine/PackerUnpacker.cpp' kaynak dosyas─▒ derleniyor)
      C:\ShadowStrike\ShadowStrike\src\Shared_modules\Core\Engine\EmulationEngine.hpp(748,26):
      sabit olmayan bir (alt) ifade ile kar┼ş─▒la┼ş─▒ld─▒
  
C:\ShadowStrike\ShadowStrike\src\Shared_modules\Core\Engine\BehaviorAnalyzer.cpp(93,27): error C3646: 'm_config': bilinmeyen ge├ğersiz k─▒lma belirticisi [C:\ShadowStrike\ShadowStrike\ShadowStrike.vcxproj]
  ('/src/Shared_modules/Core/Engine/BehaviorAnalyzer.cpp' kaynak dosyas─▒ derleniyor)
  
C:\ShadowStrike\ShadowStrike\src\Shared_modules\Core\Engine\EmulationEngine.hpp(749,26): error C2027: tan─▒ms─▒z 'ShadowStrike::Core::Engine::PackerType' t├╝r├╝ kullan─▒ld─▒ [C:\ShadowStrike\ShadowStrike\ShadowStrike.vcxproj]
  ('/src/Shared_modules/Core/Engine/PackerUnpacker.cpp' kaynak dosyas─▒ derleniyor)
      C:\ShadowStrike\ShadowStrike\src\Shared_modules\Core\Engine\PackerUnpacker.hpp(177,12):
      'ShadowStrike::Core::Engine::PackerType' bildirimine bak─▒n
  
C:\ShadowStrike\ShadowStrike\src\Shared_modules\Core\Engine\BehaviorAnalyzer.cpp(93,5): error C4430: t├╝r belirticisi eksik - int varsay─▒ld─▒. Not: C++ varsay─▒lan int deste─şi i├ğermez [C:\ShadowStrike\ShadowStrike\ShadowStrike.vcxproj]
  ('/src/Shared_modules/Core/Engine/BehaviorAnalyzer.cpp' kaynak dosyas─▒ derleniyor)
  
C:\ShadowStrike\ShadowStrike\src\Shared_modules\Core\Engine\EmulationEngine.hpp(749,26): error C2065: 'FSG': bildirimi yap─▒lmam─▒┼ş tan─▒mlay─▒c─▒ [C:\ShadowStrike\ShadowStrike\ShadowStrike.vcxproj]
  ('/src/Shared_modules/Core/Engine/PackerUnpacker.cpp' kaynak dosyas─▒ derleniyor)
  
C:\ShadowStrike\ShadowStrike\src\Shared_modules\Core\Engine\EmulationEngine.hpp(749,26): error C2131: ifade sabit olarak de─şerlendirilmedi [C:\ShadowStrike\ShadowStrike\ShadowStrike.vcxproj]
  ('/src/Shared_modules/Core/Engine/PackerUnpacker.cpp' kaynak dosyas─▒ derleniyor)
      C:\ShadowStrike\ShadowStrike\src\Shared_modules\Core\Engine\EmulationEngine.hpp(749,26):
      sabit olmayan bir (alt) ifade ile kar┼ş─▒la┼ş─▒ld─▒
  
C:\ShadowStrike\ShadowStrike\src\Shared_modules\Core\Engine\EmulationEngine.hpp(750,26): error C2027: tan─▒ms─▒z 'ShadowStrike::Core::Engine::PackerType' t├╝r├╝ kullan─▒ld─▒ [C:\ShadowStrike\ShadowStrike\ShadowStrike.vcxproj]
  ('/src/Shared_modules/Core/Engine/PackerUnpacker.cpp' kaynak dosyas─▒ derleniyor)
      C:\ShadowStrike\ShadowStrike\src\Shared_modules\Core\Engine\PackerUnpacker.hpp(177,12):
      'ShadowStrike::Core::Engine::PackerType' bildirimine bak─▒n
  
C:\ShadowStrike\ShadowStrike\src\Shared_modules\Core\Engine\EmulationEngine.hpp(750,26): error C2065: 'MEW': bildirimi yap─▒lmam─▒┼ş tan─▒mlay─▒c─▒ [C:\ShadowStrike\ShadowStrike\ShadowStrike.vcxproj]
  ('/src/Shared_modules/Core/Engine/PackerUnpacker.cpp' kaynak dosyas─▒ derleniyor)
  
C:\ShadowStrike\ShadowStrike\src\Shared_modules\Core\Engine\EmulationEngine.hpp(750,26): error C2131: ifade sabit olarak de─şerlendirilmedi [C:\ShadowStrike\ShadowStrike\ShadowStrike.vcxproj]
  ('/src/Shared_modules/Core/Engine/PackerUnpacker.cpp' kaynak dosyas─▒ derleniyor)
      C:\ShadowStrike\ShadowStrike\src\Shared_modules\Core\Engine\EmulationEngine.hpp(750,26):
      sabit olmayan bir (alt) ifade ile kar┼ş─▒la┼ş─▒ld─▒
  
C:\ShadowStrike\ShadowStrike\src\Shared_modules\Core\FileSystem\DocumentScanner.cpp(156,13): error C2653: 'Logger': bir s─▒n─▒f veya ad alan─▒ ad─▒ de─şil [C:\ShadowStrike\ShadowStrike\ShadowStrike.vcxproj]
  ('/src/Shared_modules/Core/FileSystem/DocumentScanner.cpp' kaynak dosyas─▒ derleniyor)
  
C:\ShadowStrike\ShadowStrike\src\Shared_modules\Core\Engine\EmulationEngine.hpp(751,26): error C2027: tan─▒ms─▒z 'ShadowStrike::Core::Engine::PackerType' t├╝r├╝ kullan─▒ld─▒ [C:\ShadowStrike\ShadowStrike\ShadowStrike.vcxproj]
  ('/src/Shared_modules/Core/Engine/PackerUnpacker.cpp' kaynak dosyas─▒ derleniyor)
      C:\ShadowStrike\ShadowStrike\src\Shared_modules\Core\Engine\PackerUnpacker.hpp(177,12):
      'ShadowStrike::Core::Engine::PackerType' bildirimine bak─▒n
  
C:\ShadowStrike\ShadowStrike\src\Shared_modules\Core\Engine\EmulationEngine.hpp(751,26): error C2065: 'MPRESS': bildirimi yap─▒lmam─▒┼ş tan─▒mlay─▒c─▒ [C:\ShadowStrike\ShadowStrike\ShadowStrike.vcxproj]
  ('/src/Shared_modules/Core/Engine/PackerUnpacker.cpp' kaynak dosyas─▒ derleniyor)
  
C:\ShadowStrike\ShadowStrike\src\Shared_modules\Core\FileSystem\DocumentScanner.cpp(156,21): error C3861: 'Info': tan─▒mlay─▒c─▒ bulunamad─▒ [C:\ShadowStrike\ShadowStrike\ShadowStrike.vcxproj]
  ('/src/Shared_modules/Core/FileSystem/DocumentScanner.cpp' kaynak dosyas─▒ derleniyor)
  
C:\ShadowStrike\ShadowStrike\src\Shared_modules\Core\Engine\EmulationEngine.hpp(751,26): error C2131: ifade sabit olarak de─şerlendirilmedi [C:\ShadowStrike\ShadowStrike\ShadowStrike.vcxproj]
  ('/src/Shared_modules/Core/Engine/PackerUnpacker.cpp' kaynak dosyas─▒ derleniyor)
      C:\ShadowStrike\ShadowStrike\src\Shared_modules\Core\Engine\EmulationEngine.hpp(751,26):
      sabit olmayan bir (alt) ifade ile kar┼ş─▒la┼ş─▒ld─▒
  
C:\ShadowStrike\ShadowStrike\src\Shared_modules\Core\FileSystem\DocumentScanner.cpp(163,13): error C2653: 'Logger': bir s─▒n─▒f veya ad alan─▒ ad─▒ de─şil [C:\ShadowStrike\ShadowStrike\ShadowStrike.vcxproj]
  ('/src/Shared_modules/Core/FileSystem/DocumentScanner.cpp' kaynak dosyas─▒ derleniyor)
  
C:\ShadowStrike\ShadowStrike\src\Shared_modules\Core\FileSystem\DocumentScanner.cpp(163,21): error C3861: 'Error': tan─▒mlay─▒c─▒ bulunamad─▒ [C:\ShadowStrike\ShadowStrike\ShadowStrike.vcxproj]
  ('/src/Shared_modules/Core/FileSystem/DocumentScanner.cpp' kaynak dosyas─▒ derleniyor)
  
C:\ShadowStrike\ShadowStrike\src\Shared_modules\Core\Engine\EmulationEngine.hpp(752,26): error C2027: tan─▒ms─▒z 'ShadowStrike::Core::Engine::PackerType' t├╝r├╝ kullan─▒ld─▒ [C:\ShadowStrike\ShadowStrike\ShadowStrike.vcxproj]
  ('/src/Shared_modules/Core/Engine/PackerUnpacker.cpp' kaynak dosyas─▒ derleniyor)
      C:\ShadowStrike\ShadowStrike\src\Shared_modules\Core\Engine\PackerUnpacker.hpp(177,12):
      'ShadowStrike::Core::Engine::PackerType' bildirimine bak─▒n
  
C:\ShadowStrike\ShadowStrike\src\Shared_modules\Core\Engine\EmulationEngine.hpp(752,26): error C2065: 'Petite': bildirimi yap─▒lmam─▒┼ş tan─▒mlay─▒c─▒ [C:\ShadowStrike\ShadowStrike\ShadowStrike.vcxproj]
  ('/src/Shared_modules/Core/Engine/PackerUnpacker.cpp' kaynak dosyas─▒ derleniyor)
  
C:\ShadowStrike\ShadowStrike\src\Shared_modules\Core\Engine\BehaviorAnalyzer.cpp(98,51): error C2039: 'PatternStore': bir 'ShadowStrike::SignatureStore' ├╝yesi de─şil [C:\ShadowStrike\ShadowStrike\ShadowStrike.vcxproj]
  ('/src/Shared_modules/Core/Engine/BehaviorAnalyzer.cpp' kaynak dosyas─▒ derleniyor)
      C:\ShadowStrike\ShadowStrike\src\Shared_modules\Core\Engine\BehaviorAnalyzer.hpp(244,15):
      'ShadowStrike::SignatureStore' bildirimine bak─▒n
  
C:\ShadowStrike\ShadowStrike\src\Shared_modules\Core\Engine\BehaviorAnalyzer.cpp(98,51): error C2882: 'PatternStore': ad alan─▒ tan─▒mlay─▒c─▒s─▒n─▒n ifade i├ğinde ge├ğersiz kullan─▒m─▒ [C:\ShadowStrike\ShadowStrike\ShadowStrike.vcxproj]
  ('/src/Shared_modules/Core/Engine/BehaviorAnalyzer.cpp' kaynak dosyas─▒ derleniyor)
  
C:\ShadowStrike\ShadowStrike\src\Shared_modules\Core\Engine\EmulationEngine.hpp(752,26): error C2131: ifade sabit olarak de─şerlendirilmedi [C:\ShadowStrike\ShadowStrike\ShadowStrike.vcxproj]
  ('/src/Shared_modules/Core/Engine/PackerUnpacker.cpp' kaynak dosyas─▒ derleniyor)
      C:\ShadowStrike\ShadowStrike\src\Shared_modules\Core\Engine\EmulationEngine.hpp(752,26):
      sabit olmayan bir (alt) ifade ile kar┼ş─▒la┼ş─▒ld─▒
  
C:\ShadowStrike\ShadowStrike\src\Shared_modules\Core\Engine\BehaviorAnalyzer.cpp(98,10): error C2974: 'std::shared_ptr': '_Ty' i├ğin ┼şablon ba─ş─▒ms─▒z de─şi┼şkeni ge├ğersiz, t├╝r bekleniyor [C:\ShadowStrike\ShadowStrike\ShadowStrike.vcxproj]
  ('/src/Shared_modules/Core/Engine/BehaviorAnalyzer.cpp' kaynak dosyas─▒ derleniyor)
      C:\Program Files\Microsoft Visual Studio\2022\Community\VC\Tools\MSVC\14.44.35207\include\memory(1565,7):
      'std::shared_ptr' bildirimine bak─▒n
  
C:\ShadowStrike\ShadowStrike\src\Shared_modules\Core\Engine\EmulationEngine.hpp(753,26): error C2027: tan─▒ms─▒z 'ShadowStrike::Core::Engine::PackerType' t├╝r├╝ kullan─▒ld─▒ [C:\ShadowStrike\ShadowStrike\ShadowStrike.vcxproj]
  ('/src/Shared_modules/Core/Engine/PackerUnpacker.cpp' kaynak dosyas─▒ derleniyor)
      C:\ShadowStrike\ShadowStrike\src\Shared_modules\Core\Engine\PackerUnpacker.hpp(177,12):
      'ShadowStrike::Core::Engine::PackerType' bildirimine bak─▒n
  
C:\ShadowStrike\ShadowStrike\src\Shared_modules\Core\Engine\EmulationEngine.hpp(753,26): error C2065: 'NsPack': bildirimi yap─▒lmam─▒┼ş tan─▒mlay─▒c─▒ [C:\ShadowStrike\ShadowStrike\ShadowStrike.vcxproj]
  ('/src/Shared_modules/Core/Engine/PackerUnpacker.cpp' kaynak dosyas─▒ derleniyor)
  
C:\ShadowStrike\ShadowStrike\src\Shared_modules\Core\Engine\BehaviorAnalyzer.cpp(98,65): error C2955: 'std::shared_ptr' : s─▒n─▒f ┼şablon kullan─▒m─▒ i├ğin ┼şablon ba─ş─▒ms─▒z de─şi┼şken listesi gerekir [C:\ShadowStrike\ShadowStrike\ShadowStrike.vcxproj]
  ('/src/Shared_modules/Core/Engine/BehaviorAnalyzer.cpp' kaynak dosyas─▒ derleniyor)
      C:\Program Files\Microsoft Visual Studio\2022\Community\VC\Tools\MSVC\14.44.35207\include\memory(1565,7):
      'std::shared_ptr' bildirimine bak─▒n
  
C:\ShadowStrike\ShadowStrike\src\Shared_modules\Core\Engine\EmulationEngine.hpp(753,26): error C2131: ifade sabit olarak de─şerlendirilmedi [C:\ShadowStrike\ShadowStrike\ShadowStrike.vcxproj]
  ('/src/Shared_modules/Core/Engine/PackerUnpacker.cpp' kaynak dosyas─▒ derleniyor)
      C:\ShadowStrike\ShadowStrike\src\Shared_modules\Core\Engine\EmulationEngine.hpp(753,26):
      sabit olmayan bir (alt) ifade ile kar┼ş─▒la┼ş─▒ld─▒
  
C:\ShadowStrike\ShadowStrike\src\Shared_modules\Core\FileSystem\DocumentScanner.cpp(176,13): error C2653: 'Logger': bir s─▒n─▒f veya ad alan─▒ ad─▒ de─şil [C:\ShadowStrike\ShadowStrike\ShadowStrike.vcxproj]
  ('/src/Shared_modules/Core/FileSystem/DocumentScanner.cpp' kaynak dosyas─▒ derleniyor)
  
C:\ShadowStrike\ShadowStrike\src\Shared_modules\Core\Engine\EmulationEngine.hpp(754,26): error C2027: tan─▒ms─▒z 'ShadowStrike::Core::Engine::PackerType' t├╝r├╝ kullan─▒ld─▒ [C:\ShadowStrike\ShadowStrike\ShadowStrike.vcxproj]
  ('/src/Shared_modules/Core/Engine/PackerUnpacker.cpp' kaynak dosyas─▒ derleniyor)
      C:\ShadowStrike\ShadowStrike\src\Shared_modules\Core\Engine\PackerUnpacker.hpp(177,12):
      'ShadowStrike::Core::Engine::PackerType' bildirimine bak─▒n
  
C:\ShadowStrike\ShadowStrike\src\Shared_modules\Core\FileSystem\DocumentScanner.cpp(176,21): error C3861: 'Info': tan─▒mlay─▒c─▒ bulunamad─▒ [C:\ShadowStrike\ShadowStrike\ShadowStrike.vcxproj]
  ('/src/Shared_modules/Core/FileSystem/DocumentScanner.cpp' kaynak dosyas─▒ derleniyor)
  
C:\ShadowStrike\ShadowStrike\src\Shared_modules\Core\Engine\EmulationEngine.hpp(754,26): error C2065: 'Themida': bildirimi yap─▒lmam─▒┼ş tan─▒mlay─▒c─▒ [C:\ShadowStrike\ShadowStrike\ShadowStrike.vcxproj]
  ('/src/Shared_modules/Core/Engine/PackerUnpacker.cpp' kaynak dosyas─▒ derleniyor)
  
C:\ShadowStrike\ShadowStrike\src\Shared_modules\Core\FileSystem\FileLockManager.cpp(768,31): error C2664: 'DWORD RmGetList(DWORD,UINT *,UINT *,RM_PROCESS_INFO [],LPDWORD)' : 5 ba─ş─▒ms─▒z de─şi┼şkeni 'RM_REBOOT_REASON *' de─şerinden 'LPDWORD' de─şerine d├Ân├╝┼şt├╝r├╝lemez [C:\ShadowStrike\ShadowStrike\ShadowStrike.vcxproj]
  ('/src/Shared_modules/Core/FileSystem/FileLockManager.cpp' kaynak dosyas─▒ derleniyor)
      C:\ShadowStrike\ShadowStrike\src\Shared_modules\Core\FileSystem\FileLockManager.cpp(773,25):
      ─░┼şaretlenen t├╝rler ilgisiz; d├Ân├╝┼şt├╝rme reinterpret_cast, C stili t├╝r d├Ân├╝┼şt├╝rme veya parantez i├ğine al─▒nm─▒┼ş i┼şlev stili t├╝r d├Ân├╝┼şt├╝rme gerektiriyor
      C:\Program Files (x86)\Windows Kits\10\Include\10.0.26100.0\um\RestartManager.h(240,1):
      'RmGetList' bildirimine bak─▒n
      C:\ShadowStrike\ShadowStrike\src\Shared_modules\Core\FileSystem\FileLockManager.cpp(768,31):
      '(DWORD, UINT *, UINT *, _Ty *, RM_REBOOT_REASON *)' ba─ş─▒ms─▒z de─şi┼şken listesi e┼şlenmeye ├ğal─▒┼ş─▒l─▒rken
          with
          [
              _Ty=RM_PROCESS_INFO
          ]
  
C:\ShadowStrike\ShadowStrike\src\Shared_modules\Core\Engine\EmulationEngine.hpp(754,26): error C2131: ifade sabit olarak de─şerlendirilmedi [C:\ShadowStrike\ShadowStrike\ShadowStrike.vcxproj]
  ('/src/Shared_modules/Core/Engine/PackerUnpacker.cpp' kaynak dosyas─▒ derleniyor)
      C:\ShadowStrike\ShadowStrike\src\Shared_modules\Core\Engine\EmulationEngine.hpp(754,26):
      sabit olmayan bir (alt) ifade ile kar┼ş─▒la┼ş─▒ld─▒
  
C:\ShadowStrike\ShadowStrike\src\Shared_modules\Core\FileSystem\FileLockManager.cpp(781,29): error C2653: 'Logger': bir s─▒n─▒f veya ad alan─▒ ad─▒ de─şil [C:\ShadowStrike\ShadowStrike\ShadowStrike.vcxproj]
  ('/src/Shared_modules/Core/FileSystem/FileLockManager.cpp' kaynak dosyas─▒ derleniyor)
  
C:\ShadowStrike\ShadowStrike\src\Shared_modules\Core\Engine\EmulationEngine.hpp(755,26): error C2027: tan─▒ms─▒z 'ShadowStrike::Core::Engine::PackerType' t├╝r├╝ kullan─▒ld─▒ [C:\ShadowStrike\ShadowStrike\ShadowStrike.vcxproj]
  ('/src/Shared_modules/Core/Engine/PackerUnpacker.cpp' kaynak dosyas─▒ derleniyor)
      C:\ShadowStrike\ShadowStrike\src\Shared_modules\Core\Engine\PackerUnpacker.hpp(177,12):
      'ShadowStrike::Core::Engine::PackerType' bildirimine bak─▒n
  
C:\ShadowStrike\ShadowStrike\src\Shared_modules\Core\Engine\EmulationEngine.hpp(755,26): error C2065: 'VMProtect': bildirimi yap─▒lmam─▒┼ş tan─▒mlay─▒c─▒ [C:\ShadowStrike\ShadowStrike\ShadowStrike.vcxproj]
  ('/src/Shared_modules/Core/Engine/PackerUnpacker.cpp' kaynak dosyas─▒ derleniyor)
  
C:\ShadowStrike\ShadowStrike\src\Shared_modules\Core\Engine\EmulationEngine.hpp(755,26): error C2131: ifade sabit olarak de─şerlendirilmedi [C:\ShadowStrike\ShadowStrike\ShadowStrike.vcxproj]
  ('/src/Shared_modules/Core/Engine/PackerUnpacker.cpp' kaynak dosyas─▒ derleniyor)
      C:\ShadowStrike\ShadowStrike\src\Shared_modules\Core\Engine\EmulationEngine.hpp(755,26):
      sabit olmayan bir (alt) ifade ile kar┼ş─▒la┼ş─▒ld─▒
  
C:\ShadowStrike\ShadowStrike\src\Shared_modules\Core\FileSystem\DocumentScanner.cpp(198,17): error C2653: 'Logger': bir s─▒n─▒f veya ad alan─▒ ad─▒ de─şil [C:\ShadowStrike\ShadowStrike\ShadowStrike.vcxproj]
  ('/src/Shared_modules/Core/FileSystem/DocumentScanner.cpp' kaynak dosyas─▒ derleniyor)
  
C:\ShadowStrike\ShadowStrike\src\Shared_modules\Core\Engine\EmulationEngine.hpp(756,26): error C2027: tan─▒ms─▒z 'ShadowStrike::Core::Engine::PackerType' t├╝r├╝ kullan─▒ld─▒ [C:\ShadowStrike\ShadowStrike\ShadowStrike.vcxproj]
  ('/src/Shared_modules/Core/Engine/PackerUnpacker.cpp' kaynak dosyas─▒ derleniyor)
      C:\ShadowStrike\ShadowStrike\src\Shared_modules\Core\Engine\PackerUnpacker.hpp(177,12):
      'ShadowStrike::Core::Engine::PackerType' bildirimine bak─▒n
  
C:\ShadowStrike\ShadowStrike\src\Shared_modules\Core\FileSystem\FileLockManager.cpp(781,37): error C3861: 'Info': tan─▒mlay─▒c─▒ bulunamad─▒ [C:\ShadowStrike\ShadowStrike\ShadowStrike.vcxproj]
  ('/src/Shared_modules/Core/FileSystem/FileLockManager.cpp' kaynak dosyas─▒ derleniyor)
  
C:\ShadowStrike\ShadowStrike\src\Shared_modules\Core\Engine\EmulationEngine.hpp(756,26): error C2065: 'Enigma': bildirimi yap─▒lmam─▒┼ş tan─▒mlay─▒c─▒ [C:\ShadowStrike\ShadowStrike\ShadowStrike.vcxproj]
  ('/src/Shared_modules/Core/Engine/PackerUnpacker.cpp' kaynak dosyas─▒ derleniyor)
  
C:\ShadowStrike\ShadowStrike\src\Shared_modules\Core\FileSystem\DocumentScanner.cpp(198,25): error C3861: 'Warn': tan─▒mlay─▒c─▒ bulunamad─▒ [C:\ShadowStrike\ShadowStrike\ShadowStrike.vcxproj]
  ('/src/Shared_modules/Core/FileSystem/DocumentScanner.cpp' kaynak dosyas─▒ derleniyor)
  
C:\ShadowStrike\ShadowStrike\src\Shared_modules\Core\FileSystem\FileLockManager.cpp(791,13): error C2653: 'Logger': bir s─▒n─▒f veya ad alan─▒ ad─▒ de─şil [C:\ShadowStrike\ShadowStrike\ShadowStrike.vcxproj]
  ('/src/Shared_modules/Core/FileSystem/FileLockManager.cpp' kaynak dosyas─▒ derleniyor)
  
C:\ShadowStrike\ShadowStrike\src\Shared_modules\Core\Engine\EmulationEngine.hpp(756,26): error C2131: ifade sabit olarak de─şerlendirilmedi [C:\ShadowStrike\ShadowStrike\ShadowStrike.vcxproj]
  ('/src/Shared_modules/Core/Engine/PackerUnpacker.cpp' kaynak dosyas─▒ derleniyor)
      C:\ShadowStrike\ShadowStrike\src\Shared_modules\Core\Engine\EmulationEngine.hpp(756,26):
      sabit olmayan bir (alt) ifade ile kar┼ş─▒la┼ş─▒ld─▒
  
C:\ShadowStrike\ShadowStrike\src\Shared_modules\Core\FileSystem\DocumentScanner.cpp(205,17): error C2653: 'Logger': bir s─▒n─▒f veya ad alan─▒ ad─▒ de─şil [C:\ShadowStrike\ShadowStrike\ShadowStrike.vcxproj]
  ('/src/Shared_modules/Core/FileSystem/DocumentScanner.cpp' kaynak dosyas─▒ derleniyor)
  
C:\ShadowStrike\ShadowStrike\src\Shared_modules\Core\FileSystem\FileLockManager.cpp(791,21): error C3861: 'Error': tan─▒mlay─▒c─▒ bulunamad─▒ [C:\ShadowStrike\ShadowStrike\ShadowStrike.vcxproj]
  ('/src/Shared_modules/Core/FileSystem/FileLockManager.cpp' kaynak dosyas─▒ derleniyor)
  
C:\ShadowStrike\ShadowStrike\src\Shared_modules\Core\FileSystem\DocumentScanner.cpp(206,21): error C2653: 'StringUtils': bir s─▒n─▒f veya ad alan─▒ ad─▒ de─şil [C:\ShadowStrike\ShadowStrike\ShadowStrike.vcxproj]
  ('/src/Shared_modules/Core/FileSystem/DocumentScanner.cpp' kaynak dosyas─▒ derleniyor)
  
C:\ShadowStrike\ShadowStrike\src\Shared_modules\Core\Engine\EmulationEngine.hpp(757,26): error C2027: tan─▒ms─▒z 'ShadowStrike::Core::Engine::PackerType' t├╝r├╝ kullan─▒ld─▒ [C:\ShadowStrike\ShadowStrike\ShadowStrike.vcxproj]
  ('/src/Shared_modules/Core/Engine/PackerUnpacker.cpp' kaynak dosyas─▒ derleniyor)
      C:\ShadowStrike\ShadowStrike\src\Shared_modules\Core\Engine\PackerUnpacker.hpp(177,12):
      'ShadowStrike::Core::Engine::PackerType' bildirimine bak─▒n
  
C:\ShadowStrike\ShadowStrike\src\Shared_modules\Core\FileSystem\DocumentScanner.cpp(206,34): error C3861: 'WideToUtf8': tan─▒mlay─▒c─▒ bulunamad─▒ [C:\ShadowStrike\ShadowStrike\ShadowStrike.vcxproj]
  ('/src/Shared_modules/Core/FileSystem/DocumentScanner.cpp' kaynak dosyas─▒ derleniyor)
  
C:\ShadowStrike\ShadowStrike\src\Shared_modules\Core\Engine\EmulationEngine.hpp(757,26): error C2065: 'Obsidium': bildirimi yap─▒lmam─▒┼ş tan─▒mlay─▒c─▒ [C:\ShadowStrike\ShadowStrike\ShadowStrike.vcxproj]
  ('/src/Shared_modules/Core/Engine/PackerUnpacker.cpp' kaynak dosyas─▒ derleniyor)
  
C:\ShadowStrike\ShadowStrike\src\Shared_modules\Core\FileSystem\DocumentScanner.cpp(205,25): error C3861: 'Warn': tan─▒mlay─▒c─▒ bulunamad─▒ [C:\ShadowStrike\ShadowStrike\ShadowStrike.vcxproj]
  ('/src/Shared_modules/Core/FileSystem/DocumentScanner.cpp' kaynak dosyas─▒ derleniyor)
  
C:\ShadowStrike\ShadowStrike\src\Shared_modules\Core\Engine\EmulationEngine.hpp(757,26): error C2131: ifade sabit olarak de─şerlendirilmedi [C:\ShadowStrike\ShadowStrike\ShadowStrike.vcxproj]
  ('/src/Shared_modules/Core/Engine/PackerUnpacker.cpp' kaynak dosyas─▒ derleniyor)
      C:\ShadowStrike\ShadowStrike\src\Shared_modules\Core\Engine\EmulationEngine.hpp(757,26):
      sabit olmayan bir (alt) ifade ile kar┼ş─▒la┼ş─▒ld─▒
  
C:\ShadowStrike\ShadowStrike\src\Shared_modules\Core\FileSystem\FileLockManager.cpp(816,27): error C2664: 'DWORD RmGetList(DWORD,UINT *,UINT *,RM_PROCESS_INFO [],LPDWORD)' : 5 ba─ş─▒ms─▒z de─şi┼şkeni 'RM_REBOOT_REASON *' de─şerinden 'LPDWORD' de─şerine d├Ân├╝┼şt├╝r├╝lemez [C:\ShadowStrike\ShadowStrike\ShadowStrike.vcxproj]
  ('/src/Shared_modules/Core/FileSystem/FileLockManager.cpp' kaynak dosyas─▒ derleniyor)
      C:\ShadowStrike\ShadowStrike\src\Shared_modules\Core\FileSystem\FileLockManager.cpp(816,87):
      ─░┼şaretlenen t├╝rler ilgisiz; d├Ân├╝┼şt├╝rme reinterpret_cast, C stili t├╝r d├Ân├╝┼şt├╝rme veya parantez i├ğine al─▒nm─▒┼ş i┼şlev stili t├╝r d├Ân├╝┼şt├╝rme gerektiriyor
      C:\Program Files (x86)\Windows Kits\10\Include\10.0.26100.0\um\RestartManager.h(240,1):
      'RmGetList' bildirimine bak─▒n
      C:\ShadowStrike\ShadowStrike\src\Shared_modules\Core\FileSystem\FileLockManager.cpp(816,27):
      '(DWORD, UINT *, UINT *, nullptr, RM_REBOOT_REASON *)' ba─ş─▒ms─▒z de─şi┼şken listesi e┼şlenmeye ├ğal─▒┼ş─▒l─▒rken
  
C:\ShadowStrike\ShadowStrike\src\Shared_modules\Core\FileSystem\DocumentScanner.cpp(215,17): error C2653: 'Logger': bir s─▒n─▒f veya ad alan─▒ ad─▒ de─şil [C:\ShadowStrike\ShadowStrike\ShadowStrike.vcxproj]
  ('/src/Shared_modules/Core/FileSystem/DocumentScanner.cpp' kaynak dosyas─▒ derleniyor)
  
C:\ShadowStrike\ShadowStrike\src\Shared_modules\Core\FileSystem\DocumentScanner.cpp(215,25): error C3861: 'Warn': tan─▒mlay─▒c─▒ bulunamad─▒ [C:\ShadowStrike\ShadowStrike\ShadowStrike.vcxproj]
  ('/src/Shared_modules/Core/FileSystem/DocumentScanner.cpp' kaynak dosyas─▒ derleniyor)
  
C:\ShadowStrike\ShadowStrike\src\Shared_modules\Core\Engine\EmulationEngine.hpp(758,26): error C2027: tan─▒ms─▒z 'ShadowStrike::Core::Engine::PackerType' t├╝r├╝ kullan─▒ld─▒ [C:\ShadowStrike\ShadowStrike\ShadowStrike.vcxproj]
  ('/src/Shared_modules/Core/Engine/PackerUnpacker.cpp' kaynak dosyas─▒ derleniyor)
      C:\ShadowStrike\ShadowStrike\src\Shared_modules\Core\Engine\PackerUnpacker.hpp(177,12):
      'ShadowStrike::Core::Engine::PackerType' bildirimine bak─▒n
  
C:\ShadowStrike\ShadowStrike\src\Shared_modules\Core\Engine\EmulationEngine.hpp(758,26): error C2065: 'ExeCryptor': bildirimi yap─▒lmam─▒┼ş tan─▒mlay─▒c─▒ [C:\ShadowStrike\ShadowStrike\ShadowStrike.vcxproj]
  ('/src/Shared_modules/Core/Engine/PackerUnpacker.cpp' kaynak dosyas─▒ derleniyor)
  
C:\ShadowStrike\ShadowStrike\src\Shared_modules\Core\FileSystem\DocumentScanner.cpp(225,17): error C2653: 'Logger': bir s─▒n─▒f veya ad alan─▒ ad─▒ de─şil [C:\ShadowStrike\ShadowStrike\ShadowStrike.vcxproj]
  ('/src/Shared_modules/Core/FileSystem/DocumentScanner.cpp' kaynak dosyas─▒ derleniyor)
  
C:\ShadowStrike\ShadowStrike\src\Shared_modules\Core\FileSystem\FileHasher.cpp(357,34): error C2065: 'ProgressCallback': bildirimi yap─▒lmam─▒┼ş tan─▒mlay─▒c─▒ [C:\ShadowStrike\ShadowStrike\ShadowStrike.vcxproj]
  ('/src/Shared_modules/Core/FileSystem/FileHasher.cpp' kaynak dosyas─▒ derleniyor)
  
C:\ShadowStrike\ShadowStrike\src\Shared_modules\Core\FileSystem\DocumentScanner.cpp(225,25): error C3861: 'Warn': tan─▒mlay─▒c─▒ bulunamad─▒ [C:\ShadowStrike\ShadowStrike\ShadowStrike.vcxproj]
  ('/src/Shared_modules/Core/FileSystem/DocumentScanner.cpp' kaynak dosyas─▒ derleniyor)
  
C:\ShadowStrike\ShadowStrike\src\Shared_modules\Core\Engine\EmulationEngine.hpp(758,26): error C2131: ifade sabit olarak de─şerlendirilmedi [C:\ShadowStrike\ShadowStrike\ShadowStrike.vcxproj]
  ('/src/Shared_modules/Core/Engine/PackerUnpacker.cpp' kaynak dosyas─▒ derleniyor)
      C:\ShadowStrike\ShadowStrike\src\Shared_modules\Core\Engine\EmulationEngine.hpp(758,26):
      sabit olmayan bir (alt) ifade ile kar┼ş─▒la┼ş─▒ld─▒
  
C:\ShadowStrike\ShadowStrike\src\Shared_modules\Core\FileSystem\FileHasher.cpp(357,10): error C2923: 'std::unordered_map': 'ProgressCallback' ge├ğerli bir ┼şablon t├╝r ba─ş─▒ms─▒z de─şi┼şkeni de─şil ('_Ty' parametresi i├ğin) [C:\ShadowStrike\ShadowStrike\ShadowStrike.vcxproj]
  ('/src/Shared_modules/Core/FileSystem/FileHasher.cpp' kaynak dosyas─▒ derleniyor)
      C:\ShadowStrike\ShadowStrike\src\Shared_modules\Core\FileSystem\FileHasher.cpp(357,34):
      'ProgressCallback' bildirimine bak─▒n
  
C:\ShadowStrike\ShadowStrike\src\Shared_modules\Core\FileSystem\FileLockManager.cpp(822,31): error C2664: 'DWORD RmGetList(DWORD,UINT *,UINT *,RM_PROCESS_INFO [],LPDWORD)' : 5 ba─ş─▒ms─▒z de─şi┼şkeni 'RM_REBOOT_REASON *' de─şerinden 'LPDWORD' de─şerine d├Ân├╝┼şt├╝r├╝lemez [C:\ShadowStrike\ShadowStrike\ShadowStrike.vcxproj]
  ('/src/Shared_modules/Core/FileSystem/FileLockManager.cpp' kaynak dosyas─▒ derleniyor)
      C:\ShadowStrike\ShadowStrike\src\Shared_modules\Core\FileSystem\FileLockManager.cpp(823,43):
      ─░┼şaretlenen t├╝rler ilgisiz; d├Ân├╝┼şt├╝rme reinterpret_cast, C stili t├╝r d├Ân├╝┼şt├╝rme veya parantez i├ğine al─▒nm─▒┼ş i┼şlev stili t├╝r d├Ân├╝┼şt├╝rme gerektiriyor
      C:\Program Files (x86)\Windows Kits\10\Include\10.0.26100.0\um\RestartManager.h(240,1):
      'RmGetList' bildirimine bak─▒n
      C:\ShadowStrike\ShadowStrike\src\Shared_modules\Core\FileSystem\FileLockManager.cpp(822,31):
      '(DWORD, UINT *, UINT *, _Ty *, RM_REBOOT_REASON *)' ba─ş─▒ms─▒z de─şi┼şken listesi e┼şlenmeye ├ğal─▒┼ş─▒l─▒rken
          with
          [
              _Ty=RM_PROCESS_INFO
          ]
  
C:\ShadowStrike\ShadowStrike\src\Shared_modules\Core\FileSystem\DocumentScanner.cpp(271,21): error C2653: 'Logger': bir s─▒n─▒f veya ad alan─▒ ad─▒ de─şil [C:\ShadowStrike\ShadowStrike\ShadowStrike.vcxproj]
  ('/src/Shared_modules/Core/FileSystem/DocumentScanner.cpp' kaynak dosyas─▒ derleniyor)
  
C:\ShadowStrike\ShadowStrike\src\Shared_modules\Core\FileSystem\FileHasher.cpp(357,10): error C2976: 'std::unordered_map': ├ğok az say─▒da ┼şablon ba─ş─▒ms─▒z de─şi┼şkeni var [C:\ShadowStrike\ShadowStrike\ShadowStrike.vcxproj]
  ('/src/Shared_modules/Core/FileSystem/FileHasher.cpp' kaynak dosyas─▒ derleniyor)
      C:\Program Files\Microsoft Visual Studio\2022\Community\VC\Tools\MSVC\14.44.35207\include\unordered_map(61,7):
      'std::unordered_map' bildirimine bak─▒n
  
C:\ShadowStrike\ShadowStrike\src\Shared_modules\Core\FileSystem\DocumentScanner.cpp(271,29): error C3861: 'Warn': tan─▒mlay─▒c─▒ bulunamad─▒ [C:\ShadowStrike\ShadowStrike\ShadowStrike.vcxproj]
  ('/src/Shared_modules/Core/FileSystem/DocumentScanner.cpp' kaynak dosyas─▒ derleniyor)
  
C:\ShadowStrike\ShadowStrike\src\Shared_modules\Core\FileSystem\FileLockManager.cpp(836,13): error C2653: 'Logger': bir s─▒n─▒f veya ad alan─▒ ad─▒ de─şil [C:\ShadowStrike\ShadowStrike\ShadowStrike.vcxproj]
  ('/src/Shared_modules/Core/FileSystem/FileLockManager.cpp' kaynak dosyas─▒ derleniyor)
  
C:\ShadowStrike\ShadowStrike\src\Shared_modules\Core\FileSystem\FileLockManager.cpp(836,21): error C3861: 'Error': tan─▒mlay─▒c─▒ bulunamad─▒ [C:\ShadowStrike\ShadowStrike\ShadowStrike.vcxproj]
  ('/src/Shared_modules/Core/FileSystem/FileLockManager.cpp' kaynak dosyas─▒ derleniyor)
  
C:\ShadowStrike\ShadowStrike\src\Shared_modules\Core\FileSystem\DocumentScanner.cpp(301,13): error C2653: 'Logger': bir s─▒n─▒f veya ad alan─▒ ad─▒ de─şil [C:\ShadowStrike\ShadowStrike\ShadowStrike.vcxproj]
  ('/src/Shared_modules/Core/FileSystem/DocumentScanner.cpp' kaynak dosyas─▒ derleniyor)
  
C:\ShadowStrike\ShadowStrike\src\Shared_modules\Core\Engine\EmulationEngine.hpp(759,26): error C2027: tan─▒ms─▒z 'ShadowStrike::Core::Engine::PackerType' t├╝r├╝ kullan─▒ld─▒ [C:\ShadowStrike\ShadowStrike\ShadowStrike.vcxproj]
  ('/src/Shared_modules/Core/Engine/PackerUnpacker.cpp' kaynak dosyas─▒ derleniyor)
      C:\ShadowStrike\ShadowStrike\src\Shared_modules\Core\Engine\PackerUnpacker.hpp(177,12):
      'ShadowStrike::Core::Engine::PackerType' bildirimine bak─▒n
  
C:\ShadowStrike\ShadowStrike\src\Shared_modules\Core\Engine\EmulationEngine.hpp(759,26): error C2065: 'Armadillo': bildirimi yap─▒lmam─▒┼ş tan─▒mlay─▒c─▒ [C:\ShadowStrike\ShadowStrike\ShadowStrike.vcxproj]
  ('/src/Shared_modules/Core/Engine/PackerUnpacker.cpp' kaynak dosyas─▒ derleniyor)
  
C:\ShadowStrike\ShadowStrike\src\Shared_modules\Core\FileSystem\DocumentScanner.cpp(301,21): error C3861: 'Error': tan─▒mlay─▒c─▒ bulunamad─▒ [C:\ShadowStrike\ShadowStrike\ShadowStrike.vcxproj]
  ('/src/Shared_modules/Core/FileSystem/DocumentScanner.cpp' kaynak dosyas─▒ derleniyor)
  
C:\ShadowStrike\ShadowStrike\src\Shared_modules\Core\Engine\EmulationEngine.hpp(759,26): error C2131: ifade sabit olarak de─şerlendirilmedi [C:\ShadowStrike\ShadowStrike\ShadowStrike.vcxproj]
  ('/src/Shared_modules/Core/Engine/PackerUnpacker.cpp' kaynak dosyas─▒ derleniyor)
      C:\ShadowStrike\ShadowStrike\src\Shared_modules\Core\Engine\EmulationEngine.hpp(759,26):
      sabit olmayan bir (alt) ifade ile kar┼ş─▒la┼ş─▒ld─▒
  
C:\ShadowStrike\ShadowStrike\src\Shared_modules\Core\FileSystem\FileHasher.cpp(357,52): error C2955: 'std::unordered_map' : s─▒n─▒f ┼şablon kullan─▒m─▒ i├ğin ┼şablon ba─ş─▒ms─▒z de─şi┼şken listesi gerekir [C:\ShadowStrike\ShadowStrike\ShadowStrike.vcxproj]
  ('/src/Shared_modules/Core/FileSystem/FileHasher.cpp' kaynak dosyas─▒ derleniyor)
      C:\Program Files\Microsoft Visual Studio\2022\Community\VC\Tools\MSVC\14.44.35207\include\unordered_map(61,7):
      'std::unordered_map' bildirimine bak─▒n
  
C:\ShadowStrike\ShadowStrike\src\Shared_modules\Core\Engine\EmulationEngine.hpp(760,26): error C2027: tan─▒ms─▒z 'ShadowStrike::Core::Engine::PackerType' t├╝r├╝ kullan─▒ld─▒ [C:\ShadowStrike\ShadowStrike\ShadowStrike.vcxproj]
  ('/src/Shared_modules/Core/Engine/PackerUnpacker.cpp' kaynak dosyas─▒ derleniyor)
      C:\ShadowStrike\ShadowStrike\src\Shared_modules\Core\Engine\PackerUnpacker.hpp(177,12):
      'ShadowStrike::Core::Engine::PackerType' bildirimine bak─▒n
  
C:\ShadowStrike\ShadowStrike\src\Shared_modules\Core\Engine\EmulationEngine.hpp(760,26): error C2065: 'ASProtect': bildirimi yap─▒lmam─▒┼ş tan─▒mlay─▒c─▒ [C:\ShadowStrike\ShadowStrike\ShadowStrike.vcxproj]
  ('/src/Shared_modules/Core/Engine/PackerUnpacker.cpp' kaynak dosyas─▒ derleniyor)
  
C:\ShadowStrike\ShadowStrike\src\Shared_modules\Core\FileSystem\DocumentScanner.cpp(311,9): error C2653: 'Logger': bir s─▒n─▒f veya ad alan─▒ ad─▒ de─şil [C:\ShadowStrike\ShadowStrike\ShadowStrike.vcxproj]
  ('/src/Shared_modules/Core/FileSystem/DocumentScanner.cpp' kaynak dosyas─▒ derleniyor)
  
C:\ShadowStrike\ShadowStrike\src\Shared_modules\Core\Engine\EmulationEngine.hpp(760,26): error C2131: ifade sabit olarak de─şerlendirilmedi [C:\ShadowStrike\ShadowStrike\ShadowStrike.vcxproj]
  ('/src/Shared_modules/Core/Engine/PackerUnpacker.cpp' kaynak dosyas─▒ derleniyor)
      C:\ShadowStrike\ShadowStrike\src\Shared_modules\Core\Engine\EmulationEngine.hpp(760,26):
      sabit olmayan bir (alt) ifade ile kar┼ş─▒la┼ş─▒ld─▒
  
C:\ShadowStrike\ShadowStrike\src\Shared_modules\Core\FileSystem\DocumentScanner.cpp(311,17): error C3861: 'Info': tan─▒mlay─▒c─▒ bulunamad─▒ [C:\ShadowStrike\ShadowStrike\ShadowStrike.vcxproj]
  ('/src/Shared_modules/Core/FileSystem/DocumentScanner.cpp' kaynak dosyas─▒ derleniyor)
  
C:\ShadowStrike\ShadowStrike\src\Shared_modules\Core\Engine\EmulationEngine.hpp(761,26): error C2027: tan─▒ms─▒z 'ShadowStrike::Core::Engine::PackerType' t├╝r├╝ kullan─▒ld─▒ [C:\ShadowStrike\ShadowStrike\ShadowStrike.vcxproj]
  ('/src/Shared_modules/Core/Engine/PackerUnpacker.cpp' kaynak dosyas─▒ derleniyor)
      C:\ShadowStrike\ShadowStrike\src\Shared_modules\Core\Engine\PackerUnpacker.hpp(177,12):
      'ShadowStrike::Core::Engine::PackerType' bildirimine bak─▒n
  
C:\ShadowStrike\ShadowStrike\src\Shared_modules\Core\Engine\EmulationEngine.hpp(761,26): error C2065: 'CodeVirtualizer': bildirimi yap─▒lmam─▒┼ş tan─▒mlay─▒c─▒ [C:\ShadowStrike\ShadowStrike\ShadowStrike.vcxproj]
  ('/src/Shared_modules/Core/Engine/PackerUnpacker.cpp' kaynak dosyas─▒ derleniyor)
  
C:\ShadowStrike\ShadowStrike\src\Shared_modules\Core\Engine\EmulationEngine.hpp(761,26): error C2131: ifade sabit olarak de─şerlendirilmedi [C:\ShadowStrike\ShadowStrike\ShadowStrike.vcxproj]
  ('/src/Shared_modules/Core/Engine/PackerUnpacker.cpp' kaynak dosyas─▒ derleniyor)
      C:\ShadowStrike\ShadowStrike\src\Shared_modules\Core\Engine\EmulationEngine.hpp(761,26):
      sabit olmayan bir (alt) ifade ile kar┼ş─▒la┼ş─▒ld─▒
  
C:\ShadowStrike\ShadowStrike\src\Shared_modules\Core\FileSystem\DocumentScanner.cpp(350,21): error C2653: 'Logger': bir s─▒n─▒f veya ad alan─▒ ad─▒ de─şil [C:\ShadowStrike\ShadowStrike\ShadowStrike.vcxproj]
  ('/src/Shared_modules/Core/FileSystem/DocumentScanner.cpp' kaynak dosyas─▒ derleniyor)
  
C:\ShadowStrike\ShadowStrike\src\Shared_modules\Core\Engine\EmulationEngine.hpp(762,26): error C2027: tan─▒ms─▒z 'ShadowStrike::Core::Engine::PackerType' t├╝r├╝ kullan─▒ld─▒ [C:\ShadowStrike\ShadowStrike\ShadowStrike.vcxproj]
  ('/src/Shared_modules/Core/Engine/PackerUnpacker.cpp' kaynak dosyas─▒ derleniyor)
      C:\ShadowStrike\ShadowStrike\src\Shared_modules\Core\Engine\PackerUnpacker.hpp(177,12):
      'ShadowStrike::Core::Engine::PackerType' bildirimine bak─▒n
  
C:\ShadowStrike\ShadowStrike\src\Shared_modules\Core\Engine\EmulationEngine.hpp(762,26): error C2065: 'ConfuserEx': bildirimi yap─▒lmam─▒┼ş tan─▒mlay─▒c─▒ [C:\ShadowStrike\ShadowStrike\ShadowStrike.vcxproj]
  ('/src/Shared_modules/Core/Engine/PackerUnpacker.cpp' kaynak dosyas─▒ derleniyor)
  
C:\ShadowStrike\ShadowStrike\src\Shared_modules\Core\FileSystem\DocumentScanner.cpp(350,29): error C3861: 'Warn': tan─▒mlay─▒c─▒ bulunamad─▒ [C:\ShadowStrike\ShadowStrike\ShadowStrike.vcxproj]
  ('/src/Shared_modules/Core/FileSystem/DocumentScanner.cpp' kaynak dosyas─▒ derleniyor)
  
C:\ShadowStrike\ShadowStrike\src\Shared_modules\Core\Engine\EmulationEngine.hpp(762,26): error C2131: ifade sabit olarak de─şerlendirilmedi [C:\ShadowStrike\ShadowStrike\ShadowStrike.vcxproj]
  ('/src/Shared_modules/Core/Engine/PackerUnpacker.cpp' kaynak dosyas─▒ derleniyor)
      C:\ShadowStrike\ShadowStrike\src\Shared_modules\Core\Engine\EmulationEngine.hpp(762,26):
      sabit olmayan bir (alt) ifade ile kar┼ş─▒la┼ş─▒ld─▒
  
C:\ShadowStrike\ShadowStrike\src\Shared_modules\Core\FileSystem\DocumentScanner.cpp(358,13): error C2653: 'Logger': bir s─▒n─▒f veya ad alan─▒ ad─▒ de─şil [C:\ShadowStrike\ShadowStrike\ShadowStrike.vcxproj]
  ('/src/Shared_modules/Core/FileSystem/DocumentScanner.cpp' kaynak dosyas─▒ derleniyor)
  
C:\ShadowStrike\ShadowStrike\src\Shared_modules\Core\Engine\EmulationEngine.hpp(763,26): error C2027: tan─▒ms─▒z 'ShadowStrike::Core::Engine::PackerType' t├╝r├╝ kullan─▒ld─▒ [C:\ShadowStrike\ShadowStrike\ShadowStrike.vcxproj]
  ('/src/Shared_modules/Core/Engine/PackerUnpacker.cpp' kaynak dosyas─▒ derleniyor)
      C:\ShadowStrike\ShadowStrike\src\Shared_modules\Core\Engine\PackerUnpacker.hpp(177,12):
      'ShadowStrike::Core::Engine::PackerType' bildirimine bak─▒n
  
C:\ShadowStrike\ShadowStrike\src\Shared_modules\Core\FileSystem\DocumentScanner.cpp(358,21): error C3861: 'Error': tan─▒mlay─▒c─▒ bulunamad─▒ [C:\ShadowStrike\ShadowStrike\ShadowStrike.vcxproj]
  ('/src/Shared_modules/Core/FileSystem/DocumentScanner.cpp' kaynak dosyas─▒ derleniyor)
  
C:\ShadowStrike\ShadowStrike\src\Shared_modules\Core\Engine\EmulationEngine.hpp(763,26): error C2065: 'Eazfuscator': bildirimi yap─▒lmam─▒┼ş tan─▒mlay─▒c─▒ [C:\ShadowStrike\ShadowStrike\ShadowStrike.vcxproj]
  ('/src/Shared_modules/Core/Engine/PackerUnpacker.cpp' kaynak dosyas─▒ derleniyor)
  
C:\ShadowStrike\ShadowStrike\src\Shared_modules\Core\FileSystem\FileHasher.cpp(367,12): error C2512: 'std::unordered_map': kullan─▒labilir uygun varsay─▒lan olu┼şturucu yok [C:\ShadowStrike\ShadowStrike\ShadowStrike.vcxproj]
  ('/src/Shared_modules/Core/FileSystem/FileHasher.cpp' kaynak dosyas─▒ derleniyor)
      C:\Program Files\Microsoft Visual Studio\2022\Community\VC\Tools\MSVC\14.44.35207\include\unordered_map(61,7):
      'std::unordered_map' bildirimine bak─▒n
  
C:\ShadowStrike\ShadowStrike\src\Shared_modules\Core\Engine\EmulationEngine.hpp(763,26): error C2131: ifade sabit olarak de─şerlendirilmedi [C:\ShadowStrike\ShadowStrike\ShadowStrike.vcxproj]
  ('/src/Shared_modules/Core/Engine/PackerUnpacker.cpp' kaynak dosyas─▒ derleniyor)
      C:\ShadowStrike\ShadowStrike\src\Shared_modules\Core\Engine\EmulationEngine.hpp(763,26):
      sabit olmayan bir (alt) ifade ile kar┼ş─▒la┼ş─▒ld─▒
  
C:\ShadowStrike\ShadowStrike\src\Shared_modules\Core\FileSystem\FileHasher.cpp(368,17): error C2039: 'startTime': bir 'ShadowStrike::Core::FileSystem::FileHasherStatistics' ├╝yesi de─şil [C:\ShadowStrike\ShadowStrike\ShadowStrike.vcxproj]
  ('/src/Shared_modules/Core/FileSystem/FileHasher.cpp' kaynak dosyas─▒ derleniyor)
      C:\ShadowStrike\ShadowStrike\src\Shared_modules\Core\FileSystem\FileHasher.hpp(337,21):
      'ShadowStrike::Core::FileSystem::FileHasherStatistics' bildirimine bak─▒n
  
C:\ShadowStrike\ShadowStrike\src\Shared_modules\Core\Engine\EmulationEngine.hpp(764,26): error C2027: tan─▒ms─▒z 'ShadowStrike::Core::Engine::PackerType' t├╝r├╝ kullan─▒ld─▒ [C:\ShadowStrike\ShadowStrike\ShadowStrike.vcxproj]
  ('/src/Shared_modules/Core/Engine/PackerUnpacker.cpp' kaynak dosyas─▒ derleniyor)
      C:\ShadowStrike\ShadowStrike\src\Shared_modules\Core\Engine\PackerUnpacker.hpp(177,12):
      'ShadowStrike::Core::Engine::PackerType' bildirimine bak─▒n
  
C:\ShadowStrike\ShadowStrike\src\Shared_modules\Core\Engine\EmulationEngine.hpp(764,26): error C2065: 'Dotfuscator': bildirimi yap─▒lmam─▒┼ş tan─▒mlay─▒c─▒ [C:\ShadowStrike\ShadowStrike\ShadowStrike.vcxproj]
  ('/src/Shared_modules/Core/Engine/PackerUnpacker.cpp' kaynak dosyas─▒ derleniyor)
  
C:\ShadowStrike\ShadowStrike\src\Shared_modules\Core\Engine\EmulationEngine.hpp(764,26): error C2131: ifade sabit olarak de─şerlendirilmedi [C:\ShadowStrike\ShadowStrike\ShadowStrike.vcxproj]
  ('/src/Shared_modules/Core/Engine/PackerUnpacker.cpp' kaynak dosyas─▒ derleniyor)
      C:\ShadowStrike\ShadowStrike\src\Shared_modules\Core\Engine\EmulationEngine.hpp(764,26):
      sabit olmayan bir (alt) ifade ile kar┼ş─▒la┼ş─▒ld─▒
  
C:\ShadowStrike\ShadowStrike\src\Shared_modules\Core\Engine\EmulationEngine.hpp(765,26): error C2027: tan─▒ms─▒z 'ShadowStrike::Core::Engine::PackerType' t├╝r├╝ kullan─▒ld─▒ [C:\ShadowStrike\ShadowStrike\ShadowStrike.vcxproj]
  ('/src/Shared_modules/Core/Engine/PackerUnpacker.cpp' kaynak dosyas─▒ derleniyor)
      C:\ShadowStrike\ShadowStrike\src\Shared_modules\Core\Engine\PackerUnpacker.hpp(177,12):
      'ShadowStrike::Core::Engine::PackerType' bildirimine bak─▒n
  
C:\ShadowStrike\ShadowStrike\src\Shared_modules\Core\Engine\EmulationEngine.hpp(765,26): error C2065: 'SmartAssembly': bildirimi yap─▒lmam─▒┼ş tan─▒mlay─▒c─▒ [C:\ShadowStrike\ShadowStrike\ShadowStrike.vcxproj]
  ('/src/Shared_modules/Core/Engine/PackerUnpacker.cpp' kaynak dosyas─▒ derleniyor)
  
C:\ShadowStrike\ShadowStrike\src\Shared_modules\Core\FileSystem\DocumentScanner.cpp(396,13): error C2653: 'Logger': bir s─▒n─▒f veya ad alan─▒ ad─▒ de─şil [C:\ShadowStrike\ShadowStrike\ShadowStrike.vcxproj]
  ('/src/Shared_modules/Core/FileSystem/DocumentScanner.cpp' kaynak dosyas─▒ derleniyor)
  
C:\ShadowStrike\ShadowStrike\src\Shared_modules\Core\Engine\EmulationEngine.hpp(765,26): error C2131: ifade sabit olarak de─şerlendirilmedi [C:\ShadowStrike\ShadowStrike\ShadowStrike.vcxproj]
  ('/src/Shared_modules/Core/Engine/PackerUnpacker.cpp' kaynak dosyas─▒ derleniyor)
      C:\ShadowStrike\ShadowStrike\src\Shared_modules\Core\Engine\EmulationEngine.hpp(765,26):
      sabit olmayan bir (alt) ifade ile kar┼ş─▒la┼ş─▒ld─▒
  
C:\ShadowStrike\ShadowStrike\src\Shared_modules\Core\FileSystem\DocumentScanner.cpp(396,21): error C3861: 'Error': tan─▒mlay─▒c─▒ bulunamad─▒ [C:\ShadowStrike\ShadowStrike\ShadowStrike.vcxproj]
  ('/src/Shared_modules/Core/FileSystem/DocumentScanner.cpp' kaynak dosyas─▒ derleniyor)
  
C:\ShadowStrike\ShadowStrike\src\Shared_modules\Core\FileSystem\FileLockManager.cpp(866,17): error C2653: 'Logger': bir s─▒n─▒f veya ad alan─▒ ad─▒ de─şil [C:\ShadowStrike\ShadowStrike\ShadowStrike.vcxproj]
  ('/src/Shared_modules/Core/FileSystem/FileLockManager.cpp' kaynak dosyas─▒ derleniyor)
  
C:\ShadowStrike\ShadowStrike\src\Shared_modules\Core\Engine\EmulationEngine.hpp(766,26): error C2027: tan─▒ms─▒z 'ShadowStrike::Core::Engine::PackerType' t├╝r├╝ kullan─▒ld─▒ [C:\ShadowStrike\ShadowStrike\ShadowStrike.vcxproj]
  ('/src/Shared_modules/Core/Engine/PackerUnpacker.cpp' kaynak dosyas─▒ derleniyor)
      C:\ShadowStrike\ShadowStrike\src\Shared_modules\Core\Engine\PackerUnpacker.hpp(177,12):
      'ShadowStrike::Core::Engine::PackerType' bildirimine bak─▒n
  
C:\ShadowStrike\ShadowStrike\src\Shared_modules\Core\FileSystem\FileLockManager.cpp(867,21): error C2653: 'StringUtils': bir s─▒n─▒f veya ad alan─▒ ad─▒ de─şil [C:\ShadowStrike\ShadowStrike\ShadowStrike.vcxproj]
  ('/src/Shared_modules/Core/FileSystem/FileLockManager.cpp' kaynak dosyas─▒ derleniyor)
  
C:\ShadowStrike\ShadowStrike\src\Shared_modules\Core\FileSystem\DocumentScanner.cpp(406,36): error C2039: 'CalculateSHA256': bir 'ShadowStrike::HashStore' ├╝yesi de─şil [C:\ShadowStrike\ShadowStrike\ShadowStrike.vcxproj]
  ('/src/Shared_modules/Core/FileSystem/DocumentScanner.cpp' kaynak dosyas─▒ derleniyor)
      C:\ShadowStrike\ShadowStrike\src\Shared_modules\HashStore\HashStore.hpp(66,11):
      'ShadowStrike::HashStore' bildirimine bak─▒n
  
C:\ShadowStrike\ShadowStrike\src\Shared_modules\Core\Engine\EmulationEngine.hpp(766,26): error C2065: 'Crypto_Obfuscator': bildirimi yap─▒lmam─▒┼ş tan─▒mlay─▒c─▒ [C:\ShadowStrike\ShadowStrike\ShadowStrike.vcxproj]
  ('/src/Shared_modules/Core/Engine/PackerUnpacker.cpp' kaynak dosyas─▒ derleniyor)
  
C:\ShadowStrike\ShadowStrike\src\Shared_modules\Core\FileSystem\FileLockManager.cpp(867,34): error C3861: 'WideToUtf8': tan─▒mlay─▒c─▒ bulunamad─▒ [C:\ShadowStrike\ShadowStrike\ShadowStrike.vcxproj]
  SpamDetector.cpp
  ('/src/Shared_modules/Core/FileSystem/FileLockManager.cpp' kaynak dosyas─▒ derleniyor)
  
C:\ShadowStrike\ShadowStrike\src\Shared_modules\Core\FileSystem\DocumentScanner.cpp(406,36): error C3861: 'CalculateSHA256': tan─▒mlay─▒c─▒ bulunamad─▒ [C:\ShadowStrike\ShadowStrike\ShadowStrike.vcxproj]
  ('/src/Shared_modules/Core/FileSystem/DocumentScanner.cpp' kaynak dosyas─▒ derleniyor)
  
C:\ShadowStrike\ShadowStrike\src\Shared_modules\Core\FileSystem\FileLockManager.cpp(866,25): error C3861: 'Info': tan─▒mlay─▒c─▒ bulunamad─▒ [C:\ShadowStrike\ShadowStrike\ShadowStrike.vcxproj]
  ('/src/Shared_modules/Core/FileSystem/FileLockManager.cpp' kaynak dosyas─▒ derleniyor)
  
C:\ShadowStrike\ShadowStrike\src\Shared_modules\Core\Engine\EmulationEngine.hpp(766,26): error C2131: ifade sabit olarak de─şerlendirilmedi [C:\ShadowStrike\ShadowStrike\ShadowStrike.vcxproj]
  ('/src/Shared_modules/Core/Engine/PackerUnpacker.cpp' kaynak dosyas─▒ derleniyor)
      C:\ShadowStrike\ShadowStrike\src\Shared_modules\Core\Engine\EmulationEngine.hpp(766,26):
      sabit olmayan bir (alt) ifade ile kar┼ş─▒la┼ş─▒ld─▒
  
C:\ShadowStrike\ShadowStrike\src\Shared_modules\Core\FileSystem\DocumentScanner.cpp(407,28): error C2039: 'Instance': bir 'ShadowStrike::HashStore' ├╝yesi de─şil [C:\ShadowStrike\ShadowStrike\ShadowStrike.vcxproj]
  ('/src/Shared_modules/Core/FileSystem/DocumentScanner.cpp' kaynak dosyas─▒ derleniyor)
      C:\ShadowStrike\ShadowStrike\src\Shared_modules\HashStore\HashStore.hpp(66,11):
      'ShadowStrike::HashStore' bildirimine bak─▒n
  
C:\ShadowStrike\ShadowStrike\src\Shared_modules\Core\FileSystem\FileLockManager.cpp(872,13): error C2653: 'Logger': bir s─▒n─▒f veya ad alan─▒ ad─▒ de─şil [C:\ShadowStrike\ShadowStrike\ShadowStrike.vcxproj]
  ('/src/Shared_modules/Core/FileSystem/FileLockManager.cpp' kaynak dosyas─▒ derleniyor)
  
C:\ShadowStrike\ShadowStrike\src\Shared_modules\Core\Engine\EmulationEngine.hpp(767,26): error C2027: tan─▒ms─▒z 'ShadowStrike::Core::Engine::PackerType' t├╝r├╝ kullan─▒ld─▒ [C:\ShadowStrike\ShadowStrike\ShadowStrike.vcxproj]
  ('/src/Shared_modules/Core/Engine/PackerUnpacker.cpp' kaynak dosyas─▒ derleniyor)
      C:\ShadowStrike\ShadowStrike\src\Shared_modules\Core\Engine\PackerUnpacker.hpp(177,12):
      'ShadowStrike::Core::Engine::PackerType' bildirimine bak─▒n
  
C:\ShadowStrike\ShadowStrike\src\Shared_modules\Core\FileSystem\DocumentScanner.cpp(407,28): error C3861: 'Instance': tan─▒mlay─▒c─▒ bulunamad─▒ [C:\ShadowStrike\ShadowStrike\ShadowStrike.vcxproj]
  ('/src/Shared_modules/Core/FileSystem/DocumentScanner.cpp' kaynak dosyas─▒ derleniyor)
  
C:\ShadowStrike\ShadowStrike\src\Shared_modules\Core\FileSystem\FileLockManager.cpp(872,21): error C3861: 'Error': tan─▒mlay─▒c─▒ bulunamad─▒ [C:\ShadowStrike\ShadowStrike\ShadowStrike.vcxproj]
  ('/src/Shared_modules/Core/FileSystem/FileLockManager.cpp' kaynak dosyas─▒ derleniyor)
  
C:\ShadowStrike\ShadowStrike\src\Shared_modules\Core\Engine\EmulationEngine.hpp(767,26): error C2065: 'CustomCrypter': bildirimi yap─▒lmam─▒┼ş tan─▒mlay─▒c─▒ [C:\ShadowStrike\ShadowStrike\ShadowStrike.vcxproj]
  ('/src/Shared_modules/Core/Engine/PackerUnpacker.cpp' kaynak dosyas─▒ derleniyor)
  
C:\ShadowStrike\ShadowStrike\src\Shared_modules\Core\FileSystem\FileLockManager.cpp(876,13): error C2653: 'Logger': bir s─▒n─▒f veya ad alan─▒ ad─▒ de─şil [C:\ShadowStrike\ShadowStrike\ShadowStrike.vcxproj]
  ('/src/Shared_modules/Core/FileSystem/FileLockManager.cpp' kaynak dosyas─▒ derleniyor)
  
C:\ShadowStrike\ShadowStrike\src\Shared_modules\Core\Engine\EmulationEngine.hpp(767,26): error C2131: ifade sabit olarak de─şerlendirilmedi [C:\ShadowStrike\ShadowStrike\ShadowStrike.vcxproj]
  ('/src/Shared_modules/Core/Engine/PackerUnpacker.cpp' kaynak dosyas─▒ derleniyor)
      C:\ShadowStrike\ShadowStrike\src\Shared_modules\Core\Engine\EmulationEngine.hpp(767,26):
      sabit olmayan bir (alt) ifade ile kar┼ş─▒la┼ş─▒ld─▒
  
C:\ShadowStrike\ShadowStrike\src\Shared_modules\Core\FileSystem\FileLockManager.cpp(876,21): error C3861: 'Error': tan─▒mlay─▒c─▒ bulunamad─▒ [C:\ShadowStrike\ShadowStrike\ShadowStrike.vcxproj]
  ('/src/Shared_modules/Core/FileSystem/FileLockManager.cpp' kaynak dosyas─▒ derleniyor)
  
C:\ShadowStrike\ShadowStrike\src\Shared_modules\Core\Engine\BehaviorAnalyzer.cpp(118,24): error C3646: 'm_statistics': bilinmeyen ge├ğersiz k─▒lma belirticisi [C:\ShadowStrike\ShadowStrike\ShadowStrike.vcxproj]
  ('/src/Shared_modules/Core/Engine/BehaviorAnalyzer.cpp' kaynak dosyas─▒ derleniyor)
  
C:\ShadowStrike\ShadowStrike\src\Shared_modules\Core\Engine\EmulationEngine.hpp(768,26): error C2027: tan─▒ms─▒z 'ShadowStrike::Core::Engine::PackerType' t├╝r├╝ kullan─▒ld─▒ [C:\ShadowStrike\ShadowStrike\ShadowStrike.vcxproj]
  ('/src/Shared_modules/Core/Engine/PackerUnpacker.cpp' kaynak dosyas─▒ derleniyor)
      C:\ShadowStrike\ShadowStrike\src\Shared_modules\Core\Engine\PackerUnpacker.hpp(177,12):
      'ShadowStrike::Core::Engine::PackerType' bildirimine bak─▒n
  
C:\ShadowStrike\ShadowStrike\src\Shared_modules\Core\Engine\BehaviorAnalyzer.cpp(118,5): error C4430: t├╝r belirticisi eksik - int varsay─▒ld─▒. Not: C++ varsay─▒lan int deste─şi i├ğermez [C:\ShadowStrike\ShadowStrike\ShadowStrike.vcxproj]
  ('/src/Shared_modules/Core/Engine/BehaviorAnalyzer.cpp' kaynak dosyas─▒ derleniyor)
  
C:\ShadowStrike\ShadowStrike\src\Shared_modules\Core\Engine\EmulationEngine.hpp(768,26): error C2065: 'MalwarePacker': bildirimi yap─▒lmam─▒┼ş tan─▒mlay─▒c─▒ [C:\ShadowStrike\ShadowStrike\ShadowStrike.vcxproj]
  ('/src/Shared_modules/Core/Engine/PackerUnpacker.cpp' kaynak dosyas─▒ derleniyor)
  
C:\ShadowStrike\ShadowStrike\src\Shared_modules\Core\Engine\BehaviorAnalyzer.cpp(124,19): error C3646: 'm_eventCallback': bilinmeyen ge├ğersiz k─▒lma belirticisi [C:\ShadowStrike\ShadowStrike\ShadowStrike.vcxproj]
  ('/src/Shared_modules/Core/Engine/BehaviorAnalyzer.cpp' kaynak dosyas─▒ derleniyor)
  
C:\ShadowStrike\ShadowStrike\src\Shared_modules\Core\Engine\BehaviorAnalyzer.cpp(124,5): error C4430: t├╝r belirticisi eksik - int varsay─▒ld─▒. Not: C++ varsay─▒lan int deste─şi i├ğermez [C:\ShadowStrike\ShadowStrike\ShadowStrike.vcxproj]
  ('/src/Shared_modules/Core/Engine/BehaviorAnalyzer.cpp' kaynak dosyas─▒ derleniyor)
  
C:\ShadowStrike\ShadowStrike\src\Shared_modules\Core\Engine\EmulationEngine.hpp(768,26): error C2131: ifade sabit olarak de─şerlendirilmedi [C:\ShadowStrike\ShadowStrike\ShadowStrike.vcxproj]
  ('/src/Shared_modules/Core/Engine/PackerUnpacker.cpp' kaynak dosyas─▒ derleniyor)
      C:\ShadowStrike\ShadowStrike\src\Shared_modules\Core\Engine\EmulationEngine.hpp(768,26):
      sabit olmayan bir (alt) ifade ile kar┼ş─▒la┼ş─▒ld─▒
  
C:\ShadowStrike\ShadowStrike\src\Shared_modules\Core\Engine\BehaviorAnalyzer.cpp(125,21): error C3646: 'm_verdictCallback': bilinmeyen ge├ğersiz k─▒lma belirticisi [C:\ShadowStrike\ShadowStrike\ShadowStrike.vcxproj]
  ('/src/Shared_modules/Core/Engine/BehaviorAnalyzer.cpp' kaynak dosyas─▒ derleniyor)
  
C:\ShadowStrike\ShadowStrike\src\Shared_modules\Core\FileSystem\FileLockManager.cpp(900,17): error C2653: 'Logger': bir s─▒n─▒f veya ad alan─▒ ad─▒ de─şil [C:\ShadowStrike\ShadowStrike\ShadowStrike.vcxproj]
  ('/src/Shared_modules/Core/FileSystem/FileLockManager.cpp' kaynak dosyas─▒ derleniyor)
  
C:\ShadowStrike\ShadowStrike\src\Shared_modules\Core\Engine\BehaviorAnalyzer.cpp(125,5): error C4430: t├╝r belirticisi eksik - int varsay─▒ld─▒. Not: C++ varsay─▒lan int deste─şi i├ğermez [C:\ShadowStrike\ShadowStrike\ShadowStrike.vcxproj]
  ('/src/Shared_modules/Core/Engine/BehaviorAnalyzer.cpp' kaynak dosyas─▒ derleniyor)
  
C:\ShadowStrike\ShadowStrike\src\Shared_modules\Core\Engine\EmulationEngine.hpp(769,26): error C2027: tan─▒ms─▒z 'ShadowStrike::Core::Engine::PackerType' t├╝r├╝ kullan─▒ld─▒ [C:\ShadowStrike\ShadowStrike\ShadowStrike.vcxproj]
  ('/src/Shared_modules/Core/Engine/PackerUnpacker.cpp' kaynak dosyas─▒ derleniyor)
      C:\ShadowStrike\ShadowStrike\src\Shared_modules\Core\Engine\PackerUnpacker.hpp(177,12):
      'ShadowStrike::Core::Engine::PackerType' bildirimine bak─▒n
  
C:\ShadowStrike\ShadowStrike\src\Shared_modules\Core\FileSystem\FileLockManager.cpp(901,21): error C2653: 'StringUtils': bir s─▒n─▒f veya ad alan─▒ ad─▒ de─şil [C:\ShadowStrike\ShadowStrike\ShadowStrike.vcxproj]
  ('/src/Shared_modules/Core/FileSystem/FileLockManager.cpp' kaynak dosyas─▒ derleniyor)
  
C:\ShadowStrike\ShadowStrike\src\Shared_modules\Core\Engine\BehaviorAnalyzer.cpp(126,27): error C3646: 'm_chainCallback': bilinmeyen ge├ğersiz k─▒lma belirticisi [C:\ShadowStrike\ShadowStrike\ShadowStrike.vcxproj]
  ('/src/Shared_modules/Core/Engine/BehaviorAnalyzer.cpp' kaynak dosyas─▒ derleniyor)
  
C:\ShadowStrike\ShadowStrike\src\Shared_modules\Core\Engine\EmulationEngine.hpp(769,26): error C2065: 'MultiLayer': bildirimi yap─▒lmam─▒┼ş tan─▒mlay─▒c─▒ [C:\ShadowStrike\ShadowStrike\ShadowStrike.vcxproj]
  ('/src/Shared_modules/Core/Engine/PackerUnpacker.cpp' kaynak dosyas─▒ derleniyor)
  
C:\ShadowStrike\ShadowStrike\src\Shared_modules\Core\FileSystem\FileLockManager.cpp(901,34): error C3861: 'WideToUtf8': tan─▒mlay─▒c─▒ bulunamad─▒ [C:\ShadowStrike\ShadowStrike\ShadowStrike.vcxproj]
  ('/src/Shared_modules/Core/FileSystem/FileLockManager.cpp' kaynak dosyas─▒ derleniyor)
  
C:\ShadowStrike\ShadowStrike\src\Shared_modules\Core\Engine\BehaviorAnalyzer.cpp(126,5): error C4430: t├╝r belirticisi eksik - int varsay─▒ld─▒. Not: C++ varsay─▒lan int deste─şi i├ğermez [C:\ShadowStrike\ShadowStrike\ShadowStrike.vcxproj]
  ('/src/Shared_modules/Core/Engine/BehaviorAnalyzer.cpp' kaynak dosyas─▒ derleniyor)
  
C:\ShadowStrike\ShadowStrike\src\Shared_modules\Core\FileSystem\FileLockManager.cpp(902,21): error C2653: 'StringUtils': bir s─▒n─▒f veya ad alan─▒ ad─▒ de─şil [C:\ShadowStrike\ShadowStrike\ShadowStrike.vcxproj]
  ('/src/Shared_modules/Core/FileSystem/FileLockManager.cpp' kaynak dosyas─▒ derleniyor)
  
C:\ShadowStrike\ShadowStrike\src\Shared_modules\Core\Engine\EmulationEngine.hpp(769,26): error C2131: ifade sabit olarak de─şerlendirilmedi [C:\ShadowStrike\ShadowStrike\ShadowStrike.vcxproj]
  ('/src/Shared_modules/Core/Engine/PackerUnpacker.cpp' kaynak dosyas─▒ derleniyor)
      C:\ShadowStrike\ShadowStrike\src\Shared_modules\Core\Engine\EmulationEngine.hpp(769,26):
      sabit olmayan bir (alt) ifade ile kar┼ş─▒la┼ş─▒ld─▒
  
C:\ShadowStrike\ShadowStrike\src\Shared_modules\Core\FileSystem\FileLockManager.cpp(902,34): error C3861: 'WideToUtf8': tan─▒mlay─▒c─▒ bulunamad─▒ [C:\ShadowStrike\ShadowStrike\ShadowStrike.vcxproj]
  ('/src/Shared_modules/Core/FileSystem/FileLockManager.cpp' kaynak dosyas─▒ derleniyor)
  
C:\ShadowStrike\ShadowStrike\src\Shared_modules\Core\Engine\EmulationEngine.hpp(770,26): error C2027: tan─▒ms─▒z 'ShadowStrike::Core::Engine::PackerType' t├╝r├╝ kullan─▒ld─▒ [C:\ShadowStrike\ShadowStrike\ShadowStrike.vcxproj]
  ('/src/Shared_modules/Core/Engine/PackerUnpacker.cpp' kaynak dosyas─▒ derleniyor)
      C:\ShadowStrike\ShadowStrike\src\Shared_modules\Core\Engine\PackerUnpacker.hpp(177,12):
      'ShadowStrike::Core::Engine::PackerType' bildirimine bak─▒n
  
C:\ShadowStrike\ShadowStrike\src\Shared_modules\Core\FileSystem\FileLockManager.cpp(900,25): error C3861: 'Info': tan─▒mlay─▒c─▒ bulunamad─▒ [C:\ShadowStrike\ShadowStrike\ShadowStrike.vcxproj]
  ('/src/Shared_modules/Core/FileSystem/FileLockManager.cpp' kaynak dosyas─▒ derleniyor)
  
C:\ShadowStrike\ShadowStrike\src\Shared_modules\Core\Engine\EmulationEngine.hpp(770,26): error C2065: 'None': bildirimi yap─▒lmam─▒┼ş tan─▒mlay─▒c─▒ [C:\ShadowStrike\ShadowStrike\ShadowStrike.vcxproj]
  ('/src/Shared_modules/Core/Engine/PackerUnpacker.cpp' kaynak dosyas─▒ derleniyor)
  
C:\ShadowStrike\ShadowStrike\src\Shared_modules\Core\FileSystem\FileLockManager.cpp(909,13): error C2653: 'Logger': bir s─▒n─▒f veya ad alan─▒ ad─▒ de─şil [C:\ShadowStrike\ShadowStrike\ShadowStrike.vcxproj]
  ('/src/Shared_modules/Core/FileSystem/FileLockManager.cpp' kaynak dosyas─▒ derleniyor)
  
C:\ShadowStrike\ShadowStrike\src\Shared_modules\Core\Engine\BehaviorAnalyzer.cpp(129,12): error C2512: 'std::shared_ptr': kullan─▒labilir uygun varsay─▒lan olu┼şturucu yok [C:\ShadowStrike\ShadowStrike\ShadowStrike.vcxproj]
  ('/src/Shared_modules/Core/Engine/BehaviorAnalyzer.cpp' kaynak dosyas─▒ derleniyor)
      C:\Program Files\Microsoft Visual Studio\2022\Community\VC\Tools\MSVC\14.44.35207\include\memory(1565,7):
      'std::shared_ptr' bildirimine bak─▒n
  
C:\ShadowStrike\ShadowStrike\src\Shared_modules\Core\FileSystem\FileLockManager.cpp(909,21): error C3861: 'Error': tan─▒mlay─▒c─▒ bulunamad─▒ [C:\ShadowStrike\ShadowStrike\ShadowStrike.vcxproj]
  ('/src/Shared_modules/Core/FileSystem/FileLockManager.cpp' kaynak dosyas─▒ derleniyor)
  
C:\ShadowStrike\ShadowStrike\src\Shared_modules\Core\Engine\EmulationEngine.hpp(770,26): error C2131: ifade sabit olarak de─şerlendirilmedi [C:\ShadowStrike\ShadowStrike\ShadowStrike.vcxproj]
  ('/src/Shared_modules/Core/Engine/PackerUnpacker.cpp' kaynak dosyas─▒ derleniyor)
      C:\ShadowStrike\ShadowStrike\src\Shared_modules\Core\Engine\EmulationEngine.hpp(770,26):
      sabit olmayan bir (alt) ifade ile kar┼ş─▒la┼ş─▒ld─▒
  
C:\ShadowStrike\ShadowStrike\src\Shared_modules\Core\Engine\EmulationEngine.hpp(745,26): error C2051: case ifadesi sabit de─şil [C:\ShadowStrike\ShadowStrike\ShadowStrike.vcxproj]
  ('/src/Shared_modules/Core/Engine/PackerUnpacker.cpp' kaynak dosyas─▒ derleniyor)
  
C:\ShadowStrike\ShadowStrike\src\Shared_modules\Core\Engine\EmulationEngine.hpp(746,26): error C2051: case ifadesi sabit de─şil [C:\ShadowStrike\ShadowStrike\ShadowStrike.vcxproj]
  ('/src/Shared_modules/Core/Engine/PackerUnpacker.cpp' kaynak dosyas─▒ derleniyor)
  
C:\ShadowStrike\ShadowStrike\src\Shared_modules\Core\Engine\EmulationEngine.hpp(747,26): error C2051: case ifadesi sabit de─şil [C:\ShadowStrike\ShadowStrike\ShadowStrike.vcxproj]
  ('/src/Shared_modules/Core/Engine/PackerUnpacker.cpp' kaynak dosyas─▒ derleniyor)
  
C:\ShadowStrike\ShadowStrike\src\Shared_modules\Core\Engine\EmulationEngine.hpp(748,26): error C2051: case ifadesi sabit de─şil [C:\ShadowStrike\ShadowStrike\ShadowStrike.vcxproj]
  ('/src/Shared_modules/Core/Engine/PackerUnpacker.cpp' kaynak dosyas─▒ derleniyor)
  
C:\ShadowStrike\ShadowStrike\src\Shared_modules\Core\Engine\EmulationEngine.hpp(749,26): error C2051: case ifadesi sabit de─şil [C:\ShadowStrike\ShadowStrike\ShadowStrike.vcxproj]
  ('/src/Shared_modules/Core/Engine/PackerUnpacker.cpp' kaynak dosyas─▒ derleniyor)
  
C:\ShadowStrike\ShadowStrike\src\Shared_modules\Core\Engine\EmulationEngine.hpp(750,26): error C2051: case ifadesi sabit de─şil [C:\ShadowStrike\ShadowStrike\ShadowStrike.vcxproj]
  ('/src/Shared_modules/Core/Engine/PackerUnpacker.cpp' kaynak dosyas─▒ derleniyor)
  
C:\ShadowStrike\ShadowStrike\src\Shared_modules\Core\Engine\EmulationEngine.hpp(751,26): error C2051: case ifadesi sabit de─şil [C:\ShadowStrike\ShadowStrike\ShadowStrike.vcxproj]
  ('/src/Shared_modules/Core/Engine/PackerUnpacker.cpp' kaynak dosyas─▒ derleniyor)
  
C:\ShadowStrike\ShadowStrike\src\Shared_modules\Core\Engine\EmulationEngine.hpp(752,26): error C2051: case ifadesi sabit de─şil [C:\ShadowStrike\ShadowStrike\ShadowStrike.vcxproj]
  ('/src/Shared_modules/Core/Engine/PackerUnpacker.cpp' kaynak dosyas─▒ derleniyor)
  
C:\ShadowStrike\ShadowStrike\src\Shared_modules\Core\Engine\EmulationEngine.hpp(753,26): error C2051: case ifadesi sabit de─şil [C:\ShadowStrike\ShadowStrike\ShadowStrike.vcxproj]
  ('/src/Shared_modules/Core/Engine/PackerUnpacker.cpp' kaynak dosyas─▒ derleniyor)
  
C:\ShadowStrike\ShadowStrike\src\Shared_modules\Core\Engine\EmulationEngine.hpp(754,26): error C2051: case ifadesi sabit de─şil [C:\ShadowStrike\ShadowStrike\ShadowStrike.vcxproj]
  ('/src/Shared_modules/Core/Engine/PackerUnpacker.cpp' kaynak dosyas─▒ derleniyor)
  
C:\ShadowStrike\ShadowStrike\src\Shared_modules\Core\Engine\EmulationEngine.hpp(755,26): error C2051: case ifadesi sabit de─şil [C:\ShadowStrike\ShadowStrike\ShadowStrike.vcxproj]
  ('/src/Shared_modules/Core/Engine/PackerUnpacker.cpp' kaynak dosyas─▒ derleniyor)
  
C:\ShadowStrike\ShadowStrike\src\Shared_modules\Core\FileSystem\FileLockManager.cpp(930,17): error C2653: 'Logger': bir s─▒n─▒f veya ad alan─▒ ad─▒ de─şil [C:\ShadowStrike\ShadowStrike\ShadowStrike.vcxproj]
  ('/src/Shared_modules/Core/FileSystem/FileLockManager.cpp' kaynak dosyas─▒ derleniyor)
  
C:\ShadowStrike\ShadowStrike\src\Shared_modules\Core\Engine\EmulationEngine.hpp(756,26): error C2051: case ifadesi sabit de─şil [C:\ShadowStrike\ShadowStrike\ShadowStrike.vcxproj]
  ('/src/Shared_modules/Core/Engine/PackerUnpacker.cpp' kaynak dosyas─▒ derleniyor)
  
C:\ShadowStrike\ShadowStrike\src\Shared_modules\Core\FileSystem\FileLockManager.cpp(931,21): error C2653: 'StringUtils': bir s─▒n─▒f veya ad alan─▒ ad─▒ de─şil [C:\ShadowStrike\ShadowStrike\ShadowStrike.vcxproj]
  ('/src/Shared_modules/Core/FileSystem/FileLockManager.cpp' kaynak dosyas─▒ derleniyor)
  
C:\ShadowStrike\ShadowStrike\src\Shared_modules\Core\Engine\EmulationEngine.hpp(757,26): error C2051: case ifadesi sabit de─şil [C:\ShadowStrike\ShadowStrike\ShadowStrike.vcxproj]
  ('/src/Shared_modules/Core/Engine/PackerUnpacker.cpp' kaynak dosyas─▒ derleniyor)
  
C:\ShadowStrike\ShadowStrike\src\Shared_modules\Core\Engine\EmulationEngine.hpp(758,26): error C2051: case ifadesi sabit de─şil [C:\ShadowStrike\ShadowStrike\ShadowStrike.vcxproj]
  ('/src/Shared_modules/Core/Engine/PackerUnpacker.cpp' kaynak dosyas─▒ derleniyor)
  
C:\ShadowStrike\ShadowStrike\src\Shared_modules\Core\FileSystem\FileLockManager.cpp(931,34): error C3861: 'WideToUtf8': tan─▒mlay─▒c─▒ bulunamad─▒ [C:\ShadowStrike\ShadowStrike\ShadowStrike.vcxproj]
  ('/src/Shared_modules/Core/FileSystem/FileLockManager.cpp' kaynak dosyas─▒ derleniyor)
  
C:\ShadowStrike\ShadowStrike\src\Shared_modules\Core\FileSystem\FileLockManager.cpp(930,25): error C3861: 'Info': tan─▒mlay─▒c─▒ bulunamad─▒ [C:\ShadowStrike\ShadowStrike\ShadowStrike.vcxproj]
  ('/src/Shared_modules/Core/FileSystem/FileLockManager.cpp' kaynak dosyas─▒ derleniyor)
  
C:\ShadowStrike\ShadowStrike\src\Shared_modules\Core\Engine\EmulationEngine.hpp(759,26): error C2051: case ifadesi sabit de─şil [C:\ShadowStrike\ShadowStrike\ShadowStrike.vcxproj]
  ('/src/Shared_modules/Core/Engine/PackerUnpacker.cpp' kaynak dosyas─▒ derleniyor)
  
C:\ShadowStrike\ShadowStrike\src\Shared_modules\Core\FileSystem\DocumentScanner.cpp(424,21): error C2653: 'Logger': bir s─▒n─▒f veya ad alan─▒ ad─▒ de─şil [C:\ShadowStrike\ShadowStrike\ShadowStrike.vcxproj]
  ('/src/Shared_modules/Core/FileSystem/DocumentScanner.cpp' kaynak dosyas─▒ derleniyor)
  
C:\ShadowStrike\ShadowStrike\src\Shared_modules\Core\FileSystem\FileLockManager.cpp(938,13): error C2653: 'Logger': bir s─▒n─▒f veya ad alan─▒ ad─▒ de─şil [C:\ShadowStrike\ShadowStrike\ShadowStrike.vcxproj]
  ('/src/Shared_modules/Core/FileSystem/FileLockManager.cpp' kaynak dosyas─▒ derleniyor)
  
C:\ShadowStrike\ShadowStrike\src\Shared_modules\Core\FileSystem\DocumentScanner.cpp(424,29): error C3861: 'Warn': tan─▒mlay─▒c─▒ bulunamad─▒ [C:\ShadowStrike\ShadowStrike\ShadowStrike.vcxproj]
  ('/src/Shared_modules/Core/FileSystem/DocumentScanner.cpp' kaynak dosyas─▒ derleniyor)
  
C:\ShadowStrike\ShadowStrike\src\Shared_modules\Core\FileSystem\FileLockManager.cpp(938,21): error C3861: 'Error': tan─▒mlay─▒c─▒ bulunamad─▒ [C:\ShadowStrike\ShadowStrike\ShadowStrike.vcxproj]
  ('/src/Shared_modules/Core/FileSystem/FileLockManager.cpp' kaynak dosyas─▒ derleniyor)
  
C:\ShadowStrike\ShadowStrike\src\Shared_modules\Core\FileSystem\DocumentScanner.cpp(432,13): error C2653: 'Logger': bir s─▒n─▒f veya ad alan─▒ ad─▒ de─şil [C:\ShadowStrike\ShadowStrike\ShadowStrike.vcxproj]
  ('/src/Shared_modules/Core/FileSystem/DocumentScanner.cpp' kaynak dosyas─▒ derleniyor)
  
C:\ShadowStrike\ShadowStrike\src\Shared_modules\Core\Engine\EmulationEngine.hpp(760,26): error C2051: case ifadesi sabit de─şil [C:\ShadowStrike\ShadowStrike\ShadowStrike.vcxproj]
  ThunderbirdScanner.cpp
  ('/src/Shared_modules/Core/Engine/PackerUnpacker.cpp' kaynak dosyas─▒ derleniyor)
  
C:\ShadowStrike\ShadowStrike\src\Shared_modules\Core\FileSystem\FileLockManager.cpp(938,21): error C1003: hata say─▒s─▒ 100 taneyi a┼şt─▒; derleme durduruluyor [C:\ShadowStrike\ShadowStrike\ShadowStrike.vcxproj]
  BufferOverflowProtection.cpp
  ('/src/Shared_modules/Core/FileSystem/FileLockManager.cpp' kaynak dosyas─▒ derleniyor)
  
C:\ShadowStrike\ShadowStrike\src\Shared_modules\Core\FileSystem\DocumentScanner.cpp(432,21): error C3861: 'Error': tan─▒mlay─▒c─▒ bulunamad─▒ [C:\ShadowStrike\ShadowStrike\ShadowStrike.vcxproj]
  ('/src/Shared_modules/Core/FileSystem/DocumentScanner.cpp' kaynak dosyas─▒ derleniyor)
  
C:\ShadowStrike\ShadowStrike\src\Shared_modules\Core\Engine\EmulationEngine.hpp(761,26): error C2051: case ifadesi sabit de─şil [C:\ShadowStrike\ShadowStrike\ShadowStrike.vcxproj]
  ('/src/Shared_modules/Core/Engine/PackerUnpacker.cpp' kaynak dosyas─▒ derleniyor)
  
C:\ShadowStrike\ShadowStrike\src\Shared_modules\Core\Engine\EmulationEngine.hpp(762,26): error C2051: case ifadesi sabit de─şil [C:\ShadowStrike\ShadowStrike\ShadowStrike.vcxproj]
  ('/src/Shared_modules/Core/Engine/PackerUnpacker.cpp' kaynak dosyas─▒ derleniyor)
  
C:\ShadowStrike\ShadowStrike\src\Shared_modules\Core\Engine\EmulationEngine.hpp(763,26): error C2051: case ifadesi sabit de─şil [C:\ShadowStrike\ShadowStrike\ShadowStrike.vcxproj]
  ('/src/Shared_modules/Core/Engine/PackerUnpacker.cpp' kaynak dosyas─▒ derleniyor)
  
C:\ShadowStrike\ShadowStrike\src\Shared_modules\Core\Engine\EmulationEngine.hpp(764,26): error C2051: case ifadesi sabit de─şil [C:\ShadowStrike\ShadowStrike\ShadowStrike.vcxproj]
  ('/src/Shared_modules/Core/Engine/PackerUnpacker.cpp' kaynak dosyas─▒ derleniyor)
  
C:\ShadowStrike\ShadowStrike\src\Shared_modules\Core\Engine\BehaviorAnalyzer.cpp(159,24): error C2665: 'ShadowStrike::Utils::Logger::Info': hi├ğbir a┼ş─▒r─▒ y├╝klenmi┼ş i┼şlev t├╝m arg├╝man t├╝rlerini d├Ân├╝┼şt├╝remez [C:\ShadowStrike\ShadowStrike\ShadowStrike.vcxproj]
  ('/src/Shared_modules/Core/Engine/BehaviorAnalyzer.cpp' kaynak dosyas─▒ derleniyor)
      C:\ShadowStrike\ShadowStrike\src\Shared_modules\Utils\Logger.hpp(282,16):
      'void ShadowStrike::Utils::Logger::Info<unsigned __int64,unsigned __int64,unsigned __int64>(std::basic_format_string<char,unsigned __int64,unsigned __int64,unsigned __int64>,unsigned __int64 &&,unsigned __int64 &&,unsigned __int64 &&)' olabilirdi
          C:\ShadowStrike\ShadowStrike\src\Shared_modules\Core\Engine\BehaviorAnalyzer.cpp(159,24):
          'void ShadowStrike::Utils::Logger::Info<unsigned __int64,unsigned __int64,unsigned __int64>(std::basic_format_string<char,unsigned __int64,unsigned __int64,unsigned __int64>,unsigned __int64 &&,unsigned __int64 &&,unsigned __int64 &&)' : 1 ba─ş─▒ms─▒z de─şi┼şkeni 'const wchar_t [121]' de─şerinden 'std::basic_format_string<char,unsigned __int64,unsigned __int64,unsigned __int64>' de─şerine d├Ân├╝┼şt├╝r├╝lemez
              C:\ShadowStrike\ShadowStrike\src\Shared_modules\Core\Engine\BehaviorAnalyzer.cpp(159,29):
              'std::basic_format_string<char,unsigned __int64,unsigned __int64,unsigned __int64>::basic_format_string': hi├ğbir a┼ş─▒r─▒ y├╝klenmi┼ş i┼şlev t├╝m arg├╝man t├╝rlerini d├Ân├╝┼şt├╝remez
                  C:\Program Files\Microsoft Visual Studio\2022\Community\VC\Tools\MSVC\14.44.35207\include\format(2867,1):
                  'std::basic_format_string<char,unsigned __int64,unsigned __int64,unsigned __int64>::basic_format_string(std::basic_format_string<char,unsigned __int64,unsigned __int64,unsigned __int64> &&)' olabilirdi
                      C:\ShadowStrike\ShadowStrike\src\Shared_modules\Core\Engine\BehaviorAnalyzer.cpp(159,29):
                      'std::basic_format_string<char,unsigned __int64,unsigned __int64,unsigned __int64>::basic_format_string(std::basic_format_string<char,unsigned __int64,unsigned __int64,unsigned __int64> &&)' : 1 ba─ş─▒ms─▒z de─şi┼şkeni 'const wchar_t [121]' de─şerinden 'std::basic_format_string<char,unsigned __int64,unsigned __int64,unsigned __int64> &&' de─şerine d├Ân├╝┼şt├╝r├╝lemez
                          C:\ShadowStrike\ShadowStrike\src\Shared_modules\Core\Engine\BehaviorAnalyzer.cpp(159,29):
                          Nedeni: 'const wchar_t [121]' de─şerinden 'std::basic_format_string<char,unsigned __int64,unsigned __int64,unsigned __int64>' de─şerine d├Ân├╝┼şt├╝r├╝lemez
                          C:\ShadowStrike\ShadowStrike\src\Shared_modules\Core\Engine\BehaviorAnalyzer.cpp(159,29):
                          D├Ân├╝┼şt├╝rme ikinci bir kullan─▒c─▒ tan─▒ml─▒ d├Ân├╝┼şt├╝rme i┼şleci veya olu┼şturucu gerektiriyor
                  C:\Program Files\Microsoft Visual Studio\2022\Community\VC\Tools\MSVC\14.44.35207\include\format(2867,1):
                  veya       'std::basic_format_string<char,unsigned __int64,unsigned __int64,unsigned __int64>::basic_format_string(const std::basic_format_string<char,unsigned __int64,unsigned __int64,unsigned __int64> &)'
                      C:\ShadowStrike\ShadowStrike\src\Shared_modules\Core\Engine\BehaviorAnalyzer.cpp(159,29):
                      'std::basic_format_string<char,unsigned __int64,unsigned __int64,unsigned __int64>::basic_format_string(const std::basic_format_string<char,unsigned __int64,unsigned __int64,unsigned __int64> &)' : 1 ba─ş─▒ms─▒z de─şi┼şkeni 'const wchar_t [121]' de─şerinden 'const std::basic_format_string<char,unsigned __int64,unsigned __int64,unsigned __int64> &' de─şerine d├Ân├╝┼şt├╝r├╝lemez
                          C:\ShadowStrike\ShadowStrike\src\Shared_modules\Core\Engine\BehaviorAnalyzer.cpp(159,29):
                          Nedeni: 'const wchar_t [121]' de─şerinden 'const std::basic_format_string<char,unsigned __int64,unsigned __int64,unsigned __int64>' de─şerine d├Ân├╝┼şt├╝r├╝lemez
                          C:\ShadowStrike\ShadowStrike\src\Shared_modules\Core\Engine\BehaviorAnalyzer.cpp(159,29):
                          D├Ân├╝┼şt├╝rme ikinci bir kullan─▒c─▒ tan─▒ml─▒ d├Ân├╝┼şt├╝rme i┼şleci veya olu┼şturucu gerektiriyor
                  C:\Program Files\Microsoft Visual Studio\2022\Community\VC\Tools\MSVC\14.44.35207\include\format(2850,5):
                  veya       'std::basic_format_string<char,unsigned __int64,unsigned __int64,unsigned __int64>::basic_format_string(const _Ty &)'
                  C:\ShadowStrike\ShadowStrike\src\Shared_modules\Core\Engine\BehaviorAnalyzer.cpp(159,29):
                  '(const wchar_t [121])' ba─ş─▒ms─▒z de─şi┼şken listesi e┼şlenmeye ├ğal─▒┼ş─▒l─▒rken
      C:\ShadowStrike\ShadowStrike\src\Shared_modules\Core\Engine\BehaviorAnalyzer.cpp(159,24):
      '(const wchar_t [121], unsigned __int64, unsigned __int64, unsigned __int64)' ba─ş─▒ms─▒z de─şi┼şken listesi e┼şlenmeye ├ğal─▒┼ş─▒l─▒rken
  
C:\ShadowStrike\ShadowStrike\src\Shared_modules\Core\Engine\EmulationEngine.hpp(765,26): error C2051: case ifadesi sabit de─şil [C:\ShadowStrike\ShadowStrike\ShadowStrike.vcxproj]
  HeapSprayDetector.cpp
  ('/src/Shared_modules/Core/Engine/PackerUnpacker.cpp' kaynak dosyas─▒ derleniyor)
  
  JITSprayDetector.cpp
C:\ShadowStrike\ShadowStrike\src\Shared_modules\Core\Engine\EmulationEngine.hpp(765,26): error C1003: hata say─▒s─▒ 100 taneyi a┼şt─▒; derleme durduruluyor [C:\ShadowStrike\ShadowStrike\ShadowStrike.vcxproj]
  ('/src/Shared_modules/Core/Engine/PackerUnpacker.cpp' kaynak dosyas─▒ derleniyor)
  
C:\ShadowStrike\ShadowStrike\src\Shared_modules\Core\FileSystem\DocumentScanner.cpp(462,13): error C2653: 'Logger': bir s─▒n─▒f veya ad alan─▒ ad─▒ de─şil [C:\ShadowStrike\ShadowStrike\ShadowStrike.vcxproj]
  ('/src/Shared_modules/Core/FileSystem/DocumentScanner.cpp' kaynak dosyas─▒ derleniyor)
  
C:\ShadowStrike\ShadowStrike\src\Shared_modules\Core\FileSystem\DocumentScanner.cpp(462,21): error C3861: 'Error': tan─▒mlay─▒c─▒ bulunamad─▒ [C:\ShadowStrike\ShadowStrike\ShadowStrike.vcxproj]
  ('/src/Shared_modules/Core/FileSystem/DocumentScanner.cpp' kaynak dosyas─▒ derleniyor)
  
C:\ShadowStrike\ShadowStrike\src\Shared_modules\Core\Engine\BehaviorAnalyzer.cpp(174,22): error C2039: 'startTime': bir 'ShadowStrike::Core::Engine::ProcessBehaviorState' ├╝yesi de─şil [C:\ShadowStrike\ShadowStrike\ShadowStrike.vcxproj]
  ('/src/Shared_modules/Core/Engine/BehaviorAnalyzer.cpp' kaynak dosyas─▒ derleniyor)
      C:\ShadowStrike\ShadowStrike\src\Shared_modules\Core\Engine\BehaviorAnalyzer.hpp(1130,8):
      'ShadowStrike::Core::Engine::ProcessBehaviorState' bildirimine bak─▒n
  
C:\ShadowStrike\ShadowStrike\src\Shared_modules\Core\Engine\BehaviorAnalyzer.cpp(179,54): error C2660: 'ShadowStrike::Utils::ProcessUtils::GetProcessInfo': i┼şlev 1 ba─ş─▒ms─▒z de─şi┼şken alm─▒yor [C:\ShadowStrike\ShadowStrike\ShadowStrike.vcxproj]
  ('/src/Shared_modules/Core/Engine/BehaviorAnalyzer.cpp' kaynak dosyas─▒ derleniyor)
      C:\ShadowStrike\ShadowStrike\src\Shared_modules\Utils\ProcessUtils.hpp(395,18):
      'ShadowStrike::Utils::ProcessUtils::GetProcessInfo' bildirimine bak─▒n
      C:\ShadowStrike\ShadowStrike\src\Shared_modules\Core\Engine\BehaviorAnalyzer.cpp(179,54):
      '(uint32_t)' ba─ş─▒ms─▒z de─şi┼şken listesi e┼şlenmeye ├ğal─▒┼ş─▒l─▒rken
  
C:\ShadowStrike\ShadowStrike\src\Shared_modules\Core\Engine\BehaviorAnalyzer.cpp(182,30): error C2039: 'executablePath': bir 'ShadowStrike::Core::Engine::ProcessBehaviorState' ├╝yesi de─şil [C:\ShadowStrike\ShadowStrike\ShadowStrike.vcxproj]
  ('/src/Shared_modules/Core/Engine/BehaviorAnalyzer.cpp' kaynak dosyas─▒ derleniyor)
      C:\ShadowStrike\ShadowStrike\src\Shared_modules\Core\Engine\BehaviorAnalyzer.hpp(1130,8):
      'ShadowStrike::Core::Engine::ProcessBehaviorState' bildirimine bak─▒n
  
C:\ShadowStrike\ShadowStrike\src\Shared_modules\Core\Engine\BehaviorAnalyzer.cpp(200,37): error C2039: 's_instanceCreated': bir 'ShadowStrike::Core::Engine::BehaviorAnalyzer' ├╝yesi de─şil [C:\ShadowStrike\ShadowStrike\ShadowStrike.vcxproj]
  ('/src/Shared_modules/Core/Engine/BehaviorAnalyzer.cpp' kaynak dosyas─▒ derleniyor)
      C:\ShadowStrike\ShadowStrike\src\Shared_modules\Core\Engine\BehaviorAnalyzer.hpp(1804,7):
      'ShadowStrike::Core::Engine::BehaviorAnalyzer' bildirimine bak─▒n
  
C:\ShadowStrike\ShadowStrike\src\Shared_modules\Core\Engine\BehaviorAnalyzer.cpp(202,37): error C2382: 'ShadowStrike::Core::Engine::BehaviorAnalyzer::Instance': yeniden tan─▒mlama; ├Âzel durum ├Âzellikleri farkl─▒ [C:\ShadowStrike\ShadowStrike\ShadowStrike.vcxproj]
  ('/src/Shared_modules/Core/Engine/BehaviorAnalyzer.cpp' kaynak dosyas─▒ derleniyor)
      C:\ShadowStrike\ShadowStrike\src\Shared_modules\Core\Engine\BehaviorAnalyzer.hpp(1815,44):
      'ShadowStrike::Core::Engine::BehaviorAnalyzer::Instance' bildirimine bak─▒n
  
C:\ShadowStrike\ShadowStrike\src\Shared_modules\Core\Engine\BehaviorAnalyzer.cpp(208,24): error C2039: 'HasInstance': bir 'ShadowStrike::Core::Engine::BehaviorAnalyzer' ├╝yesi de─şil [C:\ShadowStrike\ShadowStrike\ShadowStrike.vcxproj]
  ('/src/Shared_modules/Core/Engine/BehaviorAnalyzer.cpp' kaynak dosyas─▒ derleniyor)
      C:\ShadowStrike\ShadowStrike\src\Shared_modules\Core\Engine\BehaviorAnalyzer.hpp(1804,7):
      'ShadowStrike::Core::Engine::BehaviorAnalyzer' bildirimine bak─▒n
  
C:\ShadowStrike\ShadowStrike\src\Shared_modules\Core\Engine\BehaviorAnalyzer.cpp(219,20): error C2664: 'void ShadowStrike::Utils::Logger::Info(const char *)' : 1 ba─ş─▒ms─▒z de─şi┼şkeni 'const wchar_t [37]' de─şerinden 'const char *' de─şerine d├Ân├╝┼şt├╝r├╝lemez [C:\ShadowStrike\ShadowStrike\ShadowStrike.vcxproj]
  ('/src/Shared_modules/Core/Engine/BehaviorAnalyzer.cpp' kaynak dosyas─▒ derleniyor)
      C:\ShadowStrike\ShadowStrike\src\Shared_modules\Core\Engine\BehaviorAnalyzer.cpp(219,25):
      ─░┼şaretlenen t├╝rler ilgisiz; d├Ân├╝┼şt├╝rme reinterpret_cast, C stili t├╝r d├Ân├╝┼şt├╝rme veya parantez i├ğine al─▒nm─▒┼ş i┼şlev stili t├╝r d├Ân├╝┼şt├╝rme gerektiriyor
      C:\ShadowStrike\ShadowStrike\src\Shared_modules\Utils\Logger.hpp(265,16):
      'ShadowStrike::Utils::Logger::Info' bildirimine bak─▒n
      C:\ShadowStrike\ShadowStrike\src\Shared_modules\Utils\Logger.hpp(282,16):
      'void ShadowStrike::Utils::Logger::Info(std::basic_format_string<char,type_identity<_Args>::type...>,Args ...)' olabilirdi
          C:\ShadowStrike\ShadowStrike\src\Shared_modules\Core\Engine\BehaviorAnalyzer.cpp(219,20):
          ili┼şkili k─▒s─▒tlamalar kar┼ş─▒lanmad─▒
              C:\ShadowStrike\ShadowStrike\src\Shared_modules\Utils\Logger.hpp(281,57):
              k─▒s─▒tlama yerine getirilmedi
      C:\ShadowStrike\ShadowStrike\src\Shared_modules\Core\Engine\BehaviorAnalyzer.cpp(219,20):
      '(const wchar_t [37])' ba─ş─▒ms─▒z de─şi┼şken listesi e┼şlenmeye ├ğal─▒┼ş─▒l─▒rken
  
C:\ShadowStrike\ShadowStrike\src\Shared_modules\Core\Engine\BehaviorAnalyzer.cpp(224,20): error C2664: 'void ShadowStrike::Utils::Logger::Info(const char *)' : 1 ba─ş─▒ms─▒z de─şi┼şkeni 'const wchar_t [36]' de─şerinden 'const char *' de─şerine d├Ân├╝┼şt├╝r├╝lemez [C:\ShadowStrike\ShadowStrike\ShadowStrike.vcxproj]
  ('/src/Shared_modules/Core/Engine/BehaviorAnalyzer.cpp' kaynak dosyas─▒ derleniyor)
      C:\ShadowStrike\ShadowStrike\src\Shared_modules\Core\Engine\BehaviorAnalyzer.cpp(224,25):
      ─░┼şaretlenen t├╝rler ilgisiz; d├Ân├╝┼şt├╝rme reinterpret_cast, C stili t├╝r d├Ân├╝┼şt├╝rme veya parantez i├ğine al─▒nm─▒┼ş i┼şlev stili t├╝r d├Ân├╝┼şt├╝rme gerektiriyor
      C:\ShadowStrike\ShadowStrike\src\Shared_modules\Utils\Logger.hpp(265,16):
      'ShadowStrike::Utils::Logger::Info' bildirimine bak─▒n
      C:\ShadowStrike\ShadowStrike\src\Shared_modules\Utils\Logger.hpp(282,16):
      'void ShadowStrike::Utils::Logger::Info(std::basic_format_string<char,type_identity<_Args>::type...>,Args ...)' olabilirdi
          C:\ShadowStrike\ShadowStrike\src\Shared_modules\Core\Engine\BehaviorAnalyzer.cpp(224,20):
          ili┼şkili k─▒s─▒tlamalar kar┼ş─▒lanmad─▒
              C:\ShadowStrike\ShadowStrike\src\Shared_modules\Utils\Logger.hpp(281,57):
              k─▒s─▒tlama yerine getirilmedi
      C:\ShadowStrike\ShadowStrike\src\Shared_modules\Core\Engine\BehaviorAnalyzer.cpp(224,20):
      '(const wchar_t [36])' ba─ş─▒ms─▒z de─şi┼şken listesi e┼şlenmeye ├ğal─▒┼ş─▒l─▒rken
  
C:\ShadowStrike\ShadowStrike\src\Shared_modules\Core\Engine\BehaviorAnalyzer.cpp(227,35): error C4430: t├╝r belirticisi eksik - int varsay─▒ld─▒. Not: C++ varsay─▒lan int deste─şi i├ğermez [C:\ShadowStrike\ShadowStrike\ShadowStrike.vcxproj]
  ('/src/Shared_modules/Core/Engine/BehaviorAnalyzer.cpp' kaynak dosyas─▒ derleniyor)
  
C:\ShadowStrike\ShadowStrike\src\Shared_modules\Core\Engine\BehaviorAnalyzer.cpp(227,62): error C2143: s├Âzdizimi hatas─▒: ',' eksik ('&' ├Âncesinde) [C:\ShadowStrike\ShadowStrike\ShadowStrike.vcxproj]
  ('/src/Shared_modules/Core/Engine/BehaviorAnalyzer.cpp' kaynak dosyas─▒ derleniyor)
  
C:\ShadowStrike\ShadowStrike\src\Shared_modules\Core\Engine\BehaviorAnalyzer.cpp(227,24): error C2511: 'bool ShadowStrike::Core::Engine::BehaviorAnalyzer::Initialize(const int)': a┼ş─▒r─▒ y├╝klenen ├╝ye i┼şlev 'ShadowStrike::Core::Engine::BehaviorAnalyzer' i├ğinde bulunamad─▒ [C:\ShadowStrike\ShadowStrike\ShadowStrike.vcxproj]
  ('/src/Shared_modules/Core/Engine/BehaviorAnalyzer.cpp' kaynak dosyas─▒ derleniyor)
      C:\ShadowStrike\ShadowStrike\src\Shared_modules\Core\Engine\BehaviorAnalyzer.hpp(1804,7):
      'ShadowStrike::Core::Engine::BehaviorAnalyzer' bildirimine bak─▒n
  
C:\ShadowStrike\ShadowStrike\src\Shared_modules\Core\Engine\BehaviorAnalyzer.cpp(231,24): error C2664: 'void ShadowStrike::Utils::Logger::Warn(const char *)' : 1 ba─ş─▒ms─▒z de─şi┼şkeni 'const wchar_t [38]' de─şerinden 'const char *' de─şerine d├Ân├╝┼şt├╝r├╝lemez [C:\ShadowStrike\ShadowStrike\ShadowStrike.vcxproj]
  ('/src/Shared_modules/Core/Engine/BehaviorAnalyzer.cpp' kaynak dosyas─▒ derleniyor)
      C:\ShadowStrike\ShadowStrike\src\Shared_modules\Core\Engine\BehaviorAnalyzer.cpp(231,29):
      ─░┼şaretlenen t├╝rler ilgisiz; d├Ân├╝┼şt├╝rme reinterpret_cast, C stili t├╝r d├Ân├╝┼şt├╝rme veya parantez i├ğine al─▒nm─▒┼ş i┼şlev stili t├╝r d├Ân├╝┼şt├╝rme gerektiriyor
      C:\ShadowStrike\ShadowStrike\src\Shared_modules\Utils\Logger.hpp(264,16):
      'ShadowStrike::Utils::Logger::Warn' bildirimine bak─▒n
      C:\ShadowStrike\ShadowStrike\src\Shared_modules\Utils\Logger.hpp(278,16):
      'void ShadowStrike::Utils::Logger::Warn(std::basic_format_string<char,type_identity<_Args>::type...>,Args ...)' olabilirdi
          C:\ShadowStrike\ShadowStrike\src\Shared_modules\Core\Engine\BehaviorAnalyzer.cpp(231,24):
          ili┼şkili k─▒s─▒tlamalar kar┼ş─▒lanmad─▒
              C:\ShadowStrike\ShadowStrike\src\Shared_modules\Utils\Logger.hpp(277,57):
              k─▒s─▒tlama yerine getirilmedi
      C:\ShadowStrike\ShadowStrike\src\Shared_modules\Core\Engine\BehaviorAnalyzer.cpp(231,24):
      '(const wchar_t [38])' ba─ş─▒ms─▒z de─şi┼şken listesi e┼şlenmeye ├ğal─▒┼ş─▒l─▒rken
  
C:\ShadowStrike\ShadowStrike\src\Shared_modules\Core\Engine\BehaviorAnalyzer.cpp(236,28): error C2065: 'config': bildirimi yap─▒lmam─▒┼ş tan─▒mlay─▒c─▒ [C:\ShadowStrike\ShadowStrike\ShadowStrike.vcxproj]
  ('/src/Shared_modules/Core/Engine/BehaviorAnalyzer.cpp' kaynak dosyas─▒ derleniyor)
  
C:\ShadowStrike\ShadowStrike\src\Shared_modules\Core\Engine\BehaviorAnalyzer.cpp(239,14): error C2065: 'config': bildirimi yap─▒lmam─▒┼ş tan─▒mlay─▒c─▒ [C:\ShadowStrike\ShadowStrike\ShadowStrike.vcxproj]
  ('/src/Shared_modules/Core/Engine/BehaviorAnalyzer.cpp' kaynak dosyas─▒ derleniyor)
  
C:\ShadowStrike\ShadowStrike\src\Shared_modules\Core\Engine\BehaviorAnalyzer.cpp(240,28): error C2664: 'void ShadowStrike::Utils::Logger::Info(const char *)' : 1 ba─ş─▒ms─▒z de─şi┼şkeni 'const wchar_t [45]' de─şerinden 'const char *' de─şerine d├Ân├╝┼şt├╝r├╝lemez [C:\ShadowStrike\ShadowStrike\ShadowStrike.vcxproj]
  ('/src/Shared_modules/Core/Engine/BehaviorAnalyzer.cpp' kaynak dosyas─▒ derleniyor)
      C:\ShadowStrike\ShadowStrike\src\Shared_modules\Core\Engine\BehaviorAnalyzer.cpp(240,33):
      ─░┼şaretlenen t├╝rler ilgisiz; d├Ân├╝┼şt├╝rme reinterpret_cast, C stili t├╝r d├Ân├╝┼şt├╝rme veya parantez i├ğine al─▒nm─▒┼ş i┼şlev stili t├╝r d├Ân├╝┼şt├╝rme gerektiriyor
      C:\ShadowStrike\ShadowStrike\src\Shared_modules\Utils\Logger.hpp(265,16):
      'ShadowStrike::Utils::Logger::Info' bildirimine bak─▒n
      C:\ShadowStrike\ShadowStrike\src\Shared_modules\Utils\Logger.hpp(282,16):
      'void ShadowStrike::Utils::Logger::Info(std::basic_format_string<char,type_identity<_Args>::type...>,Args ...)' olabilirdi
          C:\ShadowStrike\ShadowStrike\src\Shared_modules\Core\Engine\BehaviorAnalyzer.cpp(240,28):
          ili┼şkili k─▒s─▒tlamalar kar┼ş─▒lanmad─▒
              C:\ShadowStrike\ShadowStrike\src\Shared_modules\Utils\Logger.hpp(281,57):
              k─▒s─▒tlama yerine getirilmedi
      C:\ShadowStrike\ShadowStrike\src\Shared_modules\Core\Engine\BehaviorAnalyzer.cpp(240,28):
      '(const wchar_t [45])' ba─ş─▒ms─▒z de─şi┼şken listesi e┼şlenmeye ├ğal─▒┼ş─▒l─▒rken
  
C:\ShadowStrike\ShadowStrike\src\Shared_modules\Core\Engine\BehaviorAnalyzer.cpp(245,13): error C2065: 'config': bildirimi yap─▒lmam─▒┼ş tan─▒mlay─▒c─▒ [C:\ShadowStrike\ShadowStrike\ShadowStrike.vcxproj]
  KernelExploitDetector.cpp
  ('/src/Shared_modules/Core/Engine/BehaviorAnalyzer.cpp' kaynak dosyas─▒ derleniyor)
  
C:\ShadowStrike\ShadowStrike\src\Shared_modules\Core\Engine\BehaviorAnalyzer.cpp(249,13): error C2065: 'config': bildirimi yap─▒lmam─▒┼ş tan─▒mlay─▒c─▒ [C:\ShadowStrike\ShadowStrike\ShadowStrike.vcxproj]
  ('/src/Shared_modules/Core/Engine/BehaviorAnalyzer.cpp' kaynak dosyas─▒ derleniyor)
  
C:\ShadowStrike\ShadowStrike\src\Shared_modules\Core\Engine\BehaviorAnalyzer.cpp(253,13): error C2065: 'config': bildirimi yap─▒lmam─▒┼ş tan─▒mlay─▒c─▒ [C:\ShadowStrike\ShadowStrike\ShadowStrike.vcxproj]
  ('/src/Shared_modules/Core/Engine/BehaviorAnalyzer.cpp' kaynak dosyas─▒ derleniyor)
  
C:\ShadowStrike\ShadowStrike\src\Shared_modules\Core\Engine\BehaviorAnalyzer.cpp(257,42): error C2653: 'Clock': bir s─▒n─▒f veya ad alan─▒ ad─▒ de─şil [C:\ShadowStrike\ShadowStrike\ShadowStrike.vcxproj]
  PrivilegeEscalationDetector.cpp
  ('/src/Shared_modules/Core/Engine/BehaviorAnalyzer.cpp' kaynak dosyas─▒ derleniyor)
  
C:\ShadowStrike\ShadowStrike\src\Shared_modules\Core\Engine\BehaviorAnalyzer.cpp(257,49): error C3861: 'now': tan─▒mlay─▒c─▒ bulunamad─▒ [C:\ShadowStrike\ShadowStrike\ShadowStrike.vcxproj]
  ('/src/Shared_modules/Core/Engine/BehaviorAnalyzer.cpp' kaynak dosyas─▒ derleniyor)
  
C:\ShadowStrike\ShadowStrike\src\Shared_modules\Core\Engine\BehaviorAnalyzer.cpp(260,24): error C2664: 'void ShadowStrike::Utils::Logger::Info(const char *)' : 1 ba─ş─▒ms─▒z de─şi┼şkeni 'const wchar_t [43]' de─şerinden 'const char *' de─şerine d├Ân├╝┼şt├╝r├╝lemez [C:\ShadowStrike\ShadowStrike\ShadowStrike.vcxproj]
  ('/src/Shared_modules/Core/Engine/BehaviorAnalyzer.cpp' kaynak dosyas─▒ derleniyor)
      C:\ShadowStrike\ShadowStrike\src\Shared_modules\Core\Engine\BehaviorAnalyzer.cpp(260,29):
      ─░┼şaretlenen t├╝rler ilgisiz; d├Ân├╝┼şt├╝rme reinterpret_cast, C stili t├╝r d├Ân├╝┼şt├╝rme veya parantez i├ğine al─▒nm─▒┼ş i┼şlev stili t├╝r d├Ân├╝┼şt├╝rme gerektiriyor
      C:\ShadowStrike\ShadowStrike\src\Shared_modules\Utils\Logger.hpp(265,16):
      'ShadowStrike::Utils::Logger::Info' bildirimine bak─▒n
      C:\ShadowStrike\ShadowStrike\src\Shared_modules\Utils\Logger.hpp(282,16):
      'void ShadowStrike::Utils::Logger::Info(std::basic_format_string<char,type_identity<_Args>::type...>,Args ...)' olabilirdi
          C:\ShadowStrike\ShadowStrike\src\Shared_modules\Core\Engine\BehaviorAnalyzer.cpp(260,24):
          ili┼şkili k─▒s─▒tlamalar kar┼ş─▒lanmad─▒
              C:\ShadowStrike\ShadowStrike\src\Shared_modules\Utils\Logger.hpp(281,57):
              k─▒s─▒tlama yerine getirilmedi
      C:\ShadowStrike\ShadowStrike\src\Shared_modules\Core\Engine\BehaviorAnalyzer.cpp(260,24):
      '(const wchar_t [43])' ba─ş─▒ms─▒z de─şi┼şken listesi e┼şlenmeye ├ğal─▒┼ş─▒l─▒rken
  
C:\ShadowStrike\ShadowStrike\src\Shared_modules\Core\Engine\BehaviorAnalyzer.cpp(265,49): error C2039: 'Utf8ToWide': bir 'ShadowStrike::Utils::StringUtils' ├╝yesi de─şil [C:\ShadowStrike\ShadowStrike\ShadowStrike.vcxproj]
  ('/src/Shared_modules/Core/Engine/BehaviorAnalyzer.cpp' kaynak dosyas─▒ derleniyor)
      C:\ShadowStrike\ShadowStrike\src\Shared_modules\Utils\StringUtils.hpp(63,19):
      'ShadowStrike::Utils::StringUtils' bildirimine bak─▒n
  
C:\ShadowStrike\ShadowStrike\src\Shared_modules\Core\FileSystem\DocumentScanner.cpp(499,69): error C2039: 'multiline': bir 'std::basic_regex<char,std::regex_traits<char>>' ├╝yesi de─şil [C:\ShadowStrike\ShadowStrike\ShadowStrike.vcxproj]
  ('/src/Shared_modules/Core/FileSystem/DocumentScanner.cpp' kaynak dosyas─▒ derleniyor)
      C:\Program Files\Microsoft Visual Studio\2022\Community\VC\Tools\MSVC\14.44.35207\include\regex(1823,7):
      'std::basic_regex<char,std::regex_traits<char>>' bildirimine bak─▒n
  
C:\ShadowStrike\ShadowStrike\src\Shared_modules\Core\FileSystem\DocumentScanner.cpp(499,69): error C2065: 'multiline': bildirimi yap─▒lmam─▒┼ş tan─▒mlay─▒c─▒ [C:\ShadowStrike\ShadowStrike\ShadowStrike.vcxproj]
  ('/src/Shared_modules/Core/FileSystem/DocumentScanner.cpp' kaynak dosyas─▒ derleniyor)
  
C:\ShadowStrike\ShadowStrike\src\Shared_modules\Core\Engine\BehaviorAnalyzer.cpp(265,49): error C3861: 'Utf8ToWide': tan─▒mlay─▒c─▒ bulunamad─▒ [C:\ShadowStrike\ShadowStrike\ShadowStrike.vcxproj]
  ('/src/Shared_modules/Core/Engine/BehaviorAnalyzer.cpp' kaynak dosyas─▒ derleniyor)
  
C:\ShadowStrike\ShadowStrike\src\Shared_modules\Core\Engine\BehaviorAnalyzer.cpp(264,24): error C2660: 'ShadowStrike::Utils::Logger::Error': i┼şlev 2 ba─ş─▒ms─▒z de─şi┼şken alm─▒yor [C:\ShadowStrike\ShadowStrike\ShadowStrike.vcxproj]
  ('/src/Shared_modules/Core/Engine/BehaviorAnalyzer.cpp' kaynak dosyas─▒ derleniyor)
      C:\ShadowStrike\ShadowStrike\src\Shared_modules\Utils\Logger.hpp(263,16):
      'ShadowStrike::Utils::Logger::Error' bildirimine bak─▒n
      C:\ShadowStrike\ShadowStrike\src\Shared_modules\Utils\Logger.hpp(274,16):
      'void ShadowStrike::Utils::Logger::Error(std::basic_format_string<char,type_identity<_Args>::type...>,Args ...)' olabilirdi
          C:\ShadowStrike\ShadowStrike\src\Shared_modules\Core\Engine\BehaviorAnalyzer.cpp(264,24):
          'void ShadowStrike::Utils::Logger::Error(std::basic_format_string<char,type_identity<_Args>::type...>,Args ...)' i┼şlev ┼şablonu ├Âzelle┼ştirilemedi
              C:\ShadowStrike\ShadowStrike\src\Shared_modules\Core\Engine\BehaviorAnalyzer.cpp(264,24):
              ┼Şu ┼şablon ba─ş─▒ms─▒z de─şi┼şkenleriyle:
                  C:\ShadowStrike\ShadowStrike\src\Shared_modules\Core\Engine\BehaviorAnalyzer.cpp(264,24):
                  'Args={<error type>}'
      C:\ShadowStrike\ShadowStrike\src\Shared_modules\Core\Engine\BehaviorAnalyzer.cpp(264,24):
      '(const wchar_t [45], <error type>)' ba─ş─▒ms─▒z de─şi┼şken listesi e┼şlenmeye ├ğal─▒┼ş─▒l─▒rken
  
C:\ShadowStrike\ShadowStrike\src\Shared_modules\Core\FileSystem\FileHasher.cpp(436,33): error C2039: 'clear': bir 'std::unordered_map' ├╝yesi de─şil [C:\ShadowStrike\ShadowStrike\ShadowStrike.vcxproj]
  ('/src/Shared_modules/Core/FileSystem/FileHasher.cpp' kaynak dosyas─▒ derleniyor)
      C:\Program Files\Microsoft Visual Studio\2022\Community\VC\Tools\MSVC\14.44.35207\include\unordered_map(61,7):
      'std::unordered_map' bildirimine bak─▒n
  
C:\ShadowStrike\ShadowStrike\src\Shared_modules\Core\FileSystem\DocumentScanner.cpp(498,33): error C2672: 'std::regex_replace': e┼şle┼şen a┼ş─▒r─▒ y├╝klenmi┼ş i┼şlev bulunamad─▒ [C:\ShadowStrike\ShadowStrike\ShadowStrike.vcxproj]
  ('/src/Shared_modules/Core/FileSystem/DocumentScanner.cpp' kaynak dosyas─▒ derleniyor)
      C:\Program Files\Microsoft Visual Studio\2022\Community\VC\Tools\MSVC\14.44.35207\include\regex(2420,32):
      'std::basic_string<_Elem,std::char_traits<_CharT>,std::allocator<_Other>> std::regex_replace(const _Elem *,const std::basic_regex<_Elem,_RxTraits> &,const _Elem *,std::regex_constants::match_flag_type)' olabilirdi
          C:\ShadowStrike\ShadowStrike\src\Shared_modules\Core\FileSystem\DocumentScanner.cpp(498,33):
          'std::basic_string<_Elem,std::char_traits<_CharT>,std::allocator<_Other>> std::regex_replace(const _Elem *,const std::basic_regex<_Elem,_RxTraits> &,const _Elem *,std::regex_constants::match_flag_type)': 4 ba─ş─▒ms─▒z de─şi┼şken bekleniyor - 2 sa─şland─▒
      C:\Program Files\Microsoft Visual Studio\2022\Community\VC\Tools\MSVC\14.44.35207\include\regex(2409,32):
      veya       'std::basic_string<_Elem,std::char_traits<_CharT>,std::allocator<_Other>> std::regex_replace(const _Elem *,const std::basic_regex<_Elem,_RxTraits> &,const std::basic_string<_Elem,_Traits1,_Alloc1> &,std::regex_constants::match_flag_type)'
          C:\ShadowStrike\ShadowStrike\src\Shared_modules\Core\FileSystem\DocumentScanner.cpp(498,33):
          'std::basic_string<_Elem,std::char_traits<_CharT>,std::allocator<_Other>> std::regex_replace(const _Elem *,const std::basic_regex<_Elem,_RxTraits> &,const std::basic_string<_Elem,_Traits1,_Alloc1> &,std::regex_constants::match_flag_type)': 4 ba─ş─▒ms─▒z de─şi┼şken bekleniyor - 2 sa─şland─▒
      C:\Program Files\Microsoft Visual Studio\2022\Community\VC\Tools\MSVC\14.44.35207\include\regex(2398,51):
      veya       'std::basic_string<_Elem,_Traits1,_Alloc1> std::regex_replace(const std::basic_string<_Elem,_Traits1,_Alloc1> &,const std::basic_regex<_Elem,_RxTraits> &,const _Elem *,std::regex_constants::match_flag_type)'
          C:\ShadowStrike\ShadowStrike\src\Shared_modules\Core\FileSystem\DocumentScanner.cpp(498,33):
          'std::basic_string<_Elem,_Traits1,_Alloc1> std::regex_replace(const std::basic_string<_Elem,_Traits1,_Alloc1> &,const std::basic_regex<_Elem,_RxTraits> &,const _Elem *,std::regex_constants::match_flag_type)': 4 ba─ş─▒ms─▒z de─şi┼şken bekleniyor - 2 sa─şland─▒
      C:\Program Files\Microsoft Visual Studio\2022\Community\VC\Tools\MSVC\14.44.35207\include\regex(2388,51):
      veya       'std::basic_string<_Elem,_Traits1,_Alloc1> std::regex_replace(const std::basic_string<_Elem,_Traits1,_Alloc1> &,const std::basic_regex<_Elem,_RxTraits> &,const std::basic_string<_Elem,_Traits2,_Alloc2> &,std::regex_constants::match_flag_type)'
          C:\ShadowStrike\ShadowStrike\src\Shared_modules\Core\FileSystem\DocumentScanner.cpp(498,33):
          'std::basic_string<_Elem,_Traits1,_Alloc1> std::regex_replace(const std::basic_string<_Elem,_Traits1,_Alloc1> &,const std::basic_regex<_Elem,_RxTraits> &,const std::basic_string<_Elem,_Traits2,_Alloc2> &,std::regex_constants::match_flag_type)': 4 ba─ş─▒ms─▒z de─şi┼şken bekleniyor - 2 sa─şland─▒
      C:\Program Files\Microsoft Visual Studio\2022\Community\VC\Tools\MSVC\14.44.35207\include\regex(2380,8):
      veya       '_OutIt std::regex_replace(_OutIt,_BidIt,_BidIt,const std::basic_regex<_Elem,_RxTraits> &,const _Elem *,std::regex_constants::match_flag_type)'
          C:\ShadowStrike\ShadowStrike\src\Shared_modules\Core\FileSystem\DocumentScanner.cpp(498,33):
          '_OutIt std::regex_replace(_OutIt,_BidIt,_BidIt,const std::basic_regex<_Elem,_RxTraits> &,const _Elem *,std::regex_constants::match_flag_type)': 6 ba─ş─▒ms─▒z de─şi┼şken bekleniyor - 2 sa─şland─▒
      C:\Program Files\Microsoft Visual Studio\2022\Community\VC\Tools\MSVC\14.44.35207\include\regex(2369,8):
      veya       '_OutIt std::regex_replace(_OutIt,_BidIt,_BidIt,const std::basic_regex<_Elem,_RxTraits> &,const std::basic_string<_Elem,_Traits,_Alloc> &,std::regex_constants::match_flag_type)'
          C:\ShadowStrike\ShadowStrike\src\Shared_modules\Core\FileSystem\DocumentScanner.cpp(498,33):
          '_OutIt std::regex_replace(_OutIt,_BidIt,_BidIt,const std::basic_regex<_Elem,_RxTraits> &,const std::basic_string<_Elem,_Traits,_Alloc> &,std::regex_constants::match_flag_type)': 6 ba─ş─▒ms─▒z de─şi┼şken bekleniyor - 2 sa─şland─▒
  
C:\ShadowStrike\ShadowStrike\src\Shared_modules\Core\FileSystem\DocumentScanner.cpp(501,13): error C2653: 'Logger': bir s─▒n─▒f veya ad alan─▒ ad─▒ de─şil [C:\ShadowStrike\ShadowStrike\ShadowStrike.vcxproj]
  ('/src/Shared_modules/Core/FileSystem/DocumentScanner.cpp' kaynak dosyas─▒ derleniyor)
  
C:\ShadowStrike\ShadowStrike\src\Shared_modules\Core\FileSystem\DocumentScanner.cpp(501,21): error C3861: 'Info': tan─▒mlay─▒c─▒ bulunamad─▒ [C:\ShadowStrike\ShadowStrike\ShadowStrike.vcxproj]
  ROPProtection.cpp
  ('/src/Shared_modules/Core/FileSystem/DocumentScanner.cpp' kaynak dosyas─▒ derleniyor)
  
C:\ShadowStrike\ShadowStrike\src\Shared_modules\Core\FileSystem\DocumentScanner.cpp(505,13): error C2653: 'Logger': bir s─▒n─▒f veya ad alan─▒ ad─▒ de─şil [C:\ShadowStrike\ShadowStrike\ShadowStrike.vcxproj]
  ('/src/Shared_modules/Core/FileSystem/DocumentScanner.cpp' kaynak dosyas─▒ derleniyor)
  
C:\ShadowStrike\ShadowStrike\src\Shared_modules\Core\FileSystem\DocumentScanner.cpp(505,21): error C3861: 'Error': tan─▒mlay─▒c─▒ bulunamad─▒ [C:\ShadowStrike\ShadowStrike\ShadowStrike.vcxproj]
  ('/src/Shared_modules/Core/FileSystem/DocumentScanner.cpp' kaynak dosyas─▒ derleniyor)
  
C:\ShadowStrike\ShadowStrike\src\Shared_modules\Core\Engine\BehaviorAnalyzer.cpp(297,32): error C2662: 'void std::shared_ptr<_Ty>::reset(void) noexcept': 'this' i┼şaret├ğisi 'std::shared_ptr' iken 'std::shared_ptr<_Ty> &' olarak d├Ân├╝┼şt├╝r├╝lemiyor [C:\ShadowStrike\ShadowStrike\ShadowStrike.vcxproj]
  ('/src/Shared_modules/Core/Engine/BehaviorAnalyzer.cpp' kaynak dosyas─▒ derleniyor)
      C:\ShadowStrike\ShadowStrike\src\Shared_modules\Core\Engine\BehaviorAnalyzer.cpp(297,15):
      Nedeni: 'std::shared_ptr' de─şerinden 'std::shared_ptr<_Ty>' de─şerine d├Ân├╝┼şt├╝r├╝lemez
      C:\ShadowStrike\ShadowStrike\src\Shared_modules\Core\Engine\BehaviorAnalyzer.cpp(297,15):
      D├Ân├╝┼şt├╝rme ikinci bir kullan─▒c─▒ tan─▒ml─▒ d├Ân├╝┼şt├╝rme i┼şleci veya olu┼şturucu gerektiriyor
      C:\Program Files\Microsoft Visual Studio\2022\Community\VC\Tools\MSVC\14.44.35207\include\memory(1736,10):
      'std::shared_ptr<_Ty>::reset' bildirimine bak─▒n
      C:\Program Files\Microsoft Visual Studio\2022\Community\VC\Tools\MSVC\14.44.35207\include\memory(1760,10):
      'void std::shared_ptr<_Ty>::reset(_Ux *,_Dx,_Alloc)' olabilirdi
          C:\ShadowStrike\ShadowStrike\src\Shared_modules\Core\Engine\BehaviorAnalyzer.cpp(297,32):
          'void std::shared_ptr<_Ty>::reset(_Ux *,_Dx,_Alloc)': 3 ba─ş─▒ms─▒z de─şi┼şken bekleniyor - 0 sa─şland─▒
      C:\Program Files\Microsoft Visual Studio\2022\Community\VC\Tools\MSVC\14.44.35207\include\memory(1752,10):
      veya       'void std::shared_ptr<_Ty>::reset(_Ux *,_Dx)'
          C:\ShadowStrike\ShadowStrike\src\Shared_modules\Core\Engine\BehaviorAnalyzer.cpp(297,32):
          'void std::shared_ptr<_Ty>::reset(_Ux *,_Dx)': 2 ba─ş─▒ms─▒z de─şi┼şken bekleniyor - 0 sa─şland─▒
      C:\Program Files\Microsoft Visual Studio\2022\Community\VC\Tools\MSVC\14.44.35207\include\memory(1744,10):
      veya       'void std::shared_ptr<_Ty>::reset(_Ux *)'
          C:\ShadowStrike\ShadowStrike\src\Shared_modules\Core\Engine\BehaviorAnalyzer.cpp(297,32):
          'void std::shared_ptr<_Ty>::reset(_Ux *)': 1 ba─ş─▒ms─▒z de─şi┼şken bekleniyor - 0 sa─şland─▒
      C:\ShadowStrike\ShadowStrike\src\Shared_modules\Core\Engine\BehaviorAnalyzer.cpp(297,32):
      '()' ba─ş─▒ms─▒z de─şi┼şken listesi e┼şlenmeye ├ğal─▒┼ş─▒l─▒rken
  
C:\ShadowStrike\ShadowStrike\src\Shared_modules\Core\FileSystem\DocumentScanner.cpp(529,43): error C2653: 'StringUtils': bir s─▒n─▒f veya ad alan─▒ ad─▒ de─şil [C:\ShadowStrike\ShadowStrike\ShadowStrike.vcxproj]
  ('/src/Shared_modules/Core/FileSystem/DocumentScanner.cpp' kaynak dosyas─▒ derleniyor)
  
C:\ShadowStrike\ShadowStrike\src\Shared_modules\Core\FileSystem\DocumentScanner.cpp(529,56): error C3861: 'Utf8ToWide': tan─▒mlay─▒c─▒ bulunamad─▒ [C:\ShadowStrike\ShadowStrike\ShadowStrike.vcxproj]
  ('/src/Shared_modules/Core/FileSystem/DocumentScanner.cpp' kaynak dosyas─▒ derleniyor)
  
C:\ShadowStrike\ShadowStrike\src\Shared_modules\Core\Engine\BehaviorAnalyzer.cpp(301,24): error C2664: 'void ShadowStrike::Utils::Logger::Info(const char *)' : 1 ba─ş─▒ms─▒z de─şi┼şkeni 'const wchar_t [36]' de─şerinden 'const char *' de─şerine d├Ân├╝┼şt├╝r├╝lemez [C:\ShadowStrike\ShadowStrike\ShadowStrike.vcxproj]
  ('/src/Shared_modules/Core/Engine/BehaviorAnalyzer.cpp' kaynak dosyas─▒ derleniyor)
      C:\ShadowStrike\ShadowStrike\src\Shared_modules\Core\Engine\BehaviorAnalyzer.cpp(301,29):
      ─░┼şaretlenen t├╝rler ilgisiz; d├Ân├╝┼şt├╝rme reinterpret_cast, C stili t├╝r d├Ân├╝┼şt├╝rme veya parantez i├ğine al─▒nm─▒┼ş i┼şlev stili t├╝r d├Ân├╝┼şt├╝rme gerektiriyor
      C:\ShadowStrike\ShadowStrike\src\Shared_modules\Utils\Logger.hpp(265,16):
      'ShadowStrike::Utils::Logger::Info' bildirimine bak─▒n
      C:\ShadowStrike\ShadowStrike\src\Shared_modules\Utils\Logger.hpp(282,16):
      'void ShadowStrike::Utils::Logger::Info(std::basic_format_string<char,type_identity<_Args>::type...>,Args ...)' olabilirdi
          C:\ShadowStrike\ShadowStrike\src\Shared_modules\Core\Engine\BehaviorAnalyzer.cpp(301,24):
          ili┼şkili k─▒s─▒tlamalar kar┼ş─▒lanmad─▒
              C:\ShadowStrike\ShadowStrike\src\Shared_modules\Utils\Logger.hpp(281,57):
              k─▒s─▒tlama yerine getirilmedi
      C:\ShadowStrike\ShadowStrike\src\Shared_modules\Core\Engine\BehaviorAnalyzer.cpp(301,24):
      '(const wchar_t [36])' ba─ş─▒ms─▒z de─şi┼şken listesi e┼şlenmeye ├ğal─▒┼ş─▒l─▒rken
  
C:\ShadowStrike\ShadowStrike\src\Shared_modules\Core\Engine\BehaviorAnalyzer.cpp(305,49): error C2039: 'Utf8ToWide': bir 'ShadowStrike::Utils::StringUtils' ├╝yesi de─şil [C:\ShadowStrike\ShadowStrike\ShadowStrike.vcxproj]
  ('/src/Shared_modules/Core/Engine/BehaviorAnalyzer.cpp' kaynak dosyas─▒ derleniyor)
      C:\ShadowStrike\ShadowStrike\src\Shared_modules\Utils\StringUtils.hpp(63,19):
      'ShadowStrike::Utils::StringUtils' bildirimine bak─▒n
  
C:\ShadowStrike\ShadowStrike\src\Shared_modules\Core\Engine\BehaviorAnalyzer.cpp(305,49): error C3861: 'Utf8ToWide': tan─▒mlay─▒c─▒ bulunamad─▒ [C:\ShadowStrike\ShadowStrike\ShadowStrike.vcxproj]
  ('/src/Shared_modules/Core/Engine/BehaviorAnalyzer.cpp' kaynak dosyas─▒ derleniyor)
  
C:\ShadowStrike\ShadowStrike\src\Shared_modules\Core\FileSystem\DocumentScanner.cpp(529,28): error C2593: 'operator =' belirsiz [C:\ShadowStrike\ShadowStrike\ShadowStrike.vcxproj]
  StackPivotDetector.cpp
  ('/src/Shared_modules/Core/FileSystem/DocumentScanner.cpp' kaynak dosyas─▒ derleniyor)
      C:\Program Files\Microsoft Visual Studio\2022\Community\VC\Tools\MSVC\14.44.35207\include\xstring(1453,32):
      'std::basic_string<wchar_t,std::char_traits<wchar_t>,std::allocator<wchar_t>> &std::basic_string<wchar_t,std::char_traits<wchar_t>,std::allocator<wchar_t>>::operator =(const _Elem)' olabilirdi
          with
          [
              _Elem=wchar_t
          ]
      C:\Program Files\Microsoft Visual Studio\2022\Community\VC\Tools\MSVC\14.44.35207\include\xstring(1450,19):
      veya       'std::basic_string<wchar_t,std::char_traits<wchar_t>,std::allocator<wchar_t>> &std::basic_string<wchar_t,std::char_traits<wchar_t>,std::allocator<wchar_t>>::operator =(std::nullptr_t)'
      C:\Program Files\Microsoft Visual Studio\2022\Community\VC\Tools\MSVC\14.44.35207\include\xstring(1445,32):
      veya       'std::basic_string<wchar_t,std::char_traits<wchar_t>,std::allocator<wchar_t>> &std::basic_string<wchar_t,std::char_traits<wchar_t>,std::allocator<wchar_t>>::operator =(const _Elem *const )'
          with
          [
              _Elem=wchar_t
          ]
      C:\Program Files\Microsoft Visual Studio\2022\Community\VC\Tools\MSVC\14.44.35207\include\xstring(1394,32):
      veya       'std::basic_string<wchar_t,std::char_traits<wchar_t>,std::allocator<wchar_t>> &std::basic_string<wchar_t,std::char_traits<wchar_t>,std::allocator<wchar_t>>::operator =(const std::basic_string<wchar_t,std::char_traits<wchar_t>,std::allocator<wchar_t>> &)'
      C:\Program Files\Microsoft Visual Studio\2022\Community\VC\Tools\MSVC\14.44.35207\include\xstring(1345,32):
      veya       'std::basic_string<wchar_t,std::char_traits<wchar_t>,std::allocator<wchar_t>> &std::basic_string<wchar_t,std::char_traits<wchar_t>,std::allocator<wchar_t>>::operator =(std::initializer_list<_Elem>)'
          with
          [
              _Elem=wchar_t
          ]
      C:\Program Files\Microsoft Visual Studio\2022\Community\VC\Tools\MSVC\14.44.35207\include\xstring(1224,32):
      veya       'std::basic_string<wchar_t,std::char_traits<wchar_t>,std::allocator<wchar_t>> &std::basic_string<wchar_t,std::char_traits<wchar_t>,std::allocator<wchar_t>>::operator =(std::basic_string<wchar_t,std::char_traits<wchar_t>,std::allocator<wchar_t>> &&) noexcept'
      C:\ShadowStrike\ShadowStrike\src\Shared_modules\Core\FileSystem\DocumentScanner.cpp(529,28):
      '(std::wstring, <error type>)' ba─ş─▒ms─▒z de─şi┼şken listesi e┼şlenmeye ├ğal─▒┼ş─▒l─▒rken
  
C:\ShadowStrike\ShadowStrike\src\Shared_modules\Core\FileSystem\DocumentScanner.cpp(539,13): error C2653: 'Logger': bir s─▒n─▒f veya ad alan─▒ ad─▒ de─şil [C:\ShadowStrike\ShadowStrike\ShadowStrike.vcxproj]
  ('/src/Shared_modules/Core/FileSystem/DocumentScanner.cpp' kaynak dosyas─▒ derleniyor)
  
C:\ShadowStrike\ShadowStrike\src\Shared_modules\Core\FileSystem\DocumentScanner.cpp(539,21): error C3861: 'Error': tan─▒mlay─▒c─▒ bulunamad─▒ [C:\ShadowStrike\ShadowStrike\ShadowStrike.vcxproj]
  ('/src/Shared_modules/Core/FileSystem/DocumentScanner.cpp' kaynak dosyas─▒ derleniyor)
  
C:\ShadowStrike\ShadowStrike\src\Shared_modules\Core\Engine\BehaviorAnalyzer.cpp(304,24): error C2660: 'ShadowStrike::Utils::Logger::Error': i┼şlev 2 ba─ş─▒ms─▒z de─şi┼şken alm─▒yor [C:\ShadowStrike\ShadowStrike\ShadowStrike.vcxproj]
  ('/src/Shared_modules/Core/Engine/BehaviorAnalyzer.cpp' kaynak dosyas─▒ derleniyor)
      C:\ShadowStrike\ShadowStrike\src\Shared_modules\Utils\Logger.hpp(263,16):
      'ShadowStrike::Utils::Logger::Error' bildirimine bak─▒n
      C:\ShadowStrike\ShadowStrike\src\Shared_modules\Utils\Logger.hpp(274,16):
      'void ShadowStrike::Utils::Logger::Error(std::basic_format_string<char,type_identity<_Args>::type...>,Args ...)' olabilirdi
          C:\ShadowStrike\ShadowStrike\src\Shared_modules\Core\Engine\BehaviorAnalyzer.cpp(304,24):
          'void ShadowStrike::Utils::Logger::Error(std::basic_format_string<char,type_identity<_Args>::type...>,Args ...)' i┼şlev ┼şablonu ├Âzelle┼ştirilemedi
              C:\ShadowStrike\ShadowStrike\src\Shared_modules\Core\Engine\BehaviorAnalyzer.cpp(304,24):
              ┼Şu ┼şablon ba─ş─▒ms─▒z de─şi┼şkenleriyle:
                  C:\ShadowStrike\ShadowStrike\src\Shared_modules\Core\Engine\BehaviorAnalyzer.cpp(304,24):
                  'Args={<error type>}'
      C:\ShadowStrike\ShadowStrike\src\Shared_modules\Core\Engine\BehaviorAnalyzer.cpp(304,24):
      '(const wchar_t [38], <error type>)' ba─ş─▒ms─▒z de─şi┼şken listesi e┼şlenmeye ├ğal─▒┼ş─▒l─▒rken
  
C:\ShadowStrike\ShadowStrike\src\Shared_modules\Core\Engine\BehaviorAnalyzer.cpp(313,34): error C2039: 'GetStatus': bir 'ShadowStrike::Core::Engine::BehaviorAnalyzer' ├╝yesi de─şil [C:\ShadowStrike\ShadowStrike\ShadowStrike.vcxproj]
  ('/src/Shared_modules/Core/Engine/BehaviorAnalyzer.cpp' kaynak dosyas─▒ derleniyor)
      C:\ShadowStrike\ShadowStrike\src\Shared_modules\Core\Engine\BehaviorAnalyzer.hpp(1804,7):
      'ShadowStrike::Core::Engine::BehaviorAnalyzer' bildirimine bak─▒n
  
C:\ShadowStrike\ShadowStrike\src\Shared_modules\Core\FileSystem\DocumentScanner.cpp(561,17): error C2653: 'Logger': bir s─▒n─▒f veya ad alan─▒ ad─▒ de─şil [C:\ShadowStrike\ShadowStrike\ShadowStrike.vcxproj]
  ('/src/Shared_modules/Core/FileSystem/DocumentScanner.cpp' kaynak dosyas─▒ derleniyor)
  
C:\ShadowStrike\ShadowStrike\src\Shared_modules\Core\Engine\BehaviorAnalyzer.cpp(313,1): error C4430: t├╝r belirticisi eksik - int varsay─▒ld─▒. Not: C++ varsay─▒lan int deste─şi i├ğermez [C:\ShadowStrike\ShadowStrike\ShadowStrike.vcxproj]
  ('/src/Shared_modules/Core/Engine/BehaviorAnalyzer.cpp' kaynak dosyas─▒ derleniyor)
  
C:\ShadowStrike\ShadowStrike\src\Shared_modules\Core\FileSystem\DocumentScanner.cpp(561,25): error C3861: 'Error': tan─▒mlay─▒c─▒ bulunamad─▒ [C:\ShadowStrike\ShadowStrike\ShadowStrike.vcxproj]
  ('/src/Shared_modules/Core/FileSystem/DocumentScanner.cpp' kaynak dosyas─▒ derleniyor)
  
C:\ShadowStrike\ShadowStrike\src\Shared_modules\Core\Engine\BehaviorAnalyzer.cpp(313,34): error C2146: s├Âzdizimi hatas─▒: ';' eksik ('GetStatus' tan─▒mlay─▒c─▒s─▒ndan ├Ânce) [C:\ShadowStrike\ShadowStrike\ShadowStrike.vcxproj]
  ('/src/Shared_modules/Core/Engine/BehaviorAnalyzer.cpp' kaynak dosyas─▒ derleniyor)
  
C:\ShadowStrike\ShadowStrike\src\Shared_modules\Core\Engine\BehaviorAnalyzer.cpp(313,61): error C2143: s├Âzdizimi hatas─▒: ';' eksik ('{' ├Âncesinde) [C:\ShadowStrike\ShadowStrike\ShadowStrike.vcxproj]
  ('/src/Shared_modules/Core/Engine/BehaviorAnalyzer.cpp' kaynak dosyas─▒ derleniyor)
  
C:\ShadowStrike\ShadowStrike\src\Shared_modules\Core\Engine\BehaviorAnalyzer.cpp(313,61): error C2447: '{': i┼şlev ├╝stbilgisi eksik (eski tarzda bi├ğimsel liste mi?) [C:\ShadowStrike\ShadowStrike\ShadowStrike.vcxproj]
  FuzzyHasher.cpp
  ('/src/Shared_modules/Core/Engine/BehaviorAnalyzer.cpp' kaynak dosyas─▒ derleniyor)
  
C:\ShadowStrike\ShadowStrike\src\Shared_modules\Core\Engine\BehaviorAnalyzer.cpp(325,24): error C2556: 'bool ShadowStrike::Core::Engine::BehaviorAnalyzer::ProcessEvent(const ShadowStrike::Core::Engine::BehaviorEvent &)': a┼ş─▒r─▒ y├╝klenen sanal i┼şlev ile 'std::optional<ShadowStrike::Core::Engine::BehaviorVerdict> ShadowStrike::Core::Engine::BehaviorAnalyzer::ProcessEvent(const ShadowStrike::Core::Engine::BehaviorEvent &)' aras─▒ndaki tek fark d├Ân├╝┼ş t├╝r├╝ [C:\ShadowStrike\ShadowStrike\ShadowStrike.vcxproj]
  DigestGenerator.cpp
  ('/src/Shared_modules/Core/Engine/BehaviorAnalyzer.cpp' kaynak dosyas─▒ derleniyor)
      C:\ShadowStrike\ShadowStrike\src\Shared_modules\Core\Engine\BehaviorAnalyzer.hpp(1889,50):
      'ShadowStrike::Core::Engine::BehaviorAnalyzer::ProcessEvent' bildirimine bak─▒n
  
C:\ShadowStrike\ShadowStrike\src\Shared_modules\Core\Engine\BehaviorAnalyzer.cpp(325,24): error C2371: 'ShadowStrike::Core::Engine::BehaviorAnalyzer::ProcessEvent': yeniden tan─▒mlama; temel t├╝rler farkl─▒ [C:\ShadowStrike\ShadowStrike\ShadowStrike.vcxproj]
  ('/src/Shared_modules/Core/Engine/BehaviorAnalyzer.cpp' kaynak dosyas─▒ derleniyor)
      C:\ShadowStrike\ShadowStrike\src\Shared_modules\Core\Engine\BehaviorAnalyzer.hpp(1889,50):
      'ShadowStrike::Core::Engine::BehaviorAnalyzer::ProcessEvent' bildirimine bak─▒n
  
C:\ShadowStrike\ShadowStrike\src\Shared_modules\Core\FileSystem\DocumentScanner.cpp(613,13): error C2653: 'Logger': bir s─▒n─▒f veya ad alan─▒ ad─▒ de─şil [C:\ShadowStrike\ShadowStrike\ShadowStrike.vcxproj]
  ('/src/Shared_modules/Core/FileSystem/DocumentScanner.cpp' kaynak dosyas─▒ derleniyor)
  
  DigestComparer.cpp
C:\ShadowStrike\ShadowStrike\src\Shared_modules\Core\FileSystem\DocumentScanner.cpp(613,21): error C3861: 'Error': tan─▒mlay─▒c─▒ bulunamad─▒ [C:\ShadowStrike\ShadowStrike\ShadowStrike.vcxproj]
  ArtifactExtractor.cpp
  ('/src/Shared_modules/Core/FileSystem/DocumentScanner.cpp' kaynak dosyas─▒ derleniyor)
  
C:\ShadowStrike\ShadowStrike\src\Shared_modules\Core\FileSystem\DocumentScanner.cpp(633,13): error C2653: 'Logger': bir s─▒n─▒f veya ad alan─▒ ad─▒ de─şil [C:\ShadowStrike\ShadowStrike\ShadowStrike.vcxproj]
  ('/src/Shared_modules/Core/FileSystem/DocumentScanner.cpp' kaynak dosyas─▒ derleniyor)
  
C:\ShadowStrike\ShadowStrike\src\Shared_modules\Core\FileSystem\DocumentScanner.cpp(633,21): error C3861: 'Error': tan─▒mlay─▒c─▒ bulunamad─▒ [C:\ShadowStrike\ShadowStrike\ShadowStrike.vcxproj]
  ('/src/Shared_modules/Core/FileSystem/DocumentScanner.cpp' kaynak dosyas─▒ derleniyor)
  
C:\ShadowStrike\ShadowStrike\src\Shared_modules\Core\FileSystem\DocumentScanner.cpp(661,13): error C2653: 'Logger': bir s─▒n─▒f veya ad alan─▒ ad─▒ de─şil [C:\ShadowStrike\ShadowStrike\ShadowStrike.vcxproj]
  ('/src/Shared_modules/Core/FileSystem/DocumentScanner.cpp' kaynak dosyas─▒ derleniyor)
  
C:\ShadowStrike\ShadowStrike\src\Shared_modules\Core\FileSystem\DocumentScanner.cpp(661,21): error C3861: 'Error': tan─▒mlay─▒c─▒ bulunamad─▒ [C:\ShadowStrike\ShadowStrike\ShadowStrike.vcxproj]
  ('/src/Shared_modules/Core/FileSystem/DocumentScanner.cpp' kaynak dosyas─▒ derleniyor)
  
C:\ShadowStrike\ShadowStrike\src\Shared_modules\Core\Engine\BehaviorAnalyzer.cpp(326,28): error C2653: 'Clock': bir s─▒n─▒f veya ad alan─▒ ad─▒ de─şil [C:\ShadowStrike\ShadowStrike\ShadowStrike.vcxproj]
  ('/src/Shared_modules/Core/Engine/BehaviorAnalyzer.cpp' kaynak dosyas─▒ derleniyor)
  
C:\ShadowStrike\ShadowStrike\src\Shared_modules\Core\Engine\BehaviorAnalyzer.cpp(326,35): error C3861: 'now': tan─▒mlay─▒c─▒ bulunamad─▒ [C:\ShadowStrike\ShadowStrike\ShadowStrike.vcxproj]
  ('/src/Shared_modules/Core/Engine/BehaviorAnalyzer.cpp' kaynak dosyas─▒ derleniyor)
  
C:\ShadowStrike\ShadowStrike\src\Shared_modules\Core\Engine\BehaviorAnalyzer.cpp(327,13): error C2039: 'm_statistics': bir 'ShadowStrike::Core::Engine::BehaviorAnalyzer::Impl' ├╝yesi de─şil [C:\ShadowStrike\ShadowStrike\ShadowStrike.vcxproj]
  ('/src/Shared_modules/Core/Engine/BehaviorAnalyzer.cpp' kaynak dosyas─▒ derleniyor)
      C:\ShadowStrike\ShadowStrike\src\Shared_modules\Core\Engine\BehaviorAnalyzer.cpp(88,26):
      'ShadowStrike::Core::Engine::BehaviorAnalyzer::Impl' bildirimine bak─▒n
  
C:\ShadowStrike\ShadowStrike\src\Shared_modules\AntiEvasion\EnvironmentEvasionDetector.cpp(4577,31): error C3861: 'min': tan─▒mlay─▒c─▒ bulunamad─▒ [C:\ShadowStrike\ShadowStrike\ShadowStrike.vcxproj]
  ('/src/Shared_modules/AntiEvasion/EnvironmentEvasionDetector.cpp' kaynak dosyas─▒ derleniyor)
  
C:\ShadowStrike\ShadowStrike\src\Shared_modules\Core\Engine\BehaviorAnalyzer.cpp(333,28): error C2664: 'void ShadowStrike::Utils::Logger::Warn(const char *)' : 1 ba─ş─▒ms─▒z de─şi┼şkeni 'const wchar_t [34]' de─şerinden 'const char *' de─şerine d├Ân├╝┼şt├╝r├╝lemez [C:\ShadowStrike\ShadowStrike\ShadowStrike.vcxproj]
  ('/src/Shared_modules/Core/Engine/BehaviorAnalyzer.cpp' kaynak dosyas─▒ derleniyor)
      C:\ShadowStrike\ShadowStrike\src\Shared_modules\Core\Engine\BehaviorAnalyzer.cpp(333,33):
      ─░┼şaretlenen t├╝rler ilgisiz; d├Ân├╝┼şt├╝rme reinterpret_cast, C stili t├╝r d├Ân├╝┼şt├╝rme veya parantez i├ğine al─▒nm─▒┼ş i┼şlev stili t├╝r d├Ân├╝┼şt├╝rme gerektiriyor
      C:\ShadowStrike\ShadowStrike\src\Shared_modules\Utils\Logger.hpp(264,16):
      'ShadowStrike::Utils::Logger::Warn' bildirimine bak─▒n
      C:\ShadowStrike\ShadowStrike\src\Shared_modules\Utils\Logger.hpp(278,16):
      'void ShadowStrike::Utils::Logger::Warn(std::basic_format_string<char,type_identity<_Args>::type...>,Args ...)' olabilirdi
          C:\ShadowStrike\ShadowStrike\src\Shared_modules\Core\Engine\BehaviorAnalyzer.cpp(333,28):
          ili┼şkili k─▒s─▒tlamalar kar┼ş─▒lanmad─▒
              C:\ShadowStrike\ShadowStrike\src\Shared_modules\Utils\Logger.hpp(277,57):
              k─▒s─▒tlama yerine getirilmedi
      C:\ShadowStrike\ShadowStrike\src\Shared_modules\Core\Engine\BehaviorAnalyzer.cpp(333,28):
      '(const wchar_t [34])' ba─ş─▒ms─▒z de─şi┼şken listesi e┼şlenmeye ├ğal─▒┼ş─▒l─▒rken
  
C:\ShadowStrike\ShadowStrike\src\Shared_modules\Core\Engine\BehaviorAnalyzer.cpp(343,55): error C2039: 'm_config': bir 'ShadowStrike::Core::Engine::BehaviorAnalyzer::Impl' ├╝yesi de─şil [C:\ShadowStrike\ShadowStrike\ShadowStrike.vcxproj]
  ('/src/Shared_modules/Core/Engine/BehaviorAnalyzer.cpp' kaynak dosyas─▒ derleniyor)
      C:\ShadowStrike\ShadowStrike\src\Shared_modules\Core\Engine\BehaviorAnalyzer.cpp(88,26):
      'ShadowStrike::Core::Engine::BehaviorAnalyzer::Impl' bildirimine bak─▒n
  
C:\ShadowStrike\ShadowStrike\src\Shared_modules\Core\Engine\BehaviorAnalyzer.cpp(352,15): error C2039: 'lastActivityTime': bir 'ShadowStrike::Core::Engine::ProcessBehaviorState' ├╝yesi de─şil [C:\ShadowStrike\ShadowStrike\ShadowStrike.vcxproj]
  ('/src/Shared_modules/Core/Engine/BehaviorAnalyzer.cpp' kaynak dosyas─▒ derleniyor)
      C:\ShadowStrike\ShadowStrike\src\Shared_modules\Core\Engine\BehaviorAnalyzer.hpp(1130,8):
      'ShadowStrike::Core::Engine::ProcessBehaviorState' bildirimine bak─▒n
  
C:\ShadowStrike\ShadowStrike\src\Shared_modules\Core\Engine\BehaviorAnalyzer.cpp(353,15): error C2039: 'eventCount': bir 'ShadowStrike::Core::Engine::ProcessBehaviorState' ├╝yesi de─şil [C:\ShadowStrike\ShadowStrike\ShadowStrike.vcxproj]
  ('/src/Shared_modules/Core/Engine/BehaviorAnalyzer.cpp' kaynak dosyas─▒ derleniyor)
      C:\ShadowStrike\ShadowStrike\src\Shared_modules\Core\Engine\BehaviorAnalyzer.hpp(1130,8):
      'ShadowStrike::Core::Engine::ProcessBehaviorState' bildirimine bak─▒n
  
C:\ShadowStrike\ShadowStrike\src\Shared_modules\Core\Engine\BehaviorAnalyzer.cpp(360,37): error C2838: 'FileCreated': ├╝ye bildiriminde ge├ğersiz tam ad [C:\ShadowStrike\ShadowStrike\ShadowStrike.vcxproj]
  ('/src/Shared_modules/Core/Engine/BehaviorAnalyzer.cpp' kaynak dosyas─▒ derleniyor)
  
C:\ShadowStrike\ShadowStrike\src\Shared_modules\Core\Engine\BehaviorAnalyzer.cpp(360,37): error C2065: 'FileCreated': bildirimi yap─▒lmam─▒┼ş tan─▒mlay─▒c─▒ [C:\ShadowStrike\ShadowStrike\ShadowStrike.vcxproj]
  ('/src/Shared_modules/Core/Engine/BehaviorAnalyzer.cpp' kaynak dosyas─▒ derleniyor)
  
C:\ShadowStrike\ShadowStrike\src\Shared_modules\Core\Engine\BehaviorAnalyzer.cpp(360,37): error C2131: ifade sabit olarak de─şerlendirilmedi [C:\ShadowStrike\ShadowStrike\ShadowStrike.vcxproj]
  ('/src/Shared_modules/Core/Engine/BehaviorAnalyzer.cpp' kaynak dosyas─▒ derleniyor)
      C:\ShadowStrike\ShadowStrike\src\Shared_modules\Core\Engine\BehaviorAnalyzer.cpp(360,37):
      sabit olmayan bir (alt) ifade ile kar┼ş─▒la┼ş─▒ld─▒
  
C:\ShadowStrike\ShadowStrike\src\Shared_modules\Core\FileSystem\DocumentScanner.cpp(743,13): error C2653: 'Logger': bir s─▒n─▒f veya ad alan─▒ ad─▒ de─şil [C:\ShadowStrike\ShadowStrike\ShadowStrike.vcxproj]
  ('/src/Shared_modules/Core/FileSystem/DocumentScanner.cpp' kaynak dosyas─▒ derleniyor)
  
C:\ShadowStrike\ShadowStrike\src\Shared_modules\Core\Engine\BehaviorAnalyzer.cpp(361,37): error C2838: 'FileModified': ├╝ye bildiriminde ge├ğersiz tam ad [C:\ShadowStrike\ShadowStrike\ShadowStrike.vcxproj]
  ('/src/Shared_modules/Core/Engine/BehaviorAnalyzer.cpp' kaynak dosyas─▒ derleniyor)
  
C:\ShadowStrike\ShadowStrike\src\Shared_modules\Core\FileSystem\DocumentScanner.cpp(743,21): error C3861: 'Error': tan─▒mlay─▒c─▒ bulunamad─▒ [C:\ShadowStrike\ShadowStrike\ShadowStrike.vcxproj]
  ('/src/Shared_modules/Core/FileSystem/DocumentScanner.cpp' kaynak dosyas─▒ derleniyor)
  
C:\ShadowStrike\ShadowStrike\src\Shared_modules\Core\Engine\BehaviorAnalyzer.cpp(361,37): error C2065: 'FileModified': bildirimi yap─▒lmam─▒┼ş tan─▒mlay─▒c─▒ [C:\ShadowStrike\ShadowStrike\ShadowStrike.vcxproj]
  ('/src/Shared_modules/Core/Engine/BehaviorAnalyzer.cpp' kaynak dosyas─▒ derleniyor)
  
C:\ShadowStrike\ShadowStrike\src\Shared_modules\Core\Engine\BehaviorAnalyzer.cpp(361,37): error C2131: ifade sabit olarak de─şerlendirilmedi [C:\ShadowStrike\ShadowStrike\ShadowStrike.vcxproj]
  ('/src/Shared_modules/Core/Engine/BehaviorAnalyzer.cpp' kaynak dosyas─▒ derleniyor)
      C:\ShadowStrike\ShadowStrike\src\Shared_modules\Core\Engine\BehaviorAnalyzer.cpp(361,37):
      sabit olmayan bir (alt) ifade ile kar┼ş─▒la┼ş─▒ld─▒
  
C:\ShadowStrike\ShadowStrike\src\Shared_modules\Core\Engine\BehaviorAnalyzer.cpp(362,37): error C2838: 'FileDeleted': ├╝ye bildiriminde ge├ğersiz tam ad [C:\ShadowStrike\ShadowStrike\ShadowStrike.vcxproj]
  EvidenceCollector.cpp
  ('/src/Shared_modules/Core/Engine/BehaviorAnalyzer.cpp' kaynak dosyas─▒ derleniyor)
  
C:\ShadowStrike\ShadowStrike\src\Shared_modules\Core\FileSystem\DocumentScanner.cpp(752,36): error C2039: 'CalculateSHA256': bir 'ShadowStrike::HashStore' ├╝yesi de─şil [C:\ShadowStrike\ShadowStrike\ShadowStrike.vcxproj]
  ('/src/Shared_modules/Core/FileSystem/DocumentScanner.cpp' kaynak dosyas─▒ derleniyor)
      C:\ShadowStrike\ShadowStrike\src\Shared_modules\HashStore\HashStore.hpp(66,11):
      'ShadowStrike::HashStore' bildirimine bak─▒n
  
C:\ShadowStrike\ShadowStrike\src\Shared_modules\Core\Engine\BehaviorAnalyzer.cpp(362,37): error C2065: 'FileDeleted': bildirimi yap─▒lmam─▒┼ş tan─▒mlay─▒c─▒ [C:\ShadowStrike\ShadowStrike\ShadowStrike.vcxproj]
  IncidentRecorder.cpp
  MemoryDumper.cpp
  ('/src/Shared_modules/Core/Engine/BehaviorAnalyzer.cpp' kaynak dosyas─▒ derleniyor)
  
C:\ShadowStrike\ShadowStrike\src\Shared_modules\Core\FileSystem\DocumentScanner.cpp(752,36): error C3861: 'CalculateSHA256': tan─▒mlay─▒c─▒ bulunamad─▒ [C:\ShadowStrike\ShadowStrike\ShadowStrike.vcxproj]
  ('/src/Shared_modules/Core/FileSystem/DocumentScanner.cpp' kaynak dosyas─▒ derleniyor)
  
C:\ShadowStrike\ShadowStrike\src\Shared_modules\Core\Engine\BehaviorAnalyzer.cpp(362,37): error C2131: ifade sabit olarak de─şerlendirilmedi [C:\ShadowStrike\ShadowStrike\ShadowStrike.vcxproj]
  ('/src/Shared_modules/Core/Engine/BehaviorAnalyzer.cpp' kaynak dosyas─▒ derleniyor)
      C:\ShadowStrike\ShadowStrike\src\Shared_modules\Core\Engine\BehaviorAnalyzer.cpp(362,37):
      sabit olmayan bir (alt) ifade ile kar┼ş─▒la┼ş─▒ld─▒
  
C:\ShadowStrike\ShadowStrike\src\Shared_modules\Core\FileSystem\DocumentScanner.cpp(754,28): error C2039: 'Instance': bir 'ShadowStrike::HashStore' ├╝yesi de─şil [C:\ShadowStrike\ShadowStrike\ShadowStrike.vcxproj]
  ('/src/Shared_modules/Core/FileSystem/DocumentScanner.cpp' kaynak dosyas─▒ derleniyor)
      C:\ShadowStrike\ShadowStrike\src\Shared_modules\HashStore\HashStore.hpp(66,11):
      'ShadowStrike::HashStore' bildirimine bak─▒n
  
C:\ShadowStrike\ShadowStrike\src\Shared_modules\Core\Engine\BehaviorAnalyzer.cpp(363,37): error C2838: 'FileRenamed': ├╝ye bildiriminde ge├ğersiz tam ad [C:\ShadowStrike\ShadowStrike\ShadowStrike.vcxproj]
  ('/src/Shared_modules/Core/Engine/BehaviorAnalyzer.cpp' kaynak dosyas─▒ derleniyor)
  
C:\ShadowStrike\ShadowStrike\src\Shared_modules\Core\FileSystem\DocumentScanner.cpp(754,28): error C3861: 'Instance': tan─▒mlay─▒c─▒ bulunamad─▒ [C:\ShadowStrike\ShadowStrike\ShadowStrike.vcxproj]
  ('/src/Shared_modules/Core/FileSystem/DocumentScanner.cpp' kaynak dosyas─▒ derleniyor)
  
C:\ShadowStrike\ShadowStrike\src\Shared_modules\Core\Engine\BehaviorAnalyzer.cpp(363,37): error C2065: 'FileRenamed': bildirimi yap─▒lmam─▒┼ş tan─▒mlay─▒c─▒ [C:\ShadowStrike\ShadowStrike\ShadowStrike.vcxproj]
  ('/src/Shared_modules/Core/Engine/BehaviorAnalyzer.cpp' kaynak dosyas─▒ derleniyor)
  
  NetworkCapture.cpp
C:\ShadowStrike\ShadowStrike\src\Shared_modules\Core\Engine\BehaviorAnalyzer.cpp(363,37): error C2131: ifade sabit olarak de─şerlendirilmedi [C:\ShadowStrike\ShadowStrike\ShadowStrike.vcxproj]
  ('/src/Shared_modules/Core/Engine/BehaviorAnalyzer.cpp' kaynak dosyas─▒ derleniyor)
      C:\ShadowStrike\ShadowStrike\src\Shared_modules\Core\Engine\BehaviorAnalyzer.cpp(363,37):
      sabit olmayan bir (alt) ifade ile kar┼ş─▒la┼ş─▒ld─▒
  
C:\ShadowStrike\ShadowStrike\src\Shared_modules\Core\Engine\BehaviorAnalyzer.cpp(364,37): error C3861: 'AnalyzeFileEvent': tan─▒mlay─▒c─▒ bulunamad─▒ [C:\ShadowStrike\ShadowStrike\ShadowStrike.vcxproj]
  ('/src/Shared_modules/Core/Engine/BehaviorAnalyzer.cpp' kaynak dosyas─▒ derleniyor)
  
C:\ShadowStrike\ShadowStrike\src\Shared_modules\Core\Engine\BehaviorAnalyzer.cpp(367,37): error C2838: 'RegistryKeyCreated': ├╝ye bildiriminde ge├ğersiz tam ad [C:\ShadowStrike\ShadowStrike\ShadowStrike.vcxproj]
  ('/src/Shared_modules/Core/Engine/BehaviorAnalyzer.cpp' kaynak dosyas─▒ derleniyor)
  
C:\ShadowStrike\ShadowStrike\src\Shared_modules\Core\Engine\BehaviorAnalyzer.cpp(367,37): error C2065: 'RegistryKeyCreated': bildirimi yap─▒lmam─▒┼ş tan─▒mlay─▒c─▒ [C:\ShadowStrike\ShadowStrike\ShadowStrike.vcxproj]
  ('/src/Shared_modules/Core/Engine/BehaviorAnalyzer.cpp' kaynak dosyas─▒ derleniyor)
  
C:\ShadowStrike\ShadowStrike\src\Shared_modules\Core\Engine\BehaviorAnalyzer.cpp(367,37): error C2131: ifade sabit olarak de─şerlendirilmedi [C:\ShadowStrike\ShadowStrike\ShadowStrike.vcxproj]
  ('/src/Shared_modules/Core/Engine/BehaviorAnalyzer.cpp' kaynak dosyas─▒ derleniyor)
      C:\ShadowStrike\ShadowStrike\src\Shared_modules\Core\Engine\BehaviorAnalyzer.cpp(367,37):
      sabit olmayan bir (alt) ifade ile kar┼ş─▒la┼ş─▒ld─▒
  
C:\ShadowStrike\ShadowStrike\src\Shared_modules\Core\Engine\BehaviorAnalyzer.cpp(368,37): error C2838: 'RegistryValueSet': ├╝ye bildiriminde ge├ğersiz tam ad [C:\ShadowStrike\ShadowStrike\ShadowStrike.vcxproj]
  TimelineAnalyzer.cpp
  ('/src/Shared_modules/Core/Engine/BehaviorAnalyzer.cpp' kaynak dosyas─▒ derleniyor)
  
  GameCheatDetector.cpp
C:\ShadowStrike\ShadowStrike\src\Shared_modules\Core\Engine\BehaviorAnalyzer.cpp(368,37): error C2065: 'RegistryValueSet': bildirimi yap─▒lmam─▒┼ş tan─▒mlay─▒c─▒ [C:\ShadowStrike\ShadowStrike\ShadowStrike.vcxproj]
  ('/src/Shared_modules/Core/Engine/BehaviorAnalyzer.cpp' kaynak dosyas─▒ derleniyor)
  
C:\ShadowStrike\ShadowStrike\src\Shared_modules\Core\Engine\BehaviorAnalyzer.cpp(368,37): error C2131: ifade sabit olarak de─şerlendirilmedi [C:\ShadowStrike\ShadowStrike\ShadowStrike.vcxproj]
  ('/src/Shared_modules/Core/Engine/BehaviorAnalyzer.cpp' kaynak dosyas─▒ derleniyor)
      C:\ShadowStrike\ShadowStrike\src\Shared_modules\Core\Engine\BehaviorAnalyzer.cpp(368,37):
      sabit olmayan bir (alt) ifade ile kar┼ş─▒la┼ş─▒ld─▒
  
C:\ShadowStrike\ShadowStrike\src\Shared_modules\Core\Engine\BehaviorAnalyzer.cpp(369,37): error C2838: 'RegistryKeyDeleted': ├╝ye bildiriminde ge├ğersiz tam ad [C:\ShadowStrike\ShadowStrike\ShadowStrike.vcxproj]
  ('/src/Shared_modules/Core/Engine/BehaviorAnalyzer.cpp' kaynak dosyas─▒ derleniyor)
  
C:\ShadowStrike\ShadowStrike\src\Shared_modules\Core\FileSystem\DocumentScanner.cpp(759,23): error C2593: 'operator =' belirsiz [C:\ShadowStrike\ShadowStrike\ShadowStrike.vcxproj]
  ('/src/Shared_modules/Core/FileSystem/DocumentScanner.cpp' kaynak dosyas─▒ derleniyor)
      C:\Program Files\Microsoft Visual Studio\2022\Community\VC\Tools\MSVC\14.44.35207\include\xstring(1453,32):
      'std::basic_string<char,std::char_traits<char>,std::allocator<char>> &std::basic_string<char,std::char_traits<char>,std::allocator<char>>::operator =(const _Elem)' olabilirdi
          with
          [
              _Elem=char
          ]
      C:\Program Files\Microsoft Visual Studio\2022\Community\VC\Tools\MSVC\14.44.35207\include\xstring(1450,19):
      veya       'std::basic_string<char,std::char_traits<char>,std::allocator<char>> &std::basic_string<char,std::char_traits<char>,std::allocator<char>>::operator =(std::nullptr_t)'
      C:\Program Files\Microsoft Visual Studio\2022\Community\VC\Tools\MSVC\14.44.35207\include\xstring(1445,32):
      veya       'std::basic_string<char,std::char_traits<char>,std::allocator<char>> &std::basic_string<char,std::char_traits<char>,std::allocator<char>>::operator =(const _Elem *const )'
          with
          [
              _Elem=char
          ]
      C:\Program Files\Microsoft Visual Studio\2022\Community\VC\Tools\MSVC\14.44.35207\include\xstring(1394,32):
      veya       'std::basic_string<char,std::char_traits<char>,std::allocator<char>> &std::basic_string<char,std::char_traits<char>,std::allocator<char>>::operator =(const std::basic_string<char,std::char_traits<char>,std::allocator<char>> &)'
      C:\Program Files\Microsoft Visual Studio\2022\Community\VC\Tools\MSVC\14.44.35207\include\xstring(1345,32):
      veya       'std::basic_string<char,std::char_traits<char>,std::allocator<char>> &std::basic_string<char,std::char_traits<char>,std::allocator<char>>::operator =(std::initializer_list<_Elem>)'
          with
          [
              _Elem=char
          ]
      C:\Program Files\Microsoft Visual Studio\2022\Community\VC\Tools\MSVC\14.44.35207\include\xstring(1224,32):
      veya       'std::basic_string<char,std::char_traits<char>,std::allocator<char>> &std::basic_string<char,std::char_traits<char>,std::allocator<char>>::operator =(std::basic_string<char,std::char_traits<char>,std::allocator<char>> &&) noexcept'
      C:\ShadowStrike\ShadowStrike\src\Shared_modules\Core\FileSystem\DocumentScanner.cpp(759,23):
      '(std::string, <error type>)' ba─ş─▒ms─▒z de─şi┼şken listesi e┼şlenmeye ├ğal─▒┼ş─▒l─▒rken
  
C:\ShadowStrike\ShadowStrike\src\Shared_modules\Core\Engine\BehaviorAnalyzer.cpp(369,37): error C2065: 'RegistryKeyDeleted': bildirimi yap─▒lmam─▒┼ş tan─▒mlay─▒c─▒ [C:\ShadowStrike\ShadowStrike\ShadowStrike.vcxproj]
  GameModeManager.cpp
  ('/src/Shared_modules/Core/Engine/BehaviorAnalyzer.cpp' kaynak dosyas─▒ derleniyor)
  
  GameProcessDetector.cpp
C:\ShadowStrike\ShadowStrike\src\Shared_modules\Core\FileSystem\DocumentScanner.cpp(768,17): error C2653: 'Logger': bir s─▒n─▒f veya ad alan─▒ ad─▒ de─şil [C:\ShadowStrike\ShadowStrike\ShadowStrike.vcxproj]
  ('/src/Shared_modules/Core/FileSystem/DocumentScanner.cpp' kaynak dosyas─▒ derleniyor)
  
C:\ShadowStrike\ShadowStrike\src\Shared_modules\Core\Engine\BehaviorAnalyzer.cpp(369,37): error C2131: ifade sabit olarak de─şerlendirilmedi [C:\ShadowStrike\ShadowStrike\ShadowStrike.vcxproj]
  ('/src/Shared_modules/Core/Engine/BehaviorAnalyzer.cpp' kaynak dosyas─▒ derleniyor)
      C:\ShadowStrike\ShadowStrike\src\Shared_modules\Core\Engine\BehaviorAnalyzer.cpp(369,37):
      sabit olmayan bir (alt) ifade ile kar┼ş─▒la┼ş─▒ld─▒
  
C:\ShadowStrike\ShadowStrike\src\Shared_modules\Core\FileSystem\DocumentScanner.cpp(768,25): error C3861: 'Critical': tan─▒mlay─▒c─▒ bulunamad─▒ [C:\ShadowStrike\ShadowStrike\ShadowStrike.vcxproj]
  ('/src/Shared_modules/Core/FileSystem/DocumentScanner.cpp' kaynak dosyas─▒ derleniyor)
  
C:\ShadowStrike\ShadowStrike\src\Shared_modules\Core\Engine\BehaviorAnalyzer.cpp(370,37): error C3861: 'AnalyzeRegistryEvent': tan─▒mlay─▒c─▒ bulunamad─▒ [C:\ShadowStrike\ShadowStrike\ShadowStrike.vcxproj]
  ('/src/Shared_modules/Core/Engine/BehaviorAnalyzer.cpp' kaynak dosyas─▒ derleniyor)
  
C:\ShadowStrike\ShadowStrike\src\Shared_modules\Core\FileSystem\DocumentScanner.cpp(773,13): error C2653: 'Logger': bir s─▒n─▒f veya ad alan─▒ ad─▒ de─şil [C:\ShadowStrike\ShadowStrike\ShadowStrike.vcxproj]
  ('/src/Shared_modules/Core/FileSystem/DocumentScanner.cpp' kaynak dosyas─▒ derleniyor)
  
C:\ShadowStrike\ShadowStrike\src\Shared_modules\Core\Engine\BehaviorAnalyzer.cpp(373,37): error C2838: 'ProcessCreated': ├╝ye bildiriminde ge├ğersiz tam ad [C:\ShadowStrike\ShadowStrike\ShadowStrike.vcxproj]
  ('/src/Shared_modules/Core/Engine/BehaviorAnalyzer.cpp' kaynak dosyas─▒ derleniyor)
  
C:\ShadowStrike\ShadowStrike\src\Shared_modules\Core\FileSystem\DocumentScanner.cpp(773,21): error C3861: 'Error': tan─▒mlay─▒c─▒ bulunamad─▒ [C:\ShadowStrike\ShadowStrike\ShadowStrike.vcxproj]
  ('/src/Shared_modules/Core/FileSystem/DocumentScanner.cpp' kaynak dosyas─▒ derleniyor)
  
C:\ShadowStrike\ShadowStrike\src\Shared_modules\Core\Engine\BehaviorAnalyzer.cpp(373,37): error C2065: 'ProcessCreated': bildirimi yap─▒lmam─▒┼ş tan─▒mlay─▒c─▒ [C:\ShadowStrike\ShadowStrike\ShadowStrike.vcxproj]
  ('/src/Shared_modules/Core/Engine/BehaviorAnalyzer.cpp' kaynak dosyas─▒ derleniyor)
  
C:\ShadowStrike\ShadowStrike\src\Shared_modules\Core\Engine\BehaviorAnalyzer.cpp(373,37): error C2131: ifade sabit olarak de─şerlendirilmedi [C:\ShadowStrike\ShadowStrike\ShadowStrike.vcxproj]
  OverlayProtection.cpp
  ('/src/Shared_modules/Core/Engine/BehaviorAnalyzer.cpp' kaynak dosyas─▒ derleniyor)
      C:\ShadowStrike\ShadowStrike\src\Shared_modules\Core\Engine\BehaviorAnalyzer.cpp(373,37):
      sabit olmayan bir (alt) ifade ile kar┼ş─▒la┼ş─▒ld─▒
  
C:\ShadowStrike\ShadowStrike\src\Shared_modules\Core\Engine\BehaviorAnalyzer.cpp(374,37): error C2838: 'ProcessTerminated': ├╝ye bildiriminde ge├ğersiz tam ad [C:\ShadowStrike\ShadowStrike\ShadowStrike.vcxproj]
  ('/src/Shared_modules/Core/Engine/BehaviorAnalyzer.cpp' kaynak dosyas─▒ derleniyor)
  
C:\ShadowStrike\ShadowStrike\src\Shared_modules\Core\Engine\BehaviorAnalyzer.cpp(374,37): error C2065: 'ProcessTerminated': bildirimi yap─▒lmam─▒┼ş tan─▒mlay─▒c─▒ [C:\ShadowStrike\ShadowStrike\ShadowStrike.vcxproj]
  ('/src/Shared_modules/Core/Engine/BehaviorAnalyzer.cpp' kaynak dosyas─▒ derleniyor)
  
C:\ShadowStrike\ShadowStrike\src\Shared_modules\Core\Engine\BehaviorAnalyzer.cpp(374,37): error C2131: ifade sabit olarak de─şerlendirilmedi [C:\ShadowStrike\ShadowStrike\ShadowStrike.vcxproj]
  ('/src/Shared_modules/Core/Engine/BehaviorAnalyzer.cpp' kaynak dosyas─▒ derleniyor)
      C:\ShadowStrike\ShadowStrike\src\Shared_modules\Core\Engine\BehaviorAnalyzer.cpp(374,37):
      sabit olmayan bir (alt) ifade ile kar┼ş─▒la┼ş─▒ld─▒
  
C:\ShadowStrike\ShadowStrike\src\Shared_modules\Core\Engine\BehaviorAnalyzer.cpp(375,37): error C3861: 'AnalyzeProcessEvent': tan─▒mlay─▒c─▒ bulunamad─▒ [C:\ShadowStrike\ShadowStrike\ShadowStrike.vcxproj]
  ('/src/Shared_modules/Core/Engine/BehaviorAnalyzer.cpp' kaynak dosyas─▒ derleniyor)
  
C:\ShadowStrike\ShadowStrike\src\Shared_modules\Core\Engine\BehaviorAnalyzer.cpp(378,37): error C2838: 'ThreadCreated': ├╝ye bildiriminde ge├ğersiz tam ad [C:\ShadowStrike\ShadowStrike\ShadowStrike.vcxproj]
  ('/src/Shared_modules/Core/Engine/BehaviorAnalyzer.cpp' kaynak dosyas─▒ derleniyor)
  
C:\ShadowStrike\ShadowStrike\src\Shared_modules\Core\Engine\BehaviorAnalyzer.cpp(378,37): error C2065: 'ThreadCreated': bildirimi yap─▒lmam─▒┼ş tan─▒mlay─▒c─▒ [C:\ShadowStrike\ShadowStrike\ShadowStrike.vcxproj]
  ('/src/Shared_modules/Core/Engine/BehaviorAnalyzer.cpp' kaynak dosyas─▒ derleniyor)
  
C:\ShadowStrike\ShadowStrike\src\Shared_modules\Core\Engine\BehaviorAnalyzer.cpp(378,37): error C2131: ifade sabit olarak de─şerlendirilmedi [C:\ShadowStrike\ShadowStrike\ShadowStrike.vcxproj]
  ('/src/Shared_modules/Core/Engine/BehaviorAnalyzer.cpp' kaynak dosyas─▒ derleniyor)
      C:\ShadowStrike\ShadowStrike\src\Shared_modules\Core\Engine\BehaviorAnalyzer.cpp(378,37):
      sabit olmayan bir (alt) ifade ile kar┼ş─▒la┼ş─▒ld─▒
  
C:\ShadowStrike\ShadowStrike\src\Shared_modules\Core\FileSystem\DocumentScanner.cpp(822,13): error C2653: 'Logger': bir s─▒n─▒f veya ad alan─▒ ad─▒ de─şil [C:\ShadowStrike\ShadowStrike\ShadowStrike.vcxproj]
  ('/src/Shared_modules/Core/FileSystem/DocumentScanner.cpp' kaynak dosyas─▒ derleniyor)
  
C:\ShadowStrike\ShadowStrike\src\Shared_modules\Core\Engine\BehaviorAnalyzer.cpp(379,37): error C2838: 'RemoteThreadCreated': ├╝ye bildiriminde ge├ğersiz tam ad [C:\ShadowStrike\ShadowStrike\ShadowStrike.vcxproj]
  ('/src/Shared_modules/Core/Engine/BehaviorAnalyzer.cpp' kaynak dosyas─▒ derleniyor)
  
C:\ShadowStrike\ShadowStrike\src\Shared_modules\Core\FileSystem\DocumentScanner.cpp(822,21): error C3861: 'Error': tan─▒mlay─▒c─▒ bulunamad─▒ [C:\ShadowStrike\ShadowStrike\ShadowStrike.vcxproj]
  ('/src/Shared_modules/Core/FileSystem/DocumentScanner.cpp' kaynak dosyas─▒ derleniyor)
  
C:\ShadowStrike\ShadowStrike\src\Shared_modules\Core\Engine\BehaviorAnalyzer.cpp(379,37): error C2065: 'RemoteThreadCreated': bildirimi yap─▒lmam─▒┼ş tan─▒mlay─▒c─▒ [C:\ShadowStrike\ShadowStrike\ShadowStrike.vcxproj]
  ('/src/Shared_modules/Core/Engine/BehaviorAnalyzer.cpp' kaynak dosyas─▒ derleniyor)
  
  PerformanceOptimizer.cpp
  BloomFilter_impl.cpp
C:\ShadowStrike\ShadowStrike\src\Shared_modules\Core\Engine\BehaviorAnalyzer.cpp(379,37): error C2131: ifade sabit olarak de─şerlendirilmedi [C:\ShadowStrike\ShadowStrike\ShadowStrike.vcxproj]
  ('/src/Shared_modules/Core/Engine/BehaviorAnalyzer.cpp' kaynak dosyas─▒ derleniyor)
      C:\ShadowStrike\ShadowStrike\src\Shared_modules\Core\Engine\BehaviorAnalyzer.cpp(379,37):
      sabit olmayan bir (alt) ifade ile kar┼ş─▒la┼ş─▒ld─▒
  
C:\ShadowStrike\ShadowStrike\src\Shared_modules\Core\Engine\BehaviorAnalyzer.cpp(380,37): error C3861: 'AnalyzeThreadEvent': tan─▒mlay─▒c─▒ bulunamad─▒ [C:\ShadowStrike\ShadowStrike\ShadowStrike.vcxproj]
  ('/src/Shared_modules/Core/Engine/BehaviorAnalyzer.cpp' kaynak dosyas─▒ derleniyor)
  
C:\ShadowStrike\ShadowStrike\src\Shared_modules\Core\Engine\BehaviorAnalyzer.cpp(383,37): error C2838: 'MemoryAllocated': ├╝ye bildiriminde ge├ğersiz tam ad [C:\ShadowStrike\ShadowStrike\ShadowStrike.vcxproj]
  ('/src/Shared_modules/Core/Engine/BehaviorAnalyzer.cpp' kaynak dosyas─▒ derleniyor)
  
C:\ShadowStrike\ShadowStrike\src\Shared_modules\Core\Engine\BehaviorAnalyzer.cpp(383,37): error C2065: 'MemoryAllocated': bildirimi yap─▒lmam─▒┼ş tan─▒mlay─▒c─▒ [C:\ShadowStrike\ShadowStrike\ShadowStrike.vcxproj]
  ('/src/Shared_modules/Core/Engine/BehaviorAnalyzer.cpp' kaynak dosyas─▒ derleniyor)
  
C:\ShadowStrike\ShadowStrike\src\Shared_modules\Core\Engine\BehaviorAnalyzer.cpp(383,37): error C2131: ifade sabit olarak de─şerlendirilmedi [C:\ShadowStrike\ShadowStrike\ShadowStrike.vcxproj]
  ('/src/Shared_modules/Core/Engine/BehaviorAnalyzer.cpp' kaynak dosyas─▒ derleniyor)
      C:\ShadowStrike\ShadowStrike\src\Shared_modules\Core\Engine\BehaviorAnalyzer.cpp(383,37):
      sabit olmayan bir (alt) ifade ile kar┼ş─▒la┼ş─▒ld─▒
  
C:\ShadowStrike\ShadowStrike\src\Shared_modules\Core\Engine\BehaviorAnalyzer.cpp(384,37): error C2838: 'MemoryProtected': ├╝ye bildiriminde ge├ğersiz tam ad [C:\ShadowStrike\ShadowStrike\ShadowStrike.vcxproj]
  ('/src/Shared_modules/Core/Engine/BehaviorAnalyzer.cpp' kaynak dosyas─▒ derleniyor)
  
C:\ShadowStrike\ShadowStrike\src\Shared_modules\Core\Engine\BehaviorAnalyzer.cpp(384,37): error C2065: 'MemoryProtected': bildirimi yap─▒lmam─▒┼ş tan─▒mlay─▒c─▒ [C:\ShadowStrike\ShadowStrike\ShadowStrike.vcxproj]
  ('/src/Shared_modules/Core/Engine/BehaviorAnalyzer.cpp' kaynak dosyas─▒ derleniyor)
  
C:\ShadowStrike\ShadowStrike\src\Shared_modules\Core\Engine\BehaviorAnalyzer.cpp(384,37): error C2131: ifade sabit olarak de─şerlendirilmedi [C:\ShadowStrike\ShadowStrike\ShadowStrike.vcxproj]
  ('/src/Shared_modules/Core/Engine/BehaviorAnalyzer.cpp' kaynak dosyas─▒ derleniyor)
      C:\ShadowStrike\ShadowStrike\src\Shared_modules\Core\Engine\BehaviorAnalyzer.cpp(384,37):
      sabit olmayan bir (alt) ifade ile kar┼ş─▒la┼ş─▒ld─▒
  
C:\ShadowStrike\ShadowStrike\src\Shared_modules\Core\Engine\BehaviorAnalyzer.cpp(385,37): error C2838: 'MemoryWritten': ├╝ye bildiriminde ge├ğersiz tam ad [C:\ShadowStrike\ShadowStrike\ShadowStrike.vcxproj]
  ('/src/Shared_modules/Core/Engine/BehaviorAnalyzer.cpp' kaynak dosyas─▒ derleniyor)
  
C:\ShadowStrike\ShadowStrike\src\Shared_modules\Core\Engine\BehaviorAnalyzer.cpp(385,37): error C2065: 'MemoryWritten': bildirimi yap─▒lmam─▒┼ş tan─▒mlay─▒c─▒ [C:\ShadowStrike\ShadowStrike\ShadowStrike.vcxproj]
  ('/src/Shared_modules/Core/Engine/BehaviorAnalyzer.cpp' kaynak dosyas─▒ derleniyor)
  
C:\ShadowStrike\ShadowStrike\src\Shared_modules\Core\Engine\BehaviorAnalyzer.cpp(385,37): error C2131: ifade sabit olarak de─şerlendirilmedi [C:\ShadowStrike\ShadowStrike\ShadowStrike.vcxproj]
  ('/src/Shared_modules/Core/Engine/BehaviorAnalyzer.cpp' kaynak dosyas─▒ derleniyor)
      C:\ShadowStrike\ShadowStrike\src\Shared_modules\Core\Engine\BehaviorAnalyzer.cpp(385,37):
      sabit olmayan bir (alt) ifade ile kar┼ş─▒la┼ş─▒ld─▒
  
C:\ShadowStrike\ShadowStrike\src\Shared_modules\Core\Engine\BehaviorAnalyzer.cpp(386,37): error C3861: 'AnalyzeMemoryEvent': tan─▒mlay─▒c─▒ bulunamad─▒ [C:\ShadowStrike\ShadowStrike\ShadowStrike.vcxproj]
  ('/src/Shared_modules/Core/Engine/BehaviorAnalyzer.cpp' kaynak dosyas─▒ derleniyor)
  
C:\ShadowStrike\ShadowStrike\src\Shared_modules\Core\Engine\BehaviorAnalyzer.cpp(389,37): error C2838: 'NetworkConnection': ├╝ye bildiriminde ge├ğersiz tam ad [C:\ShadowStrike\ShadowStrike\ShadowStrike.vcxproj]
  ('/src/Shared_modules/Core/Engine/BehaviorAnalyzer.cpp' kaynak dosyas─▒ derleniyor)
  
  HashBucket_impl.cpp
C:\ShadowStrike\ShadowStrike\src\Shared_modules\Core\FileSystem\DocumentScanner.cpp(885,57): error C2653: 'StringUtils': bir s─▒n─▒f veya ad alan─▒ ad─▒ de─şil [C:\ShadowStrike\ShadowStrike\ShadowStrike.vcxproj]
  ('/src/Shared_modules/Core/FileSystem/DocumentScanner.cpp' kaynak dosyas─▒ derleniyor)
  
C:\ShadowStrike\ShadowStrike\src\Shared_modules\Core\Engine\BehaviorAnalyzer.cpp(389,37): error C1003: hata say─▒s─▒ 100 taneyi a┼şt─▒; derleme durduruluyor [C:\ShadowStrike\ShadowStrike\ShadowStrike.vcxproj]
  ('/src/Shared_modules/Core/Engine/BehaviorAnalyzer.cpp' kaynak dosyas─▒ derleniyor)
  
C:\ShadowStrike\ShadowStrike\src\Shared_modules\Core\FileSystem\DocumentScanner.cpp(885,70): error C3861: 'WideToUtf8': tan─▒mlay─▒c─▒ bulunamad─▒ [C:\ShadowStrike\ShadowStrike\ShadowStrike.vcxproj]
  ('/src/Shared_modules/Core/FileSystem/DocumentScanner.cpp' kaynak dosyas─▒ derleniyor)
  
C:\ShadowStrike\ShadowStrike\src\Shared_modules\Core\FileSystem\FileHasher.cpp(541,34): error C2039: 'ToNarrowString': bir 'ShadowStrike::Utils::StringUtils' ├╝yesi de─şil [C:\ShadowStrike\ShadowStrike\ShadowStrike.vcxproj]
  ('/src/Shared_modules/Core/FileSystem/FileHasher.cpp' kaynak dosyas─▒ derleniyor)
      C:\ShadowStrike\ShadowStrike\src\Shared_modules\Utils\StringUtils.hpp(63,19):
      'ShadowStrike::Utils::StringUtils' bildirimine bak─▒n
  
C:\ShadowStrike\ShadowStrike\src\Shared_modules\Core\FileSystem\DocumentScanner.cpp(900,13): error C2653: 'Logger': bir s─▒n─▒f veya ad alan─▒ ad─▒ de─şil [C:\ShadowStrike\ShadowStrike\ShadowStrike.vcxproj]
  ('/src/Shared_modules/Core/FileSystem/DocumentScanner.cpp' kaynak dosyas─▒ derleniyor)
  
C:\ShadowStrike\ShadowStrike\src\Shared_modules\Core\FileSystem\FileHasher.cpp(541,34): error C3861: 'ToNarrowString': tan─▒mlay─▒c─▒ bulunamad─▒ [C:\ShadowStrike\ShadowStrike\ShadowStrike.vcxproj]
  ('/src/Shared_modules/Core/FileSystem/FileHasher.cpp' kaynak dosyas─▒ derleniyor)
  
C:\ShadowStrike\ShadowStrike\src\Shared_modules\Core\FileSystem\DocumentScanner.cpp(900,21): error C3861: 'Error': tan─▒mlay─▒c─▒ bulunamad─▒ [C:\ShadowStrike\ShadowStrike\ShadowStrike.vcxproj]
  ('/src/Shared_modules/Core/FileSystem/DocumentScanner.cpp' kaynak dosyas─▒ derleniyor)
  
C:\ShadowStrike\ShadowStrike\src\Shared_modules\Core\FileSystem\DocumentScanner.cpp(931,13): error C2653: 'Logger': bir s─▒n─▒f veya ad alan─▒ ad─▒ de─şil [C:\ShadowStrike\ShadowStrike\ShadowStrike.vcxproj]
  ('/src/Shared_modules/Core/FileSystem/DocumentScanner.cpp' kaynak dosyas─▒ derleniyor)
  
C:\ShadowStrike\ShadowStrike\src\Shared_modules\Core\FileSystem\FileHasher.cpp(540,25): error C2660: 'ShadowStrike::Utils::Logger::Debug': i┼şlev 2 ba─ş─▒ms─▒z de─şi┼şken alm─▒yor [C:\ShadowStrike\ShadowStrike\ShadowStrike.vcxproj]
  ('/src/Shared_modules/Core/FileSystem/FileHasher.cpp' kaynak dosyas─▒ derleniyor)
      C:\ShadowStrike\ShadowStrike\src\Shared_modules\Utils\Logger.hpp(266,16):
      'ShadowStrike::Utils::Logger::Debug' bildirimine bak─▒n
      C:\ShadowStrike\ShadowStrike\src\Shared_modules\Utils\Logger.hpp(286,16):
      'void ShadowStrike::Utils::Logger::Debug(std::basic_format_string<char,type_identity<_Args>::type...>,Args ...)' olabilirdi
          C:\ShadowStrike\ShadowStrike\src\Shared_modules\Core\FileSystem\FileHasher.cpp(540,25):
          'void ShadowStrike::Utils::Logger::Debug(std::basic_format_string<char,type_identity<_Args>::type...>,Args ...)' i┼şlev ┼şablonu ├Âzelle┼ştirilemedi
              C:\ShadowStrike\ShadowStrike\src\Shared_modules\Core\FileSystem\FileHasher.cpp(540,25):
              ┼Şu ┼şablon ba─ş─▒ms─▒z de─şi┼şkenleriyle:
                  C:\ShadowStrike\ShadowStrike\src\Shared_modules\Core\FileSystem\FileHasher.cpp(540,25):
                  'Args={<error type>}'
      C:\ShadowStrike\ShadowStrike\src\Shared_modules\Core\FileSystem\FileHasher.cpp(540,25):
      '(const char [37], <error type>)' ba─ş─▒ms─▒z de─şi┼şken listesi e┼şlenmeye ├ğal─▒┼ş─▒l─▒rken
  
C:\ShadowStrike\ShadowStrike\src\Shared_modules\Core\FileSystem\DocumentScanner.cpp(931,21): error C3861: 'Error': tan─▒mlay─▒c─▒ bulunamad─▒ [C:\ShadowStrike\ShadowStrike\ShadowStrike.vcxproj]
  ('/src/Shared_modules/Core/FileSystem/DocumentScanner.cpp' kaynak dosyas─▒ derleniyor)
  
C:\ShadowStrike\ShadowStrike\src\Shared_modules\Core\FileSystem\FileHasher.cpp(569,26): error C2039: 'ToNarrowString': bir 'ShadowStrike::Utils::StringUtils' ├╝yesi de─şil [C:\ShadowStrike\ShadowStrike\ShadowStrike.vcxproj]
  ('/src/Shared_modules/Core/FileSystem/FileHasher.cpp' kaynak dosyas─▒ derleniyor)
      C:\ShadowStrike\ShadowStrike\src\Shared_modules\Utils\StringUtils.hpp(63,19):
      'ShadowStrike::Utils::StringUtils' bildirimine bak─▒n
  
C:\ShadowStrike\ShadowStrike\src\Shared_modules\Core\FileSystem\FileHasher.cpp(569,26): error C3861: 'ToNarrowString': tan─▒mlay─▒c─▒ bulunamad─▒ [C:\ShadowStrike\ShadowStrike\ShadowStrike.vcxproj]
  ('/src/Shared_modules/Core/FileSystem/FileHasher.cpp' kaynak dosyas─▒ derleniyor)
  
C:\ShadowStrike\ShadowStrike\src\Shared_modules\Core\FileSystem\DocumentScanner.cpp(985,13): error C2653: 'Logger': bir s─▒n─▒f veya ad alan─▒ ad─▒ de─şil [C:\ShadowStrike\ShadowStrike\ShadowStrike.vcxproj]
  ('/src/Shared_modules/Core/FileSystem/DocumentScanner.cpp' kaynak dosyas─▒ derleniyor)
  
C:\ShadowStrike\ShadowStrike\src\Shared_modules\Core\FileSystem\DocumentScanner.cpp(985,21): error C3861: 'Error': tan─▒mlay─▒c─▒ bulunamad─▒ [C:\ShadowStrike\ShadowStrike\ShadowStrike.vcxproj]
  HashStore.cpp
  ('/src/Shared_modules/Core/FileSystem/DocumentScanner.cpp' kaynak dosyas─▒ derleniyor)
  
C:\ShadowStrike\ShadowStrike\src\Shared_modules\Core\FileSystem\FileHasher.cpp(568,17): error C2660: 'ShadowStrike::Utils::Logger::Debug': i┼şlev 3 ba─ş─▒ms─▒z de─şi┼şken alm─▒yor [C:\ShadowStrike\ShadowStrike\ShadowStrike.vcxproj]
  ('/src/Shared_modules/Core/FileSystem/FileHasher.cpp' kaynak dosyas─▒ derleniyor)
      C:\ShadowStrike\ShadowStrike\src\Shared_modules\Utils\Logger.hpp(266,16):
      'ShadowStrike::Utils::Logger::Debug' bildirimine bak─▒n
      C:\ShadowStrike\ShadowStrike\src\Shared_modules\Utils\Logger.hpp(286,16):
      'void ShadowStrike::Utils::Logger::Debug(std::basic_format_string<char,type_identity<_Args>::type...>,Args ...)' olabilirdi
          C:\ShadowStrike\ShadowStrike\src\Shared_modules\Core\FileSystem\FileHasher.cpp(568,17):
          'void ShadowStrike::Utils::Logger::Debug(std::basic_format_string<char,type_identity<_Args>::type...>,Args ...)' i┼şlev ┼şablonu ├Âzelle┼ştirilemedi
              C:\ShadowStrike\ShadowStrike\src\Shared_modules\Core\FileSystem\FileHasher.cpp(568,17):
              ┼Şu ┼şablon ba─ş─▒ms─▒z de─şi┼şkenleriyle:
                  C:\ShadowStrike\ShadowStrike\src\Shared_modules\Core\FileSystem\FileHasher.cpp(568,17):
                  'Args={<error type>, unsigned __int64}'
      C:\ShadowStrike\ShadowStrike\src\Shared_modules\Core\FileSystem\FileHasher.cpp(568,17):
      '(const char [42], <error type>, unsigned __int64)' ba─ş─▒ms─▒z de─şi┼şken listesi e┼şlenmeye ├ğal─▒┼ş─▒l─▒rken
  
C:\ShadowStrike\ShadowStrike\src\Shared_modules\Core\FileSystem\DocumentScanner.cpp(1026,13): error C2653: 'Logger': bir s─▒n─▒f veya ad alan─▒ ad─▒ de─şil [C:\ShadowStrike\ShadowStrike\ShadowStrike.vcxproj]
  ('/src/Shared_modules/Core/FileSystem/DocumentScanner.cpp' kaynak dosyas─▒ derleniyor)
  
C:\ShadowStrike\ShadowStrike\src\Shared_modules\Core\FileSystem\DocumentScanner.cpp(1026,21): error C3861: 'Error': tan─▒mlay─▒c─▒ bulunamad─▒ [C:\ShadowStrike\ShadowStrike\ShadowStrike.vcxproj]
  ('/src/Shared_modules/Core/FileSystem/DocumentScanner.cpp' kaynak dosyas─▒ derleniyor)
  
C:\ShadowStrike\ShadowStrike\src\Shared_modules\Core\FileSystem\FileHasher.cpp(600,38): error C2039: 'ToNarrowString': bir 'ShadowStrike::Utils::StringUtils' ├╝yesi de─şil [C:\ShadowStrike\ShadowStrike\ShadowStrike.vcxproj]
  ('/src/Shared_modules/Core/FileSystem/FileHasher.cpp' kaynak dosyas─▒ derleniyor)
      C:\ShadowStrike\ShadowStrike\src\Shared_modules\Utils\StringUtils.hpp(63,19):
      'ShadowStrike::Utils::StringUtils' bildirimine bak─▒n
  
C:\ShadowStrike\ShadowStrike\src\Shared_modules\Core\FileSystem\FileHasher.cpp(600,38): error C3861: 'ToNarrowString': tan─▒mlay─▒c─▒ bulunamad─▒ [C:\ShadowStrike\ShadowStrike\ShadowStrike.vcxproj]
  ('/src/Shared_modules/Core/FileSystem/FileHasher.cpp' kaynak dosyas─▒ derleniyor)
  
C:\ShadowStrike\ShadowStrike\src\Shared_modules\Core\FileSystem\FileHasher.cpp(599,29): error C2660: 'ShadowStrike::Utils::Logger::Debug': i┼şlev 2 ba─ş─▒ms─▒z de─şi┼şken alm─▒yor [C:\ShadowStrike\ShadowStrike\ShadowStrike.vcxproj]
  ('/src/Shared_modules/Core/FileSystem/FileHasher.cpp' kaynak dosyas─▒ derleniyor)
      C:\ShadowStrike\ShadowStrike\src\Shared_modules\Utils\Logger.hpp(266,16):
      'ShadowStrike::Utils::Logger::Debug' bildirimine bak─▒n
      C:\ShadowStrike\ShadowStrike\src\Shared_modules\Utils\Logger.hpp(286,16):
      'void ShadowStrike::Utils::Logger::Debug(std::basic_format_string<char,type_identity<_Args>::type...>,Args ...)' olabilirdi
          C:\ShadowStrike\ShadowStrike\src\Shared_modules\Core\FileSystem\FileHasher.cpp(599,29):
          'void ShadowStrike::Utils::Logger::Debug(std::basic_format_string<char,type_identity<_Args>::type...>,Args ...)' i┼şlev ┼şablonu ├Âzelle┼ştirilemedi
              C:\ShadowStrike\ShadowStrike\src\Shared_modules\Core\FileSystem\FileHasher.cpp(599,29):
              ┼Şu ┼şablon ba─ş─▒ms─▒z de─şi┼şkenleriyle:
                  C:\ShadowStrike\ShadowStrike\src\Shared_modules\Core\FileSystem\FileHasher.cpp(599,29):
                  'Args={<error type>}'
      C:\ShadowStrike\ShadowStrike\src\Shared_modules\Core\FileSystem\FileHasher.cpp(599,29):
      '(const char [29], <error type>)' ba─ş─▒ms─▒z de─şi┼şken listesi e┼şlenmeye ├ğal─▒┼ş─▒l─▒rken
  
C:\ShadowStrike\ShadowStrike\src\Shared_modules\Core\FileSystem\DocumentScanner.cpp(1050,13): error C2653: 'Logger': bir s─▒n─▒f veya ad alan─▒ ad─▒ de─şil [C:\ShadowStrike\ShadowStrike\ShadowStrike.vcxproj]
  ('/src/Shared_modules/Core/FileSystem/DocumentScanner.cpp' kaynak dosyas─▒ derleniyor)
  
C:\ShadowStrike\ShadowStrike\src\Shared_modules\Core\FileSystem\DocumentScanner.cpp(1050,21): error C3861: 'Error': tan─▒mlay─▒c─▒ bulunamad─▒ [C:\ShadowStrike\ShadowStrike\ShadowStrike.vcxproj]
  ('/src/Shared_modules/Core/FileSystem/DocumentScanner.cpp' kaynak dosyas─▒ derleniyor)
  
C:\ShadowStrike\ShadowStrike\src\Shared_modules\Core\FileSystem\FileHasher.cpp(612,34): error C2039: 'ToNarrowString': bir 'ShadowStrike::Utils::StringUtils' ├╝yesi de─şil [C:\ShadowStrike\ShadowStrike\ShadowStrike.vcxproj]
  ('/src/Shared_modules/Core/FileSystem/FileHasher.cpp' kaynak dosyas─▒ derleniyor)
      C:\ShadowStrike\ShadowStrike\src\Shared_modules\Utils\StringUtils.hpp(63,19):
      'ShadowStrike::Utils::StringUtils' bildirimine bak─▒n
  
C:\ShadowStrike\ShadowStrike\src\Shared_modules\Core\FileSystem\FileHasher.cpp(612,34): error C3861: 'ToNarrowString': tan─▒mlay─▒c─▒ bulunamad─▒ [C:\ShadowStrike\ShadowStrike\ShadowStrike.vcxproj]
  ('/src/Shared_modules/Core/FileSystem/FileHasher.cpp' kaynak dosyas─▒ derleniyor)
  
C:\ShadowStrike\ShadowStrike\src\Shared_modules\Core\FileSystem\DocumentScanner.cpp(1080,13): error C2653: 'Logger': bir s─▒n─▒f veya ad alan─▒ ad─▒ de─şil [C:\ShadowStrike\ShadowStrike\ShadowStrike.vcxproj]
  ('/src/Shared_modules/Core/FileSystem/DocumentScanner.cpp' kaynak dosyas─▒ derleniyor)
  
  HashStore_import_export.cpp
C:\ShadowStrike\ShadowStrike\src\Shared_modules\Core\FileSystem\FileHasher.cpp(611,25): error C2660: 'ShadowStrike::Utils::Logger::Error': i┼şlev 2 ba─ş─▒ms─▒z de─şi┼şken alm─▒yor [C:\ShadowStrike\ShadowStrike\ShadowStrike.vcxproj]
  ('/src/Shared_modules/Core/FileSystem/FileHasher.cpp' kaynak dosyas─▒ derleniyor)
      C:\ShadowStrike\ShadowStrike\src\Shared_modules\Utils\Logger.hpp(263,16):
      'ShadowStrike::Utils::Logger::Error' bildirimine bak─▒n
      C:\ShadowStrike\ShadowStrike\src\Shared_modules\Utils\Logger.hpp(274,16):
      'void ShadowStrike::Utils::Logger::Error(std::basic_format_string<char,type_identity<_Args>::type...>,Args ...)' olabilirdi
          C:\ShadowStrike\ShadowStrike\src\Shared_modules\Core\FileSystem\FileHasher.cpp(611,25):
          'void ShadowStrike::Utils::Logger::Error(std::basic_format_string<char,type_identity<_Args>::type...>,Args ...)' i┼şlev ┼şablonu ├Âzelle┼ştirilemedi
              C:\ShadowStrike\ShadowStrike\src\Shared_modules\Core\FileSystem\FileHasher.cpp(611,25):
              ┼Şu ┼şablon ba─ş─▒ms─▒z de─şi┼şkenleriyle:
                  C:\ShadowStrike\ShadowStrike\src\Shared_modules\Core\FileSystem\FileHasher.cpp(611,25):
                  'Args={<error type>}'
      C:\ShadowStrike\ShadowStrike\src\Shared_modules\Core\FileSystem\FileHasher.cpp(611,25):
      '(const char [31], <error type>)' ba─ş─▒ms─▒z de─şi┼şken listesi e┼şlenmeye ├ğal─▒┼ş─▒l─▒rken
  
C:\ShadowStrike\ShadowStrike\src\Shared_modules\Core\FileSystem\DocumentScanner.cpp(1080,21): error C3861: 'Error': tan─▒mlay─▒c─▒ bulunamad─▒ [C:\ShadowStrike\ShadowStrike\ShadowStrike.vcxproj]
  ('/src/Shared_modules/Core/FileSystem/DocumentScanner.cpp' kaynak dosyas─▒ derleniyor)
  
C:\ShadowStrike\ShadowStrike\src\Shared_modules\Core\FileSystem\DocumentScanner.cpp(1094,13): error C2653: 'Logger': bir s─▒n─▒f veya ad alan─▒ ad─▒ de─şil [C:\ShadowStrike\ShadowStrike\ShadowStrike.vcxproj]
  ('/src/Shared_modules/Core/FileSystem/DocumentScanner.cpp' kaynak dosyas─▒ derleniyor)
  
C:\ShadowStrike\ShadowStrike\src\Shared_modules\Core\FileSystem\DocumentScanner.cpp(1095,17): error C2653: 'StringUtils': bir s─▒n─▒f veya ad alan─▒ ad─▒ de─şil [C:\ShadowStrike\ShadowStrike\ShadowStrike.vcxproj]
  ('/src/Shared_modules/Core/FileSystem/DocumentScanner.cpp' kaynak dosyas─▒ derleniyor)
  
C:\ShadowStrike\ShadowStrike\src\Shared_modules\Core\FileSystem\DocumentScanner.cpp(1095,30): error C3861: 'WideToUtf8': tan─▒mlay─▒c─▒ bulunamad─▒ [C:\ShadowStrike\ShadowStrike\ShadowStrike.vcxproj]
  ('/src/Shared_modules/Core/FileSystem/DocumentScanner.cpp' kaynak dosyas─▒ derleniyor)
  
C:\ShadowStrike\ShadowStrike\src\Shared_modules\Core\FileSystem\DocumentScanner.cpp(1094,21): error C3861: 'Info': tan─▒mlay─▒c─▒ bulunamad─▒ [C:\ShadowStrike\ShadowStrike\ShadowStrike.vcxproj]
  ('/src/Shared_modules/Core/FileSystem/DocumentScanner.cpp' kaynak dosyas─▒ derleniyor)
  
C:\ShadowStrike\ShadowStrike\src\Shared_modules\Core\FileSystem\DocumentScanner.cpp(1098,13): error C2653: 'Logger': bir s─▒n─▒f veya ad alan─▒ ad─▒ de─şil [C:\ShadowStrike\ShadowStrike\ShadowStrike.vcxproj]
  ('/src/Shared_modules/Core/FileSystem/DocumentScanner.cpp' kaynak dosyas─▒ derleniyor)
  
C:\ShadowStrike\ShadowStrike\src\Shared_modules\Core\FileSystem\DocumentScanner.cpp(1098,21): error C3861: 'Error': tan─▒mlay─▒c─▒ bulunamad─▒ [C:\ShadowStrike\ShadowStrike\ShadowStrike.vcxproj]
  ('/src/Shared_modules/Core/FileSystem/DocumentScanner.cpp' kaynak dosyas─▒ derleniyor)
  
C:\ShadowStrike\ShadowStrike\src\Shared_modules\Core\FileSystem\DocumentScanner.cpp(1184,13): error C2653: 'Logger': bir s─▒n─▒f veya ad alan─▒ ad─▒ de─şil [C:\ShadowStrike\ShadowStrike\ShadowStrike.vcxproj]
  ('/src/Shared_modules/Core/FileSystem/DocumentScanner.cpp' kaynak dosyas─▒ derleniyor)
  
C:\ShadowStrike\ShadowStrike\src\Shared_modules\Core\FileSystem\DocumentScanner.cpp(1184,21): error C3861: 'Error': tan─▒mlay─▒c─▒ bulunamad─▒ [C:\ShadowStrike\ShadowStrike\ShadowStrike.vcxproj]
  ('/src/Shared_modules/Core/FileSystem/DocumentScanner.cpp' kaynak dosyas─▒ derleniyor)
  
C:\ShadowStrike\ShadowStrike\src\Shared_modules\Core\FileSystem\DocumentScanner.cpp(1211,13): error C2653: 'Logger': bir s─▒n─▒f veya ad alan─▒ ad─▒ de─şil [C:\ShadowStrike\ShadowStrike\ShadowStrike.vcxproj]
  ('/src/Shared_modules/Core/FileSystem/DocumentScanner.cpp' kaynak dosyas─▒ derleniyor)
  
C:\ShadowStrike\ShadowStrike\src\Shared_modules\Core\FileSystem\DocumentScanner.cpp(1211,21): error C3861: 'Error': tan─▒mlay─▒c─▒ bulunamad─▒ [C:\ShadowStrike\ShadowStrike\ShadowStrike.vcxproj]
  ('/src/Shared_modules/Core/FileSystem/DocumentScanner.cpp' kaynak dosyas─▒ derleniyor)
  
C:\ShadowStrike\ShadowStrike\src\Shared_modules\Core\FileSystem\DocumentScanner.cpp(1242,13): error C2653: 'Logger': bir s─▒n─▒f veya ad alan─▒ ad─▒ de─şil [C:\ShadowStrike\ShadowStrike\ShadowStrike.vcxproj]
  ('/src/Shared_modules/Core/FileSystem/DocumentScanner.cpp' kaynak dosyas─▒ derleniyor)
  
C:\ShadowStrike\ShadowStrike\src\Shared_modules\Core\FileSystem\DocumentScanner.cpp(1242,21): error C3861: 'Error': tan─▒mlay─▒c─▒ bulunamad─▒ [C:\ShadowStrike\ShadowStrike\ShadowStrike.vcxproj]
  ('/src/Shared_modules/Core/FileSystem/DocumentScanner.cpp' kaynak dosyas─▒ derleniyor)
  
C:\ShadowStrike\ShadowStrike\src\Shared_modules\Core\FileSystem\DocumentScanner.cpp(1273,13): error C2653: 'Logger': bir s─▒n─▒f veya ad alan─▒ ad─▒ de─şil [C:\ShadowStrike\ShadowStrike\ShadowStrike.vcxproj]
  HashStore_mgnmnt.cpp
  ('/src/Shared_modules/Core/FileSystem/DocumentScanner.cpp' kaynak dosyas─▒ derleniyor)
  
  HashStore_query_operations.cpp
C:\ShadowStrike\ShadowStrike\src\Shared_modules\Core\FileSystem\DocumentScanner.cpp(1273,21): error C3861: 'Error': tan─▒mlay─▒c─▒ bulunamad─▒ [C:\ShadowStrike\ShadowStrike\ShadowStrike.vcxproj]
  ('/src/Shared_modules/Core/FileSystem/DocumentScanner.cpp' kaynak dosyas─▒ derleniyor)
  
C:\ShadowStrike\ShadowStrike\src\Shared_modules\Core\FileSystem\DocumentScanner.cpp(1286,13): error C2653: 'Logger': bir s─▒n─▒f veya ad alan─▒ ad─▒ de─şil [C:\ShadowStrike\ShadowStrike\ShadowStrike.vcxproj]
  ('/src/Shared_modules/Core/FileSystem/DocumentScanner.cpp' kaynak dosyas─▒ derleniyor)
  
C:\ShadowStrike\ShadowStrike\src\Shared_modules\Core\FileSystem\DocumentScanner.cpp(1286,21): error C3861: 'Error': tan─▒mlay─▒c─▒ bulunamad─▒ [C:\ShadowStrike\ShadowStrike\ShadowStrike.vcxproj]
  ('/src/Shared_modules/Core/FileSystem/DocumentScanner.cpp' kaynak dosyas─▒ derleniyor)
  
C:\ShadowStrike\ShadowStrike\src\Shared_modules\Core\FileSystem\DocumentScanner.cpp(1286,21): error C1003: hata say─▒s─▒ 100 taneyi a┼şt─▒; derleme durduruluyor [C:\ShadowStrike\ShadowStrike\ShadowStrike.vcxproj]
  ('/src/Shared_modules/Core/FileSystem/DocumentScanner.cpp' kaynak dosyas─▒ derleniyor)
  
C:\ShadowStrike\ShadowStrike\src\Shared_modules\Core\FileSystem\MountPointMonitor.hpp(236,20): warning C4359: 'ShadowStrike::Core::FileSystem::MountEventInfo': Hizalama belirleyici as─▒l hizalamadan (128) daha az oldu─şundan g├Âz ard─▒ edilecek. [C:\ShadowStrike\ShadowStrike\ShadowStrike.vcxproj]
  ('/src/Shared_modules/Core/FileSystem/MountPointMonitor.cpp' kaynak dosyas─▒ derleniyor)
  
C:\ShadowStrike\ShadowStrike\src\Shared_modules\Core\FileSystem\FileHasher.cpp(623,30): error C2039: 'ToNarrowString': bir 'ShadowStrike::Utils::StringUtils' ├╝yesi de─şil [C:\ShadowStrike\ShadowStrike\ShadowStrike.vcxproj]
  ('/src/Shared_modules/Core/FileSystem/FileHasher.cpp' kaynak dosyas─▒ derleniyor)
      C:\ShadowStrike\ShadowStrike\src\Shared_modules\Utils\StringUtils.hpp(63,19):
      'ShadowStrike::Utils::StringUtils' bildirimine bak─▒n
  
C:\ShadowStrike\ShadowStrike\src\Shared_modules\Core\FileSystem\FileHasher.cpp(623,30): error C3861: 'ToNarrowString': tan─▒mlay─▒c─▒ bulunamad─▒ [C:\ShadowStrike\ShadowStrike\ShadowStrike.vcxproj]
  ('/src/Shared_modules/Core/FileSystem/FileHasher.cpp' kaynak dosyas─▒ derleniyor)
  
C:\ShadowStrike\ShadowStrike\src\Shared_modules\Core\FileSystem\FileHasher.cpp(622,21): error C2660: 'ShadowStrike::Utils::Logger::Info': i┼şlev 3 ba─ş─▒ms─▒z de─şi┼şken alm─▒yor [C:\ShadowStrike\ShadowStrike\ShadowStrike.vcxproj]
  ('/src/Shared_modules/Core/FileSystem/FileHasher.cpp' kaynak dosyas─▒ derleniyor)
      C:\ShadowStrike\ShadowStrike\src\Shared_modules\Utils\Logger.hpp(265,16):
      'ShadowStrike::Utils::Logger::Info' bildirimine bak─▒n
      C:\ShadowStrike\ShadowStrike\src\Shared_modules\Utils\Logger.hpp(282,16):
      'void ShadowStrike::Utils::Logger::Info(std::basic_format_string<char,type_identity<_Args>::type...>,Args ...)' olabilirdi
          C:\ShadowStrike\ShadowStrike\src\Shared_modules\Core\FileSystem\FileHasher.cpp(622,21):
          'void ShadowStrike::Utils::Logger::Info(std::basic_format_string<char,type_identity<_Args>::type...>,Args ...)' i┼şlev ┼şablonu ├Âzelle┼ştirilemedi
              C:\ShadowStrike\ShadowStrike\src\Shared_modules\Core\FileSystem\FileHasher.cpp(622,21):
              ┼Şu ┼şablon ba─ş─▒ms─▒z de─şi┼şkenleriyle:
                  C:\ShadowStrike\ShadowStrike\src\Shared_modules\Core\FileSystem\FileHasher.cpp(622,21):
                  'Args={<error type>, uint64_t &}'
      C:\ShadowStrike\ShadowStrike\src\Shared_modules\Core\FileSystem\FileHasher.cpp(622,21):
      '(const char [47], <error type>, uint64_t)' ba─ş─▒ms─▒z de─şi┼şken listesi e┼şlenmeye ├ğal─▒┼ş─▒l─▒rken
  
C:\ShadowStrike\ShadowStrike\src\Shared_modules\Core\FileSystem\FileHasher.cpp(627,57): error C2039: 'largeFileThreshold': bir 'ShadowStrike::Core::FileSystem::FileHasherConfig' ├╝yesi de─şil [C:\ShadowStrike\ShadowStrike\ShadowStrike.vcxproj]
  ('/src/Shared_modules/Core/FileSystem/FileHasher.cpp' kaynak dosyas─▒ derleniyor)
      C:\ShadowStrike\ShadowStrike\src\Shared_modules\Core\FileSystem\FileHasher.hpp(312,20):
      'ShadowStrike::Core::FileSystem::FileHasherConfig' bildirimine bak─▒n
  
C:\ShadowStrike\ShadowStrike\src\Shared_modules\Core\FileSystem\FileHasher.cpp(630,25): error C2039: 'memoryMappedFiles': bir 'ShadowStrike::Core::FileSystem::FileHasherStatistics' ├╝yesi de─şil [C:\ShadowStrike\ShadowStrike\ShadowStrike.vcxproj]
  ('/src/Shared_modules/Core/FileSystem/FileHasher.cpp' kaynak dosyas─▒ derleniyor)
      C:\ShadowStrike\ShadowStrike\src\Shared_modules\Core\FileSystem\FileHasher.hpp(337,21):
      'ShadowStrike::Core::FileSystem::FileHasherStatistics' bildirimine bak─▒n
  
C:\ShadowStrike\ShadowStrike\src\Shared_modules\Core\FileSystem\FileHasher.cpp(630,25): error C1003: hata say─▒s─▒ 100 taneyi a┼şt─▒; derleme durduruluyor [C:\ShadowStrike\ShadowStrike\ShadowStrike.vcxproj]
  ('/src/Shared_modules/Core/FileSystem/FileHasher.cpp' kaynak dosyas─▒ derleniyor)
  
C:\ShadowStrike\ShadowStrike\src\Shared_modules\Core\FileSystem\FileWatcher.cpp(336,13): error C2653: 'Logger': bir s─▒n─▒f veya ad alan─▒ ad─▒ de─şil [C:\ShadowStrike\ShadowStrike\ShadowStrike.vcxproj]
  ('/src/Shared_modules/Core/FileSystem/FileWatcher.cpp' kaynak dosyas─▒ derleniyor)
  
C:\ShadowStrike\ShadowStrike\src\Shared_modules\Core\FileSystem\FileWatcher.cpp(336,21): error C3861: 'Warn': tan─▒mlay─▒c─▒ bulunamad─▒ [C:\ShadowStrike\ShadowStrike\ShadowStrike.vcxproj]
  ('/src/Shared_modules/Core/FileSystem/FileWatcher.cpp' kaynak dosyas─▒ derleniyor)
  
C:\ShadowStrike\ShadowStrike\src\Shared_modules\Core\FileSystem\FileWatcher.cpp(391,53): error C2719: 'event': istenen 128 hizalanmas─▒na sahip bi├ğimsel parametre hizalanmayacak [C:\ShadowStrike\ShadowStrike\ShadowStrike.vcxproj]
  ('/src/Shared_modules/Core/FileSystem/FileWatcher.cpp' kaynak dosyas─▒ derleniyor)
  
C:\ShadowStrike\ShadowStrike\src\Shared_modules\Core\Engine\BehaviorAnalyzer.hpp(1465,8): error C2011: 'ShadowStrike::Core::Engine::AttackChain': 'struct' t├╝r├╝ yeniden tan─▒m─▒ [C:\ShadowStrike\ShadowStrike\ShadowStrike.vcxproj]
  ('/src/Shared_modules/Core/Engine/ThreatDetector.cpp' kaynak dosyas─▒ derleniyor)
      C:\ShadowStrike\ShadowStrike\src\Shared_modules\Core\Engine\ThreatDetector.hpp(1218,8):
      'ShadowStrike::Core::Engine::AttackChain' bildirimine bak─▒n
  
C:\ShadowStrike\ShadowStrike\src\Shared_modules\Core\FileSystem\MountPointMonitor.cpp(179,10): error C2039: 'unordered_set': bir 'std' ├╝yesi de─şil [C:\ShadowStrike\ShadowStrike\ShadowStrike.vcxproj]
  ('/src/Shared_modules/Core/FileSystem/MountPointMonitor.cpp' kaynak dosyas─▒ derleniyor)
      C:\Program Files\Microsoft Visual Studio\2022\Community\VC\Tools\MSVC\14.44.35207\include\deque(23,1):
      'std' bildirimine bak─▒n
  
C:\ShadowStrike\ShadowStrike\src\Shared_modules\Core\FileSystem\MountPointMonitor.cpp(179,10): error C7568: kabul edilen 'unordered_set' i┼şlev ┼şablonundan sonra ba─ş─▒ms─▒z de─şi┼şken listesi eksik [C:\ShadowStrike\ShadowStrike\ShadowStrike.vcxproj]
  ('/src/Shared_modules/Core/FileSystem/MountPointMonitor.cpp' kaynak dosyas─▒ derleniyor)
  
C:\ShadowStrike\ShadowStrike\src\Shared_modules\Core\FileSystem\MountPointMonitor.cpp(179,10): error C2062: '<error type>' t├╝r├╝ beklenmiyor [C:\ShadowStrike\ShadowStrike\ShadowStrike.vcxproj]
  ('/src/Shared_modules/Core/FileSystem/MountPointMonitor.cpp' kaynak dosyas─▒ derleniyor)
  
C:\ShadowStrike\ShadowStrike\src\Shared_modules\Core\FileSystem\MountPointMonitor.cpp(179,58): error C2238: ';' ├Âncesinde beklenmeyen belirte├ğler [C:\ShadowStrike\ShadowStrike\ShadowStrike.vcxproj]
  ('/src/Shared_modules/Core/FileSystem/MountPointMonitor.cpp' kaynak dosyas─▒ derleniyor)
  
C:\ShadowStrike\ShadowStrike\src\Shared_modules\Core\FileSystem\MountPointMonitor.cpp(315,65): error C2039: 'Utf8ToWide': bir 'ShadowStrike::Utils::StringUtils' ├╝yesi de─şil [C:\ShadowStrike\ShadowStrike\ShadowStrike.vcxproj]
  ('/src/Shared_modules/Core/FileSystem/MountPointMonitor.cpp' kaynak dosyas─▒ derleniyor)
      C:\ShadowStrike\ShadowStrike\src\Shared_modules\Utils\StringUtils.hpp(63,19):
      'ShadowStrike::Utils::StringUtils' bildirimine bak─▒n
  
C:\ShadowStrike\ShadowStrike\src\Shared_modules\Core\FileSystem\MountPointMonitor.cpp(315,65): error C3861: 'Utf8ToWide': tan─▒mlay─▒c─▒ bulunamad─▒ [C:\ShadowStrike\ShadowStrike\ShadowStrike.vcxproj]
  ('/src/Shared_modules/Core/FileSystem/MountPointMonitor.cpp' kaynak dosyas─▒ derleniyor)
  
C:\ShadowStrike\ShadowStrike\src\Shared_modules\Core\FileSystem\MountPointMonitor.cpp(314,28): error C2660: 'ShadowStrike::Utils::Logger::Error': i┼şlev 3 ba─ş─▒ms─▒z de─şi┼şken alm─▒yor [C:\ShadowStrike\ShadowStrike\ShadowStrike.vcxproj]
  ('/src/Shared_modules/Core/FileSystem/MountPointMonitor.cpp' kaynak dosyas─▒ derleniyor)
      C:\ShadowStrike\ShadowStrike\src\Shared_modules\Utils\Logger.hpp(263,16):
      'ShadowStrike::Utils::Logger::Error' bildirimine bak─▒n
      C:\ShadowStrike\ShadowStrike\src\Shared_modules\Utils\Logger.hpp(274,16):
      'void ShadowStrike::Utils::Logger::Error(std::basic_format_string<char,type_identity<_Args>::type...>,Args ...)' olabilirdi
          C:\ShadowStrike\ShadowStrike\src\Shared_modules\Core\FileSystem\MountPointMonitor.cpp(314,28):
          'void ShadowStrike::Utils::Logger::Error(std::basic_format_string<char,type_identity<_Args>::type...>,Args ...)' i┼şlev ┼şablonu ├Âzelle┼ştirilemedi
              C:\ShadowStrike\ShadowStrike\src\Shared_modules\Core\FileSystem\MountPointMonitor.cpp(314,28):
              ┼Şu ┼şablon ba─ş─▒ms─▒z de─şi┼şkenleriyle:
                  C:\ShadowStrike\ShadowStrike\src\Shared_modules\Core\FileSystem\MountPointMonitor.cpp(314,28):
                  'Args={wchar_t &, <error type>}'
      C:\ShadowStrike\ShadowStrike\src\Shared_modules\Core\FileSystem\MountPointMonitor.cpp(314,28):
      '(const wchar_t [57], wchar_t, <error type>)' ba─ş─▒ms─▒z de─şi┼şken listesi e┼şlenmeye ├ğal─▒┼ş─▒l─▒rken
  
C:\ShadowStrike\ShadowStrike\src\Shared_modules\Core\FileSystem\MountPointMonitor.cpp(379,21): error C2065: 'm_whitelistedDevices': bildirimi yap─▒lmam─▒┼ş tan─▒mlay─▒c─▒ [C:\ShadowStrike\ShadowStrike\ShadowStrike.vcxproj]
  ('/src/Shared_modules/Core/FileSystem/MountPointMonitor.cpp' kaynak dosyas─▒ derleniyor)
  
C:\ShadowStrike\ShadowStrike\src\Shared_modules\Core\FileSystem\MountPointMonitor.cpp(379,69): error C2065: 'm_whitelistedDevices': bildirimi yap─▒lmam─▒┼ş tan─▒mlay─▒c─▒ [C:\ShadowStrike\ShadowStrike\ShadowStrike.vcxproj]
  ('/src/Shared_modules/Core/FileSystem/MountPointMonitor.cpp' kaynak dosyas─▒ derleniyor)
  
C:\ShadowStrike\ShadowStrike\src\Shared_modules\Core\FileSystem\MountPointMonitor.cpp(399,52): error C2039: 'Utf8ToWide': bir 'ShadowStrike::Utils::StringUtils' ├╝yesi de─şil [C:\ShadowStrike\ShadowStrike\ShadowStrike.vcxproj]
  ('/src/Shared_modules/Core/FileSystem/MountPointMonitor.cpp' kaynak dosyas─▒ derleniyor)
      C:\ShadowStrike\ShadowStrike\src\Shared_modules\Utils\StringUtils.hpp(63,19):
      'ShadowStrike::Utils::StringUtils' bildirimine bak─▒n
  
C:\ShadowStrike\ShadowStrike\src\Shared_modules\Core\FileSystem\MountPointMonitor.cpp(399,52): error C3861: 'Utf8ToWide': tan─▒mlay─▒c─▒ bulunamad─▒ [C:\ShadowStrike\ShadowStrike\ShadowStrike.vcxproj]
  ('/src/Shared_modules/Core/FileSystem/MountPointMonitor.cpp' kaynak dosyas─▒ derleniyor)
  
C:\ShadowStrike\ShadowStrike\src\Shared_modules\Core\FileSystem\MountPointMonitor.cpp(398,28): error C2660: 'ShadowStrike::Utils::Logger::Error': i┼şlev 2 ba─ş─▒ms─▒z de─şi┼şken alm─▒yor [C:\ShadowStrike\ShadowStrike\ShadowStrike.vcxproj]
  ('/src/Shared_modules/Core/FileSystem/MountPointMonitor.cpp' kaynak dosyas─▒ derleniyor)
      C:\ShadowStrike\ShadowStrike\src\Shared_modules\Utils\Logger.hpp(263,16):
      'ShadowStrike::Utils::Logger::Error' bildirimine bak─▒n
      C:\ShadowStrike\ShadowStrike\src\Shared_modules\Utils\Logger.hpp(274,16):
      'void ShadowStrike::Utils::Logger::Error(std::basic_format_string<char,type_identity<_Args>::type...>,Args ...)' olabilirdi
          C:\ShadowStrike\ShadowStrike\src\Shared_modules\Core\FileSystem\MountPointMonitor.cpp(398,28):
          'void ShadowStrike::Utils::Logger::Error(std::basic_format_string<char,type_identity<_Args>::type...>,Args ...)' i┼şlev ┼şablonu ├Âzelle┼ştirilemedi
              C:\ShadowStrike\ShadowStrike\src\Shared_modules\Core\FileSystem\MountPointMonitor.cpp(398,28):
              ┼Şu ┼şablon ba─ş─▒ms─▒z de─şi┼şkenleriyle:
                  C:\ShadowStrike\ShadowStrike\src\Shared_modules\Core\FileSystem\MountPointMonitor.cpp(398,28):
                  'Args={<error type>}'
      C:\ShadowStrike\ShadowStrike\src\Shared_modules\Core\FileSystem\MountPointMonitor.cpp(398,28):
      '(const wchar_t [48], <error type>)' ba─ş─▒ms─▒z de─şi┼şken listesi e┼şlenmeye ├ğal─▒┼ş─▒l─▒rken
  
C:\ShadowStrike\ShadowStrike\src\Shared_modules\Core\FileSystem\MountPointMonitor.cpp(436,52): error C2039: 'Utf8ToWide': bir 'ShadowStrike::Utils::StringUtils' ├╝yesi de─şil [C:\ShadowStrike\ShadowStrike\ShadowStrike.vcxproj]
  ('/src/Shared_modules/Core/FileSystem/MountPointMonitor.cpp' kaynak dosyas─▒ derleniyor)
      C:\ShadowStrike\ShadowStrike\src\Shared_modules\Utils\StringUtils.hpp(63,19):
      'ShadowStrike::Utils::StringUtils' bildirimine bak─▒n
  
C:\ShadowStrike\ShadowStrike\src\Shared_modules\Core\FileSystem\MountPointMonitor.cpp(436,52): error C3861: 'Utf8ToWide': tan─▒mlay─▒c─▒ bulunamad─▒ [C:\ShadowStrike\ShadowStrike\ShadowStrike.vcxproj]
  ('/src/Shared_modules/Core/FileSystem/MountPointMonitor.cpp' kaynak dosyas─▒ derleniyor)
  
C:\ShadowStrike\ShadowStrike\src\Shared_modules\Core\FileSystem\MountPointMonitor.cpp(435,28): error C2660: 'ShadowStrike::Utils::Logger::Error': i┼şlev 2 ba─ş─▒ms─▒z de─şi┼şken alm─▒yor [C:\ShadowStrike\ShadowStrike\ShadowStrike.vcxproj]
  ('/src/Shared_modules/Core/FileSystem/MountPointMonitor.cpp' kaynak dosyas─▒ derleniyor)
      C:\ShadowStrike\ShadowStrike\src\Shared_modules\Utils\Logger.hpp(263,16):
      'ShadowStrike::Utils::Logger::Error' bildirimine bak─▒n
      C:\ShadowStrike\ShadowStrike\src\Shared_modules\Utils\Logger.hpp(274,16):
      'void ShadowStrike::Utils::Logger::Error(std::basic_format_string<char,type_identity<_Args>::type...>,Args ...)' olabilirdi
          C:\ShadowStrike\ShadowStrike\src\Shared_modules\Core\FileSystem\MountPointMonitor.cpp(435,28):
          'void ShadowStrike::Utils::Logger::Error(std::basic_format_string<char,type_identity<_Args>::type...>,Args ...)' i┼şlev ┼şablonu ├Âzelle┼ştirilemedi
              C:\ShadowStrike\ShadowStrike\src\Shared_modules\Core\FileSystem\MountPointMonitor.cpp(435,28):
              ┼Şu ┼şablon ba─ş─▒ms─▒z de─şi┼şkenleriyle:
                  C:\ShadowStrike\ShadowStrike\src\Shared_modules\Core\FileSystem\MountPointMonitor.cpp(435,28):
                  'Args={<error type>}'
      C:\ShadowStrike\ShadowStrike\src\Shared_modules\Core\FileSystem\MountPointMonitor.cpp(435,28):
      '(const wchar_t [52], <error type>)' ba─ş─▒ms─▒z de─şi┼şken listesi e┼şlenmeye ├ğal─▒┼ş─▒l─▒rken
  
C:\ShadowStrike\ShadowStrike\src\Shared_modules\Core\FileSystem\MountPointMonitor.cpp(451,17): error C2653: 'fs': bir s─▒n─▒f veya ad alan─▒ ad─▒ de─şil [C:\ShadowStrike\ShadowStrike\ShadowStrike.vcxproj]
  ('/src/Shared_modules/Core/FileSystem/MountPointMonitor.cpp' kaynak dosyas─▒ derleniyor)
  
C:\ShadowStrike\ShadowStrike\src\Shared_modules\Core\FileSystem\MountPointMonitor.cpp(451,21): error C3861: 'exists': tan─▒mlay─▒c─▒ bulunamad─▒ [C:\ShadowStrike\ShadowStrike\ShadowStrike.vcxproj]
  ('/src/Shared_modules/Core/FileSystem/MountPointMonitor.cpp' kaynak dosyas─▒ derleniyor)
  
C:\ShadowStrike\ShadowStrike\src\Shared_modules\Core\FileSystem\MountPointMonitor.cpp(454,21): error C2653: 'fs': bir s─▒n─▒f veya ad alan─▒ ad─▒ de─şil [C:\ShadowStrike\ShadowStrike\ShadowStrike.vcxproj]
  ('/src/Shared_modules/Core/FileSystem/MountPointMonitor.cpp' kaynak dosyas─▒ derleniyor)
  
C:\ShadowStrike\ShadowStrike\src\Shared_modules\Core\FileSystem\MountPointMonitor.cpp(454,25): error C2664: 'int remove(const char *)' : 1 ba─ş─▒ms─▒z de─şi┼şkeni 'wchar_t [260]' de─şerinden 'const char *' de─şerine d├Ân├╝┼şt├╝r├╝lemez [C:\ShadowStrike\ShadowStrike\ShadowStrike.vcxproj]
  ('/src/Shared_modules/Core/FileSystem/MountPointMonitor.cpp' kaynak dosyas─▒ derleniyor)
      C:\ShadowStrike\ShadowStrike\src\Shared_modules\Core\FileSystem\MountPointMonitor.cpp(454,32):
      ─░┼şaretlenen t├╝rler ilgisiz; d├Ân├╝┼şt├╝rme reinterpret_cast, C stili t├╝r d├Ân├╝┼şt├╝rme veya parantez i├ğine al─▒nm─▒┼ş i┼şlev stili t├╝r d├Ân├╝┼şt├╝rme gerektiriyor
      C:\Program Files (x86)\Windows Kits\10\Include\10.0.26100.0\ucrt\stdio.h(369,26):
      'remove' bildirimine bak─▒n
      C:\ShadowStrike\ShadowStrike\src\Shared_modules\Core\FileSystem\MountPointMonitor.cpp(454,25):
      '(wchar_t [260])' ba─ş─▒ms─▒z de─şi┼şken listesi e┼şlenmeye ├ğal─▒┼ş─▒l─▒rken
  
C:\ShadowStrike\ShadowStrike\src\Shared_modules\Core\FileSystem\FileTypeAnalyzer.cpp(814,13): error C2653: 'Logger': bir s─▒n─▒f veya ad alan─▒ ad─▒ de─şil [C:\ShadowStrike\ShadowStrike\ShadowStrike.vcxproj]
  ('/src/Shared_modules/Core/FileSystem/FileTypeAnalyzer.cpp' kaynak dosyas─▒ derleniyor)
  
C:\ShadowStrike\ShadowStrike\src\Shared_modules\Core\FileSystem\FileTypeAnalyzer.cpp(814,21): error C3861: 'Info': tan─▒mlay─▒c─▒ bulunamad─▒ [C:\ShadowStrike\ShadowStrike\ShadowStrike.vcxproj]
  ('/src/Shared_modules/Core/FileSystem/FileTypeAnalyzer.cpp' kaynak dosyas─▒ derleniyor)
  
C:\ShadowStrike\ShadowStrike\src\Shared_modules\Core\FileSystem\FileTypeAnalyzer.cpp(821,13): error C2653: 'Logger': bir s─▒n─▒f veya ad alan─▒ ad─▒ de─şil [C:\ShadowStrike\ShadowStrike\ShadowStrike.vcxproj]
  ('/src/Shared_modules/Core/FileSystem/FileTypeAnalyzer.cpp' kaynak dosyas─▒ derleniyor)
  
C:\ShadowStrike\ShadowStrike\src\Shared_modules\Core\FileSystem\FileTypeAnalyzer.cpp(821,21): error C3861: 'Info': tan─▒mlay─▒c─▒ bulunamad─▒ [C:\ShadowStrike\ShadowStrike\ShadowStrike.vcxproj]
  ('/src/Shared_modules/Core/FileSystem/FileTypeAnalyzer.cpp' kaynak dosyas─▒ derleniyor)
  
C:\ShadowStrike\ShadowStrike\src\Shared_modules\Core\FileSystem\FileTypeAnalyzer.cpp(824,13): error C2653: 'Logger': bir s─▒n─▒f veya ad alan─▒ ad─▒ de─şil [C:\ShadowStrike\ShadowStrike\ShadowStrike.vcxproj]
  ('/src/Shared_modules/Core/FileSystem/FileTypeAnalyzer.cpp' kaynak dosyas─▒ derleniyor)
  
C:\ShadowStrike\ShadowStrike\src\Shared_modules\Core\FileSystem\FileTypeAnalyzer.cpp(824,21): error C3861: 'Info': tan─▒mlay─▒c─▒ bulunamad─▒ [C:\ShadowStrike\ShadowStrike\ShadowStrike.vcxproj]
  ('/src/Shared_modules/Core/FileSystem/FileTypeAnalyzer.cpp' kaynak dosyas─▒ derleniyor)
  
C:\ShadowStrike\ShadowStrike\src\Shared_modules\Core\FileSystem\FileTypeAnalyzer.cpp(828,13): error C2653: 'Logger': bir s─▒n─▒f veya ad alan─▒ ad─▒ de─şil [C:\ShadowStrike\ShadowStrike\ShadowStrike.vcxproj]
  ('/src/Shared_modules/Core/FileSystem/FileTypeAnalyzer.cpp' kaynak dosyas─▒ derleniyor)
  
C:\ShadowStrike\ShadowStrike\src\Shared_modules\Core\FileSystem\FileTypeAnalyzer.cpp(828,21): error C3861: 'Error': tan─▒mlay─▒c─▒ bulunamad─▒ [C:\ShadowStrike\ShadowStrike\ShadowStrike.vcxproj]
  ('/src/Shared_modules/Core/FileSystem/FileTypeAnalyzer.cpp' kaynak dosyas─▒ derleniyor)
  
C:\ShadowStrike\ShadowStrike\src\Shared_modules\Core\FileSystem\FileTypeAnalyzer.cpp(836,9): error C2653: 'Logger': bir s─▒n─▒f veya ad alan─▒ ad─▒ de─şil [C:\ShadowStrike\ShadowStrike\ShadowStrike.vcxproj]
  ('/src/Shared_modules/Core/FileSystem/FileTypeAnalyzer.cpp' kaynak dosyas─▒ derleniyor)
  
C:\ShadowStrike\ShadowStrike\src\Shared_modules\Core\FileSystem\FileTypeAnalyzer.cpp(836,17): error C3861: 'Info': tan─▒mlay─▒c─▒ bulunamad─▒ [C:\ShadowStrike\ShadowStrike\ShadowStrike.vcxproj]
  ('/src/Shared_modules/Core/FileSystem/FileTypeAnalyzer.cpp' kaynak dosyas─▒ derleniyor)
  
  IoTDeviceScanner.cpp
C:\ShadowStrike\ShadowStrike\src\Shared_modules\Core\FileSystem\MountPointMonitor.cpp(456,36): error C2665: 'ShadowStrike::Utils::Logger::Info': hi├ğbir a┼ş─▒r─▒ y├╝klenmi┼ş i┼şlev t├╝m arg├╝man t├╝rlerini d├Ân├╝┼şt├╝remez [C:\ShadowStrike\ShadowStrike\ShadowStrike.vcxproj]
  ('/src/Shared_modules/Core/FileSystem/MountPointMonitor.cpp' kaynak dosyas─▒ derleniyor)
      C:\ShadowStrike\ShadowStrike\src\Shared_modules\Utils\Logger.hpp(282,16):
      'void ShadowStrike::Utils::Logger::Info<wchar_t&>(std::basic_format_string<char,wchar_t &>,wchar_t &)' olabilirdi
          C:\ShadowStrike\ShadowStrike\src\Shared_modules\Core\FileSystem\MountPointMonitor.cpp(456,36):
          'void ShadowStrike::Utils::Logger::Info<wchar_t&>(std::basic_format_string<char,wchar_t &>,wchar_t &)' : 1 ba─ş─▒ms─▒z de─şi┼şkeni 'const wchar_t [51]' de─şerinden 'std::basic_format_string<char,wchar_t &>' de─şerine d├Ân├╝┼şt├╝r├╝lemez
              C:\ShadowStrike\ShadowStrike\src\Shared_modules\Core\FileSystem\MountPointMonitor.cpp(456,41):
              'std::basic_format_string<char,wchar_t &>::basic_format_string': hi├ğbir a┼ş─▒r─▒ y├╝klenmi┼ş i┼şlev t├╝m arg├╝man t├╝rlerini d├Ân├╝┼şt├╝remez
                  C:\Program Files\Microsoft Visual Studio\2022\Community\VC\Tools\MSVC\14.44.35207\include\format(2867,1):
                  'std::basic_format_string<char,wchar_t &>::basic_format_string(std::basic_format_string<char,wchar_t &> &&)' olabilirdi
                      C:\ShadowStrike\ShadowStrike\src\Shared_modules\Core\FileSystem\MountPointMonitor.cpp(456,41):
                      'std::basic_format_string<char,wchar_t &>::basic_format_string(std::basic_format_string<char,wchar_t &> &&)' : 1 ba─ş─▒ms─▒z de─şi┼şkeni 'const wchar_t [51]' de─şerinden 'std::basic_format_string<char,wchar_t &> &&' de─şerine d├Ân├╝┼şt├╝r├╝lemez
                          C:\ShadowStrike\ShadowStrike\src\Shared_modules\Core\FileSystem\MountPointMonitor.cpp(456,41):
                          Nedeni: 'const wchar_t [51]' de─şerinden 'std::basic_format_string<char,wchar_t &>' de─şerine d├Ân├╝┼şt├╝r├╝lemez
                          C:\ShadowStrike\ShadowStrike\src\Shared_modules\Core\FileSystem\MountPointMonitor.cpp(456,41):
                          D├Ân├╝┼şt├╝rme ikinci bir kullan─▒c─▒ tan─▒ml─▒ d├Ân├╝┼şt├╝rme i┼şleci veya olu┼şturucu gerektiriyor
                  C:\Program Files\Microsoft Visual Studio\2022\Community\VC\Tools\MSVC\14.44.35207\include\format(2867,1):
                  veya       'std::basic_format_string<char,wchar_t &>::basic_format_string(const std::basic_format_string<char,wchar_t &> &)'
                      C:\ShadowStrike\ShadowStrike\src\Shared_modules\Core\FileSystem\MountPointMonitor.cpp(456,41):
                      'std::basic_format_string<char,wchar_t &>::basic_format_string(const std::basic_format_string<char,wchar_t &> &)' : 1 ba─ş─▒ms─▒z de─şi┼şkeni 'const wchar_t [51]' de─şerinden 'const std::basic_format_string<char,wchar_t &> &' de─şerine d├Ân├╝┼şt├╝r├╝lemez
                          C:\ShadowStrike\ShadowStrike\src\Shared_modules\Core\FileSystem\MountPointMonitor.cpp(456,41):
                          Nedeni: 'const wchar_t [51]' de─şerinden 'const std::basic_format_string<char,wchar_t &>' de─şerine d├Ân├╝┼şt├╝r├╝lemez
                          C:\ShadowStrike\ShadowStrike\src\Shared_modules\Core\FileSystem\MountPointMonitor.cpp(456,41):
                          D├Ân├╝┼şt├╝rme ikinci bir kullan─▒c─▒ tan─▒ml─▒ d├Ân├╝┼şt├╝rme i┼şleci veya olu┼şturucu gerektiriyor
                  C:\Program Files\Microsoft Visual Studio\2022\Community\VC\Tools\MSVC\14.44.35207\include\format(2850,5):
                  veya       'std::basic_format_string<char,wchar_t &>::basic_format_string(const _Ty &)'
                  C:\ShadowStrike\ShadowStrike\src\Shared_modules\Core\FileSystem\MountPointMonitor.cpp(456,41):
                  '(const wchar_t [51])' ba─ş─▒ms─▒z de─şi┼şken listesi e┼şlenmeye ├ğal─▒┼ş─▒l─▒rken
      C:\ShadowStrike\ShadowStrike\src\Shared_modules\Core\FileSystem\MountPointMonitor.cpp(456,36):
      '(const wchar_t [51], wchar_t)' ba─ş─▒ms─▒z de─şi┼şken listesi e┼şlenmeye ├ğal─▒┼ş─▒l─▒rken
  
C:\ShadowStrike\ShadowStrike\src\Shared_modules\Core\FileSystem\FileTypeAnalyzer.cpp(850,17): error C2653: 'Logger': bir s─▒n─▒f veya ad alan─▒ ad─▒ de─şil [C:\ShadowStrike\ShadowStrike\ShadowStrike.vcxproj]
  ('/src/Shared_modules/Core/FileSystem/FileTypeAnalyzer.cpp' kaynak dosyas─▒ derleniyor)
  
C:\ShadowStrike\ShadowStrike\src\Shared_modules\Core\FileSystem\FileTypeAnalyzer.cpp(850,25): error C3861: 'Error': tan─▒mlay─▒c─▒ bulunamad─▒ [C:\ShadowStrike\ShadowStrike\ShadowStrike.vcxproj]
  ('/src/Shared_modules/Core/FileSystem/FileTypeAnalyzer.cpp' kaynak dosyas─▒ derleniyor)
  
C:\ShadowStrike\ShadowStrike\src\Shared_modules\Core\FileSystem\MountPointMonitor.cpp(464,52): error C2039: 'Utf8ToWide': bir 'ShadowStrike::Utils::StringUtils' ├╝yesi de─şil [C:\ShadowStrike\ShadowStrike\ShadowStrike.vcxproj]
  ('/src/Shared_modules/Core/FileSystem/MountPointMonitor.cpp' kaynak dosyas─▒ derleniyor)
      C:\ShadowStrike\ShadowStrike\src\Shared_modules\Utils\StringUtils.hpp(63,19):
      'ShadowStrike::Utils::StringUtils' bildirimine bak─▒n
  
C:\ShadowStrike\ShadowStrike\src\Shared_modules\Core\FileSystem\MountPointMonitor.cpp(464,52): error C3861: 'Utf8ToWide': tan─▒mlay─▒c─▒ bulunamad─▒ [C:\ShadowStrike\ShadowStrike\ShadowStrike.vcxproj]
  ('/src/Shared_modules/Core/FileSystem/MountPointMonitor.cpp' kaynak dosyas─▒ derleniyor)
  
C:\ShadowStrike\ShadowStrike\src\Shared_modules\Core\FileSystem\FileTypeAnalyzer.cpp(858,36): error C2039: 'FileExists': bir 'ShadowStrike::Utils::FileUtils' ├╝yesi de─şil [C:\ShadowStrike\ShadowStrike\ShadowStrike.vcxproj]
  ('/src/Shared_modules/Core/FileSystem/FileTypeAnalyzer.cpp' kaynak dosyas─▒ derleniyor)
      C:\ShadowStrike\ShadowStrike\src\Shared_modules\Utils\FileUtils.hpp(61,13):
      'ShadowStrike::Utils::FileUtils' bildirimine bak─▒n
  
C:\ShadowStrike\ShadowStrike\src\Shared_modules\Core\FileSystem\FileWatcher.cpp(511,17): error C2653: 'Logger': bir s─▒n─▒f veya ad alan─▒ ad─▒ de─şil [C:\ShadowStrike\ShadowStrike\ShadowStrike.vcxproj]
  ('/src/Shared_modules/Core/FileSystem/FileWatcher.cpp' kaynak dosyas─▒ derleniyor)
  
C:\ShadowStrike\ShadowStrike\src\Shared_modules\Core\FileSystem\FileTypeAnalyzer.cpp(858,36): error C3861: 'FileExists': tan─▒mlay─▒c─▒ bulunamad─▒ [C:\ShadowStrike\ShadowStrike\ShadowStrike.vcxproj]
  ('/src/Shared_modules/Core/FileSystem/FileTypeAnalyzer.cpp' kaynak dosyas─▒ derleniyor)
  
C:\ShadowStrike\ShadowStrike\src\Shared_modules\Core\FileSystem\FileWatcher.cpp(511,25): error C3861: 'Error': tan─▒mlay─▒c─▒ bulunamad─▒ [C:\ShadowStrike\ShadowStrike\ShadowStrike.vcxproj]
  ('/src/Shared_modules/Core/FileSystem/FileWatcher.cpp' kaynak dosyas─▒ derleniyor)
  
C:\ShadowStrike\ShadowStrike\src\Shared_modules\Core\FileSystem\FileTypeAnalyzer.cpp(859,17): error C2653: 'Logger': bir s─▒n─▒f veya ad alan─▒ ad─▒ de─şil [C:\ShadowStrike\ShadowStrike\ShadowStrike.vcxproj]
  ('/src/Shared_modules/Core/FileSystem/FileTypeAnalyzer.cpp' kaynak dosyas─▒ derleniyor)
  
C:\ShadowStrike\ShadowStrike\src\Shared_modules\Core\FileSystem\FileTypeAnalyzer.cpp(859,25): error C3861: 'Error': tan─▒mlay─▒c─▒ bulunamad─▒ [C:\ShadowStrike\ShadowStrike\ShadowStrike.vcxproj]
  ('/src/Shared_modules/Core/FileSystem/FileTypeAnalyzer.cpp' kaynak dosyas─▒ derleniyor)
  
C:\ShadowStrike\ShadowStrike\src\Shared_modules\Core\FileSystem\FileTypeAnalyzer.cpp(864,47): error C2039: 'GetFileSize': bir 'ShadowStrike::Utils::FileUtils' ├╝yesi de─şil [C:\ShadowStrike\ShadowStrike\ShadowStrike.vcxproj]
  ('/src/Shared_modules/Core/FileSystem/FileTypeAnalyzer.cpp' kaynak dosyas─▒ derleniyor)
      C:\ShadowStrike\ShadowStrike\src\Shared_modules\Utils\FileUtils.hpp(61,13):
      'ShadowStrike::Utils::FileUtils' bildirimine bak─▒n
  
C:\ShadowStrike\ShadowStrike\src\Shared_modules\Core\FileSystem\MountPointMonitor.cpp(463,28): error C2660: 'ShadowStrike::Utils::Logger::Error': i┼şlev 2 ba─ş─▒ms─▒z de─şi┼şken alm─▒yor [C:\ShadowStrike\ShadowStrike\ShadowStrike.vcxproj]
  ('/src/Shared_modules/Core/FileSystem/MountPointMonitor.cpp' kaynak dosyas─▒ derleniyor)
      C:\ShadowStrike\ShadowStrike\src\Shared_modules\Utils\Logger.hpp(263,16):
      'ShadowStrike::Utils::Logger::Error' bildirimine bak─▒n
      C:\ShadowStrike\ShadowStrike\src\Shared_modules\Utils\Logger.hpp(274,16):
      'void ShadowStrike::Utils::Logger::Error(std::basic_format_string<char,type_identity<_Args>::type...>,Args ...)' olabilirdi
          C:\ShadowStrike\ShadowStrike\src\Shared_modules\Core\FileSystem\MountPointMonitor.cpp(463,28):
          'void ShadowStrike::Utils::Logger::Error(std::basic_format_string<char,type_identity<_Args>::type...>,Args ...)' i┼şlev ┼şablonu ├Âzelle┼ştirilemedi
              C:\ShadowStrike\ShadowStrike\src\Shared_modules\Core\FileSystem\MountPointMonitor.cpp(463,28):
              ┼Şu ┼şablon ba─ş─▒ms─▒z de─şi┼şkenleriyle:
                  C:\ShadowStrike\ShadowStrike\src\Shared_modules\Core\FileSystem\MountPointMonitor.cpp(463,28):
                  'Args={<error type>}'
      C:\ShadowStrike\ShadowStrike\src\Shared_modules\Core\FileSystem\MountPointMonitor.cpp(463,28):
      '(const wchar_t [48], <error type>)' ba─ş─▒ms─▒z de─şi┼şken listesi e┼şlenmeye ├ğal─▒┼ş─▒l─▒rken
  
C:\ShadowStrike\ShadowStrike\src\Shared_modules\Core\FileSystem\FileTypeAnalyzer.cpp(864,47): error C2660: 'GetFileSize': i┼şlev 1 ba─ş─▒ms─▒z de─şi┼şken alm─▒yor [C:\ShadowStrike\ShadowStrike\ShadowStrike.vcxproj]
  ('/src/Shared_modules/Core/FileSystem/FileTypeAnalyzer.cpp' kaynak dosyas─▒ derleniyor)
      C:\Program Files (x86)\Windows Kits\10\Include\10.0.26100.0\um\fileapi.h(671,1):
      'GetFileSize' bildirimine bak─▒n
      C:\ShadowStrike\ShadowStrike\src\Shared_modules\Core\FileSystem\FileTypeAnalyzer.cpp(864,47):
      '(const std::wstring)' ba─ş─▒ms─▒z de─şi┼şken listesi e┼şlenmeye ├ğal─▒┼ş─▒l─▒rken
  
C:\ShadowStrike\ShadowStrike\src\Shared_modules\Core\FileSystem\FileTypeAnalyzer.cpp(884,49): error C2039: 'ReadFileBytes': bir 'ShadowStrike::Utils::FileUtils' ├╝yesi de─şil [C:\ShadowStrike\ShadowStrike\ShadowStrike.vcxproj]
  ('/src/Shared_modules/Core/FileSystem/FileTypeAnalyzer.cpp' kaynak dosyas─▒ derleniyor)
      C:\ShadowStrike\ShadowStrike\src\Shared_modules\Utils\FileUtils.hpp(61,13):
      'ShadowStrike::Utils::FileUtils' bildirimine bak─▒n
  
C:\ShadowStrike\ShadowStrike\src\Shared_modules\Core\FileSystem\FileTypeAnalyzer.cpp(884,49): error C3861: 'ReadFileBytes': tan─▒mlay─▒c─▒ bulunamad─▒ [C:\ShadowStrike\ShadowStrike\ShadowStrike.vcxproj]
  ('/src/Shared_modules/Core/FileSystem/FileTypeAnalyzer.cpp' kaynak dosyas─▒ derleniyor)
  
C:\ShadowStrike\ShadowStrike\src\Shared_modules\Core\FileSystem\FileTypeAnalyzer.cpp(886,17): error C2653: 'Logger': bir s─▒n─▒f veya ad alan─▒ ad─▒ de─şil [C:\ShadowStrike\ShadowStrike\ShadowStrike.vcxproj]
  ('/src/Shared_modules/Core/FileSystem/FileTypeAnalyzer.cpp' kaynak dosyas─▒ derleniyor)
  
C:\ShadowStrike\ShadowStrike\src\Shared_modules\Core\FileSystem\FileTypeAnalyzer.cpp(886,25): error C3861: 'Error': tan─▒mlay─▒c─▒ bulunamad─▒ [C:\ShadowStrike\ShadowStrike\ShadowStrike.vcxproj]
  ('/src/Shared_modules/Core/FileSystem/FileTypeAnalyzer.cpp' kaynak dosyas─▒ derleniyor)
  
C:\ShadowStrike\ShadowStrike\src\Shared_modules\Core\FileSystem\FileTypeAnalyzer.cpp(895,47): error C2039: 'GetFileSize': bir 'ShadowStrike::Utils::FileUtils' ├╝yesi de─şil [C:\ShadowStrike\ShadowStrike\ShadowStrike.vcxproj]
  ('/src/Shared_modules/Core/FileSystem/FileTypeAnalyzer.cpp' kaynak dosyas─▒ derleniyor)
      C:\ShadowStrike\ShadowStrike\src\Shared_modules\Utils\FileUtils.hpp(61,13):
      'ShadowStrike::Utils::FileUtils' bildirimine bak─▒n
  
C:\ShadowStrike\ShadowStrike\src\Shared_modules\Core\FileSystem\FileTypeAnalyzer.cpp(895,47): error C2660: 'GetFileSize': i┼şlev 1 ba─ş─▒ms─▒z de─şi┼şken alm─▒yor [C:\ShadowStrike\ShadowStrike\ShadowStrike.vcxproj]
  ('/src/Shared_modules/Core/FileSystem/FileTypeAnalyzer.cpp' kaynak dosyas─▒ derleniyor)
      C:\Program Files (x86)\Windows Kits\10\Include\10.0.26100.0\um\fileapi.h(671,1):
      'GetFileSize' bildirimine bak─▒n
      C:\ShadowStrike\ShadowStrike\src\Shared_modules\Core\FileSystem\FileTypeAnalyzer.cpp(895,47):
      '(const std::wstring)' ba─ş─▒ms─▒z de─şi┼şken listesi e┼şlenmeye ├ğal─▒┼ş─▒l─▒rken
  
C:\ShadowStrike\ShadowStrike\src\Shared_modules\Core\FileSystem\FileTypeAnalyzer.cpp(904,13): error C2653: 'Logger': bir s─▒n─▒f veya ad alan─▒ ad─▒ de─şil [C:\ShadowStrike\ShadowStrike\ShadowStrike.vcxproj]
  ('/src/Shared_modules/Core/FileSystem/FileTypeAnalyzer.cpp' kaynak dosyas─▒ derleniyor)
  
C:\ShadowStrike\ShadowStrike\src\Shared_modules\Core\FileSystem\FileTypeAnalyzer.cpp(905,37): error C2039: 'WideToUtf8': bir 'ShadowStrike::Utils::StringUtils' ├╝yesi de─şil [C:\ShadowStrike\ShadowStrike\ShadowStrike.vcxproj]
  ('/src/Shared_modules/Core/FileSystem/FileTypeAnalyzer.cpp' kaynak dosyas─▒ derleniyor)
      C:\ShadowStrike\ShadowStrike\src\Shared_modules\Utils\StringUtils.hpp(63,19):
      'ShadowStrike::Utils::StringUtils' bildirimine bak─▒n
  
C:\ShadowStrike\ShadowStrike\src\Shared_modules\Core\FileSystem\FileWatcher.cpp(522,17): error C2653: 'Logger': bir s─▒n─▒f veya ad alan─▒ ad─▒ de─şil [C:\ShadowStrike\ShadowStrike\ShadowStrike.vcxproj]
  ('/src/Shared_modules/Core/FileSystem/FileWatcher.cpp' kaynak dosyas─▒ derleniyor)
  
C:\ShadowStrike\ShadowStrike\src\Shared_modules\Core\FileSystem\FileTypeAnalyzer.cpp(905,37): error C3861: 'WideToUtf8': tan─▒mlay─▒c─▒ bulunamad─▒ [C:\ShadowStrike\ShadowStrike\ShadowStrike.vcxproj]
  ('/src/Shared_modules/Core/FileSystem/FileTypeAnalyzer.cpp' kaynak dosyas─▒ derleniyor)
  
C:\ShadowStrike\ShadowStrike\src\Shared_modules\Core\FileSystem\FileWatcher.cpp(522,25): error C3861: 'Error': tan─▒mlay─▒c─▒ bulunamad─▒ [C:\ShadowStrike\ShadowStrike\ShadowStrike.vcxproj]
  ('/src/Shared_modules/Core/FileSystem/FileWatcher.cpp' kaynak dosyas─▒ derleniyor)
  
C:\ShadowStrike\ShadowStrike\src\Shared_modules\Core\FileSystem\FileTypeAnalyzer.cpp(904,21): error C3861: 'Info': tan─▒mlay─▒c─▒ bulunamad─▒ [C:\ShadowStrike\ShadowStrike\ShadowStrike.vcxproj]
  ('/src/Shared_modules/Core/FileSystem/FileTypeAnalyzer.cpp' kaynak dosyas─▒ derleniyor)
  
C:\ShadowStrike\ShadowStrike\src\Shared_modules\Core\FileSystem\FileTypeAnalyzer.cpp(913,13): error C2653: 'Logger': bir s─▒n─▒f veya ad alan─▒ ad─▒ de─şil [C:\ShadowStrike\ShadowStrike\ShadowStrike.vcxproj]
  ('/src/Shared_modules/Core/FileSystem/FileTypeAnalyzer.cpp' kaynak dosyas─▒ derleniyor)
  
C:\ShadowStrike\ShadowStrike\src\Shared_modules\Core\FileSystem\FileTypeAnalyzer.cpp(913,21): error C3861: 'Error': tan─▒mlay─▒c─▒ bulunamad─▒ [C:\ShadowStrike\ShadowStrike\ShadowStrike.vcxproj]
  ('/src/Shared_modules/Core/FileSystem/FileTypeAnalyzer.cpp' kaynak dosyas─▒ derleniyor)
  
C:\ShadowStrike\ShadowStrike\src\Shared_modules\Core\FileSystem\FileTypeAnalyzer.cpp(924,13): error C2653: 'Logger': bir s─▒n─▒f veya ad alan─▒ ad─▒ de─şil [C:\ShadowStrike\ShadowStrike\ShadowStrike.vcxproj]
  ('/src/Shared_modules/Core/FileSystem/FileTypeAnalyzer.cpp' kaynak dosyas─▒ derleniyor)
  
C:\ShadowStrike\ShadowStrike\src\Shared_modules\Core\FileSystem\FileTypeAnalyzer.cpp(924,21): error C3861: 'Error': tan─▒mlay─▒c─▒ bulunamad─▒ [C:\ShadowStrike\ShadowStrike\ShadowStrike.vcxproj]
  ('/src/Shared_modules/Core/FileSystem/FileTypeAnalyzer.cpp' kaynak dosyas─▒ derleniyor)
  
C:\ShadowStrike\ShadowStrike\src\Shared_modules\Core\FileSystem\FileTypeAnalyzer.cpp(936,35): error C2039: 'GetFileSize': bir 'ShadowStrike::Utils::FileUtils' ├╝yesi de─şil [C:\ShadowStrike\ShadowStrike\ShadowStrike.vcxproj]
  ('/src/Shared_modules/Core/FileSystem/FileTypeAnalyzer.cpp' kaynak dosyas─▒ derleniyor)
      C:\ShadowStrike\ShadowStrike\src\Shared_modules\Utils\FileUtils.hpp(61,13):
      'ShadowStrike::Utils::FileUtils' bildirimine bak─▒n
  
C:\ShadowStrike\ShadowStrike\src\Shared_modules\Core\FileSystem\FileTypeAnalyzer.cpp(936,35): error C2660: 'GetFileSize': i┼şlev 1 ba─ş─▒ms─▒z de─şi┼şken alm─▒yor [C:\ShadowStrike\ShadowStrike\ShadowStrike.vcxproj]
  ('/src/Shared_modules/Core/FileSystem/FileTypeAnalyzer.cpp' kaynak dosyas─▒ derleniyor)
      C:\Program Files (x86)\Windows Kits\10\Include\10.0.26100.0\um\fileapi.h(671,1):
      'GetFileSize' bildirimine bak─▒n
      C:\ShadowStrike\ShadowStrike\src\Shared_modules\Core\FileSystem\FileTypeAnalyzer.cpp(936,35):
      '(const std::wstring)' ba─ş─▒ms─▒z de─şi┼şken listesi e┼şlenmeye ├ğal─▒┼ş─▒l─▒rken
  
C:\ShadowStrike\ShadowStrike\src\Shared_modules\Core\FileSystem\MountPointMonitor.cpp(492,32): error C2665: 'ShadowStrike::Utils::Logger::Info': hi├ğbir a┼ş─▒r─▒ y├╝klenmi┼ş i┼şlev t├╝m arg├╝man t├╝rlerini d├Ân├╝┼şt├╝remez [C:\ShadowStrike\ShadowStrike\ShadowStrike.vcxproj]
  ('/src/Shared_modules/Core/FileSystem/MountPointMonitor.cpp' kaynak dosyas─▒ derleniyor)
      C:\ShadowStrike\ShadowStrike\src\Shared_modules\Utils\Logger.hpp(282,16):
      'void ShadowStrike::Utils::Logger::Info<const std::wstring&,const std::wstring&,const std::wstring&>(std::basic_format_string<char,const std::wstring &,const std::wstring &,const std::wstring &>,const std::wstring &,const std::wstring &,const std::wstring &)' olabilirdi
          C:\ShadowStrike\ShadowStrike\src\Shared_modules\Core\FileSystem\MountPointMonitor.cpp(492,32):
          'void ShadowStrike::Utils::Logger::Info<const std::wstring&,const std::wstring&,const std::wstring&>(std::basic_format_string<char,const std::wstring &,const std::wstring &,const std::wstring &>,const std::wstring &,const std::wstring &,const std::wstring &)' : 1 ba─ş─▒ms─▒z de─şi┼şkeni 'const wchar_t [70]' de─şerinden 'std::basic_format_string<char,const std::wstring &,const std::wstring &,const std::wstring &>' de─şerine d├Ân├╝┼şt├╝r├╝lemez
              C:\ShadowStrike\ShadowStrike\src\Shared_modules\Core\FileSystem\MountPointMonitor.cpp(492,37):
              'std::basic_format_string<char,const std::wstring &,const std::wstring &,const std::wstring &>::basic_format_string': hi├ğbir a┼ş─▒r─▒ y├╝klenmi┼ş i┼şlev t├╝m arg├╝man t├╝rlerini d├Ân├╝┼şt├╝remez
                  C:\Program Files\Microsoft Visual Studio\2022\Community\VC\Tools\MSVC\14.44.35207\include\format(2867,1):
                  'std::basic_format_string<char,const std::wstring &,const std::wstring &,const std::wstring &>::basic_format_string(std::basic_format_string<char,const std::wstring &,const std::wstring &,const std::wstring &> &&)' olabilirdi
                      C:\ShadowStrike\ShadowStrike\src\Shared_modules\Core\FileSystem\MountPointMonitor.cpp(492,37):
                      'std::basic_format_string<char,const std::wstring &,const std::wstring &,const std::wstring &>::basic_format_string(std::basic_format_string<char,const std::wstring &,const std::wstring &,const std::wstring &> &&)' : 1 ba─ş─▒ms─▒z de─şi┼şkeni 'const wchar_t [70]' de─şerinden 'std::basic_format_string<char,const std::wstring &,const std::wstring &,const std::wstring &> &&' de─şerine d├Ân├╝┼şt├╝r├╝lemez
                          C:\ShadowStrike\ShadowStrike\src\Shared_modules\Core\FileSystem\MountPointMonitor.cpp(492,37):
                          Nedeni: 'const wchar_t [70]' de─şerinden 'std::basic_format_string<char,const std::wstring &,const std::wstring &,const std::wstring &>' de─şerine d├Ân├╝┼şt├╝r├╝lemez
                          C:\ShadowStrike\ShadowStrike\src\Shared_modules\Core\FileSystem\MountPointMonitor.cpp(492,37):
                          D├Ân├╝┼şt├╝rme ikinci bir kullan─▒c─▒ tan─▒ml─▒ d├Ân├╝┼şt├╝rme i┼şleci veya olu┼şturucu gerektiriyor
                  C:\Program Files\Microsoft Visual Studio\2022\Community\VC\Tools\MSVC\14.44.35207\include\format(2867,1):
                  veya       'std::basic_format_string<char,const std::wstring &,const std::wstring &,const std::wstring &>::basic_format_string(const std::basic_format_string<char,const std::wstring &,const std::wstring &,const std::wstring &> &)'
                      C:\ShadowStrike\ShadowStrike\src\Shared_modules\Core\FileSystem\MountPointMonitor.cpp(492,37):
                      'std::basic_format_string<char,const std::wstring &,const std::wstring &,const std::wstring &>::basic_format_string(const std::basic_format_string<char,const std::wstring &,const std::wstring &,const std::wstring &> &)' : 1 ba─ş─▒ms─▒z de─şi┼şkeni 'const wchar_t [70]' de─şerinden 'const std::basic_format_string<char,const std::wstring &,const std::wstring &,const std::wstring &> &' de─şerine d├Ân├╝┼şt├╝r├╝lemez
                          C:\ShadowStrike\ShadowStrike\src\Shared_modules\Core\FileSystem\MountPointMonitor.cpp(492,37):
                          Nedeni: 'const wchar_t [70]' de─şerinden 'const std::basic_format_string<char,const std::wstring &,const std::wstring &,const std::wstring &>' de─şerine d├Ân├╝┼şt├╝r├╝lemez
                          C:\ShadowStrike\ShadowStrike\src\Shared_modules\Core\FileSystem\MountPointMonitor.cpp(492,37):
                          D├Ân├╝┼şt├╝rme ikinci bir kullan─▒c─▒ tan─▒ml─▒ d├Ân├╝┼şt├╝rme i┼şleci veya olu┼şturucu gerektiriyor
                  C:\Program Files\Microsoft Visual Studio\2022\Community\VC\Tools\MSVC\14.44.35207\include\format(2850,5):
                  veya       'std::basic_format_string<char,const std::wstring &,const std::wstring &,const std::wstring &>::basic_format_string(const _Ty &)'
                  C:\ShadowStrike\ShadowStrike\src\Shared_modules\Core\FileSystem\MountPointMonitor.cpp(492,37):
                  '(const wchar_t [70])' ba─ş─▒ms─▒z de─şi┼şken listesi e┼şlenmeye ├ğal─▒┼ş─▒l─▒rken
      C:\ShadowStrike\ShadowStrike\src\Shared_modules\Core\FileSystem\MountPointMonitor.cpp(492,32):
      '(const wchar_t [70], const std::wstring, const std::wstring, const std::wstring)' ba─ş─▒ms─▒z de─şi┼şken listesi e┼şlenmeye ├ğal─▒┼ş─▒l─▒rken
  
C:\ShadowStrike\ShadowStrike\src\Shared_modules\Core\FileSystem\FileTypeAnalyzer.cpp(935,26): error C2737: 'readSize': const nesnesinin ba┼şlat─▒lmas─▒ gerekiyor [C:\ShadowStrike\ShadowStrike\ShadowStrike.vcxproj]
  ('/src/Shared_modules/Core/FileSystem/FileTypeAnalyzer.cpp' kaynak dosyas─▒ derleniyor)
  
C:\ShadowStrike\ShadowStrike\src\Shared_modules\Core\FileSystem\FileTypeAnalyzer.cpp(940,49): error C2039: 'ReadFileBytes': bir 'ShadowStrike::Utils::FileUtils' ├╝yesi de─şil [C:\ShadowStrike\ShadowStrike\ShadowStrike.vcxproj]
  ('/src/Shared_modules/Core/FileSystem/FileTypeAnalyzer.cpp' kaynak dosyas─▒ derleniyor)
      C:\ShadowStrike\ShadowStrike\src\Shared_modules\Utils\FileUtils.hpp(61,13):
      'ShadowStrike::Utils::FileUtils' bildirimine bak─▒n
  
C:\ShadowStrike\ShadowStrike\src\Shared_modules\Core\FileSystem\MountPointMonitor.cpp(502,52): error C2039: 'Utf8ToWide': bir 'ShadowStrike::Utils::StringUtils' ├╝yesi de─şil [C:\ShadowStrike\ShadowStrike\ShadowStrike.vcxproj]
  ('/src/Shared_modules/Core/FileSystem/MountPointMonitor.cpp' kaynak dosyas─▒ derleniyor)
      C:\ShadowStrike\ShadowStrike\src\Shared_modules\Utils\StringUtils.hpp(63,19):
      'ShadowStrike::Utils::StringUtils' bildirimine bak─▒n
  
C:\ShadowStrike\ShadowStrike\src\Shared_modules\Core\FileSystem\FileTypeAnalyzer.cpp(940,49): error C3861: 'ReadFileBytes': tan─▒mlay─▒c─▒ bulunamad─▒ [C:\ShadowStrike\ShadowStrike\ShadowStrike.vcxproj]
  ('/src/Shared_modules/Core/FileSystem/FileTypeAnalyzer.cpp' kaynak dosyas─▒ derleniyor)
  
C:\ShadowStrike\ShadowStrike\src\Shared_modules\Core\FileSystem\MountPointMonitor.cpp(502,52): error C3861: 'Utf8ToWide': tan─▒mlay─▒c─▒ bulunamad─▒ [C:\ShadowStrike\ShadowStrike\ShadowStrike.vcxproj]
  ('/src/Shared_modules/Core/FileSystem/MountPointMonitor.cpp' kaynak dosyas─▒ derleniyor)
  
C:\ShadowStrike\ShadowStrike\src\Shared_modules\Core\FileSystem\FileWatcher.cpp(533,17): error C2653: 'Logger': bir s─▒n─▒f veya ad alan─▒ ad─▒ de─şil [C:\ShadowStrike\ShadowStrike\ShadowStrike.vcxproj]
  ('/src/Shared_modules/Core/FileSystem/FileWatcher.cpp' kaynak dosyas─▒ derleniyor)
  
C:\ShadowStrike\ShadowStrike\src\Shared_modules\Core\FileSystem\FileWatcher.cpp(533,25): error C3861: 'Error': tan─▒mlay─▒c─▒ bulunamad─▒ [C:\ShadowStrike\ShadowStrike\ShadowStrike.vcxproj]
  ('/src/Shared_modules/Core/FileSystem/FileWatcher.cpp' kaynak dosyas─▒ derleniyor)
  
C:\ShadowStrike\ShadowStrike\src\Shared_modules\Core\FileSystem\MountPointMonitor.cpp(501,28): error C2660: 'ShadowStrike::Utils::Logger::Error': i┼şlev 2 ba─ş─▒ms─▒z de─şi┼şken alm─▒yor [C:\ShadowStrike\ShadowStrike\ShadowStrike.vcxproj]
  ('/src/Shared_modules/Core/FileSystem/MountPointMonitor.cpp' kaynak dosyas─▒ derleniyor)
      C:\ShadowStrike\ShadowStrike\src\Shared_modules\Utils\Logger.hpp(263,16):
      'ShadowStrike::Utils::Logger::Error' bildirimine bak─▒n
      C:\ShadowStrike\ShadowStrike\src\Shared_modules\Utils\Logger.hpp(274,16):
      'void ShadowStrike::Utils::Logger::Error(std::basic_format_string<char,type_identity<_Args>::type...>,Args ...)' olabilirdi
          C:\ShadowStrike\ShadowStrike\src\Shared_modules\Core\FileSystem\MountPointMonitor.cpp(501,28):
          'void ShadowStrike::Utils::Logger::Error(std::basic_format_string<char,type_identity<_Args>::type...>,Args ...)' i┼şlev ┼şablonu ├Âzelle┼ştirilemedi
              C:\ShadowStrike\ShadowStrike\src\Shared_modules\Core\FileSystem\MountPointMonitor.cpp(501,28):
              ┼Şu ┼şablon ba─ş─▒ms─▒z de─şi┼şkenleriyle:
                  C:\ShadowStrike\ShadowStrike\src\Shared_modules\Core\FileSystem\MountPointMonitor.cpp(501,28):
                  'Args={<error type>}'
      C:\ShadowStrike\ShadowStrike\src\Shared_modules\Core\FileSystem\MountPointMonitor.cpp(501,28):
      '(const wchar_t [53], <error type>)' ba─ş─▒ms─▒z de─şi┼şken listesi e┼şlenmeye ├ğal─▒┼ş─▒l─▒rken
  
C:\ShadowStrike\ShadowStrike\src\Shared_modules\Core\FileSystem\MountPointMonitor.cpp(530,38): error C2065: 'm_whitelistedDevices': bildirimi yap─▒lmam─▒┼ş tan─▒mlay─▒c─▒ [C:\ShadowStrike\ShadowStrike\ShadowStrike.vcxproj]
  ('/src/Shared_modules/Core/FileSystem/MountPointMonitor.cpp' kaynak dosyas─▒ derleniyor)
  
C:\ShadowStrike\ShadowStrike\src\Shared_modules\Core\FileSystem\MountPointMonitor.cpp(530,86): error C2065: 'm_whitelistedDevices': bildirimi yap─▒lmam─▒┼ş tan─▒mlay─▒c─▒ [C:\ShadowStrike\ShadowStrike\ShadowStrike.vcxproj]
  ('/src/Shared_modules/Core/FileSystem/MountPointMonitor.cpp' kaynak dosyas─▒ derleniyor)
  
C:\ShadowStrike\ShadowStrike\src\Shared_modules\Core\FileSystem\MountPointMonitor.cpp(538,36): error C2665: 'ShadowStrike::Utils::Logger::Warn': hi├ğbir a┼ş─▒r─▒ y├╝klenmi┼ş i┼şlev t├╝m arg├╝man t├╝rlerini d├Ân├╝┼şt├╝remez [C:\ShadowStrike\ShadowStrike\ShadowStrike.vcxproj]
  ('/src/Shared_modules/Core/FileSystem/MountPointMonitor.cpp' kaynak dosyas─▒ derleniyor)
      C:\ShadowStrike\ShadowStrike\src\Shared_modules\Utils\Logger.hpp(278,16):
      'void ShadowStrike::Utils::Logger::Warn<wchar_t&,int>(std::basic_format_string<char,wchar_t &,int>,wchar_t &,int &&)' olabilirdi
          C:\ShadowStrike\ShadowStrike\src\Shared_modules\Core\FileSystem\MountPointMonitor.cpp(538,36):
          'void ShadowStrike::Utils::Logger::Warn<wchar_t&,int>(std::basic_format_string<char,wchar_t &,int>,wchar_t &,int &&)' : 1 ba─ş─▒ms─▒z de─şi┼şkeni 'const wchar_t [58]' de─şerinden 'std::basic_format_string<char,wchar_t &,int>' de─şerine d├Ân├╝┼şt├╝r├╝lemez
              C:\ShadowStrike\ShadowStrike\src\Shared_modules\Core\FileSystem\MountPointMonitor.cpp(538,41):
              'std::basic_format_string<char,wchar_t &,int>::basic_format_string': hi├ğbir a┼ş─▒r─▒ y├╝klenmi┼ş i┼şlev t├╝m arg├╝man t├╝rlerini d├Ân├╝┼şt├╝remez
                  C:\Program Files\Microsoft Visual Studio\2022\Community\VC\Tools\MSVC\14.44.35207\include\format(2867,1):
                  'std::basic_format_string<char,wchar_t &,int>::basic_format_string(std::basic_format_string<char,wchar_t &,int> &&)' olabilirdi
                      C:\ShadowStrike\ShadowStrike\src\Shared_modules\Core\FileSystem\MountPointMonitor.cpp(538,41):
                      'std::basic_format_string<char,wchar_t &,int>::basic_format_string(std::basic_format_string<char,wchar_t &,int> &&)' : 1 ba─ş─▒ms─▒z de─şi┼şkeni 'const wchar_t [58]' de─şerinden 'std::basic_format_string<char,wchar_t &,int> &&' de─şerine d├Ân├╝┼şt├╝r├╝lemez
                          C:\ShadowStrike\ShadowStrike\src\Shared_modules\Core\FileSystem\MountPointMonitor.cpp(538,41):
                          Nedeni: 'const wchar_t [58]' de─şerinden 'std::basic_format_string<char,wchar_t &,int>' de─şerine d├Ân├╝┼şt├╝r├╝lemez
                          C:\ShadowStrike\ShadowStrike\src\Shared_modules\Core\FileSystem\MountPointMonitor.cpp(538,41):
                          D├Ân├╝┼şt├╝rme ikinci bir kullan─▒c─▒ tan─▒ml─▒ d├Ân├╝┼şt├╝rme i┼şleci veya olu┼şturucu gerektiriyor
                  C:\Program Files\Microsoft Visual Studio\2022\Community\VC\Tools\MSVC\14.44.35207\include\format(2867,1):
                  veya       'std::basic_format_string<char,wchar_t &,int>::basic_format_string(const std::basic_format_string<char,wchar_t &,int> &)'
                      C:\ShadowStrike\ShadowStrike\src\Shared_modules\Core\FileSystem\MountPointMonitor.cpp(538,41):
                      'std::basic_format_string<char,wchar_t &,int>::basic_format_string(const std::basic_format_string<char,wchar_t &,int> &)' : 1 ba─ş─▒ms─▒z de─şi┼şkeni 'const wchar_t [58]' de─şerinden 'const std::basic_format_string<char,wchar_t &,int> &' de─şerine d├Ân├╝┼şt├╝r├╝lemez
                          C:\ShadowStrike\ShadowStrike\src\Shared_modules\Core\FileSystem\MountPointMonitor.cpp(538,41):
                          Nedeni: 'const wchar_t [58]' de─şerinden 'const std::basic_format_string<char,wchar_t &,int>' de─şerine d├Ân├╝┼şt├╝r├╝lemez
                          C:\ShadowStrike\ShadowStrike\src\Shared_modules\Core\FileSystem\MountPointMonitor.cpp(538,41):
                          D├Ân├╝┼şt├╝rme ikinci bir kullan─▒c─▒ tan─▒ml─▒ d├Ân├╝┼şt├╝rme i┼şleci veya olu┼şturucu gerektiriyor
                  C:\Program Files\Microsoft Visual Studio\2022\Community\VC\Tools\MSVC\14.44.35207\include\format(2850,5):
                  veya       'std::basic_format_string<char,wchar_t &,int>::basic_format_string(const _Ty &)'
                  C:\ShadowStrike\ShadowStrike\src\Shared_modules\Core\FileSystem\MountPointMonitor.cpp(538,41):
                  '(const wchar_t [58])' ba─ş─▒ms─▒z de─şi┼şken listesi e┼şlenmeye ├ğal─▒┼ş─▒l─▒rken
      C:\ShadowStrike\ShadowStrike\src\Shared_modules\Core\FileSystem\MountPointMonitor.cpp(538,36):
      '(const wchar_t [58], wchar_t, int)' ba─ş─▒ms─▒z de─şi┼şken listesi e┼şlenmeye ├ğal─▒┼ş─▒l─▒rken
  
C:\ShadowStrike\ShadowStrike\src\Shared_modules\Core\FileSystem\MountPointMonitor.cpp(551,32): error C2665: 'ShadowStrike::Utils::Logger::Warn': hi├ğbir a┼ş─▒r─▒ y├╝klenmi┼ş i┼şlev t├╝m arg├╝man t├╝rlerini d├Ân├╝┼şt├╝remez [C:\ShadowStrike\ShadowStrike\ShadowStrike.vcxproj]
  ('/src/Shared_modules/Core/FileSystem/MountPointMonitor.cpp' kaynak dosyas─▒ derleniyor)
      C:\ShadowStrike\ShadowStrike\src\Shared_modules\Utils\Logger.hpp(278,16):
      'void ShadowStrike::Utils::Logger::Warn<wchar_t&>(std::basic_format_string<char,wchar_t &>,wchar_t &)' olabilirdi
          C:\ShadowStrike\ShadowStrike\src\Shared_modules\Core\FileSystem\MountPointMonitor.cpp(551,32):
          'void ShadowStrike::Utils::Logger::Warn<wchar_t&>(std::basic_format_string<char,wchar_t &>,wchar_t &)' : 1 ba─ş─▒ms─▒z de─şi┼şkeni 'const wchar_t [46]' de─şerinden 'std::basic_format_string<char,wchar_t &>' de─şerine d├Ân├╝┼şt├╝r├╝lemez
              C:\ShadowStrike\ShadowStrike\src\Shared_modules\Core\FileSystem\MountPointMonitor.cpp(551,37):
              'std::basic_format_string<char,wchar_t &>::basic_format_string': hi├ğbir a┼ş─▒r─▒ y├╝klenmi┼ş i┼şlev t├╝m arg├╝man t├╝rlerini d├Ân├╝┼şt├╝remez
                  C:\Program Files\Microsoft Visual Studio\2022\Community\VC\Tools\MSVC\14.44.35207\include\format(2867,1):
                  'std::basic_format_string<char,wchar_t &>::basic_format_string(std::basic_format_string<char,wchar_t &> &&)' olabilirdi
                      C:\ShadowStrike\ShadowStrike\src\Shared_modules\Core\FileSystem\MountPointMonitor.cpp(551,37):
                      'std::basic_format_string<char,wchar_t &>::basic_format_string(std::basic_format_string<char,wchar_t &> &&)' : 1 ba─ş─▒ms─▒z de─şi┼şkeni 'const wchar_t [46]' de─şerinden 'std::basic_format_string<char,wchar_t &> &&' de─şerine d├Ân├╝┼şt├╝r├╝lemez
                          C:\ShadowStrike\ShadowStrike\src\Shared_modules\Core\FileSystem\MountPointMonitor.cpp(551,37):
                          Nedeni: 'const wchar_t [46]' de─şerinden 'std::basic_format_string<char,wchar_t &>' de─şerine d├Ân├╝┼şt├╝r├╝lemez
                          C:\ShadowStrike\ShadowStrike\src\Shared_modules\Core\FileSystem\MountPointMonitor.cpp(551,37):
                          D├Ân├╝┼şt├╝rme ikinci bir kullan─▒c─▒ tan─▒ml─▒ d├Ân├╝┼şt├╝rme i┼şleci veya olu┼şturucu gerektiriyor
                  C:\Program Files\Microsoft Visual Studio\2022\Community\VC\Tools\MSVC\14.44.35207\include\format(2867,1):
                  veya       'std::basic_format_string<char,wchar_t &>::basic_format_string(const std::basic_format_string<char,wchar_t &> &)'
                      C:\ShadowStrike\ShadowStrike\src\Shared_modules\Core\FileSystem\MountPointMonitor.cpp(551,37):
                      'std::basic_format_string<char,wchar_t &>::basic_format_string(const std::basic_format_string<char,wchar_t &> &)' : 1 ba─ş─▒ms─▒z de─şi┼şkeni 'const wchar_t [46]' de─şerinden 'const std::basic_format_string<char,wchar_t &> &' de─şerine d├Ân├╝┼şt├╝r├╝lemez
                          C:\ShadowStrike\ShadowStrike\src\Shared_modules\Core\FileSystem\MountPointMonitor.cpp(551,37):
                          Nedeni: 'const wchar_t [46]' de─şerinden 'const std::basic_format_string<char,wchar_t &>' de─şerine d├Ân├╝┼şt├╝r├╝lemez
                          C:\ShadowStrike\ShadowStrike\src\Shared_modules\Core\FileSystem\MountPointMonitor.cpp(551,37):
                          D├Ân├╝┼şt├╝rme ikinci bir kullan─▒c─▒ tan─▒ml─▒ d├Ân├╝┼şt├╝rme i┼şleci veya olu┼şturucu gerektiriyor
                  C:\Program Files\Microsoft Visual Studio\2022\Community\VC\Tools\MSVC\14.44.35207\include\format(2850,5):
                  veya       'std::basic_format_string<char,wchar_t &>::basic_format_string(const _Ty &)'
                  C:\ShadowStrike\ShadowStrike\src\Shared_modules\Core\FileSystem\MountPointMonitor.cpp(551,37):
                  '(const wchar_t [46])' ba─ş─▒ms─▒z de─şi┼şken listesi e┼şlenmeye ├ğal─▒┼ş─▒l─▒rken
      C:\ShadowStrike\ShadowStrike\src\Shared_modules\Core\FileSystem\MountPointMonitor.cpp(551,32):
      '(const wchar_t [46], wchar_t)' ba─ş─▒ms─▒z de─şi┼şken listesi e┼şlenmeye ├ğal─▒┼ş─▒l─▒rken
  
C:\ShadowStrike\ShadowStrike\src\Shared_modules\Core\FileSystem\FileTypeAnalyzer.cpp(1210,13): error C2653: 'Logger': bir s─▒n─▒f veya ad alan─▒ ad─▒ de─şil [C:\ShadowStrike\ShadowStrike\ShadowStrike.vcxproj]
  ('/src/Shared_modules/Core/FileSystem/FileTypeAnalyzer.cpp' kaynak dosyas─▒ derleniyor)
  
C:\ShadowStrike\ShadowStrike\src\Shared_modules\Core\FileSystem\FileTypeAnalyzer.cpp(1210,21): error C3861: 'Warn': tan─▒mlay─▒c─▒ bulunamad─▒ [C:\ShadowStrike\ShadowStrike\ShadowStrike.vcxproj]
  ('/src/Shared_modules/Core/FileSystem/FileTypeAnalyzer.cpp' kaynak dosyas─▒ derleniyor)
  
  RouterSecurityChecker.cpp
C:\ShadowStrike\ShadowStrike\src\Shared_modules\Core\FileSystem\FileTypeAnalyzer.cpp(1325,51): error C2039: 'WideToUtf8': bir 'ShadowStrike::Utils::StringUtils' ├╝yesi de─şil [C:\ShadowStrike\ShadowStrike\ShadowStrike.vcxproj]
  ('/src/Shared_modules/Core/FileSystem/FileTypeAnalyzer.cpp' kaynak dosyas─▒ derleniyor)
      C:\ShadowStrike\ShadowStrike\src\Shared_modules\Utils\StringUtils.hpp(63,19):
      'ShadowStrike::Utils::StringUtils' bildirimine bak─▒n
  
C:\ShadowStrike\ShadowStrike\src\Shared_modules\Core\FileSystem\FileTypeAnalyzer.cpp(1325,51): error C3861: 'WideToUtf8': tan─▒mlay─▒c─▒ bulunamad─▒ [C:\ShadowStrike\ShadowStrike\ShadowStrike.vcxproj]
  ('/src/Shared_modules/Core/FileSystem/FileTypeAnalyzer.cpp' kaynak dosyas─▒ derleniyor)
  
C:\ShadowStrike\ShadowStrike\src\Shared_modules\Core\Engine\EmulationEngine.hpp(351,22): error C2059: s├Âzdizimi hatas─▒: 'sabit' [C:\ShadowStrike\ShadowStrike\ShadowStrike.vcxproj]
  ('/src/Shared_modules/Core/Engine/ThreatDetector.cpp' kaynak dosyas─▒ derleniyor)
  
C:\ShadowStrike\ShadowStrike\src\Shared_modules\Core\Engine\EmulationEngine.hpp(660,12): error C2011: 'ShadowStrike::Core::Engine::PackerType': 'unsigned enum' t├╝r├╝ yeniden tan─▒m─▒ [C:\ShadowStrike\ShadowStrike\ShadowStrike.vcxproj]
  ('/src/Shared_modules/Core/Engine/ThreatDetector.cpp' kaynak dosyas─▒ derleniyor)
      C:\ShadowStrike\ShadowStrike\src\Shared_modules\Core\Engine\HeuristicAnalyzer.hpp(492,12):
      'ShadowStrike::Core::Engine::PackerType' bildirimine bak─▒n
  
C:\ShadowStrike\ShadowStrike\src\Shared_modules\Core\FileSystem\FileTypeAnalyzer.cpp(1380,51): error C2039: 'WideToUtf8': bir 'ShadowStrike::Utils::StringUtils' ├╝yesi de─şil [C:\ShadowStrike\ShadowStrike\ShadowStrike.vcxproj]
  ('/src/Shared_modules/Core/FileSystem/FileTypeAnalyzer.cpp' kaynak dosyas─▒ derleniyor)
      C:\ShadowStrike\ShadowStrike\src\Shared_modules\Utils\StringUtils.hpp(63,19):
      'ShadowStrike::Utils::StringUtils' bildirimine bak─▒n
  
C:\ShadowStrike\ShadowStrike\src\Shared_modules\Core\Engine\EmulationEngine.hpp(745,26): error C2027: tan─▒ms─▒z 'ShadowStrike::Core::Engine::PackerType' t├╝r├╝ kullan─▒ld─▒ [C:\ShadowStrike\ShadowStrike\ShadowStrike.vcxproj]
  ('/src/Shared_modules/Core/Engine/ThreatDetector.cpp' kaynak dosyas─▒ derleniyor)
      C:\ShadowStrike\ShadowStrike\src\Shared_modules\Core\Engine\HeuristicAnalyzer.hpp(492,12):
      'ShadowStrike::Core::Engine::PackerType' bildirimine bak─▒n
  
C:\ShadowStrike\ShadowStrike\src\Shared_modules\Core\FileSystem\FileTypeAnalyzer.cpp(1380,51): error C3861: 'WideToUtf8': tan─▒mlay─▒c─▒ bulunamad─▒ [C:\ShadowStrike\ShadowStrike\ShadowStrike.vcxproj]
  ('/src/Shared_modules/Core/FileSystem/FileTypeAnalyzer.cpp' kaynak dosyas─▒ derleniyor)
  
C:\ShadowStrike\ShadowStrike\src\Shared_modules\Core\Engine\EmulationEngine.hpp(745,26): error C2065: 'Unknown': bildirimi yap─▒lmam─▒┼ş tan─▒mlay─▒c─▒ [C:\ShadowStrike\ShadowStrike\ShadowStrike.vcxproj]
  SmartHomeProtection.cpp
  ('/src/Shared_modules/Core/Engine/ThreatDetector.cpp' kaynak dosyas─▒ derleniyor)
  
C:\ShadowStrike\ShadowStrike\src\Shared_modules\Core\Engine\EmulationEngine.hpp(745,26): error C2131: ifade sabit olarak de─şerlendirilmedi [C:\ShadowStrike\ShadowStrike\ShadowStrike.vcxproj]
  WiFiSecurityAnalyzer.cpp
  ('/src/Shared_modules/Core/Engine/ThreatDetector.cpp' kaynak dosyas─▒ derleniyor)
      C:\ShadowStrike\ShadowStrike\src\Shared_modules\Core\Engine\EmulationEngine.hpp(745,26):
      sabit olmayan bir (alt) ifade ile kar┼ş─▒la┼ş─▒ld─▒
  
C:\ShadowStrike\ShadowStrike\src\Shared_modules\Core\FileSystem\MountPointMonitor.cpp(600,28): error C2665: 'ShadowStrike::Utils::Logger::Info': hi├ğbir a┼ş─▒r─▒ y├╝klenmi┼ş i┼şlev t├╝m arg├╝man t├╝rlerini d├Ân├╝┼şt├╝remez [C:\ShadowStrike\ShadowStrike\ShadowStrike.vcxproj]
  ('/src/Shared_modules/Core/FileSystem/MountPointMonitor.cpp' kaynak dosyas─▒ derleniyor)
      C:\ShadowStrike\ShadowStrike\src\Shared_modules\Utils\Logger.hpp(282,16):
      'void ShadowStrike::Utils::Logger::Info<wchar_t&,int,std::wstring&,int>(std::basic_format_string<char,wchar_t &,int,std::wstring &,int>,wchar_t &,int &&,std::wstring &,int &&)' olabilirdi
          C:\ShadowStrike\ShadowStrike\src\Shared_modules\Core\FileSystem\MountPointMonitor.cpp(600,28):
          'void ShadowStrike::Utils::Logger::Info<wchar_t&,int,std::wstring&,int>(std::basic_format_string<char,wchar_t &,int,std::wstring &,int>,wchar_t &,int &&,std::wstring &,int &&)' : 1 ba─ş─▒ms─▒z de─şi┼şkeni 'const wchar_t [71]' de─şerinden 'std::basic_format_string<char,wchar_t &,int,std::wstring &,int>' de─şerine d├Ân├╝┼şt├╝r├╝lemez
              C:\ShadowStrike\ShadowStrike\src\Shared_modules\Core\FileSystem\MountPointMonitor.cpp(600,33):
              'std::basic_format_string<char,wchar_t &,int,std::wstring &,int>::basic_format_string': hi├ğbir a┼ş─▒r─▒ y├╝klenmi┼ş i┼şlev t├╝m arg├╝man t├╝rlerini d├Ân├╝┼şt├╝remez
                  C:\Program Files\Microsoft Visual Studio\2022\Community\VC\Tools\MSVC\14.44.35207\include\format(2867,1):
                  'std::basic_format_string<char,wchar_t &,int,std::wstring &,int>::basic_format_string(std::basic_format_string<char,wchar_t &,int,std::wstring &,int> &&)' olabilirdi
                      C:\ShadowStrike\ShadowStrike\src\Shared_modules\Core\FileSystem\MountPointMonitor.cpp(600,33):
                      'std::basic_format_string<char,wchar_t &,int,std::wstring &,int>::basic_format_string(std::basic_format_string<char,wchar_t &,int,std::wstring &,int> &&)' : 1 ba─ş─▒ms─▒z de─şi┼şkeni 'const wchar_t [71]' de─şerinden 'std::basic_format_string<char,wchar_t &,int,std::wstring &,int> &&' de─şerine d├Ân├╝┼şt├╝r├╝lemez
                          C:\ShadowStrike\ShadowStrike\src\Shared_modules\Core\FileSystem\MountPointMonitor.cpp(600,33):
                          Nedeni: 'const wchar_t [71]' de─şerinden 'std::basic_format_string<char,wchar_t &,int,std::wstring &,int>' de─şerine d├Ân├╝┼şt├╝r├╝lemez
                          C:\ShadowStrike\ShadowStrike\src\Shared_modules\Core\FileSystem\MountPointMonitor.cpp(600,33):
                          D├Ân├╝┼şt├╝rme ikinci bir kullan─▒c─▒ tan─▒ml─▒ d├Ân├╝┼şt├╝rme i┼şleci veya olu┼şturucu gerektiriyor
                  C:\Program Files\Microsoft Visual Studio\2022\Community\VC\Tools\MSVC\14.44.35207\include\format(2867,1):
                  veya       'std::basic_format_string<char,wchar_t &,int,std::wstring &,int>::basic_format_string(const std::basic_format_string<char,wchar_t &,int,std::wstring &,int> &)'
                      C:\ShadowStrike\ShadowStrike\src\Shared_modules\Core\FileSystem\MountPointMonitor.cpp(600,33):
                      'std::basic_format_string<char,wchar_t &,int,std::wstring &,int>::basic_format_string(const std::basic_format_string<char,wchar_t &,int,std::wstring &,int> &)' : 1 ba─ş─▒ms─▒z de─şi┼şkeni 'const wchar_t [71]' de─şerinden 'const std::basic_format_string<char,wchar_t &,int,std::wstring &,int> &' de─şerine d├Ân├╝┼şt├╝r├╝lemez
                          C:\ShadowStrike\ShadowStrike\src\Shared_modules\Core\FileSystem\MountPointMonitor.cpp(600,33):
                          Nedeni: 'const wchar_t [71]' de─şerinden 'const std::basic_format_string<char,wchar_t &,int,std::wstring &,int>' de─şerine d├Ân├╝┼şt├╝r├╝lemez
                          C:\ShadowStrike\ShadowStrike\src\Shared_modules\Core\FileSystem\MountPointMonitor.cpp(600,33):
                          D├Ân├╝┼şt├╝rme ikinci bir kullan─▒c─▒ tan─▒ml─▒ d├Ân├╝┼şt├╝rme i┼şleci veya olu┼şturucu gerektiriyor
                  C:\Program Files\Microsoft Visual Studio\2022\Community\VC\Tools\MSVC\14.44.35207\include\format(2850,5):
                  veya       'std::basic_format_string<char,wchar_t &,int,std::wstring &,int>::basic_format_string(const _Ty &)'
                  C:\ShadowStrike\ShadowStrike\src\Shared_modules\Core\FileSystem\MountPointMonitor.cpp(600,33):
                  '(const wchar_t [71])' ba─ş─▒ms─▒z de─şi┼şken listesi e┼şlenmeye ├ğal─▒┼ş─▒l─▒rken
      C:\ShadowStrike\ShadowStrike\src\Shared_modules\Core\FileSystem\MountPointMonitor.cpp(600,28):
      '(const wchar_t [71], wchar_t, int, std::wstring, int)' ba─ş─▒ms─▒z de─şi┼şken listesi e┼şlenmeye ├ğal─▒┼ş─▒l─▒rken
  
C:\ShadowStrike\ShadowStrike\src\Shared_modules\Core\Engine\EmulationEngine.hpp(746,26): error C2027: tan─▒ms─▒z 'ShadowStrike::Core::Engine::PackerType' t├╝r├╝ kullan─▒ld─▒ [C:\ShadowStrike\ShadowStrike\ShadowStrike.vcxproj]
  ('/src/Shared_modules/Core/Engine/ThreatDetector.cpp' kaynak dosyas─▒ derleniyor)
      C:\ShadowStrike\ShadowStrike\src\Shared_modules\Core\Engine\HeuristicAnalyzer.hpp(492,12):
      'ShadowStrike::Core::Engine::PackerType' bildirimine bak─▒n
  
C:\ShadowStrike\ShadowStrike\src\Shared_modules\Core\FileSystem\MountPointMonitor.cpp(609,52): error C2039: 'Utf8ToWide': bir 'ShadowStrike::Utils::StringUtils' ├╝yesi de─şil [C:\ShadowStrike\ShadowStrike\ShadowStrike.vcxproj]
  ('/src/Shared_modules/Core/FileSystem/MountPointMonitor.cpp' kaynak dosyas─▒ derleniyor)
      C:\ShadowStrike\ShadowStrike\src\Shared_modules\Utils\StringUtils.hpp(63,19):
      'ShadowStrike::Utils::StringUtils' bildirimine bak─▒n
  
C:\ShadowStrike\ShadowStrike\src\Shared_modules\Core\Engine\EmulationEngine.hpp(746,26): error C2065: 'UPX': bildirimi yap─▒lmam─▒┼ş tan─▒mlay─▒c─▒ [C:\ShadowStrike\ShadowStrike\ShadowStrike.vcxproj]
  ('/src/Shared_modules/Core/Engine/ThreatDetector.cpp' kaynak dosyas─▒ derleniyor)
  
C:\ShadowStrike\ShadowStrike\src\Shared_modules\Core\FileSystem\MountPointMonitor.cpp(609,52): error C3861: 'Utf8ToWide': tan─▒mlay─▒c─▒ bulunamad─▒ [C:\ShadowStrike\ShadowStrike\ShadowStrike.vcxproj]
  ('/src/Shared_modules/Core/FileSystem/MountPointMonitor.cpp' kaynak dosyas─▒ derleniyor)
  
C:\ShadowStrike\ShadowStrike\src\Shared_modules\Core\Engine\EmulationEngine.hpp(746,26): error C2131: ifade sabit olarak de─şerlendirilmedi [C:\ShadowStrike\ShadowStrike\ShadowStrike.vcxproj]
  ('/src/Shared_modules/Core/Engine/ThreatDetector.cpp' kaynak dosyas─▒ derleniyor)
      C:\ShadowStrike\ShadowStrike\src\Shared_modules\Core\Engine\EmulationEngine.hpp(746,26):
      sabit olmayan bir (alt) ifade ile kar┼ş─▒la┼ş─▒ld─▒
  
C:\ShadowStrike\ShadowStrike\src\Shared_modules\Core\FileSystem\FileTypeAnalyzer.cpp(1408,59): error C2039: 'Utf8ToWide': bir 'ShadowStrike::Utils::StringUtils' ├╝yesi de─şil [C:\ShadowStrike\ShadowStrike\ShadowStrike.vcxproj]
  ('/src/Shared_modules/Core/FileSystem/FileTypeAnalyzer.cpp' kaynak dosyas─▒ derleniyor)
      C:\ShadowStrike\ShadowStrike\src\Shared_modules\Utils\StringUtils.hpp(63,19):
      'ShadowStrike::Utils::StringUtils' bildirimine bak─▒n
  
C:\ShadowStrike\ShadowStrike\src\Shared_modules\Core\Engine\EmulationEngine.hpp(747,26): error C2027: tan─▒ms─▒z 'ShadowStrike::Core::Engine::PackerType' t├╝r├╝ kullan─▒ld─▒ [C:\ShadowStrike\ShadowStrike\ShadowStrike.vcxproj]
  ('/src/Shared_modules/Core/Engine/ThreatDetector.cpp' kaynak dosyas─▒ derleniyor)
      C:\ShadowStrike\ShadowStrike\src\Shared_modules\Core\Engine\HeuristicAnalyzer.hpp(492,12):
      'ShadowStrike::Core::Engine::PackerType' bildirimine bak─▒n
  
C:\ShadowStrike\ShadowStrike\src\Shared_modules\Core\FileSystem\FileTypeAnalyzer.cpp(1408,59): error C3861: 'Utf8ToWide': tan─▒mlay─▒c─▒ bulunamad─▒ [C:\ShadowStrike\ShadowStrike\ShadowStrike.vcxproj]
  ('/src/Shared_modules/Core/FileSystem/FileTypeAnalyzer.cpp' kaynak dosyas─▒ derleniyor)
  
C:\ShadowStrike\ShadowStrike\src\Shared_modules\Core\Engine\EmulationEngine.hpp(747,26): error C2065: 'ASPack': bildirimi yap─▒lmam─▒┼ş tan─▒mlay─▒c─▒ [C:\ShadowStrike\ShadowStrike\ShadowStrike.vcxproj]
  ('/src/Shared_modules/Core/Engine/ThreatDetector.cpp' kaynak dosyas─▒ derleniyor)
  
C:\ShadowStrike\ShadowStrike\src\Shared_modules\Core\Engine\EmulationEngine.hpp(747,26): error C2131: ifade sabit olarak de─şerlendirilmedi [C:\ShadowStrike\ShadowStrike\ShadowStrike.vcxproj]
  ('/src/Shared_modules/Core/Engine/ThreatDetector.cpp' kaynak dosyas─▒ derleniyor)
      C:\ShadowStrike\ShadowStrike\src\Shared_modules\Core\Engine\EmulationEngine.hpp(747,26):
      sabit olmayan bir (alt) ifade ile kar┼ş─▒la┼ş─▒ld─▒
  
C:\ShadowStrike\ShadowStrike\src\Shared_modules\Core\FileSystem\MountPointMonitor.cpp(608,28): error C2660: 'ShadowStrike::Utils::Logger::Error': i┼şlev 2 ba─ş─▒ms─▒z de─şi┼şken alm─▒yor [C:\ShadowStrike\ShadowStrike\ShadowStrike.vcxproj]
  ('/src/Shared_modules/Core/FileSystem/MountPointMonitor.cpp' kaynak dosyas─▒ derleniyor)
      C:\ShadowStrike\ShadowStrike\src\Shared_modules\Utils\Logger.hpp(263,16):
      'ShadowStrike::Utils::Logger::Error' bildirimine bak─▒n
      C:\ShadowStrike\ShadowStrike\src\Shared_modules\Utils\Logger.hpp(274,16):
      'void ShadowStrike::Utils::Logger::Error(std::basic_format_string<char,type_identity<_Args>::type...>,Args ...)' olabilirdi
          C:\ShadowStrike\ShadowStrike\src\Shared_modules\Core\FileSystem\MountPointMonitor.cpp(608,28):
          'void ShadowStrike::Utils::Logger::Error(std::basic_format_string<char,type_identity<_Args>::type...>,Args ...)' i┼şlev ┼şablonu ├Âzelle┼ştirilemedi
              C:\ShadowStrike\ShadowStrike\src\Shared_modules\Core\FileSystem\MountPointMonitor.cpp(608,28):
              ┼Şu ┼şablon ba─ş─▒ms─▒z de─şi┼şkenleriyle:
                  C:\ShadowStrike\ShadowStrike\src\Shared_modules\Core\FileSystem\MountPointMonitor.cpp(608,28):
                  'Args={<error type>}'
      C:\ShadowStrike\ShadowStrike\src\Shared_modules\Core\FileSystem\MountPointMonitor.cpp(608,28):
      '(const wchar_t [56], <error type>)' ba─ş─▒ms─▒z de─şi┼şken listesi e┼şlenmeye ├ğal─▒┼ş─▒l─▒rken
  
C:\ShadowStrike\ShadowStrike\src\Shared_modules\Core\Engine\EmulationEngine.hpp(748,26): error C2027: tan─▒ms─▒z 'ShadowStrike::Core::Engine::PackerType' t├╝r├╝ kullan─▒ld─▒ [C:\ShadowStrike\ShadowStrike\ShadowStrike.vcxproj]
  ('/src/Shared_modules/Core/Engine/ThreatDetector.cpp' kaynak dosyas─▒ derleniyor)
      C:\ShadowStrike\ShadowStrike\src\Shared_modules\Core\Engine\HeuristicAnalyzer.hpp(492,12):
      'ShadowStrike::Core::Engine::PackerType' bildirimine bak─▒n
  
C:\ShadowStrike\ShadowStrike\src\Shared_modules\Core\Engine\EmulationEngine.hpp(748,26): error C2065: 'PECompact': bildirimi yap─▒lmam─▒┼ş tan─▒mlay─▒c─▒ [C:\ShadowStrike\ShadowStrike\ShadowStrike.vcxproj]
  ('/src/Shared_modules/Core/Engine/ThreatDetector.cpp' kaynak dosyas─▒ derleniyor)
  
C:\ShadowStrike\ShadowStrike\src\Shared_modules\Core\Engine\EmulationEngine.hpp(748,26): error C2131: ifade sabit olarak de─şerlendirilmedi [C:\ShadowStrike\ShadowStrike\ShadowStrike.vcxproj]
  ('/src/Shared_modules/Core/Engine/ThreatDetector.cpp' kaynak dosyas─▒ derleniyor)
      C:\ShadowStrike\ShadowStrike\src\Shared_modules\Core\Engine\EmulationEngine.hpp(748,26):
      sabit olmayan bir (alt) ifade ile kar┼ş─▒la┼ş─▒ld─▒
  
C:\ShadowStrike\ShadowStrike\src\Shared_modules\Core\FileSystem\FileTypeAnalyzer.cpp(1408,17): error C2593: 'operator =' belirsiz [C:\ShadowStrike\ShadowStrike\ShadowStrike.vcxproj]
  ('/src/Shared_modules/Core/FileSystem/FileTypeAnalyzer.cpp' kaynak dosyas─▒ derleniyor)
      C:\Program Files\Microsoft Visual Studio\2022\Community\VC\Tools\MSVC\14.44.35207\include\xstring(1453,32):
      'std::basic_string<wchar_t,std::char_traits<wchar_t>,std::allocator<wchar_t>> &std::basic_string<wchar_t,std::char_traits<wchar_t>,std::allocator<wchar_t>>::operator =(const _Elem)' olabilirdi
          with
          [
              _Elem=wchar_t
          ]
      C:\Program Files\Microsoft Visual Studio\2022\Community\VC\Tools\MSVC\14.44.35207\include\xstring(1450,19):
      veya       'std::basic_string<wchar_t,std::char_traits<wchar_t>,std::allocator<wchar_t>> &std::basic_string<wchar_t,std::char_traits<wchar_t>,std::allocator<wchar_t>>::operator =(std::nullptr_t)'
      C:\Program Files\Microsoft Visual Studio\2022\Community\VC\Tools\MSVC\14.44.35207\include\xstring(1445,32):
      veya       'std::basic_string<wchar_t,std::char_traits<wchar_t>,std::allocator<wchar_t>> &std::basic_string<wchar_t,std::char_traits<wchar_t>,std::allocator<wchar_t>>::operator =(const _Elem *const )'
          with
          [
              _Elem=wchar_t
          ]
      C:\Program Files\Microsoft Visual Studio\2022\Community\VC\Tools\MSVC\14.44.35207\include\xstring(1394,32):
      veya       'std::basic_string<wchar_t,std::char_traits<wchar_t>,std::allocator<wchar_t>> &std::basic_string<wchar_t,std::char_traits<wchar_t>,std::allocator<wchar_t>>::operator =(const std::basic_string<wchar_t,std::char_traits<wchar_t>,std::allocator<wchar_t>> &)'
      C:\Program Files\Microsoft Visual Studio\2022\Community\VC\Tools\MSVC\14.44.35207\include\xstring(1345,32):
      veya       'std::basic_string<wchar_t,std::char_traits<wchar_t>,std::allocator<wchar_t>> &std::basic_string<wchar_t,std::char_traits<wchar_t>,std::allocator<wchar_t>>::operator =(std::initializer_list<_Elem>)'
          with
          [
              _Elem=wchar_t
          ]
      C:\Program Files\Microsoft Visual Studio\2022\Community\VC\Tools\MSVC\14.44.35207\include\xstring(1224,32):
      veya       'std::basic_string<wchar_t,std::char_traits<wchar_t>,std::allocator<wchar_t>> &std::basic_string<wchar_t,std::char_traits<wchar_t>,std::allocator<wchar_t>>::operator =(std::basic_string<wchar_t,std::char_traits<wchar_t>,std::allocator<wchar_t>> &&) noexcept'
      C:\ShadowStrike\ShadowStrike\src\Shared_modules\Core\FileSystem\FileTypeAnalyzer.cpp(1408,17):
      '(std::wstring, <error type>)' ba─ş─▒ms─▒z de─şi┼şken listesi e┼şlenmeye ├ğal─▒┼ş─▒l─▒rken
  
C:\ShadowStrike\ShadowStrike\src\Shared_modules\Core\FileSystem\FileTypeAnalyzer.cpp(1412,13): error C2653: 'Logger': bir s─▒n─▒f veya ad alan─▒ ad─▒ de─şil [C:\ShadowStrike\ShadowStrike\ShadowStrike.vcxproj]
  ('/src/Shared_modules/Core/FileSystem/FileTypeAnalyzer.cpp' kaynak dosyas─▒ derleniyor)
  
C:\ShadowStrike\ShadowStrike\src\Shared_modules\Core\Engine\EmulationEngine.hpp(749,26): error C2027: tan─▒ms─▒z 'ShadowStrike::Core::Engine::PackerType' t├╝r├╝ kullan─▒ld─▒ [C:\ShadowStrike\ShadowStrike\ShadowStrike.vcxproj]
  ('/src/Shared_modules/Core/Engine/ThreatDetector.cpp' kaynak dosyas─▒ derleniyor)
      C:\ShadowStrike\ShadowStrike\src\Shared_modules\Core\Engine\HeuristicAnalyzer.hpp(492,12):
      'ShadowStrike::Core::Engine::PackerType' bildirimine bak─▒n
  
C:\ShadowStrike\ShadowStrike\src\Shared_modules\Core\FileSystem\FileTypeAnalyzer.cpp(1412,21): error C3861: 'Warn': tan─▒mlay─▒c─▒ bulunamad─▒ [C:\ShadowStrike\ShadowStrike\ShadowStrike.vcxproj]
  ('/src/Shared_modules/Core/FileSystem/FileTypeAnalyzer.cpp' kaynak dosyas─▒ derleniyor)
  
C:\ShadowStrike\ShadowStrike\src\Shared_modules\Core\Engine\EmulationEngine.hpp(749,26): error C2065: 'FSG': bildirimi yap─▒lmam─▒┼ş tan─▒mlay─▒c─▒ [C:\ShadowStrike\ShadowStrike\ShadowStrike.vcxproj]
  ('/src/Shared_modules/Core/Engine/ThreatDetector.cpp' kaynak dosyas─▒ derleniyor)
  
C:\ShadowStrike\ShadowStrike\src\Shared_modules\Core\Engine\EmulationEngine.hpp(749,26): error C2131: ifade sabit olarak de─şerlendirilmedi [C:\ShadowStrike\ShadowStrike\ShadowStrike.vcxproj]
  ('/src/Shared_modules/Core/Engine/ThreatDetector.cpp' kaynak dosyas─▒ derleniyor)
      C:\ShadowStrike\ShadowStrike\src\Shared_modules\Core\Engine\EmulationEngine.hpp(749,26):
      sabit olmayan bir (alt) ifade ile kar┼ş─▒la┼ş─▒ld─▒
  
C:\ShadowStrike\ShadowStrike\src\Shared_modules\Core\Engine\EmulationEngine.hpp(750,26): error C2027: tan─▒ms─▒z 'ShadowStrike::Core::Engine::PackerType' t├╝r├╝ kullan─▒ld─▒ [C:\ShadowStrike\ShadowStrike\ShadowStrike.vcxproj]
  ('/src/Shared_modules/Core/Engine/ThreatDetector.cpp' kaynak dosyas─▒ derleniyor)
      C:\ShadowStrike\ShadowStrike\src\Shared_modules\Core\Engine\HeuristicAnalyzer.hpp(492,12):
      'ShadowStrike::Core::Engine::PackerType' bildirimine bak─▒n
  
C:\ShadowStrike\ShadowStrike\src\Shared_modules\Core\Engine\EmulationEngine.hpp(750,26): error C2065: 'MEW': bildirimi yap─▒lmam─▒┼ş tan─▒mlay─▒c─▒ [C:\ShadowStrike\ShadowStrike\ShadowStrike.vcxproj]
  ('/src/Shared_modules/Core/Engine/ThreatDetector.cpp' kaynak dosyas─▒ derleniyor)
  
C:\ShadowStrike\ShadowStrike\src\Shared_modules\Core\Engine\EmulationEngine.hpp(750,26): error C2131: ifade sabit olarak de─şerlendirilmedi [C:\ShadowStrike\ShadowStrike\ShadowStrike.vcxproj]
  ('/src/Shared_modules/Core/Engine/ThreatDetector.cpp' kaynak dosyas─▒ derleniyor)
      C:\ShadowStrike\ShadowStrike\src\Shared_modules\Core\Engine\EmulationEngine.hpp(750,26):
      sabit olmayan bir (alt) ifade ile kar┼ş─▒la┼ş─▒ld─▒
  
C:\ShadowStrike\ShadowStrike\src\Shared_modules\Core\Engine\EmulationEngine.hpp(751,26): error C2027: tan─▒ms─▒z 'ShadowStrike::Core::Engine::PackerType' t├╝r├╝ kullan─▒ld─▒ [C:\ShadowStrike\ShadowStrike\ShadowStrike.vcxproj]
  ('/src/Shared_modules/Core/Engine/ThreatDetector.cpp' kaynak dosyas─▒ derleniyor)
      C:\ShadowStrike\ShadowStrike\src\Shared_modules\Core\Engine\HeuristicAnalyzer.hpp(492,12):
      'ShadowStrike::Core::Engine::PackerType' bildirimine bak─▒n
  
C:\ShadowStrike\ShadowStrike\src\Shared_modules\Core\Engine\EmulationEngine.hpp(751,26): error C2065: 'MPRESS': bildirimi yap─▒lmam─▒┼ş tan─▒mlay─▒c─▒ [C:\ShadowStrike\ShadowStrike\ShadowStrike.vcxproj]
  ('/src/Shared_modules/Core/Engine/ThreatDetector.cpp' kaynak dosyas─▒ derleniyor)
  
C:\ShadowStrike\ShadowStrike\src\Shared_modules\Core\Engine\EmulationEngine.hpp(751,26): error C2131: ifade sabit olarak de─şerlendirilmedi [C:\ShadowStrike\ShadowStrike\ShadowStrike.vcxproj]
  ('/src/Shared_modules/Core/Engine/ThreatDetector.cpp' kaynak dosyas─▒ derleniyor)
      C:\ShadowStrike\ShadowStrike\src\Shared_modules\Core\Engine\EmulationEngine.hpp(751,26):
      sabit olmayan bir (alt) ifade ile kar┼ş─▒la┼ş─▒ld─▒
  
C:\ShadowStrike\ShadowStrike\src\Shared_modules\Core\Engine\EmulationEngine.hpp(752,26): error C2027: tan─▒ms─▒z 'ShadowStrike::Core::Engine::PackerType' t├╝r├╝ kullan─▒ld─▒ [C:\ShadowStrike\ShadowStrike\ShadowStrike.vcxproj]
  ('/src/Shared_modules/Core/Engine/ThreatDetector.cpp' kaynak dosyas─▒ derleniyor)
      C:\ShadowStrike\ShadowStrike\src\Shared_modules\Core\Engine\HeuristicAnalyzer.hpp(492,12):
      'ShadowStrike::Core::Engine::PackerType' bildirimine bak─▒n
  
C:\ShadowStrike\ShadowStrike\src\Shared_modules\Core\Engine\EmulationEngine.hpp(752,26): error C2065: 'Petite': bildirimi yap─▒lmam─▒┼ş tan─▒mlay─▒c─▒ [C:\ShadowStrike\ShadowStrike\ShadowStrike.vcxproj]
  ('/src/Shared_modules/Core/Engine/ThreatDetector.cpp' kaynak dosyas─▒ derleniyor)
  
C:\ShadowStrike\ShadowStrike\src\Shared_modules\Core\Engine\EmulationEngine.hpp(752,26): error C2131: ifade sabit olarak de─şerlendirilmedi [C:\ShadowStrike\ShadowStrike\ShadowStrike.vcxproj]
  ('/src/Shared_modules/Core/Engine/ThreatDetector.cpp' kaynak dosyas─▒ derleniyor)
      C:\ShadowStrike\ShadowStrike\src\Shared_modules\Core\Engine\EmulationEngine.hpp(752,26):
      sabit olmayan bir (alt) ifade ile kar┼ş─▒la┼ş─▒ld─▒
  
C:\ShadowStrike\ShadowStrike\src\Shared_modules\Core\Engine\EmulationEngine.hpp(753,26): error C2027: tan─▒ms─▒z 'ShadowStrike::Core::Engine::PackerType' t├╝r├╝ kullan─▒ld─▒ [C:\ShadowStrike\ShadowStrike\ShadowStrike.vcxproj]
  ('/src/Shared_modules/Core/Engine/ThreatDetector.cpp' kaynak dosyas─▒ derleniyor)
      C:\ShadowStrike\ShadowStrike\src\Shared_modules\Core\Engine\HeuristicAnalyzer.hpp(492,12):
      'ShadowStrike::Core::Engine::PackerType' bildirimine bak─▒n
  
C:\ShadowStrike\ShadowStrike\src\Shared_modules\Core\Engine\EmulationEngine.hpp(753,26): error C2065: 'NsPack': bildirimi yap─▒lmam─▒┼ş tan─▒mlay─▒c─▒ [C:\ShadowStrike\ShadowStrike\ShadowStrike.vcxproj]
  ('/src/Shared_modules/Core/Engine/ThreatDetector.cpp' kaynak dosyas─▒ derleniyor)
  
C:\ShadowStrike\ShadowStrike\src\Shared_modules\Core\Engine\EmulationEngine.hpp(753,26): error C2131: ifade sabit olarak de─şerlendirilmedi [C:\ShadowStrike\ShadowStrike\ShadowStrike.vcxproj]
  ('/src/Shared_modules/Core/Engine/ThreatDetector.cpp' kaynak dosyas─▒ derleniyor)
      C:\ShadowStrike\ShadowStrike\src\Shared_modules\Core\Engine\EmulationEngine.hpp(753,26):
      sabit olmayan bir (alt) ifade ile kar┼ş─▒la┼ş─▒ld─▒
  
C:\ShadowStrike\ShadowStrike\src\Shared_modules\Core\Engine\EmulationEngine.hpp(754,26): error C2027: tan─▒ms─▒z 'ShadowStrike::Core::Engine::PackerType' t├╝r├╝ kullan─▒ld─▒ [C:\ShadowStrike\ShadowStrike\ShadowStrike.vcxproj]
  Main.cpp
  ('/src/Shared_modules/Core/Engine/ThreatDetector.cpp' kaynak dosyas─▒ derleniyor)
      C:\ShadowStrike\ShadowStrike\src\Shared_modules\Core\Engine\HeuristicAnalyzer.hpp(492,12):
      'ShadowStrike::Core::Engine::PackerType' bildirimine bak─▒n
  
C:\ShadowStrike\ShadowStrike\src\Shared_modules\Core\Engine\EmulationEngine.hpp(754,26): error C2065: 'Themida': bildirimi yap─▒lmam─▒┼ş tan─▒mlay─▒c─▒ [C:\ShadowStrike\ShadowStrike\ShadowStrike.vcxproj]
  ('/src/Shared_modules/Core/Engine/ThreatDetector.cpp' kaynak dosyas─▒ derleniyor)
  
C:\ShadowStrike\ShadowStrike\src\Shared_modules\Core\Engine\EmulationEngine.hpp(754,26): error C2131: ifade sabit olarak de─şerlendirilmedi [C:\ShadowStrike\ShadowStrike\ShadowStrike.vcxproj]
  ('/src/Shared_modules/Core/Engine/ThreatDetector.cpp' kaynak dosyas─▒ derleniyor)
      C:\ShadowStrike\ShadowStrike\src\Shared_modules\Core\Engine\EmulationEngine.hpp(754,26):
      sabit olmayan bir (alt) ifade ile kar┼ş─▒la┼ş─▒ld─▒
  
C:\ShadowStrike\ShadowStrike\src\Shared_modules\Core\FileSystem\MountPointMonitor.cpp(649,32): error C2665: 'ShadowStrike::Utils::Logger::Info': hi├ğbir a┼ş─▒r─▒ y├╝klenmi┼ş i┼şlev t├╝m arg├╝man t├╝rlerini d├Ân├╝┼şt├╝remez [C:\ShadowStrike\ShadowStrike\ShadowStrike.vcxproj]
  ('/src/Shared_modules/Core/FileSystem/MountPointMonitor.cpp' kaynak dosyas─▒ derleniyor)
      C:\ShadowStrike\ShadowStrike\src\Shared_modules\Utils\Logger.hpp(282,16):
      'void ShadowStrike::Utils::Logger::Info<wchar_t&>(std::basic_format_string<char,wchar_t &>,wchar_t &)' olabilirdi
          C:\ShadowStrike\ShadowStrike\src\Shared_modules\Core\FileSystem\MountPointMonitor.cpp(649,32):
          'void ShadowStrike::Utils::Logger::Info<wchar_t&>(std::basic_format_string<char,wchar_t &>,wchar_t &)' : 1 ba─ş─▒ms─▒z de─şi┼şkeni 'const wchar_t [36]' de─şerinden 'std::basic_format_string<char,wchar_t &>' de─şerine d├Ân├╝┼şt├╝r├╝lemez
              C:\ShadowStrike\ShadowStrike\src\Shared_modules\Core\FileSystem\MountPointMonitor.cpp(649,37):
              'std::basic_format_string<char,wchar_t &>::basic_format_string': hi├ğbir a┼ş─▒r─▒ y├╝klenmi┼ş i┼şlev t├╝m arg├╝man t├╝rlerini d├Ân├╝┼şt├╝remez
                  C:\Program Files\Microsoft Visual Studio\2022\Community\VC\Tools\MSVC\14.44.35207\include\format(2867,1):
                  'std::basic_format_string<char,wchar_t &>::basic_format_string(std::basic_format_string<char,wchar_t &> &&)' olabilirdi
                      C:\ShadowStrike\ShadowStrike\src\Shared_modules\Core\FileSystem\MountPointMonitor.cpp(649,37):
                      'std::basic_format_string<char,wchar_t &>::basic_format_string(std::basic_format_string<char,wchar_t &> &&)' : 1 ba─ş─▒ms─▒z de─şi┼şkeni 'const wchar_t [36]' de─şerinden 'std::basic_format_string<char,wchar_t &> &&' de─şerine d├Ân├╝┼şt├╝r├╝lemez
                          C:\ShadowStrike\ShadowStrike\src\Shared_modules\Core\FileSystem\MountPointMonitor.cpp(649,37):
                          Nedeni: 'const wchar_t [36]' de─şerinden 'std::basic_format_string<char,wchar_t &>' de─şerine d├Ân├╝┼şt├╝r├╝lemez
                          C:\ShadowStrike\ShadowStrike\src\Shared_modules\Core\FileSystem\MountPointMonitor.cpp(649,37):
                          D├Ân├╝┼şt├╝rme ikinci bir kullan─▒c─▒ tan─▒ml─▒ d├Ân├╝┼şt├╝rme i┼şleci veya olu┼şturucu gerektiriyor
                  C:\Program Files\Microsoft Visual Studio\2022\Community\VC\Tools\MSVC\14.44.35207\include\format(2867,1):
                  veya       'std::basic_format_string<char,wchar_t &>::basic_format_string(const std::basic_format_string<char,wchar_t &> &)'
                      C:\ShadowStrike\ShadowStrike\src\Shared_modules\Core\FileSystem\MountPointMonitor.cpp(649,37):
                      'std::basic_format_string<char,wchar_t &>::basic_format_string(const std::basic_format_string<char,wchar_t &> &)' : 1 ba─ş─▒ms─▒z de─şi┼şkeni 'const wchar_t [36]' de─şerinden 'const std::basic_format_string<char,wchar_t &> &' de─şerine d├Ân├╝┼şt├╝r├╝lemez
                          C:\ShadowStrike\ShadowStrike\src\Shared_modules\Core\FileSystem\MountPointMonitor.cpp(649,37):
                          Nedeni: 'const wchar_t [36]' de─şerinden 'const std::basic_format_string<char,wchar_t &>' de─şerine d├Ân├╝┼şt├╝r├╝lemez
                          C:\ShadowStrike\ShadowStrike\src\Shared_modules\Core\FileSystem\MountPointMonitor.cpp(649,37):
                          D├Ân├╝┼şt├╝rme ikinci bir kullan─▒c─▒ tan─▒ml─▒ d├Ân├╝┼şt├╝rme i┼şleci veya olu┼şturucu gerektiriyor
                  C:\Program Files\Microsoft Visual Studio\2022\Community\VC\Tools\MSVC\14.44.35207\include\format(2850,5):
                  veya       'std::basic_format_string<char,wchar_t &>::basic_format_string(const _Ty &)'
                  C:\ShadowStrike\ShadowStrike\src\Shared_modules\Core\FileSystem\MountPointMonitor.cpp(649,37):
                  '(const wchar_t [36])' ba─ş─▒ms─▒z de─şi┼şken listesi e┼şlenmeye ├ğal─▒┼ş─▒l─▒rken
      C:\ShadowStrike\ShadowStrike\src\Shared_modules\Core\FileSystem\MountPointMonitor.cpp(649,32):
      '(const wchar_t [36], wchar_t)' ba─ş─▒ms─▒z de─şi┼şken listesi e┼şlenmeye ├ğal─▒┼ş─▒l─▒rken
  
C:\ShadowStrike\ShadowStrike\src\Shared_modules\Core\Engine\EmulationEngine.hpp(755,26): error C2027: tan─▒ms─▒z 'ShadowStrike::Core::Engine::PackerType' t├╝r├╝ kullan─▒ld─▒ [C:\ShadowStrike\ShadowStrike\ShadowStrike.vcxproj]
  ('/src/Shared_modules/Core/Engine/ThreatDetector.cpp' kaynak dosyas─▒ derleniyor)
      C:\ShadowStrike\ShadowStrike\src\Shared_modules\Core\Engine\HeuristicAnalyzer.hpp(492,12):
      'ShadowStrike::Core::Engine::PackerType' bildirimine bak─▒n
  
C:\ShadowStrike\ShadowStrike\src\Shared_modules\Core\Engine\EmulationEngine.hpp(755,26): error C2065: 'VMProtect': bildirimi yap─▒lmam─▒┼ş tan─▒mlay─▒c─▒ [C:\ShadowStrike\ShadowStrike\ShadowStrike.vcxproj]
  ('/src/Shared_modules/Core/Engine/ThreatDetector.cpp' kaynak dosyas─▒ derleniyor)
  
C:\ShadowStrike\ShadowStrike\src\Shared_modules\Core\FileSystem\MountPointMonitor.cpp(655,52): error C2039: 'Utf8ToWide': bir 'ShadowStrike::Utils::StringUtils' ├╝yesi de─şil [C:\ShadowStrike\ShadowStrike\ShadowStrike.vcxproj]
  ('/src/Shared_modules/Core/FileSystem/MountPointMonitor.cpp' kaynak dosyas─▒ derleniyor)
      C:\ShadowStrike\ShadowStrike\src\Shared_modules\Utils\StringUtils.hpp(63,19):
      'ShadowStrike::Utils::StringUtils' bildirimine bak─▒n
  
C:\ShadowStrike\ShadowStrike\src\Shared_modules\Core\Engine\EmulationEngine.hpp(755,26): error C2131: ifade sabit olarak de─şerlendirilmedi [C:\ShadowStrike\ShadowStrike\ShadowStrike.vcxproj]
  ('/src/Shared_modules/Core/Engine/ThreatDetector.cpp' kaynak dosyas─▒ derleniyor)
      C:\ShadowStrike\ShadowStrike\src\Shared_modules\Core\Engine\EmulationEngine.hpp(755,26):
      sabit olmayan bir (alt) ifade ile kar┼ş─▒la┼ş─▒ld─▒
  
C:\ShadowStrike\ShadowStrike\src\Shared_modules\Core\FileSystem\MountPointMonitor.cpp(655,52): error C3861: 'Utf8ToWide': tan─▒mlay─▒c─▒ bulunamad─▒ [C:\ShadowStrike\ShadowStrike\ShadowStrike.vcxproj]
  ('/src/Shared_modules/Core/FileSystem/MountPointMonitor.cpp' kaynak dosyas─▒ derleniyor)
  
C:\ShadowStrike\ShadowStrike\src\Shared_modules\Core\Engine\EmulationEngine.hpp(756,26): error C2027: tan─▒ms─▒z 'ShadowStrike::Core::Engine::PackerType' t├╝r├╝ kullan─▒ld─▒ [C:\ShadowStrike\ShadowStrike\ShadowStrike.vcxproj]
  ('/src/Shared_modules/Core/Engine/ThreatDetector.cpp' kaynak dosyas─▒ derleniyor)
      C:\ShadowStrike\ShadowStrike\src\Shared_modules\Core\Engine\HeuristicAnalyzer.hpp(492,12):
      'ShadowStrike::Core::Engine::PackerType' bildirimine bak─▒n
  
C:\ShadowStrike\ShadowStrike\src\Shared_modules\Core\Engine\EmulationEngine.hpp(756,26): error C2065: 'Enigma': bildirimi yap─▒lmam─▒┼ş tan─▒mlay─▒c─▒ [C:\ShadowStrike\ShadowStrike\ShadowStrike.vcxproj]
  ('/src/Shared_modules/Core/Engine/ThreatDetector.cpp' kaynak dosyas─▒ derleniyor)
  
C:\ShadowStrike\ShadowStrike\src\Shared_modules\Core\Engine\EmulationEngine.hpp(756,26): error C2131: ifade sabit olarak de─şerlendirilmedi [C:\ShadowStrike\ShadowStrike\ShadowStrike.vcxproj]
  ('/src/Shared_modules/Core/Engine/ThreatDetector.cpp' kaynak dosyas─▒ derleniyor)
      C:\ShadowStrike\ShadowStrike\src\Shared_modules\Core\Engine\EmulationEngine.hpp(756,26):
      sabit olmayan bir (alt) ifade ile kar┼ş─▒la┼ş─▒ld─▒
  
C:\ShadowStrike\ShadowStrike\src\Shared_modules\Core\Engine\EmulationEngine.hpp(757,26): error C2027: tan─▒ms─▒z 'ShadowStrike::Core::Engine::PackerType' t├╝r├╝ kullan─▒ld─▒ [C:\ShadowStrike\ShadowStrike\ShadowStrike.vcxproj]
  ('/src/Shared_modules/Core/Engine/ThreatDetector.cpp' kaynak dosyas─▒ derleniyor)
      C:\ShadowStrike\ShadowStrike\src\Shared_modules\Core\Engine\HeuristicAnalyzer.hpp(492,12):
      'ShadowStrike::Core::Engine::PackerType' bildirimine bak─▒n
  
C:\ShadowStrike\ShadowStrike\src\Shared_modules\Core\FileSystem\MountPointMonitor.cpp(654,28): error C2660: 'ShadowStrike::Utils::Logger::Error': i┼şlev 2 ba─ş─▒ms─▒z de─şi┼şken alm─▒yor [C:\ShadowStrike\ShadowStrike\ShadowStrike.vcxproj]
  ('/src/Shared_modules/Core/FileSystem/MountPointMonitor.cpp' kaynak dosyas─▒ derleniyor)
      C:\ShadowStrike\ShadowStrike\src\Shared_modules\Utils\Logger.hpp(263,16):
      'ShadowStrike::Utils::Logger::Error' bildirimine bak─▒n
      C:\ShadowStrike\ShadowStrike\src\Shared_modules\Utils\Logger.hpp(274,16):
      'void ShadowStrike::Utils::Logger::Error(std::basic_format_string<char,type_identity<_Args>::type...>,Args ...)' olabilirdi
          C:\ShadowStrike\ShadowStrike\src\Shared_modules\Core\FileSystem\MountPointMonitor.cpp(654,28):
          'void ShadowStrike::Utils::Logger::Error(std::basic_format_string<char,type_identity<_Args>::type...>,Args ...)' i┼şlev ┼şablonu ├Âzelle┼ştirilemedi
              C:\ShadowStrike\ShadowStrike\src\Shared_modules\Core\FileSystem\MountPointMonitor.cpp(654,28):
              ┼Şu ┼şablon ba─ş─▒ms─▒z de─şi┼şkenleriyle:
                  C:\ShadowStrike\ShadowStrike\src\Shared_modules\Core\FileSystem\MountPointMonitor.cpp(654,28):
                  'Args={<error type>}'
      C:\ShadowStrike\ShadowStrike\src\Shared_modules\Core\FileSystem\MountPointMonitor.cpp(654,28):
      '(const wchar_t [56], <error type>)' ba─ş─▒ms─▒z de─şi┼şken listesi e┼şlenmeye ├ğal─▒┼ş─▒l─▒rken
  
C:\ShadowStrike\ShadowStrike\src\Shared_modules\Core\Engine\EmulationEngine.hpp(757,26): error C2065: 'Obsidium': bildirimi yap─▒lmam─▒┼ş tan─▒mlay─▒c─▒ [C:\ShadowStrike\ShadowStrike\ShadowStrike.vcxproj]
  ('/src/Shared_modules/Core/Engine/ThreatDetector.cpp' kaynak dosyas─▒ derleniyor)
  
C:\ShadowStrike\ShadowStrike\src\Shared_modules\Core\Engine\EmulationEngine.hpp(757,26): error C2131: ifade sabit olarak de─şerlendirilmedi [C:\ShadowStrike\ShadowStrike\ShadowStrike.vcxproj]
  ('/src/Shared_modules/Core/Engine/ThreatDetector.cpp' kaynak dosyas─▒ derleniyor)
      C:\ShadowStrike\ShadowStrike\src\Shared_modules\Core\Engine\EmulationEngine.hpp(757,26):
      sabit olmayan bir (alt) ifade ile kar┼ş─▒la┼ş─▒ld─▒
  
  aho_crsck_impl.cpp
C:\ShadowStrike\ShadowStrike\src\Shared_modules\Core\Engine\EmulationEngine.hpp(758,26): error C2027: tan─▒ms─▒z 'ShadowStrike::Core::Engine::PackerType' t├╝r├╝ kullan─▒ld─▒ [C:\ShadowStrike\ShadowStrike\ShadowStrike.vcxproj]
  ('/src/Shared_modules/Core/Engine/ThreatDetector.cpp' kaynak dosyas─▒ derleniyor)
      C:\ShadowStrike\ShadowStrike\src\Shared_modules\Core\Engine\HeuristicAnalyzer.hpp(492,12):
      'ShadowStrike::Core::Engine::PackerType' bildirimine bak─▒n
  
C:\ShadowStrike\ShadowStrike\src\Shared_modules\Core\Engine\EmulationEngine.hpp(758,26): error C2065: 'ExeCryptor': bildirimi yap─▒lmam─▒┼ş tan─▒mlay─▒c─▒ [C:\ShadowStrike\ShadowStrike\ShadowStrike.vcxproj]
  ('/src/Shared_modules/Core/Engine/ThreatDetector.cpp' kaynak dosyas─▒ derleniyor)
  
C:\ShadowStrike\ShadowStrike\src\Shared_modules\Core\Engine\EmulationEngine.hpp(758,26): error C2131: ifade sabit olarak de─şerlendirilmedi [C:\ShadowStrike\ShadowStrike\ShadowStrike.vcxproj]
  boyer_moore_impl.cpp
  ('/src/Shared_modules/Core/Engine/ThreatDetector.cpp' kaynak dosyas─▒ derleniyor)
      C:\ShadowStrike\ShadowStrike\src\Shared_modules\Core\Engine\EmulationEngine.hpp(758,26):
      sabit olmayan bir (alt) ifade ile kar┼ş─▒la┼ş─▒ld─▒
  
C:\ShadowStrike\ShadowStrike\src\Shared_modules\Core\Engine\EmulationEngine.hpp(759,26): error C2027: tan─▒ms─▒z 'ShadowStrike::Core::Engine::PackerType' t├╝r├╝ kullan─▒ld─▒ [C:\ShadowStrike\ShadowStrike\ShadowStrike.vcxproj]
  ('/src/Shared_modules/Core/Engine/ThreatDetector.cpp' kaynak dosyas─▒ derleniyor)
      C:\ShadowStrike\ShadowStrike\src\Shared_modules\Core\Engine\HeuristicAnalyzer.hpp(492,12):
      'ShadowStrike::Core::Engine::PackerType' bildirimine bak─▒n
  
C:\ShadowStrike\ShadowStrike\src\Shared_modules\Core\Engine\EmulationEngine.hpp(759,26): error C2065: 'Armadillo': bildirimi yap─▒lmam─▒┼ş tan─▒mlay─▒c─▒ [C:\ShadowStrike\ShadowStrike\ShadowStrike.vcxproj]
  ('/src/Shared_modules/Core/Engine/ThreatDetector.cpp' kaynak dosyas─▒ derleniyor)
  
C:\ShadowStrike\ShadowStrike\src\Shared_modules\Core\Engine\EmulationEngine.hpp(759,26): error C2131: ifade sabit olarak de─şerlendirilmedi [C:\ShadowStrike\ShadowStrike\ShadowStrike.vcxproj]
  ('/src/Shared_modules/Core/Engine/ThreatDetector.cpp' kaynak dosyas─▒ derleniyor)
      C:\ShadowStrike\ShadowStrike\src\Shared_modules\Core\Engine\EmulationEngine.hpp(759,26):
      sabit olmayan bir (alt) ifade ile kar┼ş─▒la┼ş─▒ld─▒
  
C:\ShadowStrike\ShadowStrike\src\Shared_modules\Core\Engine\EmulationEngine.hpp(760,26): error C2027: tan─▒ms─▒z 'ShadowStrike::Core::Engine::PackerType' t├╝r├╝ kullan─▒ld─▒ [C:\ShadowStrike\ShadowStrike\ShadowStrike.vcxproj]
  ('/src/Shared_modules/Core/Engine/ThreatDetector.cpp' kaynak dosyas─▒ derleniyor)
      C:\ShadowStrike\ShadowStrike\src\Shared_modules\Core\Engine\HeuristicAnalyzer.hpp(492,12):
      'ShadowStrike::Core::Engine::PackerType' bildirimine bak─▒n
  
  PatternIndex.cpp
C:\ShadowStrike\ShadowStrike\src\Shared_modules\Core\Engine\EmulationEngine.hpp(760,26): error C2065: 'ASProtect': bildirimi yap─▒lmam─▒┼ş tan─▒mlay─▒c─▒ [C:\ShadowStrike\ShadowStrike\ShadowStrike.vcxproj]
  ('/src/Shared_modules/Core/Engine/ThreatDetector.cpp' kaynak dosyas─▒ derleniyor)
  
C:\ShadowStrike\ShadowStrike\src\Shared_modules\Core\Engine\EmulationEngine.hpp(760,26): error C2131: ifade sabit olarak de─şerlendirilmedi [C:\ShadowStrike\ShadowStrike\ShadowStrike.vcxproj]
  ('/src/Shared_modules/Core/Engine/ThreatDetector.cpp' kaynak dosyas─▒ derleniyor)
      C:\ShadowStrike\ShadowStrike\src\Shared_modules\Core\Engine\EmulationEngine.hpp(760,26):
      sabit olmayan bir (alt) ifade ile kar┼ş─▒la┼ş─▒ld─▒
  
C:\ShadowStrike\ShadowStrike\src\Shared_modules\Core\Engine\EmulationEngine.hpp(761,26): error C2027: tan─▒ms─▒z 'ShadowStrike::Core::Engine::PackerType' t├╝r├╝ kullan─▒ld─▒ [C:\ShadowStrike\ShadowStrike\ShadowStrike.vcxproj]
  ('/src/Shared_modules/Core/Engine/ThreatDetector.cpp' kaynak dosyas─▒ derleniyor)
      C:\ShadowStrike\ShadowStrike\src\Shared_modules\Core\Engine\HeuristicAnalyzer.hpp(492,12):
      'ShadowStrike::Core::Engine::PackerType' bildirimine bak─▒n
  
C:\ShadowStrike\ShadowStrike\src\Shared_modules\Core\Engine\EmulationEngine.hpp(761,26): error C2065: 'CodeVirtualizer': bildirimi yap─▒lmam─▒┼ş tan─▒mlay─▒c─▒ [C:\ShadowStrike\ShadowStrike\ShadowStrike.vcxproj]
  ('/src/Shared_modules/Core/Engine/ThreatDetector.cpp' kaynak dosyas─▒ derleniyor)
  
C:\ShadowStrike\ShadowStrike\src\Shared_modules\Core\Engine\EmulationEngine.hpp(761,26): error C2131: ifade sabit olarak de─şerlendirilmedi [C:\ShadowStrike\ShadowStrike\ShadowStrike.vcxproj]
  ('/src/Shared_modules/Core/Engine/ThreatDetector.cpp' kaynak dosyas─▒ derleniyor)
      C:\ShadowStrike\ShadowStrike\src\Shared_modules\Core\Engine\EmulationEngine.hpp(761,26):
      sabit olmayan bir (alt) ifade ile kar┼ş─▒la┼ş─▒ld─▒
  
C:\ShadowStrike\ShadowStrike\src\Shared_modules\Core\FileSystem\MountPointMonitor.cpp(719,32): error C2665: 'ShadowStrike::Utils::Logger::Error': hi├ğbir a┼ş─▒r─▒ y├╝klenmi┼ş i┼şlev t├╝m arg├╝man t├╝rlerini d├Ân├╝┼şt├╝remez [C:\ShadowStrike\ShadowStrike\ShadowStrike.vcxproj]
  ('/src/Shared_modules/Core/FileSystem/MountPointMonitor.cpp' kaynak dosyas─▒ derleniyor)
      C:\ShadowStrike\ShadowStrike\src\Shared_modules\Utils\Logger.hpp(274,16):
      'void ShadowStrike::Utils::Logger::Error<DWORD>(std::basic_format_string<char,unsigned long>,DWORD &&)' olabilirdi
          C:\ShadowStrike\ShadowStrike\src\Shared_modules\Core\FileSystem\MountPointMonitor.cpp(719,32):
          'void ShadowStrike::Utils::Logger::Error<DWORD>(std::basic_format_string<char,unsigned long>,DWORD &&)' : 1 ba─ş─▒ms─▒z de─şi┼şkeni 'const wchar_t [63]' de─şerinden 'std::basic_format_string<char,unsigned long>' de─şerine d├Ân├╝┼şt├╝r├╝lemez
              C:\ShadowStrike\ShadowStrike\src\Shared_modules\Core\FileSystem\MountPointMonitor.cpp(719,38):
              'std::basic_format_string<char,unsigned long>::basic_format_string': hi├ğbir a┼ş─▒r─▒ y├╝klenmi┼ş i┼şlev t├╝m arg├╝man t├╝rlerini d├Ân├╝┼şt├╝remez
                  C:\Program Files\Microsoft Visual Studio\2022\Community\VC\Tools\MSVC\14.44.35207\include\format(2867,1):
                  'std::basic_format_string<char,unsigned long>::basic_format_string(std::basic_format_string<char,unsigned long> &&)' olabilirdi
                      C:\ShadowStrike\ShadowStrike\src\Shared_modules\Core\FileSystem\MountPointMonitor.cpp(719,38):
                      'std::basic_format_string<char,unsigned long>::basic_format_string(std::basic_format_string<char,unsigned long> &&)' : 1 ba─ş─▒ms─▒z de─şi┼şkeni 'const wchar_t [63]' de─şerinden 'std::basic_format_string<char,unsigned long> &&' de─şerine d├Ân├╝┼şt├╝r├╝lemez
                          C:\ShadowStrike\ShadowStrike\src\Shared_modules\Core\FileSystem\MountPointMonitor.cpp(719,38):
                          Nedeni: 'const wchar_t [63]' de─şerinden 'std::basic_format_string<char,unsigned long>' de─şerine d├Ân├╝┼şt├╝r├╝lemez
                          C:\ShadowStrike\ShadowStrike\src\Shared_modules\Core\FileSystem\MountPointMonitor.cpp(719,38):
                          D├Ân├╝┼şt├╝rme ikinci bir kullan─▒c─▒ tan─▒ml─▒ d├Ân├╝┼şt├╝rme i┼şleci veya olu┼şturucu gerektiriyor
                  C:\Program Files\Microsoft Visual Studio\2022\Community\VC\Tools\MSVC\14.44.35207\include\format(2867,1):
                  veya       'std::basic_format_string<char,unsigned long>::basic_format_string(const std::basic_format_string<char,unsigned long> &)'
                      C:\ShadowStrike\ShadowStrike\src\Shared_modules\Core\FileSystem\MountPointMonitor.cpp(719,38):
                      'std::basic_format_string<char,unsigned long>::basic_format_string(const std::basic_format_string<char,unsigned long> &)' : 1 ba─ş─▒ms─▒z de─şi┼şkeni 'const wchar_t [63]' de─şerinden 'const std::basic_format_string<char,unsigned long> &' de─şerine d├Ân├╝┼şt├╝r├╝lemez
                          C:\ShadowStrike\ShadowStrike\src\Shared_modules\Core\FileSystem\MountPointMonitor.cpp(719,38):
                          Nedeni: 'const wchar_t [63]' de─şerinden 'const std::basic_format_string<char,unsigned long>' de─şerine d├Ân├╝┼şt├╝r├╝lemez
                          C:\ShadowStrike\ShadowStrike\src\Shared_modules\Core\FileSystem\MountPointMonitor.cpp(719,38):
                          D├Ân├╝┼şt├╝rme ikinci bir kullan─▒c─▒ tan─▒ml─▒ d├Ân├╝┼şt├╝rme i┼şleci veya olu┼şturucu gerektiriyor
                  C:\Program Files\Microsoft Visual Studio\2022\Community\VC\Tools\MSVC\14.44.35207\include\format(2850,5):
                  veya       'std::basic_format_string<char,unsigned long>::basic_format_string(const _Ty &)'
                  C:\ShadowStrike\ShadowStrike\src\Shared_modules\Core\FileSystem\MountPointMonitor.cpp(719,38):
                  '(const wchar_t [63])' ba─ş─▒ms─▒z de─şi┼şken listesi e┼şlenmeye ├ğal─▒┼ş─▒l─▒rken
      C:\ShadowStrike\ShadowStrike\src\Shared_modules\Core\FileSystem\MountPointMonitor.cpp(719,32):
      '(const wchar_t [63], DWORD)' ba─ş─▒ms─▒z de─şi┼şken listesi e┼şlenmeye ├ğal─▒┼ş─▒l─▒rken
  
  PatternStore.cpp
C:\ShadowStrike\ShadowStrike\src\Shared_modules\Core\Engine\EmulationEngine.hpp(762,26): error C2027: tan─▒ms─▒z 'ShadowStrike::Core::Engine::PackerType' t├╝r├╝ kullan─▒ld─▒ [C:\ShadowStrike\ShadowStrike\ShadowStrike.vcxproj]
  ('/src/Shared_modules/Core/Engine/ThreatDetector.cpp' kaynak dosyas─▒ derleniyor)
      C:\ShadowStrike\ShadowStrike\src\Shared_modules\Core\Engine\HeuristicAnalyzer.hpp(492,12):
      'ShadowStrike::Core::Engine::PackerType' bildirimine bak─▒n
  
C:\ShadowStrike\ShadowStrike\src\Shared_modules\Core\Engine\EmulationEngine.hpp(762,26): error C2065: 'ConfuserEx': bildirimi yap─▒lmam─▒┼ş tan─▒mlay─▒c─▒ [C:\ShadowStrike\ShadowStrike\ShadowStrike.vcxproj]
  ('/src/Shared_modules/Core/Engine/ThreatDetector.cpp' kaynak dosyas─▒ derleniyor)
  
C:\ShadowStrike\ShadowStrike\src\Shared_modules\Core\Engine\EmulationEngine.hpp(762,26): error C2131: ifade sabit olarak de─şerlendirilmedi [C:\ShadowStrike\ShadowStrike\ShadowStrike.vcxproj]
  ('/src/Shared_modules/Core/Engine/ThreatDetector.cpp' kaynak dosyas─▒ derleniyor)
      C:\ShadowStrike\ShadowStrike\src\Shared_modules\Core\Engine\EmulationEngine.hpp(762,26):
      sabit olmayan bir (alt) ifade ile kar┼ş─▒la┼ş─▒ld─▒
  
C:\ShadowStrike\ShadowStrike\src\Shared_modules\Core\FileSystem\MountPointMonitor.cpp(756,52): error C2039: 'Utf8ToWide': bir 'ShadowStrike::Utils::StringUtils' ├╝yesi de─şil [C:\ShadowStrike\ShadowStrike\ShadowStrike.vcxproj]
  ('/src/Shared_modules/Core/FileSystem/MountPointMonitor.cpp' kaynak dosyas─▒ derleniyor)
      C:\ShadowStrike\ShadowStrike\src\Shared_modules\Utils\StringUtils.hpp(63,19):
      'ShadowStrike::Utils::StringUtils' bildirimine bak─▒n
  
C:\ShadowStrike\ShadowStrike\src\Shared_modules\Core\FileSystem\MountPointMonitor.cpp(756,52): error C3861: 'Utf8ToWide': tan─▒mlay─▒c─▒ bulunamad─▒ [C:\ShadowStrike\ShadowStrike\ShadowStrike.vcxproj]
  ('/src/Shared_modules/Core/FileSystem/MountPointMonitor.cpp' kaynak dosyas─▒ derleniyor)
  
C:\ShadowStrike\ShadowStrike\src\Shared_modules\Core\Engine\EmulationEngine.hpp(763,26): error C2027: tan─▒ms─▒z 'ShadowStrike::Core::Engine::PackerType' t├╝r├╝ kullan─▒ld─▒ [C:\ShadowStrike\ShadowStrike\ShadowStrike.vcxproj]
  ('/src/Shared_modules/Core/Engine/ThreatDetector.cpp' kaynak dosyas─▒ derleniyor)
      C:\ShadowStrike\ShadowStrike\src\Shared_modules\Core\Engine\HeuristicAnalyzer.hpp(492,12):
      'ShadowStrike::Core::Engine::PackerType' bildirimine bak─▒n
  
C:\ShadowStrike\ShadowStrike\src\Shared_modules\Core\Engine\EmulationEngine.hpp(763,26): error C2065: 'Eazfuscator': bildirimi yap─▒lmam─▒┼ş tan─▒mlay─▒c─▒ [C:\ShadowStrike\ShadowStrike\ShadowStrike.vcxproj]
  ('/src/Shared_modules/Core/Engine/ThreatDetector.cpp' kaynak dosyas─▒ derleniyor)
  
  SIMD_Matcher_Impl.cpp
C:\ShadowStrike\ShadowStrike\src\Shared_modules\Core\Engine\EmulationEngine.hpp(763,26): error C2131: ifade sabit olarak de─şerlendirilmedi [C:\ShadowStrike\ShadowStrike\ShadowStrike.vcxproj]
  ('/src/Shared_modules/Core/Engine/ThreatDetector.cpp' kaynak dosyas─▒ derleniyor)
      C:\ShadowStrike\ShadowStrike\src\Shared_modules\Core\Engine\EmulationEngine.hpp(763,26):
      sabit olmayan bir (alt) ifade ile kar┼ş─▒la┼ş─▒ld─▒
  
C:\ShadowStrike\ShadowStrike\src\Shared_modules\Core\Engine\EmulationEngine.hpp(764,26): error C2027: tan─▒ms─▒z 'ShadowStrike::Core::Engine::PackerType' t├╝r├╝ kullan─▒ld─▒ [C:\ShadowStrike\ShadowStrike\ShadowStrike.vcxproj]
  CPUMonitor.cpp
  DiskMonitor.cpp
  ('/src/Shared_modules/Core/Engine/ThreatDetector.cpp' kaynak dosyas─▒ derleniyor)
      C:\ShadowStrike\ShadowStrike\src\Shared_modules\Core\Engine\HeuristicAnalyzer.hpp(492,12):
      'ShadowStrike::Core::Engine::PackerType' bildirimine bak─▒n
  
C:\ShadowStrike\ShadowStrike\src\Shared_modules\Core\Engine\EmulationEngine.hpp(764,26): error C2065: 'Dotfuscator': bildirimi yap─▒lmam─▒┼ş tan─▒mlay─▒c─▒ [C:\ShadowStrike\ShadowStrike\ShadowStrike.vcxproj]
  ('/src/Shared_modules/Core/Engine/ThreatDetector.cpp' kaynak dosyas─▒ derleniyor)
  
C:\ShadowStrike\ShadowStrike\src\Shared_modules\Core\Engine\EmulationEngine.hpp(764,26): error C2131: ifade sabit olarak de─şerlendirilmedi [C:\ShadowStrike\ShadowStrike\ShadowStrike.vcxproj]
  ('/src/Shared_modules/Core/Engine/ThreatDetector.cpp' kaynak dosyas─▒ derleniyor)
      C:\ShadowStrike\ShadowStrike\src\Shared_modules\Core\Engine\EmulationEngine.hpp(764,26):
      sabit olmayan bir (alt) ifade ile kar┼ş─▒la┼ş─▒ld─▒
  
C:\ShadowStrike\ShadowStrike\src\Shared_modules\Core\FileSystem\MountPointMonitor.cpp(755,28): error C2660: 'ShadowStrike::Utils::Logger::Error': i┼şlev 2 ba─ş─▒ms─▒z de─şi┼şken alm─▒yor [C:\ShadowStrike\ShadowStrike\ShadowStrike.vcxproj]
  ('/src/Shared_modules/Core/FileSystem/MountPointMonitor.cpp' kaynak dosyas─▒ derleniyor)
      C:\ShadowStrike\ShadowStrike\src\Shared_modules\Utils\Logger.hpp(263,16):
      'ShadowStrike::Utils::Logger::Error' bildirimine bak─▒n
      C:\ShadowStrike\ShadowStrike\src\Shared_modules\Utils\Logger.hpp(274,16):
      'void ShadowStrike::Utils::Logger::Error(std::basic_format_string<char,type_identity<_Args>::type...>,Args ...)' olabilirdi
          C:\ShadowStrike\ShadowStrike\src\Shared_modules\Core\FileSystem\MountPointMonitor.cpp(755,28):
          'void ShadowStrike::Utils::Logger::Error(std::basic_format_string<char,type_identity<_Args>::type...>,Args ...)' i┼şlev ┼şablonu ├Âzelle┼ştirilemedi
              C:\ShadowStrike\ShadowStrike\src\Shared_modules\Core\FileSystem\MountPointMonitor.cpp(755,28):
              ┼Şu ┼şablon ba─ş─▒ms─▒z de─şi┼şkenleriyle:
                  C:\ShadowStrike\ShadowStrike\src\Shared_modules\Core\FileSystem\MountPointMonitor.cpp(755,28):
                  'Args={<error type>}'
      C:\ShadowStrike\ShadowStrike\src\Shared_modules\Core\FileSystem\MountPointMonitor.cpp(755,28):
      '(const wchar_t [46], <error type>)' ba─ş─▒ms─▒z de─şi┼şken listesi e┼şlenmeye ├ğal─▒┼ş─▒l─▒rken
  
C:\ShadowStrike\ShadowStrike\src\Shared_modules\Core\Engine\EmulationEngine.hpp(765,26): error C2027: tan─▒ms─▒z 'ShadowStrike::Core::Engine::PackerType' t├╝r├╝ kullan─▒ld─▒ [C:\ShadowStrike\ShadowStrike\ShadowStrike.vcxproj]
  ('/src/Shared_modules/Core/Engine/ThreatDetector.cpp' kaynak dosyas─▒ derleniyor)
      C:\ShadowStrike\ShadowStrike\src\Shared_modules\Core\Engine\HeuristicAnalyzer.hpp(492,12):
      'ShadowStrike::Core::Engine::PackerType' bildirimine bak─▒n
  
C:\ShadowStrike\ShadowStrike\src\Shared_modules\Core\Engine\EmulationEngine.hpp(765,26): error C2065: 'SmartAssembly': bildirimi yap─▒lmam─▒┼ş tan─▒mlay─▒c─▒ [C:\ShadowStrike\ShadowStrike\ShadowStrike.vcxproj]
  ('/src/Shared_modules/Core/Engine/ThreatDetector.cpp' kaynak dosyas─▒ derleniyor)
  
C:\ShadowStrike\ShadowStrike\src\Shared_modules\Core\Engine\EmulationEngine.hpp(765,26): error C2131: ifade sabit olarak de─şerlendirilmedi [C:\ShadowStrike\ShadowStrike\ShadowStrike.vcxproj]
  ('/src/Shared_modules/Core/Engine/ThreatDetector.cpp' kaynak dosyas─▒ derleniyor)
      C:\ShadowStrike\ShadowStrike\src\Shared_modules\Core\Engine\EmulationEngine.hpp(765,26):
      sabit olmayan bir (alt) ifade ile kar┼ş─▒la┼ş─▒ld─▒
  
C:\ShadowStrike\ShadowStrike\src\Shared_modules\Core\FileSystem\FileWatcher.cpp(569,13): error C2653: 'Logger': bir s─▒n─▒f veya ad alan─▒ ad─▒ de─şil [C:\ShadowStrike\ShadowStrike\ShadowStrike.vcxproj]
  ('/src/Shared_modules/Core/FileSystem/FileWatcher.cpp' kaynak dosyas─▒ derleniyor)
  
C:\ShadowStrike\ShadowStrike\src\Shared_modules\Core\Engine\EmulationEngine.hpp(766,26): error C2027: tan─▒ms─▒z 'ShadowStrike::Core::Engine::PackerType' t├╝r├╝ kullan─▒ld─▒ [C:\ShadowStrike\ShadowStrike\ShadowStrike.vcxproj]
  ('/src/Shared_modules/Core/Engine/ThreatDetector.cpp' kaynak dosyas─▒ derleniyor)
      C:\ShadowStrike\ShadowStrike\src\Shared_modules\Core\Engine\HeuristicAnalyzer.hpp(492,12):
      'ShadowStrike::Core::Engine::PackerType' bildirimine bak─▒n
  
C:\ShadowStrike\ShadowStrike\src\Shared_modules\Core\FileSystem\FileWatcher.cpp(569,21): error C3861: 'Info': tan─▒mlay─▒c─▒ bulunamad─▒ [C:\ShadowStrike\ShadowStrike\ShadowStrike.vcxproj]
  ('/src/Shared_modules/Core/FileSystem/FileWatcher.cpp' kaynak dosyas─▒ derleniyor)
  
C:\ShadowStrike\ShadowStrike\src\Shared_modules\Core\Engine\EmulationEngine.hpp(766,26): error C2065: 'Crypto_Obfuscator': bildirimi yap─▒lmam─▒┼ş tan─▒mlay─▒c─▒ [C:\ShadowStrike\ShadowStrike\ShadowStrike.vcxproj]
  ('/src/Shared_modules/Core/Engine/ThreatDetector.cpp' kaynak dosyas─▒ derleniyor)
  
C:\ShadowStrike\ShadowStrike\src\Shared_modules\Core\FileSystem\FileWatcher.cpp(576,17): error C2653: 'Logger': bir s─▒n─▒f veya ad alan─▒ ad─▒ de─şil [C:\ShadowStrike\ShadowStrike\ShadowStrike.vcxproj]
  ('/src/Shared_modules/Core/FileSystem/FileWatcher.cpp' kaynak dosyas─▒ derleniyor)
  
C:\ShadowStrike\ShadowStrike\src\Shared_modules\Core\Engine\EmulationEngine.hpp(766,26): error C2131: ifade sabit olarak de─şerlendirilmedi [C:\ShadowStrike\ShadowStrike\ShadowStrike.vcxproj]
  ('/src/Shared_modules/Core/Engine/ThreatDetector.cpp' kaynak dosyas─▒ derleniyor)
      C:\ShadowStrike\ShadowStrike\src\Shared_modules\Core\Engine\EmulationEngine.hpp(766,26):
      sabit olmayan bir (alt) ifade ile kar┼ş─▒la┼ş─▒ld─▒
  
C:\ShadowStrike\ShadowStrike\src\Shared_modules\Core\FileSystem\FileWatcher.cpp(576,25): error C3861: 'Error': tan─▒mlay─▒c─▒ bulunamad─▒ [C:\ShadowStrike\ShadowStrike\ShadowStrike.vcxproj]
  ('/src/Shared_modules/Core/FileSystem/FileWatcher.cpp' kaynak dosyas─▒ derleniyor)
  
C:\ShadowStrike\ShadowStrike\src\Shared_modules\Core\FileSystem\FileWatcher.cpp(583,17): error C2653: 'Logger': bir s─▒n─▒f veya ad alan─▒ ad─▒ de─şil [C:\ShadowStrike\ShadowStrike\ShadowStrike.vcxproj]
  ('/src/Shared_modules/Core/FileSystem/FileWatcher.cpp' kaynak dosyas─▒ derleniyor)
  
C:\ShadowStrike\ShadowStrike\src\Shared_modules\Core\Engine\EmulationEngine.hpp(767,26): error C2027: tan─▒ms─▒z 'ShadowStrike::Core::Engine::PackerType' t├╝r├╝ kullan─▒ld─▒ [C:\ShadowStrike\ShadowStrike\ShadowStrike.vcxproj]
  ('/src/Shared_modules/Core/Engine/ThreatDetector.cpp' kaynak dosyas─▒ derleniyor)
      C:\ShadowStrike\ShadowStrike\src\Shared_modules\Core\Engine\HeuristicAnalyzer.hpp(492,12):
      'ShadowStrike::Core::Engine::PackerType' bildirimine bak─▒n
  
C:\ShadowStrike\ShadowStrike\src\Shared_modules\Core\FileSystem\FileWatcher.cpp(583,25): error C3861: 'Error': tan─▒mlay─▒c─▒ bulunamad─▒ [C:\ShadowStrike\ShadowStrike\ShadowStrike.vcxproj]
  ('/src/Shared_modules/Core/FileSystem/FileWatcher.cpp' kaynak dosyas─▒ derleniyor)
  
C:\ShadowStrike\ShadowStrike\src\Shared_modules\Core\Engine\EmulationEngine.hpp(767,26): error C2065: 'CustomCrypter': bildirimi yap─▒lmam─▒┼ş tan─▒mlay─▒c─▒ [C:\ShadowStrike\ShadowStrike\ShadowStrike.vcxproj]
  ('/src/Shared_modules/Core/Engine/ThreatDetector.cpp' kaynak dosyas─▒ derleniyor)
  
C:\ShadowStrike\ShadowStrike\src\Shared_modules\Core\Engine\EmulationEngine.hpp(767,26): error C2131: ifade sabit olarak de─şerlendirilmedi [C:\ShadowStrike\ShadowStrike\ShadowStrike.vcxproj]
  ('/src/Shared_modules/Core/Engine/ThreatDetector.cpp' kaynak dosyas─▒ derleniyor)
      C:\ShadowStrike\ShadowStrike\src\Shared_modules\Core\Engine\EmulationEngine.hpp(767,26):
      sabit olmayan bir (alt) ifade ile kar┼ş─▒la┼ş─▒ld─▒
  
C:\ShadowStrike\ShadowStrike\src\Shared_modules\Core\FileSystem\MountPointMonitor.cpp(785,20): error C2664: 'void ShadowStrike::Utils::Logger::Info(const char *)' : 1 ba─ş─▒ms─▒z de─şi┼şkeni 'const wchar_t [38]' de─şerinden 'const char *' de─şerine d├Ân├╝┼şt├╝r├╝lemez [C:\ShadowStrike\ShadowStrike\ShadowStrike.vcxproj]
  ('/src/Shared_modules/Core/FileSystem/MountPointMonitor.cpp' kaynak dosyas─▒ derleniyor)
      C:\ShadowStrike\ShadowStrike\src\Shared_modules\Core\FileSystem\MountPointMonitor.cpp(785,25):
      ─░┼şaretlenen t├╝rler ilgisiz; d├Ân├╝┼şt├╝rme reinterpret_cast, C stili t├╝r d├Ân├╝┼şt├╝rme veya parantez i├ğine al─▒nm─▒┼ş i┼şlev stili t├╝r d├Ân├╝┼şt├╝rme gerektiriyor
      C:\ShadowStrike\ShadowStrike\src\Shared_modules\Utils\Logger.hpp(265,16):
      'ShadowStrike::Utils::Logger::Info' bildirimine bak─▒n
      C:\ShadowStrike\ShadowStrike\src\Shared_modules\Utils\Logger.hpp(282,16):
      'void ShadowStrike::Utils::Logger::Info(std::basic_format_string<char,type_identity<_Args>::type...>,Args ...)' olabilirdi
          C:\ShadowStrike\ShadowStrike\src\Shared_modules\Core\FileSystem\MountPointMonitor.cpp(785,20):
          ili┼şkili k─▒s─▒tlamalar kar┼ş─▒lanmad─▒
              C:\ShadowStrike\ShadowStrike\src\Shared_modules\Utils\Logger.hpp(281,57):
              k─▒s─▒tlama yerine getirilmedi
      C:\ShadowStrike\ShadowStrike\src\Shared_modules\Core\FileSystem\MountPointMonitor.cpp(785,20):
      '(const wchar_t [38])' ba─ş─▒ms─▒z de─şi┼şken listesi e┼şlenmeye ├ğal─▒┼ş─▒l─▒rken
  
C:\ShadowStrike\ShadowStrike\src\Shared_modules\Core\Engine\EmulationEngine.hpp(768,26): error C2027: tan─▒ms─▒z 'ShadowStrike::Core::Engine::PackerType' t├╝r├╝ kullan─▒ld─▒ [C:\ShadowStrike\ShadowStrike\ShadowStrike.vcxproj]
  ('/src/Shared_modules/Core/Engine/ThreatDetector.cpp' kaynak dosyas─▒ derleniyor)
      C:\ShadowStrike\ShadowStrike\src\Shared_modules\Core\Engine\HeuristicAnalyzer.hpp(492,12):
      'ShadowStrike::Core::Engine::PackerType' bildirimine bak─▒n
  
C:\ShadowStrike\ShadowStrike\src\Shared_modules\Core\Engine\EmulationEngine.hpp(768,26): error C2065: 'MalwarePacker': bildirimi yap─▒lmam─▒┼ş tan─▒mlay─▒c─▒ [C:\ShadowStrike\ShadowStrike\ShadowStrike.vcxproj]
  ('/src/Shared_modules/Core/Engine/ThreatDetector.cpp' kaynak dosyas─▒ derleniyor)
  
C:\ShadowStrike\ShadowStrike\src\Shared_modules\Core\Engine\EmulationEngine.hpp(768,26): error C2131: ifade sabit olarak de─şerlendirilmedi [C:\ShadowStrike\ShadowStrike\ShadowStrike.vcxproj]
  ('/src/Shared_modules/Core/Engine/ThreatDetector.cpp' kaynak dosyas─▒ derleniyor)
      C:\ShadowStrike\ShadowStrike\src\Shared_modules\Core\Engine\EmulationEngine.hpp(768,26):
      sabit olmayan bir (alt) ifade ile kar┼ş─▒la┼ş─▒ld─▒
  
C:\ShadowStrike\ShadowStrike\src\Shared_modules\Core\Engine\EmulationEngine.hpp(769,26): error C2027: tan─▒ms─▒z 'ShadowStrike::Core::Engine::PackerType' t├╝r├╝ kullan─▒ld─▒ [C:\ShadowStrike\ShadowStrike\ShadowStrike.vcxproj]
  ('/src/Shared_modules/Core/Engine/ThreatDetector.cpp' kaynak dosyas─▒ derleniyor)
      C:\ShadowStrike\ShadowStrike\src\Shared_modules\Core\Engine\HeuristicAnalyzer.hpp(492,12):
      'ShadowStrike::Core::Engine::PackerType' bildirimine bak─▒n
  
C:\ShadowStrike\ShadowStrike\src\Shared_modules\Core\Engine\EmulationEngine.hpp(769,26): error C2065: 'MultiLayer': bildirimi yap─▒lmam─▒┼ş tan─▒mlay─▒c─▒ [C:\ShadowStrike\ShadowStrike\ShadowStrike.vcxproj]
  ('/src/Shared_modules/Core/Engine/ThreatDetector.cpp' kaynak dosyas─▒ derleniyor)
  
C:\ShadowStrike\ShadowStrike\src\Shared_modules\Core\FileSystem\FileWatcher.cpp(599,13): error C2653: 'Logger': bir s─▒n─▒f veya ad alan─▒ ad─▒ de─şil [C:\ShadowStrike\ShadowStrike\ShadowStrike.vcxproj]
  ('/src/Shared_modules/Core/FileSystem/FileWatcher.cpp' kaynak dosyas─▒ derleniyor)
  
C:\ShadowStrike\ShadowStrike\src\Shared_modules\Core\FileSystem\FileWatcher.cpp(599,21): error C3861: 'Info': tan─▒mlay─▒c─▒ bulunamad─▒ [C:\ShadowStrike\ShadowStrike\ShadowStrike.vcxproj]
  ('/src/Shared_modules/Core/FileSystem/FileWatcher.cpp' kaynak dosyas─▒ derleniyor)
  
C:\ShadowStrike\ShadowStrike\src\Shared_modules\Core\Engine\EmulationEngine.hpp(769,26): error C2131: ifade sabit olarak de─şerlendirilmedi [C:\ShadowStrike\ShadowStrike\ShadowStrike.vcxproj]
  ('/src/Shared_modules/Core/Engine/ThreatDetector.cpp' kaynak dosyas─▒ derleniyor)
      C:\ShadowStrike\ShadowStrike\src\Shared_modules\Core\Engine\EmulationEngine.hpp(769,26):
      sabit olmayan bir (alt) ifade ile kar┼ş─▒la┼ş─▒ld─▒
  
C:\ShadowStrike\ShadowStrike\src\Shared_modules\Core\FileSystem\FileWatcher.cpp(603,13): error C2653: 'Logger': bir s─▒n─▒f veya ad alan─▒ ad─▒ de─şil [C:\ShadowStrike\ShadowStrike\ShadowStrike.vcxproj]
  ('/src/Shared_modules/Core/FileSystem/FileWatcher.cpp' kaynak dosyas─▒ derleniyor)
  
C:\ShadowStrike\ShadowStrike\src\Shared_modules\Core\FileSystem\MountPointMonitor.cpp(790,20): error C2664: 'void ShadowStrike::Utils::Logger::Info(const char *)' : 1 ba─ş─▒ms─▒z de─şi┼şkeni 'const wchar_t [37]' de─şerinden 'const char *' de─şerine d├Ân├╝┼şt├╝r├╝lemez [C:\ShadowStrike\ShadowStrike\ShadowStrike.vcxproj]
  ('/src/Shared_modules/Core/FileSystem/MountPointMonitor.cpp' kaynak dosyas─▒ derleniyor)
      C:\ShadowStrike\ShadowStrike\src\Shared_modules\Core\FileSystem\MountPointMonitor.cpp(790,25):
      ─░┼şaretlenen t├╝rler ilgisiz; d├Ân├╝┼şt├╝rme reinterpret_cast, C stili t├╝r d├Ân├╝┼şt├╝rme veya parantez i├ğine al─▒nm─▒┼ş i┼şlev stili t├╝r d├Ân├╝┼şt├╝rme gerektiriyor
      C:\ShadowStrike\ShadowStrike\src\Shared_modules\Utils\Logger.hpp(265,16):
      'ShadowStrike::Utils::Logger::Info' bildirimine bak─▒n
      C:\ShadowStrike\ShadowStrike\src\Shared_modules\Utils\Logger.hpp(282,16):
      'void ShadowStrike::Utils::Logger::Info(std::basic_format_string<char,type_identity<_Args>::type...>,Args ...)' olabilirdi
          C:\ShadowStrike\ShadowStrike\src\Shared_modules\Core\FileSystem\MountPointMonitor.cpp(790,20):
          ili┼şkili k─▒s─▒tlamalar kar┼ş─▒lanmad─▒
              C:\ShadowStrike\ShadowStrike\src\Shared_modules\Utils\Logger.hpp(281,57):
              k─▒s─▒tlama yerine getirilmedi
      C:\ShadowStrike\ShadowStrike\src\Shared_modules\Core\FileSystem\MountPointMonitor.cpp(790,20):
      '(const wchar_t [37])' ba─ş─▒ms─▒z de─şi┼şken listesi e┼şlenmeye ├ğal─▒┼ş─▒l─▒rken
  
C:\ShadowStrike\ShadowStrike\src\Shared_modules\Core\FileSystem\FileWatcher.cpp(603,21): error C3861: 'Error': tan─▒mlay─▒c─▒ bulunamad─▒ [C:\ShadowStrike\ShadowStrike\ShadowStrike.vcxproj]
  ('/src/Shared_modules/Core/FileSystem/FileWatcher.cpp' kaynak dosyas─▒ derleniyor)
  
  MemoryProfiler.cpp
C:\ShadowStrike\ShadowStrike\src\Shared_modules\Core\Engine\EmulationEngine.hpp(770,26): error C2027: tan─▒ms─▒z 'ShadowStrike::Core::Engine::PackerType' t├╝r├╝ kullan─▒ld─▒ [C:\ShadowStrike\ShadowStrike\ShadowStrike.vcxproj]
  ('/src/Shared_modules/Core/Engine/ThreatDetector.cpp' kaynak dosyas─▒ derleniyor)
      C:\ShadowStrike\ShadowStrike\src\Shared_modules\Core\Engine\HeuristicAnalyzer.hpp(492,12):
      'ShadowStrike::Core::Engine::PackerType' bildirimine bak─▒n
  
C:\ShadowStrike\ShadowStrike\src\Shared_modules\Core\Engine\EmulationEngine.hpp(770,26): error C2065: 'None': bildirimi yap─▒lmam─▒┼ş tan─▒mlay─▒c─▒ [C:\ShadowStrike\ShadowStrike\ShadowStrike.vcxproj]
  ('/src/Shared_modules/Core/Engine/ThreatDetector.cpp' kaynak dosyas─▒ derleniyor)
  
C:\ShadowStrike\ShadowStrike\src\Shared_modules\Core\FileSystem\FileWatcher.cpp(612,13): error C2653: 'Logger': bir s─▒n─▒f veya ad alan─▒ ad─▒ de─şil [C:\ShadowStrike\ShadowStrike\ShadowStrike.vcxproj]
  ('/src/Shared_modules/Core/FileSystem/FileWatcher.cpp' kaynak dosyas─▒ derleniyor)
  
C:\ShadowStrike\ShadowStrike\src\Shared_modules\Core\Engine\EmulationEngine.hpp(770,26): error C2131: ifade sabit olarak de─şerlendirilmedi [C:\ShadowStrike\ShadowStrike\ShadowStrike.vcxproj]
  ('/src/Shared_modules/Core/Engine/ThreatDetector.cpp' kaynak dosyas─▒ derleniyor)
      C:\ShadowStrike\ShadowStrike\src\Shared_modules\Core\Engine\EmulationEngine.hpp(770,26):
      sabit olmayan bir (alt) ifade ile kar┼ş─▒la┼ş─▒ld─▒
  
C:\ShadowStrike\ShadowStrike\src\Shared_modules\Core\FileSystem\FileWatcher.cpp(612,21): error C3861: 'Error': tan─▒mlay─▒c─▒ bulunamad─▒ [C:\ShadowStrike\ShadowStrike\ShadowStrike.vcxproj]
  NetworkPerformanceMonitor.cpp
  PerformanceProfiler.cpp
  ('/src/Shared_modules/Core/FileSystem/FileWatcher.cpp' kaynak dosyas─▒ derleniyor)
  
C:\ShadowStrike\ShadowStrike\src\Shared_modules\Core\FileSystem\FileWatcher.cpp(617,13): error C2653: 'Logger': bir s─▒n─▒f veya ad alan─▒ ad─▒ de─şil [C:\ShadowStrike\ShadowStrike\ShadowStrike.vcxproj]
  ('/src/Shared_modules/Core/FileSystem/FileWatcher.cpp' kaynak dosyas─▒ derleniyor)
  
C:\ShadowStrike\ShadowStrike\src\Shared_modules\Core\Engine\EmulationEngine.hpp(745,26): error C2051: case ifadesi sabit de─şil [C:\ShadowStrike\ShadowStrike\ShadowStrike.vcxproj]
  ('/src/Shared_modules/Core/Engine/ThreatDetector.cpp' kaynak dosyas─▒ derleniyor)
  
C:\ShadowStrike\ShadowStrike\src\Shared_modules\Core\FileSystem\FileWatcher.cpp(617,21): error C3861: 'Warn': tan─▒mlay─▒c─▒ bulunamad─▒ [C:\ShadowStrike\ShadowStrike\ShadowStrike.vcxproj]
  CookieManager.cpp
  ('/src/Shared_modules/Core/FileSystem/FileWatcher.cpp' kaynak dosyas─▒ derleniyor)
  
C:\ShadowStrike\ShadowStrike\src\Shared_modules\Core\Engine\EmulationEngine.hpp(746,26): error C2051: case ifadesi sabit de─şil [C:\ShadowStrike\ShadowStrike\ShadowStrike.vcxproj]
  DataLeakProtection.cpp
  ('/src/Shared_modules/Core/Engine/ThreatDetector.cpp' kaynak dosyas─▒ derleniyor)
  
  DNSLeakProtection.cpp
C:\ShadowStrike\ShadowStrike\src\Shared_modules\Core\Engine\EmulationEngine.hpp(747,26): error C2051: case ifadesi sabit de─şil [C:\ShadowStrike\ShadowStrike\ShadowStrike.vcxproj]
  ('/src/Shared_modules/Core/Engine/ThreatDetector.cpp' kaynak dosyas─▒ derleniyor)
  
C:\ShadowStrike\ShadowStrike\src\Shared_modules\Core\FileSystem\MountPointMonitor.cpp(797,24): error C2664: 'void ShadowStrike::Utils::Logger::Warn(const char *)' : 1 ba─ş─▒ms─▒z de─şi┼şkeni 'const wchar_t [39]' de─şerinden 'const char *' de─şerine d├Ân├╝┼şt├╝r├╝lemez [C:\ShadowStrike\ShadowStrike\ShadowStrike.vcxproj]
  IPLeakProtection.cpp
  LocationPrivacy.cpp
  ('/src/Shared_modules/Core/FileSystem/MountPointMonitor.cpp' kaynak dosyas─▒ derleniyor)
      C:\ShadowStrike\ShadowStrike\src\Shared_modules\Core\FileSystem\MountPointMonitor.cpp(797,29):
      ─░┼şaretlenen t├╝rler ilgisiz; d├Ân├╝┼şt├╝rme reinterpret_cast, C stili t├╝r d├Ân├╝┼şt├╝rme veya parantez i├ğine al─▒nm─▒┼ş i┼şlev stili t├╝r d├Ân├╝┼şt├╝rme gerektiriyor
      C:\ShadowStrike\ShadowStrike\src\Shared_modules\Utils\Logger.hpp(264,16):
      'ShadowStrike::Utils::Logger::Warn' bildirimine bak─▒n
      C:\ShadowStrike\ShadowStrike\src\Shared_modules\Utils\Logger.hpp(278,16):
      'void ShadowStrike::Utils::Logger::Warn(std::basic_format_string<char,type_identity<_Args>::type...>,Args ...)' olabilirdi
          C:\ShadowStrike\ShadowStrike\src\Shared_modules\Core\FileSystem\MountPointMonitor.cpp(797,24):
          ili┼şkili k─▒s─▒tlamalar kar┼ş─▒lanmad─▒
              C:\ShadowStrike\ShadowStrike\src\Shared_modules\Utils\Logger.hpp(277,57):
              k─▒s─▒tlama yerine getirilmedi
      C:\ShadowStrike\ShadowStrike\src\Shared_modules\Core\FileSystem\MountPointMonitor.cpp(797,24):
      '(const wchar_t [39])' ba─ş─▒ms─▒z de─şi┼şken listesi e┼şlenmeye ├ğal─▒┼ş─▒l─▒rken
  
C:\ShadowStrike\ShadowStrike\src\Shared_modules\Core\FileSystem\FileWatcher.cpp(631,13): error C2653: 'Logger': bir s─▒n─▒f veya ad alan─▒ ad─▒ de─şil [C:\ShadowStrike\ShadowStrike\ShadowStrike.vcxproj]
  ('/src/Shared_modules/Core/FileSystem/FileWatcher.cpp' kaynak dosyas─▒ derleniyor)
  
C:\ShadowStrike\ShadowStrike\src\Shared_modules\Core\Engine\EmulationEngine.hpp(748,26): error C2051: case ifadesi sabit de─şil [C:\ShadowStrike\ShadowStrike\ShadowStrike.vcxproj]
  ('/src/Shared_modules/Core/Engine/ThreatDetector.cpp' kaynak dosyas─▒ derleniyor)
  
C:\ShadowStrike\ShadowStrike\src\Shared_modules\Core\FileSystem\FileWatcher.cpp(631,21): error C3861: 'Info': tan─▒mlay─▒c─▒ bulunamad─▒ [C:\ShadowStrike\ShadowStrike\ShadowStrike.vcxproj]
  ('/src/Shared_modules/Core/FileSystem/FileWatcher.cpp' kaynak dosyas─▒ derleniyor)
  
C:\ShadowStrike\ShadowStrike\src\Shared_modules\Core\Engine\EmulationEngine.hpp(749,26): error C2051: case ifadesi sabit de─şil [C:\ShadowStrike\ShadowStrike\ShadowStrike.vcxproj]
  ('/src/Shared_modules/Core/Engine/ThreatDetector.cpp' kaynak dosyas─▒ derleniyor)
  
C:\ShadowStrike\ShadowStrike\src\Shared_modules\Core\Engine\EmulationEngine.hpp(750,26): error C2051: case ifadesi sabit de─şil [C:\ShadowStrike\ShadowStrike\ShadowStrike.vcxproj]
  ('/src/Shared_modules/Core/Engine/ThreatDetector.cpp' kaynak dosyas─▒ derleniyor)
  
C:\ShadowStrike\ShadowStrike\src\Shared_modules\Core\FileSystem\FileWatcher.cpp(635,13): error C2653: 'Logger': bir s─▒n─▒f veya ad alan─▒ ad─▒ de─şil [C:\ShadowStrike\ShadowStrike\ShadowStrike.vcxproj]
  ('/src/Shared_modules/Core/FileSystem/FileWatcher.cpp' kaynak dosyas─▒ derleniyor)
  
C:\ShadowStrike\ShadowStrike\src\Shared_modules\Core\Engine\EmulationEngine.hpp(751,26): error C2051: case ifadesi sabit de─şil [C:\ShadowStrike\ShadowStrike\ShadowStrike.vcxproj]
  ('/src/Shared_modules/Core/Engine/ThreatDetector.cpp' kaynak dosyas─▒ derleniyor)
  
C:\ShadowStrike\ShadowStrike\src\Shared_modules\Core\FileSystem\FileWatcher.cpp(635,21): error C3861: 'Error': tan─▒mlay─▒c─▒ bulunamad─▒ [C:\ShadowStrike\ShadowStrike\ShadowStrike.vcxproj]
  ('/src/Shared_modules/Core/FileSystem/FileWatcher.cpp' kaynak dosyas─▒ derleniyor)
  
C:\ShadowStrike\ShadowStrike\src\Shared_modules\Core\FileSystem\MountPointMonitor.cpp(821,57): error C2838: 'Initialized': ├╝ye bildiriminde ge├ğersiz tam ad [C:\ShadowStrike\ShadowStrike\ShadowStrike.vcxproj]
  ('/src/Shared_modules/Core/FileSystem/MountPointMonitor.cpp' kaynak dosyas─▒ derleniyor)
  
C:\ShadowStrike\ShadowStrike\src\Shared_modules\Core\Engine\EmulationEngine.hpp(752,26): error C2051: case ifadesi sabit de─şil [C:\ShadowStrike\ShadowStrike\ShadowStrike.vcxproj]
  ('/src/Shared_modules/Core/Engine/ThreatDetector.cpp' kaynak dosyas─▒ derleniyor)
  
C:\ShadowStrike\ShadowStrike\src\Shared_modules\Core\FileSystem\MountPointMonitor.cpp(821,57): error C2065: 'Initialized': bildirimi yap─▒lmam─▒┼ş tan─▒mlay─▒c─▒ [C:\ShadowStrike\ShadowStrike\ShadowStrike.vcxproj]
  ('/src/Shared_modules/Core/FileSystem/MountPointMonitor.cpp' kaynak dosyas─▒ derleniyor)
  
C:\ShadowStrike\ShadowStrike\src\Shared_modules\Core\Engine\EmulationEngine.hpp(753,26): error C2051: case ifadesi sabit de─şil [C:\ShadowStrike\ShadowStrike\ShadowStrike.vcxproj]
  ('/src/Shared_modules/Core/Engine/ThreatDetector.cpp' kaynak dosyas─▒ derleniyor)
  
C:\ShadowStrike\ShadowStrike\src\Shared_modules\Core\FileSystem\FileWatcher.cpp(646,13): error C2653: 'Logger': bir s─▒n─▒f veya ad alan─▒ ad─▒ de─şil [C:\ShadowStrike\ShadowStrike\ShadowStrike.vcxproj]
  ('/src/Shared_modules/Core/FileSystem/FileWatcher.cpp' kaynak dosyas─▒ derleniyor)
  
C:\ShadowStrike\ShadowStrike\src\Shared_modules\Core\Engine\EmulationEngine.hpp(754,26): error C2051: case ifadesi sabit de─şil [C:\ShadowStrike\ShadowStrike\ShadowStrike.vcxproj]
  ('/src/Shared_modules/Core/Engine/ThreatDetector.cpp' kaynak dosyas─▒ derleniyor)
  
C:\ShadowStrike\ShadowStrike\src\Shared_modules\Core\FileSystem\FileWatcher.cpp(646,21): error C3861: 'Info': tan─▒mlay─▒c─▒ bulunamad─▒ [C:\ShadowStrike\ShadowStrike\ShadowStrike.vcxproj]
  ('/src/Shared_modules/Core/FileSystem/FileWatcher.cpp' kaynak dosyas─▒ derleniyor)
  
C:\ShadowStrike\ShadowStrike\src\Shared_modules\Core\Engine\EmulationEngine.hpp(755,26): error C2051: case ifadesi sabit de─şil [C:\ShadowStrike\ShadowStrike\ShadowStrike.vcxproj]
  ('/src/Shared_modules/Core/Engine/ThreatDetector.cpp' kaynak dosyas─▒ derleniyor)
  
C:\ShadowStrike\ShadowStrike\src\Shared_modules\Core\Engine\EmulationEngine.hpp(756,26): error C2051: case ifadesi sabit de─şil [C:\ShadowStrike\ShadowStrike\ShadowStrike.vcxproj]
  ('/src/Shared_modules/Core/Engine/ThreatDetector.cpp' kaynak dosyas─▒ derleniyor)
  
C:\ShadowStrike\ShadowStrike\src\Shared_modules\Core\FileSystem\FileWatcher.cpp(674,9): error C2653: 'Logger': bir s─▒n─▒f veya ad alan─▒ ad─▒ de─şil [C:\ShadowStrike\ShadowStrike\ShadowStrike.vcxproj]
  ('/src/Shared_modules/Core/FileSystem/FileWatcher.cpp' kaynak dosyas─▒ derleniyor)
  
C:\ShadowStrike\ShadowStrike\src\Shared_modules\Core\Engine\EmulationEngine.hpp(757,26): error C2051: case ifadesi sabit de─şil [C:\ShadowStrike\ShadowStrike\ShadowStrike.vcxproj]
  ('/src/Shared_modules/Core/Engine/ThreatDetector.cpp' kaynak dosyas─▒ derleniyor)
  
C:\ShadowStrike\ShadowStrike\src\Shared_modules\Core\FileSystem\FileWatcher.cpp(674,17): error C3861: 'Info': tan─▒mlay─▒c─▒ bulunamad─▒ [C:\ShadowStrike\ShadowStrike\ShadowStrike.vcxproj]
  ('/src/Shared_modules/Core/FileSystem/FileWatcher.cpp' kaynak dosyas─▒ derleniyor)
  
C:\ShadowStrike\ShadowStrike\src\Shared_modules\Core\Engine\EmulationEngine.hpp(758,26): error C2051: case ifadesi sabit de─şil [C:\ShadowStrike\ShadowStrike\ShadowStrike.vcxproj]
  ('/src/Shared_modules/Core/Engine/ThreatDetector.cpp' kaynak dosyas─▒ derleniyor)
  
C:\ShadowStrike\ShadowStrike\src\Shared_modules\Core\Engine\EmulationEngine.hpp(759,26): error C2051: case ifadesi sabit de─şil [C:\ShadowStrike\ShadowStrike\ShadowStrike.vcxproj]
  ('/src/Shared_modules/Core/Engine/ThreatDetector.cpp' kaynak dosyas─▒ derleniyor)
  
C:\ShadowStrike\ShadowStrike\src\Shared_modules\Core\FileSystem\FileWatcher.cpp(688,13): error C2653: 'Logger': bir s─▒n─▒f veya ad alan─▒ ad─▒ de─şil [C:\ShadowStrike\ShadowStrike\ShadowStrike.vcxproj]
  ('/src/Shared_modules/Core/FileSystem/FileWatcher.cpp' kaynak dosyas─▒ derleniyor)
  
C:\ShadowStrike\ShadowStrike\src\Shared_modules\Core\Engine\EmulationEngine.hpp(760,26): error C2051: case ifadesi sabit de─şil [C:\ShadowStrike\ShadowStrike\ShadowStrike.vcxproj]
  ('/src/Shared_modules/Core/Engine/ThreatDetector.cpp' kaynak dosyas─▒ derleniyor)
  
C:\ShadowStrike\ShadowStrike\src\Shared_modules\Core\FileSystem\FileWatcher.cpp(688,21): error C3861: 'Error': tan─▒mlay─▒c─▒ bulunamad─▒ [C:\ShadowStrike\ShadowStrike\ShadowStrike.vcxproj]
  ('/src/Shared_modules/Core/FileSystem/FileWatcher.cpp' kaynak dosyas─▒ derleniyor)
  
C:\ShadowStrike\ShadowStrike\src\Shared_modules\Core\Engine\EmulationEngine.hpp(761,26): error C2051: case ifadesi sabit de─şil [C:\ShadowStrike\ShadowStrike\ShadowStrike.vcxproj]
  ('/src/Shared_modules/Core/Engine/ThreatDetector.cpp' kaynak dosyas─▒ derleniyor)
  
C:\ShadowStrike\ShadowStrike\src\Shared_modules\Core\Engine\EmulationEngine.hpp(762,26): error C2051: case ifadesi sabit de─şil [C:\ShadowStrike\ShadowStrike\ShadowStrike.vcxproj]
  ('/src/Shared_modules/Core/Engine/ThreatDetector.cpp' kaynak dosyas─▒ derleniyor)
  
C:\ShadowStrike\ShadowStrike\src\Shared_modules\Core\FileSystem\FileWatcher.cpp(695,17): error C2653: 'Logger': bir s─▒n─▒f veya ad alan─▒ ad─▒ de─şil [C:\ShadowStrike\ShadowStrike\ShadowStrike.vcxproj]
  ('/src/Shared_modules/Core/FileSystem/FileWatcher.cpp' kaynak dosyas─▒ derleniyor)
  
C:\ShadowStrike\ShadowStrike\src\Shared_modules\Core\Engine\EmulationEngine.hpp(763,26): error C2051: case ifadesi sabit de─şil [C:\ShadowStrike\ShadowStrike\ShadowStrike.vcxproj]
  ('/src/Shared_modules/Core/Engine/ThreatDetector.cpp' kaynak dosyas─▒ derleniyor)
  
C:\ShadowStrike\ShadowStrike\src\Shared_modules\Core\FileSystem\FileWatcher.cpp(695,25): error C3861: 'Error': tan─▒mlay─▒c─▒ bulunamad─▒ [C:\ShadowStrike\ShadowStrike\ShadowStrike.vcxproj]
  ('/src/Shared_modules/Core/FileSystem/FileWatcher.cpp' kaynak dosyas─▒ derleniyor)
  
C:\ShadowStrike\ShadowStrike\src\Shared_modules\Core\Engine\EmulationEngine.hpp(764,26): error C2051: case ifadesi sabit de─şil [C:\ShadowStrike\ShadowStrike\ShadowStrike.vcxproj]
  ('/src/Shared_modules/Core/Engine/ThreatDetector.cpp' kaynak dosyas─▒ derleniyor)
  
C:\ShadowStrike\ShadowStrike\src\Shared_modules\Core\Engine\EmulationEngine.hpp(764,26): error C1003: hata say─▒s─▒ 100 taneyi a┼şt─▒; derleme durduruluyor [C:\ShadowStrike\ShadowStrike\ShadowStrike.vcxproj]
  ('/src/Shared_modules/Core/Engine/ThreatDetector.cpp' kaynak dosyas─▒ derleniyor)
  
C:\ShadowStrike\ShadowStrike\src\Shared_modules\Core\FileSystem\FileWatcher.cpp(700,17): error C2653: 'Logger': bir s─▒n─▒f veya ad alan─▒ ad─▒ de─şil [C:\ShadowStrike\ShadowStrike\ShadowStrike.vcxproj]
  MicrophoneGuard.cpp
  ('/src/Shared_modules/Core/FileSystem/FileWatcher.cpp' kaynak dosyas─▒ derleniyor)
  
C:\ShadowStrike\ShadowStrike\src\Shared_modules\Core\FileSystem\FileWatcher.cpp(701,41): error C2039: 'WideToUtf8': bir 'ShadowStrike::Utils::StringUtils' ├╝yesi de─şil [C:\ShadowStrike\ShadowStrike\ShadowStrike.vcxproj]
  ('/src/Shared_modules/Core/FileSystem/FileWatcher.cpp' kaynak dosyas─▒ derleniyor)
      C:\ShadowStrike\ShadowStrike\src\Shared_modules\Utils\StringUtils.hpp(63,19):
      'ShadowStrike::Utils::StringUtils' bildirimine bak─▒n
  
C:\ShadowStrike\ShadowStrike\src\Shared_modules\Core\FileSystem\FileWatcher.cpp(701,41): error C3861: 'WideToUtf8': tan─▒mlay─▒c─▒ bulunamad─▒ [C:\ShadowStrike\ShadowStrike\ShadowStrike.vcxproj]
  ('/src/Shared_modules/Core/FileSystem/FileWatcher.cpp' kaynak dosyas─▒ derleniyor)
  
C:\ShadowStrike\ShadowStrike\src\Shared_modules\Core\FileSystem\FileWatcher.cpp(700,25): error C3861: 'Error': tan─▒mlay─▒c─▒ bulunamad─▒ [C:\ShadowStrike\ShadowStrike\ShadowStrike.vcxproj]
  ('/src/Shared_modules/Core/FileSystem/FileWatcher.cpp' kaynak dosyas─▒ derleniyor)
  
C:\ShadowStrike\ShadowStrike\src\Shared_modules\Core\FileSystem\FileWatcher.cpp(709,17): error C2653: 'Logger': bir s─▒n─▒f veya ad alan─▒ ad─▒ de─şil [C:\ShadowStrike\ShadowStrike\ShadowStrike.vcxproj]
  ('/src/Shared_modules/Core/FileSystem/FileWatcher.cpp' kaynak dosyas─▒ derleniyor)
  
C:\ShadowStrike\ShadowStrike\src\Shared_modules\Core\FileSystem\MountPointMonitor.cpp(824,24): error C2665: 'ShadowStrike::Utils::Logger::Info': hi├ğbir a┼ş─▒r─▒ y├╝klenmi┼ş i┼şlev t├╝m arg├╝man t├╝rlerini d├Ân├╝┼şt├╝remez [C:\ShadowStrike\ShadowStrike\ShadowStrike.vcxproj]
  ('/src/Shared_modules/Core/FileSystem/MountPointMonitor.cpp' kaynak dosyas─▒ derleniyor)
      C:\ShadowStrike\ShadowStrike\src\Shared_modules\Utils\Logger.hpp(282,16):
      'void ShadowStrike::Utils::Logger::Info<unsigned __int64>(std::basic_format_string<char,unsigned __int64>,unsigned __int64 &&)' olabilirdi
          C:\ShadowStrike\ShadowStrike\src\Shared_modules\Core\FileSystem\MountPointMonitor.cpp(824,24):
          'void ShadowStrike::Utils::Logger::Info<unsigned __int64>(std::basic_format_string<char,unsigned __int64>,unsigned __int64 &&)' : 1 ba─ş─▒ms─▒z de─şi┼şkeni 'const wchar_t [65]' de─şerinden 'std::basic_format_string<char,unsigned __int64>' de─şerine d├Ân├╝┼şt├╝r├╝lemez
              C:\ShadowStrike\ShadowStrike\src\Shared_modules\Core\FileSystem\MountPointMonitor.cpp(824,29):
              'std::basic_format_string<char,unsigned __int64>::basic_format_string': hi├ğbir a┼ş─▒r─▒ y├╝klenmi┼ş i┼şlev t├╝m arg├╝man t├╝rlerini d├Ân├╝┼şt├╝remez
                  C:\Program Files\Microsoft Visual Studio\2022\Community\VC\Tools\MSVC\14.44.35207\include\format(2867,1):
                  'std::basic_format_string<char,unsigned __int64>::basic_format_string(std::basic_format_string<char,unsigned __int64> &&)' olabilirdi
                      C:\ShadowStrike\ShadowStrike\src\Shared_modules\Core\FileSystem\MountPointMonitor.cpp(824,29):
                      'std::basic_format_string<char,unsigned __int64>::basic_format_string(std::basic_format_string<char,unsigned __int64> &&)' : 1 ba─ş─▒ms─▒z de─şi┼şkeni 'const wchar_t [65]' de─şerinden 'std::basic_format_string<char,unsigned __int64> &&' de─şerine d├Ân├╝┼şt├╝r├╝lemez
                          C:\ShadowStrike\ShadowStrike\src\Shared_modules\Core\FileSystem\MountPointMonitor.cpp(824,29):
                          Nedeni: 'const wchar_t [65]' de─şerinden 'std::basic_format_string<char,unsigned __int64>' de─şerine d├Ân├╝┼şt├╝r├╝lemez
                          C:\ShadowStrike\ShadowStrike\src\Shared_modules\Core\FileSystem\MountPointMonitor.cpp(824,29):
                          D├Ân├╝┼şt├╝rme ikinci bir kullan─▒c─▒ tan─▒ml─▒ d├Ân├╝┼şt├╝rme i┼şleci veya olu┼şturucu gerektiriyor
                  C:\Program Files\Microsoft Visual Studio\2022\Community\VC\Tools\MSVC\14.44.35207\include\format(2867,1):
                  veya       'std::basic_format_string<char,unsigned __int64>::basic_format_string(const std::basic_format_string<char,unsigned __int64> &)'
                      C:\ShadowStrike\ShadowStrike\src\Shared_modules\Core\FileSystem\MountPointMonitor.cpp(824,29):
                      'std::basic_format_string<char,unsigned __int64>::basic_format_string(const std::basic_format_string<char,unsigned __int64> &)' : 1 ba─ş─▒ms─▒z de─şi┼şkeni 'const wchar_t [65]' de─şerinden 'const std::basic_format_string<char,unsigned __int64> &' de─şerine d├Ân├╝┼şt├╝r├╝lemez
                          C:\ShadowStrike\ShadowStrike\src\Shared_modules\Core\FileSystem\MountPointMonitor.cpp(824,29):
                          Nedeni: 'const wchar_t [65]' de─şerinden 'const std::basic_format_string<char,unsigned __int64>' de─şerine d├Ân├╝┼şt├╝r├╝lemez
                          C:\ShadowStrike\ShadowStrike\src\Shared_modules\Core\FileSystem\MountPointMonitor.cpp(824,29):
                          D├Ân├╝┼şt├╝rme ikinci bir kullan─▒c─▒ tan─▒ml─▒ d├Ân├╝┼şt├╝rme i┼şleci veya olu┼şturucu gerektiriyor
                  C:\Program Files\Microsoft Visual Studio\2022\Community\VC\Tools\MSVC\14.44.35207\include\format(2850,5):
                  veya       'std::basic_format_string<char,unsigned __int64>::basic_format_string(const _Ty &)'
                  C:\ShadowStrike\ShadowStrike\src\Shared_modules\Core\FileSystem\MountPointMonitor.cpp(824,29):
                  '(const wchar_t [65])' ba─ş─▒ms─▒z de─şi┼şken listesi e┼şlenmeye ├ğal─▒┼ş─▒l─▒rken
      C:\ShadowStrike\ShadowStrike\src\Shared_modules\Core\FileSystem\MountPointMonitor.cpp(824,24):
      '(const wchar_t [65], unsigned __int64)' ba─ş─▒ms─▒z de─şi┼şken listesi e┼şlenmeye ├ğal─▒┼ş─▒l─▒rken
  
C:\ShadowStrike\ShadowStrike\src\Shared_modules\Core\FileSystem\FileWatcher.cpp(709,25): error C3861: 'Error': tan─▒mlay─▒c─▒ bulunamad─▒ [C:\ShadowStrike\ShadowStrike\ShadowStrike.vcxproj]
  ('/src/Shared_modules/Core/FileSystem/FileWatcher.cpp' kaynak dosyas─▒ derleniyor)
  
C:\ShadowStrike\ShadowStrike\src\Shared_modules\Core\FileSystem\MountPointMonitor.cpp(831,49): error C2039: 'Utf8ToWide': bir 'ShadowStrike::Utils::StringUtils' ├╝yesi de─şil [C:\ShadowStrike\ShadowStrike\ShadowStrike.vcxproj]
  ('/src/Shared_modules/Core/FileSystem/MountPointMonitor.cpp' kaynak dosyas─▒ derleniyor)
      C:\ShadowStrike\ShadowStrike\src\Shared_modules\Utils\StringUtils.hpp(63,19):
      'ShadowStrike::Utils::StringUtils' bildirimine bak─▒n
  
C:\ShadowStrike\ShadowStrike\src\Shared_modules\Core\FileSystem\MountPointMonitor.cpp(831,49): error C3861: 'Utf8ToWide': tan─▒mlay─▒c─▒ bulunamad─▒ [C:\ShadowStrike\ShadowStrike\ShadowStrike.vcxproj]
  ('/src/Shared_modules/Core/FileSystem/MountPointMonitor.cpp' kaynak dosyas─▒ derleniyor)
  
C:\ShadowStrike\ShadowStrike\src\Shared_modules\Core\FileSystem\MountPointMonitor.cpp(830,24): error C2660: 'ShadowStrike::Utils::Logger::Error': i┼şlev 2 ba─ş─▒ms─▒z de─şi┼şken alm─▒yor [C:\ShadowStrike\ShadowStrike\ShadowStrike.vcxproj]
  ('/src/Shared_modules/Core/FileSystem/MountPointMonitor.cpp' kaynak dosyas─▒ derleniyor)
      C:\ShadowStrike\ShadowStrike\src\Shared_modules\Utils\Logger.hpp(263,16):
      'ShadowStrike::Utils::Logger::Error' bildirimine bak─▒n
      C:\ShadowStrike\ShadowStrike\src\Shared_modules\Utils\Logger.hpp(274,16):
      'void ShadowStrike::Utils::Logger::Error(std::basic_format_string<char,type_identity<_Args>::type...>,Args ...)' olabilirdi
          C:\ShadowStrike\ShadowStrike\src\Shared_modules\Core\FileSystem\MountPointMonitor.cpp(830,24):
          'void ShadowStrike::Utils::Logger::Error(std::basic_format_string<char,type_identity<_Args>::type...>,Args ...)' i┼şlev ┼şablonu ├Âzelle┼ştirilemedi
              C:\ShadowStrike\ShadowStrike\src\Shared_modules\Core\FileSystem\MountPointMonitor.cpp(830,24):
              ┼Şu ┼şablon ba─ş─▒ms─▒z de─şi┼şkenleriyle:
                  C:\ShadowStrike\ShadowStrike\src\Shared_modules\Core\FileSystem\MountPointMonitor.cpp(830,24):
                  'Args={<error type>}'
      C:\ShadowStrike\ShadowStrike\src\Shared_modules\Core\FileSystem\MountPointMonitor.cpp(830,24):
      '(const wchar_t [46], <error type>)' ba─ş─▒ms─▒z de─şi┼şken listesi e┼şlenmeye ├ğal─▒┼ş─▒l─▒rken
  
C:\ShadowStrike\ShadowStrike\src\Shared_modules\Core\FileSystem\FileWatcher.cpp(728,17): error C2653: 'Logger': bir s─▒n─▒f veya ad alan─▒ ad─▒ de─şil [C:\ShadowStrike\ShadowStrike\ShadowStrike.vcxproj]
  ('/src/Shared_modules/Core/FileSystem/FileWatcher.cpp' kaynak dosyas─▒ derleniyor)
  
C:\ShadowStrike\ShadowStrike\src\Shared_modules\Core\FileSystem\FileWatcher.cpp(729,41): error C2039: 'WideToUtf8': bir 'ShadowStrike::Utils::StringUtils' ├╝yesi de─şil [C:\ShadowStrike\ShadowStrike\ShadowStrike.vcxproj]
  ('/src/Shared_modules/Core/FileSystem/FileWatcher.cpp' kaynak dosyas─▒ derleniyor)
      C:\ShadowStrike\ShadowStrike\src\Shared_modules\Utils\StringUtils.hpp(63,19):
      'ShadowStrike::Utils::StringUtils' bildirimine bak─▒n
  
C:\ShadowStrike\ShadowStrike\src\Shared_modules\Core\FileSystem\FileWatcher.cpp(729,41): error C3861: 'WideToUtf8': tan─▒mlay─▒c─▒ bulunamad─▒ [C:\ShadowStrike\ShadowStrike\ShadowStrike.vcxproj]
  ('/src/Shared_modules/Core/FileSystem/FileWatcher.cpp' kaynak dosyas─▒ derleniyor)
  
C:\ShadowStrike\ShadowStrike\src\Shared_modules\Core\FileSystem\FileWatcher.cpp(728,25): error C3861: 'Error': tan─▒mlay─▒c─▒ bulunamad─▒ [C:\ShadowStrike\ShadowStrike\ShadowStrike.vcxproj]
  PrivacyCleaner.cpp
  ('/src/Shared_modules/Core/FileSystem/FileWatcher.cpp' kaynak dosyas─▒ derleniyor)
  
C:\ShadowStrike\ShadowStrike\src\Shared_modules\Core\FileSystem\MountPointMonitor.cpp(860,21): error C2039: 'm_whitelistedDevices': bir 'ShadowStrike::Core::FileSystem::MountPointMonitor::Impl' ├╝yesi de─şil [C:\ShadowStrike\ShadowStrike\ShadowStrike.vcxproj]
  ('/src/Shared_modules/Core/FileSystem/MountPointMonitor.cpp' kaynak dosyas─▒ derleniyor)
      C:\ShadowStrike\ShadowStrike\src\Shared_modules\Core\FileSystem\MountPointMonitor.cpp(160,27):
      'ShadowStrike::Core::FileSystem::MountPointMonitor::Impl' bildirimine bak─▒n
  
C:\ShadowStrike\ShadowStrike\src\Shared_modules\Core\FileSystem\FileWatcher.cpp(737,17): error C2653: 'Logger': bir s─▒n─▒f veya ad alan─▒ ad─▒ de─şil [C:\ShadowStrike\ShadowStrike\ShadowStrike.vcxproj]
  ('/src/Shared_modules/Core/FileSystem/FileWatcher.cpp' kaynak dosyas─▒ derleniyor)
  
C:\ShadowStrike\ShadowStrike\src\Shared_modules\Core\FileSystem\FileWatcher.cpp(737,25): error C3861: 'Error': tan─▒mlay─▒c─▒ bulunamad─▒ [C:\ShadowStrike\ShadowStrike\ShadowStrike.vcxproj]
  ('/src/Shared_modules/Core/FileSystem/FileWatcher.cpp' kaynak dosyas─▒ derleniyor)
  
C:\ShadowStrike\ShadowStrike\src\Shared_modules\Core\FileSystem\FileWatcher.cpp(754,17): error C2653: 'Logger': bir s─▒n─▒f veya ad alan─▒ ad─▒ de─şil [C:\ShadowStrike\ShadowStrike\ShadowStrike.vcxproj]
  ('/src/Shared_modules/Core/FileSystem/FileWatcher.cpp' kaynak dosyas─▒ derleniyor)
  
C:\ShadowStrike\ShadowStrike\src\Shared_modules\Core\FileSystem\FileWatcher.cpp(754,25): error C3861: 'Error': tan─▒mlay─▒c─▒ bulunamad─▒ [C:\ShadowStrike\ShadowStrike\ShadowStrike.vcxproj]
  WebcamProtector.cpp
  ('/src/Shared_modules/Core/FileSystem/FileWatcher.cpp' kaynak dosyas─▒ derleniyor)
  
C:\ShadowStrike\ShadowStrike\src\Shared_modules\Core\FileSystem\FileWatcher.cpp(765,13): error C2653: 'Logger': bir s─▒n─▒f veya ad alan─▒ ad─▒ de─şil [C:\ShadowStrike\ShadowStrike\ShadowStrike.vcxproj]
  BackupProtector.cpp
  ('/src/Shared_modules/Core/FileSystem/FileWatcher.cpp' kaynak dosyas─▒ derleniyor)
  
C:\ShadowStrike\ShadowStrike\src\Shared_modules\Core\FileSystem\FileWatcher.cpp(766,37): error C2039: 'WideToUtf8': bir 'ShadowStrike::Utils::StringUtils' ├╝yesi de─şil [C:\ShadowStrike\ShadowStrike\ShadowStrike.vcxproj]
  ('/src/Shared_modules/Core/FileSystem/FileWatcher.cpp' kaynak dosyas─▒ derleniyor)
      C:\ShadowStrike\ShadowStrike\src\Shared_modules\Utils\StringUtils.hpp(63,19):
      'ShadowStrike::Utils::StringUtils' bildirimine bak─▒n
  
C:\ShadowStrike\ShadowStrike\src\Shared_modules\Core\FileSystem\FileWatcher.cpp(766,37): error C3861: 'WideToUtf8': tan─▒mlay─▒c─▒ bulunamad─▒ [C:\ShadowStrike\ShadowStrike\ShadowStrike.vcxproj]
  ('/src/Shared_modules/Core/FileSystem/FileWatcher.cpp' kaynak dosyas─▒ derleniyor)
  
C:\ShadowStrike\ShadowStrike\src\Shared_modules\Core\FileSystem\FileWatcher.cpp(765,21): error C3861: 'Info': tan─▒mlay─▒c─▒ bulunamad─▒ [C:\ShadowStrike\ShadowStrike\ShadowStrike.vcxproj]
  FileBackupManager.cpp
  ('/src/Shared_modules/Core/FileSystem/FileWatcher.cpp' kaynak dosyas─▒ derleniyor)
  
  HoneypotManager.cpp
  LockyDetector.cpp
  RansomwareDecryptor.cpp
  RansomwareDetector.cpp
  ShadowCopyProtector.cpp
C:\ShadowStrike\ShadowStrike\src\Shared_modules\Core\FileSystem\FileWatcher.cpp(774,13): error C2653: 'Logger': bir s─▒n─▒f veya ad alan─▒ ad─▒ de─şil [C:\ShadowStrike\ShadowStrike\ShadowStrike.vcxproj]
  ('/src/Shared_modules/Core/FileSystem/FileWatcher.cpp' kaynak dosyas─▒ derleniyor)
  
C:\ShadowStrike\ShadowStrike\src\Shared_modules\Core\FileSystem\FileWatcher.cpp(774,21): error C3861: 'Error': tan─▒mlay─▒c─▒ bulunamad─▒ [C:\ShadowStrike\ShadowStrike\ShadowStrike.vcxproj]
  ('/src/Shared_modules/Core/FileSystem/FileWatcher.cpp' kaynak dosyas─▒ derleniyor)
  
C:\ShadowStrike\ShadowStrike\src\Shared_modules\Core\FileSystem\MountPointMonitor.cpp(875,24): error C2664: 'void ShadowStrike::Utils::Logger::Info(const char *)' : 1 ba─ş─▒ms─▒z de─şi┼şkeni 'const wchar_t [37]' de─şerinden 'const char *' de─şerine d├Ân├╝┼şt├╝r├╝lemez [C:\ShadowStrike\ShadowStrike\ShadowStrike.vcxproj]
  ('/src/Shared_modules/Core/FileSystem/MountPointMonitor.cpp' kaynak dosyas─▒ derleniyor)
      C:\ShadowStrike\ShadowStrike\src\Shared_modules\Core\FileSystem\MountPointMonitor.cpp(875,29):
      ─░┼şaretlenen t├╝rler ilgisiz; d├Ân├╝┼şt├╝rme reinterpret_cast, C stili t├╝r d├Ân├╝┼şt├╝rme veya parantez i├ğine al─▒nm─▒┼ş i┼şlev stili t├╝r d├Ân├╝┼şt├╝rme gerektiriyor
      C:\ShadowStrike\ShadowStrike\src\Shared_modules\Utils\Logger.hpp(265,16):
      'ShadowStrike::Utils::Logger::Info' bildirimine bak─▒n
      C:\ShadowStrike\ShadowStrike\src\Shared_modules\Utils\Logger.hpp(282,16):
      'void ShadowStrike::Utils::Logger::Info(std::basic_format_string<char,type_identity<_Args>::type...>,Args ...)' olabilirdi
          C:\ShadowStrike\ShadowStrike\src\Shared_modules\Core\FileSystem\MountPointMonitor.cpp(875,24):
          ili┼şkili k─▒s─▒tlamalar kar┼ş─▒lanmad─▒
              C:\ShadowStrike\ShadowStrike\src\Shared_modules\Utils\Logger.hpp(281,57):
              k─▒s─▒tlama yerine getirilmedi
      C:\ShadowStrike\ShadowStrike\src\Shared_modules\Core\FileSystem\MountPointMonitor.cpp(875,24):
      '(const wchar_t [37])' ba─ş─▒ms─▒z de─şi┼şken listesi e┼şlenmeye ├ğal─▒┼ş─▒l─▒rken
  
C:\ShadowStrike\ShadowStrike\src\Shared_modules\Core\FileSystem\MountPointMonitor.cpp(879,49): error C2039: 'Utf8ToWide': bir 'ShadowStrike::Utils::StringUtils' ├╝yesi de─şil [C:\ShadowStrike\ShadowStrike\ShadowStrike.vcxproj]
  ('/src/Shared_modules/Core/FileSystem/MountPointMonitor.cpp' kaynak dosyas─▒ derleniyor)
      C:\ShadowStrike\ShadowStrike\src\Shared_modules\Utils\StringUtils.hpp(63,19):
      'ShadowStrike::Utils::StringUtils' bildirimine bak─▒n
  
C:\ShadowStrike\ShadowStrike\src\Shared_modules\Core\FileSystem\MountPointMonitor.cpp(879,49): error C3861: 'Utf8ToWide': tan─▒mlay─▒c─▒ bulunamad─▒ [C:\ShadowStrike\ShadowStrike\ShadowStrike.vcxproj]
  ('/src/Shared_modules/Core/FileSystem/MountPointMonitor.cpp' kaynak dosyas─▒ derleniyor)
  
C:\ShadowStrike\ShadowStrike\src\Shared_modules\Core\FileSystem\MountPointMonitor.cpp(878,24): error C2660: 'ShadowStrike::Utils::Logger::Error': i┼şlev 2 ba─ş─▒ms─▒z de─şi┼şken alm─▒yor [C:\ShadowStrike\ShadowStrike\ShadowStrike.vcxproj]
  ('/src/Shared_modules/Core/FileSystem/MountPointMonitor.cpp' kaynak dosyas─▒ derleniyor)
      C:\ShadowStrike\ShadowStrike\src\Shared_modules\Utils\Logger.hpp(263,16):
      'ShadowStrike::Utils::Logger::Error' bildirimine bak─▒n
      C:\ShadowStrike\ShadowStrike\src\Shared_modules\Utils\Logger.hpp(274,16):
      'void ShadowStrike::Utils::Logger::Error(std::basic_format_string<char,type_identity<_Args>::type...>,Args ...)' olabilirdi
          C:\ShadowStrike\ShadowStrike\src\Shared_modules\Core\FileSystem\MountPointMonitor.cpp(878,24):
          'void ShadowStrike::Utils::Logger::Error(std::basic_format_string<char,type_identity<_Args>::type...>,Args ...)' i┼şlev ┼şablonu ├Âzelle┼ştirilemedi
              C:\ShadowStrike\ShadowStrike\src\Shared_modules\Core\FileSystem\MountPointMonitor.cpp(878,24):
              ┼Şu ┼şablon ba─ş─▒ms─▒z de─şi┼şkenleriyle:
                  C:\ShadowStrike\ShadowStrike\src\Shared_modules\Core\FileSystem\MountPointMonitor.cpp(878,24):
                  'Args={<error type>}'
      C:\ShadowStrike\ShadowStrike\src\Shared_modules\Core\FileSystem\MountPointMonitor.cpp(878,24):
      '(const wchar_t [39], <error type>)' ba─ş─▒ms─▒z de─şi┼şken listesi e┼şlenmeye ├ğal─▒┼ş─▒l─▒rken
  
C:\ShadowStrike\ShadowStrike\src\Shared_modules\Core\FileSystem\MountPointMonitor.cpp(887,24): error C2664: 'void ShadowStrike::Utils::Logger::Error(const char *)' : 1 ba─ş─▒ms─▒z de─şi┼şkeni 'const wchar_t [35]' de─şerinden 'const char *' de─şerine d├Ân├╝┼şt├╝r├╝lemez [C:\ShadowStrike\ShadowStrike\ShadowStrike.vcxproj]
  ('/src/Shared_modules/Core/FileSystem/MountPointMonitor.cpp' kaynak dosyas─▒ derleniyor)
      C:\ShadowStrike\ShadowStrike\src\Shared_modules\Core\FileSystem\MountPointMonitor.cpp(887,30):
      ─░┼şaretlenen t├╝rler ilgisiz; d├Ân├╝┼şt├╝rme reinterpret_cast, C stili t├╝r d├Ân├╝┼şt├╝rme veya parantez i├ğine al─▒nm─▒┼ş i┼şlev stili t├╝r d├Ân├╝┼şt├╝rme gerektiriyor
      C:\ShadowStrike\ShadowStrike\src\Shared_modules\Utils\Logger.hpp(263,16):
      'ShadowStrike::Utils::Logger::Error' bildirimine bak─▒n
      C:\ShadowStrike\ShadowStrike\src\Shared_modules\Utils\Logger.hpp(274,16):
      'void ShadowStrike::Utils::Logger::Error(std::basic_format_string<char,type_identity<_Args>::type...>,Args ...)' olabilirdi
          C:\ShadowStrike\ShadowStrike\src\Shared_modules\Core\FileSystem\MountPointMonitor.cpp(887,24):
          ili┼şkili k─▒s─▒tlamalar kar┼ş─▒lanmad─▒
              C:\ShadowStrike\ShadowStrike\src\Shared_modules\Utils\Logger.hpp(273,57):
              k─▒s─▒tlama yerine getirilmedi
      C:\ShadowStrike\ShadowStrike\src\Shared_modules\Core\FileSystem\MountPointMonitor.cpp(887,24):
      '(const wchar_t [35])' ba─ş─▒ms─▒z de─şi┼şken listesi e┼şlenmeye ├ğal─▒┼ş─▒l─▒rken
  
C:\ShadowStrike\ShadowStrike\src\Shared_modules\Core\FileSystem\FileWatcher.cpp(808,9): error C2653: 'Logger': bir s─▒n─▒f veya ad alan─▒ ad─▒ de─şil [C:\ShadowStrike\ShadowStrike\ShadowStrike.vcxproj]
  ('/src/Shared_modules/Core/FileSystem/FileWatcher.cpp' kaynak dosyas─▒ derleniyor)
  
C:\ShadowStrike\ShadowStrike\src\Shared_modules\Core\FileSystem\FileWatcher.cpp(808,17): error C3861: 'Info': tan─▒mlay─▒c─▒ bulunamad─▒ [C:\ShadowStrike\ShadowStrike\ShadowStrike.vcxproj]
  ('/src/Shared_modules/Core/FileSystem/FileWatcher.cpp' kaynak dosyas─▒ derleniyor)
  
C:\ShadowStrike\ShadowStrike\src\Shared_modules\Core\FileSystem\MountPointMonitor.cpp(892,24): error C2664: 'void ShadowStrike::Utils::Logger::Warn(const char *)' : 1 ba─ş─▒ms─▒z de─şi┼şkeni 'const wchar_t [35]' de─şerinden 'const char *' de─şerine d├Ân├╝┼şt├╝r├╝lemez [C:\ShadowStrike\ShadowStrike\ShadowStrike.vcxproj]
  ('/src/Shared_modules/Core/FileSystem/MountPointMonitor.cpp' kaynak dosyas─▒ derleniyor)
      C:\ShadowStrike\ShadowStrike\src\Shared_modules\Core\FileSystem\MountPointMonitor.cpp(892,29):
      ─░┼şaretlenen t├╝rler ilgisiz; d├Ân├╝┼şt├╝rme reinterpret_cast, C stili t├╝r d├Ân├╝┼şt├╝rme veya parantez i├ğine al─▒nm─▒┼ş i┼şlev stili t├╝r d├Ân├╝┼şt├╝rme gerektiriyor
      C:\ShadowStrike\ShadowStrike\src\Shared_modules\Utils\Logger.hpp(264,16):
      'ShadowStrike::Utils::Logger::Warn' bildirimine bak─▒n
      C:\ShadowStrike\ShadowStrike\src\Shared_modules\Utils\Logger.hpp(278,16):
      'void ShadowStrike::Utils::Logger::Warn(std::basic_format_string<char,type_identity<_Args>::type...>,Args ...)' olabilirdi
          C:\ShadowStrike\ShadowStrike\src\Shared_modules\Core\FileSystem\MountPointMonitor.cpp(892,24):
          ili┼şkili k─▒s─▒tlamalar kar┼ş─▒lanmad─▒
              C:\ShadowStrike\ShadowStrike\src\Shared_modules\Utils\Logger.hpp(277,57):
              k─▒s─▒tlama yerine getirilmedi
      C:\ShadowStrike\ShadowStrike\src\Shared_modules\Core\FileSystem\MountPointMonitor.cpp(892,24):
      '(const wchar_t [35])' ba─ş─▒ms─▒z de─şi┼şken listesi e┼şlenmeye ├ğal─▒┼ş─▒l─▒rken
  
C:\ShadowStrike\ShadowStrike\src\Shared_modules\Core\FileSystem\FileWatcher.cpp(822,9): error C2653: 'Logger': bir s─▒n─▒f veya ad alan─▒ ad─▒ de─şil [C:\ShadowStrike\ShadowStrike\ShadowStrike.vcxproj]
  ('/src/Shared_modules/Core/FileSystem/FileWatcher.cpp' kaynak dosyas─▒ derleniyor)
  
C:\ShadowStrike\ShadowStrike\src\Shared_modules\Core\FileSystem\FileWatcher.cpp(822,17): error C3861: 'Info': tan─▒mlay─▒c─▒ bulunamad─▒ [C:\ShadowStrike\ShadowStrike\ShadowStrike.vcxproj]
  ('/src/Shared_modules/Core/FileSystem/FileWatcher.cpp' kaynak dosyas─▒ derleniyor)
  
C:\ShadowStrike\ShadowStrike\src\Shared_modules\Core\FileSystem\MountPointMonitor.cpp(900,28): error C2664: 'void ShadowStrike::Utils::Logger::Error(const char *)' : 1 ba─ş─▒ms─▒z de─şi┼şkeni 'const wchar_t [47]' de─şerinden 'const char *' de─şerine d├Ân├╝┼şt├╝r├╝lemez [C:\ShadowStrike\ShadowStrike\ShadowStrike.vcxproj]
  ('/src/Shared_modules/Core/FileSystem/MountPointMonitor.cpp' kaynak dosyas─▒ derleniyor)
      C:\ShadowStrike\ShadowStrike\src\Shared_modules\Core\FileSystem\MountPointMonitor.cpp(900,34):
      ─░┼şaretlenen t├╝rler ilgisiz; d├Ân├╝┼şt├╝rme reinterpret_cast, C stili t├╝r d├Ân├╝┼şt├╝rme veya parantez i├ğine al─▒nm─▒┼ş i┼şlev stili t├╝r d├Ân├╝┼şt├╝rme gerektiriyor
      C:\ShadowStrike\ShadowStrike\src\Shared_modules\Utils\Logger.hpp(263,16):
      'ShadowStrike::Utils::Logger::Error' bildirimine bak─▒n
      C:\ShadowStrike\ShadowStrike\src\Shared_modules\Utils\Logger.hpp(274,16):
      'void ShadowStrike::Utils::Logger::Error(std::basic_format_string<char,type_identity<_Args>::type...>,Args ...)' olabilirdi
          C:\ShadowStrike\ShadowStrike\src\Shared_modules\Core\FileSystem\MountPointMonitor.cpp(900,28):
          ili┼şkili k─▒s─▒tlamalar kar┼ş─▒lanmad─▒
              C:\ShadowStrike\ShadowStrike\src\Shared_modules\Utils\Logger.hpp(273,57):
              k─▒s─▒tlama yerine getirilmedi
      C:\ShadowStrike\ShadowStrike\src\Shared_modules\Core\FileSystem\MountPointMonitor.cpp(900,28):
      '(const wchar_t [47])' ba─ş─▒ms─▒z de─şi┼şken listesi e┼şlenmeye ├ğal─▒┼ş─▒l─▒rken
  
C:\ShadowStrike\ShadowStrike\src\Shared_modules\Core\FileSystem\MountPointMonitor.cpp(920,28): error C2664: 'void ShadowStrike::Utils::Logger::Error(const char *)' : 1 ba─ş─▒ms─▒z de─şi┼şkeni 'const wchar_t [51]' de─şerinden 'const char *' de─şerine d├Ân├╝┼şt├╝r├╝lemez [C:\ShadowStrike\ShadowStrike\ShadowStrike.vcxproj]
  ('/src/Shared_modules/Core/FileSystem/MountPointMonitor.cpp' kaynak dosyas─▒ derleniyor)
      C:\ShadowStrike\ShadowStrike\src\Shared_modules\Core\FileSystem\MountPointMonitor.cpp(920,34):
      ─░┼şaretlenen t├╝rler ilgisiz; d├Ân├╝┼şt├╝rme reinterpret_cast, C stili t├╝r d├Ân├╝┼şt├╝rme veya parantez i├ğine al─▒nm─▒┼ş i┼şlev stili t├╝r d├Ân├╝┼şt├╝rme gerektiriyor
      C:\ShadowStrike\ShadowStrike\src\Shared_modules\Utils\Logger.hpp(263,16):
      'ShadowStrike::Utils::Logger::Error' bildirimine bak─▒n
      C:\ShadowStrike\ShadowStrike\src\Shared_modules\Utils\Logger.hpp(274,16):
      'void ShadowStrike::Utils::Logger::Error(std::basic_format_string<char,type_identity<_Args>::type...>,Args ...)' olabilirdi
          C:\ShadowStrike\ShadowStrike\src\Shared_modules\Core\FileSystem\MountPointMonitor.cpp(920,28):
          ili┼şkili k─▒s─▒tlamalar kar┼ş─▒lanmad─▒
              C:\ShadowStrike\ShadowStrike\src\Shared_modules\Utils\Logger.hpp(273,57):
              k─▒s─▒tlama yerine getirilmedi
      C:\ShadowStrike\ShadowStrike\src\Shared_modules\Core\FileSystem\MountPointMonitor.cpp(920,28):
      '(const wchar_t [51])' ba─ş─▒ms─▒z de─şi┼şken listesi e┼şlenmeye ├ğal─▒┼ş─▒l─▒rken
  
C:\ShadowStrike\ShadowStrike\src\Shared_modules\Core\FileSystem\MountPointMonitor.cpp(926,24): error C2664: 'void ShadowStrike::Utils::Logger::Info(const char *)' : 1 ba─ş─▒ms─▒z de─şi┼şkeni 'const wchar_t [40]' de─şerinden 'const char *' de─şerine d├Ân├╝┼şt├╝r├╝lemez [C:\ShadowStrike\ShadowStrike\ShadowStrike.vcxproj]
  ('/src/Shared_modules/Core/FileSystem/MountPointMonitor.cpp' kaynak dosyas─▒ derleniyor)
      C:\ShadowStrike\ShadowStrike\src\Shared_modules\Core\FileSystem\MountPointMonitor.cpp(926,29):
      ─░┼şaretlenen t├╝rler ilgisiz; d├Ân├╝┼şt├╝rme reinterpret_cast, C stili t├╝r d├Ân├╝┼şt├╝rme veya parantez i├ğine al─▒nm─▒┼ş i┼şlev stili t├╝r d├Ân├╝┼şt├╝rme gerektiriyor
      C:\ShadowStrike\ShadowStrike\src\Shared_modules\Utils\Logger.hpp(265,16):
      'ShadowStrike::Utils::Logger::Info' bildirimine bak─▒n
      C:\ShadowStrike\ShadowStrike\src\Shared_modules\Utils\Logger.hpp(282,16):
      'void ShadowStrike::Utils::Logger::Info(std::basic_format_string<char,type_identity<_Args>::type...>,Args ...)' olabilirdi
          C:\ShadowStrike\ShadowStrike\src\Shared_modules\Core\FileSystem\MountPointMonitor.cpp(926,24):
          ili┼şkili k─▒s─▒tlamalar kar┼ş─▒lanmad─▒
              C:\ShadowStrike\ShadowStrike\src\Shared_modules\Utils\Logger.hpp(281,57):
              k─▒s─▒tlama yerine getirilmedi
      C:\ShadowStrike\ShadowStrike\src\Shared_modules\Core\FileSystem\MountPointMonitor.cpp(926,24):
      '(const wchar_t [40])' ba─ş─▒ms─▒z de─şi┼şken listesi e┼şlenmeye ├ğal─▒┼ş─▒l─▒rken
  
C:\ShadowStrike\ShadowStrike\src\Shared_modules\Core\FileSystem\MountPointMonitor.cpp(932,49): error C2039: 'Utf8ToWide': bir 'ShadowStrike::Utils::StringUtils' ├╝yesi de─şil [C:\ShadowStrike\ShadowStrike\ShadowStrike.vcxproj]
  ('/src/Shared_modules/Core/FileSystem/MountPointMonitor.cpp' kaynak dosyas─▒ derleniyor)
      C:\ShadowStrike\ShadowStrike\src\Shared_modules\Utils\StringUtils.hpp(63,19):
      'ShadowStrike::Utils::StringUtils' bildirimine bak─▒n
  
C:\ShadowStrike\ShadowStrike\src\Shared_modules\Core\FileSystem\MountPointMonitor.cpp(932,49): error C3861: 'Utf8ToWide': tan─▒mlay─▒c─▒ bulunamad─▒ [C:\ShadowStrike\ShadowStrike\ShadowStrike.vcxproj]
  ('/src/Shared_modules/Core/FileSystem/MountPointMonitor.cpp' kaynak dosyas─▒ derleniyor)
  
C:\ShadowStrike\ShadowStrike\src\Shared_modules\Core\FileSystem\MountPointMonitor.cpp(931,24): error C2660: 'ShadowStrike::Utils::Logger::Error': i┼şlev 2 ba─ş─▒ms─▒z de─şi┼şken alm─▒yor [C:\ShadowStrike\ShadowStrike\ShadowStrike.vcxproj]
  ('/src/Shared_modules/Core/FileSystem/MountPointMonitor.cpp' kaynak dosyas─▒ derleniyor)
      C:\ShadowStrike\ShadowStrike\src\Shared_modules\Utils\Logger.hpp(263,16):
      'ShadowStrike::Utils::Logger::Error' bildirimine bak─▒n
      C:\ShadowStrike\ShadowStrike\src\Shared_modules\Utils\Logger.hpp(274,16):
      'void ShadowStrike::Utils::Logger::Error(std::basic_format_string<char,type_identity<_Args>::type...>,Args ...)' olabilirdi
          C:\ShadowStrike\ShadowStrike\src\Shared_modules\Core\FileSystem\MountPointMonitor.cpp(931,24):
          'void ShadowStrike::Utils::Logger::Error(std::basic_format_string<char,type_identity<_Args>::type...>,Args ...)' i┼şlev ┼şablonu ├Âzelle┼ştirilemedi
              C:\ShadowStrike\ShadowStrike\src\Shared_modules\Core\FileSystem\MountPointMonitor.cpp(931,24):
              ┼Şu ┼şablon ba─ş─▒ms─▒z de─şi┼şkenleriyle:
                  C:\ShadowStrike\ShadowStrike\src\Shared_modules\Core\FileSystem\MountPointMonitor.cpp(931,24):
                  'Args={<error type>}'
      C:\ShadowStrike\ShadowStrike\src\Shared_modules\Core\FileSystem\MountPointMonitor.cpp(931,24):
      '(const wchar_t [37], <error type>)' ba─ş─▒ms─▒z de─şi┼şken listesi e┼şlenmeye ├ğal─▒┼ş─▒l─▒rken
  
C:\ShadowStrike\ShadowStrike\src\Shared_modules\Core\FileSystem\MountPointMonitor.cpp(950,24): error C2664: 'void ShadowStrike::Utils::Logger::Info(const char *)' : 1 ba─ş─▒ms─▒z de─şi┼şkeni 'const wchar_t [27]' de─şerinden 'const char *' de─şerine d├Ân├╝┼şt├╝r├╝lemez [C:\ShadowStrike\ShadowStrike\ShadowStrike.vcxproj]
  ('/src/Shared_modules/Core/FileSystem/MountPointMonitor.cpp' kaynak dosyas─▒ derleniyor)
      C:\ShadowStrike\ShadowStrike\src\Shared_modules\Core\FileSystem\MountPointMonitor.cpp(950,29):
      ─░┼şaretlenen t├╝rler ilgisiz; d├Ân├╝┼şt├╝rme reinterpret_cast, C stili t├╝r d├Ân├╝┼şt├╝rme veya parantez i├ğine al─▒nm─▒┼ş i┼şlev stili t├╝r d├Ân├╝┼şt├╝rme gerektiriyor
      C:\ShadowStrike\ShadowStrike\src\Shared_modules\Utils\Logger.hpp(265,16):
      'ShadowStrike::Utils::Logger::Info' bildirimine bak─▒n
      C:\ShadowStrike\ShadowStrike\src\Shared_modules\Utils\Logger.hpp(282,16):
      'void ShadowStrike::Utils::Logger::Info(std::basic_format_string<char,type_identity<_Args>::type...>,Args ...)' olabilirdi
          C:\ShadowStrike\ShadowStrike\src\Shared_modules\Core\FileSystem\MountPointMonitor.cpp(950,24):
          ili┼şkili k─▒s─▒tlamalar kar┼ş─▒lanmad─▒
              C:\ShadowStrike\ShadowStrike\src\Shared_modules\Utils\Logger.hpp(281,57):
              k─▒s─▒tlama yerine getirilmedi
      C:\ShadowStrike\ShadowStrike\src\Shared_modules\Core\FileSystem\MountPointMonitor.cpp(950,24):
      '(const wchar_t [27])' ba─ş─▒ms─▒z de─şi┼şken listesi e┼şlenmeye ├ğal─▒┼ş─▒l─▒rken
  
C:\ShadowStrike\ShadowStrike\src\Shared_modules\Core\FileSystem\MountPointMonitor.cpp(954,49): error C2039: 'Utf8ToWide': bir 'ShadowStrike::Utils::StringUtils' ├╝yesi de─şil [C:\ShadowStrike\ShadowStrike\ShadowStrike.vcxproj]
  ('/src/Shared_modules/Core/FileSystem/MountPointMonitor.cpp' kaynak dosyas─▒ derleniyor)
      C:\ShadowStrike\ShadowStrike\src\Shared_modules\Utils\StringUtils.hpp(63,19):
      'ShadowStrike::Utils::StringUtils' bildirimine bak─▒n
  
C:\ShadowStrike\ShadowStrike\src\Shared_modules\Core\FileSystem\MountPointMonitor.cpp(954,49): error C3861: 'Utf8ToWide': tan─▒mlay─▒c─▒ bulunamad─▒ [C:\ShadowStrike\ShadowStrike\ShadowStrike.vcxproj]
  VolumeSnapshotService.cpp
  ('/src/Shared_modules/Core/FileSystem/MountPointMonitor.cpp' kaynak dosyas─▒ derleniyor)
  
  WannaCryDetector.cpp
C:\ShadowStrike\ShadowStrike\src\Shared_modules\Core\FileSystem\MountPointMonitor.cpp(953,24): error C2660: 'ShadowStrike::Utils::Logger::Error': i┼şlev 2 ba─ş─▒ms─▒z de─şi┼şken alm─▒yor [C:\ShadowStrike\ShadowStrike\ShadowStrike.vcxproj]
  ('/src/Shared_modules/Core/FileSystem/MountPointMonitor.cpp' kaynak dosyas─▒ derleniyor)
      C:\ShadowStrike\ShadowStrike\src\Shared_modules\Utils\Logger.hpp(263,16):
      'ShadowStrike::Utils::Logger::Error' bildirimine bak─▒n
      C:\ShadowStrike\ShadowStrike\src\Shared_modules\Utils\Logger.hpp(274,16):
      'void ShadowStrike::Utils::Logger::Error(std::basic_format_string<char,type_identity<_Args>::type...>,Args ...)' olabilirdi
          C:\ShadowStrike\ShadowStrike\src\Shared_modules\Core\FileSystem\MountPointMonitor.cpp(953,24):
          'void ShadowStrike::Utils::Logger::Error(std::basic_format_string<char,type_identity<_Args>::type...>,Args ...)' i┼şlev ┼şablonu ├Âzelle┼ştirilemedi
              C:\ShadowStrike\ShadowStrike\src\Shared_modules\Core\FileSystem\MountPointMonitor.cpp(953,24):
              ┼Şu ┼şablon ba─ş─▒ms─▒z de─şi┼şkenleriyle:
                  C:\ShadowStrike\ShadowStrike\src\Shared_modules\Core\FileSystem\MountPointMonitor.cpp(953,24):
                  'Args={<error type>}'
      C:\ShadowStrike\ShadowStrike\src\Shared_modules\Core\FileSystem\MountPointMonitor.cpp(953,24):
      '(const wchar_t [35], <error type>)' ba─ş─▒ms─▒z de─şi┼şken listesi e┼şlenmeye ├ğal─▒┼ş─▒l─▒rken
  
C:\ShadowStrike\ShadowStrike\src\Shared_modules\Core\FileSystem\FileWatcher.cpp(870,9): error C2440: 'return': 'ShadowStrike::Core::FileSystem::WatchEntry' - 'std::optional<ShadowStrike::Core::FileSystem::WatchEntry>' d├Ân├╝┼ş├╝m├╝ yap─▒lam─▒yor [C:\ShadowStrike\ShadowStrike\ShadowStrike.vcxproj]
  ('/src/Shared_modules/Core/FileSystem/FileWatcher.cpp' kaynak dosyas─▒ derleniyor)
      C:\ShadowStrike\ShadowStrike\src\Shared_modules\Core\FileSystem\FileWatcher.cpp(870,9):
      Bu d├Ân├╝┼şt├╝rmeyi ger├ğekle┼ştirecek kullan─▒c─▒ tan─▒ml─▒ d├Ân├╝┼şt├╝rme i┼şleci yok veya i┼şle├ğ ├ğa─şr─▒lam─▒yor
  
C:\ShadowStrike\ShadowStrike\src\Shared_modules\Core\FileSystem\FileWatcher.cpp(905,9): error C2653: 'Logger': bir s─▒n─▒f veya ad alan─▒ ad─▒ de─şil [C:\ShadowStrike\ShadowStrike\ShadowStrike.vcxproj]
  ('/src/Shared_modules/Core/FileSystem/FileWatcher.cpp' kaynak dosyas─▒ derleniyor)
  
C:\ShadowStrike\ShadowStrike\src\Shared_modules\Core\FileSystem\FileWatcher.cpp(906,33): error C2039: 'WideToUtf8': bir 'ShadowStrike::Utils::StringUtils' ├╝yesi de─şil [C:\ShadowStrike\ShadowStrike\ShadowStrike.vcxproj]
  ('/src/Shared_modules/Core/FileSystem/FileWatcher.cpp' kaynak dosyas─▒ derleniyor)
      C:\ShadowStrike\ShadowStrike\src\Shared_modules\Utils\StringUtils.hpp(63,19):
      'ShadowStrike::Utils::StringUtils' bildirimine bak─▒n
  
C:\ShadowStrike\ShadowStrike\src\Shared_modules\Core\FileSystem\FileWatcher.cpp(906,33): error C3861: 'WideToUtf8': tan─▒mlay─▒c─▒ bulunamad─▒ [C:\ShadowStrike\ShadowStrike\ShadowStrike.vcxproj]
  ('/src/Shared_modules/Core/FileSystem/FileWatcher.cpp' kaynak dosyas─▒ derleniyor)
  
C:\ShadowStrike\ShadowStrike\src\Shared_modules\Core\FileSystem\FileWatcher.cpp(905,17): error C3861: 'Info': tan─▒mlay─▒c─▒ bulunamad─▒ [C:\ShadowStrike\ShadowStrike\ShadowStrike.vcxproj]
  ('/src/Shared_modules/Core/FileSystem/FileWatcher.cpp' kaynak dosyas─▒ derleniyor)
  
C:\ShadowStrike\ShadowStrike\src\Shared_modules\Core\FileSystem\MountPointMonitor.cpp(1029,14): error C2039: 'unordered_set': bir 'std' ├╝yesi de─şil [C:\ShadowStrike\ShadowStrike\ShadowStrike.vcxproj]
  AccessControlManager.cpp
  ('/src/Shared_modules/Core/FileSystem/MountPointMonitor.cpp' kaynak dosyas─▒ derleniyor)
      C:\Program Files\Microsoft Visual Studio\2022\Community\VC\Tools\MSVC\14.44.35207\include\deque(23,1):
      'std' bildirimine bak─▒n
  
C:\ShadowStrike\ShadowStrike\src\Shared_modules\Core\FileSystem\FileWatcher.cpp(1035,13): error C2653: 'Logger': bir s─▒n─▒f veya ad alan─▒ ad─▒ de─şil [C:\ShadowStrike\ShadowStrike\ShadowStrike.vcxproj]
  ('/src/Shared_modules/Core/FileSystem/FileWatcher.cpp' kaynak dosyas─▒ derleniyor)
  
C:\ShadowStrike\ShadowStrike\src\Shared_modules\Core\FileSystem\MountPointMonitor.cpp(1029,28): error C2062: 'wchar_t' t├╝r├╝ beklenmiyor [C:\ShadowStrike\ShadowStrike\ShadowStrike.vcxproj]
  ('/src/Shared_modules/Core/FileSystem/MountPointMonitor.cpp' kaynak dosyas─▒ derleniyor)
  
C:\ShadowStrike\ShadowStrike\src\Shared_modules\Core\FileSystem\FileWatcher.cpp(1035,21): error C3861: 'Error': tan─▒mlay─▒c─▒ bulunamad─▒ [C:\ShadowStrike\ShadowStrike\ShadowStrike.vcxproj]
  ('/src/Shared_modules/Core/FileSystem/FileWatcher.cpp' kaynak dosyas─▒ derleniyor)
  
C:\ShadowStrike\ShadowStrike\src\Shared_modules\Core\FileSystem\MountPointMonitor.cpp(1034,17): error C2065: 'currentDrives': bildirimi yap─▒lmam─▒┼ş tan─▒mlay─▒c─▒ [C:\ShadowStrike\ShadowStrike\ShadowStrike.vcxproj]
  ('/src/Shared_modules/Core/FileSystem/MountPointMonitor.cpp' kaynak dosyas─▒ derleniyor)
  
C:\ShadowStrike\ShadowStrike\src\Shared_modules\Core\FileSystem\FileWatcher.cpp(1043,9): error C2653: 'Logger': bir s─▒n─▒f veya ad alan─▒ ad─▒ de─şil [C:\ShadowStrike\ShadowStrike\ShadowStrike.vcxproj]
  ('/src/Shared_modules/Core/FileSystem/FileWatcher.cpp' kaynak dosyas─▒ derleniyor)
  
C:\ShadowStrike\ShadowStrike\src\Shared_modules\Core\FileSystem\FileWatcher.cpp(1043,17): error C3861: 'Info': tan─▒mlay─▒c─▒ bulunamad─▒ [C:\ShadowStrike\ShadowStrike\ShadowStrike.vcxproj]
  BehaviorBlocker.cpp
  ('/src/Shared_modules/Core/FileSystem/FileWatcher.cpp' kaynak dosyas─▒ derleniyor)
  
C:\ShadowStrike\ShadowStrike\src\Shared_modules\Core\FileSystem\FileWatcher.cpp(1066,21): error C2653: 'Logger': bir s─▒n─▒f veya ad alan─▒ ad─▒ de─şil [C:\ShadowStrike\ShadowStrike\ShadowStrike.vcxproj]
  ('/src/Shared_modules/Core/FileSystem/FileWatcher.cpp' kaynak dosyas─▒ derleniyor)
  
C:\ShadowStrike\ShadowStrike\src\Shared_modules\Core\FileSystem\FileWatcher.cpp(1066,29): error C3861: 'Info': tan─▒mlay─▒c─▒ bulunamad─▒ [C:\ShadowStrike\ShadowStrike\ShadowStrike.vcxproj]
  ('/src/Shared_modules/Core/FileSystem/FileWatcher.cpp' kaynak dosyas─▒ derleniyor)
  
C:\ShadowStrike\ShadowStrike\src\Shared_modules\Core\FileSystem\FileWatcher.cpp(1078,21): error C2653: 'Logger': bir s─▒n─▒f veya ad alan─▒ ad─▒ de─şil [C:\ShadowStrike\ShadowStrike\ShadowStrike.vcxproj]
  ('/src/Shared_modules/Core/FileSystem/FileWatcher.cpp' kaynak dosyas─▒ derleniyor)
  
C:\ShadowStrike\ShadowStrike\src\Shared_modules\Core\FileSystem\FileWatcher.cpp(1078,29): error C3861: 'Error': tan─▒mlay─▒c─▒ bulunamad─▒ [C:\ShadowStrike\ShadowStrike\ShadowStrike.vcxproj]
  ExploitPrevention.cpp
  FileIntegrityMonitor.cpp
  ('/src/Shared_modules/Core/FileSystem/FileWatcher.cpp' kaynak dosyas─▒ derleniyor)
  
C:\ShadowStrike\ShadowStrike\src\Shared_modules\Core\FileSystem\FileWatcher.cpp(1087,17): error C2653: 'Logger': bir s─▒n─▒f veya ad alan─▒ ad─▒ de─şil [C:\ShadowStrike\ShadowStrike\ShadowStrike.vcxproj]
  ('/src/Shared_modules/Core/FileSystem/FileWatcher.cpp' kaynak dosyas─▒ derleniyor)
  
C:\ShadowStrike\ShadowStrike\src\Shared_modules\Core\FileSystem\FileWatcher.cpp(1087,25): error C3861: 'Info': tan─▒mlay─▒c─▒ bulunamad─▒ [C:\ShadowStrike\ShadowStrike\ShadowStrike.vcxproj]
  FileSystemFilter.cpp
  ('/src/Shared_modules/Core/FileSystem/FileWatcher.cpp' kaynak dosyas─▒ derleniyor)
  
  MemoryProtection.cpp
C:\ShadowStrike\ShadowStrike\src\Shared_modules\Core\FileSystem\FileWatcher.cpp(1103,9): error C2653: 'Logger': bir s─▒n─▒f veya ad alan─▒ ad─▒ de─şil [C:\ShadowStrike\ShadowStrike\ShadowStrike.vcxproj]
  ('/src/Shared_modules/Core/FileSystem/FileWatcher.cpp' kaynak dosyas─▒ derleniyor)
  
C:\ShadowStrike\ShadowStrike\src\Shared_modules\Core\FileSystem\FileWatcher.cpp(1103,17): error C3861: 'Info': tan─▒mlay─▒c─▒ bulunamad─▒ [C:\ShadowStrike\ShadowStrike\ShadowStrike.vcxproj]
  ('/src/Shared_modules/Core/FileSystem/FileWatcher.cpp' kaynak dosyas─▒ derleniyor)
  
C:\ShadowStrike\ShadowStrike\src\Shared_modules\Core\FileSystem\FileWatcher.cpp(1117,17): error C2653: 'Logger': bir s─▒n─▒f veya ad alan─▒ ad─▒ de─şil [C:\ShadowStrike\ShadowStrike\ShadowStrike.vcxproj]
  ('/src/Shared_modules/Core/FileSystem/FileWatcher.cpp' kaynak dosyas─▒ derleniyor)
  
  NetworkTrafficFilter.cpp
C:\ShadowStrike\ShadowStrike\src\Shared_modules\Core\FileSystem\FileWatcher.cpp(1117,25): error C3861: 'Error': tan─▒mlay─▒c─▒ bulunamad─▒ [C:\ShadowStrike\ShadowStrike\ShadowStrike.vcxproj]
  ('/src/Shared_modules/Core/FileSystem/FileWatcher.cpp' kaynak dosyas─▒ derleniyor)
  
C:\ShadowStrike\ShadowStrike\src\Shared_modules\Core\FileSystem\MountPointMonitor.cpp(1052,21): error C2065: 'currentDrives': bildirimi yap─▒lmam─▒┼ş tan─▒mlay─▒c─▒ [C:\ShadowStrike\ShadowStrike\ShadowStrike.vcxproj]
  ProcessCreationMonitor.cpp
  ZeroHourProtection.cpp
  ('/src/Shared_modules/Core/FileSystem/MountPointMonitor.cpp' kaynak dosyas─▒ derleniyor)
  
C:\ShadowStrike\ShadowStrike\src\Shared_modules\Core\FileSystem\MountPointMonitor.cpp(1052,51): error C2065: 'currentDrives': bildirimi yap─▒lmam─▒┼ş tan─▒mlay─▒c─▒ [C:\ShadowStrike\ShadowStrike\ShadowStrike.vcxproj]
  ('/src/Shared_modules/Core/FileSystem/MountPointMonitor.cpp' kaynak dosyas─▒ derleniyor)
  
C:\ShadowStrike\ShadowStrike\src\Shared_modules\Core\FileSystem\MountPointMonitor.cpp(1066,49): error C2039: 'Utf8ToWide': bir 'ShadowStrike::Utils::StringUtils' ├╝yesi de─şil [C:\ShadowStrike\ShadowStrike\ShadowStrike.vcxproj]
  ('/src/Shared_modules/Core/FileSystem/MountPointMonitor.cpp' kaynak dosyas─▒ derleniyor)
      C:\ShadowStrike\ShadowStrike\src\Shared_modules\Utils\StringUtils.hpp(63,19):
      'ShadowStrike::Utils::StringUtils' bildirimine bak─▒n
  
C:\ShadowStrike\ShadowStrike\src\Shared_modules\Core\FileSystem\MountPointMonitor.cpp(1066,49): error C3861: 'Utf8ToWide': tan─▒mlay─▒c─▒ bulunamad─▒ [C:\ShadowStrike\ShadowStrike\ShadowStrike.vcxproj]
  ('/src/Shared_modules/Core/FileSystem/MountPointMonitor.cpp' kaynak dosyas─▒ derleniyor)
  
C:\ShadowStrike\ShadowStrike\src\Shared_modules\Core\FileSystem\FileWatcher.cpp(1297,13): error C2653: 'Logger': bir s─▒n─▒f veya ad alan─▒ ad─▒ de─şil [C:\ShadowStrike\ShadowStrike\ShadowStrike.vcxproj]
  ('/src/Shared_modules/Core/FileSystem/FileWatcher.cpp' kaynak dosyas─▒ derleniyor)
  
C:\ShadowStrike\ShadowStrike\src\Shared_modules\Core\FileSystem\FileWatcher.cpp(1297,21): error C3861: 'Error': tan─▒mlay─▒c─▒ bulunamad─▒ [C:\ShadowStrike\ShadowStrike\ShadowStrike.vcxproj]
  ('/src/Shared_modules/Core/FileSystem/FileWatcher.cpp' kaynak dosyas─▒ derleniyor)
  
C:\ShadowStrike\ShadowStrike\src\Shared_modules\Core\FileSystem\MountPointMonitor.cpp(1065,24): error C2660: 'ShadowStrike::Utils::Logger::Error': i┼şlev 2 ba─ş─▒ms─▒z de─şi┼şken alm─▒yor [C:\ShadowStrike\ShadowStrike\ShadowStrike.vcxproj]
  ('/src/Shared_modules/Core/FileSystem/MountPointMonitor.cpp' kaynak dosyas─▒ derleniyor)
      C:\ShadowStrike\ShadowStrike\src\Shared_modules\Utils\Logger.hpp(263,16):
      'ShadowStrike::Utils::Logger::Error' bildirimine bak─▒n
      C:\ShadowStrike\ShadowStrike\src\Shared_modules\Utils\Logger.hpp(274,16):
      'void ShadowStrike::Utils::Logger::Error(std::basic_format_string<char,type_identity<_Args>::type...>,Args ...)' olabilirdi
          C:\ShadowStrike\ShadowStrike\src\Shared_modules\Core\FileSystem\MountPointMonitor.cpp(1065,24):
          'void ShadowStrike::Utils::Logger::Error(std::basic_format_string<char,type_identity<_Args>::type...>,Args ...)' i┼şlev ┼şablonu ├Âzelle┼ştirilemedi
              C:\ShadowStrike\ShadowStrike\src\Shared_modules\Core\FileSystem\MountPointMonitor.cpp(1065,24):
              ┼Şu ┼şablon ba─ş─▒ms─▒z de─şi┼şkenleriyle:
                  C:\ShadowStrike\ShadowStrike\src\Shared_modules\Core\FileSystem\MountPointMonitor.cpp(1065,24):
                  'Args={<error type>}'
      C:\ShadowStrike\ShadowStrike\src\Shared_modules\Core\FileSystem\MountPointMonitor.cpp(1065,24):
      '(const wchar_t [50], <error type>)' ba─ş─▒ms─▒z de─şi┼şken listesi e┼şlenmeye ├ğal─▒┼ş─▒l─▒rken
  
C:\ShadowStrike\ShadowStrike\src\Shared_modules\Core\FileSystem\FileWatcher.cpp(1320,9): error C2653: 'Logger': bir s─▒n─▒f veya ad alan─▒ ad─▒ de─şil [C:\ShadowStrike\ShadowStrike\ShadowStrike.vcxproj]
  ('/src/Shared_modules/Core/FileSystem/FileWatcher.cpp' kaynak dosyas─▒ derleniyor)
  
C:\ShadowStrike\ShadowStrike\src\Shared_modules\Core\FileSystem\FileWatcher.cpp(1320,17): error C3861: 'Critical': tan─▒mlay─▒c─▒ bulunamad─▒ [C:\ShadowStrike\ShadowStrike\ShadowStrike.vcxproj]
  ('/src/Shared_modules/Core/FileSystem/FileWatcher.cpp' kaynak dosyas─▒ derleniyor)
  
C:\ShadowStrike\ShadowStrike\src\Shared_modules\Core\FileSystem\FileWatcher.cpp(1328,13): error C2653: 'Logger': bir s─▒n─▒f veya ad alan─▒ ad─▒ de─şil [C:\ShadowStrike\ShadowStrike\ShadowStrike.vcxproj]
  ('/src/Shared_modules/Core/FileSystem/FileWatcher.cpp' kaynak dosyas─▒ derleniyor)
  
C:\ShadowStrike\ShadowStrike\src\Shared_modules\Core\FileSystem\FileWatcher.cpp(1328,21): error C3861: 'Warn': tan─▒mlay─▒c─▒ bulunamad─▒ [C:\ShadowStrike\ShadowStrike\ShadowStrike.vcxproj]
  ('/src/Shared_modules/Core/FileSystem/FileWatcher.cpp' kaynak dosyas─▒ derleniyor)
  
C:\ShadowStrike\ShadowStrike\src\Shared_modules\Core\FileSystem\FileWatcher.cpp(1337,9): error C2653: 'Logger': bir s─▒n─▒f veya ad alan─▒ ad─▒ de─şil [C:\ShadowStrike\ShadowStrike\ShadowStrike.vcxproj]
  ('/src/Shared_modules/Core/FileSystem/FileWatcher.cpp' kaynak dosyas─▒ derleniyor)
  
C:\ShadowStrike\ShadowStrike\src\Shared_modules\Core\FileSystem\FileWatcher.cpp(1337,17): error C3861: 'Error': tan─▒mlay─▒c─▒ bulunamad─▒ [C:\ShadowStrike\ShadowStrike\ShadowStrike.vcxproj]
  ('/src/Shared_modules/Core/FileSystem/FileWatcher.cpp' kaynak dosyas─▒ derleniyor)
  
C:\ShadowStrike\ShadowStrike\src\Shared_modules\Core\FileSystem\FileWatcher.cpp(1346,13): error C2653: 'Logger': bir s─▒n─▒f veya ad alan─▒ ad─▒ de─şil [C:\ShadowStrike\ShadowStrike\ShadowStrike.vcxproj]
  ('/src/Shared_modules/Core/FileSystem/FileWatcher.cpp' kaynak dosyas─▒ derleniyor)
  
C:\ShadowStrike\ShadowStrike\src\Shared_modules\Core\FileSystem\FileWatcher.cpp(1346,21): error C3861: 'Info': tan─▒mlay─▒c─▒ bulunamad─▒ [C:\ShadowStrike\ShadowStrike\ShadowStrike.vcxproj]
  ('/src/Shared_modules/Core/FileSystem/FileWatcher.cpp' kaynak dosyas─▒ derleniyor)
  
C:\ShadowStrike\ShadowStrike\src\Shared_modules\Core\FileSystem\MountPointMonitor.cpp(1107,20): error C2664: 'void ShadowStrike::Utils::Logger::Info(const char *)' : 1 ba─ş─▒ms─▒z de─şi┼şkeni 'const wchar_t [42]' de─şerinden 'const char *' de─şerine d├Ân├╝┼şt├╝r├╝lemez [C:\ShadowStrike\ShadowStrike\ShadowStrike.vcxproj]
  ('/src/Shared_modules/Core/FileSystem/MountPointMonitor.cpp' kaynak dosyas─▒ derleniyor)
      C:\ShadowStrike\ShadowStrike\src\Shared_modules\Core\FileSystem\MountPointMonitor.cpp(1107,25):
      ─░┼şaretlenen t├╝rler ilgisiz; d├Ân├╝┼şt├╝rme reinterpret_cast, C stili t├╝r d├Ân├╝┼şt├╝rme veya parantez i├ğine al─▒nm─▒┼ş i┼şlev stili t├╝r d├Ân├╝┼şt├╝rme gerektiriyor
      C:\ShadowStrike\ShadowStrike\src\Shared_modules\Utils\Logger.hpp(265,16):
      'ShadowStrike::Utils::Logger::Info' bildirimine bak─▒n
      C:\ShadowStrike\ShadowStrike\src\Shared_modules\Utils\Logger.hpp(282,16):
      'void ShadowStrike::Utils::Logger::Info(std::basic_format_string<char,type_identity<_Args>::type...>,Args ...)' olabilirdi
          C:\ShadowStrike\ShadowStrike\src\Shared_modules\Core\FileSystem\MountPointMonitor.cpp(1107,20):
          ili┼şkili k─▒s─▒tlamalar kar┼ş─▒lanmad─▒
              C:\ShadowStrike\ShadowStrike\src\Shared_modules\Utils\Logger.hpp(281,57):
              k─▒s─▒tlama yerine getirilmedi
      C:\ShadowStrike\ShadowStrike\src\Shared_modules\Core\FileSystem\MountPointMonitor.cpp(1107,20):
      '(const wchar_t [42])' ba─ş─▒ms─▒z de─şi┼şken listesi e┼şlenmeye ├ğal─▒┼ş─▒l─▒rken
  
C:\ShadowStrike\ShadowStrike\src\Shared_modules\Core\FileSystem\MountPointMonitor.cpp(1116,13): error C2039: 'm_whitelistedDevices': bir 'ShadowStrike::Core::FileSystem::MountPointMonitor::Impl' ├╝yesi de─şil [C:\ShadowStrike\ShadowStrike\ShadowStrike.vcxproj]
  ('/src/Shared_modules/Core/FileSystem/MountPointMonitor.cpp' kaynak dosyas─▒ derleniyor)
      C:\ShadowStrike\ShadowStrike\src\Shared_modules\Core\FileSystem\MountPointMonitor.cpp(160,27):
      'ShadowStrike::Core::FileSystem::MountPointMonitor::Impl' bildirimine bak─▒n
  
C:\ShadowStrike\ShadowStrike\src\Shared_modules\Core\FileSystem\MountPointMonitor.cpp(1117,20): error C2665: 'ShadowStrike::Utils::Logger::Info': hi├ğbir a┼ş─▒r─▒ y├╝klenmi┼ş i┼şlev t├╝m arg├╝man t├╝rlerini d├Ân├╝┼şt├╝remez [C:\ShadowStrike\ShadowStrike\ShadowStrike.vcxproj]
  ('/src/Shared_modules/Core/FileSystem/MountPointMonitor.cpp' kaynak dosyas─▒ derleniyor)
      C:\ShadowStrike\ShadowStrike\src\Shared_modules\Utils\Logger.hpp(282,16):
      'void ShadowStrike::Utils::Logger::Info<const std::wstring&>(std::basic_format_string<char,const std::wstring &>,const std::wstring &)' olabilirdi
          C:\ShadowStrike\ShadowStrike\src\Shared_modules\Core\FileSystem\MountPointMonitor.cpp(1117,20):
          'void ShadowStrike::Utils::Logger::Info<const std::wstring&>(std::basic_format_string<char,const std::wstring &>,const std::wstring &)' : 1 ba─ş─▒ms─▒z de─şi┼şkeni 'const wchar_t [43]' de─şerinden 'std::basic_format_string<char,const std::wstring &>' de─şerine d├Ân├╝┼şt├╝r├╝lemez
              C:\ShadowStrike\ShadowStrike\src\Shared_modules\Core\FileSystem\MountPointMonitor.cpp(1117,25):
              'std::basic_format_string<char,const std::wstring &>::basic_format_string': hi├ğbir a┼ş─▒r─▒ y├╝klenmi┼ş i┼şlev t├╝m arg├╝man t├╝rlerini d├Ân├╝┼şt├╝remez
                  C:\Program Files\Microsoft Visual Studio\2022\Community\VC\Tools\MSVC\14.44.35207\include\format(2867,1):
                  'std::basic_format_string<char,const std::wstring &>::basic_format_string(std::basic_format_string<char,const std::wstring &> &&)' olabilirdi
                      C:\ShadowStrike\ShadowStrike\src\Shared_modules\Core\FileSystem\MountPointMonitor.cpp(1117,25):
                      'std::basic_format_string<char,const std::wstring &>::basic_format_string(std::basic_format_string<char,const std::wstring &> &&)' : 1 ba─ş─▒ms─▒z de─şi┼şkeni 'const wchar_t [43]' de─şerinden 'std::basic_format_string<char,const std::wstring &> &&' de─şerine d├Ân├╝┼şt├╝r├╝lemez
                          C:\ShadowStrike\ShadowStrike\src\Shared_modules\Core\FileSystem\MountPointMonitor.cpp(1117,25):
                          Nedeni: 'const wchar_t [43]' de─şerinden 'std::basic_format_string<char,const std::wstring &>' de─şerine d├Ân├╝┼şt├╝r├╝lemez
                          C:\ShadowStrike\ShadowStrike\src\Shared_modules\Core\FileSystem\MountPointMonitor.cpp(1117,25):
                          D├Ân├╝┼şt├╝rme ikinci bir kullan─▒c─▒ tan─▒ml─▒ d├Ân├╝┼şt├╝rme i┼şleci veya olu┼şturucu gerektiriyor
                  C:\Program Files\Microsoft Visual Studio\2022\Community\VC\Tools\MSVC\14.44.35207\include\format(2867,1):
                  veya       'std::basic_format_string<char,const std::wstring &>::basic_format_string(const std::basic_format_string<char,const std::wstring &> &)'
                      C:\ShadowStrike\ShadowStrike\src\Shared_modules\Core\FileSystem\MountPointMonitor.cpp(1117,25):
                      'std::basic_format_string<char,const std::wstring &>::basic_format_string(const std::basic_format_string<char,const std::wstring &> &)' : 1 ba─ş─▒ms─▒z de─şi┼şkeni 'const wchar_t [43]' de─şerinden 'const std::basic_format_string<char,const std::wstring &> &' de─şerine d├Ân├╝┼şt├╝r├╝lemez
                          C:\ShadowStrike\ShadowStrike\src\Shared_modules\Core\FileSystem\MountPointMonitor.cpp(1117,25):
                          Nedeni: 'const wchar_t [43]' de─şerinden 'const std::basic_format_string<char,const std::wstring &>' de─şerine d├Ân├╝┼şt├╝r├╝lemez
                          C:\ShadowStrike\ShadowStrike\src\Shared_modules\Core\FileSystem\MountPointMonitor.cpp(1117,25):
                          D├Ân├╝┼şt├╝rme ikinci bir kullan─▒c─▒ tan─▒ml─▒ d├Ân├╝┼şt├╝rme i┼şleci veya olu┼şturucu gerektiriyor
                  C:\Program Files\Microsoft Visual Studio\2022\Community\VC\Tools\MSVC\14.44.35207\include\format(2850,5):
                  veya       'std::basic_format_string<char,const std::wstring &>::basic_format_string(const _Ty &)'
                  C:\ShadowStrike\ShadowStrike\src\Shared_modules\Core\FileSystem\MountPointMonitor.cpp(1117,25):
                  '(const wchar_t [43])' ba─ş─▒ms─▒z de─şi┼şken listesi e┼şlenmeye ├ğal─▒┼ş─▒l─▒rken
      C:\ShadowStrike\ShadowStrike\src\Shared_modules\Core\FileSystem\MountPointMonitor.cpp(1117,20):
      '(const wchar_t [43], const std::wstring)' ba─ş─▒ms─▒z de─şi┼şken listesi e┼şlenmeye ├ğal─▒┼ş─▒l─▒rken
  
C:\ShadowStrike\ShadowStrike\src\Shared_modules\Core\FileSystem\MountPointMonitor.cpp(1122,13): error C2039: 'm_whitelistedDevices': bir 'ShadowStrike::Core::FileSystem::MountPointMonitor::Impl' ├╝yesi de─şil [C:\ShadowStrike\ShadowStrike\ShadowStrike.vcxproj]
  ('/src/Shared_modules/Core/FileSystem/MountPointMonitor.cpp' kaynak dosyas─▒ derleniyor)
      C:\ShadowStrike\ShadowStrike\src\Shared_modules\Core\FileSystem\MountPointMonitor.cpp(160,27):
      'ShadowStrike::Core::FileSystem::MountPointMonitor::Impl' bildirimine bak─▒n
  
C:\ShadowStrike\ShadowStrike\src\Shared_modules\Core\FileSystem\MountPointMonitor.cpp(1123,20): error C2665: 'ShadowStrike::Utils::Logger::Info': hi├ğbir a┼ş─▒r─▒ y├╝klenmi┼ş i┼şlev t├╝m arg├╝man t├╝rlerini d├Ân├╝┼şt├╝remez [C:\ShadowStrike\ShadowStrike\ShadowStrike.vcxproj]
  ('/src/Shared_modules/Core/FileSystem/MountPointMonitor.cpp' kaynak dosyas─▒ derleniyor)
      C:\ShadowStrike\ShadowStrike\src\Shared_modules\Utils\Logger.hpp(282,16):
      'void ShadowStrike::Utils::Logger::Info<const std::wstring&>(std::basic_format_string<char,const std::wstring &>,const std::wstring &)' olabilirdi
          C:\ShadowStrike\ShadowStrike\src\Shared_modules\Core\FileSystem\MountPointMonitor.cpp(1123,20):
          'void ShadowStrike::Utils::Logger::Info<const std::wstring&>(std::basic_format_string<char,const std::wstring &>,const std::wstring &)' : 1 ba─ş─▒ms─▒z de─şi┼şkeni 'const wchar_t [54]' de─şerinden 'std::basic_format_string<char,const std::wstring &>' de─şerine d├Ân├╝┼şt├╝r├╝lemez
              C:\ShadowStrike\ShadowStrike\src\Shared_modules\Core\FileSystem\MountPointMonitor.cpp(1123,25):
              'std::basic_format_string<char,const std::wstring &>::basic_format_string': hi├ğbir a┼ş─▒r─▒ y├╝klenmi┼ş i┼şlev t├╝m arg├╝man t├╝rlerini d├Ân├╝┼şt├╝remez
                  C:\Program Files\Microsoft Visual Studio\2022\Community\VC\Tools\MSVC\14.44.35207\include\format(2867,1):
                  'std::basic_format_string<char,const std::wstring &>::basic_format_string(std::basic_format_string<char,const std::wstring &> &&)' olabilirdi
                      C:\ShadowStrike\ShadowStrike\src\Shared_modules\Core\FileSystem\MountPointMonitor.cpp(1123,25):
                      'std::basic_format_string<char,const std::wstring &>::basic_format_string(std::basic_format_string<char,const std::wstring &> &&)' : 1 ba─ş─▒ms─▒z de─şi┼şkeni 'const wchar_t [54]' de─şerinden 'std::basic_format_string<char,const std::wstring &> &&' de─şerine d├Ân├╝┼şt├╝r├╝lemez
                          C:\ShadowStrike\ShadowStrike\src\Shared_modules\Core\FileSystem\MountPointMonitor.cpp(1123,25):
                          Nedeni: 'const wchar_t [54]' de─şerinden 'std::basic_format_string<char,const std::wstring &>' de─şerine d├Ân├╝┼şt├╝r├╝lemez
                          C:\ShadowStrike\ShadowStrike\src\Shared_modules\Core\FileSystem\MountPointMonitor.cpp(1123,25):
                          D├Ân├╝┼şt├╝rme ikinci bir kullan─▒c─▒ tan─▒ml─▒ d├Ân├╝┼şt├╝rme i┼şleci veya olu┼şturucu gerektiriyor
                  C:\Program Files\Microsoft Visual Studio\2022\Community\VC\Tools\MSVC\14.44.35207\include\format(2867,1):
                  veya       'std::basic_format_string<char,const std::wstring &>::basic_format_string(const std::basic_format_string<char,const std::wstring &> &)'
                      C:\ShadowStrike\ShadowStrike\src\Shared_modules\Core\FileSystem\MountPointMonitor.cpp(1123,25):
                      'std::basic_format_string<char,const std::wstring &>::basic_format_string(const std::basic_format_string<char,const std::wstring &> &)' : 1 ba─ş─▒ms─▒z de─şi┼şkeni 'const wchar_t [54]' de─şerinden 'const std::basic_format_string<char,const std::wstring &> &' de─şerine d├Ân├╝┼şt├╝r├╝lemez
                          C:\ShadowStrike\ShadowStrike\src\Shared_modules\Core\FileSystem\MountPointMonitor.cpp(1123,25):
                          Nedeni: 'const wchar_t [54]' de─şerinden 'const std::basic_format_string<char,const std::wstring &>' de─şerine d├Ân├╝┼şt├╝r├╝lemez
                          C:\ShadowStrike\ShadowStrike\src\Shared_modules\Core\FileSystem\MountPointMonitor.cpp(1123,25):
                          D├Ân├╝┼şt├╝rme ikinci bir kullan─▒c─▒ tan─▒ml─▒ d├Ân├╝┼şt├╝rme i┼şleci veya olu┼şturucu gerektiriyor
                  C:\Program Files\Microsoft Visual Studio\2022\Community\VC\Tools\MSVC\14.44.35207\include\format(2850,5):
                  veya       'std::basic_format_string<char,const std::wstring &>::basic_format_string(const _Ty &)'
                  C:\ShadowStrike\ShadowStrike\src\Shared_modules\Core\FileSystem\MountPointMonitor.cpp(1123,25):
                  '(const wchar_t [54])' ba─ş─▒ms─▒z de─şi┼şken listesi e┼şlenmeye ├ğal─▒┼ş─▒l─▒rken
      C:\ShadowStrike\ShadowStrike\src\Shared_modules\Core\FileSystem\MountPointMonitor.cpp(1123,20):
      '(const wchar_t [54], const std::wstring)' ba─ş─▒ms─▒z de─şi┼şken listesi e┼şlenmeye ├ğal─▒┼ş─▒l─▒rken
  
C:\ShadowStrike\ShadowStrike\src\Shared_modules\Core\FileSystem\MountPointMonitor.cpp(1128,20): error C2039: 'm_whitelistedDevices': bir 'ShadowStrike::Core::FileSystem::MountPointMonitor::Impl' ├╝yesi de─şil [C:\ShadowStrike\ShadowStrike\ShadowStrike.vcxproj]
  ('/src/Shared_modules/Core/FileSystem/MountPointMonitor.cpp' kaynak dosyas─▒ derleniyor)
      C:\ShadowStrike\ShadowStrike\src\Shared_modules\Core\FileSystem\MountPointMonitor.cpp(160,27):
      'ShadowStrike::Core::FileSystem::MountPointMonitor::Impl' bildirimine bak─▒n
  
C:\ShadowStrike\ShadowStrike\src\Shared_modules\Core\FileSystem\MountPointMonitor.cpp(1128,71): error C2039: 'm_whitelistedDevices': bir 'ShadowStrike::Core::FileSystem::MountPointMonitor::Impl' ├╝yesi de─şil [C:\ShadowStrike\ShadowStrike\ShadowStrike.vcxproj]
  ('/src/Shared_modules/Core/FileSystem/MountPointMonitor.cpp' kaynak dosyas─▒ derleniyor)
      C:\ShadowStrike\ShadowStrike\src\Shared_modules\Core\FileSystem\MountPointMonitor.cpp(160,27):
      'ShadowStrike::Core::FileSystem::MountPointMonitor::Impl' bildirimine bak─▒n
  
C:\ShadowStrike\ShadowStrike\src\Shared_modules\Core\FileSystem\MountPointMonitor.cpp(1135,29): error C2039: 'm_whitelistedDevices': bir 'ShadowStrike::Core::FileSystem::MountPointMonitor::Impl' ├╝yesi de─şil [C:\ShadowStrike\ShadowStrike\ShadowStrike.vcxproj]
  ('/src/Shared_modules/Core/FileSystem/MountPointMonitor.cpp' kaynak dosyas─▒ derleniyor)
      C:\ShadowStrike\ShadowStrike\src\Shared_modules\Core\FileSystem\MountPointMonitor.cpp(160,27):
      'ShadowStrike::Core::FileSystem::MountPointMonitor::Impl' bildirimine bak─▒n
  
C:\ShadowStrike\ShadowStrike\src\Shared_modules\Core\FileSystem\MountPointMonitor.cpp(1137,39): error C2039: 'm_whitelistedDevices': bir 'ShadowStrike::Core::FileSystem::MountPointMonitor::Impl' ├╝yesi de─şil [C:\ShadowStrike\ShadowStrike\ShadowStrike.vcxproj]
  ('/src/Shared_modules/Core/FileSystem/MountPointMonitor.cpp' kaynak dosyas─▒ derleniyor)
      C:\ShadowStrike\ShadowStrike\src\Shared_modules\Core\FileSystem\MountPointMonitor.cpp(160,27):
      'ShadowStrike::Core::FileSystem::MountPointMonitor::Impl' bildirimine bak─▒n
  
C:\ShadowStrike\ShadowStrike\src\Shared_modules\Core\FileSystem\MountPointMonitor.cpp(1137,22): error C2530: 'serial': ba┼şvurular─▒n ba┼şlat─▒lmas─▒ gerekir [C:\ShadowStrike\ShadowStrike\ShadowStrike.vcxproj]
  ('/src/Shared_modules/Core/FileSystem/MountPointMonitor.cpp' kaynak dosyas─▒ derleniyor)
  
C:\ShadowStrike\ShadowStrike\src\Shared_modules\Core\FileSystem\MountPointMonitor.cpp(1137,22): error C3531: 'serial': t├╝r├╝ 'auto' i├ğeren bir simgenin bir ba┼şlat─▒c─▒s─▒ olmal─▒d─▒r [C:\ShadowStrike\ShadowStrike\ShadowStrike.vcxproj]
  ('/src/Shared_modules/Core/FileSystem/MountPointMonitor.cpp' kaynak dosyas─▒ derleniyor)
  
C:\ShadowStrike\ShadowStrike\src\Shared_modules\Core\FileSystem\MountPointMonitor.cpp(1137,29): error C2143: s├Âzdizimi hatas─▒: ';' eksik (':' ├Âncesinde) [C:\ShadowStrike\ShadowStrike\ShadowStrike.vcxproj]
  ('/src/Shared_modules/Core/FileSystem/MountPointMonitor.cpp' kaynak dosyas─▒ derleniyor)
  
C:\ShadowStrike\ShadowStrike\src\Shared_modules\Core\FileSystem\MountPointMonitor.cpp(1137,59): error C2143: s├Âzdizimi hatas─▒: ';' eksik (')' ├Âncesinde) [C:\ShadowStrike\ShadowStrike\ShadowStrike.vcxproj]
  ('/src/Shared_modules/Core/FileSystem/MountPointMonitor.cpp' kaynak dosyas─▒ derleniyor)
  
C:\ShadowStrike\ShadowStrike\src\Shared_modules\Core\FileSystem\MountPointMonitor.cpp(1138,17): error C2665: 'std::vector<std::wstring,std::allocator<std::wstring>>::push_back': hi├ğbir a┼ş─▒r─▒ y├╝klenmi┼ş i┼şlev t├╝m arg├╝man t├╝rlerini d├Ân├╝┼şt├╝remez [C:\ShadowStrike\ShadowStrike\ShadowStrike.vcxproj]
  ('/src/Shared_modules/Core/FileSystem/MountPointMonitor.cpp' kaynak dosyas─▒ derleniyor)
      C:\Program Files\Microsoft Visual Studio\2022\Community\VC\Tools\MSVC\14.44.35207\include\vector(936,23):
      'void std::vector<std::wstring,std::allocator<std::wstring>>::push_back(_Ty &&)' olabilirdi
          with
          [
              _Ty=std::wstring
          ]
          C:\ShadowStrike\ShadowStrike\src\Shared_modules\Core\FileSystem\MountPointMonitor.cpp(1138,17):
          'void std::vector<std::wstring,std::allocator<std::wstring>>::push_back(_Ty &&)' : 1 ba─ş─▒ms─▒z de─şi┼şkeni '<error type>' de─şerinden '_Ty &&' de─şerine d├Ân├╝┼şt├╝r├╝lemez
          with
          [
              _Ty=std::wstring
          ]
              C:\ShadowStrike\ShadowStrike\src\Shared_modules\Core\FileSystem\MountPointMonitor.cpp(1138,27):
              Nedeni: '<error type>' de─şerinden '_Ty' de─şerine d├Ân├╝┼şt├╝r├╝lemez
          with
          [
              _Ty=std::wstring
          ]
              C:\ShadowStrike\ShadowStrike\src\Shared_modules\Core\FileSystem\MountPointMonitor.cpp(1138,27):
              'std::basic_string<wchar_t,std::char_traits<wchar_t>,std::allocator<wchar_t>>::basic_string': hi├ğbir a┼ş─▒r─▒ y├╝klenmi┼ş i┼şlev t├╝m arg├╝man t├╝rlerini d├Ân├╝┼şt├╝remez
                  C:\Program Files\Microsoft Visual Studio\2022\Community\VC\Tools\MSVC\14.44.35207\include\xstring(781,5):
                  'std::basic_string<wchar_t,std::char_traits<wchar_t>,std::allocator<wchar_t>>::basic_string(std::nullptr_t)' olabilirdi
                      C:\ShadowStrike\ShadowStrike\src\Shared_modules\Core\FileSystem\MountPointMonitor.cpp(1138,27):
                      'std::basic_string<wchar_t,std::char_traits<wchar_t>,std::allocator<wchar_t>>::basic_string(std::nullptr_t)' : 1 ba─ş─▒ms─▒z de─şi┼şkeni '<error type>' de─şerinden 'std::nullptr_t' de─şerine d├Ân├╝┼şt├╝r├╝lemez
                          C:\ShadowStrike\ShadowStrike\src\Shared_modules\Core\FileSystem\MountPointMonitor.cpp(1138,27):
                          yaln─▒zca bo┼ş i┼şaret├ği sabiti nullptr_t de─şerine d├Ân├╝┼şt├╝r├╝lebilir
                  C:\Program Files\Microsoft Visual Studio\2022\Community\VC\Tools\MSVC\14.44.35207\include\xstring(768,5):
                  veya       'std::basic_string<wchar_t,std::char_traits<wchar_t>,std::allocator<wchar_t>>::basic_string(const _Elem *const )'
          with
          [
              _Elem=wchar_t
          ]
                      C:\ShadowStrike\ShadowStrike\src\Shared_modules\Core\FileSystem\MountPointMonitor.cpp(1138,27):
                      'std::basic_string<wchar_t,std::char_traits<wchar_t>,std::allocator<wchar_t>>::basic_string(const _Elem *const )' : 1 ba─ş─▒ms─▒z de─şi┼şkeni '<error type>' de─şerinden 'const _Elem *const ' de─şerine d├Ân├╝┼şt├╝r├╝lemez
          with
          [
              _Elem=wchar_t
          ]
                          C:\ShadowStrike\ShadowStrike\src\Shared_modules\Core\FileSystem\MountPointMonitor.cpp(1138,27):
                          ─░ntegral t├╝rden i┼şaret├ği t├╝r├╝ne d├Ân├╝┼şt├╝rme reinterpret_cast, C stili t├╝r d├Ân├╝┼şt├╝rme veya parantez i├ğine al─▒nm─▒┼ş i┼şlev stili t├╝r d├Ân├╝┼şt├╝rme gerektiriyor
                  C:\Program Files\Microsoft Visual Studio\2022\Community\VC\Tools\MSVC\14.44.35207\include\xstring(1340,5):
                  veya       'std::basic_string<wchar_t,std::char_traits<wchar_t>,std::allocator<wchar_t>>::basic_string(std::initializer_list<_Elem>,const _Alloc &)'
          with
          [
              _Elem=wchar_t,
              _Alloc=std::allocator<wchar_t>
          ]
                      C:\ShadowStrike\ShadowStrike\src\Shared_modules\Core\FileSystem\MountPointMonitor.cpp(1138,27):
                      'std::basic_string<wchar_t,std::char_traits<wchar_t>,std::allocator<wchar_t>>::basic_string(std::initializer_list<_Elem>,const _Alloc &)' : 1 ba─ş─▒ms─▒z de─şi┼şkeni '<error type>' de─şerinden 'std::initializer_list<_Elem>' de─şerine d├Ân├╝┼şt├╝r├╝lemez
          with
          [
              _Elem=wchar_t,
              _Alloc=std::allocator<wchar_t>
          ]
          and
          [
              _Elem=wchar_t
          ]
                          C:\ShadowStrike\ShadowStrike\src\Shared_modules\Core\FileSystem\MountPointMonitor.cpp(1138,27):
                          D├Ân├╝┼şt├╝rme ikinci bir kullan─▒c─▒ tan─▒ml─▒ d├Ân├╝┼şt├╝rme i┼şleci veya olu┼şturucu gerektiriyor
                  C:\Program Files\Microsoft Visual Studio\2022\Community\VC\Tools\MSVC\14.44.35207\include\xstring(1157,5):
                  veya       'std::basic_string<wchar_t,std::char_traits<wchar_t>,std::allocator<wchar_t>>::basic_string(const _Ty &,const unsigned __int64,const unsigned __int64,const _Alloc &)'
          with
          [
              _Alloc=std::allocator<wchar_t>
          ]
                  C:\Program Files\Microsoft Visual Studio\2022\Community\VC\Tools\MSVC\14.44.35207\include\xstring(1011,5):
                  veya       'std::basic_string<wchar_t,std::char_traits<wchar_t>,std::allocator<wchar_t>>::basic_string(std::from_range_t,_Rng &&,const _Alloc &)'
          with
          [
              _Alloc=std::allocator<wchar_t>
          ]
                  C:\Program Files\Microsoft Visual Studio\2022\Community\VC\Tools\MSVC\14.44.35207\include\xstring(798,5):
                  veya       'std::basic_string<wchar_t,std::char_traits<wchar_t>,std::allocator<wchar_t>>::basic_string(_Iter,_Iter,const _Alloc &)'
          with
          [
              _Alloc=std::allocator<wchar_t>
          ]
                  C:\Program Files\Microsoft Visual Studio\2022\Community\VC\Tools\MSVC\14.44.35207\include\xstring(792,5):
                  veya       'std::basic_string<wchar_t,std::char_traits<wchar_t>,std::allocator<wchar_t>>::basic_string(const unsigned __int64,const _Elem,const _Alloc &)'
          with
          [
              _Elem=wchar_t,
              _Alloc=std::allocator<wchar_t>
          ]
                  C:\Program Files\Microsoft Visual Studio\2022\Community\VC\Tools\MSVC\14.44.35207\include\xstring(775,5):
                  veya       'std::basic_string<wchar_t,std::char_traits<wchar_t>,std::allocator<wchar_t>>::basic_string(const _Elem *const ,const _Alloc &)'
          with
          [
              _Elem=wchar_t,
              _Alloc=std::allocator<wchar_t>
          ]
                  C:\Program Files\Microsoft Visual Studio\2022\Community\VC\Tools\MSVC\14.44.35207\include\xstring(762,5):
                  veya       'std::basic_string<wchar_t,std::char_traits<wchar_t>,std::allocator<wchar_t>>::basic_string(const _Elem *const ,const unsigned __int64,const _Alloc &)'
          with
          [
              _Elem=wchar_t,
              _Alloc=std::allocator<wchar_t>
          ]
                  C:\ShadowStrike\ShadowStrike\src\Shared_modules\Core\FileSystem\MountPointMonitor.cpp(1138,27):
                  '(<error type>)' ba─ş─▒ms─▒z de─şi┼şken listesi e┼şlenmeye ├ğal─▒┼ş─▒l─▒rken
      C:\Program Files\Microsoft Visual Studio\2022\Community\VC\Tools\MSVC\14.44.35207\include\vector(932,23):
      veya       'void std::vector<std::wstring,std::allocator<std::wstring>>::push_back(const _Ty &)'
          with
          [
              _Ty=std::wstring
          ]
          C:\ShadowStrike\ShadowStrike\src\Shared_modules\Core\FileSystem\MountPointMonitor.cpp(1138,17):
          'void std::vector<std::wstring,std::allocator<std::wstring>>::push_back(const _Ty &)' : 1 ba─ş─▒ms─▒z de─şi┼şkeni '<error type>' de─şerinden 'const _Ty &' de─şerine d├Ân├╝┼şt├╝r├╝lemez
          with
          [
              _Ty=std::wstring
          ]
              C:\ShadowStrike\ShadowStrike\src\Shared_modules\Core\FileSystem\MountPointMonitor.cpp(1138,27):
              Nedeni: '<error type>' de─şerinden 'const _Ty' de─şerine d├Ân├╝┼şt├╝r├╝lemez
          with
          [
              _Ty=std::wstring
          ]
              C:\ShadowStrike\ShadowStrike\src\Shared_modules\Core\FileSystem\MountPointMonitor.cpp(1138,27):
              'std::basic_string<wchar_t,std::char_traits<wchar_t>,std::allocator<wchar_t>>::basic_string': hi├ğbir a┼ş─▒r─▒ y├╝klenmi┼ş i┼şlev t├╝m arg├╝man t├╝rlerini d├Ân├╝┼şt├╝remez
                  C:\Program Files\Microsoft Visual Studio\2022\Community\VC\Tools\MSVC\14.44.35207\include\xstring(781,5):
                  'std::basic_string<wchar_t,std::char_traits<wchar_t>,std::allocator<wchar_t>>::basic_string(std::nullptr_t)' olabilirdi
                      C:\ShadowStrike\ShadowStrike\src\Shared_modules\Core\FileSystem\MountPointMonitor.cpp(1138,27):
                      'std::basic_string<wchar_t,std::char_traits<wchar_t>,std::allocator<wchar_t>>::basic_string(std::nullptr_t)' : 1 ba─ş─▒ms─▒z de─şi┼şkeni '<error type>' de─şerinden 'std::nullptr_t' de─şerine d├Ân├╝┼şt├╝r├╝lemez
                          C:\ShadowStrike\ShadowStrike\src\Shared_modules\Core\FileSystem\MountPointMonitor.cpp(1138,27):
                          yaln─▒zca bo┼ş i┼şaret├ği sabiti nullptr_t de─şerine d├Ân├╝┼şt├╝r├╝lebilir
                  C:\Program Files\Microsoft Visual Studio\2022\Community\VC\Tools\MSVC\14.44.35207\include\xstring(768,5):
                  veya       'std::basic_string<wchar_t,std::char_traits<wchar_t>,std::allocator<wchar_t>>::basic_string(const _Elem *const )'
          with
          [
              _Elem=wchar_t
          ]
                      C:\ShadowStrike\ShadowStrike\src\Shared_modules\Core\FileSystem\MountPointMonitor.cpp(1138,27):
                      'std::basic_string<wchar_t,std::char_traits<wchar_t>,std::allocator<wchar_t>>::basic_string(const _Elem *const )' : 1 ba─ş─▒ms─▒z de─şi┼şkeni '<error type>' de─şerinden 'const _Elem *const ' de─şerine d├Ân├╝┼şt├╝r├╝lemez
          with
          [
              _Elem=wchar_t
          ]
                          C:\ShadowStrike\ShadowStrike\src\Shared_modules\Core\FileSystem\MountPointMonitor.cpp(1138,27):
                          ─░ntegral t├╝rden i┼şaret├ği t├╝r├╝ne d├Ân├╝┼şt├╝rme reinterpret_cast, C stili t├╝r d├Ân├╝┼şt├╝rme veya parantez i├ğine al─▒nm─▒┼ş i┼şlev stili t├╝r d├Ân├╝┼şt├╝rme gerektiriyor
                  C:\Program Files\Microsoft Visual Studio\2022\Community\VC\Tools\MSVC\14.44.35207\include\xstring(1340,5):
                  veya       'std::basic_string<wchar_t,std::char_traits<wchar_t>,std::allocator<wchar_t>>::basic_string(std::initializer_list<_Elem>,const _Alloc &)'
          with
          [
              _Elem=wchar_t,
              _Alloc=std::allocator<wchar_t>
          ]
                      C:\ShadowStrike\ShadowStrike\src\Shared_modules\Core\FileSystem\MountPointMonitor.cpp(1138,27):
                      'std::basic_string<wchar_t,std::char_traits<wchar_t>,std::allocator<wchar_t>>::basic_string(std::initializer_list<_Elem>,const _Alloc &)' : 1 ba─ş─▒ms─▒z de─şi┼şkeni '<error type>' de─şerinden 'std::initializer_list<_Elem>' de─şerine d├Ân├╝┼şt├╝r├╝lemez
          with
          [
              _Elem=wchar_t,
              _Alloc=std::allocator<wchar_t>
          ]
          and
          [
              _Elem=wchar_t
          ]
                          C:\ShadowStrike\ShadowStrike\src\Shared_modules\Core\FileSystem\MountPointMonitor.cpp(1138,27):
                          D├Ân├╝┼şt├╝rme ikinci bir kullan─▒c─▒ tan─▒ml─▒ d├Ân├╝┼şt├╝rme i┼şleci veya olu┼şturucu gerektiriyor
                  C:\Program Files\Microsoft Visual Studio\2022\Community\VC\Tools\MSVC\14.44.35207\include\xstring(1157,5):
                  veya       'std::basic_string<wchar_t,std::char_traits<wchar_t>,std::allocator<wchar_t>>::basic_string(const _Ty &,const unsigned __int64,const unsigned __int64,const _Alloc &)'
          with
          [
              _Alloc=std::allocator<wchar_t>
          ]
                  C:\Program Files\Microsoft Visual Studio\2022\Community\VC\Tools\MSVC\14.44.35207\include\xstring(1011,5):
                  veya       'std::basic_string<wchar_t,std::char_traits<wchar_t>,std::allocator<wchar_t>>::basic_string(std::from_range_t,_Rng &&,const _Alloc &)'
          with
          [
              _Alloc=std::allocator<wchar_t>
          ]
                  C:\Program Files\Microsoft Visual Studio\2022\Community\VC\Tools\MSVC\14.44.35207\include\xstring(798,5):
                  veya       'std::basic_string<wchar_t,std::char_traits<wchar_t>,std::allocator<wchar_t>>::basic_string(_Iter,_Iter,const _Alloc &)'
          with
          [
              _Alloc=std::allocator<wchar_t>
          ]
                  C:\Program Files\Microsoft Visual Studio\2022\Community\VC\Tools\MSVC\14.44.35207\include\xstring(792,5):
                  veya       'std::basic_string<wchar_t,std::char_traits<wchar_t>,std::allocator<wchar_t>>::basic_string(const unsigned __int64,const _Elem,const _Alloc &)'
          with
          [
              _Elem=wchar_t,
              _Alloc=std::allocator<wchar_t>
          ]
                  C:\Program Files\Microsoft Visual Studio\2022\Community\VC\Tools\MSVC\14.44.35207\include\xstring(775,5):
                  veya       'std::basic_string<wchar_t,std::char_traits<wchar_t>,std::allocator<wchar_t>>::basic_string(const _Elem *const ,const _Alloc &)'
          with
          [
              _Elem=wchar_t,
              _Alloc=std::allocator<wchar_t>
          ]
                  C:\Program Files\Microsoft Visual Studio\2022\Community\VC\Tools\MSVC\14.44.35207\include\xstring(762,5):
                  veya       'std::basic_string<wchar_t,std::char_traits<wchar_t>,std::allocator<wchar_t>>::basic_string(const _Elem *const ,const unsigned __int64,const _Alloc &)'
          with
          [
              _Elem=wchar_t,
              _Alloc=std::allocator<wchar_t>
          ]
                  C:\ShadowStrike\ShadowStrike\src\Shared_modules\Core\FileSystem\MountPointMonitor.cpp(1138,27):
                  '(<error type>)' ba─ş─▒ms─▒z de─şi┼şken listesi e┼şlenmeye ├ğal─▒┼ş─▒l─▒rken
      C:\ShadowStrike\ShadowStrike\src\Shared_modules\Core\FileSystem\MountPointMonitor.cpp(1138,17):
      '(<error type>)' ba─ş─▒ms─▒z de─şi┼şken listesi e┼şlenmeye ├ğal─▒┼ş─▒l─▒rken
  
C:\ShadowStrike\ShadowStrike\src\Shared_modules\Core\FileSystem\MountPointMonitor.cpp(1164,28): error C2665: 'ShadowStrike::Utils::Logger::Error': hi├ğbir a┼ş─▒r─▒ y├╝klenmi┼ş i┼şlev t├╝m arg├╝man t├╝rlerini d├Ân├╝┼şt├╝remez [C:\ShadowStrike\ShadowStrike\ShadowStrike.vcxproj]
  ('/src/Shared_modules/Core/FileSystem/MountPointMonitor.cpp' kaynak dosyas─▒ derleniyor)
      C:\ShadowStrike\ShadowStrike\src\Shared_modules\Utils\Logger.hpp(274,16):
      'void ShadowStrike::Utils::Logger::Error<wchar_t&>(std::basic_format_string<char,wchar_t &>,wchar_t &)' olabilirdi
          C:\ShadowStrike\ShadowStrike\src\Shared_modules\Core\FileSystem\MountPointMonitor.cpp(1164,28):
          'void ShadowStrike::Utils::Logger::Error<wchar_t&>(std::basic_format_string<char,wchar_t &>,wchar_t &)' : 1 ba─ş─▒ms─▒z de─şi┼şkeni 'const wchar_t [56]' de─şerinden 'std::basic_format_string<char,wchar_t &>' de─şerine d├Ân├╝┼şt├╝r├╝lemez
              C:\ShadowStrike\ShadowStrike\src\Shared_modules\Core\FileSystem\MountPointMonitor.cpp(1164,34):
              'std::basic_format_string<char,wchar_t &>::basic_format_string': hi├ğbir a┼ş─▒r─▒ y├╝klenmi┼ş i┼şlev t├╝m arg├╝man t├╝rlerini d├Ân├╝┼şt├╝remez
                  C:\Program Files\Microsoft Visual Studio\2022\Community\VC\Tools\MSVC\14.44.35207\include\format(2867,1):
                  'std::basic_format_string<char,wchar_t &>::basic_format_string(std::basic_format_string<char,wchar_t &> &&)' olabilirdi
                      C:\ShadowStrike\ShadowStrike\src\Shared_modules\Core\FileSystem\MountPointMonitor.cpp(1164,34):
                      'std::basic_format_string<char,wchar_t &>::basic_format_string(std::basic_format_string<char,wchar_t &> &&)' : 1 ba─ş─▒ms─▒z de─şi┼şkeni 'const wchar_t [56]' de─şerinden 'std::basic_format_string<char,wchar_t &> &&' de─şerine d├Ân├╝┼şt├╝r├╝lemez
                          C:\ShadowStrike\ShadowStrike\src\Shared_modules\Core\FileSystem\MountPointMonitor.cpp(1164,34):
                          Nedeni: 'const wchar_t [56]' de─şerinden 'std::basic_format_string<char,wchar_t &>' de─şerine d├Ân├╝┼şt├╝r├╝lemez
                          C:\ShadowStrike\ShadowStrike\src\Shared_modules\Core\FileSystem\MountPointMonitor.cpp(1164,34):
                          D├Ân├╝┼şt├╝rme ikinci bir kullan─▒c─▒ tan─▒ml─▒ d├Ân├╝┼şt├╝rme i┼şleci veya olu┼şturucu gerektiriyor
                  C:\Program Files\Microsoft Visual Studio\2022\Community\VC\Tools\MSVC\14.44.35207\include\format(2867,1):
                  veya       'std::basic_format_string<char,wchar_t &>::basic_format_string(const std::basic_format_string<char,wchar_t &> &)'
                      C:\ShadowStrike\ShadowStrike\src\Shared_modules\Core\FileSystem\MountPointMonitor.cpp(1164,34):
                      'std::basic_format_string<char,wchar_t &>::basic_format_string(const std::basic_format_string<char,wchar_t &> &)' : 1 ba─ş─▒ms─▒z de─şi┼şkeni 'const wchar_t [56]' de─şerinden 'const std::basic_format_string<char,wchar_t &> &' de─şerine d├Ân├╝┼şt├╝r├╝lemez
                          C:\ShadowStrike\ShadowStrike\src\Shared_modules\Core\FileSystem\MountPointMonitor.cpp(1164,34):
                          Nedeni: 'const wchar_t [56]' de─şerinden 'const std::basic_format_string<char,wchar_t &>' de─şerine d├Ân├╝┼şt├╝r├╝lemez
                          C:\ShadowStrike\ShadowStrike\src\Shared_modules\Core\FileSystem\MountPointMonitor.cpp(1164,34):
                          D├Ân├╝┼şt├╝rme ikinci bir kullan─▒c─▒ tan─▒ml─▒ d├Ân├╝┼şt├╝rme i┼şleci veya olu┼şturucu gerektiriyor
                  C:\Program Files\Microsoft Visual Studio\2022\Community\VC\Tools\MSVC\14.44.35207\include\format(2850,5):
                  veya       'std::basic_format_string<char,wchar_t &>::basic_format_string(const _Ty &)'
                  C:\ShadowStrike\ShadowStrike\src\Shared_modules\Core\FileSystem\MountPointMonitor.cpp(1164,34):
                  '(const wchar_t [56])' ba─ş─▒ms─▒z de─şi┼şken listesi e┼şlenmeye ├ğal─▒┼ş─▒l─▒rken
      C:\ShadowStrike\ShadowStrike\src\Shared_modules\Core\FileSystem\MountPointMonitor.cpp(1164,28):
      '(const wchar_t [56], wchar_t)' ba─ş─▒ms─▒z de─şi┼şken listesi e┼şlenmeye ├ğal─▒┼ş─▒l─▒rken
  
C:\ShadowStrike\ShadowStrike\src\Shared_modules\Core\FileSystem\MountPointMonitor.cpp(1181,28): error C2665: 'ShadowStrike::Utils::Logger::Info': hi├ğbir a┼ş─▒r─▒ y├╝klenmi┼ş i┼şlev t├╝m arg├╝man t├╝rlerini d├Ân├╝┼şt├╝remez [C:\ShadowStrike\ShadowStrike\ShadowStrike.vcxproj]
  ('/src/Shared_modules/Core/FileSystem/MountPointMonitor.cpp' kaynak dosyas─▒ derleniyor)
      C:\ShadowStrike\ShadowStrike\src\Shared_modules\Utils\Logger.hpp(282,16):
      'void ShadowStrike::Utils::Logger::Info<wchar_t&>(std::basic_format_string<char,wchar_t &>,wchar_t &)' olabilirdi
          C:\ShadowStrike\ShadowStrike\src\Shared_modules\Core\FileSystem\MountPointMonitor.cpp(1181,28):
          'void ShadowStrike::Utils::Logger::Info<wchar_t&>(std::basic_format_string<char,wchar_t &>,wchar_t &)' : 1 ba─ş─▒ms─▒z de─şi┼şkeni 'const wchar_t [49]' de─şerinden 'std::basic_format_string<char,wchar_t &>' de─şerine d├Ân├╝┼şt├╝r├╝lemez
              C:\ShadowStrike\ShadowStrike\src\Shared_modules\Core\FileSystem\MountPointMonitor.cpp(1181,33):
              'std::basic_format_string<char,wchar_t &>::basic_format_string': hi├ğbir a┼ş─▒r─▒ y├╝klenmi┼ş i┼şlev t├╝m arg├╝man t├╝rlerini d├Ân├╝┼şt├╝remez
                  C:\Program Files\Microsoft Visual Studio\2022\Community\VC\Tools\MSVC\14.44.35207\include\format(2867,1):
                  'std::basic_format_string<char,wchar_t &>::basic_format_string(std::basic_format_string<char,wchar_t &> &&)' olabilirdi
                      C:\ShadowStrike\ShadowStrike\src\Shared_modules\Core\FileSystem\MountPointMonitor.cpp(1181,33):
                      'std::basic_format_string<char,wchar_t &>::basic_format_string(std::basic_format_string<char,wchar_t &> &&)' : 1 ba─ş─▒ms─▒z de─şi┼şkeni 'const wchar_t [49]' de─şerinden 'std::basic_format_string<char,wchar_t &> &&' de─şerine d├Ân├╝┼şt├╝r├╝lemez
                          C:\ShadowStrike\ShadowStrike\src\Shared_modules\Core\FileSystem\MountPointMonitor.cpp(1181,33):
                          Nedeni: 'const wchar_t [49]' de─şerinden 'std::basic_format_string<char,wchar_t &>' de─şerine d├Ân├╝┼şt├╝r├╝lemez
                          C:\ShadowStrike\ShadowStrike\src\Shared_modules\Core\FileSystem\MountPointMonitor.cpp(1181,33):
                          D├Ân├╝┼şt├╝rme ikinci bir kullan─▒c─▒ tan─▒ml─▒ d├Ân├╝┼şt├╝rme i┼şleci veya olu┼şturucu gerektiriyor
                  C:\Program Files\Microsoft Visual Studio\2022\Community\VC\Tools\MSVC\14.44.35207\include\format(2867,1):
                  veya       'std::basic_format_string<char,wchar_t &>::basic_format_string(const std::basic_format_string<char,wchar_t &> &)'
                      C:\ShadowStrike\ShadowStrike\src\Shared_modules\Core\FileSystem\MountPointMonitor.cpp(1181,33):
                      'std::basic_format_string<char,wchar_t &>::basic_format_string(const std::basic_format_string<char,wchar_t &> &)' : 1 ba─ş─▒ms─▒z de─şi┼şkeni 'const wchar_t [49]' de─şerinden 'const std::basic_format_string<char,wchar_t &> &' de─şerine d├Ân├╝┼şt├╝r├╝lemez
                          C:\ShadowStrike\ShadowStrike\src\Shared_modules\Core\FileSystem\MountPointMonitor.cpp(1181,33):
                          Nedeni: 'const wchar_t [49]' de─şerinden 'const std::basic_format_string<char,wchar_t &>' de─şerine d├Ân├╝┼şt├╝r├╝lemez
                          C:\ShadowStrike\ShadowStrike\src\Shared_modules\Core\FileSystem\MountPointMonitor.cpp(1181,33):
                          D├Ân├╝┼şt├╝rme ikinci bir kullan─▒c─▒ tan─▒ml─▒ d├Ân├╝┼şt├╝rme i┼şleci veya olu┼şturucu gerektiriyor
                  C:\Program Files\Microsoft Visual Studio\2022\Community\VC\Tools\MSVC\14.44.35207\include\format(2850,5):
                  veya       'std::basic_format_string<char,wchar_t &>::basic_format_string(const _Ty &)'
                  C:\ShadowStrike\ShadowStrike\src\Shared_modules\Core\FileSystem\MountPointMonitor.cpp(1181,33):
                  '(const wchar_t [49])' ba─ş─▒ms─▒z de─şi┼şken listesi e┼şlenmeye ├ğal─▒┼ş─▒l─▒rken
      C:\ShadowStrike\ShadowStrike\src\Shared_modules\Core\FileSystem\MountPointMonitor.cpp(1181,28):
      '(const wchar_t [49], wchar_t)' ba─ş─▒ms─▒z de─şi┼şken listesi e┼şlenmeye ├ğal─▒┼ş─▒l─▒rken
  
C:\ShadowStrike\ShadowStrike\src\Shared_modules\Core\FileSystem\MountPointMonitor.cpp(1184,28): error C2665: 'ShadowStrike::Utils::Logger::Error': hi├ğbir a┼ş─▒r─▒ y├╝klenmi┼ş i┼şlev t├╝m arg├╝man t├╝rlerini d├Ân├╝┼şt├╝remez [C:\ShadowStrike\ShadowStrike\ShadowStrike.vcxproj]
  ('/src/Shared_modules/Core/FileSystem/MountPointMonitor.cpp' kaynak dosyas─▒ derleniyor)
      C:\ShadowStrike\ShadowStrike\src\Shared_modules\Utils\Logger.hpp(274,16):
      'void ShadowStrike::Utils::Logger::Error<wchar_t&,DWORD>(std::basic_format_string<char,wchar_t &,unsigned long>,wchar_t &,DWORD &&)' olabilirdi
          C:\ShadowStrike\ShadowStrike\src\Shared_modules\Core\FileSystem\MountPointMonitor.cpp(1184,28):
          'void ShadowStrike::Utils::Logger::Error<wchar_t&,DWORD>(std::basic_format_string<char,wchar_t &,unsigned long>,wchar_t &,DWORD &&)' : 1 ba─ş─▒ms─▒z de─şi┼şkeni 'const wchar_t [56]' de─şerinden 'std::basic_format_string<char,wchar_t &,unsigned long>' de─şerine d├Ân├╝┼şt├╝r├╝lemez
              C:\ShadowStrike\ShadowStrike\src\Shared_modules\Core\FileSystem\MountPointMonitor.cpp(1184,34):
              'std::basic_format_string<char,wchar_t &,unsigned long>::basic_format_string': hi├ğbir a┼ş─▒r─▒ y├╝klenmi┼ş i┼şlev t├╝m arg├╝man t├╝rlerini d├Ân├╝┼şt├╝remez
                  C:\Program Files\Microsoft Visual Studio\2022\Community\VC\Tools\MSVC\14.44.35207\include\format(2867,1):
                  'std::basic_format_string<char,wchar_t &,unsigned long>::basic_format_string(std::basic_format_string<char,wchar_t &,unsigned long> &&)' olabilirdi
                      C:\ShadowStrike\ShadowStrike\src\Shared_modules\Core\FileSystem\MountPointMonitor.cpp(1184,34):
                      'std::basic_format_string<char,wchar_t &,unsigned long>::basic_format_string(std::basic_format_string<char,wchar_t &,unsigned long> &&)' : 1 ba─ş─▒ms─▒z de─şi┼şkeni 'const wchar_t [56]' de─şerinden 'std::basic_format_string<char,wchar_t &,unsigned long> &&' de─şerine d├Ân├╝┼şt├╝r├╝lemez
                          C:\ShadowStrike\ShadowStrike\src\Shared_modules\Core\FileSystem\MountPointMonitor.cpp(1184,34):
                          Nedeni: 'const wchar_t [56]' de─şerinden 'std::basic_format_string<char,wchar_t &,unsigned long>' de─şerine d├Ân├╝┼şt├╝r├╝lemez
                          C:\ShadowStrike\ShadowStrike\src\Shared_modules\Core\FileSystem\MountPointMonitor.cpp(1184,34):
                          D├Ân├╝┼şt├╝rme ikinci bir kullan─▒c─▒ tan─▒ml─▒ d├Ân├╝┼şt├╝rme i┼şleci veya olu┼şturucu gerektiriyor
                  C:\Program Files\Microsoft Visual Studio\2022\Community\VC\Tools\MSVC\14.44.35207\include\format(2867,1):
                  veya       'std::basic_format_string<char,wchar_t &,unsigned long>::basic_format_string(const std::basic_format_string<char,wchar_t &,unsigned long> &)'
                      C:\ShadowStrike\ShadowStrike\src\Shared_modules\Core\FileSystem\MountPointMonitor.cpp(1184,34):
                      'std::basic_format_string<char,wchar_t &,unsigned long>::basic_format_string(const std::basic_format_string<char,wchar_t &,unsigned long> &)' : 1 ba─ş─▒ms─▒z de─şi┼şkeni 'const wchar_t [56]' de─şerinden 'const std::basic_format_string<char,wchar_t &,unsigned long> &' de─şerine d├Ân├╝┼şt├╝r├╝lemez
                          C:\ShadowStrike\ShadowStrike\src\Shared_modules\Core\FileSystem\MountPointMonitor.cpp(1184,34):
                          Nedeni: 'const wchar_t [56]' de─şerinden 'const std::basic_format_string<char,wchar_t &,unsigned long>' de─şerine d├Ân├╝┼şt├╝r├╝lemez
                          C:\ShadowStrike\ShadowStrike\src\Shared_modules\Core\FileSystem\MountPointMonitor.cpp(1184,34):
                          D├Ân├╝┼şt├╝rme ikinci bir kullan─▒c─▒ tan─▒ml─▒ d├Ân├╝┼şt├╝rme i┼şleci veya olu┼şturucu gerektiriyor
                  C:\Program Files\Microsoft Visual Studio\2022\Community\VC\Tools\MSVC\14.44.35207\include\format(2850,5):
                  veya       'std::basic_format_string<char,wchar_t &,unsigned long>::basic_format_string(const _Ty &)'
                  C:\ShadowStrike\ShadowStrike\src\Shared_modules\Core\FileSystem\MountPointMonitor.cpp(1184,34):
                  '(const wchar_t [56])' ba─ş─▒ms─▒z de─şi┼şken listesi e┼şlenmeye ├ğal─▒┼ş─▒l─▒rken
      C:\ShadowStrike\ShadowStrike\src\Shared_modules\Core\FileSystem\MountPointMonitor.cpp(1184,28):
      '(const wchar_t [56], wchar_t, DWORD)' ba─ş─▒ms─▒z de─şi┼şken listesi e┼şlenmeye ├ğal─▒┼ş─▒l─▒rken
  
C:\ShadowStrike\ShadowStrike\src\Shared_modules\Core\FileSystem\MountPointMonitor.cpp(1191,49): error C2039: 'Utf8ToWide': bir 'ShadowStrike::Utils::StringUtils' ├╝yesi de─şil [C:\ShadowStrike\ShadowStrike\ShadowStrike.vcxproj]
  ('/src/Shared_modules/Core/FileSystem/MountPointMonitor.cpp' kaynak dosyas─▒ derleniyor)
      C:\ShadowStrike\ShadowStrike\src\Shared_modules\Utils\StringUtils.hpp(63,19):
      'ShadowStrike::Utils::StringUtils' bildirimine bak─▒n
  
C:\ShadowStrike\ShadowStrike\src\Shared_modules\Core\FileSystem\MountPointMonitor.cpp(1191,49): error C3861: 'Utf8ToWide': tan─▒mlay─▒c─▒ bulunamad─▒ [C:\ShadowStrike\ShadowStrike\ShadowStrike.vcxproj]
  ('/src/Shared_modules/Core/FileSystem/MountPointMonitor.cpp' kaynak dosyas─▒ derleniyor)
  
C:\ShadowStrike\ShadowStrike\src\Shared_modules\Core\FileSystem\MountPointMonitor.cpp(1190,24): error C2660: 'ShadowStrike::Utils::Logger::Error': i┼şlev 2 ba─ş─▒ms─▒z de─şi┼şken alm─▒yor [C:\ShadowStrike\ShadowStrike\ShadowStrike.vcxproj]
  ('/src/Shared_modules/Core/FileSystem/MountPointMonitor.cpp' kaynak dosyas─▒ derleniyor)
      C:\ShadowStrike\ShadowStrike\src\Shared_modules\Utils\Logger.hpp(263,16):
      'ShadowStrike::Utils::Logger::Error' bildirimine bak─▒n
      C:\ShadowStrike\ShadowStrike\src\Shared_modules\Utils\Logger.hpp(274,16):
      'void ShadowStrike::Utils::Logger::Error(std::basic_format_string<char,type_identity<_Args>::type...>,Args ...)' olabilirdi
          C:\ShadowStrike\ShadowStrike\src\Shared_modules\Core\FileSystem\MountPointMonitor.cpp(1190,24):
          'void ShadowStrike::Utils::Logger::Error(std::basic_format_string<char,type_identity<_Args>::type...>,Args ...)' i┼şlev ┼şablonu ├Âzelle┼ştirilemedi
              C:\ShadowStrike\ShadowStrike\src\Shared_modules\Core\FileSystem\MountPointMonitor.cpp(1190,24):
              ┼Şu ┼şablon ba─ş─▒ms─▒z de─şi┼şkenleriyle:
                  C:\ShadowStrike\ShadowStrike\src\Shared_modules\Core\FileSystem\MountPointMonitor.cpp(1190,24):
                  'Args={<error type>}'
      C:\ShadowStrike\ShadowStrike\src\Shared_modules\Core\FileSystem\MountPointMonitor.cpp(1190,24):
      '(const wchar_t [37], <error type>)' ba─ş─▒ms─▒z de─şi┼şken listesi e┼şlenmeye ├ğal─▒┼ş─▒l─▒rken
  
C:\ShadowStrike\ShadowStrike\src\Shared_modules\Core\FileSystem\MountPointMonitor.cpp(1203,24): error C2665: 'ShadowStrike::Utils::Logger::Info': hi├ğbir a┼ş─▒r─▒ y├╝klenmi┼ş i┼şlev t├╝m arg├╝man t├╝rlerini d├Ân├╝┼şt├╝remez [C:\ShadowStrike\ShadowStrike\ShadowStrike.vcxproj]
  ('/src/Shared_modules/Core/FileSystem/MountPointMonitor.cpp' kaynak dosyas─▒ derleniyor)
      C:\ShadowStrike\ShadowStrike\src\Shared_modules\Utils\Logger.hpp(282,16):
      'void ShadowStrike::Utils::Logger::Info<wchar_t&>(std::basic_format_string<char,wchar_t &>,wchar_t &)' olabilirdi
          C:\ShadowStrike\ShadowStrike\src\Shared_modules\Core\FileSystem\MountPointMonitor.cpp(1203,24):
          'void ShadowStrike::Utils::Logger::Info<wchar_t&>(std::basic_format_string<char,wchar_t &>,wchar_t &)' : 1 ba─ş─▒ms─▒z de─şi┼şkeni 'const wchar_t [36]' de─şerinden 'std::basic_format_string<char,wchar_t &>' de─şerine d├Ân├╝┼şt├╝r├╝lemez
              C:\ShadowStrike\ShadowStrike\src\Shared_modules\Core\FileSystem\MountPointMonitor.cpp(1203,29):
              'std::basic_format_string<char,wchar_t &>::basic_format_string': hi├ğbir a┼ş─▒r─▒ y├╝klenmi┼ş i┼şlev t├╝m arg├╝man t├╝rlerini d├Ân├╝┼şt├╝remez
                  C:\Program Files\Microsoft Visual Studio\2022\Community\VC\Tools\MSVC\14.44.35207\include\format(2867,1):
                  'std::basic_format_string<char,wchar_t &>::basic_format_string(std::basic_format_string<char,wchar_t &> &&)' olabilirdi
                      C:\ShadowStrike\ShadowStrike\src\Shared_modules\Core\FileSystem\MountPointMonitor.cpp(1203,29):
                      'std::basic_format_string<char,wchar_t &>::basic_format_string(std::basic_format_string<char,wchar_t &> &&)' : 1 ba─ş─▒ms─▒z de─şi┼şkeni 'const wchar_t [36]' de─şerinden 'std::basic_format_string<char,wchar_t &> &&' de─şerine d├Ân├╝┼şt├╝r├╝lemez
                          C:\ShadowStrike\ShadowStrike\src\Shared_modules\Core\FileSystem\MountPointMonitor.cpp(1203,29):
                          Nedeni: 'const wchar_t [36]' de─şerinden 'std::basic_format_string<char,wchar_t &>' de─şerine d├Ân├╝┼şt├╝r├╝lemez
                          C:\ShadowStrike\ShadowStrike\src\Shared_modules\Core\FileSystem\MountPointMonitor.cpp(1203,29):
                          D├Ân├╝┼şt├╝rme ikinci bir kullan─▒c─▒ tan─▒ml─▒ d├Ân├╝┼şt├╝rme i┼şleci veya olu┼şturucu gerektiriyor
                  C:\Program Files\Microsoft Visual Studio\2022\Community\VC\Tools\MSVC\14.44.35207\include\format(2867,1):
                  veya       'std::basic_format_string<char,wchar_t &>::basic_format_string(const std::basic_format_string<char,wchar_t &> &)'
                      C:\ShadowStrike\ShadowStrike\src\Shared_modules\Core\FileSystem\MountPointMonitor.cpp(1203,29):
                      'std::basic_format_string<char,wchar_t &>::basic_format_string(const std::basic_format_string<char,wchar_t &> &)' : 1 ba─ş─▒ms─▒z de─şi┼şkeni 'const wchar_t [36]' de─şerinden 'const std::basic_format_string<char,wchar_t &> &' de─şerine d├Ân├╝┼şt├╝r├╝lemez
                          C:\ShadowStrike\ShadowStrike\src\Shared_modules\Core\FileSystem\MountPointMonitor.cpp(1203,29):
                          Nedeni: 'const wchar_t [36]' de─şerinden 'const std::basic_format_string<char,wchar_t &>' de─şerine d├Ân├╝┼şt├╝r├╝lemez
                          C:\ShadowStrike\ShadowStrike\src\Shared_modules\Core\FileSystem\MountPointMonitor.cpp(1203,29):
                          D├Ân├╝┼şt├╝rme ikinci bir kullan─▒c─▒ tan─▒ml─▒ d├Ân├╝┼şt├╝rme i┼şleci veya olu┼şturucu gerektiriyor
                  C:\Program Files\Microsoft Visual Studio\2022\Community\VC\Tools\MSVC\14.44.35207\include\format(2850,5):
                  veya       'std::basic_format_string<char,wchar_t &>::basic_format_string(const _Ty &)'
                  C:\ShadowStrike\ShadowStrike\src\Shared_modules\Core\FileSystem\MountPointMonitor.cpp(1203,29):
                  '(const wchar_t [36])' ba─ş─▒ms─▒z de─şi┼şken listesi e┼şlenmeye ├ğal─▒┼ş─▒l─▒rken
      C:\ShadowStrike\ShadowStrike\src\Shared_modules\Core\FileSystem\MountPointMonitor.cpp(1203,24):
      '(const wchar_t [36], wchar_t)' ba─ş─▒ms─▒z de─şi┼şken listesi e┼şlenmeye ├ğal─▒┼ş─▒l─▒rken
  
C:\ShadowStrike\ShadowStrike\src\Shared_modules\Core\FileSystem\MountPointMonitor.cpp(1209,49): error C2039: 'Utf8ToWide': bir 'ShadowStrike::Utils::StringUtils' ├╝yesi de─şil [C:\ShadowStrike\ShadowStrike\ShadowStrike.vcxproj]
  ('/src/Shared_modules/Core/FileSystem/MountPointMonitor.cpp' kaynak dosyas─▒ derleniyor)
      C:\ShadowStrike\ShadowStrike\src\Shared_modules\Utils\StringUtils.hpp(63,19):
      'ShadowStrike::Utils::StringUtils' bildirimine bak─▒n
  
C:\ShadowStrike\ShadowStrike\src\Shared_modules\Core\FileSystem\MountPointMonitor.cpp(1209,49): error C3861: 'Utf8ToWide': tan─▒mlay─▒c─▒ bulunamad─▒ [C:\ShadowStrike\ShadowStrike\ShadowStrike.vcxproj]
  ('/src/Shared_modules/Core/FileSystem/MountPointMonitor.cpp' kaynak dosyas─▒ derleniyor)
  
C:\ShadowStrike\ShadowStrike\src\Shared_modules\Core\FileSystem\MountPointMonitor.cpp(1209,49): error C1003: hata say─▒s─▒ 100 taneyi a┼şt─▒; derleme durduruluyor [C:\ShadowStrike\ShadowStrike\ShadowStrike.vcxproj]
  ('/src/Shared_modules/Core/FileSystem/MountPointMonitor.cpp' kaynak dosyas─▒ derleniyor)
  
C:\ShadowStrike\ShadowStrike\src\Shared_modules\Core\Engine\MachineLearningDetector.hpp(573,7): error C2371: 'ShadowStrike::Core::Engine::ErrorCallback': yeniden tan─▒mlama; temel t├╝rler farkl─▒ [C:\ShadowStrike\ShadowStrike\ShadowStrike.vcxproj]
  ('/src/Shared_modules/Core/Engine/ScanEngine.cpp' kaynak dosyas─▒ derleniyor)
      C:\ShadowStrike\ShadowStrike\src\Shared_modules\Core\Engine\ScanEngine.hpp(602,7):
      'ShadowStrike::Core::Engine::ErrorCallback' bildirimine bak─▒n
  
C:\ShadowStrike\ShadowStrike\src\Shared_modules\Core\Engine\PackerUnpacker.hpp(177,12): error C2011: 'ShadowStrike::Core::Engine::PackerType': 'unsigned enum' t├╝r├╝ yeniden tan─▒m─▒ [C:\ShadowStrike\ShadowStrike\ShadowStrike.vcxproj]
  ('/src/Shared_modules/Core/Engine/ScanEngine.cpp' kaynak dosyas─▒ derleniyor)
      C:\ShadowStrike\ShadowStrike\src\Shared_modules\Core\Engine\HeuristicAnalyzer.hpp(492,12):
      'ShadowStrike::Core::Engine::PackerType' bildirimine bak─▒n
  
C:\ShadowStrike\ShadowStrike\src\Shared_modules\Core\Engine\PackerUnpacker.hpp(262,41): error C2027: tan─▒ms─▒z 'ShadowStrike::Core::Engine::PackerType' t├╝r├╝ kullan─▒ld─▒ [C:\ShadowStrike\ShadowStrike\ShadowStrike.vcxproj]
  ('/src/Shared_modules/Core/Engine/ScanEngine.cpp' kaynak dosyas─▒ derleniyor)
      C:\ShadowStrike\ShadowStrike\src\Shared_modules\Core\Engine\HeuristicAnalyzer.hpp(492,12):
      'ShadowStrike::Core::Engine::PackerType' bildirimine bak─▒n
  
C:\ShadowStrike\ShadowStrike\src\Shared_modules\Core\Engine\PackerUnpacker.hpp(262,41): error C2065: 'Unknown': bildirimi yap─▒lmam─▒┼ş tan─▒mlay─▒c─▒ [C:\ShadowStrike\ShadowStrike\ShadowStrike.vcxproj]
  ('/src/Shared_modules/Core/Engine/ScanEngine.cpp' kaynak dosyas─▒ derleniyor)
  
C:\ShadowStrike\ShadowStrike\src\Shared_modules\Core\Engine\PackerUnpacker.hpp(520,7): error C2371: 'ShadowStrike::Core::Engine::ErrorCallback': yeniden tan─▒mlama; temel t├╝rler farkl─▒ [C:\ShadowStrike\ShadowStrike\ShadowStrike.vcxproj]
  ('/src/Shared_modules/Core/Engine/ScanEngine.cpp' kaynak dosyas─▒ derleniyor)
      C:\ShadowStrike\ShadowStrike\src\Shared_modules\Core\Engine\ScanEngine.hpp(602,7):
      'ShadowStrike::Core::Engine::ErrorCallback' bildirimine bak─▒n
  
C:\ShadowStrike\ShadowStrike\src\Shared_modules\Core\Engine\ScanEngine.cpp(79,8): warning C4099: 'ShadowStrike::Core::Engine::ScanJob': t├╝r ad─▒ ba┼şlang─▒├ğta 'class' kullan─▒yordu ┼şimdi 'struct' kullan─▒yor [C:\ShadowStrike\ShadowStrike\ShadowStrike.vcxproj]
  ('/src/Shared_modules/Core/Engine/ScanEngine.cpp' kaynak dosyas─▒ derleniyor)
      C:\ShadowStrike\ShadowStrike\src\Shared_modules\Core\Engine\ScanEngine.cpp(79,8):
      'ShadowStrike::Core::Engine::ScanJob' bildirimine bak─▒n
  
C:\ShadowStrike\ShadowStrike\src\Shared_modules\Core\Engine\ScanEngine.cpp(237,34): error C2039: 'ToNarrowString': bir 'ShadowStrike::Utils::StringUtils' ├╝yesi de─şil [C:\ShadowStrike\ShadowStrike\ShadowStrike.vcxproj]
  ('/src/Shared_modules/Core/Engine/ScanEngine.cpp' kaynak dosyas─▒ derleniyor)
      C:\ShadowStrike\ShadowStrike\src\Shared_modules\Utils\StringUtils.hpp(63,19):
      'ShadowStrike::Utils::StringUtils' bildirimine bak─▒n
  
C:\ShadowStrike\ShadowStrike\src\Shared_modules\Core\Engine\ScanEngine.cpp(237,34): error C3861: 'ToNarrowString': tan─▒mlay─▒c─▒ bulunamad─▒ [C:\ShadowStrike\ShadowStrike\ShadowStrike.vcxproj]
  ('/src/Shared_modules/Core/Engine/ScanEngine.cpp' kaynak dosyas─▒ derleniyor)
  
C:\ShadowStrike\ShadowStrike\src\Shared_modules\Core\Engine\ScanEngine.cpp(236,25): error C2660: 'ShadowStrike::Utils::Logger::Info': i┼şlev 2 ba─ş─▒ms─▒z de─şi┼şken alm─▒yor [C:\ShadowStrike\ShadowStrike\ShadowStrike.vcxproj]
  ('/src/Shared_modules/Core/Engine/ScanEngine.cpp' kaynak dosyas─▒ derleniyor)
      C:\ShadowStrike\ShadowStrike\src\Shared_modules\Utils\Logger.hpp(265,16):
      'ShadowStrike::Utils::Logger::Info' bildirimine bak─▒n
      C:\ShadowStrike\ShadowStrike\src\Shared_modules\Utils\Logger.hpp(282,16):
      'void ShadowStrike::Utils::Logger::Info(std::basic_format_string<char,type_identity<_Args>::type...>,Args ...)' olabilirdi
          C:\ShadowStrike\ShadowStrike\src\Shared_modules\Core\Engine\ScanEngine.cpp(236,25):
          'void ShadowStrike::Utils::Logger::Info(std::basic_format_string<char,type_identity<_Args>::type...>,Args ...)' i┼şlev ┼şablonu ├Âzelle┼ştirilemedi
              C:\ShadowStrike\ShadowStrike\src\Shared_modules\Core\Engine\ScanEngine.cpp(236,25):
              ┼Şu ┼şablon ba─ş─▒ms─▒z de─şi┼şkenleriyle:
                  C:\ShadowStrike\ShadowStrike\src\Shared_modules\Core\Engine\ScanEngine.cpp(236,25):
                  'Args={<error type>}'
      C:\ShadowStrike\ShadowStrike\src\Shared_modules\Core\Engine\ScanEngine.cpp(236,25):
      '(const char [46], <error type>)' ba─ş─▒ms─▒z de─şi┼şken listesi e┼şlenmeye ├ğal─▒┼ş─▒l─▒rken
  
C:\ShadowStrike\ShadowStrike\src\Shared_modules\Core\Engine\ScanEngine.cpp(242,21): error C2678: ikili '!=': 'overloaded-function' t├╝r├╝nde bir sol taraf i┼şleneni alan hi├ğbir i┼şle├ğ bulunamad─▒ (veya hi├ğ kabul edilebilir d├Ân├╝┼şt├╝rme yok) [C:\ShadowStrike\ShadowStrike\ShadowStrike.vcxproj]
  ('/src/Shared_modules/Core/Engine/ScanEngine.cpp' kaynak dosyas─▒ derleniyor)
      C:\Program Files (x86)\Windows Kits\10\Include\10.0.26100.0\shared\guiddef.h(197,15):
      'bool operator !=(const GUID &,const GUID &)' olabilirdi
          C:\ShadowStrike\ShadowStrike\src\Shared_modules\Core\Engine\ScanEngine.cpp(242,21):
          'bool operator !=(const GUID &,const GUID &)' : 1 ba─ş─▒ms─▒z de─şi┼şkeni 'ShadowStrike::SignatureStore::StoreError' de─şerinden 'const GUID &' de─şerine d├Ân├╝┼şt├╝r├╝lemez
              C:\ShadowStrike\ShadowStrike\src\Shared_modules\Core\Engine\ScanEngine.cpp(242,21):
              Nedeni: 'ShadowStrike::SignatureStore::StoreError' de─şerinden 'const GUID' de─şerine d├Ân├╝┼şt├╝r├╝lemez
              C:\ShadowStrike\ShadowStrike\src\Shared_modules\Core\Engine\ScanEngine.cpp(242,21):
              Bu d├Ân├╝┼şt├╝rmeyi ger├ğekle┼ştirecek kullan─▒c─▒ tan─▒ml─▒ d├Ân├╝┼şt├╝rme i┼şleci yok veya i┼şle├ğ ├ğa─şr─▒lam─▒yor
      C:\Program Files (x86)\Windows Kits\10\Include\10.0.26100.0\shared\guiddef.h(192,15):
      veya 'bool operator ==(const GUID &,const GUID &)' [yeniden yaz─▒lan ifade '!(x == y)']
          C:\ShadowStrike\ShadowStrike\src\Shared_modules\Core\Engine\ScanEngine.cpp(242,21):
          'bool operator ==(const GUID &,const GUID &)' : 1 ba─ş─▒ms─▒z de─şi┼şkeni 'ShadowStrike::SignatureStore::StoreError' de─şerinden 'const GUID &' de─şerine d├Ân├╝┼şt├╝r├╝lemez
              C:\ShadowStrike\ShadowStrike\src\Shared_modules\Core\Engine\ScanEngine.cpp(242,21):
              Nedeni: 'ShadowStrike::SignatureStore::StoreError' de─şerinden 'const GUID' de─şerine d├Ân├╝┼şt├╝r├╝lemez
              C:\ShadowStrike\ShadowStrike\src\Shared_modules\Core\Engine\ScanEngine.cpp(242,21):
              Bu d├Ân├╝┼şt├╝rmeyi ger├ğekle┼ştirecek kullan─▒c─▒ tan─▒ml─▒ d├Ân├╝┼şt├╝rme i┼şleci yok veya i┼şle├ğ ├ğa─şr─▒lam─▒yor
      C:\Program Files\Microsoft Visual Studio\2022\Community\VC\Tools\MSVC\14.44.35207\include\chrono(247,43):
      veya 'bool std::chrono::operator ==(const std::chrono::day &,const std::chrono::day &) noexcept' [yeniden yaz─▒lan ifade '!(x == y)']
          C:\ShadowStrike\ShadowStrike\src\Shared_modules\Core\Engine\ScanEngine.cpp(242,21):
          'bool std::chrono::operator ==(const std::chrono::day &,const std::chrono::day &) noexcept' : 1 ba─ş─▒ms─▒z de─şi┼şkeni 'ShadowStrike::SignatureStore::StoreError' de─şerinden 'const std::chrono::day &' de─şerine d├Ân├╝┼şt├╝r├╝lemez
              C:\ShadowStrike\ShadowStrike\src\Shared_modules\Core\Engine\ScanEngine.cpp(242,21):
              Nedeni: 'ShadowStrike::SignatureStore::StoreError' de─şerinden 'const std::chrono::day' de─şerine d├Ân├╝┼şt├╝r├╝lemez
              C:\ShadowStrike\ShadowStrike\src\Shared_modules\Core\Engine\ScanEngine.cpp(242,21):
              Bu d├Ân├╝┼şt├╝rmeyi ger├ğekle┼ştirecek kullan─▒c─▒ tan─▒ml─▒ d├Ân├╝┼şt├╝rme i┼şleci yok veya i┼şle├ğ ├ğa─şr─▒lam─▒yor
      C:\Program Files\Microsoft Visual Studio\2022\Community\VC\Tools\MSVC\14.44.35207\include\chrono(306,43):
      veya 'bool std::chrono::operator ==(const std::chrono::month &,const std::chrono::month &) noexcept' [yeniden yaz─▒lan ifade '!(x == y)']
          C:\ShadowStrike\ShadowStrike\src\Shared_modules\Core\Engine\ScanEngine.cpp(242,21):
          'bool std::chrono::operator ==(const std::chrono::month &,const std::chrono::month &) noexcept' : 1 ba─ş─▒ms─▒z de─şi┼şkeni 'ShadowStrike::SignatureStore::StoreError' de─şerinden 'const std::chrono::month &' de─şerine d├Ân├╝┼şt├╝r├╝lemez
              C:\ShadowStrike\ShadowStrike\src\Shared_modules\Core\Engine\ScanEngine.cpp(242,21):
              Nedeni: 'ShadowStrike::SignatureStore::StoreError' de─şerinden 'const std::chrono::month' de─şerine d├Ân├╝┼şt├╝r├╝lemez
              C:\ShadowStrike\ShadowStrike\src\Shared_modules\Core\Engine\ScanEngine.cpp(242,21):
              Bu d├Ân├╝┼şt├╝rmeyi ger├ğekle┼ştirecek kullan─▒c─▒ tan─▒ml─▒ d├Ân├╝┼şt├╝rme i┼şleci yok veya i┼şle├ğ ├ğa─şr─▒lam─▒yor
      C:\Program Files\Microsoft Visual Studio\2022\Community\VC\Tools\MSVC\14.44.35207\include\chrono(407,43):
      veya 'bool std::chrono::operator ==(const std::chrono::year &,const std::chrono::year &) noexcept' [yeniden yaz─▒lan ifade '!(x == y)']
          C:\ShadowStrike\ShadowStrike\src\Shared_modules\Core\Engine\ScanEngine.cpp(242,21):
          'bool std::chrono::operator ==(const std::chrono::year &,const std::chrono::year &) noexcept' : 1 ba─ş─▒ms─▒z de─şi┼şkeni 'ShadowStrike::SignatureStore::StoreError' de─şerinden 'const std::chrono::year &' de─şerine d├Ân├╝┼şt├╝r├╝lemez
              C:\ShadowStrike\ShadowStrike\src\Shared_modules\Core\Engine\ScanEngine.cpp(242,21):
              Nedeni: 'ShadowStrike::SignatureStore::StoreError' de─şerinden 'const std::chrono::year' de─şerine d├Ân├╝┼şt├╝r├╝lemez
              C:\ShadowStrike\ShadowStrike\src\Shared_modules\Core\Engine\ScanEngine.cpp(242,21):
              Bu d├Ân├╝┼şt├╝rmeyi ger├ğekle┼ştirecek kullan─▒c─▒ tan─▒ml─▒ d├Ân├╝┼şt├╝rme i┼şleci yok veya i┼şle├ğ ├ğa─şr─▒lam─▒yor
      C:\Program Files\Microsoft Visual Studio\2022\Community\VC\Tools\MSVC\14.44.35207\include\chrono(485,43):
      veya 'bool std::chrono::operator ==(const std::chrono::weekday &,const std::chrono::weekday &) noexcept' [yeniden yaz─▒lan ifade '!(x == y)']
          C:\ShadowStrike\ShadowStrike\src\Shared_modules\Core\Engine\ScanEngine.cpp(242,21):
          'bool std::chrono::operator ==(const std::chrono::weekday &,const std::chrono::weekday &) noexcept' : 1 ba─ş─▒ms─▒z de─şi┼şkeni 'ShadowStrike::SignatureStore::StoreError' de─şerinden 'const std::chrono::weekday &' de─şerine d├Ân├╝┼şt├╝r├╝lemez
              C:\ShadowStrike\ShadowStrike\src\Shared_modules\Core\Engine\ScanEngine.cpp(242,21):
              Nedeni: 'ShadowStrike::SignatureStore::StoreError' de─şerinden 'const std::chrono::weekday' de─şerine d├Ân├╝┼şt├╝r├╝lemez
              C:\ShadowStrike\ShadowStrike\src\Shared_modules\Core\Engine\ScanEngine.cpp(242,21):
              Bu d├Ân├╝┼şt├╝rmeyi ger├ğekle┼ştirecek kullan─▒c─▒ tan─▒ml─▒ d├Ân├╝┼şt├╝rme i┼şleci yok veya i┼şle├ğ ├ğa─şr─▒lam─▒yor
      C:\Program Files\Microsoft Visual Studio\2022\Community\VC\Tools\MSVC\14.44.35207\include\chrono(536,43):
      veya 'bool std::chrono::operator ==(const std::chrono::weekday_indexed &,const std::chrono::weekday_indexed &) noexcept' [yeniden yaz─▒lan ifade '!(x == y)']
          C:\ShadowStrike\ShadowStrike\src\Shared_modules\Core\Engine\ScanEngine.cpp(242,21):
          'bool std::chrono::operator ==(const std::chrono::weekday_indexed &,const std::chrono::weekday_indexed &) noexcept' : 1 ba─ş─▒ms─▒z de─şi┼şkeni 'ShadowStrike::SignatureStore::StoreError' de─şerinden 'const std::chrono::weekday_indexed &' de─şerine d├Ân├╝┼şt├╝r├╝lemez
              C:\ShadowStrike\ShadowStrike\src\Shared_modules\Core\Engine\ScanEngine.cpp(242,21):
              Nedeni: 'ShadowStrike::SignatureStore::StoreError' de─şerinden 'const std::chrono::weekday_indexed' de─şerine d├Ân├╝┼şt├╝r├╝lemez
              C:\ShadowStrike\ShadowStrike\src\Shared_modules\Core\Engine\ScanEngine.cpp(242,21):
              Bu d├Ân├╝┼şt├╝rmeyi ger├ğekle┼ştirecek kullan─▒c─▒ tan─▒ml─▒ d├Ân├╝┼şt├╝rme i┼şleci yok veya i┼şle├ğ ├ğa─şr─▒lam─▒yor
      C:\Program Files\Microsoft Visual Studio\2022\Community\VC\Tools\MSVC\14.44.35207\include\chrono(556,43):
      veya 'bool std::chrono::operator ==(const std::chrono::weekday_last &,const std::chrono::weekday_last &) noexcept' [yeniden yaz─▒lan ifade '!(x == y)']
          C:\ShadowStrike\ShadowStrike\src\Shared_modules\Core\Engine\ScanEngine.cpp(242,21):
          'bool std::chrono::operator ==(const std::chrono::weekday_last &,const std::chrono::weekday_last &) noexcept' : 1 ba─ş─▒ms─▒z de─şi┼şkeni 'ShadowStrike::SignatureStore::StoreError' de─şerinden 'const std::chrono::weekday_last &' de─şerine d├Ân├╝┼şt├╝r├╝lemez
              C:\ShadowStrike\ShadowStrike\src\Shared_modules\Core\Engine\ScanEngine.cpp(242,21):
              Nedeni: 'ShadowStrike::SignatureStore::StoreError' de─şerinden 'const std::chrono::weekday_last' de─şerine d├Ân├╝┼şt├╝r├╝lemez
              C:\ShadowStrike\ShadowStrike\src\Shared_modules\Core\Engine\ScanEngine.cpp(242,21):
              Bu d├Ân├╝┼şt├╝rmeyi ger├ğekle┼ştirecek kullan─▒c─▒ tan─▒ml─▒ d├Ân├╝┼şt├╝rme i┼şleci yok veya i┼şle├ğ ├ğa─şr─▒lam─▒yor
      C:\Program Files\Microsoft Visual Studio\2022\Community\VC\Tools\MSVC\14.44.35207\include\chrono(600,43):
      veya 'bool std::chrono::operator ==(const std::chrono::month_day &,const std::chrono::month_day &) noexcept' [yeniden yaz─▒lan ifade '!(x == y)']
          C:\ShadowStrike\ShadowStrike\src\Shared_modules\Core\Engine\ScanEngine.cpp(242,21):
          'bool std::chrono::operator ==(const std::chrono::month_day &,const std::chrono::month_day &) noexcept' : 1 ba─ş─▒ms─▒z de─şi┼şkeni 'ShadowStrike::SignatureStore::StoreError' de─şerinden 'const std::chrono::month_day &' de─şerine d├Ân├╝┼şt├╝r├╝lemez
              C:\ShadowStrike\ShadowStrike\src\Shared_modules\Core\Engine\ScanEngine.cpp(242,21):
              Nedeni: 'ShadowStrike::SignatureStore::StoreError' de─şerinden 'const std::chrono::month_day' de─şerine d├Ân├╝┼şt├╝r├╝lemez
              C:\ShadowStrike\ShadowStrike\src\Shared_modules\Core\Engine\ScanEngine.cpp(242,21):
              Bu d├Ân├╝┼şt├╝rmeyi ger├ğekle┼ştirecek kullan─▒c─▒ tan─▒ml─▒ d├Ân├╝┼şt├╝rme i┼şleci yok veya i┼şle├ğ ├ğa─şr─▒lam─▒yor
      C:\Program Files\Microsoft Visual Studio\2022\Community\VC\Tools\MSVC\14.44.35207\include\chrono(628,43):
      veya 'bool std::chrono::operator ==(const std::chrono::month_day_last &,const std::chrono::month_day_last &) noexcept' [yeniden yaz─▒lan ifade '!(x == y)']
          C:\ShadowStrike\ShadowStrike\src\Shared_modules\Core\Engine\ScanEngine.cpp(242,21):
          'bool std::chrono::operator ==(const std::chrono::month_day_last &,const std::chrono::month_day_last &) noexcept' : 1 ba─ş─▒ms─▒z de─şi┼şkeni 'ShadowStrike::SignatureStore::StoreError' de─şerinden 'const std::chrono::month_day_last &' de─şerine d├Ân├╝┼şt├╝r├╝lemez
              C:\ShadowStrike\ShadowStrike\src\Shared_modules\Core\Engine\ScanEngine.cpp(242,21):
              Nedeni: 'ShadowStrike::SignatureStore::StoreError' de─şerinden 'const std::chrono::month_day_last' de─şerine d├Ân├╝┼şt├╝r├╝lemez
              C:\ShadowStrike\ShadowStrike\src\Shared_modules\Core\Engine\ScanEngine.cpp(242,21):
              Bu d├Ân├╝┼şt├╝rmeyi ger├ğekle┼ştirecek kullan─▒c─▒ tan─▒ml─▒ d├Ân├╝┼şt├╝rme i┼şleci yok veya i┼şle├ğ ├ğa─şr─▒lam─▒yor
      C:\Program Files\Microsoft Visual Studio\2022\Community\VC\Tools\MSVC\14.44.35207\include\chrono(658,43):
      veya 'bool std::chrono::operator ==(const std::chrono::month_weekday &,const std::chrono::month_weekday &) noexcept' [yeniden yaz─▒lan ifade '!(x == y)']
          C:\ShadowStrike\ShadowStrike\src\Shared_modules\Core\Engine\ScanEngine.cpp(242,21):
          'bool std::chrono::operator ==(const std::chrono::month_weekday &,const std::chrono::month_weekday &) noexcept' : 1 ba─ş─▒ms─▒z de─şi┼şkeni 'ShadowStrike::SignatureStore::StoreError' de─şerinden 'const std::chrono::month_weekday &' de─şerine d├Ân├╝┼şt├╝r├╝lemez
              C:\ShadowStrike\ShadowStrike\src\Shared_modules\Core\Engine\ScanEngine.cpp(242,21):
              Nedeni: 'ShadowStrike::SignatureStore::StoreError' de─şerinden 'const std::chrono::month_weekday' de─şerine d├Ân├╝┼şt├╝r├╝lemez
              C:\ShadowStrike\ShadowStrike\src\Shared_modules\Core\Engine\ScanEngine.cpp(242,21):
              Bu d├Ân├╝┼şt├╝rmeyi ger├ğekle┼ştirecek kullan─▒c─▒ tan─▒ml─▒ d├Ân├╝┼şt├╝rme i┼şleci yok veya i┼şle├ğ ├ğa─şr─▒lam─▒yor
      C:\Program Files\Microsoft Visual Studio\2022\Community\VC\Tools\MSVC\14.44.35207\include\chrono(682,43):
      veya 'bool std::chrono::operator ==(const std::chrono::month_weekday_last &,const std::chrono::month_weekday_last &) noexcept' [yeniden yaz─▒lan ifade '!(x == y)']
          C:\ShadowStrike\ShadowStrike\src\Shared_modules\Core\Engine\ScanEngine.cpp(242,21):
          'bool std::chrono::operator ==(const std::chrono::month_weekday_last &,const std::chrono::month_weekday_last &) noexcept' : 1 ba─ş─▒ms─▒z de─şi┼şkeni 'ShadowStrike::SignatureStore::StoreError' de─şerinden 'const std::chrono::month_weekday_last &' de─şerine d├Ân├╝┼şt├╝r├╝lemez
              C:\ShadowStrike\ShadowStrike\src\Shared_modules\Core\Engine\ScanEngine.cpp(242,21):
              Nedeni: 'ShadowStrike::SignatureStore::StoreError' de─şerinden 'const std::chrono::month_weekday_last' de─şerine d├Ân├╝┼şt├╝r├╝lemez
              C:\ShadowStrike\ShadowStrike\src\Shared_modules\Core\Engine\ScanEngine.cpp(242,21):
              Bu d├Ân├╝┼şt├╝rmeyi ger├ğekle┼ştirecek kullan─▒c─▒ tan─▒ml─▒ d├Ân├╝┼şt├╝rme i┼şleci yok veya i┼şle├ğ ├ğa─şr─▒lam─▒yor
      C:\Program Files\Microsoft Visual Studio\2022\Community\VC\Tools\MSVC\14.44.35207\include\chrono(715,43):
      veya 'bool std::chrono::operator ==(const std::chrono::year_month &,const std::chrono::year_month &) noexcept' [yeniden yaz─▒lan ifade '!(x == y)']
          C:\ShadowStrike\ShadowStrike\src\Shared_modules\Core\Engine\ScanEngine.cpp(242,21):
          'bool std::chrono::operator ==(const std::chrono::year_month &,const std::chrono::year_month &) noexcept' : 1 ba─ş─▒ms─▒z de─şi┼şkeni 'ShadowStrike::SignatureStore::StoreError' de─şerinden 'const std::chrono::year_month &' de─şerine d├Ân├╝┼şt├╝r├╝lemez
              C:\ShadowStrike\ShadowStrike\src\Shared_modules\Core\Engine\ScanEngine.cpp(242,21):
              Nedeni: 'ShadowStrike::SignatureStore::StoreError' de─şerinden 'const std::chrono::year_month' de─şerine d├Ân├╝┼şt├╝r├╝lemez
              C:\ShadowStrike\ShadowStrike\src\Shared_modules\Core\Engine\ScanEngine.cpp(242,21):
              Bu d├Ân├╝┼şt├╝rmeyi ger├ğekle┼ştirecek kullan─▒c─▒ tan─▒ml─▒ d├Ân├╝┼şt├╝rme i┼şleci yok veya i┼şle├ğ ├ğa─şr─▒lam─▒yor
      C:\Program Files\Microsoft Visual Studio\2022\Community\VC\Tools\MSVC\14.44.35207\include\chrono(1007,43):
      veya 'bool std::chrono::operator ==(const std::chrono::year_month_day &,const std::chrono::year_month_day &) noexcept' [yeniden yaz─▒lan ifade '!(x == y)']
          C:\ShadowStrike\ShadowStrike\src\Shared_modules\Core\Engine\ScanEngine.cpp(242,21):
          'bool std::chrono::operator ==(const std::chrono::year_month_day &,const std::chrono::year_month_day &) noexcept' : 1 ba─ş─▒ms─▒z de─şi┼şkeni 'ShadowStrike::SignatureStore::StoreError' de─şerinden 'const std::chrono::year_month_day &' de─şerine d├Ân├╝┼şt├╝r├╝lemez
              C:\ShadowStrike\ShadowStrike\src\Shared_modules\Core\Engine\ScanEngine.cpp(242,21):
              Nedeni: 'ShadowStrike::SignatureStore::StoreError' de─şerinden 'const std::chrono::year_month_day' de─şerine d├Ân├╝┼şt├╝r├╝lemez
              C:\ShadowStrike\ShadowStrike\src\Shared_modules\Core\Engine\ScanEngine.cpp(242,21):
              Bu d├Ân├╝┼şt├╝rmeyi ger├ğekle┼ştirecek kullan─▒c─▒ tan─▒ml─▒ d├Ân├╝┼şt├╝rme i┼şleci yok veya i┼şle├ğ ├ğa─şr─▒lam─▒yor
      C:\Program Files\Microsoft Visual Studio\2022\Community\VC\Tools\MSVC\14.44.35207\include\chrono(1116,43):
      veya 'bool std::chrono::operator ==(const std::chrono::year_month_day_last &,const std::chrono::year_month_day_last &) noexcept' [yeniden yaz─▒lan ifade '!(x == y)']
          C:\ShadowStrike\ShadowStrike\src\Shared_modules\Core\Engine\ScanEngine.cpp(242,21):
          'bool std::chrono::operator ==(const std::chrono::year_month_day_last &,const std::chrono::year_month_day_last &) noexcept' : 1 ba─ş─▒ms─▒z de─şi┼şkeni 'ShadowStrike::SignatureStore::StoreError' de─şerinden 'const std::chrono::year_month_day_last &' de─şerine d├Ân├╝┼şt├╝r├╝lemez
              C:\ShadowStrike\ShadowStrike\src\Shared_modules\Core\Engine\ScanEngine.cpp(242,21):
              Nedeni: 'ShadowStrike::SignatureStore::StoreError' de─şerinden 'const std::chrono::year_month_day_last' de─şerine d├Ân├╝┼şt├╝r├╝lemez
              C:\ShadowStrike\ShadowStrike\src\Shared_modules\Core\Engine\ScanEngine.cpp(242,21):
              Bu d├Ân├╝┼şt├╝rmeyi ger├ğekle┼ştirecek kullan─▒c─▒ tan─▒ml─▒ d├Ân├╝┼şt├╝rme i┼şleci yok veya i┼şle├ğ ├ğa─şr─▒lam─▒yor
      C:\Program Files\Microsoft Visual Studio\2022\Community\VC\Tools\MSVC\14.44.35207\include\chrono(1255,43):
      veya 'bool std::chrono::operator ==(const std::chrono::year_month_weekday &,const std::chrono::year_month_weekday &) noexcept' [yeniden yaz─▒lan ifade '!(x == y)']
          C:\ShadowStrike\ShadowStrike\src\Shared_modules\Core\Engine\ScanEngine.cpp(242,21):
          'bool std::chrono::operator ==(const std::chrono::year_month_weekday &,const std::chrono::year_month_weekday &) noexcept' : 1 ba─ş─▒ms─▒z de─şi┼şkeni 'ShadowStrike::SignatureStore::StoreError' de─şerinden 'const std::chrono::year_month_weekday &' de─şerine d├Ân├╝┼şt├╝r├╝lemez
              C:\ShadowStrike\ShadowStrike\src\Shared_modules\Core\Engine\ScanEngine.cpp(242,21):
              Nedeni: 'ShadowStrike::SignatureStore::StoreError' de─şerinden 'const std::chrono::year_month_weekday' de─şerine d├Ân├╝┼şt├╝r├╝lemez
              C:\ShadowStrike\ShadowStrike\src\Shared_modules\Core\Engine\ScanEngine.cpp(242,21):
              Bu d├Ân├╝┼şt├╝rmeyi ger├ğekle┼ştirecek kullan─▒c─▒ tan─▒ml─▒ d├Ân├╝┼şt├╝rme i┼şleci yok veya i┼şle├ğ ├ğa─şr─▒lam─▒yor
      C:\Program Files\Microsoft Visual Studio\2022\Community\VC\Tools\MSVC\14.44.35207\include\chrono(1353,43):
      veya 'bool std::chrono::operator ==(const std::chrono::year_month_weekday_last &,const std::chrono::year_month_weekday_last &) noexcept' [yeniden yaz─▒lan ifade '!(x == y)']
          C:\ShadowStrike\ShadowStrike\src\Shared_modules\Core\Engine\ScanEngine.cpp(242,21):
          'bool std::chrono::operator ==(const std::chrono::year_month_weekday_last &,const std::chrono::year_month_weekday_last &) noexcept' : 1 ba─ş─▒ms─▒z de─şi┼şkeni 'ShadowStrike::SignatureStore::StoreError' de─şerinden 'const std::chrono::year_month_weekday_last &' de─şerine d├Ân├╝┼şt├╝r├╝lemez
              C:\ShadowStrike\ShadowStrike\src\Shared_modules\Core\Engine\ScanEngine.cpp(242,21):
              Nedeni: 'ShadowStrike::SignatureStore::StoreError' de─şerinden 'const std::chrono::year_month_weekday_last' de─şerine d├Ân├╝┼şt├╝r├╝lemez
              C:\ShadowStrike\ShadowStrike\src\Shared_modules\Core\Engine\ScanEngine.cpp(242,21):
              Bu d├Ân├╝┼şt├╝rmeyi ger├ğekle┼ştirecek kullan─▒c─▒ tan─▒ml─▒ d├Ân├╝┼şt├╝rme i┼şleci yok veya i┼şle├ğ ├ğa─şr─▒lam─▒yor
      C:\Program Files\Microsoft Visual Studio\2022\Community\VC\Tools\MSVC\14.44.35207\include\chrono(1943,40):
      veya 'bool std::chrono::operator ==(const std::chrono::time_zone &,const std::chrono::time_zone &) noexcept' [yeniden yaz─▒lan ifade '!(x == y)']
          C:\ShadowStrike\ShadowStrike\src\Shared_modules\Core\Engine\ScanEngine.cpp(242,21):
          'bool std::chrono::operator ==(const std::chrono::time_zone &,const std::chrono::time_zone &) noexcept' : 1 ba─ş─▒ms─▒z de─şi┼şkeni 'ShadowStrike::SignatureStore::StoreError' de─şerinden 'const std::chrono::time_zone &' de─şerine d├Ân├╝┼şt├╝r├╝lemez
              C:\ShadowStrike\ShadowStrike\src\Shared_modules\Core\Engine\ScanEngine.cpp(242,21):
              Nedeni: 'ShadowStrike::SignatureStore::StoreError' de─şerinden 'const std::chrono::time_zone' de─şerine d├Ân├╝┼şt├╝r├╝lemez
              C:\ShadowStrike\ShadowStrike\src\Shared_modules\Core\Engine\ScanEngine.cpp(242,21):
              Bu d├Ân├╝┼şt├╝rmeyi ger├ğekle┼ştirecek kullan─▒c─▒ tan─▒ml─▒ d├Ân├╝┼şt├╝rme i┼şleci yok veya i┼şle├ğ ├ğa─şr─▒lam─▒yor
      C:\Program Files\Microsoft Visual Studio\2022\Community\VC\Tools\MSVC\14.44.35207\include\chrono(2078,40):
      veya 'bool std::chrono::operator ==(const std::chrono::time_zone_link &,const std::chrono::time_zone_link &) noexcept' [yeniden yaz─▒lan ifade '!(x == y)']
          C:\ShadowStrike\ShadowStrike\src\Shared_modules\Core\Engine\ScanEngine.cpp(242,21):
          'bool std::chrono::operator ==(const std::chrono::time_zone_link &,const std::chrono::time_zone_link &) noexcept' : 1 ba─ş─▒ms─▒z de─şi┼şkeni 'ShadowStrike::SignatureStore::StoreError' de─şerinden 'const std::chrono::time_zone_link &' de─şerine d├Ân├╝┼şt├╝r├╝lemez
              C:\ShadowStrike\ShadowStrike\src\Shared_modules\Core\Engine\ScanEngine.cpp(242,21):
              Nedeni: 'ShadowStrike::SignatureStore::StoreError' de─şerinden 'const std::chrono::time_zone_link' de─şerine d├Ân├╝┼şt├╝r├╝lemez
              C:\ShadowStrike\ShadowStrike\src\Shared_modules\Core\Engine\ScanEngine.cpp(242,21):
              Bu d├Ân├╝┼şt├╝rmeyi ger├ğekle┼ştirecek kullan─▒c─▒ tan─▒ml─▒ d├Ân├╝┼şt├╝rme i┼şleci yok veya i┼şle├ğ ├ğa─şr─▒lam─▒yor
      C:\Program Files (x86)\Windows Kits\10\Include\10.0.26100.0\shared\guiddef.h(192,15):
      veya 'bool operator ==(const GUID &,const GUID &)' [sentezlenmi┼ş ifade '!(y == x)']
          C:\ShadowStrike\ShadowStrike\src\Shared_modules\Core\Engine\ScanEngine.cpp(242,21):
          'bool operator ==(const GUID &,const GUID &)' : 1 ba─ş─▒ms─▒z de─şi┼şkeni 'ShadowStrike::SignatureStore::StoreError (__cdecl *)(void) noexcept' de─şerinden 'const GUID &' de─şerine d├Ân├╝┼şt├╝r├╝lemez
              C:\ShadowStrike\ShadowStrike\src\Shared_modules\Core\Engine\ScanEngine.cpp(242,62):
              Nedeni: 'overloaded-function' de─şerinden 'const GUID' de─şerine d├Ân├╝┼şt├╝r├╝lemez
              C:\ShadowStrike\ShadowStrike\src\Shared_modules\Core\Engine\ScanEngine.cpp(242,62):
              '_GUID::_GUID': hi├ğbir a┼ş─▒r─▒ y├╝klenmi┼ş i┼şlev t├╝m arg├╝man t├╝rlerini d├Ân├╝┼şt├╝remez
                  C:\Program Files (x86)\Windows Kits\10\Include\10.0.26100.0\shared\guiddef.h(27,1):
                  '_GUID::_GUID(_GUID &&)' olabilirdi
                      C:\ShadowStrike\ShadowStrike\src\Shared_modules\Core\Engine\ScanEngine.cpp(242,62):
                      '_GUID::_GUID(_GUID &&)' : 1 ba─ş─▒ms─▒z de─şi┼şkeni 'ShadowStrike::SignatureStore::StoreError (__cdecl *)(void) noexcept' de─şerinden '_GUID &&' de─şerine d├Ân├╝┼şt├╝r├╝lemez
                          C:\ShadowStrike\ShadowStrike\src\Shared_modules\Core\Engine\ScanEngine.cpp(242,62):
                          Nedeni: 'overloaded-function' de─şerinden '_GUID' de─şerine d├Ân├╝┼şt├╝r├╝lemez
                          C:\ShadowStrike\ShadowStrike\src\Shared_modules\Core\Engine\ScanEngine.cpp(242,62):
                          D├Ân├╝┼şt├╝rme ikinci bir kullan─▒c─▒ tan─▒ml─▒ d├Ân├╝┼şt├╝rme i┼şleci veya olu┼şturucu gerektiriyor
                  C:\Program Files (x86)\Windows Kits\10\Include\10.0.26100.0\shared\guiddef.h(27,1):
                  veya       '_GUID::_GUID(const _GUID &)'
                      C:\ShadowStrike\ShadowStrike\src\Shared_modules\Core\Engine\ScanEngine.cpp(242,62):
                      '_GUID::_GUID(const _GUID &)' : 1 ba─ş─▒ms─▒z de─şi┼şkeni 'ShadowStrike::SignatureStore::StoreError (__cdecl *)(void) noexcept' de─şerinden 'const _GUID &' de─şerine d├Ân├╝┼şt├╝r├╝lemez
                          C:\ShadowStrike\ShadowStrike\src\Shared_modules\Core\Engine\ScanEngine.cpp(242,62):
                          Nedeni: 'overloaded-function' de─şerinden 'const _GUID' de─şerine d├Ân├╝┼şt├╝r├╝lemez
                          C:\ShadowStrike\ShadowStrike\src\Shared_modules\Core\Engine\ScanEngine.cpp(242,62):
                          D├Ân├╝┼şt├╝rme ikinci bir kullan─▒c─▒ tan─▒ml─▒ d├Ân├╝┼şt├╝rme i┼şleci veya olu┼şturucu gerektiriyor
                  C:\ShadowStrike\ShadowStrike\src\Shared_modules\Core\Engine\ScanEngine.cpp(242,62):
                  '(overloaded-function)' ba─ş─▒ms─▒z de─şi┼şken listesi e┼şlenmeye ├ğal─▒┼ş─▒l─▒rken
      C:\Program Files\Microsoft Visual Studio\2022\Community\VC\Tools\MSVC\14.44.35207\include\chrono(247,43):
      veya 'bool std::chrono::operator ==(const std::chrono::day &,const std::chrono::day &) noexcept' [sentezlenmi┼ş ifade '!(y == x)']
          C:\ShadowStrike\ShadowStrike\src\Shared_modules\Core\Engine\ScanEngine.cpp(242,21):
          'bool std::chrono::operator ==(const std::chrono::day &,const std::chrono::day &) noexcept' : 1 ba─ş─▒ms─▒z de─şi┼şkeni 'ShadowStrike::SignatureStore::StoreError (__cdecl *)(void) noexcept' de─şerinden 'const std::chrono::day &' de─şerine d├Ân├╝┼şt├╝r├╝lemez
              C:\ShadowStrike\ShadowStrike\src\Shared_modules\Core\Engine\ScanEngine.cpp(242,62):
              Nedeni: 'overloaded-function' de─şerinden 'const std::chrono::day' de─şerine d├Ân├╝┼şt├╝r├╝lemez
              C:\ShadowStrike\ShadowStrike\src\Shared_modules\Core\Engine\ScanEngine.cpp(242,62):
              'std::chrono::day::day': hi├ğbir a┼ş─▒r─▒ y├╝klenmi┼ş i┼şlev t├╝m arg├╝man t├╝rlerini d├Ân├╝┼şt├╝remez
                  C:\Program Files\Microsoft Visual Studio\2022\Community\VC\Tools\MSVC\14.44.35207\include\chrono(245,5):
                  'std::chrono::day::day(std::chrono::day &&)' olabilirdi
                      C:\ShadowStrike\ShadowStrike\src\Shared_modules\Core\Engine\ScanEngine.cpp(242,62):
                      'std::chrono::day::day(std::chrono::day &&)' : 1 ba─ş─▒ms─▒z de─şi┼şkeni 'ShadowStrike::SignatureStore::StoreError (__cdecl *)(void) noexcept' de─şerinden 'std::chrono::day &&' de─şerine d├Ân├╝┼şt├╝r├╝lemez
                          C:\ShadowStrike\ShadowStrike\src\Shared_modules\Core\Engine\ScanEngine.cpp(242,62):
                          Nedeni: 'overloaded-function' de─şerinden 'std::chrono::day' de─şerine d├Ân├╝┼şt├╝r├╝lemez
                          C:\ShadowStrike\ShadowStrike\src\Shared_modules\Core\Engine\ScanEngine.cpp(242,62):
                          D├Ân├╝┼şt├╝rme ikinci bir kullan─▒c─▒ tan─▒ml─▒ d├Ân├╝┼şt├╝rme i┼şleci veya olu┼şturucu gerektiriyor
                  C:\Program Files\Microsoft Visual Studio\2022\Community\VC\Tools\MSVC\14.44.35207\include\chrono(245,5):
                  veya       'std::chrono::day::day(const std::chrono::day &)'
                      C:\ShadowStrike\ShadowStrike\src\Shared_modules\Core\Engine\ScanEngine.cpp(242,62):
                      'std::chrono::day::day(const std::chrono::day &)' : 1 ba─ş─▒ms─▒z de─şi┼şkeni 'ShadowStrike::SignatureStore::StoreError (__cdecl *)(void) noexcept' de─şerinden 'const std::chrono::day &' de─şerine d├Ân├╝┼şt├╝r├╝lemez
                          C:\ShadowStrike\ShadowStrike\src\Shared_modules\Core\Engine\ScanEngine.cpp(242,62):
                          Nedeni: 'overloaded-function' de─şerinden 'const std::chrono::day' de─şerine d├Ân├╝┼şt├╝r├╝lemez
                          C:\ShadowStrike\ShadowStrike\src\Shared_modules\Core\Engine\ScanEngine.cpp(242,62):
                          D├Ân├╝┼şt├╝rme ikinci bir kullan─▒c─▒ tan─▒ml─▒ d├Ân├╝┼şt├╝rme i┼şleci veya olu┼şturucu gerektiriyor
                  C:\ShadowStrike\ShadowStrike\src\Shared_modules\Core\Engine\ScanEngine.cpp(242,62):
                  '(overloaded-function)' ba─ş─▒ms─▒z de─şi┼şken listesi e┼şlenmeye ├ğal─▒┼ş─▒l─▒rken
      C:\Program Files\Microsoft Visual Studio\2022\Community\VC\Tools\MSVC\14.44.35207\include\chrono(306,43):
      veya 'bool std::chrono::operator ==(const std::chrono::month &,const std::chrono::month &) noexcept' [sentezlenmi┼ş ifade '!(y == x)']
          C:\ShadowStrike\ShadowStrike\src\Shared_modules\Core\Engine\ScanEngine.cpp(242,21):
          'bool std::chrono::operator ==(const std::chrono::month &,const std::chrono::month &) noexcept' : 1 ba─ş─▒ms─▒z de─şi┼şkeni 'ShadowStrike::SignatureStore::StoreError (__cdecl *)(void) noexcept' de─şerinden 'const std::chrono::month &' de─şerine d├Ân├╝┼şt├╝r├╝lemez
              C:\ShadowStrike\ShadowStrike\src\Shared_modules\Core\Engine\ScanEngine.cpp(242,62):
              Nedeni: 'overloaded-function' de─şerinden 'const std::chrono::month' de─şerine d├Ân├╝┼şt├╝r├╝lemez
              C:\ShadowStrike\ShadowStrike\src\Shared_modules\Core\Engine\ScanEngine.cpp(242,62):
              'std::chrono::month::month': hi├ğbir a┼ş─▒r─▒ y├╝klenmi┼ş i┼şlev t├╝m arg├╝man t├╝rlerini d├Ân├╝┼şt├╝remez
                  C:\Program Files\Microsoft Visual Studio\2022\Community\VC\Tools\MSVC\14.44.35207\include\chrono(304,5):
                  'std::chrono::month::month(std::chrono::month &&)' olabilirdi
                      C:\ShadowStrike\ShadowStrike\src\Shared_modules\Core\Engine\ScanEngine.cpp(242,62):
                      'std::chrono::month::month(std::chrono::month &&)' : 1 ba─ş─▒ms─▒z de─şi┼şkeni 'ShadowStrike::SignatureStore::StoreError (__cdecl *)(void) noexcept' de─şerinden 'std::chrono::month &&' de─şerine d├Ân├╝┼şt├╝r├╝lemez
                          C:\ShadowStrike\ShadowStrike\src\Shared_modules\Core\Engine\ScanEngine.cpp(242,62):
                          Nedeni: 'overloaded-function' de─şerinden 'std::chrono::month' de─şerine d├Ân├╝┼şt├╝r├╝lemez
                          C:\ShadowStrike\ShadowStrike\src\Shared_modules\Core\Engine\ScanEngine.cpp(242,62):
                          D├Ân├╝┼şt├╝rme ikinci bir kullan─▒c─▒ tan─▒ml─▒ d├Ân├╝┼şt├╝rme i┼şleci veya olu┼şturucu gerektiriyor
                  C:\Program Files\Microsoft Visual Studio\2022\Community\VC\Tools\MSVC\14.44.35207\include\chrono(304,5):
                  veya       'std::chrono::month::month(const std::chrono::month &)'
                      C:\ShadowStrike\ShadowStrike\src\Shared_modules\Core\Engine\ScanEngine.cpp(242,62):
                      'std::chrono::month::month(const std::chrono::month &)' : 1 ba─ş─▒ms─▒z de─şi┼şkeni 'ShadowStrike::SignatureStore::StoreError (__cdecl *)(void) noexcept' de─şerinden 'const std::chrono::month &' de─şerine d├Ân├╝┼şt├╝r├╝lemez
                          C:\ShadowStrike\ShadowStrike\src\Shared_modules\Core\Engine\ScanEngine.cpp(242,62):
                          Nedeni: 'overloaded-function' de─şerinden 'const std::chrono::month' de─şerine d├Ân├╝┼şt├╝r├╝lemez
                          C:\ShadowStrike\ShadowStrike\src\Shared_modules\Core\Engine\ScanEngine.cpp(242,62):
                          D├Ân├╝┼şt├╝rme ikinci bir kullan─▒c─▒ tan─▒ml─▒ d├Ân├╝┼şt├╝rme i┼şleci veya olu┼şturucu gerektiriyor
                  C:\ShadowStrike\ShadowStrike\src\Shared_modules\Core\Engine\ScanEngine.cpp(242,62):
                  '(overloaded-function)' ba─ş─▒ms─▒z de─şi┼şken listesi e┼şlenmeye ├ğal─▒┼ş─▒l─▒rken
      C:\Program Files\Microsoft Visual Studio\2022\Community\VC\Tools\MSVC\14.44.35207\include\chrono(407,43):
      veya 'bool std::chrono::operator ==(const std::chrono::year &,const std::chrono::year &) noexcept' [sentezlenmi┼ş ifade '!(y == x)']
          C:\ShadowStrike\ShadowStrike\src\Shared_modules\Core\Engine\ScanEngine.cpp(242,21):
          'bool std::chrono::operator ==(const std::chrono::year &,const std::chrono::year &) noexcept' : 1 ba─ş─▒ms─▒z de─şi┼şkeni 'ShadowStrike::SignatureStore::StoreError (__cdecl *)(void) noexcept' de─şerinden 'const std::chrono::year &' de─şerine d├Ân├╝┼şt├╝r├╝lemez
              C:\ShadowStrike\ShadowStrike\src\Shared_modules\Core\Engine\ScanEngine.cpp(242,62):
              Nedeni: 'overloaded-function' de─şerinden 'const std::chrono::year' de─şerine d├Ân├╝┼şt├╝r├╝lemez
              C:\ShadowStrike\ShadowStrike\src\Shared_modules\Core\Engine\ScanEngine.cpp(242,62):
              'std::chrono::year::year': hi├ğbir a┼ş─▒r─▒ y├╝klenmi┼ş i┼şlev t├╝m arg├╝man t├╝rlerini d├Ân├╝┼şt├╝remez
                  C:\Program Files\Microsoft Visual Studio\2022\Community\VC\Tools\MSVC\14.44.35207\include\chrono(405,5):
                  'std::chrono::year::year(std::chrono::year &&)' olabilirdi
                      C:\ShadowStrike\ShadowStrike\src\Shared_modules\Core\Engine\ScanEngine.cpp(242,62):
                      'std::chrono::year::year(std::chrono::year &&)' : 1 ba─ş─▒ms─▒z de─şi┼şkeni 'ShadowStrike::SignatureStore::StoreError (__cdecl *)(void) noexcept' de─şerinden 'std::chrono::year &&' de─şerine d├Ân├╝┼şt├╝r├╝lemez
                          C:\ShadowStrike\ShadowStrike\src\Shared_modules\Core\Engine\ScanEngine.cpp(242,62):
                          Nedeni: 'overloaded-function' de─şerinden 'std::chrono::year' de─şerine d├Ân├╝┼şt├╝r├╝lemez
                          C:\ShadowStrike\ShadowStrike\src\Shared_modules\Core\Engine\ScanEngine.cpp(242,62):
                          D├Ân├╝┼şt├╝rme ikinci bir kullan─▒c─▒ tan─▒ml─▒ d├Ân├╝┼şt├╝rme i┼şleci veya olu┼şturucu gerektiriyor
                  C:\Program Files\Microsoft Visual Studio\2022\Community\VC\Tools\MSVC\14.44.35207\include\chrono(405,5):
                  veya       'std::chrono::year::year(const std::chrono::year &)'
                      C:\ShadowStrike\ShadowStrike\src\Shared_modules\Core\Engine\ScanEngine.cpp(242,62):
                      'std::chrono::year::year(const std::chrono::year &)' : 1 ba─ş─▒ms─▒z de─şi┼şkeni 'ShadowStrike::SignatureStore::StoreError (__cdecl *)(void) noexcept' de─şerinden 'const std::chrono::year &' de─şerine d├Ân├╝┼şt├╝r├╝lemez
                          C:\ShadowStrike\ShadowStrike\src\Shared_modules\Core\Engine\ScanEngine.cpp(242,62):
                          Nedeni: 'overloaded-function' de─şerinden 'const std::chrono::year' de─şerine d├Ân├╝┼şt├╝r├╝lemez
                          C:\ShadowStrike\ShadowStrike\src\Shared_modules\Core\Engine\ScanEngine.cpp(242,62):
                          D├Ân├╝┼şt├╝rme ikinci bir kullan─▒c─▒ tan─▒ml─▒ d├Ân├╝┼şt├╝rme i┼şleci veya olu┼şturucu gerektiriyor
                  C:\ShadowStrike\ShadowStrike\src\Shared_modules\Core\Engine\ScanEngine.cpp(242,62):
                  '(overloaded-function)' ba─ş─▒ms─▒z de─şi┼şken listesi e┼şlenmeye ├ğal─▒┼ş─▒l─▒rken
      C:\Program Files\Microsoft Visual Studio\2022\Community\VC\Tools\MSVC\14.44.35207\include\chrono(485,43):
      veya 'bool std::chrono::operator ==(const std::chrono::weekday &,const std::chrono::weekday &) noexcept' [sentezlenmi┼ş ifade '!(y == x)']
          C:\ShadowStrike\ShadowStrike\src\Shared_modules\Core\Engine\ScanEngine.cpp(242,21):
          'bool std::chrono::operator ==(const std::chrono::weekday &,const std::chrono::weekday &) noexcept' : 1 ba─ş─▒ms─▒z de─şi┼şkeni 'ShadowStrike::SignatureStore::StoreError (__cdecl *)(void) noexcept' de─şerinden 'const std::chrono::weekday &' de─şerine d├Ân├╝┼şt├╝r├╝lemez
              C:\ShadowStrike\ShadowStrike\src\Shared_modules\Core\Engine\ScanEngine.cpp(242,62):
              Nedeni: 'overloaded-function' de─şerinden 'const std::chrono::weekday' de─şerine d├Ân├╝┼şt├╝r├╝lemez
              C:\ShadowStrike\ShadowStrike\src\Shared_modules\Core\Engine\ScanEngine.cpp(242,62):
              'std::chrono::weekday::weekday': hi├ğbir a┼ş─▒r─▒ y├╝klenmi┼ş i┼şlev t├╝m arg├╝man t├╝rlerini d├Ân├╝┼şt├╝remez
                  C:\Program Files\Microsoft Visual Studio\2022\Community\VC\Tools\MSVC\14.44.35207\include\chrono(483,5):
                  'std::chrono::weekday::weekday(std::chrono::weekday &&)' olabilirdi
                      C:\ShadowStrike\ShadowStrike\src\Shared_modules\Core\Engine\ScanEngine.cpp(242,62):
                      'std::chrono::weekday::weekday(std::chrono::weekday &&)' : 1 ba─ş─▒ms─▒z de─şi┼şkeni 'ShadowStrike::SignatureStore::StoreError (__cdecl *)(void) noexcept' de─şerinden 'std::chrono::weekday &&' de─şerine d├Ân├╝┼şt├╝r├╝lemez
                          C:\ShadowStrike\ShadowStrike\src\Shared_modules\Core\Engine\ScanEngine.cpp(242,62):
                          Nedeni: 'overloaded-function' de─şerinden 'std::chrono::weekday' de─şerine d├Ân├╝┼şt├╝r├╝lemez
                          C:\ShadowStrike\ShadowStrike\src\Shared_modules\Core\Engine\ScanEngine.cpp(242,62):
                          D├Ân├╝┼şt├╝rme ikinci bir kullan─▒c─▒ tan─▒ml─▒ d├Ân├╝┼şt├╝rme i┼şleci veya olu┼şturucu gerektiriyor
                  C:\Program Files\Microsoft Visual Studio\2022\Community\VC\Tools\MSVC\14.44.35207\include\chrono(483,5):
                  veya       'std::chrono::weekday::weekday(const std::chrono::weekday &)'
                      C:\ShadowStrike\ShadowStrike\src\Shared_modules\Core\Engine\ScanEngine.cpp(242,62):
                      'std::chrono::weekday::weekday(const std::chrono::weekday &)' : 1 ba─ş─▒ms─▒z de─şi┼şkeni 'ShadowStrike::SignatureStore::StoreError (__cdecl *)(void) noexcept' de─şerinden 'const std::chrono::weekday &' de─şerine d├Ân├╝┼şt├╝r├╝lemez
                          C:\ShadowStrike\ShadowStrike\src\Shared_modules\Core\Engine\ScanEngine.cpp(242,62):
                          Nedeni: 'overloaded-function' de─şerinden 'const std::chrono::weekday' de─şerine d├Ân├╝┼şt├╝r├╝lemez
                          C:\ShadowStrike\ShadowStrike\src\Shared_modules\Core\Engine\ScanEngine.cpp(242,62):
                          D├Ân├╝┼şt├╝rme ikinci bir kullan─▒c─▒ tan─▒ml─▒ d├Ân├╝┼şt├╝rme i┼şleci veya olu┼şturucu gerektiriyor
                  C:\Program Files\Microsoft Visual Studio\2022\Community\VC\Tools\MSVC\14.44.35207\include\chrono(435,9):
                  veya       'std::chrono::weekday::weekday(const std::chrono::sys_days &) noexcept'
                      C:\ShadowStrike\ShadowStrike\src\Shared_modules\Core\Engine\ScanEngine.cpp(242,62):
                      'std::chrono::weekday::weekday(const std::chrono::sys_days &) noexcept' : 1 ba─ş─▒ms─▒z de─şi┼şkeni 'ShadowStrike::SignatureStore::StoreError (__cdecl *)(void) noexcept' de─şerinden 'const std::chrono::sys_days &' de─şerine d├Ân├╝┼şt├╝r├╝lemez
                          C:\ShadowStrike\ShadowStrike\src\Shared_modules\Core\Engine\ScanEngine.cpp(242,62):
                          Nedeni: 'overloaded-function' de─şerinden 'const std::chrono::sys_days' de─şerine d├Ân├╝┼şt├╝r├╝lemez
                          C:\ShadowStrike\ShadowStrike\src\Shared_modules\Core\Engine\ScanEngine.cpp(242,62):
                          D├Ân├╝┼şt├╝rme ikinci bir kullan─▒c─▒ tan─▒ml─▒ d├Ân├╝┼şt├╝rme i┼şleci veya olu┼şturucu gerektiriyor
                  C:\ShadowStrike\ShadowStrike\src\Shared_modules\Core\Engine\ScanEngine.cpp(242,62):
                  '(overloaded-function)' ba─ş─▒ms─▒z de─şi┼şken listesi e┼şlenmeye ├ğal─▒┼ş─▒l─▒rken
      C:\Program Files\Microsoft Visual Studio\2022\Community\VC\Tools\MSVC\14.44.35207\include\chrono(536,43):
      veya 'bool std::chrono::operator ==(const std::chrono::weekday_indexed &,const std::chrono::weekday_indexed &) noexcept' [sentezlenmi┼ş ifade '!(y == x)']
          C:\ShadowStrike\ShadowStrike\src\Shared_modules\Core\Engine\ScanEngine.cpp(242,21):
          'bool std::chrono::operator ==(const std::chrono::weekday_indexed &,const std::chrono::weekday_indexed &) noexcept' : 1 ba─ş─▒ms─▒z de─şi┼şkeni 'ShadowStrike::SignatureStore::StoreError (__cdecl *)(void) noexcept' de─şerinden 'const std::chrono::weekday_indexed &' de─şerine d├Ân├╝┼şt├╝r├╝lemez
              C:\ShadowStrike\ShadowStrike\src\Shared_modules\Core\Engine\ScanEngine.cpp(242,62):
              Nedeni: 'overloaded-function' de─şerinden 'const std::chrono::weekday_indexed' de─şerine d├Ân├╝┼şt├╝r├╝lemez
              C:\ShadowStrike\ShadowStrike\src\Shared_modules\Core\Engine\ScanEngine.cpp(242,62):
              'std::chrono::weekday_indexed::weekday_indexed': hi├ğbir a┼ş─▒r─▒ y├╝klenmi┼ş i┼şlev t├╝m arg├╝man t├╝rlerini d├Ân├╝┼şt├╝remez
                  C:\Program Files\Microsoft Visual Studio\2022\Community\VC\Tools\MSVC\14.44.35207\include\chrono(534,5):
                  'std::chrono::weekday_indexed::weekday_indexed(std::chrono::weekday_indexed &&)' olabilirdi
                      C:\ShadowStrike\ShadowStrike\src\Shared_modules\Core\Engine\ScanEngine.cpp(242,62):
                      'std::chrono::weekday_indexed::weekday_indexed(std::chrono::weekday_indexed &&)' : 1 ba─ş─▒ms─▒z de─şi┼şkeni 'ShadowStrike::SignatureStore::StoreError (__cdecl *)(void) noexcept' de─şerinden 'std::chrono::weekday_indexed &&' de─şerine d├Ân├╝┼şt├╝r├╝lemez
                          C:\ShadowStrike\ShadowStrike\src\Shared_modules\Core\Engine\ScanEngine.cpp(242,62):
                          Nedeni: 'overloaded-function' de─şerinden 'std::chrono::weekday_indexed' de─şerine d├Ân├╝┼şt├╝r├╝lemez
                          C:\ShadowStrike\ShadowStrike\src\Shared_modules\Core\Engine\ScanEngine.cpp(242,62):
                          D├Ân├╝┼şt├╝rme ikinci bir kullan─▒c─▒ tan─▒ml─▒ d├Ân├╝┼şt├╝rme i┼şleci veya olu┼şturucu gerektiriyor
                  C:\Program Files\Microsoft Visual Studio\2022\Community\VC\Tools\MSVC\14.44.35207\include\chrono(534,5):
                  veya       'std::chrono::weekday_indexed::weekday_indexed(const std::chrono::weekday_indexed &)'
                      C:\ShadowStrike\ShadowStrike\src\Shared_modules\Core\Engine\ScanEngine.cpp(242,62):
                      'std::chrono::weekday_indexed::weekday_indexed(const std::chrono::weekday_indexed &)' : 1 ba─ş─▒ms─▒z de─şi┼şkeni 'ShadowStrike::SignatureStore::StoreError (__cdecl *)(void) noexcept' de─şerinden 'const std::chrono::weekday_indexed &' de─şerine d├Ân├╝┼şt├╝r├╝lemez
                          C:\ShadowStrike\ShadowStrike\src\Shared_modules\Core\Engine\ScanEngine.cpp(242,62):
                          Nedeni: 'overloaded-function' de─şerinden 'const std::chrono::weekday_indexed' de─şerine d├Ân├╝┼şt├╝r├╝lemez
                          C:\ShadowStrike\ShadowStrike\src\Shared_modules\Core\Engine\ScanEngine.cpp(242,62):
                          D├Ân├╝┼şt├╝rme ikinci bir kullan─▒c─▒ tan─▒ml─▒ d├Ân├╝┼şt├╝rme i┼şleci veya olu┼şturucu gerektiriyor
                  C:\ShadowStrike\ShadowStrike\src\Shared_modules\Core\Engine\ScanEngine.cpp(242,62):
                  '(overloaded-function)' ba─ş─▒ms─▒z de─şi┼şken listesi e┼şlenmeye ├ğal─▒┼ş─▒l─▒rken
      C:\Program Files\Microsoft Visual Studio\2022\Community\VC\Tools\MSVC\14.44.35207\include\chrono(556,43):
      veya 'bool std::chrono::operator ==(const std::chrono::weekday_last &,const std::chrono::weekday_last &) noexcept' [sentezlenmi┼ş ifade '!(y == x)']
          C:\ShadowStrike\ShadowStrike\src\Shared_modules\Core\Engine\ScanEngine.cpp(242,21):
          'bool std::chrono::operator ==(const std::chrono::weekday_last &,const std::chrono::weekday_last &) noexcept' : 1 ba─ş─▒ms─▒z de─şi┼şkeni 'ShadowStrike::SignatureStore::StoreError (__cdecl *)(void) noexcept' de─şerinden 'const std::chrono::weekday_last &' de─şerine d├Ân├╝┼şt├╝r├╝lemez
              C:\ShadowStrike\ShadowStrike\src\Shared_modules\Core\Engine\ScanEngine.cpp(242,62):
              Nedeni: 'overloaded-function' de─şerinden 'const std::chrono::weekday_last' de─şerine d├Ân├╝┼şt├╝r├╝lemez
              C:\ShadowStrike\ShadowStrike\src\Shared_modules\Core\Engine\ScanEngine.cpp(242,62):
              'std::chrono::weekday_last::weekday_last': hi├ğbir a┼ş─▒r─▒ y├╝klenmi┼ş i┼şlev t├╝m arg├╝man t├╝rlerini d├Ân├╝┼şt├╝remez
                  C:\Program Files\Microsoft Visual Studio\2022\Community\VC\Tools\MSVC\14.44.35207\include\chrono(554,5):
                  'std::chrono::weekday_last::weekday_last(std::chrono::weekday_last &&)' olabilirdi
                      C:\ShadowStrike\ShadowStrike\src\Shared_modules\Core\Engine\ScanEngine.cpp(242,62):
                      'std::chrono::weekday_last::weekday_last(std::chrono::weekday_last &&)' : 1 ba─ş─▒ms─▒z de─şi┼şkeni 'ShadowStrike::SignatureStore::StoreError (__cdecl *)(void) noexcept' de─şerinden 'std::chrono::weekday_last &&' de─şerine d├Ân├╝┼şt├╝r├╝lemez
                          C:\ShadowStrike\ShadowStrike\src\Shared_modules\Core\Engine\ScanEngine.cpp(242,62):
                          Nedeni: 'overloaded-function' de─şerinden 'std::chrono::weekday_last' de─şerine d├Ân├╝┼şt├╝r├╝lemez
                          C:\ShadowStrike\ShadowStrike\src\Shared_modules\Core\Engine\ScanEngine.cpp(242,62):
                          D├Ân├╝┼şt├╝rme ikinci bir kullan─▒c─▒ tan─▒ml─▒ d├Ân├╝┼şt├╝rme i┼şleci veya olu┼şturucu gerektiriyor
                  C:\Program Files\Microsoft Visual Studio\2022\Community\VC\Tools\MSVC\14.44.35207\include\chrono(554,5):
                  veya       'std::chrono::weekday_last::weekday_last(const std::chrono::weekday_last &)'
                      C:\ShadowStrike\ShadowStrike\src\Shared_modules\Core\Engine\ScanEngine.cpp(242,62):
                      'std::chrono::weekday_last::weekday_last(const std::chrono::weekday_last &)' : 1 ba─ş─▒ms─▒z de─şi┼şkeni 'ShadowStrike::SignatureStore::StoreError (__cdecl *)(void) noexcept' de─şerinden 'const std::chrono::weekday_last &' de─şerine d├Ân├╝┼şt├╝r├╝lemez
                          C:\ShadowStrike\ShadowStrike\src\Shared_modules\Core\Engine\ScanEngine.cpp(242,62):
                          Nedeni: 'overloaded-function' de─şerinden 'const std::chrono::weekday_last' de─şerine d├Ân├╝┼şt├╝r├╝lemez
                          C:\ShadowStrike\ShadowStrike\src\Shared_modules\Core\Engine\ScanEngine.cpp(242,62):
                          D├Ân├╝┼şt├╝rme ikinci bir kullan─▒c─▒ tan─▒ml─▒ d├Ân├╝┼şt├╝rme i┼şleci veya olu┼şturucu gerektiriyor
                  C:\ShadowStrike\ShadowStrike\src\Shared_modules\Core\Engine\ScanEngine.cpp(242,62):
                  '(overloaded-function)' ba─ş─▒ms─▒z de─şi┼şken listesi e┼şlenmeye ├ğal─▒┼ş─▒l─▒rken
      C:\Program Files\Microsoft Visual Studio\2022\Community\VC\Tools\MSVC\14.44.35207\include\chrono(600,43):
      veya 'bool std::chrono::operator ==(const std::chrono::month_day &,const std::chrono::month_day &) noexcept' [sentezlenmi┼ş ifade '!(y == x)']
          C:\ShadowStrike\ShadowStrike\src\Shared_modules\Core\Engine\ScanEngine.cpp(242,21):
          'bool std::chrono::operator ==(const std::chrono::month_day &,const std::chrono::month_day &) noexcept' : 1 ba─ş─▒ms─▒z de─şi┼şkeni 'ShadowStrike::SignatureStore::StoreError (__cdecl *)(void) noexcept' de─şerinden 'const std::chrono::month_day &' de─şerine d├Ân├╝┼şt├╝r├╝lemez
              C:\ShadowStrike\ShadowStrike\src\Shared_modules\Core\Engine\ScanEngine.cpp(242,62):
              Nedeni: 'overloaded-function' de─şerinden 'const std::chrono::month_day' de─şerine d├Ân├╝┼şt├╝r├╝lemez
              C:\ShadowStrike\ShadowStrike\src\Shared_modules\Core\Engine\ScanEngine.cpp(242,62):
              'std::chrono::month_day::month_day': hi├ğbir a┼ş─▒r─▒ y├╝klenmi┼ş i┼şlev t├╝m arg├╝man t├╝rlerini d├Ân├╝┼şt├╝remez
                  C:\Program Files\Microsoft Visual Studio\2022\Community\VC\Tools\MSVC\14.44.35207\include\chrono(598,5):
                  'std::chrono::month_day::month_day(std::chrono::month_day &&)' olabilirdi
                      C:\ShadowStrike\ShadowStrike\src\Shared_modules\Core\Engine\ScanEngine.cpp(242,62):
                      'std::chrono::month_day::month_day(std::chrono::month_day &&)' : 1 ba─ş─▒ms─▒z de─şi┼şkeni 'ShadowStrike::SignatureStore::StoreError (__cdecl *)(void) noexcept' de─şerinden 'std::chrono::month_day &&' de─şerine d├Ân├╝┼şt├╝r├╝lemez
                          C:\ShadowStrike\ShadowStrike\src\Shared_modules\Core\Engine\ScanEngine.cpp(242,62):
                          Nedeni: 'overloaded-function' de─şerinden 'std::chrono::month_day' de─şerine d├Ân├╝┼şt├╝r├╝lemez
                          C:\ShadowStrike\ShadowStrike\src\Shared_modules\Core\Engine\ScanEngine.cpp(242,62):
                          D├Ân├╝┼şt├╝rme ikinci bir kullan─▒c─▒ tan─▒ml─▒ d├Ân├╝┼şt├╝rme i┼şleci veya olu┼şturucu gerektiriyor
                  C:\Program Files\Microsoft Visual Studio\2022\Community\VC\Tools\MSVC\14.44.35207\include\chrono(598,5):
                  veya       'std::chrono::month_day::month_day(const std::chrono::month_day &)'
                      C:\ShadowStrike\ShadowStrike\src\Shared_modules\Core\Engine\ScanEngine.cpp(242,62):
                      'std::chrono::month_day::month_day(const std::chrono::month_day &)' : 1 ba─ş─▒ms─▒z de─şi┼şkeni 'ShadowStrike::SignatureStore::StoreError (__cdecl *)(void) noexcept' de─şerinden 'const std::chrono::month_day &' de─şerine d├Ân├╝┼şt├╝r├╝lemez
                          C:\ShadowStrike\ShadowStrike\src\Shared_modules\Core\Engine\ScanEngine.cpp(242,62):
                          Nedeni: 'overloaded-function' de─şerinden 'const std::chrono::month_day' de─şerine d├Ân├╝┼şt├╝r├╝lemez
                          C:\ShadowStrike\ShadowStrike\src\Shared_modules\Core\Engine\ScanEngine.cpp(242,62):
                          D├Ân├╝┼şt├╝rme ikinci bir kullan─▒c─▒ tan─▒ml─▒ d├Ân├╝┼şt├╝rme i┼şleci veya olu┼şturucu gerektiriyor
                  C:\ShadowStrike\ShadowStrike\src\Shared_modules\Core\Engine\ScanEngine.cpp(242,62):
                  '(overloaded-function)' ba─ş─▒ms─▒z de─şi┼şken listesi e┼şlenmeye ├ğal─▒┼ş─▒l─▒rken
      C:\Program Files\Microsoft Visual Studio\2022\Community\VC\Tools\MSVC\14.44.35207\include\chrono(628,43):
      veya 'bool std::chrono::operator ==(const std::chrono::month_day_last &,const std::chrono::month_day_last &) noexcept' [sentezlenmi┼ş ifade '!(y == x)']
          C:\ShadowStrike\ShadowStrike\src\Shared_modules\Core\Engine\ScanEngine.cpp(242,21):
          'bool std::chrono::operator ==(const std::chrono::month_day_last &,const std::chrono::month_day_last &) noexcept' : 1 ba─ş─▒ms─▒z de─şi┼şkeni 'ShadowStrike::SignatureStore::StoreError (__cdecl *)(void) noexcept' de─şerinden 'const std::chrono::month_day_last &' de─şerine d├Ân├╝┼şt├╝r├╝lemez
              C:\ShadowStrike\ShadowStrike\src\Shared_modules\Core\Engine\ScanEngine.cpp(242,62):
              Nedeni: 'overloaded-function' de─şerinden 'const std::chrono::month_day_last' de─şerine d├Ân├╝┼şt├╝r├╝lemez
              C:\ShadowStrike\ShadowStrike\src\Shared_modules\Core\Engine\ScanEngine.cpp(242,62):
              'std::chrono::month_day_last::month_day_last': hi├ğbir a┼ş─▒r─▒ y├╝klenmi┼ş i┼şlev t├╝m arg├╝man t├╝rlerini d├Ân├╝┼şt├╝remez
                  C:\Program Files\Microsoft Visual Studio\2022\Community\VC\Tools\MSVC\14.44.35207\include\chrono(626,5):
                  'std::chrono::month_day_last::month_day_last(std::chrono::month_day_last &&)' olabilirdi
                      C:\ShadowStrike\ShadowStrike\src\Shared_modules\Core\Engine\ScanEngine.cpp(242,62):
                      'std::chrono::month_day_last::month_day_last(std::chrono::month_day_last &&)' : 1 ba─ş─▒ms─▒z de─şi┼şkeni 'ShadowStrike::SignatureStore::StoreError (__cdecl *)(void) noexcept' de─şerinden 'std::chrono::month_day_last &&' de─şerine d├Ân├╝┼şt├╝r├╝lemez
                          C:\ShadowStrike\ShadowStrike\src\Shared_modules\Core\Engine\ScanEngine.cpp(242,62):
                          Nedeni: 'overloaded-function' de─şerinden 'std::chrono::month_day_last' de─şerine d├Ân├╝┼şt├╝r├╝lemez
                          C:\ShadowStrike\ShadowStrike\src\Shared_modules\Core\Engine\ScanEngine.cpp(242,62):
                          D├Ân├╝┼şt├╝rme ikinci bir kullan─▒c─▒ tan─▒ml─▒ d├Ân├╝┼şt├╝rme i┼şleci veya olu┼şturucu gerektiriyor
                  C:\Program Files\Microsoft Visual Studio\2022\Community\VC\Tools\MSVC\14.44.35207\include\chrono(626,5):
                  veya       'std::chrono::month_day_last::month_day_last(const std::chrono::month_day_last &)'
                      C:\ShadowStrike\ShadowStrike\src\Shared_modules\Core\Engine\ScanEngine.cpp(242,62):
                      'std::chrono::month_day_last::month_day_last(const std::chrono::month_day_last &)' : 1 ba─ş─▒ms─▒z de─şi┼şkeni 'ShadowStrike::SignatureStore::StoreError (__cdecl *)(void) noexcept' de─şerinden 'const std::chrono::month_day_last &' de─şerine d├Ân├╝┼şt├╝r├╝lemez
                          C:\ShadowStrike\ShadowStrike\src\Shared_modules\Core\Engine\ScanEngine.cpp(242,62):
                          Nedeni: 'overloaded-function' de─şerinden 'const std::chrono::month_day_last' de─şerine d├Ân├╝┼şt├╝r├╝lemez
                          C:\ShadowStrike\ShadowStrike\src\Shared_modules\Core\Engine\ScanEngine.cpp(242,62):
                          D├Ân├╝┼şt├╝rme ikinci bir kullan─▒c─▒ tan─▒ml─▒ d├Ân├╝┼şt├╝rme i┼şleci veya olu┼şturucu gerektiriyor
                  C:\ShadowStrike\ShadowStrike\src\Shared_modules\Core\Engine\ScanEngine.cpp(242,62):
                  '(overloaded-function)' ba─ş─▒ms─▒z de─şi┼şken listesi e┼şlenmeye ├ğal─▒┼ş─▒l─▒rken
      C:\Program Files\Microsoft Visual Studio\2022\Community\VC\Tools\MSVC\14.44.35207\include\chrono(658,43):
      veya 'bool std::chrono::operator ==(const std::chrono::month_weekday &,const std::chrono::month_weekday &) noexcept' [sentezlenmi┼ş ifade '!(y == x)']
          C:\ShadowStrike\ShadowStrike\src\Shared_modules\Core\Engine\ScanEngine.cpp(242,21):
          'bool std::chrono::operator ==(const std::chrono::month_weekday &,const std::chrono::month_weekday &) noexcept' : 1 ba─ş─▒ms─▒z de─şi┼şkeni 'ShadowStrike::SignatureStore::StoreError (__cdecl *)(void) noexcept' de─şerinden 'const std::chrono::month_weekday &' de─şerine d├Ân├╝┼şt├╝r├╝lemez
              C:\ShadowStrike\ShadowStrike\src\Shared_modules\Core\Engine\ScanEngine.cpp(242,62):
              Nedeni: 'overloaded-function' de─şerinden 'const std::chrono::month_weekday' de─şerine d├Ân├╝┼şt├╝r├╝lemez
              C:\ShadowStrike\ShadowStrike\src\Shared_modules\Core\Engine\ScanEngine.cpp(242,62):
              'std::chrono::month_weekday::month_weekday': hi├ğbir a┼ş─▒r─▒ y├╝klenmi┼ş i┼şlev t├╝m arg├╝man t├╝rlerini d├Ân├╝┼şt├╝remez
                  C:\Program Files\Microsoft Visual Studio\2022\Community\VC\Tools\MSVC\14.44.35207\include\chrono(656,5):
                  'std::chrono::month_weekday::month_weekday(std::chrono::month_weekday &&)' olabilirdi
                      C:\ShadowStrike\ShadowStrike\src\Shared_modules\Core\Engine\ScanEngine.cpp(242,62):
                      'std::chrono::month_weekday::month_weekday(std::chrono::month_weekday &&)' : 1 ba─ş─▒ms─▒z de─şi┼şkeni 'ShadowStrike::SignatureStore::StoreError (__cdecl *)(void) noexcept' de─şerinden 'std::chrono::month_weekday &&' de─şerine d├Ân├╝┼şt├╝r├╝lemez
                          C:\ShadowStrike\ShadowStrike\src\Shared_modules\Core\Engine\ScanEngine.cpp(242,62):
                          Nedeni: 'overloaded-function' de─şerinden 'std::chrono::month_weekday' de─şerine d├Ân├╝┼şt├╝r├╝lemez
                          C:\ShadowStrike\ShadowStrike\src\Shared_modules\Core\Engine\ScanEngine.cpp(242,62):
                          D├Ân├╝┼şt├╝rme ikinci bir kullan─▒c─▒ tan─▒ml─▒ d├Ân├╝┼şt├╝rme i┼şleci veya olu┼şturucu gerektiriyor
                  C:\Program Files\Microsoft Visual Studio\2022\Community\VC\Tools\MSVC\14.44.35207\include\chrono(656,5):
                  veya       'std::chrono::month_weekday::month_weekday(const std::chrono::month_weekday &)'
                      C:\ShadowStrike\ShadowStrike\src\Shared_modules\Core\Engine\ScanEngine.cpp(242,62):
                      'std::chrono::month_weekday::month_weekday(const std::chrono::month_weekday &)' : 1 ba─ş─▒ms─▒z de─şi┼şkeni 'ShadowStrike::SignatureStore::StoreError (__cdecl *)(void) noexcept' de─şerinden 'const std::chrono::month_weekday &' de─şerine d├Ân├╝┼şt├╝r├╝lemez
                          C:\ShadowStrike\ShadowStrike\src\Shared_modules\Core\Engine\ScanEngine.cpp(242,62):
                          Nedeni: 'overloaded-function' de─şerinden 'const std::chrono::month_weekday' de─şerine d├Ân├╝┼şt├╝r├╝lemez
                          C:\ShadowStrike\ShadowStrike\src\Shared_modules\Core\Engine\ScanEngine.cpp(242,62):
                          D├Ân├╝┼şt├╝rme ikinci bir kullan─▒c─▒ tan─▒ml─▒ d├Ân├╝┼şt├╝rme i┼şleci veya olu┼şturucu gerektiriyor
                  C:\ShadowStrike\ShadowStrike\src\Shared_modules\Core\Engine\ScanEngine.cpp(242,62):
                  '(overloaded-function)' ba─ş─▒ms─▒z de─şi┼şken listesi e┼şlenmeye ├ğal─▒┼ş─▒l─▒rken
      C:\Program Files\Microsoft Visual Studio\2022\Community\VC\Tools\MSVC\14.44.35207\include\chrono(682,43):
      veya 'bool std::chrono::operator ==(const std::chrono::month_weekday_last &,const std::chrono::month_weekday_last &) noexcept' [sentezlenmi┼ş ifade '!(y == x)']
          C:\ShadowStrike\ShadowStrike\src\Shared_modules\Core\Engine\ScanEngine.cpp(242,21):
          'bool std::chrono::operator ==(const std::chrono::month_weekday_last &,const std::chrono::month_weekday_last &) noexcept' : 1 ba─ş─▒ms─▒z de─şi┼şkeni 'ShadowStrike::SignatureStore::StoreError (__cdecl *)(void) noexcept' de─şerinden 'const std::chrono::month_weekday_last &' de─şerine d├Ân├╝┼şt├╝r├╝lemez
              C:\ShadowStrike\ShadowStrike\src\Shared_modules\Core\Engine\ScanEngine.cpp(242,62):
              Nedeni: 'overloaded-function' de─şerinden 'const std::chrono::month_weekday_last' de─şerine d├Ân├╝┼şt├╝r├╝lemez
              C:\ShadowStrike\ShadowStrike\src\Shared_modules\Core\Engine\ScanEngine.cpp(242,62):
              'std::chrono::month_weekday_last::month_weekday_last': hi├ğbir a┼ş─▒r─▒ y├╝klenmi┼ş i┼şlev t├╝m arg├╝man t├╝rlerini d├Ân├╝┼şt├╝remez
                  C:\Program Files\Microsoft Visual Studio\2022\Community\VC\Tools\MSVC\14.44.35207\include\chrono(680,5):
                  'std::chrono::month_weekday_last::month_weekday_last(std::chrono::month_weekday_last &&)' olabilirdi
                      C:\ShadowStrike\ShadowStrike\src\Shared_modules\Core\Engine\ScanEngine.cpp(242,62):
                      'std::chrono::month_weekday_last::month_weekday_last(std::chrono::month_weekday_last &&)' : 1 ba─ş─▒ms─▒z de─şi┼şkeni 'ShadowStrike::SignatureStore::StoreError (__cdecl *)(void) noexcept' de─şerinden 'std::chrono::month_weekday_last &&' de─şerine d├Ân├╝┼şt├╝r├╝lemez
                          C:\ShadowStrike\ShadowStrike\src\Shared_modules\Core\Engine\ScanEngine.cpp(242,62):
                          Nedeni: 'overloaded-function' de─şerinden 'std::chrono::month_weekday_last' de─şerine d├Ân├╝┼şt├╝r├╝lemez
                          C:\ShadowStrike\ShadowStrike\src\Shared_modules\Core\Engine\ScanEngine.cpp(242,62):
                          D├Ân├╝┼şt├╝rme ikinci bir kullan─▒c─▒ tan─▒ml─▒ d├Ân├╝┼şt├╝rme i┼şleci veya olu┼şturucu gerektiriyor
                  C:\Program Files\Microsoft Visual Studio\2022\Community\VC\Tools\MSVC\14.44.35207\include\chrono(680,5):
                  veya       'std::chrono::month_weekday_last::month_weekday_last(const std::chrono::month_weekday_last &)'
                      C:\ShadowStrike\ShadowStrike\src\Shared_modules\Core\Engine\ScanEngine.cpp(242,62):
                      'std::chrono::month_weekday_last::month_weekday_last(const std::chrono::month_weekday_last &)' : 1 ba─ş─▒ms─▒z de─şi┼şkeni 'ShadowStrike::SignatureStore::StoreError (__cdecl *)(void) noexcept' de─şerinden 'const std::chrono::month_weekday_last &' de─şerine d├Ân├╝┼şt├╝r├╝lemez
                          C:\ShadowStrike\ShadowStrike\src\Shared_modules\Core\Engine\ScanEngine.cpp(242,62):
                          Nedeni: 'overloaded-function' de─şerinden 'const std::chrono::month_weekday_last' de─şerine d├Ân├╝┼şt├╝r├╝lemez
                          C:\ShadowStrike\ShadowStrike\src\Shared_modules\Core\Engine\ScanEngine.cpp(242,62):
                          D├Ân├╝┼şt├╝rme ikinci bir kullan─▒c─▒ tan─▒ml─▒ d├Ân├╝┼şt├╝rme i┼şleci veya olu┼şturucu gerektiriyor
                  C:\ShadowStrike\ShadowStrike\src\Shared_modules\Core\Engine\ScanEngine.cpp(242,62):
                  '(overloaded-function)' ba─ş─▒ms─▒z de─şi┼şken listesi e┼şlenmeye ├ğal─▒┼ş─▒l─▒rken
      C:\Program Files\Microsoft Visual Studio\2022\Community\VC\Tools\MSVC\14.44.35207\include\chrono(715,43):
      veya 'bool std::chrono::operator ==(const std::chrono::year_month &,const std::chrono::year_month &) noexcept' [sentezlenmi┼ş ifade '!(y == x)']
          C:\ShadowStrike\ShadowStrike\src\Shared_modules\Core\Engine\ScanEngine.cpp(242,21):
          'bool std::chrono::operator ==(const std::chrono::year_month &,const std::chrono::year_month &) noexcept' : 1 ba─ş─▒ms─▒z de─şi┼şkeni 'ShadowStrike::SignatureStore::StoreError (__cdecl *)(void) noexcept' de─şerinden 'const std::chrono::year_month &' de─şerine d├Ân├╝┼şt├╝r├╝lemez
              C:\ShadowStrike\ShadowStrike\src\Shared_modules\Core\Engine\ScanEngine.cpp(242,62):
              Nedeni: 'overloaded-function' de─şerinden 'const std::chrono::year_month' de─şerine d├Ân├╝┼şt├╝r├╝lemez
              C:\ShadowStrike\ShadowStrike\src\Shared_modules\Core\Engine\ScanEngine.cpp(242,62):
              'std::chrono::year_month::year_month': hi├ğbir a┼ş─▒r─▒ y├╝klenmi┼ş i┼şlev t├╝m arg├╝man t├╝rlerini d├Ân├╝┼şt├╝remez
                  C:\Program Files\Microsoft Visual Studio\2022\Community\VC\Tools\MSVC\14.44.35207\include\chrono(713,5):
                  'std::chrono::year_month::year_month(std::chrono::year_month &&)' olabilirdi
                      C:\ShadowStrike\ShadowStrike\src\Shared_modules\Core\Engine\ScanEngine.cpp(242,62):
                      'std::chrono::year_month::year_month(std::chrono::year_month &&)' : 1 ba─ş─▒ms─▒z de─şi┼şkeni 'ShadowStrike::SignatureStore::StoreError (__cdecl *)(void) noexcept' de─şerinden 'std::chrono::year_month &&' de─şerine d├Ân├╝┼şt├╝r├╝lemez
                          C:\ShadowStrike\ShadowStrike\src\Shared_modules\Core\Engine\ScanEngine.cpp(242,62):
                          Nedeni: 'overloaded-function' de─şerinden 'std::chrono::year_month' de─şerine d├Ân├╝┼şt├╝r├╝lemez
                          C:\ShadowStrike\ShadowStrike\src\Shared_modules\Core\Engine\ScanEngine.cpp(242,62):
                          D├Ân├╝┼şt├╝rme ikinci bir kullan─▒c─▒ tan─▒ml─▒ d├Ân├╝┼şt├╝rme i┼şleci veya olu┼şturucu gerektiriyor
                  C:\Program Files\Microsoft Visual Studio\2022\Community\VC\Tools\MSVC\14.44.35207\include\chrono(713,5):
                  veya       'std::chrono::year_month::year_month(const std::chrono::year_month &)'
                      C:\ShadowStrike\ShadowStrike\src\Shared_modules\Core\Engine\ScanEngine.cpp(242,62):
                      'std::chrono::year_month::year_month(const std::chrono::year_month &)' : 1 ba─ş─▒ms─▒z de─şi┼şkeni 'ShadowStrike::SignatureStore::StoreError (__cdecl *)(void) noexcept' de─şerinden 'const std::chrono::year_month &' de─şerine d├Ân├╝┼şt├╝r├╝lemez
                          C:\ShadowStrike\ShadowStrike\src\Shared_modules\Core\Engine\ScanEngine.cpp(242,62):
                          Nedeni: 'overloaded-function' de─şerinden 'const std::chrono::year_month' de─şerine d├Ân├╝┼şt├╝r├╝lemez
                          C:\ShadowStrike\ShadowStrike\src\Shared_modules\Core\Engine\ScanEngine.cpp(242,62):
                          D├Ân├╝┼şt├╝rme ikinci bir kullan─▒c─▒ tan─▒ml─▒ d├Ân├╝┼şt├╝rme i┼şleci veya olu┼şturucu gerektiriyor
                  C:\ShadowStrike\ShadowStrike\src\Shared_modules\Core\Engine\ScanEngine.cpp(242,62):
                  '(overloaded-function)' ba─ş─▒ms─▒z de─şi┼şken listesi e┼şlenmeye ├ğal─▒┼ş─▒l─▒rken
      C:\Program Files\Microsoft Visual Studio\2022\Community\VC\Tools\MSVC\14.44.35207\include\chrono(1007,43):
      veya 'bool std::chrono::operator ==(const std::chrono::year_month_day &,const std::chrono::year_month_day &) noexcept' [sentezlenmi┼ş ifade '!(y == x)']
          C:\ShadowStrike\ShadowStrike\src\Shared_modules\Core\Engine\ScanEngine.cpp(242,21):
          'bool std::chrono::operator ==(const std::chrono::year_month_day &,const std::chrono::year_month_day &) noexcept' : 1 ba─ş─▒ms─▒z de─şi┼şkeni 'ShadowStrike::SignatureStore::StoreError (__cdecl *)(void) noexcept' de─şerinden 'const std::chrono::year_month_day &' de─şerine d├Ân├╝┼şt├╝r├╝lemez
              C:\ShadowStrike\ShadowStrike\src\Shared_modules\Core\Engine\ScanEngine.cpp(242,62):
              Nedeni: 'overloaded-function' de─şerinden 'const std::chrono::year_month_day' de─şerine d├Ân├╝┼şt├╝r├╝lemez
              C:\ShadowStrike\ShadowStrike\src\Shared_modules\Core\Engine\ScanEngine.cpp(242,62):
              'std::chrono::year_month_day::year_month_day': hi├ğbir a┼ş─▒r─▒ y├╝klenmi┼ş i┼şlev t├╝m arg├╝man t├╝rlerini d├Ân├╝┼şt├╝remez
                  C:\Program Files\Microsoft Visual Studio\2022\Community\VC\Tools\MSVC\14.44.35207\include\chrono(1005,5):
                  'std::chrono::year_month_day::year_month_day(std::chrono::year_month_day &&)' olabilirdi
                      C:\ShadowStrike\ShadowStrike\src\Shared_modules\Core\Engine\ScanEngine.cpp(242,62):
                      'std::chrono::year_month_day::year_month_day(std::chrono::year_month_day &&)' : 1 ba─ş─▒ms─▒z de─şi┼şkeni 'ShadowStrike::SignatureStore::StoreError (__cdecl *)(void) noexcept' de─şerinden 'std::chrono::year_month_day &&' de─şerine d├Ân├╝┼şt├╝r├╝lemez
                          C:\ShadowStrike\ShadowStrike\src\Shared_modules\Core\Engine\ScanEngine.cpp(242,62):
                          Nedeni: 'overloaded-function' de─şerinden 'std::chrono::year_month_day' de─şerine d├Ân├╝┼şt├╝r├╝lemez
                          C:\ShadowStrike\ShadowStrike\src\Shared_modules\Core\Engine\ScanEngine.cpp(242,62):
                          D├Ân├╝┼şt├╝rme ikinci bir kullan─▒c─▒ tan─▒ml─▒ d├Ân├╝┼şt├╝rme i┼şleci veya olu┼şturucu gerektiriyor
                  C:\Program Files\Microsoft Visual Studio\2022\Community\VC\Tools\MSVC\14.44.35207\include\chrono(1005,5):
                  veya       'std::chrono::year_month_day::year_month_day(const std::chrono::year_month_day &)'
                      C:\ShadowStrike\ShadowStrike\src\Shared_modules\Core\Engine\ScanEngine.cpp(242,62):
                      'std::chrono::year_month_day::year_month_day(const std::chrono::year_month_day &)' : 1 ba─ş─▒ms─▒z de─şi┼şkeni 'ShadowStrike::SignatureStore::StoreError (__cdecl *)(void) noexcept' de─şerinden 'const std::chrono::year_month_day &' de─şerine d├Ân├╝┼şt├╝r├╝lemez
                          C:\ShadowStrike\ShadowStrike\src\Shared_modules\Core\Engine\ScanEngine.cpp(242,62):
                          Nedeni: 'overloaded-function' de─şerinden 'const std::chrono::year_month_day' de─şerine d├Ân├╝┼şt├╝r├╝lemez
                          C:\ShadowStrike\ShadowStrike\src\Shared_modules\Core\Engine\ScanEngine.cpp(242,62):
                          D├Ân├╝┼şt├╝rme ikinci bir kullan─▒c─▒ tan─▒ml─▒ d├Ân├╝┼şt├╝rme i┼şleci veya olu┼şturucu gerektiriyor
                  C:\Program Files\Microsoft Visual Studio\2022\Community\VC\Tools\MSVC\14.44.35207\include\chrono(801,9):
                  veya       'std::chrono::year_month_day::year_month_day(const std::chrono::sys_days &) noexcept'
                      C:\ShadowStrike\ShadowStrike\src\Shared_modules\Core\Engine\ScanEngine.cpp(242,62):
                      'std::chrono::year_month_day::year_month_day(const std::chrono::sys_days &) noexcept' : 1 ba─ş─▒ms─▒z de─şi┼şkeni 'ShadowStrike::SignatureStore::StoreError (__cdecl *)(void) noexcept' de─şerinden 'const std::chrono::sys_days &' de─şerine d├Ân├╝┼şt├╝r├╝lemez
                          C:\ShadowStrike\ShadowStrike\src\Shared_modules\Core\Engine\ScanEngine.cpp(242,62):
                          Nedeni: 'overloaded-function' de─şerinden 'const std::chrono::sys_days' de─şerine d├Ân├╝┼şt├╝r├╝lemez
                          C:\ShadowStrike\ShadowStrike\src\Shared_modules\Core\Engine\ScanEngine.cpp(242,62):
                          D├Ân├╝┼şt├╝rme ikinci bir kullan─▒c─▒ tan─▒ml─▒ d├Ân├╝┼şt├╝rme i┼şleci veya olu┼şturucu gerektiriyor
                  C:\Program Files\Microsoft Visual Studio\2022\Community\VC\Tools\MSVC\14.44.35207\include\chrono(1180,31):
                  veya       'std::chrono::year_month_day::year_month_day(const std::chrono::year_month_day_last &) noexcept'
                      C:\ShadowStrike\ShadowStrike\src\Shared_modules\Core\Engine\ScanEngine.cpp(242,62):
                      'std::chrono::year_month_day::year_month_day(const std::chrono::year_month_day_last &) noexcept' : 1 ba─ş─▒ms─▒z de─şi┼şkeni 'ShadowStrike::SignatureStore::StoreError (__cdecl *)(void) noexcept' de─şerinden 'const std::chrono::year_month_day_last &' de─şerine d├Ân├╝┼şt├╝r├╝lemez
                          C:\ShadowStrike\ShadowStrike\src\Shared_modules\Core\Engine\ScanEngine.cpp(242,62):
                          Nedeni: 'overloaded-function' de─şerinden 'const std::chrono::year_month_day_last' de─şerine d├Ân├╝┼şt├╝r├╝lemez
                          C:\ShadowStrike\ShadowStrike\src\Shared_modules\Core\Engine\ScanEngine.cpp(242,62):
                          D├Ân├╝┼şt├╝rme ikinci bir kullan─▒c─▒ tan─▒ml─▒ d├Ân├╝┼şt├╝rme i┼şleci veya olu┼şturucu gerektiriyor
                  C:\ShadowStrike\ShadowStrike\src\Shared_modules\Core\Engine\ScanEngine.cpp(242,62):
                  '(overloaded-function)' ba─ş─▒ms─▒z de─şi┼şken listesi e┼şlenmeye ├ğal─▒┼ş─▒l─▒rken
      C:\Program Files\Microsoft Visual Studio\2022\Community\VC\Tools\MSVC\14.44.35207\include\chrono(1116,43):
      veya 'bool std::chrono::operator ==(const std::chrono::year_month_day_last &,const std::chrono::year_month_day_last &) noexcept' [sentezlenmi┼ş ifade '!(y == x)']
          C:\ShadowStrike\ShadowStrike\src\Shared_modules\Core\Engine\ScanEngine.cpp(242,21):
          'bool std::chrono::operator ==(const std::chrono::year_month_day_last &,const std::chrono::year_month_day_last &) noexcept' : 1 ba─ş─▒ms─▒z de─şi┼şkeni 'ShadowStrike::SignatureStore::StoreError (__cdecl *)(void) noexcept' de─şerinden 'const std::chrono::year_month_day_last &' de─şerine d├Ân├╝┼şt├╝r├╝lemez
              C:\ShadowStrike\ShadowStrike\src\Shared_modules\Core\Engine\ScanEngine.cpp(242,62):
              Nedeni: 'overloaded-function' de─şerinden 'const std::chrono::year_month_day_last' de─şerine d├Ân├╝┼şt├╝r├╝lemez
              C:\ShadowStrike\ShadowStrike\src\Shared_modules\Core\Engine\ScanEngine.cpp(242,62):
              'std::chrono::year_month_day_last::year_month_day_last': hi├ğbir a┼ş─▒r─▒ y├╝klenmi┼ş i┼şlev t├╝m arg├╝man t├╝rlerini d├Ân├╝┼şt├╝remez
                  C:\Program Files\Microsoft Visual Studio\2022\Community\VC\Tools\MSVC\14.44.35207\include\chrono(1114,5):
                  'std::chrono::year_month_day_last::year_month_day_last(std::chrono::year_month_day_last &&)' olabilirdi
                      C:\ShadowStrike\ShadowStrike\src\Shared_modules\Core\Engine\ScanEngine.cpp(242,62):
                      'std::chrono::year_month_day_last::year_month_day_last(std::chrono::year_month_day_last &&)' : 1 ba─ş─▒ms─▒z de─şi┼şkeni 'ShadowStrike::SignatureStore::StoreError (__cdecl *)(void) noexcept' de─şerinden 'std::chrono::year_month_day_last &&' de─şerine d├Ân├╝┼şt├╝r├╝lemez
                          C:\ShadowStrike\ShadowStrike\src\Shared_modules\Core\Engine\ScanEngine.cpp(242,62):
                          Nedeni: 'overloaded-function' de─şerinden 'std::chrono::year_month_day_last' de─şerine d├Ân├╝┼şt├╝r├╝lemez
                          C:\ShadowStrike\ShadowStrike\src\Shared_modules\Core\Engine\ScanEngine.cpp(242,62):
                          D├Ân├╝┼şt├╝rme ikinci bir kullan─▒c─▒ tan─▒ml─▒ d├Ân├╝┼şt├╝rme i┼şleci veya olu┼şturucu gerektiriyor
                  C:\Program Files\Microsoft Visual Studio\2022\Community\VC\Tools\MSVC\14.44.35207\include\chrono(1114,5):
                  veya       'std::chrono::year_month_day_last::year_month_day_last(const std::chrono::year_month_day_last &)'
                      C:\ShadowStrike\ShadowStrike\src\Shared_modules\Core\Engine\ScanEngine.cpp(242,62):
                      'std::chrono::year_month_day_last::year_month_day_last(const std::chrono::year_month_day_last &)' : 1 ba─ş─▒ms─▒z de─şi┼şkeni 'ShadowStrike::SignatureStore::StoreError (__cdecl *)(void) noexcept' de─şerinden 'const std::chrono::year_month_day_last &' de─şerine d├Ân├╝┼şt├╝r├╝lemez
                          C:\ShadowStrike\ShadowStrike\src\Shared_modules\Core\Engine\ScanEngine.cpp(242,62):
                          Nedeni: 'overloaded-function' de─şerinden 'const std::chrono::year_month_day_last' de─şerine d├Ân├╝┼şt├╝r├╝lemez
                          C:\ShadowStrike\ShadowStrike\src\Shared_modules\Core\Engine\ScanEngine.cpp(242,62):
                          D├Ân├╝┼şt├╝rme ikinci bir kullan─▒c─▒ tan─▒ml─▒ d├Ân├╝┼şt├╝rme i┼şleci veya olu┼şturucu gerektiriyor
                  C:\ShadowStrike\ShadowStrike\src\Shared_modules\Core\Engine\ScanEngine.cpp(242,62):
                  '(overloaded-function)' ba─ş─▒ms─▒z de─şi┼şken listesi e┼şlenmeye ├ğal─▒┼ş─▒l─▒rken
      C:\Program Files\Microsoft Visual Studio\2022\Community\VC\Tools\MSVC\14.44.35207\include\chrono(1255,43):
      veya 'bool std::chrono::operator ==(const std::chrono::year_month_weekday &,const std::chrono::year_month_weekday &) noexcept' [sentezlenmi┼ş ifade '!(y == x)']
          C:\ShadowStrike\ShadowStrike\src\Shared_modules\Core\Engine\ScanEngine.cpp(242,21):
          'bool std::chrono::operator ==(const std::chrono::year_month_weekday &,const std::chrono::year_month_weekday &) noexcept' : 1 ba─ş─▒ms─▒z de─şi┼şkeni 'ShadowStrike::SignatureStore::StoreError (__cdecl *)(void) noexcept' de─şerinden 'const std::chrono::year_month_weekday &' de─şerine d├Ân├╝┼şt├╝r├╝lemez
              C:\ShadowStrike\ShadowStrike\src\Shared_modules\Core\Engine\ScanEngine.cpp(242,62):
              Nedeni: 'overloaded-function' de─şerinden 'const std::chrono::year_month_weekday' de─şerine d├Ân├╝┼şt├╝r├╝lemez
              C:\ShadowStrike\ShadowStrike\src\Shared_modules\Core\Engine\ScanEngine.cpp(242,62):
              'std::chrono::year_month_weekday::year_month_weekday': hi├ğbir a┼ş─▒r─▒ y├╝klenmi┼ş i┼şlev t├╝m arg├╝man t├╝rlerini d├Ân├╝┼şt├╝remez
                  C:\Program Files\Microsoft Visual Studio\2022\Community\VC\Tools\MSVC\14.44.35207\include\chrono(1253,5):
                  'std::chrono::year_month_weekday::year_month_weekday(std::chrono::year_month_weekday &&)' olabilirdi
                      C:\ShadowStrike\ShadowStrike\src\Shared_modules\Core\Engine\ScanEngine.cpp(242,62):
                      'std::chrono::year_month_weekday::year_month_weekday(std::chrono::year_month_weekday &&)' : 1 ba─ş─▒ms─▒z de─şi┼şkeni 'ShadowStrike::SignatureStore::StoreError (__cdecl *)(void) noexcept' de─şerinden 'std::chrono::year_month_weekday &&' de─şerine d├Ân├╝┼şt├╝r├╝lemez
                          C:\ShadowStrike\ShadowStrike\src\Shared_modules\Core\Engine\ScanEngine.cpp(242,62):
                          Nedeni: 'overloaded-function' de─şerinden 'std::chrono::year_month_weekday' de─şerine d├Ân├╝┼şt├╝r├╝lemez
                          C:\ShadowStrike\ShadowStrike\src\Shared_modules\Core\Engine\ScanEngine.cpp(242,62):
                          D├Ân├╝┼şt├╝rme ikinci bir kullan─▒c─▒ tan─▒ml─▒ d├Ân├╝┼şt├╝rme i┼şleci veya olu┼şturucu gerektiriyor
                  C:\Program Files\Microsoft Visual Studio\2022\Community\VC\Tools\MSVC\14.44.35207\include\chrono(1253,5):
                  veya       'std::chrono::year_month_weekday::year_month_weekday(const std::chrono::year_month_weekday &)'
                      C:\ShadowStrike\ShadowStrike\src\Shared_modules\Core\Engine\ScanEngine.cpp(242,62):
                      'std::chrono::year_month_weekday::year_month_weekday(const std::chrono::year_month_weekday &)' : 1 ba─ş─▒ms─▒z de─şi┼şkeni 'ShadowStrike::SignatureStore::StoreError (__cdecl *)(void) noexcept' de─şerinden 'const std::chrono::year_month_weekday &' de─şerine d├Ân├╝┼şt├╝r├╝lemez
                          C:\ShadowStrike\ShadowStrike\src\Shared_modules\Core\Engine\ScanEngine.cpp(242,62):
                          Nedeni: 'overloaded-function' de─şerinden 'const std::chrono::year_month_weekday' de─şerine d├Ân├╝┼şt├╝r├╝lemez
                          C:\ShadowStrike\ShadowStrike\src\Shared_modules\Core\Engine\ScanEngine.cpp(242,62):
                          D├Ân├╝┼şt├╝rme ikinci bir kullan─▒c─▒ tan─▒ml─▒ d├Ân├╝┼şt├╝rme i┼şleci veya olu┼şturucu gerektiriyor
                  C:\Program Files\Microsoft Visual Studio\2022\Community\VC\Tools\MSVC\14.44.35207\include\chrono(1188,9):
                  veya       'std::chrono::year_month_weekday::year_month_weekday(const std::chrono::sys_days &) noexcept'
                      C:\ShadowStrike\ShadowStrike\src\Shared_modules\Core\Engine\ScanEngine.cpp(242,62):
                      'std::chrono::year_month_weekday::year_month_weekday(const std::chrono::sys_days &) noexcept' : 1 ba─ş─▒ms─▒z de─şi┼şkeni 'ShadowStrike::SignatureStore::StoreError (__cdecl *)(void) noexcept' de─şerinden 'const std::chrono::sys_days &' de─şerine d├Ân├╝┼şt├╝r├╝lemez
                          C:\ShadowStrike\ShadowStrike\src\Shared_modules\Core\Engine\ScanEngine.cpp(242,62):
                          Nedeni: 'overloaded-function' de─şerinden 'const std::chrono::sys_days' de─şerine d├Ân├╝┼şt├╝r├╝lemez
                          C:\ShadowStrike\ShadowStrike\src\Shared_modules\Core\Engine\ScanEngine.cpp(242,62):
                          D├Ân├╝┼şt├╝rme ikinci bir kullan─▒c─▒ tan─▒ml─▒ d├Ân├╝┼şt├╝rme i┼şleci veya olu┼şturucu gerektiriyor
                  C:\ShadowStrike\ShadowStrike\src\Shared_modules\Core\Engine\ScanEngine.cpp(242,62):
                  '(overloaded-function)' ba─ş─▒ms─▒z de─şi┼şken listesi e┼şlenmeye ├ğal─▒┼ş─▒l─▒rken
      C:\Program Files\Microsoft Visual Studio\2022\Community\VC\Tools\MSVC\14.44.35207\include\chrono(1353,43):
      veya 'bool std::chrono::operator ==(const std::chrono::year_month_weekday_last &,const std::chrono::year_month_weekday_last &) noexcept' [sentezlenmi┼ş ifade '!(y == x)']
          C:\ShadowStrike\ShadowStrike\src\Shared_modules\Core\Engine\ScanEngine.cpp(242,21):
          'bool std::chrono::operator ==(const std::chrono::year_month_weekday_last &,const std::chrono::year_month_weekday_last &) noexcept' : 1 ba─ş─▒ms─▒z de─şi┼şkeni 'ShadowStrike::SignatureStore::StoreError (__cdecl *)(void) noexcept' de─şerinden 'const std::chrono::year_month_weekday_last &' de─şerine d├Ân├╝┼şt├╝r├╝lemez
              C:\ShadowStrike\ShadowStrike\src\Shared_modules\Core\Engine\ScanEngine.cpp(242,62):
              Nedeni: 'overloaded-function' de─şerinden 'const std::chrono::year_month_weekday_last' de─şerine d├Ân├╝┼şt├╝r├╝lemez
              C:\ShadowStrike\ShadowStrike\src\Shared_modules\Core\Engine\ScanEngine.cpp(242,62):
              'std::chrono::year_month_weekday_last::year_month_weekday_last': hi├ğbir a┼ş─▒r─▒ y├╝klenmi┼ş i┼şlev t├╝m arg├╝man t├╝rlerini d├Ân├╝┼şt├╝remez
                  C:\Program Files\Microsoft Visual Studio\2022\Community\VC\Tools\MSVC\14.44.35207\include\chrono(1351,5):
                  'std::chrono::year_month_weekday_last::year_month_weekday_last(std::chrono::year_month_weekday_last &&)' olabilirdi
                      C:\ShadowStrike\ShadowStrike\src\Shared_modules\Core\Engine\ScanEngine.cpp(242,62):
                      'std::chrono::year_month_weekday_last::year_month_weekday_last(std::chrono::year_month_weekday_last &&)' : 1 ba─ş─▒ms─▒z de─şi┼şkeni 'ShadowStrike::SignatureStore::StoreError (__cdecl *)(void) noexcept' de─şerinden 'std::chrono::year_month_weekday_last &&' de─şerine d├Ân├╝┼şt├╝r├╝lemez
                          C:\ShadowStrike\ShadowStrike\src\Shared_modules\Core\Engine\ScanEngine.cpp(242,62):
                          Nedeni: 'overloaded-function' de─şerinden 'std::chrono::year_month_weekday_last' de─şerine d├Ân├╝┼şt├╝r├╝lemez
                          C:\ShadowStrike\ShadowStrike\src\Shared_modules\Core\Engine\ScanEngine.cpp(242,62):
                          D├Ân├╝┼şt├╝rme ikinci bir kullan─▒c─▒ tan─▒ml─▒ d├Ân├╝┼şt├╝rme i┼şleci veya olu┼şturucu gerektiriyor
                  C:\Program Files\Microsoft Visual Studio\2022\Community\VC\Tools\MSVC\14.44.35207\include\chrono(1351,5):
                  veya       'std::chrono::year_month_weekday_last::year_month_weekday_last(const std::chrono::year_month_weekday_last &)'
                      C:\ShadowStrike\ShadowStrike\src\Shared_modules\Core\Engine\ScanEngine.cpp(242,62):
                      'std::chrono::year_month_weekday_last::year_month_weekday_last(const std::chrono::year_month_weekday_last &)' : 1 ba─ş─▒ms─▒z de─şi┼şkeni 'ShadowStrike::SignatureStore::StoreError (__cdecl *)(void) noexcept' de─şerinden 'const std::chrono::year_month_weekday_last &' de─şerine d├Ân├╝┼şt├╝r├╝lemez
                          C:\ShadowStrike\ShadowStrike\src\Shared_modules\Core\Engine\ScanEngine.cpp(242,62):
                          Nedeni: 'overloaded-function' de─şerinden 'const std::chrono::year_month_weekday_last' de─şerine d├Ân├╝┼şt├╝r├╝lemez
                          C:\ShadowStrike\ShadowStrike\src\Shared_modules\Core\Engine\ScanEngine.cpp(242,62):
                          D├Ân├╝┼şt├╝rme ikinci bir kullan─▒c─▒ tan─▒ml─▒ d├Ân├╝┼şt├╝rme i┼şleci veya olu┼şturucu gerektiriyor
                  C:\ShadowStrike\ShadowStrike\src\Shared_modules\Core\Engine\ScanEngine.cpp(242,62):
                  '(overloaded-function)' ba─ş─▒ms─▒z de─şi┼şken listesi e┼şlenmeye ├ğal─▒┼ş─▒l─▒rken
      C:\Program Files\Microsoft Visual Studio\2022\Community\VC\Tools\MSVC\14.44.35207\include\chrono(1943,40):
      veya 'bool std::chrono::operator ==(const std::chrono::time_zone &,const std::chrono::time_zone &) noexcept' [sentezlenmi┼ş ifade '!(y == x)']
          C:\ShadowStrike\ShadowStrike\src\Shared_modules\Core\Engine\ScanEngine.cpp(242,21):
          'bool std::chrono::operator ==(const std::chrono::time_zone &,const std::chrono::time_zone &) noexcept' : 1 ba─ş─▒ms─▒z de─şi┼şkeni 'ShadowStrike::SignatureStore::StoreError (__cdecl *)(void) noexcept' de─şerinden 'const std::chrono::time_zone &' de─şerine d├Ân├╝┼şt├╝r├╝lemez
              C:\ShadowStrike\ShadowStrike\src\Shared_modules\Core\Engine\ScanEngine.cpp(242,62):
              Nedeni: 'overloaded-function' de─şerinden 'const std::chrono::time_zone' de─şerine d├Ân├╝┼şt├╝r├╝lemez
              C:\ShadowStrike\ShadowStrike\src\Shared_modules\Core\Engine\ScanEngine.cpp(242,62):
              'std::chrono::time_zone::time_zone': hi├ğbir a┼ş─▒r─▒ y├╝klenmi┼ş i┼şlev t├╝m arg├╝man t├╝rlerini d├Ân├╝┼şt├╝remez
                  C:\Program Files\Microsoft Visual Studio\2022\Community\VC\Tools\MSVC\14.44.35207\include\chrono(1941,5):
                  'std::chrono::time_zone::time_zone(const std::chrono::time_zone &)' olabilirdi
                      C:\ShadowStrike\ShadowStrike\src\Shared_modules\Core\Engine\ScanEngine.cpp(242,62):
                      'std::chrono::time_zone::time_zone(const std::chrono::time_zone &)' : 1 ba─ş─▒ms─▒z de─şi┼şkeni 'ShadowStrike::SignatureStore::StoreError (__cdecl *)(void) noexcept' de─şerinden 'const std::chrono::time_zone &' de─şerine d├Ân├╝┼şt├╝r├╝lemez
                          C:\ShadowStrike\ShadowStrike\src\Shared_modules\Core\Engine\ScanEngine.cpp(242,62):
                          Nedeni: 'overloaded-function' de─şerinden 'const std::chrono::time_zone' de─şerine d├Ân├╝┼şt├╝r├╝lemez
                          C:\ShadowStrike\ShadowStrike\src\Shared_modules\Core\Engine\ScanEngine.cpp(242,62):
                          D├Ân├╝┼şt├╝rme ikinci bir kullan─▒c─▒ tan─▒ml─▒ d├Ân├╝┼şt├╝rme i┼şleci veya olu┼şturucu gerektiriyor
                  C:\Program Files\Microsoft Visual Studio\2022\Community\VC\Tools\MSVC\14.44.35207\include\chrono(1789,9):
                  veya       'std::chrono::time_zone::time_zone(std::chrono::time_zone &&)'
                      C:\ShadowStrike\ShadowStrike\src\Shared_modules\Core\Engine\ScanEngine.cpp(242,62):
                      'std::chrono::time_zone::time_zone(std::chrono::time_zone &&)' : 1 ba─ş─▒ms─▒z de─şi┼şkeni 'ShadowStrike::SignatureStore::StoreError (__cdecl *)(void) noexcept' de─şerinden 'std::chrono::time_zone &&' de─şerine d├Ân├╝┼şt├╝r├╝lemez
                          C:\ShadowStrike\ShadowStrike\src\Shared_modules\Core\Engine\ScanEngine.cpp(242,62):
                          Nedeni: 'overloaded-function' de─şerinden 'std::chrono::time_zone' de─şerine d├Ân├╝┼şt├╝r├╝lemez
                          C:\ShadowStrike\ShadowStrike\src\Shared_modules\Core\Engine\ScanEngine.cpp(242,62):
                          D├Ân├╝┼şt├╝rme ikinci bir kullan─▒c─▒ tan─▒ml─▒ d├Ân├╝┼şt├╝rme i┼şleci veya olu┼şturucu gerektiriyor
                  C:\ShadowStrike\ShadowStrike\src\Shared_modules\Core\Engine\ScanEngine.cpp(242,62):
                  '(overloaded-function)' ba─ş─▒ms─▒z de─şi┼şken listesi e┼şlenmeye ├ğal─▒┼ş─▒l─▒rken
      C:\Program Files\Microsoft Visual Studio\2022\Community\VC\Tools\MSVC\14.44.35207\include\chrono(2078,40):
      veya 'bool std::chrono::operator ==(const std::chrono::time_zone_link &,const std::chrono::time_zone_link &) noexcept' [sentezlenmi┼ş ifade '!(y == x)']
          C:\ShadowStrike\ShadowStrike\src\Shared_modules\Core\Engine\ScanEngine.cpp(242,21):
          'bool std::chrono::operator ==(const std::chrono::time_zone_link &,const std::chrono::time_zone_link &) noexcept' : 1 ba─ş─▒ms─▒z de─şi┼şkeni 'ShadowStrike::SignatureStore::StoreError (__cdecl *)(void) noexcept' de─şerinden 'const std::chrono::time_zone_link &' de─şerine d├Ân├╝┼şt├╝r├╝lemez
              C:\ShadowStrike\ShadowStrike\src\Shared_modules\Core\Engine\ScanEngine.cpp(242,62):
              Nedeni: 'overloaded-function' de─şerinden 'const std::chrono::time_zone_link' de─şerine d├Ân├╝┼şt├╝r├╝lemez
              C:\ShadowStrike\ShadowStrike\src\Shared_modules\Core\Engine\ScanEngine.cpp(242,62):
              'std::chrono::time_zone_link::time_zone_link': hi├ğbir a┼ş─▒r─▒ y├╝klenmi┼ş i┼şlev t├╝m arg├╝man t├╝rlerini d├Ân├╝┼şt├╝remez
                  C:\Program Files\Microsoft Visual Studio\2022\Community\VC\Tools\MSVC\14.44.35207\include\chrono(2076,5):
                  'std::chrono::time_zone_link::time_zone_link(const std::chrono::time_zone_link &)' olabilirdi
                      C:\ShadowStrike\ShadowStrike\src\Shared_modules\Core\Engine\ScanEngine.cpp(242,62):
                      'std::chrono::time_zone_link::time_zone_link(const std::chrono::time_zone_link &)' : 1 ba─ş─▒ms─▒z de─şi┼şkeni 'ShadowStrike::SignatureStore::StoreError (__cdecl *)(void) noexcept' de─şerinden 'const std::chrono::time_zone_link &' de─şerine d├Ân├╝┼şt├╝r├╝lemez
                          C:\ShadowStrike\ShadowStrike\src\Shared_modules\Core\Engine\ScanEngine.cpp(242,62):
                          Nedeni: 'overloaded-function' de─şerinden 'const std::chrono::time_zone_link' de─şerine d├Ân├╝┼şt├╝r├╝lemez
                          C:\ShadowStrike\ShadowStrike\src\Shared_modules\Core\Engine\ScanEngine.cpp(242,62):
                          D├Ân├╝┼şt├╝rme ikinci bir kullan─▒c─▒ tan─▒ml─▒ d├Ân├╝┼şt├╝rme i┼şleci veya olu┼şturucu gerektiriyor
                  C:\Program Files\Microsoft Visual Studio\2022\Community\VC\Tools\MSVC\14.44.35207\include\chrono(2062,9):
                  veya       'std::chrono::time_zone_link::time_zone_link(std::chrono::time_zone_link &&)'
                      C:\ShadowStrike\ShadowStrike\src\Shared_modules\Core\Engine\ScanEngine.cpp(242,62):
                      'std::chrono::time_zone_link::time_zone_link(std::chrono::time_zone_link &&)' : 1 ba─ş─▒ms─▒z de─şi┼şkeni 'ShadowStrike::SignatureStore::StoreError (__cdecl *)(void) noexcept' de─şerinden 'std::chrono::time_zone_link &&' de─şerine d├Ân├╝┼şt├╝r├╝lemez
                          C:\ShadowStrike\ShadowStrike\src\Shared_modules\Core\Engine\ScanEngine.cpp(242,62):
                          Nedeni: 'overloaded-function' de─şerinden 'std::chrono::time_zone_link' de─şerine d├Ân├╝┼şt├╝r├╝lemez
                          C:\ShadowStrike\ShadowStrike\src\Shared_modules\Core\Engine\ScanEngine.cpp(242,62):
                          D├Ân├╝┼şt├╝rme ikinci bir kullan─▒c─▒ tan─▒ml─▒ d├Ân├╝┼şt├╝rme i┼şleci veya olu┼şturucu gerektiriyor
                  C:\ShadowStrike\ShadowStrike\src\Shared_modules\Core\Engine\ScanEngine.cpp(242,62):
                  '(overloaded-function)' ba─ş─▒ms─▒z de─şi┼şken listesi e┼şlenmeye ├ğal─▒┼ş─▒l─▒rken
      C:\Program Files\Microsoft Visual Studio\2022\Community\VC\Tools\MSVC\14.44.35207\include\__msvc_chrono.hpp(372,31):
      veya 'bool std::chrono::operator ==(const std::chrono::duration<_Rep,_Period> &,const std::chrono::duration<_Rep2,_Period2> &) noexcept(<expr>)' [yeniden yaz─▒lan ifade '!(x == y)']
          C:\ShadowStrike\ShadowStrike\src\Shared_modules\Core\Engine\ScanEngine.cpp(242,21):
          'bool std::chrono::operator ==(const std::chrono::duration<_Rep,_Period> &,const std::chrono::duration<_Rep2,_Period2> &) noexcept(<expr>)': ┼şablon ba─ş─▒ms─▒z de─şi┼şkeni ('const std::chrono::duration<_Rep,_Period> &' i├ğin, 'ShadowStrike::SignatureStore::StoreError' ├Â─şesinden) anla┼ş─▒lamad─▒
      C:\Program Files\Microsoft Visual Studio\2022\Community\VC\Tools\MSVC\14.44.35207\include\__msvc_chrono.hpp(561,31):
      veya 'bool std::chrono::operator ==(const std::chrono::time_point<_Clock,_Duration> &,const std::chrono::time_point<_Clock,_Duration2> &) noexcept(<expr>)' [yeniden yaz─▒lan ifade '!(x == y)']
          C:\ShadowStrike\ShadowStrike\src\Shared_modules\Core\Engine\ScanEngine.cpp(242,21):
          'bool std::chrono::operator ==(const std::chrono::time_point<_Clock,_Duration> &,const std::chrono::time_point<_Clock,_Duration2> &) noexcept(<expr>)': ┼şablon ba─ş─▒ms─▒z de─şi┼şkeni ('const std::chrono::time_point<_Clock,_Duration> &' i├ğin, 'ShadowStrike::SignatureStore::StoreError' ├Â─şesinden) anla┼ş─▒lamad─▒
      C:\Program Files\Microsoft Visual Studio\2022\Community\VC\Tools\MSVC\14.44.35207\include\chrono(2600,21):
      veya 'bool std::chrono::operator ==(const std::chrono::zoned_time<_Duration,_TimeZonePtr2> &,const std::chrono::zoned_time<_Duration2,_TimeZonePtr> &)' [yeniden yaz─▒lan ifade '!(x == y)']
          C:\ShadowStrike\ShadowStrike\src\Shared_modules\Core\Engine\ScanEngine.cpp(242,21):
          'bool std::chrono::operator ==(const std::chrono::zoned_time<_Duration,_TimeZonePtr2> &,const std::chrono::zoned_time<_Duration2,_TimeZonePtr> &)': ┼şablon ba─ş─▒ms─▒z de─şi┼şkeni ('const std::chrono::zoned_time<_Duration,_TimeZonePtr2> &' i├ğin, 'ShadowStrike::SignatureStore::StoreError' ├Â─şesinden) anla┼ş─▒lamad─▒
      C:\Program Files\Microsoft Visual Studio\2022\Community\VC\Tools\MSVC\14.44.35207\include\__msvc_chrono.hpp(372,31):
      veya 'bool std::chrono::operator ==(const std::chrono::duration<_Rep,_Period> &,const std::chrono::duration<_Rep2,_Period2> &) noexcept(<expr>)' [sentezlenmi┼ş ifade '!(y == x)']
          C:\ShadowStrike\ShadowStrike\src\Shared_modules\Core\Engine\ScanEngine.cpp(242,21):
          'bool std::chrono::operator ==(const std::chrono::duration<_Rep,_Period> &,const std::chrono::duration<_Rep2,_Period2> &) noexcept(<expr>)': ┼şablon ba─ş─▒ms─▒z de─şi┼şkeni ('const std::chrono::duration<_Rep,_Period>' i├ğin, 'ShadowStrike::SignatureStore::StoreError (void) noexcept' ├Â─şesinden) anla┼ş─▒lamad─▒
          C:\ShadowStrike\ShadowStrike\src\Shared_modules\Core\Engine\ScanEngine.cpp(242,21):
          'bool std::chrono::operator ==(const std::chrono::duration<_Rep,_Period> &,const std::chrono::duration<_Rep2,_Period2> &) noexcept(<expr>)': ┼şablon ba─ş─▒ms─▒z de─şi┼şkeni ('const std::chrono::duration<_Rep,_Period> &' i├ğin, 'overloaded-function' ├Â─şesinden) anla┼ş─▒lamad─▒
      C:\Program Files\Microsoft Visual Studio\2022\Community\VC\Tools\MSVC\14.44.35207\include\__msvc_chrono.hpp(561,31):
      veya 'bool std::chrono::operator ==(const std::chrono::time_point<_Clock,_Duration> &,const std::chrono::time_point<_Clock,_Duration2> &) noexcept(<expr>)' [sentezlenmi┼ş ifade '!(y == x)']
          C:\ShadowStrike\ShadowStrike\src\Shared_modules\Core\Engine\ScanEngine.cpp(242,21):
          'bool std::chrono::operator ==(const std::chrono::time_point<_Clock,_Duration> &,const std::chrono::time_point<_Clock,_Duration2> &) noexcept(<expr>)': ┼şablon ba─ş─▒ms─▒z de─şi┼şkeni ('const std::chrono::time_point<_Clock,_Duration>' i├ğin, 'ShadowStrike::SignatureStore::StoreError (void) noexcept' ├Â─şesinden) anla┼ş─▒lamad─▒
          C:\ShadowStrike\ShadowStrike\src\Shared_modules\Core\Engine\ScanEngine.cpp(242,21):
          'bool std::chrono::operator ==(const std::chrono::time_point<_Clock,_Duration> &,const std::chrono::time_point<_Clock,_Duration2> &) noexcept(<expr>)': ┼şablon ba─ş─▒ms─▒z de─şi┼şkeni ('const std::chrono::time_point<_Clock,_Duration> &' i├ğin, 'overloaded-function' ├Â─şesinden) anla┼ş─▒lamad─▒
      C:\Program Files\Microsoft Visual Studio\2022\Community\VC\Tools\MSVC\14.44.35207\include\chrono(2600,21):
      veya 'bool std::chrono::operator ==(const std::chrono::zoned_time<_Duration,_TimeZonePtr2> &,const std::chrono::zoned_time<_Duration2,_TimeZonePtr> &)' [sentezlenmi┼ş ifade '!(y == x)']
          C:\ShadowStrike\ShadowStrike\src\Shared_modules\Core\Engine\ScanEngine.cpp(242,21):
          'bool std::chrono::operator ==(const std::chrono::zoned_time<_Duration,_TimeZonePtr2> &,const std::chrono::zoned_time<_Duration2,_TimeZonePtr> &)': ┼şablon ba─ş─▒ms─▒z de─şi┼şkeni ('const std::chrono::zoned_time<_Duration,_TimeZonePtr2>' i├ğin, 'ShadowStrike::SignatureStore::StoreError (void) noexcept' ├Â─şesinden) anla┼ş─▒lamad─▒
          C:\ShadowStrike\ShadowStrike\src\Shared_modules\Core\Engine\ScanEngine.cpp(242,21):
          'bool std::chrono::operator ==(const std::chrono::zoned_time<_Duration,_TimeZonePtr2> &,const std::chrono::zoned_time<_Duration2,_TimeZonePtr> &)': ┼şablon ba─ş─▒ms─▒z de─şi┼şkeni ('const std::chrono::zoned_time<_Duration,_TimeZonePtr2> &' i├ğin, 'overloaded-function' ├Â─şesinden) anla┼ş─▒lamad─▒
      C:\ShadowStrike\ShadowStrike\src\Shared_modules\Core\Engine\ScanEngine.cpp(242,21):
      '(ShadowStrike::SignatureStore::StoreError, overloaded-function)' ba─ş─▒ms─▒z de─şi┼şken listesi e┼şlenmeye ├ğal─▒┼ş─▒l─▒rken
  
C:\ShadowStrike\ShadowStrike\src\Shared_modules\Core\Engine\ScanEngine.cpp(244,25): error C2440: 'static_cast': 'ShadowStrike::SignatureStore::StoreError' - 'int' d├Ân├╝┼ş├╝m├╝ yap─▒lam─▒yor [C:\ShadowStrike\ShadowStrike\ShadowStrike.vcxproj]
  ('/src/Shared_modules/Core/Engine/ScanEngine.cpp' kaynak dosyas─▒ derleniyor)
      C:\ShadowStrike\ShadowStrike\src\Shared_modules\Core\Engine\ScanEngine.cpp(244,25):
      Bu d├Ân├╝┼şt├╝rmeyi ger├ğekle┼ştirecek kullan─▒c─▒ tan─▒ml─▒ d├Ân├╝┼şt├╝rme i┼şleci yok veya i┼şle├ğ ├ğa─şr─▒lam─▒yor
  
C:\ShadowStrike\ShadowStrike\src\Shared_modules\Core\Engine\ScanEngine.cpp(249,39): error C2039: 'GetSignatureCount': bir 'ShadowStrike::SignatureStore::SignatureStore' ├╝yesi de─şil [C:\ShadowStrike\ShadowStrike\ShadowStrike.vcxproj]
  ('/src/Shared_modules/Core/Engine/ScanEngine.cpp' kaynak dosyas─▒ derleniyor)
      C:\ShadowStrike\ShadowStrike\src\Shared_modules\SignatureStore\SignatureStore.hpp(331,15):
      'ShadowStrike::SignatureStore::SignatureStore' bildirimine bak─▒n
  
C:\ShadowStrike\ShadowStrike\src\Shared_modules\Core\Engine\ScanEngine.cpp(255,34): error C2039: 'ToNarrowString': bir 'ShadowStrike::Utils::StringUtils' ├╝yesi de─şil [C:\ShadowStrike\ShadowStrike\ShadowStrike.vcxproj]
  ('/src/Shared_modules/Core/Engine/ScanEngine.cpp' kaynak dosyas─▒ derleniyor)
      C:\ShadowStrike\ShadowStrike\src\Shared_modules\Utils\StringUtils.hpp(63,19):
      'ShadowStrike::Utils::StringUtils' bildirimine bak─▒n
  
C:\ShadowStrike\ShadowStrike\src\Shared_modules\Core\Engine\ScanEngine.cpp(255,34): error C3861: 'ToNarrowString': tan─▒mlay─▒c─▒ bulunamad─▒ [C:\ShadowStrike\ShadowStrike\ShadowStrike.vcxproj]
  ('/src/Shared_modules/Core/Engine/ScanEngine.cpp' kaynak dosyas─▒ derleniyor)
  
C:\ShadowStrike\ShadowStrike\src\Shared_modules\Core\Engine\ScanEngine.cpp(254,25): error C2660: 'ShadowStrike::Utils::Logger::Info': i┼şlev 2 ba─ş─▒ms─▒z de─şi┼şken alm─▒yor [C:\ShadowStrike\ShadowStrike\ShadowStrike.vcxproj]
  ('/src/Shared_modules/Core/Engine/ScanEngine.cpp' kaynak dosyas─▒ derleniyor)
      C:\ShadowStrike\ShadowStrike\src\Shared_modules\Utils\Logger.hpp(265,16):
      'ShadowStrike::Utils::Logger::Info' bildirimine bak─▒n
      C:\ShadowStrike\ShadowStrike\src\Shared_modules\Utils\Logger.hpp(282,16):
      'void ShadowStrike::Utils::Logger::Info(std::basic_format_string<char,type_identity<_Args>::type...>,Args ...)' olabilirdi
          C:\ShadowStrike\ShadowStrike\src\Shared_modules\Core\Engine\ScanEngine.cpp(254,25):
          'void ShadowStrike::Utils::Logger::Info(std::basic_format_string<char,type_identity<_Args>::type...>,Args ...)' i┼şlev ┼şablonu ├Âzelle┼ştirilemedi
              C:\ShadowStrike\ShadowStrike\src\Shared_modules\Core\Engine\ScanEngine.cpp(254,25):
              ┼Şu ┼şablon ba─ş─▒ms─▒z de─şi┼şkenleriyle:
                  C:\ShadowStrike\ShadowStrike\src\Shared_modules\Core\Engine\ScanEngine.cpp(254,25):
                  'Args={<error type>}'
      C:\ShadowStrike\ShadowStrike\src\Shared_modules\Core\Engine\ScanEngine.cpp(254,25):
      '(const char [46], <error type>)' ba─ş─▒ms─▒z de─şi┼şken listesi e┼şlenmeye ├ğal─▒┼ş─▒l─▒rken
  
C:\ShadowStrike\ShadowStrike\src\Shared_modules\Core\Engine\ScanEngine.cpp(259,51): error C2039: 'Initialize': bir 'ShadowStrike::Whitelist::WhitelistStore' ├╝yesi de─şil [C:\ShadowStrike\ShadowStrike\ShadowStrike.vcxproj]
  ('/src/Shared_modules/Core/Engine/ScanEngine.cpp' kaynak dosyas─▒ derleniyor)
      C:\ShadowStrike\ShadowStrike\src\Shared_modules\Whitelist\WhiteListStore.hpp(1661,7):
      'ShadowStrike::Whitelist::WhitelistStore' bildirimine bak─▒n
  
C:\ShadowStrike\ShadowStrike\src\Shared_modules\Core\Engine\ScanEngine.cpp(260,21): error C3536: 'wlResult': ba┼şlat─▒lmadan ├Ânce kullan─▒lamaz [C:\ShadowStrike\ShadowStrike\ShadowStrike.vcxproj]
  ('/src/Shared_modules/Core/Engine/ScanEngine.cpp' kaynak dosyas─▒ derleniyor)
  
C:\ShadowStrike\ShadowStrike\src\Shared_modules\Core\Engine\ScanEngine.cpp(260,44): error C3083: 'WhitelistError': '::' i┼şlecinin sonundaki simge bir t├╝r olmal─▒d─▒r [C:\ShadowStrike\ShadowStrike\ShadowStrike.vcxproj]
  ('/src/Shared_modules/Core/Engine/ScanEngine.cpp' kaynak dosyas─▒ derleniyor)
  
C:\ShadowStrike\ShadowStrike\src\Shared_modules\Core\Engine\ScanEngine.cpp(260,60): error C2039: 'Success': bir 'ShadowStrike::Whitelist' ├╝yesi de─şil [C:\ShadowStrike\ShadowStrike\ShadowStrike.vcxproj]
  ('/src/Shared_modules/Core/Engine/ScanEngine.cpp' kaynak dosyas─▒ derleniyor)
      C:\ShadowStrike\ShadowStrike\src\Shared_modules\Core\Engine\BehaviorAnalyzer.hpp(247,15):
      'ShadowStrike::Whitelist' bildirimine bak─▒n
  
C:\ShadowStrike\ShadowStrike\src\Shared_modules\Core\Engine\ScanEngine.cpp(260,60): error C2065: 'Success': bildirimi yap─▒lmam─▒┼ş tan─▒mlay─▒c─▒ [C:\ShadowStrike\ShadowStrike\ShadowStrike.vcxproj]
  ('/src/Shared_modules/Core/Engine/ScanEngine.cpp' kaynak dosyas─▒ derleniyor)
  
C:\ShadowStrike\ShadowStrike\src\Shared_modules\Core\Engine\ScanEngine.cpp(273,34): error C2039: 'ToNarrowString': bir 'ShadowStrike::Utils::StringUtils' ├╝yesi de─şil [C:\ShadowStrike\ShadowStrike\ShadowStrike.vcxproj]
  ('/src/Shared_modules/Core/Engine/ScanEngine.cpp' kaynak dosyas─▒ derleniyor)
      C:\ShadowStrike\ShadowStrike\src\Shared_modules\Utils\StringUtils.hpp(63,19):
      'ShadowStrike::Utils::StringUtils' bildirimine bak─▒n
  
C:\ShadowStrike\ShadowStrike\src\Shared_modules\Core\Engine\ScanEngine.cpp(273,34): error C3861: 'ToNarrowString': tan─▒mlay─▒c─▒ bulunamad─▒ [C:\ShadowStrike\ShadowStrike\ShadowStrike.vcxproj]
  ('/src/Shared_modules/Core/Engine/ScanEngine.cpp' kaynak dosyas─▒ derleniyor)
  
C:\ShadowStrike\ShadowStrike\src\Shared_modules\Core\Engine\ScanEngine.cpp(272,25): error C2660: 'ShadowStrike::Utils::Logger::Info': i┼şlev 2 ba─ş─▒ms─▒z de─şi┼şken alm─▒yor [C:\ShadowStrike\ShadowStrike\ShadowStrike.vcxproj]
  ('/src/Shared_modules/Core/Engine/ScanEngine.cpp' kaynak dosyas─▒ derleniyor)
      C:\ShadowStrike\ShadowStrike\src\Shared_modules\Utils\Logger.hpp(265,16):
      'ShadowStrike::Utils::Logger::Info' bildirimine bak─▒n
      C:\ShadowStrike\ShadowStrike\src\Shared_modules\Utils\Logger.hpp(282,16):
      'void ShadowStrike::Utils::Logger::Info(std::basic_format_string<char,type_identity<_Args>::type...>,Args ...)' olabilirdi
          C:\ShadowStrike\ShadowStrike\src\Shared_modules\Core\Engine\ScanEngine.cpp(272,25):
          'void ShadowStrike::Utils::Logger::Info(std::basic_format_string<char,type_identity<_Args>::type...>,Args ...)' i┼şlev ┼şablonu ├Âzelle┼ştirilemedi
              C:\ShadowStrike\ShadowStrike\src\Shared_modules\Core\Engine\ScanEngine.cpp(272,25):
              ┼Şu ┼şablon ba─ş─▒ms─▒z de─şi┼şkenleriyle:
                  C:\ShadowStrike\ShadowStrike\src\Shared_modules\Core\Engine\ScanEngine.cpp(272,25):
                  'Args={<error type>}'
      C:\ShadowStrike\ShadowStrike\src\Shared_modules\Core\Engine\ScanEngine.cpp(272,25):
      '(const char [51], <error type>)' ba─ş─▒ms─▒z de─şi┼şken listesi e┼şlenmeye ├ğal─▒┼ş─▒l─▒rken
  
C:\ShadowStrike\ShadowStrike\src\Shared_modules\Core\Engine\ScanEngine.cpp(280,50): error C2039: 'Initialize': bir 'ShadowStrike::ThreatIntel::ThreatIntelDatabase' ├╝yesi de─şil [C:\ShadowStrike\ShadowStrike\ShadowStrike.vcxproj]
  ('/src/Shared_modules/Core/Engine/ScanEngine.cpp' kaynak dosyas─▒ derleniyor)
      C:\ShadowStrike\ShadowStrike\src\Shared_modules\ThreatIntel\ThreatIntelDatabase.hpp(298,7):
      'ShadowStrike::ThreatIntel::ThreatIntelDatabase' bildirimine bak─▒n
  
C:\ShadowStrike\ShadowStrike\src\Shared_modules\Core\Engine\ScanEngine.cpp(281,21): error C3536: 'tiResult': ba┼şlat─▒lmadan ├Ânce kullan─▒lamaz [C:\ShadowStrike\ShadowStrike\ShadowStrike.vcxproj]
  ('/src/Shared_modules/Core/Engine/ScanEngine.cpp' kaynak dosyas─▒ derleniyor)
  
C:\ShadowStrike\ShadowStrike\src\Shared_modules\Core\Engine\ScanEngine.cpp(281,64): error C2440: 't├╝r d├Ân├╝┼şt├╝rme': 'ShadowStrike::ThreatIntel::ThreatIntelError' - 'unsigned int' d├Ân├╝┼ş├╝m├╝ yap─▒lam─▒yor [C:\ShadowStrike\ShadowStrike\ShadowStrike.vcxproj]
  ('/src/Shared_modules/Core/Engine/ScanEngine.cpp' kaynak dosyas─▒ derleniyor)
      C:\ShadowStrike\ShadowStrike\src\Shared_modules\Core\Engine\ScanEngine.cpp(281,64):
      Bu d├Ân├╝┼şt├╝rme a├ğ─▒k bir t├╝r d├Ân├╝┼şt├╝rme gerektiriyor (static_cast, C stili t├╝r d├Ân├╝┼şt├╝rme veya parantez i├ğine al─▒nm─▒┼ş i┼şlev stili t├╝r d├Ân├╝┼şt├╝rme)
  
C:\ShadowStrike\ShadowStrike\src\Shared_modules\Core\Engine\ScanEngine.cpp(330,21): error C2280: 'ShadowStrike::Core::Engine::ScanEngine::Impl::InternalStats &ShadowStrike::Core::Engine::ScanEngine::Impl::InternalStats::operator =(const ShadowStrike::Core::Engine::ScanEngine::Impl::InternalStats &)': silinmi┼ş bir i┼şleve ba┼şvurmaya ├ğal─▒┼ş─▒yor [C:\ShadowStrike\ShadowStrike\ShadowStrike.vcxproj]
  ('/src/Shared_modules/Core/Engine/ScanEngine.cpp' kaynak dosyas─▒ derleniyor)
      C:\ShadowStrike\ShadowStrike\src\Shared_modules\Core\Engine\ScanEngine.cpp(196,5):
      derleyici burada 'ShadowStrike::Core::Engine::ScanEngine::Impl::InternalStats::operator =' olu┼şturdu
      C:\ShadowStrike\ShadowStrike\src\Shared_modules\Core\Engine\ScanEngine.cpp(196,5):
      'ShadowStrike::Core::Engine::ScanEngine::Impl::InternalStats &ShadowStrike::Core::Engine::ScanEngine::Impl::InternalStats::operator =(const ShadowStrike::Core::Engine::ScanEngine::Impl::InternalStats &)': veri ├╝yesi, silinmi┼ş veya eri┼şilemeyen 'std::atomic<unsigned __int64> &std::atomic<unsigned __int64>::operator =(const std::atomic<unsigned __int64> &)' i┼şlevini ├ğa─ş─▒rd─▒─ş─▒ndan i┼şlev ├Ârt├╝k olarak silindi
  
C:\ShadowStrike\ShadowStrike\src\Shared_modules\Core\Engine\ScanEngine.cpp(382,30): error C2039: 'Shutdown': bir 'ShadowStrike::ThreatIntel::ThreatIntelDatabase' ├╝yesi de─şil [C:\ShadowStrike\ShadowStrike\ShadowStrike.vcxproj]
  ('/src/Shared_modules/Core/Engine/ScanEngine.cpp' kaynak dosyas─▒ derleniyor)
      C:\ShadowStrike\ShadowStrike\src\Shared_modules\ThreatIntel\ThreatIntelDatabase.hpp(298,7):
      'ShadowStrike::ThreatIntel::ThreatIntelDatabase' bildirimine bak─▒n
  
C:\ShadowStrike\ShadowStrike\src\Shared_modules\Core\Engine\ScanEngine.cpp(387,31): error C2039: 'Shutdown': bir 'ShadowStrike::Whitelist::WhitelistStore' ├╝yesi de─şil [C:\ShadowStrike\ShadowStrike\ShadowStrike.vcxproj]
  ('/src/Shared_modules/Core/Engine/ScanEngine.cpp' kaynak dosyas─▒ derleniyor)
      C:\ShadowStrike\ShadowStrike\src\Shared_modules\Whitelist\WhiteListStore.hpp(1661,7):
      'ShadowStrike::Whitelist::WhitelistStore' bildirimine bak─▒n
  
C:\ShadowStrike\ShadowStrike\src\Shared_modules\Core\Engine\ScanEngine.cpp(392,31): error C2039: 'Shutdown': bir 'ShadowStrike::SignatureStore::SignatureStore' ├╝yesi de─şil [C:\ShadowStrike\ShadowStrike\ShadowStrike.vcxproj]
  ('/src/Shared_modules/Core/Engine/ScanEngine.cpp' kaynak dosyas─▒ derleniyor)
      C:\ShadowStrike\ShadowStrike\src\Shared_modules\SignatureStore\SignatureStore.hpp(331,15):
      'ShadowStrike::SignatureStore::SignatureStore' bildirimine bak─▒n
  
C:\ShadowStrike\ShadowStrike\src\Shared_modules\Core\FileSystem\MediaFileScanner.hpp(129,5): error C2143: s├Âzdizimi hatas─▒: '}' eksik ('(' ├Âncesinde) [C:\ShadowStrike\ShadowStrike\ShadowStrike.vcxproj]
  ('/src/Shared_modules/Core/FileSystem/MediaFileScanner.cpp' kaynak dosyas─▒ derleniyor)
  
C:\ShadowStrike\ShadowStrike\src\Shared_modules\Core\FileSystem\MediaFileScanner.hpp(129,5): error C2059: s├Âzdizimi hatas─▒: '-' [C:\ShadowStrike\ShadowStrike\ShadowStrike.vcxproj]
  ('/src/Shared_modules/Core/FileSystem/MediaFileScanner.cpp' kaynak dosyas─▒ derleniyor)
  
C:\ShadowStrike\ShadowStrike\src\Shared_modules\Core\FileSystem\MediaFileScanner.hpp(132,1): error C2143: s├Âzdizimi hatas─▒: ';' eksik ('}' ├Âncesinde) [C:\ShadowStrike\ShadowStrike\ShadowStrike.vcxproj]
  ('/src/Shared_modules/Core/FileSystem/MediaFileScanner.cpp' kaynak dosyas─▒ derleniyor)
  
C:\ShadowStrike\ShadowStrike\src\Shared_modules\Core\FileSystem\MediaFileScanner.hpp(187,20): error C3646: 'technique': bilinmeyen ge├ğersiz k─▒lma belirticisi [C:\ShadowStrike\ShadowStrike\ShadowStrike.vcxproj]
  ('/src/Shared_modules/Core/FileSystem/MediaFileScanner.cpp' kaynak dosyas─▒ derleniyor)
  
C:\ShadowStrike\ShadowStrike\src\Shared_modules\Core\FileSystem\MediaFileScanner.hpp(187,29): error C2059: s├Âzdizimi hatas─▒: '{' [C:\ShadowStrike\ShadowStrike\ShadowStrike.vcxproj]
  ('/src/Shared_modules/Core/FileSystem/MediaFileScanner.cpp' kaynak dosyas─▒ derleniyor)
  
C:\ShadowStrike\ShadowStrike\src\Shared_modules\Core\FileSystem\MediaFileScanner.hpp(187,29): error C2334: '{' ├Âncesinde beklenmeyen belirte├ğler; g├Âr├╝nen i┼şlev g├Âvdesi atlan─▒yor [C:\ShadowStrike\ShadowStrike\ShadowStrike.vcxproj]
  ('/src/Shared_modules/Core/FileSystem/MediaFileScanner.cpp' kaynak dosyas─▒ derleniyor)
  
C:\ShadowStrike\ShadowStrike\src\Shared_modules\Core\FileSystem\MediaFileScanner.hpp(213,15): error C3646: 'mediaType': bilinmeyen ge├ğersiz k─▒lma belirticisi [C:\ShadowStrike\ShadowStrike\ShadowStrike.vcxproj]
  ('/src/Shared_modules/Core/FileSystem/MediaFileScanner.cpp' kaynak dosyas─▒ derleniyor)
  
C:\ShadowStrike\ShadowStrike\src\Shared_modules\Core\FileSystem\MediaFileScanner.hpp(213,24): error C2059: s├Âzdizimi hatas─▒: '{' [C:\ShadowStrike\ShadowStrike\ShadowStrike.vcxproj]
  ('/src/Shared_modules/Core/FileSystem/MediaFileScanner.cpp' kaynak dosyas─▒ derleniyor)
  
C:\ShadowStrike\ShadowStrike\src\Shared_modules\Core\FileSystem\MediaFileScanner.hpp(213,24): error C2334: '{' ├Âncesinde beklenmeyen belirte├ğler; g├Âr├╝nen i┼şlev g├Âvdesi atlan─▒yor [C:\ShadowStrike\ShadowStrike\ShadowStrike.vcxproj]
  ('/src/Shared_modules/Core/FileSystem/MediaFileScanner.cpp' kaynak dosyas─▒ derleniyor)
  
C:\ShadowStrike\ShadowStrike\src\Shared_modules\Core\FileSystem\MediaFileScanner.hpp(316,21): error C2065: 'MediaFileScannerImpl': bildirimi yap─▒lmam─▒┼ş tan─▒mlay─▒c─▒ [C:\ShadowStrike\ShadowStrike\ShadowStrike.vcxproj]
  ('/src/Shared_modules/Core/FileSystem/MediaFileScanner.cpp' kaynak dosyas─▒ derleniyor)
  
C:\ShadowStrike\ShadowStrike\src\Shared_modules\Core\FileSystem\MediaFileScanner.hpp(316,10): error C2923: 'std::unique_ptr': 'MediaFileScannerImpl' ge├ğerli bir ┼şablon t├╝r ba─ş─▒ms─▒z de─şi┼şkeni de─şil ('_Ty' parametresi i├ğin) [C:\ShadowStrike\ShadowStrike\ShadowStrike.vcxproj]
  ('/src/Shared_modules/Core/FileSystem/MediaFileScanner.cpp' kaynak dosyas─▒ derleniyor)
      C:\ShadowStrike\ShadowStrike\src\Shared_modules\Core\FileSystem\MediaFileScanner.hpp(316,21):
      'MediaFileScannerImpl' bildirimine bak─▒n
  
C:\ShadowStrike\ShadowStrike\src\Shared_modules\Core\FileSystem\MediaFileScanner.hpp(316,10): error C2976: 'std::unique_ptr': ├ğok az say─▒da ┼şablon ba─ş─▒ms─▒z de─şi┼şkeni var [C:\ShadowStrike\ShadowStrike\ShadowStrike.vcxproj]
  ('/src/Shared_modules/Core/FileSystem/MediaFileScanner.cpp' kaynak dosyas─▒ derleniyor)
      C:\Program Files\Microsoft Visual Studio\2022\Community\VC\Tools\MSVC\14.44.35207\include\memory(3347,7):
      'std::unique_ptr' bildirimine bak─▒n
  
C:\ShadowStrike\ShadowStrike\src\Shared_modules\Core\FileSystem\MediaFileScanner.hpp(316,43): error C2955: 'std::unique_ptr' : s─▒n─▒f ┼şablon kullan─▒m─▒ i├ğin ┼şablon ba─ş─▒ms─▒z de─şi┼şken listesi gerekir [C:\ShadowStrike\ShadowStrike\ShadowStrike.vcxproj]
  ('/src/Shared_modules/Core/FileSystem/MediaFileScanner.cpp' kaynak dosyas─▒ derleniyor)
      C:\Program Files\Microsoft Visual Studio\2022\Community\VC\Tools\MSVC\14.44.35207\include\memory(3347,7):
      'std::unique_ptr' bildirimine bak─▒n
  
C:\ShadowStrike\ShadowStrike\src\Shared_modules\Core\FileSystem\MediaFileScanner.hpp(321,1): error C2059: s├Âzdizimi hatas─▒: '}' [C:\ShadowStrike\ShadowStrike\ShadowStrike.vcxproj]
  ('/src/Shared_modules/Core/FileSystem/MediaFileScanner.cpp' kaynak dosyas─▒ derleniyor)
  
C:\ShadowStrike\ShadowStrike\src\Shared_modules\Core\FileSystem\MediaFileScanner.hpp(321,1): error C2143: s├Âzdizimi hatas─▒: ';' eksik ('}' ├Âncesinde) [C:\ShadowStrike\ShadowStrike\ShadowStrike.vcxproj]
  ('/src/Shared_modules/Core/FileSystem/MediaFileScanner.cpp' kaynak dosyas─▒ derleniyor)
  
C:\Program Files (x86)\Windows Kits\10\Include\10.0.26100.0\um\winternl.h(43,12): error C2143: s├Âzdizimi hatas─▒: ';' eksik ('{' ├Âncesinde) [C:\ShadowStrike\ShadowStrike\ShadowStrike.vcxproj]
  ('/src/Shared_modules/Core/FileSystem/MediaFileScanner.cpp' kaynak dosyas─▒ derleniyor)
  
C:\Program Files (x86)\Windows Kits\10\Include\10.0.26100.0\um\winternl.h(43,12): error C2447: '{': i┼şlev ├╝stbilgisi eksik (eski tarzda bi├ğimsel liste mi?) [C:\ShadowStrike\ShadowStrike\ShadowStrike.vcxproj]
  ('/src/Shared_modules/Core/FileSystem/MediaFileScanner.cpp' kaynak dosyas─▒ derleniyor)
  
C:\ShadowStrike\ShadowStrike\src\Shared_modules\Core\Engine\ScanEngine.cpp(516,42): error C2664: 'void ShadowStrike::Utils::StringUtils::ToLower(std::wstring &) noexcept' : 1 ba─ş─▒ms─▒z de─şi┼şkeni 'const std::wstring' de─şerinden 'std::wstring &' de─şerine d├Ân├╝┼şt├╝r├╝lemez [C:\ShadowStrike\ShadowStrike\ShadowStrike.vcxproj]
  ('/src/Shared_modules/Core/Engine/ScanEngine.cpp' kaynak dosyas─▒ derleniyor)
      C:\ShadowStrike\ShadowStrike\src\Shared_modules\Core\Engine\ScanEngine.cpp(516,50):
      D├Ân├╝┼şt├╝rme niteleyicileri kaybediyor
      C:\ShadowStrike\ShadowStrike\src\Shared_modules\Utils\StringUtils.hpp(102,18):
      'ShadowStrike::Utils::StringUtils::ToLower' bildirimine bak─▒n
      C:\ShadowStrike\ShadowStrike\src\Shared_modules\Core\Engine\ScanEngine.cpp(516,42):
      '(const std::wstring)' ba─ş─▒ms─▒z de─şi┼şken listesi e┼şlenmeye ├ğal─▒┼ş─▒l─▒rken
  
C:\ShadowStrike\ShadowStrike\src\Shared_modules\Core\Engine\ScanEngine.cpp(516,72): error C2664: 'void ShadowStrike::Utils::StringUtils::ToLower(std::wstring &) noexcept' : 1 ba─ş─▒ms─▒z de─şi┼şkeni 'const std::wstring' de─şerinden 'std::wstring &' de─şerine d├Ân├╝┼şt├╝r├╝lemez [C:\ShadowStrike\ShadowStrike\ShadowStrike.vcxproj]
  ('/src/Shared_modules/Core/Engine/ScanEngine.cpp' kaynak dosyas─▒ derleniyor)
      C:\ShadowStrike\ShadowStrike\src\Shared_modules\Core\Engine\ScanEngine.cpp(516,84):
      D├Ân├╝┼şt├╝rme niteleyicileri kaybediyor
      C:\ShadowStrike\ShadowStrike\src\Shared_modules\Utils\StringUtils.hpp(102,18):
      'ShadowStrike::Utils::StringUtils::ToLower' bildirimine bak─▒n
      C:\ShadowStrike\ShadowStrike\src\Shared_modules\Core\Engine\ScanEngine.cpp(516,72):
      '(const std::wstring)' ba─ş─▒ms─▒z de─şi┼şken listesi e┼şlenmeye ├ğal─▒┼ş─▒l─▒rken
  
C:\ShadowStrike\ShadowStrike\src\Shared_modules\Core\Engine\ScanEngine.cpp(516,56): error C2186: '==': bir i┼şlenen 'void' t├╝r├╝ne sahip olamaz [C:\ShadowStrike\ShadowStrike\ShadowStrike.vcxproj]
  ('/src/Shared_modules/Core/Engine/ScanEngine.cpp' kaynak dosyas─▒ derleniyor)
  
C:\ShadowStrike\ShadowStrike\src\Shared_modules\Core\Engine\ScanEngine.cpp(527,55): error C2664: 'void ShadowStrike::Utils::StringUtils::ToLower(std::wstring &) noexcept' : 1 ba─ş─▒ms─▒z de─şi┼şkeni 'const std::wstring' de─şerinden 'std::wstring &' de─şerine d├Ân├╝┼şt├╝r├╝lemez [C:\ShadowStrike\ShadowStrike\ShadowStrike.vcxproj]
  ('/src/Shared_modules/Core/Engine/ScanEngine.cpp' kaynak dosyas─▒ derleniyor)
      C:\ShadowStrike\ShadowStrike\src\Shared_modules\Core\Engine\ScanEngine.cpp(527,63):
      D├Ân├╝┼şt├╝rme niteleyicileri kaybediyor
      C:\ShadowStrike\ShadowStrike\src\Shared_modules\Utils\StringUtils.hpp(102,18):
      'ShadowStrike::Utils::StringUtils::ToLower' bildirimine bak─▒n
      C:\ShadowStrike\ShadowStrike\src\Shared_modules\Core\Engine\ScanEngine.cpp(527,55):
      '(const std::wstring)' ba─ş─▒ms─▒z de─şi┼şken listesi e┼şlenmeye ├ğal─▒┼ş─▒l─▒rken
  
C:\ShadowStrike\ShadowStrike\src\Shared_modules\Core\Engine\ScanEngine.cpp(527,40): error C3313: 'lowerPath': de─şi┼şken 'void' t├╝r├╝ne sahip olamaz [C:\ShadowStrike\ShadowStrike\ShadowStrike.vcxproj]
  ('/src/Shared_modules/Core/Engine/ScanEngine.cpp' kaynak dosyas─▒ derleniyor)
  
C:\ShadowStrike\ShadowStrike\src\Shared_modules\Core\Engine\ScanEngine.cpp(528,58): error C2664: 'void ShadowStrike::Utils::StringUtils::ToLower(std::wstring &) noexcept' : 1 ba─ş─▒ms─▒z de─şi┼şkeni 'const std::wstring' de─şerinden 'std::wstring &' de─şerine d├Ân├╝┼şt├╝r├╝lemez [C:\ShadowStrike\ShadowStrike\ShadowStrike.vcxproj]
  ('/src/Shared_modules/Core/Engine/ScanEngine.cpp' kaynak dosyas─▒ derleniyor)
      C:\ShadowStrike\ShadowStrike\src\Shared_modules\Core\Engine\ScanEngine.cpp(528,70):
      D├Ân├╝┼şt├╝rme niteleyicileri kaybediyor
      C:\ShadowStrike\ShadowStrike\src\Shared_modules\Utils\StringUtils.hpp(102,18):
      'ShadowStrike::Utils::StringUtils::ToLower' bildirimine bak─▒n
      C:\ShadowStrike\ShadowStrike\src\Shared_modules\Core\Engine\ScanEngine.cpp(528,58):
      '(const std::wstring)' ba─ş─▒ms─▒z de─şi┼şken listesi e┼şlenmeye ├ğal─▒┼ş─▒l─▒rken
  
C:\ShadowStrike\ShadowStrike\src\Shared_modules\Core\Engine\ScanEngine.cpp(528,43): error C3313: 'lowerPattern': de─şi┼şken 'void' t├╝r├╝ne sahip olamaz [C:\ShadowStrike\ShadowStrike\ShadowStrike.vcxproj]
  ('/src/Shared_modules/Core/Engine/ScanEngine.cpp' kaynak dosyas─▒ derleniyor)
  
C:\ShadowStrike\ShadowStrike\src\Shared_modules\Core\Engine\ScanEngine.cpp(529,29): error C3536: 'lowerPath': ba┼şlat─▒lmadan ├Ânce kullan─▒lamaz [C:\ShadowStrike\ShadowStrike\ShadowStrike.vcxproj]
  ('/src/Shared_modules/Core/Engine/ScanEngine.cpp' kaynak dosyas─▒ derleniyor)
  
C:\ShadowStrike\ShadowStrike\src\Shared_modules\Core\Engine\ScanEngine.cpp(529,51): error C3536: 'lowerPattern': ba┼şlat─▒lmadan ├Ânce kullan─▒lamaz [C:\ShadowStrike\ShadowStrike\ShadowStrike.vcxproj]
  ('/src/Shared_modules/Core/Engine/ScanEngine.cpp' kaynak dosyas─▒ derleniyor)
  
C:\ShadowStrike\ShadowStrike\src\Shared_modules\Core\Engine\ScanEngine.cpp(540,71): error C2664: 'void ShadowStrike::Utils::StringUtils::ToLower(std::wstring &) noexcept' : 1 ba─ş─▒ms─▒z de─şi┼şkeni 'const std::wstring' de─şerinden 'std::wstring &' de─şerine d├Ân├╝┼şt├╝r├╝lemez [C:\ShadowStrike\ShadowStrike\ShadowStrike.vcxproj]
  ('/src/Shared_modules/Core/Engine/ScanEngine.cpp' kaynak dosyas─▒ derleniyor)
      C:\ShadowStrike\ShadowStrike\src\Shared_modules\Core\Engine\ScanEngine.cpp(540,83):
      D├Ân├╝┼şt├╝rme niteleyicileri kaybediyor
      C:\ShadowStrike\ShadowStrike\src\Shared_modules\Utils\StringUtils.hpp(102,18):
      'ShadowStrike::Utils::StringUtils::ToLower' bildirimine bak─▒n
      C:\ShadowStrike\ShadowStrike\src\Shared_modules\Core\Engine\ScanEngine.cpp(540,71):
      '(const std::wstring)' ba─ş─▒ms─▒z de─şi┼şken listesi e┼şlenmeye ├ğal─▒┼ş─▒l─▒rken
  
C:\ShadowStrike\ShadowStrike\src\Shared_modules\Core\Engine\ScanEngine.cpp(540,55): error C2186: '==': bir i┼şlenen 'void' t├╝r├╝ne sahip olamaz [C:\ShadowStrike\ShadowStrike\ShadowStrike.vcxproj]
  ('/src/Shared_modules/Core/Engine/ScanEngine.cpp' kaynak dosyas─▒ derleniyor)
  
C:\ShadowStrike\ShadowStrike\src\Shared_modules\Core\Engine\ScanEngine.cpp(553,76): error C2664: 'void ShadowStrike::Utils::StringUtils::ToLower(std::wstring &) noexcept' : 1 ba─ş─▒ms─▒z de─şi┼şkeni 'const std::wstring' de─şerinden 'std::wstring &' de─şerine d├Ân├╝┼şt├╝r├╝lemez [C:\ShadowStrike\ShadowStrike\ShadowStrike.vcxproj]
  ('/src/Shared_modules/Core/Engine/ScanEngine.cpp' kaynak dosyas─▒ derleniyor)
      C:\ShadowStrike\ShadowStrike\src\Shared_modules\Core\Engine\ScanEngine.cpp(553,88):
      D├Ân├╝┼şt├╝rme niteleyicileri kaybediyor
      C:\ShadowStrike\ShadowStrike\src\Shared_modules\Utils\StringUtils.hpp(102,18):
      'ShadowStrike::Utils::StringUtils::ToLower' bildirimine bak─▒n
      C:\ShadowStrike\ShadowStrike\src\Shared_modules\Core\Engine\ScanEngine.cpp(553,76):
      '(const std::wstring)' ba─ş─▒ms─▒z de─şi┼şken listesi e┼şlenmeye ├ğal─▒┼ş─▒l─▒rken
  
C:\ShadowStrike\ShadowStrike\src\Shared_modules\Core\Engine\ScanEngine.cpp(553,60): error C2186: '==': bir i┼şlenen 'void' t├╝r├╝ne sahip olamaz [C:\ShadowStrike\ShadowStrike\ShadowStrike.vcxproj]
  ('/src/Shared_modules/Core/Engine/ScanEngine.cpp' kaynak dosyas─▒ derleniyor)
  
C:\ShadowStrike\ShadowStrike\src\Shared_modules\Core\Engine\ScanEngine.cpp(620,33): error C2664: 'void ShadowStrike::Utils::StringUtils::ToLower(std::wstring &) noexcept' : 1 ba─ş─▒ms─▒z de─şi┼şkeni 'std::wstring' de─şerinden 'std::wstring &' de─şerine d├Ân├╝┼şt├╝r├╝lemez [C:\ShadowStrike\ShadowStrike\ShadowStrike.vcxproj]
  ('/src/Shared_modules/Core/Engine/ScanEngine.cpp' kaynak dosyas─▒ derleniyor)
      C:\ShadowStrike\ShadowStrike\src\Shared_modules\Core\Engine\ScanEngine.cpp(620,62):
      Sabit olmayan bir ba┼şvuru yaln─▒zca lvalue ile ba─şlanabilir
      C:\ShadowStrike\ShadowStrike\src\Shared_modules\Utils\StringUtils.hpp(102,18):
      'ShadowStrike::Utils::StringUtils::ToLower' bildirimine bak─▒n
      C:\ShadowStrike\ShadowStrike\src\Shared_modules\Core\Engine\ScanEngine.cpp(620,33):
      '(std::wstring)' ba─ş─▒ms─▒z de─şi┼şken listesi e┼şlenmeye ├ğal─▒┼ş─▒l─▒rken
  
C:\ShadowStrike\ShadowStrike\src\Shared_modules\Core\Engine\ScanEngine.cpp(620,18): error C3313: 'ext': de─şi┼şken 'void' t├╝r├╝ne sahip olamaz [C:\ShadowStrike\ShadowStrike\ShadowStrike.vcxproj]
  ('/src/Shared_modules/Core/Engine/ScanEngine.cpp' kaynak dosyas─▒ derleniyor)
  
C:\ShadowStrike\ShadowStrike\src\Shared_modules\Core\Engine\ScanEngine.cpp(622,78): error C3536: 'ext': ba┼şlat─▒lmadan ├Ânce kullan─▒lamaz [C:\ShadowStrike\ShadowStrike\ShadowStrike.vcxproj]
  ('/src/Shared_modules/Core/Engine/ScanEngine.cpp' kaynak dosyas─▒ derleniyor)
  
C:\ShadowStrike\ShadowStrike\src\Shared_modules\Core\Engine\ScanEngine.cpp(659,17): error C2039: 'Critical': bir 'ShadowStrike::Utils::Logger' ├╝yesi de─şil [C:\ShadowStrike\ShadowStrike\ShadowStrike.vcxproj]
  ('/src/Shared_modules/Core/Engine/ScanEngine.cpp' kaynak dosyas─▒ derleniyor)
      C:\ShadowStrike\ShadowStrike\src\Shared_modules\Utils\Logger.hpp(159,9):
      'ShadowStrike::Utils::Logger' bildirimine bak─▒n
  
C:\ShadowStrike\ShadowStrike\src\Shared_modules\Core\Engine\ScanEngine.cpp(659,17): error C3861: 'Critical': tan─▒mlay─▒c─▒ bulunamad─▒ [C:\ShadowStrike\ShadowStrike\ShadowStrike.vcxproj]
  ('/src/Shared_modules/Core/Engine/ScanEngine.cpp' kaynak dosyas─▒ derleniyor)
  
C:\ShadowStrike\ShadowStrike\src\Shared_modules\Core\Engine\ScanEngine.cpp(698,26): error C2039: 'ToNarrowString': bir 'ShadowStrike::Utils::StringUtils' ├╝yesi de─şil [C:\ShadowStrike\ShadowStrike\ShadowStrike.vcxproj]
  ('/src/Shared_modules/Core/Engine/ScanEngine.cpp' kaynak dosyas─▒ derleniyor)
      C:\ShadowStrike\ShadowStrike\src\Shared_modules\Utils\StringUtils.hpp(63,19):
      'ShadowStrike::Utils::StringUtils' bildirimine bak─▒n
  
C:\ShadowStrike\ShadowStrike\src\Shared_modules\Core\Engine\ScanEngine.cpp(698,26): error C3861: 'ToNarrowString': tan─▒mlay─▒c─▒ bulunamad─▒ [C:\ShadowStrike\ShadowStrike\ShadowStrike.vcxproj]
  ('/src/Shared_modules/Core/Engine/ScanEngine.cpp' kaynak dosyas─▒ derleniyor)
  
C:\ShadowStrike\ShadowStrike\src\Shared_modules\Core\Engine\ScanEngine.cpp(697,17): error C2660: 'ShadowStrike::Utils::Logger::Info': i┼şlev 3 ba─ş─▒ms─▒z de─şi┼şken alm─▒yor [C:\ShadowStrike\ShadowStrike\ShadowStrike.vcxproj]
  ('/src/Shared_modules/Core/Engine/ScanEngine.cpp' kaynak dosyas─▒ derleniyor)
      C:\ShadowStrike\ShadowStrike\src\Shared_modules\Utils\Logger.hpp(265,16):
      'ShadowStrike::Utils::Logger::Info' bildirimine bak─▒n
      C:\ShadowStrike\ShadowStrike\src\Shared_modules\Utils\Logger.hpp(282,16):
      'void ShadowStrike::Utils::Logger::Info(std::basic_format_string<char,type_identity<_Args>::type...>,Args ...)' olabilirdi
          C:\ShadowStrike\ShadowStrike\src\Shared_modules\Core\Engine\ScanEngine.cpp(697,17):
          'void ShadowStrike::Utils::Logger::Info(std::basic_format_string<char,type_identity<_Args>::type...>,Args ...)' i┼şlev ┼şablonu ├Âzelle┼ştirilemedi
              C:\ShadowStrike\ShadowStrike\src\Shared_modules\Core\Engine\ScanEngine.cpp(697,17):
              ┼Şu ┼şablon ba─ş─▒ms─▒z de─şi┼şkenleriyle:
                  C:\ShadowStrike\ShadowStrike\src\Shared_modules\Core\Engine\ScanEngine.cpp(697,17):
                  'Args={<error type>, int}'
      C:\ShadowStrike\ShadowStrike\src\Shared_modules\Core\Engine\ScanEngine.cpp(697,17):
      '(const char [41], <error type>, int)' ba─ş─▒ms─▒z de─şi┼şken listesi e┼şlenmeye ├ğal─▒┼ş─▒l─▒rken
  
C:\ShadowStrike\ShadowStrike\src\Shared_modules\Core\Engine\ScanEngine.cpp(724,30): error C2039: 'ToNarrowString': bir 'ShadowStrike::Utils::StringUtils' ├╝yesi de─şil [C:\ShadowStrike\ShadowStrike\ShadowStrike.vcxproj]
  ('/src/Shared_modules/Core/Engine/ScanEngine.cpp' kaynak dosyas─▒ derleniyor)
      C:\ShadowStrike\ShadowStrike\src\Shared_modules\Utils\StringUtils.hpp(63,19):
      'ShadowStrike::Utils::StringUtils' bildirimine bak─▒n
  
C:\ShadowStrike\ShadowStrike\src\Shared_modules\Core\Engine\ScanEngine.cpp(724,30): error C3861: 'ToNarrowString': tan─▒mlay─▒c─▒ bulunamad─▒ [C:\ShadowStrike\ShadowStrike\ShadowStrike.vcxproj]
  ('/src/Shared_modules/Core/Engine/ScanEngine.cpp' kaynak dosyas─▒ derleniyor)
  
C:\ShadowStrike\ShadowStrike\src\Shared_modules\Core\Engine\ScanEngine.cpp(723,21): error C2660: 'ShadowStrike::Utils::Logger::Warn': i┼şlev 2 ba─ş─▒ms─▒z de─şi┼şken alm─▒yor [C:\ShadowStrike\ShadowStrike\ShadowStrike.vcxproj]
  ('/src/Shared_modules/Core/Engine/ScanEngine.cpp' kaynak dosyas─▒ derleniyor)
      C:\ShadowStrike\ShadowStrike\src\Shared_modules\Utils\Logger.hpp(264,16):
      'ShadowStrike::Utils::Logger::Warn' bildirimine bak─▒n
      C:\ShadowStrike\ShadowStrike\src\Shared_modules\Utils\Logger.hpp(278,16):
      'void ShadowStrike::Utils::Logger::Warn(std::basic_format_string<char,type_identity<_Args>::type...>,Args ...)' olabilirdi
          C:\ShadowStrike\ShadowStrike\src\Shared_modules\Core\Engine\ScanEngine.cpp(723,21):
          'void ShadowStrike::Utils::Logger::Warn(std::basic_format_string<char,type_identity<_Args>::type...>,Args ...)' i┼şlev ┼şablonu ├Âzelle┼ştirilemedi
              C:\ShadowStrike\ShadowStrike\src\Shared_modules\Core\Engine\ScanEngine.cpp(723,21):
              ┼Şu ┼şablon ba─ş─▒ms─▒z de─şi┼şkenleriyle:
                  C:\ShadowStrike\ShadowStrike\src\Shared_modules\Core\Engine\ScanEngine.cpp(723,21):
                  'Args={<error type>}'
      C:\ShadowStrike\ShadowStrike\src\Shared_modules\Core\Engine\ScanEngine.cpp(723,21):
      '(const char [31], <error type>)' ba─ş─▒ms─▒z de─şi┼şken listesi e┼şlenmeye ├ğal─▒┼ş─▒l─▒rken
  
C:\ShadowStrike\ShadowStrike\src\Shared_modules\Core\Engine\ScanEngine.cpp(803,43): error C2665: 'ShadowStrike::Whitelist::WhitelistStore::IsHashWhitelisted': hi├ğbir a┼ş─▒r─▒ y├╝klenmi┼ş i┼şlev t├╝m arg├╝man t├╝rlerini d├Ân├╝┼şt├╝remez [C:\ShadowStrike\ShadowStrike\ShadowStrike.vcxproj]
  ('/src/Shared_modules/Core/Engine/ScanEngine.cpp' kaynak dosyas─▒ derleniyor)
      C:\ShadowStrike\ShadowStrike\src\Shared_modules\Whitelist\WhiteListStore.hpp(1731,32):
      'ShadowStrike::Whitelist::LookupResult ShadowStrike::Whitelist::WhitelistStore::IsHashWhitelisted(const ShadowStrike::Whitelist::HashValue &,const ShadowStrike::Whitelist::QueryOptions &) noexcept const' olabilirdi
          C:\ShadowStrike\ShadowStrike\src\Shared_modules\Core\Engine\ScanEngine.cpp(803,43):
          'ShadowStrike::Whitelist::LookupResult ShadowStrike::Whitelist::WhitelistStore::IsHashWhitelisted(const ShadowStrike::Whitelist::HashValue &,const ShadowStrike::Whitelist::QueryOptions &) noexcept const' : 1 ba─ş─▒ms─▒z de─şi┼şkeni 'std::string' de─şerinden 'const ShadowStrike::Whitelist::HashValue &' de─şerine d├Ân├╝┼şt├╝r├╝lemez
              C:\ShadowStrike\ShadowStrike\src\Shared_modules\Core\Engine\ScanEngine.cpp(803,61):
              Nedeni: 'std::string' de─şerinden 'const ShadowStrike::Whitelist::HashValue' de─şerine d├Ân├╝┼şt├╝r├╝lemez
              C:\ShadowStrike\ShadowStrike\src\Shared_modules\Core\Engine\ScanEngine.cpp(803,61):
              Bu d├Ân├╝┼şt├╝rmeyi ger├ğekle┼ştirecek kullan─▒c─▒ tan─▒ml─▒ d├Ân├╝┼şt├╝rme i┼şleci yok veya i┼şle├ğ ├ğa─şr─▒lam─▒yor
      C:\ShadowStrike\ShadowStrike\src\Shared_modules\Core\Engine\ScanEngine.cpp(803,43):
      '(std::string)' ba─ş─▒ms─▒z de─şi┼şken listesi e┼şlenmeye ├ğal─▒┼ş─▒l─▒rken
  
C:\ShadowStrike\ShadowStrike\src\Shared_modules\Core\Engine\ScanEngine.cpp(803,60): error C2451: '_T' t├╝r├╝ndeki ko┼şullu ifade ge├ğerli de─şil [C:\ShadowStrike\ShadowStrike\ShadowStrike.vcxproj]
C:\ShadowStrike\ShadowStrike\src\Shared_modules\Core\Engine\ScanEngine.cpp(803,60): error C2451:         with [C:\ShadowStrike\ShadowStrike\ShadowStrike.vcxproj]
C:\ShadowStrike\ShadowStrike\src\Shared_modules\Core\Engine\ScanEngine.cpp(803,60): error C2451:         [ [C:\ShadowStrike\ShadowStrike\ShadowStrike.vcxproj]
C:\ShadowStrike\ShadowStrike\src\Shared_modules\Core\Engine\ScanEngine.cpp(803,60): error C2451:             _T=ShadowStrike::Whitelist::LookupResult [C:\ShadowStrike\ShadowStrike\ShadowStrike.vcxproj]
C:\ShadowStrike\ShadowStrike\src\Shared_modules\Core\Engine\ScanEngine.cpp(803,60): error C2451:         ] [C:\ShadowStrike\ShadowStrike\ShadowStrike.vcxproj]
  ('/src/Shared_modules/Core/Engine/ScanEngine.cpp' kaynak dosyas─▒ derleniyor)
      C:\ShadowStrike\ShadowStrike\src\Shared_modules\Core\Engine\ScanEngine.cpp(803,60):
      Bu d├Ân├╝┼şt├╝rmeyi ger├ğekle┼ştirecek kullan─▒c─▒ tan─▒ml─▒ d├Ân├╝┼şt├╝rme i┼şleci yok veya i┼şle├ğ ├ğa─şr─▒lam─▒yor
  
C:\ShadowStrike\ShadowStrike\src\Shared_modules\Core\Engine\ScanEngine.cpp(815,60): error C2451: 'ShadowStrike::Whitelist::LookupResult' t├╝r├╝ndeki ko┼şullu ifade ge├ğerli de─şil [C:\ShadowStrike\ShadowStrike\ShadowStrike.vcxproj]
  ('/src/Shared_modules/Core/Engine/ScanEngine.cpp' kaynak dosyas─▒ derleniyor)
      C:\ShadowStrike\ShadowStrike\src\Shared_modules\Core\Engine\ScanEngine.cpp(815,60):
      Bu d├Ân├╝┼şt├╝rmeyi ger├ğekle┼ştirecek kullan─▒c─▒ tan─▒ml─▒ d├Ân├╝┼şt├╝rme i┼şleci yok veya i┼şle├ğ ├ğa─şr─▒lam─▒yor
  
C:\ShadowStrike\ShadowStrike\src\Shared_modules\Core\Engine\ScanEngine.cpp(847,57): error C2039: 'ScanHash': bir 'ShadowStrike::SignatureStore::SignatureStore' ├╝yesi de─şil [C:\ShadowStrike\ShadowStrike\ShadowStrike.vcxproj]
  ('/src/Shared_modules/Core/Engine/ScanEngine.cpp' kaynak dosyas─▒ derleniyor)
      C:\ShadowStrike\ShadowStrike\src\Shared_modules\SignatureStore\SignatureStore.hpp(331,15):
      'ShadowStrike::SignatureStore::SignatureStore' bildirimine bak─▒n
  
C:\ShadowStrike\ShadowStrike\src\Shared_modules\Core\Engine\ScanEngine.cpp(849,17): error C3536: 'hashResult': ba┼şlat─▒lmadan ├Ânce kullan─▒lamaz [C:\ShadowStrike\ShadowStrike\ShadowStrike.vcxproj]
  ('/src/Shared_modules/Core/Engine/ScanEngine.cpp' kaynak dosyas─▒ derleniyor)
  
C:\ShadowStrike\ShadowStrike\src\Shared_modules\Core\Engine\ScanEngine.cpp(883,54): error C2039: 'QueryHash': bir 'ShadowStrike::ThreatIntel::ThreatIntelDatabase' ├╝yesi de─şil [C:\ShadowStrike\ShadowStrike\ShadowStrike.vcxproj]
  ('/src/Shared_modules/Core/Engine/ScanEngine.cpp' kaynak dosyas─▒ derleniyor)
      C:\ShadowStrike\ShadowStrike\src\Shared_modules\ThreatIntel\ThreatIntelDatabase.hpp(298,7):
      'ShadowStrike::ThreatIntel::ThreatIntelDatabase' bildirimine bak─▒n
  
C:\ShadowStrike\ShadowStrike\src\Shared_modules\Core\Engine\ScanEngine.cpp(885,17): error C3536: 'tiResult': ba┼şlat─▒lmadan ├Ânce kullan─▒lamaz [C:\ShadowStrike\ShadowStrike\ShadowStrike.vcxproj]
  ('/src/Shared_modules/Core/Engine/ScanEngine.cpp' kaynak dosyas─▒ derleniyor)
  
C:\ShadowStrike\ShadowStrike\src\Shared_modules\Core\Engine\ScanEngine.cpp(952,31): error C2039: 'isDetected': bir 'ShadowStrike::SignatureStore::ScanResult' ├╝yesi de─şil [C:\ShadowStrike\ShadowStrike\ShadowStrike.vcxproj]
  ('/src/Shared_modules/Core/Engine/ScanEngine.cpp' kaynak dosyas─▒ derleniyor)
      C:\ShadowStrike\ShadowStrike\src\Shared_modules\SignatureStore\SignatureStore.hpp(222,16):
      'ShadowStrike::SignatureStore::ScanResult' bildirimine bak─▒n
  
C:\ShadowStrike\ShadowStrike\src\Shared_modules\Core\Engine\ScanEngine.cpp(957,51): error C2039: 'threatName': bir 'ShadowStrike::SignatureStore::ScanResult' ├╝yesi de─şil [C:\ShadowStrike\ShadowStrike\ShadowStrike.vcxproj]
  ('/src/Shared_modules/Core/Engine/ScanEngine.cpp' kaynak dosyas─▒ derleniyor)
      C:\ShadowStrike\ShadowStrike\src\Shared_modules\SignatureStore\SignatureStore.hpp(222,16):
      'ShadowStrike::SignatureStore::ScanResult' bildirimine bak─▒n
  
C:\ShadowStrike\ShadowStrike\src\Shared_modules\Core\Engine\ScanEngine.cpp(958,49): error C2039: 'severity': bir 'ShadowStrike::SignatureStore::ScanResult' ├╝yesi de─şil [C:\ShadowStrike\ShadowStrike\ShadowStrike.vcxproj]
  ('/src/Shared_modules/Core/Engine/ScanEngine.cpp' kaynak dosyas─▒ derleniyor)
      C:\ShadowStrike\ShadowStrike\src\Shared_modules\SignatureStore\SignatureStore.hpp(222,16):
      'ShadowStrike::SignatureStore::ScanResult' bildirimine bak─▒n
  
C:\ShadowStrike\ShadowStrike\src\Shared_modules\Core\Engine\ScanEngine.cpp(959,49): error C2039: 'signatureId': bir 'ShadowStrike::SignatureStore::ScanResult' ├╝yesi de─şil [C:\ShadowStrike\ShadowStrike\ShadowStrike.vcxproj]
  ('/src/Shared_modules/Core/Engine/ScanEngine.cpp' kaynak dosyas─▒ derleniyor)
      C:\ShadowStrike\ShadowStrike\src\Shared_modules\SignatureStore\SignatureStore.hpp(222,16):
      'ShadowStrike::SignatureStore::ScanResult' bildirimine bak─▒n
  
C:\ShadowStrike\ShadowStrike\src\Shared_modules\Core\Engine\ScanEngine.cpp(960,56): error C2039: 'detectionMethod': bir 'ShadowStrike::SignatureStore::ScanResult' ├╝yesi de─şil [C:\ShadowStrike\ShadowStrike\ShadowStrike.vcxproj]
  ('/src/Shared_modules/Core/Engine/ScanEngine.cpp' kaynak dosyas─▒ derleniyor)
      C:\ShadowStrike\ShadowStrike\src\Shared_modules\SignatureStore\SignatureStore.hpp(222,16):
      'ShadowStrike::SignatureStore::ScanResult' bildirimine bak─▒n
  
C:\ShadowStrike\ShadowStrike\src\Shared_modules\Core\Engine\ScanEngine.cpp(964,35): error C2039: 'threatName': bir 'ShadowStrike::SignatureStore::ScanResult' ├╝yesi de─şil [C:\ShadowStrike\ShadowStrike\ShadowStrike.vcxproj]
  ('/src/Shared_modules/Core/Engine/ScanEngine.cpp' kaynak dosyas─▒ derleniyor)
      C:\ShadowStrike\ShadowStrike\src\Shared_modules\SignatureStore\SignatureStore.hpp(222,16):
      'ShadowStrike::SignatureStore::ScanResult' bildirimine bak─▒n
  
C:\ShadowStrike\ShadowStrike\src\Shared_modules\Core\Engine\ScanEngine.cpp(964,57): error C2039: 'detectionMethod': bir 'ShadowStrike::SignatureStore::ScanResult' ├╝yesi de─şil [C:\ShadowStrike\ShadowStrike\ShadowStrike.vcxproj]
  ('/src/Shared_modules/Core/Engine/ScanEngine.cpp' kaynak dosyas─▒ derleniyor)
      C:\ShadowStrike\ShadowStrike\src\Shared_modules\SignatureStore\SignatureStore.hpp(222,16):
      'ShadowStrike::SignatureStore::ScanResult' bildirimine bak─▒n
  
C:\ShadowStrike\ShadowStrike\src\Shared_modules\Core\Engine\ScanEngine.cpp(996,23): error C2679: ikili '=': 'std::wstring' t├╝r├╝nde bir sa─ş taraf i┼şleneni alan hi├ğbir i┼şle├ğ bulunamad─▒ (veya hi├ğ kabul edilebilir d├Ân├╝┼şt├╝rme yok) [C:\ShadowStrike\ShadowStrike\ShadowStrike.vcxproj]
  ('/src/Shared_modules/Core/Engine/ScanEngine.cpp' kaynak dosyas─▒ derleniyor)
      C:\Program Files\Microsoft Visual Studio\2022\Community\VC\Tools\MSVC\14.44.35207\include\xstring(1453,32):
      'std::basic_string<char,std::char_traits<char>,std::allocator<char>> &std::basic_string<char,std::char_traits<char>,std::allocator<char>>::operator =(const _Elem)' olabilirdi
          with
          [
              _Elem=char
          ]
          C:\ShadowStrike\ShadowStrike\src\Shared_modules\Core\Engine\ScanEngine.cpp(996,23):
          'std::basic_string<char,std::char_traits<char>,std::allocator<char>> &std::basic_string<char,std::char_traits<char>,std::allocator<char>>::operator =(const _Elem)' : 2 ba─ş─▒ms─▒z de─şi┼şkeni 'std::wstring' de─şerinden 'const _Elem' de─şerine d├Ân├╝┼şt├╝r├╝lemez
          with
          [
              _Elem=char
          ]
              C:\ShadowStrike\ShadowStrike\src\Shared_modules\Core\Engine\ScanEngine.cpp(996,52):
              Bu d├Ân├╝┼şt├╝rmeyi ger├ğekle┼ştirecek kullan─▒c─▒ tan─▒ml─▒ d├Ân├╝┼şt├╝rme i┼şleci yok veya i┼şle├ğ ├ğa─şr─▒lam─▒yor
      C:\Program Files\Microsoft Visual Studio\2022\Community\VC\Tools\MSVC\14.44.35207\include\xstring(1450,19):
      veya       'std::basic_string<char,std::char_traits<char>,std::allocator<char>> &std::basic_string<char,std::char_traits<char>,std::allocator<char>>::operator =(std::nullptr_t)'
          C:\ShadowStrike\ShadowStrike\src\Shared_modules\Core\Engine\ScanEngine.cpp(996,23):
          'std::basic_string<char,std::char_traits<char>,std::allocator<char>> &std::basic_string<char,std::char_traits<char>,std::allocator<char>>::operator =(std::nullptr_t)' : 2 ba─ş─▒ms─▒z de─şi┼şkeni 'std::wstring' de─şerinden 'std::nullptr_t' de─şerine d├Ân├╝┼şt├╝r├╝lemez
              C:\ShadowStrike\ShadowStrike\src\Shared_modules\Core\Engine\ScanEngine.cpp(996,52):
              Bu d├Ân├╝┼şt├╝rmeyi ger├ğekle┼ştirecek kullan─▒c─▒ tan─▒ml─▒ d├Ân├╝┼şt├╝rme i┼şleci yok veya i┼şle├ğ ├ğa─şr─▒lam─▒yor
      C:\Program Files\Microsoft Visual Studio\2022\Community\VC\Tools\MSVC\14.44.35207\include\xstring(1445,32):
      veya       'std::basic_string<char,std::char_traits<char>,std::allocator<char>> &std::basic_string<char,std::char_traits<char>,std::allocator<char>>::operator =(const _Elem *const )'
          with
          [
              _Elem=char
          ]
          C:\ShadowStrike\ShadowStrike\src\Shared_modules\Core\Engine\ScanEngine.cpp(996,23):
          'std::basic_string<char,std::char_traits<char>,std::allocator<char>> &std::basic_string<char,std::char_traits<char>,std::allocator<char>>::operator =(const _Elem *const )' : 2 ba─ş─▒ms─▒z de─şi┼şkeni 'std::wstring' de─şerinden 'const _Elem *const ' de─şerine d├Ân├╝┼şt├╝r├╝lemez
          with
          [
              _Elem=char
          ]
              C:\ShadowStrike\ShadowStrike\src\Shared_modules\Core\Engine\ScanEngine.cpp(996,52):
              Bu d├Ân├╝┼şt├╝rmeyi ger├ğekle┼ştirecek kullan─▒c─▒ tan─▒ml─▒ d├Ân├╝┼şt├╝rme i┼şleci yok veya i┼şle├ğ ├ğa─şr─▒lam─▒yor
      C:\Program Files\Microsoft Visual Studio\2022\Community\VC\Tools\MSVC\14.44.35207\include\xstring(1394,32):
      veya       'std::basic_string<char,std::char_traits<char>,std::allocator<char>> &std::basic_string<char,std::char_traits<char>,std::allocator<char>>::operator =(const std::basic_string<char,std::char_traits<char>,std::allocator<char>> &)'
          C:\ShadowStrike\ShadowStrike\src\Shared_modules\Core\Engine\ScanEngine.cpp(996,23):
          'std::basic_string<char,std::char_traits<char>,std::allocator<char>> &std::basic_string<char,std::char_traits<char>,std::allocator<char>>::operator =(const std::basic_string<char,std::char_traits<char>,std::allocator<char>> &)' : 2 ba─ş─▒ms─▒z de─şi┼şkeni 'std::wstring' de─şerinden 'const std::basic_string<char,std::char_traits<char>,std::allocator<char>> &' de─şerine d├Ân├╝┼şt├╝r├╝lemez
              C:\ShadowStrike\ShadowStrike\src\Shared_modules\Core\Engine\ScanEngine.cpp(996,52):
              Nedeni: 'std::wstring' de─şerinden 'const std::basic_string<char,std::char_traits<char>,std::allocator<char>>' de─şerine d├Ân├╝┼şt├╝r├╝lemez
              C:\ShadowStrike\ShadowStrike\src\Shared_modules\Core\Engine\ScanEngine.cpp(996,52):
              Bu d├Ân├╝┼şt├╝rmeyi ger├ğekle┼ştirecek kullan─▒c─▒ tan─▒ml─▒ d├Ân├╝┼şt├╝rme i┼şleci yok veya i┼şle├ğ ├ğa─şr─▒lam─▒yor
      C:\Program Files\Microsoft Visual Studio\2022\Community\VC\Tools\MSVC\14.44.35207\include\xstring(1345,32):
      veya       'std::basic_string<char,std::char_traits<char>,std::allocator<char>> &std::basic_string<char,std::char_traits<char>,std::allocator<char>>::operator =(std::initializer_list<_Elem>)'
          with
          [
              _Elem=char
          ]
          C:\ShadowStrike\ShadowStrike\src\Shared_modules\Core\Engine\ScanEngine.cpp(996,23):
          'std::basic_string<char,std::char_traits<char>,std::allocator<char>> &std::basic_string<char,std::char_traits<char>,std::allocator<char>>::operator =(std::initializer_list<_Elem>)' : 2 ba─ş─▒ms─▒z de─şi┼şkeni 'std::wstring' de─şerinden 'std::initializer_list<_Elem>' de─şerine d├Ân├╝┼şt├╝r├╝lemez
          with
          [
              _Elem=char
          ]
              C:\ShadowStrike\ShadowStrike\src\Shared_modules\Core\Engine\ScanEngine.cpp(996,52):
              Bu d├Ân├╝┼şt├╝rmeyi ger├ğekle┼ştirecek kullan─▒c─▒ tan─▒ml─▒ d├Ân├╝┼şt├╝rme i┼şleci yok veya i┼şle├ğ ├ğa─şr─▒lam─▒yor
      C:\Program Files\Microsoft Visual Studio\2022\Community\VC\Tools\MSVC\14.44.35207\include\xstring(1224,32):
      veya       'std::basic_string<char,std::char_traits<char>,std::allocator<char>> &std::basic_string<char,std::char_traits<char>,std::allocator<char>>::operator =(std::basic_string<char,std::char_traits<char>,std::allocator<char>> &&) noexcept'
          C:\ShadowStrike\ShadowStrike\src\Shared_modules\Core\Engine\ScanEngine.cpp(996,23):
          'std::basic_string<char,std::char_traits<char>,std::allocator<char>> &std::basic_string<char,std::char_traits<char>,std::allocator<char>>::operator =(std::basic_string<char,std::char_traits<char>,std::allocator<char>> &&) noexcept' : 2 ba─ş─▒ms─▒z de─şi┼şkeni 'std::wstring' de─şerinden 'std::basic_string<char,std::char_traits<char>,std::allocator<char>> &&' de─şerine d├Ân├╝┼şt├╝r├╝lemez
              C:\ShadowStrike\ShadowStrike\src\Shared_modules\Core\Engine\ScanEngine.cpp(996,52):
              Nedeni: 'std::wstring' de─şerinden 'std::basic_string<char,std::char_traits<char>,std::allocator<char>>' de─şerine d├Ân├╝┼şt├╝r├╝lemez
              C:\ShadowStrike\ShadowStrike\src\Shared_modules\Core\Engine\ScanEngine.cpp(996,52):
              Bu d├Ân├╝┼şt├╝rmeyi ger├ğekle┼ştirecek kullan─▒c─▒ tan─▒ml─▒ d├Ân├╝┼şt├╝rme i┼şleci yok veya i┼şle├ğ ├ğa─şr─▒lam─▒yor
      C:\Program Files\Microsoft Visual Studio\2022\Community\VC\Tools\MSVC\14.44.35207\include\xstring(1440,32):
      veya       'std::basic_string<char,std::char_traits<char>,std::allocator<char>> &std::basic_string<char,std::char_traits<char>,std::allocator<char>>::operator =(const _StringViewIsh &)'
          C:\ShadowStrike\ShadowStrike\src\Shared_modules\Core\Engine\ScanEngine.cpp(996,23):
          'std::basic_string<char,std::char_traits<char>,std::allocator<char>> &std::basic_string<char,std::char_traits<char>,std::allocator<char>>::operator =(const _StringViewIsh &)': ┼şablon ba─ş─▒ms─▒z de─şi┼şkeni ('__formal' i├ğin) anla┼ş─▒lamad─▒
              C:\Program Files\Microsoft Visual Studio\2022\Community\VC\Tools\MSVC\14.44.35207\include\xstring(615,9):
              'std::enable_if_t<false,int>' : Di─şer ad ┼şablonu ├Âzelle┼ştirilemedi
      C:\ShadowStrike\ShadowStrike\src\Shared_modules\Core\Engine\ScanEngine.cpp(996,23):
      '(std::string, std::wstring)' ba─ş─▒ms─▒z de─şi┼şken listesi e┼şlenmeye ├ğal─▒┼ş─▒l─▒rken
  
C:\ShadowStrike\ShadowStrike\src\Shared_modules\Core\Engine\ScanEngine.cpp(997,53): warning C4244: '=': 'double' - 'float' d├Ân├╝┼ş├╝m├╝; veri kayb─▒ olabilir [C:\ShadowStrike\ShadowStrike\ShadowStrike.vcxproj]
  ('/src/Shared_modules/Core/Engine/ScanEngine.cpp' kaynak dosyas─▒ derleniyor)
  
C:\ShadowStrike\ShadowStrike\src\Shared_modules\Core\Engine\ScanEngine.cpp(1003,34): error C2039: 'ToNarrowString': bir 'ShadowStrike::Utils::StringUtils' ├╝yesi de─şil [C:\ShadowStrike\ShadowStrike\ShadowStrike.vcxproj]
  ('/src/Shared_modules/Core/Engine/ScanEngine.cpp' kaynak dosyas─▒ derleniyor)
      C:\ShadowStrike\ShadowStrike\src\Shared_modules\Utils\StringUtils.hpp(63,19):
      'ShadowStrike::Utils::StringUtils' bildirimine bak─▒n
  
C:\ShadowStrike\ShadowStrike\src\Shared_modules\Core\Engine\ScanEngine.cpp(1003,34): error C3861: 'ToNarrowString': tan─▒mlay─▒c─▒ bulunamad─▒ [C:\ShadowStrike\ShadowStrike\ShadowStrike.vcxproj]
  ('/src/Shared_modules/Core/Engine/ScanEngine.cpp' kaynak dosyas─▒ derleniyor)
  
C:\ShadowStrike\ShadowStrike\src\Shared_modules\Core\Engine\ScanEngine.cpp(1001,25): error C2660: 'ShadowStrike::Utils::Logger::Info': i┼şlev 3 ba─ş─▒ms─▒z de─şi┼şken alm─▒yor [C:\ShadowStrike\ShadowStrike\ShadowStrike.vcxproj]
  ('/src/Shared_modules/Core/Engine/ScanEngine.cpp' kaynak dosyas─▒ derleniyor)
      C:\ShadowStrike\ShadowStrike\src\Shared_modules\Utils\Logger.hpp(265,16):
      'ShadowStrike::Utils::Logger::Info' bildirimine bak─▒n
      C:\ShadowStrike\ShadowStrike\src\Shared_modules\Utils\Logger.hpp(282,16):
      'void ShadowStrike::Utils::Logger::Info(std::basic_format_string<char,type_identity<_Args>::type...>,Args ...)' olabilirdi
          C:\ShadowStrike\ShadowStrike\src\Shared_modules\Core\Engine\ScanEngine.cpp(1001,25):
          'void ShadowStrike::Utils::Logger::Info(std::basic_format_string<char,type_identity<_Args>::type...>,Args ...)' i┼şlev ┼şablonu ├Âzelle┼ştirilemedi
              C:\ShadowStrike\ShadowStrike\src\Shared_modules\Core\Engine\ScanEngine.cpp(1001,25):
              ┼Şu ┼şablon ba─ş─▒ms─▒z de─şi┼şkenleriyle:
                  C:\ShadowStrike\ShadowStrike\src\Shared_modules\Core\Engine\ScanEngine.cpp(1001,25):
                  'Args={double &, <error type>}'
      C:\ShadowStrike\ShadowStrike\src\Shared_modules\Core\Engine\ScanEngine.cpp(1001,25):
      '(const char [58], double, <error type>)' ba─ş─▒ms─▒z de─şi┼şken listesi e┼şlenmeye ├ğal─▒┼ş─▒l─▒rken
  
C:\ShadowStrike\ShadowStrike\src\Shared_modules\Core\Engine\ScanEngine.cpp(1043,26): error C2039: 'ToNarrowString': bir 'ShadowStrike::Utils::StringUtils' ├╝yesi de─şil [C:\ShadowStrike\ShadowStrike\ShadowStrike.vcxproj]
  ('/src/Shared_modules/Core/Engine/ScanEngine.cpp' kaynak dosyas─▒ derleniyor)
      C:\ShadowStrike\ShadowStrike\src\Shared_modules\Utils\StringUtils.hpp(63,19):
      'ShadowStrike::Utils::StringUtils' bildirimine bak─▒n
  
C:\ShadowStrike\ShadowStrike\src\Shared_modules\Core\Engine\ScanEngine.cpp(1043,26): error C3861: 'ToNarrowString': tan─▒mlay─▒c─▒ bulunamad─▒ [C:\ShadowStrike\ShadowStrike\ShadowStrike.vcxproj]
  ('/src/Shared_modules/Core/Engine/ScanEngine.cpp' kaynak dosyas─▒ derleniyor)
  
C:\ShadowStrike\ShadowStrike\src\Shared_modules\Core\Engine\ScanEngine.cpp(1042,17): error C2660: 'ShadowStrike::Utils::Logger::Info': i┼şlev 4 ba─ş─▒ms─▒z de─şi┼şken alm─▒yor [C:\ShadowStrike\ShadowStrike\ShadowStrike.vcxproj]
  ('/src/Shared_modules/Core/Engine/ScanEngine.cpp' kaynak dosyas─▒ derleniyor)
      C:\ShadowStrike\ShadowStrike\src\Shared_modules\Utils\Logger.hpp(265,16):
      'ShadowStrike::Utils::Logger::Info' bildirimine bak─▒n
      C:\ShadowStrike\ShadowStrike\src\Shared_modules\Utils\Logger.hpp(282,16):
      'void ShadowStrike::Utils::Logger::Info(std::basic_format_string<char,type_identity<_Args>::type...>,Args ...)' olabilirdi
          C:\ShadowStrike\ShadowStrike\src\Shared_modules\Core\Engine\ScanEngine.cpp(1042,17):
          'void ShadowStrike::Utils::Logger::Info(std::basic_format_string<char,type_identity<_Args>::type...>,Args ...)' i┼şlev ┼şablonu ├Âzelle┼ştirilemedi
              C:\ShadowStrike\ShadowStrike\src\Shared_modules\Core\Engine\ScanEngine.cpp(1042,17):
              ┼Şu ┼şablon ba─ş─▒ms─▒z de─şi┼şkenleriyle:
                  C:\ShadowStrike\ShadowStrike\src\Shared_modules\Core\Engine\ScanEngine.cpp(1042,17):
                  'Args={<error type>, int, uint64_t &}'
      C:\ShadowStrike\ShadowStrike\src\Shared_modules\Core\Engine\ScanEngine.cpp(1042,17):
      '(const char [68], <error type>, int, uint64_t)' ba─ş─▒ms─▒z de─şi┼şken listesi e┼şlenmeye ├ğal─▒┼ş─▒l─▒rken
  
C:\ShadowStrike\ShadowStrike\src\Shared_modules\Core\Engine\ScanEngine.cpp(1053,30): error C2039: 'ToWideString': bir 'ShadowStrike::Utils::StringUtils' ├╝yesi de─şil [C:\ShadowStrike\ShadowStrike\ShadowStrike.vcxproj]
  ('/src/Shared_modules/Core/Engine/ScanEngine.cpp' kaynak dosyas─▒ derleniyor)
      C:\ShadowStrike\ShadowStrike\src\Shared_modules\Utils\StringUtils.hpp(63,19):
      'ShadowStrike::Utils::StringUtils' bildirimine bak─▒n
  
C:\ShadowStrike\ShadowStrike\src\Shared_modules\Core\Engine\ScanEngine.cpp(1053,30): error C3861: 'ToWideString': tan─▒mlay─▒c─▒ bulunamad─▒ [C:\ShadowStrike\ShadowStrike\ShadowStrike.vcxproj]
  ('/src/Shared_modules/Core/Engine/ScanEngine.cpp' kaynak dosyas─▒ derleniyor)
  
C:\ShadowStrike\ShadowStrike\src\Shared_modules\Core\Engine\ScanEngine.cpp(1052,18): error C2672: 'std::__p2286::format': e┼şle┼şen a┼ş─▒r─▒ y├╝klenmi┼ş i┼şlev bulunamad─▒ [C:\ShadowStrike\ShadowStrike\ShadowStrike.vcxproj]
  ('/src/Shared_modules/Core/Engine/ScanEngine.cpp' kaynak dosyas─▒ derleniyor)
      C:\Program Files\Microsoft Visual Studio\2022\Community\VC\Tools\MSVC\14.44.35207\include\format(3003,20):
      'std::wstring std::__p2286::format(const std::locale &,const std::basic_format_string<wchar_t,type_identity<_Args>::type...>,_Types ...)' olabilirdi
          C:\ShadowStrike\ShadowStrike\src\Shared_modules\Core\Engine\ScanEngine.cpp(1052,25):
          'ba┼şlat─▒l─▒yor': 'const wchar_t [19]' - 'const std::locale &' d├Ân├╝┼ş├╝m├╝ yap─▒lam─▒yor
              C:\ShadowStrike\ShadowStrike\src\Shared_modules\Core\Engine\ScanEngine.cpp(1052,25):
              Nedeni: 'const wchar_t [19]' de─şerinden 'const std::locale' de─şerine d├Ân├╝┼şt├╝r├╝lemez
              C:\ShadowStrike\ShadowStrike\src\Shared_modules\Core\Engine\ScanEngine.cpp(1052,25):
              'std::locale::locale': hi├ğbir a┼ş─▒r─▒ y├╝klenmi┼ş i┼şlev t├╝m arg├╝man t├╝rlerini d├Ân├╝┼şt├╝remez
                  C:\Program Files\Microsoft Visual Studio\2022\Community\VC\Tools\MSVC\14.44.35207\include\xlocale(265,5):
                  'std::locale::locale(std::_Uninitialized)' olabilirdi
                      C:\ShadowStrike\ShadowStrike\src\Shared_modules\Core\Engine\ScanEngine.cpp(1052,25):
                      'std::locale::locale(std::_Uninitialized)' : 1 ba─ş─▒ms─▒z de─şi┼şkeni 'const wchar_t [19]' de─şerinden 'std::_Uninitialized' de─şerine d├Ân├╝┼şt├╝r├╝lemez
                          C:\ShadowStrike\ShadowStrike\src\Shared_modules\Core\Engine\ScanEngine.cpp(1052,25):
                          Bu d├Ân├╝┼şt├╝rmenin m├╝mk├╝n oldu─şu bir ba─şlam yok
                  C:\Program Files\Microsoft Visual Studio\2022\Community\VC\Tools\MSVC\14.44.35207\include\xlocale(247,5):
                  veya       'std::locale::locale(const std::locale &,const _Facet *)'
                  C:\ShadowStrike\ShadowStrike\src\Shared_modules\Core\Engine\ScanEngine.cpp(1052,25):
                  '(const wchar_t [19])' ba─ş─▒ms─▒z de─şi┼şken listesi e┼şlenmeye ├ğal─▒┼ş─▒l─▒rken
      C:\Program Files\Microsoft Visual Studio\2022\Community\VC\Tools\MSVC\14.44.35207\include\format(2998,19):
      veya       'std::string std::__p2286::format(const std::locale &,const std::basic_format_string<char,type_identity<_Args>::type...>,_Types ...)'
          C:\ShadowStrike\ShadowStrike\src\Shared_modules\Core\Engine\ScanEngine.cpp(1052,25):
          'ba┼şlat─▒l─▒yor': 'const wchar_t [19]' - 'const std::locale &' d├Ân├╝┼ş├╝m├╝ yap─▒lam─▒yor
              C:\ShadowStrike\ShadowStrike\src\Shared_modules\Core\Engine\ScanEngine.cpp(1052,25):
              Nedeni: 'const wchar_t [19]' de─şerinden 'const std::locale' de─şerine d├Ân├╝┼şt├╝r├╝lemez
              C:\ShadowStrike\ShadowStrike\src\Shared_modules\Core\Engine\ScanEngine.cpp(1052,25):
              'std::locale::locale': hi├ğbir a┼ş─▒r─▒ y├╝klenmi┼ş i┼şlev t├╝m arg├╝man t├╝rlerini d├Ân├╝┼şt├╝remez
                  C:\Program Files\Microsoft Visual Studio\2022\Community\VC\Tools\MSVC\14.44.35207\include\xlocale(265,5):
                  'std::locale::locale(std::_Uninitialized)' olabilirdi
                      C:\ShadowStrike\ShadowStrike\src\Shared_modules\Core\Engine\ScanEngine.cpp(1052,25):
                      'std::locale::locale(std::_Uninitialized)' : 1 ba─ş─▒ms─▒z de─şi┼şkeni 'const wchar_t [19]' de─şerinden 'std::_Uninitialized' de─şerine d├Ân├╝┼şt├╝r├╝lemez
                          C:\ShadowStrike\ShadowStrike\src\Shared_modules\Core\Engine\ScanEngine.cpp(1052,25):
                          Bu d├Ân├╝┼şt├╝rmenin m├╝mk├╝n oldu─şu bir ba─şlam yok
                  C:\Program Files\Microsoft Visual Studio\2022\Community\VC\Tools\MSVC\14.44.35207\include\xlocale(247,5):
                  veya       'std::locale::locale(const std::locale &,const _Facet *)'
                  C:\ShadowStrike\ShadowStrike\src\Shared_modules\Core\Engine\ScanEngine.cpp(1052,25):
                  '(const wchar_t [19])' ba─ş─▒ms─▒z de─şi┼şken listesi e┼şlenmeye ├ğal─▒┼ş─▒l─▒rken
      C:\Program Files\Microsoft Visual Studio\2022\Community\VC\Tools\MSVC\14.44.35207\include\format(2993,20):
      veya       'std::wstring std::__p2286::format(const std::basic_format_string<wchar_t,type_identity<_Args>::type...>,_Types ...)'
          C:\ShadowStrike\ShadowStrike\src\Shared_modules\Core\Engine\ScanEngine.cpp(1052,18):
          'std::wstring std::__p2286::format(const std::basic_format_string<wchar_t,type_identity<_Args>::type...>,_Types ...)' i┼şlev ┼şablonu ├Âzelle┼ştirilemedi
              C:\ShadowStrike\ShadowStrike\src\Shared_modules\Core\Engine\ScanEngine.cpp(1052,18):
              ┼Şu ┼şablon ba─ş─▒ms─▒z de─şi┼şkenleriyle:
                  C:\ShadowStrike\ShadowStrike\src\Shared_modules\Core\Engine\ScanEngine.cpp(1052,18):
                  '_Types={<error type>}'
      C:\Program Files\Microsoft Visual Studio\2022\Community\VC\Tools\MSVC\14.44.35207\include\format(2988,19):
      veya       'std::string std::__p2286::format(const std::basic_format_string<char,type_identity<_Args>::type...>,_Types ...)'
          C:\ShadowStrike\ShadowStrike\src\Shared_modules\Core\Engine\ScanEngine.cpp(1052,18):
          'std::string std::__p2286::format(const std::basic_format_string<char,type_identity<_Args>::type...>,_Types ...)' i┼şlev ┼şablonu ├Âzelle┼ştirilemedi
              C:\ShadowStrike\ShadowStrike\src\Shared_modules\Core\Engine\ScanEngine.cpp(1052,18):
              ┼Şu ┼şablon ba─ş─▒ms─▒z de─şi┼şkenleriyle:
                  C:\ShadowStrike\ShadowStrike\src\Shared_modules\Core\Engine\ScanEngine.cpp(1052,18):
                  '_Types={<error type>}'
  
C:\ShadowStrike\ShadowStrike\src\Shared_modules\Core\FileSystem\MediaFileScanner.cpp(117,30): error C2589: '(': '::' sa─ş taraf─▒nda ge├ğersiz belirte├ğ var [C:\ShadowStrike\ShadowStrike\ShadowStrike.vcxproj]
  ('/src/Shared_modules/Core/FileSystem/MediaFileScanner.cpp' kaynak dosyas─▒ derleniyor)
  
C:\ShadowStrike\ShadowStrike\src\Shared_modules\Core\FileSystem\MediaFileScanner.cpp(117,14): error C2062: '<error type>' t├╝r├╝ beklenmiyor [C:\ShadowStrike\ShadowStrike\ShadowStrike.vcxproj]
  ('/src/Shared_modules/Core/FileSystem/MediaFileScanner.cpp' kaynak dosyas─▒ derleniyor)
  
C:\ShadowStrike\ShadowStrike\src\Shared_modules\Core\FileSystem\MediaFileScanner.cpp(117,30): error C2059: s├Âzdizimi hatas─▒: ')' [C:\ShadowStrike\ShadowStrike\ShadowStrike.vcxproj]
  ('/src/Shared_modules/Core/FileSystem/MediaFileScanner.cpp' kaynak dosyas─▒ derleniyor)
  
C:\ShadowStrike\ShadowStrike\src\Shared_modules\Core\FileSystem\MediaFileScanner.cpp(118,30): error C2838: 'Metadata': ├╝ye bildiriminde ge├ğersiz tam ad [C:\ShadowStrike\ShadowStrike\ShadowStrike.vcxproj]
  ('/src/Shared_modules/Core/FileSystem/MediaFileScanner.cpp' kaynak dosyas─▒ derleniyor)
  
C:\ShadowStrike\ShadowStrike\src\Shared_modules\Core\FileSystem\MediaFileScanner.cpp(118,30): error C2065: 'Metadata': bildirimi yap─▒lmam─▒┼ş tan─▒mlay─▒c─▒ [C:\ShadowStrike\ShadowStrike\ShadowStrike.vcxproj]
  ('/src/Shared_modules/Core/FileSystem/MediaFileScanner.cpp' kaynak dosyas─▒ derleniyor)
  
C:\ShadowStrike\ShadowStrike\src\Shared_modules\Core\FileSystem\MediaFileScanner.cpp(118,30): error C2131: ifade sabit olarak de─şerlendirilmedi [C:\ShadowStrike\ShadowStrike\ShadowStrike.vcxproj]
  ('/src/Shared_modules/Core/FileSystem/MediaFileScanner.cpp' kaynak dosyas─▒ derleniyor)
      C:\ShadowStrike\ShadowStrike\src\Shared_modules\Core\FileSystem\MediaFileScanner.cpp(118,30):
      sabit olmayan bir (alt) ifade ile kar┼ş─▒la┼ş─▒ld─▒
  
C:\ShadowStrike\ShadowStrike\src\Shared_modules\Core\FileSystem\MediaFileScanner.cpp(119,30): error C2838: 'AlphaChannel': ├╝ye bildiriminde ge├ğersiz tam ad [C:\ShadowStrike\ShadowStrike\ShadowStrike.vcxproj]
  ('/src/Shared_modules/Core/FileSystem/MediaFileScanner.cpp' kaynak dosyas─▒ derleniyor)
  
C:\ShadowStrike\ShadowStrike\src\Shared_modules\Core\FileSystem\MediaFileScanner.cpp(119,30): error C2065: 'AlphaChannel': bildirimi yap─▒lmam─▒┼ş tan─▒mlay─▒c─▒ [C:\ShadowStrike\ShadowStrike\ShadowStrike.vcxproj]
  ('/src/Shared_modules/Core/FileSystem/MediaFileScanner.cpp' kaynak dosyas─▒ derleniyor)
  
C:\ShadowStrike\ShadowStrike\src\Shared_modules\Core\FileSystem\MediaFileScanner.cpp(119,30): error C2131: ifade sabit olarak de─şerlendirilmedi [C:\ShadowStrike\ShadowStrike\ShadowStrike.vcxproj]
  ('/src/Shared_modules/Core/FileSystem/MediaFileScanner.cpp' kaynak dosyas─▒ derleniyor)
      C:\ShadowStrike\ShadowStrike\src\Shared_modules\Core\FileSystem\MediaFileScanner.cpp(119,30):
      sabit olmayan bir (alt) ifade ile kar┼ş─▒la┼ş─▒ld─▒
  
C:\ShadowStrike\ShadowStrike\src\Shared_modules\Core\FileSystem\MediaFileScanner.cpp(118,30): error C2051: case ifadesi sabit de─şil [C:\ShadowStrike\ShadowStrike\ShadowStrike.vcxproj]
  ('/src/Shared_modules/Core/FileSystem/MediaFileScanner.cpp' kaynak dosyas─▒ derleniyor)
  
C:\ShadowStrike\ShadowStrike\src\Shared_modules\Core\FileSystem\MediaFileScanner.cpp(119,30): error C2051: case ifadesi sabit de─şil [C:\ShadowStrike\ShadowStrike\ShadowStrike.vcxproj]
  ('/src/Shared_modules/Core/FileSystem/MediaFileScanner.cpp' kaynak dosyas─▒ derleniyor)
  
C:\ShadowStrike\ShadowStrike\src\Shared_modules\Core\FileSystem\MediaFileScanner.cpp(143,48): error C2888: 'ShadowStrike::Core::MediaFileScannerConfig ShadowStrike::Core::MediaFileScannerConfig::CreateDefault(void) noexcept': simge 'FileSystem' ad alan─▒n─▒n i├ğinde tan─▒mlanamaz [C:\ShadowStrike\ShadowStrike\ShadowStrike.vcxproj]
  ('/src/Shared_modules/Core/FileSystem/MediaFileScanner.cpp' kaynak dosyas─▒ derleniyor)
  
C:\ShadowStrike\ShadowStrike\src\Shared_modules\Core\FileSystem\MediaFileScanner.cpp(147,48): error C2888: 'ShadowStrike::Core::MediaFileScannerConfig ShadowStrike::Core::MediaFileScannerConfig::CreateDeep(void) noexcept': simge 'FileSystem' ad alan─▒n─▒n i├ğinde tan─▒mlanamaz [C:\ShadowStrike\ShadowStrike\ShadowStrike.vcxproj]
  ('/src/Shared_modules/Core/FileSystem/MediaFileScanner.cpp' kaynak dosyas─▒ derleniyor)
  
C:\ShadowStrike\ShadowStrike\src\Shared_modules\Core\FileSystem\MediaFileScanner.cpp(160,34): error C2888: 'void ShadowStrike::Core::MediaFileScannerStatistics::Reset(void) noexcept': simge 'FileSystem' ad alan─▒n─▒n i├ğinde tan─▒mlanamaz [C:\ShadowStrike\ShadowStrike\ShadowStrike.vcxproj]
  ('/src/Shared_modules/Core/FileSystem/MediaFileScanner.cpp' kaynak dosyas─▒ derleniyor)
  
C:\ShadowStrike\ShadowStrike\src\Shared_modules\Core\FileSystem\MediaFileScanner.cpp(174,25): error C2039: 'Impl': bir 'ShadowStrike::Core::MediaFileScanner' ├╝yesi de─şil [C:\ShadowStrike\ShadowStrike\ShadowStrike.vcxproj]
  ('/src/Shared_modules/Core/FileSystem/MediaFileScanner.cpp' kaynak dosyas─▒ derleniyor)
      C:\ShadowStrike\ShadowStrike\src\Shared_modules\Core\FileSystem\MediaFileScanner.hpp(274,7):
      'ShadowStrike::Core::MediaFileScanner' bildirimine bak─▒n
  
C:\ShadowStrike\ShadowStrike\src\Shared_modules\Core\Engine\ScanEngine.cpp(1149,48): error C2665: 'std::filesystem::file_size': hi├ğbir a┼ş─▒r─▒ y├╝klenmi┼ş i┼şlev t├╝m arg├╝man t├╝rlerini d├Ân├╝┼şt├╝remez [C:\ShadowStrike\ShadowStrike\ShadowStrike.vcxproj]
  ('/src/Shared_modules/Core/Engine/ScanEngine.cpp' kaynak dosyas─▒ derleniyor)
      C:\Program Files\Microsoft Visual Studio\2022\Community\VC\Tools\MSVC\14.44.35207\include\filesystem(3492,45):
      'uintmax_t std::filesystem::file_size(const std::filesystem::path &,std::error_code &) noexcept' olabilirdi
          C:\ShadowStrike\ShadowStrike\src\Shared_modules\Core\Engine\ScanEngine.cpp(1149,48):
          'uintmax_t std::filesystem::file_size(const std::filesystem::path &,std::error_code &) noexcept' : 2 ba─ş─▒ms─▒z de─şi┼şkeni 'std::error_code' de─şerinden 'std::error_code &' de─şerine d├Ân├╝┼şt├╝r├╝lemez
              C:\ShadowStrike\ShadowStrike\src\Shared_modules\Core\Engine\ScanEngine.cpp(1149,83):
              Sabit olmayan bir ba┼şvuru yaln─▒zca lvalue ile ba─şlanabilir
      C:\ShadowStrike\ShadowStrike\src\Shared_modules\Core\Engine\ScanEngine.cpp(1149,48):
      '(const std::basic_string<wchar_t,std::char_traits<wchar_t>,std::allocator<wchar_t>>, std::error_code)' ba─ş─▒ms─▒z de─şi┼şken listesi e┼şlenmeye ├ğal─▒┼ş─▒l─▒rken
  
C:\ShadowStrike\ShadowStrike\src\Shared_modules\Core\FileSystem\MediaFileScanner.cpp(345,34): error C2039: 'ToNarrowString': bir 'ShadowStrike::Utils::StringUtils' ├╝yesi de─şil [C:\ShadowStrike\ShadowStrike\ShadowStrike.vcxproj]
  ('/src/Shared_modules/Core/FileSystem/MediaFileScanner.cpp' kaynak dosyas─▒ derleniyor)
      C:\ShadowStrike\ShadowStrike\src\Shared_modules\Utils\StringUtils.hpp(63,19):
      'ShadowStrike::Utils::StringUtils' bildirimine bak─▒n
  
C:\ShadowStrike\ShadowStrike\src\Shared_modules\Core\FileSystem\MediaFileScanner.cpp(345,34): error C3861: 'ToNarrowString': tan─▒mlay─▒c─▒ bulunamad─▒ [C:\ShadowStrike\ShadowStrike\ShadowStrike.vcxproj]
  ('/src/Shared_modules/Core/FileSystem/MediaFileScanner.cpp' kaynak dosyas─▒ derleniyor)
  
C:\ShadowStrike\ShadowStrike\src\Shared_modules\Core\FileSystem\ExecutableAnalyzer.cpp(423,13): error C2653: 'Logger': bir s─▒n─▒f veya ad alan─▒ ad─▒ de─şil [C:\ShadowStrike\ShadowStrike\ShadowStrike.vcxproj]
  ('/src/Shared_modules/Core/FileSystem/ExecutableAnalyzer.cpp' kaynak dosyas─▒ derleniyor)
  
C:\ShadowStrike\ShadowStrike\src\Shared_modules\Core\FileSystem\MediaFileScanner.cpp(344,25): error C2660: 'ShadowStrike::Utils::Logger::Error': i┼şlev 2 ba─ş─▒ms─▒z de─şi┼şken alm─▒yor [C:\ShadowStrike\ShadowStrike\ShadowStrike.vcxproj]
  ('/src/Shared_modules/Core/FileSystem/MediaFileScanner.cpp' kaynak dosyas─▒ derleniyor)
      C:\ShadowStrike\ShadowStrike\src\Shared_modules\Utils\Logger.hpp(263,16):
      'ShadowStrike::Utils::Logger::Error' bildirimine bak─▒n
      C:\ShadowStrike\ShadowStrike\src\Shared_modules\Utils\Logger.hpp(274,16):
      'void ShadowStrike::Utils::Logger::Error(std::basic_format_string<char,type_identity<_Args>::type...>,Args ...)' olabilirdi
          C:\ShadowStrike\ShadowStrike\src\Shared_modules\Core\FileSystem\MediaFileScanner.cpp(344,25):
          'void ShadowStrike::Utils::Logger::Error(std::basic_format_string<char,type_identity<_Args>::type...>,Args ...)' i┼şlev ┼şablonu ├Âzelle┼ştirilemedi
              C:\ShadowStrike\ShadowStrike\src\Shared_modules\Core\FileSystem\MediaFileScanner.cpp(344,25):
              ┼Şu ┼şablon ba─ş─▒ms─▒z de─şi┼şkenleriyle:
                  C:\ShadowStrike\ShadowStrike\src\Shared_modules\Core\FileSystem\MediaFileScanner.cpp(344,25):
                  'Args={<error type>}'
      C:\ShadowStrike\ShadowStrike\src\Shared_modules\Core\FileSystem\MediaFileScanner.cpp(344,25):
      '(const char [37], <error type>)' ba─ş─▒ms─▒z de─şi┼şken listesi e┼şlenmeye ├ğal─▒┼ş─▒l─▒rken
  
C:\ShadowStrike\ShadowStrike\src\Shared_modules\Core\FileSystem\ExecutableAnalyzer.cpp(423,21): error C3861: 'Info': tan─▒mlay─▒c─▒ bulunamad─▒ [C:\ShadowStrike\ShadowStrike\ShadowStrike.vcxproj]
  ('/src/Shared_modules/Core/FileSystem/ExecutableAnalyzer.cpp' kaynak dosyas─▒ derleniyor)
  
C:\ShadowStrike\ShadowStrike\src\Shared_modules\Core\FileSystem\ExecutableAnalyzer.cpp(426,40): error C2039: 'Instance': bir 'ShadowStrike::HashStore::HashStore' ├╝yesi de─şil [C:\ShadowStrike\ShadowStrike\ShadowStrike.vcxproj]
  ('/src/Shared_modules/Core/FileSystem/ExecutableAnalyzer.cpp' kaynak dosyas─▒ derleniyor)
      C:\ShadowStrike\ShadowStrike\src\Shared_modules\HashStore\HashStore.hpp(206,7):
      'ShadowStrike::HashStore::HashStore' bildirimine bak─▒n
  
C:\ShadowStrike\ShadowStrike\src\Shared_modules\Core\FileSystem\ExecutableAnalyzer.cpp(426,40): error C3861: 'Instance': tan─▒mlay─▒c─▒ bulunamad─▒ [C:\ShadowStrike\ShadowStrike\ShadowStrike.vcxproj]
  ('/src/Shared_modules/Core/FileSystem/ExecutableAnalyzer.cpp' kaynak dosyas─▒ derleniyor)
  
C:\ShadowStrike\ShadowStrike\src\Shared_modules\Core\FileSystem\ExecutableAnalyzer.cpp(427,17): error C2653: 'Logger': bir s─▒n─▒f veya ad alan─▒ ad─▒ de─şil [C:\ShadowStrike\ShadowStrike\ShadowStrike.vcxproj]
  ('/src/Shared_modules/Core/FileSystem/ExecutableAnalyzer.cpp' kaynak dosyas─▒ derleniyor)
  
C:\ShadowStrike\ShadowStrike\src\Shared_modules\Core\FileSystem\ExecutableAnalyzer.cpp(427,25): error C3861: 'Warn': tan─▒mlay─▒c─▒ bulunamad─▒ [C:\ShadowStrike\ShadowStrike\ShadowStrike.vcxproj]
  ('/src/Shared_modules/Core/FileSystem/ExecutableAnalyzer.cpp' kaynak dosyas─▒ derleniyor)
  
C:\ShadowStrike\ShadowStrike\src\Shared_modules\Core\FileSystem\ExecutableAnalyzer.cpp(428,44): error C2039: 'Instance': bir 'ShadowStrike::HashStore::HashStore' ├╝yesi de─şil [C:\ShadowStrike\ShadowStrike\ShadowStrike.vcxproj]
  ('/src/Shared_modules/Core/FileSystem/ExecutableAnalyzer.cpp' kaynak dosyas─▒ derleniyor)
      C:\ShadowStrike\ShadowStrike\src\Shared_modules\HashStore\HashStore.hpp(206,7):
      'ShadowStrike::HashStore::HashStore' bildirimine bak─▒n
  
C:\ShadowStrike\ShadowStrike\src\Shared_modules\Core\FileSystem\ExecutableAnalyzer.cpp(428,44): error C3861: 'Instance': tan─▒mlay─▒c─▒ bulunamad─▒ [C:\ShadowStrike\ShadowStrike\ShadowStrike.vcxproj]
  ('/src/Shared_modules/Core/FileSystem/ExecutableAnalyzer.cpp' kaynak dosyas─▒ derleniyor)
  
C:\ShadowStrike\ShadowStrike\src\Shared_modules\Core\FileSystem\ExecutableAnalyzer.cpp(429,21): error C2653: 'Logger': bir s─▒n─▒f veya ad alan─▒ ad─▒ de─şil [C:\ShadowStrike\ShadowStrike\ShadowStrike.vcxproj]
  ('/src/Shared_modules/Core/FileSystem/ExecutableAnalyzer.cpp' kaynak dosyas─▒ derleniyor)
  
C:\ShadowStrike\ShadowStrike\src\Shared_modules\Core\FileSystem\ExecutableAnalyzer.cpp(429,29): error C3861: 'Error': tan─▒mlay─▒c─▒ bulunamad─▒ [C:\ShadowStrike\ShadowStrike\ShadowStrike.vcxproj]
  ('/src/Shared_modules/Core/FileSystem/ExecutableAnalyzer.cpp' kaynak dosyas─▒ derleniyor)
  
C:\ShadowStrike\ShadowStrike\src\Shared_modules\Core\FileSystem\ExecutableAnalyzer.cpp(435,13): error C2653: 'Logger': bir s─▒n─▒f veya ad alan─▒ ad─▒ de─şil [C:\ShadowStrike\ShadowStrike\ShadowStrike.vcxproj]
  ('/src/Shared_modules/Core/FileSystem/ExecutableAnalyzer.cpp' kaynak dosyas─▒ derleniyor)
  
C:\ShadowStrike\ShadowStrike\src\Shared_modules\Core\FileSystem\ExecutableAnalyzer.cpp(435,21): error C3861: 'Info': tan─▒mlay─▒c─▒ bulunamad─▒ [C:\ShadowStrike\ShadowStrike\ShadowStrike.vcxproj]
  ('/src/Shared_modules/Core/FileSystem/ExecutableAnalyzer.cpp' kaynak dosyas─▒ derleniyor)
  
C:\ShadowStrike\ShadowStrike\src\Shared_modules\Core\FileSystem\ExecutableAnalyzer.cpp(439,13): error C2653: 'Logger': bir s─▒n─▒f veya ad alan─▒ ad─▒ de─şil [C:\ShadowStrike\ShadowStrike\ShadowStrike.vcxproj]
  ('/src/Shared_modules/Core/FileSystem/ExecutableAnalyzer.cpp' kaynak dosyas─▒ derleniyor)
  
C:\ShadowStrike\ShadowStrike\src\Shared_modules\Core\FileSystem\ExecutableAnalyzer.cpp(439,21): error C3861: 'Error': tan─▒mlay─▒c─▒ bulunamad─▒ [C:\ShadowStrike\ShadowStrike\ShadowStrike.vcxproj]
  ('/src/Shared_modules/Core/FileSystem/ExecutableAnalyzer.cpp' kaynak dosyas─▒ derleniyor)
  
C:\ShadowStrike\ShadowStrike\src\Shared_modules\Core\FileSystem\ExecutableAnalyzer.cpp(447,9): error C2653: 'Logger': bir s─▒n─▒f veya ad alan─▒ ad─▒ de─şil [C:\ShadowStrike\ShadowStrike\ShadowStrike.vcxproj]
  ('/src/Shared_modules/Core/FileSystem/ExecutableAnalyzer.cpp' kaynak dosyas─▒ derleniyor)
  
C:\ShadowStrike\ShadowStrike\src\Shared_modules\Core\FileSystem\ExecutableAnalyzer.cpp(447,17): error C3861: 'Info': tan─▒mlay─▒c─▒ bulunamad─▒ [C:\ShadowStrike\ShadowStrike\ShadowStrike.vcxproj]
  ('/src/Shared_modules/Core/FileSystem/ExecutableAnalyzer.cpp' kaynak dosyas─▒ derleniyor)
  
C:\ShadowStrike\ShadowStrike\src\Shared_modules\Core\FileSystem\ExecutableAnalyzer.cpp(463,17): error C2653: 'Logger': bir s─▒n─▒f veya ad alan─▒ ad─▒ de─şil [C:\ShadowStrike\ShadowStrike\ShadowStrike.vcxproj]
  ('/src/Shared_modules/Core/FileSystem/ExecutableAnalyzer.cpp' kaynak dosyas─▒ derleniyor)
  
C:\ShadowStrike\ShadowStrike\src\Shared_modules\Core\Engine\ScanEngine.cpp(1244,26): error C2039: 'ToNarrowString': bir 'ShadowStrike::Utils::StringUtils' ├╝yesi de─şil [C:\ShadowStrike\ShadowStrike\ShadowStrike.vcxproj]
  ('/src/Shared_modules/Core/Engine/ScanEngine.cpp' kaynak dosyas─▒ derleniyor)
      C:\ShadowStrike\ShadowStrike\src\Shared_modules\Utils\StringUtils.hpp(63,19):
      'ShadowStrike::Utils::StringUtils' bildirimine bak─▒n
  
C:\ShadowStrike\ShadowStrike\src\Shared_modules\Core\Engine\ScanEngine.cpp(1244,26): error C3861: 'ToNarrowString': tan─▒mlay─▒c─▒ bulunamad─▒ [C:\ShadowStrike\ShadowStrike\ShadowStrike.vcxproj]
  ('/src/Shared_modules/Core/Engine/ScanEngine.cpp' kaynak dosyas─▒ derleniyor)
  
C:\ShadowStrike\ShadowStrike\src\Shared_modules\Core\FileSystem\ExecutableAnalyzer.cpp(463,25): error C3861: 'Error': tan─▒mlay─▒c─▒ bulunamad─▒ [C:\ShadowStrike\ShadowStrike\ShadowStrike.vcxproj]
  ('/src/Shared_modules/Core/FileSystem/ExecutableAnalyzer.cpp' kaynak dosyas─▒ derleniyor)
  
C:\ShadowStrike\ShadowStrike\src\Shared_modules\Core\FileSystem\ExecutableAnalyzer.cpp(469,17): error C2653: 'Logger': bir s─▒n─▒f veya ad alan─▒ ad─▒ de─şil [C:\ShadowStrike\ShadowStrike\ShadowStrike.vcxproj]
  ('/src/Shared_modules/Core/FileSystem/ExecutableAnalyzer.cpp' kaynak dosyas─▒ derleniyor)
  
C:\ShadowStrike\ShadowStrike\src\Shared_modules\Core\FileSystem\ExecutableAnalyzer.cpp(469,25): error C3861: 'Error': tan─▒mlay─▒c─▒ bulunamad─▒ [C:\ShadowStrike\ShadowStrike\ShadowStrike.vcxproj]
  ('/src/Shared_modules/Core/FileSystem/ExecutableAnalyzer.cpp' kaynak dosyas─▒ derleniyor)
  
C:\ShadowStrike\ShadowStrike\src\Shared_modules\Core\Engine\ScanEngine.cpp(1243,17): error C2660: 'ShadowStrike::Utils::Logger::Info': i┼şlev 2 ba─ş─▒ms─▒z de─şi┼şken alm─▒yor [C:\ShadowStrike\ShadowStrike\ShadowStrike.vcxproj]
  ('/src/Shared_modules/Core/Engine/ScanEngine.cpp' kaynak dosyas─▒ derleniyor)
      C:\ShadowStrike\ShadowStrike\src\Shared_modules\Utils\Logger.hpp(265,16):
      'ShadowStrike::Utils::Logger::Info' bildirimine bak─▒n
      C:\ShadowStrike\ShadowStrike\src\Shared_modules\Utils\Logger.hpp(282,16):
      'void ShadowStrike::Utils::Logger::Info(std::basic_format_string<char,type_identity<_Args>::type...>,Args ...)' olabilirdi
          C:\ShadowStrike\ShadowStrike\src\Shared_modules\Core\Engine\ScanEngine.cpp(1243,17):
          'void ShadowStrike::Utils::Logger::Info(std::basic_format_string<char,type_identity<_Args>::type...>,Args ...)' i┼şlev ┼şablonu ├Âzelle┼ştirilemedi
              C:\ShadowStrike\ShadowStrike\src\Shared_modules\Core\Engine\ScanEngine.cpp(1243,17):
              ┼Şu ┼şablon ba─ş─▒ms─▒z de─şi┼şkenleriyle:
                  C:\ShadowStrike\ShadowStrike\src\Shared_modules\Core\Engine\ScanEngine.cpp(1243,17):
                  'Args={<error type>}'
      C:\ShadowStrike\ShadowStrike\src\Shared_modules\Core\Engine\ScanEngine.cpp(1243,17):
      '(const char [40], <error type>)' ba─ş─▒ms─▒z de─şi┼şken listesi e┼şlenmeye ├ğal─▒┼ş─▒l─▒rken
  
C:\ShadowStrike\ShadowStrike\src\Shared_modules\Core\FileSystem\ExecutableAnalyzer.cpp(475,36): error C2039: 'FileExists': bir 'ShadowStrike::Utils::FileUtils' ├╝yesi de─şil [C:\ShadowStrike\ShadowStrike\ShadowStrike.vcxproj]
  ('/src/Shared_modules/Core/FileSystem/ExecutableAnalyzer.cpp' kaynak dosyas─▒ derleniyor)
      C:\ShadowStrike\ShadowStrike\src\Shared_modules\Utils\FileUtils.hpp(61,13):
      'ShadowStrike::Utils::FileUtils' bildirimine bak─▒n
  
C:\ShadowStrike\ShadowStrike\src\Shared_modules\Core\FileSystem\ExecutableAnalyzer.cpp(475,36): error C3861: 'FileExists': tan─▒mlay─▒c─▒ bulunamad─▒ [C:\ShadowStrike\ShadowStrike\ShadowStrike.vcxproj]
  ('/src/Shared_modules/Core/FileSystem/ExecutableAnalyzer.cpp' kaynak dosyas─▒ derleniyor)
  
C:\ShadowStrike\ShadowStrike\src\Shared_modules\Core\FileSystem\ExecutableAnalyzer.cpp(476,17): error C2653: 'Logger': bir s─▒n─▒f veya ad alan─▒ ad─▒ de─şil [C:\ShadowStrike\ShadowStrike\ShadowStrike.vcxproj]
  ('/src/Shared_modules/Core/FileSystem/ExecutableAnalyzer.cpp' kaynak dosyas─▒ derleniyor)
  
C:\ShadowStrike\ShadowStrike\src\Shared_modules\Core\Engine\ScanEngine.cpp(1282,29): error C7746: 'collectFiles': kendi ba┼şlat─▒c─▒s─▒nda yer alamaz [C:\ShadowStrike\ShadowStrike\ShadowStrike.vcxproj]
  ('/src/Shared_modules/Core/Engine/ScanEngine.cpp' kaynak dosyas─▒ derleniyor)
  
C:\ShadowStrike\ShadowStrike\src\Shared_modules\Core\FileSystem\ExecutableAnalyzer.cpp(477,41): error C2039: 'WideToUtf8': bir 'ShadowStrike::Utils::StringUtils' ├╝yesi de─şil [C:\ShadowStrike\ShadowStrike\ShadowStrike.vcxproj]
  ('/src/Shared_modules/Core/FileSystem/ExecutableAnalyzer.cpp' kaynak dosyas─▒ derleniyor)
      C:\ShadowStrike\ShadowStrike\src\Shared_modules\Utils\StringUtils.hpp(63,19):
      'ShadowStrike::Utils::StringUtils' bildirimine bak─▒n
  
C:\ShadowStrike\ShadowStrike\src\Shared_modules\Core\FileSystem\ExecutableAnalyzer.cpp(477,41): error C3861: 'WideToUtf8': tan─▒mlay─▒c─▒ bulunamad─▒ [C:\ShadowStrike\ShadowStrike\ShadowStrike.vcxproj]
  ('/src/Shared_modules/Core/FileSystem/ExecutableAnalyzer.cpp' kaynak dosyas─▒ derleniyor)
  
C:\ShadowStrike\ShadowStrike\src\Shared_modules\Core\FileSystem\ExecutableAnalyzer.cpp(476,25): error C3861: 'Error': tan─▒mlay─▒c─▒ bulunamad─▒ [C:\ShadowStrike\ShadowStrike\ShadowStrike.vcxproj]
  ('/src/Shared_modules/Core/FileSystem/ExecutableAnalyzer.cpp' kaynak dosyas─▒ derleniyor)
  
C:\ShadowStrike\ShadowStrike\src\Shared_modules\Core\FileSystem\ExecutableAnalyzer.cpp(483,47): error C2039: 'GetFileSize': bir 'ShadowStrike::Utils::FileUtils' ├╝yesi de─şil [C:\ShadowStrike\ShadowStrike\ShadowStrike.vcxproj]
  ('/src/Shared_modules/Core/FileSystem/ExecutableAnalyzer.cpp' kaynak dosyas─▒ derleniyor)
      C:\ShadowStrike\ShadowStrike\src\Shared_modules\Utils\FileUtils.hpp(61,13):
      'ShadowStrike::Utils::FileUtils' bildirimine bak─▒n
  
C:\ShadowStrike\ShadowStrike\src\Shared_modules\Core\FileSystem\ExecutableAnalyzer.cpp(483,47): error C2660: 'GetFileSize': i┼şlev 1 ba─ş─▒ms─▒z de─şi┼şken alm─▒yor [C:\ShadowStrike\ShadowStrike\ShadowStrike.vcxproj]
  ('/src/Shared_modules/Core/FileSystem/ExecutableAnalyzer.cpp' kaynak dosyas─▒ derleniyor)
      C:\Program Files (x86)\Windows Kits\10\Include\10.0.26100.0\um\fileapi.h(671,1):
      'GetFileSize' bildirimine bak─▒n
      C:\ShadowStrike\ShadowStrike\src\Shared_modules\Core\FileSystem\ExecutableAnalyzer.cpp(483,47):
      '(const std::wstring)' ba─ş─▒ms─▒z de─şi┼şken listesi e┼şlenmeye ├ğal─▒┼ş─▒l─▒rken
  
C:\ShadowStrike\ShadowStrike\src\Shared_modules\Core\FileSystem\ExecutableAnalyzer.cpp(485,17): error C2653: 'Logger': bir s─▒n─▒f veya ad alan─▒ ad─▒ de─şil [C:\ShadowStrike\ShadowStrike\ShadowStrike.vcxproj]
  ('/src/Shared_modules/Core/FileSystem/ExecutableAnalyzer.cpp' kaynak dosyas─▒ derleniyor)
  
C:\ShadowStrike\ShadowStrike\src\Shared_modules\Core\FileSystem\ExecutableAnalyzer.cpp(485,25): error C3861: 'Warn': tan─▒mlay─▒c─▒ bulunamad─▒ [C:\ShadowStrike\ShadowStrike\ShadowStrike.vcxproj]
  ('/src/Shared_modules/Core/FileSystem/ExecutableAnalyzer.cpp' kaynak dosyas─▒ derleniyor)
  
C:\ShadowStrike\ShadowStrike\src\Shared_modules\Core\FileSystem\ExecutableAnalyzer.cpp(491,17): error C2653: 'Logger': bir s─▒n─▒f veya ad alan─▒ ad─▒ de─şil [C:\ShadowStrike\ShadowStrike\ShadowStrike.vcxproj]
  ('/src/Shared_modules/Core/FileSystem/ExecutableAnalyzer.cpp' kaynak dosyas─▒ derleniyor)
  
C:\ShadowStrike\ShadowStrike\src\Shared_modules\Core\Engine\ScanEngine.cpp(1282,29): error C3536: 'collectFiles': ba┼şlat─▒lmadan ├Ânce kullan─▒lamaz [C:\ShadowStrike\ShadowStrike\ShadowStrike.vcxproj]
  ('/src/Shared_modules/Core/Engine/ScanEngine.cpp' kaynak dosyas─▒ derleniyor)
  
C:\ShadowStrike\ShadowStrike\src\Shared_modules\Core\FileSystem\ExecutableAnalyzer.cpp(491,25): error C3861: 'Error': tan─▒mlay─▒c─▒ bulunamad─▒ [C:\ShadowStrike\ShadowStrike\ShadowStrike.vcxproj]
  ('/src/Shared_modules/Core/FileSystem/ExecutableAnalyzer.cpp' kaynak dosyas─▒ derleniyor)
  
C:\ShadowStrike\ShadowStrike\src\Shared_modules\Core\Engine\ScanEngine.cpp(1282,29): error C2326: 'void ShadowStrike::Core::Engine::ScanEngine::ScanDirectory::<lambda_1>::operator ()(const std::filesystem::path &,uint32_t) const': i┼şlev 'collectFiles' ├Â─şesine eri┼şemiyor [C:\ShadowStrike\ShadowStrike\ShadowStrike.vcxproj]
  ('/src/Shared_modules/Core/Engine/ScanEngine.cpp' kaynak dosyas─▒ derleniyor)
  
C:\ShadowStrike\ShadowStrike\src\Shared_modules\Core\FileSystem\ExecutableAnalyzer.cpp(497,50): error C2039: 'MemoryMapFile': bir 'ShadowStrike::Utils::FileUtils' ├╝yesi de─şil [C:\ShadowStrike\ShadowStrike\ShadowStrike.vcxproj]
  ('/src/Shared_modules/Core/FileSystem/ExecutableAnalyzer.cpp' kaynak dosyas─▒ derleniyor)
      C:\ShadowStrike\ShadowStrike\src\Shared_modules\Utils\FileUtils.hpp(61,13):
      'ShadowStrike::Utils::FileUtils' bildirimine bak─▒n
  
C:\ShadowStrike\ShadowStrike\src\Shared_modules\Core\FileSystem\ExecutableAnalyzer.cpp(497,50): error C3861: 'MemoryMapFile': tan─▒mlay─▒c─▒ bulunamad─▒ [C:\ShadowStrike\ShadowStrike\ShadowStrike.vcxproj]
  ('/src/Shared_modules/Core/FileSystem/ExecutableAnalyzer.cpp' kaynak dosyas─▒ derleniyor)
  
C:\ShadowStrike\ShadowStrike\src\Shared_modules\Core\FileSystem\ExecutableAnalyzer.cpp(499,17): error C2653: 'Logger': bir s─▒n─▒f veya ad alan─▒ ad─▒ de─şil [C:\ShadowStrike\ShadowStrike\ShadowStrike.vcxproj]
  ('/src/Shared_modules/Core/FileSystem/ExecutableAnalyzer.cpp' kaynak dosyas─▒ derleniyor)
  
C:\ShadowStrike\ShadowStrike\src\Shared_modules\Core\FileSystem\ExecutableAnalyzer.cpp(499,25): error C3861: 'Error': tan─▒mlay─▒c─▒ bulunamad─▒ [C:\ShadowStrike\ShadowStrike\ShadowStrike.vcxproj]
  ('/src/Shared_modules/Core/FileSystem/ExecutableAnalyzer.cpp' kaynak dosyas─▒ derleniyor)
  
C:\ShadowStrike\ShadowStrike\src\Shared_modules\Core\FileSystem\ExecutableAnalyzer.cpp(542,13): error C2653: 'Logger': bir s─▒n─▒f veya ad alan─▒ ad─▒ de─şil [C:\ShadowStrike\ShadowStrike\ShadowStrike.vcxproj]
  ('/src/Shared_modules/Core/FileSystem/ExecutableAnalyzer.cpp' kaynak dosyas─▒ derleniyor)
  
C:\ShadowStrike\ShadowStrike\src\Shared_modules\Core\FileSystem\ExecutableAnalyzer.cpp(543,37): error C2039: 'WideToUtf8': bir 'ShadowStrike::Utils::StringUtils' ├╝yesi de─şil [C:\ShadowStrike\ShadowStrike\ShadowStrike.vcxproj]
  ('/src/Shared_modules/Core/FileSystem/ExecutableAnalyzer.cpp' kaynak dosyas─▒ derleniyor)
      C:\ShadowStrike\ShadowStrike\src\Shared_modules\Utils\StringUtils.hpp(63,19):
      'ShadowStrike::Utils::StringUtils' bildirimine bak─▒n
  
C:\ShadowStrike\ShadowStrike\src\Shared_modules\Core\FileSystem\ExecutableAnalyzer.cpp(543,37): error C3861: 'WideToUtf8': tan─▒mlay─▒c─▒ bulunamad─▒ [C:\ShadowStrike\ShadowStrike\ShadowStrike.vcxproj]
  ('/src/Shared_modules/Core/FileSystem/ExecutableAnalyzer.cpp' kaynak dosyas─▒ derleniyor)
  
C:\ShadowStrike\ShadowStrike\src\Shared_modules\Core\FileSystem\ExecutableAnalyzer.cpp(542,21): error C3861: 'Info': tan─▒mlay─▒c─▒ bulunamad─▒ [C:\ShadowStrike\ShadowStrike\ShadowStrike.vcxproj]
  ('/src/Shared_modules/Core/FileSystem/ExecutableAnalyzer.cpp' kaynak dosyas─▒ derleniyor)
  
C:\ShadowStrike\ShadowStrike\src\Shared_modules\Core\FileSystem\ExecutableAnalyzer.cpp(551,13): error C2653: 'Logger': bir s─▒n─▒f veya ad alan─▒ ad─▒ de─şil [C:\ShadowStrike\ShadowStrike\ShadowStrike.vcxproj]
  ('/src/Shared_modules/Core/FileSystem/ExecutableAnalyzer.cpp' kaynak dosyas─▒ derleniyor)
  
C:\ShadowStrike\ShadowStrike\src\Shared_modules\Core\FileSystem\ExecutableAnalyzer.cpp(551,21): error C3861: 'Error': tan─▒mlay─▒c─▒ bulunamad─▒ [C:\ShadowStrike\ShadowStrike\ShadowStrike.vcxproj]
  ('/src/Shared_modules/Core/FileSystem/ExecutableAnalyzer.cpp' kaynak dosyas─▒ derleniyor)
  
C:\ShadowStrike\ShadowStrike\src\Shared_modules\Core\FileSystem\ExecutableAnalyzer.cpp(576,13): error C2653: 'Logger': bir s─▒n─▒f veya ad alan─▒ ad─▒ de─şil [C:\ShadowStrike\ShadowStrike\ShadowStrike.vcxproj]
  ('/src/Shared_modules/Core/FileSystem/ExecutableAnalyzer.cpp' kaynak dosyas─▒ derleniyor)
  
C:\ShadowStrike\ShadowStrike\src\Shared_modules\Core\FileSystem\ExecutableAnalyzer.cpp(576,21): error C3861: 'Error': tan─▒mlay─▒c─▒ bulunamad─▒ [C:\ShadowStrike\ShadowStrike\ShadowStrike.vcxproj]
  ('/src/Shared_modules/Core/FileSystem/ExecutableAnalyzer.cpp' kaynak dosyas─▒ derleniyor)
  
C:\ShadowStrike\ShadowStrike\src\Shared_modules\Core\FileSystem\ExecutableAnalyzer.cpp(588,50): error C2039: 'MemoryMapFile': bir 'ShadowStrike::Utils::FileUtils' ├╝yesi de─şil [C:\ShadowStrike\ShadowStrike\ShadowStrike.vcxproj]
  ('/src/Shared_modules/Core/FileSystem/ExecutableAnalyzer.cpp' kaynak dosyas─▒ derleniyor)
      C:\ShadowStrike\ShadowStrike\src\Shared_modules\Utils\FileUtils.hpp(61,13):
      'ShadowStrike::Utils::FileUtils' bildirimine bak─▒n
  
C:\ShadowStrike\ShadowStrike\src\Shared_modules\Core\FileSystem\ExecutableAnalyzer.cpp(588,50): error C3861: 'MemoryMapFile': tan─▒mlay─▒c─▒ bulunamad─▒ [C:\ShadowStrike\ShadowStrike\ShadowStrike.vcxproj]
  ('/src/Shared_modules/Core/FileSystem/ExecutableAnalyzer.cpp' kaynak dosyas─▒ derleniyor)
  
C:\ShadowStrike\ShadowStrike\src\Shared_modules\Core\FileSystem\ExecutableAnalyzer.cpp(685,50): error C2039: 'MemoryMapFile': bir 'ShadowStrike::Utils::FileUtils' ├╝yesi de─şil [C:\ShadowStrike\ShadowStrike\ShadowStrike.vcxproj]
  ('/src/Shared_modules/Core/FileSystem/ExecutableAnalyzer.cpp' kaynak dosyas─▒ derleniyor)
      C:\ShadowStrike\ShadowStrike\src\Shared_modules\Utils\FileUtils.hpp(61,13):
      'ShadowStrike::Utils::FileUtils' bildirimine bak─▒n
  
C:\ShadowStrike\ShadowStrike\src\Shared_modules\Core\FileSystem\ExecutableAnalyzer.cpp(685,50): error C3861: 'MemoryMapFile': tan─▒mlay─▒c─▒ bulunamad─▒ [C:\ShadowStrike\ShadowStrike\ShadowStrike.vcxproj]
  ('/src/Shared_modules/Core/FileSystem/ExecutableAnalyzer.cpp' kaynak dosyas─▒ derleniyor)
  
C:\ShadowStrike\ShadowStrike\src\Shared_modules\Core\FileSystem\ExecutableAnalyzer.cpp(700,13): error C2653: 'Logger': bir s─▒n─▒f veya ad alan─▒ ad─▒ de─şil [C:\ShadowStrike\ShadowStrike\ShadowStrike.vcxproj]
  ('/src/Shared_modules/Core/FileSystem/ExecutableAnalyzer.cpp' kaynak dosyas─▒ derleniyor)
  
C:\ShadowStrike\ShadowStrike\src\Shared_modules\Core\FileSystem\ExecutableAnalyzer.cpp(700,21): error C3861: 'Error': tan─▒mlay─▒c─▒ bulunamad─▒ [C:\ShadowStrike\ShadowStrike\ShadowStrike.vcxproj]
  ('/src/Shared_modules/Core/FileSystem/ExecutableAnalyzer.cpp' kaynak dosyas─▒ derleniyor)
  
C:\ShadowStrike\ShadowStrike\src\Shared_modules\Core\FileSystem\ExecutableAnalyzer.cpp(707,50): error C2039: 'MemoryMapFile': bir 'ShadowStrike::Utils::FileUtils' ├╝yesi de─şil [C:\ShadowStrike\ShadowStrike\ShadowStrike.vcxproj]
  ('/src/Shared_modules/Core/FileSystem/ExecutableAnalyzer.cpp' kaynak dosyas─▒ derleniyor)
      C:\ShadowStrike\ShadowStrike\src\Shared_modules\Utils\FileUtils.hpp(61,13):
      'ShadowStrike::Utils::FileUtils' bildirimine bak─▒n
  
C:\ShadowStrike\ShadowStrike\src\Shared_modules\Core\FileSystem\ExecutableAnalyzer.cpp(707,50): error C3861: 'MemoryMapFile': tan─▒mlay─▒c─▒ bulunamad─▒ [C:\ShadowStrike\ShadowStrike\ShadowStrike.vcxproj]
  ('/src/Shared_modules/Core/FileSystem/ExecutableAnalyzer.cpp' kaynak dosyas─▒ derleniyor)
  
C:\ShadowStrike\ShadowStrike\src\Shared_modules\Core\FileSystem\MediaFileScanner.cpp(356,30): error C2039: 'ToNarrowString': bir 'ShadowStrike::Utils::StringUtils' ├╝yesi de─şil [C:\ShadowStrike\ShadowStrike\ShadowStrike.vcxproj]
  ('/src/Shared_modules/Core/FileSystem/MediaFileScanner.cpp' kaynak dosyas─▒ derleniyor)
      C:\ShadowStrike\ShadowStrike\src\Shared_modules\Utils\StringUtils.hpp(63,19):
      'ShadowStrike::Utils::StringUtils' bildirimine bak─▒n
  
C:\ShadowStrike\ShadowStrike\src\Shared_modules\Core\FileSystem\MediaFileScanner.cpp(356,30): error C3861: 'ToNarrowString': tan─▒mlay─▒c─▒ bulunamad─▒ [C:\ShadowStrike\ShadowStrike\ShadowStrike.vcxproj]
  ('/src/Shared_modules/Core/FileSystem/MediaFileScanner.cpp' kaynak dosyas─▒ derleniyor)
  
C:\ShadowStrike\ShadowStrike\src\Shared_modules\Core\FileSystem\ExecutableAnalyzer.cpp(722,13): error C2653: 'Logger': bir s─▒n─▒f veya ad alan─▒ ad─▒ de─şil [C:\ShadowStrike\ShadowStrike\ShadowStrike.vcxproj]
  ('/src/Shared_modules/Core/FileSystem/ExecutableAnalyzer.cpp' kaynak dosyas─▒ derleniyor)
  
C:\ShadowStrike\ShadowStrike\src\Shared_modules\Core\FileSystem\ExecutableAnalyzer.cpp(722,21): error C3861: 'Error': tan─▒mlay─▒c─▒ bulunamad─▒ [C:\ShadowStrike\ShadowStrike\ShadowStrike.vcxproj]
  ('/src/Shared_modules/Core/FileSystem/ExecutableAnalyzer.cpp' kaynak dosyas─▒ derleniyor)
  
C:\ShadowStrike\ShadowStrike\src\Shared_modules\Core\FileSystem\ExecutableAnalyzer.cpp(729,50): error C2039: 'MemoryMapFile': bir 'ShadowStrike::Utils::FileUtils' ├╝yesi de─şil [C:\ShadowStrike\ShadowStrike\ShadowStrike.vcxproj]
  ('/src/Shared_modules/Core/FileSystem/ExecutableAnalyzer.cpp' kaynak dosyas─▒ derleniyor)
      C:\ShadowStrike\ShadowStrike\src\Shared_modules\Utils\FileUtils.hpp(61,13):
      'ShadowStrike::Utils::FileUtils' bildirimine bak─▒n
  
C:\ShadowStrike\ShadowStrike\src\Shared_modules\Core\FileSystem\ExecutableAnalyzer.cpp(729,50): error C3861: 'MemoryMapFile': tan─▒mlay─▒c─▒ bulunamad─▒ [C:\ShadowStrike\ShadowStrike\ShadowStrike.vcxproj]
  ('/src/Shared_modules/Core/FileSystem/ExecutableAnalyzer.cpp' kaynak dosyas─▒ derleniyor)
  
C:\ShadowStrike\ShadowStrike\src\Shared_modules\Core\FileSystem\MediaFileScanner.cpp(355,21): error C2660: 'ShadowStrike::Utils::Logger::Info': i┼şlev 3 ba─ş─▒ms─▒z de─şi┼şken alm─▒yor [C:\ShadowStrike\ShadowStrike\ShadowStrike.vcxproj]
  ('/src/Shared_modules/Core/FileSystem/MediaFileScanner.cpp' kaynak dosyas─▒ derleniyor)
      C:\ShadowStrike\ShadowStrike\src\Shared_modules\Utils\Logger.hpp(265,16):
      'ShadowStrike::Utils::Logger::Info' bildirimine bak─▒n
      C:\ShadowStrike\ShadowStrike\src\Shared_modules\Utils\Logger.hpp(282,16):
      'void ShadowStrike::Utils::Logger::Info(std::basic_format_string<char,type_identity<_Args>::type...>,Args ...)' olabilirdi
          C:\ShadowStrike\ShadowStrike\src\Shared_modules\Core\FileSystem\MediaFileScanner.cpp(355,21):
          'void ShadowStrike::Utils::Logger::Info(std::basic_format_string<char,type_identity<_Args>::type...>,Args ...)' i┼şlev ┼şablonu ├Âzelle┼ştirilemedi
              C:\ShadowStrike\ShadowStrike\src\Shared_modules\Core\FileSystem\MediaFileScanner.cpp(355,21):
              ┼Şu ┼şablon ba─ş─▒ms─▒z de─şi┼şkenleriyle:
                  C:\ShadowStrike\ShadowStrike\src\Shared_modules\Core\FileSystem\MediaFileScanner.cpp(355,21):
                  'Args={<error type>, uint64_t &}'
      C:\ShadowStrike\ShadowStrike\src\Shared_modules\Core\FileSystem\MediaFileScanner.cpp(355,21):
      '(const char [41], <error type>, uint64_t)' ba─ş─▒ms─▒z de─şi┼şken listesi e┼şlenmeye ├ğal─▒┼ş─▒l─▒rken
  
C:\ShadowStrike\ShadowStrike\src\Shared_modules\Core\FileSystem\MediaFileScanner.cpp(359,20): error C2039: 'mediaType': bir 'ShadowStrike::Core::MediaScanResult' ├╝yesi de─şil [C:\ShadowStrike\ShadowStrike\ShadowStrike.vcxproj]
  ('/src/Shared_modules/Core/FileSystem/MediaFileScanner.cpp' kaynak dosyas─▒ derleniyor)
      C:\ShadowStrike\ShadowStrike\src\Shared_modules\Core\FileSystem\MediaFileScanner.hpp(211,21):
      'ShadowStrike::Core::MediaScanResult' bildirimine bak─▒n
  
C:\ShadowStrike\ShadowStrike\src\Shared_modules\Core\Engine\ScanEngine.cpp(1364,30): error C2039: 'ToWideString': bir 'ShadowStrike::Utils::StringUtils' ├╝yesi de─şil [C:\ShadowStrike\ShadowStrike\ShadowStrike.vcxproj]
  ('/src/Shared_modules/Core/Engine/ScanEngine.cpp' kaynak dosyas─▒ derleniyor)
      C:\ShadowStrike\ShadowStrike\src\Shared_modules\Utils\StringUtils.hpp(63,19):
      'ShadowStrike::Utils::StringUtils' bildirimine bak─▒n
  
C:\ShadowStrike\ShadowStrike\src\Shared_modules\Core\Engine\ScanEngine.cpp(1364,30): error C3861: 'ToWideString': tan─▒mlay─▒c─▒ bulunamad─▒ [C:\ShadowStrike\ShadowStrike\ShadowStrike.vcxproj]
  ('/src/Shared_modules/Core/Engine/ScanEngine.cpp' kaynak dosyas─▒ derleniyor)
  
C:\ShadowStrike\ShadowStrike\src\Shared_modules\Core\FileSystem\MediaFileScanner.cpp(360,24): error C2039: 'mediaType': bir 'ShadowStrike::Core::MediaScanResult' ├╝yesi de─şil [C:\ShadowStrike\ShadowStrike\ShadowStrike.vcxproj]
  ('/src/Shared_modules/Core/FileSystem/MediaFileScanner.cpp' kaynak dosyas─▒ derleniyor)
      C:\ShadowStrike\ShadowStrike\src\Shared_modules\Core\FileSystem\MediaFileScanner.hpp(211,21):
      'ShadowStrike::Core::MediaScanResult' bildirimine bak─▒n
  
C:\ShadowStrike\ShadowStrike\src\Shared_modules\Core\FileSystem\ExecutableAnalyzer.cpp(746,13): error C2653: 'Logger': bir s─▒n─▒f veya ad alan─▒ ad─▒ de─şil [C:\ShadowStrike\ShadowStrike\ShadowStrike.vcxproj]
  ('/src/Shared_modules/Core/FileSystem/ExecutableAnalyzer.cpp' kaynak dosyas─▒ derleniyor)
  
C:\ShadowStrike\ShadowStrike\src\Shared_modules\Core\FileSystem\MediaFileScanner.cpp(365,62): error C2039: 'mediaType': bir 'ShadowStrike::Core::MediaScanResult' ├╝yesi de─şil [C:\ShadowStrike\ShadowStrike\ShadowStrike.vcxproj]
  ('/src/Shared_modules/Core/FileSystem/MediaFileScanner.cpp' kaynak dosyas─▒ derleniyor)
      C:\ShadowStrike\ShadowStrike\src\Shared_modules\Core\FileSystem\MediaFileScanner.hpp(211,21):
      'ShadowStrike::Core::MediaScanResult' bildirimine bak─▒n
  
C:\ShadowStrike\ShadowStrike\src\Shared_modules\Core\FileSystem\ExecutableAnalyzer.cpp(746,21): error C3861: 'Error': tan─▒mlay─▒c─▒ bulunamad─▒ [C:\ShadowStrike\ShadowStrike\ShadowStrike.vcxproj]
  ('/src/Shared_modules/Core/FileSystem/ExecutableAnalyzer.cpp' kaynak dosyas─▒ derleniyor)
  
C:\ShadowStrike\ShadowStrike\src\Shared_modules\Core\FileSystem\MediaFileScanner.cpp(365,30): error C2660: 'ShadowStrike::Core::FileSystem::Impl::ValidateFormat': i┼şlev 1 ba─ş─▒ms─▒z de─şi┼şken alm─▒yor [C:\ShadowStrike\ShadowStrike\ShadowStrike.vcxproj]
  ('/src/Shared_modules/Core/FileSystem/MediaFileScanner.cpp' kaynak dosyas─▒ derleniyor)
      C:\ShadowStrike\ShadowStrike\src\Shared_modules\Core\FileSystem\MediaFileScanner.cpp(434,24):
      'ShadowStrike::Core::FileSystem::Impl::ValidateFormat' bildirimine bak─▒n
      C:\ShadowStrike\ShadowStrike\src\Shared_modules\Core\FileSystem\MediaFileScanner.cpp(365,30):
      '(const std::wstring)' ba─ş─▒ms─▒z de─şi┼şken listesi e┼şlenmeye ├ğal─▒┼ş─▒l─▒rken
  
C:\ShadowStrike\ShadowStrike\src\Shared_modules\Core\FileSystem\MediaFileScanner.cpp(369,72): error C2039: 'mediaType': bir 'ShadowStrike::Core::MediaScanResult' ├╝yesi de─şil [C:\ShadowStrike\ShadowStrike\ShadowStrike.vcxproj]
  ('/src/Shared_modules/Core/FileSystem/MediaFileScanner.cpp' kaynak dosyas─▒ derleniyor)
      C:\ShadowStrike\ShadowStrike\src\Shared_modules\Core\FileSystem\MediaFileScanner.hpp(211,21):
      'ShadowStrike::Core::MediaScanResult' bildirimine bak─▒n
  
C:\ShadowStrike\ShadowStrike\src\Shared_modules\Core\FileSystem\MediaFileScanner.cpp(369,35): error C2660: 'ShadowStrike::Core::FileSystem::Impl::ExtractMetadataImpl': i┼şlev 1 ba─ş─▒ms─▒z de─şi┼şken alm─▒yor [C:\ShadowStrike\ShadowStrike\ShadowStrike.vcxproj]
  ('/src/Shared_modules/Core/FileSystem/MediaFileScanner.cpp' kaynak dosyas─▒ derleniyor)
      C:\ShadowStrike\ShadowStrike\src\Shared_modules\Core\FileSystem\MediaFileScanner.cpp(734,33):
      'ShadowStrike::Core::FileSystem::Impl::ExtractMetadataImpl' bildirimine bak─▒n
      C:\ShadowStrike\ShadowStrike\src\Shared_modules\Core\FileSystem\MediaFileScanner.cpp(369,35):
      '(const std::wstring)' ba─ş─▒ms─▒z de─şi┼şken listesi e┼şlenmeye ├ğal─▒┼ş─▒l─▒rken
  
C:\ShadowStrike\ShadowStrike\src\Shared_modules\Core\FileSystem\MediaFileScanner.cpp(374,73): error C2039: 'mediaType': bir 'ShadowStrike::Core::MediaScanResult' ├╝yesi de─şil [C:\ShadowStrike\ShadowStrike\ShadowStrike.vcxproj]
  ('/src/Shared_modules/Core/FileSystem/MediaFileScanner.cpp' kaynak dosyas─▒ derleniyor)
      C:\ShadowStrike\ShadowStrike\src\Shared_modules\Core\FileSystem\MediaFileScanner.hpp(211,21):
      'ShadowStrike::Core::MediaScanResult' bildirimine bak─▒n
  
C:\ShadowStrike\ShadowStrike\src\Shared_modules\Core\FileSystem\MediaFileScanner.cpp(374,32): error C2660: 'ShadowStrike::Core::FileSystem::Impl::DetectSteganographyImpl': i┼şlev 1 ba─ş─▒ms─▒z de─şi┼şken alm─▒yor [C:\ShadowStrike\ShadowStrike\ShadowStrike.vcxproj]
  ('/src/Shared_modules/Core/FileSystem/MediaFileScanner.cpp' kaynak dosyas─▒ derleniyor)
      C:\ShadowStrike\ShadowStrike\src\Shared_modules\Core\FileSystem\MediaFileScanner.cpp(547,33):
      'ShadowStrike::Core::FileSystem::Impl::DetectSteganographyImpl' bildirimine bak─▒n
      C:\ShadowStrike\ShadowStrike\src\Shared_modules\Core\FileSystem\MediaFileScanner.cpp(374,32):
      '(const std::wstring)' ba─ş─▒ms─▒z de─şi┼şken listesi e┼şlenmeye ├ğal─▒┼ş─▒l─▒rken
  
C:\ShadowStrike\ShadowStrike\src\Shared_modules\Core\FileSystem\MediaFileScanner.cpp(383,61): error C2039: 'technique': bir 'ShadowStrike::Core::StegoAnalysis' ├╝yesi de─şil [C:\ShadowStrike\ShadowStrike\ShadowStrike.vcxproj]
  ('/src/Shared_modules/Core/FileSystem/MediaFileScanner.cpp' kaynak dosyas─▒ derleniyor)
      C:\ShadowStrike\ShadowStrike\src\Shared_modules\Core\FileSystem\MediaFileScanner.hpp(185,20):
      'ShadowStrike::Core::StegoAnalysis' bildirimine bak─▒n
  
C:\ShadowStrike\ShadowStrike\src\Shared_modules\Core\Engine\ScanEngine.cpp(1363,18): error C2672: 'std::__p2286::format': e┼şle┼şen a┼ş─▒r─▒ y├╝klenmi┼ş i┼şlev bulunamad─▒ [C:\ShadowStrike\ShadowStrike\ShadowStrike.vcxproj]
  ('/src/Shared_modules/Core/Engine/ScanEngine.cpp' kaynak dosyas─▒ derleniyor)
      C:\Program Files\Microsoft Visual Studio\2022\Community\VC\Tools\MSVC\14.44.35207\include\format(3003,20):
      'std::wstring std::__p2286::format(const std::locale &,const std::basic_format_string<wchar_t,type_identity<_Args>::type...>,_Types ...)' olabilirdi
          C:\ShadowStrike\ShadowStrike\src\Shared_modules\Core\Engine\ScanEngine.cpp(1363,25):
          'ba┼şlat─▒l─▒yor': 'const wchar_t [25]' - 'const std::locale &' d├Ân├╝┼ş├╝m├╝ yap─▒lam─▒yor
              C:\ShadowStrike\ShadowStrike\src\Shared_modules\Core\Engine\ScanEngine.cpp(1363,25):
              Nedeni: 'const wchar_t [25]' de─şerinden 'const std::locale' de─şerine d├Ân├╝┼şt├╝r├╝lemez
              C:\ShadowStrike\ShadowStrike\src\Shared_modules\Core\Engine\ScanEngine.cpp(1363,25):
              'std::locale::locale': hi├ğbir a┼ş─▒r─▒ y├╝klenmi┼ş i┼şlev t├╝m arg├╝man t├╝rlerini d├Ân├╝┼şt├╝remez
                  C:\Program Files\Microsoft Visual Studio\2022\Community\VC\Tools\MSVC\14.44.35207\include\xlocale(265,5):
                  'std::locale::locale(std::_Uninitialized)' olabilirdi
                      C:\ShadowStrike\ShadowStrike\src\Shared_modules\Core\Engine\ScanEngine.cpp(1363,25):
                      'std::locale::locale(std::_Uninitialized)' : 1 ba─ş─▒ms─▒z de─şi┼şkeni 'const wchar_t [25]' de─şerinden 'std::_Uninitialized' de─şerine d├Ân├╝┼şt├╝r├╝lemez
                          C:\ShadowStrike\ShadowStrike\src\Shared_modules\Core\Engine\ScanEngine.cpp(1363,25):
                          Bu d├Ân├╝┼şt├╝rmenin m├╝mk├╝n oldu─şu bir ba─şlam yok
                  C:\Program Files\Microsoft Visual Studio\2022\Community\VC\Tools\MSVC\14.44.35207\include\xlocale(247,5):
                  veya       'std::locale::locale(const std::locale &,const _Facet *)'
                  C:\ShadowStrike\ShadowStrike\src\Shared_modules\Core\Engine\ScanEngine.cpp(1363,25):
                  '(const wchar_t [25])' ba─ş─▒ms─▒z de─şi┼şken listesi e┼şlenmeye ├ğal─▒┼ş─▒l─▒rken
      C:\Program Files\Microsoft Visual Studio\2022\Community\VC\Tools\MSVC\14.44.35207\include\format(2998,19):
      veya       'std::string std::__p2286::format(const std::locale &,const std::basic_format_string<char,type_identity<_Args>::type...>,_Types ...)'
          C:\ShadowStrike\ShadowStrike\src\Shared_modules\Core\Engine\ScanEngine.cpp(1363,25):
          'ba┼şlat─▒l─▒yor': 'const wchar_t [25]' - 'const std::locale &' d├Ân├╝┼ş├╝m├╝ yap─▒lam─▒yor
              C:\ShadowStrike\ShadowStrike\src\Shared_modules\Core\Engine\ScanEngine.cpp(1363,25):
              Nedeni: 'const wchar_t [25]' de─şerinden 'const std::locale' de─şerine d├Ân├╝┼şt├╝r├╝lemez
              C:\ShadowStrike\ShadowStrike\src\Shared_modules\Core\Engine\ScanEngine.cpp(1363,25):
              'std::locale::locale': hi├ğbir a┼ş─▒r─▒ y├╝klenmi┼ş i┼şlev t├╝m arg├╝man t├╝rlerini d├Ân├╝┼şt├╝remez
                  C:\Program Files\Microsoft Visual Studio\2022\Community\VC\Tools\MSVC\14.44.35207\include\xlocale(265,5):
                  'std::locale::locale(std::_Uninitialized)' olabilirdi
                      C:\ShadowStrike\ShadowStrike\src\Shared_modules\Core\Engine\ScanEngine.cpp(1363,25):
                      'std::locale::locale(std::_Uninitialized)' : 1 ba─ş─▒ms─▒z de─şi┼şkeni 'const wchar_t [25]' de─şerinden 'std::_Uninitialized' de─şerine d├Ân├╝┼şt├╝r├╝lemez
                          C:\ShadowStrike\ShadowStrike\src\Shared_modules\Core\Engine\ScanEngine.cpp(1363,25):
                          Bu d├Ân├╝┼şt├╝rmenin m├╝mk├╝n oldu─şu bir ba─şlam yok
                  C:\Program Files\Microsoft Visual Studio\2022\Community\VC\Tools\MSVC\14.44.35207\include\xlocale(247,5):
                  veya       'std::locale::locale(const std::locale &,const _Facet *)'
                  C:\ShadowStrike\ShadowStrike\src\Shared_modules\Core\Engine\ScanEngine.cpp(1363,25):
                  '(const wchar_t [25])' ba─ş─▒ms─▒z de─şi┼şken listesi e┼şlenmeye ├ğal─▒┼ş─▒l─▒rken
      C:\Program Files\Microsoft Visual Studio\2022\Community\VC\Tools\MSVC\14.44.35207\include\format(2993,20):
      veya       'std::wstring std::__p2286::format(const std::basic_format_string<wchar_t,type_identity<_Args>::type...>,_Types ...)'
          C:\ShadowStrike\ShadowStrike\src\Shared_modules\Core\Engine\ScanEngine.cpp(1363,18):
          'std::wstring std::__p2286::format(const std::basic_format_string<wchar_t,type_identity<_Args>::type...>,_Types ...)' i┼şlev ┼şablonu ├Âzelle┼ştirilemedi
              C:\ShadowStrike\ShadowStrike\src\Shared_modules\Core\Engine\ScanEngine.cpp(1363,18):
              ┼Şu ┼şablon ba─ş─▒ms─▒z de─şi┼şkenleriyle:
                  C:\ShadowStrike\ShadowStrike\src\Shared_modules\Core\Engine\ScanEngine.cpp(1363,18):
                  '_Types={<error type>}'
      C:\Program Files\Microsoft Visual Studio\2022\Community\VC\Tools\MSVC\14.44.35207\include\format(2988,19):
      veya       'std::string std::__p2286::format(const std::basic_format_string<char,type_identity<_Args>::type...>,_Types ...)'
          C:\ShadowStrike\ShadowStrike\src\Shared_modules\Core\Engine\ScanEngine.cpp(1363,18):
          'std::string std::__p2286::format(const std::basic_format_string<char,type_identity<_Args>::type...>,_Types ...)' i┼şlev ┼şablonu ├Âzelle┼ştirilemedi
              C:\ShadowStrike\ShadowStrike\src\Shared_modules\Core\Engine\ScanEngine.cpp(1363,18):
              ┼Şu ┼şablon ba─ş─▒ms─▒z de─şi┼şkenleriyle:
                  C:\ShadowStrike\ShadowStrike\src\Shared_modules\Core\Engine\ScanEngine.cpp(1363,18):
                  '_Types={<error type>}'
  
C:\ShadowStrike\ShadowStrike\src\Shared_modules\Core\FileSystem\ExecutableAnalyzer.cpp(970,13): error C2653: 'Logger': bir s─▒n─▒f veya ad alan─▒ ad─▒ de─şil [C:\ShadowStrike\ShadowStrike\ShadowStrike.vcxproj]
  ('/src/Shared_modules/Core/FileSystem/ExecutableAnalyzer.cpp' kaynak dosyas─▒ derleniyor)
  
C:\ShadowStrike\ShadowStrike\src\Shared_modules\Core\FileSystem\ExecutableAnalyzer.cpp(970,21): error C3861: 'Warn': tan─▒mlay─▒c─▒ bulunamad─▒ [C:\ShadowStrike\ShadowStrike\ShadowStrike.vcxproj]
  ('/src/Shared_modules/Core/FileSystem/ExecutableAnalyzer.cpp' kaynak dosyas─▒ derleniyor)
  
C:\ShadowStrike\ShadowStrike\src\Shared_modules\Core\FileSystem\ExecutableAnalyzer.cpp(1029,55): error C2039: 'SHA256': bir 'ShadowStrike::Utils::HashUtils' ├╝yesi de─şil [C:\ShadowStrike\ShadowStrike\ShadowStrike.vcxproj]
  ('/src/Shared_modules/Core/FileSystem/ExecutableAnalyzer.cpp' kaynak dosyas─▒ derleniyor)
      C:\ShadowStrike\ShadowStrike\src\Shared_modules\Utils\HashUtils.hpp(62,13):
      'ShadowStrike::Utils::HashUtils' bildirimine bak─▒n
  
C:\ShadowStrike\ShadowStrike\src\Shared_modules\Core\FileSystem\ExecutableAnalyzer.cpp(1029,55): error C3861: 'SHA256': tan─▒mlay─▒c─▒ bulunamad─▒ [C:\ShadowStrike\ShadowStrike\ShadowStrike.vcxproj]
  ('/src/Shared_modules/Core/FileSystem/ExecutableAnalyzer.cpp' kaynak dosyas─▒ derleniyor)
  
C:\ShadowStrike\ShadowStrike\src\Shared_modules\Core\FileSystem\ExecutableAnalyzer.cpp(1030,30): error C2672: 'std::copy': e┼şle┼şen a┼ş─▒r─▒ y├╝klenmi┼ş i┼şlev bulunamad─▒ [C:\ShadowStrike\ShadowStrike\ShadowStrike.vcxproj]
  ('/src/Shared_modules/Core/FileSystem/ExecutableAnalyzer.cpp' kaynak dosyas─▒ derleniyor)
      C:\Program Files\Microsoft Visual Studio\2022\Community\VC\Tools\MSVC\14.44.35207\include\xutility(4871,9):
      '_FwdIt2 std::copy(_ExPo &&,_FwdIt1,_FwdIt1,_FwdIt2) noexcept' olabilirdi
          C:\ShadowStrike\ShadowStrike\src\Shared_modules\Core\FileSystem\ExecutableAnalyzer.cpp(1030,30):
          '_FwdIt2 std::copy(_ExPo &&,_FwdIt1,_FwdIt1,_FwdIt2) noexcept': 4 ba─ş─▒ms─▒z de─şi┼şken bekleniyor - 2 sa─şland─▒
      C:\Program Files\Microsoft Visual Studio\2022\Community\VC\Tools\MSVC\14.44.35207\include\xutility(4860,21):
      veya       '_OutIt std::copy(_InIt,_InIt,_OutIt)'
          C:\ShadowStrike\ShadowStrike\src\Shared_modules\Core\FileSystem\ExecutableAnalyzer.cpp(1030,30):
          '_OutIt std::copy(_InIt,_InIt,_OutIt)': 3 ba─ş─▒ms─▒z de─şi┼şken bekleniyor - 2 sa─şland─▒
  
C:\ShadowStrike\ShadowStrike\src\Shared_modules\Core\FileSystem\MediaFileScanner.cpp(382,54): error C7595: 'std::basic_format_string<char>::basic_format_string': anl─▒k i┼şlev ├ğa─şr─▒s─▒ sabit bir ifade de─şil [C:\ShadowStrike\ShadowStrike\ShadowStrike.vcxproj]
  ('/src/Shared_modules/Core/FileSystem/MediaFileScanner.cpp' kaynak dosyas─▒ derleniyor)
      C:\Program Files\Microsoft Visual Studio\2022\Community\VC\Tools\MSVC\14.44.35207\include\__msvc_ranges_tuple_formatter.hpp(141,67):
      i┼şlem tan─▒mlanmam─▒┼ş bir i┼şlev ├ğa─şr─▒s─▒ veya 'constexpr' bildirilmeyen bir ├ğa─şr─▒ nedeniyle ba┼şar─▒s─▒z oldu
      C:\Program Files\Microsoft Visual Studio\2022\Community\VC\Tools\MSVC\14.44.35207\include\__msvc_ranges_tuple_formatter.hpp(141,67):
      'std::_You_see_this_error_because_arg_id_is_out_of_range' kullan─▒m─▒na bak─▒n
      C:\ShadowStrike\ShadowStrike\src\Shared_modules\Core\FileSystem\MediaFileScanner.cpp(382,54):
      de─şerlendirmenin ├ğa─şr─▒ y─▒─ş─▒n─▒ (├Ânce en eski ├ğa─şr─▒)
          C:\ShadowStrike\ShadowStrike\src\Shared_modules\Core\FileSystem\MediaFileScanner.cpp(382,54):
          'std::basic_format_string<char>::basic_format_string<char[27]>(const _Ty (&))' i┼şlevi de─şerlendirilirken
          with
          [
              _Ty=char [27]
          ]
          C:\Program Files\Microsoft Visual Studio\2022\Community\VC\Tools\MSVC\14.44.35207\include\format(2857,33):
          'void std::_Parse_format_string<char,std::__p2286::_Format_checker<char>>(std::basic_string_view<char,std::char_traits<char>>,_HandlerT &&)' i┼şlevi de─şerlendirilirken
          with
          [
              _HandlerT=std::__p2286::_Format_checker<char>
          ]
          C:\Program Files\Microsoft Visual Studio\2022\Community\VC\Tools\MSVC\14.44.35207\include\format(1141,42):
          'const _CharT *std::_Parse_replacement_field<char,_HandlerT&>(const _CharT *,const _CharT *,std::__p2286::_Format_checker<_CharT>&)' i┼şlevi de─şerlendirilirken
          with
          [
              _CharT=char,
              _HandlerT=std::__p2286::_Format_checker<char>
          ]
          C:\Program Files\Microsoft Visual Studio\2022\Community\VC\Tools\MSVC\14.44.35207\include\format(1075,75):
          'size_t std::basic_format_parse_context<char>::next_arg_id(void)' i┼şlevi de─şerlendirilirken
          C:\Program Files\Microsoft Visual Studio\2022\Community\VC\Tools\MSVC\14.44.35207\include\__msvc_ranges_tuple_formatter.hpp(141,67):
          'void std::_You_see_this_error_because_arg_id_is_out_of_range(void) noexcept' i┼şlevi de─şerlendirilirken
  
C:\ShadowStrike\ShadowStrike\src\Shared_modules\Core\Engine\ScanEngine.cpp(1492,31): warning C4834: [[nodiscard]] ├Âzniteli─şine sahip i┼şlevin d├Ân├╝┼ş de─şerinin at─▒lmas─▒ [C:\ShadowStrike\ShadowStrike\ShadowStrike.vcxproj]
  ('/src/Shared_modules/Core/Engine/ScanEngine.cpp' kaynak dosyas─▒ derleniyor)
  
C:\ShadowStrike\ShadowStrike\src\Shared_modules\Core\Engine\ScanEngine.cpp(1514,57): error C2039: 'ScanHash': bir 'ShadowStrike::SignatureStore::SignatureStore' ├╝yesi de─şil [C:\ShadowStrike\ShadowStrike\ShadowStrike.vcxproj]
  ('/src/Shared_modules/Core/Engine/ScanEngine.cpp' kaynak dosyas─▒ derleniyor)
      C:\ShadowStrike\ShadowStrike\src\Shared_modules\SignatureStore\SignatureStore.hpp(331,15):
      'ShadowStrike::SignatureStore::SignatureStore' bildirimine bak─▒n
  
C:\ShadowStrike\ShadowStrike\src\Shared_modules\Core\Engine\ScanEngine.cpp(1515,17): error C3536: 'hashResult': ba┼şlat─▒lmadan ├Ânce kullan─▒lamaz [C:\ShadowStrike\ShadowStrike\ShadowStrike.vcxproj]
  ('/src/Shared_modules/Core/Engine/ScanEngine.cpp' kaynak dosyas─▒ derleniyor)
  
C:\ShadowStrike\ShadowStrike\src\Shared_modules\Core\Engine\ScanEngine.cpp(1533,27): error C2039: 'isDetected': bir 'ShadowStrike::SignatureStore::ScanResult' ├╝yesi de─şil [C:\ShadowStrike\ShadowStrike\ShadowStrike.vcxproj]
  ('/src/Shared_modules/Core/Engine/ScanEngine.cpp' kaynak dosyas─▒ derleniyor)
      C:\ShadowStrike\ShadowStrike\src\Shared_modules\SignatureStore\SignatureStore.hpp(222,16):
      'ShadowStrike::SignatureStore::ScanResult' bildirimine bak─▒n
  
C:\ShadowStrike\ShadowStrike\src\Shared_modules\Core\Engine\ScanEngine.cpp(1536,47): error C2039: 'threatName': bir 'ShadowStrike::SignatureStore::ScanResult' ├╝yesi de─şil [C:\ShadowStrike\ShadowStrike\ShadowStrike.vcxproj]
  ('/src/Shared_modules/Core/Engine/ScanEngine.cpp' kaynak dosyas─▒ derleniyor)
      C:\ShadowStrike\ShadowStrike\src\Shared_modules\SignatureStore\SignatureStore.hpp(222,16):
      'ShadowStrike::SignatureStore::ScanResult' bildirimine bak─▒n
  
C:\ShadowStrike\ShadowStrike\src\Shared_modules\Core\Engine\ScanEngine.cpp(1537,45): error C2039: 'severity': bir 'ShadowStrike::SignatureStore::ScanResult' ├╝yesi de─şil [C:\ShadowStrike\ShadowStrike\ShadowStrike.vcxproj]
  ('/src/Shared_modules/Core/Engine/ScanEngine.cpp' kaynak dosyas─▒ derleniyor)
      C:\ShadowStrike\ShadowStrike\src\Shared_modules\SignatureStore\SignatureStore.hpp(222,16):
      'ShadowStrike::SignatureStore::ScanResult' bildirimine bak─▒n
  
C:\ShadowStrike\ShadowStrike\src\Shared_modules\Core\Engine\ScanEngine.cpp(1538,52): error C2039: 'detectionMethod': bir 'ShadowStrike::SignatureStore::ScanResult' ├╝yesi de─şil [C:\ShadowStrike\ShadowStrike\ShadowStrike.vcxproj]
  ('/src/Shared_modules/Core/Engine/ScanEngine.cpp' kaynak dosyas─▒ derleniyor)
      C:\ShadowStrike\ShadowStrike\src\Shared_modules\SignatureStore\SignatureStore.hpp(222,16):
      'ShadowStrike::SignatureStore::ScanResult' bildirimine bak─▒n
  
C:\ShadowStrike\ShadowStrike\src\Shared_modules\Core\FileSystem\ExecutableAnalyzer.cpp(1147,13): error C2653: 'Logger': bir s─▒n─▒f veya ad alan─▒ ad─▒ de─şil [C:\ShadowStrike\ShadowStrike\ShadowStrike.vcxproj]
  ('/src/Shared_modules/Core/FileSystem/ExecutableAnalyzer.cpp' kaynak dosyas─▒ derleniyor)
  
C:\ShadowStrike\ShadowStrike\src\Shared_modules\Core\Engine\ScanEngine.cpp(1576,42): error C2039: 'GetProcessImagePath': bir 'ShadowStrike::Utils::ProcessUtils' ├╝yesi de─şil [C:\ShadowStrike\ShadowStrike\ShadowStrike.vcxproj]
  ('/src/Shared_modules/Core/Engine/ScanEngine.cpp' kaynak dosyas─▒ derleniyor)
      C:\ShadowStrike\ShadowStrike\src\Shared_modules\Core\Engine\BehaviorAnalyzer.hpp(236,19):
      'ShadowStrike::Utils::ProcessUtils' bildirimine bak─▒n
  
C:\ShadowStrike\ShadowStrike\src\Shared_modules\Core\FileSystem\ExecutableAnalyzer.cpp(1147,21): error C3861: 'Error': tan─▒mlay─▒c─▒ bulunamad─▒ [C:\ShadowStrike\ShadowStrike\ShadowStrike.vcxproj]
  ('/src/Shared_modules/Core/FileSystem/ExecutableAnalyzer.cpp' kaynak dosyas─▒ derleniyor)
  
C:\ShadowStrike\ShadowStrike\src\Shared_modules\Core\Engine\ScanEngine.cpp(1576,42): error C3861: 'GetProcessImagePath': tan─▒mlay─▒c─▒ bulunamad─▒ [C:\ShadowStrike\ShadowStrike\ShadowStrike.vcxproj]
  ('/src/Shared_modules/Core/Engine/ScanEngine.cpp' kaynak dosyas─▒ derleniyor)
  
C:\ShadowStrike\ShadowStrike\src\Shared_modules\Core\Engine\ScanEngine.cpp(1608,40): error C2661: 'ShadowStrike::Utils::ProcessUtils::EnumerateProcesses': hi├ğbir a┼ş─▒r─▒ y├╝klenmi┼ş i┼şlev 0 ba─ş─▒ms─▒z de─şi┼şken almaz [C:\ShadowStrike\ShadowStrike\ShadowStrike.vcxproj]
  ('/src/Shared_modules/Core/Engine/ScanEngine.cpp' kaynak dosyas─▒ derleniyor)
      C:\ShadowStrike\ShadowStrike\src\Shared_modules\Core\Engine\ScanEngine.cpp(1608,40):
      '()' ba─ş─▒ms─▒z de─şi┼şken listesi e┼şlenmeye ├ğal─▒┼ş─▒l─▒rken
  
C:\ShadowStrike\ShadowStrike\src\Shared_modules\Core\FileSystem\ExecutableAnalyzer.cpp(1258,17): error C2653: 'Logger': bir s─▒n─▒f veya ad alan─▒ ad─▒ de─şil [C:\ShadowStrike\ShadowStrike\ShadowStrike.vcxproj]
  ('/src/Shared_modules/Core/FileSystem/ExecutableAnalyzer.cpp' kaynak dosyas─▒ derleniyor)
  
C:\ShadowStrike\ShadowStrike\src\Shared_modules\Core\Engine\ScanEngine.cpp(1612,32): error C3312: ├ğa─şr─▒labilir hi├ğbir 'begin' i┼şlevi bulunamad─▒ ('_T' t├╝r├╝ i├ğin) [C:\ShadowStrike\ShadowStrike\ShadowStrike.vcxproj]
C:\ShadowStrike\ShadowStrike\src\Shared_modules\Core\Engine\ScanEngine.cpp(1612,32): error C3312:         with [C:\ShadowStrike\ShadowStrike\ShadowStrike.vcxproj]
C:\ShadowStrike\ShadowStrike\src\Shared_modules\Core\Engine\ScanEngine.cpp(1612,32): error C3312:         [ [C:\ShadowStrike\ShadowStrike\ShadowStrike.vcxproj]
C:\ShadowStrike\ShadowStrike\src\Shared_modules\Core\Engine\ScanEngine.cpp(1612,32): error C3312:             _T=bool [C:\ShadowStrike\ShadowStrike\ShadowStrike.vcxproj]
C:\ShadowStrike\ShadowStrike\src\Shared_modules\Core\Engine\ScanEngine.cpp(1612,32): error C3312:         ] [C:\ShadowStrike\ShadowStrike\ShadowStrike.vcxproj]
  ('/src/Shared_modules/Core/Engine/ScanEngine.cpp' kaynak dosyas─▒ derleniyor)
  
C:\ShadowStrike\ShadowStrike\src\Shared_modules\Core\FileSystem\ExecutableAnalyzer.cpp(1258,25): error C3861: 'Warn': tan─▒mlay─▒c─▒ bulunamad─▒ [C:\ShadowStrike\ShadowStrike\ShadowStrike.vcxproj]
  ('/src/Shared_modules/Core/FileSystem/ExecutableAnalyzer.cpp' kaynak dosyas─▒ derleniyor)
  
C:\ShadowStrike\ShadowStrike\src\Shared_modules\Core\Engine\ScanEngine.cpp(1612,32): error C3312: ├ğa─şr─▒labilir hi├ğbir 'end' i┼şlevi bulunamad─▒ ('_T' t├╝r├╝ i├ğin) [C:\ShadowStrike\ShadowStrike\ShadowStrike.vcxproj]
C:\ShadowStrike\ShadowStrike\src\Shared_modules\Core\Engine\ScanEngine.cpp(1612,32): error C3312:         with [C:\ShadowStrike\ShadowStrike\ShadowStrike.vcxproj]
C:\ShadowStrike\ShadowStrike\src\Shared_modules\Core\Engine\ScanEngine.cpp(1612,32): error C3312:         [ [C:\ShadowStrike\ShadowStrike\ShadowStrike.vcxproj]
C:\ShadowStrike\ShadowStrike\src\Shared_modules\Core\Engine\ScanEngine.cpp(1612,32): error C3312:             _T=bool [C:\ShadowStrike\ShadowStrike\ShadowStrike.vcxproj]
C:\ShadowStrike\ShadowStrike\src\Shared_modules\Core\Engine\ScanEngine.cpp(1612,32): error C3312:         ] [C:\ShadowStrike\ShadowStrike\ShadowStrike.vcxproj]
  ('/src/Shared_modules/Core/Engine/ScanEngine.cpp' kaynak dosyas─▒ derleniyor)
  
C:\ShadowStrike\ShadowStrike\src\Shared_modules\Core\Engine\ScanEngine.cpp(1612,32): error C1003: hata say─▒s─▒ 100 taneyi a┼şt─▒; derleme durduruluyor [C:\ShadowStrike\ShadowStrike\ShadowStrike.vcxproj]
  ('/src/Shared_modules/Core/Engine/ScanEngine.cpp' kaynak dosyas─▒ derleniyor)
  
C:\ShadowStrike\ShadowStrike\src\Shared_modules\Core\FileSystem\ExecutableAnalyzer.cpp(1266,13): error C2653: 'Logger': bir s─▒n─▒f veya ad alan─▒ ad─▒ de─şil [C:\ShadowStrike\ShadowStrike\ShadowStrike.vcxproj]
  ('/src/Shared_modules/Core/FileSystem/ExecutableAnalyzer.cpp' kaynak dosyas─▒ derleniyor)
  
C:\ShadowStrike\ShadowStrike\src\Shared_modules\Core\FileSystem\ExecutableAnalyzer.cpp(1266,21): error C3861: 'Error': tan─▒mlay─▒c─▒ bulunamad─▒ [C:\ShadowStrike\ShadowStrike\ShadowStrike.vcxproj]
  ('/src/Shared_modules/Core/FileSystem/ExecutableAnalyzer.cpp' kaynak dosyas─▒ derleniyor)
  
C:\ShadowStrike\ShadowStrike\src\Shared_modules\Core\FileSystem\ExecutableAnalyzer.cpp(1315,13): error C2653: 'Logger': bir s─▒n─▒f veya ad alan─▒ ad─▒ de─şil [C:\ShadowStrike\ShadowStrike\ShadowStrike.vcxproj]
  ('/src/Shared_modules/Core/FileSystem/ExecutableAnalyzer.cpp' kaynak dosyas─▒ derleniyor)
  
C:\ShadowStrike\ShadowStrike\src\Shared_modules\Core\FileSystem\ExecutableAnalyzer.cpp(1315,21): error C3861: 'Error': tan─▒mlay─▒c─▒ bulunamad─▒ [C:\ShadowStrike\ShadowStrike\ShadowStrike.vcxproj]
  ('/src/Shared_modules/Core/FileSystem/ExecutableAnalyzer.cpp' kaynak dosyas─▒ derleniyor)
  
C:\ShadowStrike\ShadowStrike\src\Shared_modules\Core\FileSystem\ExecutableAnalyzer.cpp(1354,13): error C2653: 'Logger': bir s─▒n─▒f veya ad alan─▒ ad─▒ de─şil [C:\ShadowStrike\ShadowStrike\ShadowStrike.vcxproj]
  ('/src/Shared_modules/Core/FileSystem/ExecutableAnalyzer.cpp' kaynak dosyas─▒ derleniyor)
  
C:\ShadowStrike\ShadowStrike\src\Shared_modules\Core\FileSystem\ExecutableAnalyzer.cpp(1354,21): error C3861: 'Error': tan─▒mlay─▒c─▒ bulunamad─▒ [C:\ShadowStrike\ShadowStrike\ShadowStrike.vcxproj]
  ('/src/Shared_modules/Core/FileSystem/ExecutableAnalyzer.cpp' kaynak dosyas─▒ derleniyor)
  
C:\ShadowStrike\ShadowStrike\src\Shared_modules\Core\FileSystem\ExecutableAnalyzer.cpp(1438,13): error C2653: 'Logger': bir s─▒n─▒f veya ad alan─▒ ad─▒ de─şil [C:\ShadowStrike\ShadowStrike\ShadowStrike.vcxproj]
  ('/src/Shared_modules/Core/FileSystem/ExecutableAnalyzer.cpp' kaynak dosyas─▒ derleniyor)
  
C:\ShadowStrike\ShadowStrike\src\Shared_modules\Core\FileSystem\ExecutableAnalyzer.cpp(1438,21): error C3861: 'Error': tan─▒mlay─▒c─▒ bulunamad─▒ [C:\ShadowStrike\ShadowStrike\ShadowStrike.vcxproj]
  ('/src/Shared_modules/Core/FileSystem/ExecutableAnalyzer.cpp' kaynak dosyas─▒ derleniyor)
  
C:\ShadowStrike\ShadowStrike\src\Shared_modules\Core\FileSystem\MediaFileScanner.cpp(578,51): error C2039: 'technique': bir 'ShadowStrike::Core::StegoAnalysis' ├╝yesi de─şil [C:\ShadowStrike\ShadowStrike\ShadowStrike.vcxproj]
  ('/src/Shared_modules/Core/FileSystem/MediaFileScanner.cpp' kaynak dosyas─▒ derleniyor)
      C:\ShadowStrike\ShadowStrike\src\Shared_modules\Core\FileSystem\MediaFileScanner.hpp(185,20):
      'ShadowStrike::Core::StegoAnalysis' bildirimine bak─▒n
  
  AMSIIntegration.cpp
C:\ShadowStrike\ShadowStrike\src\Shared_modules\Core\FileSystem\FileReputation.cpp(184,13): error C2653: 'Logger': bir s─▒n─▒f veya ad alan─▒ ad─▒ de─şil [C:\ShadowStrike\ShadowStrike\ShadowStrike.vcxproj]
  ('/src/Shared_modules/Core/FileSystem/FileReputation.cpp' kaynak dosyas─▒ derleniyor)
  
C:\ShadowStrike\ShadowStrike\src\Shared_modules\Core\FileSystem\FileReputation.cpp(184,21): error C3861: 'Info': tan─▒mlay─▒c─▒ bulunamad─▒ [C:\ShadowStrike\ShadowStrike\ShadowStrike.vcxproj]
  ('/src/Shared_modules/Core/FileSystem/FileReputation.cpp' kaynak dosyas─▒ derleniyor)
  
C:\ShadowStrike\ShadowStrike\src\Shared_modules\Core\FileSystem\FileReputation.cpp(192,13): error C2653: 'Logger': bir s─▒n─▒f veya ad alan─▒ ad─▒ de─şil [C:\ShadowStrike\ShadowStrike\ShadowStrike.vcxproj]
  ('/src/Shared_modules/Core/FileSystem/FileReputation.cpp' kaynak dosyas─▒ derleniyor)
  
C:\ShadowStrike\ShadowStrike\src\Shared_modules\Core\FileSystem\FileReputation.cpp(192,21): error C3861: 'Error': tan─▒mlay─▒c─▒ bulunamad─▒ [C:\ShadowStrike\ShadowStrike\ShadowStrike.vcxproj]
  ('/src/Shared_modules/Core/FileSystem/FileReputation.cpp' kaynak dosyas─▒ derleniyor)
  
C:\ShadowStrike\ShadowStrike\src\Shared_modules\Core\FileSystem\FileReputation.cpp(208,13): error C2653: 'Logger': bir s─▒n─▒f veya ad alan─▒ ad─▒ de─şil [C:\ShadowStrike\ShadowStrike\ShadowStrike.vcxproj]
  ('/src/Shared_modules/Core/FileSystem/FileReputation.cpp' kaynak dosyas─▒ derleniyor)
  
C:\ShadowStrike\ShadowStrike\src\Shared_modules\Core\FileSystem\FileReputation.cpp(208,21): error C3861: 'Info': tan─▒mlay─▒c─▒ bulunamad─▒ [C:\ShadowStrike\ShadowStrike\ShadowStrike.vcxproj]
  ('/src/Shared_modules/Core/FileSystem/FileReputation.cpp' kaynak dosyas─▒ derleniyor)
  
C:\ShadowStrike\ShadowStrike\src\Shared_modules\Core\FileSystem\FileReputation.cpp(229,17): error C2653: 'Logger': bir s─▒n─▒f veya ad alan─▒ ad─▒ de─şil [C:\ShadowStrike\ShadowStrike\ShadowStrike.vcxproj]
  ('/src/Shared_modules/Core/FileSystem/FileReputation.cpp' kaynak dosyas─▒ derleniyor)
  
C:\ShadowStrike\ShadowStrike\src\Shared_modules\Core\FileSystem\FileReputation.cpp(229,25): error C3861: 'Warn': tan─▒mlay─▒c─▒ bulunamad─▒ [C:\ShadowStrike\ShadowStrike\ShadowStrike.vcxproj]
  ('/src/Shared_modules/Core/FileSystem/FileReputation.cpp' kaynak dosyas─▒ derleniyor)
  
C:\ShadowStrike\ShadowStrike\src\Shared_modules\Core\FileSystem\FileReputation.cpp(237,17): error C2653: 'Logger': bir s─▒n─▒f veya ad alan─▒ ad─▒ de─şil [C:\ShadowStrike\ShadowStrike\ShadowStrike.vcxproj]
  ('/src/Shared_modules/Core/FileSystem/FileReputation.cpp' kaynak dosyas─▒ derleniyor)
  
C:\ShadowStrike\ShadowStrike\src\Shared_modules\Core\FileSystem\FileReputation.cpp(238,21): error C2653: 'StringUtils': bir s─▒n─▒f veya ad alan─▒ ad─▒ de─şil [C:\ShadowStrike\ShadowStrike\ShadowStrike.vcxproj]
  ('/src/Shared_modules/Core/FileSystem/FileReputation.cpp' kaynak dosyas─▒ derleniyor)
  
C:\ShadowStrike\ShadowStrike\src\Shared_modules\Core\FileSystem\FileReputation.cpp(238,34): error C3861: 'WideToUtf8': tan─▒mlay─▒c─▒ bulunamad─▒ [C:\ShadowStrike\ShadowStrike\ShadowStrike.vcxproj]
  ('/src/Shared_modules/Core/FileSystem/FileReputation.cpp' kaynak dosyas─▒ derleniyor)
  
C:\ShadowStrike\ShadowStrike\src\Shared_modules\Core\FileSystem\FileReputation.cpp(237,25): error C3861: 'Warn': tan─▒mlay─▒c─▒ bulunamad─▒ [C:\ShadowStrike\ShadowStrike\ShadowStrike.vcxproj]
  ('/src/Shared_modules/Core/FileSystem/FileReputation.cpp' kaynak dosyas─▒ derleniyor)
  
C:\ShadowStrike\ShadowStrike\src\Shared_modules\Core\FileSystem\FileReputation.cpp(246,40): error C2039: 'CalculateSHA256': bir 'ShadowStrike::HashStore' ├╝yesi de─şil [C:\ShadowStrike\ShadowStrike\ShadowStrike.vcxproj]
  ('/src/Shared_modules/Core/FileSystem/FileReputation.cpp' kaynak dosyas─▒ derleniyor)
      C:\ShadowStrike\ShadowStrike\src\Shared_modules\HashStore\HashStore.hpp(66,11):
      'ShadowStrike::HashStore' bildirimine bak─▒n
  
C:\ShadowStrike\ShadowStrike\src\Shared_modules\Core\FileSystem\FileReputation.cpp(246,40): error C3861: 'CalculateSHA256': tan─▒mlay─▒c─▒ bulunamad─▒ [C:\ShadowStrike\ShadowStrike\ShadowStrike.vcxproj]
  ('/src/Shared_modules/Core/FileSystem/FileReputation.cpp' kaynak dosyas─▒ derleniyor)
  
C:\ShadowStrike\ShadowStrike\src\Shared_modules\Core\FileSystem\ExecutableAnalyzer.cpp(1619,13): error C2653: 'Logger': bir s─▒n─▒f veya ad alan─▒ ad─▒ de─şil [C:\ShadowStrike\ShadowStrike\ShadowStrike.vcxproj]
  ('/src/Shared_modules/Core/FileSystem/ExecutableAnalyzer.cpp' kaynak dosyas─▒ derleniyor)
  
C:\ShadowStrike\ShadowStrike\src\Shared_modules\Core\FileSystem\ExecutableAnalyzer.cpp(1619,21): error C3861: 'Error': tan─▒mlay─▒c─▒ bulunamad─▒ [C:\ShadowStrike\ShadowStrike\ShadowStrike.vcxproj]
  ('/src/Shared_modules/Core/FileSystem/ExecutableAnalyzer.cpp' kaynak dosyas─▒ derleniyor)
  
C:\ShadowStrike\ShadowStrike\src\Shared_modules\Core\FileSystem\FileReputation.cpp(246,19): error C2593: 'operator =' belirsiz [C:\ShadowStrike\ShadowStrike\ShadowStrike.vcxproj]
  ('/src/Shared_modules/Core/FileSystem/FileReputation.cpp' kaynak dosyas─▒ derleniyor)
      C:\Program Files\Microsoft Visual Studio\2022\Community\VC\Tools\MSVC\14.44.35207\include\xstring(1453,32):
      'std::basic_string<char,std::char_traits<char>,std::allocator<char>> &std::basic_string<char,std::char_traits<char>,std::allocator<char>>::operator =(const _Elem)' olabilirdi
          with
          [
              _Elem=char
          ]
      C:\Program Files\Microsoft Visual Studio\2022\Community\VC\Tools\MSVC\14.44.35207\include\xstring(1450,19):
      veya       'std::basic_string<char,std::char_traits<char>,std::allocator<char>> &std::basic_string<char,std::char_traits<char>,std::allocator<char>>::operator =(std::nullptr_t)'
      C:\Program Files\Microsoft Visual Studio\2022\Community\VC\Tools\MSVC\14.44.35207\include\xstring(1445,32):
      veya       'std::basic_string<char,std::char_traits<char>,std::allocator<char>> &std::basic_string<char,std::char_traits<char>,std::allocator<char>>::operator =(const _Elem *const )'
          with
          [
              _Elem=char
          ]
      C:\Program Files\Microsoft Visual Studio\2022\Community\VC\Tools\MSVC\14.44.35207\include\xstring(1394,32):
      veya       'std::basic_string<char,std::char_traits<char>,std::allocator<char>> &std::basic_string<char,std::char_traits<char>,std::allocator<char>>::operator =(const std::basic_string<char,std::char_traits<char>,std::allocator<char>> &)'
      C:\Program Files\Microsoft Visual Studio\2022\Community\VC\Tools\MSVC\14.44.35207\include\xstring(1345,32):
      veya       'std::basic_string<char,std::char_traits<char>,std::allocator<char>> &std::basic_string<char,std::char_traits<char>,std::allocator<char>>::operator =(std::initializer_list<_Elem>)'
          with
          [
              _Elem=char
          ]
      C:\Program Files\Microsoft Visual Studio\2022\Community\VC\Tools\MSVC\14.44.35207\include\xstring(1224,32):
      veya       'std::basic_string<char,std::char_traits<char>,std::allocator<char>> &std::basic_string<char,std::char_traits<char>,std::allocator<char>>::operator =(std::basic_string<char,std::char_traits<char>,std::allocator<char>> &&) noexcept'
      C:\ShadowStrike\ShadowStrike\src\Shared_modules\Core\FileSystem\FileReputation.cpp(246,19):
      '(std::string, <error type>)' ba─ş─▒ms─▒z de─şi┼şken listesi e┼şlenmeye ├ğal─▒┼ş─▒l─▒rken
  
C:\ShadowStrike\ShadowStrike\src\Shared_modules\Core\FileSystem\FileReputation.cpp(247,38): error C2039: 'CalculateSHA1': bir 'ShadowStrike::HashStore' ├╝yesi de─şil [C:\ShadowStrike\ShadowStrike\ShadowStrike.vcxproj]
  ('/src/Shared_modules/Core/FileSystem/FileReputation.cpp' kaynak dosyas─▒ derleniyor)
      C:\ShadowStrike\ShadowStrike\src\Shared_modules\HashStore\HashStore.hpp(66,11):
      'ShadowStrike::HashStore' bildirimine bak─▒n
  
C:\ShadowStrike\ShadowStrike\src\Shared_modules\Core\FileSystem\FileReputation.cpp(247,38): error C3861: 'CalculateSHA1': tan─▒mlay─▒c─▒ bulunamad─▒ [C:\ShadowStrike\ShadowStrike\ShadowStrike.vcxproj]
  ('/src/Shared_modules/Core/FileSystem/FileReputation.cpp' kaynak dosyas─▒ derleniyor)
  
C:\ShadowStrike\ShadowStrike\src\Shared_modules\Core\FileSystem\MediaFileScanner.cpp(577,30): error C7595: 'std::basic_format_string<char,double &>::basic_format_string': anl─▒k i┼şlev ├ğa─şr─▒s─▒ sabit bir ifade de─şil [C:\ShadowStrike\ShadowStrike\ShadowStrike.vcxproj]
  ('/src/Shared_modules/Core/FileSystem/MediaFileScanner.cpp' kaynak dosyas─▒ derleniyor)
      C:\Program Files\Microsoft Visual Studio\2022\Community\VC\Tools\MSVC\14.44.35207\include\__msvc_ranges_tuple_formatter.hpp(141,67):
      i┼şlem tan─▒mlanmam─▒┼ş bir i┼şlev ├ğa─şr─▒s─▒ veya 'constexpr' bildirilmeyen bir ├ğa─şr─▒ nedeniyle ba┼şar─▒s─▒z oldu
      C:\Program Files\Microsoft Visual Studio\2022\Community\VC\Tools\MSVC\14.44.35207\include\__msvc_ranges_tuple_formatter.hpp(141,67):
      'std::_You_see_this_error_because_arg_id_is_out_of_range' kullan─▒m─▒na bak─▒n
      C:\ShadowStrike\ShadowStrike\src\Shared_modules\Core\FileSystem\MediaFileScanner.cpp(577,30):
      de─şerlendirmenin ├ğa─şr─▒ y─▒─ş─▒n─▒ (├Ânce en eski ├ğa─şr─▒)
          C:\ShadowStrike\ShadowStrike\src\Shared_modules\Core\FileSystem\MediaFileScanner.cpp(577,30):
          'std::basic_format_string<char,double &>::basic_format_string<char[77]>(const _Ty (&))' i┼şlevi de─şerlendirilirken
          with
          [
              _Ty=char [77]
          ]
          C:\Program Files\Microsoft Visual Studio\2022\Community\VC\Tools\MSVC\14.44.35207\include\format(2857,33):
          'void std::_Parse_format_string<char,std::__p2286::_Format_checker<char,double>>(std::basic_string_view<char,std::char_traits<char>>,_HandlerT &&)' i┼şlevi de─şerlendirilirken
          with
          [
              _HandlerT=std::__p2286::_Format_checker<char,double>
          ]
          C:\Program Files\Microsoft Visual Studio\2022\Community\VC\Tools\MSVC\14.44.35207\include\format(1141,42):
          'const _CharT *std::_Parse_replacement_field<char,_HandlerT&>(const _CharT *,const _CharT *,std::__p2286::_Format_checker<_CharT,double>&)' i┼şlevi de─şerlendirilirken
          with
          [
              _CharT=char,
              _HandlerT=std::__p2286::_Format_checker<char,double>
          ]
          C:\Program Files\Microsoft Visual Studio\2022\Community\VC\Tools\MSVC\14.44.35207\include\format(1081,31):
          'const _CharT *std::_Parse_arg_id<_CharT,std::_Id_adapter<_CharT>&>(const _CharT *,const _CharT *,_Callbacks_type)' i┼şlevi de─şerlendirilirken
          with
          [
              _CharT=char,
              _Callbacks_type=std::_Id_adapter<char> &
          ]
          C:\Program Files\Microsoft Visual Studio\2022\Community\VC\Tools\MSVC\14.44.35207\include\format(571,31):
          'void std::_Id_adapter<char>::_On_auto_id(void)' i┼şlevi de─şerlendirilirken
          C:\Program Files\Microsoft Visual Studio\2022\Community\VC\Tools\MSVC\14.44.35207\include\format(923,45):
          'size_t std::basic_format_parse_context<char>::next_arg_id(void)' i┼şlevi de─şerlendirilirken
          C:\Program Files\Microsoft Visual Studio\2022\Community\VC\Tools\MSVC\14.44.35207\include\__msvc_ranges_tuple_formatter.hpp(141,67):
          'void std::_You_see_this_error_because_arg_id_is_out_of_range(void) noexcept' i┼şlevi de─şerlendirilirken
  
C:\ShadowStrike\ShadowStrike\src\Shared_modules\Core\FileSystem\ExecutableAnalyzer.cpp(1688,13): error C2653: 'Logger': bir s─▒n─▒f veya ad alan─▒ ad─▒ de─şil [C:\ShadowStrike\ShadowStrike\ShadowStrike.vcxproj]
  ('/src/Shared_modules/Core/FileSystem/ExecutableAnalyzer.cpp' kaynak dosyas─▒ derleniyor)
  
C:\ShadowStrike\ShadowStrike\src\Shared_modules\Core\FileSystem\ExecutableAnalyzer.cpp(1688,21): error C3861: 'Error': tan─▒mlay─▒c─▒ bulunamad─▒ [C:\ShadowStrike\ShadowStrike\ShadowStrike.vcxproj]
  ('/src/Shared_modules/Core/FileSystem/ExecutableAnalyzer.cpp' kaynak dosyas─▒ derleniyor)
  
C:\ShadowStrike\ShadowStrike\src\Shared_modules\Core\FileSystem\FileReputation.cpp(247,19): error C2593: 'operator =' belirsiz [C:\ShadowStrike\ShadowStrike\ShadowStrike.vcxproj]
  ('/src/Shared_modules/Core/FileSystem/FileReputation.cpp' kaynak dosyas─▒ derleniyor)
      C:\Program Files\Microsoft Visual Studio\2022\Community\VC\Tools\MSVC\14.44.35207\include\xstring(1453,32):
      'std::basic_string<char,std::char_traits<char>,std::allocator<char>> &std::basic_string<char,std::char_traits<char>,std::allocator<char>>::operator =(const _Elem)' olabilirdi
          with
          [
              _Elem=char
          ]
      C:\Program Files\Microsoft Visual Studio\2022\Community\VC\Tools\MSVC\14.44.35207\include\xstring(1450,19):
      veya       'std::basic_string<char,std::char_traits<char>,std::allocator<char>> &std::basic_string<char,std::char_traits<char>,std::allocator<char>>::operator =(std::nullptr_t)'
      C:\Program Files\Microsoft Visual Studio\2022\Community\VC\Tools\MSVC\14.44.35207\include\xstring(1445,32):
      veya       'std::basic_string<char,std::char_traits<char>,std::allocator<char>> &std::basic_string<char,std::char_traits<char>,std::allocator<char>>::operator =(const _Elem *const )'
          with
          [
              _Elem=char
          ]
      C:\Program Files\Microsoft Visual Studio\2022\Community\VC\Tools\MSVC\14.44.35207\include\xstring(1394,32):
      veya       'std::basic_string<char,std::char_traits<char>,std::allocator<char>> &std::basic_string<char,std::char_traits<char>,std::allocator<char>>::operator =(const std::basic_string<char,std::char_traits<char>,std::allocator<char>> &)'
      C:\Program Files\Microsoft Visual Studio\2022\Community\VC\Tools\MSVC\14.44.35207\include\xstring(1345,32):
      veya       'std::basic_string<char,std::char_traits<char>,std::allocator<char>> &std::basic_string<char,std::char_traits<char>,std::allocator<char>>::operator =(std::initializer_list<_Elem>)'
          with
          [
              _Elem=char
          ]
      C:\Program Files\Microsoft Visual Studio\2022\Community\VC\Tools\MSVC\14.44.35207\include\xstring(1224,32):
      veya       'std::basic_string<char,std::char_traits<char>,std::allocator<char>> &std::basic_string<char,std::char_traits<char>,std::allocator<char>>::operator =(std::basic_string<char,std::char_traits<char>,std::allocator<char>> &&) noexcept'
      C:\ShadowStrike\ShadowStrike\src\Shared_modules\Core\FileSystem\FileReputation.cpp(247,19):
      '(std::string, <error type>)' ba─ş─▒ms─▒z de─şi┼şken listesi e┼şlenmeye ├ğal─▒┼ş─▒l─▒rken
  
C:\ShadowStrike\ShadowStrike\src\Shared_modules\Core\FileSystem\ExecutableAnalyzer.cpp(1765,13): error C2653: 'Logger': bir s─▒n─▒f veya ad alan─▒ ad─▒ de─şil [C:\ShadowStrike\ShadowStrike\ShadowStrike.vcxproj]
  ('/src/Shared_modules/Core/FileSystem/ExecutableAnalyzer.cpp' kaynak dosyas─▒ derleniyor)
  
C:\ShadowStrike\ShadowStrike\src\Shared_modules\Core\FileSystem\FileReputation.cpp(248,37): error C2039: 'CalculateMD5': bir 'ShadowStrike::HashStore' ├╝yesi de─şil [C:\ShadowStrike\ShadowStrike\ShadowStrike.vcxproj]
  ('/src/Shared_modules/Core/FileSystem/FileReputation.cpp' kaynak dosyas─▒ derleniyor)
      C:\ShadowStrike\ShadowStrike\src\Shared_modules\HashStore\HashStore.hpp(66,11):
      'ShadowStrike::HashStore' bildirimine bak─▒n
  
C:\ShadowStrike\ShadowStrike\src\Shared_modules\Core\FileSystem\ExecutableAnalyzer.cpp(1765,21): error C3861: 'Error': tan─▒mlay─▒c─▒ bulunamad─▒ [C:\ShadowStrike\ShadowStrike\ShadowStrike.vcxproj]
  ('/src/Shared_modules/Core/FileSystem/ExecutableAnalyzer.cpp' kaynak dosyas─▒ derleniyor)
  
C:\ShadowStrike\ShadowStrike\src\Shared_modules\Core\FileSystem\FileReputation.cpp(248,37): error C3861: 'CalculateMD5': tan─▒mlay─▒c─▒ bulunamad─▒ [C:\ShadowStrike\ShadowStrike\ShadowStrike.vcxproj]
  ('/src/Shared_modules/Core/FileSystem/FileReputation.cpp' kaynak dosyas─▒ derleniyor)
  
C:\ShadowStrike\ShadowStrike\src\Shared_modules\Core\FileSystem\ExecutableAnalyzer.cpp(1823,13): error C2653: 'Logger': bir s─▒n─▒f veya ad alan─▒ ad─▒ de─şil [C:\ShadowStrike\ShadowStrike\ShadowStrike.vcxproj]
  ('/src/Shared_modules/Core/FileSystem/ExecutableAnalyzer.cpp' kaynak dosyas─▒ derleniyor)
  
C:\ShadowStrike\ShadowStrike\src\Shared_modules\Core\FileSystem\ExecutableAnalyzer.cpp(1823,21): error C3861: 'Error': tan─▒mlay─▒c─▒ bulunamad─▒ [C:\ShadowStrike\ShadowStrike\ShadowStrike.vcxproj]
  ('/src/Shared_modules/Core/FileSystem/ExecutableAnalyzer.cpp' kaynak dosyas─▒ derleniyor)
  
C:\ShadowStrike\ShadowStrike\src\Shared_modules\Core\FileSystem\ExecutableAnalyzer.cpp(1832,46): error C2039: 'Instance': bir 'ShadowStrike::HashStore::HashStore' ├╝yesi de─şil [C:\ShadowStrike\ShadowStrike\ShadowStrike.vcxproj]
  ('/src/Shared_modules/Core/FileSystem/ExecutableAnalyzer.cpp' kaynak dosyas─▒ derleniyor)
      C:\ShadowStrike\ShadowStrike\src\Shared_modules\HashStore\HashStore.hpp(206,7):
      'ShadowStrike::HashStore::HashStore' bildirimine bak─▒n
  
C:\ShadowStrike\ShadowStrike\src\Shared_modules\Core\FileSystem\FileReputation.cpp(248,19): error C2593: 'operator =' belirsiz [C:\ShadowStrike\ShadowStrike\ShadowStrike.vcxproj]
  ('/src/Shared_modules/Core/FileSystem/FileReputation.cpp' kaynak dosyas─▒ derleniyor)
      C:\Program Files\Microsoft Visual Studio\2022\Community\VC\Tools\MSVC\14.44.35207\include\xstring(1453,32):
      'std::basic_string<char,std::char_traits<char>,std::allocator<char>> &std::basic_string<char,std::char_traits<char>,std::allocator<char>>::operator =(const _Elem)' olabilirdi
          with
          [
              _Elem=char
          ]
      C:\Program Files\Microsoft Visual Studio\2022\Community\VC\Tools\MSVC\14.44.35207\include\xstring(1450,19):
      veya       'std::basic_string<char,std::char_traits<char>,std::allocator<char>> &std::basic_string<char,std::char_traits<char>,std::allocator<char>>::operator =(std::nullptr_t)'
      C:\Program Files\Microsoft Visual Studio\2022\Community\VC\Tools\MSVC\14.44.35207\include\xstring(1445,32):
      veya       'std::basic_string<char,std::char_traits<char>,std::allocator<char>> &std::basic_string<char,std::char_traits<char>,std::allocator<char>>::operator =(const _Elem *const )'
          with
          [
              _Elem=char
          ]
      C:\Program Files\Microsoft Visual Studio\2022\Community\VC\Tools\MSVC\14.44.35207\include\xstring(1394,32):
      veya       'std::basic_string<char,std::char_traits<char>,std::allocator<char>> &std::basic_string<char,std::char_traits<char>,std::allocator<char>>::operator =(const std::basic_string<char,std::char_traits<char>,std::allocator<char>> &)'
      C:\Program Files\Microsoft Visual Studio\2022\Community\VC\Tools\MSVC\14.44.35207\include\xstring(1345,32):
      veya       'std::basic_string<char,std::char_traits<char>,std::allocator<char>> &std::basic_string<char,std::char_traits<char>,std::allocator<char>>::operator =(std::initializer_list<_Elem>)'
          with
          [
              _Elem=char
          ]
      C:\Program Files\Microsoft Visual Studio\2022\Community\VC\Tools\MSVC\14.44.35207\include\xstring(1224,32):
      veya       'std::basic_string<char,std::char_traits<char>,std::allocator<char>> &std::basic_string<char,std::char_traits<char>,std::allocator<char>>::operator =(std::basic_string<char,std::char_traits<char>,std::allocator<char>> &&) noexcept'
      C:\ShadowStrike\ShadowStrike\src\Shared_modules\Core\FileSystem\FileReputation.cpp(248,19):
      '(std::string, <error type>)' ba─ş─▒ms─▒z de─şi┼şken listesi e┼şlenmeye ├ğal─▒┼ş─▒l─▒rken
  
C:\ShadowStrike\ShadowStrike\src\Shared_modules\Core\FileSystem\ExecutableAnalyzer.cpp(1832,46): error C3861: 'Instance': tan─▒mlay─▒c─▒ bulunamad─▒ [C:\ShadowStrike\ShadowStrike\ShadowStrike.vcxproj]
  ('/src/Shared_modules/Core/FileSystem/ExecutableAnalyzer.cpp' kaynak dosyas─▒ derleniyor)
  
C:\ShadowStrike\ShadowStrike\src\Shared_modules\Core\FileSystem\ExecutableAnalyzer.cpp(1833,47): error C2039: 'Instance': bir 'ShadowStrike::HashStore::HashStore' ├╝yesi de─şil [C:\ShadowStrike\ShadowStrike\ShadowStrike.vcxproj]
  ('/src/Shared_modules/Core/FileSystem/ExecutableAnalyzer.cpp' kaynak dosyas─▒ derleniyor)
      C:\ShadowStrike\ShadowStrike\src\Shared_modules\HashStore\HashStore.hpp(206,7):
      'ShadowStrike::HashStore::HashStore' bildirimine bak─▒n
  
C:\ShadowStrike\ShadowStrike\src\Shared_modules\Core\FileSystem\ExecutableAnalyzer.cpp(1833,47): error C3861: 'Instance': tan─▒mlay─▒c─▒ bulunamad─▒ [C:\ShadowStrike\ShadowStrike\ShadowStrike.vcxproj]
  ('/src/Shared_modules/Core/FileSystem/ExecutableAnalyzer.cpp' kaynak dosyas─▒ derleniyor)
  
C:\ShadowStrike\ShadowStrike\src\Shared_modules\Core\FileSystem\MediaFileScanner.cpp(631,24): error C2039: 'technique': bir 'ShadowStrike::Core::StegoAnalysis' ├╝yesi de─şil [C:\ShadowStrike\ShadowStrike\ShadowStrike.vcxproj]
  ('/src/Shared_modules/Core/FileSystem/MediaFileScanner.cpp' kaynak dosyas─▒ derleniyor)
      C:\ShadowStrike\ShadowStrike\src\Shared_modules\Core\FileSystem\MediaFileScanner.hpp(185,20):
      'ShadowStrike::Core::StegoAnalysis' bildirimine bak─▒n
  
C:\ShadowStrike\ShadowStrike\src\Shared_modules\Core\FileSystem\ExecutableAnalyzer.cpp(1834,49): error C2039: 'Instance': bir 'ShadowStrike::HashStore::HashStore' ├╝yesi de─şil [C:\ShadowStrike\ShadowStrike\ShadowStrike.vcxproj]
  ('/src/Shared_modules/Core/FileSystem/ExecutableAnalyzer.cpp' kaynak dosyas─▒ derleniyor)
      C:\ShadowStrike\ShadowStrike\src\Shared_modules\HashStore\HashStore.hpp(206,7):
      'ShadowStrike::HashStore::HashStore' bildirimine bak─▒n
  
C:\ShadowStrike\ShadowStrike\src\Shared_modules\Core\FileSystem\ExecutableAnalyzer.cpp(1834,49): error C3861: 'Instance': tan─▒mlay─▒c─▒ bulunamad─▒ [C:\ShadowStrike\ShadowStrike\ShadowStrike.vcxproj]
  ('/src/Shared_modules/Core/FileSystem/ExecutableAnalyzer.cpp' kaynak dosyas─▒ derleniyor)
  
C:\ShadowStrike\ShadowStrike\src\Shared_modules\Core\FileSystem\ExecutableAnalyzer.cpp(1836,17): error C3536: 'md5': ba┼şlat─▒lmadan ├Ânce kullan─▒lamaz [C:\ShadowStrike\ShadowStrike\ShadowStrike.vcxproj]
  ('/src/Shared_modules/Core/FileSystem/ExecutableAnalyzer.cpp' kaynak dosyas─▒ derleniyor)
  
C:\ShadowStrike\ShadowStrike\src\Shared_modules\Core\FileSystem\FileReputation.cpp(262,13): error C2653: 'Logger': bir s─▒n─▒f veya ad alan─▒ ad─▒ de─şil [C:\ShadowStrike\ShadowStrike\ShadowStrike.vcxproj]
  ('/src/Shared_modules/Core/FileSystem/FileReputation.cpp' kaynak dosyas─▒ derleniyor)
  
C:\ShadowStrike\ShadowStrike\src\Shared_modules\Core\FileSystem\FileReputation.cpp(262,21): error C3861: 'Error': tan─▒mlay─▒c─▒ bulunamad─▒ [C:\ShadowStrike\ShadowStrike\ShadowStrike.vcxproj]
  ('/src/Shared_modules/Core/FileSystem/FileReputation.cpp' kaynak dosyas─▒ derleniyor)
  
C:\ShadowStrike\ShadowStrike\src\Shared_modules\Core\FileSystem\ExecutableAnalyzer.cpp(1837,22): error C2672: 'std::copy': e┼şle┼şen a┼ş─▒r─▒ y├╝klenmi┼ş i┼şlev bulunamad─▒ [C:\ShadowStrike\ShadowStrike\ShadowStrike.vcxproj]
  ('/src/Shared_modules/Core/FileSystem/ExecutableAnalyzer.cpp' kaynak dosyas─▒ derleniyor)
      C:\Program Files\Microsoft Visual Studio\2022\Community\VC\Tools\MSVC\14.44.35207\include\xutility(4871,9):
      '_FwdIt2 std::copy(_ExPo &&,_FwdIt1,_FwdIt1,_FwdIt2) noexcept' olabilirdi
          C:\ShadowStrike\ShadowStrike\src\Shared_modules\Core\FileSystem\ExecutableAnalyzer.cpp(1837,22):
          '_FwdIt2 std::copy(_ExPo &&,_FwdIt1,_FwdIt1,_FwdIt2) noexcept': 4 ba─ş─▒ms─▒z de─şi┼şken bekleniyor - 2 sa─şland─▒
      C:\Program Files\Microsoft Visual Studio\2022\Community\VC\Tools\MSVC\14.44.35207\include\xutility(4860,21):
      veya       '_OutIt std::copy(_InIt,_InIt,_OutIt)'
          C:\ShadowStrike\ShadowStrike\src\Shared_modules\Core\FileSystem\ExecutableAnalyzer.cpp(1837,22):
          '_OutIt std::copy(_InIt,_InIt,_OutIt)': 3 ba─ş─▒ms─▒z de─şi┼şken bekleniyor - 2 sa─şland─▒
  
C:\ShadowStrike\ShadowStrike\src\Shared_modules\Core\FileSystem\ExecutableAnalyzer.cpp(1841,17): error C3536: 'sha1': ba┼şlat─▒lmadan ├Ânce kullan─▒lamaz [C:\ShadowStrike\ShadowStrike\ShadowStrike.vcxproj]
  ('/src/Shared_modules/Core/FileSystem/ExecutableAnalyzer.cpp' kaynak dosyas─▒ derleniyor)
  
C:\ShadowStrike\ShadowStrike\src\Shared_modules\Core\FileSystem\ExecutableAnalyzer.cpp(1842,22): error C2672: 'std::copy': e┼şle┼şen a┼ş─▒r─▒ y├╝klenmi┼ş i┼şlev bulunamad─▒ [C:\ShadowStrike\ShadowStrike\ShadowStrike.vcxproj]
  ('/src/Shared_modules/Core/FileSystem/ExecutableAnalyzer.cpp' kaynak dosyas─▒ derleniyor)
      C:\Program Files\Microsoft Visual Studio\2022\Community\VC\Tools\MSVC\14.44.35207\include\xutility(4871,9):
      '_FwdIt2 std::copy(_ExPo &&,_FwdIt1,_FwdIt1,_FwdIt2) noexcept' olabilirdi
          C:\ShadowStrike\ShadowStrike\src\Shared_modules\Core\FileSystem\ExecutableAnalyzer.cpp(1842,22):
          '_FwdIt2 std::copy(_ExPo &&,_FwdIt1,_FwdIt1,_FwdIt2) noexcept': 4 ba─ş─▒ms─▒z de─şi┼şken bekleniyor - 2 sa─şland─▒
      C:\Program Files\Microsoft Visual Studio\2022\Community\VC\Tools\MSVC\14.44.35207\include\xutility(4860,21):
      veya       '_OutIt std::copy(_InIt,_InIt,_OutIt)'
          C:\ShadowStrike\ShadowStrike\src\Shared_modules\Core\FileSystem\ExecutableAnalyzer.cpp(1842,22):
          '_OutIt std::copy(_InIt,_InIt,_OutIt)': 3 ba─ş─▒ms─▒z de─şi┼şken bekleniyor - 2 sa─şland─▒
  
C:\ShadowStrike\ShadowStrike\src\Shared_modules\Core\FileSystem\ExecutableAnalyzer.cpp(1846,17): error C3536: 'sha256': ba┼şlat─▒lmadan ├Ânce kullan─▒lamaz [C:\ShadowStrike\ShadowStrike\ShadowStrike.vcxproj]
  ('/src/Shared_modules/Core/FileSystem/ExecutableAnalyzer.cpp' kaynak dosyas─▒ derleniyor)
  
C:\ShadowStrike\ShadowStrike\src\Shared_modules\Core\FileSystem\ExecutableAnalyzer.cpp(1847,22): error C2672: 'std::copy': e┼şle┼şen a┼ş─▒r─▒ y├╝klenmi┼ş i┼şlev bulunamad─▒ [C:\ShadowStrike\ShadowStrike\ShadowStrike.vcxproj]
  ('/src/Shared_modules/Core/FileSystem/ExecutableAnalyzer.cpp' kaynak dosyas─▒ derleniyor)
      C:\Program Files\Microsoft Visual Studio\2022\Community\VC\Tools\MSVC\14.44.35207\include\xutility(4871,9):
      '_FwdIt2 std::copy(_ExPo &&,_FwdIt1,_FwdIt1,_FwdIt2) noexcept' olabilirdi
          C:\ShadowStrike\ShadowStrike\src\Shared_modules\Core\FileSystem\ExecutableAnalyzer.cpp(1847,22):
          '_FwdIt2 std::copy(_ExPo &&,_FwdIt1,_FwdIt1,_FwdIt2) noexcept': 4 ba─ş─▒ms─▒z de─şi┼şken bekleniyor - 2 sa─şland─▒
      C:\Program Files\Microsoft Visual Studio\2022\Community\VC\Tools\MSVC\14.44.35207\include\xutility(4860,21):
      veya       '_OutIt std::copy(_InIt,_InIt,_OutIt)'
          C:\ShadowStrike\ShadowStrike\src\Shared_modules\Core\FileSystem\ExecutableAnalyzer.cpp(1847,22):
          '_OutIt std::copy(_InIt,_InIt,_OutIt)': 3 ba─ş─▒ms─▒z de─şi┼şken bekleniyor - 2 sa─şland─▒
  
C:\ShadowStrike\ShadowStrike\src\Shared_modules\Core\FileSystem\ExecutableAnalyzer.cpp(1857,13): error C2653: 'Logger': bir s─▒n─▒f veya ad alan─▒ ad─▒ de─şil [C:\ShadowStrike\ShadowStrike\ShadowStrike.vcxproj]
  ('/src/Shared_modules/Core/FileSystem/ExecutableAnalyzer.cpp' kaynak dosyas─▒ derleniyor)
  
C:\ShadowStrike\ShadowStrike\src\Shared_modules\Core\FileSystem\FileReputation.cpp(313,17): error C2653: 'Logger': bir s─▒n─▒f veya ad alan─▒ ad─▒ de─şil [C:\ShadowStrike\ShadowStrike\ShadowStrike.vcxproj]
  ('/src/Shared_modules/Core/FileSystem/FileReputation.cpp' kaynak dosyas─▒ derleniyor)
  
C:\ShadowStrike\ShadowStrike\src\Shared_modules\Core\FileSystem\ExecutableAnalyzer.cpp(1857,21): error C3861: 'Error': tan─▒mlay─▒c─▒ bulunamad─▒ [C:\ShadowStrike\ShadowStrike\ShadowStrike.vcxproj]
  ('/src/Shared_modules/Core/FileSystem/ExecutableAnalyzer.cpp' kaynak dosyas─▒ derleniyor)
  
C:\ShadowStrike\ShadowStrike\src\Shared_modules\Core\FileSystem\FileReputation.cpp(313,25): error C3861: 'Error': tan─▒mlay─▒c─▒ bulunamad─▒ [C:\ShadowStrike\ShadowStrike\ShadowStrike.vcxproj]
  ('/src/Shared_modules/Core/FileSystem/FileReputation.cpp' kaynak dosyas─▒ derleniyor)
  
C:\ShadowStrike\ShadowStrike\src\Shared_modules\Core\FileSystem\ExecutableAnalyzer.cpp(1881,39): error C2039: 'MD5': bir 'ShadowStrike::Utils::HashUtils' ├╝yesi de─şil [C:\ShadowStrike\ShadowStrike\ShadowStrike.vcxproj]
  ('/src/Shared_modules/Core/FileSystem/ExecutableAnalyzer.cpp' kaynak dosyas─▒ derleniyor)
      C:\ShadowStrike\ShadowStrike\src\Shared_modules\Utils\HashUtils.hpp(62,13):
      'ShadowStrike::Utils::HashUtils' bildirimine bak─▒n
  
C:\ShadowStrike\ShadowStrike\src\Shared_modules\Core\FileSystem\ExecutableAnalyzer.cpp(1881,39): error C3861: 'MD5': tan─▒mlay─▒c─▒ bulunamad─▒ [C:\ShadowStrike\ShadowStrike\ShadowStrike.vcxproj]
  ('/src/Shared_modules/Core/FileSystem/ExecutableAnalyzer.cpp' kaynak dosyas─▒ derleniyor)
  
C:\ShadowStrike\ShadowStrike\src\Shared_modules\Core\FileSystem\ExecutableAnalyzer.cpp(1956,20): error C2248: 'ShadowStrike::Core::FileSystem::ExecutableAnalyzerImpl::GetVersionInfoImpl': private ├╝ye ('ShadowStrike::Core::FileSystem::ExecutableAnalyzerImpl' s─▒n─▒f─▒nda bildirimi yap─▒lan) eri┼şilebilir de─şil [C:\ShadowStrike\ShadowStrike\ShadowStrike.vcxproj]
  ('/src/Shared_modules/Core/FileSystem/ExecutableAnalyzer.cpp' kaynak dosyas─▒ derleniyor)
      C:\ShadowStrike\ShadowStrike\src\Shared_modules\Core\FileSystem\ExecutableAnalyzer.cpp(1694,17):
      'ShadowStrike::Core::FileSystem::ExecutableAnalyzerImpl::GetVersionInfoImpl' bildirimine bak─▒n
      C:\ShadowStrike\ShadowStrike\src\Shared_modules\Core\FileSystem\ExecutableAnalyzer.cpp(406,7):
      'ShadowStrike::Core::FileSystem::ExecutableAnalyzerImpl' bildirimine bak─▒n
  
C:\ShadowStrike\ShadowStrike\src\Shared_modules\Core\FileSystem\ExecutableAnalyzer.cpp(1968,20): error C2248: 'ShadowStrike::Core::FileSystem::ExecutableAnalyzerImpl::DetectAnomaliesImpl': private ├╝ye ('ShadowStrike::Core::FileSystem::ExecutableAnalyzerImpl' s─▒n─▒f─▒nda bildirimi yap─▒lan) eri┼şilebilir de─şil [C:\ShadowStrike\ShadowStrike\ShadowStrike.vcxproj]
  ('/src/Shared_modules/Core/FileSystem/ExecutableAnalyzer.cpp' kaynak dosyas─▒ derleniyor)
      C:\ShadowStrike\ShadowStrike\src\Shared_modules\Core\FileSystem\ExecutableAnalyzer.cpp(1444,34):
      'ShadowStrike::Core::FileSystem::ExecutableAnalyzerImpl::DetectAnomaliesImpl' bildirimine bak─▒n
      C:\ShadowStrike\ShadowStrike\src\Shared_modules\Core\FileSystem\ExecutableAnalyzer.cpp(406,7):
      'ShadowStrike::Core::FileSystem::ExecutableAnalyzerImpl' bildirimine bak─▒n
  
C:\ShadowStrike\ShadowStrike\src\Shared_modules\Core\FileSystem\ExecutableAnalyzer.cpp(1968,20): error C1003: hata say─▒s─▒ 100 taneyi a┼şt─▒; derleme durduruluyor [C:\ShadowStrike\ShadowStrike\ShadowStrike.vcxproj]
  ('/src/Shared_modules/Core/FileSystem/ExecutableAnalyzer.cpp' kaynak dosyas─▒ derleniyor)
  
C:\ShadowStrike\ShadowStrike\src\Shared_modules\Core\FileSystem\FileReputation.cpp(352,13): error C2653: 'Logger': bir s─▒n─▒f veya ad alan─▒ ad─▒ de─şil [C:\ShadowStrike\ShadowStrike\ShadowStrike.vcxproj]
  ('/src/Shared_modules/Core/FileSystem/FileReputation.cpp' kaynak dosyas─▒ derleniyor)
  
C:\ShadowStrike\ShadowStrike\src\Shared_modules\Core\FileSystem\FileReputation.cpp(352,21): error C3861: 'Info': tan─▒mlay─▒c─▒ bulunamad─▒ [C:\ShadowStrike\ShadowStrike\ShadowStrike.vcxproj]
  ('/src/Shared_modules/Core/FileSystem/FileReputation.cpp' kaynak dosyas─▒ derleniyor)
  
C:\ShadowStrike\ShadowStrike\src\Shared_modules\Core\FileSystem\MediaFileScanner.cpp(677,32): error C2039: 'technique': bir 'ShadowStrike::Core::StegoAnalysis' ├╝yesi de─şil [C:\ShadowStrike\ShadowStrike\ShadowStrike.vcxproj]
  ('/src/Shared_modules/Core/FileSystem/MediaFileScanner.cpp' kaynak dosyas─▒ derleniyor)
      C:\ShadowStrike\ShadowStrike\src\Shared_modules\Core\FileSystem\MediaFileScanner.hpp(185,20):
      'ShadowStrike::Core::StegoAnalysis' bildirimine bak─▒n
  
C:\ShadowStrike\ShadowStrike\src\Shared_modules\Core\FileSystem\MediaFileScanner.cpp(677,60): error C2589: '(': '::' sa─ş taraf─▒nda ge├ğersiz belirte├ğ var [C:\ShadowStrike\ShadowStrike\ShadowStrike.vcxproj]
  ('/src/Shared_modules/Core/FileSystem/MediaFileScanner.cpp' kaynak dosyas─▒ derleniyor)
  
C:\ShadowStrike\ShadowStrike\src\Shared_modules\Core\FileSystem\MediaFileScanner.cpp(677,44): error C2062: '<error type>' t├╝r├╝ beklenmiyor [C:\ShadowStrike\ShadowStrike\ShadowStrike.vcxproj]
  ('/src/Shared_modules/Core/FileSystem/MediaFileScanner.cpp' kaynak dosyas─▒ derleniyor)
  
C:\ShadowStrike\ShadowStrike\src\Shared_modules\Core\FileSystem\MediaFileScanner.cpp(677,60): error C2059: s├Âzdizimi hatas─▒: ')' [C:\ShadowStrike\ShadowStrike\ShadowStrike.vcxproj]
  ('/src/Shared_modules/Core/FileSystem/MediaFileScanner.cpp' kaynak dosyas─▒ derleniyor)
  
C:\ShadowStrike\ShadowStrike\src\Shared_modules\Core\FileSystem\FileReputation.cpp(361,13): error C2653: 'Logger': bir s─▒n─▒f veya ad alan─▒ ad─▒ de─şil [C:\ShadowStrike\ShadowStrike\ShadowStrike.vcxproj]
  ('/src/Shared_modules/Core/FileSystem/FileReputation.cpp' kaynak dosyas─▒ derleniyor)
  
C:\ShadowStrike\ShadowStrike\src\Shared_modules\Core\FileSystem\FileReputation.cpp(361,21): error C3861: 'Error': tan─▒mlay─▒c─▒ bulunamad─▒ [C:\ShadowStrike\ShadowStrike\ShadowStrike.vcxproj]
  ('/src/Shared_modules/Core/FileSystem/FileReputation.cpp' kaynak dosyas─▒ derleniyor)
  
C:\ShadowStrike\ShadowStrike\src\Shared_modules\Core\FileSystem\FileReputation.cpp(375,17): error C2653: 'Logger': bir s─▒n─▒f veya ad alan─▒ ad─▒ de─şil [C:\ShadowStrike\ShadowStrike\ShadowStrike.vcxproj]
  ('/src/Shared_modules/Core/FileSystem/FileReputation.cpp' kaynak dosyas─▒ derleniyor)
  
C:\ShadowStrike\ShadowStrike\src\Shared_modules\Core\FileSystem\FileReputation.cpp(375,25): error C3861: 'Info': tan─▒mlay─▒c─▒ bulunamad─▒ [C:\ShadowStrike\ShadowStrike\ShadowStrike.vcxproj]
  ('/src/Shared_modules/Core/FileSystem/FileReputation.cpp' kaynak dosyas─▒ derleniyor)
  
C:\ShadowStrike\ShadowStrike\src\Shared_modules\Core\FileSystem\FileReputation.cpp(381,13): error C2653: 'Logger': bir s─▒n─▒f veya ad alan─▒ ad─▒ de─şil [C:\ShadowStrike\ShadowStrike\ShadowStrike.vcxproj]
  ('/src/Shared_modules/Core/FileSystem/FileReputation.cpp' kaynak dosyas─▒ derleniyor)
  
C:\ShadowStrike\ShadowStrike\src\Shared_modules\Core\FileSystem\FileReputation.cpp(381,21): error C3861: 'Error': tan─▒mlay─▒c─▒ bulunamad─▒ [C:\ShadowStrike\ShadowStrike\ShadowStrike.vcxproj]
  ('/src/Shared_modules/Core/FileSystem/FileReputation.cpp' kaynak dosyas─▒ derleniyor)
  
C:\ShadowStrike\ShadowStrike\src\Shared_modules\Core\FileSystem\FileReputation.cpp(394,13): error C2653: 'Logger': bir s─▒n─▒f veya ad alan─▒ ad─▒ de─şil [C:\ShadowStrike\ShadowStrike\ShadowStrike.vcxproj]
  ('/src/Shared_modules/Core/FileSystem/FileReputation.cpp' kaynak dosyas─▒ derleniyor)
  
C:\ShadowStrike\ShadowStrike\src\Shared_modules\Core\FileSystem\FileReputation.cpp(394,21): error C3861: 'Critical': tan─▒mlay─▒c─▒ bulunamad─▒ [C:\ShadowStrike\ShadowStrike\ShadowStrike.vcxproj]
  ('/src/Shared_modules/Core/FileSystem/FileReputation.cpp' kaynak dosyas─▒ derleniyor)
  
C:\ShadowStrike\ShadowStrike\src\Shared_modules\Core\FileSystem\FileReputation.cpp(403,13): error C2653: 'Logger': bir s─▒n─▒f veya ad alan─▒ ad─▒ de─şil [C:\ShadowStrike\ShadowStrike\ShadowStrike.vcxproj]
  ('/src/Shared_modules/Core/FileSystem/FileReputation.cpp' kaynak dosyas─▒ derleniyor)
  
C:\ShadowStrike\ShadowStrike\src\Shared_modules\Core\FileSystem\FileReputation.cpp(403,21): error C3861: 'Error': tan─▒mlay─▒c─▒ bulunamad─▒ [C:\ShadowStrike\ShadowStrike\ShadowStrike.vcxproj]
  ('/src/Shared_modules/Core/FileSystem/FileReputation.cpp' kaynak dosyas─▒ derleniyor)
  
C:\ShadowStrike\ShadowStrike\src\Shared_modules\Core\FileSystem\FileReputation.cpp(417,17): error C2653: 'Logger': bir s─▒n─▒f veya ad alan─▒ ad─▒ de─şil [C:\ShadowStrike\ShadowStrike\ShadowStrike.vcxproj]
  ('/src/Shared_modules/Core/FileSystem/FileReputation.cpp' kaynak dosyas─▒ derleniyor)
  
C:\ShadowStrike\ShadowStrike\src\Shared_modules\Core\FileSystem\FileReputation.cpp(417,25): error C3861: 'Info': tan─▒mlay─▒c─▒ bulunamad─▒ [C:\ShadowStrike\ShadowStrike\ShadowStrike.vcxproj]
  ('/src/Shared_modules/Core/FileSystem/FileReputation.cpp' kaynak dosyas─▒ derleniyor)
  
C:\ShadowStrike\ShadowStrike\src\Shared_modules\Core\FileSystem\FileReputation.cpp(423,13): error C2653: 'Logger': bir s─▒n─▒f veya ad alan─▒ ad─▒ de─şil [C:\ShadowStrike\ShadowStrike\ShadowStrike.vcxproj]
  ('/src/Shared_modules/Core/FileSystem/FileReputation.cpp' kaynak dosyas─▒ derleniyor)
  
C:\ShadowStrike\ShadowStrike\src\Shared_modules\Core\FileSystem\FileReputation.cpp(423,21): error C3861: 'Error': tan─▒mlay─▒c─▒ bulunamad─▒ [C:\ShadowStrike\ShadowStrike\ShadowStrike.vcxproj]
  ('/src/Shared_modules/Core/FileSystem/FileReputation.cpp' kaynak dosyas─▒ derleniyor)
  
C:\ShadowStrike\ShadowStrike\src\Shared_modules\Core\FileSystem\MediaFileScanner.cpp(713,24): error C2039: 'technique': bir 'ShadowStrike::Core::StegoAnalysis' ├╝yesi de─şil [C:\ShadowStrike\ShadowStrike\ShadowStrike.vcxproj]
  ('/src/Shared_modules/Core/FileSystem/MediaFileScanner.cpp' kaynak dosyas─▒ derleniyor)
      C:\ShadowStrike\ShadowStrike\src\Shared_modules\Core\FileSystem\MediaFileScanner.hpp(185,20):
      'ShadowStrike::Core::StegoAnalysis' bildirimine bak─▒n
  
C:\ShadowStrike\ShadowStrike\src\Shared_modules\Core\FileSystem\MediaFileScanner.cpp(713,52): error C2838: 'Metadata': ├╝ye bildiriminde ge├ğersiz tam ad [C:\ShadowStrike\ShadowStrike\ShadowStrike.vcxproj]
  ('/src/Shared_modules/Core/FileSystem/MediaFileScanner.cpp' kaynak dosyas─▒ derleniyor)
  
C:\ShadowStrike\ShadowStrike\src\Shared_modules\Core\FileSystem\MediaFileScanner.cpp(713,52): error C2065: 'Metadata': bildirimi yap─▒lmam─▒┼ş tan─▒mlay─▒c─▒ [C:\ShadowStrike\ShadowStrike\ShadowStrike.vcxproj]
  ('/src/Shared_modules/Core/FileSystem/MediaFileScanner.cpp' kaynak dosyas─▒ derleniyor)
  
C:\ShadowStrike\ShadowStrike\src\Shared_modules\Core\FileSystem\FileReputation.cpp(465,13): error C2653: 'Logger': bir s─▒n─▒f veya ad alan─▒ ad─▒ de─şil [C:\ShadowStrike\ShadowStrike\ShadowStrike.vcxproj]
  ('/src/Shared_modules/Core/FileSystem/FileReputation.cpp' kaynak dosyas─▒ derleniyor)
  
C:\ShadowStrike\ShadowStrike\src\Shared_modules\Core\FileSystem\FileReputation.cpp(465,21): error C3861: 'Error': tan─▒mlay─▒c─▒ bulunamad─▒ [C:\ShadowStrike\ShadowStrike\ShadowStrike.vcxproj]
  ('/src/Shared_modules/Core/FileSystem/FileReputation.cpp' kaynak dosyas─▒ derleniyor)
  
C:\ShadowStrike\ShadowStrike\src\Shared_modules\Core\FileSystem\FileReputation.cpp(486,13): error C2653: 'Logger': bir s─▒n─▒f veya ad alan─▒ ad─▒ de─şil [C:\ShadowStrike\ShadowStrike\ShadowStrike.vcxproj]
  ('/src/Shared_modules/Core/FileSystem/FileReputation.cpp' kaynak dosyas─▒ derleniyor)
  
C:\ShadowStrike\ShadowStrike\src\Shared_modules\Core\FileSystem\FileReputation.cpp(486,21): error C3861: 'Error': tan─▒mlay─▒c─▒ bulunamad─▒ [C:\ShadowStrike\ShadowStrike\ShadowStrike.vcxproj]
  ('/src/Shared_modules/Core/FileSystem/FileReputation.cpp' kaynak dosyas─▒ derleniyor)
  
C:\ShadowStrike\ShadowStrike\src\Shared_modules\Core\FileSystem\FileReputation.cpp(497,13): error C2653: 'Logger': bir s─▒n─▒f veya ad alan─▒ ad─▒ de─şil [C:\ShadowStrike\ShadowStrike\ShadowStrike.vcxproj]
  ('/src/Shared_modules/Core/FileSystem/FileReputation.cpp' kaynak dosyas─▒ derleniyor)
  
C:\ShadowStrike\ShadowStrike\src\Shared_modules\Core\FileSystem\FileReputation.cpp(497,21): error C3861: 'Info': tan─▒mlay─▒c─▒ bulunamad─▒ [C:\ShadowStrike\ShadowStrike\ShadowStrike.vcxproj]
  ('/src/Shared_modules/Core/FileSystem/FileReputation.cpp' kaynak dosyas─▒ derleniyor)
  
C:\ShadowStrike\ShadowStrike\src\Shared_modules\Core\FileSystem\FileReputation.cpp(501,13): error C2653: 'Logger': bir s─▒n─▒f veya ad alan─▒ ad─▒ de─şil [C:\ShadowStrike\ShadowStrike\ShadowStrike.vcxproj]
  ('/src/Shared_modules/Core/FileSystem/FileReputation.cpp' kaynak dosyas─▒ derleniyor)
  
C:\ShadowStrike\ShadowStrike\src\Shared_modules\Core\FileSystem\FileReputation.cpp(501,21): error C3861: 'Error': tan─▒mlay─▒c─▒ bulunamad─▒ [C:\ShadowStrike\ShadowStrike\ShadowStrike.vcxproj]
  ('/src/Shared_modules/Core/FileSystem/FileReputation.cpp' kaynak dosyas─▒ derleniyor)
  
C:\ShadowStrike\ShadowStrike\src\Shared_modules\Core\FileSystem\FileReputation.cpp(511,13): error C2653: 'Logger': bir s─▒n─▒f veya ad alan─▒ ad─▒ de─şil [C:\ShadowStrike\ShadowStrike\ShadowStrike.vcxproj]
  ('/src/Shared_modules/Core/FileSystem/FileReputation.cpp' kaynak dosyas─▒ derleniyor)
  
C:\ShadowStrike\ShadowStrike\src\Shared_modules\Core\FileSystem\FileReputation.cpp(511,21): error C3861: 'Warn': tan─▒mlay─▒c─▒ bulunamad─▒ [C:\ShadowStrike\ShadowStrike\ShadowStrike.vcxproj]
  JavaScriptScanner.cpp
  ('/src/Shared_modules/Core/FileSystem/FileReputation.cpp' kaynak dosyas─▒ derleniyor)
  
C:\ShadowStrike\ShadowStrike\src\Shared_modules\Core\FileSystem\FileReputation.cpp(515,13): error C2653: 'Logger': bir s─▒n─▒f veya ad alan─▒ ad─▒ de─şil [C:\ShadowStrike\ShadowStrike\ShadowStrike.vcxproj]
  ('/src/Shared_modules/Core/FileSystem/FileReputation.cpp' kaynak dosyas─▒ derleniyor)
  
C:\ShadowStrike\ShadowStrike\src\Shared_modules\Core\FileSystem\FileReputation.cpp(515,21): error C3861: 'Error': tan─▒mlay─▒c─▒ bulunamad─▒ [C:\ShadowStrike\ShadowStrike\ShadowStrike.vcxproj]
  ('/src/Shared_modules/Core/FileSystem/FileReputation.cpp' kaynak dosyas─▒ derleniyor)
  
C:\ShadowStrike\ShadowStrike\src\Shared_modules\Core\FileSystem\FileReputation.cpp(527,17): error C2653: 'Logger': bir s─▒n─▒f veya ad alan─▒ ad─▒ de─şil [C:\ShadowStrike\ShadowStrike\ShadowStrike.vcxproj]
  ('/src/Shared_modules/Core/FileSystem/FileReputation.cpp' kaynak dosyas─▒ derleniyor)
  
C:\ShadowStrike\ShadowStrike\src\Shared_modules\Core\FileSystem\FileReputation.cpp(527,25): error C3861: 'Warn': tan─▒mlay─▒c─▒ bulunamad─▒ [C:\ShadowStrike\ShadowStrike\ShadowStrike.vcxproj]
  ('/src/Shared_modules/Core/FileSystem/FileReputation.cpp' kaynak dosyas─▒ derleniyor)
  
C:\ShadowStrike\ShadowStrike\src\Shared_modules\Core\FileSystem\FileReputation.cpp(534,36): error C2039: 'CalculateSHA256': bir 'ShadowStrike::HashStore' ├╝yesi de─şil [C:\ShadowStrike\ShadowStrike\ShadowStrike.vcxproj]
  ('/src/Shared_modules/Core/FileSystem/FileReputation.cpp' kaynak dosyas─▒ derleniyor)
      C:\ShadowStrike\ShadowStrike\src\Shared_modules\HashStore\HashStore.hpp(66,11):
      'ShadowStrike::HashStore' bildirimine bak─▒n
  
C:\ShadowStrike\ShadowStrike\src\Shared_modules\Core\FileSystem\FileReputation.cpp(534,36): error C3861: 'CalculateSHA256': tan─▒mlay─▒c─▒ bulunamad─▒ [C:\ShadowStrike\ShadowStrike\ShadowStrike.vcxproj]
  ('/src/Shared_modules/Core/FileSystem/FileReputation.cpp' kaynak dosyas─▒ derleniyor)
  
C:\ShadowStrike\ShadowStrike\src\Shared_modules\Core\FileSystem\FileReputation.cpp(535,13): error C2653: 'Logger': bir s─▒n─▒f veya ad alan─▒ ad─▒ de─şil [C:\ShadowStrike\ShadowStrike\ShadowStrike.vcxproj]
  ('/src/Shared_modules/Core/FileSystem/FileReputation.cpp' kaynak dosyas─▒ derleniyor)
  
C:\ShadowStrike\ShadowStrike\src\Shared_modules\Core\FileSystem\FileReputation.cpp(535,21): error C3861: 'Info': tan─▒mlay─▒c─▒ bulunamad─▒ [C:\ShadowStrike\ShadowStrike\ShadowStrike.vcxproj]
  ('/src/Shared_modules/Core/FileSystem/FileReputation.cpp' kaynak dosyas─▒ derleniyor)
  
C:\ShadowStrike\ShadowStrike\src\Shared_modules\Core\FileSystem\FileReputation.cpp(540,13): error C2653: 'Logger': bir s─▒n─▒f veya ad alan─▒ ad─▒ de─şil [C:\ShadowStrike\ShadowStrike\ShadowStrike.vcxproj]
  ('/src/Shared_modules/Core/FileSystem/FileReputation.cpp' kaynak dosyas─▒ derleniyor)
  
C:\ShadowStrike\ShadowStrike\src\Shared_modules\Core\FileSystem\FileReputation.cpp(540,21): error C3861: 'Error': tan─▒mlay─▒c─▒ bulunamad─▒ [C:\ShadowStrike\ShadowStrike\ShadowStrike.vcxproj]
  ('/src/Shared_modules/Core/FileSystem/FileReputation.cpp' kaynak dosyas─▒ derleniyor)
  
C:\ShadowStrike\ShadowStrike\src\Shared_modules\Core\FileSystem\FileReputation.cpp(550,36): error C2039: 'CalculateSHA256': bir 'ShadowStrike::HashStore' ├╝yesi de─şil [C:\ShadowStrike\ShadowStrike\ShadowStrike.vcxproj]
  ('/src/Shared_modules/Core/FileSystem/FileReputation.cpp' kaynak dosyas─▒ derleniyor)
      C:\ShadowStrike\ShadowStrike\src\Shared_modules\HashStore\HashStore.hpp(66,11):
      'ShadowStrike::HashStore' bildirimine bak─▒n
  
C:\ShadowStrike\ShadowStrike\src\Shared_modules\Core\FileSystem\FileReputation.cpp(550,36): error C3861: 'CalculateSHA256': tan─▒mlay─▒c─▒ bulunamad─▒ [C:\ShadowStrike\ShadowStrike\ShadowStrike.vcxproj]
  ('/src/Shared_modules/Core/FileSystem/FileReputation.cpp' kaynak dosyas─▒ derleniyor)
  
C:\ShadowStrike\ShadowStrike\src\Shared_modules\Core\FileSystem\FileReputation.cpp(553,13): error C2653: 'Logger': bir s─▒n─▒f veya ad alan─▒ ad─▒ de─şil [C:\ShadowStrike\ShadowStrike\ShadowStrike.vcxproj]
  ('/src/Shared_modules/Core/FileSystem/FileReputation.cpp' kaynak dosyas─▒ derleniyor)
  
C:\ShadowStrike\ShadowStrike\src\Shared_modules\Core\FileSystem\FileReputation.cpp(553,21): error C3861: 'Info': tan─▒mlay─▒c─▒ bulunamad─▒ [C:\ShadowStrike\ShadowStrike\ShadowStrike.vcxproj]
  ('/src/Shared_modules/Core/FileSystem/FileReputation.cpp' kaynak dosyas─▒ derleniyor)
  
C:\ShadowStrike\ShadowStrike\src\Shared_modules\Core\FileSystem\FileReputation.cpp(558,13): error C2653: 'Logger': bir s─▒n─▒f veya ad alan─▒ ad─▒ de─şil [C:\ShadowStrike\ShadowStrike\ShadowStrike.vcxproj]
  ('/src/Shared_modules/Core/FileSystem/FileReputation.cpp' kaynak dosyas─▒ derleniyor)
  
C:\ShadowStrike\ShadowStrike\src\Shared_modules\Core\FileSystem\FileReputation.cpp(558,21): error C3861: 'Error': tan─▒mlay─▒c─▒ bulunamad─▒ [C:\ShadowStrike\ShadowStrike\ShadowStrike.vcxproj]
  ('/src/Shared_modules/Core/FileSystem/FileReputation.cpp' kaynak dosyas─▒ derleniyor)
  
C:\ShadowStrike\ShadowStrike\src\Shared_modules\Core\FileSystem\FileReputation.cpp(567,13): error C2653: 'Logger': bir s─▒n─▒f veya ad alan─▒ ad─▒ de─şil [C:\ShadowStrike\ShadowStrike\ShadowStrike.vcxproj]
  ('/src/Shared_modules/Core/FileSystem/FileReputation.cpp' kaynak dosyas─▒ derleniyor)
  
C:\ShadowStrike\ShadowStrike\src\Shared_modules\Core\FileSystem\FileReputation.cpp(567,21): error C3861: 'Info': tan─▒mlay─▒c─▒ bulunamad─▒ [C:\ShadowStrike\ShadowStrike\ShadowStrike.vcxproj]
  ('/src/Shared_modules/Core/FileSystem/FileReputation.cpp' kaynak dosyas─▒ derleniyor)
  
C:\ShadowStrike\ShadowStrike\src\Shared_modules\Core\FileSystem\FileReputation.cpp(573,13): error C2653: 'Logger': bir s─▒n─▒f veya ad alan─▒ ad─▒ de─şil [C:\ShadowStrike\ShadowStrike\ShadowStrike.vcxproj]
  ('/src/Shared_modules/Core/FileSystem/FileReputation.cpp' kaynak dosyas─▒ derleniyor)
  
C:\ShadowStrike\ShadowStrike\src\Shared_modules\Core\FileSystem\FileReputation.cpp(573,21): error C3861: 'Error': tan─▒mlay─▒c─▒ bulunamad─▒ [C:\ShadowStrike\ShadowStrike\ShadowStrike.vcxproj]
  ('/src/Shared_modules/Core/FileSystem/FileReputation.cpp' kaynak dosyas─▒ derleniyor)
  
C:\ShadowStrike\ShadowStrike\src\Shared_modules\Core\FileSystem\FileReputation.cpp(582,13): error C2653: 'Logger': bir s─▒n─▒f veya ad alan─▒ ad─▒ de─şil [C:\ShadowStrike\ShadowStrike\ShadowStrike.vcxproj]
  ('/src/Shared_modules/Core/FileSystem/FileReputation.cpp' kaynak dosyas─▒ derleniyor)
  
C:\ShadowStrike\ShadowStrike\src\Shared_modules\Core\FileSystem\FileReputation.cpp(582,21): error C3861: 'Critical': tan─▒mlay─▒c─▒ bulunamad─▒ [C:\ShadowStrike\ShadowStrike\ShadowStrike.vcxproj]
  ('/src/Shared_modules/Core/FileSystem/FileReputation.cpp' kaynak dosyas─▒ derleniyor)
  
C:\ShadowStrike\ShadowStrike\src\Shared_modules\Core\FileSystem\FileReputation.cpp(588,13): error C2653: 'Logger': bir s─▒n─▒f veya ad alan─▒ ad─▒ de─şil [C:\ShadowStrike\ShadowStrike\ShadowStrike.vcxproj]
  ('/src/Shared_modules/Core/FileSystem/FileReputation.cpp' kaynak dosyas─▒ derleniyor)
  
C:\ShadowStrike\ShadowStrike\src\Shared_modules\Core\FileSystem\FileReputation.cpp(588,21): error C3861: 'Error': tan─▒mlay─▒c─▒ bulunamad─▒ [C:\ShadowStrike\ShadowStrike\ShadowStrike.vcxproj]
  ('/src/Shared_modules/Core/FileSystem/FileReputation.cpp' kaynak dosyas─▒ derleniyor)
  
C:\ShadowStrike\ShadowStrike\src\Shared_modules\Core\FileSystem\FileReputation.cpp(600,9): error C2653: 'Logger': bir s─▒n─▒f veya ad alan─▒ ad─▒ de─şil [C:\ShadowStrike\ShadowStrike\ShadowStrike.vcxproj]
  ('/src/Shared_modules/Core/FileSystem/FileReputation.cpp' kaynak dosyas─▒ derleniyor)
  
C:\ShadowStrike\ShadowStrike\src\Shared_modules\Core\FileSystem\FileReputation.cpp(600,17): error C3861: 'Info': tan─▒mlay─▒c─▒ bulunamad─▒ [C:\ShadowStrike\ShadowStrike\ShadowStrike.vcxproj]
  ('/src/Shared_modules/Core/FileSystem/FileReputation.cpp' kaynak dosyas─▒ derleniyor)
  
C:\ShadowStrike\ShadowStrike\src\Shared_modules\Core\FileSystem\FileReputation.cpp(615,13): error C2653: 'Logger': bir s─▒n─▒f veya ad alan─▒ ad─▒ de─şil [C:\ShadowStrike\ShadowStrike\ShadowStrike.vcxproj]
  ('/src/Shared_modules/Core/FileSystem/FileReputation.cpp' kaynak dosyas─▒ derleniyor)
  
C:\ShadowStrike\ShadowStrike\src\Shared_modules\Core\FileSystem\FileReputation.cpp(615,54): error C2653: 'StringUtils': bir s─▒n─▒f veya ad alan─▒ ad─▒ de─şil [C:\ShadowStrike\ShadowStrike\ShadowStrike.vcxproj]
  MacroDetector.cpp
  ('/src/Shared_modules/Core/FileSystem/FileReputation.cpp' kaynak dosyas─▒ derleniyor)
  
C:\ShadowStrike\ShadowStrike\src\Shared_modules\Core\FileSystem\FileReputation.cpp(615,67): error C3861: 'WideToUtf8': tan─▒mlay─▒c─▒ bulunamad─▒ [C:\ShadowStrike\ShadowStrike\ShadowStrike.vcxproj]
  ('/src/Shared_modules/Core/FileSystem/FileReputation.cpp' kaynak dosyas─▒ derleniyor)
  
C:\ShadowStrike\ShadowStrike\src\Shared_modules\Core\FileSystem\FileReputation.cpp(615,21): error C3861: 'Info': tan─▒mlay─▒c─▒ bulunamad─▒ [C:\ShadowStrike\ShadowStrike\ShadowStrike.vcxproj]
  ('/src/Shared_modules/Core/FileSystem/FileReputation.cpp' kaynak dosyas─▒ derleniyor)
  
C:\ShadowStrike\ShadowStrike\src\Shared_modules\Core\FileSystem\FileReputation.cpp(619,13): error C2653: 'Logger': bir s─▒n─▒f veya ad alan─▒ ad─▒ de─şil [C:\ShadowStrike\ShadowStrike\ShadowStrike.vcxproj]
  ('/src/Shared_modules/Core/FileSystem/FileReputation.cpp' kaynak dosyas─▒ derleniyor)
  
C:\ShadowStrike\ShadowStrike\src\Shared_modules\Core\FileSystem\FileReputation.cpp(619,21): error C3861: 'Error': tan─▒mlay─▒c─▒ bulunamad─▒ [C:\ShadowStrike\ShadowStrike\ShadowStrike.vcxproj]
  ('/src/Shared_modules/Core/FileSystem/FileReputation.cpp' kaynak dosyas─▒ derleniyor)
  
C:\ShadowStrike\ShadowStrike\src\Shared_modules\Core\FileSystem\FileReputation.cpp(631,13): error C2653: 'Logger': bir s─▒n─▒f veya ad alan─▒ ad─▒ de─şil [C:\ShadowStrike\ShadowStrike\ShadowStrike.vcxproj]
  ('/src/Shared_modules/Core/FileSystem/FileReputation.cpp' kaynak dosyas─▒ derleniyor)
  
C:\ShadowStrike\ShadowStrike\src\Shared_modules\Core\FileSystem\FileReputation.cpp(632,17): error C2653: 'StringUtils': bir s─▒n─▒f veya ad alan─▒ ad─▒ de─şil [C:\ShadowStrike\ShadowStrike\ShadowStrike.vcxproj]
  ('/src/Shared_modules/Core/FileSystem/FileReputation.cpp' kaynak dosyas─▒ derleniyor)
  
C:\ShadowStrike\ShadowStrike\src\Shared_modules\Core\FileSystem\FileReputation.cpp(632,30): error C3861: 'WideToUtf8': tan─▒mlay─▒c─▒ bulunamad─▒ [C:\ShadowStrike\ShadowStrike\ShadowStrike.vcxproj]
  ('/src/Shared_modules/Core/FileSystem/FileReputation.cpp' kaynak dosyas─▒ derleniyor)
  
C:\ShadowStrike\ShadowStrike\src\Shared_modules\Core\FileSystem\FileReputation.cpp(631,21): error C3861: 'Info': tan─▒mlay─▒c─▒ bulunamad─▒ [C:\ShadowStrike\ShadowStrike\ShadowStrike.vcxproj]
  ('/src/Shared_modules/Core/FileSystem/FileReputation.cpp' kaynak dosyas─▒ derleniyor)
  
C:\ShadowStrike\ShadowStrike\src\Shared_modules\Core\FileSystem\FileReputation.cpp(637,13): error C2653: 'Logger': bir s─▒n─▒f veya ad alan─▒ ad─▒ de─şil [C:\ShadowStrike\ShadowStrike\ShadowStrike.vcxproj]
  ('/src/Shared_modules/Core/FileSystem/FileReputation.cpp' kaynak dosyas─▒ derleniyor)
  
C:\ShadowStrike\ShadowStrike\src\Shared_modules\Core\FileSystem\FileReputation.cpp(637,21): error C3861: 'Error': tan─▒mlay─▒c─▒ bulunamad─▒ [C:\ShadowStrike\ShadowStrike\ShadowStrike.vcxproj]
  ('/src/Shared_modules/Core/FileSystem/FileReputation.cpp' kaynak dosyas─▒ derleniyor)
  
C:\ShadowStrike\ShadowStrike\src\Shared_modules\Core\FileSystem\FileReputation.cpp(652,9): error C2653: 'Logger': bir s─▒n─▒f veya ad alan─▒ ad─▒ de─şil [C:\ShadowStrike\ShadowStrike\ShadowStrike.vcxproj]
  ('/src/Shared_modules/Core/FileSystem/FileReputation.cpp' kaynak dosyas─▒ derleniyor)
  
C:\ShadowStrike\ShadowStrike\src\Shared_modules\Core\FileSystem\FileReputation.cpp(652,17): error C3861: 'Info': tan─▒mlay─▒c─▒ bulunamad─▒ [C:\ShadowStrike\ShadowStrike\ShadowStrike.vcxproj]
  ('/src/Shared_modules/Core/FileSystem/FileReputation.cpp' kaynak dosyas─▒ derleniyor)
  
C:\ShadowStrike\ShadowStrike\src\Shared_modules\Core\FileSystem\FileReputation.cpp(661,13): error C2653: 'Logger': bir s─▒n─▒f veya ad alan─▒ ad─▒ de─şil [C:\ShadowStrike\ShadowStrike\ShadowStrike.vcxproj]
  PowerShellScanner.cpp
  ('/src/Shared_modules/Core/FileSystem/FileReputation.cpp' kaynak dosyas─▒ derleniyor)
  
  PythonScriptScanner.cpp
C:\ShadowStrike\ShadowStrike\src\Shared_modules\Core\FileSystem\FileReputation.cpp(661,21): error C3861: 'Info': tan─▒mlay─▒c─▒ bulunamad─▒ [C:\ShadowStrike\ShadowStrike\ShadowStrike.vcxproj]
  ('/src/Shared_modules/Core/FileSystem/FileReputation.cpp' kaynak dosyas─▒ derleniyor)
  
C:\ShadowStrike\ShadowStrike\src\Shared_modules\Core\FileSystem\FileReputation.cpp(765,13): error C2653: 'Logger': bir s─▒n─▒f veya ad alan─▒ ad─▒ de─şil [C:\ShadowStrike\ShadowStrike\ShadowStrike.vcxproj]
  ('/src/Shared_modules/Core/FileSystem/FileReputation.cpp' kaynak dosyas─▒ derleniyor)
  
C:\ShadowStrike\ShadowStrike\src\Shared_modules\Core\FileSystem\FileReputation.cpp(765,21): error C3861: 'Error': tan─▒mlay─▒c─▒ bulunamad─▒ [C:\ShadowStrike\ShadowStrike\ShadowStrike.vcxproj]
  ('/src/Shared_modules/Core/FileSystem/FileReputation.cpp' kaynak dosyas─▒ derleniyor)
  
C:\ShadowStrike\ShadowStrike\src\Shared_modules\Core\FileSystem\MediaFileScanner.cpp(857,45): error C2039: 'mediaType': bir 'ShadowStrike::Core::MediaScanResult' ├╝yesi de─şil [C:\ShadowStrike\ShadowStrike\ShadowStrike.vcxproj]
  ('/src/Shared_modules/Core/FileSystem/MediaFileScanner.cpp' kaynak dosyas─▒ derleniyor)
      C:\ShadowStrike\ShadowStrike\src\Shared_modules\Core\FileSystem\MediaFileScanner.hpp(211,21):
      'ShadowStrike::Core::MediaScanResult' bildirimine bak─▒n
  
C:\ShadowStrike\ShadowStrike\src\Shared_modules\Core\FileSystem\MediaFileScanner.cpp(857,17): error C2660: 'ShadowStrike::Core::FileSystem::Impl::IsPolyglot': i┼şlev 1 ba─ş─▒ms─▒z de─şi┼şken alm─▒yor [C:\ShadowStrike\ShadowStrike\ShadowStrike.vcxproj]
  ('/src/Shared_modules/Core/FileSystem/MediaFileScanner.cpp' kaynak dosyas─▒ derleniyor)
      C:\ShadowStrike\ShadowStrike\src\Shared_modules\Core\FileSystem\MediaFileScanner.cpp(914,24):
      'ShadowStrike::Core::FileSystem::Impl::IsPolyglot' bildirimine bak─▒n
      C:\ShadowStrike\ShadowStrike\src\Shared_modules\Core\FileSystem\MediaFileScanner.cpp(857,17):
      '(const std::wstring)' ba─ş─▒ms─▒z de─şi┼şken listesi e┼şlenmeye ├ğal─▒┼ş─▒l─▒rken
  
C:\ShadowStrike\ShadowStrike\src\Shared_modules\Core\FileSystem\FileReputation.cpp(791,13): error C2653: 'Logger': bir s─▒n─▒f veya ad alan─▒ ad─▒ de─şil [C:\ShadowStrike\ShadowStrike\ShadowStrike.vcxproj]
  ('/src/Shared_modules/Core/FileSystem/FileReputation.cpp' kaynak dosyas─▒ derleniyor)
  
C:\ShadowStrike\ShadowStrike\src\Shared_modules\Core\FileSystem\FileReputation.cpp(791,21): error C3861: 'Info': tan─▒mlay─▒c─▒ bulunamad─▒ [C:\ShadowStrike\ShadowStrike\ShadowStrike.vcxproj]
  ('/src/Shared_modules/Core/FileSystem/FileReputation.cpp' kaynak dosyas─▒ derleniyor)
  
C:\ShadowStrike\ShadowStrike\src\Shared_modules\Core\FileSystem\FileReputation.cpp(817,13): error C2653: 'Logger': bir s─▒n─▒f veya ad alan─▒ ad─▒ de─şil [C:\ShadowStrike\ShadowStrike\ShadowStrike.vcxproj]
  ('/src/Shared_modules/Core/FileSystem/FileReputation.cpp' kaynak dosyas─▒ derleniyor)
  
C:\ShadowStrike\ShadowStrike\src\Shared_modules\Core\FileSystem\FileReputation.cpp(817,21): error C3861: 'Critical': tan─▒mlay─▒c─▒ bulunamad─▒ [C:\ShadowStrike\ShadowStrike\ShadowStrike.vcxproj]
  VBScriptScanner.cpp
  ('/src/Shared_modules/Core/FileSystem/FileReputation.cpp' kaynak dosyas─▒ derleniyor)
  
C:\ShadowStrike\ShadowStrike\src\Shared_modules\Core\FileSystem\FileReputation.cpp(828,28): error C2039: 'Instance': bir 'ShadowStrike::HashStore' ├╝yesi de─şil [C:\ShadowStrike\ShadowStrike\ShadowStrike.vcxproj]
  ('/src/Shared_modules/Core/FileSystem/FileReputation.cpp' kaynak dosyas─▒ derleniyor)
      C:\ShadowStrike\ShadowStrike\src\Shared_modules\HashStore\HashStore.hpp(66,11):
      'ShadowStrike::HashStore' bildirimine bak─▒n
  
C:\ShadowStrike\ShadowStrike\src\Shared_modules\Core\FileSystem\FileReputation.cpp(828,28): error C3861: 'Instance': tan─▒mlay─▒c─▒ bulunamad─▒ [C:\ShadowStrike\ShadowStrike\ShadowStrike.vcxproj]
  ('/src/Shared_modules/Core/FileSystem/FileReputation.cpp' kaynak dosyas─▒ derleniyor)
  
C:\ShadowStrike\ShadowStrike\src\Shared_modules\Core\FileSystem\FileReputation.cpp(828,28): error C1003: hata say─▒s─▒ 100 taneyi a┼şt─▒; derleme durduruluyor [C:\ShadowStrike\ShadowStrike\ShadowStrike.vcxproj]
  ('/src/Shared_modules/Core/FileSystem/FileReputation.cpp' kaynak dosyas─▒ derleniyor)
  
C:\ShadowStrike\ShadowStrike\src\Shared_modules\Core\FileSystem\MediaFileScanner.cpp(957,24): error C2039: 'mediaType': bir 'ShadowStrike::Core::MediaScanResult' ├╝yesi de─şil [C:\ShadowStrike\ShadowStrike\ShadowStrike.vcxproj]
  AntiDebug.cpp
  ('/src/Shared_modules/Core/FileSystem/MediaFileScanner.cpp' kaynak dosyas─▒ derleniyor)
      C:\ShadowStrike\ShadowStrike\src\Shared_modules\Core\FileSystem\MediaFileScanner.hpp(211,21):
      'ShadowStrike::Core::MediaScanResult' bildirimine bak─▒n
  
C:\ShadowStrike\ShadowStrike\src\Shared_modules\Core\FileSystem\MediaFileScanner.cpp(1116,37): error C2888: 'ShadowStrike::Core::MediaFileScanner &ShadowStrike::Core::MediaFileScanner::Instance(void)': simge 'FileSystem' ad alan─▒n─▒n i├ğinde tan─▒mlanamaz [C:\ShadowStrike\ShadowStrike\ShadowStrike.vcxproj]
  CertificateValidator.cpp
  ('/src/Shared_modules/Core/FileSystem/MediaFileScanner.cpp' kaynak dosyas─▒ derleniyor)
  
C:\ShadowStrike\ShadowStrike\src\Shared_modules\Core\FileSystem\MediaFileScanner.cpp(1125,19): error C2888: 'ShadowStrike::Core::MediaFileScanner::MediaFileScanner(void)': simge 'FileSystem' ad alan─▒n─▒n i├ğinde tan─▒mlanamaz [C:\ShadowStrike\ShadowStrike\ShadowStrike.vcxproj]
  ('/src/Shared_modules/Core/FileSystem/MediaFileScanner.cpp' kaynak dosyas─▒ derleniyor)
  
C:\ShadowStrike\ShadowStrike\src\Shared_modules\Core\FileSystem\MediaFileScanner.cpp(1131,20): error C2888: 'ShadowStrike::Core::MediaFileScanner::~MediaFileScanner(void)': simge 'FileSystem' ad alan─▒n─▒n i├ğinde tan─▒mlanamaz [C:\ShadowStrike\ShadowStrike\ShadowStrike.vcxproj]
  ('/src/Shared_modules/Core/FileSystem/MediaFileScanner.cpp' kaynak dosyas─▒ derleniyor)
  
C:\ShadowStrike\ShadowStrike\src\Shared_modules\Core\FileSystem\MediaFileScanner.cpp(1132,9): error C2451: 'std::unique_ptr' t├╝r├╝ndeki ko┼şullu ifade ge├ğerli de─şil [C:\ShadowStrike\ShadowStrike\ShadowStrike.vcxproj]
  ('/src/Shared_modules/Core/FileSystem/MediaFileScanner.cpp' kaynak dosyas─▒ derleniyor)
      C:\ShadowStrike\ShadowStrike\src\Shared_modules\Core\FileSystem\MediaFileScanner.cpp(1132,9):
      Bu d├Ân├╝┼şt├╝rmeyi ger├ğekle┼ştirecek kullan─▒c─▒ tan─▒ml─▒ d├Ân├╝┼şt├╝rme i┼şleci yok veya i┼şle├ğ ├ğa─şr─▒lam─▒yor
  
C:\ShadowStrike\ShadowStrike\src\Shared_modules\Core\FileSystem\MediaFileScanner.cpp(1133,9): error C2678: ikili '->': 'std::unique_ptr' t├╝r├╝nde bir sol taraf i┼şleneni alan hi├ğbir i┼şle├ğ bulunamad─▒ (veya hi├ğ kabul edilebilir d├Ân├╝┼şt├╝rme yok) [C:\ShadowStrike\ShadowStrike\ShadowStrike.vcxproj]
  ('/src/Shared_modules/Core/FileSystem/MediaFileScanner.cpp' kaynak dosyas─▒ derleniyor)
      C:\Program Files\Microsoft Visual Studio\2022\Community\VC\Tools\MSVC\14.44.35207\include\memory(3452,37):
      '_Get_deleter_pointer_type<_Ty,remove_reference<_Ty2>::type,void>::type std::unique_ptr<_Ty,_Dx>::operator ->(void) noexcept const' olabilirdi
          C:\ShadowStrike\ShadowStrike\src\Shared_modules\Core\FileSystem\MediaFileScanner.cpp(1133,9):
          '_Get_deleter_pointer_type<_Ty,remove_reference<_Ty2>::type,void>::type std::unique_ptr<_Ty,_Dx>::operator ->(void) noexcept const': 'this' i┼şaret├ğisi 'std::unique_ptr' iken 'const std::unique_ptr<_Ty,_Dx> &' olarak d├Ân├╝┼şt├╝r├╝lemiyor
              C:\ShadowStrike\ShadowStrike\src\Shared_modules\Core\FileSystem\MediaFileScanner.cpp(1133,9):
              Nedeni: 'std::unique_ptr' de─şerinden 'const std::unique_ptr<_Ty,_Dx>' de─şerine d├Ân├╝┼şt├╝r├╝lemez
              C:\ShadowStrike\ShadowStrike\src\Shared_modules\Core\FileSystem\MediaFileScanner.cpp(1133,9):
              D├Ân├╝┼şt├╝rme ikinci bir kullan─▒c─▒ tan─▒ml─▒ d├Ân├╝┼şt├╝rme i┼şleci veya olu┼şturucu gerektiriyor
      C:\ShadowStrike\ShadowStrike\src\Shared_modules\Core\FileSystem\MediaFileScanner.cpp(1133,9):
      '(std::unique_ptr)' ba─ş─▒ms─▒z de─şi┼şken listesi e┼şlenmeye ├ğal─▒┼ş─▒l─▒rken
  
C:\ShadowStrike\ShadowStrike\src\Shared_modules\Core\FileSystem\MediaFileScanner.cpp(1133,17): error C2039: 'Shutdown': bir 'std::unique_ptr' ├╝yesi de─şil [C:\ShadowStrike\ShadowStrike\ShadowStrike.vcxproj]
  ('/src/Shared_modules/Core/FileSystem/MediaFileScanner.cpp' kaynak dosyas─▒ derleniyor)
      C:\Program Files\Microsoft Visual Studio\2022\Community\VC\Tools\MSVC\14.44.35207\include\memory(3347,7):
      'std::unique_ptr' bildirimine bak─▒n
  
  CodeObfuscation.cpp
C:\ShadowStrike\ShadowStrike\src\Shared_modules\Core\FileSystem\MediaFileScanner.cpp(1142,24): error C2888: 'bool ShadowStrike::Core::MediaFileScanner::Initialize(const ShadowStrike::Core::MediaFileScannerConfig &)': simge 'FileSystem' ad alan─▒n─▒n i├ğinde tan─▒mlanamaz [C:\ShadowStrike\ShadowStrike\ShadowStrike.vcxproj]
  ('/src/Shared_modules/Core/FileSystem/MediaFileScanner.cpp' kaynak dosyas─▒ derleniyor)
  
C:\ShadowStrike\ShadowStrike\src\Shared_modules\Core\FileSystem\MediaFileScanner.cpp(1143,10): error C2678: ikili '!': 'std::unique_ptr' t├╝r├╝nde bir sol taraf i┼şleneni alan hi├ğbir i┼şle├ğ bulunamad─▒ (veya hi├ğ kabul edilebilir d├Ân├╝┼şt├╝rme yok) [C:\ShadowStrike\ShadowStrike\ShadowStrike.vcxproj]
  ('/src/Shared_modules/Core/FileSystem/MediaFileScanner.cpp' kaynak dosyas─▒ derleniyor)
      C:\ShadowStrike\ShadowStrike\src\Shared_modules\Core\FileSystem\MediaFileScanner.cpp(1143,10):
      'yerle┼şik C++ i┼şleci!(bool)' olabilirdi
          C:\ShadowStrike\ShadowStrike\src\Shared_modules\Core\FileSystem\MediaFileScanner.cpp(1143,10):
          '!' : 1 ba─ş─▒ms─▒z de─şi┼şkeni 'std::unique_ptr' de─şerinden 'bool' de─şerine d├Ân├╝┼şt├╝r├╝lemez
      C:\ShadowStrike\ShadowStrike\src\Shared_modules\Core\FileSystem\MediaFileScanner.cpp(1143,10):
      '(std::unique_ptr)' ba─ş─▒ms─▒z de─şi┼şken listesi e┼şlenmeye ├ğal─▒┼ş─▒l─▒rken
  
C:\ShadowStrike\ShadowStrike\src\Shared_modules\Core\FileSystem\MediaFileScanner.cpp(1143,9): error C2088: '!' yerle┼şik i┼şleci , 'std::unique_ptr' t├╝r├╝ndeki bir i┼şlenene uygulanamaz [C:\ShadowStrike\ShadowStrike\ShadowStrike.vcxproj]
  ('/src/Shared_modules/Core/FileSystem/MediaFileScanner.cpp' kaynak dosyas─▒ derleniyor)
  
C:\ShadowStrike\ShadowStrike\src\Shared_modules\Core\FileSystem\MediaFileScanner.cpp(1144,17): error C2039: 'Critical': bir 'ShadowStrike::Utils::Logger' ├╝yesi de─şil [C:\ShadowStrike\ShadowStrike\ShadowStrike.vcxproj]
  ('/src/Shared_modules/Core/FileSystem/MediaFileScanner.cpp' kaynak dosyas─▒ derleniyor)
      C:\ShadowStrike\ShadowStrike\src\Shared_modules\Utils\Logger.hpp(159,9):
      'ShadowStrike::Utils::Logger' bildirimine bak─▒n
  
  CryptoManager.cpp
C:\ShadowStrike\ShadowStrike\src\Shared_modules\Core\FileSystem\MediaFileScanner.cpp(1144,17): error C3861: 'Critical': tan─▒mlay─▒c─▒ bulunamad─▒ [C:\ShadowStrike\ShadowStrike\ShadowStrike.vcxproj]
  ('/src/Shared_modules/Core/FileSystem/MediaFileScanner.cpp' kaynak dosyas─▒ derleniyor)
  
C:\ShadowStrike\ShadowStrike\src\Shared_modules\Core\FileSystem\MediaFileScanner.cpp(1148,12): error C2678: ikili '->': 'std::unique_ptr' t├╝r├╝nde bir sol taraf i┼şleneni alan hi├ğbir i┼şle├ğ bulunamad─▒ (veya hi├ğ kabul edilebilir d├Ân├╝┼şt├╝rme yok) [C:\ShadowStrike\ShadowStrike\ShadowStrike.vcxproj]
  ('/src/Shared_modules/Core/FileSystem/MediaFileScanner.cpp' kaynak dosyas─▒ derleniyor)
      C:\Program Files\Microsoft Visual Studio\2022\Community\VC\Tools\MSVC\14.44.35207\include\memory(3452,37):
      '_Get_deleter_pointer_type<_Ty,remove_reference<_Ty2>::type,void>::type std::unique_ptr<_Ty,_Dx>::operator ->(void) noexcept const' olabilirdi
          C:\ShadowStrike\ShadowStrike\src\Shared_modules\Core\FileSystem\MediaFileScanner.cpp(1148,12):
          '_Get_deleter_pointer_type<_Ty,remove_reference<_Ty2>::type,void>::type std::unique_ptr<_Ty,_Dx>::operator ->(void) noexcept const': 'this' i┼şaret├ğisi 'std::unique_ptr' iken 'const std::unique_ptr<_Ty,_Dx> &' olarak d├Ân├╝┼şt├╝r├╝lemiyor
              C:\ShadowStrike\ShadowStrike\src\Shared_modules\Core\FileSystem\MediaFileScanner.cpp(1148,12):
              Nedeni: 'std::unique_ptr' de─şerinden 'const std::unique_ptr<_Ty,_Dx>' de─şerine d├Ân├╝┼şt├╝r├╝lemez
              C:\ShadowStrike\ShadowStrike\src\Shared_modules\Core\FileSystem\MediaFileScanner.cpp(1148,12):
              D├Ân├╝┼şt├╝rme ikinci bir kullan─▒c─▒ tan─▒ml─▒ d├Ân├╝┼şt├╝rme i┼şleci veya olu┼şturucu gerektiriyor
      C:\ShadowStrike\ShadowStrike\src\Shared_modules\Core\FileSystem\MediaFileScanner.cpp(1148,12):
      '(std::unique_ptr)' ba─ş─▒ms─▒z de─şi┼şken listesi e┼şlenmeye ├ğal─▒┼ş─▒l─▒rken
  
C:\ShadowStrike\ShadowStrike\src\Shared_modules\Core\FileSystem\MediaFileScanner.cpp(1148,20): error C2039: 'Initialize': bir 'std::unique_ptr' ├╝yesi de─şil [C:\ShadowStrike\ShadowStrike\ShadowStrike.vcxproj]
  ('/src/Shared_modules/Core/FileSystem/MediaFileScanner.cpp' kaynak dosyas─▒ derleniyor)
      C:\Program Files\Microsoft Visual Studio\2022\Community\VC\Tools\MSVC\14.44.35207\include\memory(3347,7):
      'std::unique_ptr' bildirimine bak─▒n
  
C:\ShadowStrike\ShadowStrike\src\Shared_modules\Core\FileSystem\MediaFileScanner.cpp(1151,24): error C2888: 'void ShadowStrike::Core::MediaFileScanner::Shutdown(void) noexcept': simge 'FileSystem' ad alan─▒n─▒n i├ğinde tan─▒mlanamaz [C:\ShadowStrike\ShadowStrike\ShadowStrike.vcxproj]
  ('/src/Shared_modules/Core/FileSystem/MediaFileScanner.cpp' kaynak dosyas─▒ derleniyor)
  
C:\ShadowStrike\ShadowStrike\src\Shared_modules\Core\FileSystem\MediaFileScanner.cpp(1152,9): error C2451: 'std::unique_ptr' t├╝r├╝ndeki ko┼şullu ifade ge├ğerli de─şil [C:\ShadowStrike\ShadowStrike\ShadowStrike.vcxproj]
  ('/src/Shared_modules/Core/FileSystem/MediaFileScanner.cpp' kaynak dosyas─▒ derleniyor)
      C:\ShadowStrike\ShadowStrike\src\Shared_modules\Core\FileSystem\MediaFileScanner.cpp(1152,9):
      Bu d├Ân├╝┼şt├╝rmeyi ger├ğekle┼ştirecek kullan─▒c─▒ tan─▒ml─▒ d├Ân├╝┼şt├╝rme i┼şleci yok veya i┼şle├ğ ├ğa─şr─▒lam─▒yor
  
C:\ShadowStrike\ShadowStrike\src\Shared_modules\Core\FileSystem\MediaFileScanner.cpp(1153,9): error C2678: ikili '->': 'std::unique_ptr' t├╝r├╝nde bir sol taraf i┼şleneni alan hi├ğbir i┼şle├ğ bulunamad─▒ (veya hi├ğ kabul edilebilir d├Ân├╝┼şt├╝rme yok) [C:\ShadowStrike\ShadowStrike\ShadowStrike.vcxproj]
  ('/src/Shared_modules/Core/FileSystem/MediaFileScanner.cpp' kaynak dosyas─▒ derleniyor)
      C:\Program Files\Microsoft Visual Studio\2022\Community\VC\Tools\MSVC\14.44.35207\include\memory(3452,37):
      '_Get_deleter_pointer_type<_Ty,remove_reference<_Ty2>::type,void>::type std::unique_ptr<_Ty,_Dx>::operator ->(void) noexcept const' olabilirdi
          C:\ShadowStrike\ShadowStrike\src\Shared_modules\Core\FileSystem\MediaFileScanner.cpp(1153,9):
          '_Get_deleter_pointer_type<_Ty,remove_reference<_Ty2>::type,void>::type std::unique_ptr<_Ty,_Dx>::operator ->(void) noexcept const': 'this' i┼şaret├ğisi 'std::unique_ptr' iken 'const std::unique_ptr<_Ty,_Dx> &' olarak d├Ân├╝┼şt├╝r├╝lemiyor
              C:\ShadowStrike\ShadowStrike\src\Shared_modules\Core\FileSystem\MediaFileScanner.cpp(1153,9):
              Nedeni: 'std::unique_ptr' de─şerinden 'const std::unique_ptr<_Ty,_Dx>' de─şerine d├Ân├╝┼şt├╝r├╝lemez
              C:\ShadowStrike\ShadowStrike\src\Shared_modules\Core\FileSystem\MediaFileScanner.cpp(1153,9):
              D├Ân├╝┼şt├╝rme ikinci bir kullan─▒c─▒ tan─▒ml─▒ d├Ân├╝┼şt├╝rme i┼şleci veya olu┼şturucu gerektiriyor
      C:\ShadowStrike\ShadowStrike\src\Shared_modules\Core\FileSystem\MediaFileScanner.cpp(1153,9):
      '(std::unique_ptr)' ba─ş─▒ms─▒z de─şi┼şken listesi e┼şlenmeye ├ğal─▒┼ş─▒l─▒rken
  
C:\ShadowStrike\ShadowStrike\src\Shared_modules\Core\FileSystem\MediaFileScanner.cpp(1153,17): error C2039: 'Shutdown': bir 'std::unique_ptr' ├╝yesi de─şil [C:\ShadowStrike\ShadowStrike\ShadowStrike.vcxproj]
  ('/src/Shared_modules/Core/FileSystem/MediaFileScanner.cpp' kaynak dosyas─▒ derleniyor)
      C:\Program Files\Microsoft Visual Studio\2022\Community\VC\Tools\MSVC\14.44.35207\include\memory(3347,7):
      'std::unique_ptr' bildirimine bak─▒n
  
C:\ShadowStrike\ShadowStrike\src\Shared_modules\Core\FileSystem\MediaFileScanner.cpp(1161,35): error C2888: 'ShadowStrike::Core::MediaScanResult ShadowStrike::Core::MediaFileScanner::Scan(const std::wstring &)': simge 'FileSystem' ad alan─▒n─▒n i├ğinde tan─▒mlanamaz [C:\ShadowStrike\ShadowStrike\ShadowStrike.vcxproj]
  ('/src/Shared_modules/Core/FileSystem/MediaFileScanner.cpp' kaynak dosyas─▒ derleniyor)
  
C:\ShadowStrike\ShadowStrike\src\Shared_modules\Core\FileSystem\MediaFileScanner.cpp(1162,10): error C2678: ikili '!': 'std::unique_ptr' t├╝r├╝nde bir sol taraf i┼şleneni alan hi├ğbir i┼şle├ğ bulunamad─▒ (veya hi├ğ kabul edilebilir d├Ân├╝┼şt├╝rme yok) [C:\ShadowStrike\ShadowStrike\ShadowStrike.vcxproj]
  ('/src/Shared_modules/Core/FileSystem/MediaFileScanner.cpp' kaynak dosyas─▒ derleniyor)
      C:\ShadowStrike\ShadowStrike\src\Shared_modules\Core\FileSystem\MediaFileScanner.cpp(1162,10):
      'yerle┼şik C++ i┼şleci!(bool)' olabilirdi
          C:\ShadowStrike\ShadowStrike\src\Shared_modules\Core\FileSystem\MediaFileScanner.cpp(1162,10):
          '!' : 1 ba─ş─▒ms─▒z de─şi┼şkeni 'std::unique_ptr' de─şerinden 'bool' de─şerine d├Ân├╝┼şt├╝r├╝lemez
      C:\ShadowStrike\ShadowStrike\src\Shared_modules\Core\FileSystem\MediaFileScanner.cpp(1162,10):
      '(std::unique_ptr)' ba─ş─▒ms─▒z de─şi┼şken listesi e┼şlenmeye ├ğal─▒┼ş─▒l─▒rken
  
C:\ShadowStrike\ShadowStrike\src\Shared_modules\Core\FileSystem\MediaFileScanner.cpp(1162,9): error C2088: '!' yerle┼şik i┼şleci , 'std::unique_ptr' t├╝r├╝ndeki bir i┼şlenene uygulanamaz [C:\ShadowStrike\ShadowStrike\ShadowStrike.vcxproj]
  ('/src/Shared_modules/Core/FileSystem/MediaFileScanner.cpp' kaynak dosyas─▒ derleniyor)
  
C:\ShadowStrike\ShadowStrike\src\Shared_modules\Core\FileSystem\MediaFileScanner.cpp(1162,21): error C2678: ikili '->': 'std::unique_ptr' t├╝r├╝nde bir sol taraf i┼şleneni alan hi├ğbir i┼şle├ğ bulunamad─▒ (veya hi├ğ kabul edilebilir d├Ân├╝┼şt├╝rme yok) [C:\ShadowStrike\ShadowStrike\ShadowStrike.vcxproj]
  ('/src/Shared_modules/Core/FileSystem/MediaFileScanner.cpp' kaynak dosyas─▒ derleniyor)
      C:\Program Files\Microsoft Visual Studio\2022\Community\VC\Tools\MSVC\14.44.35207\include\memory(3452,37):
      '_Get_deleter_pointer_type<_Ty,remove_reference<_Ty2>::type,void>::type std::unique_ptr<_Ty,_Dx>::operator ->(void) noexcept const' olabilirdi
          C:\ShadowStrike\ShadowStrike\src\Shared_modules\Core\FileSystem\MediaFileScanner.cpp(1162,21):
          '_Get_deleter_pointer_type<_Ty,remove_reference<_Ty2>::type,void>::type std::unique_ptr<_Ty,_Dx>::operator ->(void) noexcept const': 'this' i┼şaret├ğisi 'std::unique_ptr' iken 'const std::unique_ptr<_Ty,_Dx> &' olarak d├Ân├╝┼şt├╝r├╝lemiyor
              C:\ShadowStrike\ShadowStrike\src\Shared_modules\Core\FileSystem\MediaFileScanner.cpp(1162,21):
              Nedeni: 'std::unique_ptr' de─şerinden 'const std::unique_ptr<_Ty,_Dx>' de─şerine d├Ân├╝┼şt├╝r├╝lemez
              C:\ShadowStrike\ShadowStrike\src\Shared_modules\Core\FileSystem\MediaFileScanner.cpp(1162,21):
              D├Ân├╝┼şt├╝rme ikinci bir kullan─▒c─▒ tan─▒ml─▒ d├Ân├╝┼şt├╝rme i┼şleci veya olu┼şturucu gerektiriyor
      C:\ShadowStrike\ShadowStrike\src\Shared_modules\Core\FileSystem\MediaFileScanner.cpp(1162,21):
      '(std::unique_ptr)' ba─ş─▒ms─▒z de─şi┼şken listesi e┼şlenmeye ├ğal─▒┼ş─▒l─▒rken
  
C:\ShadowStrike\ShadowStrike\src\Shared_modules\Core\FileSystem\MediaFileScanner.cpp(1162,29): error C2039: 'm_initialized': bir 'std::unique_ptr' ├╝yesi de─şil [C:\ShadowStrike\ShadowStrike\ShadowStrike.vcxproj]
  DigitalSignatureValidator.cpp
  ('/src/Shared_modules/Core/FileSystem/MediaFileScanner.cpp' kaynak dosyas─▒ derleniyor)
      C:\Program Files\Microsoft Visual Studio\2022\Community\VC\Tools\MSVC\14.44.35207\include\memory(3347,7):
      'std::unique_ptr' bildirimine bak─▒n
  
C:\ShadowStrike\ShadowStrike\src\Shared_modules\Core\FileSystem\MediaFileScanner.cpp(1167,12): error C2678: ikili '->': 'std::unique_ptr' t├╝r├╝nde bir sol taraf i┼şleneni alan hi├ğbir i┼şle├ğ bulunamad─▒ (veya hi├ğ kabul edilebilir d├Ân├╝┼şt├╝rme yok) [C:\ShadowStrike\ShadowStrike\ShadowStrike.vcxproj]
  ('/src/Shared_modules/Core/FileSystem/MediaFileScanner.cpp' kaynak dosyas─▒ derleniyor)
      C:\Program Files\Microsoft Visual Studio\2022\Community\VC\Tools\MSVC\14.44.35207\include\memory(3452,37):
      '_Get_deleter_pointer_type<_Ty,remove_reference<_Ty2>::type,void>::type std::unique_ptr<_Ty,_Dx>::operator ->(void) noexcept const' olabilirdi
          C:\ShadowStrike\ShadowStrike\src\Shared_modules\Core\FileSystem\MediaFileScanner.cpp(1167,12):
          '_Get_deleter_pointer_type<_Ty,remove_reference<_Ty2>::type,void>::type std::unique_ptr<_Ty,_Dx>::operator ->(void) noexcept const': 'this' i┼şaret├ğisi 'std::unique_ptr' iken 'const std::unique_ptr<_Ty,_Dx> &' olarak d├Ân├╝┼şt├╝r├╝lemiyor
              C:\ShadowStrike\ShadowStrike\src\Shared_modules\Core\FileSystem\MediaFileScanner.cpp(1167,12):
              Nedeni: 'std::unique_ptr' de─şerinden 'const std::unique_ptr<_Ty,_Dx>' de─şerine d├Ân├╝┼şt├╝r├╝lemez
              C:\ShadowStrike\ShadowStrike\src\Shared_modules\Core\FileSystem\MediaFileScanner.cpp(1167,12):
              D├Ân├╝┼şt├╝rme ikinci bir kullan─▒c─▒ tan─▒ml─▒ d├Ân├╝┼şt├╝rme i┼şleci veya olu┼şturucu gerektiriyor
      C:\ShadowStrike\ShadowStrike\src\Shared_modules\Core\FileSystem\MediaFileScanner.cpp(1167,12):
      '(std::unique_ptr)' ba─ş─▒ms─▒z de─şi┼şken listesi e┼şlenmeye ├ğal─▒┼ş─▒l─▒rken
  
C:\ShadowStrike\ShadowStrike\src\Shared_modules\Core\FileSystem\MediaFileScanner.cpp(1167,20): error C2039: 'ScanImpl': bir 'std::unique_ptr' ├╝yesi de─şil [C:\ShadowStrike\ShadowStrike\ShadowStrike.vcxproj]
  ('/src/Shared_modules/Core/FileSystem/MediaFileScanner.cpp' kaynak dosyas─▒ derleniyor)
      C:\Program Files\Microsoft Visual Studio\2022\Community\VC\Tools\MSVC\14.44.35207\include\memory(3347,7):
      'std::unique_ptr' bildirimine bak─▒n
  
C:\ShadowStrike\ShadowStrike\src\Shared_modules\Core\FileSystem\MediaFileScanner.cpp(1170,33): error C2888: 'ShadowStrike::Core::StegoAnalysis ShadowStrike::Core::MediaFileScanner::DetectSteganography(const std::wstring &) const': simge 'FileSystem' ad alan─▒n─▒n i├ğinde tan─▒mlanamaz [C:\ShadowStrike\ShadowStrike\ShadowStrike.vcxproj]
  ('/src/Shared_modules/Core/FileSystem/MediaFileScanner.cpp' kaynak dosyas─▒ derleniyor)
  
C:\ShadowStrike\ShadowStrike\src\Shared_modules\Core\FileSystem\MediaFileScanner.cpp(1171,10): error C2678: ikili '!': 'const std::unique_ptr' t├╝r├╝nde bir sol taraf i┼şleneni alan hi├ğbir i┼şle├ğ bulunamad─▒ (veya hi├ğ kabul edilebilir d├Ân├╝┼şt├╝rme yok) [C:\ShadowStrike\ShadowStrike\ShadowStrike.vcxproj]
  ('/src/Shared_modules/Core/FileSystem/MediaFileScanner.cpp' kaynak dosyas─▒ derleniyor)
      C:\ShadowStrike\ShadowStrike\src\Shared_modules\Core\FileSystem\MediaFileScanner.cpp(1171,10):
      'yerle┼şik C++ i┼şleci!(bool)' olabilirdi
          C:\ShadowStrike\ShadowStrike\src\Shared_modules\Core\FileSystem\MediaFileScanner.cpp(1171,10):
          '!' : 1 ba─ş─▒ms─▒z de─şi┼şkeni 'const std::unique_ptr' de─şerinden 'bool' de─şerine d├Ân├╝┼şt├╝r├╝lemez
      C:\ShadowStrike\ShadowStrike\src\Shared_modules\Core\FileSystem\MediaFileScanner.cpp(1171,10):
      '(const std::unique_ptr)' ba─ş─▒ms─▒z de─şi┼şken listesi e┼şlenmeye ├ğal─▒┼ş─▒l─▒rken
  
C:\ShadowStrike\ShadowStrike\src\Shared_modules\Core\FileSystem\MediaFileScanner.cpp(1171,9): error C2088: '!' yerle┼şik i┼şleci , 'const std::unique_ptr' t├╝r├╝ndeki bir i┼şlenene uygulanamaz [C:\ShadowStrike\ShadowStrike\ShadowStrike.vcxproj]
  ('/src/Shared_modules/Core/FileSystem/MediaFileScanner.cpp' kaynak dosyas─▒ derleniyor)
  
C:\ShadowStrike\ShadowStrike\src\Shared_modules\Core\FileSystem\MediaFileScanner.cpp(1171,21): error C2678: ikili '->': 'const std::unique_ptr' t├╝r├╝nde bir sol taraf i┼şleneni alan hi├ğbir i┼şle├ğ bulunamad─▒ (veya hi├ğ kabul edilebilir d├Ân├╝┼şt├╝rme yok) [C:\ShadowStrike\ShadowStrike\ShadowStrike.vcxproj]
  FileProtection.cpp
  ('/src/Shared_modules/Core/FileSystem/MediaFileScanner.cpp' kaynak dosyas─▒ derleniyor)
      C:\Program Files\Microsoft Visual Studio\2022\Community\VC\Tools\MSVC\14.44.35207\include\memory(3452,37):
      '_Get_deleter_pointer_type<_Ty,remove_reference<_Ty2>::type,void>::type std::unique_ptr<_Ty,_Dx>::operator ->(void) noexcept const' olabilirdi
          C:\ShadowStrike\ShadowStrike\src\Shared_modules\Core\FileSystem\MediaFileScanner.cpp(1171,21):
          '_Get_deleter_pointer_type<_Ty,remove_reference<_Ty2>::type,void>::type std::unique_ptr<_Ty,_Dx>::operator ->(void) noexcept const': 'this' i┼şaret├ğisi 'const std::unique_ptr' iken 'const std::unique_ptr<_Ty,_Dx> &' olarak d├Ân├╝┼şt├╝r├╝lemiyor
              C:\ShadowStrike\ShadowStrike\src\Shared_modules\Core\FileSystem\MediaFileScanner.cpp(1171,21):
              Nedeni: 'const std::unique_ptr' de─şerinden 'const std::unique_ptr<_Ty,_Dx>' de─şerine d├Ân├╝┼şt├╝r├╝lemez
              C:\ShadowStrike\ShadowStrike\src\Shared_modules\Core\FileSystem\MediaFileScanner.cpp(1171,21):
              D├Ân├╝┼şt├╝rme ikinci bir kullan─▒c─▒ tan─▒ml─▒ d├Ân├╝┼şt├╝rme i┼şleci veya olu┼şturucu gerektiriyor
      C:\ShadowStrike\ShadowStrike\src\Shared_modules\Core\FileSystem\MediaFileScanner.cpp(1171,21):
      '(const std::unique_ptr)' ba─ş─▒ms─▒z de─şi┼şken listesi e┼şlenmeye ├ğal─▒┼ş─▒l─▒rken
  
C:\ShadowStrike\ShadowStrike\src\Shared_modules\Core\FileSystem\MediaFileScanner.cpp(1171,29): error C2039: 'm_initialized': bir 'std::unique_ptr' ├╝yesi de─şil [C:\ShadowStrike\ShadowStrike\ShadowStrike.vcxproj]
  ('/src/Shared_modules/Core/FileSystem/MediaFileScanner.cpp' kaynak dosyas─▒ derleniyor)
      C:\Program Files\Microsoft Visual Studio\2022\Community\VC\Tools\MSVC\14.44.35207\include\memory(3347,7):
      'std::unique_ptr' bildirimine bak─▒n
  
C:\ShadowStrike\ShadowStrike\src\Shared_modules\Core\FileSystem\MediaFileScanner.cpp(1176,22): error C2678: ikili '->': 'const std::unique_ptr' t├╝r├╝nde bir sol taraf i┼şleneni alan hi├ğbir i┼şle├ğ bulunamad─▒ (veya hi├ğ kabul edilebilir d├Ân├╝┼şt├╝rme yok) [C:\ShadowStrike\ShadowStrike\ShadowStrike.vcxproj]
  ('/src/Shared_modules/Core/FileSystem/MediaFileScanner.cpp' kaynak dosyas─▒ derleniyor)
      C:\Program Files\Microsoft Visual Studio\2022\Community\VC\Tools\MSVC\14.44.35207\include\memory(3452,37):
      '_Get_deleter_pointer_type<_Ty,remove_reference<_Ty2>::type,void>::type std::unique_ptr<_Ty,_Dx>::operator ->(void) noexcept const' olabilirdi
          C:\ShadowStrike\ShadowStrike\src\Shared_modules\Core\FileSystem\MediaFileScanner.cpp(1176,22):
          '_Get_deleter_pointer_type<_Ty,remove_reference<_Ty2>::type,void>::type std::unique_ptr<_Ty,_Dx>::operator ->(void) noexcept const': 'this' i┼şaret├ğisi 'const std::unique_ptr' iken 'const std::unique_ptr<_Ty,_Dx> &' olarak d├Ân├╝┼şt├╝r├╝lemiyor
              C:\ShadowStrike\ShadowStrike\src\Shared_modules\Core\FileSystem\MediaFileScanner.cpp(1176,22):
              Nedeni: 'const std::unique_ptr' de─şerinden 'const std::unique_ptr<_Ty,_Dx>' de─şerine d├Ân├╝┼şt├╝r├╝lemez
              C:\ShadowStrike\ShadowStrike\src\Shared_modules\Core\FileSystem\MediaFileScanner.cpp(1176,22):
              D├Ân├╝┼şt├╝rme ikinci bir kullan─▒c─▒ tan─▒ml─▒ d├Ân├╝┼şt├╝rme i┼şleci veya olu┼şturucu gerektiriyor
      C:\ShadowStrike\ShadowStrike\src\Shared_modules\Core\FileSystem\MediaFileScanner.cpp(1176,22):
      '(const std::unique_ptr)' ba─ş─▒ms─▒z de─şi┼şken listesi e┼şlenmeye ├ğal─▒┼ş─▒l─▒rken
  
C:\ShadowStrike\ShadowStrike\src\Shared_modules\Core\FileSystem\MediaFileScanner.cpp(1176,30): error C2039: 'DetectMediaType': bir 'std::unique_ptr' ├╝yesi de─şil [C:\ShadowStrike\ShadowStrike\ShadowStrike.vcxproj]
  MemoryProtection.cpp
  ('/src/Shared_modules/Core/FileSystem/MediaFileScanner.cpp' kaynak dosyas─▒ derleniyor)
      C:\Program Files\Microsoft Visual Studio\2022\Community\VC\Tools\MSVC\14.44.35207\include\memory(3347,7):
      'std::unique_ptr' bildirimine bak─▒n
  
C:\ShadowStrike\ShadowStrike\src\Shared_modules\Core\FileSystem\MediaFileScanner.cpp(1177,12): error C2678: ikili '->': 'const std::unique_ptr' t├╝r├╝nde bir sol taraf i┼şleneni alan hi├ğbir i┼şle├ğ bulunamad─▒ (veya hi├ğ kabul edilebilir d├Ân├╝┼şt├╝rme yok) [C:\ShadowStrike\ShadowStrike\ShadowStrike.vcxproj]
  ('/src/Shared_modules/Core/FileSystem/MediaFileScanner.cpp' kaynak dosyas─▒ derleniyor)
      C:\Program Files\Microsoft Visual Studio\2022\Community\VC\Tools\MSVC\14.44.35207\include\memory(3452,37):
      '_Get_deleter_pointer_type<_Ty,remove_reference<_Ty2>::type,void>::type std::unique_ptr<_Ty,_Dx>::operator ->(void) noexcept const' olabilirdi
          C:\ShadowStrike\ShadowStrike\src\Shared_modules\Core\FileSystem\MediaFileScanner.cpp(1177,12):
          '_Get_deleter_pointer_type<_Ty,remove_reference<_Ty2>::type,void>::type std::unique_ptr<_Ty,_Dx>::operator ->(void) noexcept const': 'this' i┼şaret├ğisi 'const std::unique_ptr' iken 'const std::unique_ptr<_Ty,_Dx> &' olarak d├Ân├╝┼şt├╝r├╝lemiyor
              C:\ShadowStrike\ShadowStrike\src\Shared_modules\Core\FileSystem\MediaFileScanner.cpp(1177,12):
              Nedeni: 'const std::unique_ptr' de─şerinden 'const std::unique_ptr<_Ty,_Dx>' de─şerine d├Ân├╝┼şt├╝r├╝lemez
              C:\ShadowStrike\ShadowStrike\src\Shared_modules\Core\FileSystem\MediaFileScanner.cpp(1177,12):
              D├Ân├╝┼şt├╝rme ikinci bir kullan─▒c─▒ tan─▒ml─▒ d├Ân├╝┼şt├╝rme i┼şleci veya olu┼şturucu gerektiriyor
      C:\ShadowStrike\ShadowStrike\src\Shared_modules\Core\FileSystem\MediaFileScanner.cpp(1177,12):
      '(const std::unique_ptr)' ba─ş─▒ms─▒z de─şi┼şken listesi e┼şlenmeye ├ğal─▒┼ş─▒l─▒rken
  
C:\ShadowStrike\ShadowStrike\src\Shared_modules\Core\FileSystem\MediaFileScanner.cpp(1177,20): error C2039: 'DetectSteganographyImpl': bir 'std::unique_ptr' ├╝yesi de─şil [C:\ShadowStrike\ShadowStrike\ShadowStrike.vcxproj]
  ('/src/Shared_modules/Core/FileSystem/MediaFileScanner.cpp' kaynak dosyas─▒ derleniyor)
      C:\Program Files\Microsoft Visual Studio\2022\Community\VC\Tools\MSVC\14.44.35207\include\memory(3347,7):
      'std::unique_ptr' bildirimine bak─▒n
  
C:\ShadowStrike\ShadowStrike\src\Shared_modules\Core\FileSystem\MediaFileScanner.cpp(1177,54): error C3536: 'mediaType': ba┼şlat─▒lmadan ├Ânce kullan─▒lamaz [C:\ShadowStrike\ShadowStrike\ShadowStrike.vcxproj]
  ('/src/Shared_modules/Core/FileSystem/MediaFileScanner.cpp' kaynak dosyas─▒ derleniyor)
  
C:\ShadowStrike\ShadowStrike\src\Shared_modules\Core\FileSystem\MediaFileScanner.cpp(1180,33): error C2888: 'ShadowStrike::Core::MediaMetadata ShadowStrike::Core::MediaFileScanner::ExtractMetadata(const std::wstring &) const': simge 'FileSystem' ad alan─▒n─▒n i├ğinde tan─▒mlanamaz [C:\ShadowStrike\ShadowStrike\ShadowStrike.vcxproj]
  ('/src/Shared_modules/Core/FileSystem/MediaFileScanner.cpp' kaynak dosyas─▒ derleniyor)
  
C:\ShadowStrike\ShadowStrike\src\Shared_modules\Core\FileSystem\MediaFileScanner.cpp(1181,10): error C2678: ikili '!': 'const std::unique_ptr' t├╝r├╝nde bir sol taraf i┼şleneni alan hi├ğbir i┼şle├ğ bulunamad─▒ (veya hi├ğ kabul edilebilir d├Ân├╝┼şt├╝rme yok) [C:\ShadowStrike\ShadowStrike\ShadowStrike.vcxproj]
  ('/src/Shared_modules/Core/FileSystem/MediaFileScanner.cpp' kaynak dosyas─▒ derleniyor)
      C:\ShadowStrike\ShadowStrike\src\Shared_modules\Core\FileSystem\MediaFileScanner.cpp(1181,10):
      'yerle┼şik C++ i┼şleci!(bool)' olabilirdi
          C:\ShadowStrike\ShadowStrike\src\Shared_modules\Core\FileSystem\MediaFileScanner.cpp(1181,10):
          '!' : 1 ba─ş─▒ms─▒z de─şi┼şkeni 'const std::unique_ptr' de─şerinden 'bool' de─şerine d├Ân├╝┼şt├╝r├╝lemez
      C:\ShadowStrike\ShadowStrike\src\Shared_modules\Core\FileSystem\MediaFileScanner.cpp(1181,10):
      '(const std::unique_ptr)' ba─ş─▒ms─▒z de─şi┼şken listesi e┼şlenmeye ├ğal─▒┼ş─▒l─▒rken
  
C:\ShadowStrike\ShadowStrike\src\Shared_modules\Core\FileSystem\MediaFileScanner.cpp(1181,10): error C1003: hata say─▒s─▒ 100 taneyi a┼şt─▒; derleme durduruluyor [C:\ShadowStrike\ShadowStrike\ShadowStrike.vcxproj]
  ('/src/Shared_modules/Core/FileSystem/MediaFileScanner.cpp' kaynak dosyas─▒ derleniyor)
  
C:\ShadowStrike\ShadowStrike\src\Shared_modules\Core\Network\DNSMonitor.hpp(256,5): error C2059: s├Âzdizimi hatas─▒: 'sabit' [C:\ShadowStrike\ShadowStrike\ShadowStrike.vcxproj]
  ('/src/Shared_modules/Core/Network/DNSMonitor.cpp' kaynak dosyas─▒ derleniyor)
  
C:\ShadowStrike\ShadowStrike\src\Shared_modules\Core\Network\DNSMonitor.hpp(267,1): error C2143: s├Âzdizimi hatas─▒: ';' eksik ('}' ├Âncesinde) [C:\ShadowStrike\ShadowStrike\ShadowStrike.vcxproj]
  ('/src/Shared_modules/Core/Network/DNSMonitor.cpp' kaynak dosyas─▒ derleniyor)
  
C:\ShadowStrike\ShadowStrike\src\Shared_modules\Core\Network\DNSMonitor.hpp(274,8): error C2059: s├Âzdizimi hatas─▒: '=' [C:\ShadowStrike\ShadowStrike\ShadowStrike.vcxproj]
  ProcessProtection.cpp
  ('/src/Shared_modules/Core/Network/DNSMonitor.cpp' kaynak dosyas─▒ derleniyor)
  
C:\ShadowStrike\ShadowStrike\src\Shared_modules\Core\Network\DNSMonitor.hpp(279,1): error C2143: s├Âzdizimi hatas─▒: ';' eksik ('}' ├Âncesinde) [C:\ShadowStrike\ShadowStrike\ShadowStrike.vcxproj]
  ('/src/Shared_modules/Core/Network/DNSMonitor.cpp' kaynak dosyas─▒ derleniyor)
  
C:\ShadowStrike\ShadowStrike\src\Shared_modules\Core\Network\DNSMonitor.hpp(394,5): error C2143: s├Âzdizimi hatas─▒: '}' eksik ('sabit' ├Âncesinde) [C:\ShadowStrike\ShadowStrike\ShadowStrike.vcxproj]
  ('/src/Shared_modules/Core/Network/DNSMonitor.cpp' kaynak dosyas─▒ derleniyor)
  
C:\ShadowStrike\ShadowStrike\src\Shared_modules\Core\Network\DNSMonitor.hpp(394,5): error C2059: s├Âzdizimi hatas─▒: 'sabit' [C:\ShadowStrike\ShadowStrike\ShadowStrike.vcxproj]
  ('/src/Shared_modules/Core/Network/DNSMonitor.cpp' kaynak dosyas─▒ derleniyor)
  
C:\ShadowStrike\ShadowStrike\src\Shared_modules\Core\Network\DNSMonitor.hpp(395,1): error C2143: s├Âzdizimi hatas─▒: ';' eksik ('}' ├Âncesinde) [C:\ShadowStrike\ShadowStrike\ShadowStrike.vcxproj]
  ('/src/Shared_modules/Core/Network/DNSMonitor.cpp' kaynak dosyas─▒ derleniyor)
  
C:\ShadowStrike\ShadowStrike\src\Shared_modules\Core\Network\DNSMonitor.hpp(412,19): error C3646: 'recordType': bilinmeyen ge├ğersiz k─▒lma belirticisi [C:\ShadowStrike\ShadowStrike\ShadowStrike.vcxproj]
  ('/src/Shared_modules/Core/Network/DNSMonitor.cpp' kaynak dosyas─▒ derleniyor)
  
C:\ShadowStrike\ShadowStrike\src\Shared_modules\Core\Network\DNSMonitor.hpp(412,29): error C2059: s├Âzdizimi hatas─▒: '{' [C:\ShadowStrike\ShadowStrike\ShadowStrike.vcxproj]
  RegistryProtection.cpp
  ('/src/Shared_modules/Core/Network/DNSMonitor.cpp' kaynak dosyas─▒ derleniyor)
  
C:\ShadowStrike\ShadowStrike\src\Shared_modules\Core\Network\DNSMonitor.hpp(412,29): error C2334: '{' ├Âncesinde beklenmeyen belirte├ğler; g├Âr├╝nen i┼şlev g├Âvdesi atlan─▒yor [C:\ShadowStrike\ShadowStrike\ShadowStrike.vcxproj]
  ('/src/Shared_modules/Core/Network/DNSMonitor.cpp' kaynak dosyas─▒ derleniyor)
  
C:\ShadowStrike\ShadowStrike\src\Shared_modules\Core\Network\DNSMonitor.hpp(413,19): error C3646: 'queryClass': bilinmeyen ge├ğersiz k─▒lma belirticisi [C:\ShadowStrike\ShadowStrike\ShadowStrike.vcxproj]
  ('/src/Shared_modules/Core/Network/DNSMonitor.cpp' kaynak dosyas─▒ derleniyor)
  
C:\ShadowStrike\ShadowStrike\src\Shared_modules\Core\Network\DNSMonitor.hpp(413,29): error C2059: s├Âzdizimi hatas─▒: '{' [C:\ShadowStrike\ShadowStrike\ShadowStrike.vcxproj]
  ('/src/Shared_modules/Core/Network/DNSMonitor.cpp' kaynak dosyas─▒ derleniyor)
  
C:\ShadowStrike\ShadowStrike\src\Shared_modules\Core\Network\DNSMonitor.hpp(413,29): error C2334: '{' ├Âncesinde beklenmeyen belirte├ğler; g├Âr├╝nen i┼şlev g├Âvdesi atlan─▒yor [C:\ShadowStrike\ShadowStrike\ShadowStrike.vcxproj]
  ('/src/Shared_modules/Core/Network/DNSMonitor.cpp' kaynak dosyas─▒ derleniyor)
  
C:\ShadowStrike\ShadowStrike\src\Shared_modules\Core\Network\DNSMonitor.hpp(414,17): error C3646: 'protocol': bilinmeyen ge├ğersiz k─▒lma belirticisi [C:\ShadowStrike\ShadowStrike\ShadowStrike.vcxproj]
  ('/src/Shared_modules/Core/Network/DNSMonitor.cpp' kaynak dosyas─▒ derleniyor)
  
C:\ShadowStrike\ShadowStrike\src\Shared_modules\Core\Network\DNSMonitor.hpp(414,25): error C2059: s├Âzdizimi hatas─▒: '{' [C:\ShadowStrike\ShadowStrike\ShadowStrike.vcxproj]
  ('/src/Shared_modules/Core/Network/DNSMonitor.cpp' kaynak dosyas─▒ derleniyor)
  
C:\ShadowStrike\ShadowStrike\src\Shared_modules\Core\Network\DNSMonitor.hpp(414,25): error C2334: '{' ├Âncesinde beklenmeyen belirte├ğler; g├Âr├╝nen i┼şlev g├Âvdesi atlan─▒yor [C:\ShadowStrike\ShadowStrike\ShadowStrike.vcxproj]
  ('/src/Shared_modules/Core/Network/DNSMonitor.cpp' kaynak dosyas─▒ derleniyor)
  
C:\ShadowStrike\ShadowStrike\src\Shared_modules\Core\Network\DNSMonitor.hpp(442,19): error C3646: 'type': bilinmeyen ge├ğersiz k─▒lma belirticisi [C:\ShadowStrike\ShadowStrike\ShadowStrike.vcxproj]
  ('/src/Shared_modules/Core/Network/DNSMonitor.cpp' kaynak dosyas─▒ derleniyor)
  
C:\ShadowStrike\ShadowStrike\src\Shared_modules\Core\Network\DNSMonitor.hpp(442,23): error C2059: s├Âzdizimi hatas─▒: '{' [C:\ShadowStrike\ShadowStrike\ShadowStrike.vcxproj]
  ('/src/Shared_modules/Core/Network/DNSMonitor.cpp' kaynak dosyas─▒ derleniyor)
  
C:\ShadowStrike\ShadowStrike\src\Shared_modules\Core\Network\DNSMonitor.hpp(442,23): error C2334: '{' ├Âncesinde beklenmeyen belirte├ğler; g├Âr├╝nen i┼şlev g├Âvdesi atlan─▒yor [C:\ShadowStrike\ShadowStrike\ShadowStrike.vcxproj]
  ('/src/Shared_modules/Core/Network/DNSMonitor.cpp' kaynak dosyas─▒ derleniyor)
  
C:\ShadowStrike\ShadowStrike\src\Shared_modules\Core\Network\DNSMonitor.hpp(443,19): error C3646: 'recordClass': bilinmeyen ge├ğersiz k─▒lma belirticisi [C:\ShadowStrike\ShadowStrike\ShadowStrike.vcxproj]
  ('/src/Shared_modules/Core/Network/DNSMonitor.cpp' kaynak dosyas─▒ derleniyor)
  
C:\ShadowStrike\ShadowStrike\src\Shared_modules\Core\Network\DNSMonitor.hpp(443,30): error C2059: s├Âzdizimi hatas─▒: '{' [C:\ShadowStrike\ShadowStrike\ShadowStrike.vcxproj]
  ('/src/Shared_modules/Core/Network/DNSMonitor.cpp' kaynak dosyas─▒ derleniyor)
  
C:\ShadowStrike\ShadowStrike\src\Shared_modules\Core\Network\DNSMonitor.hpp(443,30): error C2334: '{' ├Âncesinde beklenmeyen belirte├ğler; g├Âr├╝nen i┼şlev g├Âvdesi atlan─▒yor [C:\ShadowStrike\ShadowStrike\ShadowStrike.vcxproj]
  ('/src/Shared_modules/Core/Network/DNSMonitor.cpp' kaynak dosyas─▒ derleniyor)
  
C:\ShadowStrike\ShadowStrike\src\Shared_modules\Core\Process\ProcessMonitor.hpp(128,10): error C1083: i├ğerme dosyas─▒ a├ğ─▒lam─▒yor: '../../Utils/ErrorUtils.hpp': No such file or directory [C:\ShadowStrike\ShadowStrike\ShadowStrike.vcxproj]
  ('/src/Shared_modules/Core/Process/DLLInjectionDetector.cpp' kaynak dosyas─▒ derleniyor)
  
C:\ShadowStrike\ShadowStrike\src\Shared_modules\Core\Network\DNSMonitor.hpp(472,21): error C3646: 'responseCode': bilinmeyen ge├ğersiz k─▒lma belirticisi [C:\ShadowStrike\ShadowStrike\ShadowStrike.vcxproj]
  ('/src/Shared_modules/Core/Network/DNSMonitor.cpp' kaynak dosyas─▒ derleniyor)
  
C:\ShadowStrike\ShadowStrike\src\Shared_modules\Core\Network\DNSMonitor.hpp(472,33): error C2059: s├Âzdizimi hatas─▒: '{' [C:\ShadowStrike\ShadowStrike\ShadowStrike.vcxproj]
  ('/src/Shared_modules/Core/Network/DNSMonitor.cpp' kaynak dosyas─▒ derleniyor)
  
C:\ShadowStrike\ShadowStrike\src\Shared_modules\Core\Network\DNSMonitor.hpp(472,33): error C2334: '{' ├Âncesinde beklenmeyen belirte├ğler; g├Âr├╝nen i┼şlev g├Âvdesi atlan─▒yor [C:\ShadowStrike\ShadowStrike\ShadowStrike.vcxproj]
  ('/src/Shared_modules/Core/Network/DNSMonitor.cpp' kaynak dosyas─▒ derleniyor)
  
C:\ShadowStrike\ShadowStrike\src\Shared_modules\Core\Network\DNSMonitor.hpp(491,22): error C3646: 'validationResult': bilinmeyen ge├ğersiz k─▒lma belirticisi [C:\ShadowStrike\ShadowStrike\ShadowStrike.vcxproj]
  ('/src/Shared_modules/Core/Network/DNSMonitor.cpp' kaynak dosyas─▒ derleniyor)
  
C:\ShadowStrike\ShadowStrike\src\Shared_modules\Core\Network\DNSMonitor.hpp(491,38): error C2059: s├Âzdizimi hatas─▒: '{' [C:\ShadowStrike\ShadowStrike\ShadowStrike.vcxproj]
  ('/src/Shared_modules/Core/Network/DNSMonitor.cpp' kaynak dosyas─▒ derleniyor)
  
C:\ShadowStrike\ShadowStrike\src\Shared_modules\Core\Network\DNSMonitor.hpp(491,38): error C2334: '{' ├Âncesinde beklenmeyen belirte├ğler; g├Âr├╝nen i┼şlev g├Âvdesi atlan─▒yor [C:\ShadowStrike\ShadowStrike\ShadowStrike.vcxproj]
  ('/src/Shared_modules/Core/Network/DNSMonitor.cpp' kaynak dosyas─▒ derleniyor)
  
C:\ShadowStrike\ShadowStrike\src\Shared_modules\Core\Network\DNSMonitor.hpp(543,15): error C3646: 'detectedFamily': bilinmeyen ge├ğersiz k─▒lma belirticisi [C:\ShadowStrike\ShadowStrike\ShadowStrike.vcxproj]
  ('/src/Shared_modules/Core/Network/DNSMonitor.cpp' kaynak dosyas─▒ derleniyor)
  
C:\ShadowStrike\ShadowStrike\src\Shared_modules\Core\Network\DNSMonitor.hpp(543,29): error C2059: s├Âzdizimi hatas─▒: '{' [C:\ShadowStrike\ShadowStrike\ShadowStrike.vcxproj]
  ('/src/Shared_modules/Core/Network/DNSMonitor.cpp' kaynak dosyas─▒ derleniyor)
  
C:\ShadowStrike\ShadowStrike\src\Shared_modules\Core\Network\DNSMonitor.hpp(543,29): error C2334: '{' ├Âncesinde beklenmeyen belirte├ğler; g├Âr├╝nen i┼şlev g├Âvdesi atlan─▒yor [C:\ShadowStrike\ShadowStrike\ShadowStrike.vcxproj]
  ('/src/Shared_modules/Core/Network/DNSMonitor.cpp' kaynak dosyas─▒ derleniyor)
  
C:\ShadowStrike\ShadowStrike\src\Shared_modules\Core\Network\DNSMonitor.hpp(585,19): error C3646: 'recordType': bilinmeyen ge├ğersiz k─▒lma belirticisi [C:\ShadowStrike\ShadowStrike\ShadowStrike.vcxproj]
  ('/src/Shared_modules/Core/Network/DNSMonitor.cpp' kaynak dosyas─▒ derleniyor)
  
C:\ShadowStrike\ShadowStrike\src\Shared_modules\Core\Network\DNSMonitor.hpp(585,29): error C2059: s├Âzdizimi hatas─▒: '{' [C:\ShadowStrike\ShadowStrike\ShadowStrike.vcxproj]
  ('/src/Shared_modules/Core/Network/DNSMonitor.cpp' kaynak dosyas─▒ derleniyor)
  
C:\ShadowStrike\ShadowStrike\src\Shared_modules\Core\Network\DNSMonitor.hpp(585,29): error C2334: '{' ├Âncesinde beklenmeyen belirte├ğler; g├Âr├╝nen i┼şlev g├Âvdesi atlan─▒yor [C:\ShadowStrike\ShadowStrike\ShadowStrike.vcxproj]
  ('/src/Shared_modules/Core/Network/DNSMonitor.cpp' kaynak dosyas─▒ derleniyor)
  
C:\ShadowStrike\ShadowStrike\src\Shared_modules\Core\Network\DNSMonitor.hpp(597,22): error C3646: 'lastValidation': bilinmeyen ge├ğersiz k─▒lma belirticisi [C:\ShadowStrike\ShadowStrike\ShadowStrike.vcxproj]
  ('/src/Shared_modules/Core/Network/DNSMonitor.cpp' kaynak dosyas─▒ derleniyor)
  
C:\ShadowStrike\ShadowStrike\src\Shared_modules\Core\Network\DNSMonitor.hpp(597,36): error C2059: s├Âzdizimi hatas─▒: '{' [C:\ShadowStrike\ShadowStrike\ShadowStrike.vcxproj]
  ('/src/Shared_modules/Core/Network/DNSMonitor.cpp' kaynak dosyas─▒ derleniyor)
  
C:\ShadowStrike\ShadowStrike\src\Shared_modules\Core\Network\DNSMonitor.hpp(597,36): error C2334: '{' ├Âncesinde beklenmeyen belirte├ğler; g├Âr├╝nen i┼şlev g├Âvdesi atlan─▒yor [C:\ShadowStrike\ShadowStrike\ShadowStrike.vcxproj]
  ('/src/Shared_modules/Core/Network/DNSMonitor.cpp' kaynak dosyas─▒ derleniyor)
  
C:\ShadowStrike\ShadowStrike\src\Shared_modules\Core\Network\DNSMonitor.hpp(611,20): error C3646: 'category': bilinmeyen ge├ğersiz k─▒lma belirticisi [C:\ShadowStrike\ShadowStrike\ShadowStrike.vcxproj]
  ('/src/Shared_modules/Core/Network/DNSMonitor.cpp' kaynak dosyas─▒ derleniyor)
  
C:\ShadowStrike\ShadowStrike\src\Shared_modules\Core\Network\DNSMonitor.hpp(611,28): error C2059: s├Âzdizimi hatas─▒: '{' [C:\ShadowStrike\ShadowStrike\ShadowStrike.vcxproj]
  ('/src/Shared_modules/Core/Network/DNSMonitor.cpp' kaynak dosyas─▒ derleniyor)
  
C:\ShadowStrike\ShadowStrike\src\Shared_modules\Core\Network\DNSMonitor.hpp(611,28): error C2334: '{' ├Âncesinde beklenmeyen belirte├ğler; g├Âr├╝nen i┼şlev g├Âvdesi atlan─▒yor [C:\ShadowStrike\ShadowStrike\ShadowStrike.vcxproj]
  ('/src/Shared_modules/Core/Network/DNSMonitor.cpp' kaynak dosyas─▒ derleniyor)
  
C:\ShadowStrike\ShadowStrike\src\Shared_modules\Core\Network\DNSMonitor.hpp(648,19): error C2065: 'DomainCategory': bildirimi yap─▒lmam─▒┼ş tan─▒mlay─▒c─▒ [C:\ShadowStrike\ShadowStrike\ShadowStrike.vcxproj]
  ('/src/Shared_modules/Core/Network/DNSMonitor.cpp' kaynak dosyas─▒ derleniyor)
  
C:\ShadowStrike\ShadowStrike\src\Shared_modules\Core\Network\DNSMonitor.hpp(648,10): error C2923: 'std::optional': 'DomainCategory' ge├ğerli bir ┼şablon t├╝r ba─ş─▒ms─▒z de─şi┼şkeni de─şil ('_Ty' parametresi i├ğin) [C:\ShadowStrike\ShadowStrike\ShadowStrike.vcxproj]
  ('/src/Shared_modules/Core/Network/DNSMonitor.cpp' kaynak dosyas─▒ derleniyor)
      C:\ShadowStrike\ShadowStrike\src\Shared_modules\Core\Network\DNSMonitor.hpp(648,19):
      'DomainCategory' bildirimine bak─▒n
  
C:\ShadowStrike\ShadowStrike\src\Shared_modules\Core\Process\ProcessMonitor.hpp(128,10): error C1083: i├ğerme dosyas─▒ a├ğ─▒lam─▒yor: '../../Utils/ErrorUtils.hpp': No such file or directory [C:\ShadowStrike\ShadowStrike\ShadowStrike.vcxproj]
  ('/src/Shared_modules/Core/Process/AtomBombingDetector.cpp' kaynak dosyas─▒ derleniyor)
  
C:\ShadowStrike\ShadowStrike\src\Shared_modules\Core\Network\DNSMonitor.hpp(648,35): error C2955: 'std::optional' : s─▒n─▒f ┼şablon kullan─▒m─▒ i├ğin ┼şablon ba─ş─▒ms─▒z de─şi┼şken listesi gerekir [C:\ShadowStrike\ShadowStrike\ShadowStrike.vcxproj]
  ('/src/Shared_modules/Core/Network/DNSMonitor.cpp' kaynak dosyas─▒ derleniyor)
      C:\Program Files\Microsoft Visual Studio\2022\Community\VC\Tools\MSVC\14.44.35207\include\optional(227,7):
      'std::optional' bildirimine bak─▒n
  
C:\ShadowStrike\ShadowStrike\src\Shared_modules\Core\Network\DNSMonitor.hpp(654,21): error C3646: 'action': bilinmeyen ge├ğersiz k─▒lma belirticisi [C:\ShadowStrike\ShadowStrike\ShadowStrike.vcxproj]
  ('/src/Shared_modules/Core/Network/DNSMonitor.cpp' kaynak dosyas─▒ derleniyor)
  
C:\ShadowStrike\ShadowStrike\src\Shared_modules\Core\Network\DNSMonitor.hpp(654,27): error C2059: s├Âzdizimi hatas─▒: '{' [C:\ShadowStrike\ShadowStrike\ShadowStrike.vcxproj]
  ('/src/Shared_modules/Core/Network/DNSMonitor.cpp' kaynak dosyas─▒ derleniyor)
  
C:\ShadowStrike\ShadowStrike\src\Shared_modules\Core\Network\DNSMonitor.hpp(654,27): error C2334: '{' ├Âncesinde beklenmeyen belirte├ğler; g├Âr├╝nen i┼şlev g├Âvdesi atlan─▒yor [C:\ShadowStrike\ShadowStrike\ShadowStrike.vcxproj]
  ('/src/Shared_modules/Core/Network/DNSMonitor.cpp' kaynak dosyas─▒ derleniyor)
  
C:\ShadowStrike\ShadowStrike\src\Shared_modules\Core\Network\DNSMonitor.hpp(706,9): error C2065: 'ValidationResult': bildirimi yap─▒lmam─▒┼ş tan─▒mlay─▒c─▒ [C:\ShadowStrike\ShadowStrike\ShadowStrike.vcxproj]
  ('/src/Shared_modules/Core/Network/DNSMonitor.cpp' kaynak dosyas─▒ derleniyor)
  
C:\ShadowStrike\ShadowStrike\src\Shared_modules\Core\Network\DNSMonitor.hpp(702,10): error C3544: '_Types': parametre paketi bir t├╝r ┼şablon ba─ş─▒ms─▒z de─şi┼şkeni bekliyor [C:\ShadowStrike\ShadowStrike\ShadowStrike.vcxproj]
  ('/src/Shared_modules/Core/Network/DNSMonitor.cpp' kaynak dosyas─▒ derleniyor)
  
C:\ShadowStrike\ShadowStrike\src\Shared_modules\Core\Network\DNSMonitor.hpp(709,7): error C2955: 'std::variant' : s─▒n─▒f ┼şablon kullan─▒m─▒ i├ğin ┼şablon ba─ş─▒ms─▒z de─şi┼şken listesi gerekir [C:\ShadowStrike\ShadowStrike\ShadowStrike.vcxproj]
  ('/src/Shared_modules/Core/Network/DNSMonitor.cpp' kaynak dosyas─▒ derleniyor)
      C:\Program Files\Microsoft Visual Studio\2022\Community\VC\Tools\MSVC\14.44.35207\include\variant(931,7):
      'std::variant' bildirimine bak─▒n
  
C:\ShadowStrike\ShadowStrike\src\Shared_modules\Core\Network\DNSMonitor.hpp(735,35): error C3861: 'DNSConstants': tan─▒mlay─▒c─▒ bulunamad─▒ [C:\ShadowStrike\ShadowStrike\ShadowStrike.vcxproj]
  ('/src/Shared_modules/Core/Network/DNSMonitor.cpp' kaynak dosyas─▒ derleniyor)
  
C:\ShadowStrike\ShadowStrike\src\Shared_modules\Core\Network\DNSMonitor.hpp(735,35): error C2653: 'DNSConstants': bir s─▒n─▒f veya ad alan─▒ ad─▒ de─şil [C:\ShadowStrike\ShadowStrike\ShadowStrike.vcxproj]
  TamperProtection.cpp
  ('/src/Shared_modules/Core/Network/DNSMonitor.cpp' kaynak dosyas─▒ derleniyor)
  
C:\ShadowStrike\ShadowStrike\src\Shared_modules\Core\Network\DNSMonitor.hpp(735,49): error C2065: 'VALIDATION_TIMEOUT_MS': bildirimi yap─▒lmam─▒┼ş tan─▒mlay─▒c─▒ [C:\ShadowStrike\ShadowStrike\ShadowStrike.vcxproj]
  ('/src/Shared_modules/Core/Network/DNSMonitor.cpp' kaynak dosyas─▒ derleniyor)
  
C:\ShadowStrike\ShadowStrike\src\Shared_modules\Core\Network\DNSMonitor.hpp(740,33): error C3861: 'DNSConstants': tan─▒mlay─▒c─▒ bulunamad─▒ [C:\ShadowStrike\ShadowStrike\ShadowStrike.vcxproj]
  ('/src/Shared_modules/Core/Network/DNSMonitor.cpp' kaynak dosyas─▒ derleniyor)
  
C:\ShadowStrike\ShadowStrike\src\Shared_modules\Core\Network\DNSMonitor.hpp(740,33): error C2653: 'DNSConstants': bir s─▒n─▒f veya ad alan─▒ ad─▒ de─şil [C:\ShadowStrike\ShadowStrike\ShadowStrike.vcxproj]
  ('/src/Shared_modules/Core/Network/DNSMonitor.cpp' kaynak dosyas─▒ derleniyor)
  
C:\ShadowStrike\ShadowStrike\src\Shared_modules\Core\Network\DNSMonitor.hpp(740,47): error C2065: 'DGA_ENTROPY_THRESHOLD': bildirimi yap─▒lmam─▒┼ş tan─▒mlay─▒c─▒ [C:\ShadowStrike\ShadowStrike\ShadowStrike.vcxproj]
  ('/src/Shared_modules/Core/Network/DNSMonitor.cpp' kaynak dosyas─▒ derleniyor)
  
C:\ShadowStrike\ShadowStrike\src\Shared_modules\Core\Network\DNSMonitor.hpp(741,28): error C3861: 'DNSConstants': tan─▒mlay─▒c─▒ bulunamad─▒ [C:\ShadowStrike\ShadowStrike\ShadowStrike.vcxproj]
  ('/src/Shared_modules/Core/Network/DNSMonitor.cpp' kaynak dosyas─▒ derleniyor)
  
C:\ShadowStrike\ShadowStrike\src\Shared_modules\Core\Network\DNSMonitor.hpp(741,28): error C2653: 'DNSConstants': bir s─▒n─▒f veya ad alan─▒ ad─▒ de─şil [C:\ShadowStrike\ShadowStrike\ShadowStrike.vcxproj]
  ('/src/Shared_modules/Core/Network/DNSMonitor.cpp' kaynak dosyas─▒ derleniyor)
  
C:\ShadowStrike\ShadowStrike\src\Shared_modules\Core\Network\DNSMonitor.hpp(741,42): error C2065: 'DGA_ML_THRESHOLD': bildirimi yap─▒lmam─▒┼ş tan─▒mlay─▒c─▒ [C:\ShadowStrike\ShadowStrike\ShadowStrike.vcxproj]
  ('/src/Shared_modules/Core/Network/DNSMonitor.cpp' kaynak dosyas─▒ derleniyor)
  
C:\ShadowStrike\ShadowStrike\src\Shared_modules\Core\Network\DNSMonitor.hpp(745,37): error C3861: 'DNSConstants': tan─▒mlay─▒c─▒ bulunamad─▒ [C:\ShadowStrike\ShadowStrike\ShadowStrike.vcxproj]
  ('/src/Shared_modules/Core/Network/DNSMonitor.cpp' kaynak dosyas─▒ derleniyor)
  
C:\ShadowStrike\ShadowStrike\src\Shared_modules\Core\Network\DNSMonitor.hpp(745,37): error C2653: 'DNSConstants': bir s─▒n─▒f veya ad alan─▒ ad─▒ de─şil [C:\ShadowStrike\ShadowStrike\ShadowStrike.vcxproj]
  ('/src/Shared_modules/Core/Network/DNSMonitor.cpp' kaynak dosyas─▒ derleniyor)
  
C:\ShadowStrike\ShadowStrike\src\Shared_modules\Core\Network\DNSMonitor.hpp(745,51): error C2065: 'TUNNEL_QUERY_LENGTH_THRESHOLD': bildirimi yap─▒lmam─▒┼ş tan─▒mlay─▒c─▒ [C:\ShadowStrike\ShadowStrike\ShadowStrike.vcxproj]
  ('/src/Shared_modules/Core/Network/DNSMonitor.cpp' kaynak dosyas─▒ derleniyor)
  
C:\ShadowStrike\ShadowStrike\src\Shared_modules\Core\Network\DNSMonitor.hpp(746,38): error C3861: 'DNSConstants': tan─▒mlay─▒c─▒ bulunamad─▒ [C:\ShadowStrike\ShadowStrike\ShadowStrike.vcxproj]
  ('/src/Shared_modules/Core/Network/DNSMonitor.cpp' kaynak dosyas─▒ derleniyor)
  
C:\ShadowStrike\ShadowStrike\src\Shared_modules\Core\Network\DNSMonitor.hpp(746,38): error C2653: 'DNSConstants': bir s─▒n─▒f veya ad alan─▒ ad─▒ de─şil [C:\ShadowStrike\ShadowStrike\ShadowStrike.vcxproj]
  ('/src/Shared_modules/Core/Network/DNSMonitor.cpp' kaynak dosyas─▒ derleniyor)
  
C:\ShadowStrike\ShadowStrike\src\Shared_modules\Core\Network\DNSMonitor.hpp(746,52): error C2065: 'TUNNEL_QUERY_RATE_THRESHOLD': bildirimi yap─▒lmam─▒┼ş tan─▒mlay─▒c─▒ [C:\ShadowStrike\ShadowStrike\ShadowStrike.vcxproj]
  ('/src/Shared_modules/Core/Network/DNSMonitor.cpp' kaynak dosyas─▒ derleniyor)
  
C:\ShadowStrike\ShadowStrike\src\Shared_modules\Core\Network\DNSMonitor.hpp(750,29): error C3861: 'DNSConstants': tan─▒mlay─▒c─▒ bulunamad─▒ [C:\ShadowStrike\ShadowStrike\ShadowStrike.vcxproj]
  ('/src/Shared_modules/Core/Network/DNSMonitor.cpp' kaynak dosyas─▒ derleniyor)
  
C:\ShadowStrike\ShadowStrike\src\Shared_modules\Core\Network\DNSMonitor.hpp(750,29): error C2653: 'DNSConstants': bir s─▒n─▒f veya ad alan─▒ ad─▒ de─şil [C:\ShadowStrike\ShadowStrike\ShadowStrike.vcxproj]
  ('/src/Shared_modules/Core/Network/DNSMonitor.cpp' kaynak dosyas─▒ derleniyor)
  
C:\ShadowStrike\ShadowStrike\src\Shared_modules\Core\Network\DNSMonitor.hpp(750,43): error C2065: 'MAX_CACHE_ENTRIES': bildirimi yap─▒lmam─▒┼ş tan─▒mlay─▒c─▒ [C:\ShadowStrike\ShadowStrike\ShadowStrike.vcxproj]
  ('/src/Shared_modules/Core/Network/DNSMonitor.cpp' kaynak dosyas─▒ derleniyor)
  
C:\ShadowStrike\ShadowStrike\src\Shared_modules\Core\Network\DNSMonitor.hpp(751,29): error C3861: 'DNSConstants': tan─▒mlay─▒c─▒ bulunamad─▒ [C:\ShadowStrike\ShadowStrike\ShadowStrike.vcxproj]
  ('/src/Shared_modules/Core/Network/DNSMonitor.cpp' kaynak dosyas─▒ derleniyor)
  
C:\ShadowStrike\ShadowStrike\src\Shared_modules\Core\Network\DNSMonitor.hpp(751,29): error C2653: 'DNSConstants': bir s─▒n─▒f veya ad alan─▒ ad─▒ de─şil [C:\ShadowStrike\ShadowStrike\ShadowStrike.vcxproj]
  ('/src/Shared_modules/Core/Network/DNSMonitor.cpp' kaynak dosyas─▒ derleniyor)
  
C:\ShadowStrike\ShadowStrike\src\Shared_modules\Core\Network\DNSMonitor.hpp(751,43): error C2065: 'DEFAULT_CACHE_TTL_SEC': bildirimi yap─▒lmam─▒┼ş tan─▒mlay─▒c─▒ [C:\ShadowStrike\ShadowStrike\ShadowStrike.vcxproj]
  ('/src/Shared_modules/Core/Network/DNSMonitor.cpp' kaynak dosyas─▒ derleniyor)
  
C:\ShadowStrike\ShadowStrike\src\Shared_modules\Core\Network\DNSMonitor.hpp(752,30): error C3861: 'DNSConstants': tan─▒mlay─▒c─▒ bulunamad─▒ [C:\ShadowStrike\ShadowStrike\ShadowStrike.vcxproj]
  ('/src/Shared_modules/Core/Network/DNSMonitor.cpp' kaynak dosyas─▒ derleniyor)
  
C:\ShadowStrike\ShadowStrike\src\Shared_modules\Core\Network\DNSMonitor.hpp(752,30): error C2653: 'DNSConstants': bir s─▒n─▒f veya ad alan─▒ ad─▒ de─şil [C:\ShadowStrike\ShadowStrike\ShadowStrike.vcxproj]
  ('/src/Shared_modules/Core/Network/DNSMonitor.cpp' kaynak dosyas─▒ derleniyor)
  
C:\ShadowStrike\ShadowStrike\src\Shared_modules\Core\Network\DNSMonitor.hpp(752,44): error C2065: 'NEGATIVE_CACHE_TTL_SEC': bildirimi yap─▒lmam─▒┼ş tan─▒mlay─▒c─▒ [C:\ShadowStrike\ShadowStrike\ShadowStrike.vcxproj]
  ('/src/Shared_modules/Core/Network/DNSMonitor.cpp' kaynak dosyas─▒ derleniyor)
  
C:\ShadowStrike\ShadowStrike\src\Shared_modules\Core\Network\DNSMonitor.hpp(983,36): error C3646: 'ValidateResponse': bilinmeyen ge├ğersiz k─▒lma belirticisi [C:\ShadowStrike\ShadowStrike\ShadowStrike.vcxproj]
  ('/src/Shared_modules/Core/Network/DNSMonitor.cpp' kaynak dosyas─▒ derleniyor)
  
C:\ShadowStrike\ShadowStrike\src\Shared_modules\Core\Network\DNSMonitor.hpp(983,52): error C2059: s├Âzdizimi hatas─▒: '(' [C:\ShadowStrike\ShadowStrike\ShadowStrike.vcxproj]
  ('/src/Shared_modules/Core/Network/DNSMonitor.cpp' kaynak dosyas─▒ derleniyor)
  
C:\ShadowStrike\ShadowStrike\src\Shared_modules\Core\Network\DNSMonitor.hpp(986,6): error C2238: ';' ├Âncesinde beklenmeyen belirte├ğler [C:\ShadowStrike\ShadowStrike\ShadowStrike.vcxproj]
  ('/src/Shared_modules/Core/Network/DNSMonitor.cpp' kaynak dosyas─▒ derleniyor)
  
C:\ShadowStrike\ShadowStrike\src\Shared_modules\Core\Network\DNSMonitor.hpp(1022,29): error C3646: 'GetDGAFamily': bilinmeyen ge├ğersiz k─▒lma belirticisi [C:\ShadowStrike\ShadowStrike\ShadowStrike.vcxproj]
  ('/src/Shared_modules/Core/Network/DNSMonitor.cpp' kaynak dosyas─▒ derleniyor)
  
C:\ShadowStrike\ShadowStrike\src\Shared_modules\Core\Network\DNSMonitor.hpp(1022,41): error C2059: s├Âzdizimi hatas─▒: '(' [C:\ShadowStrike\ShadowStrike\ShadowStrike.vcxproj]
  ('/src/Shared_modules/Core/Network/DNSMonitor.cpp' kaynak dosyas─▒ derleniyor)
  
C:\ShadowStrike\ShadowStrike\src\Shared_modules\Core\Network\DNSMonitor.hpp(1022,74): error C2238: ';' ├Âncesinde beklenmeyen belirte├ğler [C:\ShadowStrike\ShadowStrike\ShadowStrike.vcxproj]
  ('/src/Shared_modules/Core/Network/DNSMonitor.cpp' kaynak dosyas─▒ derleniyor)
  
C:\ShadowStrike\ShadowStrike\src\Shared_modules\Core\Network\DNSMonitor.hpp(1069,34): error C3646: 'GetCategory': bilinmeyen ge├ğersiz k─▒lma belirticisi [C:\ShadowStrike\ShadowStrike\ShadowStrike.vcxproj]
  ('/src/Shared_modules/Core/Network/DNSMonitor.cpp' kaynak dosyas─▒ derleniyor)
  
C:\ShadowStrike\ShadowStrike\src\Shared_modules\Core\Network\DNSMonitor.hpp(1069,45): error C2059: s├Âzdizimi hatas─▒: '(' [C:\ShadowStrike\ShadowStrike\ShadowStrike.vcxproj]
  ('/src/Shared_modules/Core/Network/DNSMonitor.cpp' kaynak dosyas─▒ derleniyor)
  
C:\ShadowStrike\ShadowStrike\src\Shared_modules\Core\Network\DNSMonitor.hpp(1069,78): error C2238: ';' ├Âncesinde beklenmeyen belirte├ğler [C:\ShadowStrike\ShadowStrike\ShadowStrike.vcxproj]
  ('/src/Shared_modules/Core/Network/DNSMonitor.cpp' kaynak dosyas─▒ derleniyor)
  
C:\ShadowStrike\ShadowStrike\src\Shared_modules\Core\Network\DNSMonitor.hpp(1137,9): error C2061: s├Âzdizimi hatas─▒: tan─▒mlay─▒c─▒ 'DNSRecordType' [C:\ShadowStrike\ShadowStrike\ShadowStrike.vcxproj]
  ('/src/Shared_modules/Core/Network/DNSMonitor.cpp' kaynak dosyas─▒ derleniyor)
  
C:\ShadowStrike\ShadowStrike\src\Shared_modules\Core\Network\DNSMonitor.hpp(1327,61): error C2061: s├Âzdizimi hatas─▒: tan─▒mlay─▒c─▒ 'DNSRecordType' [C:\ShadowStrike\ShadowStrike\ShadowStrike.vcxproj]
  ('/src/Shared_modules/Core/Network/DNSMonitor.cpp' kaynak dosyas─▒ derleniyor)
  
C:\ShadowStrike\ShadowStrike\src\Shared_modules\Core\Network\DNSMonitor.hpp(1345,21): error C2065: 'DNSMonitorImpl': bildirimi yap─▒lmam─▒┼ş tan─▒mlay─▒c─▒ [C:\ShadowStrike\ShadowStrike\ShadowStrike.vcxproj]
  ('/src/Shared_modules/Core/Network/DNSMonitor.cpp' kaynak dosyas─▒ derleniyor)
  
C:\ShadowStrike\ShadowStrike\src\Shared_modules\Core\Network\DNSMonitor.hpp(1345,10): error C2923: 'std::unique_ptr': 'DNSMonitorImpl' ge├ğerli bir ┼şablon t├╝r ba─ş─▒ms─▒z de─şi┼şkeni de─şil ('_Ty' parametresi i├ğin) [C:\ShadowStrike\ShadowStrike\ShadowStrike.vcxproj]
  ('/src/Shared_modules/Core/Network/DNSMonitor.cpp' kaynak dosyas─▒ derleniyor)
      C:\ShadowStrike\ShadowStrike\src\Shared_modules\Core\Network\DNSMonitor.hpp(1345,21):
      'DNSMonitorImpl' bildirimine bak─▒n
  
C:\ShadowStrike\ShadowStrike\src\Shared_modules\Core\Network\DNSMonitor.hpp(1345,10): error C2976: 'std::unique_ptr': ├ğok az say─▒da ┼şablon ba─ş─▒ms─▒z de─şi┼şkeni var [C:\ShadowStrike\ShadowStrike\ShadowStrike.vcxproj]
  ('/src/Shared_modules/Core/Network/DNSMonitor.cpp' kaynak dosyas─▒ derleniyor)
      C:\Program Files\Microsoft Visual Studio\2022\Community\VC\Tools\MSVC\14.44.35207\include\memory(3347,7):
      'std::unique_ptr' bildirimine bak─▒n
  
C:\ShadowStrike\ShadowStrike\src\Shared_modules\Core\Network\DNSMonitor.hpp(1345,37): error C2955: 'std::unique_ptr' : s─▒n─▒f ┼şablon kullan─▒m─▒ i├ğin ┼şablon ba─ş─▒ms─▒z de─şi┼şken listesi gerekir [C:\ShadowStrike\ShadowStrike\ShadowStrike.vcxproj]
  ('/src/Shared_modules/Core/Network/DNSMonitor.cpp' kaynak dosyas─▒ derleniyor)
      C:\Program Files\Microsoft Visual Studio\2022\Community\VC\Tools\MSVC\14.44.35207\include\memory(3347,7):
      'std::unique_ptr' bildirimine bak─▒n
  
C:\ShadowStrike\ShadowStrike\src\Shared_modules\Core\Network\DNSMonitor.hpp(1353,50): error C2065: 'DNSRecordType': bildirimi yap─▒lmam─▒┼ş tan─▒mlay─▒c─▒ [C:\ShadowStrike\ShadowStrike\ShadowStrike.vcxproj]
  ('/src/Shared_modules/Core/Network/DNSMonitor.cpp' kaynak dosyas─▒ derleniyor)
  
C:\ShadowStrike\ShadowStrike\src\Shared_modules\Core\Network\DNSMonitor.hpp(1353,64): error C2146: s├Âzdizimi hatas─▒: ')' eksik ('type' tan─▒mlay─▒c─▒s─▒ndan ├Ânce) [C:\ShadowStrike\ShadowStrike\ShadowStrike.vcxproj]
  ('/src/Shared_modules/Core/Network/DNSMonitor.cpp' kaynak dosyas─▒ derleniyor)
  
C:\ShadowStrike\ShadowStrike\src\Shared_modules\Core\Network\DNSMonitor.hpp(1354,52): error C2065: 'DNSResponseCode': bildirimi yap─▒lmam─▒┼ş tan─▒mlay─▒c─▒ [C:\ShadowStrike\ShadowStrike\ShadowStrike.vcxproj]
  ('/src/Shared_modules/Core/Network/DNSMonitor.cpp' kaynak dosyas─▒ derleniyor)
  
C:\ShadowStrike\ShadowStrike\src\Shared_modules\Core\Network\DNSMonitor.hpp(1354,68): error C2146: s├Âzdizimi hatas─▒: ')' eksik ('code' tan─▒mlay─▒c─▒s─▒ndan ├Ânce) [C:\ShadowStrike\ShadowStrike\ShadowStrike.vcxproj]
  ('/src/Shared_modules/Core/Network/DNSMonitor.cpp' kaynak dosyas─▒ derleniyor)
  
C:\ShadowStrike\ShadowStrike\src\Shared_modules\Core\Network\DNSMonitor.hpp(1355,48): error C2065: 'DNSProtocol': bildirimi yap─▒lmam─▒┼ş tan─▒mlay─▒c─▒ [C:\ShadowStrike\ShadowStrike\ShadowStrike.vcxproj]
  ('/src/Shared_modules/Core/Network/DNSMonitor.cpp' kaynak dosyas─▒ derleniyor)
  
C:\ShadowStrike\ShadowStrike\src\Shared_modules\Core\Network\DNSMonitor.hpp(1355,60): error C2146: s├Âzdizimi hatas─▒: ')' eksik ('protocol' tan─▒mlay─▒c─▒s─▒ndan ├Ânce) [C:\ShadowStrike\ShadowStrike\ShadowStrike.vcxproj]
  ('/src/Shared_modules/Core/Network/DNSMonitor.cpp' kaynak dosyas─▒ derleniyor)
  
C:\ShadowStrike\ShadowStrike\src\Shared_modules\Core\Network\DNSMonitor.hpp(1355,60): error C1003: hata say─▒s─▒ 100 taneyi a┼şt─▒; derleme durduruluyor [C:\ShadowStrike\ShadowStrike\ShadowStrike.vcxproj]
  ('/src/Shared_modules/Core/Network/DNSMonitor.cpp' kaynak dosyas─▒ derleniyor)
  
C:\ShadowStrike\ShadowStrike\src\Shared_modules\Core\Network\NetworkMonitor.hpp(685,20): warning C4359: 'ShadowStrike::Core::Network::EnhancedConnectionInfo': Hizalama belirleyici as─▒l hizalamadan (128) daha az oldu─şundan g├Âz ard─▒ edilecek. [C:\ShadowStrike\ShadowStrike\ShadowStrike.vcxproj]
  ('/src/Shared_modules/Core/Network/NetworkMonitor.cpp' kaynak dosyas─▒ derleniyor)
  
C:\ShadowStrike\ShadowStrike\src\Shared_modules\Core\Network\DDosProtection.cpp(310,23): error C2039: 'Impl': bir 'ShadowStrike::Core::Network::DDosProtection' ├╝yesi de─şil [C:\ShadowStrike\ShadowStrike\ShadowStrike.vcxproj]
  ('/src/Shared_modules/Core/Network/DDosProtection.cpp' kaynak dosyas─▒ derleniyor)
      C:\ShadowStrike\ShadowStrike\src\Shared_modules\Core\Network\DDosProtection.hpp(775,7):
      'ShadowStrike::Core::Network::DDosProtection' bildirimine bak─▒n
  
C:\ShadowStrike\ShadowStrike\src\Shared_modules\Core\Network\FirewallManager.hpp(198,37): warning C4305: 'ba┼şlat─▒l─▒yor': '__int64' iken 'const uint32_t' olarak kesildi [C:\ShadowStrike\ShadowStrike\ShadowStrike.vcxproj]
  ('/src/Shared_modules/Core/Network/FirewallManager.cpp' kaynak dosyas─▒ derleniyor)
  
  AntivirusService.cpp
C:\ShadowStrike\ShadowStrike\src\Shared_modules\Core\Network\FirewallManager.hpp(198,39): warning C4309: 'ba┼şlat─▒l─▒yor': sabit de─şer kesildi [C:\ShadowStrike\ShadowStrike\ShadowStrike.vcxproj]
  ('/src/Shared_modules/Core/Network/FirewallManager.cpp' kaynak dosyas─▒ derleniyor)
  
C:\ShadowStrike\ShadowStrike\src\Shared_modules\Core\Network\FirewallManager.hpp(296,5): error C2143: s├Âzdizimi hatas─▒: '}' eksik ('sabit' ├Âncesinde) [C:\ShadowStrike\ShadowStrike\ShadowStrike.vcxproj]
  ('/src/Shared_modules/Core/Network/FirewallManager.cpp' kaynak dosyas─▒ derleniyor)
  
C:\ShadowStrike\ShadowStrike\src\Shared_modules\Core\Network\FirewallManager.hpp(296,5): error C2059: s├Âzdizimi hatas─▒: 'sabit' [C:\ShadowStrike\ShadowStrike\ShadowStrike.vcxproj]
  ('/src/Shared_modules/Core/Network/FirewallManager.cpp' kaynak dosyas─▒ derleniyor)
  
C:\ShadowStrike\ShadowStrike\src\Shared_modules\Core\Network\FirewallManager.hpp(299,1): error C2143: s├Âzdizimi hatas─▒: ';' eksik ('}' ├Âncesinde) [C:\ShadowStrike\ShadowStrike\ShadowStrike.vcxproj]
  ('/src/Shared_modules/Core/Network/FirewallManager.cpp' kaynak dosyas─▒ derleniyor)
  
C:\ShadowStrike\ShadowStrike\src\Shared_modules\Core\Network\FirewallManager.hpp(372,5): error C2143: s├Âzdizimi hatas─▒: '}' eksik ('sabit' ├Âncesinde) [C:\ShadowStrike\ShadowStrike\ShadowStrike.vcxproj]
  ('/src/Shared_modules/Core/Network/FirewallManager.cpp' kaynak dosyas─▒ derleniyor)
  
C:\ShadowStrike\ShadowStrike\src\Shared_modules\Core\Network\FirewallManager.hpp(372,5): error C2059: s├Âzdizimi hatas─▒: 'sabit' [C:\ShadowStrike\ShadowStrike\ShadowStrike.vcxproj]
  ('/src/Shared_modules/Core/Network/FirewallManager.cpp' kaynak dosyas─▒ derleniyor)
  
C:\ShadowStrike\ShadowStrike\src\Shared_modules\Core\Network\FirewallManager.hpp(373,1): error C2143: s├Âzdizimi hatas─▒: ';' eksik ('}' ├Âncesinde) [C:\ShadowStrike\ShadowStrike\ShadowStrike.vcxproj]
  ('/src/Shared_modules/Core/Network/FirewallManager.cpp' kaynak dosyas─▒ derleniyor)
  
C:\ShadowStrike\ShadowStrike\src\Shared_modules\Core\Network\FirewallManager.hpp(489,14): error C3646: 'type': bilinmeyen ge├ğersiz k─▒lma belirticisi [C:\ShadowStrike\ShadowStrike\ShadowStrike.vcxproj]
  ('/src/Shared_modules/Core/Network/FirewallManager.cpp' kaynak dosyas─▒ derleniyor)
  
C:\ShadowStrike\ShadowStrike\src\Shared_modules\Core\Network\FirewallManager.hpp(489,18): error C2059: s├Âzdizimi hatas─▒: '{' [C:\ShadowStrike\ShadowStrike\ShadowStrike.vcxproj]
  ('/src/Shared_modules/Core/Network/FirewallManager.cpp' kaynak dosyas─▒ derleniyor)
  
C:\ShadowStrike\ShadowStrike\src\Shared_modules\Core\Network\FirewallManager.hpp(489,18): error C2334: '{' ├Âncesinde beklenmeyen belirte├ğler; g├Âr├╝nen i┼şlev g├Âvdesi atlan─▒yor [C:\ShadowStrike\ShadowStrike\ShadowStrike.vcxproj]
  ('/src/Shared_modules/Core/Network/FirewallManager.cpp' kaynak dosyas─▒ derleniyor)
  
C:\ShadowStrike\ShadowStrike\src\Shared_modules\Core\Network\FirewallManager.hpp(492,16): error C3646: 'action': bilinmeyen ge├ğersiz k─▒lma belirticisi [C:\ShadowStrike\ShadowStrike\ShadowStrike.vcxproj]
  ('/src/Shared_modules/Core/Network/FirewallManager.cpp' kaynak dosyas─▒ derleniyor)
  
C:\ShadowStrike\ShadowStrike\src\Shared_modules\Core\Network\FirewallManager.hpp(492,22): error C2059: s├Âzdizimi hatas─▒: '{' [C:\ShadowStrike\ShadowStrike\ShadowStrike.vcxproj]
  ('/src/Shared_modules/Core/Network/FirewallManager.cpp' kaynak dosyas─▒ derleniyor)
  
C:\ShadowStrike\ShadowStrike\src\Shared_modules\Core\Network\FirewallManager.hpp(492,22): error C2334: '{' ├Âncesinde beklenmeyen belirte├ğler; g├Âr├╝nen i┼şlev g├Âvdesi atlan─▒yor [C:\ShadowStrike\ShadowStrike\ShadowStrike.vcxproj]
  ('/src/Shared_modules/Core/Network/FirewallManager.cpp' kaynak dosyas─▒ derleniyor)
  
C:\ShadowStrike\ShadowStrike\src\Shared_modules\Core\Network\FirewallManager.hpp(493,19): error C3646: 'direction': bilinmeyen ge├ğersiz k─▒lma belirticisi [C:\ShadowStrike\ShadowStrike\ShadowStrike.vcxproj]
  ('/src/Shared_modules/Core/Network/FirewallManager.cpp' kaynak dosyas─▒ derleniyor)
  
C:\ShadowStrike\ShadowStrike\src\Shared_modules\Core\Network\FirewallManager.hpp(493,28): error C2059: s├Âzdizimi hatas─▒: '{' [C:\ShadowStrike\ShadowStrike\ShadowStrike.vcxproj]
  ('/src/Shared_modules/Core/Network/FirewallManager.cpp' kaynak dosyas─▒ derleniyor)
  
C:\ShadowStrike\ShadowStrike\src\Shared_modules\Core\Network\FirewallManager.hpp(493,28): error C2334: '{' ├Âncesinde beklenmeyen belirte├ğler; g├Âr├╝nen i┼şlev g├Âvdesi atlan─▒yor [C:\ShadowStrike\ShadowStrike\ShadowStrike.vcxproj]
  ('/src/Shared_modules/Core/Network/FirewallManager.cpp' kaynak dosyas─▒ derleniyor)
  
C:\ShadowStrike\ShadowStrike\src\Shared_modules\Core\Network\FirewallManager.hpp(494,18): error C3646: 'protocol': bilinmeyen ge├ğersiz k─▒lma belirticisi [C:\ShadowStrike\ShadowStrike\ShadowStrike.vcxproj]
  ('/src/Shared_modules/Core/Network/FirewallManager.cpp' kaynak dosyas─▒ derleniyor)
  
C:\ShadowStrike\ShadowStrike\src\Shared_modules\Core\Network\FirewallManager.hpp(494,26): error C2059: s├Âzdizimi hatas─▒: '{' [C:\ShadowStrike\ShadowStrike\ShadowStrike.vcxproj]
  ('/src/Shared_modules/Core/Network/FirewallManager.cpp' kaynak dosyas─▒ derleniyor)
  
C:\ShadowStrike\ShadowStrike\src\Shared_modules\Core\Network\FirewallManager.hpp(494,26): error C2334: '{' ├Âncesinde beklenmeyen belirte├ğler; g├Âr├╝nen i┼şlev g├Âvdesi atlan─▒yor [C:\ShadowStrike\ShadowStrike\ShadowStrike.vcxproj]
  ('/src/Shared_modules/Core/Network/FirewallManager.cpp' kaynak dosyas─▒ derleniyor)
  
C:\ShadowStrike\ShadowStrike\src\Shared_modules\Core\Network\FirewallManager.hpp(509,20): error C3646: 'profile': bilinmeyen ge├ğersiz k─▒lma belirticisi [C:\ShadowStrike\ShadowStrike\ShadowStrike.vcxproj]
  ('/src/Shared_modules/Core/Network/FirewallManager.cpp' kaynak dosyas─▒ derleniyor)
  
C:\ShadowStrike\ShadowStrike\src\Shared_modules\Core\Network\FirewallManager.hpp(509,27): error C2059: s├Âzdizimi hatas─▒: '{' [C:\ShadowStrike\ShadowStrike\ShadowStrike.vcxproj]
  ('/src/Shared_modules/Core/Network/FirewallManager.cpp' kaynak dosyas─▒ derleniyor)
  
C:\ShadowStrike\ShadowStrike\src\Shared_modules\Core\Network\FirewallManager.hpp(509,27): error C2334: '{' ├Âncesinde beklenmeyen belirte├ğler; g├Âr├╝nen i┼şlev g├Âvdesi atlan─▒yor [C:\ShadowStrike\ShadowStrike\ShadowStrike.vcxproj]
  ('/src/Shared_modules/Core/Network/FirewallManager.cpp' kaynak dosyas─▒ derleniyor)
  
C:\ShadowStrike\ShadowStrike\src\Shared_modules\Core\Network\NetworkMonitor.hpp(806,20): warning C4359: 'ShadowStrike::Core::Network::NetworkEvent': Hizalama belirleyici as─▒l hizalamadan (128) daha az oldu─şundan g├Âz ard─▒ edilecek. [C:\ShadowStrike\ShadowStrike\ShadowStrike.vcxproj]
  ('/src/Shared_modules/Core/Network/NetworkMonitor.cpp' kaynak dosyas─▒ derleniyor)
  
C:\ShadowStrike\ShadowStrike\src\Shared_modules\Core\Network\FirewallManager.hpp(525,21): error C3646: 'persistence': bilinmeyen ge├ğersiz k─▒lma belirticisi [C:\ShadowStrike\ShadowStrike\ShadowStrike.vcxproj]
  ('/src/Shared_modules/Core/Network/FirewallManager.cpp' kaynak dosyas─▒ derleniyor)
  
C:\ShadowStrike\ShadowStrike\src\Shared_modules\Core\Network\FirewallManager.hpp(525,32): error C2059: s├Âzdizimi hatas─▒: '{' [C:\ShadowStrike\ShadowStrike\ShadowStrike.vcxproj]
  ('/src/Shared_modules/Core/Network/FirewallManager.cpp' kaynak dosyas─▒ derleniyor)
  
C:\ShadowStrike\ShadowStrike\src\Shared_modules\Core\Network\FirewallManager.hpp(525,32): error C2334: '{' ├Âncesinde beklenmeyen belirte├ğler; g├Âr├╝nen i┼şlev g├Âvdesi atlan─▒yor [C:\ShadowStrike\ShadowStrike\ShadowStrike.vcxproj]
  ('/src/Shared_modules/Core/Network/FirewallManager.cpp' kaynak dosyas─▒ derleniyor)
  
C:\ShadowStrike\ShadowStrike\src\Shared_modules\Core\Network\FirewallManager.hpp(551,63): error C2061: s├Âzdizimi hatas─▒: tan─▒mlay─▒c─▒ 'RuleDirection' [C:\ShadowStrike\ShadowStrike\ShadowStrike.vcxproj]
  ('/src/Shared_modules/Core/Network/FirewallManager.cpp' kaynak dosyas─▒ derleniyor)
  
C:\ShadowStrike\ShadowStrike\src\Shared_modules\Core\Network\FirewallManager.hpp(552,56): error C2061: s├Âzdizimi hatas─▒: tan─▒mlay─▒c─▒ 'RuleProtocol' [C:\ShadowStrike\ShadowStrike\ShadowStrike.vcxproj]
  ('/src/Shared_modules/Core/Network/FirewallManager.cpp' kaynak dosyas─▒ derleniyor)
  
C:\ShadowStrike\ShadowStrike\src\Shared_modules\Core\Network\FirewallManager.hpp(602,18): error C3646: 'protocol': bilinmeyen ge├ğersiz k─▒lma belirticisi [C:\ShadowStrike\ShadowStrike\ShadowStrike.vcxproj]
  ('/src/Shared_modules/Core/Network/FirewallManager.cpp' kaynak dosyas─▒ derleniyor)
  
C:\ShadowStrike\ShadowStrike\src\Shared_modules\Core\Network\FirewallManager.hpp(602,26): error C2059: s├Âzdizimi hatas─▒: '{' [C:\ShadowStrike\ShadowStrike\ShadowStrike.vcxproj]
  ('/src/Shared_modules/Core/Network/FirewallManager.cpp' kaynak dosyas─▒ derleniyor)
  
C:\ShadowStrike\ShadowStrike\src\Shared_modules\Core\Network\FirewallManager.hpp(602,26): error C2334: '{' ├Âncesinde beklenmeyen belirte├ğler; g├Âr├╝nen i┼şlev g├Âvdesi atlan─▒yor [C:\ShadowStrike\ShadowStrike\ShadowStrike.vcxproj]
  ('/src/Shared_modules/Core/Network/FirewallManager.cpp' kaynak dosyas─▒ derleniyor)
  
C:\ShadowStrike\ShadowStrike\src\Shared_modules\Core\Network\FirewallManager.hpp(603,19): error C3646: 'direction': bilinmeyen ge├ğersiz k─▒lma belirticisi [C:\ShadowStrike\ShadowStrike\ShadowStrike.vcxproj]
  ('/src/Shared_modules/Core/Network/FirewallManager.cpp' kaynak dosyas─▒ derleniyor)
  
C:\ShadowStrike\ShadowStrike\src\Shared_modules\Core\Network\FirewallManager.hpp(603,28): error C2059: s├Âzdizimi hatas─▒: '{' [C:\ShadowStrike\ShadowStrike\ShadowStrike.vcxproj]
  ('/src/Shared_modules/Core/Network/FirewallManager.cpp' kaynak dosyas─▒ derleniyor)
  
C:\ShadowStrike\ShadowStrike\src\Shared_modules\Core\Network\FirewallManager.hpp(603,28): error C2334: '{' ├Âncesinde beklenmeyen belirte├ğler; g├Âr├╝nen i┼şlev g├Âvdesi atlan─▒yor [C:\ShadowStrike\ShadowStrike\ShadowStrike.vcxproj]
  ('/src/Shared_modules/Core/Network/FirewallManager.cpp' kaynak dosyas─▒ derleniyor)
  
C:\ShadowStrike\ShadowStrike\src\Shared_modules\Core\Network\FirewallManager.hpp(616,21): error C3646: 'result': bilinmeyen ge├ğersiz k─▒lma belirticisi [C:\ShadowStrike\ShadowStrike\ShadowStrike.vcxproj]
  ('/src/Shared_modules/Core/Network/FirewallManager.cpp' kaynak dosyas─▒ derleniyor)
  
C:\ShadowStrike\ShadowStrike\src\Shared_modules\Core\Network\FirewallManager.hpp(616,27): error C2059: s├Âzdizimi hatas─▒: '{' [C:\ShadowStrike\ShadowStrike\ShadowStrike.vcxproj]
  ('/src/Shared_modules/Core/Network/FirewallManager.cpp' kaynak dosyas─▒ derleniyor)
  
C:\ShadowStrike\ShadowStrike\src\Shared_modules\Core\Network\FirewallManager.hpp(616,27): error C2334: '{' ├Âncesinde beklenmeyen belirte├ğler; g├Âr├╝nen i┼şlev g├Âvdesi atlan─▒yor [C:\ShadowStrike\ShadowStrike\ShadowStrike.vcxproj]
  ('/src/Shared_modules/Core/Network/FirewallManager.cpp' kaynak dosyas─▒ derleniyor)
  
C:\ShadowStrike\ShadowStrike\src\Shared_modules\Core\Network\FirewallManager.hpp(657,17): error C3646: 'stealthMode': bilinmeyen ge├ğersiz k─▒lma belirticisi [C:\ShadowStrike\ShadowStrike\ShadowStrike.vcxproj]
  ('/src/Shared_modules/Core/Network/FirewallManager.cpp' kaynak dosyas─▒ derleniyor)
  
C:\ShadowStrike\ShadowStrike\src\Shared_modules\Core\Network\FirewallManager.hpp(657,28): error C2059: s├Âzdizimi hatas─▒: '{' [C:\ShadowStrike\ShadowStrike\ShadowStrike.vcxproj]
  ('/src/Shared_modules/Core/Network/FirewallManager.cpp' kaynak dosyas─▒ derleniyor)
  
C:\ShadowStrike\ShadowStrike\src\Shared_modules\Core\Network\FirewallManager.hpp(657,28): error C2334: '{' ├Âncesinde beklenmeyen belirte├ğler; g├Âr├╝nen i┼şlev g├Âvdesi atlan─▒yor [C:\ShadowStrike\ShadowStrike\ShadowStrike.vcxproj]
  ('/src/Shared_modules/Core/Network/FirewallManager.cpp' kaynak dosyas─▒ derleniyor)
  
C:\ShadowStrike\ShadowStrike\src\Shared_modules\Core\Network\FirewallManager.hpp(660,16): error C3646: 'defaultInboundAction': bilinmeyen ge├ğersiz k─▒lma belirticisi [C:\ShadowStrike\ShadowStrike\ShadowStrike.vcxproj]
  ('/src/Shared_modules/Core/Network/FirewallManager.cpp' kaynak dosyas─▒ derleniyor)
  
C:\ShadowStrike\ShadowStrike\src\Shared_modules\Core\Network\FirewallManager.hpp(660,36): error C2059: s├Âzdizimi hatas─▒: '{' [C:\ShadowStrike\ShadowStrike\ShadowStrike.vcxproj]
  ('/src/Shared_modules/Core/Network/FirewallManager.cpp' kaynak dosyas─▒ derleniyor)
  
C:\ShadowStrike\ShadowStrike\src\Shared_modules\Core\Network\FirewallManager.hpp(660,36): error C2334: '{' ├Âncesinde beklenmeyen belirte├ğler; g├Âr├╝nen i┼şlev g├Âvdesi atlan─▒yor [C:\ShadowStrike\ShadowStrike\ShadowStrike.vcxproj]
  ('/src/Shared_modules/Core/Network/FirewallManager.cpp' kaynak dosyas─▒ derleniyor)
  
C:\ShadowStrike\ShadowStrike\src\Shared_modules\Core\Network\FirewallManager.hpp(661,16): error C3646: 'defaultOutboundAction': bilinmeyen ge├ğersiz k─▒lma belirticisi [C:\ShadowStrike\ShadowStrike\ShadowStrike.vcxproj]
  ('/src/Shared_modules/Core/Network/FirewallManager.cpp' kaynak dosyas─▒ derleniyor)
  
C:\ShadowStrike\ShadowStrike\src\Shared_modules\Core\Network\FirewallManager.hpp(661,37): error C2059: s├Âzdizimi hatas─▒: '{' [C:\ShadowStrike\ShadowStrike\ShadowStrike.vcxproj]
  ('/src/Shared_modules/Core/Network/FirewallManager.cpp' kaynak dosyas─▒ derleniyor)
  
C:\ShadowStrike\ShadowStrike\src\Shared_modules\Core\Network\FirewallManager.hpp(661,37): error C2334: '{' ├Âncesinde beklenmeyen belirte├ğler; g├Âr├╝nen i┼şlev g├Âvdesi atlan─▒yor [C:\ShadowStrike\ShadowStrike\ShadowStrike.vcxproj]
  ('/src/Shared_modules/Core/Network/FirewallManager.cpp' kaynak dosyas─▒ derleniyor)
  
C:\ShadowStrike\ShadowStrike\src\Shared_modules\Core\Network\FirewallManager.hpp(665,20): error C3646: 'defaultProfile': bilinmeyen ge├ğersiz k─▒lma belirticisi [C:\ShadowStrike\ShadowStrike\ShadowStrike.vcxproj]
  ('/src/Shared_modules/Core/Network/FirewallManager.cpp' kaynak dosyas─▒ derleniyor)
  
C:\ShadowStrike\ShadowStrike\src\Shared_modules\Core\Network\FirewallManager.hpp(665,34): error C2059: s├Âzdizimi hatas─▒: '{' [C:\ShadowStrike\ShadowStrike\ShadowStrike.vcxproj]
  ('/src/Shared_modules/Core/Network/FirewallManager.cpp' kaynak dosyas─▒ derleniyor)
  
C:\ShadowStrike\ShadowStrike\src\Shared_modules\Core\Network\FirewallManager.hpp(665,34): error C2334: '{' ├Âncesinde beklenmeyen belirte├ğler; g├Âr├╝nen i┼şlev g├Âvdesi atlan─▒yor [C:\ShadowStrike\ShadowStrike\ShadowStrike.vcxproj]
  ('/src/Shared_modules/Core/Network/FirewallManager.cpp' kaynak dosyas─▒ derleniyor)
  
C:\ShadowStrike\ShadowStrike\src\Shared_modules\Core\Network\FirewallManager.hpp(950,60): error C2061: s├Âzdizimi hatas─▒: tan─▒mlay─▒c─▒ 'RuleType' [C:\ShadowStrike\ShadowStrike\ShadowStrike.vcxproj]
  ('/src/Shared_modules/Core/Network/FirewallManager.cpp' kaynak dosyas─▒ derleniyor)
  
C:\ShadowStrike\ShadowStrike\src\Shared_modules\Core\Network\FirewallManager.hpp(988,9): error C2061: s├Âzdizimi hatas─▒: tan─▒mlay─▒c─▒ 'RuleDirection' [C:\ShadowStrike\ShadowStrike\ShadowStrike.vcxproj]
  ('/src/Shared_modules/Core/Network/FirewallManager.cpp' kaynak dosyas─▒ derleniyor)
  
C:\ShadowStrike\ShadowStrike\src\Shared_modules\Core\Network\FirewallManager.hpp(999,9): error C2061: s├Âzdizimi hatas─▒: tan─▒mlay─▒c─▒ 'RuleDirection' [C:\ShadowStrike\ShadowStrike\ShadowStrike.vcxproj]
  ('/src/Shared_modules/Core/Network/FirewallManager.cpp' kaynak dosyas─▒ derleniyor)
  
C:\ShadowStrike\ShadowStrike\src\Shared_modules\Core\Network\FirewallManager.hpp(1038,9): error C2061: s├Âzdizimi hatas─▒: tan─▒mlay─▒c─▒ 'RuleDirection' [C:\ShadowStrike\ShadowStrike\ShadowStrike.vcxproj]
  ('/src/Shared_modules/Core/Network/FirewallManager.cpp' kaynak dosyas─▒ derleniyor)
  
C:\ShadowStrike\ShadowStrike\src\Shared_modules\Core\Network\FirewallManager.hpp(1050,9): error C2061: s├Âzdizimi hatas─▒: tan─▒mlay─▒c─▒ 'RuleDirection' [C:\ShadowStrike\ShadowStrike\ShadowStrike.vcxproj]
  ('/src/Shared_modules/Core/Network/FirewallManager.cpp' kaynak dosyas─▒ derleniyor)
  
C:\ShadowStrike\ShadowStrike\src\Shared_modules\Core\Network\FirewallManager.hpp(1086,9): error C2061: s├Âzdizimi hatas─▒: tan─▒mlay─▒c─▒ 'RuleProtocol' [C:\ShadowStrike\ShadowStrike\ShadowStrike.vcxproj]
  ('/src/Shared_modules/Core/Network/FirewallManager.cpp' kaynak dosyas─▒ derleniyor)
  
C:\ShadowStrike\ShadowStrike\src\Shared_modules\Core\Process\ProcessMonitor.hpp(128,10): error C1083: i├ğerme dosyas─▒ a├ğ─▒lam─▒yor: '../../Utils/ErrorUtils.hpp': No such file or directory [C:\ShadowStrike\ShadowStrike\ShadowStrike.vcxproj]
  ('/src/Shared_modules/Core/Process/ProcessAnalyzer.cpp' kaynak dosyas─▒ derleniyor)
  
C:\ShadowStrike\ShadowStrike\src\Shared_modules\Core\Network\FirewallManager.hpp(1099,9): error C2061: s├Âzdizimi hatas─▒: tan─▒mlay─▒c─▒ 'RuleProtocol' [C:\ShadowStrike\ShadowStrike\ShadowStrike.vcxproj]
  ('/src/Shared_modules/Core/Network/FirewallManager.cpp' kaynak dosyas─▒ derleniyor)
  
C:\ShadowStrike\ShadowStrike\src\Shared_modules\Core\Network\FirewallManager.hpp(1109,37): error C2061: s├Âzdizimi hatas─▒: tan─▒mlay─▒c─▒ 'RuleProtocol' [C:\ShadowStrike\ShadowStrike\ShadowStrike.vcxproj]
  ('/src/Shared_modules/Core/Network/FirewallManager.cpp' kaynak dosyas─▒ derleniyor)
  
C:\ShadowStrike\ShadowStrike\src\Shared_modules\Core\Network\FirewallManager.hpp(1119,9): error C2061: s├Âzdizimi hatas─▒: tan─▒mlay─▒c─▒ 'RuleProtocol' [C:\ShadowStrike\ShadowStrike\ShadowStrike.vcxproj]
  ('/src/Shared_modules/Core/Network/FirewallManager.cpp' kaynak dosyas─▒ derleniyor)
  
C:\ShadowStrike\ShadowStrike\src\Shared_modules\Core\Network\FirewallManager.hpp(1129,9): error C2061: s├Âzdizimi hatas─▒: tan─▒mlay─▒c─▒ 'ServiceType' [C:\ShadowStrike\ShadowStrike\ShadowStrike.vcxproj]
  ('/src/Shared_modules/Core/Network/FirewallManager.cpp' kaynak dosyas─▒ derleniyor)
  
C:\ShadowStrike\ShadowStrike\src\Shared_modules\Core\Network\FirewallManager.hpp(1145,9): error C2061: s├Âzdizimi hatas─▒: tan─▒mlay─▒c─▒ 'RuleDirection' [C:\ShadowStrike\ShadowStrike\ShadowStrike.vcxproj]
  ('/src/Shared_modules/Core/Network/FirewallManager.cpp' kaynak dosyas─▒ derleniyor)
  
C:\ShadowStrike\ShadowStrike\src\Shared_modules\Core\Network\FirewallManager.hpp(1188,25): error C2061: s├Âzdizimi hatas─▒: tan─▒mlay─▒c─▒ 'StealthMode' [C:\ShadowStrike\ShadowStrike\ShadowStrike.vcxproj]
  ('/src/Shared_modules/Core/Network/FirewallManager.cpp' kaynak dosyas─▒ derleniyor)
  
C:\ShadowStrike\ShadowStrike\src\Shared_modules\Core\Network\FirewallManager.hpp(1194,31): error C3646: 'GetStealthMode': bilinmeyen ge├ğersiz k─▒lma belirticisi [C:\ShadowStrike\ShadowStrike\ShadowStrike.vcxproj]
  ('/src/Shared_modules/Core/Network/FirewallManager.cpp' kaynak dosyas─▒ derleniyor)
  
C:\ShadowStrike\ShadowStrike\src\Shared_modules\Core\Network\FirewallManager.hpp(1194,45): error C2059: s├Âzdizimi hatas─▒: '(' [C:\ShadowStrike\ShadowStrike\ShadowStrike.vcxproj]
  ('/src/Shared_modules/Core/Network/FirewallManager.cpp' kaynak dosyas─▒ derleniyor)
  
C:\ShadowStrike\ShadowStrike\src\Shared_modules\Core\Network\FirewallManager.hpp(1194,62): error C2238: ';' ├Âncesinde beklenmeyen belirte├ğler [C:\ShadowStrike\ShadowStrike\ShadowStrike.vcxproj]
  ('/src/Shared_modules/Core/Network/FirewallManager.cpp' kaynak dosyas─▒ derleniyor)
  
C:\ShadowStrike\ShadowStrike\src\Shared_modules\Core\Network\FirewallManager.hpp(1204,34): error C3646: 'GetCurrentProfile': bilinmeyen ge├ğersiz k─▒lma belirticisi [C:\ShadowStrike\ShadowStrike\ShadowStrike.vcxproj]
  ('/src/Shared_modules/Core/Network/FirewallManager.cpp' kaynak dosyas─▒ derleniyor)
  
C:\ShadowStrike\ShadowStrike\src\Shared_modules\Core\Network\FirewallManager.hpp(1204,51): error C2059: s├Âzdizimi hatas─▒: '(' [C:\ShadowStrike\ShadowStrike\ShadowStrike.vcxproj]
  ('/src/Shared_modules/Core/Network/FirewallManager.cpp' kaynak dosyas─▒ derleniyor)
  
C:\ShadowStrike\ShadowStrike\src\Shared_modules\Core\Network\FirewallManager.hpp(1204,59): error C2238: ';' ├Âncesinde beklenmeyen belirte├ğler [C:\ShadowStrike\ShadowStrike\ShadowStrike.vcxproj]
  ('/src/Shared_modules/Core/Network/FirewallManager.cpp' kaynak dosyas─▒ derleniyor)
  
C:\ShadowStrike\ShadowStrike\src\Shared_modules\Core\Network\FirewallManager.hpp(1213,9): error C2061: s├Âzdizimi hatas─▒: tan─▒mlay─▒c─▒ 'NetworkProfile' [C:\ShadowStrike\ShadowStrike\ShadowStrike.vcxproj]
  ('/src/Shared_modules/Core/Network/FirewallManager.cpp' kaynak dosyas─▒ derleniyor)
  
C:\ShadowStrike\ShadowStrike\src\Shared_modules\Core\Network\FirewallManager.hpp(1360,21): error C2065: 'FirewallManagerImpl': bildirimi yap─▒lmam─▒┼ş tan─▒mlay─▒c─▒ [C:\ShadowStrike\ShadowStrike\ShadowStrike.vcxproj]
  ('/src/Shared_modules/Core/Network/FirewallManager.cpp' kaynak dosyas─▒ derleniyor)
  
C:\ShadowStrike\ShadowStrike\src\Shared_modules\Core\Network\FirewallManager.hpp(1360,10): error C2923: 'std::unique_ptr': 'FirewallManagerImpl' ge├ğerli bir ┼şablon t├╝r ba─ş─▒ms─▒z de─şi┼şkeni de─şil ('_Ty' parametresi i├ğin) [C:\ShadowStrike\ShadowStrike\ShadowStrike.vcxproj]
  ('/src/Shared_modules/Core/Network/FirewallManager.cpp' kaynak dosyas─▒ derleniyor)
      C:\ShadowStrike\ShadowStrike\src\Shared_modules\Core\Network\FirewallManager.hpp(1360,21):
      'FirewallManagerImpl' bildirimine bak─▒n
  
C:\ShadowStrike\ShadowStrike\src\Shared_modules\Core\Network\FirewallManager.hpp(1360,10): error C2976: 'std::unique_ptr': ├ğok az say─▒da ┼şablon ba─ş─▒ms─▒z de─şi┼şkeni var [C:\ShadowStrike\ShadowStrike\ShadowStrike.vcxproj]
  ('/src/Shared_modules/Core/Network/FirewallManager.cpp' kaynak dosyas─▒ derleniyor)
      C:\Program Files\Microsoft Visual Studio\2022\Community\VC\Tools\MSVC\14.44.35207\include\memory(3347,7):
      'std::unique_ptr' bildirimine bak─▒n
  
C:\ShadowStrike\ShadowStrike\src\Shared_modules\Core\Network\FirewallManager.hpp(1360,42): error C2955: 'std::unique_ptr' : s─▒n─▒f ┼şablon kullan─▒m─▒ i├ğin ┼şablon ba─ş─▒ms─▒z de─şi┼şken listesi gerekir [C:\ShadowStrike\ShadowStrike\ShadowStrike.vcxproj]
  ('/src/Shared_modules/Core/Network/FirewallManager.cpp' kaynak dosyas─▒ derleniyor)
      C:\Program Files\Microsoft Visual Studio\2022\Community\VC\Tools\MSVC\14.44.35207\include\memory(3347,7):
      'std::unique_ptr' bildirimine bak─▒n
  
C:\ShadowStrike\ShadowStrike\src\Shared_modules\Core\Network\FirewallManager.hpp(1364,1): error C2059: s├Âzdizimi hatas─▒: '}' [C:\ShadowStrike\ShadowStrike\ShadowStrike.vcxproj]
  ('/src/Shared_modules/Core/Network/FirewallManager.cpp' kaynak dosyas─▒ derleniyor)
  
C:\ShadowStrike\ShadowStrike\src\Shared_modules\Core\Network\FirewallManager.hpp(1364,1): error C2143: s├Âzdizimi hatas─▒: ';' eksik ('}' ├Âncesinde) [C:\ShadowStrike\ShadowStrike\ShadowStrike.vcxproj]
  ('/src/Shared_modules/Core/Network/FirewallManager.cpp' kaynak dosyas─▒ derleniyor)
  
C:\ShadowStrike\ShadowStrike\src\Shared_modules\Core\Network\FirewallManager.hpp(1365,1): error C2143: s├Âzdizimi hatas─▒: ';' eksik ('}' ├Âncesinde) [C:\ShadowStrike\ShadowStrike\ShadowStrike.vcxproj]
  ('/src/Shared_modules/Core/Network/FirewallManager.cpp' kaynak dosyas─▒ derleniyor)
  
C:\ShadowStrike\ShadowStrike\src\Shared_modules\Core\Network\FirewallManager.hpp(1365,1): error C2059: s├Âzdizimi hatas─▒: '}' [C:\ShadowStrike\ShadowStrike\ShadowStrike.vcxproj]
  ('/src/Shared_modules/Core/Network/FirewallManager.cpp' kaynak dosyas─▒ derleniyor)
  
C:\ShadowStrike\ShadowStrike\src\Shared_modules\Utils\StringUtils.hpp(59,24): error C2143: s├Âzdizimi hatas─▒: ';' eksik ('{' ├Âncesinde) [C:\ShadowStrike\ShadowStrike\ShadowStrike.vcxproj]
  ('/src/Shared_modules/Core/Network/FirewallManager.cpp' kaynak dosyas─▒ derleniyor)
  
C:\ShadowStrike\ShadowStrike\src\Shared_modules\Utils\StringUtils.hpp(59,24): error C2447: '{': i┼şlev ├╝stbilgisi eksik (eski tarzda bi├ğimsel liste mi?) [C:\ShadowStrike\ShadowStrike\ShadowStrike.vcxproj]
  ('/src/Shared_modules/Core/Network/FirewallManager.cpp' kaynak dosyas─▒ derleniyor)
  
C:\ShadowStrike\ShadowStrike\src\Shared_modules\Core\Network\NetworkMonitor.cpp(144,32): error C2039: 'Utf8ToWide': bir 'ShadowStrike::Utils::StringUtils' ├╝yesi de─şil [C:\ShadowStrike\ShadowStrike\ShadowStrike.vcxproj]
  ('/src/Shared_modules/Core/Network/NetworkMonitor.cpp' kaynak dosyas─▒ derleniyor)
      C:\ShadowStrike\ShadowStrike\src\Shared_modules\Utils\StringUtils.hpp(63,19):
      'ShadowStrike::Utils::StringUtils' bildirimine bak─▒n
  
C:\ShadowStrike\ShadowStrike\src\Shared_modules\Core\Network\NetworkMonitor.cpp(144,32): error C3861: 'Utf8ToWide': tan─▒mlay─▒c─▒ bulunamad─▒ [C:\ShadowStrike\ShadowStrike\ShadowStrike.vcxproj]
  ('/src/Shared_modules/Core/Network/NetworkMonitor.cpp' kaynak dosyas─▒ derleniyor)
  
C:\ShadowStrike\ShadowStrike\src\Shared_modules\Core\Network\NetworkMonitor.cpp(204,32): error C2039: 'Utf8ToWide': bir 'ShadowStrike::Utils::StringUtils' ├╝yesi de─şil [C:\ShadowStrike\ShadowStrike\ShadowStrike.vcxproj]
  ('/src/Shared_modules/Core/Network/NetworkMonitor.cpp' kaynak dosyas─▒ derleniyor)
      C:\ShadowStrike\ShadowStrike\src\Shared_modules\Utils\StringUtils.hpp(63,19):
      'ShadowStrike::Utils::StringUtils' bildirimine bak─▒n
  
C:\ShadowStrike\ShadowStrike\src\Shared_modules\Core\Network\NetworkMonitor.cpp(204,32): error C3861: 'Utf8ToWide': tan─▒mlay─▒c─▒ bulunamad─▒ [C:\ShadowStrike\ShadowStrike\ShadowStrike.vcxproj]
  ('/src/Shared_modules/Core/Network/NetworkMonitor.cpp' kaynak dosyas─▒ derleniyor)
  
C:\ShadowStrike\ShadowStrike\src\Shared_modules\Core\Network\NetworkMonitor.cpp(431,48): error C2039: 'Utf8ToWide': bir 'ShadowStrike::Utils::StringUtils' ├╝yesi de─şil [C:\ShadowStrike\ShadowStrike\ShadowStrike.vcxproj]
  ('/src/Shared_modules/Core/Network/NetworkMonitor.cpp' kaynak dosyas─▒ derleniyor)
      C:\ShadowStrike\ShadowStrike\src\Shared_modules\Utils\StringUtils.hpp(63,19):
      'ShadowStrike::Utils::StringUtils' bildirimine bak─▒n
  
C:\ShadowStrike\ShadowStrike\src\Shared_modules\Core\Network\NetworkMonitor.cpp(431,48): error C3861: 'Utf8ToWide': tan─▒mlay─▒c─▒ bulunamad─▒ [C:\ShadowStrike\ShadowStrike\ShadowStrike.vcxproj]
  ('/src/Shared_modules/Core/Network/NetworkMonitor.cpp' kaynak dosyas─▒ derleniyor)
  
C:\ShadowStrike\ShadowStrike\src\Shared_modules\Core\Network\NetworkMonitor.cpp(430,24): error C2660: 'ShadowStrike::Utils::Logger::Error': i┼şlev 2 ba─ş─▒ms─▒z de─şi┼şken alm─▒yor [C:\ShadowStrike\ShadowStrike\ShadowStrike.vcxproj]
  ('/src/Shared_modules/Core/Network/NetworkMonitor.cpp' kaynak dosyas─▒ derleniyor)
      C:\ShadowStrike\ShadowStrike\src\Shared_modules\Utils\Logger.hpp(263,16):
      'ShadowStrike::Utils::Logger::Error' bildirimine bak─▒n
      C:\ShadowStrike\ShadowStrike\src\Shared_modules\Utils\Logger.hpp(274,16):
      'void ShadowStrike::Utils::Logger::Error(std::basic_format_string<char,type_identity<_Args>::type...>,Args ...)' olabilirdi
          C:\ShadowStrike\ShadowStrike\src\Shared_modules\Core\Network\NetworkMonitor.cpp(430,24):
          'void ShadowStrike::Utils::Logger::Error(std::basic_format_string<char,type_identity<_Args>::type...>,Args ...)' i┼şlev ┼şablonu ├Âzelle┼ştirilemedi
              C:\ShadowStrike\ShadowStrike\src\Shared_modules\Core\Network\NetworkMonitor.cpp(430,24):
              ┼Şu ┼şablon ba─ş─▒ms─▒z de─şi┼şkenleriyle:
                  C:\ShadowStrike\ShadowStrike\src\Shared_modules\Core\Network\NetworkMonitor.cpp(430,24):
                  'Args={<error type>}'
      C:\ShadowStrike\ShadowStrike\src\Shared_modules\Core\Network\NetworkMonitor.cpp(430,24):
      '(const wchar_t [44], <error type>)' ba─ş─▒ms─▒z de─şi┼şken listesi e┼şlenmeye ├ğal─▒┼ş─▒l─▒rken
  
C:\ShadowStrike\ShadowStrike\src\Shared_modules\Core\Network\NetworkMonitor.cpp(490,24): error C2039: 'NetworkMonitorImpl': bir 'ShadowStrike::Core::Network::NetworkMonitor' ├╝yesi de─şil [C:\ShadowStrike\ShadowStrike\ShadowStrike.vcxproj]
  ('/src/Shared_modules/Core/Network/NetworkMonitor.cpp' kaynak dosyas─▒ derleniyor)
      C:\ShadowStrike\ShadowStrike\src\Shared_modules\Core\Network\NetworkMonitor.hpp(1049,7):
      'ShadowStrike::Core::Network::NetworkMonitor' bildirimine bak─▒n
  
C:\ShadowStrike\ShadowStrike\src\Shared_modules\Core\Network\NetworkMonitor.cpp(490,24): warning C4099: 'ShadowStrike::Core::Network::NetworkMonitorImpl': t├╝r ad─▒ ba┼şlang─▒├ğta 'class' kullan─▒yordu ┼şimdi 'struct' kullan─▒yor [C:\ShadowStrike\ShadowStrike\ShadowStrike.vcxproj]
  ('/src/Shared_modules/Core/Network/NetworkMonitor.cpp' kaynak dosyas─▒ derleniyor)
      C:\ShadowStrike\ShadowStrike\src\Shared_modules\Core\Network\NetworkMonitor.cpp(490,24):
      'ShadowStrike::Core::Network::NetworkMonitorImpl' bildirimine bak─▒n
  
C:\ShadowStrike\ShadowStrike\src\Shared_modules\Core\Network\FirewallManager.cpp(95,28): error C2653: 'StringUtils': bir s─▒n─▒f veya ad alan─▒ ad─▒ de─şil [C:\ShadowStrike\ShadowStrike\ShadowStrike.vcxproj]
  ('/src/Shared_modules/Core/Network/FirewallManager.cpp' kaynak dosyas─▒ derleniyor)
  
C:\ShadowStrike\ShadowStrike\src\Shared_modules\Core\Network\FirewallManager.cpp(95,41): error C3861: 'WideToUtf8': tan─▒mlay─▒c─▒ bulunamad─▒ [C:\ShadowStrike\ShadowStrike\ShadowStrike.vcxproj]
  ('/src/Shared_modules/Core/Network/FirewallManager.cpp' kaynak dosyas─▒ derleniyor)
  
C:\ShadowStrike\ShadowStrike\src\Shared_modules\Core\Network\FirewallManager.cpp(128,12): error C2653: 'StringUtils': bir s─▒n─▒f veya ad alan─▒ ad─▒ de─şil [C:\ShadowStrike\ShadowStrike\ShadowStrike.vcxproj]
  ('/src/Shared_modules/Core/Network/FirewallManager.cpp' kaynak dosyas─▒ derleniyor)
  
C:\ShadowStrike\ShadowStrike\src\Shared_modules\Core\Network\FirewallManager.cpp(128,25): error C3861: 'Utf8ToWide': tan─▒mlay─▒c─▒ bulunamad─▒ [C:\ShadowStrike\ShadowStrike\ShadowStrike.vcxproj]
  ('/src/Shared_modules/Core/Network/FirewallManager.cpp' kaynak dosyas─▒ derleniyor)
  
C:\ShadowStrike\ShadowStrike\src\Shared_modules\Core\Network\FirewallManager.cpp(166,36): error C2888: 'bool ShadowStrike::IPAddressMatch::Matches(const std::array<uint8_t,16> &) const': simge 'Network' ad alan─▒n─▒n i├ğinde tan─▒mlanamaz [C:\ShadowStrike\ShadowStrike\ShadowStrike.vcxproj]
  ('/src/Shared_modules/Core/Network/FirewallManager.cpp' kaynak dosyas─▒ derleniyor)
  
C:\ShadowStrike\ShadowStrike\src\Shared_modules\Core\Network\FirewallManager.cpp(195,17): error C2888: 'ShadowStrike::IPAddressMatch::Matches::<lambda_1>': simge 'Network' ad alan─▒n─▒n i├ğinde tan─▒mlanamaz [C:\ShadowStrike\ShadowStrike\ShadowStrike.vcxproj]
  ('/src/Shared_modules/Core/Network/FirewallManager.cpp' kaynak dosyas─▒ derleniyor)
  
C:\ShadowStrike\ShadowStrike\src\Shared_modules\Core\Network\FirewallManager.cpp(193,41): error C2888: 'auto ShadowStrike::IPAddressMatch::Matches::<lambda_1>::operator ()(const _T1 &) const': simge 'Network' ad alan─▒n─▒n i├ğinde tan─▒mlanamaz [C:\ShadowStrike\ShadowStrike\ShadowStrike.vcxproj]
  ('/src/Shared_modules/Core/Network/FirewallManager.cpp' kaynak dosyas─▒ derleniyor)
  
C:\ShadowStrike\ShadowStrike\src\Shared_modules\Core\Network\FirewallManager.cpp(192,25): error C2672: 'std::any_of': e┼şle┼şen a┼ş─▒r─▒ y├╝klenmi┼ş i┼şlev bulunamad─▒ [C:\ShadowStrike\ShadowStrike\ShadowStrike.vcxproj]
  ('/src/Shared_modules/Core/Network/FirewallManager.cpp' kaynak dosyas─▒ derleniyor)
      C:\Program Files\Microsoft Visual Studio\2022\Community\VC\Tools\MSVC\14.44.35207\include\algorithm(1364,17):
      'bool std::any_of(_ExPo &&,_FwdIt,_FwdIt,_Pr) noexcept' olabilirdi
          C:\ShadowStrike\ShadowStrike\src\Shared_modules\Core\Network\FirewallManager.cpp(192,25):
          'bool std::any_of(_ExPo &&,_FwdIt,_FwdIt,_Pr) noexcept': 4 ba─ş─▒ms─▒z de─şi┼şken bekleniyor - 3 sa─şland─▒
      C:\Program Files\Microsoft Visual Studio\2022\Community\VC\Tools\MSVC\14.44.35207\include\algorithm(1348,30):
      veya       'bool std::any_of(const _InIt,const _InIt,_Pr)'
          C:\ShadowStrike\ShadowStrike\src\Shared_modules\Core\Network\FirewallManager.cpp(192,25):
          'bool std::any_of(const _InIt,const _InIt,_Pr)' i┼şlev ┼şablonu ├Âzelle┼ştirilemedi
              C:\ShadowStrike\ShadowStrike\src\Shared_modules\Core\Network\FirewallManager.cpp(192,25):
              ┼Şu ┼şablon ba─ş─▒ms─▒z de─şi┼şkenleriyle:
                  C:\ShadowStrike\ShadowStrike\src\Shared_modules\Core\Network\FirewallManager.cpp(192,25):
                  '_InIt=std::_Vector_const_iterator<std::_Vector_val<std::_Simple_types<_Ty>>>'
                  C:\ShadowStrike\ShadowStrike\src\Shared_modules\Core\Network\FirewallManager.cpp(192,25):
                  '_Pr=ShadowStrike::IPAddressMatch::Matches::<lambda_1>'
  
C:\ShadowStrike\ShadowStrike\src\Shared_modules\Core\Network\FirewallManager.cpp(202,44): error C2888: 'std::wstring ShadowStrike::IPAddressMatch::ToString(void) const': simge 'Network' ad alan─▒n─▒n i├ğinde tan─▒mlanamaz [C:\ShadowStrike\ShadowStrike\ShadowStrike.vcxproj]
  ('/src/Shared_modules/Core/Network/FirewallManager.cpp' kaynak dosyas─▒ derleniyor)
  
C:\ShadowStrike\ShadowStrike\src\Shared_modules\Core\Network\FirewallManager.cpp(223,38): error C2888: 'bool ShadowStrike::ApplicationMatch::Matches(const std::wstring &,const std::wstring &,const std::wstring &,const std::array<uint8_t,32> &) const': simge 'Network' ad alan─▒n─▒n i├ğinde tan─▒mlanamaz [C:\ShadowStrike\ShadowStrike\ShadowStrike.vcxproj]
  ('/src/Shared_modules/Core/Network/FirewallManager.cpp' kaynak dosyas─▒ derleniyor)
  
C:\ShadowStrike\ShadowStrike\src\Shared_modules\Core\Network\FirewallManager.cpp(234,20): error C2653: 'StringUtils': bir s─▒n─▒f veya ad alan─▒ ad─▒ de─şil [C:\ShadowStrike\ShadowStrike\ShadowStrike.vcxproj]
  ('/src/Shared_modules/Core/Network/FirewallManager.cpp' kaynak dosyas─▒ derleniyor)
  
C:\ShadowStrike\ShadowStrike\src\Shared_modules\Core\Network\FirewallManager.cpp(234,33): error C3861: 'EqualsIgnoreCase': tan─▒mlay─▒c─▒ bulunamad─▒ [C:\ShadowStrike\ShadowStrike\ShadowStrike.vcxproj]
  ('/src/Shared_modules/Core/Network/FirewallManager.cpp' kaynak dosyas─▒ derleniyor)
  
C:\ShadowStrike\ShadowStrike\src\Shared_modules\Core\Network\FirewallManager.cpp(245,20): error C2653: 'StringUtils': bir s─▒n─▒f veya ad alan─▒ ad─▒ de─şil [C:\ShadowStrike\ShadowStrike\ShadowStrike.vcxproj]
  ('/src/Shared_modules/Core/Network/FirewallManager.cpp' kaynak dosyas─▒ derleniyor)
  
C:\ShadowStrike\ShadowStrike\src\Shared_modules\Core\Network\FirewallManager.cpp(245,33): error C3861: 'EqualsIgnoreCase': tan─▒mlay─▒c─▒ bulunamad─▒ [C:\ShadowStrike\ShadowStrike\ShadowStrike.vcxproj]
  ('/src/Shared_modules/Core/Network/FirewallManager.cpp' kaynak dosyas─▒ derleniyor)
  
C:\ShadowStrike\ShadowStrike\src\Shared_modules\Core\Network\FirewallManager.cpp(266,30): error C2888: 'bool ShadowStrike::GeoMatch::Matches(const std::string &,const std::string &,uint32_t) const': simge 'Network' ad alan─▒n─▒n i├ğinde tan─▒mlanamaz [C:\ShadowStrike\ShadowStrike\ShadowStrike.vcxproj]
  ('/src/Shared_modules/Core/Network/FirewallManager.cpp' kaynak dosyas─▒ derleniyor)
  
C:\ShadowStrike\ShadowStrike\src\Shared_modules\Core\Network\FirewallManager.cpp(294,34): error C2888: 'bool ShadowStrike::FirewallRule::IsValid(void) const': simge 'Network' ad alan─▒n─▒n i├ğinde tan─▒mlanamaz [C:\ShadowStrike\ShadowStrike\ShadowStrike.vcxproj]
  ('/src/Shared_modules/Core/Network/FirewallManager.cpp' kaynak dosyas─▒ derleniyor)
  
C:\ShadowStrike\ShadowStrike\src\Shared_modules\Core\Network\FirewallManager.cpp(295,5): warning C4390: ';': bo┼ş denetlenen deyim bulundu; ama├ğlanan bu muydu? [C:\ShadowStrike\ShadowStrike\ShadowStrike.vcxproj]
  ('/src/Shared_modules/Core/Network/FirewallManager.cpp' kaynak dosyas─▒ derleniyor)
  
C:\ShadowStrike\ShadowStrike\src\Shared_modules\Core\Network\FirewallManager.cpp(296,5): warning C4390: ';': bo┼ş denetlenen deyim bulundu; ama├ğlanan bu muydu? [C:\ShadowStrike\ShadowStrike\ShadowStrike.vcxproj]
  ('/src/Shared_modules/Core/Network/FirewallManager.cpp' kaynak dosyas─▒ derleniyor)
  
C:\ShadowStrike\ShadowStrike\src\Shared_modules\Core\Network\FirewallManager.cpp(300,9): warning C4390: ';': bo┼ş denetlenen deyim bulundu; ama├ğlanan bu muydu? [C:\ShadowStrike\ShadowStrike\ShadowStrike.vcxproj]
  ('/src/Shared_modules/Core/Network/FirewallManager.cpp' kaynak dosyas─▒ derleniyor)
  
C:\ShadowStrike\ShadowStrike\src\Shared_modules\Core\Network\FirewallManager.cpp(303,9): warning C4390: ';': bo┼ş denetlenen deyim bulundu; ama├ğlanan bu muydu? [C:\ShadowStrike\ShadowStrike\ShadowStrike.vcxproj]
  ('/src/Shared_modules/Core/Network/FirewallManager.cpp' kaynak dosyas─▒ derleniyor)
  
C:\ShadowStrike\ShadowStrike\src\Shared_modules\Core\Network\FirewallManager.cpp(309,28): error C2511: 'ShadowStrike::FirewallRule ShadowStrike::FirewallRule::CreateBlockIP(const std::wstring &,ShadowStrike::Core::Network::RuleDirection)': a┼ş─▒r─▒ y├╝klenen ├╝ye i┼şlev 'ShadowStrike::FirewallRule' i├ğinde bulunamad─▒ [C:\ShadowStrike\ShadowStrike\ShadowStrike.vcxproj]
  ('/src/Shared_modules/Core/Network/FirewallManager.cpp' kaynak dosyas─▒ derleniyor)
      C:\ShadowStrike\ShadowStrike\src\Shared_modules\Core\Network\FirewallManager.hpp(484,21):
      'ShadowStrike::FirewallRule' bildirimine bak─▒n
  
C:\ShadowStrike\ShadowStrike\src\Shared_modules\Core\Network\FirewallManager.cpp(309,28): error C2888: 'ShadowStrike::FirewallRule ShadowStrike::FirewallRule::CreateBlockIP(const std::wstring &,ShadowStrike::Core::Network::RuleDirection)': simge 'Network' ad alan─▒n─▒n i├ğinde tan─▒mlanamaz [C:\ShadowStrike\ShadowStrike\ShadowStrike.vcxproj]
  ('/src/Shared_modules/Core/Network/FirewallManager.cpp' kaynak dosyas─▒ derleniyor)
  
C:\ShadowStrike\ShadowStrike\src\Shared_modules\Core\Network\FirewallManager.hpp(497,24): error C2653: 'FirewallConstants': bir s─▒n─▒f veya ad alan─▒ ad─▒ de─şil [C:\ShadowStrike\ShadowStrike\ShadowStrike.vcxproj]
  ('/src/Shared_modules/Core/Network/FirewallManager.cpp' kaynak dosyas─▒ derleniyor)
      C:\ShadowStrike\ShadowStrike\src\Shared_modules\Core\Network\FirewallManager.hpp(556,1):
      Derleyicinin olu┼şturdu─şu 'ShadowStrike::FirewallRule::FirewallRule(void)' i┼şlevinde bu tan─▒lama olu┼ştu
      C:\ShadowStrike\ShadowStrike\src\Shared_modules\Core\Network\FirewallManager.cpp(310,18):
      'ShadowStrike::FirewallRule::FirewallRule(void)' i┼şlevi ba┼şvurusuna bak─▒n
  
C:\ShadowStrike\ShadowStrike\src\Shared_modules\Core\Network\FirewallManager.hpp(497,43): error C2065: 'PRIORITY_NORMAL': bildirimi yap─▒lmam─▒┼ş tan─▒mlay─▒c─▒ [C:\ShadowStrike\ShadowStrike\ShadowStrike.vcxproj]
  ('/src/Shared_modules/Core/Network/FirewallManager.cpp' kaynak dosyas─▒ derleniyor)
      C:\ShadowStrike\ShadowStrike\src\Shared_modules\Core\Network\FirewallManager.hpp(556,1):
      Derleyicinin olu┼şturdu─şu 'ShadowStrike::FirewallRule::FirewallRule(void)' i┼şlevinde bu tan─▒lama olu┼ştu
      C:\ShadowStrike\ShadowStrike\src\Shared_modules\Core\Network\FirewallManager.cpp(310,18):
      'ShadowStrike::FirewallRule::FirewallRule(void)' i┼şlevi ba┼şvurusuna bak─▒n
  
C:\ShadowStrike\ShadowStrike\src\Shared_modules\Core\Network\FirewallManager.cpp(313,10): error C2039: 'type': bir 'ShadowStrike::FirewallRule' ├╝yesi de─şil [C:\ShadowStrike\ShadowStrike\ShadowStrike.vcxproj]
  ('/src/Shared_modules/Core/Network/FirewallManager.cpp' kaynak dosyas─▒ derleniyor)
      C:\ShadowStrike\ShadowStrike\src\Shared_modules\Core\Network\FirewallManager.hpp(484,21):
      'ShadowStrike::FirewallRule' bildirimine bak─▒n
  
C:\ShadowStrike\ShadowStrike\src\Shared_modules\Core\Network\FirewallManager.cpp(313,10): error C1003: hata say─▒s─▒ 100 taneyi a┼şt─▒; derleme durduruluyor [C:\ShadowStrike\ShadowStrike\ShadowStrike.vcxproj]
  ('/src/Shared_modules/Core/Network/FirewallManager.cpp' kaynak dosyas─▒ derleniyor)
  
C:\ShadowStrike\ShadowStrike\src\Shared_modules\Core\Network\DDosProtection.cpp(668,17): warning C4834: [[nodiscard]] ├Âzniteli─şine sahip i┼şlevin d├Ân├╝┼ş de─şerinin at─▒lmas─▒ [C:\ShadowStrike\ShadowStrike\ShadowStrike.vcxproj]
  ('/src/Shared_modules/Core/Network/DDosProtection.cpp' kaynak dosyas─▒ derleniyor)
  
C:\ShadowStrike\ShadowStrike\src\Shared_modules\Core\Network\DDosProtection.cpp(698,17): warning C4834: [[nodiscard]] ├Âzniteli─şine sahip i┼şlevin d├Ân├╝┼ş de─şerinin at─▒lmas─▒ [C:\ShadowStrike\ShadowStrike\ShadowStrike.vcxproj]
  ('/src/Shared_modules/Core/Network/DDosProtection.cpp' kaynak dosyas─▒ derleniyor)
  
C:\ShadowStrike\ShadowStrike\src\Shared_modules\Core\Network\DDosProtection.cpp(754,17): warning C4834: [[nodiscard]] ├Âzniteli─şine sahip i┼şlevin d├Ân├╝┼ş de─şerinin at─▒lmas─▒ [C:\ShadowStrike\ShadowStrike\ShadowStrike.vcxproj]
  ('/src/Shared_modules/Core/Network/DDosProtection.cpp' kaynak dosyas─▒ derleniyor)
  
C:\ShadowStrike\ShadowStrike\src\Shared_modules\Core\Process\ProcessMonitor.hpp(128,10): error C1083: i├ğerme dosyas─▒ a├ğ─▒lam─▒yor: '../../Utils/ErrorUtils.hpp': No such file or directory [C:\ShadowStrike\ShadowStrike\ShadowStrike.vcxproj]
  ('/src/Shared_modules/Core/Process/ProcessHollowingDetector.cpp' kaynak dosyas─▒ derleniyor)
  
C:\ShadowStrike\ShadowStrike\src\Shared_modules\Core\Process\ProcessMonitor.hpp(128,10): error C1083: i├ğerme dosyas─▒ a├ğ─▒lam─▒yor: '../../Utils/ErrorUtils.hpp': No such file or directory [C:\ShadowStrike\ShadowStrike\ShadowStrike.vcxproj]
  ('/src/Shared_modules/Core/Process/ProcessKiller.cpp' kaynak dosyas─▒ derleniyor)
  
C:\ShadowStrike\ShadowStrike\src\Shared_modules\Core\Network\NetworkMonitor.cpp(666,17): error C2440: 'return': 'const ShadowStrike::Core::Network::ConnectionFilter' - 'std::optional<ShadowStrike::Core::Network::ConnectionFilter>' d├Ân├╝┼ş├╝m├╝ yap─▒lam─▒yor [C:\ShadowStrike\ShadowStrike\ShadowStrike.vcxproj]
  ('/src/Shared_modules/Core/Network/NetworkMonitor.cpp' kaynak dosyas─▒ derleniyor)
      C:\ShadowStrike\ShadowStrike\src\Shared_modules\Core\Network\NetworkMonitor.cpp(666,17):
      Bu d├Ân├╝┼şt├╝rmeyi ger├ğekle┼ştirecek kullan─▒c─▒ tan─▒ml─▒ d├Ân├╝┼şt├╝rme i┼şleci yok veya i┼şle├ğ ├ğa─şr─▒lam─▒yor
  
C:\ShadowStrike\ShadowStrike\src\Shared_modules\Core\Network\NetworkMonitor.cpp(679,45): error C2665: 'std::lock_guard<std::mutex>::lock_guard': hi├ğbir a┼ş─▒r─▒ y├╝klenmi┼ş i┼şlev t├╝m arg├╝man t├╝rlerini d├Ân├╝┼şt├╝remez [C:\ShadowStrike\ShadowStrike\ShadowStrike.vcxproj]
  ('/src/Shared_modules/Core/Network/NetworkMonitor.cpp' kaynak dosyas─▒ derleniyor)
      C:\Program Files\Microsoft Visual Studio\2022\Community\VC\Tools\MSVC\14.44.35207\include\mutex(455,5):
      'std::lock_guard<std::mutex>::lock_guard(const std::lock_guard<std::mutex> &)' olabilirdi
          C:\ShadowStrike\ShadowStrike\src\Shared_modules\Core\Network\NetworkMonitor.cpp(679,45):
          'std::lock_guard<std::mutex>::lock_guard(const std::lock_guard<std::mutex> &)' : 1 ba─ş─▒ms─▒z de─şi┼şkeni 'const std::mutex' de─şerinden 'const std::lock_guard<std::mutex> &' de─şerine d├Ân├╝┼şt├╝r├╝lemez
              C:\ShadowStrike\ShadowStrike\src\Shared_modules\Core\Network\NetworkMonitor.cpp(679,46):
              Nedeni: 'const std::mutex' de─şerinden 'const std::lock_guard<std::mutex>' de─şerine d├Ân├╝┼şt├╝r├╝lemez
              C:\ShadowStrike\ShadowStrike\src\Shared_modules\Core\Network\NetworkMonitor.cpp(679,46):
              Bu d├Ân├╝┼şt├╝rmeyi ger├ğekle┼ştirecek kullan─▒c─▒ tan─▒ml─▒ d├Ân├╝┼şt├╝rme i┼şleci yok veya i┼şle├ğ ├ğa─şr─▒lam─▒yor
      C:\Program Files\Microsoft Visual Studio\2022\Community\VC\Tools\MSVC\14.44.35207\include\mutex(444,5):
      veya       'std::lock_guard<std::mutex>::lock_guard(_Mutex &)'
          with
          [
              _Mutex=std::mutex
          ]
          C:\ShadowStrike\ShadowStrike\src\Shared_modules\Core\Network\NetworkMonitor.cpp(679,45):
          'std::lock_guard<std::mutex>::lock_guard(_Mutex &)' : 1 ba─ş─▒ms─▒z de─şi┼şkeni 'const std::mutex' de─şerinden '_Mutex &' de─şerine d├Ân├╝┼şt├╝r├╝lemez
          with
          [
              _Mutex=std::mutex
          ]
              C:\ShadowStrike\ShadowStrike\src\Shared_modules\Core\Network\NetworkMonitor.cpp(679,46):
              D├Ân├╝┼şt├╝rme niteleyicileri kaybediyor
      C:\ShadowStrike\ShadowStrike\src\Shared_modules\Core\Network\NetworkMonitor.cpp(679,45):
      '(const std::mutex)' ba─ş─▒ms─▒z de─şi┼şken listesi e┼şlenmeye ├ğal─▒┼ş─▒l─▒rken
  
C:\ShadowStrike\ShadowStrike\src\Shared_modules\Core\Network\NetworkMonitor.cpp(754,52): error C2039: 'Utf8ToWide': bir 'ShadowStrike::Utils::StringUtils' ├╝yesi de─şil [C:\ShadowStrike\ShadowStrike\ShadowStrike.vcxproj]
  ('/src/Shared_modules/Core/Network/NetworkMonitor.cpp' kaynak dosyas─▒ derleniyor)
      C:\ShadowStrike\ShadowStrike\src\Shared_modules\Utils\StringUtils.hpp(63,19):
      'ShadowStrike::Utils::StringUtils' bildirimine bak─▒n
  
C:\ShadowStrike\ShadowStrike\src\Shared_modules\Core\Network\NetworkMonitor.cpp(754,52): error C3861: 'Utf8ToWide': tan─▒mlay─▒c─▒ bulunamad─▒ [C:\ShadowStrike\ShadowStrike\ShadowStrike.vcxproj]
  ('/src/Shared_modules/Core/Network/NetworkMonitor.cpp' kaynak dosyas─▒ derleniyor)
  
C:\ShadowStrike\ShadowStrike\src\Shared_modules\Core\Network\NetworkMonitor.cpp(753,28): error C2660: 'ShadowStrike::Utils::Logger::Error': i┼şlev 2 ba─ş─▒ms─▒z de─şi┼şken alm─▒yor [C:\ShadowStrike\ShadowStrike\ShadowStrike.vcxproj]
  ('/src/Shared_modules/Core/Network/NetworkMonitor.cpp' kaynak dosyas─▒ derleniyor)
      C:\ShadowStrike\ShadowStrike\src\Shared_modules\Utils\Logger.hpp(263,16):
      'ShadowStrike::Utils::Logger::Error' bildirimine bak─▒n
      C:\ShadowStrike\ShadowStrike\src\Shared_modules\Utils\Logger.hpp(274,16):
      'void ShadowStrike::Utils::Logger::Error(std::basic_format_string<char,type_identity<_Args>::type...>,Args ...)' olabilirdi
          C:\ShadowStrike\ShadowStrike\src\Shared_modules\Core\Network\NetworkMonitor.cpp(753,28):
          'void ShadowStrike::Utils::Logger::Error(std::basic_format_string<char,type_identity<_Args>::type...>,Args ...)' i┼şlev ┼şablonu ├Âzelle┼ştirilemedi
              C:\ShadowStrike\ShadowStrike\src\Shared_modules\Core\Network\NetworkMonitor.cpp(753,28):
              ┼Şu ┼şablon ba─ş─▒ms─▒z de─şi┼şkenleriyle:
                  C:\ShadowStrike\ShadowStrike\src\Shared_modules\Core\Network\NetworkMonitor.cpp(753,28):
                  'Args={<error type>}'
      C:\ShadowStrike\ShadowStrike\src\Shared_modules\Core\Network\NetworkMonitor.cpp(753,28):
      '(const wchar_t [47], <error type>)' ba─ş─▒ms─▒z de─şi┼şken listesi e┼şlenmeye ├ğal─▒┼ş─▒l─▒rken
  
C:\ShadowStrike\ShadowStrike\src\Shared_modules\Core\Network\NetworkMonitor.cpp(766,45): error C2665: 'std::lock_guard<std::mutex>::lock_guard': hi├ğbir a┼ş─▒r─▒ y├╝klenmi┼ş i┼şlev t├╝m arg├╝man t├╝rlerini d├Ân├╝┼şt├╝remez [C:\ShadowStrike\ShadowStrike\ShadowStrike.vcxproj]
  ('/src/Shared_modules/Core/Network/NetworkMonitor.cpp' kaynak dosyas─▒ derleniyor)
      C:\Program Files\Microsoft Visual Studio\2022\Community\VC\Tools\MSVC\14.44.35207\include\mutex(455,5):
      'std::lock_guard<std::mutex>::lock_guard(const std::lock_guard<std::mutex> &)' olabilirdi
          C:\ShadowStrike\ShadowStrike\src\Shared_modules\Core\Network\NetworkMonitor.cpp(766,45):
          'std::lock_guard<std::mutex>::lock_guard(const std::lock_guard<std::mutex> &)' : 1 ba─ş─▒ms─▒z de─şi┼şkeni 'const std::mutex' de─şerinden 'const std::lock_guard<std::mutex> &' de─şerine d├Ân├╝┼şt├╝r├╝lemez
              C:\ShadowStrike\ShadowStrike\src\Shared_modules\Core\Network\NetworkMonitor.cpp(766,46):
              Nedeni: 'const std::mutex' de─şerinden 'const std::lock_guard<std::mutex>' de─şerine d├Ân├╝┼şt├╝r├╝lemez
              C:\ShadowStrike\ShadowStrike\src\Shared_modules\Core\Network\NetworkMonitor.cpp(766,46):
              Bu d├Ân├╝┼şt├╝rmeyi ger├ğekle┼ştirecek kullan─▒c─▒ tan─▒ml─▒ d├Ân├╝┼şt├╝rme i┼şleci yok veya i┼şle├ğ ├ğa─şr─▒lam─▒yor
      C:\Program Files\Microsoft Visual Studio\2022\Community\VC\Tools\MSVC\14.44.35207\include\mutex(444,5):
      veya       'std::lock_guard<std::mutex>::lock_guard(_Mutex &)'
          with
          [
              _Mutex=std::mutex
          ]
          C:\ShadowStrike\ShadowStrike\src\Shared_modules\Core\Network\NetworkMonitor.cpp(766,45):
          'std::lock_guard<std::mutex>::lock_guard(_Mutex &)' : 1 ba─ş─▒ms─▒z de─şi┼şkeni 'const std::mutex' de─şerinden '_Mutex &' de─şerine d├Ân├╝┼şt├╝r├╝lemez
          with
          [
              _Mutex=std::mutex
          ]
              C:\ShadowStrike\ShadowStrike\src\Shared_modules\Core\Network\NetworkMonitor.cpp(766,46):
              D├Ân├╝┼şt├╝rme niteleyicileri kaybediyor
      C:\ShadowStrike\ShadowStrike\src\Shared_modules\Core\Network\NetworkMonitor.cpp(766,45):
      '(const std::mutex)' ba─ş─▒ms─▒z de─şi┼şken listesi e┼şlenmeye ├ğal─▒┼ş─▒l─▒rken
  
C:\ShadowStrike\ShadowStrike\src\Shared_modules\Core\Network\NetworkMonitor.cpp(804,52): error C2039: 'Utf8ToWide': bir 'ShadowStrike::Utils::StringUtils' ├╝yesi de─şil [C:\ShadowStrike\ShadowStrike\ShadowStrike.vcxproj]
  ('/src/Shared_modules/Core/Network/NetworkMonitor.cpp' kaynak dosyas─▒ derleniyor)
      C:\ShadowStrike\ShadowStrike\src\Shared_modules\Utils\StringUtils.hpp(63,19):
      'ShadowStrike::Utils::StringUtils' bildirimine bak─▒n
  
C:\ShadowStrike\ShadowStrike\src\Shared_modules\Core\Network\NetworkMonitor.cpp(804,52): error C3861: 'Utf8ToWide': tan─▒mlay─▒c─▒ bulunamad─▒ [C:\ShadowStrike\ShadowStrike\ShadowStrike.vcxproj]
  ('/src/Shared_modules/Core/Network/NetworkMonitor.cpp' kaynak dosyas─▒ derleniyor)
  
C:\ShadowStrike\ShadowStrike\src\Shared_modules\Core\Network\TorDetector.cpp(224,20): error C2039: 'TorDetectorImpl': bir 'ShadowStrike::Core::Network::TorDetector' ├╝yesi de─şil [C:\ShadowStrike\ShadowStrike\ShadowStrike.vcxproj]
  ('/src/Shared_modules/Core/Network/TorDetector.cpp' kaynak dosyas─▒ derleniyor)
      C:\ShadowStrike\ShadowStrike\src\Shared_modules\Core\Network\TorDetector.hpp(659,7):
      'ShadowStrike::Core::Network::TorDetector' bildirimine bak─▒n
  
C:\ShadowStrike\ShadowStrike\src\Shared_modules\Core\Network\NetworkMonitor.cpp(803,28): error C2660: 'ShadowStrike::Utils::Logger::Error': i┼şlev 2 ba─ş─▒ms─▒z de─şi┼şken alm─▒yor [C:\ShadowStrike\ShadowStrike\ShadowStrike.vcxproj]
  ('/src/Shared_modules/Core/Network/NetworkMonitor.cpp' kaynak dosyas─▒ derleniyor)
      C:\ShadowStrike\ShadowStrike\src\Shared_modules\Utils\Logger.hpp(263,16):
      'ShadowStrike::Utils::Logger::Error' bildirimine bak─▒n
      C:\ShadowStrike\ShadowStrike\src\Shared_modules\Utils\Logger.hpp(274,16):
      'void ShadowStrike::Utils::Logger::Error(std::basic_format_string<char,type_identity<_Args>::type...>,Args ...)' olabilirdi
          C:\ShadowStrike\ShadowStrike\src\Shared_modules\Core\Network\NetworkMonitor.cpp(803,28):
          'void ShadowStrike::Utils::Logger::Error(std::basic_format_string<char,type_identity<_Args>::type...>,Args ...)' i┼şlev ┼şablonu ├Âzelle┼ştirilemedi
              C:\ShadowStrike\ShadowStrike\src\Shared_modules\Core\Network\NetworkMonitor.cpp(803,28):
              ┼Şu ┼şablon ba─ş─▒ms─▒z de─şi┼şkenleriyle:
                  C:\ShadowStrike\ShadowStrike\src\Shared_modules\Core\Network\NetworkMonitor.cpp(803,28):
                  'Args={<error type>}'
      C:\ShadowStrike\ShadowStrike\src\Shared_modules\Core\Network\NetworkMonitor.cpp(803,28):
      '(const wchar_t [50], <error type>)' ba─ş─▒ms─▒z de─şi┼şken listesi e┼şlenmeye ├ğal─▒┼ş─▒l─▒rken
  
C:\ShadowStrike\ShadowStrike\src\Shared_modules\Core\Network\DDosProtection.cpp(1054,13): error C2440: 'return': 'const _Ty2' - 'std::optional<ShadowStrike::Core::Network::IPTrackingInfo>' d├Ân├╝┼ş├╝m├╝ yap─▒lam─▒yor [C:\ShadowStrike\ShadowStrike\ShadowStrike.vcxproj]
C:\ShadowStrike\ShadowStrike\src\Shared_modules\Core\Network\DDosProtection.cpp(1054,13): error C2440:         with [C:\ShadowStrike\ShadowStrike\ShadowStrike.vcxproj]
C:\ShadowStrike\ShadowStrike\src\Shared_modules\Core\Network\DDosProtection.cpp(1054,13): error C2440:         [ [C:\ShadowStrike\ShadowStrike\ShadowStrike.vcxproj]
C:\ShadowStrike\ShadowStrike\src\Shared_modules\Core\Network\DDosProtection.cpp(1054,13): error C2440:             _Ty2=ShadowStrike::Core::Network::IPTrackingInfo [C:\ShadowStrike\ShadowStrike\ShadowStrike.vcxproj]
C:\ShadowStrike\ShadowStrike\src\Shared_modules\Core\Network\DDosProtection.cpp(1054,13): error C2440:         ] [C:\ShadowStrike\ShadowStrike\ShadowStrike.vcxproj]
  ('/src/Shared_modules/Core/Network/DDosProtection.cpp' kaynak dosyas─▒ derleniyor)
      C:\ShadowStrike\ShadowStrike\src\Shared_modules\Core\Network\DDosProtection.cpp(1054,13):
      Bu d├Ân├╝┼şt├╝rmeyi ger├ğekle┼ştirecek kullan─▒c─▒ tan─▒ml─▒ d├Ân├╝┼şt├╝rme i┼şleci yok veya i┼şle├ğ ├ğa─şr─▒lam─▒yor
  
C:\ShadowStrike\ShadowStrike\src\Shared_modules\Core\Network\NetworkMonitor.cpp(816,45): error C2665: 'std::lock_guard<std::mutex>::lock_guard': hi├ğbir a┼ş─▒r─▒ y├╝klenmi┼ş i┼şlev t├╝m arg├╝man t├╝rlerini d├Ân├╝┼şt├╝remez [C:\ShadowStrike\ShadowStrike\ShadowStrike.vcxproj]
  ('/src/Shared_modules/Core/Network/NetworkMonitor.cpp' kaynak dosyas─▒ derleniyor)
      C:\Program Files\Microsoft Visual Studio\2022\Community\VC\Tools\MSVC\14.44.35207\include\mutex(455,5):
      'std::lock_guard<std::mutex>::lock_guard(const std::lock_guard<std::mutex> &)' olabilirdi
          C:\ShadowStrike\ShadowStrike\src\Shared_modules\Core\Network\NetworkMonitor.cpp(816,45):
          'std::lock_guard<std::mutex>::lock_guard(const std::lock_guard<std::mutex> &)' : 1 ba─ş─▒ms─▒z de─şi┼şkeni 'const std::mutex' de─şerinden 'const std::lock_guard<std::mutex> &' de─şerine d├Ân├╝┼şt├╝r├╝lemez
              C:\ShadowStrike\ShadowStrike\src\Shared_modules\Core\Network\NetworkMonitor.cpp(816,46):
              Nedeni: 'const std::mutex' de─şerinden 'const std::lock_guard<std::mutex>' de─şerine d├Ân├╝┼şt├╝r├╝lemez
              C:\ShadowStrike\ShadowStrike\src\Shared_modules\Core\Network\NetworkMonitor.cpp(816,46):
              Bu d├Ân├╝┼şt├╝rmeyi ger├ğekle┼ştirecek kullan─▒c─▒ tan─▒ml─▒ d├Ân├╝┼şt├╝rme i┼şleci yok veya i┼şle├ğ ├ğa─şr─▒lam─▒yor
      C:\Program Files\Microsoft Visual Studio\2022\Community\VC\Tools\MSVC\14.44.35207\include\mutex(444,5):
      veya       'std::lock_guard<std::mutex>::lock_guard(_Mutex &)'
          with
          [
              _Mutex=std::mutex
          ]
          C:\ShadowStrike\ShadowStrike\src\Shared_modules\Core\Network\NetworkMonitor.cpp(816,45):
          'std::lock_guard<std::mutex>::lock_guard(_Mutex &)' : 1 ba─ş─▒ms─▒z de─şi┼şkeni 'const std::mutex' de─şerinden '_Mutex &' de─şerine d├Ân├╝┼şt├╝r├╝lemez
          with
          [
              _Mutex=std::mutex
          ]
              C:\ShadowStrike\ShadowStrike\src\Shared_modules\Core\Network\NetworkMonitor.cpp(816,46):
              D├Ân├╝┼şt├╝rme niteleyicileri kaybediyor
      C:\ShadowStrike\ShadowStrike\src\Shared_modules\Core\Network\NetworkMonitor.cpp(816,45):
      '(const std::mutex)' ba─ş─▒ms─▒z de─şi┼şken listesi e┼şlenmeye ├ğal─▒┼ş─▒l─▒rken
  
C:\ShadowStrike\ShadowStrike\src\Shared_modules\Core\Network\DDosProtection.cpp(1083,51): warning C4267: 'ba─ş─▒ms─▒z de─şi┼şken': 'size_t' - 'const unsigned int' d├Ân├╝┼ş├╝m├╝; veri kayb─▒ olabilir [C:\ShadowStrike\ShadowStrike\ShadowStrike.vcxproj]
  ('/src/Shared_modules/Core/Network/DDosProtection.cpp' kaynak dosyas─▒ derleniyor)
  
C:\ShadowStrike\ShadowStrike\src\Shared_modules\Core\Network\NetworkMonitor.cpp(851,52): error C2039: 'Utf8ToWide': bir 'ShadowStrike::Utils::StringUtils' ├╝yesi de─şil [C:\ShadowStrike\ShadowStrike\ShadowStrike.vcxproj]
  ('/src/Shared_modules/Core/Network/NetworkMonitor.cpp' kaynak dosyas─▒ derleniyor)
      C:\ShadowStrike\ShadowStrike\src\Shared_modules\Utils\StringUtils.hpp(63,19):
      'ShadowStrike::Utils::StringUtils' bildirimine bak─▒n
  
C:\ShadowStrike\ShadowStrike\src\Shared_modules\Core\Network\NetworkMonitor.cpp(851,52): error C3861: 'Utf8ToWide': tan─▒mlay─▒c─▒ bulunamad─▒ [C:\ShadowStrike\ShadowStrike\ShadowStrike.vcxproj]
  ('/src/Shared_modules/Core/Network/NetworkMonitor.cpp' kaynak dosyas─▒ derleniyor)
  
C:\ShadowStrike\ShadowStrike\src\Shared_modules\Core\Network\DDosProtection.cpp(1125,82): warning C4244: '=': 'unsigned __int64' - 'double' d├Ân├╝┼ş├╝m├╝; veri kayb─▒ olabilir [C:\ShadowStrike\ShadowStrike\ShadowStrike.vcxproj]
  ('/src/Shared_modules/Core/Network/DDosProtection.cpp' kaynak dosyas─▒ derleniyor)
  
C:\ShadowStrike\ShadowStrike\src\Shared_modules\Core\Network\DDosProtection.cpp(1126,78): warning C4244: '=': 'unsigned __int64' - 'double' d├Ân├╝┼ş├╝m├╝; veri kayb─▒ olabilir [C:\ShadowStrike\ShadowStrike\ShadowStrike.vcxproj]
  ('/src/Shared_modules/Core/Network/DDosProtection.cpp' kaynak dosyas─▒ derleniyor)
  
C:\ShadowStrike\ShadowStrike\src\Shared_modules\Core\Network\DDosProtection.cpp(1127,90): warning C4244: '=': 'unsigned __int64' - 'double' d├Ân├╝┼ş├╝m├╝; veri kayb─▒ olabilir [C:\ShadowStrike\ShadowStrike\ShadowStrike.vcxproj]
  ('/src/Shared_modules/Core/Network/DDosProtection.cpp' kaynak dosyas─▒ derleniyor)
  
C:\ShadowStrike\ShadowStrike\src\Shared_modules\Core\Network\NetworkMonitor.cpp(850,28): error C2660: 'ShadowStrike::Utils::Logger::Error': i┼şlev 2 ba─ş─▒ms─▒z de─şi┼şken alm─▒yor [C:\ShadowStrike\ShadowStrike\ShadowStrike.vcxproj]
  ('/src/Shared_modules/Core/Network/NetworkMonitor.cpp' kaynak dosyas─▒ derleniyor)
      C:\ShadowStrike\ShadowStrike\src\Shared_modules\Utils\Logger.hpp(263,16):
      'ShadowStrike::Utils::Logger::Error' bildirimine bak─▒n
      C:\ShadowStrike\ShadowStrike\src\Shared_modules\Utils\Logger.hpp(274,16):
      'void ShadowStrike::Utils::Logger::Error(std::basic_format_string<char,type_identity<_Args>::type...>,Args ...)' olabilirdi
          C:\ShadowStrike\ShadowStrike\src\Shared_modules\Core\Network\NetworkMonitor.cpp(850,28):
          'void ShadowStrike::Utils::Logger::Error(std::basic_format_string<char,type_identity<_Args>::type...>,Args ...)' i┼şlev ┼şablonu ├Âzelle┼ştirilemedi
              C:\ShadowStrike\ShadowStrike\src\Shared_modules\Core\Network\NetworkMonitor.cpp(850,28):
              ┼Şu ┼şablon ba─ş─▒ms─▒z de─şi┼şkenleriyle:
                  C:\ShadowStrike\ShadowStrike\src\Shared_modules\Core\Network\NetworkMonitor.cpp(850,28):
                  'Args={<error type>}'
      C:\ShadowStrike\ShadowStrike\src\Shared_modules\Core\Network\NetworkMonitor.cpp(850,28):
      '(const wchar_t [47], <error type>)' ba─ş─▒ms─▒z de─şi┼şken listesi e┼şlenmeye ├ğal─▒┼ş─▒l─▒rken
  
C:\ShadowStrike\ShadowStrike\src\Shared_modules\Core\Network\DDosProtection.cpp(1129,76): warning C4244: '=': 'unsigned __int64' - 'double' d├Ân├╝┼ş├╝m├╝; veri kayb─▒ olabilir [C:\ShadowStrike\ShadowStrike\ShadowStrike.vcxproj]
  ('/src/Shared_modules/Core/Network/DDosProtection.cpp' kaynak dosyas─▒ derleniyor)
  
C:\ShadowStrike\ShadowStrike\src\Shared_modules\Core\Network\DDosProtection.cpp(1130,76): warning C4244: '=': 'unsigned __int64' - 'double' d├Ân├╝┼ş├╝m├╝; veri kayb─▒ olabilir [C:\ShadowStrike\ShadowStrike\ShadowStrike.vcxproj]
  ('/src/Shared_modules/Core/Network/DDosProtection.cpp' kaynak dosyas─▒ derleniyor)
  
C:\ShadowStrike\ShadowStrike\src\Shared_modules\Core\Network\DDosProtection.cpp(1131,78): warning C4244: '=': 'unsigned __int64' - 'double' d├Ân├╝┼ş├╝m├╝; veri kayb─▒ olabilir [C:\ShadowStrike\ShadowStrike\ShadowStrike.vcxproj]
  ('/src/Shared_modules/Core/Network/DDosProtection.cpp' kaynak dosyas─▒ derleniyor)
  
C:\ShadowStrike\ShadowStrike\src\Shared_modules\Core\Network\DDosProtection.cpp(1132,79): warning C4244: '=': 'unsigned __int64' - 'double' d├Ân├╝┼ş├╝m├╝; veri kayb─▒ olabilir [C:\ShadowStrike\ShadowStrike\ShadowStrike.vcxproj]
  ('/src/Shared_modules/Core/Network/DDosProtection.cpp' kaynak dosyas─▒ derleniyor)
  
C:\ShadowStrike\ShadowStrike\src\Shared_modules\Core\Network\NetworkMonitor.cpp(901,32): error C2665: 'ShadowStrike::Utils::Logger::Warn': hi├ğbir a┼ş─▒r─▒ y├╝klenmi┼ş i┼şlev t├╝m arg├╝man t├╝rlerini d├Ân├╝┼şt├╝remez [C:\ShadowStrike\ShadowStrike\ShadowStrike.vcxproj]
  ('/src/Shared_modules/Core/Network/NetworkMonitor.cpp' kaynak dosyas─▒ derleniyor)
      C:\ShadowStrike\ShadowStrike\src\Shared_modules\Utils\Logger.hpp(278,16):
      'void ShadowStrike::Utils::Logger::Warn<std::wstring,unsigned __int64,_Rep>(std::basic_format_string<char,std::basic_string<wchar_t,std::char_traits<wchar_t>,std::allocator<wchar_t>>,unsigned __int64,__int64>,std::wstring &&,unsigned __int64 &&,_Rep &&)' olabilirdi
          with
          [
              _Rep=__int64
          ]
          C:\ShadowStrike\ShadowStrike\src\Shared_modules\Core\Network\NetworkMonitor.cpp(901,32):
          'void ShadowStrike::Utils::Logger::Warn<std::wstring,unsigned __int64,_Rep>(std::basic_format_string<char,std::basic_string<wchar_t,std::char_traits<wchar_t>,std::allocator<wchar_t>>,unsigned __int64,__int64>,std::wstring &&,unsigned __int64 &&,_Rep &&)' : 1 ba─ş─▒ms─▒z de─şi┼şkeni 'const wchar_t [68]' de─şerinden 'std::basic_format_string<char,std::basic_string<wchar_t,std::char_traits<wchar_t>,std::allocator<wchar_t>>,unsigned __int64,__int64>' de─şerine d├Ân├╝┼şt├╝r├╝lemez
          with
          [
              _Rep=__int64
          ]
              C:\ShadowStrike\ShadowStrike\src\Shared_modules\Core\Network\NetworkMonitor.cpp(901,37):
              'std::basic_format_string<char,std::basic_string<wchar_t,std::char_traits<wchar_t>,std::allocator<wchar_t>>,unsigned __int64,__int64>::basic_format_string': hi├ğbir a┼ş─▒r─▒ y├╝klenmi┼ş i┼şlev t├╝m arg├╝man t├╝rlerini d├Ân├╝┼şt├╝remez
                  C:\Program Files\Microsoft Visual Studio\2022\Community\VC\Tools\MSVC\14.44.35207\include\format(2867,1):
                  'std::basic_format_string<char,std::basic_string<wchar_t,std::char_traits<wchar_t>,std::allocator<wchar_t>>,unsigned __int64,__int64>::basic_format_string(std::basic_format_string<char,std::basic_string<wchar_t,std::char_traits<wchar_t>,std::allocator<wchar_t>>,unsigned __int64,__int64> &&)' olabilirdi
                      C:\ShadowStrike\ShadowStrike\src\Shared_modules\Core\Network\NetworkMonitor.cpp(901,37):
                      'std::basic_format_string<char,std::basic_string<wchar_t,std::char_traits<wchar_t>,std::allocator<wchar_t>>,unsigned __int64,__int64>::basic_format_string(std::basic_format_string<char,std::basic_string<wchar_t,std::char_traits<wchar_t>,std::allocator<wchar_t>>,unsigned __int64,__int64> &&)' : 1 ba─ş─▒ms─▒z de─şi┼şkeni 'const wchar_t [68]' de─şerinden 'std::basic_format_string<char,std::basic_string<wchar_t,std::char_traits<wchar_t>,std::allocator<wchar_t>>,unsigned __int64,__int64> &&' de─şerine d├Ân├╝┼şt├╝r├╝lemez
                          C:\ShadowStrike\ShadowStrike\src\Shared_modules\Core\Network\NetworkMonitor.cpp(901,37):
                          Nedeni: 'const wchar_t [68]' de─şerinden 'std::basic_format_string<char,std::basic_string<wchar_t,std::char_traits<wchar_t>,std::allocator<wchar_t>>,unsigned __int64,__int64>' de─şerine d├Ân├╝┼şt├╝r├╝lemez
                          C:\ShadowStrike\ShadowStrike\src\Shared_modules\Core\Network\NetworkMonitor.cpp(901,37):
                          D├Ân├╝┼şt├╝rme ikinci bir kullan─▒c─▒ tan─▒ml─▒ d├Ân├╝┼şt├╝rme i┼şleci veya olu┼şturucu gerektiriyor
                  C:\Program Files\Microsoft Visual Studio\2022\Community\VC\Tools\MSVC\14.44.35207\include\format(2867,1):
                  veya       'std::basic_format_string<char,std::basic_string<wchar_t,std::char_traits<wchar_t>,std::allocator<wchar_t>>,unsigned __int64,__int64>::basic_format_string(const std::basic_format_string<char,std::basic_string<wchar_t,std::char_traits<wchar_t>,std::allocator<wchar_t>>,unsigned __int64,__int64> &)'
                      C:\ShadowStrike\ShadowStrike\src\Shared_modules\Core\Network\NetworkMonitor.cpp(901,37):
                      'std::basic_format_string<char,std::basic_string<wchar_t,std::char_traits<wchar_t>,std::allocator<wchar_t>>,unsigned __int64,__int64>::basic_format_string(const std::basic_format_string<char,std::basic_string<wchar_t,std::char_traits<wchar_t>,std::allocator<wchar_t>>,unsigned __int64,__int64> &)' : 1 ba─ş─▒ms─▒z de─şi┼şkeni 'const wchar_t [68]' de─şerinden 'const std::basic_format_string<char,std::basic_string<wchar_t,std::char_traits<wchar_t>,std::allocator<wchar_t>>,unsigned __int64,__int64> &' de─şerine d├Ân├╝┼şt├╝r├╝lemez
                          C:\ShadowStrike\ShadowStrike\src\Shared_modules\Core\Network\NetworkMonitor.cpp(901,37):
                          Nedeni: 'const wchar_t [68]' de─şerinden 'const std::basic_format_string<char,std::basic_string<wchar_t,std::char_traits<wchar_t>,std::allocator<wchar_t>>,unsigned __int64,__int64>' de─şerine d├Ân├╝┼şt├╝r├╝lemez
                          C:\ShadowStrike\ShadowStrike\src\Shared_modules\Core\Network\NetworkMonitor.cpp(901,37):
                          D├Ân├╝┼şt├╝rme ikinci bir kullan─▒c─▒ tan─▒ml─▒ d├Ân├╝┼şt├╝rme i┼şleci veya olu┼şturucu gerektiriyor
                  C:\Program Files\Microsoft Visual Studio\2022\Community\VC\Tools\MSVC\14.44.35207\include\format(2850,5):
                  veya       'std::basic_format_string<char,std::basic_string<wchar_t,std::char_traits<wchar_t>,std::allocator<wchar_t>>,unsigned __int64,__int64>::basic_format_string(const _Ty &)'
                  C:\ShadowStrike\ShadowStrike\src\Shared_modules\Core\Network\NetworkMonitor.cpp(901,37):
                  '(const wchar_t [68])' ba─ş─▒ms─▒z de─şi┼şken listesi e┼şlenmeye ├ğal─▒┼ş─▒l─▒rken
      C:\ShadowStrike\ShadowStrike\src\Shared_modules\Core\Network\NetworkMonitor.cpp(901,32):
      '(const wchar_t [68], std::wstring, unsigned __int64, _Rep)' ba─ş─▒ms─▒z de─şi┼şken listesi e┼şlenmeye ├ğal─▒┼ş─▒l─▒rken
          with
          [
              _Rep=__int64
          ]
  
C:\ShadowStrike\ShadowStrike\src\Shared_modules\Core\Process\ProcessMonitor.hpp(128,10): error C1083: i├ğerme dosyas─▒ a├ğ─▒lam─▒yor: '../../Utils/ErrorUtils.hpp': No such file or directory [C:\ShadowStrike\ShadowStrike\ShadowStrike.vcxproj]
  ('/src/Shared_modules/Core/Process/ProcessMonitor.cpp' kaynak dosyas─▒ derleniyor)
  
C:\ShadowStrike\ShadowStrike\src\Shared_modules\Core\Network\BotnetDetector.cpp(278,23): error C2039: 'BotnetDetectorImpl': bir 'ShadowStrike::Core::Network::BotnetDetector' ├╝yesi de─şil [C:\ShadowStrike\ShadowStrike\ShadowStrike.vcxproj]
  ('/src/Shared_modules/Core/Network/BotnetDetector.cpp' kaynak dosyas─▒ derleniyor)
      C:\ShadowStrike\ShadowStrike\src\Shared_modules\Core\Network\BotnetDetector.hpp(768,7):
      'ShadowStrike::Core::Network::BotnetDetector' bildirimine bak─▒n
  
C:\ShadowStrike\ShadowStrike\src\Shared_modules\Core\Network\NetworkMonitor.cpp(931,32): error C2665: 'ShadowStrike::Utils::Logger::Warn': hi├ğbir a┼ş─▒r─▒ y├╝klenmi┼ş i┼şlev t├╝m arg├╝man t├╝rlerini d├Ân├╝┼şt├╝remez [C:\ShadowStrike\ShadowStrike\ShadowStrike.vcxproj]
  ('/src/Shared_modules/Core/Network/NetworkMonitor.cpp' kaynak dosyas─▒ derleniyor)
      C:\ShadowStrike\ShadowStrike\src\Shared_modules\Utils\Logger.hpp(278,16):
      'void ShadowStrike::Utils::Logger::Warn<uint32_t&,uint64_t&>(std::basic_format_string<char,uint32_t &,uint64_t &>,uint32_t &,uint64_t &)' olabilirdi
          C:\ShadowStrike\ShadowStrike\src\Shared_modules\Core\Network\NetworkMonitor.cpp(931,32):
          'void ShadowStrike::Utils::Logger::Warn<uint32_t&,uint64_t&>(std::basic_format_string<char,uint32_t &,uint64_t &>,uint32_t &,uint64_t &)' : 1 ba─ş─▒ms─▒z de─şi┼şkeni 'const wchar_t [66]' de─şerinden 'std::basic_format_string<char,uint32_t &,uint64_t &>' de─şerine d├Ân├╝┼şt├╝r├╝lemez
              C:\ShadowStrike\ShadowStrike\src\Shared_modules\Core\Network\NetworkMonitor.cpp(931,37):
              'std::basic_format_string<char,uint32_t &,uint64_t &>::basic_format_string': hi├ğbir a┼ş─▒r─▒ y├╝klenmi┼ş i┼şlev t├╝m arg├╝man t├╝rlerini d├Ân├╝┼şt├╝remez
                  C:\Program Files\Microsoft Visual Studio\2022\Community\VC\Tools\MSVC\14.44.35207\include\format(2867,1):
                  'std::basic_format_string<char,uint32_t &,uint64_t &>::basic_format_string(std::basic_format_string<char,uint32_t &,uint64_t &> &&)' olabilirdi
                      C:\ShadowStrike\ShadowStrike\src\Shared_modules\Core\Network\NetworkMonitor.cpp(931,37):
                      'std::basic_format_string<char,uint32_t &,uint64_t &>::basic_format_string(std::basic_format_string<char,uint32_t &,uint64_t &> &&)' : 1 ba─ş─▒ms─▒z de─şi┼şkeni 'const wchar_t [66]' de─şerinden 'std::basic_format_string<char,uint32_t &,uint64_t &> &&' de─şerine d├Ân├╝┼şt├╝r├╝lemez
                          C:\ShadowStrike\ShadowStrike\src\Shared_modules\Core\Network\NetworkMonitor.cpp(931,37):
                          Nedeni: 'const wchar_t [66]' de─şerinden 'std::basic_format_string<char,uint32_t &,uint64_t &>' de─şerine d├Ân├╝┼şt├╝r├╝lemez
                          C:\ShadowStrike\ShadowStrike\src\Shared_modules\Core\Network\NetworkMonitor.cpp(931,37):
                          D├Ân├╝┼şt├╝rme ikinci bir kullan─▒c─▒ tan─▒ml─▒ d├Ân├╝┼şt├╝rme i┼şleci veya olu┼şturucu gerektiriyor
                  C:\Program Files\Microsoft Visual Studio\2022\Community\VC\Tools\MSVC\14.44.35207\include\format(2867,1):
                  veya       'std::basic_format_string<char,uint32_t &,uint64_t &>::basic_format_string(const std::basic_format_string<char,uint32_t &,uint64_t &> &)'
                      C:\ShadowStrike\ShadowStrike\src\Shared_modules\Core\Network\NetworkMonitor.cpp(931,37):
                      'std::basic_format_string<char,uint32_t &,uint64_t &>::basic_format_string(const std::basic_format_string<char,uint32_t &,uint64_t &> &)' : 1 ba─ş─▒ms─▒z de─şi┼şkeni 'const wchar_t [66]' de─şerinden 'const std::basic_format_string<char,uint32_t &,uint64_t &> &' de─şerine d├Ân├╝┼şt├╝r├╝lemez
                          C:\ShadowStrike\ShadowStrike\src\Shared_modules\Core\Network\NetworkMonitor.cpp(931,37):
                          Nedeni: 'const wchar_t [66]' de─şerinden 'const std::basic_format_string<char,uint32_t &,uint64_t &>' de─şerine d├Ân├╝┼şt├╝r├╝lemez
                          C:\ShadowStrike\ShadowStrike\src\Shared_modules\Core\Network\NetworkMonitor.cpp(931,37):
                          D├Ân├╝┼şt├╝rme ikinci bir kullan─▒c─▒ tan─▒ml─▒ d├Ân├╝┼şt├╝rme i┼şleci veya olu┼şturucu gerektiriyor
                  C:\Program Files\Microsoft Visual Studio\2022\Community\VC\Tools\MSVC\14.44.35207\include\format(2850,5):
                  veya       'std::basic_format_string<char,uint32_t &,uint64_t &>::basic_format_string(const _Ty &)'
                  C:\ShadowStrike\ShadowStrike\src\Shared_modules\Core\Network\NetworkMonitor.cpp(931,37):
                  '(const wchar_t [66])' ba─ş─▒ms─▒z de─şi┼şken listesi e┼şlenmeye ├ğal─▒┼ş─▒l─▒rken
      C:\ShadowStrike\ShadowStrike\src\Shared_modules\Core\Network\NetworkMonitor.cpp(931,32):
      '(const wchar_t [66], uint32_t, uint64_t)' ba─ş─▒ms─▒z de─şi┼şken listesi e┼şlenmeye ├ğal─▒┼ş─▒l─▒rken
  
C:\ShadowStrike\ShadowStrike\src\Shared_modules\Core\Network\P2PMonitor.cpp(406,13): error C2653: 'Logger': bir s─▒n─▒f veya ad alan─▒ ad─▒ de─şil [C:\ShadowStrike\ShadowStrike\ShadowStrike.vcxproj]
  ('/src/Shared_modules/Core/Network/P2PMonitor.cpp' kaynak dosyas─▒ derleniyor)
  
C:\Program Files\Microsoft Visual Studio\2022\Community\VC\Tools\MSVC\14.44.35207\include\variant(887,21): error C2719: 'unnamed-parameter': istenen 128 hizalanmas─▒na sahip bi├ğimsel parametre hizalanmayacak [C:\ShadowStrike\ShadowStrike\ShadowStrike.vcxproj]
  ('/src/Shared_modules/Core/Network/NetworkMonitor.cpp' kaynak dosyas─▒ derleniyor)
      C:\Program Files\Microsoft Visual Studio\2022\Community\VC\Tools\MSVC\14.44.35207\include\variant(887,21):
      ┼şablon ├Ârne─şi olu┼şturma ba─şlam─▒ (├Ânce en eski olan)
          C:\ShadowStrike\ShadowStrike\src\Shared_modules\Core\Network\NetworkMonitor.cpp(973,18):
          s─▒n─▒f ┼şablon ├╝ye i┼şlevi 'std::variant<ShadowStrike::Core::Network::ConnectionInfo,ShadowStrike::Core::Network::BlockReason,uint64_t,ShadowStrike::Core::Network::ThreatIndicator,uint64_t,ShadowStrike::Core::Network::ApplicationProtocol,std::wstring> &std::variant<ShadowStrike::Core::Network::ConnectionInfo,ShadowStrike::Core::Network::BlockReason,uint64_t,ShadowStrike::Core::Network::ThreatIndicator,uint64_t,ShadowStrike::Core::Network::ApplicationProtocol,std::wstring>::operator =(_Ty &&) noexcept(<expr>)' derlenirken
          C:\ShadowStrike\ShadowStrike\src\Shared_modules\Core\Network\NetworkMonitor.cpp(973,18):
          'std::variant<ShadowStrike::Core::Network::ConnectionInfo,ShadowStrike::Core::Network::BlockReason,uint64_t,ShadowStrike::Core::Network::ThreatIndicator,uint64_t,ShadowStrike::Core::Network::ApplicationProtocol,std::wstring> &std::variant<ShadowStrike::Core::Network::ConnectionInfo,ShadowStrike::Core::Network::BlockReason,uint64_t,ShadowStrike::Core::Network::ThreatIndicator,uint64_t,ShadowStrike::Core::Network::ApplicationProtocol,std::wstring>::operator =(_Ty &&) noexcept(<expr>)' ├Â─şesinin varsay─▒lan ┼şablon ba─ş─▒ms─▒z de─şi┼şkeni i┼şlenirken
          C:\Program Files\Microsoft Visual Studio\2022\Community\VC\Tools\MSVC\14.44.35207\include\variant(951,40):
          derlenen takma ad ┼şablon ├Ârne─şi olu┼şturma 'std::_Variant_init_type<const ShadowStrike::Core::Network::ConnectionInfo&,ShadowStrike::Core::Network::ConnectionInfo,ShadowStrike::Core::Network::BlockReason,uint64_t,ShadowStrike::Core::Network::ThreatIndicator,uint64_t,ShadowStrike::Core::Network::ApplicationProtocol,std::wstring>' ba┼şvurusuna bak─▒n
          C:\Program Files\Microsoft Visual Studio\2022\Community\VC\Tools\MSVC\14.44.35207\include\variant(907,58):
          derlenen s─▒n─▒f ┼şablon ├Ârne─şi olu┼şturma 'std::_Variant_init_overload_set_<std::integer_sequence<size_t,0,1,2,3,4,5,6>,ShadowStrike::Core::Network::ConnectionInfo,ShadowStrike::Core::Network::BlockReason,uint64_t,ShadowStrike::Core::Network::ThreatIndicator,uint64_t,ShadowStrike::Core::Network::ApplicationProtocol,std::wstring>' ba┼şvurusuna bak─▒n
          C:\Program Files\Microsoft Visual Studio\2022\Community\VC\Tools\MSVC\14.44.35207\include\variant(895,7):
          derlenen s─▒n─▒f ┼şablon ├Ârne─şi olu┼şturma 'std::_Variant_init_single_overload<0,ShadowStrike::Core::Network::ConnectionInfo>' ba┼şvurusuna bak─▒n
  
C:\ShadowStrike\ShadowStrike\src\Shared_modules\Core\Network\P2PMonitor.cpp(406,21): error C3861: 'Info': tan─▒mlay─▒c─▒ bulunamad─▒ [C:\ShadowStrike\ShadowStrike\ShadowStrike.vcxproj]
  ('/src/Shared_modules/Core/Network/P2PMonitor.cpp' kaynak dosyas─▒ derleniyor)
  
C:\ShadowStrike\ShadowStrike\src\Shared_modules\Core\Network\P2PMonitor.cpp(412,13): error C2653: 'Logger': bir s─▒n─▒f veya ad alan─▒ ad─▒ de─şil [C:\ShadowStrike\ShadowStrike\ShadowStrike.vcxproj]
  ('/src/Shared_modules/Core/Network/P2PMonitor.cpp' kaynak dosyas─▒ derleniyor)
  
C:\ShadowStrike\ShadowStrike\src\Shared_modules\Core\Network\P2PMonitor.cpp(412,21): error C3861: 'Error': tan─▒mlay─▒c─▒ bulunamad─▒ [C:\ShadowStrike\ShadowStrike\ShadowStrike.vcxproj]
  ('/src/Shared_modules/Core/Network/P2PMonitor.cpp' kaynak dosyas─▒ derleniyor)
  
C:\ShadowStrike\ShadowStrike\src\Shared_modules\Core\Network\P2PMonitor.cpp(422,17): error C2653: 'Logger': bir s─▒n─▒f veya ad alan─▒ ad─▒ de─şil [C:\ShadowStrike\ShadowStrike\ShadowStrike.vcxproj]
  ('/src/Shared_modules/Core/Network/P2PMonitor.cpp' kaynak dosyas─▒ derleniyor)
  
C:\ShadowStrike\ShadowStrike\src\Shared_modules\Core\Network\P2PMonitor.cpp(422,25): error C3861: 'Error': tan─▒mlay─▒c─▒ bulunamad─▒ [C:\ShadowStrike\ShadowStrike\ShadowStrike.vcxproj]
  ('/src/Shared_modules/Core/Network/P2PMonitor.cpp' kaynak dosyas─▒ derleniyor)
  
C:\ShadowStrike\ShadowStrike\src\Shared_modules\Core\Network\P2PMonitor.cpp(427,17): error C2653: 'Logger': bir s─▒n─▒f veya ad alan─▒ ad─▒ de─şil [C:\ShadowStrike\ShadowStrike\ShadowStrike.vcxproj]
  ('/src/Shared_modules/Core/Network/P2PMonitor.cpp' kaynak dosyas─▒ derleniyor)
  
C:\ShadowStrike\ShadowStrike\src\Shared_modules\Core\Network\P2PMonitor.cpp(427,25): error C3861: 'Warn': tan─▒mlay─▒c─▒ bulunamad─▒ [C:\ShadowStrike\ShadowStrike\ShadowStrike.vcxproj]
  ('/src/Shared_modules/Core/Network/P2PMonitor.cpp' kaynak dosyas─▒ derleniyor)
  
C:\ShadowStrike\ShadowStrike\src\Shared_modules\Core\Network\P2PMonitor.cpp(436,13): error C2653: 'Logger': bir s─▒n─▒f veya ad alan─▒ ad─▒ de─şil [C:\ShadowStrike\ShadowStrike\ShadowStrike.vcxproj]
  ('/src/Shared_modules/Core/Network/P2PMonitor.cpp' kaynak dosyas─▒ derleniyor)
  
C:\ShadowStrike\ShadowStrike\src\Shared_modules\Core\Network\P2PMonitor.cpp(436,21): error C3861: 'Info': tan─▒mlay─▒c─▒ bulunamad─▒ [C:\ShadowStrike\ShadowStrike\ShadowStrike.vcxproj]
  ('/src/Shared_modules/Core/Network/P2PMonitor.cpp' kaynak dosyas─▒ derleniyor)
  
C:\ShadowStrike\ShadowStrike\src\Shared_modules\Core\Network\P2PMonitor.cpp(440,13): error C2653: 'Logger': bir s─▒n─▒f veya ad alan─▒ ad─▒ de─şil [C:\ShadowStrike\ShadowStrike\ShadowStrike.vcxproj]
  ('/src/Shared_modules/Core/Network/P2PMonitor.cpp' kaynak dosyas─▒ derleniyor)
  
C:\ShadowStrike\ShadowStrike\src\Shared_modules\Core\Network\P2PMonitor.cpp(440,21): error C3861: 'Error': tan─▒mlay─▒c─▒ bulunamad─▒ [C:\ShadowStrike\ShadowStrike\ShadowStrike.vcxproj]
  ('/src/Shared_modules/Core/Network/P2PMonitor.cpp' kaynak dosyas─▒ derleniyor)
  
C:\ShadowStrike\ShadowStrike\src\Shared_modules\Core\Network\P2PMonitor.cpp(463,13): error C2653: 'Logger': bir s─▒n─▒f veya ad alan─▒ ad─▒ de─şil [C:\ShadowStrike\ShadowStrike\ShadowStrike.vcxproj]
  ('/src/Shared_modules/Core/Network/P2PMonitor.cpp' kaynak dosyas─▒ derleniyor)
  
C:\ShadowStrike\ShadowStrike\src\Shared_modules\Core\Network\P2PMonitor.cpp(463,21): error C3861: 'Info': tan─▒mlay─▒c─▒ bulunamad─▒ [C:\ShadowStrike\ShadowStrike\ShadowStrike.vcxproj]
  ('/src/Shared_modules/Core/Network/P2PMonitor.cpp' kaynak dosyas─▒ derleniyor)
  
C:\ShadowStrike\ShadowStrike\src\Shared_modules\Core\Network\NetworkMonitor.cpp(973,18): error C2679: ikili '=': 'const ShadowStrike::Core::Network::ConnectionInfo' t├╝r├╝nde bir sa─ş taraf i┼şleneni alan hi├ğbir i┼şle├ğ bulunamad─▒ (veya hi├ğ kabul edilebilir d├Ân├╝┼şt├╝rme yok) [C:\ShadowStrike\ShadowStrike\ShadowStrike.vcxproj]
  ('/src/Shared_modules/Core/Network/NetworkMonitor.cpp' kaynak dosyas─▒ derleniyor)
      C:\Program Files\Microsoft Visual Studio\2022\Community\VC\Tools\MSVC\14.44.35207\include\variant(1145,1):
      'std::variant<ShadowStrike::Core::Network::ConnectionInfo,ShadowStrike::Core::Network::BlockReason,uint64_t,ShadowStrike::Core::Network::ThreatIndicator,uint64_t,ShadowStrike::Core::Network::ApplicationProtocol,std::wstring> &std::variant<ShadowStrike::Core::Network::ConnectionInfo,ShadowStrike::Core::Network::BlockReason,uint64_t,ShadowStrike::Core::Network::ThreatIndicator,uint64_t,ShadowStrike::Core::Network::ApplicationProtocol,std::wstring>::operator =(const std::variant<ShadowStrike::Core::Network::ConnectionInfo,ShadowStrike::Core::Network::BlockReason,uint64_t,ShadowStrike::Core::Network::ThreatIndicator,uint64_t,ShadowStrike::Core::Network::ApplicationProtocol,std::wstring> &)' olabilirdi
          C:\ShadowStrike\ShadowStrike\src\Shared_modules\Core\Network\NetworkMonitor.cpp(973,18):
          'std::variant<ShadowStrike::Core::Network::ConnectionInfo,ShadowStrike::Core::Network::BlockReason,uint64_t,ShadowStrike::Core::Network::ThreatIndicator,uint64_t,ShadowStrike::Core::Network::ApplicationProtocol,std::wstring> &std::variant<ShadowStrike::Core::Network::ConnectionInfo,ShadowStrike::Core::Network::BlockReason,uint64_t,ShadowStrike::Core::Network::ThreatIndicator,uint64_t,ShadowStrike::Core::Network::ApplicationProtocol,std::wstring>::operator =(const std::variant<ShadowStrike::Core::Network::ConnectionInfo,ShadowStrike::Core::Network::BlockReason,uint64_t,ShadowStrike::Core::Network::ThreatIndicator,uint64_t,ShadowStrike::Core::Network::ApplicationProtocol,std::wstring> &)' : 2 ba─ş─▒ms─▒z de─şi┼şkeni 'const ShadowStrike::Core::Network::ConnectionInfo' de─şerinden 'const std::variant<ShadowStrike::Core::Network::ConnectionInfo,ShadowStrike::Core::Network::BlockReason,uint64_t,ShadowStrike::Core::Network::ThreatIndicator,uint64_t,ShadowStrike::Core::Network::ApplicationProtocol,std::wstring> &' de─şerine d├Ân├╝┼şt├╝r├╝lemez
              C:\ShadowStrike\ShadowStrike\src\Shared_modules\Core\Network\NetworkMonitor.cpp(973,29):
              Nedeni: 'const ShadowStrike::Core::Network::ConnectionInfo' de─şerinden 'const std::variant<ShadowStrike::Core::Network::ConnectionInfo,ShadowStrike::Core::Network::BlockReason,uint64_t,ShadowStrike::Core::Network::ThreatIndicator,uint64_t,ShadowStrike::Core::Network::ApplicationProtocol,std::wstring>' de─şerine d├Ân├╝┼şt├╝r├╝lemez
              C:\ShadowStrike\ShadowStrike\src\Shared_modules\Core\Network\NetworkMonitor.cpp(973,29):
              Bu d├Ân├╝┼şt├╝rmeyi ger├ğekle┼ştirecek kullan─▒c─▒ tan─▒ml─▒ d├Ân├╝┼şt├╝rme i┼şleci yok veya i┼şle├ğ ├ğa─şr─▒lam─▒yor
      C:\Program Files\Microsoft Visual Studio\2022\Community\VC\Tools\MSVC\14.44.35207\include\variant(994,27):
      veya       'std::variant<ShadowStrike::Core::Network::ConnectionInfo,ShadowStrike::Core::Network::BlockReason,uint64_t,ShadowStrike::Core::Network::ThreatIndicator,uint64_t,ShadowStrike::Core::Network::ApplicationProtocol,std::wstring> &std::variant<ShadowStrike::Core::Network::ConnectionInfo,ShadowStrike::Core::Network::BlockReason,uint64_t,ShadowStrike::Core::Network::ThreatIndicator,uint64_t,ShadowStrike::Core::Network::ApplicationProtocol,std::wstring>::operator =(_Ty &&) noexcept(<expr>)'
          C:\ShadowStrike\ShadowStrike\src\Shared_modules\Core\Network\NetworkMonitor.cpp(973,18):
          'std::variant<ShadowStrike::Core::Network::ConnectionInfo,ShadowStrike::Core::Network::BlockReason,uint64_t,ShadowStrike::Core::Network::ThreatIndicator,uint64_t,ShadowStrike::Core::Network::ApplicationProtocol,std::wstring> &std::variant<ShadowStrike::Core::Network::ConnectionInfo,ShadowStrike::Core::Network::BlockReason,uint64_t,ShadowStrike::Core::Network::ThreatIndicator,uint64_t,ShadowStrike::Core::Network::ApplicationProtocol,std::wstring>::operator =(_Ty &&) noexcept(<expr>)': ┼şablon ba─ş─▒ms─▒z de─şi┼şkeni ('__formal' i├ğin) anla┼ş─▒lamad─▒
              C:\Program Files\Microsoft Visual Studio\2022\Community\VC\Tools\MSVC\14.44.35207\include\variant(951,40):
              'std::_Variant_init_type' : Di─şer ad ┼şablonu ├Âzelle┼ştirilemedi
                  C:\Program Files\Microsoft Visual Studio\2022\Community\VC\Tools\MSVC\14.44.35207\include\variant(915,109):
                  'type': 'std::_Variant_init_helper<void,const ShadowStrike::Core::Network::ConnectionInfo &,ShadowStrike::Core::Network::ConnectionInfo,ShadowStrike::Core::Network::BlockReason,uint64_t,ShadowStrike::Core::Network::ThreatIndicator,uint64_t,ShadowStrike::Core::Network::ApplicationProtocol,std::wstring>' ├Â─şesinin herhangi bir do─şrudan veya dolayl─▒ taban s─▒n─▒f─▒n─▒n ├╝yesi de─şil
      C:\ShadowStrike\ShadowStrike\src\Shared_modules\Core\Network\NetworkMonitor.cpp(973,18):
      '(std::variant<ShadowStrike::Core::Network::ConnectionInfo,ShadowStrike::Core::Network::BlockReason,uint64_t,ShadowStrike::Core::Network::ThreatIndicator,uint64_t,ShadowStrike::Core::Network::ApplicationProtocol,std::wstring>, const ShadowStrike::Core::Network::ConnectionInfo)' ba─ş─▒ms─▒z de─şi┼şken listesi e┼şlenmeye ├ğal─▒┼ş─▒l─▒rken
  
C:\ShadowStrike\ShadowStrike\src\Shared_modules\Core\Network\P2PMonitor.cpp(466,13): error C2653: 'Logger': bir s─▒n─▒f veya ad alan─▒ ad─▒ de─şil [C:\ShadowStrike\ShadowStrike\ShadowStrike.vcxproj]
  ('/src/Shared_modules/Core/Network/P2PMonitor.cpp' kaynak dosyas─▒ derleniyor)
  
C:\ShadowStrike\ShadowStrike\src\Shared_modules\Core\Network\NetworkMonitor.cpp(978,51): error C2039: 'Utf8ToWide': bir 'ShadowStrike::Utils::StringUtils' ├╝yesi de─şil [C:\ShadowStrike\ShadowStrike\ShadowStrike.vcxproj]
  ('/src/Shared_modules/Core/Network/NetworkMonitor.cpp' kaynak dosyas─▒ derleniyor)
      C:\ShadowStrike\ShadowStrike\src\Shared_modules\Utils\StringUtils.hpp(63,19):
      'ShadowStrike::Utils::StringUtils' bildirimine bak─▒n
  
C:\ShadowStrike\ShadowStrike\src\Shared_modules\Core\Network\P2PMonitor.cpp(466,21): error C3861: 'Error': tan─▒mlay─▒c─▒ bulunamad─▒ [C:\ShadowStrike\ShadowStrike\ShadowStrike.vcxproj]
  ('/src/Shared_modules/Core/Network/P2PMonitor.cpp' kaynak dosyas─▒ derleniyor)
  
C:\ShadowStrike\ShadowStrike\src\Shared_modules\Core\Network\NetworkMonitor.cpp(978,51): error C3861: 'Utf8ToWide': tan─▒mlay─▒c─▒ bulunamad─▒ [C:\ShadowStrike\ShadowStrike\ShadowStrike.vcxproj]
  ('/src/Shared_modules/Core/Network/NetworkMonitor.cpp' kaynak dosyas─▒ derleniyor)
  
C:\ShadowStrike\ShadowStrike\src\Shared_modules\Core\Network\P2PMonitor.cpp(490,13): error C2653: 'Logger': bir s─▒n─▒f veya ad alan─▒ ad─▒ de─şil [C:\ShadowStrike\ShadowStrike\ShadowStrike.vcxproj]
  ('/src/Shared_modules/Core/Network/P2PMonitor.cpp' kaynak dosyas─▒ derleniyor)
  
C:\ShadowStrike\ShadowStrike\src\Shared_modules\Core\Network\NetworkMonitor.cpp(977,28): error C2660: 'ShadowStrike::Utils::Logger::Info': i┼şlev 5 ba─ş─▒ms─▒z de─şi┼şken alm─▒yor [C:\ShadowStrike\ShadowStrike\ShadowStrike.vcxproj]
  ('/src/Shared_modules/Core/Network/NetworkMonitor.cpp' kaynak dosyas─▒ derleniyor)
      C:\ShadowStrike\ShadowStrike\src\Shared_modules\Utils\Logger.hpp(265,16):
      'ShadowStrike::Utils::Logger::Info' bildirimine bak─▒n
      C:\ShadowStrike\ShadowStrike\src\Shared_modules\Utils\Logger.hpp(282,16):
      'void ShadowStrike::Utils::Logger::Info(std::basic_format_string<char,type_identity<_Args>::type...>,Args ...)' olabilirdi
          C:\ShadowStrike\ShadowStrike\src\Shared_modules\Core\Network\NetworkMonitor.cpp(977,28):
          'void ShadowStrike::Utils::Logger::Info(std::basic_format_string<char,type_identity<_Args>::type...>,Args ...)' i┼şlev ┼şablonu ├Âzelle┼ştirilemedi
              C:\ShadowStrike\ShadowStrike\src\Shared_modules\Core\Network\NetworkMonitor.cpp(977,28):
              ┼Şu ┼şablon ba─ş─▒ms─▒z de─şi┼şkenleriyle:
                  C:\ShadowStrike\ShadowStrike\src\Shared_modules\Core\Network\NetworkMonitor.cpp(977,28):
                  'Args={<error type>, std::string_view, const std::wstring &, const uint32_t &}'
      C:\ShadowStrike\ShadowStrike\src\Shared_modules\Core\Network\NetworkMonitor.cpp(977,28):
      '(const wchar_t [59], <error type>, std::string_view, const std::wstring, const uint32_t)' ba─ş─▒ms─▒z de─şi┼şken listesi e┼şlenmeye ├ğal─▒┼ş─▒l─▒rken
  
C:\ShadowStrike\ShadowStrike\src\Shared_modules\Core\Network\NetworkMonitor.cpp(986,52): error C2039: 'Utf8ToWide': bir 'ShadowStrike::Utils::StringUtils' ├╝yesi de─şil [C:\ShadowStrike\ShadowStrike\ShadowStrike.vcxproj]
  ('/src/Shared_modules/Core/Network/NetworkMonitor.cpp' kaynak dosyas─▒ derleniyor)
      C:\ShadowStrike\ShadowStrike\src\Shared_modules\Utils\StringUtils.hpp(63,19):
      'ShadowStrike::Utils::StringUtils' bildirimine bak─▒n
  
C:\ShadowStrike\ShadowStrike\src\Shared_modules\Core\Network\P2PMonitor.cpp(490,21): error C3861: 'Info': tan─▒mlay─▒c─▒ bulunamad─▒ [C:\ShadowStrike\ShadowStrike\ShadowStrike.vcxproj]
  ('/src/Shared_modules/Core/Network/P2PMonitor.cpp' kaynak dosyas─▒ derleniyor)
  
C:\ShadowStrike\ShadowStrike\src\Shared_modules\Core\Network\NetworkMonitor.cpp(986,52): error C3861: 'Utf8ToWide': tan─▒mlay─▒c─▒ bulunamad─▒ [C:\ShadowStrike\ShadowStrike\ShadowStrike.vcxproj]
  ('/src/Shared_modules/Core/Network/NetworkMonitor.cpp' kaynak dosyas─▒ derleniyor)
  
C:\ShadowStrike\ShadowStrike\src\Shared_modules\Core\Network\NetworkMonitor.cpp(985,28): error C2660: 'ShadowStrike::Utils::Logger::Error': i┼şlev 2 ba─ş─▒ms─▒z de─şi┼şken alm─▒yor [C:\ShadowStrike\ShadowStrike\ShadowStrike.vcxproj]
  ('/src/Shared_modules/Core/Network/NetworkMonitor.cpp' kaynak dosyas─▒ derleniyor)
      C:\ShadowStrike\ShadowStrike\src\Shared_modules\Utils\Logger.hpp(263,16):
      'ShadowStrike::Utils::Logger::Error' bildirimine bak─▒n
      C:\ShadowStrike\ShadowStrike\src\Shared_modules\Utils\Logger.hpp(274,16):
      'void ShadowStrike::Utils::Logger::Error(std::basic_format_string<char,type_identity<_Args>::type...>,Args ...)' olabilirdi
          C:\ShadowStrike\ShadowStrike\src\Shared_modules\Core\Network\NetworkMonitor.cpp(985,28):
          'void ShadowStrike::Utils::Logger::Error(std::basic_format_string<char,type_identity<_Args>::type...>,Args ...)' i┼şlev ┼şablonu ├Âzelle┼ştirilemedi
              C:\ShadowStrike\ShadowStrike\src\Shared_modules\Core\Network\NetworkMonitor.cpp(985,28):
              ┼Şu ┼şablon ba─ş─▒ms─▒z de─şi┼şkenleriyle:
                  C:\ShadowStrike\ShadowStrike\src\Shared_modules\Core\Network\NetworkMonitor.cpp(985,28):
                  'Args={<error type>}'
      C:\ShadowStrike\ShadowStrike\src\Shared_modules\Core\Network\NetworkMonitor.cpp(985,28):
      '(const wchar_t [51], <error type>)' ba─ş─▒ms─▒z de─şi┼şken listesi e┼şlenmeye ├ğal─▒┼ş─▒l─▒rken
  
C:\ShadowStrike\ShadowStrike\src\Shared_modules\Core\Network\NetworkMonitor.cpp(998,60): error C2039: 'Utf8ToWide': bir 'ShadowStrike::Utils::StringUtils' ├╝yesi de─şil [C:\ShadowStrike\ShadowStrike\ShadowStrike.vcxproj]
  ('/src/Shared_modules/Core/Network/NetworkMonitor.cpp' kaynak dosyas─▒ derleniyor)
      C:\ShadowStrike\ShadowStrike\src\Shared_modules\Utils\StringUtils.hpp(63,19):
      'ShadowStrike::Utils::StringUtils' bildirimine bak─▒n
  
C:\ShadowStrike\ShadowStrike\src\Shared_modules\Core\Network\NetworkMonitor.cpp(998,60): error C3861: 'Utf8ToWide': tan─▒mlay─▒c─▒ bulunamad─▒ [C:\ShadowStrike\ShadowStrike\ShadowStrike.vcxproj]
  ('/src/Shared_modules/Core/Network/NetworkMonitor.cpp' kaynak dosyas─▒ derleniyor)
  
C:\ShadowStrike\ShadowStrike\src\Shared_modules\Core\Network\P2PMonitor.cpp(522,13): error C2653: 'Logger': bir s─▒n─▒f veya ad alan─▒ ad─▒ de─şil [C:\ShadowStrike\ShadowStrike\ShadowStrike.vcxproj]
  ('/src/Shared_modules/Core/Network/P2PMonitor.cpp' kaynak dosyas─▒ derleniyor)
  
C:\ShadowStrike\ShadowStrike\src\Shared_modules\Core\Network\P2PMonitor.cpp(522,21): error C3861: 'Error': tan─▒mlay─▒c─▒ bulunamad─▒ [C:\ShadowStrike\ShadowStrike\ShadowStrike.vcxproj]
  ('/src/Shared_modules/Core/Network/P2PMonitor.cpp' kaynak dosyas─▒ derleniyor)
  
C:\ShadowStrike\ShadowStrike\src\Shared_modules\Core\Network\NetworkMonitor.cpp(997,32): error C2660: 'ShadowStrike::Utils::Logger::Error': i┼şlev 3 ba─ş─▒ms─▒z de─şi┼şken alm─▒yor [C:\ShadowStrike\ShadowStrike\ShadowStrike.vcxproj]
  ('/src/Shared_modules/Core/Network/NetworkMonitor.cpp' kaynak dosyas─▒ derleniyor)
      C:\ShadowStrike\ShadowStrike\src\Shared_modules\Utils\Logger.hpp(263,16):
      'ShadowStrike::Utils::Logger::Error' bildirimine bak─▒n
      C:\ShadowStrike\ShadowStrike\src\Shared_modules\Utils\Logger.hpp(274,16):
      'void ShadowStrike::Utils::Logger::Error(std::basic_format_string<char,type_identity<_Args>::type...>,Args ...)' olabilirdi
          C:\ShadowStrike\ShadowStrike\src\Shared_modules\Core\Network\NetworkMonitor.cpp(997,32):
          'void ShadowStrike::Utils::Logger::Error(std::basic_format_string<char,type_identity<_Args>::type...>,Args ...)' i┼şlev ┼şablonu ├Âzelle┼ştirilemedi
              C:\ShadowStrike\ShadowStrike\src\Shared_modules\Core\Network\NetworkMonitor.cpp(997,32):
              ┼Şu ┼şablon ba─ş─▒ms─▒z de─şi┼şkenleriyle:
                  C:\ShadowStrike\ShadowStrike\src\Shared_modules\Core\Network\NetworkMonitor.cpp(997,32):
                  'Args={const unsigned __int64 &, <error type>}'
      C:\ShadowStrike\ShadowStrike\src\Shared_modules\Core\Network\NetworkMonitor.cpp(997,32):
      '(const wchar_t [51], const unsigned __int64, <error type>)' ba─ş─▒ms─▒z de─şi┼şken listesi e┼şlenmeye ├ğal─▒┼ş─▒l─▒rken
  
C:\ShadowStrike\ShadowStrike\src\Shared_modules\Core\Network\DDosProtection.cpp(1198,55): warning C4267: 'ba─ş─▒ms─▒z de─şi┼şken': 'size_t' - 'const unsigned int' d├Ân├╝┼ş├╝m├╝; veri kayb─▒ olabilir [C:\ShadowStrike\ShadowStrike\ShadowStrike.vcxproj]
  ('/src/Shared_modules/Core/Network/DDosProtection.cpp' kaynak dosyas─▒ derleniyor)
  
C:\ShadowStrike\ShadowStrike\src\Shared_modules\Core\Network\P2PMonitor.cpp(539,13): error C2653: 'Logger': bir s─▒n─▒f veya ad alan─▒ ad─▒ de─şil [C:\ShadowStrike\ShadowStrike\ShadowStrike.vcxproj]
  ('/src/Shared_modules/Core/Network/P2PMonitor.cpp' kaynak dosyas─▒ derleniyor)
  
C:\ShadowStrike\ShadowStrike\src\Shared_modules\Core\Network\P2PMonitor.cpp(539,21): error C3861: 'Error': tan─▒mlay─▒c─▒ bulunamad─▒ [C:\ShadowStrike\ShadowStrike\ShadowStrike.vcxproj]
  ('/src/Shared_modules/Core/Network/P2PMonitor.cpp' kaynak dosyas─▒ derleniyor)
  
C:\ShadowStrike\ShadowStrike\src\Shared_modules\Core\Network\NetworkMonitor.cpp(1010,60): error C2039: 'Utf8ToWide': bir 'ShadowStrike::Utils::StringUtils' ├╝yesi de─şil [C:\ShadowStrike\ShadowStrike\ShadowStrike.vcxproj]
  ('/src/Shared_modules/Core/Network/NetworkMonitor.cpp' kaynak dosyas─▒ derleniyor)
      C:\ShadowStrike\ShadowStrike\src\Shared_modules\Utils\StringUtils.hpp(63,19):
      'ShadowStrike::Utils::StringUtils' bildirimine bak─▒n
  
C:\ShadowStrike\ShadowStrike\src\Shared_modules\Core\Network\P2PMonitor.cpp(558,13): error C2653: 'Logger': bir s─▒n─▒f veya ad alan─▒ ad─▒ de─şil [C:\ShadowStrike\ShadowStrike\ShadowStrike.vcxproj]
  ('/src/Shared_modules/Core/Network/P2PMonitor.cpp' kaynak dosyas─▒ derleniyor)
  
C:\ShadowStrike\ShadowStrike\src\Shared_modules\Core\Network\NetworkMonitor.cpp(1010,60): error C3861: 'Utf8ToWide': tan─▒mlay─▒c─▒ bulunamad─▒ [C:\ShadowStrike\ShadowStrike\ShadowStrike.vcxproj]
  ('/src/Shared_modules/Core/Network/NetworkMonitor.cpp' kaynak dosyas─▒ derleniyor)
  
C:\ShadowStrike\ShadowStrike\src\Shared_modules\Core\Network\P2PMonitor.cpp(558,21): error C3861: 'Error': tan─▒mlay─▒c─▒ bulunamad─▒ [C:\ShadowStrike\ShadowStrike\ShadowStrike.vcxproj]
  ('/src/Shared_modules/Core/Network/P2PMonitor.cpp' kaynak dosyas─▒ derleniyor)
  
C:\ShadowStrike\ShadowStrike\src\Shared_modules\Core\Network\NetworkMonitor.cpp(1009,32): error C2660: 'ShadowStrike::Utils::Logger::Error': i┼şlev 3 ba─ş─▒ms─▒z de─şi┼şken alm─▒yor [C:\ShadowStrike\ShadowStrike\ShadowStrike.vcxproj]
  ('/src/Shared_modules/Core/Network/NetworkMonitor.cpp' kaynak dosyas─▒ derleniyor)
      C:\ShadowStrike\ShadowStrike\src\Shared_modules\Utils\Logger.hpp(263,16):
      'ShadowStrike::Utils::Logger::Error' bildirimine bak─▒n
      C:\ShadowStrike\ShadowStrike\src\Shared_modules\Utils\Logger.hpp(274,16):
      'void ShadowStrike::Utils::Logger::Error(std::basic_format_string<char,type_identity<_Args>::type...>,Args ...)' olabilirdi
          C:\ShadowStrike\ShadowStrike\src\Shared_modules\Core\Network\NetworkMonitor.cpp(1009,32):
          'void ShadowStrike::Utils::Logger::Error(std::basic_format_string<char,type_identity<_Args>::type...>,Args ...)' i┼şlev ┼şablonu ├Âzelle┼ştirilemedi
              C:\ShadowStrike\ShadowStrike\src\Shared_modules\Core\Network\NetworkMonitor.cpp(1009,32):
              ┼Şu ┼şablon ba─ş─▒ms─▒z de─şi┼şkenleriyle:
                  C:\ShadowStrike\ShadowStrike\src\Shared_modules\Core\Network\NetworkMonitor.cpp(1009,32):
                  'Args={const unsigned __int64 &, <error type>}'
      C:\ShadowStrike\ShadowStrike\src\Shared_modules\Core\Network\NetworkMonitor.cpp(1009,32):
      '(const wchar_t [53], const unsigned __int64, <error type>)' ba─ş─▒ms─▒z de─şi┼şken listesi e┼şlenmeye ├ğal─▒┼ş─▒l─▒rken
  
C:\ShadowStrike\ShadowStrike\src\Shared_modules\Core\Network\NetworkMonitor.cpp(1022,60): error C2039: 'Utf8ToWide': bir 'ShadowStrike::Utils::StringUtils' ├╝yesi de─şil [C:\ShadowStrike\ShadowStrike\ShadowStrike.vcxproj]
  ('/src/Shared_modules/Core/Network/NetworkMonitor.cpp' kaynak dosyas─▒ derleniyor)
      C:\ShadowStrike\ShadowStrike\src\Shared_modules\Utils\StringUtils.hpp(63,19):
      'ShadowStrike::Utils::StringUtils' bildirimine bak─▒n
  
C:\ShadowStrike\ShadowStrike\src\Shared_modules\Core\Network\NetworkMonitor.cpp(1022,60): error C3861: 'Utf8ToWide': tan─▒mlay─▒c─▒ bulunamad─▒ [C:\ShadowStrike\ShadowStrike\ShadowStrike.vcxproj]
  ('/src/Shared_modules/Core/Network/NetworkMonitor.cpp' kaynak dosyas─▒ derleniyor)
  
C:\ShadowStrike\ShadowStrike\src\Shared_modules\Core\Network\NetworkMonitor.cpp(1021,32): error C2660: 'ShadowStrike::Utils::Logger::Error': i┼şlev 3 ba─ş─▒ms─▒z de─şi┼şken alm─▒yor [C:\ShadowStrike\ShadowStrike\ShadowStrike.vcxproj]
  ('/src/Shared_modules/Core/Network/NetworkMonitor.cpp' kaynak dosyas─▒ derleniyor)
      C:\ShadowStrike\ShadowStrike\src\Shared_modules\Utils\Logger.hpp(263,16):
      'ShadowStrike::Utils::Logger::Error' bildirimine bak─▒n
      C:\ShadowStrike\ShadowStrike\src\Shared_modules\Utils\Logger.hpp(274,16):
      'void ShadowStrike::Utils::Logger::Error(std::basic_format_string<char,type_identity<_Args>::type...>,Args ...)' olabilirdi
          C:\ShadowStrike\ShadowStrike\src\Shared_modules\Core\Network\NetworkMonitor.cpp(1021,32):
          'void ShadowStrike::Utils::Logger::Error(std::basic_format_string<char,type_identity<_Args>::type...>,Args ...)' i┼şlev ┼şablonu ├Âzelle┼ştirilemedi
              C:\ShadowStrike\ShadowStrike\src\Shared_modules\Core\Network\NetworkMonitor.cpp(1021,32):
              ┼Şu ┼şablon ba─ş─▒ms─▒z de─şi┼şkenleriyle:
                  C:\ShadowStrike\ShadowStrike\src\Shared_modules\Core\Network\NetworkMonitor.cpp(1021,32):
                  'Args={const unsigned __int64 &, <error type>}'
      C:\ShadowStrike\ShadowStrike\src\Shared_modules\Core\Network\NetworkMonitor.cpp(1021,32):
      '(const wchar_t [46], const unsigned __int64, <error type>)' ba─ş─▒ms─▒z de─şi┼şken listesi e┼şlenmeye ├ğal─▒┼ş─▒l─▒rken
  
C:\ShadowStrike\ShadowStrike\src\Shared_modules\Core\Network\NetworkMonitor.cpp(1035,60): error C2039: 'Utf8ToWide': bir 'ShadowStrike::Utils::StringUtils' ├╝yesi de─şil [C:\ShadowStrike\ShadowStrike\ShadowStrike.vcxproj]
  ('/src/Shared_modules/Core/Network/NetworkMonitor.cpp' kaynak dosyas─▒ derleniyor)
      C:\ShadowStrike\ShadowStrike\src\Shared_modules\Utils\StringUtils.hpp(63,19):
      'ShadowStrike::Utils::StringUtils' bildirimine bak─▒n
  
C:\ShadowStrike\ShadowStrike\src\Shared_modules\Core\Network\NetworkMonitor.cpp(1035,60): error C3861: 'Utf8ToWide': tan─▒mlay─▒c─▒ bulunamad─▒ [C:\ShadowStrike\ShadowStrike\ShadowStrike.vcxproj]
  ('/src/Shared_modules/Core/Network/NetworkMonitor.cpp' kaynak dosyas─▒ derleniyor)
  
C:\ShadowStrike\ShadowStrike\src\Shared_modules\Core\Network\NetworkMonitor.cpp(1034,32): error C2660: 'ShadowStrike::Utils::Logger::Error': i┼şlev 3 ba─ş─▒ms─▒z de─şi┼şken alm─▒yor [C:\ShadowStrike\ShadowStrike\ShadowStrike.vcxproj]
  ('/src/Shared_modules/Core/Network/NetworkMonitor.cpp' kaynak dosyas─▒ derleniyor)
      C:\ShadowStrike\ShadowStrike\src\Shared_modules\Utils\Logger.hpp(263,16):
      'ShadowStrike::Utils::Logger::Error' bildirimine bak─▒n
      C:\ShadowStrike\ShadowStrike\src\Shared_modules\Utils\Logger.hpp(274,16):
      'void ShadowStrike::Utils::Logger::Error(std::basic_format_string<char,type_identity<_Args>::type...>,Args ...)' olabilirdi
          C:\ShadowStrike\ShadowStrike\src\Shared_modules\Core\Network\NetworkMonitor.cpp(1034,32):
          'void ShadowStrike::Utils::Logger::Error(std::basic_format_string<char,type_identity<_Args>::type...>,Args ...)' i┼şlev ┼şablonu ├Âzelle┼ştirilemedi
              C:\ShadowStrike\ShadowStrike\src\Shared_modules\Core\Network\NetworkMonitor.cpp(1034,32):
              ┼Şu ┼şablon ba─ş─▒ms─▒z de─şi┼şkenleriyle:
                  C:\ShadowStrike\ShadowStrike\src\Shared_modules\Core\Network\NetworkMonitor.cpp(1034,32):
                  'Args={const unsigned __int64 &, <error type>}'
      C:\ShadowStrike\ShadowStrike\src\Shared_modules\Core\Network\NetworkMonitor.cpp(1034,32):
      '(const wchar_t [47], const unsigned __int64, <error type>)' ba─ş─▒ms─▒z de─şi┼şken listesi e┼şlenmeye ├ğal─▒┼ş─▒l─▒rken
  
C:\ShadowStrike\ShadowStrike\src\Shared_modules\Core\Network\NetworkMonitor.cpp(1046,28): error C2664: 'void ShadowStrike::Utils::Logger::Info(const char *)' : 1 ba─ş─▒ms─▒z de─şi┼şkeni 'const wchar_t [39]' de─şerinden 'const char *' de─şerine d├Ân├╝┼şt├╝r├╝lemez [C:\ShadowStrike\ShadowStrike\ShadowStrike.vcxproj]
  ('/src/Shared_modules/Core/Network/NetworkMonitor.cpp' kaynak dosyas─▒ derleniyor)
      C:\ShadowStrike\ShadowStrike\src\Shared_modules\Core\Network\NetworkMonitor.cpp(1046,33):
      ─░┼şaretlenen t├╝rler ilgisiz; d├Ân├╝┼şt├╝rme reinterpret_cast, C stili t├╝r d├Ân├╝┼şt├╝rme veya parantez i├ğine al─▒nm─▒┼ş i┼şlev stili t├╝r d├Ân├╝┼şt├╝rme gerektiriyor
      C:\ShadowStrike\ShadowStrike\src\Shared_modules\Utils\Logger.hpp(265,16):
      'ShadowStrike::Utils::Logger::Info' bildirimine bak─▒n
      C:\ShadowStrike\ShadowStrike\src\Shared_modules\Utils\Logger.hpp(282,16):
      'void ShadowStrike::Utils::Logger::Info(std::basic_format_string<char,type_identity<_Args>::type...>,Args ...)' olabilirdi
          C:\ShadowStrike\ShadowStrike\src\Shared_modules\Core\Network\NetworkMonitor.cpp(1046,28):
          ili┼şkili k─▒s─▒tlamalar kar┼ş─▒lanmad─▒
              C:\ShadowStrike\ShadowStrike\src\Shared_modules\Utils\Logger.hpp(281,57):
              k─▒s─▒tlama yerine getirilmedi
      C:\ShadowStrike\ShadowStrike\src\Shared_modules\Core\Network\NetworkMonitor.cpp(1046,28):
      '(const wchar_t [39])' ba─ş─▒ms─▒z de─şi┼şken listesi e┼şlenmeye ├ğal─▒┼ş─▒l─▒rken
  
C:\ShadowStrike\ShadowStrike\src\Shared_modules\Core\Network\NetworkMonitor.cpp(1059,28): error C2664: 'void ShadowStrike::Utils::Logger::Info(const char *)' : 1 ba─ş─▒ms─▒z de─şi┼şkeni 'const wchar_t [39]' de─şerinden 'const char *' de─şerine d├Ân├╝┼şt├╝r├╝lemez [C:\ShadowStrike\ShadowStrike\ShadowStrike.vcxproj]
  ('/src/Shared_modules/Core/Network/NetworkMonitor.cpp' kaynak dosyas─▒ derleniyor)
      C:\ShadowStrike\ShadowStrike\src\Shared_modules\Core\Network\NetworkMonitor.cpp(1059,33):
      ─░┼şaretlenen t├╝rler ilgisiz; d├Ân├╝┼şt├╝rme reinterpret_cast, C stili t├╝r d├Ân├╝┼şt├╝rme veya parantez i├ğine al─▒nm─▒┼ş i┼şlev stili t├╝r d├Ân├╝┼şt├╝rme gerektiriyor
      C:\ShadowStrike\ShadowStrike\src\Shared_modules\Utils\Logger.hpp(265,16):
      'ShadowStrike::Utils::Logger::Info' bildirimine bak─▒n
      C:\ShadowStrike\ShadowStrike\src\Shared_modules\Utils\Logger.hpp(282,16):
      'void ShadowStrike::Utils::Logger::Info(std::basic_format_string<char,type_identity<_Args>::type...>,Args ...)' olabilirdi
          C:\ShadowStrike\ShadowStrike\src\Shared_modules\Core\Network\NetworkMonitor.cpp(1059,28):
          ili┼şkili k─▒s─▒tlamalar kar┼ş─▒lanmad─▒
              C:\ShadowStrike\ShadowStrike\src\Shared_modules\Utils\Logger.hpp(281,57):
              k─▒s─▒tlama yerine getirilmedi
      C:\ShadowStrike\ShadowStrike\src\Shared_modules\Core\Network\NetworkMonitor.cpp(1059,28):
      '(const wchar_t [39])' ba─ş─▒ms─▒z de─şi┼şken listesi e┼şlenmeye ├ğal─▒┼ş─▒l─▒rken
  
C:\ShadowStrike\ShadowStrike\src\Shared_modules\Core\Network\NetworkMonitor.cpp(1064,52): error C2039: 'Utf8ToWide': bir 'ShadowStrike::Utils::StringUtils' ├╝yesi de─şil [C:\ShadowStrike\ShadowStrike\ShadowStrike.vcxproj]
  ('/src/Shared_modules/Core/Network/NetworkMonitor.cpp' kaynak dosyas─▒ derleniyor)
      C:\ShadowStrike\ShadowStrike\src\Shared_modules\Utils\StringUtils.hpp(63,19):
      'ShadowStrike::Utils::StringUtils' bildirimine bak─▒n
  
C:\ShadowStrike\ShadowStrike\src\Shared_modules\Core\Network\NetworkMonitor.cpp(1064,52): error C3861: 'Utf8ToWide': tan─▒mlay─▒c─▒ bulunamad─▒ [C:\ShadowStrike\ShadowStrike\ShadowStrike.vcxproj]
  ('/src/Shared_modules/Core/Network/NetworkMonitor.cpp' kaynak dosyas─▒ derleniyor)
  
C:\ShadowStrike\ShadowStrike\src\Shared_modules\Core\Network\NetworkMonitor.cpp(1063,28): error C2660: 'ShadowStrike::Utils::Logger::Error': i┼şlev 2 ba─ş─▒ms─▒z de─şi┼şken alm─▒yor [C:\ShadowStrike\ShadowStrike\ShadowStrike.vcxproj]
  ('/src/Shared_modules/Core/Network/NetworkMonitor.cpp' kaynak dosyas─▒ derleniyor)
      C:\ShadowStrike\ShadowStrike\src\Shared_modules\Utils\Logger.hpp(263,16):
      'ShadowStrike::Utils::Logger::Error' bildirimine bak─▒n
      C:\ShadowStrike\ShadowStrike\src\Shared_modules\Utils\Logger.hpp(274,16):
      'void ShadowStrike::Utils::Logger::Error(std::basic_format_string<char,type_identity<_Args>::type...>,Args ...)' olabilirdi
          C:\ShadowStrike\ShadowStrike\src\Shared_modules\Core\Network\NetworkMonitor.cpp(1063,28):
          'void ShadowStrike::Utils::Logger::Error(std::basic_format_string<char,type_identity<_Args>::type...>,Args ...)' i┼şlev ┼şablonu ├Âzelle┼ştirilemedi
              C:\ShadowStrike\ShadowStrike\src\Shared_modules\Core\Network\NetworkMonitor.cpp(1063,28):
              ┼Şu ┼şablon ba─ş─▒ms─▒z de─şi┼şkenleriyle:
                  C:\ShadowStrike\ShadowStrike\src\Shared_modules\Core\Network\NetworkMonitor.cpp(1063,28):
                  'Args={<error type>}'
      C:\ShadowStrike\ShadowStrike\src\Shared_modules\Core\Network\NetworkMonitor.cpp(1063,28):
      '(const wchar_t [43], <error type>)' ba─ş─▒ms─▒z de─şi┼şken listesi e┼şlenmeye ├ğal─▒┼ş─▒l─▒rken
  
C:\ShadowStrike\ShadowStrike\src\Shared_modules\Core\Network\P2PMonitor.cpp(622,13): error C2653: 'Logger': bir s─▒n─▒f veya ad alan─▒ ad─▒ de─şil [C:\ShadowStrike\ShadowStrike\ShadowStrike.vcxproj]
  ('/src/Shared_modules/Core/Network/P2PMonitor.cpp' kaynak dosyas─▒ derleniyor)
  
C:\ShadowStrike\ShadowStrike\src\Shared_modules\Core\Network\P2PMonitor.cpp(622,21): error C3861: 'Error': tan─▒mlay─▒c─▒ bulunamad─▒ [C:\ShadowStrike\ShadowStrike\ShadowStrike.vcxproj]
  ('/src/Shared_modules/Core/Network/P2PMonitor.cpp' kaynak dosyas─▒ derleniyor)
  
C:\ShadowStrike\ShadowStrike\src\Shared_modules\Core\Network\NetworkMonitor.cpp(1122,52): error C2039: 'Utf8ToWide': bir 'ShadowStrike::Utils::StringUtils' ├╝yesi de─şil [C:\ShadowStrike\ShadowStrike\ShadowStrike.vcxproj]
  ('/src/Shared_modules/Core/Network/NetworkMonitor.cpp' kaynak dosyas─▒ derleniyor)
      C:\ShadowStrike\ShadowStrike\src\Shared_modules\Utils\StringUtils.hpp(63,19):
      'ShadowStrike::Utils::StringUtils' bildirimine bak─▒n
  
C:\ShadowStrike\ShadowStrike\src\Shared_modules\Core\Network\NetworkMonitor.cpp(1122,52): error C3861: 'Utf8ToWide': tan─▒mlay─▒c─▒ bulunamad─▒ [C:\ShadowStrike\ShadowStrike\ShadowStrike.vcxproj]
  ('/src/Shared_modules/Core/Network/NetworkMonitor.cpp' kaynak dosyas─▒ derleniyor)
  
C:\ShadowStrike\ShadowStrike\src\Shared_modules\Core\Network\NetworkMonitor.cpp(1121,28): error C2660: 'ShadowStrike::Utils::Logger::Error': i┼şlev 2 ba─ş─▒ms─▒z de─şi┼şken alm─▒yor [C:\ShadowStrike\ShadowStrike\ShadowStrike.vcxproj]
  PerformanceProfiler.cpp
  ServiceCommunicator.cpp
  ('/src/Shared_modules/Core/Network/NetworkMonitor.cpp' kaynak dosyas─▒ derleniyor)
      C:\ShadowStrike\ShadowStrike\src\Shared_modules\Utils\Logger.hpp(263,16):
      'ShadowStrike::Utils::Logger::Error' bildirimine bak─▒n
      C:\ShadowStrike\ShadowStrike\src\Shared_modules\Utils\Logger.hpp(274,16):
      'void ShadowStrike::Utils::Logger::Error(std::basic_format_string<char,type_identity<_Args>::type...>,Args ...)' olabilirdi
          C:\ShadowStrike\ShadowStrike\src\Shared_modules\Core\Network\NetworkMonitor.cpp(1121,28):
          'void ShadowStrike::Utils::Logger::Error(std::basic_format_string<char,type_identity<_Args>::type...>,Args ...)' i┼şlev ┼şablonu ├Âzelle┼ştirilemedi
              C:\ShadowStrike\ShadowStrike\src\Shared_modules\Core\Network\NetworkMonitor.cpp(1121,28):
              ┼Şu ┼şablon ba─ş─▒ms─▒z de─şi┼şkenleriyle:
                  C:\ShadowStrike\ShadowStrike\src\Shared_modules\Core\Network\NetworkMonitor.cpp(1121,28):
                  'Args={<error type>}'
      C:\ShadowStrike\ShadowStrike\src\Shared_modules\Core\Network\NetworkMonitor.cpp(1121,28):
      '(const wchar_t [36], <error type>)' ba─ş─▒ms─▒z de─şi┼şken listesi e┼şlenmeye ├ğal─▒┼ş─▒l─▒rken
  
C:\ShadowStrike\ShadowStrike\src\Shared_modules\Core\Network\NetworkMonitor.cpp(1150,20): error C2664: 'void ShadowStrike::Utils::Logger::Info(const char *)' : 1 ba─ş─▒ms─▒z de─şi┼şkeni 'const wchar_t [35]' de─şerinden 'const char *' de─şerine d├Ân├╝┼şt├╝r├╝lemez [C:\ShadowStrike\ShadowStrike\ShadowStrike.vcxproj]
  ('/src/Shared_modules/Core/Network/NetworkMonitor.cpp' kaynak dosyas─▒ derleniyor)
      C:\ShadowStrike\ShadowStrike\src\Shared_modules\Core\Network\NetworkMonitor.cpp(1150,25):
      ─░┼şaretlenen t├╝rler ilgisiz; d├Ân├╝┼şt├╝rme reinterpret_cast, C stili t├╝r d├Ân├╝┼şt├╝rme veya parantez i├ğine al─▒nm─▒┼ş i┼şlev stili t├╝r d├Ân├╝┼şt├╝rme gerektiriyor
      C:\ShadowStrike\ShadowStrike\src\Shared_modules\Utils\Logger.hpp(265,16):
      'ShadowStrike::Utils::Logger::Info' bildirimine bak─▒n
      C:\ShadowStrike\ShadowStrike\src\Shared_modules\Utils\Logger.hpp(282,16):
      'void ShadowStrike::Utils::Logger::Info(std::basic_format_string<char,type_identity<_Args>::type...>,Args ...)' olabilirdi
          C:\ShadowStrike\ShadowStrike\src\Shared_modules\Core\Network\NetworkMonitor.cpp(1150,20):
          ili┼şkili k─▒s─▒tlamalar kar┼ş─▒lanmad─▒
              C:\ShadowStrike\ShadowStrike\src\Shared_modules\Utils\Logger.hpp(281,57):
              k─▒s─▒tlama yerine getirilmedi
      C:\ShadowStrike\ShadowStrike\src\Shared_modules\Core\Network\NetworkMonitor.cpp(1150,20):
      '(const wchar_t [35])' ba─ş─▒ms─▒z de─şi┼şken listesi e┼şlenmeye ├ğal─▒┼ş─▒l─▒rken
  
C:\ShadowStrike\ShadowStrike\src\Shared_modules\Core\Network\NetworkMonitor.cpp(1155,20): error C2664: 'void ShadowStrike::Utils::Logger::Info(const char *)' : 1 ba─ş─▒ms─▒z de─şi┼şkeni 'const wchar_t [34]' de─şerinden 'const char *' de─şerine d├Ân├╝┼şt├╝r├╝lemez [C:\ShadowStrike\ShadowStrike\ShadowStrike.vcxproj]
  ('/src/Shared_modules/Core/Network/NetworkMonitor.cpp' kaynak dosyas─▒ derleniyor)
      C:\ShadowStrike\ShadowStrike\src\Shared_modules\Core\Network\NetworkMonitor.cpp(1155,25):
      ─░┼şaretlenen t├╝rler ilgisiz; d├Ân├╝┼şt├╝rme reinterpret_cast, C stili t├╝r d├Ân├╝┼şt├╝rme veya parantez i├ğine al─▒nm─▒┼ş i┼şlev stili t├╝r d├Ân├╝┼şt├╝rme gerektiriyor
      C:\ShadowStrike\ShadowStrike\src\Shared_modules\Utils\Logger.hpp(265,16):
      'ShadowStrike::Utils::Logger::Info' bildirimine bak─▒n
      C:\ShadowStrike\ShadowStrike\src\Shared_modules\Utils\Logger.hpp(282,16):
      'void ShadowStrike::Utils::Logger::Info(std::basic_format_string<char,type_identity<_Args>::type...>,Args ...)' olabilirdi
          C:\ShadowStrike\ShadowStrike\src\Shared_modules\Core\Network\NetworkMonitor.cpp(1155,20):
          ili┼şkili k─▒s─▒tlamalar kar┼ş─▒lanmad─▒
              C:\ShadowStrike\ShadowStrike\src\Shared_modules\Utils\Logger.hpp(281,57):
              k─▒s─▒tlama yerine getirilmedi
      C:\ShadowStrike\ShadowStrike\src\Shared_modules\Core\Network\NetworkMonitor.cpp(1155,20):
      '(const wchar_t [34])' ba─ş─▒ms─▒z de─şi┼şken listesi e┼şlenmeye ├ğal─▒┼ş─▒l─▒rken
  
C:\ShadowStrike\ShadowStrike\src\Shared_modules\Core\Network\P2PMonitor.cpp(642,13): error C2653: 'Logger': bir s─▒n─▒f veya ad alan─▒ ad─▒ de─şil [C:\ShadowStrike\ShadowStrike\ShadowStrike.vcxproj]
  ('/src/Shared_modules/Core/Network/P2PMonitor.cpp' kaynak dosyas─▒ derleniyor)
  
C:\ShadowStrike\ShadowStrike\src\Shared_modules\Core\Network\P2PMonitor.cpp(642,21): error C3861: 'Error': tan─▒mlay─▒c─▒ bulunamad─▒ [C:\ShadowStrike\ShadowStrike\ShadowStrike.vcxproj]
  ('/src/Shared_modules/Core/Network/P2PMonitor.cpp' kaynak dosyas─▒ derleniyor)
  
C:\ShadowStrike\ShadowStrike\src\Shared_modules\Core\Network\NetworkMonitor.cpp(1162,24): error C2664: 'void ShadowStrike::Utils::Logger::Warn(const char *)' : 1 ba─ş─▒ms─▒z de─şi┼şkeni 'const wchar_t [36]' de─şerinden 'const char *' de─şerine d├Ân├╝┼şt├╝r├╝lemez [C:\ShadowStrike\ShadowStrike\ShadowStrike.vcxproj]
  ('/src/Shared_modules/Core/Network/NetworkMonitor.cpp' kaynak dosyas─▒ derleniyor)
      C:\ShadowStrike\ShadowStrike\src\Shared_modules\Core\Network\NetworkMonitor.cpp(1162,29):
      ─░┼şaretlenen t├╝rler ilgisiz; d├Ân├╝┼şt├╝rme reinterpret_cast, C stili t├╝r d├Ân├╝┼şt├╝rme veya parantez i├ğine al─▒nm─▒┼ş i┼şlev stili t├╝r d├Ân├╝┼şt├╝rme gerektiriyor
      C:\ShadowStrike\ShadowStrike\src\Shared_modules\Utils\Logger.hpp(264,16):
      'ShadowStrike::Utils::Logger::Warn' bildirimine bak─▒n
      C:\ShadowStrike\ShadowStrike\src\Shared_modules\Utils\Logger.hpp(278,16):
      'void ShadowStrike::Utils::Logger::Warn(std::basic_format_string<char,type_identity<_Args>::type...>,Args ...)' olabilirdi
          C:\ShadowStrike\ShadowStrike\src\Shared_modules\Core\Network\NetworkMonitor.cpp(1162,24):
          ili┼şkili k─▒s─▒tlamalar kar┼ş─▒lanmad─▒
              C:\ShadowStrike\ShadowStrike\src\Shared_modules\Utils\Logger.hpp(277,57):
              k─▒s─▒tlama yerine getirilmedi
      C:\ShadowStrike\ShadowStrike\src\Shared_modules\Core\Network\NetworkMonitor.cpp(1162,24):
      '(const wchar_t [36])' ba─ş─▒ms─▒z de─şi┼şken listesi e┼şlenmeye ├ğal─▒┼ş─▒l─▒rken
  
C:\ShadowStrike\ShadowStrike\src\Shared_modules\Core\Network\NetworkMonitor.cpp(1176,28): error C2664: 'void ShadowStrike::Utils::Logger::Error(const char *)' : 1 ba─ş─▒ms─▒z de─şi┼şkeni 'const wchar_t [34]' de─şerinden 'const char *' de─şerine d├Ân├╝┼şt├╝r├╝lemez [C:\ShadowStrike\ShadowStrike\ShadowStrike.vcxproj]
  ServiceController.cpp
  ServiceInstaller.cpp
  ServiceMonitor.cpp
  ('/src/Shared_modules/Core/Network/NetworkMonitor.cpp' kaynak dosyas─▒ derleniyor)
      C:\ShadowStrike\ShadowStrike\src\Shared_modules\Core\Network\NetworkMonitor.cpp(1176,34):
      ─░┼şaretlenen t├╝rler ilgisiz; d├Ân├╝┼şt├╝rme reinterpret_cast, C stili t├╝r d├Ân├╝┼şt├╝rme veya parantez i├ğine al─▒nm─▒┼ş i┼şlev stili t├╝r d├Ân├╝┼şt├╝rme gerektiriyor
      C:\ShadowStrike\ShadowStrike\src\Shared_modules\Utils\Logger.hpp(263,16):
      'ShadowStrike::Utils::Logger::Error' bildirimine bak─▒n
      C:\ShadowStrike\ShadowStrike\src\Shared_modules\Utils\Logger.hpp(274,16):
      'void ShadowStrike::Utils::Logger::Error(std::basic_format_string<char,type_identity<_Args>::type...>,Args ...)' olabilirdi
          C:\ShadowStrike\ShadowStrike\src\Shared_modules\Core\Network\NetworkMonitor.cpp(1176,28):
          ili┼şkili k─▒s─▒tlamalar kar┼ş─▒lanmad─▒
              C:\ShadowStrike\ShadowStrike\src\Shared_modules\Utils\Logger.hpp(273,57):
              k─▒s─▒tlama yerine getirilmedi
      C:\ShadowStrike\ShadowStrike\src\Shared_modules\Core\Network\NetworkMonitor.cpp(1176,28):
      '(const wchar_t [34])' ba─ş─▒ms─▒z de─şi┼şken listesi e┼şlenmeye ├ğal─▒┼ş─▒l─▒rken
  
C:\ShadowStrike\ShadowStrike\src\Shared_modules\Core\Network\NetworkMonitor.cpp(1185,24): error C2664: 'void ShadowStrike::Utils::Logger::Info(const char *)' : 1 ba─ş─▒ms─▒z de─şi┼şkeni 'const wchar_t [41]' de─şerinden 'const char *' de─şerine d├Ân├╝┼şt├╝r├╝lemez [C:\ShadowStrike\ShadowStrike\ShadowStrike.vcxproj]
  ('/src/Shared_modules/Core/Network/NetworkMonitor.cpp' kaynak dosyas─▒ derleniyor)
      C:\ShadowStrike\ShadowStrike\src\Shared_modules\Core\Network\NetworkMonitor.cpp(1185,29):
      ─░┼şaretlenen t├╝rler ilgisiz; d├Ân├╝┼şt├╝rme reinterpret_cast, C stili t├╝r d├Ân├╝┼şt├╝rme veya parantez i├ğine al─▒nm─▒┼ş i┼şlev stili t├╝r d├Ân├╝┼şt├╝rme gerektiriyor
      C:\ShadowStrike\ShadowStrike\src\Shared_modules\Utils\Logger.hpp(265,16):
      'ShadowStrike::Utils::Logger::Info' bildirimine bak─▒n
      C:\ShadowStrike\ShadowStrike\src\Shared_modules\Utils\Logger.hpp(282,16):
      'void ShadowStrike::Utils::Logger::Info(std::basic_format_string<char,type_identity<_Args>::type...>,Args ...)' olabilirdi
          C:\ShadowStrike\ShadowStrike\src\Shared_modules\Core\Network\NetworkMonitor.cpp(1185,24):
          ili┼şkili k─▒s─▒tlamalar kar┼ş─▒lanmad─▒
              C:\ShadowStrike\ShadowStrike\src\Shared_modules\Utils\Logger.hpp(281,57):
              k─▒s─▒tlama yerine getirilmedi
      C:\ShadowStrike\ShadowStrike\src\Shared_modules\Core\Network\NetworkMonitor.cpp(1185,24):
      '(const wchar_t [41])' ba─ş─▒ms─▒z de─şi┼şken listesi e┼şlenmeye ├ğal─▒┼ş─▒l─▒rken
  
C:\ShadowStrike\ShadowStrike\src\Shared_modules\Core\Network\NetworkMonitor.cpp(1190,49): error C2039: 'Utf8ToWide': bir 'ShadowStrike::Utils::StringUtils' ├╝yesi de─şil [C:\ShadowStrike\ShadowStrike\ShadowStrike.vcxproj]
  ('/src/Shared_modules/Core/Network/NetworkMonitor.cpp' kaynak dosyas─▒ derleniyor)
      C:\ShadowStrike\ShadowStrike\src\Shared_modules\Utils\StringUtils.hpp(63,19):
      'ShadowStrike::Utils::StringUtils' bildirimine bak─▒n
  
C:\ShadowStrike\ShadowStrike\src\Shared_modules\Core\Network\NetworkMonitor.cpp(1190,49): error C3861: 'Utf8ToWide': tan─▒mlay─▒c─▒ bulunamad─▒ [C:\ShadowStrike\ShadowStrike\ShadowStrike.vcxproj]
  ('/src/Shared_modules/Core/Network/NetworkMonitor.cpp' kaynak dosyas─▒ derleniyor)
  
C:\ShadowStrike\ShadowStrike\src\Shared_modules\Core\Network\P2PMonitor.cpp(658,13): error C2653: 'Logger': bir s─▒n─▒f veya ad alan─▒ ad─▒ de─şil [C:\ShadowStrike\ShadowStrike\ShadowStrike.vcxproj]
  ('/src/Shared_modules/Core/Network/P2PMonitor.cpp' kaynak dosyas─▒ derleniyor)
  
C:\ShadowStrike\ShadowStrike\src\Shared_modules\Core\Network\P2PMonitor.cpp(658,21): error C3861: 'Error': tan─▒mlay─▒c─▒ bulunamad─▒ [C:\ShadowStrike\ShadowStrike\ShadowStrike.vcxproj]
  SignatureBuilder.cpp
  ('/src/Shared_modules/Core/Network/P2PMonitor.cpp' kaynak dosyas─▒ derleniyor)
  
C:\ShadowStrike\ShadowStrike\src\Shared_modules\Core\Network\NetworkMonitor.cpp(1189,24): error C2660: 'ShadowStrike::Utils::Logger::Error': i┼şlev 2 ba─ş─▒ms─▒z de─şi┼şken alm─▒yor [C:\ShadowStrike\ShadowStrike\ShadowStrike.vcxproj]
  ('/src/Shared_modules/Core/Network/NetworkMonitor.cpp' kaynak dosyas─▒ derleniyor)
      C:\ShadowStrike\ShadowStrike\src\Shared_modules\Utils\Logger.hpp(263,16):
      'ShadowStrike::Utils::Logger::Error' bildirimine bak─▒n
      C:\ShadowStrike\ShadowStrike\src\Shared_modules\Utils\Logger.hpp(274,16):
      'void ShadowStrike::Utils::Logger::Error(std::basic_format_string<char,type_identity<_Args>::type...>,Args ...)' olabilirdi
          C:\ShadowStrike\ShadowStrike\src\Shared_modules\Core\Network\NetworkMonitor.cpp(1189,24):
          'void ShadowStrike::Utils::Logger::Error(std::basic_format_string<char,type_identity<_Args>::type...>,Args ...)' i┼şlev ┼şablonu ├Âzelle┼ştirilemedi
              C:\ShadowStrike\ShadowStrike\src\Shared_modules\Core\Network\NetworkMonitor.cpp(1189,24):
              ┼Şu ┼şablon ba─ş─▒ms─▒z de─şi┼şkenleriyle:
                  C:\ShadowStrike\ShadowStrike\src\Shared_modules\Core\Network\NetworkMonitor.cpp(1189,24):
                  'Args={<error type>}'
      C:\ShadowStrike\ShadowStrike\src\Shared_modules\Core\Network\NetworkMonitor.cpp(1189,24):
      '(const wchar_t [43], <error type>)' ba─ş─▒ms─▒z de─şi┼şken listesi e┼şlenmeye ├ğal─▒┼ş─▒l─▒rken
  
C:\ShadowStrike\ShadowStrike\src\Shared_modules\Core\Network\NetworkMonitor.cpp(1199,24): error C2664: 'void ShadowStrike::Utils::Logger::Error(const char *)' : 1 ba─ş─▒ms─▒z de─şi┼şkeni 'const wchar_t [32]' de─şerinden 'const char *' de─şerine d├Ân├╝┼şt├╝r├╝lemez [C:\ShadowStrike\ShadowStrike\ShadowStrike.vcxproj]
  ('/src/Shared_modules/Core/Network/NetworkMonitor.cpp' kaynak dosyas─▒ derleniyor)
      C:\ShadowStrike\ShadowStrike\src\Shared_modules\Core\Network\NetworkMonitor.cpp(1199,30):
      ─░┼şaretlenen t├╝rler ilgisiz; d├Ân├╝┼şt├╝rme reinterpret_cast, C stili t├╝r d├Ân├╝┼şt├╝rme veya parantez i├ğine al─▒nm─▒┼ş i┼şlev stili t├╝r d├Ân├╝┼şt├╝rme gerektiriyor
      C:\ShadowStrike\ShadowStrike\src\Shared_modules\Utils\Logger.hpp(263,16):
      'ShadowStrike::Utils::Logger::Error' bildirimine bak─▒n
      C:\ShadowStrike\ShadowStrike\src\Shared_modules\Utils\Logger.hpp(274,16):
      'void ShadowStrike::Utils::Logger::Error(std::basic_format_string<char,type_identity<_Args>::type...>,Args ...)' olabilirdi
          C:\ShadowStrike\ShadowStrike\src\Shared_modules\Core\Network\NetworkMonitor.cpp(1199,24):
          ili┼şkili k─▒s─▒tlamalar kar┼ş─▒lanmad─▒
              C:\ShadowStrike\ShadowStrike\src\Shared_modules\Utils\Logger.hpp(273,57):
              k─▒s─▒tlama yerine getirilmedi
      C:\ShadowStrike\ShadowStrike\src\Shared_modules\Core\Network\NetworkMonitor.cpp(1199,24):
      '(const wchar_t [32])' ba─ş─▒ms─▒z de─şi┼şken listesi e┼şlenmeye ├ğal─▒┼ş─▒l─▒rken
  
C:\ShadowStrike\ShadowStrike\src\Shared_modules\Core\Network\P2PMonitor.cpp(676,13): error C2653: 'Logger': bir s─▒n─▒f veya ad alan─▒ ad─▒ de─şil [C:\ShadowStrike\ShadowStrike\ShadowStrike.vcxproj]
  ('/src/Shared_modules/Core/Network/P2PMonitor.cpp' kaynak dosyas─▒ derleniyor)
  
C:\ShadowStrike\ShadowStrike\src\Shared_modules\Core\Network\P2PMonitor.cpp(676,21): error C3861: 'Error': tan─▒mlay─▒c─▒ bulunamad─▒ [C:\ShadowStrike\ShadowStrike\ShadowStrike.vcxproj]
  ('/src/Shared_modules/Core/Network/P2PMonitor.cpp' kaynak dosyas─▒ derleniyor)
  
C:\ShadowStrike\ShadowStrike\src\Shared_modules\Core\Network\NetworkMonitor.cpp(1204,24): error C2664: 'void ShadowStrike::Utils::Logger::Warn(const char *)' : 1 ba─ş─▒ms─▒z de─şi┼şkeni 'const wchar_t [32]' de─şerinden 'const char *' de─şerine d├Ân├╝┼şt├╝r├╝lemez [C:\ShadowStrike\ShadowStrike\ShadowStrike.vcxproj]
  ('/src/Shared_modules/Core/Network/NetworkMonitor.cpp' kaynak dosyas─▒ derleniyor)
      C:\ShadowStrike\ShadowStrike\src\Shared_modules\Core\Network\NetworkMonitor.cpp(1204,29):
      ─░┼şaretlenen t├╝rler ilgisiz; d├Ân├╝┼şt├╝rme reinterpret_cast, C stili t├╝r d├Ân├╝┼şt├╝rme veya parantez i├ğine al─▒nm─▒┼ş i┼şlev stili t├╝r d├Ân├╝┼şt├╝rme gerektiriyor
      C:\ShadowStrike\ShadowStrike\src\Shared_modules\Utils\Logger.hpp(264,16):
      'ShadowStrike::Utils::Logger::Warn' bildirimine bak─▒n
      C:\ShadowStrike\ShadowStrike\src\Shared_modules\Utils\Logger.hpp(278,16):
      'void ShadowStrike::Utils::Logger::Warn(std::basic_format_string<char,type_identity<_Args>::type...>,Args ...)' olabilirdi
          C:\ShadowStrike\ShadowStrike\src\Shared_modules\Core\Network\NetworkMonitor.cpp(1204,24):
          ili┼şkili k─▒s─▒tlamalar kar┼ş─▒lanmad─▒
              C:\ShadowStrike\ShadowStrike\src\Shared_modules\Utils\Logger.hpp(277,57):
              k─▒s─▒tlama yerine getirilmedi
      C:\ShadowStrike\ShadowStrike\src\Shared_modules\Core\Network\NetworkMonitor.cpp(1204,24):
      '(const wchar_t [32])' ba─ş─▒ms─▒z de─şi┼şken listesi e┼şlenmeye ├ğal─▒┼ş─▒l─▒rken
  
C:\ShadowStrike\ShadowStrike\src\Shared_modules\Core\Network\P2PMonitor.cpp(700,13): error C2653: 'Logger': bir s─▒n─▒f veya ad alan─▒ ad─▒ de─şil [C:\ShadowStrike\ShadowStrike\ShadowStrike.vcxproj]
  ('/src/Shared_modules/Core/Network/P2PMonitor.cpp' kaynak dosyas─▒ derleniyor)
  
C:\ShadowStrike\ShadowStrike\src\Shared_modules\Core\Network\P2PMonitor.cpp(700,21): error C3861: 'Error': tan─▒mlay─▒c─▒ bulunamad─▒ [C:\ShadowStrike\ShadowStrike\ShadowStrike.vcxproj]
  ('/src/Shared_modules/Core/Network/P2PMonitor.cpp' kaynak dosyas─▒ derleniyor)
  
C:\ShadowStrike\ShadowStrike\src\Shared_modules\Core\Network\NetworkMonitor.cpp(1212,28): error C2664: 'void ShadowStrike::Utils::Logger::Error(const char *)' : 1 ba─ş─▒ms─▒z de─şi┼şkeni 'const wchar_t [44]' de─şerinden 'const char *' de─şerine d├Ân├╝┼şt├╝r├╝lemez [C:\ShadowStrike\ShadowStrike\ShadowStrike.vcxproj]
  ('/src/Shared_modules/Core/Network/NetworkMonitor.cpp' kaynak dosyas─▒ derleniyor)
      C:\ShadowStrike\ShadowStrike\src\Shared_modules\Core\Network\NetworkMonitor.cpp(1212,34):
      ─░┼şaretlenen t├╝rler ilgisiz; d├Ân├╝┼şt├╝rme reinterpret_cast, C stili t├╝r d├Ân├╝┼şt├╝rme veya parantez i├ğine al─▒nm─▒┼ş i┼şlev stili t├╝r d├Ân├╝┼şt├╝rme gerektiriyor
      C:\ShadowStrike\ShadowStrike\src\Shared_modules\Utils\Logger.hpp(263,16):
      'ShadowStrike::Utils::Logger::Error' bildirimine bak─▒n
      C:\ShadowStrike\ShadowStrike\src\Shared_modules\Utils\Logger.hpp(274,16):
      'void ShadowStrike::Utils::Logger::Error(std::basic_format_string<char,type_identity<_Args>::type...>,Args ...)' olabilirdi
          C:\ShadowStrike\ShadowStrike\src\Shared_modules\Core\Network\NetworkMonitor.cpp(1212,28):
          ili┼şkili k─▒s─▒tlamalar kar┼ş─▒lanmad─▒
              C:\ShadowStrike\ShadowStrike\src\Shared_modules\Utils\Logger.hpp(273,57):
              k─▒s─▒tlama yerine getirilmedi
      C:\ShadowStrike\ShadowStrike\src\Shared_modules\Core\Network\NetworkMonitor.cpp(1212,28):
      '(const wchar_t [44])' ba─ş─▒ms─▒z de─şi┼şken listesi e┼şlenmeye ├ğal─▒┼ş─▒l─▒rken
  
C:\ShadowStrike\ShadowStrike\src\Shared_modules\Core\Network\VPNDetector.hpp(198,22): error C2059: s├Âzdizimi hatas─▒: 'sabit' [C:\ShadowStrike\ShadowStrike\ShadowStrike.vcxproj]
  ('/src/Shared_modules/Core/Network/VPNDetector.cpp' kaynak dosyas─▒ derleniyor)
  
C:\ShadowStrike\ShadowStrike\src\Shared_modules\Core\Network\VPNDetector.hpp(295,5): error C2143: s├Âzdizimi hatas─▒: '}' eksik ('sabit' ├Âncesinde) [C:\ShadowStrike\ShadowStrike\ShadowStrike.vcxproj]
  ('/src/Shared_modules/Core/Network/VPNDetector.cpp' kaynak dosyas─▒ derleniyor)
  
C:\ShadowStrike\ShadowStrike\src\Shared_modules\Core\Network\VPNDetector.hpp(295,5): error C2059: s├Âzdizimi hatas─▒: 'sabit' [C:\ShadowStrike\ShadowStrike\ShadowStrike.vcxproj]
  ('/src/Shared_modules/Core/Network/VPNDetector.cpp' kaynak dosyas─▒ derleniyor)
  
C:\ShadowStrike\ShadowStrike\src\Shared_modules\Core\Network\VPNDetector.hpp(298,1): error C2143: s├Âzdizimi hatas─▒: ';' eksik ('}' ├Âncesinde) [C:\ShadowStrike\ShadowStrike\ShadowStrike.vcxproj]
  ('/src/Shared_modules/Core/Network/VPNDetector.cpp' kaynak dosyas─▒ derleniyor)
  
C:\ShadowStrike\ShadowStrike\src\Shared_modules\Core\Network\NetworkMonitor.cpp(1232,28): error C2664: 'void ShadowStrike::Utils::Logger::Error(const char *)' : 1 ba─ş─▒ms─▒z de─şi┼şkeni 'const wchar_t [48]' de─şerinden 'const char *' de─şerine d├Ân├╝┼şt├╝r├╝lemez [C:\ShadowStrike\ShadowStrike\ShadowStrike.vcxproj]
  SignatureIndex_Cache_mngmnt.cpp
  SignatureIndex_COW.cpp
  ('/src/Shared_modules/Core/Network/NetworkMonitor.cpp' kaynak dosyas─▒ derleniyor)
      C:\ShadowStrike\ShadowStrike\src\Shared_modules\Core\Network\NetworkMonitor.cpp(1232,34):
      ─░┼şaretlenen t├╝rler ilgisiz; d├Ân├╝┼şt├╝rme reinterpret_cast, C stili t├╝r d├Ân├╝┼şt├╝rme veya parantez i├ğine al─▒nm─▒┼ş i┼şlev stili t├╝r d├Ân├╝┼şt├╝rme gerektiriyor
      C:\ShadowStrike\ShadowStrike\src\Shared_modules\Utils\Logger.hpp(263,16):
      'ShadowStrike::Utils::Logger::Error' bildirimine bak─▒n
      C:\ShadowStrike\ShadowStrike\src\Shared_modules\Utils\Logger.hpp(274,16):
      'void ShadowStrike::Utils::Logger::Error(std::basic_format_string<char,type_identity<_Args>::type...>,Args ...)' olabilirdi
          C:\ShadowStrike\ShadowStrike\src\Shared_modules\Core\Network\NetworkMonitor.cpp(1232,28):
          ili┼şkili k─▒s─▒tlamalar kar┼ş─▒lanmad─▒
              C:\ShadowStrike\ShadowStrike\src\Shared_modules\Utils\Logger.hpp(273,57):
              k─▒s─▒tlama yerine getirilmedi
      C:\ShadowStrike\ShadowStrike\src\Shared_modules\Core\Network\NetworkMonitor.cpp(1232,28):
      '(const wchar_t [48])' ba─ş─▒ms─▒z de─şi┼şken listesi e┼şlenmeye ├ğal─▒┼ş─▒l─▒rken
  
C:\ShadowStrike\ShadowStrike\src\Shared_modules\Core\Network\VPNDetector.hpp(369,17): error C3646: 'type': bilinmeyen ge├ğersiz k─▒lma belirticisi [C:\ShadowStrike\ShadowStrike\ShadowStrike.vcxproj]
  ('/src/Shared_modules/Core/Network/VPNDetector.cpp' kaynak dosyas─▒ derleniyor)
  
C:\ShadowStrike\ShadowStrike\src\Shared_modules\Core\Network\VPNDetector.hpp(369,21): error C2059: s├Âzdizimi hatas─▒: '{' [C:\ShadowStrike\ShadowStrike\ShadowStrike.vcxproj]
  ('/src/Shared_modules/Core/Network/VPNDetector.cpp' kaynak dosyas─▒ derleniyor)
  
C:\ShadowStrike\ShadowStrike\src\Shared_modules\Core\Network\VPNDetector.hpp(369,21): error C2334: '{' ├Âncesinde beklenmeyen belirte├ğler; g├Âr├╝nen i┼şlev g├Âvdesi atlan─▒yor [C:\ShadowStrike\ShadowStrike\ShadowStrike.vcxproj]
  ('/src/Shared_modules/Core/Network/VPNDetector.cpp' kaynak dosyas─▒ derleniyor)
  
C:\ShadowStrike\ShadowStrike\src\Shared_modules\Core\Network\VPNDetector.hpp(393,17): error C3646: 'vpnProtocol': bilinmeyen ge├ğersiz k─▒lma belirticisi [C:\ShadowStrike\ShadowStrike\ShadowStrike.vcxproj]
  ('/src/Shared_modules/Core/Network/VPNDetector.cpp' kaynak dosyas─▒ derleniyor)
  
C:\ShadowStrike\ShadowStrike\src\Shared_modules\Core\Network\NetworkMonitor.cpp(1236,24): error C2664: 'void ShadowStrike::Utils::Logger::Info(const char *)' : 1 ba─ş─▒ms─▒z de─şi┼şkeni 'const wchar_t [37]' de─şerinden 'const char *' de─şerine d├Ân├╝┼şt├╝r├╝lemez [C:\ShadowStrike\ShadowStrike\ShadowStrike.vcxproj]
  ('/src/Shared_modules/Core/Network/NetworkMonitor.cpp' kaynak dosyas─▒ derleniyor)
      C:\ShadowStrike\ShadowStrike\src\Shared_modules\Core\Network\NetworkMonitor.cpp(1236,29):
      ─░┼şaretlenen t├╝rler ilgisiz; d├Ân├╝┼şt├╝rme reinterpret_cast, C stili t├╝r d├Ân├╝┼şt├╝rme veya parantez i├ğine al─▒nm─▒┼ş i┼şlev stili t├╝r d├Ân├╝┼şt├╝rme gerektiriyor
      C:\ShadowStrike\ShadowStrike\src\Shared_modules\Utils\Logger.hpp(265,16):
      'ShadowStrike::Utils::Logger::Info' bildirimine bak─▒n
      C:\ShadowStrike\ShadowStrike\src\Shared_modules\Utils\Logger.hpp(282,16):
      'void ShadowStrike::Utils::Logger::Info(std::basic_format_string<char,type_identity<_Args>::type...>,Args ...)' olabilirdi
          C:\ShadowStrike\ShadowStrike\src\Shared_modules\Core\Network\NetworkMonitor.cpp(1236,24):
          ili┼şkili k─▒s─▒tlamalar kar┼ş─▒lanmad─▒
              C:\ShadowStrike\ShadowStrike\src\Shared_modules\Utils\Logger.hpp(281,57):
              k─▒s─▒tlama yerine getirilmedi
      C:\ShadowStrike\ShadowStrike\src\Shared_modules\Core\Network\NetworkMonitor.cpp(1236,24):
      '(const wchar_t [37])' ba─ş─▒ms─▒z de─şi┼şken listesi e┼şlenmeye ├ğal─▒┼ş─▒l─▒rken
  
C:\ShadowStrike\ShadowStrike\src\Shared_modules\Core\Network\VPNDetector.hpp(393,28): error C2059: s├Âzdizimi hatas─▒: '{' [C:\ShadowStrike\ShadowStrike\ShadowStrike.vcxproj]
  ('/src/Shared_modules/Core/Network/VPNDetector.cpp' kaynak dosyas─▒ derleniyor)
  
C:\ShadowStrike\ShadowStrike\src\Shared_modules\Core\Network\P2PMonitor.cpp(715,28): error C2039: 'Instance': bir 'ShadowStrike::HashStore' ├╝yesi de─şil [C:\ShadowStrike\ShadowStrike\ShadowStrike.vcxproj]
  ('/src/Shared_modules/Core/Network/P2PMonitor.cpp' kaynak dosyas─▒ derleniyor)
      C:\ShadowStrike\ShadowStrike\src\Shared_modules\HashStore\HashStore.hpp(66,11):
      'ShadowStrike::HashStore' bildirimine bak─▒n
  
C:\ShadowStrike\ShadowStrike\src\Shared_modules\Core\Network\P2PMonitor.cpp(715,28): error C3861: 'Instance': tan─▒mlay─▒c─▒ bulunamad─▒ [C:\ShadowStrike\ShadowStrike\ShadowStrike.vcxproj]
  ('/src/Shared_modules/Core/Network/P2PMonitor.cpp' kaynak dosyas─▒ derleniyor)
  
C:\ShadowStrike\ShadowStrike\src\Shared_modules\Core\Network\VPNDetector.hpp(393,28): error C2334: '{' ├Âncesinde beklenmeyen belirte├ğler; g├Âr├╝nen i┼şlev g├Âvdesi atlan─▒yor [C:\ShadowStrike\ShadowStrike\ShadowStrike.vcxproj]
  ('/src/Shared_modules/Core/Network/VPNDetector.cpp' kaynak dosyas─▒ derleniyor)
  
C:\ShadowStrike\ShadowStrike\src\Shared_modules\Core\Network\NetworkMonitor.cpp(1241,49): error C2039: 'Utf8ToWide': bir 'ShadowStrike::Utils::StringUtils' ├╝yesi de─şil [C:\ShadowStrike\ShadowStrike\ShadowStrike.vcxproj]
  ('/src/Shared_modules/Core/Network/NetworkMonitor.cpp' kaynak dosyas─▒ derleniyor)
      C:\ShadowStrike\ShadowStrike\src\Shared_modules\Utils\StringUtils.hpp(63,19):
      'ShadowStrike::Utils::StringUtils' bildirimine bak─▒n
  
C:\ShadowStrike\ShadowStrike\src\Shared_modules\Core\Network\P2PMonitor.cpp(722,13): error C2653: 'Logger': bir s─▒n─▒f veya ad alan─▒ ad─▒ de─şil [C:\ShadowStrike\ShadowStrike\ShadowStrike.vcxproj]
  ('/src/Shared_modules/Core/Network/P2PMonitor.cpp' kaynak dosyas─▒ derleniyor)
  
C:\ShadowStrike\ShadowStrike\src\Shared_modules\Core\Network\VPNDetector.hpp(394,17): error C3646: 'vpnProvider': bilinmeyen ge├ğersiz k─▒lma belirticisi [C:\ShadowStrike\ShadowStrike\ShadowStrike.vcxproj]
  SignatureIndex_Modification.cpp
  ('/src/Shared_modules/Core/Network/VPNDetector.cpp' kaynak dosyas─▒ derleniyor)
  
C:\ShadowStrike\ShadowStrike\src\Shared_modules\Core\Network\NetworkMonitor.cpp(1241,49): error C3861: 'Utf8ToWide': tan─▒mlay─▒c─▒ bulunamad─▒ [C:\ShadowStrike\ShadowStrike\ShadowStrike.vcxproj]
  ('/src/Shared_modules/Core/Network/NetworkMonitor.cpp' kaynak dosyas─▒ derleniyor)
  
C:\ShadowStrike\ShadowStrike\src\Shared_modules\Core\Network\VPNDetector.hpp(394,28): error C2059: s├Âzdizimi hatas─▒: '{' [C:\ShadowStrike\ShadowStrike\ShadowStrike.vcxproj]
  ('/src/Shared_modules/Core/Network/VPNDetector.cpp' kaynak dosyas─▒ derleniyor)
  
C:\ShadowStrike\ShadowStrike\src\Shared_modules\Core\Network\VPNDetector.hpp(394,28): error C2334: '{' ├Âncesinde beklenmeyen belirte├ğler; g├Âr├╝nen i┼şlev g├Âvdesi atlan─▒yor [C:\ShadowStrike\ShadowStrike\ShadowStrike.vcxproj]
  ('/src/Shared_modules/Core/Network/VPNDetector.cpp' kaynak dosyas─▒ derleniyor)
  
C:\ShadowStrike\ShadowStrike\src\Shared_modules\Core\Network\P2PMonitor.cpp(722,21): error C3861: 'Error': tan─▒mlay─▒c─▒ bulunamad─▒ [C:\ShadowStrike\ShadowStrike\ShadowStrike.vcxproj]
  ('/src/Shared_modules/Core/Network/P2PMonitor.cpp' kaynak dosyas─▒ derleniyor)
  
C:\ShadowStrike\ShadowStrike\src\Shared_modules\Core\Network\VPNDetector.hpp(409,17): error C3646: 'adapterType': bilinmeyen ge├ğersiz k─▒lma belirticisi [C:\ShadowStrike\ShadowStrike\ShadowStrike.vcxproj]
  ('/src/Shared_modules/Core/Network/VPNDetector.cpp' kaynak dosyas─▒ derleniyor)
  
C:\ShadowStrike\ShadowStrike\src\Shared_modules\Core\Network\P2PMonitor.cpp(733,13): error C2653: 'Logger': bir s─▒n─▒f veya ad alan─▒ ad─▒ de─şil [C:\ShadowStrike\ShadowStrike\ShadowStrike.vcxproj]
  ('/src/Shared_modules/Core/Network/P2PMonitor.cpp' kaynak dosyas─▒ derleniyor)
  
C:\ShadowStrike\ShadowStrike\src\Shared_modules\Core\Network\VPNDetector.hpp(409,28): error C2059: s├Âzdizimi hatas─▒: '{' [C:\ShadowStrike\ShadowStrike\ShadowStrike.vcxproj]
  ('/src/Shared_modules/Core/Network/VPNDetector.cpp' kaynak dosyas─▒ derleniyor)
  
C:\ShadowStrike\ShadowStrike\src\Shared_modules\Core\Network\P2PMonitor.cpp(733,21): error C3861: 'Critical': tan─▒mlay─▒c─▒ bulunamad─▒ [C:\ShadowStrike\ShadowStrike\ShadowStrike.vcxproj]
  ('/src/Shared_modules/Core/Network/P2PMonitor.cpp' kaynak dosyas─▒ derleniyor)
  
C:\ShadowStrike\ShadowStrike\src\Shared_modules\Core\Network\VPNDetector.hpp(409,28): error C2334: '{' ├Âncesinde beklenmeyen belirte├ğler; g├Âr├╝nen i┼şlev g├Âvdesi atlan─▒yor [C:\ShadowStrike\ShadowStrike\ShadowStrike.vcxproj]
  ('/src/Shared_modules/Core/Network/VPNDetector.cpp' kaynak dosyas─▒ derleniyor)
  
C:\ShadowStrike\ShadowStrike\src\Shared_modules\Core\Network\NetworkMonitor.cpp(1240,24): error C2660: 'ShadowStrike::Utils::Logger::Error': i┼şlev 2 ba─ş─▒ms─▒z de─şi┼şken alm─▒yor [C:\ShadowStrike\ShadowStrike\ShadowStrike.vcxproj]
  ('/src/Shared_modules/Core/Network/NetworkMonitor.cpp' kaynak dosyas─▒ derleniyor)
      C:\ShadowStrike\ShadowStrike\src\Shared_modules\Utils\Logger.hpp(263,16):
      'ShadowStrike::Utils::Logger::Error' bildirimine bak─▒n
      C:\ShadowStrike\ShadowStrike\src\Shared_modules\Utils\Logger.hpp(274,16):
      'void ShadowStrike::Utils::Logger::Error(std::basic_format_string<char,type_identity<_Args>::type...>,Args ...)' olabilirdi
          C:\ShadowStrike\ShadowStrike\src\Shared_modules\Core\Network\NetworkMonitor.cpp(1240,24):
          'void ShadowStrike::Utils::Logger::Error(std::basic_format_string<char,type_identity<_Args>::type...>,Args ...)' i┼şlev ┼şablonu ├Âzelle┼ştirilemedi
              C:\ShadowStrike\ShadowStrike\src\Shared_modules\Core\Network\NetworkMonitor.cpp(1240,24):
              ┼Şu ┼şablon ba─ş─▒ms─▒z de─şi┼şkenleriyle:
                  C:\ShadowStrike\ShadowStrike\src\Shared_modules\Core\Network\NetworkMonitor.cpp(1240,24):
                  'Args={<error type>}'
      C:\ShadowStrike\ShadowStrike\src\Shared_modules\Core\Network\NetworkMonitor.cpp(1240,24):
      '(const wchar_t [34], <error type>)' ba─ş─▒ms─▒z de─şi┼şken listesi e┼şlenmeye ├ğal─▒┼ş─▒l─▒rken
  
C:\ShadowStrike\ShadowStrike\src\Shared_modules\Core\Network\P2PMonitor.cpp(739,13): error C2653: 'Logger': bir s─▒n─▒f veya ad alan─▒ ad─▒ de─şil [C:\ShadowStrike\ShadowStrike\ShadowStrike.vcxproj]
  ('/src/Shared_modules/Core/Network/P2PMonitor.cpp' kaynak dosyas─▒ derleniyor)
  
C:\ShadowStrike\ShadowStrike\src\Shared_modules\Core\Network\VPNDetector.hpp(412,17): error C3646: 'protocol': bilinmeyen ge├ğersiz k─▒lma belirticisi [C:\ShadowStrike\ShadowStrike\ShadowStrike.vcxproj]
  ('/src/Shared_modules/Core/Network/VPNDetector.cpp' kaynak dosyas─▒ derleniyor)
  
C:\ShadowStrike\ShadowStrike\src\Shared_modules\Core\Network\VPNDetector.hpp(412,25): error C2059: s├Âzdizimi hatas─▒: '{' [C:\ShadowStrike\ShadowStrike\ShadowStrike.vcxproj]
  ('/src/Shared_modules/Core/Network/VPNDetector.cpp' kaynak dosyas─▒ derleniyor)
  
C:\ShadowStrike\ShadowStrike\src\Shared_modules\Core\Network\P2PMonitor.cpp(739,21): error C3861: 'Error': tan─▒mlay─▒c─▒ bulunamad─▒ [C:\ShadowStrike\ShadowStrike\ShadowStrike.vcxproj]
  ('/src/Shared_modules/Core/Network/P2PMonitor.cpp' kaynak dosyas─▒ derleniyor)
  
C:\ShadowStrike\ShadowStrike\src\Shared_modules\Core\Network\VPNDetector.hpp(412,25): error C2334: '{' ├Âncesinde beklenmeyen belirte├ğler; g├Âr├╝nen i┼şlev g├Âvdesi atlan─▒yor [C:\ShadowStrike\ShadowStrike\ShadowStrike.vcxproj]
  ('/src/Shared_modules/Core/Network/VPNDetector.cpp' kaynak dosyas─▒ derleniyor)
  
C:\ShadowStrike\ShadowStrike\src\Shared_modules\Core\Network\VPNDetector.hpp(416,17): error C3646: 'provider': bilinmeyen ge├ğersiz k─▒lma belirticisi [C:\ShadowStrike\ShadowStrike\ShadowStrike.vcxproj]
  ('/src/Shared_modules/Core/Network/VPNDetector.cpp' kaynak dosyas─▒ derleniyor)
  
C:\ShadowStrike\ShadowStrike\src\Shared_modules\Core\Network\VPNDetector.hpp(416,25): error C2059: s├Âzdizimi hatas─▒: '{' [C:\ShadowStrike\ShadowStrike\ShadowStrike.vcxproj]
  ('/src/Shared_modules/Core/Network/VPNDetector.cpp' kaynak dosyas─▒ derleniyor)
  
C:\ShadowStrike\ShadowStrike\src\Shared_modules\Core\Network\TorDetector.cpp(350,19): error C3083: 'TorDetectorImpl': '::' i┼şlecinin sonundaki simge bir t├╝r olmal─▒d─▒r [C:\ShadowStrike\ShadowStrike\ShadowStrike.vcxproj]
  ('/src/Shared_modules/Core/Network/TorDetector.cpp' kaynak dosyas─▒ derleniyor)
  
C:\ShadowStrike\ShadowStrike\src\Shared_modules\Core\Network\VPNDetector.hpp(416,25): error C2334: '{' ├Âncesinde beklenmeyen belirte├ğler; g├Âr├╝nen i┼şlev g├Âvdesi atlan─▒yor [C:\ShadowStrike\ShadowStrike\ShadowStrike.vcxproj]
  SignatureIndex_Query.cpp
  ('/src/Shared_modules/Core/Network/VPNDetector.cpp' kaynak dosyas─▒ derleniyor)
  
C:\ShadowStrike\ShadowStrike\src\Shared_modules\Core\Network\NetworkMonitor.cpp(1255,24): error C2664: 'void ShadowStrike::Utils::Logger::Info(const char *)' : 1 ba─ş─▒ms─▒z de─şi┼şkeni 'const wchar_t [24]' de─şerinden 'const char *' de─şerine d├Ân├╝┼şt├╝r├╝lemez [C:\ShadowStrike\ShadowStrike\ShadowStrike.vcxproj]
  ('/src/Shared_modules/Core/Network/NetworkMonitor.cpp' kaynak dosyas─▒ derleniyor)
      C:\ShadowStrike\ShadowStrike\src\Shared_modules\Core\Network\NetworkMonitor.cpp(1255,29):
      ─░┼şaretlenen t├╝rler ilgisiz; d├Ân├╝┼şt├╝rme reinterpret_cast, C stili t├╝r d├Ân├╝┼şt├╝rme veya parantez i├ğine al─▒nm─▒┼ş i┼şlev stili t├╝r d├Ân├╝┼şt├╝rme gerektiriyor
      C:\ShadowStrike\ShadowStrike\src\Shared_modules\Utils\Logger.hpp(265,16):
      'ShadowStrike::Utils::Logger::Info' bildirimine bak─▒n
      C:\ShadowStrike\ShadowStrike\src\Shared_modules\Utils\Logger.hpp(282,16):
      'void ShadowStrike::Utils::Logger::Info(std::basic_format_string<char,type_identity<_Args>::type...>,Args ...)' olabilirdi
          C:\ShadowStrike\ShadowStrike\src\Shared_modules\Core\Network\NetworkMonitor.cpp(1255,24):
          ili┼şkili k─▒s─▒tlamalar kar┼ş─▒lanmad─▒
              C:\ShadowStrike\ShadowStrike\src\Shared_modules\Utils\Logger.hpp(281,57):
              k─▒s─▒tlama yerine getirilmedi
      C:\ShadowStrike\ShadowStrike\src\Shared_modules\Core\Network\NetworkMonitor.cpp(1255,24):
      '(const wchar_t [24])' ba─ş─▒ms─▒z de─şi┼şken listesi e┼şlenmeye ├ğal─▒┼ş─▒l─▒rken
  
C:\ShadowStrike\ShadowStrike\src\Shared_modules\Core\Network\TorDetector.cpp(350,36): error C2382: 'ShadowStrike::Core::Network::TorDetector::Initialize': yeniden tan─▒mlama; ├Âzel durum ├Âzellikleri farkl─▒ [C:\ShadowStrike\ShadowStrike\ShadowStrike.vcxproj]
  ('/src/Shared_modules/Core/Network/TorDetector.cpp' kaynak dosyas─▒ derleniyor)
      C:\ShadowStrike\ShadowStrike\src\Shared_modules\Core\Network\TorDetector.hpp(676,10):
      'ShadowStrike::Core::Network::TorDetector::Initialize' bildirimine bak─▒n
  
C:\ShadowStrike\ShadowStrike\src\Shared_modules\Core\Network\TorDetector.cpp(352,13): error C2065: 'm_initialized': bildirimi yap─▒lmam─▒┼ş tan─▒mlay─▒c─▒ [C:\ShadowStrike\ShadowStrike\ShadowStrike.vcxproj]
  ('/src/Shared_modules/Core/Network/TorDetector.cpp' kaynak dosyas─▒ derleniyor)
  
C:\ShadowStrike\ShadowStrike\src\Shared_modules\Core\Network\NetworkMonitor.cpp(1259,49): error C2039: 'Utf8ToWide': bir 'ShadowStrike::Utils::StringUtils' ├╝yesi de─şil [C:\ShadowStrike\ShadowStrike\ShadowStrike.vcxproj]
  ('/src/Shared_modules/Core/Network/NetworkMonitor.cpp' kaynak dosyas─▒ derleniyor)
      C:\ShadowStrike\ShadowStrike\src\Shared_modules\Utils\StringUtils.hpp(63,19):
      'ShadowStrike::Utils::StringUtils' bildirimine bak─▒n
  
C:\ShadowStrike\ShadowStrike\src\Shared_modules\Core\Network\NetworkMonitor.cpp(1259,49): error C3861: 'Utf8ToWide': tan─▒mlay─▒c─▒ bulunamad─▒ [C:\ShadowStrike\ShadowStrike\ShadowStrike.vcxproj]
  ('/src/Shared_modules/Core/Network/NetworkMonitor.cpp' kaynak dosyas─▒ derleniyor)
  
C:\ShadowStrike\ShadowStrike\src\Shared_modules\Core\Network\NetworkMonitor.cpp(1258,24): error C2660: 'ShadowStrike::Utils::Logger::Error': i┼şlev 2 ba─ş─▒ms─▒z de─şi┼şken alm─▒yor [C:\ShadowStrike\ShadowStrike\ShadowStrike.vcxproj]
  ('/src/Shared_modules/Core/Network/NetworkMonitor.cpp' kaynak dosyas─▒ derleniyor)
      C:\ShadowStrike\ShadowStrike\src\Shared_modules\Utils\Logger.hpp(263,16):
      'ShadowStrike::Utils::Logger::Error' bildirimine bak─▒n
      C:\ShadowStrike\ShadowStrike\src\Shared_modules\Utils\Logger.hpp(274,16):
      'void ShadowStrike::Utils::Logger::Error(std::basic_format_string<char,type_identity<_Args>::type...>,Args ...)' olabilirdi
          C:\ShadowStrike\ShadowStrike\src\Shared_modules\Core\Network\NetworkMonitor.cpp(1258,24):
          'void ShadowStrike::Utils::Logger::Error(std::basic_format_string<char,type_identity<_Args>::type...>,Args ...)' i┼şlev ┼şablonu ├Âzelle┼ştirilemedi
              C:\ShadowStrike\ShadowStrike\src\Shared_modules\Core\Network\NetworkMonitor.cpp(1258,24):
              ┼Şu ┼şablon ba─ş─▒ms─▒z de─şi┼şkenleriyle:
                  C:\ShadowStrike\ShadowStrike\src\Shared_modules\Core\Network\NetworkMonitor.cpp(1258,24):
                  'Args={<error type>}'
      C:\ShadowStrike\ShadowStrike\src\Shared_modules\Core\Network\NetworkMonitor.cpp(1258,24):
      '(const wchar_t [33], <error type>)' ba─ş─▒ms─▒z de─şi┼şken listesi e┼şlenmeye ├ğal─▒┼ş─▒l─▒rken
  
C:\ShadowStrike\ShadowStrike\src\Shared_modules\Core\Network\TorDetector.cpp(353,28): error C2664: 'void ShadowStrike::Utils::Logger::Warn(const char *)' : 1 ba─ş─▒ms─▒z de─şi┼şkeni 'const wchar_t [33]' de─şerinden 'const char *' de─şerine d├Ân├╝┼şt├╝r├╝lemez [C:\ShadowStrike\ShadowStrike\ShadowStrike.vcxproj]
  ('/src/Shared_modules/Core/Network/TorDetector.cpp' kaynak dosyas─▒ derleniyor)
      C:\ShadowStrike\ShadowStrike\src\Shared_modules\Core\Network\TorDetector.cpp(353,33):
      ─░┼şaretlenen t├╝rler ilgisiz; d├Ân├╝┼şt├╝rme reinterpret_cast, C stili t├╝r d├Ân├╝┼şt├╝rme veya parantez i├ğine al─▒nm─▒┼ş i┼şlev stili t├╝r d├Ân├╝┼şt├╝rme gerektiriyor
      C:\ShadowStrike\ShadowStrike\src\Shared_modules\Utils\Logger.hpp(264,16):
      'ShadowStrike::Utils::Logger::Warn' bildirimine bak─▒n
      C:\ShadowStrike\ShadowStrike\src\Shared_modules\Utils\Logger.hpp(278,16):
      'void ShadowStrike::Utils::Logger::Warn(std::basic_format_string<char,type_identity<_Args>::type...>,Args ...)' olabilirdi
          C:\ShadowStrike\ShadowStrike\src\Shared_modules\Core\Network\TorDetector.cpp(353,28):
          ili┼şkili k─▒s─▒tlamalar kar┼ş─▒lanmad─▒
              C:\ShadowStrike\ShadowStrike\src\Shared_modules\Utils\Logger.hpp(277,57):
              k─▒s─▒tlama yerine getirilmedi
      C:\ShadowStrike\ShadowStrike\src\Shared_modules\Core\Network\TorDetector.cpp(353,28):
      '(const wchar_t [33])' ba─ş─▒ms─▒z de─şi┼şken listesi e┼şlenmeye ├ğal─▒┼ş─▒l─▒rken
  
C:\ShadowStrike\ShadowStrike\src\Shared_modules\Core\Network\TorDetector.cpp(357,24): error C2664: 'void ShadowStrike::Utils::Logger::Info(const char *)' : 1 ba─ş─▒ms─▒z de─şi┼şkeni 'const wchar_t [29]' de─şerinden 'const char *' de─şerine d├Ân├╝┼şt├╝r├╝lemez [C:\ShadowStrike\ShadowStrike\ShadowStrike.vcxproj]
  ('/src/Shared_modules/Core/Network/TorDetector.cpp' kaynak dosyas─▒ derleniyor)
      C:\ShadowStrike\ShadowStrike\src\Shared_modules\Core\Network\TorDetector.cpp(357,29):
      ─░┼şaretlenen t├╝rler ilgisiz; d├Ân├╝┼şt├╝rme reinterpret_cast, C stili t├╝r d├Ân├╝┼şt├╝rme veya parantez i├ğine al─▒nm─▒┼ş i┼şlev stili t├╝r d├Ân├╝┼şt├╝rme gerektiriyor
      C:\ShadowStrike\ShadowStrike\src\Shared_modules\Utils\Logger.hpp(265,16):
      'ShadowStrike::Utils::Logger::Info' bildirimine bak─▒n
      C:\ShadowStrike\ShadowStrike\src\Shared_modules\Utils\Logger.hpp(282,16):
      'void ShadowStrike::Utils::Logger::Info(std::basic_format_string<char,type_identity<_Args>::type...>,Args ...)' olabilirdi
          C:\ShadowStrike\ShadowStrike\src\Shared_modules\Core\Network\TorDetector.cpp(357,24):
          ili┼şkili k─▒s─▒tlamalar kar┼ş─▒lanmad─▒
              C:\ShadowStrike\ShadowStrike\src\Shared_modules\Utils\Logger.hpp(281,57):
              k─▒s─▒tlama yerine getirilmedi
      C:\ShadowStrike\ShadowStrike\src\Shared_modules\Core\Network\TorDetector.cpp(357,24):
      '(const wchar_t [29])' ba─ş─▒ms─▒z de─şi┼şken listesi e┼şlenmeye ├ğal─▒┼ş─▒l─▒rken
  
C:\ShadowStrike\ShadowStrike\src\Shared_modules\Core\Network\TorDetector.cpp(359,9): error C2065: 'm_config': bildirimi yap─▒lmam─▒┼ş tan─▒mlay─▒c─▒ [C:\ShadowStrike\ShadowStrike\ShadowStrike.vcxproj]
  ('/src/Shared_modules/Core/Network/TorDetector.cpp' kaynak dosyas─▒ derleniyor)
  
C:\ShadowStrike\ShadowStrike\src\Shared_modules\Core\Network\TorDetector.cpp(362,9): error C2065: 'm_threatIntel': bildirimi yap─▒lmam─▒┼ş tan─▒mlay─▒c─▒ [C:\ShadowStrike\ShadowStrike\ShadowStrike.vcxproj]
  ('/src/Shared_modules/Core/Network/TorDetector.cpp' kaynak dosyas─▒ derleniyor)
  
C:\ShadowStrike\ShadowStrike\src\Shared_modules\Core\Network\NetworkMonitor.cpp(1317,24): error C2664: 'void ShadowStrike::Utils::Logger::Info(const char *)' : 1 ba─ş─▒ms─▒z de─şi┼şkeni 'const wchar_t [34]' de─şerinden 'const char *' de─şerine d├Ân├╝┼şt├╝r├╝lemez [C:\ShadowStrike\ShadowStrike\ShadowStrike.vcxproj]
  ('/src/Shared_modules/Core/Network/NetworkMonitor.cpp' kaynak dosyas─▒ derleniyor)
      C:\ShadowStrike\ShadowStrike\src\Shared_modules\Core\Network\NetworkMonitor.cpp(1317,29):
      ─░┼şaretlenen t├╝rler ilgisiz; d├Ân├╝┼şt├╝rme reinterpret_cast, C stili t├╝r d├Ân├╝┼şt├╝rme veya parantez i├ğine al─▒nm─▒┼ş i┼şlev stili t├╝r d├Ân├╝┼şt├╝rme gerektiriyor
      C:\ShadowStrike\ShadowStrike\src\Shared_modules\Utils\Logger.hpp(265,16):
      'ShadowStrike::Utils::Logger::Info' bildirimine bak─▒n
      C:\ShadowStrike\ShadowStrike\src\Shared_modules\Utils\Logger.hpp(282,16):
      'void ShadowStrike::Utils::Logger::Info(std::basic_format_string<char,type_identity<_Args>::type...>,Args ...)' olabilirdi
          C:\ShadowStrike\ShadowStrike\src\Shared_modules\Core\Network\NetworkMonitor.cpp(1317,24):
          ili┼şkili k─▒s─▒tlamalar kar┼ş─▒lanmad─▒
              C:\ShadowStrike\ShadowStrike\src\Shared_modules\Utils\Logger.hpp(281,57):
              k─▒s─▒tlama yerine getirilmedi
      C:\ShadowStrike\ShadowStrike\src\Shared_modules\Core\Network\NetworkMonitor.cpp(1317,24):
      '(const wchar_t [34])' ba─ş─▒ms─▒z de─şi┼şken listesi e┼şlenmeye ├ğal─▒┼ş─▒l─▒rken
  
C:\ShadowStrike\ShadowStrike\src\Shared_modules\Core\Network\NetworkMonitor.cpp(1321,49): error C2039: 'Utf8ToWide': bir 'ShadowStrike::Utils::StringUtils' ├╝yesi de─şil [C:\ShadowStrike\ShadowStrike\ShadowStrike.vcxproj]
  ('/src/Shared_modules/Core/Network/NetworkMonitor.cpp' kaynak dosyas─▒ derleniyor)
      C:\ShadowStrike\ShadowStrike\src\Shared_modules\Utils\StringUtils.hpp(63,19):
      'ShadowStrike::Utils::StringUtils' bildirimine bak─▒n
  
C:\ShadowStrike\ShadowStrike\src\Shared_modules\Core\Network\NetworkMonitor.cpp(1321,49): error C3861: 'Utf8ToWide': tan─▒mlay─▒c─▒ bulunamad─▒ [C:\ShadowStrike\ShadowStrike\ShadowStrike.vcxproj]
  ('/src/Shared_modules/Core/Network/NetworkMonitor.cpp' kaynak dosyas─▒ derleniyor)
  
C:\ShadowStrike\ShadowStrike\src\Shared_modules\Core\Network\NetworkMonitor.cpp(1320,24): error C2660: 'ShadowStrike::Utils::Logger::Error': i┼şlev 2 ba─ş─▒ms─▒z de─şi┼şken alm─▒yor [C:\ShadowStrike\ShadowStrike\ShadowStrike.vcxproj]
  SignatureIndex_stat_maintenance.cpp
  ('/src/Shared_modules/Core/Network/NetworkMonitor.cpp' kaynak dosyas─▒ derleniyor)
      C:\ShadowStrike\ShadowStrike\src\Shared_modules\Utils\Logger.hpp(263,16):
      'ShadowStrike::Utils::Logger::Error' bildirimine bak─▒n
      C:\ShadowStrike\ShadowStrike\src\Shared_modules\Utils\Logger.hpp(274,16):
      'void ShadowStrike::Utils::Logger::Error(std::basic_format_string<char,type_identity<_Args>::type...>,Args ...)' olabilirdi
          C:\ShadowStrike\ShadowStrike\src\Shared_modules\Core\Network\NetworkMonitor.cpp(1320,24):
          'void ShadowStrike::Utils::Logger::Error(std::basic_format_string<char,type_identity<_Args>::type...>,Args ...)' i┼şlev ┼şablonu ├Âzelle┼ştirilemedi
              C:\ShadowStrike\ShadowStrike\src\Shared_modules\Core\Network\NetworkMonitor.cpp(1320,24):
              ┼Şu ┼şablon ba─ş─▒ms─▒z de─şi┼şkenleriyle:
                  C:\ShadowStrike\ShadowStrike\src\Shared_modules\Core\Network\NetworkMonitor.cpp(1320,24):
                  'Args={<error type>}'
      C:\ShadowStrike\ShadowStrike\src\Shared_modules\Core\Network\NetworkMonitor.cpp(1320,24):
      '(const wchar_t [36], <error type>)' ba─ş─▒ms─▒z de─şi┼şken listesi e┼şlenmeye ├ğal─▒┼ş─▒l─▒rken
  
C:\ShadowStrike\ShadowStrike\src\Shared_modules\Core\Network\P2PMonitor.cpp(757,13): error C2653: 'Logger': bir s─▒n─▒f veya ad alan─▒ ad─▒ de─şil [C:\ShadowStrike\ShadowStrike\ShadowStrike.vcxproj]
  ('/src/Shared_modules/Core/Network/P2PMonitor.cpp' kaynak dosyas─▒ derleniyor)
  
C:\ShadowStrike\ShadowStrike\src\Shared_modules\Core\Network\TorDetector.cpp(363,9): error C2065: 'm_patternStore': bildirimi yap─▒lmam─▒┼ş tan─▒mlay─▒c─▒ [C:\ShadowStrike\ShadowStrike\ShadowStrike.vcxproj]
  ('/src/Shared_modules/Core/Network/TorDetector.cpp' kaynak dosyas─▒ derleniyor)
  
C:\ShadowStrike\ShadowStrike\src\Shared_modules\Core\Network\P2PMonitor.cpp(757,21): error C3861: 'Error': tan─▒mlay─▒c─▒ bulunamad─▒ [C:\ShadowStrike\ShadowStrike\ShadowStrike.vcxproj]
  ('/src/Shared_modules/Core/Network/P2PMonitor.cpp' kaynak dosyas─▒ derleniyor)
  
C:\ShadowStrike\ShadowStrike\src\Shared_modules\Core\Network\TorDetector.cpp(364,9): error C2065: 'm_whitelist': bildirimi yap─▒lmam─▒┼ş tan─▒mlay─▒c─▒ [C:\ShadowStrike\ShadowStrike\ShadowStrike.vcxproj]
  ('/src/Shared_modules/Core/Network/TorDetector.cpp' kaynak dosyas─▒ derleniyor)
  
  SignatureStore.cpp
C:\ShadowStrike\ShadowStrike\src\Shared_modules\Core\Network\VPNDetector.hpp(468,15): error C3646: 'type': bilinmeyen ge├ğersiz k─▒lma belirticisi [C:\ShadowStrike\ShadowStrike\ShadowStrike.vcxproj]
  ('/src/Shared_modules/Core/Network/VPNDetector.cpp' kaynak dosyas─▒ derleniyor)
  
  SignatureStore_mngmnt.cpp
C:\ShadowStrike\ShadowStrike\src\Shared_modules\Core\Network\VPNDetector.hpp(468,19): error C2059: s├Âzdizimi hatas─▒: '{' [C:\ShadowStrike\ShadowStrike\ShadowStrike.vcxproj]
  sig_builder_import_methods.cpp
  ('/src/Shared_modules/Core/Network/VPNDetector.cpp' kaynak dosyas─▒ derleniyor)
  
C:\ShadowStrike\ShadowStrike\src\Shared_modules\Core\Network\TorDetector.cpp(367,9): error C3861: 'InitializeDirectoryAuthorities': tan─▒mlay─▒c─▒ bulunamad─▒ [C:\ShadowStrike\ShadowStrike\ShadowStrike.vcxproj]
  ('/src/Shared_modules/Core/Network/TorDetector.cpp' kaynak dosyas─▒ derleniyor)
  
C:\ShadowStrike\ShadowStrike\src\Shared_modules\Core\Network\VPNDetector.hpp(468,19): error C2334: '{' ├Âncesinde beklenmeyen belirte├ğler; g├Âr├╝nen i┼şlev g├Âvdesi atlan─▒yor [C:\ShadowStrike\ShadowStrike\ShadowStrike.vcxproj]
  ('/src/Shared_modules/Core/Network/VPNDetector.cpp' kaynak dosyas─▒ derleniyor)
  
C:\ShadowStrike\ShadowStrike\src\Shared_modules\Core\Network\TorDetector.cpp(370,9): error C3861: 'LoadDefaultNodes': tan─▒mlay─▒c─▒ bulunamad─▒ [C:\ShadowStrike\ShadowStrike\ShadowStrike.vcxproj]
  ('/src/Shared_modules/Core/Network/TorDetector.cpp' kaynak dosyas─▒ derleniyor)
  
C:\ShadowStrike\ShadowStrike\src\Shared_modules\Core\Network\VPNDetector.hpp(491,17): error C3646: 'protocol': bilinmeyen ge├ğersiz k─▒lma belirticisi [C:\ShadowStrike\ShadowStrike\ShadowStrike.vcxproj]
  ('/src/Shared_modules/Core/Network/VPNDetector.cpp' kaynak dosyas─▒ derleniyor)
  
C:\ShadowStrike\ShadowStrike\src\Shared_modules\Core\Network\TorDetector.cpp(373,13): error C2065: 'm_config': bildirimi yap─▒lmam─▒┼ş tan─▒mlay─▒c─▒ [C:\ShadowStrike\ShadowStrike\ShadowStrike.vcxproj]
  ('/src/Shared_modules/Core/Network/TorDetector.cpp' kaynak dosyas─▒ derleniyor)
  
C:\ShadowStrike\ShadowStrike\src\Shared_modules\Core\Network\TorDetector.cpp(373,44): error C2065: 'm_config': bildirimi yap─▒lmam─▒┼ş tan─▒mlay─▒c─▒ [C:\ShadowStrike\ShadowStrike\ShadowStrike.vcxproj]
  ('/src/Shared_modules/Core/Network/TorDetector.cpp' kaynak dosyas─▒ derleniyor)
  
C:\ShadowStrike\ShadowStrike\src\Shared_modules\Core\Network\VPNDetector.hpp(491,25): error C2059: s├Âzdizimi hatas─▒: '{' [C:\ShadowStrike\ShadowStrike\ShadowStrike.vcxproj]
  sig_builder_serialization.cpp
  ('/src/Shared_modules/Core/Network/VPNDetector.cpp' kaynak dosyas─▒ derleniyor)
  
  ThreatIntelFeedManager.cpp
C:\ShadowStrike\ShadowStrike\src\Shared_modules\Core\Network\TorDetector.cpp(377,9): error C2065: 'm_statistics': bildirimi yap─▒lmam─▒┼ş tan─▒mlay─▒c─▒ [C:\ShadowStrike\ShadowStrike\ShadowStrike.vcxproj]
  ('/src/Shared_modules/Core/Network/TorDetector.cpp' kaynak dosyas─▒ derleniyor)
  
C:\ShadowStrike\ShadowStrike\src\Shared_modules\Core\Network\TorDetector.cpp(380,27): error C2065: 'm_nodes': bildirimi yap─▒lmam─▒┼ş tan─▒mlay─▒c─▒ [C:\ShadowStrike\ShadowStrike\ShadowStrike.vcxproj]
  ThreatIntelFeedManager_parsers.cpp
  ('/src/Shared_modules/Core/Network/TorDetector.cpp' kaynak dosyas─▒ derleniyor)
  
  ThreatIntelIOCManager.cpp
C:\ShadowStrike\ShadowStrike\src\Shared_modules\Core\Network\VPNDetector.hpp(491,25): error C2334: '{' ├Âncesinde beklenmeyen belirte├ğler; g├Âr├╝nen i┼şlev g├Âvdesi atlan─▒yor [C:\ShadowStrike\ShadowStrike\ShadowStrike.vcxproj]
  ('/src/Shared_modules/Core/Network/VPNDetector.cpp' kaynak dosyas─▒ derleniyor)
  
C:\ShadowStrike\ShadowStrike\src\Shared_modules\Core\Network\TorDetector.cpp(380,43): error C2065: 'm_exitNodes': bildirimi yap─▒lmam─▒┼ş tan─▒mlay─▒c─▒ [C:\ShadowStrike\ShadowStrike\ShadowStrike.vcxproj]
  ('/src/Shared_modules/Core/Network/TorDetector.cpp' kaynak dosyas─▒ derleniyor)
  
C:\ShadowStrike\ShadowStrike\src\Shared_modules\Core\Network\TorDetector.cpp(381,27): error C2065: 'm_nodes': bildirimi yap─▒lmam─▒┼ş tan─▒mlay─▒c─▒ [C:\ShadowStrike\ShadowStrike\ShadowStrike.vcxproj]
  ('/src/Shared_modules/Core/Network/TorDetector.cpp' kaynak dosyas─▒ derleniyor)
  
C:\ShadowStrike\ShadowStrike\src\Shared_modules\Core\Network\VPNDetector.hpp(520,17): error C3646: 'provider': bilinmeyen ge├ğersiz k─▒lma belirticisi [C:\ShadowStrike\ShadowStrike\ShadowStrike.vcxproj]
  ('/src/Shared_modules/Core/Network/VPNDetector.cpp' kaynak dosyas─▒ derleniyor)
  
C:\ShadowStrike\ShadowStrike\src\Shared_modules\Core\Network\TorDetector.cpp(381,44): error C2065: 'm_exitNodes': bildirimi yap─▒lmam─▒┼ş tan─▒mlay─▒c─▒ [C:\ShadowStrike\ShadowStrike\ShadowStrike.vcxproj]
  ('/src/Shared_modules/Core/Network/TorDetector.cpp' kaynak dosyas─▒ derleniyor)
  
C:\ShadowStrike\ShadowStrike\src\Shared_modules\Core\Network\VPNDetector.hpp(520,25): error C2059: s├Âzdizimi hatas─▒: '{' [C:\ShadowStrike\ShadowStrike\ShadowStrike.vcxproj]
  ('/src/Shared_modules/Core/Network/VPNDetector.cpp' kaynak dosyas─▒ derleniyor)
  
C:\ShadowStrike\ShadowStrike\src\Shared_modules\Core\Network\TorDetector.cpp(381,65): error C2065: 'm_bridges': bildirimi yap─▒lmam─▒┼ş tan─▒mlay─▒c─▒ [C:\ShadowStrike\ShadowStrike\ShadowStrike.vcxproj]
  BadUSBDetector.cpp
  ('/src/Shared_modules/Core/Network/TorDetector.cpp' kaynak dosyas─▒ derleniyor)
  
C:\ShadowStrike\ShadowStrike\src\Shared_modules\Core\Network\VPNDetector.hpp(520,25): error C2334: '{' ├Âncesinde beklenmeyen belirte├ğler; g├Âr├╝nen i┼şlev g├Âvdesi atlan─▒yor [C:\ShadowStrike\ShadowStrike\ShadowStrike.vcxproj]
  ('/src/Shared_modules/Core/Network/VPNDetector.cpp' kaynak dosyas─▒ derleniyor)
  
C:\ShadowStrike\ShadowStrike\src\Shared_modules\Core\Network\TorDetector.cpp(382,27): error C2065: 'm_bridges': bildirimi yap─▒lmam─▒┼ş tan─▒mlay─▒c─▒ [C:\ShadowStrike\ShadowStrike\ShadowStrike.vcxproj]
  ('/src/Shared_modules/Core/Network/TorDetector.cpp' kaynak dosyas─▒ derleniyor)
  
C:\ShadowStrike\ShadowStrike\src\Shared_modules\Core\Network\P2PMonitor.cpp(814,13): error C2653: 'Logger': bir s─▒n─▒f veya ad alan─▒ ad─▒ de─şil [C:\ShadowStrike\ShadowStrike\ShadowStrike.vcxproj]
  ('/src/Shared_modules/Core/Network/P2PMonitor.cpp' kaynak dosyas─▒ derleniyor)
  
C:\ShadowStrike\ShadowStrike\src\Shared_modules\Core\Network\P2PMonitor.cpp(814,21): error C3861: 'Error': tan─▒mlay─▒c─▒ bulunamad─▒ [C:\ShadowStrike\ShadowStrike\ShadowStrike.vcxproj]
  ('/src/Shared_modules/Core/Network/P2PMonitor.cpp' kaynak dosyas─▒ derleniyor)
  
C:\ShadowStrike\ShadowStrike\src\Shared_modules\Core\Network\TorDetector.cpp(379,24): error C2664: 'void ShadowStrike::Utils::Logger::Info(const char *)' : 1 ba─ş─▒ms─▒z de─şi┼şkeni 'const wchar_t [83]' de─şerinden 'const char *' de─şerine d├Ân├╝┼şt├╝r├╝lemez [C:\ShadowStrike\ShadowStrike\ShadowStrike.vcxproj]
  ('/src/Shared_modules/Core/Network/TorDetector.cpp' kaynak dosyas─▒ derleniyor)
      C:\ShadowStrike\ShadowStrike\src\Shared_modules\Core\Network\TorDetector.cpp(379,29):
      ─░┼şaretlenen t├╝rler ilgisiz; d├Ân├╝┼şt├╝rme reinterpret_cast, C stili t├╝r d├Ân├╝┼şt├╝rme veya parantez i├ğine al─▒nm─▒┼ş i┼şlev stili t├╝r d├Ân├╝┼şt├╝rme gerektiriyor
      C:\ShadowStrike\ShadowStrike\src\Shared_modules\Utils\Logger.hpp(265,16):
      'ShadowStrike::Utils::Logger::Info' bildirimine bak─▒n
      C:\ShadowStrike\ShadowStrike\src\Shared_modules\Utils\Logger.hpp(282,16):
      'void ShadowStrike::Utils::Logger::Info(std::basic_format_string<char,type_identity<_Args>::type...>,Args ...)' olabilirdi
          C:\ShadowStrike\ShadowStrike\src\Shared_modules\Core\Network\TorDetector.cpp(379,24):
          ili┼şkili k─▒s─▒tlamalar kar┼ş─▒lanmad─▒
              C:\ShadowStrike\ShadowStrike\src\Shared_modules\Utils\Logger.hpp(281,57):
              k─▒s─▒tlama yerine getirilmedi
      C:\ShadowStrike\ShadowStrike\src\Shared_modules\Core\Network\TorDetector.cpp(379,24):
      '(const wchar_t [83])' ba─ş─▒ms─▒z de─şi┼şken listesi e┼şlenmeye ├ğal─▒┼ş─▒l─▒rken
  
C:\ShadowStrike\ShadowStrike\src\Shared_modules\Core\Network\TorDetector.cpp(387,48): error C2039: 'Utf8ToWide': bir 'ShadowStrike::Utils::StringUtils' ├╝yesi de─şil [C:\ShadowStrike\ShadowStrike\ShadowStrike.vcxproj]
  ('/src/Shared_modules/Core/Network/TorDetector.cpp' kaynak dosyas─▒ derleniyor)
      C:\ShadowStrike\ShadowStrike\src\Shared_modules\Utils\StringUtils.hpp(63,19):
      'ShadowStrike::Utils::StringUtils' bildirimine bak─▒n
  
C:\ShadowStrike\ShadowStrike\src\Shared_modules\Core\Network\DDosProtection.cpp(1330,13): error C2664: 'std::unique_ptr<ShadowStrike::Core::Network::DDosProtectionImpl,std::default_delete<ShadowStrike::Core::Network::DDosProtectionImpl>>::unique_ptr(const std::unique_ptr<ShadowStrike::Core::Network::DDosProtectionImpl,std::default_delete<ShadowStrike::Core::Network::DDosProtectionImpl>> &)' : 1 ba─ş─▒ms─▒z de─şi┼şkeni 'std::unique_ptr<ShadowStrike::Core::Network::Impl,std::default_delete<ShadowStrike::Core::Network::Impl>>' de─şerinden 'const std::unique_ptr<ShadowStrike::Core::Network::DDosProtectionImpl,std::default_delete<ShadowStrike::Core::Network::DDosProtectionImpl>> &' de─şerine d├Ân├╝┼şt├╝r├╝lemez [C:\ShadowStrike\ShadowStrike\ShadowStrike.vcxproj]
  ('/src/Shared_modules/Core/Network/DDosProtection.cpp' kaynak dosyas─▒ derleniyor)
      C:\ShadowStrike\ShadowStrike\src\Shared_modules\Core\Network\DDosProtection.cpp(1330,36):
      Nedeni: 'std::unique_ptr<ShadowStrike::Core::Network::Impl,std::default_delete<ShadowStrike::Core::Network::Impl>>' de─şerinden 'const std::unique_ptr<ShadowStrike::Core::Network::DDosProtectionImpl,std::default_delete<ShadowStrike::Core::Network::DDosProtectionImpl>>' de─şerine d├Ân├╝┼şt├╝r├╝lemez
      C:\ShadowStrike\ShadowStrike\src\Shared_modules\Core\Network\DDosProtection.cpp(1330,36):
      Bu d├Ân├╝┼şt├╝rmeyi ger├ğekle┼ştirecek kullan─▒c─▒ tan─▒ml─▒ d├Ân├╝┼şt├╝rme i┼şleci yok veya i┼şle├ğ ├ğa─şr─▒lam─▒yor
      C:\Program Files\Microsoft Visual Studio\2022\Community\VC\Tools\MSVC\14.44.35207\include\memory(3475,5):
      'std::unique_ptr<ShadowStrike::Core::Network::DDosProtectionImpl,std::default_delete<ShadowStrike::Core::Network::DDosProtectionImpl>>::unique_ptr' bildirimine bak─▒n
      C:\Program Files\Microsoft Visual Studio\2022\Community\VC\Tools\MSVC\14.44.35207\include\memory(3393,5):
      'std::unique_ptr<ShadowStrike::Core::Network::DDosProtectionImpl,std::default_delete<ShadowStrike::Core::Network::DDosProtectionImpl>>::unique_ptr(std::unique_ptr<_Ux,_Dx> &&) noexcept' olabilirdi
          C:\ShadowStrike\ShadowStrike\src\Shared_modules\Core\Network\DDosProtection.cpp(1330,13):
          'std::unique_ptr<ShadowStrike::Core::Network::DDosProtectionImpl,std::default_delete<ShadowStrike::Core::Network::DDosProtectionImpl>>::unique_ptr(std::unique_ptr<_Ux,_Dx> &&) noexcept': ┼şablon ba─ş─▒ms─▒z de─şi┼şkeni ('__formal' i├ğin) anla┼ş─▒lamad─▒
              C:\Program Files\Microsoft Visual Studio\2022\Community\VC\Tools\MSVC\14.44.35207\include\memory(3389,9):
              'std::enable_if_t<false,int>' : Di─şer ad ┼şablonu ├Âzelle┼ştirilemedi
      C:\Program Files\Microsoft Visual Studio\2022\Community\VC\Tools\MSVC\14.44.35207\include\memory(3385,5):
      veya       'std::unique_ptr<ShadowStrike::Core::Network::DDosProtectionImpl,std::default_delete<ShadowStrike::Core::Network::DDosProtectionImpl>>::unique_ptr(std::unique_ptr<ShadowStrike::Core::Network::DDosProtectionImpl,std::default_delete<ShadowStrike::Core::Network::DDosProtectionImpl>> &&) noexcept'
          C:\ShadowStrike\ShadowStrike\src\Shared_modules\Core\Network\DDosProtection.cpp(1330,36):
          'ba┼şlat─▒l─▒yor': 'std::unique_ptr<ShadowStrike::Core::Network::Impl,std::default_delete<ShadowStrike::Core::Network::Impl>>' - 'std::unique_ptr<ShadowStrike::Core::Network::DDosProtectionImpl,std::default_delete<ShadowStrike::Core::Network::DDosProtectionImpl>> &&' d├Ân├╝┼ş├╝m├╝ yap─▒lam─▒yor
              C:\ShadowStrike\ShadowStrike\src\Shared_modules\Core\Network\DDosProtection.cpp(1330,36):
              Nedeni: 'std::unique_ptr<ShadowStrike::Core::Network::Impl,std::default_delete<ShadowStrike::Core::Network::Impl>>' de─şerinden 'std::unique_ptr<ShadowStrike::Core::Network::DDosProtectionImpl,std::default_delete<ShadowStrike::Core::Network::DDosProtectionImpl>>' de─şerine d├Ân├╝┼şt├╝r├╝lemez
              C:\ShadowStrike\ShadowStrike\src\Shared_modules\Core\Network\DDosProtection.cpp(1330,36):
              Bu d├Ân├╝┼şt├╝rmeyi ger├ğekle┼ştirecek kullan─▒c─▒ tan─▒ml─▒ d├Ân├╝┼şt├╝rme i┼şleci yok veya i┼şle├ğ ├ğa─şr─▒lam─▒yor
      C:\Program Files\Microsoft Visual Studio\2022\Community\VC\Tools\MSVC\14.44.35207\include\memory(3382,5):
      veya       'std::unique_ptr<ShadowStrike::Core::Network::DDosProtectionImpl,std::default_delete<ShadowStrike::Core::Network::DDosProtectionImpl>>::unique_ptr(ShadowStrike::Core::Network::DDosProtectionImpl *,std::default_delete<ShadowStrike::Core::Network::DDosProtectionImpl> &&)'
          C:\ShadowStrike\ShadowStrike\src\Shared_modules\Core\Network\DDosProtection.cpp(1330,13):
          'std::unique_ptr<ShadowStrike::Core::Network::DDosProtectionImpl,std::default_delete<ShadowStrike::Core::Network::DDosProtectionImpl>>::unique_ptr(ShadowStrike::Core::Network::DDosProtectionImpl *,std::default_delete<ShadowStrike::Core::Network::DDosProtectionImpl> &&)': 2 ba─ş─▒ms─▒z de─şi┼şken bekleniyor - 1 sa─şland─▒
      C:\Program Files\Microsoft Visual Studio\2022\Community\VC\Tools\MSVC\14.44.35207\include\memory(3377,5):
      veya       'std::unique_ptr<ShadowStrike::Core::Network::DDosProtectionImpl,std::default_delete<ShadowStrike::Core::Network::DDosProtectionImpl>>::unique_ptr(ShadowStrike::Core::Network::DDosProtectionImpl *,_Dx &&) noexcept'
          with
          [
              _Dx=std::default_delete<ShadowStrike::Core::Network::DDosProtectionImpl>
          ]
          C:\ShadowStrike\ShadowStrike\src\Shared_modules\Core\Network\DDosProtection.cpp(1330,13):
          'std::unique_ptr<ShadowStrike::Core::Network::DDosProtectionImpl,std::default_delete<ShadowStrike::Core::Network::DDosProtectionImpl>>::unique_ptr(ShadowStrike::Core::Network::DDosProtectionImpl *,_Dx &&) noexcept': 2 ba─ş─▒ms─▒z de─şi┼şken bekleniyor - 1 sa─şland─▒
          with
          [
              _Dx=std::default_delete<ShadowStrike::Core::Network::DDosProtectionImpl>
          ]
      C:\Program Files\Microsoft Visual Studio\2022\Community\VC\Tools\MSVC\14.44.35207\include\memory(3373,5):
      veya       'std::unique_ptr<ShadowStrike::Core::Network::DDosProtectionImpl,std::default_delete<ShadowStrike::Core::Network::DDosProtectionImpl>>::unique_ptr(ShadowStrike::Core::Network::DDosProtectionImpl *,const _Dx &) noexcept'
          with
          [
              _Dx=std::default_delete<ShadowStrike::Core::Network::DDosProtectionImpl>
          ]
          C:\ShadowStrike\ShadowStrike\src\Shared_modules\Core\Network\DDosProtection.cpp(1330,13):
          'std::unique_ptr<ShadowStrike::Core::Network::DDosProtectionImpl,std::default_delete<ShadowStrike::Core::Network::DDosProtectionImpl>>::unique_ptr(ShadowStrike::Core::Network::DDosProtectionImpl *,const _Dx &) noexcept': 2 ba─ş─▒ms─▒z de─şi┼şken bekleniyor - 1 sa─şland─▒
          with
          [
              _Dx=std::default_delete<ShadowStrike::Core::Network::DDosProtectionImpl>
          ]
      C:\Program Files\Microsoft Visual Studio\2022\Community\VC\Tools\MSVC\14.44.35207\include\memory(3370,5):
      veya       'std::unique_ptr<ShadowStrike::Core::Network::DDosProtectionImpl,std::default_delete<ShadowStrike::Core::Network::DDosProtectionImpl>>::unique_ptr(ShadowStrike::Core::Network::DDosProtectionImpl *) noexcept'
          C:\ShadowStrike\ShadowStrike\src\Shared_modules\Core\Network\DDosProtection.cpp(1330,36):
          'ba┼şlat─▒l─▒yor': 'std::unique_ptr<ShadowStrike::Core::Network::Impl,std::default_delete<ShadowStrike::Core::Network::Impl>>' - 'ShadowStrike::Core::Network::DDosProtectionImpl *' d├Ân├╝┼ş├╝m├╝ yap─▒lam─▒yor
              C:\ShadowStrike\ShadowStrike\src\Shared_modules\Core\Network\DDosProtection.cpp(1330,36):
              Bu d├Ân├╝┼şt├╝rmeyi ger├ğekle┼ştirecek kullan─▒c─▒ tan─▒ml─▒ d├Ân├╝┼şt├╝rme i┼şleci yok veya i┼şle├ğ ├ğa─şr─▒lam─▒yor
      C:\Program Files\Microsoft Visual Studio\2022\Community\VC\Tools\MSVC\14.44.35207\include\memory(3360,5):
      veya       'std::unique_ptr<ShadowStrike::Core::Network::DDosProtectionImpl,std::default_delete<ShadowStrike::Core::Network::DDosProtectionImpl>>::unique_ptr(std::nullptr_t) noexcept'
          C:\ShadowStrike\ShadowStrike\src\Shared_modules\Core\Network\DDosProtection.cpp(1330,36):
          'ba┼şlat─▒l─▒yor': 'std::unique_ptr<ShadowStrike::Core::Network::Impl,std::default_delete<ShadowStrike::Core::Network::Impl>>' - 'std::nullptr_t' d├Ân├╝┼ş├╝m├╝ yap─▒lam─▒yor
              C:\ShadowStrike\ShadowStrike\src\Shared_modules\Core\Network\DDosProtection.cpp(1330,36):
              Bu d├Ân├╝┼şt├╝rmeyi ger├ğekle┼ştirecek kullan─▒c─▒ tan─▒ml─▒ d├Ân├╝┼şt├╝rme i┼şleci yok veya i┼şle├ğ ├ğa─şr─▒lam─▒yor
      C:\Program Files\Microsoft Visual Studio\2022\Community\VC\Tools\MSVC\14.44.35207\include\memory(3357,5):
      veya       'std::unique_ptr<ShadowStrike::Core::Network::DDosProtectionImpl,std::default_delete<ShadowStrike::Core::Network::DDosProtectionImpl>>::unique_ptr(void) noexcept'
          C:\ShadowStrike\ShadowStrike\src\Shared_modules\Core\Network\DDosProtection.cpp(1330,13):
          'std::unique_ptr<ShadowStrike::Core::Network::DDosProtectionImpl,std::default_delete<ShadowStrike::Core::Network::DDosProtectionImpl>>::unique_ptr(void) noexcept': 0 ba─ş─▒ms─▒z de─şi┼şken bekleniyor - 1 sa─şland─▒
      C:\ShadowStrike\ShadowStrike\src\Shared_modules\Core\Network\DDosProtection.cpp(1330,13):
      '(std::unique_ptr<ShadowStrike::Core::Network::Impl,std::default_delete<ShadowStrike::Core::Network::Impl>>)' ba─ş─▒ms─▒z de─şi┼şken listesi e┼şlenmeye ├ğal─▒┼ş─▒l─▒rken
  
C:\ShadowStrike\ShadowStrike\src\Shared_modules\Core\Network\TorDetector.cpp(387,48): error C3861: 'Utf8ToWide': tan─▒mlay─▒c─▒ bulunamad─▒ [C:\ShadowStrike\ShadowStrike\ShadowStrike.vcxproj]
  ('/src/Shared_modules/Core/Network/TorDetector.cpp' kaynak dosyas─▒ derleniyor)
  
C:\ShadowStrike\ShadowStrike\src\Shared_modules\Core\Network\VPNDetector.hpp(546,17): error C3646: 'protocol': bilinmeyen ge├ğersiz k─▒lma belirticisi [C:\ShadowStrike\ShadowStrike\ShadowStrike.vcxproj]
  ('/src/Shared_modules/Core/Network/VPNDetector.cpp' kaynak dosyas─▒ derleniyor)
  
C:\ShadowStrike\ShadowStrike\src\Shared_modules\Core\Network\VPNDetector.hpp(546,25): error C2059: s├Âzdizimi hatas─▒: '{' [C:\ShadowStrike\ShadowStrike\ShadowStrike.vcxproj]
  ('/src/Shared_modules/Core/Network/VPNDetector.cpp' kaynak dosyas─▒ derleniyor)
  
C:\ShadowStrike\ShadowStrike\src\Shared_modules\Core\Network\VPNDetector.hpp(546,25): error C2334: '{' ├Âncesinde beklenmeyen belirte├ğler; g├Âr├╝nen i┼şlev g├Âvdesi atlan─▒yor [C:\ShadowStrike\ShadowStrike\ShadowStrike.vcxproj]
  ('/src/Shared_modules/Core/Network/VPNDetector.cpp' kaynak dosyas─▒ derleniyor)
  
C:\ShadowStrike\ShadowStrike\src\Shared_modules\Core\Network\DDosProtection.cpp(1337,9): error C2027: tan─▒ms─▒z 'ShadowStrike::Core::Network::DDosProtectionImpl' t├╝r├╝ kullan─▒ld─▒ [C:\ShadowStrike\ShadowStrike\ShadowStrike.vcxproj]
  ('/src/Shared_modules/Core/Network/DDosProtection.cpp' kaynak dosyas─▒ derleniyor)
      C:\ShadowStrike\ShadowStrike\src\Shared_modules\Core\Network\DDosProtection.hpp(169,7):
      'ShadowStrike::Core::Network::DDosProtectionImpl' bildirimine bak─▒n
  
C:\ShadowStrike\ShadowStrike\src\Shared_modules\Core\Network\VPNDetector.hpp(547,17): error C3646: 'provider': bilinmeyen ge├ğersiz k─▒lma belirticisi [C:\ShadowStrike\ShadowStrike\ShadowStrike.vcxproj]
  ('/src/Shared_modules/Core/Network/VPNDetector.cpp' kaynak dosyas─▒ derleniyor)
  
C:\ShadowStrike\ShadowStrike\src\Shared_modules\Core\Network\VPNDetector.hpp(547,25): error C2059: s├Âzdizimi hatas─▒: '{' [C:\ShadowStrike\ShadowStrike\ShadowStrike.vcxproj]
  ('/src/Shared_modules/Core/Network/VPNDetector.cpp' kaynak dosyas─▒ derleniyor)
  
C:\ShadowStrike\ShadowStrike\src\Shared_modules\Core\Network\DDosProtection.cpp(1337,17): error C2039: 'Shutdown': bir 'std::unique_ptr<ShadowStrike::Core::Network::DDosProtectionImpl,std::default_delete<ShadowStrike::Core::Network::DDosProtectionImpl>>' ├╝yesi de─şil [C:\ShadowStrike\ShadowStrike\ShadowStrike.vcxproj]
  ('/src/Shared_modules/Core/Network/DDosProtection.cpp' kaynak dosyas─▒ derleniyor)
      C:\Program Files\Microsoft Visual Studio\2022\Community\VC\Tools\MSVC\14.44.35207\include\memory(3347,7):
      'std::unique_ptr<ShadowStrike::Core::Network::DDosProtectionImpl,std::default_delete<ShadowStrike::Core::Network::DDosProtectionImpl>>' bildirimine bak─▒n
  
C:\ShadowStrike\ShadowStrike\src\Shared_modules\Core\Network\VPNDetector.hpp(547,25): error C2334: '{' ├Âncesinde beklenmeyen belirte├ğler; g├Âr├╝nen i┼şlev g├Âvdesi atlan─▒yor [C:\ShadowStrike\ShadowStrike\ShadowStrike.vcxproj]
  ('/src/Shared_modules/Core/Network/VPNDetector.cpp' kaynak dosyas─▒ derleniyor)
  
C:\ShadowStrike\ShadowStrike\src\Shared_modules\Core\Network\DDosProtection.cpp(1348,17): error C2039: 'Critical': bir 'ShadowStrike::Utils::Logger' ├╝yesi de─şil [C:\ShadowStrike\ShadowStrike\ShadowStrike.vcxproj]
  ('/src/Shared_modules/Core/Network/DDosProtection.cpp' kaynak dosyas─▒ derleniyor)
      C:\ShadowStrike\ShadowStrike\src\Shared_modules\Utils\Logger.hpp(159,9):
      'ShadowStrike::Utils::Logger' bildirimine bak─▒n
  
C:\ShadowStrike\ShadowStrike\src\Shared_modules\Core\Network\DDosProtection.cpp(1348,17): error C3861: 'Critical': tan─▒mlay─▒c─▒ bulunamad─▒ [C:\ShadowStrike\ShadowStrike\ShadowStrike.vcxproj]
  ('/src/Shared_modules/Core/Network/DDosProtection.cpp' kaynak dosyas─▒ derleniyor)
  
C:\ShadowStrike\ShadowStrike\src\Shared_modules\Core\Network\TorDetector.cpp(386,24): error C2660: 'ShadowStrike::Utils::Logger::Error': i┼şlev 2 ba─ş─▒ms─▒z de─şi┼şken alm─▒yor [C:\ShadowStrike\ShadowStrike\ShadowStrike.vcxproj]
  ('/src/Shared_modules/Core/Network/TorDetector.cpp' kaynak dosyas─▒ derleniyor)
      C:\ShadowStrike\ShadowStrike\src\Shared_modules\Utils\Logger.hpp(263,16):
      'ShadowStrike::Utils::Logger::Error' bildirimine bak─▒n
      C:\ShadowStrike\ShadowStrike\src\Shared_modules\Utils\Logger.hpp(274,16):
      'void ShadowStrike::Utils::Logger::Error(std::basic_format_string<char,type_identity<_Args>::type...>,Args ...)' olabilirdi
          C:\ShadowStrike\ShadowStrike\src\Shared_modules\Core\Network\TorDetector.cpp(386,24):
          'void ShadowStrike::Utils::Logger::Error(std::basic_format_string<char,type_identity<_Args>::type...>,Args ...)' i┼şlev ┼şablonu ├Âzelle┼ştirilemedi
              C:\ShadowStrike\ShadowStrike\src\Shared_modules\Core\Network\TorDetector.cpp(386,24):
              ┼Şu ┼şablon ba─ş─▒ms─▒z de─şi┼şkenleriyle:
                  C:\ShadowStrike\ShadowStrike\src\Shared_modules\Core\Network\TorDetector.cpp(386,24):
                  'Args={<error type>}'
      C:\ShadowStrike\ShadowStrike\src\Shared_modules\Core\Network\TorDetector.cpp(386,24):
      '(const wchar_t [40], <error type>)' ba─ş─▒ms─▒z de─şi┼şken listesi e┼şlenmeye ├ğal─▒┼ş─▒l─▒rken
  
C:\ShadowStrike\ShadowStrike\src\Shared_modules\Core\Network\TorDetector.cpp(388,9): error C2065: 'm_initialized': bildirimi yap─▒lmam─▒┼ş tan─▒mlay─▒c─▒ [C:\ShadowStrike\ShadowStrike\ShadowStrike.vcxproj]
  ('/src/Shared_modules/Core/Network/TorDetector.cpp' kaynak dosyas─▒ derleniyor)
  
C:\ShadowStrike\ShadowStrike\src\Shared_modules\Core\Network\DDosProtection.cpp(1352,12): error C2027: tan─▒ms─▒z 'ShadowStrike::Core::Network::DDosProtectionImpl' t├╝r├╝ kullan─▒ld─▒ [C:\ShadowStrike\ShadowStrike\ShadowStrike.vcxproj]
  ('/src/Shared_modules/Core/Network/DDosProtection.cpp' kaynak dosyas─▒ derleniyor)
      C:\ShadowStrike\ShadowStrike\src\Shared_modules\Core\Network\DDosProtection.hpp(169,7):
      'ShadowStrike::Core::Network::DDosProtectionImpl' bildirimine bak─▒n
  
C:\ShadowStrike\ShadowStrike\src\Shared_modules\Core\Network\TorDetector.cpp(393,19): error C3083: 'TorDetectorImpl': '::' i┼şlecinin sonundaki simge bir t├╝r olmal─▒d─▒r [C:\ShadowStrike\ShadowStrike\ShadowStrike.vcxproj]
  ('/src/Shared_modules/Core/Network/TorDetector.cpp' kaynak dosyas─▒ derleniyor)
  
C:\ShadowStrike\ShadowStrike\src\Shared_modules\Core\Network\DDosProtection.cpp(1352,20): error C2039: 'Initialize': bir 'std::unique_ptr<ShadowStrike::Core::Network::DDosProtectionImpl,std::default_delete<ShadowStrike::Core::Network::DDosProtectionImpl>>' ├╝yesi de─şil [C:\ShadowStrike\ShadowStrike\ShadowStrike.vcxproj]
  ('/src/Shared_modules/Core/Network/DDosProtection.cpp' kaynak dosyas─▒ derleniyor)
      C:\Program Files\Microsoft Visual Studio\2022\Community\VC\Tools\MSVC\14.44.35207\include\memory(3347,7):
      'std::unique_ptr<ShadowStrike::Core::Network::DDosProtectionImpl,std::default_delete<ShadowStrike::Core::Network::DDosProtectionImpl>>' bildirimine bak─▒n
  
C:\ShadowStrike\ShadowStrike\src\Shared_modules\Core\Network\TorDetector.cpp(395,14): error C2065: 'm_initialized': bildirimi yap─▒lmam─▒┼ş tan─▒mlay─▒c─▒ [C:\ShadowStrike\ShadowStrike\ShadowStrike.vcxproj]
  ('/src/Shared_modules/Core/Network/TorDetector.cpp' kaynak dosyas─▒ derleniyor)
  
C:\ShadowStrike\ShadowStrike\src\Shared_modules\Core\Network\NetworkMonitor.cpp(1341,20): error C2664: 'void ShadowStrike::Utils::Logger::Info(const char *)' : 1 ba─ş─▒ms─▒z de─şi┼şkeni 'const wchar_t [38]' de─şerinden 'const char *' de─şerine d├Ân├╝┼şt├╝r├╝lemez [C:\ShadowStrike\ShadowStrike\ShadowStrike.vcxproj]
  ('/src/Shared_modules/Core/Network/NetworkMonitor.cpp' kaynak dosyas─▒ derleniyor)
      C:\ShadowStrike\ShadowStrike\src\Shared_modules\Core\Network\NetworkMonitor.cpp(1341,25):
      ─░┼şaretlenen t├╝rler ilgisiz; d├Ân├╝┼şt├╝rme reinterpret_cast, C stili t├╝r d├Ân├╝┼şt├╝rme veya parantez i├ğine al─▒nm─▒┼ş i┼şlev stili t├╝r d├Ân├╝┼şt├╝rme gerektiriyor
      C:\ShadowStrike\ShadowStrike\src\Shared_modules\Utils\Logger.hpp(265,16):
      'ShadowStrike::Utils::Logger::Info' bildirimine bak─▒n
      C:\ShadowStrike\ShadowStrike\src\Shared_modules\Utils\Logger.hpp(282,16):
      'void ShadowStrike::Utils::Logger::Info(std::basic_format_string<char,type_identity<_Args>::type...>,Args ...)' olabilirdi
          C:\ShadowStrike\ShadowStrike\src\Shared_modules\Core\Network\NetworkMonitor.cpp(1341,20):
          ili┼şkili k─▒s─▒tlamalar kar┼ş─▒lanmad─▒
              C:\ShadowStrike\ShadowStrike\src\Shared_modules\Utils\Logger.hpp(281,57):
              k─▒s─▒tlama yerine getirilmedi
      C:\ShadowStrike\ShadowStrike\src\Shared_modules\Core\Network\NetworkMonitor.cpp(1341,20):
      '(const wchar_t [38])' ba─ş─▒ms─▒z de─şi┼şken listesi e┼şlenmeye ├ğal─▒┼ş─▒l─▒rken
  
C:\ShadowStrike\ShadowStrike\src\Shared_modules\Core\Network\VPNDetector.hpp(888,59): error C2061: s├Âzdizimi hatas─▒: tan─▒mlay─▒c─▒ 'VPNProvider' [C:\ShadowStrike\ShadowStrike\ShadowStrike.vcxproj]
  ('/src/Shared_modules/Core/Network/VPNDetector.cpp' kaynak dosyas─▒ derleniyor)
  
C:\ShadowStrike\ShadowStrike\src\Shared_modules\Core\Network\DDosProtection.cpp(1361,12): error C2027: tan─▒ms─▒z 'ShadowStrike::Core::Network::DDosProtectionImpl' t├╝r├╝ kullan─▒ld─▒ [C:\ShadowStrike\ShadowStrike\ShadowStrike.vcxproj]
  ('/src/Shared_modules/Core/Network/DDosProtection.cpp' kaynak dosyas─▒ derleniyor)
      C:\ShadowStrike\ShadowStrike\src\Shared_modules\Core\Network\DDosProtection.hpp(169,7):
      'ShadowStrike::Core::Network::DDosProtectionImpl' bildirimine bak─▒n
  
C:\ShadowStrike\ShadowStrike\src\Shared_modules\Core\Network\DDosProtection.cpp(1361,20): error C2039: 'Start': bir 'std::unique_ptr<ShadowStrike::Core::Network::DDosProtectionImpl,std::default_delete<ShadowStrike::Core::Network::DDosProtectionImpl>>' ├╝yesi de─şil [C:\ShadowStrike\ShadowStrike\ShadowStrike.vcxproj]
  ('/src/Shared_modules/Core/Network/DDosProtection.cpp' kaynak dosyas─▒ derleniyor)
      C:\Program Files\Microsoft Visual Studio\2022\Community\VC\Tools\MSVC\14.44.35207\include\memory(3347,7):
      'std::unique_ptr<ShadowStrike::Core::Network::DDosProtectionImpl,std::default_delete<ShadowStrike::Core::Network::DDosProtectionImpl>>' bildirimine bak─▒n
  
C:\ShadowStrike\ShadowStrike\src\Shared_modules\Core\Network\VPNDetector.hpp(971,21): error C2065: 'VPNDetectorImpl': bildirimi yap─▒lmam─▒┼ş tan─▒mlay─▒c─▒ [C:\ShadowStrike\ShadowStrike\ShadowStrike.vcxproj]
  ('/src/Shared_modules/Core/Network/VPNDetector.cpp' kaynak dosyas─▒ derleniyor)
  
C:\ShadowStrike\ShadowStrike\src\Shared_modules\Core\Network\DDosProtection.cpp(1366,9): error C2027: tan─▒ms─▒z 'ShadowStrike::Core::Network::DDosProtectionImpl' t├╝r├╝ kullan─▒ld─▒ [C:\ShadowStrike\ShadowStrike\ShadowStrike.vcxproj]
  ('/src/Shared_modules/Core/Network/DDosProtection.cpp' kaynak dosyas─▒ derleniyor)
      C:\ShadowStrike\ShadowStrike\src\Shared_modules\Core\Network\DDosProtection.hpp(169,7):
      'ShadowStrike::Core::Network::DDosProtectionImpl' bildirimine bak─▒n
  
C:\ShadowStrike\ShadowStrike\src\Shared_modules\Core\Network\VPNDetector.hpp(971,10): error C2923: 'std::unique_ptr': 'VPNDetectorImpl' ge├ğerli bir ┼şablon t├╝r ba─ş─▒ms─▒z de─şi┼şkeni de─şil ('_Ty' parametresi i├ğin) [C:\ShadowStrike\ShadowStrike\ShadowStrike.vcxproj]
  ('/src/Shared_modules/Core/Network/VPNDetector.cpp' kaynak dosyas─▒ derleniyor)
      C:\ShadowStrike\ShadowStrike\src\Shared_modules\Core\Network\VPNDetector.hpp(971,21):
      'VPNDetectorImpl' bildirimine bak─▒n
  
C:\ShadowStrike\ShadowStrike\src\Shared_modules\Core\Network\DDosProtection.cpp(1366,17): error C2039: 'Stop': bir 'std::unique_ptr<ShadowStrike::Core::Network::DDosProtectionImpl,std::default_delete<ShadowStrike::Core::Network::DDosProtectionImpl>>' ├╝yesi de─şil [C:\ShadowStrike\ShadowStrike\ShadowStrike.vcxproj]
  ('/src/Shared_modules/Core/Network/DDosProtection.cpp' kaynak dosyas─▒ derleniyor)
      C:\Program Files\Microsoft Visual Studio\2022\Community\VC\Tools\MSVC\14.44.35207\include\memory(3347,7):
      'std::unique_ptr<ShadowStrike::Core::Network::DDosProtectionImpl,std::default_delete<ShadowStrike::Core::Network::DDosProtectionImpl>>' bildirimine bak─▒n
  
C:\ShadowStrike\ShadowStrike\src\Shared_modules\Core\Network\VPNDetector.hpp(971,10): error C2976: 'std::unique_ptr': ├ğok az say─▒da ┼şablon ba─ş─▒ms─▒z de─şi┼şkeni var [C:\ShadowStrike\ShadowStrike\ShadowStrike.vcxproj]
  ('/src/Shared_modules/Core/Network/VPNDetector.cpp' kaynak dosyas─▒ derleniyor)
      C:\Program Files\Microsoft Visual Studio\2022\Community\VC\Tools\MSVC\14.44.35207\include\memory(3347,7):
      'std::unique_ptr' bildirimine bak─▒n
  
C:\ShadowStrike\ShadowStrike\src\Shared_modules\Core\Network\TorDetector.cpp(399,24): error C2664: 'void ShadowStrike::Utils::Logger::Info(const char *)' : 1 ba─ş─▒ms─▒z de─şi┼şkeni 'const wchar_t [30]' de─şerinden 'const char *' de─şerine d├Ân├╝┼şt├╝r├╝lemez [C:\ShadowStrike\ShadowStrike\ShadowStrike.vcxproj]
  ('/src/Shared_modules/Core/Network/TorDetector.cpp' kaynak dosyas─▒ derleniyor)
      C:\ShadowStrike\ShadowStrike\src\Shared_modules\Core\Network\TorDetector.cpp(399,29):
      ─░┼şaretlenen t├╝rler ilgisiz; d├Ân├╝┼şt├╝rme reinterpret_cast, C stili t├╝r d├Ân├╝┼şt├╝rme veya parantez i├ğine al─▒nm─▒┼ş i┼şlev stili t├╝r d├Ân├╝┼şt├╝rme gerektiriyor
      C:\ShadowStrike\ShadowStrike\src\Shared_modules\Utils\Logger.hpp(265,16):
      'ShadowStrike::Utils::Logger::Info' bildirimine bak─▒n
      C:\ShadowStrike\ShadowStrike\src\Shared_modules\Utils\Logger.hpp(282,16):
      'void ShadowStrike::Utils::Logger::Info(std::basic_format_string<char,type_identity<_Args>::type...>,Args ...)' olabilirdi
          C:\ShadowStrike\ShadowStrike\src\Shared_modules\Core\Network\TorDetector.cpp(399,24):
          ili┼şkili k─▒s─▒tlamalar kar┼ş─▒lanmad─▒
              C:\ShadowStrike\ShadowStrike\src\Shared_modules\Utils\Logger.hpp(281,57):
              k─▒s─▒tlama yerine getirilmedi
      C:\ShadowStrike\ShadowStrike\src\Shared_modules\Core\Network\TorDetector.cpp(399,24):
      '(const wchar_t [30])' ba─ş─▒ms─▒z de─şi┼şken listesi e┼şlenmeye ├ğal─▒┼ş─▒l─▒rken
  
C:\ShadowStrike\ShadowStrike\src\Shared_modules\Core\Network\TorDetector.cpp(404,35): error C2065: 'm_nodesMutex': bildirimi yap─▒lmam─▒┼ş tan─▒mlay─▒c─▒ [C:\ShadowStrike\ShadowStrike\ShadowStrike.vcxproj]
  ('/src/Shared_modules/Core/Network/TorDetector.cpp' kaynak dosyas─▒ derleniyor)
  
C:\ShadowStrike\ShadowStrike\src\Shared_modules\Core\Network\DDosProtection.cpp(1372,9): error C2027: tan─▒ms─▒z 'ShadowStrike::Core::Network::DDosProtectionImpl' t├╝r├╝ kullan─▒ld─▒ [C:\ShadowStrike\ShadowStrike\ShadowStrike.vcxproj]
  ('/src/Shared_modules/Core/Network/DDosProtection.cpp' kaynak dosyas─▒ derleniyor)
      C:\ShadowStrike\ShadowStrike\src\Shared_modules\Core\Network\DDosProtection.hpp(169,7):
      'ShadowStrike::Core::Network::DDosProtectionImpl' bildirimine bak─▒n
  
C:\ShadowStrike\ShadowStrike\src\Shared_modules\Core\Network\TorDetector.cpp(404,34): error C2641: 'std::unique_lock' i├ğin ┼şablon ba─ş─▒ms─▒z de─şi┼şkenleri ├ğ─▒kar─▒lam─▒yor [C:\ShadowStrike\ShadowStrike\ShadowStrike.vcxproj]
  ('/src/Shared_modules/Core/Network/TorDetector.cpp' kaynak dosyas─▒ derleniyor)
  
C:\ShadowStrike\ShadowStrike\src\Shared_modules\Core\Network\DDosProtection.cpp(1372,17): error C2039: 'Shutdown': bir 'std::unique_ptr<ShadowStrike::Core::Network::DDosProtectionImpl,std::default_delete<ShadowStrike::Core::Network::DDosProtectionImpl>>' ├╝yesi de─şil [C:\ShadowStrike\ShadowStrike\ShadowStrike.vcxproj]
  ('/src/Shared_modules/Core/Network/DDosProtection.cpp' kaynak dosyas─▒ derleniyor)
      C:\Program Files\Microsoft Visual Studio\2022\Community\VC\Tools\MSVC\14.44.35207\include\memory(3347,7):
      'std::unique_ptr<ShadowStrike::Core::Network::DDosProtectionImpl,std::default_delete<ShadowStrike::Core::Network::DDosProtectionImpl>>' bildirimine bak─▒n
  
C:\ShadowStrike\ShadowStrike\src\Shared_modules\Core\Network\VPNDetector.hpp(971,38): error C2955: 'std::unique_ptr' : s─▒n─▒f ┼şablon kullan─▒m─▒ i├ğin ┼şablon ba─ş─▒ms─▒z de─şi┼şken listesi gerekir [C:\ShadowStrike\ShadowStrike\ShadowStrike.vcxproj]
  ('/src/Shared_modules/Core/Network/VPNDetector.cpp' kaynak dosyas─▒ derleniyor)
      C:\Program Files\Microsoft Visual Studio\2022\Community\VC\Tools\MSVC\14.44.35207\include\memory(3347,7):
      'std::unique_ptr' bildirimine bak─▒n
  
C:\ShadowStrike\ShadowStrike\src\Shared_modules\Core\Network\TorDetector.cpp(405,13): error C2065: 'm_nodes': bildirimi yap─▒lmam─▒┼ş tan─▒mlay─▒c─▒ [C:\ShadowStrike\ShadowStrike\ShadowStrike.vcxproj]
  ('/src/Shared_modules/Core/Network/TorDetector.cpp' kaynak dosyas─▒ derleniyor)
  
C:\ShadowStrike\ShadowStrike\src\Shared_modules\Core\Network\VPNDetector.hpp(976,1): error C2059: s├Âzdizimi hatas─▒: '}' [C:\ShadowStrike\ShadowStrike\ShadowStrike.vcxproj]
  ('/src/Shared_modules/Core/Network/VPNDetector.cpp' kaynak dosyas─▒ derleniyor)
  
C:\ShadowStrike\ShadowStrike\src\Shared_modules\Core\Network\TorDetector.cpp(406,13): error C2065: 'm_exitNodes': bildirimi yap─▒lmam─▒┼ş tan─▒mlay─▒c─▒ [C:\ShadowStrike\ShadowStrike\ShadowStrike.vcxproj]
  ('/src/Shared_modules/Core/Network/TorDetector.cpp' kaynak dosyas─▒ derleniyor)
  
C:\ShadowStrike\ShadowStrike\src\Shared_modules\Core\Network\VPNDetector.hpp(976,1): error C2143: s├Âzdizimi hatas─▒: ';' eksik ('}' ├Âncesinde) [C:\ShadowStrike\ShadowStrike\ShadowStrike.vcxproj]
  ('/src/Shared_modules/Core/Network/VPNDetector.cpp' kaynak dosyas─▒ derleniyor)
  
C:\ShadowStrike\ShadowStrike\src\Shared_modules\Core\Network\DDosProtection.cpp(1377,22): error C2027: tan─▒ms─▒z 'ShadowStrike::Core::Network::DDosProtectionImpl' t├╝r├╝ kullan─▒ld─▒ [C:\ShadowStrike\ShadowStrike\ShadowStrike.vcxproj]
  ('/src/Shared_modules/Core/Network/DDosProtection.cpp' kaynak dosyas─▒ derleniyor)
      C:\ShadowStrike\ShadowStrike\src\Shared_modules\Core\Network\DDosProtection.hpp(169,7):
      'ShadowStrike::Core::Network::DDosProtectionImpl' bildirimine bak─▒n
  
C:\ShadowStrike\ShadowStrike\src\Shared_modules\Core\Network\TorDetector.cpp(407,13): error C2065: 'm_guardNodes': bildirimi yap─▒lmam─▒┼ş tan─▒mlay─▒c─▒ [C:\ShadowStrike\ShadowStrike\ShadowStrike.vcxproj]
  ('/src/Shared_modules/Core/Network/TorDetector.cpp' kaynak dosyas─▒ derleniyor)
  
C:\ShadowStrike\ShadowStrike\src\Shared_modules\Core\Network\TorDetector.cpp(408,13): error C2065: 'm_bridges': bildirimi yap─▒lmam─▒┼ş tan─▒mlay─▒c─▒ [C:\ShadowStrike\ShadowStrike\ShadowStrike.vcxproj]
  ('/src/Shared_modules/Core/Network/TorDetector.cpp' kaynak dosyas─▒ derleniyor)
  
C:\ShadowStrike\ShadowStrike\src\Shared_modules\Core\Network\DDosProtection.cpp(1377,30): error C2039: 'm_running': bir 'std::unique_ptr<ShadowStrike::Core::Network::DDosProtectionImpl,std::default_delete<ShadowStrike::Core::Network::DDosProtectionImpl>>' ├╝yesi de─şil [C:\ShadowStrike\ShadowStrike\ShadowStrike.vcxproj]
  ('/src/Shared_modules/Core/Network/DDosProtection.cpp' kaynak dosyas─▒ derleniyor)
      C:\Program Files\Microsoft Visual Studio\2022\Community\VC\Tools\MSVC\14.44.35207\include\memory(3347,7):
      'std::unique_ptr<ShadowStrike::Core::Network::DDosProtectionImpl,std::default_delete<ShadowStrike::Core::Network::DDosProtectionImpl>>' bildirimine bak─▒n
  
C:\ShadowStrike\ShadowStrike\src\Shared_modules\Core\Network\TorDetector.cpp(412,35): error C2065: 'm_processesMutex': bildirimi yap─▒lmam─▒┼ş tan─▒mlay─▒c─▒ [C:\ShadowStrike\ShadowStrike\ShadowStrike.vcxproj]
  ('/src/Shared_modules/Core/Network/TorDetector.cpp' kaynak dosyas─▒ derleniyor)
  
C:\ShadowStrike\ShadowStrike\src\Shared_modules\Core\Network\TorDetector.cpp(412,34): error C2641: 'std::unique_lock' i├ğin ┼şablon ba─ş─▒ms─▒z de─şi┼şkenleri ├ğ─▒kar─▒lam─▒yor [C:\ShadowStrike\ShadowStrike\ShadowStrike.vcxproj]
  ('/src/Shared_modules/Core/Network/TorDetector.cpp' kaynak dosyas─▒ derleniyor)
  
C:\ShadowStrike\ShadowStrike\src\Shared_modules\Core\Network\DDosProtection.cpp(1385,22): error C2027: tan─▒ms─▒z 'ShadowStrike::Core::Network::DDosProtectionImpl' t├╝r├╝ kullan─▒ld─▒ [C:\ShadowStrike\ShadowStrike\ShadowStrike.vcxproj]
  ('/src/Shared_modules/Core/Network/DDosProtection.cpp' kaynak dosyas─▒ derleniyor)
      C:\ShadowStrike\ShadowStrike\src\Shared_modules\Core\Network\DDosProtection.hpp(169,7):
      'ShadowStrike::Core::Network::DDosProtectionImpl' bildirimine bak─▒n
  
C:\ShadowStrike\ShadowStrike\src\Shared_modules\Core\Network\TorDetector.cpp(413,13): error C2065: 'm_processes': bildirimi yap─▒lmam─▒┼ş tan─▒mlay─▒c─▒ [C:\ShadowStrike\ShadowStrike\ShadowStrike.vcxproj]
  ('/src/Shared_modules/Core/Network/TorDetector.cpp' kaynak dosyas─▒ derleniyor)
  
C:\ShadowStrike\ShadowStrike\src\Shared_modules\Core\Network\TorDetector.cpp(417,35): error C2065: 'm_connectionsMutex': bildirimi yap─▒lmam─▒┼ş tan─▒mlay─▒c─▒ [C:\ShadowStrike\ShadowStrike\ShadowStrike.vcxproj]
  ('/src/Shared_modules/Core/Network/TorDetector.cpp' kaynak dosyas─▒ derleniyor)
  
C:\ShadowStrike\ShadowStrike\src\Shared_modules\Core\Network\DDosProtection.cpp(1385,30): error C2039: 'm_stats': bir 'std::unique_ptr<ShadowStrike::Core::Network::DDosProtectionImpl,std::default_delete<ShadowStrike::Core::Network::DDosProtectionImpl>>' ├╝yesi de─şil [C:\ShadowStrike\ShadowStrike\ShadowStrike.vcxproj]
  ('/src/Shared_modules/Core/Network/DDosProtection.cpp' kaynak dosyas─▒ derleniyor)
      C:\Program Files\Microsoft Visual Studio\2022\Community\VC\Tools\MSVC\14.44.35207\include\memory(3347,7):
      'std::unique_ptr<ShadowStrike::Core::Network::DDosProtectionImpl,std::default_delete<ShadowStrike::Core::Network::DDosProtectionImpl>>' bildirimine bak─▒n
  
C:\ShadowStrike\ShadowStrike\src\Shared_modules\Core\Network\TorDetector.cpp(417,34): error C2641: 'std::unique_lock' i├ğin ┼şablon ba─ş─▒ms─▒z de─şi┼şkenleri ├ğ─▒kar─▒lam─▒yor [C:\ShadowStrike\ShadowStrike\ShadowStrike.vcxproj]
  ('/src/Shared_modules/Core/Network/TorDetector.cpp' kaynak dosyas─▒ derleniyor)
  
C:\ShadowStrike\ShadowStrike\src\Shared_modules\Utils\StringUtils.hpp(59,24): error C2143: s├Âzdizimi hatas─▒: ';' eksik ('{' ├Âncesinde) [C:\ShadowStrike\ShadowStrike\ShadowStrike.vcxproj]
  DeviceControlManager.cpp
  ('/src/Shared_modules/Core/Network/VPNDetector.cpp' kaynak dosyas─▒ derleniyor)
  
  USBAutorunBlocker.cpp
C:\ShadowStrike\ShadowStrike\src\Shared_modules\Core\Network\P2PMonitor.cpp(838,21): error C2653: 'Logger': bir s─▒n─▒f veya ad alan─▒ ad─▒ de─şil [C:\ShadowStrike\ShadowStrike\ShadowStrike.vcxproj]
  ('/src/Shared_modules/Core/Network/P2PMonitor.cpp' kaynak dosyas─▒ derleniyor)
  
C:\ShadowStrike\ShadowStrike\src\Shared_modules\Core\Network\TorDetector.cpp(418,13): error C2065: 'm_connections': bildirimi yap─▒lmam─▒┼ş tan─▒mlay─▒c─▒ [C:\ShadowStrike\ShadowStrike\ShadowStrike.vcxproj]
  ('/src/Shared_modules/Core/Network/TorDetector.cpp' kaynak dosyas─▒ derleniyor)
  
C:\ShadowStrike\ShadowStrike\src\Shared_modules\Utils\StringUtils.hpp(59,24): error C2447: '{': i┼şlev ├╝stbilgisi eksik (eski tarzda bi├ğimsel liste mi?) [C:\ShadowStrike\ShadowStrike\ShadowStrike.vcxproj]
  ('/src/Shared_modules/Core/Network/VPNDetector.cpp' kaynak dosyas─▒ derleniyor)
  
C:\ShadowStrike\ShadowStrike\src\Shared_modules\Core\Network\DDosProtection.cpp(1391,27): error C2027: tan─▒ms─▒z 'ShadowStrike::Core::Network::DDosProtectionImpl' t├╝r├╝ kullan─▒ld─▒ [C:\ShadowStrike\ShadowStrike\ShadowStrike.vcxproj]
  ('/src/Shared_modules/Core/Network/DDosProtection.cpp' kaynak dosyas─▒ derleniyor)
      C:\ShadowStrike\ShadowStrike\src\Shared_modules\Core\Network\DDosProtection.hpp(169,7):
      'ShadowStrike::Core::Network::DDosProtectionImpl' bildirimine bak─▒n
  
C:\ShadowStrike\ShadowStrike\src\Shared_modules\Core\Network\P2PMonitor.cpp(838,29): error C3861: 'Info': tan─▒mlay─▒c─▒ bulunamad─▒ [C:\ShadowStrike\ShadowStrike\ShadowStrike.vcxproj]
  ('/src/Shared_modules/Core/Network/P2PMonitor.cpp' kaynak dosyas─▒ derleniyor)
  
C:\ShadowStrike\ShadowStrike\src\Shared_modules\Core\Network\TorDetector.cpp(422,35): error C2065: 'm_alertsMutex': bildirimi yap─▒lmam─▒┼ş tan─▒mlay─▒c─▒ [C:\ShadowStrike\ShadowStrike\ShadowStrike.vcxproj]
  ('/src/Shared_modules/Core/Network/TorDetector.cpp' kaynak dosyas─▒ derleniyor)
  
C:\ShadowStrike\ShadowStrike\src\Shared_modules\Core\Network\TorDetector.cpp(422,34): error C2641: 'std::unique_lock' i├ğin ┼şablon ba─ş─▒ms─▒z de─şi┼şkenleri ├ğ─▒kar─▒lam─▒yor [C:\ShadowStrike\ShadowStrike\ShadowStrike.vcxproj]
  ('/src/Shared_modules/Core/Network/TorDetector.cpp' kaynak dosyas─▒ derleniyor)
  
C:\ShadowStrike\ShadowStrike\src\Shared_modules\Core\Network\P2PMonitor.cpp(844,13): error C2653: 'Logger': bir s─▒n─▒f veya ad alan─▒ ad─▒ de─şil [C:\ShadowStrike\ShadowStrike\ShadowStrike.vcxproj]
  ('/src/Shared_modules/Core/Network/P2PMonitor.cpp' kaynak dosyas─▒ derleniyor)
  
C:\ShadowStrike\ShadowStrike\src\Shared_modules\Core\Network\DDosProtection.cpp(1391,35): error C2039: 'm_attackMutex': bir 'std::unique_ptr<ShadowStrike::Core::Network::DDosProtectionImpl,std::default_delete<ShadowStrike::Core::Network::DDosProtectionImpl>>' ├╝yesi de─şil [C:\ShadowStrike\ShadowStrike\ShadowStrike.vcxproj]
  ('/src/Shared_modules/Core/Network/DDosProtection.cpp' kaynak dosyas─▒ derleniyor)
      C:\Program Files\Microsoft Visual Studio\2022\Community\VC\Tools\MSVC\14.44.35207\include\memory(3347,7):
      'std::unique_ptr<ShadowStrike::Core::Network::DDosProtectionImpl,std::default_delete<ShadowStrike::Core::Network::DDosProtectionImpl>>' bildirimine bak─▒n
  
C:\ShadowStrike\ShadowStrike\src\Shared_modules\Core\Network\TorDetector.cpp(423,13): error C2065: 'm_alerts': bildirimi yap─▒lmam─▒┼ş tan─▒mlay─▒c─▒ [C:\ShadowStrike\ShadowStrike\ShadowStrike.vcxproj]
  ('/src/Shared_modules/Core/Network/TorDetector.cpp' kaynak dosyas─▒ derleniyor)
  
C:\ShadowStrike\ShadowStrike\src\Shared_modules\Core\Network\DDosProtection.cpp(1391,26): error C2641: 'std::shared_lock' i├ğin ┼şablon ba─ş─▒ms─▒z de─şi┼şkenleri ├ğ─▒kar─▒lam─▒yor [C:\ShadowStrike\ShadowStrike\ShadowStrike.vcxproj]
  ('/src/Shared_modules/Core/Network/DDosProtection.cpp' kaynak dosyas─▒ derleniyor)
  
C:\ShadowStrike\ShadowStrike\src\Shared_modules\Core\Network\P2PMonitor.cpp(844,21): error C3861: 'Info': tan─▒mlay─▒c─▒ bulunamad─▒ [C:\ShadowStrike\ShadowStrike\ShadowStrike.vcxproj]
  ('/src/Shared_modules/Core/Network/P2PMonitor.cpp' kaynak dosyas─▒ derleniyor)
  
C:\ShadowStrike\ShadowStrike\src\Shared_modules\Core\Network\BotnetDetector.cpp(418,22): error C3083: 'BotnetDetectorImpl': '::' i┼şlecinin sonundaki simge bir t├╝r olmal─▒d─▒r [C:\ShadowStrike\ShadowStrike\ShadowStrike.vcxproj]
  ('/src/Shared_modules/Core/Network/BotnetDetector.cpp' kaynak dosyas─▒ derleniyor)
  
C:\ShadowStrike\ShadowStrike\src\Shared_modules\Core\Network\TorDetector.cpp(427,34): error C2065: 'm_callbacksMutex': bildirimi yap─▒lmam─▒┼ş tan─▒mlay─▒c─▒ [C:\ShadowStrike\ShadowStrike\ShadowStrike.vcxproj]
  ('/src/Shared_modules/Core/Network/TorDetector.cpp' kaynak dosyas─▒ derleniyor)
  
C:\ShadowStrike\ShadowStrike\src\Shared_modules\Core\Network\P2PMonitor.cpp(849,13): error C2653: 'Logger': bir s─▒n─▒f veya ad alan─▒ ad─▒ de─şil [C:\ShadowStrike\ShadowStrike\ShadowStrike.vcxproj]
  ('/src/Shared_modules/Core/Network/P2PMonitor.cpp' kaynak dosyas─▒ derleniyor)
  
C:\ShadowStrike\ShadowStrike\src\Shared_modules\Core\Network\DDosProtection.cpp(1391,26): error C2780: 'std::shared_lock<_Mutex> std::shared_lock(const std::shared_lock<_Mutex> &)': 1 ba─ş─▒ms─▒z de─şi┼şken bekleniyor - 0 sa─şland─▒ [C:\ShadowStrike\ShadowStrike\ShadowStrike.vcxproj]
  ('/src/Shared_modules/Core/Network/DDosProtection.cpp' kaynak dosyas─▒ derleniyor)
      C:\Program Files\Microsoft Visual Studio\2022\Community\VC\Tools\MSVC\14.44.35207\include\shared_mutex(258,5):
      'std::shared_lock' bildirimine bak─▒n
  
C:\ShadowStrike\ShadowStrike\src\Shared_modules\Core\Network\TorDetector.cpp(427,33): error C2641: 'std::lock_guard' i├ğin ┼şablon ba─ş─▒ms─▒z de─şi┼şkenleri ├ğ─▒kar─▒lam─▒yor [C:\ShadowStrike\ShadowStrike\ShadowStrike.vcxproj]
  ('/src/Shared_modules/Core/Network/TorDetector.cpp' kaynak dosyas─▒ derleniyor)
  
C:\ShadowStrike\ShadowStrike\src\Shared_modules\Core\Network\BotnetDetector.cpp(418,42): error C2382: 'ShadowStrike::Core::Network::BotnetDetector::Initialize': yeniden tan─▒mlama; ├Âzel durum ├Âzellikleri farkl─▒ [C:\ShadowStrike\ShadowStrike\ShadowStrike.vcxproj]
  ('/src/Shared_modules/Core/Network/BotnetDetector.cpp' kaynak dosyas─▒ derleniyor)
      C:\ShadowStrike\ShadowStrike\src\Shared_modules\Core\Network\BotnetDetector.hpp(785,10):
      'ShadowStrike::Core::Network::BotnetDetector::Initialize' bildirimine bak─▒n
  
C:\ShadowStrike\ShadowStrike\src\Shared_modules\Core\Network\DDosProtection.cpp(1391,26): error C2780: 'std::shared_lock<_Mutex> std::shared_lock(std::shared_lock<_Mutex> &&) noexcept': 1 ba─ş─▒ms─▒z de─şi┼şken bekleniyor - 0 sa─şland─▒ [C:\ShadowStrike\ShadowStrike\ShadowStrike.vcxproj]
  ('/src/Shared_modules/Core/Network/DDosProtection.cpp' kaynak dosyas─▒ derleniyor)
      C:\Program Files\Microsoft Visual Studio\2022\Community\VC\Tools\MSVC\14.44.35207\include\shared_mutex(248,26):
      'std::shared_lock' bildirimine bak─▒n
  
C:\ShadowStrike\ShadowStrike\src\Shared_modules\Core\Network\TorDetector.cpp(428,13): error C2065: 'm_detectionCallbacks': bildirimi yap─▒lmam─▒┼ş tan─▒mlay─▒c─▒ [C:\ShadowStrike\ShadowStrike\ShadowStrike.vcxproj]
  ('/src/Shared_modules/Core/Network/TorDetector.cpp' kaynak dosyas─▒ derleniyor)
  
C:\ShadowStrike\ShadowStrike\src\Shared_modules\Core\Network\BotnetDetector.cpp(420,13): error C2065: 'm_initialized': bildirimi yap─▒lmam─▒┼ş tan─▒mlay─▒c─▒ [C:\ShadowStrike\ShadowStrike\ShadowStrike.vcxproj]
  ('/src/Shared_modules/Core/Network/BotnetDetector.cpp' kaynak dosyas─▒ derleniyor)
  
C:\ShadowStrike\ShadowStrike\src\Shared_modules\Core\Network\TorDetector.cpp(429,13): error C2065: 'm_alertCallbacks': bildirimi yap─▒lmam─▒┼ş tan─▒mlay─▒c─▒ [C:\ShadowStrike\ShadowStrike\ShadowStrike.vcxproj]
  ('/src/Shared_modules/Core/Network/TorDetector.cpp' kaynak dosyas─▒ derleniyor)
  
C:\ShadowStrike\ShadowStrike\src\Shared_modules\Core\Network\DDosProtection.cpp(1391,26): error C2780: 'std::shared_lock<_Mutex> std::shared_lock(_Mutex &,const std::chrono::time_point<_Clock,_Duration> &)': 2 ba─ş─▒ms─▒z de─şi┼şken bekleniyor - 0 sa─şland─▒ [C:\ShadowStrike\ShadowStrike\ShadowStrike.vcxproj]
  ('/src/Shared_modules/Core/Network/DDosProtection.cpp' kaynak dosyas─▒ derleniyor)
      C:\Program Files\Microsoft Visual Studio\2022\Community\VC\Tools\MSVC\14.44.35207\include\shared_mutex(236,26):
      'std::shared_lock' bildirimine bak─▒n
  
C:\ShadowStrike\ShadowStrike\src\Shared_modules\Core\Network\TorDetector.cpp(430,13): error C2065: 'm_processCallbacks': bildirimi yap─▒lmam─▒┼ş tan─▒mlay─▒c─▒ [C:\ShadowStrike\ShadowStrike\ShadowStrike.vcxproj]
  ('/src/Shared_modules/Core/Network/TorDetector.cpp' kaynak dosyas─▒ derleniyor)
  
C:\ShadowStrike\ShadowStrike\src\Shared_modules\Core\Network\TorDetector.cpp(431,13): error C2065: 'm_nodeListCallbacks': bildirimi yap─▒lmam─▒┼ş tan─▒mlay─▒c─▒ [C:\ShadowStrike\ShadowStrike\ShadowStrike.vcxproj]
  ('/src/Shared_modules/Core/Network/TorDetector.cpp' kaynak dosyas─▒ derleniyor)
  
C:\ShadowStrike\ShadowStrike\src\Shared_modules\Core\Network\DDosProtection.cpp(1391,26): error C2780: 'std::shared_lock<_Mutex> std::shared_lock(_Mutex &,const std::chrono::duration<_Rep,_Period> &)': 2 ba─ş─▒ms─▒z de─şi┼şken bekleniyor - 0 sa─şland─▒ [C:\ShadowStrike\ShadowStrike\ShadowStrike.vcxproj]
  ('/src/Shared_modules/Core/Network/DDosProtection.cpp' kaynak dosyas─▒ derleniyor)
      C:\Program Files\Microsoft Visual Studio\2022\Community\VC\Tools\MSVC\14.44.35207\include\shared_mutex(230,26):
      'std::shared_lock' bildirimine bak─▒n
  
C:\ShadowStrike\ShadowStrike\src\Shared_modules\Core\Network\P2PMonitor.cpp(849,21): error C3861: 'Error': tan─▒mlay─▒c─▒ bulunamad─▒ [C:\ShadowStrike\ShadowStrike\ShadowStrike.vcxproj]
  ('/src/Shared_modules/Core/Network/P2PMonitor.cpp' kaynak dosyas─▒ derleniyor)
  
C:\ShadowStrike\ShadowStrike\src\Shared_modules\Core\Network\DDosProtection.cpp(1391,26): error C2780: 'std::shared_lock<_Mutex> std::shared_lock(_Mutex &,std::adopt_lock_t) noexcept': 2 ba─ş─▒ms─▒z de─şi┼şken bekleniyor - 0 sa─şland─▒ [C:\ShadowStrike\ShadowStrike\ShadowStrike.vcxproj]
  ('/src/Shared_modules/Core/Network/DDosProtection.cpp' kaynak dosyas─▒ derleniyor)
      C:\Program Files\Microsoft Visual Studio\2022\Community\VC\Tools\MSVC\14.44.35207\include\shared_mutex(226,26):
      'std::shared_lock' bildirimine bak─▒n
  
C:\ShadowStrike\ShadowStrike\src\Shared_modules\Core\Network\DDosProtection.cpp(1391,26): error C2780: 'std::shared_lock<_Mutex> std::shared_lock(_Mutex &,std::try_to_lock_t)': 2 ba─ş─▒ms─▒z de─şi┼şken bekleniyor - 0 sa─şland─▒ [C:\ShadowStrike\ShadowStrike\ShadowStrike.vcxproj]
  ('/src/Shared_modules/Core/Network/DDosProtection.cpp' kaynak dosyas─▒ derleniyor)
      C:\Program Files\Microsoft Visual Studio\2022\Community\VC\Tools\MSVC\14.44.35207\include\shared_mutex(223,26):
      'std::shared_lock' bildirimine bak─▒n
  
C:\ShadowStrike\ShadowStrike\src\Shared_modules\Core\Network\DDosProtection.cpp(1391,26): error C2780: 'std::shared_lock<_Mutex> std::shared_lock(_Mutex &,std::defer_lock_t) noexcept': 2 ba─ş─▒ms─▒z de─şi┼şken bekleniyor - 0 sa─şland─▒ [C:\ShadowStrike\ShadowStrike\ShadowStrike.vcxproj]
  ('/src/Shared_modules/Core/Network/DDosProtection.cpp' kaynak dosyas─▒ derleniyor)
      C:\Program Files\Microsoft Visual Studio\2022\Community\VC\Tools\MSVC\14.44.35207\include\shared_mutex(220,5):
      'std::shared_lock' bildirimine bak─▒n
  
C:\ShadowStrike\ShadowStrike\src\Shared_modules\Core\Network\BotnetDetector.cpp(421,28): error C2664: 'void ShadowStrike::Utils::Logger::Warn(const char *)' : 1 ba─ş─▒ms─▒z de─şi┼şkeni 'const wchar_t [36]' de─şerinden 'const char *' de─şerine d├Ân├╝┼şt├╝r├╝lemez [C:\ShadowStrike\ShadowStrike\ShadowStrike.vcxproj]
  ('/src/Shared_modules/Core/Network/BotnetDetector.cpp' kaynak dosyas─▒ derleniyor)
      C:\ShadowStrike\ShadowStrike\src\Shared_modules\Core\Network\BotnetDetector.cpp(421,33):
      ─░┼şaretlenen t├╝rler ilgisiz; d├Ân├╝┼şt├╝rme reinterpret_cast, C stili t├╝r d├Ân├╝┼şt├╝rme veya parantez i├ğine al─▒nm─▒┼ş i┼şlev stili t├╝r d├Ân├╝┼şt├╝rme gerektiriyor
      C:\ShadowStrike\ShadowStrike\src\Shared_modules\Utils\Logger.hpp(264,16):
      'ShadowStrike::Utils::Logger::Warn' bildirimine bak─▒n
      C:\ShadowStrike\ShadowStrike\src\Shared_modules\Utils\Logger.hpp(278,16):
      'void ShadowStrike::Utils::Logger::Warn(std::basic_format_string<char,type_identity<_Args>::type...>,Args ...)' olabilirdi
          C:\ShadowStrike\ShadowStrike\src\Shared_modules\Core\Network\BotnetDetector.cpp(421,28):
          ili┼şkili k─▒s─▒tlamalar kar┼ş─▒lanmad─▒
              C:\ShadowStrike\ShadowStrike\src\Shared_modules\Utils\Logger.hpp(277,57):
              k─▒s─▒tlama yerine getirilmedi
      C:\ShadowStrike\ShadowStrike\src\Shared_modules\Core\Network\BotnetDetector.cpp(421,28):
      '(const wchar_t [36])' ba─ş─▒ms─▒z de─şi┼şken listesi e┼şlenmeye ├ğal─▒┼ş─▒l─▒rken
  
C:\ShadowStrike\ShadowStrike\src\Shared_modules\Core\Network\DDosProtection.cpp(1391,26): error C2780: 'std::shared_lock<_Mutex> std::shared_lock(_Mutex &)': 1 ba─ş─▒ms─▒z de─şi┼şken bekleniyor - 0 sa─şland─▒ [C:\ShadowStrike\ShadowStrike\ShadowStrike.vcxproj]
  ('/src/Shared_modules/Core/Network/DDosProtection.cpp' kaynak dosyas─▒ derleniyor)
      C:\Program Files\Microsoft Visual Studio\2022\Community\VC\Tools\MSVC\14.44.35207\include\shared_mutex(215,26):
      'std::shared_lock' bildirimine bak─▒n
  
C:\ShadowStrike\ShadowStrike\src\Shared_modules\Core\Network\TorDetector.cpp(434,24): error C2664: 'void ShadowStrike::Utils::Logger::Info(const char *)' : 1 ba─ş─▒ms─▒z de─şi┼şkeni 'const wchar_t [31]' de─şerinden 'const char *' de─şerine d├Ân├╝┼şt├╝r├╝lemez [C:\ShadowStrike\ShadowStrike\ShadowStrike.vcxproj]
  ('/src/Shared_modules/Core/Network/TorDetector.cpp' kaynak dosyas─▒ derleniyor)
      C:\ShadowStrike\ShadowStrike\src\Shared_modules\Core\Network\TorDetector.cpp(434,29):
      ─░┼şaretlenen t├╝rler ilgisiz; d├Ân├╝┼şt├╝rme reinterpret_cast, C stili t├╝r d├Ân├╝┼şt├╝rme veya parantez i├ğine al─▒nm─▒┼ş i┼şlev stili t├╝r d├Ân├╝┼şt├╝rme gerektiriyor
      C:\ShadowStrike\ShadowStrike\src\Shared_modules\Utils\Logger.hpp(265,16):
      'ShadowStrike::Utils::Logger::Info' bildirimine bak─▒n
      C:\ShadowStrike\ShadowStrike\src\Shared_modules\Utils\Logger.hpp(282,16):
      'void ShadowStrike::Utils::Logger::Info(std::basic_format_string<char,type_identity<_Args>::type...>,Args ...)' olabilirdi
          C:\ShadowStrike\ShadowStrike\src\Shared_modules\Core\Network\TorDetector.cpp(434,24):
          ili┼şkili k─▒s─▒tlamalar kar┼ş─▒lanmad─▒
              C:\ShadowStrike\ShadowStrike\src\Shared_modules\Utils\Logger.hpp(281,57):
              k─▒s─▒tlama yerine getirilmedi
      C:\ShadowStrike\ShadowStrike\src\Shared_modules\Core\Network\TorDetector.cpp(434,24):
      '(const wchar_t [31])' ba─ş─▒ms─▒z de─şi┼şken listesi e┼şlenmeye ├ğal─▒┼ş─▒l─▒rken
  
C:\ShadowStrike\ShadowStrike\src\Shared_modules\Core\Network\P2PMonitor.cpp(859,13): error C2653: 'Logger': bir s─▒n─▒f veya ad alan─▒ ad─▒ de─şil [C:\ShadowStrike\ShadowStrike\ShadowStrike.vcxproj]
  ('/src/Shared_modules/Core/Network/P2PMonitor.cpp' kaynak dosyas─▒ derleniyor)
  
C:\ShadowStrike\ShadowStrike\src\Shared_modules\Core\Network\DDosProtection.cpp(1391,26): error C2783: 'std::shared_lock<_Mutex> std::shared_lock(void) noexcept': ┼şablon ba─ş─▒ms─▒z de─şi┼şkeni ('_Mutex' i├ğin) anla┼ş─▒lamad─▒ [C:\ShadowStrike\ShadowStrike\ShadowStrike.vcxproj]
  ('/src/Shared_modules/Core/Network/DDosProtection.cpp' kaynak dosyas─▒ derleniyor)
      C:\Program Files\Microsoft Visual Studio\2022\Community\VC\Tools\MSVC\14.44.35207\include\shared_mutex(213,5):
      'std::shared_lock' bildirimine bak─▒n
  
C:\ShadowStrike\ShadowStrike\src\Shared_modules\Core\Network\NetworkMonitor.cpp(1354,9): error C2440: 'return': '_Ty2' - 'std::optional<ShadowStrike::Core::Network::ConnectionInfo>' d├Ân├╝┼ş├╝m├╝ yap─▒lam─▒yor [C:\ShadowStrike\ShadowStrike\ShadowStrike.vcxproj]
C:\ShadowStrike\ShadowStrike\src\Shared_modules\Core\Network\NetworkMonitor.cpp(1354,9): error C2440:         with [C:\ShadowStrike\ShadowStrike\ShadowStrike.vcxproj]
C:\ShadowStrike\ShadowStrike\src\Shared_modules\Core\Network\NetworkMonitor.cpp(1354,9): error C2440:         [ [C:\ShadowStrike\ShadowStrike\ShadowStrike.vcxproj]
C:\ShadowStrike\ShadowStrike\src\Shared_modules\Core\Network\NetworkMonitor.cpp(1354,9): error C2440:             _Ty2=ShadowStrike::Core::Network::ConnectionInfo [C:\ShadowStrike\ShadowStrike\ShadowStrike.vcxproj]
C:\ShadowStrike\ShadowStrike\src\Shared_modules\Core\Network\NetworkMonitor.cpp(1354,9): error C2440:         ] [C:\ShadowStrike\ShadowStrike\ShadowStrike.vcxproj]
  ('/src/Shared_modules/Core/Network/NetworkMonitor.cpp' kaynak dosyas─▒ derleniyor)
      C:\ShadowStrike\ShadowStrike\src\Shared_modules\Core\Network\NetworkMonitor.cpp(1354,9):
      Bu d├Ân├╝┼şt├╝rmeyi ger├ğekle┼ştirecek kullan─▒c─▒ tan─▒ml─▒ d├Ân├╝┼şt├╝rme i┼şleci yok veya i┼şle├ğ ├ğa─şr─▒lam─▒yor
  
C:\ShadowStrike\ShadowStrike\src\Shared_modules\Core\Network\P2PMonitor.cpp(859,21): error C3861: 'Info': tan─▒mlay─▒c─▒ bulunamad─▒ [C:\ShadowStrike\ShadowStrike\ShadowStrike.vcxproj]
  ('/src/Shared_modules/Core/Network/P2PMonitor.cpp' kaynak dosyas─▒ derleniyor)
  
C:\ShadowStrike\ShadowStrike\src\Shared_modules\Core\Network\DDosProtection.cpp(1391,26): error C2780: 'std::shared_lock<_Mutex> std::shared_lock(std::shared_lock<_Mutex>)': 1 ba─ş─▒ms─▒z de─şi┼şken bekleniyor - 0 sa─şland─▒ [C:\ShadowStrike\ShadowStrike\ShadowStrike.vcxproj]
  ('/src/Shared_modules/Core/Network/DDosProtection.cpp' kaynak dosyas─▒ derleniyor)
      C:\Program Files\Microsoft Visual Studio\2022\Community\VC\Tools\MSVC\14.44.35207\include\shared_mutex(209,7):
      'std::shared_lock' bildirimine bak─▒n
  
C:\ShadowStrike\ShadowStrike\src\Shared_modules\Core\Network\P2PMonitor.cpp(863,13): error C2653: 'Logger': bir s─▒n─▒f veya ad alan─▒ ad─▒ de─şil [C:\ShadowStrike\ShadowStrike\ShadowStrike.vcxproj]
  ('/src/Shared_modules/Core/Network/P2PMonitor.cpp' kaynak dosyas─▒ derleniyor)
  
C:\ShadowStrike\ShadowStrike\src\Shared_modules\Core\Network\DDosProtection.cpp(1392,12): error C2027: tan─▒ms─▒z 'ShadowStrike::Core::Network::DDosProtectionImpl' t├╝r├╝ kullan─▒ld─▒ [C:\ShadowStrike\ShadowStrike\ShadowStrike.vcxproj]
  ('/src/Shared_modules/Core/Network/DDosProtection.cpp' kaynak dosyas─▒ derleniyor)
      C:\ShadowStrike\ShadowStrike\src\Shared_modules\Core\Network\DDosProtection.hpp(169,7):
      'ShadowStrike::Core::Network::DDosProtectionImpl' bildirimine bak─▒n
  
C:\ShadowStrike\ShadowStrike\src\Shared_modules\Core\Network\P2PMonitor.cpp(863,21): error C3861: 'Error': tan─▒mlay─▒c─▒ bulunamad─▒ [C:\ShadowStrike\ShadowStrike\ShadowStrike.vcxproj]
  ('/src/Shared_modules/Core/Network/P2PMonitor.cpp' kaynak dosyas─▒ derleniyor)
  
C:\ShadowStrike\ShadowStrike\src\Shared_modules\Core\Network\TorDetector.cpp(437,24): error C2664: 'void ShadowStrike::Utils::Logger::Error(const char *)' : 1 ba─ş─▒ms─▒z de─şi┼şkeni 'const wchar_t [39]' de─şerinden 'const char *' de─şerine d├Ân├╝┼şt├╝r├╝lemez [C:\ShadowStrike\ShadowStrike\ShadowStrike.vcxproj]
  ('/src/Shared_modules/Core/Network/TorDetector.cpp' kaynak dosyas─▒ derleniyor)
      C:\ShadowStrike\ShadowStrike\src\Shared_modules\Core\Network\TorDetector.cpp(437,30):
      ─░┼şaretlenen t├╝rler ilgisiz; d├Ân├╝┼şt├╝rme reinterpret_cast, C stili t├╝r d├Ân├╝┼şt├╝rme veya parantez i├ğine al─▒nm─▒┼ş i┼şlev stili t├╝r d├Ân├╝┼şt├╝rme gerektiriyor
      C:\ShadowStrike\ShadowStrike\src\Shared_modules\Utils\Logger.hpp(263,16):
      'ShadowStrike::Utils::Logger::Error' bildirimine bak─▒n
      C:\ShadowStrike\ShadowStrike\src\Shared_modules\Utils\Logger.hpp(274,16):
      'void ShadowStrike::Utils::Logger::Error(std::basic_format_string<char,type_identity<_Args>::type...>,Args ...)' olabilirdi
          C:\ShadowStrike\ShadowStrike\src\Shared_modules\Core\Network\TorDetector.cpp(437,24):
          ili┼şkili k─▒s─▒tlamalar kar┼ş─▒lanmad─▒
              C:\ShadowStrike\ShadowStrike\src\Shared_modules\Utils\Logger.hpp(273,57):
              k─▒s─▒tlama yerine getirilmedi
      C:\ShadowStrike\ShadowStrike\src\Shared_modules\Core\Network\TorDetector.cpp(437,24):
      '(const wchar_t [39])' ba─ş─▒ms─▒z de─şi┼şken listesi e┼şlenmeye ├ğal─▒┼ş─▒l─▒rken
  
C:\ShadowStrike\ShadowStrike\src\Shared_modules\Core\Network\P2PMonitor.cpp(874,13): error C2653: 'Logger': bir s─▒n─▒f veya ad alan─▒ ad─▒ de─şil [C:\ShadowStrike\ShadowStrike\ShadowStrike.vcxproj]
  ('/src/Shared_modules/Core/Network/P2PMonitor.cpp' kaynak dosyas─▒ derleniyor)
  
C:\ShadowStrike\ShadowStrike\src\Shared_modules\Core\Network\DDosProtection.cpp(1392,20): error C2039: 'm_currentAttack': bir 'std::unique_ptr<ShadowStrike::Core::Network::DDosProtectionImpl,std::default_delete<ShadowStrike::Core::Network::DDosProtectionImpl>>' ├╝yesi de─şil [C:\ShadowStrike\ShadowStrike\ShadowStrike.vcxproj]
  ('/src/Shared_modules/Core/Network/DDosProtection.cpp' kaynak dosyas─▒ derleniyor)
      C:\Program Files\Microsoft Visual Studio\2022\Community\VC\Tools\MSVC\14.44.35207\include\memory(3347,7):
      'std::unique_ptr<ShadowStrike::Core::Network::DDosProtectionImpl,std::default_delete<ShadowStrike::Core::Network::DDosProtectionImpl>>' bildirimine bak─▒n
  
C:\ShadowStrike\ShadowStrike\src\Shared_modules\Core\Network\P2PMonitor.cpp(874,21): error C3861: 'Info': tan─▒mlay─▒c─▒ bulunamad─▒ [C:\ShadowStrike\ShadowStrike\ShadowStrike.vcxproj]
  ('/src/Shared_modules/Core/Network/P2PMonitor.cpp' kaynak dosyas─▒ derleniyor)
  
C:\ShadowStrike\ShadowStrike\src\Shared_modules\Core\Network\P2PMonitor.cpp(881,13): error C2653: 'Logger': bir s─▒n─▒f veya ad alan─▒ ad─▒ de─şil [C:\ShadowStrike\ShadowStrike\ShadowStrike.vcxproj]
  ('/src/Shared_modules/Core/Network/P2PMonitor.cpp' kaynak dosyas─▒ derleniyor)
  
C:\ShadowStrike\ShadowStrike\src\Shared_modules\Core\Network\BotnetDetector.cpp(425,24): error C2664: 'void ShadowStrike::Utils::Logger::Info(const char *)' : 1 ba─ş─▒ms─▒z de─şi┼şkeni 'const wchar_t [32]' de─şerinden 'const char *' de─şerine d├Ân├╝┼şt├╝r├╝lemez [C:\ShadowStrike\ShadowStrike\ShadowStrike.vcxproj]
  ('/src/Shared_modules/Core/Network/BotnetDetector.cpp' kaynak dosyas─▒ derleniyor)
      C:\ShadowStrike\ShadowStrike\src\Shared_modules\Core\Network\BotnetDetector.cpp(425,29):
      ─░┼şaretlenen t├╝rler ilgisiz; d├Ân├╝┼şt├╝rme reinterpret_cast, C stili t├╝r d├Ân├╝┼şt├╝rme veya parantez i├ğine al─▒nm─▒┼ş i┼şlev stili t├╝r d├Ân├╝┼şt├╝rme gerektiriyor
      C:\ShadowStrike\ShadowStrike\src\Shared_modules\Utils\Logger.hpp(265,16):
      'ShadowStrike::Utils::Logger::Info' bildirimine bak─▒n
      C:\ShadowStrike\ShadowStrike\src\Shared_modules\Utils\Logger.hpp(282,16):
      'void ShadowStrike::Utils::Logger::Info(std::basic_format_string<char,type_identity<_Args>::type...>,Args ...)' olabilirdi
          C:\ShadowStrike\ShadowStrike\src\Shared_modules\Core\Network\BotnetDetector.cpp(425,24):
          ili┼şkili k─▒s─▒tlamalar kar┼ş─▒lanmad─▒
              C:\ShadowStrike\ShadowStrike\src\Shared_modules\Utils\Logger.hpp(281,57):
              k─▒s─▒tlama yerine getirilmedi
      C:\ShadowStrike\ShadowStrike\src\Shared_modules\Core\Network\BotnetDetector.cpp(425,24):
      '(const wchar_t [32])' ba─ş─▒ms─▒z de─şi┼şken listesi e┼şlenmeye ├ğal─▒┼ş─▒l─▒rken
  
C:\ShadowStrike\ShadowStrike\src\Shared_modules\Core\Network\P2PMonitor.cpp(881,21): error C3861: 'Error': tan─▒mlay─▒c─▒ bulunamad─▒ [C:\ShadowStrike\ShadowStrike\ShadowStrike.vcxproj]
  ('/src/Shared_modules/Core/Network/P2PMonitor.cpp' kaynak dosyas─▒ derleniyor)
  
C:\ShadowStrike\ShadowStrike\src\Shared_modules\Core\Network\BotnetDetector.cpp(427,9): error C2065: 'm_config': bildirimi yap─▒lmam─▒┼ş tan─▒mlay─▒c─▒ [C:\ShadowStrike\ShadowStrike\ShadowStrike.vcxproj]
  ('/src/Shared_modules/Core/Network/BotnetDetector.cpp' kaynak dosyas─▒ derleniyor)
  
C:\ShadowStrike\ShadowStrike\src\Shared_modules\Core\Network\TorDetector.cpp(441,19): error C3083: 'TorDetectorImpl': '::' i┼şlecinin sonundaki simge bir t├╝r olmal─▒d─▒r [C:\ShadowStrike\ShadowStrike\ShadowStrike.vcxproj]
  ('/src/Shared_modules/Core/Network/TorDetector.cpp' kaynak dosyas─▒ derleniyor)
  
C:\ShadowStrike\ShadowStrike\src\Shared_modules\Core\Network\BotnetDetector.cpp(430,9): error C2065: 'm_threatIntel': bildirimi yap─▒lmam─▒┼ş tan─▒mlay─▒c─▒ [C:\ShadowStrike\ShadowStrike\ShadowStrike.vcxproj]
  ('/src/Shared_modules/Core/Network/BotnetDetector.cpp' kaynak dosyas─▒ derleniyor)
  
C:\ShadowStrike\ShadowStrike\src\Shared_modules\Core\Network\P2PMonitor.cpp(889,9): error C2653: 'Logger': bir s─▒n─▒f veya ad alan─▒ ad─▒ de─şil [C:\ShadowStrike\ShadowStrike\ShadowStrike.vcxproj]
  ('/src/Shared_modules/Core/Network/P2PMonitor.cpp' kaynak dosyas─▒ derleniyor)
  
C:\ShadowStrike\ShadowStrike\src\Shared_modules\Core\Network\DDosProtection.cpp(1398,24): error C2027: tan─▒ms─▒z 'ShadowStrike::Core::Network::DDosProtectionImpl' t├╝r├╝ kullan─▒ld─▒ [C:\ShadowStrike\ShadowStrike\ShadowStrike.vcxproj]
  ('/src/Shared_modules/Core/Network/DDosProtection.cpp' kaynak dosyas─▒ derleniyor)
      C:\ShadowStrike\ShadowStrike\src\Shared_modules\Core\Network\DDosProtection.hpp(169,7):
      'ShadowStrike::Core::Network::DDosProtectionImpl' bildirimine bak─▒n
  
C:\ShadowStrike\ShadowStrike\src\Shared_modules\Core\Network\P2PMonitor.cpp(889,17): error C3861: 'Info': tan─▒mlay─▒c─▒ bulunamad─▒ [C:\ShadowStrike\ShadowStrike\ShadowStrike.vcxproj]
  ('/src/Shared_modules/Core/Network/P2PMonitor.cpp' kaynak dosyas─▒ derleniyor)
  
C:\ShadowStrike\ShadowStrike\src\Shared_modules\Core\Network\BotnetDetector.cpp(431,9): error C2065: 'm_patternStore': bildirimi yap─▒lmam─▒┼ş tan─▒mlay─▒c─▒ [C:\ShadowStrike\ShadowStrike\ShadowStrike.vcxproj]
  ('/src/Shared_modules/Core/Network/BotnetDetector.cpp' kaynak dosyas─▒ derleniyor)
  
C:\ShadowStrike\ShadowStrike\src\Shared_modules\Core\Network\DDosProtection.cpp(1398,32): error C2039: 'm_stats': bir 'std::unique_ptr<ShadowStrike::Core::Network::DDosProtectionImpl,std::default_delete<ShadowStrike::Core::Network::DDosProtectionImpl>>' ├╝yesi de─şil [C:\ShadowStrike\ShadowStrike\ShadowStrike.vcxproj]
  ('/src/Shared_modules/Core/Network/DDosProtection.cpp' kaynak dosyas─▒ derleniyor)
      C:\Program Files\Microsoft Visual Studio\2022\Community\VC\Tools\MSVC\14.44.35207\include\memory(3347,7):
      'std::unique_ptr<ShadowStrike::Core::Network::DDosProtectionImpl,std::default_delete<ShadowStrike::Core::Network::DDosProtectionImpl>>' bildirimine bak─▒n
  
C:\ShadowStrike\ShadowStrike\src\Shared_modules\Core\Network\BotnetDetector.cpp(432,9): error C2065: 'm_signatureStore': bildirimi yap─▒lmam─▒┼ş tan─▒mlay─▒c─▒ [C:\ShadowStrike\ShadowStrike\ShadowStrike.vcxproj]
  ('/src/Shared_modules/Core/Network/BotnetDetector.cpp' kaynak dosyas─▒ derleniyor)
  
C:\ShadowStrike\ShadowStrike\src\Shared_modules\Core\Network\DDosProtection.cpp(1405,27): error C2027: tan─▒ms─▒z 'ShadowStrike::Core::Network::DDosProtectionImpl' t├╝r├╝ kullan─▒ld─▒ [C:\ShadowStrike\ShadowStrike\ShadowStrike.vcxproj]
  ('/src/Shared_modules/Core/Network/DDosProtection.cpp' kaynak dosyas─▒ derleniyor)
      C:\ShadowStrike\ShadowStrike\src\Shared_modules\Core\Network\DDosProtection.hpp(169,7):
      'ShadowStrike::Core::Network::DDosProtectionImpl' bildirimine bak─▒n
  
C:\ShadowStrike\ShadowStrike\src\Shared_modules\Core\Network\BotnetDetector.cpp(433,9): error C2065: 'm_whitelist': bildirimi yap─▒lmam─▒┼ş tan─▒mlay─▒c─▒ [C:\ShadowStrike\ShadowStrike\ShadowStrike.vcxproj]
  ('/src/Shared_modules/Core/Network/BotnetDetector.cpp' kaynak dosyas─▒ derleniyor)
  
C:\ShadowStrike\ShadowStrike\src\Shared_modules\Core\Network\DDosProtection.cpp(1405,35): error C2039: 'm_attackMutex': bir 'std::unique_ptr<ShadowStrike::Core::Network::DDosProtectionImpl,std::default_delete<ShadowStrike::Core::Network::DDosProtectionImpl>>' ├╝yesi de─şil [C:\ShadowStrike\ShadowStrike\ShadowStrike.vcxproj]
  ('/src/Shared_modules/Core/Network/DDosProtection.cpp' kaynak dosyas─▒ derleniyor)
      C:\Program Files\Microsoft Visual Studio\2022\Community\VC\Tools\MSVC\14.44.35207\include\memory(3347,7):
      'std::unique_ptr<ShadowStrike::Core::Network::DDosProtectionImpl,std::default_delete<ShadowStrike::Core::Network::DDosProtectionImpl>>' bildirimine bak─▒n
  
C:\ShadowStrike\ShadowStrike\src\Shared_modules\Core\Network\BotnetDetector.cpp(436,9): error C3861: 'InitializeDefaultSignatures': tan─▒mlay─▒c─▒ bulunamad─▒ [C:\ShadowStrike\ShadowStrike\ShadowStrike.vcxproj]
  ('/src/Shared_modules/Core/Network/BotnetDetector.cpp' kaynak dosyas─▒ derleniyor)
  
C:\ShadowStrike\ShadowStrike\src\Shared_modules\Core\Network\DDosProtection.cpp(1405,26): error C2641: 'std::shared_lock' i├ğin ┼şablon ba─ş─▒ms─▒z de─şi┼şkenleri ├ğ─▒kar─▒lam─▒yor [C:\ShadowStrike\ShadowStrike\ShadowStrike.vcxproj]
  ('/src/Shared_modules/Core/Network/DDosProtection.cpp' kaynak dosyas─▒ derleniyor)
  
C:\ShadowStrike\ShadowStrike\src\Shared_modules\Core\Network\BotnetDetector.cpp(439,27): error C2065: 'm_signatures': bildirimi yap─▒lmam─▒┼ş tan─▒mlay─▒c─▒ [C:\ShadowStrike\ShadowStrike\ShadowStrike.vcxproj]
  ('/src/Shared_modules/Core/Network/BotnetDetector.cpp' kaynak dosyas─▒ derleniyor)
  
C:\ShadowStrike\ShadowStrike\src\Shared_modules\Core\Network\NetworkMonitor.cpp(1367,13): error C2440: 'return': '_Ty2' - 'std::optional<ShadowStrike::Core::Network::ConnectionInfo>' d├Ân├╝┼ş├╝m├╝ yap─▒lam─▒yor [C:\ShadowStrike\ShadowStrike\ShadowStrike.vcxproj]
C:\ShadowStrike\ShadowStrike\src\Shared_modules\Core\Network\NetworkMonitor.cpp(1367,13): error C2440:         with [C:\ShadowStrike\ShadowStrike\ShadowStrike.vcxproj]
C:\ShadowStrike\ShadowStrike\src\Shared_modules\Core\Network\NetworkMonitor.cpp(1367,13): error C2440:         [ [C:\ShadowStrike\ShadowStrike\ShadowStrike.vcxproj]
C:\ShadowStrike\ShadowStrike\src\Shared_modules\Core\Network\NetworkMonitor.cpp(1367,13): error C2440:             _Ty2=ShadowStrike::Core::Network::ConnectionInfo [C:\ShadowStrike\ShadowStrike\ShadowStrike.vcxproj]
C:\ShadowStrike\ShadowStrike\src\Shared_modules\Core\Network\NetworkMonitor.cpp(1367,13): error C2440:         ] [C:\ShadowStrike\ShadowStrike\ShadowStrike.vcxproj]
  ('/src/Shared_modules/Core/Network/NetworkMonitor.cpp' kaynak dosyas─▒ derleniyor)
      C:\ShadowStrike\ShadowStrike\src\Shared_modules\Core\Network\NetworkMonitor.cpp(1367,13):
      Bu d├Ân├╝┼şt├╝rmeyi ger├ğekle┼ştirecek kullan─▒c─▒ tan─▒ml─▒ d├Ân├╝┼şt├╝rme i┼şleci yok veya i┼şle├ğ ├ğa─şr─▒lam─▒yor
  
C:\ShadowStrike\ShadowStrike\src\Shared_modules\Core\Network\DDosProtection.cpp(1405,26): error C2780: 'std::shared_lock<_Mutex> std::shared_lock(const std::shared_lock<_Mutex> &)': 1 ba─ş─▒ms─▒z de─şi┼şken bekleniyor - 0 sa─şland─▒ [C:\ShadowStrike\ShadowStrike\ShadowStrike.vcxproj]
  ('/src/Shared_modules/Core/Network/DDosProtection.cpp' kaynak dosyas─▒ derleniyor)
      C:\Program Files\Microsoft Visual Studio\2022\Community\VC\Tools\MSVC\14.44.35207\include\shared_mutex(258,5):
      'std::shared_lock' bildirimine bak─▒n
  
C:\ShadowStrike\ShadowStrike\src\Shared_modules\Core\Network\TorDetector.cpp(441,36): error C2382: 'ShadowStrike::Core::Network::TorDetector::Start': yeniden tan─▒mlama; ├Âzel durum ├Âzellikleri farkl─▒ [C:\ShadowStrike\ShadowStrike\ShadowStrike.vcxproj]
  ('/src/Shared_modules/Core/Network/TorDetector.cpp' kaynak dosyas─▒ derleniyor)
      C:\ShadowStrike\ShadowStrike\src\Shared_modules\Core\Network\TorDetector.hpp(682,10):
      'ShadowStrike::Core::Network::TorDetector::Start' bildirimine bak─▒n
  
C:\ShadowStrike\ShadowStrike\src\Shared_modules\Core\Network\TorDetector.cpp(443,14): error C2065: 'm_initialized': bildirimi yap─▒lmam─▒┼ş tan─▒mlay─▒c─▒ [C:\ShadowStrike\ShadowStrike\ShadowStrike.vcxproj]
  ('/src/Shared_modules/Core/Network/TorDetector.cpp' kaynak dosyas─▒ derleniyor)
  
C:\ShadowStrike\ShadowStrike\src\Shared_modules\Core\Network\DDosProtection.cpp(1405,26): error C2780: 'std::shared_lock<_Mutex> std::shared_lock(std::shared_lock<_Mutex> &&) noexcept': 1 ba─ş─▒ms─▒z de─şi┼şken bekleniyor - 0 sa─şland─▒ [C:\ShadowStrike\ShadowStrike\ShadowStrike.vcxproj]
  ('/src/Shared_modules/Core/Network/DDosProtection.cpp' kaynak dosyas─▒ derleniyor)
      C:\Program Files\Microsoft Visual Studio\2022\Community\VC\Tools\MSVC\14.44.35207\include\shared_mutex(248,26):
      'std::shared_lock' bildirimine bak─▒n
  
C:\ShadowStrike\ShadowStrike\src\Shared_modules\Core\Network\DDosProtection.cpp(1405,26): error C2780: 'std::shared_lock<_Mutex> std::shared_lock(_Mutex &,const std::chrono::time_point<_Clock,_Duration> &)': 2 ba─ş─▒ms─▒z de─şi┼şken bekleniyor - 0 sa─şland─▒ [C:\ShadowStrike\ShadowStrike\ShadowStrike.vcxproj]
  ('/src/Shared_modules/Core/Network/DDosProtection.cpp' kaynak dosyas─▒ derleniyor)
      C:\Program Files\Microsoft Visual Studio\2022\Community\VC\Tools\MSVC\14.44.35207\include\shared_mutex(236,26):
      'std::shared_lock' bildirimine bak─▒n
  
C:\ShadowStrike\ShadowStrike\src\Shared_modules\Core\Network\BotnetDetector.cpp(438,24): error C2664: 'void ShadowStrike::Utils::Logger::Info(const char *)' : 1 ba─ş─▒ms─▒z de─şi┼şkeni 'const wchar_t [60]' de─şerinden 'const char *' de─şerine d├Ân├╝┼şt├╝r├╝lemez [C:\ShadowStrike\ShadowStrike\ShadowStrike.vcxproj]
  ('/src/Shared_modules/Core/Network/BotnetDetector.cpp' kaynak dosyas─▒ derleniyor)
      C:\ShadowStrike\ShadowStrike\src\Shared_modules\Core\Network\BotnetDetector.cpp(438,29):
      ─░┼şaretlenen t├╝rler ilgisiz; d├Ân├╝┼şt├╝rme reinterpret_cast, C stili t├╝r d├Ân├╝┼şt├╝rme veya parantez i├ğine al─▒nm─▒┼ş i┼şlev stili t├╝r d├Ân├╝┼şt├╝rme gerektiriyor
      C:\ShadowStrike\ShadowStrike\src\Shared_modules\Utils\Logger.hpp(265,16):
      'ShadowStrike::Utils::Logger::Info' bildirimine bak─▒n
      C:\ShadowStrike\ShadowStrike\src\Shared_modules\Utils\Logger.hpp(282,16):
      'void ShadowStrike::Utils::Logger::Info(std::basic_format_string<char,type_identity<_Args>::type...>,Args ...)' olabilirdi
          C:\ShadowStrike\ShadowStrike\src\Shared_modules\Core\Network\BotnetDetector.cpp(438,24):
          ili┼şkili k─▒s─▒tlamalar kar┼ş─▒lanmad─▒
              C:\ShadowStrike\ShadowStrike\src\Shared_modules\Utils\Logger.hpp(281,57):
              k─▒s─▒tlama yerine getirilmedi
      C:\ShadowStrike\ShadowStrike\src\Shared_modules\Core\Network\BotnetDetector.cpp(438,24):
      '(const wchar_t [60])' ba─ş─▒ms─▒z de─şi┼şken listesi e┼şlenmeye ├ğal─▒┼ş─▒l─▒rken
  
C:\ShadowStrike\ShadowStrike\src\Shared_modules\Core\Network\DDosProtection.cpp(1405,26): error C2780: 'std::shared_lock<_Mutex> std::shared_lock(_Mutex &,const std::chrono::duration<_Rep,_Period> &)': 2 ba─ş─▒ms─▒z de─şi┼şken bekleniyor - 0 sa─şland─▒ [C:\ShadowStrike\ShadowStrike\ShadowStrike.vcxproj]
  ('/src/Shared_modules/Core/Network/DDosProtection.cpp' kaynak dosyas─▒ derleniyor)
      C:\Program Files\Microsoft Visual Studio\2022\Community\VC\Tools\MSVC\14.44.35207\include\shared_mutex(230,26):
      'std::shared_lock' bildirimine bak─▒n
  
C:\ShadowStrike\ShadowStrike\src\Shared_modules\Core\Network\BotnetDetector.cpp(444,48): error C2039: 'Utf8ToWide': bir 'ShadowStrike::Utils::StringUtils' ├╝yesi de─şil [C:\ShadowStrike\ShadowStrike\ShadowStrike.vcxproj]
  ('/src/Shared_modules/Core/Network/BotnetDetector.cpp' kaynak dosyas─▒ derleniyor)
      C:\ShadowStrike\ShadowStrike\src\Shared_modules\Utils\StringUtils.hpp(63,19):
      'ShadowStrike::Utils::StringUtils' bildirimine bak─▒n
  
C:\ShadowStrike\ShadowStrike\src\Shared_modules\Core\Network\BotnetDetector.cpp(444,48): error C3861: 'Utf8ToWide': tan─▒mlay─▒c─▒ bulunamad─▒ [C:\ShadowStrike\ShadowStrike\ShadowStrike.vcxproj]
  ('/src/Shared_modules/Core/Network/BotnetDetector.cpp' kaynak dosyas─▒ derleniyor)
  
C:\ShadowStrike\ShadowStrike\src\Shared_modules\Core\Network\TorDetector.cpp(444,28): error C2664: 'void ShadowStrike::Utils::Logger::Error(const char *)' : 1 ba─ş─▒ms─▒z de─şi┼şkeni 'const wchar_t [29]' de─şerinden 'const char *' de─şerine d├Ân├╝┼şt├╝r├╝lemez [C:\ShadowStrike\ShadowStrike\ShadowStrike.vcxproj]
  ('/src/Shared_modules/Core/Network/TorDetector.cpp' kaynak dosyas─▒ derleniyor)
      C:\ShadowStrike\ShadowStrike\src\Shared_modules\Core\Network\TorDetector.cpp(444,34):
      ─░┼şaretlenen t├╝rler ilgisiz; d├Ân├╝┼şt├╝rme reinterpret_cast, C stili t├╝r d├Ân├╝┼şt├╝rme veya parantez i├ğine al─▒nm─▒┼ş i┼şlev stili t├╝r d├Ân├╝┼şt├╝rme gerektiriyor
      C:\ShadowStrike\ShadowStrike\src\Shared_modules\Utils\Logger.hpp(263,16):
      'ShadowStrike::Utils::Logger::Error' bildirimine bak─▒n
      C:\ShadowStrike\ShadowStrike\src\Shared_modules\Utils\Logger.hpp(274,16):
      'void ShadowStrike::Utils::Logger::Error(std::basic_format_string<char,type_identity<_Args>::type...>,Args ...)' olabilirdi
          C:\ShadowStrike\ShadowStrike\src\Shared_modules\Core\Network\TorDetector.cpp(444,28):
          ili┼şkili k─▒s─▒tlamalar kar┼ş─▒lanmad─▒
              C:\ShadowStrike\ShadowStrike\src\Shared_modules\Utils\Logger.hpp(273,57):
              k─▒s─▒tlama yerine getirilmedi
      C:\ShadowStrike\ShadowStrike\src\Shared_modules\Core\Network\TorDetector.cpp(444,28):
      '(const wchar_t [29])' ba─ş─▒ms─▒z de─şi┼şken listesi e┼şlenmeye ├ğal─▒┼ş─▒l─▒rken
  
C:\ShadowStrike\ShadowStrike\src\Shared_modules\Core\Network\TorDetector.cpp(448,13): error C2065: 'm_running': bildirimi yap─▒lmam─▒┼ş tan─▒mlay─▒c─▒ [C:\ShadowStrike\ShadowStrike\ShadowStrike.vcxproj]
  ('/src/Shared_modules/Core/Network/TorDetector.cpp' kaynak dosyas─▒ derleniyor)
  
C:\ShadowStrike\ShadowStrike\src\Shared_modules\Core\Network\DDosProtection.cpp(1405,26): error C2780: 'std::shared_lock<_Mutex> std::shared_lock(_Mutex &,std::adopt_lock_t) noexcept': 2 ba─ş─▒ms─▒z de─şi┼şken bekleniyor - 0 sa─şland─▒ [C:\ShadowStrike\ShadowStrike\ShadowStrike.vcxproj]
  ('/src/Shared_modules/Core/Network/DDosProtection.cpp' kaynak dosyas─▒ derleniyor)
      C:\Program Files\Microsoft Visual Studio\2022\Community\VC\Tools\MSVC\14.44.35207\include\shared_mutex(226,26):
      'std::shared_lock' bildirimine bak─▒n
  
C:\ShadowStrike\ShadowStrike\src\Shared_modules\Core\Network\DDosProtection.cpp(1405,26): error C2780: 'std::shared_lock<_Mutex> std::shared_lock(_Mutex &,std::try_to_lock_t)': 2 ba─ş─▒ms─▒z de─şi┼şken bekleniyor - 0 sa─şland─▒ [C:\ShadowStrike\ShadowStrike\ShadowStrike.vcxproj]
  ('/src/Shared_modules/Core/Network/DDosProtection.cpp' kaynak dosyas─▒ derleniyor)
      C:\Program Files\Microsoft Visual Studio\2022\Community\VC\Tools\MSVC\14.44.35207\include\shared_mutex(223,26):
      'std::shared_lock' bildirimine bak─▒n
  
C:\ShadowStrike\ShadowStrike\src\Shared_modules\Core\Network\DDosProtection.cpp(1405,26): error C2780: 'std::shared_lock<_Mutex> std::shared_lock(_Mutex &,std::defer_lock_t) noexcept': 2 ba─ş─▒ms─▒z de─şi┼şken bekleniyor - 0 sa─şland─▒ [C:\ShadowStrike\ShadowStrike\ShadowStrike.vcxproj]
  ('/src/Shared_modules/Core/Network/DDosProtection.cpp' kaynak dosyas─▒ derleniyor)
      C:\Program Files\Microsoft Visual Studio\2022\Community\VC\Tools\MSVC\14.44.35207\include\shared_mutex(220,5):
      'std::shared_lock' bildirimine bak─▒n
  
C:\ShadowStrike\ShadowStrike\src\Shared_modules\Core\Network\BotnetDetector.cpp(443,24): error C2660: 'ShadowStrike::Utils::Logger::Error': i┼şlev 2 ba─ş─▒ms─▒z de─şi┼şken alm─▒yor [C:\ShadowStrike\ShadowStrike\ShadowStrike.vcxproj]
  ('/src/Shared_modules/Core/Network/BotnetDetector.cpp' kaynak dosyas─▒ derleniyor)
      C:\ShadowStrike\ShadowStrike\src\Shared_modules\Utils\Logger.hpp(263,16):
      'ShadowStrike::Utils::Logger::Error' bildirimine bak─▒n
      C:\ShadowStrike\ShadowStrike\src\Shared_modules\Utils\Logger.hpp(274,16):
      'void ShadowStrike::Utils::Logger::Error(std::basic_format_string<char,type_identity<_Args>::type...>,Args ...)' olabilirdi
          C:\ShadowStrike\ShadowStrike\src\Shared_modules\Core\Network\BotnetDetector.cpp(443,24):
          'void ShadowStrike::Utils::Logger::Error(std::basic_format_string<char,type_identity<_Args>::type...>,Args ...)' i┼şlev ┼şablonu ├Âzelle┼ştirilemedi
              C:\ShadowStrike\ShadowStrike\src\Shared_modules\Core\Network\BotnetDetector.cpp(443,24):
              ┼Şu ┼şablon ba─ş─▒ms─▒z de─şi┼şkenleriyle:
                  C:\ShadowStrike\ShadowStrike\src\Shared_modules\Core\Network\BotnetDetector.cpp(443,24):
                  'Args={<error type>}'
      C:\ShadowStrike\ShadowStrike\src\Shared_modules\Core\Network\BotnetDetector.cpp(443,24):
      '(const wchar_t [43], <error type>)' ba─ş─▒ms─▒z de─şi┼şken listesi e┼şlenmeye ├ğal─▒┼ş─▒l─▒rken
  
C:\ShadowStrike\ShadowStrike\src\Shared_modules\Core\Network\DDosProtection.cpp(1405,26): error C2780: 'std::shared_lock<_Mutex> std::shared_lock(_Mutex &)': 1 ba─ş─▒ms─▒z de─şi┼şken bekleniyor - 0 sa─şland─▒ [C:\ShadowStrike\ShadowStrike\ShadowStrike.vcxproj]
  ('/src/Shared_modules/Core/Network/DDosProtection.cpp' kaynak dosyas─▒ derleniyor)
      C:\Program Files\Microsoft Visual Studio\2022\Community\VC\Tools\MSVC\14.44.35207\include\shared_mutex(215,26):
      'std::shared_lock' bildirimine bak─▒n
  
C:\ShadowStrike\ShadowStrike\src\Shared_modules\Core\Network\BotnetDetector.cpp(445,9): error C2065: 'm_initialized': bildirimi yap─▒lmam─▒┼ş tan─▒mlay─▒c─▒ [C:\ShadowStrike\ShadowStrike\ShadowStrike.vcxproj]
  ('/src/Shared_modules/Core/Network/BotnetDetector.cpp' kaynak dosyas─▒ derleniyor)
  
C:\ShadowStrike\ShadowStrike\src\Shared_modules\Core\Network\TorDetector.cpp(449,28): error C2664: 'void ShadowStrike::Utils::Logger::Warn(const char *)' : 1 ba─ş─▒ms─▒z de─şi┼şkeni 'const wchar_t [29]' de─şerinden 'const char *' de─şerine d├Ân├╝┼şt├╝r├╝lemez [C:\ShadowStrike\ShadowStrike\ShadowStrike.vcxproj]
  ('/src/Shared_modules/Core/Network/TorDetector.cpp' kaynak dosyas─▒ derleniyor)
      C:\ShadowStrike\ShadowStrike\src\Shared_modules\Core\Network\TorDetector.cpp(449,33):
      ─░┼şaretlenen t├╝rler ilgisiz; d├Ân├╝┼şt├╝rme reinterpret_cast, C stili t├╝r d├Ân├╝┼şt├╝rme veya parantez i├ğine al─▒nm─▒┼ş i┼şlev stili t├╝r d├Ân├╝┼şt├╝rme gerektiriyor
      C:\ShadowStrike\ShadowStrike\src\Shared_modules\Utils\Logger.hpp(264,16):
      'ShadowStrike::Utils::Logger::Warn' bildirimine bak─▒n
      C:\ShadowStrike\ShadowStrike\src\Shared_modules\Utils\Logger.hpp(278,16):
      'void ShadowStrike::Utils::Logger::Warn(std::basic_format_string<char,type_identity<_Args>::type...>,Args ...)' olabilirdi
          C:\ShadowStrike\ShadowStrike\src\Shared_modules\Core\Network\TorDetector.cpp(449,28):
          ili┼şkili k─▒s─▒tlamalar kar┼ş─▒lanmad─▒
              C:\ShadowStrike\ShadowStrike\src\Shared_modules\Utils\Logger.hpp(277,57):
              k─▒s─▒tlama yerine getirilmedi
      C:\ShadowStrike\ShadowStrike\src\Shared_modules\Core\Network\TorDetector.cpp(449,28):
      '(const wchar_t [29])' ba─ş─▒ms─▒z de─şi┼şken listesi e┼şlenmeye ├ğal─▒┼ş─▒l─▒rken
  
C:\ShadowStrike\ShadowStrike\src\Shared_modules\Core\Network\BotnetDetector.cpp(450,22): error C3083: 'BotnetDetectorImpl': '::' i┼şlecinin sonundaki simge bir t├╝r olmal─▒d─▒r [C:\ShadowStrike\ShadowStrike\ShadowStrike.vcxproj]
  ('/src/Shared_modules/Core/Network/BotnetDetector.cpp' kaynak dosyas─▒ derleniyor)
  
C:\ShadowStrike\ShadowStrike\src\Shared_modules\Core\Network\DDosProtection.cpp(1405,26): error C2783: 'std::shared_lock<_Mutex> std::shared_lock(void) noexcept': ┼şablon ba─ş─▒ms─▒z de─şi┼şkeni ('_Mutex' i├ğin) anla┼ş─▒lamad─▒ [C:\ShadowStrike\ShadowStrike\ShadowStrike.vcxproj]
  ('/src/Shared_modules/Core/Network/DDosProtection.cpp' kaynak dosyas─▒ derleniyor)
      C:\Program Files\Microsoft Visual Studio\2022\Community\VC\Tools\MSVC\14.44.35207\include\shared_mutex(213,5):
      'std::shared_lock' bildirimine bak─▒n
  
C:\ShadowStrike\ShadowStrike\src\Shared_modules\Core\Network\BotnetDetector.cpp(452,14): error C2065: 'm_initialized': bildirimi yap─▒lmam─▒┼ş tan─▒mlay─▒c─▒ [C:\ShadowStrike\ShadowStrike\ShadowStrike.vcxproj]
  ('/src/Shared_modules/Core/Network/BotnetDetector.cpp' kaynak dosyas─▒ derleniyor)
  
C:\ShadowStrike\ShadowStrike\src\Shared_modules\Core\Network\DDosProtection.cpp(1405,26): error C2780: 'std::shared_lock<_Mutex> std::shared_lock(std::shared_lock<_Mutex>)': 1 ba─ş─▒ms─▒z de─şi┼şken bekleniyor - 0 sa─şland─▒ [C:\ShadowStrike\ShadowStrike\ShadowStrike.vcxproj]
  ('/src/Shared_modules/Core/Network/DDosProtection.cpp' kaynak dosyas─▒ derleniyor)
      C:\Program Files\Microsoft Visual Studio\2022\Community\VC\Tools\MSVC\14.44.35207\include\shared_mutex(209,7):
      'std::shared_lock' bildirimine bak─▒n
  
C:\ShadowStrike\ShadowStrike\src\Shared_modules\Core\Network\DDosProtection.cpp(1407,9): error C2027: tan─▒ms─▒z 'ShadowStrike::Core::Network::DDosProtectionImpl' t├╝r├╝ kullan─▒ld─▒ [C:\ShadowStrike\ShadowStrike\ShadowStrike.vcxproj]
  ('/src/Shared_modules/Core/Network/DDosProtection.cpp' kaynak dosyas─▒ derleniyor)
      C:\ShadowStrike\ShadowStrike\src\Shared_modules\Core\Network\DDosProtection.hpp(169,7):
      'ShadowStrike::Core::Network::DDosProtectionImpl' bildirimine bak─▒n
  
C:\ShadowStrike\ShadowStrike\src\Shared_modules\Core\Network\DDosProtection.cpp(1407,17): error C2039: 'm_currentAttack': bir 'std::unique_ptr<ShadowStrike::Core::Network::DDosProtectionImpl,std::default_delete<ShadowStrike::Core::Network::DDosProtectionImpl>>' ├╝yesi de─şil [C:\ShadowStrike\ShadowStrike\ShadowStrike.vcxproj]
  ('/src/Shared_modules/Core/Network/DDosProtection.cpp' kaynak dosyas─▒ derleniyor)
      C:\Program Files\Microsoft Visual Studio\2022\Community\VC\Tools\MSVC\14.44.35207\include\memory(3347,7):
      'std::unique_ptr<ShadowStrike::Core::Network::DDosProtectionImpl,std::default_delete<ShadowStrike::Core::Network::DDosProtectionImpl>>' bildirimine bak─▒n
  
C:\ShadowStrike\ShadowStrike\src\Shared_modules\Core\Network\TorDetector.cpp(453,24): error C2664: 'void ShadowStrike::Utils::Logger::Info(const char *)' : 1 ba─ş─▒ms─▒z de─şi┼şkeni 'const wchar_t [21]' de─şerinden 'const char *' de─şerine d├Ân├╝┼şt├╝r├╝lemez [C:\ShadowStrike\ShadowStrike\ShadowStrike.vcxproj]
  ('/src/Shared_modules/Core/Network/TorDetector.cpp' kaynak dosyas─▒ derleniyor)
      C:\ShadowStrike\ShadowStrike\src\Shared_modules\Core\Network\TorDetector.cpp(453,29):
      ─░┼şaretlenen t├╝rler ilgisiz; d├Ân├╝┼şt├╝rme reinterpret_cast, C stili t├╝r d├Ân├╝┼şt├╝rme veya parantez i├ğine al─▒nm─▒┼ş i┼şlev stili t├╝r d├Ân├╝┼şt├╝rme gerektiriyor
      C:\ShadowStrike\ShadowStrike\src\Shared_modules\Utils\Logger.hpp(265,16):
      'ShadowStrike::Utils::Logger::Info' bildirimine bak─▒n
      C:\ShadowStrike\ShadowStrike\src\Shared_modules\Utils\Logger.hpp(282,16):
      'void ShadowStrike::Utils::Logger::Info(std::basic_format_string<char,type_identity<_Args>::type...>,Args ...)' olabilirdi
          C:\ShadowStrike\ShadowStrike\src\Shared_modules\Core\Network\TorDetector.cpp(453,24):
          ili┼şkili k─▒s─▒tlamalar kar┼ş─▒lanmad─▒
              C:\ShadowStrike\ShadowStrike\src\Shared_modules\Utils\Logger.hpp(281,57):
              k─▒s─▒tlama yerine getirilmedi
      C:\ShadowStrike\ShadowStrike\src\Shared_modules\Core\Network\TorDetector.cpp(453,24):
      '(const wchar_t [21])' ba─ş─▒ms─▒z de─şi┼şken listesi e┼şlenmeye ├ğal─▒┼ş─▒l─▒rken
  
C:\ShadowStrike\ShadowStrike\src\Shared_modules\Core\Network\DDosProtection.cpp(1408,16): error C2027: tan─▒ms─▒z 'ShadowStrike::Core::Network::DDosProtectionImpl' t├╝r├╝ kullan─▒ld─▒ [C:\ShadowStrike\ShadowStrike\ShadowStrike.vcxproj]
  ('/src/Shared_modules/Core/Network/DDosProtection.cpp' kaynak dosyas─▒ derleniyor)
      C:\ShadowStrike\ShadowStrike\src\Shared_modules\Core\Network\DDosProtection.hpp(169,7):
      'ShadowStrike::Core::Network::DDosProtectionImpl' bildirimine bak─▒n
  
C:\ShadowStrike\ShadowStrike\src\Shared_modules\Core\Network\BotnetDetector.cpp(456,24): error C2664: 'void ShadowStrike::Utils::Logger::Info(const char *)' : 1 ba─ş─▒ms─▒z de─şi┼şkeni 'const wchar_t [33]' de─şerinden 'const char *' de─şerine d├Ân├╝┼şt├╝r├╝lemez [C:\ShadowStrike\ShadowStrike\ShadowStrike.vcxproj]
  ('/src/Shared_modules/Core/Network/BotnetDetector.cpp' kaynak dosyas─▒ derleniyor)
      C:\ShadowStrike\ShadowStrike\src\Shared_modules\Core\Network\BotnetDetector.cpp(456,29):
      ─░┼şaretlenen t├╝rler ilgisiz; d├Ân├╝┼şt├╝rme reinterpret_cast, C stili t├╝r d├Ân├╝┼şt├╝rme veya parantez i├ğine al─▒nm─▒┼ş i┼şlev stili t├╝r d├Ân├╝┼şt├╝rme gerektiriyor
      C:\ShadowStrike\ShadowStrike\src\Shared_modules\Utils\Logger.hpp(265,16):
      'ShadowStrike::Utils::Logger::Info' bildirimine bak─▒n
      C:\ShadowStrike\ShadowStrike\src\Shared_modules\Utils\Logger.hpp(282,16):
      'void ShadowStrike::Utils::Logger::Info(std::basic_format_string<char,type_identity<_Args>::type...>,Args ...)' olabilirdi
          C:\ShadowStrike\ShadowStrike\src\Shared_modules\Core\Network\BotnetDetector.cpp(456,24):
          ili┼şkili k─▒s─▒tlamalar kar┼ş─▒lanmad─▒
              C:\ShadowStrike\ShadowStrike\src\Shared_modules\Utils\Logger.hpp(281,57):
              k─▒s─▒tlama yerine getirilmedi
      C:\ShadowStrike\ShadowStrike\src\Shared_modules\Core\Network\BotnetDetector.cpp(456,24):
      '(const wchar_t [33])' ba─ş─▒ms─▒z de─şi┼şken listesi e┼şlenmeye ├ğal─▒┼ş─▒l─▒rken
  
C:\ShadowStrike\ShadowStrike\src\Shared_modules\Core\Network\TorDetector.cpp(458,48): error C2039: 'Utf8ToWide': bir 'ShadowStrike::Utils::StringUtils' ├╝yesi de─şil [C:\ShadowStrike\ShadowStrike\ShadowStrike.vcxproj]
  ('/src/Shared_modules/Core/Network/TorDetector.cpp' kaynak dosyas─▒ derleniyor)
      C:\ShadowStrike\ShadowStrike\src\Shared_modules\Utils\StringUtils.hpp(63,19):
      'ShadowStrike::Utils::StringUtils' bildirimine bak─▒n
  
C:\ShadowStrike\ShadowStrike\src\Shared_modules\Core\Network\BotnetDetector.cpp(461,35): error C2065: 'm_connectionsMutex': bildirimi yap─▒lmam─▒┼ş tan─▒mlay─▒c─▒ [C:\ShadowStrike\ShadowStrike\ShadowStrike.vcxproj]
  ('/src/Shared_modules/Core/Network/BotnetDetector.cpp' kaynak dosyas─▒ derleniyor)
  
C:\ShadowStrike\ShadowStrike\src\Shared_modules\Core\Network\DDosProtection.cpp(1408,24): error C2039: 'm_currentAttack': bir 'std::unique_ptr<ShadowStrike::Core::Network::DDosProtectionImpl,std::default_delete<ShadowStrike::Core::Network::DDosProtectionImpl>>' ├╝yesi de─şil [C:\ShadowStrike\ShadowStrike\ShadowStrike.vcxproj]
  ('/src/Shared_modules/Core/Network/DDosProtection.cpp' kaynak dosyas─▒ derleniyor)
      C:\Program Files\Microsoft Visual Studio\2022\Community\VC\Tools\MSVC\14.44.35207\include\memory(3347,7):
      'std::unique_ptr<ShadowStrike::Core::Network::DDosProtectionImpl,std::default_delete<ShadowStrike::Core::Network::DDosProtectionImpl>>' bildirimine bak─▒n
  
C:\ShadowStrike\ShadowStrike\src\Shared_modules\Core\Network\TorDetector.cpp(458,48): error C3861: 'Utf8ToWide': tan─▒mlay─▒c─▒ bulunamad─▒ [C:\ShadowStrike\ShadowStrike\ShadowStrike.vcxproj]
  ('/src/Shared_modules/Core/Network/TorDetector.cpp' kaynak dosyas─▒ derleniyor)
  
C:\ShadowStrike\ShadowStrike\src\Shared_modules\Core\Network\BotnetDetector.cpp(461,34): error C2641: 'std::unique_lock' i├ğin ┼şablon ba─ş─▒ms─▒z de─şi┼şkenleri ├ğ─▒kar─▒lam─▒yor [C:\ShadowStrike\ShadowStrike\ShadowStrike.vcxproj]
  ('/src/Shared_modules/Core/Network/BotnetDetector.cpp' kaynak dosyas─▒ derleniyor)
  
C:\ShadowStrike\ShadowStrike\src\Shared_modules\Core\Network\BotnetDetector.cpp(462,13): error C2065: 'm_connections': bildirimi yap─▒lmam─▒┼ş tan─▒mlay─▒c─▒ [C:\ShadowStrike\ShadowStrike\ShadowStrike.vcxproj]
  ('/src/Shared_modules/Core/Network/BotnetDetector.cpp' kaynak dosyas─▒ derleniyor)
  
C:\ShadowStrike\ShadowStrike\src\Shared_modules\Core\Network\DDosProtection.cpp(1421,9): error C2027: tan─▒ms─▒z 'ShadowStrike::Core::Network::DDosProtectionImpl' t├╝r├╝ kullan─▒ld─▒ [C:\ShadowStrike\ShadowStrike\ShadowStrike.vcxproj]
  ('/src/Shared_modules/Core/Network/DDosProtection.cpp' kaynak dosyas─▒ derleniyor)
      C:\ShadowStrike\ShadowStrike\src\Shared_modules\Core\Network\DDosProtection.hpp(169,7):
      'ShadowStrike::Core::Network::DDosProtectionImpl' bildirimine bak─▒n
  
C:\ShadowStrike\ShadowStrike\src\Shared_modules\Core\Network\BotnetDetector.cpp(466,35): error C2065: 'm_dgaCacheMutex': bildirimi yap─▒lmam─▒┼ş tan─▒mlay─▒c─▒ [C:\ShadowStrike\ShadowStrike\ShadowStrike.vcxproj]
  ('/src/Shared_modules/Core/Network/BotnetDetector.cpp' kaynak dosyas─▒ derleniyor)
  
C:\ShadowStrike\ShadowStrike\src\Shared_modules\Core\Network\BotnetDetector.cpp(466,34): error C2641: 'std::unique_lock' i├ğin ┼şablon ba─ş─▒ms─▒z de─şi┼şkenleri ├ğ─▒kar─▒lam─▒yor [C:\ShadowStrike\ShadowStrike\ShadowStrike.vcxproj]
  ('/src/Shared_modules/Core/Network/BotnetDetector.cpp' kaynak dosyas─▒ derleniyor)
  
C:\ShadowStrike\ShadowStrike\src\Shared_modules\Core\Network\DDosProtection.cpp(1421,17): error C2039: 'm_currentAttack': bir 'std::unique_ptr<ShadowStrike::Core::Network::DDosProtectionImpl,std::default_delete<ShadowStrike::Core::Network::DDosProtectionImpl>>' ├╝yesi de─şil [C:\ShadowStrike\ShadowStrike\ShadowStrike.vcxproj]
  ('/src/Shared_modules/Core/Network/DDosProtection.cpp' kaynak dosyas─▒ derleniyor)
      C:\Program Files\Microsoft Visual Studio\2022\Community\VC\Tools\MSVC\14.44.35207\include\memory(3347,7):
      'std::unique_ptr<ShadowStrike::Core::Network::DDosProtectionImpl,std::default_delete<ShadowStrike::Core::Network::DDosProtectionImpl>>' bildirimine bak─▒n
  
C:\ShadowStrike\ShadowStrike\src\Shared_modules\Core\Network\BotnetDetector.cpp(467,13): error C2065: 'm_dgaCache': bildirimi yap─▒lmam─▒┼ş tan─▒mlay─▒c─▒ [C:\ShadowStrike\ShadowStrike\ShadowStrike.vcxproj]
  ('/src/Shared_modules/Core/Network/BotnetDetector.cpp' kaynak dosyas─▒ derleniyor)
  
C:\ShadowStrike\ShadowStrike\src\Shared_modules\Core\Network\BotnetDetector.cpp(471,35): error C2065: 'm_signaturesMutex': bildirimi yap─▒lmam─▒┼ş tan─▒mlay─▒c─▒ [C:\ShadowStrike\ShadowStrike\ShadowStrike.vcxproj]
  ('/src/Shared_modules/Core/Network/BotnetDetector.cpp' kaynak dosyas─▒ derleniyor)
  
C:\ShadowStrike\ShadowStrike\src\Shared_modules\Core\Network\DDosProtection.cpp(1422,9): error C2027: tan─▒ms─▒z 'ShadowStrike::Core::Network::DDosProtectionImpl' t├╝r├╝ kullan─▒ld─▒ [C:\ShadowStrike\ShadowStrike\ShadowStrike.vcxproj]
  ('/src/Shared_modules/Core/Network/DDosProtection.cpp' kaynak dosyas─▒ derleniyor)
      C:\ShadowStrike\ShadowStrike\src\Shared_modules\Core\Network\DDosProtection.hpp(169,7):
      'ShadowStrike::Core::Network::DDosProtectionImpl' bildirimine bak─▒n
  
C:\ShadowStrike\ShadowStrike\src\Shared_modules\Core\Network\BotnetDetector.cpp(471,34): error C2641: 'std::unique_lock' i├ğin ┼şablon ba─ş─▒ms─▒z de─şi┼şkenleri ├ğ─▒kar─▒lam─▒yor [C:\ShadowStrike\ShadowStrike\ShadowStrike.vcxproj]
  ('/src/Shared_modules/Core/Network/BotnetDetector.cpp' kaynak dosyas─▒ derleniyor)
  
C:\ShadowStrike\ShadowStrike\src\Shared_modules\Core\Network\BotnetDetector.cpp(472,13): error C2065: 'm_signatures': bildirimi yap─▒lmam─▒┼ş tan─▒mlay─▒c─▒ [C:\ShadowStrike\ShadowStrike\ShadowStrike.vcxproj]
  ('/src/Shared_modules/Core/Network/BotnetDetector.cpp' kaynak dosyas─▒ derleniyor)
  
C:\ShadowStrike\ShadowStrike\src\Shared_modules\Core\Network\DDosProtection.cpp(1422,17): error C2039: 'ApplyMitigationImpl': bir 'std::unique_ptr<ShadowStrike::Core::Network::DDosProtectionImpl,std::default_delete<ShadowStrike::Core::Network::DDosProtectionImpl>>' ├╝yesi de─şil [C:\ShadowStrike\ShadowStrike\ShadowStrike.vcxproj]
  ('/src/Shared_modules/Core/Network/DDosProtection.cpp' kaynak dosyas─▒ derleniyor)
      C:\Program Files\Microsoft Visual Studio\2022\Community\VC\Tools\MSVC\14.44.35207\include\memory(3347,7):
      'std::unique_ptr<ShadowStrike::Core::Network::DDosProtectionImpl,std::default_delete<ShadowStrike::Core::Network::DDosProtectionImpl>>' bildirimine bak─▒n
  
C:\ShadowStrike\ShadowStrike\src\Shared_modules\Core\Network\BotnetDetector.cpp(476,35): error C2065: 'm_alertsMutex': bildirimi yap─▒lmam─▒┼ş tan─▒mlay─▒c─▒ [C:\ShadowStrike\ShadowStrike\ShadowStrike.vcxproj]
  ('/src/Shared_modules/Core/Network/BotnetDetector.cpp' kaynak dosyas─▒ derleniyor)
  
C:\ShadowStrike\ShadowStrike\src\Shared_modules\Core\Network\BotnetDetector.cpp(476,34): error C2641: 'std::unique_lock' i├ğin ┼şablon ba─ş─▒ms─▒z de─şi┼şkenleri ├ğ─▒kar─▒lam─▒yor [C:\ShadowStrike\ShadowStrike\ShadowStrike.vcxproj]
  ('/src/Shared_modules/Core/Network/BotnetDetector.cpp' kaynak dosyas─▒ derleniyor)
  
C:\ShadowStrike\ShadowStrike\src\Shared_modules\Core\Network\DDosProtection.cpp(1422,37): error C2027: tan─▒ms─▒z 'ShadowStrike::Core::Network::DDosProtectionImpl' t├╝r├╝ kullan─▒ld─▒ [C:\ShadowStrike\ShadowStrike\ShadowStrike.vcxproj]
  ('/src/Shared_modules/Core/Network/DDosProtection.cpp' kaynak dosyas─▒ derleniyor)
      C:\ShadowStrike\ShadowStrike\src\Shared_modules\Core\Network\DDosProtection.hpp(169,7):
      'ShadowStrike::Core::Network::DDosProtectionImpl' bildirimine bak─▒n
  
C:\ShadowStrike\ShadowStrike\src\Shared_modules\Core\Network\BotnetDetector.cpp(477,13): error C2065: 'm_alerts': bildirimi yap─▒lmam─▒┼ş tan─▒mlay─▒c─▒ [C:\ShadowStrike\ShadowStrike\ShadowStrike.vcxproj]
  USBDeviceMonitor.cpp
  ('/src/Shared_modules/Core/Network/BotnetDetector.cpp' kaynak dosyas─▒ derleniyor)
  
C:\ShadowStrike\ShadowStrike\src\Shared_modules\Core\Network\BotnetDetector.cpp(481,34): error C2065: 'm_callbacksMutex': bildirimi yap─▒lmam─▒┼ş tan─▒mlay─▒c─▒ [C:\ShadowStrike\ShadowStrike\ShadowStrike.vcxproj]
  ('/src/Shared_modules/Core/Network/BotnetDetector.cpp' kaynak dosyas─▒ derleniyor)
  
C:\ShadowStrike\ShadowStrike\src\Shared_modules\Core\Network\DDosProtection.cpp(1422,45): error C2039: 'm_config': bir 'std::unique_ptr<ShadowStrike::Core::Network::DDosProtectionImpl,std::default_delete<ShadowStrike::Core::Network::DDosProtectionImpl>>' ├╝yesi de─şil [C:\ShadowStrike\ShadowStrike\ShadowStrike.vcxproj]
  ('/src/Shared_modules/Core/Network/DDosProtection.cpp' kaynak dosyas─▒ derleniyor)
      C:\Program Files\Microsoft Visual Studio\2022\Community\VC\Tools\MSVC\14.44.35207\include\memory(3347,7):
      'std::unique_ptr<ShadowStrike::Core::Network::DDosProtectionImpl,std::default_delete<ShadowStrike::Core::Network::DDosProtectionImpl>>' bildirimine bak─▒n
  
C:\ShadowStrike\ShadowStrike\src\Shared_modules\Core\Network\BotnetDetector.cpp(481,33): error C2641: 'std::lock_guard' i├ğin ┼şablon ba─ş─▒ms─▒z de─şi┼şkenleri ├ğ─▒kar─▒lam─▒yor [C:\ShadowStrike\ShadowStrike\ShadowStrike.vcxproj]
  USBScanner.cpp
  ('/src/Shared_modules/Core/Network/BotnetDetector.cpp' kaynak dosyas─▒ derleniyor)
  
C:\ShadowStrike\ShadowStrike\src\Shared_modules\Core\Network\BotnetDetector.cpp(482,13): error C2065: 'm_alertCallbacks': bildirimi yap─▒lmam─▒┼ş tan─▒mlay─▒c─▒ [C:\ShadowStrike\ShadowStrike\ShadowStrike.vcxproj]
  ('/src/Shared_modules/Core/Network/BotnetDetector.cpp' kaynak dosyas─▒ derleniyor)
  
C:\ShadowStrike\ShadowStrike\src\Shared_modules\Core\Network\BotnetDetector.cpp(483,13): error C2065: 'm_beaconCallbacks': bildirimi yap─▒lmam─▒┼ş tan─▒mlay─▒c─▒ [C:\ShadowStrike\ShadowStrike\ShadowStrike.vcxproj]
  ('/src/Shared_modules/Core/Network/BotnetDetector.cpp' kaynak dosyas─▒ derleniyor)
  
C:\ShadowStrike\ShadowStrike\src\Shared_modules\Core\Network\BotnetDetector.cpp(484,13): error C2065: 'm_dgaCallbacks': bildirimi yap─▒lmam─▒┼ş tan─▒mlay─▒c─▒ [C:\ShadowStrike\ShadowStrike\ShadowStrike.vcxproj]
  ('/src/Shared_modules/Core/Network/BotnetDetector.cpp' kaynak dosyas─▒ derleniyor)
  
C:\ShadowStrike\ShadowStrike\src\Shared_modules\Core\Network\DDosProtection.cpp(1437,12): error C2027: tan─▒ms─▒z 'ShadowStrike::Core::Network::DDosProtectionImpl' t├╝r├╝ kullan─▒ld─▒ [C:\ShadowStrike\ShadowStrike\ShadowStrike.vcxproj]
  ('/src/Shared_modules/Core/Network/DDosProtection.cpp' kaynak dosyas─▒ derleniyor)
      C:\ShadowStrike\ShadowStrike\src\Shared_modules\Core\Network\DDosProtection.hpp(169,7):
      'ShadowStrike::Core::Network::DDosProtectionImpl' bildirimine bak─▒n
  
C:\ShadowStrike\ShadowStrike\src\Shared_modules\Core\Network\BotnetDetector.cpp(485,13): error C2065: 'm_c2Callbacks': bildirimi yap─▒lmam─▒┼ş tan─▒mlay─▒c─▒ [C:\ShadowStrike\ShadowStrike\ShadowStrike.vcxproj]
  ('/src/Shared_modules/Core/Network/BotnetDetector.cpp' kaynak dosyas─▒ derleniyor)
  
C:\ShadowStrike\ShadowStrike\src\Shared_modules\Core\Network\DDosProtection.cpp(1437,20): error C2039: 'ApplyMitigationImpl': bir 'std::unique_ptr<ShadowStrike::Core::Network::DDosProtectionImpl,std::default_delete<ShadowStrike::Core::Network::DDosProtectionImpl>>' ├╝yesi de─şil [C:\ShadowStrike\ShadowStrike\ShadowStrike.vcxproj]
  ('/src/Shared_modules/Core/Network/DDosProtection.cpp' kaynak dosyas─▒ derleniyor)
      C:\Program Files\Microsoft Visual Studio\2022\Community\VC\Tools\MSVC\14.44.35207\include\memory(3347,7):
      'std::unique_ptr<ShadowStrike::Core::Network::DDosProtectionImpl,std::default_delete<ShadowStrike::Core::Network::DDosProtectionImpl>>' bildirimine bak─▒n
  
C:\ShadowStrike\ShadowStrike\src\Shared_modules\Core\Network\BotnetDetector.cpp(486,13): error C2065: 'm_familyCallbacks': bildirimi yap─▒lmam─▒┼ş tan─▒mlay─▒c─▒ [C:\ShadowStrike\ShadowStrike\ShadowStrike.vcxproj]
  ('/src/Shared_modules/Core/Network/BotnetDetector.cpp' kaynak dosyas─▒ derleniyor)
  
C:\ShadowStrike\ShadowStrike\src\Shared_modules\Core\Network\DDosProtection.cpp(1444,9): error C2027: tan─▒ms─▒z 'ShadowStrike::Core::Network::DDosProtectionImpl' t├╝r├╝ kullan─▒ld─▒ [C:\ShadowStrike\ShadowStrike\ShadowStrike.vcxproj]
  ('/src/Shared_modules/Core/Network/DDosProtection.cpp' kaynak dosyas─▒ derleniyor)
      C:\ShadowStrike\ShadowStrike\src\Shared_modules\Core\Network\DDosProtection.hpp(169,7):
      'ShadowStrike::Core::Network::DDosProtectionImpl' bildirimine bak─▒n
  
C:\ShadowStrike\ShadowStrike\src\Shared_modules\Core\Network\DDosProtection.cpp(1444,17): error C2039: 'm_config': bir 'std::unique_ptr<ShadowStrike::Core::Network::DDosProtectionImpl,std::default_delete<ShadowStrike::Core::Network::DDosProtectionImpl>>' ├╝yesi de─şil [C:\ShadowStrike\ShadowStrike\ShadowStrike.vcxproj]
  ('/src/Shared_modules/Core/Network/DDosProtection.cpp' kaynak dosyas─▒ derleniyor)
      C:\Program Files\Microsoft Visual Studio\2022\Community\VC\Tools\MSVC\14.44.35207\include\memory(3347,7):
      'std::unique_ptr<ShadowStrike::Core::Network::DDosProtectionImpl,std::default_delete<ShadowStrike::Core::Network::DDosProtectionImpl>>' bildirimine bak─▒n
  
C:\ShadowStrike\ShadowStrike\src\Shared_modules\Core\Network\DDosProtection.cpp(1446,12): error C2027: tan─▒ms─▒z 'ShadowStrike::Core::Network::DDosProtectionImpl' t├╝r├╝ kullan─▒ld─▒ [C:\ShadowStrike\ShadowStrike\ShadowStrike.vcxproj]
  ('/src/Shared_modules/Core/Network/DDosProtection.cpp' kaynak dosyas─▒ derleniyor)
      C:\ShadowStrike\ShadowStrike\src\Shared_modules\Core\Network\DDosProtection.hpp(169,7):
      'ShadowStrike::Core::Network::DDosProtectionImpl' bildirimine bak─▒n
  
C:\ShadowStrike\ShadowStrike\src\Shared_modules\Core\Network\BotnetDetector.cpp(489,24): error C2664: 'void ShadowStrike::Utils::Logger::Info(const char *)' : 1 ba─ş─▒ms─▒z de─şi┼şkeni 'const wchar_t [34]' de─şerinden 'const char *' de─şerine d├Ân├╝┼şt├╝r├╝lemez [C:\ShadowStrike\ShadowStrike\ShadowStrike.vcxproj]
  ('/src/Shared_modules/Core/Network/BotnetDetector.cpp' kaynak dosyas─▒ derleniyor)
      C:\ShadowStrike\ShadowStrike\src\Shared_modules\Core\Network\BotnetDetector.cpp(489,29):
      ─░┼şaretlenen t├╝rler ilgisiz; d├Ân├╝┼şt├╝rme reinterpret_cast, C stili t├╝r d├Ân├╝┼şt├╝rme veya parantez i├ğine al─▒nm─▒┼ş i┼şlev stili t├╝r d├Ân├╝┼şt├╝rme gerektiriyor
      C:\ShadowStrike\ShadowStrike\src\Shared_modules\Utils\Logger.hpp(265,16):
      'ShadowStrike::Utils::Logger::Info' bildirimine bak─▒n
      C:\ShadowStrike\ShadowStrike\src\Shared_modules\Utils\Logger.hpp(282,16):
      'void ShadowStrike::Utils::Logger::Info(std::basic_format_string<char,type_identity<_Args>::type...>,Args ...)' olabilirdi
          C:\ShadowStrike\ShadowStrike\src\Shared_modules\Core\Network\BotnetDetector.cpp(489,24):
          ili┼şkili k─▒s─▒tlamalar kar┼ş─▒lanmad─▒
              C:\ShadowStrike\ShadowStrike\src\Shared_modules\Utils\Logger.hpp(281,57):
              k─▒s─▒tlama yerine getirilmedi
      C:\ShadowStrike\ShadowStrike\src\Shared_modules\Core\Network\BotnetDetector.cpp(489,24):
      '(const wchar_t [34])' ba─ş─▒ms─▒z de─şi┼şken listesi e┼şlenmeye ├ğal─▒┼ş─▒l─▒rken
  
C:\ShadowStrike\ShadowStrike\src\Shared_modules\Core\Network\DDosProtection.cpp(1446,20): error C2039: 'BlockIPImpl': bir 'std::unique_ptr<ShadowStrike::Core::Network::DDosProtectionImpl,std::default_delete<ShadowStrike::Core::Network::DDosProtectionImpl>>' ├╝yesi de─şil [C:\ShadowStrike\ShadowStrike\ShadowStrike.vcxproj]
  ('/src/Shared_modules/Core/Network/DDosProtection.cpp' kaynak dosyas─▒ derleniyor)
      C:\Program Files\Microsoft Visual Studio\2022\Community\VC\Tools\MSVC\14.44.35207\include\memory(3347,7):
      'std::unique_ptr<ShadowStrike::Core::Network::DDosProtectionImpl,std::default_delete<ShadowStrike::Core::Network::DDosProtectionImpl>>' bildirimine bak─▒n
  
C:\ShadowStrike\ShadowStrike\src\Shared_modules\Core\Network\BotnetDetector.cpp(492,24): error C2664: 'void ShadowStrike::Utils::Logger::Error(const char *)' : 1 ba─ş─▒ms─▒z de─şi┼şkeni 'const wchar_t [42]' de─şerinden 'const char *' de─şerine d├Ân├╝┼şt├╝r├╝lemez [C:\ShadowStrike\ShadowStrike\ShadowStrike.vcxproj]
  ('/src/Shared_modules/Core/Network/BotnetDetector.cpp' kaynak dosyas─▒ derleniyor)
      C:\ShadowStrike\ShadowStrike\src\Shared_modules\Core\Network\BotnetDetector.cpp(492,30):
      ─░┼şaretlenen t├╝rler ilgisiz; d├Ân├╝┼şt├╝rme reinterpret_cast, C stili t├╝r d├Ân├╝┼şt├╝rme veya parantez i├ğine al─▒nm─▒┼ş i┼şlev stili t├╝r d├Ân├╝┼şt├╝rme gerektiriyor
      C:\ShadowStrike\ShadowStrike\src\Shared_modules\Utils\Logger.hpp(263,16):
      'ShadowStrike::Utils::Logger::Error' bildirimine bak─▒n
      C:\ShadowStrike\ShadowStrike\src\Shared_modules\Utils\Logger.hpp(274,16):
      'void ShadowStrike::Utils::Logger::Error(std::basic_format_string<char,type_identity<_Args>::type...>,Args ...)' olabilirdi
          C:\ShadowStrike\ShadowStrike\src\Shared_modules\Core\Network\BotnetDetector.cpp(492,24):
          ili┼şkili k─▒s─▒tlamalar kar┼ş─▒lanmad─▒
              C:\ShadowStrike\ShadowStrike\src\Shared_modules\Utils\Logger.hpp(273,57):
              k─▒s─▒tlama yerine getirilmedi
      C:\ShadowStrike\ShadowStrike\src\Shared_modules\Core\Network\BotnetDetector.cpp(492,24):
      '(const wchar_t [42])' ba─ş─▒ms─▒z de─şi┼şken listesi e┼şlenmeye ├ğal─▒┼ş─▒l─▒rken
  
C:\ShadowStrike\ShadowStrike\src\Shared_modules\Core\Network\BotnetDetector.cpp(496,22): error C3083: 'BotnetDetectorImpl': '::' i┼şlecinin sonundaki simge bir t├╝r olmal─▒d─▒r [C:\ShadowStrike\ShadowStrike\ShadowStrike.vcxproj]
  ('/src/Shared_modules/Core/Network/BotnetDetector.cpp' kaynak dosyas─▒ derleniyor)
  
C:\ShadowStrike\ShadowStrike\src\Shared_modules\Core\Network\NetworkMonitor.cpp(1394,22): error C2280: 'ShadowStrike::Core::Network::ConnectionInfo &ShadowStrike::Core::Network::ConnectionInfo::operator =(const ShadowStrike::Core::Network::ConnectionInfo &)': silinmi┼ş bir i┼şleve ba┼şvurmaya ├ğal─▒┼ş─▒yor [C:\ShadowStrike\ShadowStrike\ShadowStrike.vcxproj]
  ('/src/Shared_modules/Core/Network/NetworkMonitor.cpp' kaynak dosyas─▒ derleniyor)
      C:\ShadowStrike\ShadowStrike\src\Shared_modules\Core\Network\NetworkMonitor.hpp(679,1):
      derleyici burada 'ShadowStrike::Core::Network::ConnectionInfo::operator =' olu┼şturdu
      C:\ShadowStrike\ShadowStrike\src\Shared_modules\Core\Network\NetworkMonitor.hpp(679,1):
      'ShadowStrike::Core::Network::ConnectionInfo &ShadowStrike::Core::Network::ConnectionInfo::operator =(const ShadowStrike::Core::Network::ConnectionInfo &)': veri ├╝yesi, silinmi┼ş veya eri┼şilemeyen 'ShadowStrike::Core::Network::BandwidthStats &ShadowStrike::Core::Network::BandwidthStats::operator =(const ShadowStrike::Core::Network::BandwidthStats &)' i┼şlevini ├ğa─ş─▒rd─▒─ş─▒ndan i┼şlev ├Ârt├╝k olarak silindi
      C:\ShadowStrike\ShadowStrike\src\Shared_modules\Core\Network\NetworkMonitor.hpp(624,1):
      'ShadowStrike::Core::Network::BandwidthStats &ShadowStrike::Core::Network::BandwidthStats::operator =(const ShadowStrike::Core::Network::BandwidthStats &)': veri ├╝yesi, silinmi┼ş veya eri┼şilemeyen 'std::atomic<unsigned __int64> &std::atomic<unsigned __int64>::operator =(const std::atomic<unsigned __int64> &)' i┼şlevini ├ğa─ş─▒rd─▒─ş─▒ndan i┼şlev ├Ârt├╝k olarak silindi
  
C:\ShadowStrike\ShadowStrike\src\Shared_modules\Core\Network\BotnetDetector.cpp(496,42): error C2382: 'ShadowStrike::Core::Network::BotnetDetector::Start': yeniden tan─▒mlama; ├Âzel durum ├Âzellikleri farkl─▒ [C:\ShadowStrike\ShadowStrike\ShadowStrike.vcxproj]
  ('/src/Shared_modules/Core/Network/BotnetDetector.cpp' kaynak dosyas─▒ derleniyor)
      C:\ShadowStrike\ShadowStrike\src\Shared_modules\Core\Network\BotnetDetector.hpp(791,10):
      'ShadowStrike::Core::Network::BotnetDetector::Start' bildirimine bak─▒n
  
C:\ShadowStrike\ShadowStrike\src\Shared_modules\Core\Network\BotnetDetector.cpp(498,14): error C2065: 'm_initialized': bildirimi yap─▒lmam─▒┼ş tan─▒mlay─▒c─▒ [C:\ShadowStrike\ShadowStrike\ShadowStrike.vcxproj]
  ('/src/Shared_modules/Core/Network/BotnetDetector.cpp' kaynak dosyas─▒ derleniyor)
  
C:\ShadowStrike\ShadowStrike\src\Shared_modules\Core\Network\DDosProtection.cpp(1460,27): error C2027: tan─▒ms─▒z 'ShadowStrike::Core::Network::DDosProtectionImpl' t├╝r├╝ kullan─▒ld─▒ [C:\ShadowStrike\ShadowStrike\ShadowStrike.vcxproj]
  ('/src/Shared_modules/Core/Network/DDosProtection.cpp' kaynak dosyas─▒ derleniyor)
      C:\ShadowStrike\ShadowStrike\src\Shared_modules\Core\Network\DDosProtection.hpp(169,7):
      'ShadowStrike::Core::Network::DDosProtectionImpl' bildirimine bak─▒n
  
C:\ShadowStrike\ShadowStrike\src\Shared_modules\Core\Network\BotnetDetector.cpp(499,28): error C2664: 'void ShadowStrike::Utils::Logger::Error(const char *)' : 1 ba─ş─▒ms─▒z de─şi┼şkeni 'const wchar_t [32]' de─şerinden 'const char *' de─şerine d├Ân├╝┼şt├╝r├╝lemez [C:\ShadowStrike\ShadowStrike\ShadowStrike.vcxproj]
  ('/src/Shared_modules/Core/Network/BotnetDetector.cpp' kaynak dosyas─▒ derleniyor)
      C:\ShadowStrike\ShadowStrike\src\Shared_modules\Core\Network\BotnetDetector.cpp(499,34):
      ─░┼şaretlenen t├╝rler ilgisiz; d├Ân├╝┼şt├╝rme reinterpret_cast, C stili t├╝r d├Ân├╝┼şt├╝rme veya parantez i├ğine al─▒nm─▒┼ş i┼şlev stili t├╝r d├Ân├╝┼şt├╝rme gerektiriyor
      C:\ShadowStrike\ShadowStrike\src\Shared_modules\Utils\Logger.hpp(263,16):
      'ShadowStrike::Utils::Logger::Error' bildirimine bak─▒n
      C:\ShadowStrike\ShadowStrike\src\Shared_modules\Utils\Logger.hpp(274,16):
      'void ShadowStrike::Utils::Logger::Error(std::basic_format_string<char,type_identity<_Args>::type...>,Args ...)' olabilirdi
          C:\ShadowStrike\ShadowStrike\src\Shared_modules\Core\Network\BotnetDetector.cpp(499,28):
          ili┼şkili k─▒s─▒tlamalar kar┼ş─▒lanmad─▒
              C:\ShadowStrike\ShadowStrike\src\Shared_modules\Utils\Logger.hpp(273,57):
              k─▒s─▒tlama yerine getirilmedi
      C:\ShadowStrike\ShadowStrike\src\Shared_modules\Core\Network\BotnetDetector.cpp(499,28):
      '(const wchar_t [32])' ba─ş─▒ms─▒z de─şi┼şken listesi e┼şlenmeye ├ğal─▒┼ş─▒l─▒rken
  
C:\ShadowStrike\ShadowStrike\src\Shared_modules\Core\Network\BotnetDetector.cpp(503,13): error C2065: 'm_running': bildirimi yap─▒lmam─▒┼ş tan─▒mlay─▒c─▒ [C:\ShadowStrike\ShadowStrike\ShadowStrike.vcxproj]
  ('/src/Shared_modules/Core/Network/BotnetDetector.cpp' kaynak dosyas─▒ derleniyor)
  
C:\ShadowStrike\ShadowStrike\src\Shared_modules\Core\Network\DDosProtection.cpp(1460,35): error C2039: 'm_rateLimitMutex': bir 'std::unique_ptr<ShadowStrike::Core::Network::DDosProtectionImpl,std::default_delete<ShadowStrike::Core::Network::DDosProtectionImpl>>' ├╝yesi de─şil [C:\ShadowStrike\ShadowStrike\ShadowStrike.vcxproj]
  ('/src/Shared_modules/Core/Network/DDosProtection.cpp' kaynak dosyas─▒ derleniyor)
      C:\Program Files\Microsoft Visual Studio\2022\Community\VC\Tools\MSVC\14.44.35207\include\memory(3347,7):
      'std::unique_ptr<ShadowStrike::Core::Network::DDosProtectionImpl,std::default_delete<ShadowStrike::Core::Network::DDosProtectionImpl>>' bildirimine bak─▒n
  
C:\ShadowStrike\ShadowStrike\src\Shared_modules\Core\Network\DDosProtection.cpp(1460,26): error C2641: 'std::unique_lock' i├ğin ┼şablon ba─ş─▒ms─▒z de─şi┼şkenleri ├ğ─▒kar─▒lam─▒yor [C:\ShadowStrike\ShadowStrike\ShadowStrike.vcxproj]
  ('/src/Shared_modules/Core/Network/DDosProtection.cpp' kaynak dosyas─▒ derleniyor)
  
C:\ShadowStrike\ShadowStrike\src\Shared_modules\Core\Network\DDosProtection.cpp(1460,26): error C2780: 'std::unique_lock<_Mutex> std::unique_lock(const std::unique_lock<_Mutex> &)': 1 ba─ş─▒ms─▒z de─şi┼şken bekleniyor - 0 sa─şland─▒ [C:\ShadowStrike\ShadowStrike\ShadowStrike.vcxproj]
  ('/src/Shared_modules/Core/Network/DDosProtection.cpp' kaynak dosyas─▒ derleniyor)
      C:\Program Files\Microsoft Visual Studio\2022\Community\VC\Tools\MSVC\14.44.35207\include\mutex(184,5):
      'std::unique_lock' bildirimine bak─▒n
  
C:\ShadowStrike\ShadowStrike\src\Shared_modules\Core\Network\P2PMonitor.cpp(969,13): error C2653: 'Logger': bir s─▒n─▒f veya ad alan─▒ ad─▒ de─şil [C:\ShadowStrike\ShadowStrike\ShadowStrike.vcxproj]
  ('/src/Shared_modules/Core/Network/P2PMonitor.cpp' kaynak dosyas─▒ derleniyor)
  
C:\ShadowStrike\ShadowStrike\src\Shared_modules\Core\Network\DDosProtection.cpp(1460,26): error C2780: 'std::unique_lock<_Mutex> std::unique_lock(std::unique_lock<_Mutex> &&) noexcept': 1 ba─ş─▒ms─▒z de─şi┼şken bekleniyor - 0 sa─şland─▒ [C:\ShadowStrike\ShadowStrike\ShadowStrike.vcxproj]
  ('/src/Shared_modules/Core/Network/DDosProtection.cpp' kaynak dosyas─▒ derleniyor)
      C:\Program Files\Microsoft Visual Studio\2022\Community\VC\Tools\MSVC\14.44.35207\include\mutex(168,26):
      'std::unique_lock' bildirimine bak─▒n
  
C:\ShadowStrike\ShadowStrike\src\Shared_modules\Core\Network\P2PMonitor.cpp(969,21): error C3861: 'Info': tan─▒mlay─▒c─▒ bulunamad─▒ [C:\ShadowStrike\ShadowStrike\ShadowStrike.vcxproj]
  ('/src/Shared_modules/Core/Network/P2PMonitor.cpp' kaynak dosyas─▒ derleniyor)
  
C:\ShadowStrike\ShadowStrike\src\Shared_modules\Core\Network\TorDetector.cpp(457,24): error C2660: 'ShadowStrike::Utils::Logger::Error': i┼şlev 2 ba─ş─▒ms─▒z de─şi┼şken alm─▒yor [C:\ShadowStrike\ShadowStrike\ShadowStrike.vcxproj]
  ('/src/Shared_modules/Core/Network/TorDetector.cpp' kaynak dosyas─▒ derleniyor)
      C:\ShadowStrike\ShadowStrike\src\Shared_modules\Utils\Logger.hpp(263,16):
      'ShadowStrike::Utils::Logger::Error' bildirimine bak─▒n
      C:\ShadowStrike\ShadowStrike\src\Shared_modules\Utils\Logger.hpp(274,16):
      'void ShadowStrike::Utils::Logger::Error(std::basic_format_string<char,type_identity<_Args>::type...>,Args ...)' olabilirdi
          C:\ShadowStrike\ShadowStrike\src\Shared_modules\Core\Network\TorDetector.cpp(457,24):
          'void ShadowStrike::Utils::Logger::Error(std::basic_format_string<char,type_identity<_Args>::type...>,Args ...)' i┼şlev ┼şablonu ├Âzelle┼ştirilemedi
              C:\ShadowStrike\ShadowStrike\src\Shared_modules\Core\Network\TorDetector.cpp(457,24):
              ┼Şu ┼şablon ba─ş─▒ms─▒z de─şi┼şkenleriyle:
                  C:\ShadowStrike\ShadowStrike\src\Shared_modules\Core\Network\TorDetector.cpp(457,24):
                  'Args={<error type>}'
      C:\ShadowStrike\ShadowStrike\src\Shared_modules\Core\Network\TorDetector.cpp(457,24):
      '(const wchar_t [31], <error type>)' ba─ş─▒ms─▒z de─şi┼şken listesi e┼şlenmeye ├ğal─▒┼ş─▒l─▒rken
  
C:\ShadowStrike\ShadowStrike\src\Shared_modules\Core\Network\P2PMonitor.cpp(970,13): error C2653: 'Logger': bir s─▒n─▒f veya ad alan─▒ ad─▒ de─şil [C:\ShadowStrike\ShadowStrike\ShadowStrike.vcxproj]
  ('/src/Shared_modules/Core/Network/P2PMonitor.cpp' kaynak dosyas─▒ derleniyor)
  
C:\ShadowStrike\ShadowStrike\src\Shared_modules\Core\Network\DDosProtection.cpp(1460,26): error C2780: 'std::unique_lock<_Mutex> std::unique_lock(_Mutex &,const std::chrono::time_point<_Clock,_Duration> &)': 2 ba─ş─▒ms─▒z de─şi┼şken bekleniyor - 0 sa─şland─▒ [C:\ShadowStrike\ShadowStrike\ShadowStrike.vcxproj]
  ('/src/Shared_modules/Core/Network/DDosProtection.cpp' kaynak dosyas─▒ derleniyor)
      C:\Program Files\Microsoft Visual Studio\2022\Community\VC\Tools\MSVC\14.44.35207\include\mutex(162,26):
      'std::unique_lock' bildirimine bak─▒n
  
C:\ShadowStrike\ShadowStrike\src\Shared_modules\Core\Network\TorDetector.cpp(463,19): error C3083: 'TorDetectorImpl': '::' i┼şlecinin sonundaki simge bir t├╝r olmal─▒d─▒r [C:\ShadowStrike\ShadowStrike\ShadowStrike.vcxproj]
  ('/src/Shared_modules/Core/Network/TorDetector.cpp' kaynak dosyas─▒ derleniyor)
  
C:\ShadowStrike\ShadowStrike\src\Shared_modules\Core\Network\P2PMonitor.cpp(970,21): error C3861: 'Info': tan─▒mlay─▒c─▒ bulunamad─▒ [C:\ShadowStrike\ShadowStrike\ShadowStrike.vcxproj]
  ('/src/Shared_modules/Core/Network/P2PMonitor.cpp' kaynak dosyas─▒ derleniyor)
  
C:\ShadowStrike\ShadowStrike\src\Shared_modules\Core\Network\P2PMonitor.cpp(971,13): error C2653: 'Logger': bir s─▒n─▒f veya ad alan─▒ ad─▒ de─şil [C:\ShadowStrike\ShadowStrike\ShadowStrike.vcxproj]
  ('/src/Shared_modules/Core/Network/P2PMonitor.cpp' kaynak dosyas─▒ derleniyor)
  
C:\ShadowStrike\ShadowStrike\src\Shared_modules\Core\Network\DDosProtection.cpp(1460,26): error C2780: 'std::unique_lock<_Mutex> std::unique_lock(_Mutex &,const std::chrono::duration<_Rep,_Period> &)': 2 ba─ş─▒ms─▒z de─şi┼şken bekleniyor - 0 sa─şland─▒ [C:\ShadowStrike\ShadowStrike\ShadowStrike.vcxproj]
  ('/src/Shared_modules/Core/Network/DDosProtection.cpp' kaynak dosyas─▒ derleniyor)
      C:\Program Files\Microsoft Visual Studio\2022\Community\VC\Tools\MSVC\14.44.35207\include\mutex(158,26):
      'std::unique_lock' bildirimine bak─▒n
  
C:\ShadowStrike\ShadowStrike\src\Shared_modules\Core\Network\TorDetector.cpp(463,36): error C2382: 'ShadowStrike::Core::Network::TorDetector::Stop': yeniden tan─▒mlama; ├Âzel durum ├Âzellikleri farkl─▒ [C:\ShadowStrike\ShadowStrike\ShadowStrike.vcxproj]
  ('/src/Shared_modules/Core/Network/TorDetector.cpp' kaynak dosyas─▒ derleniyor)
      C:\ShadowStrike\ShadowStrike\src\Shared_modules\Core\Network\TorDetector.hpp(687,10):
      'ShadowStrike::Core::Network::TorDetector::Stop' bildirimine bak─▒n
  
C:\ShadowStrike\ShadowStrike\src\Shared_modules\Core\Network\BotnetDetector.cpp(504,28): error C2664: 'void ShadowStrike::Utils::Logger::Warn(const char *)' : 1 ba─ş─▒ms─▒z de─şi┼şkeni 'const wchar_t [32]' de─şerinden 'const char *' de─şerine d├Ân├╝┼şt├╝r├╝lemez [C:\ShadowStrike\ShadowStrike\ShadowStrike.vcxproj]
  ('/src/Shared_modules/Core/Network/BotnetDetector.cpp' kaynak dosyas─▒ derleniyor)
      C:\ShadowStrike\ShadowStrike\src\Shared_modules\Core\Network\BotnetDetector.cpp(504,33):
      ─░┼şaretlenen t├╝rler ilgisiz; d├Ân├╝┼şt├╝rme reinterpret_cast, C stili t├╝r d├Ân├╝┼şt├╝rme veya parantez i├ğine al─▒nm─▒┼ş i┼şlev stili t├╝r d├Ân├╝┼şt├╝rme gerektiriyor
      C:\ShadowStrike\ShadowStrike\src\Shared_modules\Utils\Logger.hpp(264,16):
      'ShadowStrike::Utils::Logger::Warn' bildirimine bak─▒n
      C:\ShadowStrike\ShadowStrike\src\Shared_modules\Utils\Logger.hpp(278,16):
      'void ShadowStrike::Utils::Logger::Warn(std::basic_format_string<char,type_identity<_Args>::type...>,Args ...)' olabilirdi
          C:\ShadowStrike\ShadowStrike\src\Shared_modules\Core\Network\BotnetDetector.cpp(504,28):
          ili┼şkili k─▒s─▒tlamalar kar┼ş─▒lanmad─▒
              C:\ShadowStrike\ShadowStrike\src\Shared_modules\Utils\Logger.hpp(277,57):
              k─▒s─▒tlama yerine getirilmedi
      C:\ShadowStrike\ShadowStrike\src\Shared_modules\Core\Network\BotnetDetector.cpp(504,28):
      '(const wchar_t [32])' ba─ş─▒ms─▒z de─şi┼şken listesi e┼şlenmeye ├ğal─▒┼ş─▒l─▒rken
  
C:\ShadowStrike\ShadowStrike\src\Shared_modules\Core\Network\P2PMonitor.cpp(971,21): error C3861: 'Info': tan─▒mlay─▒c─▒ bulunamad─▒ [C:\ShadowStrike\ShadowStrike\ShadowStrike.vcxproj]
  ('/src/Shared_modules/Core/Network/P2PMonitor.cpp' kaynak dosyas─▒ derleniyor)
  
C:\ShadowStrike\ShadowStrike\src\Shared_modules\Core\Network\TorDetector.cpp(464,9): error C2065: 'm_running': bildirimi yap─▒lmam─▒┼ş tan─▒mlay─▒c─▒ [C:\ShadowStrike\ShadowStrike\ShadowStrike.vcxproj]
  ('/src/Shared_modules/Core/Network/TorDetector.cpp' kaynak dosyas─▒ derleniyor)
  
C:\ShadowStrike\ShadowStrike\src\Shared_modules\Core\Network\P2PMonitor.cpp(972,13): error C2653: 'Logger': bir s─▒n─▒f veya ad alan─▒ ad─▒ de─şil [C:\ShadowStrike\ShadowStrike\ShadowStrike.vcxproj]
  ('/src/Shared_modules/Core/Network/P2PMonitor.cpp' kaynak dosyas─▒ derleniyor)
  
C:\ShadowStrike\ShadowStrike\src\Shared_modules\Core\Network\DDosProtection.cpp(1460,26): error C2780: 'std::unique_lock<_Mutex> std::unique_lock(_Mutex &,std::try_to_lock_t)': 2 ba─ş─▒ms─▒z de─şi┼şken bekleniyor - 0 sa─şland─▒ [C:\ShadowStrike\ShadowStrike\ShadowStrike.vcxproj]
  ('/src/Shared_modules/Core/Network/DDosProtection.cpp' kaynak dosyas─▒ derleniyor)
      C:\Program Files\Microsoft Visual Studio\2022\Community\VC\Tools\MSVC\14.44.35207\include\mutex(154,26):
      'std::unique_lock' bildirimine bak─▒n
  
C:\ShadowStrike\ShadowStrike\src\Shared_modules\Core\Network\P2PMonitor.cpp(972,21): error C3861: 'Info': tan─▒mlay─▒c─▒ bulunamad─▒ [C:\ShadowStrike\ShadowStrike\ShadowStrike.vcxproj]
  ('/src/Shared_modules/Core/Network/P2PMonitor.cpp' kaynak dosyas─▒ derleniyor)
  
C:\ShadowStrike\ShadowStrike\src\Shared_modules\Core\Network\DDosProtection.cpp(1460,26): error C2780: 'std::unique_lock<_Mutex> std::unique_lock(_Mutex &,std::defer_lock_t) noexcept': 2 ba─ş─▒ms─▒z de─şi┼şken bekleniyor - 0 sa─şland─▒ [C:\ShadowStrike\ShadowStrike\ShadowStrike.vcxproj]
  ('/src/Shared_modules/Core/Network/DDosProtection.cpp' kaynak dosyas─▒ derleniyor)
      C:\Program Files\Microsoft Visual Studio\2022\Community\VC\Tools\MSVC\14.44.35207\include\mutex(151,5):
      'std::unique_lock' bildirimine bak─▒n
  
C:\ShadowStrike\ShadowStrike\src\Shared_modules\Core\Network\P2PMonitor.cpp(973,13): error C2653: 'Logger': bir s─▒n─▒f veya ad alan─▒ ad─▒ de─şil [C:\ShadowStrike\ShadowStrike\ShadowStrike.vcxproj]
  ('/src/Shared_modules/Core/Network/P2PMonitor.cpp' kaynak dosyas─▒ derleniyor)
  
C:\ShadowStrike\ShadowStrike\src\Shared_modules\Core\Network\DDosProtection.cpp(1460,26): error C2780: 'std::unique_lock<_Mutex> std::unique_lock(_Mutex &,std::adopt_lock_t) noexcept': 2 ba─ş─▒ms─▒z de─şi┼şken bekleniyor - 0 sa─şland─▒ [C:\ShadowStrike\ShadowStrike\ShadowStrike.vcxproj]
  ('/src/Shared_modules/Core/Network/DDosProtection.cpp' kaynak dosyas─▒ derleniyor)
      C:\Program Files\Microsoft Visual Studio\2022\Community\VC\Tools\MSVC\14.44.35207\include\mutex(148,26):
      'std::unique_lock' bildirimine bak─▒n
  
C:\ShadowStrike\ShadowStrike\src\Shared_modules\Core\Network\P2PMonitor.cpp(973,21): error C3861: 'Info': tan─▒mlay─▒c─▒ bulunamad─▒ [C:\ShadowStrike\ShadowStrike\ShadowStrike.vcxproj]
  ('/src/Shared_modules/Core/Network/P2PMonitor.cpp' kaynak dosyas─▒ derleniyor)
  
C:\ShadowStrike\ShadowStrike\src\Shared_modules\Core\Network\P2PMonitor.cpp(974,13): error C2653: 'Logger': bir s─▒n─▒f veya ad alan─▒ ad─▒ de─şil [C:\ShadowStrike\ShadowStrike\ShadowStrike.vcxproj]
  ('/src/Shared_modules/Core/Network/P2PMonitor.cpp' kaynak dosyas─▒ derleniyor)
  
C:\ShadowStrike\ShadowStrike\src\Shared_modules\Core\Network\BotnetDetector.cpp(508,24): error C2664: 'void ShadowStrike::Utils::Logger::Info(const char *)' : 1 ba─ş─▒ms─▒z de─şi┼şkeni 'const wchar_t [24]' de─şerinden 'const char *' de─şerine d├Ân├╝┼şt├╝r├╝lemez [C:\ShadowStrike\ShadowStrike\ShadowStrike.vcxproj]
  ('/src/Shared_modules/Core/Network/BotnetDetector.cpp' kaynak dosyas─▒ derleniyor)
      C:\ShadowStrike\ShadowStrike\src\Shared_modules\Core\Network\BotnetDetector.cpp(508,29):
      ─░┼şaretlenen t├╝rler ilgisiz; d├Ân├╝┼şt├╝rme reinterpret_cast, C stili t├╝r d├Ân├╝┼şt├╝rme veya parantez i├ğine al─▒nm─▒┼ş i┼şlev stili t├╝r d├Ân├╝┼şt├╝rme gerektiriyor
      C:\ShadowStrike\ShadowStrike\src\Shared_modules\Utils\Logger.hpp(265,16):
      'ShadowStrike::Utils::Logger::Info' bildirimine bak─▒n
      C:\ShadowStrike\ShadowStrike\src\Shared_modules\Utils\Logger.hpp(282,16):
      'void ShadowStrike::Utils::Logger::Info(std::basic_format_string<char,type_identity<_Args>::type...>,Args ...)' olabilirdi
          C:\ShadowStrike\ShadowStrike\src\Shared_modules\Core\Network\BotnetDetector.cpp(508,24):
          ili┼şkili k─▒s─▒tlamalar kar┼ş─▒lanmad─▒
              C:\ShadowStrike\ShadowStrike\src\Shared_modules\Utils\Logger.hpp(281,57):
              k─▒s─▒tlama yerine getirilmedi
      C:\ShadowStrike\ShadowStrike\src\Shared_modules\Core\Network\BotnetDetector.cpp(508,24):
      '(const wchar_t [24])' ba─ş─▒ms─▒z de─şi┼şken listesi e┼şlenmeye ├ğal─▒┼ş─▒l─▒rken
  
C:\ShadowStrike\ShadowStrike\src\Shared_modules\Core\Network\DDosProtection.cpp(1460,26): error C2780: 'std::unique_lock<_Mutex> std::unique_lock(_Mutex &)': 1 ba─ş─▒ms─▒z de─şi┼şken bekleniyor - 0 sa─şland─▒ [C:\ShadowStrike\ShadowStrike\ShadowStrike.vcxproj]
  ('/src/Shared_modules/Core/Network/DDosProtection.cpp' kaynak dosyas─▒ derleniyor)
      C:\Program Files\Microsoft Visual Studio\2022\Community\VC\Tools\MSVC\14.44.35207\include\mutex(142,26):
      'std::unique_lock' bildirimine bak─▒n
  
C:\ShadowStrike\ShadowStrike\src\Shared_modules\Core\Network\P2PMonitor.cpp(974,21): error C3861: 'Info': tan─▒mlay─▒c─▒ bulunamad─▒ [C:\ShadowStrike\ShadowStrike\ShadowStrike.vcxproj]
  AdBlocker.cpp
  ('/src/Shared_modules/Core/Network/P2PMonitor.cpp' kaynak dosyas─▒ derleniyor)
  
C:\ShadowStrike\ShadowStrike\src\Shared_modules\Core\Network\P2PMonitor.cpp(975,13): error C2653: 'Logger': bir s─▒n─▒f veya ad alan─▒ ad─▒ de─şil [C:\ShadowStrike\ShadowStrike\ShadowStrike.vcxproj]
  ('/src/Shared_modules/Core/Network/P2PMonitor.cpp' kaynak dosyas─▒ derleniyor)
  
C:\ShadowStrike\ShadowStrike\src\Shared_modules\Core\Network\DDosProtection.cpp(1460,26): error C2783: 'std::unique_lock<_Mutex> std::unique_lock(void) noexcept': ┼şablon ba─ş─▒ms─▒z de─şi┼şkeni ('_Mutex' i├ğin) anla┼ş─▒lamad─▒ [C:\ShadowStrike\ShadowStrike\ShadowStrike.vcxproj]
  ('/src/Shared_modules/Core/Network/DDosProtection.cpp' kaynak dosyas─▒ derleniyor)
      C:\Program Files\Microsoft Visual Studio\2022\Community\VC\Tools\MSVC\14.44.35207\include\mutex(140,5):
      'std::unique_lock' bildirimine bak─▒n
  
C:\ShadowStrike\ShadowStrike\src\Shared_modules\Core\Network\P2PMonitor.cpp(975,21): error C3861: 'Info': tan─▒mlay─▒c─▒ bulunamad─▒ [C:\ShadowStrike\ShadowStrike\ShadowStrike.vcxproj]
  ('/src/Shared_modules/Core/Network/P2PMonitor.cpp' kaynak dosyas─▒ derleniyor)
  
C:\ShadowStrike\ShadowStrike\src\Shared_modules\Core\Network\BotnetDetector.cpp(513,48): error C2039: 'Utf8ToWide': bir 'ShadowStrike::Utils::StringUtils' ├╝yesi de─şil [C:\ShadowStrike\ShadowStrike\ShadowStrike.vcxproj]
  ('/src/Shared_modules/Core/Network/BotnetDetector.cpp' kaynak dosyas─▒ derleniyor)
      C:\ShadowStrike\ShadowStrike\src\Shared_modules\Utils\StringUtils.hpp(63,19):
      'ShadowStrike::Utils::StringUtils' bildirimine bak─▒n
  
C:\ShadowStrike\ShadowStrike\src\Shared_modules\Core\Network\TorDetector.cpp(465,24): error C2664: 'void ShadowStrike::Utils::Logger::Info(const char *)' : 1 ba─ş─▒ms─▒z de─şi┼şkeni 'const wchar_t [21]' de─şerinden 'const char *' de─şerine d├Ân├╝┼şt├╝r├╝lemez [C:\ShadowStrike\ShadowStrike\ShadowStrike.vcxproj]
  ('/src/Shared_modules/Core/Network/TorDetector.cpp' kaynak dosyas─▒ derleniyor)
      C:\ShadowStrike\ShadowStrike\src\Shared_modules\Core\Network\TorDetector.cpp(465,29):
      ─░┼şaretlenen t├╝rler ilgisiz; d├Ân├╝┼şt├╝rme reinterpret_cast, C stili t├╝r d├Ân├╝┼şt├╝rme veya parantez i├ğine al─▒nm─▒┼ş i┼şlev stili t├╝r d├Ân├╝┼şt├╝rme gerektiriyor
      C:\ShadowStrike\ShadowStrike\src\Shared_modules\Utils\Logger.hpp(265,16):
      'ShadowStrike::Utils::Logger::Info' bildirimine bak─▒n
      C:\ShadowStrike\ShadowStrike\src\Shared_modules\Utils\Logger.hpp(282,16):
      'void ShadowStrike::Utils::Logger::Info(std::basic_format_string<char,type_identity<_Args>::type...>,Args ...)' olabilirdi
          C:\ShadowStrike\ShadowStrike\src\Shared_modules\Core\Network\TorDetector.cpp(465,24):
          ili┼şkili k─▒s─▒tlamalar kar┼ş─▒lanmad─▒
              C:\ShadowStrike\ShadowStrike\src\Shared_modules\Utils\Logger.hpp(281,57):
              k─▒s─▒tlama yerine getirilmedi
      C:\ShadowStrike\ShadowStrike\src\Shared_modules\Core\Network\TorDetector.cpp(465,24):
      '(const wchar_t [21])' ba─ş─▒ms─▒z de─şi┼şken listesi e┼şlenmeye ├ğal─▒┼ş─▒l─▒rken
  
C:\ShadowStrike\ShadowStrike\src\Shared_modules\Core\Network\P2PMonitor.cpp(976,13): error C2653: 'Logger': bir s─▒n─▒f veya ad alan─▒ ad─▒ de─şil [C:\ShadowStrike\ShadowStrike\ShadowStrike.vcxproj]
  ('/src/Shared_modules/Core/Network/P2PMonitor.cpp' kaynak dosyas─▒ derleniyor)
  
C:\ShadowStrike\ShadowStrike\src\Shared_modules\Core\Network\DDosProtection.cpp(1460,26): error C2780: 'std::unique_lock<_Mutex> std::unique_lock(std::unique_lock<_Mutex>)': 1 ba─ş─▒ms─▒z de─şi┼şken bekleniyor - 0 sa─şland─▒ [C:\ShadowStrike\ShadowStrike\ShadowStrike.vcxproj]
  ('/src/Shared_modules/Core/Network/DDosProtection.cpp' kaynak dosyas─▒ derleniyor)
      C:\Program Files\Microsoft Visual Studio\2022\Community\VC\Tools\MSVC\14.44.35207\include\mutex(136,7):
      'std::unique_lock' bildirimine bak─▒n
  
C:\ShadowStrike\ShadowStrike\src\Shared_modules\Core\Network\BotnetDetector.cpp(513,48): error C3861: 'Utf8ToWide': tan─▒mlay─▒c─▒ bulunamad─▒ [C:\ShadowStrike\ShadowStrike\ShadowStrike.vcxproj]
  ('/src/Shared_modules/Core/Network/BotnetDetector.cpp' kaynak dosyas─▒ derleniyor)
  
C:\ShadowStrike\ShadowStrike\src\Shared_modules\Core\Network\TorDetector.cpp(469,19): error C3083: 'TorDetectorImpl': '::' i┼şlecinin sonundaki simge bir t├╝r olmal─▒d─▒r [C:\ShadowStrike\ShadowStrike\ShadowStrike.vcxproj]
  ('/src/Shared_modules/Core/Network/TorDetector.cpp' kaynak dosyas─▒ derleniyor)
  
C:\ShadowStrike\ShadowStrike\src\Shared_modules\Core\Network\P2PMonitor.cpp(976,21): error C3861: 'Info': tan─▒mlay─▒c─▒ bulunamad─▒ [C:\ShadowStrike\ShadowStrike\ShadowStrike.vcxproj]
  ('/src/Shared_modules/Core/Network/P2PMonitor.cpp' kaynak dosyas─▒ derleniyor)
  
C:\ShadowStrike\ShadowStrike\src\Shared_modules\Core\Network\P2PMonitor.cpp(977,13): error C2653: 'Logger': bir s─▒n─▒f veya ad alan─▒ ad─▒ de─şil [C:\ShadowStrike\ShadowStrike\ShadowStrike.vcxproj]
  ('/src/Shared_modules/Core/Network/P2PMonitor.cpp' kaynak dosyas─▒ derleniyor)
  
C:\ShadowStrike\ShadowStrike\src\Shared_modules\Core\Network\DDosProtection.cpp(1462,20): error C2027: tan─▒ms─▒z 'ShadowStrike::Core::Network::DDosProtectionImpl' t├╝r├╝ kullan─▒ld─▒ [C:\ShadowStrike\ShadowStrike\ShadowStrike.vcxproj]
  ('/src/Shared_modules/Core/Network/DDosProtection.cpp' kaynak dosyas─▒ derleniyor)
      C:\ShadowStrike\ShadowStrike\src\Shared_modules\Core\Network\DDosProtection.hpp(169,7):
      'ShadowStrike::Core::Network::DDosProtectionImpl' bildirimine bak─▒n
  
C:\ShadowStrike\ShadowStrike\src\Shared_modules\Core\Network\TorDetector.cpp(469,36): error C2039: 'InitializeDirectoryAuthorities': bir 'ShadowStrike::Core::Network::TorDetector' ├╝yesi de─şil [C:\ShadowStrike\ShadowStrike\ShadowStrike.vcxproj]
  ('/src/Shared_modules/Core/Network/TorDetector.cpp' kaynak dosyas─▒ derleniyor)
      C:\ShadowStrike\ShadowStrike\src\Shared_modules\Core\Network\TorDetector.hpp(659,7):
      'ShadowStrike::Core::Network::TorDetector' bildirimine bak─▒n
  
C:\ShadowStrike\ShadowStrike\src\Shared_modules\Core\Network\DDosProtection.cpp(1462,28): error C2039: 'm_blacklistedIPs': bir 'std::unique_ptr<ShadowStrike::Core::Network::DDosProtectionImpl,std::default_delete<ShadowStrike::Core::Network::DDosProtectionImpl>>' ├╝yesi de─şil [C:\ShadowStrike\ShadowStrike\ShadowStrike.vcxproj]
  ('/src/Shared_modules/Core/Network/DDosProtection.cpp' kaynak dosyas─▒ derleniyor)
      C:\Program Files\Microsoft Visual Studio\2022\Community\VC\Tools\MSVC\14.44.35207\include\memory(3347,7):
      'std::unique_ptr<ShadowStrike::Core::Network::DDosProtectionImpl,std::default_delete<ShadowStrike::Core::Network::DDosProtectionImpl>>' bildirimine bak─▒n
  
C:\ShadowStrike\ShadowStrike\src\Shared_modules\Core\Network\TorDetector.cpp(471,31): error C2065: 'm_nodesMutex': bildirimi yap─▒lmam─▒┼ş tan─▒mlay─▒c─▒ [C:\ShadowStrike\ShadowStrike\ShadowStrike.vcxproj]
  ('/src/Shared_modules/Core/Network/TorDetector.cpp' kaynak dosyas─▒ derleniyor)
  
C:\ShadowStrike\ShadowStrike\src\Shared_modules\Core\Network\DDosProtection.cpp(1463,9): error C3536: 'removed': ba┼şlat─▒lmadan ├Ânce kullan─▒lamaz [C:\ShadowStrike\ShadowStrike\ShadowStrike.vcxproj]
  ('/src/Shared_modules/Core/Network/DDosProtection.cpp' kaynak dosyas─▒ derleniyor)
  
C:\ShadowStrike\ShadowStrike\src\Shared_modules\Core\Network\TorDetector.cpp(471,30): error C2641: 'std::unique_lock' i├ğin ┼şablon ba─ş─▒ms─▒z de─şi┼şkenleri ├ğ─▒kar─▒lam─▒yor [C:\ShadowStrike\ShadowStrike\ShadowStrike.vcxproj]
  ('/src/Shared_modules/Core/Network/TorDetector.cpp' kaynak dosyas─▒ derleniyor)
  
C:\ShadowStrike\ShadowStrike\src\Shared_modules\Core\Network\P2PMonitor.cpp(977,21): error C3861: 'Info': tan─▒mlay─▒c─▒ bulunamad─▒ [C:\ShadowStrike\ShadowStrike\ShadowStrike.vcxproj]
  ('/src/Shared_modules/Core/Network/P2PMonitor.cpp' kaynak dosyas─▒ derleniyor)
  
C:\ShadowStrike\ShadowStrike\src\Shared_modules\Core\Network\P2PMonitor.cpp(978,13): error C2653: 'Logger': bir s─▒n─▒f veya ad alan─▒ ad─▒ de─şil [C:\ShadowStrike\ShadowStrike\ShadowStrike.vcxproj]
  ('/src/Shared_modules/Core/Network/P2PMonitor.cpp' kaynak dosyas─▒ derleniyor)
  
C:\ShadowStrike\ShadowStrike\src\Shared_modules\Core\Network\BotnetDetector.cpp(512,24): error C2660: 'ShadowStrike::Utils::Logger::Error': i┼şlev 2 ba─ş─▒ms─▒z de─şi┼şken alm─▒yor [C:\ShadowStrike\ShadowStrike\ShadowStrike.vcxproj]
  ('/src/Shared_modules/Core/Network/BotnetDetector.cpp' kaynak dosyas─▒ derleniyor)
      C:\ShadowStrike\ShadowStrike\src\Shared_modules\Utils\Logger.hpp(263,16):
      'ShadowStrike::Utils::Logger::Error' bildirimine bak─▒n
      C:\ShadowStrike\ShadowStrike\src\Shared_modules\Utils\Logger.hpp(274,16):
      'void ShadowStrike::Utils::Logger::Error(std::basic_format_string<char,type_identity<_Args>::type...>,Args ...)' olabilirdi
          C:\ShadowStrike\ShadowStrike\src\Shared_modules\Core\Network\BotnetDetector.cpp(512,24):
          'void ShadowStrike::Utils::Logger::Error(std::basic_format_string<char,type_identity<_Args>::type...>,Args ...)' i┼şlev ┼şablonu ├Âzelle┼ştirilemedi
              C:\ShadowStrike\ShadowStrike\src\Shared_modules\Core\Network\BotnetDetector.cpp(512,24):
              ┼Şu ┼şablon ba─ş─▒ms─▒z de─şi┼şkenleriyle:
                  C:\ShadowStrike\ShadowStrike\src\Shared_modules\Core\Network\BotnetDetector.cpp(512,24):
                  'Args={<error type>}'
      C:\ShadowStrike\ShadowStrike\src\Shared_modules\Core\Network\BotnetDetector.cpp(512,24):
      '(const wchar_t [34], <error type>)' ba─ş─▒ms─▒z de─şi┼şken listesi e┼şlenmeye ├ğal─▒┼ş─▒l─▒rken
  
C:\ShadowStrike\ShadowStrike\src\Shared_modules\Core\Network\P2PMonitor.cpp(978,21): error C3861: 'Info': tan─▒mlay─▒c─▒ bulunamad─▒ [C:\ShadowStrike\ShadowStrike\ShadowStrike.vcxproj]
  ('/src/Shared_modules/Core/Network/P2PMonitor.cpp' kaynak dosyas─▒ derleniyor)
  
C:\ShadowStrike\ShadowStrike\src\Shared_modules\Core\Network\BotnetDetector.cpp(518,22): error C3083: 'BotnetDetectorImpl': '::' i┼şlecinin sonundaki simge bir t├╝r olmal─▒d─▒r [C:\ShadowStrike\ShadowStrike\ShadowStrike.vcxproj]
  ('/src/Shared_modules/Core/Network/BotnetDetector.cpp' kaynak dosyas─▒ derleniyor)
  
C:\ShadowStrike\ShadowStrike\src\Shared_modules\Core\Network\P2PMonitor.cpp(979,13): error C2653: 'Logger': bir s─▒n─▒f veya ad alan─▒ ad─▒ de─şil [C:\ShadowStrike\ShadowStrike\ShadowStrike.vcxproj]
  ('/src/Shared_modules/Core/Network/P2PMonitor.cpp' kaynak dosyas─▒ derleniyor)
  
C:\ShadowStrike\ShadowStrike\src\Shared_modules\Core\Network\P2PMonitor.cpp(979,21): error C3861: 'Info': tan─▒mlay─▒c─▒ bulunamad─▒ [C:\ShadowStrike\ShadowStrike\ShadowStrike.vcxproj]
  ('/src/Shared_modules/Core/Network/P2PMonitor.cpp' kaynak dosyas─▒ derleniyor)
  
C:\ShadowStrike\ShadowStrike\src\Shared_modules\Core\Network\BotnetDetector.cpp(518,42): error C2382: 'ShadowStrike::Core::Network::BotnetDetector::Stop': yeniden tan─▒mlama; ├Âzel durum ├Âzellikleri farkl─▒ [C:\ShadowStrike\ShadowStrike\ShadowStrike.vcxproj]
  ('/src/Shared_modules/Core/Network/BotnetDetector.cpp' kaynak dosyas─▒ derleniyor)
      C:\ShadowStrike\ShadowStrike\src\Shared_modules\Core\Network\BotnetDetector.hpp(796,10):
      'ShadowStrike::Core::Network::BotnetDetector::Stop' bildirimine bak─▒n
  
C:\ShadowStrike\ShadowStrike\src\Shared_modules\Core\Network\P2PMonitor.cpp(980,13): error C2653: 'Logger': bir s─▒n─▒f veya ad alan─▒ ad─▒ de─şil [C:\ShadowStrike\ShadowStrike\ShadowStrike.vcxproj]
  ('/src/Shared_modules/Core/Network/P2PMonitor.cpp' kaynak dosyas─▒ derleniyor)
  
C:\ShadowStrike\ShadowStrike\src\Shared_modules\Core\Network\BotnetDetector.cpp(519,9): error C2065: 'm_running': bildirimi yap─▒lmam─▒┼ş tan─▒mlay─▒c─▒ [C:\ShadowStrike\ShadowStrike\ShadowStrike.vcxproj]
  ('/src/Shared_modules/Core/Network/BotnetDetector.cpp' kaynak dosyas─▒ derleniyor)
  
C:\ShadowStrike\ShadowStrike\src\Shared_modules\Core\Network\P2PMonitor.cpp(980,21): error C3861: 'Info': tan─▒mlay─▒c─▒ bulunamad─▒ [C:\ShadowStrike\ShadowStrike\ShadowStrike.vcxproj]
  ('/src/Shared_modules/Core/Network/P2PMonitor.cpp' kaynak dosyas─▒ derleniyor)
  
C:\ShadowStrike\ShadowStrike\src\Shared_modules\Core\Network\P2PMonitor.cpp(981,13): error C2653: 'Logger': bir s─▒n─▒f veya ad alan─▒ ad─▒ de─şil [C:\ShadowStrike\ShadowStrike\ShadowStrike.vcxproj]
  ('/src/Shared_modules/Core/Network/P2PMonitor.cpp' kaynak dosyas─▒ derleniyor)
  
C:\ShadowStrike\ShadowStrike\src\Shared_modules\Core\Network\P2PMonitor.cpp(981,21): error C3861: 'Info': tan─▒mlay─▒c─▒ bulunamad─▒ [C:\ShadowStrike\ShadowStrike\ShadowStrike.vcxproj]
  ('/src/Shared_modules/Core/Network/P2PMonitor.cpp' kaynak dosyas─▒ derleniyor)
  
C:\ShadowStrike\ShadowStrike\src\Shared_modules\Core\Network\NetworkMonitor.cpp(1467,28): error C2665: 'ShadowStrike::Utils::Logger::Info': hi├ğbir a┼ş─▒r─▒ y├╝klenmi┼ş i┼şlev t├╝m arg├╝man t├╝rlerini d├Ân├╝┼şt├╝remez [C:\ShadowStrike\ShadowStrike\ShadowStrike.vcxproj]
  ('/src/Shared_modules/Core/Network/NetworkMonitor.cpp' kaynak dosyas─▒ derleniyor)
      C:\ShadowStrike\ShadowStrike\src\Shared_modules\Utils\Logger.hpp(282,16):
      'void ShadowStrike::Utils::Logger::Info<uint64_t&>(std::basic_format_string<char,uint64_t &>,uint64_t &)' olabilirdi
          C:\ShadowStrike\ShadowStrike\src\Shared_modules\Core\Network\NetworkMonitor.cpp(1467,28):
          'void ShadowStrike::Utils::Logger::Info<uint64_t&>(std::basic_format_string<char,uint64_t &>,uint64_t &)' : 1 ba─ş─▒ms─▒z de─şi┼şkeni 'const wchar_t [41]' de─şerinden 'std::basic_format_string<char,uint64_t &>' de─şerine d├Ân├╝┼şt├╝r├╝lemez
              C:\ShadowStrike\ShadowStrike\src\Shared_modules\Core\Network\NetworkMonitor.cpp(1467,33):
              'std::basic_format_string<char,uint64_t &>::basic_format_string': hi├ğbir a┼ş─▒r─▒ y├╝klenmi┼ş i┼şlev t├╝m arg├╝man t├╝rlerini d├Ân├╝┼şt├╝remez
                  C:\Program Files\Microsoft Visual Studio\2022\Community\VC\Tools\MSVC\14.44.35207\include\format(2867,1):
                  'std::basic_format_string<char,uint64_t &>::basic_format_string(std::basic_format_string<char,uint64_t &> &&)' olabilirdi
                      C:\ShadowStrike\ShadowStrike\src\Shared_modules\Core\Network\NetworkMonitor.cpp(1467,33):
                      'std::basic_format_string<char,uint64_t &>::basic_format_string(std::basic_format_string<char,uint64_t &> &&)' : 1 ba─ş─▒ms─▒z de─şi┼şkeni 'const wchar_t [41]' de─şerinden 'std::basic_format_string<char,uint64_t &> &&' de─şerine d├Ân├╝┼şt├╝r├╝lemez
                          C:\ShadowStrike\ShadowStrike\src\Shared_modules\Core\Network\NetworkMonitor.cpp(1467,33):
                          Nedeni: 'const wchar_t [41]' de─şerinden 'std::basic_format_string<char,uint64_t &>' de─şerine d├Ân├╝┼şt├╝r├╝lemez
                          C:\ShadowStrike\ShadowStrike\src\Shared_modules\Core\Network\NetworkMonitor.cpp(1467,33):
                          D├Ân├╝┼şt├╝rme ikinci bir kullan─▒c─▒ tan─▒ml─▒ d├Ân├╝┼şt├╝rme i┼şleci veya olu┼şturucu gerektiriyor
                  C:\Program Files\Microsoft Visual Studio\2022\Community\VC\Tools\MSVC\14.44.35207\include\format(2867,1):
                  veya       'std::basic_format_string<char,uint64_t &>::basic_format_string(const std::basic_format_string<char,uint64_t &> &)'
                      C:\ShadowStrike\ShadowStrike\src\Shared_modules\Core\Network\NetworkMonitor.cpp(1467,33):
                      'std::basic_format_string<char,uint64_t &>::basic_format_string(const std::basic_format_string<char,uint64_t &> &)' : 1 ba─ş─▒ms─▒z de─şi┼şkeni 'const wchar_t [41]' de─şerinden 'const std::basic_format_string<char,uint64_t &> &' de─şerine d├Ân├╝┼şt├╝r├╝lemez
                          C:\ShadowStrike\ShadowStrike\src\Shared_modules\Core\Network\NetworkMonitor.cpp(1467,33):
                          Nedeni: 'const wchar_t [41]' de─şerinden 'const std::basic_format_string<char,uint64_t &>' de─şerine d├Ân├╝┼şt├╝r├╝lemez
                          C:\ShadowStrike\ShadowStrike\src\Shared_modules\Core\Network\NetworkMonitor.cpp(1467,33):
                          D├Ân├╝┼şt├╝rme ikinci bir kullan─▒c─▒ tan─▒ml─▒ d├Ân├╝┼şt├╝rme i┼şleci veya olu┼şturucu gerektiriyor
                  C:\Program Files\Microsoft Visual Studio\2022\Community\VC\Tools\MSVC\14.44.35207\include\format(2850,5):
                  veya       'std::basic_format_string<char,uint64_t &>::basic_format_string(const _Ty &)'
                  C:\ShadowStrike\ShadowStrike\src\Shared_modules\Core\Network\NetworkMonitor.cpp(1467,33):
                  '(const wchar_t [41])' ba─ş─▒ms─▒z de─şi┼şken listesi e┼şlenmeye ├ğal─▒┼ş─▒l─▒rken
      C:\ShadowStrike\ShadowStrike\src\Shared_modules\Core\Network\NetworkMonitor.cpp(1467,28):
      '(const wchar_t [41], uint64_t)' ba─ş─▒ms─▒z de─şi┼şken listesi e┼şlenmeye ├ğal─▒┼ş─▒l─▒rken
  
C:\ShadowStrike\ShadowStrike\src\Shared_modules\Core\Network\P2PMonitor.cpp(986,13): error C2653: 'Logger': bir s─▒n─▒f veya ad alan─▒ ad─▒ de─şil [C:\ShadowStrike\ShadowStrike\ShadowStrike.vcxproj]
  ('/src/Shared_modules/Core/Network/P2PMonitor.cpp' kaynak dosyas─▒ derleniyor)
  
C:\ShadowStrike\ShadowStrike\src\Shared_modules\Core\Network\NetworkMonitor.cpp(1475,49): error C2039: 'Utf8ToWide': bir 'ShadowStrike::Utils::StringUtils' ├╝yesi de─şil [C:\ShadowStrike\ShadowStrike\ShadowStrike.vcxproj]
  ('/src/Shared_modules/Core/Network/NetworkMonitor.cpp' kaynak dosyas─▒ derleniyor)
      C:\ShadowStrike\ShadowStrike\src\Shared_modules\Utils\StringUtils.hpp(63,19):
      'ShadowStrike::Utils::StringUtils' bildirimine bak─▒n
  
C:\ShadowStrike\ShadowStrike\src\Shared_modules\Core\Network\P2PMonitor.cpp(986,21): error C3861: 'Error': tan─▒mlay─▒c─▒ bulunamad─▒ [C:\ShadowStrike\ShadowStrike\ShadowStrike.vcxproj]
  ('/src/Shared_modules/Core/Network/P2PMonitor.cpp' kaynak dosyas─▒ derleniyor)
  
C:\ShadowStrike\ShadowStrike\src\Shared_modules\Core\Network\TorDetector.cpp(482,13): error C2065: 'm_nodes': bildirimi yap─▒lmam─▒┼ş tan─▒mlay─▒c─▒ [C:\ShadowStrike\ShadowStrike\ShadowStrike.vcxproj]
  ('/src/Shared_modules/Core/Network/TorDetector.cpp' kaynak dosyas─▒ derleniyor)
  
C:\ShadowStrike\ShadowStrike\src\Shared_modules\Core\Network\BotnetDetector.cpp(520,24): error C2664: 'void ShadowStrike::Utils::Logger::Info(const char *)' : 1 ba─ş─▒ms─▒z de─şi┼şkeni 'const wchar_t [24]' de─şerinden 'const char *' de─şerine d├Ân├╝┼şt├╝r├╝lemez [C:\ShadowStrike\ShadowStrike\ShadowStrike.vcxproj]
  ('/src/Shared_modules/Core/Network/BotnetDetector.cpp' kaynak dosyas─▒ derleniyor)
      C:\ShadowStrike\ShadowStrike\src\Shared_modules\Core\Network\BotnetDetector.cpp(520,29):
      ─░┼şaretlenen t├╝rler ilgisiz; d├Ân├╝┼şt├╝rme reinterpret_cast, C stili t├╝r d├Ân├╝┼şt├╝rme veya parantez i├ğine al─▒nm─▒┼ş i┼şlev stili t├╝r d├Ân├╝┼şt├╝rme gerektiriyor
      C:\ShadowStrike\ShadowStrike\src\Shared_modules\Utils\Logger.hpp(265,16):
      'ShadowStrike::Utils::Logger::Info' bildirimine bak─▒n
      C:\ShadowStrike\ShadowStrike\src\Shared_modules\Utils\Logger.hpp(282,16):
      'void ShadowStrike::Utils::Logger::Info(std::basic_format_string<char,type_identity<_Args>::type...>,Args ...)' olabilirdi
          C:\ShadowStrike\ShadowStrike\src\Shared_modules\Core\Network\BotnetDetector.cpp(520,24):
          ili┼şkili k─▒s─▒tlamalar kar┼ş─▒lanmad─▒
              C:\ShadowStrike\ShadowStrike\src\Shared_modules\Utils\Logger.hpp(281,57):
              k─▒s─▒tlama yerine getirilmedi
      C:\ShadowStrike\ShadowStrike\src\Shared_modules\Core\Network\BotnetDetector.cpp(520,24):
      '(const wchar_t [24])' ba─ş─▒ms─▒z de─şi┼şken listesi e┼şlenmeye ├ğal─▒┼ş─▒l─▒rken
  
C:\ShadowStrike\ShadowStrike\src\Shared_modules\Core\Network\NetworkMonitor.cpp(1475,49): error C3861: 'Utf8ToWide': tan─▒mlay─▒c─▒ bulunamad─▒ [C:\ShadowStrike\ShadowStrike\ShadowStrike.vcxproj]
  ('/src/Shared_modules/Core/Network/NetworkMonitor.cpp' kaynak dosyas─▒ derleniyor)
  
C:\ShadowStrike\ShadowStrike\src\Shared_modules\Core\Network\BotnetDetector.cpp(524,22): error C3083: 'BotnetDetectorImpl': '::' i┼şlecinin sonundaki simge bir t├╝r olmal─▒d─▒r [C:\ShadowStrike\ShadowStrike\ShadowStrike.vcxproj]
  ('/src/Shared_modules/Core/Network/BotnetDetector.cpp' kaynak dosyas─▒ derleniyor)
  
C:\ShadowStrike\ShadowStrike\src\Shared_modules\Core\Network\TorDetector.cpp(485,52): error C2039: 'Utf8ToWide': bir 'ShadowStrike::Utils::StringUtils' ├╝yesi de─şil [C:\ShadowStrike\ShadowStrike\ShadowStrike.vcxproj]
  ('/src/Shared_modules/Core/Network/TorDetector.cpp' kaynak dosyas─▒ derleniyor)
      C:\ShadowStrike\ShadowStrike\src\Shared_modules\Utils\StringUtils.hpp(63,19):
      'ShadowStrike::Utils::StringUtils' bildirimine bak─▒n
  
C:\ShadowStrike\ShadowStrike\src\Shared_modules\Core\Network\P2PMonitor.cpp(996,13): error C2653: 'Logger': bir s─▒n─▒f veya ad alan─▒ ad─▒ de─şil [C:\ShadowStrike\ShadowStrike\ShadowStrike.vcxproj]
  ('/src/Shared_modules/Core/Network/P2PMonitor.cpp' kaynak dosyas─▒ derleniyor)
  
C:\ShadowStrike\ShadowStrike\src\Shared_modules\Core\Network\P2PMonitor.cpp(996,57): error C2653: 'StringUtils': bir s─▒n─▒f veya ad alan─▒ ad─▒ de─şil [C:\ShadowStrike\ShadowStrike\ShadowStrike.vcxproj]
  ('/src/Shared_modules/Core/Network/P2PMonitor.cpp' kaynak dosyas─▒ derleniyor)
  
C:\ShadowStrike\ShadowStrike\src\Shared_modules\Core\Network\TorDetector.cpp(485,52): error C3861: 'Utf8ToWide': tan─▒mlay─▒c─▒ bulunamad─▒ [C:\ShadowStrike\ShadowStrike\ShadowStrike.vcxproj]
  ('/src/Shared_modules/Core/Network/TorDetector.cpp' kaynak dosyas─▒ derleniyor)
  
C:\ShadowStrike\ShadowStrike\src\Shared_modules\Core\Network\P2PMonitor.cpp(996,70): error C3861: 'WideToUtf8': tan─▒mlay─▒c─▒ bulunamad─▒ [C:\ShadowStrike\ShadowStrike\ShadowStrike.vcxproj]
  ('/src/Shared_modules/Core/Network/P2PMonitor.cpp' kaynak dosyas─▒ derleniyor)
  
C:\ShadowStrike\ShadowStrike\src\Shared_modules\Core\Network\BotnetDetector.cpp(524,42): error C2039: 'InitializeDefaultSignatures': bir 'ShadowStrike::Core::Network::BotnetDetector' ├╝yesi de─şil [C:\ShadowStrike\ShadowStrike\ShadowStrike.vcxproj]
  ('/src/Shared_modules/Core/Network/BotnetDetector.cpp' kaynak dosyas─▒ derleniyor)
      C:\ShadowStrike\ShadowStrike\src\Shared_modules\Core\Network\BotnetDetector.hpp(768,7):
      'ShadowStrike::Core::Network::BotnetDetector' bildirimine bak─▒n
  
C:\ShadowStrike\ShadowStrike\src\Shared_modules\Core\Network\P2PMonitor.cpp(996,21): error C3861: 'Info': tan─▒mlay─▒c─▒ bulunamad─▒ [C:\ShadowStrike\ShadowStrike\ShadowStrike.vcxproj]
  ('/src/Shared_modules/Core/Network/P2PMonitor.cpp' kaynak dosyas─▒ derleniyor)
  
C:\ShadowStrike\ShadowStrike\src\Shared_modules\Core\Network\DDosProtection.cpp(1473,27): error C2027: tan─▒ms─▒z 'ShadowStrike::Core::Network::DDosProtectionImpl' t├╝r├╝ kullan─▒ld─▒ [C:\ShadowStrike\ShadowStrike\ShadowStrike.vcxproj]
  ('/src/Shared_modules/Core/Network/DDosProtection.cpp' kaynak dosyas─▒ derleniyor)
      C:\ShadowStrike\ShadowStrike\src\Shared_modules\Core\Network\DDosProtection.hpp(169,7):
      'ShadowStrike::Core::Network::DDosProtectionImpl' bildirimine bak─▒n
  
C:\ShadowStrike\ShadowStrike\src\Shared_modules\Core\Network\TorDetector.cpp(486,52): error C2039: 'Utf8ToWide': bir 'ShadowStrike::Utils::StringUtils' ├╝yesi de─şil [C:\ShadowStrike\ShadowStrike\ShadowStrike.vcxproj]
  ('/src/Shared_modules/Core/Network/TorDetector.cpp' kaynak dosyas─▒ derleniyor)
      C:\ShadowStrike\ShadowStrike\src\Shared_modules\Utils\StringUtils.hpp(63,19):
      'ShadowStrike::Utils::StringUtils' bildirimine bak─▒n
  
C:\ShadowStrike\ShadowStrike\src\Shared_modules\Core\Network\P2PMonitor.cpp(1000,13): error C2653: 'Logger': bir s─▒n─▒f veya ad alan─▒ ad─▒ de─şil [C:\ShadowStrike\ShadowStrike\ShadowStrike.vcxproj]
  ('/src/Shared_modules/Core/Network/P2PMonitor.cpp' kaynak dosyas─▒ derleniyor)
  
C:\ShadowStrike\ShadowStrike\src\Shared_modules\Core\Network\NetworkMonitor.cpp(1474,24): error C2660: 'ShadowStrike::Utils::Logger::Error': i┼şlev 2 ba─ş─▒ms─▒z de─şi┼şken alm─▒yor [C:\ShadowStrike\ShadowStrike\ShadowStrike.vcxproj]
  ('/src/Shared_modules/Core/Network/NetworkMonitor.cpp' kaynak dosyas─▒ derleniyor)
      C:\ShadowStrike\ShadowStrike\src\Shared_modules\Utils\Logger.hpp(263,16):
      'ShadowStrike::Utils::Logger::Error' bildirimine bak─▒n
      C:\ShadowStrike\ShadowStrike\src\Shared_modules\Utils\Logger.hpp(274,16):
      'void ShadowStrike::Utils::Logger::Error(std::basic_format_string<char,type_identity<_Args>::type...>,Args ...)' olabilirdi
          C:\ShadowStrike\ShadowStrike\src\Shared_modules\Core\Network\NetworkMonitor.cpp(1474,24):
          'void ShadowStrike::Utils::Logger::Error(std::basic_format_string<char,type_identity<_Args>::type...>,Args ...)' i┼şlev ┼şablonu ├Âzelle┼ştirilemedi
              C:\ShadowStrike\ShadowStrike\src\Shared_modules\Core\Network\NetworkMonitor.cpp(1474,24):
              ┼Şu ┼şablon ba─ş─▒ms─▒z de─şi┼şkenleriyle:
                  C:\ShadowStrike\ShadowStrike\src\Shared_modules\Core\Network\NetworkMonitor.cpp(1474,24):
                  'Args={<error type>}'
      C:\ShadowStrike\ShadowStrike\src\Shared_modules\Core\Network\NetworkMonitor.cpp(1474,24):
      '(const wchar_t [49], <error type>)' ba─ş─▒ms─▒z de─şi┼şken listesi e┼şlenmeye ├ğal─▒┼ş─▒l─▒rken
  
C:\ShadowStrike\ShadowStrike\src\Shared_modules\Core\Network\DDosProtection.cpp(1473,35): error C2039: 'm_rateLimitMutex': bir 'std::unique_ptr<ShadowStrike::Core::Network::DDosProtectionImpl,std::default_delete<ShadowStrike::Core::Network::DDosProtectionImpl>>' ├╝yesi de─şil [C:\ShadowStrike\ShadowStrike\ShadowStrike.vcxproj]
  ('/src/Shared_modules/Core/Network/DDosProtection.cpp' kaynak dosyas─▒ derleniyor)
      C:\Program Files\Microsoft Visual Studio\2022\Community\VC\Tools\MSVC\14.44.35207\include\memory(3347,7):
      'std::unique_ptr<ShadowStrike::Core::Network::DDosProtectionImpl,std::default_delete<ShadowStrike::Core::Network::DDosProtectionImpl>>' bildirimine bak─▒n
  
C:\ShadowStrike\ShadowStrike\src\Shared_modules\Core\Network\P2PMonitor.cpp(1000,21): error C3861: 'Error': tan─▒mlay─▒c─▒ bulunamad─▒ [C:\ShadowStrike\ShadowStrike\ShadowStrike.vcxproj]
  ('/src/Shared_modules/Core/Network/P2PMonitor.cpp' kaynak dosyas─▒ derleniyor)
  
C:\ShadowStrike\ShadowStrike\src\Shared_modules\Core\Network\TorDetector.cpp(486,52): error C3861: 'Utf8ToWide': tan─▒mlay─▒c─▒ bulunamad─▒ [C:\ShadowStrike\ShadowStrike\ShadowStrike.vcxproj]
  ('/src/Shared_modules/Core/Network/TorDetector.cpp' kaynak dosyas─▒ derleniyor)
  
C:\ShadowStrike\ShadowStrike\src\Shared_modules\Core\Network\BotnetDetector.cpp(528,36): error C2065: 'm_nextSignatureId': bildirimi yap─▒lmam─▒┼ş tan─▒mlay─▒c─▒ [C:\ShadowStrike\ShadowStrike\ShadowStrike.vcxproj]
  ('/src/Shared_modules/Core/Network/BotnetDetector.cpp' kaynak dosyas─▒ derleniyor)
  
C:\ShadowStrike\ShadowStrike\src\Shared_modules\Core\Network\DDosProtection.cpp(1473,26): error C2641: 'std::unique_lock' i├ğin ┼şablon ba─ş─▒ms─▒z de─şi┼şkenleri ├ğ─▒kar─▒lam─▒yor [C:\ShadowStrike\ShadowStrike\ShadowStrike.vcxproj]
  ('/src/Shared_modules/Core/Network/DDosProtection.cpp' kaynak dosyas─▒ derleniyor)
  
C:\ShadowStrike\ShadowStrike\src\Shared_modules\Core\Network\P2PMonitor.cpp(1011,9): error C2653: 'Logger': bir s─▒n─▒f veya ad alan─▒ ad─▒ de─şil [C:\ShadowStrike\ShadowStrike\ShadowStrike.vcxproj]
  ('/src/Shared_modules/Core/Network/P2PMonitor.cpp' kaynak dosyas─▒ derleniyor)
  
C:\ShadowStrike\ShadowStrike\src\Shared_modules\Core\Network\P2PMonitor.cpp(1011,17): error C3861: 'Info': tan─▒mlay─▒c─▒ bulunamad─▒ [C:\ShadowStrike\ShadowStrike\ShadowStrike.vcxproj]
  ('/src/Shared_modules/Core/Network/P2PMonitor.cpp' kaynak dosyas─▒ derleniyor)
  
C:\ShadowStrike\ShadowStrike\src\Shared_modules\Core\Network\DDosProtection.cpp(1473,26): error C2780: 'std::unique_lock<_Mutex> std::unique_lock(const std::unique_lock<_Mutex> &)': 1 ba─ş─▒ms─▒z de─şi┼şken bekleniyor - 0 sa─şland─▒ [C:\ShadowStrike\ShadowStrike\ShadowStrike.vcxproj]
  ('/src/Shared_modules/Core/Network/DDosProtection.cpp' kaynak dosyas─▒ derleniyor)
      C:\Program Files\Microsoft Visual Studio\2022\Community\VC\Tools\MSVC\14.44.35207\include\mutex(184,5):
      'std::unique_lock' bildirimine bak─▒n
  
C:\ShadowStrike\ShadowStrike\src\Shared_modules\Core\Network\P2PMonitor.cpp(1028,13): error C2653: 'Logger': bir s─▒n─▒f veya ad alan─▒ ad─▒ de─şil [C:\ShadowStrike\ShadowStrike\ShadowStrike.vcxproj]
  ('/src/Shared_modules/Core/Network/P2PMonitor.cpp' kaynak dosyas─▒ derleniyor)
  
C:\ShadowStrike\ShadowStrike\src\Shared_modules\Core\Network\DDosProtection.cpp(1473,26): error C2780: 'std::unique_lock<_Mutex> std::unique_lock(std::unique_lock<_Mutex> &&) noexcept': 1 ba─ş─▒ms─▒z de─şi┼şken bekleniyor - 0 sa─şland─▒ [C:\ShadowStrike\ShadowStrike\ShadowStrike.vcxproj]
  ('/src/Shared_modules/Core/Network/DDosProtection.cpp' kaynak dosyas─▒ derleniyor)
      C:\Program Files\Microsoft Visual Studio\2022\Community\VC\Tools\MSVC\14.44.35207\include\mutex(168,26):
      'std::unique_lock' bildirimine bak─▒n
  
C:\ShadowStrike\ShadowStrike\src\Shared_modules\Core\Network\P2PMonitor.cpp(1028,21): error C3861: 'Error': tan─▒mlay─▒c─▒ bulunamad─▒ [C:\ShadowStrike\ShadowStrike\ShadowStrike.vcxproj]
  ('/src/Shared_modules/Core/Network/P2PMonitor.cpp' kaynak dosyas─▒ derleniyor)
  
C:\ShadowStrike\ShadowStrike\src\Shared_modules\Core\Network\BotnetDetector.cpp(536,9): error C2065: 'm_signatures': bildirimi yap─▒lmam─▒┼ş tan─▒mlay─▒c─▒ [C:\ShadowStrike\ShadowStrike\ShadowStrike.vcxproj]
  ('/src/Shared_modules/Core/Network/BotnetDetector.cpp' kaynak dosyas─▒ derleniyor)
  
C:\ShadowStrike\ShadowStrike\src\Shared_modules\Core\Network\TorDetector.cpp(484,28): error C2660: 'ShadowStrike::Utils::Logger::Debug': i┼şlev 3 ba─ş─▒ms─▒z de─şi┼şken alm─▒yor [C:\ShadowStrike\ShadowStrike\ShadowStrike.vcxproj]
  ('/src/Shared_modules/Core/Network/TorDetector.cpp' kaynak dosyas─▒ derleniyor)
      C:\ShadowStrike\ShadowStrike\src\Shared_modules\Utils\Logger.hpp(266,16):
      'ShadowStrike::Utils::Logger::Debug' bildirimine bak─▒n
      C:\ShadowStrike\ShadowStrike\src\Shared_modules\Utils\Logger.hpp(286,16):
      'void ShadowStrike::Utils::Logger::Debug(std::basic_format_string<char,type_identity<_Args>::type...>,Args ...)' olabilirdi
          C:\ShadowStrike\ShadowStrike\src\Shared_modules\Core\Network\TorDetector.cpp(484,28):
          'void ShadowStrike::Utils::Logger::Debug(std::basic_format_string<char,type_identity<_Args>::type...>,Args ...)' i┼şlev ┼şablonu ├Âzelle┼ştirilemedi
              C:\ShadowStrike\ShadowStrike\src\Shared_modules\Core\Network\TorDetector.cpp(484,28):
              ┼Şu ┼şablon ba─ş─▒ms─▒z de─şi┼şkenleriyle:
                  C:\ShadowStrike\ShadowStrike\src\Shared_modules\Core\Network\TorDetector.cpp(484,28):
                  'Args={<error type>, <error type>}'
      C:\ShadowStrike\ShadowStrike\src\Shared_modules\Core\Network\TorDetector.cpp(484,28):
      '(const wchar_t [47], <error type>, <error type>)' ba─ş─▒ms─▒z de─şi┼şken listesi e┼şlenmeye ├ğal─▒┼ş─▒l─▒rken
  
C:\ShadowStrike\ShadowStrike\src\Shared_modules\Core\Network\P2PMonitor.cpp(1031,9): error C2653: 'Logger': bir s─▒n─▒f veya ad alan─▒ ad─▒ de─şil [C:\ShadowStrike\ShadowStrike\ShadowStrike.vcxproj]
  ('/src/Shared_modules/Core/Network/P2PMonitor.cpp' kaynak dosyas─▒ derleniyor)
  
C:\ShadowStrike\ShadowStrike\src\Shared_modules\Core\Network\BotnetDetector.cpp(540,30): error C2065: 'm_nextSignatureId': bildirimi yap─▒lmam─▒┼ş tan─▒mlay─▒c─▒ [C:\ShadowStrike\ShadowStrike\ShadowStrike.vcxproj]
  ('/src/Shared_modules/Core/Network/BotnetDetector.cpp' kaynak dosyas─▒ derleniyor)
  
C:\ShadowStrike\ShadowStrike\src\Shared_modules\Core\Network\DDosProtection.cpp(1473,26): error C2780: 'std::unique_lock<_Mutex> std::unique_lock(_Mutex &,const std::chrono::time_point<_Clock,_Duration> &)': 2 ba─ş─▒ms─▒z de─şi┼şken bekleniyor - 0 sa─şland─▒ [C:\ShadowStrike\ShadowStrike\ShadowStrike.vcxproj]
  ('/src/Shared_modules/Core/Network/DDosProtection.cpp' kaynak dosyas─▒ derleniyor)
      C:\Program Files\Microsoft Visual Studio\2022\Community\VC\Tools\MSVC\14.44.35207\include\mutex(162,26):
      'std::unique_lock' bildirimine bak─▒n
  
C:\ShadowStrike\ShadowStrike\src\Shared_modules\Core\Network\TorDetector.cpp(491,48): error C2039: 'Utf8ToWide': bir 'ShadowStrike::Utils::StringUtils' ├╝yesi de─şil [C:\ShadowStrike\ShadowStrike\ShadowStrike.vcxproj]
  ('/src/Shared_modules/Core/Network/TorDetector.cpp' kaynak dosyas─▒ derleniyor)
      C:\ShadowStrike\ShadowStrike\src\Shared_modules\Utils\StringUtils.hpp(63,19):
      'ShadowStrike::Utils::StringUtils' bildirimine bak─▒n
  
C:\ShadowStrike\ShadowStrike\src\Shared_modules\Core\Network\P2PMonitor.cpp(1031,9): error C1003: hata say─▒s─▒ 100 taneyi a┼şt─▒; derleme durduruluyor [C:\ShadowStrike\ShadowStrike\ShadowStrike.vcxproj]
  ('/src/Shared_modules/Core/Network/P2PMonitor.cpp' kaynak dosyas─▒ derleniyor)
  
C:\ShadowStrike\ShadowStrike\src\Shared_modules\Core\Network\TorDetector.cpp(491,48): error C3861: 'Utf8ToWide': tan─▒mlay─▒c─▒ bulunamad─▒ [C:\ShadowStrike\ShadowStrike\ShadowStrike.vcxproj]
  ('/src/Shared_modules/Core/Network/TorDetector.cpp' kaynak dosyas─▒ derleniyor)
  
C:\ShadowStrike\ShadowStrike\src\Shared_modules\Core\Network\DDosProtection.cpp(1473,26): error C2780: 'std::unique_lock<_Mutex> std::unique_lock(_Mutex &,const std::chrono::duration<_Rep,_Period> &)': 2 ba─ş─▒ms─▒z de─şi┼şken bekleniyor - 0 sa─şland─▒ [C:\ShadowStrike\ShadowStrike\ShadowStrike.vcxproj]
  ('/src/Shared_modules/Core/Network/DDosProtection.cpp' kaynak dosyas─▒ derleniyor)
      C:\Program Files\Microsoft Visual Studio\2022\Community\VC\Tools\MSVC\14.44.35207\include\mutex(158,26):
      'std::unique_lock' bildirimine bak─▒n
  
C:\ShadowStrike\ShadowStrike\src\Shared_modules\Core\Network\BotnetDetector.cpp(548,9): error C2065: 'm_signatures': bildirimi yap─▒lmam─▒┼ş tan─▒mlay─▒c─▒ [C:\ShadowStrike\ShadowStrike\ShadowStrike.vcxproj]
  ('/src/Shared_modules/Core/Network/BotnetDetector.cpp' kaynak dosyas─▒ derleniyor)
  
C:\ShadowStrike\ShadowStrike\src\Shared_modules\Core\Network\DDosProtection.cpp(1473,26): error C2780: 'std::unique_lock<_Mutex> std::unique_lock(_Mutex &,std::try_to_lock_t)': 2 ba─ş─▒ms─▒z de─şi┼şken bekleniyor - 0 sa─şland─▒ [C:\ShadowStrike\ShadowStrike\ShadowStrike.vcxproj]
  ('/src/Shared_modules/Core/Network/DDosProtection.cpp' kaynak dosyas─▒ derleniyor)
      C:\Program Files\Microsoft Visual Studio\2022\Community\VC\Tools\MSVC\14.44.35207\include\mutex(154,26):
      'std::unique_lock' bildirimine bak─▒n
  
C:\ShadowStrike\ShadowStrike\src\Shared_modules\Core\Network\DDosProtection.cpp(1473,26): error C2780: 'std::unique_lock<_Mutex> std::unique_lock(_Mutex &,std::defer_lock_t) noexcept': 2 ba─ş─▒ms─▒z de─şi┼şken bekleniyor - 0 sa─şland─▒ [C:\ShadowStrike\ShadowStrike\ShadowStrike.vcxproj]
  ('/src/Shared_modules/Core/Network/DDosProtection.cpp' kaynak dosyas─▒ derleniyor)
      C:\Program Files\Microsoft Visual Studio\2022\Community\VC\Tools\MSVC\14.44.35207\include\mutex(151,5):
      'std::unique_lock' bildirimine bak─▒n
  
C:\ShadowStrike\ShadowStrike\src\Shared_modules\Core\Network\BotnetDetector.cpp(552,35): error C2065: 'm_nextSignatureId': bildirimi yap─▒lmam─▒┼ş tan─▒mlay─▒c─▒ [C:\ShadowStrike\ShadowStrike\ShadowStrike.vcxproj]
  ('/src/Shared_modules/Core/Network/BotnetDetector.cpp' kaynak dosyas─▒ derleniyor)
  
C:\ShadowStrike\ShadowStrike\src\Shared_modules\Core\Network\TorDetector.cpp(490,24): error C2660: 'ShadowStrike::Utils::Logger::Error': i┼şlev 2 ba─ş─▒ms─▒z de─şi┼şken alm─▒yor [C:\ShadowStrike\ShadowStrike\ShadowStrike.vcxproj]
  ('/src/Shared_modules/Core/Network/TorDetector.cpp' kaynak dosyas─▒ derleniyor)
      C:\ShadowStrike\ShadowStrike\src\Shared_modules\Utils\Logger.hpp(263,16):
      'ShadowStrike::Utils::Logger::Error' bildirimine bak─▒n
      C:\ShadowStrike\ShadowStrike\src\Shared_modules\Utils\Logger.hpp(274,16):
      'void ShadowStrike::Utils::Logger::Error(std::basic_format_string<char,type_identity<_Args>::type...>,Args ...)' olabilirdi
          C:\ShadowStrike\ShadowStrike\src\Shared_modules\Core\Network\TorDetector.cpp(490,24):
          'void ShadowStrike::Utils::Logger::Error(std::basic_format_string<char,type_identity<_Args>::type...>,Args ...)' i┼şlev ┼şablonu ├Âzelle┼ştirilemedi
              C:\ShadowStrike\ShadowStrike\src\Shared_modules\Core\Network\TorDetector.cpp(490,24):
              ┼Şu ┼şablon ba─ş─▒ms─▒z de─şi┼şkenleriyle:
                  C:\ShadowStrike\ShadowStrike\src\Shared_modules\Core\Network\TorDetector.cpp(490,24):
                  'Args={<error type>}'
      C:\ShadowStrike\ShadowStrike\src\Shared_modules\Core\Network\TorDetector.cpp(490,24):
      '(const wchar_t [61], <error type>)' ba─ş─▒ms─▒z de─şi┼şken listesi e┼şlenmeye ├ğal─▒┼ş─▒l─▒rken
  
C:\ShadowStrike\ShadowStrike\src\Shared_modules\Core\Network\DDosProtection.cpp(1473,26): error C2780: 'std::unique_lock<_Mutex> std::unique_lock(_Mutex &,std::adopt_lock_t) noexcept': 2 ba─ş─▒ms─▒z de─şi┼şken bekleniyor - 0 sa─şland─▒ [C:\ShadowStrike\ShadowStrike\ShadowStrike.vcxproj]
  ('/src/Shared_modules/Core/Network/DDosProtection.cpp' kaynak dosyas─▒ derleniyor)
      C:\Program Files\Microsoft Visual Studio\2022\Community\VC\Tools\MSVC\14.44.35207\include\mutex(148,26):
      'std::unique_lock' bildirimine bak─▒n
  
C:\ShadowStrike\ShadowStrike\src\Shared_modules\Core\Network\TorDetector.cpp(495,19): error C3083: 'TorDetectorImpl': '::' i┼şlecinin sonundaki simge bir t├╝r olmal─▒d─▒r [C:\ShadowStrike\ShadowStrike\ShadowStrike.vcxproj]
  ('/src/Shared_modules/Core/Network/TorDetector.cpp' kaynak dosyas─▒ derleniyor)
  
C:\ShadowStrike\ShadowStrike\src\Shared_modules\Core\Network\DDosProtection.cpp(1473,26): error C2780: 'std::unique_lock<_Mutex> std::unique_lock(_Mutex &)': 1 ba─ş─▒ms─▒z de─şi┼şken bekleniyor - 0 sa─şland─▒ [C:\ShadowStrike\ShadowStrike\ShadowStrike.vcxproj]
  ('/src/Shared_modules/Core/Network/DDosProtection.cpp' kaynak dosyas─▒ derleniyor)
      C:\Program Files\Microsoft Visual Studio\2022\Community\VC\Tools\MSVC\14.44.35207\include\mutex(142,26):
      'std::unique_lock' bildirimine bak─▒n
  
C:\ShadowStrike\ShadowStrike\src\Shared_modules\Core\Network\TorDetector.cpp(495,36): error C2039: 'LoadDefaultNodes': bir 'ShadowStrike::Core::Network::TorDetector' ├╝yesi de─şil [C:\ShadowStrike\ShadowStrike\ShadowStrike.vcxproj]
  ('/src/Shared_modules/Core/Network/TorDetector.cpp' kaynak dosyas─▒ derleniyor)
      C:\ShadowStrike\ShadowStrike\src\Shared_modules\Core\Network\TorDetector.hpp(659,7):
      'ShadowStrike::Core::Network::TorDetector' bildirimine bak─▒n
  
C:\ShadowStrike\ShadowStrike\src\Shared_modules\Core\Network\DDosProtection.cpp(1473,26): error C2783: 'std::unique_lock<_Mutex> std::unique_lock(void) noexcept': ┼şablon ba─ş─▒ms─▒z de─şi┼şkeni ('_Mutex' i├ğin) anla┼ş─▒lamad─▒ [C:\ShadowStrike\ShadowStrike\ShadowStrike.vcxproj]
  ('/src/Shared_modules/Core/Network/DDosProtection.cpp' kaynak dosyas─▒ derleniyor)
      C:\Program Files\Microsoft Visual Studio\2022\Community\VC\Tools\MSVC\14.44.35207\include\mutex(140,5):
      'std::unique_lock' bildirimine bak─▒n
  
C:\ShadowStrike\ShadowStrike\src\Shared_modules\Core\Network\BotnetDetector.cpp(560,9): error C2065: 'm_signatures': bildirimi yap─▒lmam─▒┼ş tan─▒mlay─▒c─▒ [C:\ShadowStrike\ShadowStrike\ShadowStrike.vcxproj]
  ('/src/Shared_modules/Core/Network/BotnetDetector.cpp' kaynak dosyas─▒ derleniyor)
  
C:\ShadowStrike\ShadowStrike\src\Shared_modules\Core\Network\DDosProtection.cpp(1473,26): error C2780: 'std::unique_lock<_Mutex> std::unique_lock(std::unique_lock<_Mutex>)': 1 ba─ş─▒ms─▒z de─şi┼şken bekleniyor - 0 sa─şland─▒ [C:\ShadowStrike\ShadowStrike\ShadowStrike.vcxproj]
  ('/src/Shared_modules/Core/Network/DDosProtection.cpp' kaynak dosyas─▒ derleniyor)
      C:\Program Files\Microsoft Visual Studio\2022\Community\VC\Tools\MSVC\14.44.35207\include\mutex(136,7):
      'std::unique_lock' bildirimine bak─▒n
  
C:\ShadowStrike\ShadowStrike\src\Shared_modules\Core\Network\DDosProtection.cpp(1475,5): error C2027: tan─▒ms─▒z 'ShadowStrike::Core::Network::DDosProtectionImpl' t├╝r├╝ kullan─▒ld─▒ [C:\ShadowStrike\ShadowStrike\ShadowStrike.vcxproj]
  ('/src/Shared_modules/Core/Network/DDosProtection.cpp' kaynak dosyas─▒ derleniyor)
      C:\ShadowStrike\ShadowStrike\src\Shared_modules\Core\Network\DDosProtection.hpp(169,7):
      'ShadowStrike::Core::Network::DDosProtectionImpl' bildirimine bak─▒n
  
C:\ShadowStrike\ShadowStrike\src\Shared_modules\Core\Network\DDosProtection.cpp(1475,13): error C2039: 'm_blacklistedIPs': bir 'std::unique_ptr<ShadowStrike::Core::Network::DDosProtectionImpl,std::default_delete<ShadowStrike::Core::Network::DDosProtectionImpl>>' ├╝yesi de─şil [C:\ShadowStrike\ShadowStrike\ShadowStrike.vcxproj]
  ('/src/Shared_modules/Core/Network/DDosProtection.cpp' kaynak dosyas─▒ derleniyor)
      C:\Program Files\Microsoft Visual Studio\2022\Community\VC\Tools\MSVC\14.44.35207\include\memory(3347,7):
      'std::unique_ptr<ShadowStrike::Core::Network::DDosProtectionImpl,std::default_delete<ShadowStrike::Core::Network::DDosProtectionImpl>>' bildirimine bak─▒n
  
C:\ShadowStrike\ShadowStrike\src\Shared_modules\Core\Network\BotnetDetector.cpp(563,24): error C2664: 'void ShadowStrike::Utils::Logger::Error(const char *)' : 1 ba─ş─▒ms─▒z de─şi┼şkeni 'const wchar_t [56]' de─şerinden 'const char *' de─şerine d├Ân├╝┼şt├╝r├╝lemez [C:\ShadowStrike\ShadowStrike\ShadowStrike.vcxproj]
  ('/src/Shared_modules/Core/Network/BotnetDetector.cpp' kaynak dosyas─▒ derleniyor)
      C:\ShadowStrike\ShadowStrike\src\Shared_modules\Core\Network\BotnetDetector.cpp(563,30):
      ─░┼şaretlenen t├╝rler ilgisiz; d├Ân├╝┼şt├╝rme reinterpret_cast, C stili t├╝r d├Ân├╝┼şt├╝rme veya parantez i├ğine al─▒nm─▒┼ş i┼şlev stili t├╝r d├Ân├╝┼şt├╝rme gerektiriyor
      C:\ShadowStrike\ShadowStrike\src\Shared_modules\Utils\Logger.hpp(263,16):
      'ShadowStrike::Utils::Logger::Error' bildirimine bak─▒n
      C:\ShadowStrike\ShadowStrike\src\Shared_modules\Utils\Logger.hpp(274,16):
      'void ShadowStrike::Utils::Logger::Error(std::basic_format_string<char,type_identity<_Args>::type...>,Args ...)' olabilirdi
          C:\ShadowStrike\ShadowStrike\src\Shared_modules\Core\Network\BotnetDetector.cpp(563,24):
          ili┼şkili k─▒s─▒tlamalar kar┼ş─▒lanmad─▒
              C:\ShadowStrike\ShadowStrike\src\Shared_modules\Utils\Logger.hpp(273,57):
              k─▒s─▒tlama yerine getirilmedi
      C:\ShadowStrike\ShadowStrike\src\Shared_modules\Core\Network\BotnetDetector.cpp(563,24):
      '(const wchar_t [56])' ba─ş─▒ms─▒z de─şi┼şken listesi e┼şlenmeye ├ğal─▒┼ş─▒l─▒rken
  
C:\ShadowStrike\ShadowStrike\src\Shared_modules\Core\Network\DDosProtection.cpp(1476,5): error C2027: tan─▒ms─▒z 'ShadowStrike::Core::Network::DDosProtectionImpl' t├╝r├╝ kullan─▒ld─▒ [C:\ShadowStrike\ShadowStrike\ShadowStrike.vcxproj]
  ('/src/Shared_modules/Core/Network/DDosProtection.cpp' kaynak dosyas─▒ derleniyor)
      C:\ShadowStrike\ShadowStrike\src\Shared_modules\Core\Network\DDosProtection.hpp(169,7):
      'ShadowStrike::Core::Network::DDosProtectionImpl' bildirimine bak─▒n
  
C:\ShadowStrike\ShadowStrike\src\Shared_modules\Core\Network\BotnetDetector.cpp(571,29): error C3083: 'BotnetDetectorImpl': '::' i┼şlecinin sonundaki simge bir t├╝r olmal─▒d─▒r [C:\ShadowStrike\ShadowStrike\ShadowStrike.vcxproj]
  ('/src/Shared_modules/Core/Network/BotnetDetector.cpp' kaynak dosyas─▒ derleniyor)
  
C:\ShadowStrike\ShadowStrike\src\Shared_modules\Core\Network\DDosProtection.cpp(1476,13): error C2039: 'm_rateLimitRules': bir 'std::unique_ptr<ShadowStrike::Core::Network::DDosProtectionImpl,std::default_delete<ShadowStrike::Core::Network::DDosProtectionImpl>>' ├╝yesi de─şil [C:\ShadowStrike\ShadowStrike\ShadowStrike.vcxproj]
  ('/src/Shared_modules/Core/Network/DDosProtection.cpp' kaynak dosyas─▒ derleniyor)
      C:\Program Files\Microsoft Visual Studio\2022\Community\VC\Tools\MSVC\14.44.35207\include\memory(3347,7):
      'std::unique_ptr<ShadowStrike::Core::Network::DDosProtectionImpl,std::default_delete<ShadowStrike::Core::Network::DDosProtectionImpl>>' bildirimine bak─▒n
  
C:\ShadowStrike\ShadowStrike\src\Shared_modules\Core\Network\BotnetDetector.cpp(571,49): error C2039: 'MakeConnectionKey': bir 'ShadowStrike::Core::Network::BotnetDetector' ├╝yesi de─şil [C:\ShadowStrike\ShadowStrike\ShadowStrike.vcxproj]
  ('/src/Shared_modules/Core/Network/BotnetDetector.cpp' kaynak dosyas─▒ derleniyor)
      C:\ShadowStrike\ShadowStrike\src\Shared_modules\Core\Network\BotnetDetector.hpp(768,7):
      'ShadowStrike::Core::Network::BotnetDetector' bildirimine bak─▒n
  
C:\ShadowStrike\ShadowStrike\src\Shared_modules\Core\Network\BotnetDetector.cpp(571,49): error C2270: 'MakeConnectionKey': ├╝ye olmayan i┼şlevlerde de─şi┼ştiricilere izin verilmez [C:\ShadowStrike\ShadowStrike\ShadowStrike.vcxproj]
  ('/src/Shared_modules/Core/Network/BotnetDetector.cpp' kaynak dosyas─▒ derleniyor)
  
C:\ShadowStrike\ShadowStrike\src\Shared_modules\Core\Network\TorDetector.cpp(498,20): error C2664: 'void ShadowStrike::Utils::Logger::Info(const char *)' : 1 ba─ş─▒ms─▒z de─şi┼şkeni 'const wchar_t [63]' de─şerinden 'const char *' de─şerine d├Ân├╝┼şt├╝r├╝lemez [C:\ShadowStrike\ShadowStrike\ShadowStrike.vcxproj]
  ('/src/Shared_modules/Core/Network/TorDetector.cpp' kaynak dosyas─▒ derleniyor)
      C:\ShadowStrike\ShadowStrike\src\Shared_modules\Core\Network\TorDetector.cpp(498,25):
      ─░┼şaretlenen t├╝rler ilgisiz; d├Ân├╝┼şt├╝rme reinterpret_cast, C stili t├╝r d├Ân├╝┼şt├╝rme veya parantez i├ğine al─▒nm─▒┼ş i┼şlev stili t├╝r d├Ân├╝┼şt├╝rme gerektiriyor
      C:\ShadowStrike\ShadowStrike\src\Shared_modules\Utils\Logger.hpp(265,16):
      'ShadowStrike::Utils::Logger::Info' bildirimine bak─▒n
      C:\ShadowStrike\ShadowStrike\src\Shared_modules\Utils\Logger.hpp(282,16):
      'void ShadowStrike::Utils::Logger::Info(std::basic_format_string<char,type_identity<_Args>::type...>,Args ...)' olabilirdi
          C:\ShadowStrike\ShadowStrike\src\Shared_modules\Core\Network\TorDetector.cpp(498,20):
          ili┼şkili k─▒s─▒tlamalar kar┼ş─▒lanmad─▒
              C:\ShadowStrike\ShadowStrike\src\Shared_modules\Utils\Logger.hpp(281,57):
              k─▒s─▒tlama yerine getirilmedi
      C:\ShadowStrike\ShadowStrike\src\Shared_modules\Core\Network\TorDetector.cpp(498,20):
      '(const wchar_t [63])' ba─ş─▒ms─▒z de─şi┼şken listesi e┼şlenmeye ├ğal─▒┼ş─▒l─▒rken
  
C:\ShadowStrike\ShadowStrike\src\Shared_modules\Core\Network\NetworkMonitor.cpp(1490,24): error C2665: 'ShadowStrike::Utils::Logger::Info': hi├ğbir a┼ş─▒r─▒ y├╝klenmi┼ş i┼şlev t├╝m arg├╝man t├╝rlerini d├Ân├╝┼şt├╝remez [C:\ShadowStrike\ShadowStrike\ShadowStrike.vcxproj]
  ('/src/Shared_modules/Core/Network/NetworkMonitor.cpp' kaynak dosyas─▒ derleniyor)
      C:\ShadowStrike\ShadowStrike\src\Shared_modules\Utils\Logger.hpp(282,16):
      'void ShadowStrike::Utils::Logger::Info<std::wstring,std::string_view>(std::basic_format_string<char,std::basic_string<wchar_t,std::char_traits<wchar_t>,std::allocator<wchar_t>>,std::basic_string_view<char,std::char_traits<char>>>,std::wstring &&,std::string_view &&)' olabilirdi
          C:\ShadowStrike\ShadowStrike\src\Shared_modules\Core\Network\NetworkMonitor.cpp(1490,24):
          'void ShadowStrike::Utils::Logger::Info<std::wstring,std::string_view>(std::basic_format_string<char,std::basic_string<wchar_t,std::char_traits<wchar_t>,std::allocator<wchar_t>>,std::basic_string_view<char,std::char_traits<char>>>,std::wstring &&,std::string_view &&)' : 1 ba─ş─▒ms─▒z de─şi┼şkeni 'const wchar_t [43]' de─şerinden 'std::basic_format_string<char,std::basic_string<wchar_t,std::char_traits<wchar_t>,std::allocator<wchar_t>>,std::basic_string_view<char,std::char_traits<char>>>' de─şerine d├Ân├╝┼şt├╝r├╝lemez
              C:\ShadowStrike\ShadowStrike\src\Shared_modules\Core\Network\NetworkMonitor.cpp(1490,29):
              'std::basic_format_string<char,std::basic_string<wchar_t,std::char_traits<wchar_t>,std::allocator<wchar_t>>,std::basic_string_view<char,std::char_traits<char>>>::basic_format_string': hi├ğbir a┼ş─▒r─▒ y├╝klenmi┼ş i┼şlev t├╝m arg├╝man t├╝rlerini d├Ân├╝┼şt├╝remez
                  C:\Program Files\Microsoft Visual Studio\2022\Community\VC\Tools\MSVC\14.44.35207\include\format(2867,1):
                  'std::basic_format_string<char,std::basic_string<wchar_t,std::char_traits<wchar_t>,std::allocator<wchar_t>>,std::basic_string_view<char,std::char_traits<char>>>::basic_format_string(std::basic_format_string<char,std::basic_string<wchar_t,std::char_traits<wchar_t>,std::allocator<wchar_t>>,std::basic_string_view<char,std::char_traits<char>>> &&)' olabilirdi
                      C:\ShadowStrike\ShadowStrike\src\Shared_modules\Core\Network\NetworkMonitor.cpp(1490,29):
                      'std::basic_format_string<char,std::basic_string<wchar_t,std::char_traits<wchar_t>,std::allocator<wchar_t>>,std::basic_string_view<char,std::char_traits<char>>>::basic_format_string(std::basic_format_string<char,std::basic_string<wchar_t,std::char_traits<wchar_t>,std::allocator<wchar_t>>,std::basic_string_view<char,std::char_traits<char>>> &&)' : 1 ba─ş─▒ms─▒z de─şi┼şkeni 'const wchar_t [43]' de─şerinden 'std::basic_format_string<char,std::basic_string<wchar_t,std::char_traits<wchar_t>,std::allocator<wchar_t>>,std::basic_string_view<char,std::char_traits<char>>> &&' de─şerine d├Ân├╝┼şt├╝r├╝lemez
                          C:\ShadowStrike\ShadowStrike\src\Shared_modules\Core\Network\NetworkMonitor.cpp(1490,29):
                          Nedeni: 'const wchar_t [43]' de─şerinden 'std::basic_format_string<char,std::basic_string<wchar_t,std::char_traits<wchar_t>,std::allocator<wchar_t>>,std::basic_string_view<char,std::char_traits<char>>>' de─şerine d├Ân├╝┼şt├╝r├╝lemez
                          C:\ShadowStrike\ShadowStrike\src\Shared_modules\Core\Network\NetworkMonitor.cpp(1490,29):
                          D├Ân├╝┼şt├╝rme ikinci bir kullan─▒c─▒ tan─▒ml─▒ d├Ân├╝┼şt├╝rme i┼şleci veya olu┼şturucu gerektiriyor
                  C:\Program Files\Microsoft Visual Studio\2022\Community\VC\Tools\MSVC\14.44.35207\include\format(2867,1):
                  veya       'std::basic_format_string<char,std::basic_string<wchar_t,std::char_traits<wchar_t>,std::allocator<wchar_t>>,std::basic_string_view<char,std::char_traits<char>>>::basic_format_string(const std::basic_format_string<char,std::basic_string<wchar_t,std::char_traits<wchar_t>,std::allocator<wchar_t>>,std::basic_string_view<char,std::char_traits<char>>> &)'
                      C:\ShadowStrike\ShadowStrike\src\Shared_modules\Core\Network\NetworkMonitor.cpp(1490,29):
                      'std::basic_format_string<char,std::basic_string<wchar_t,std::char_traits<wchar_t>,std::allocator<wchar_t>>,std::basic_string_view<char,std::char_traits<char>>>::basic_format_string(const std::basic_format_string<char,std::basic_string<wchar_t,std::char_traits<wchar_t>,std::allocator<wchar_t>>,std::basic_string_view<char,std::char_traits<char>>> &)' : 1 ba─ş─▒ms─▒z de─şi┼şkeni 'const wchar_t [43]' de─şerinden 'const std::basic_format_string<char,std::basic_string<wchar_t,std::char_traits<wchar_t>,std::allocator<wchar_t>>,std::basic_string_view<char,std::char_traits<char>>> &' de─şerine d├Ân├╝┼şt├╝r├╝lemez
                          C:\ShadowStrike\ShadowStrike\src\Shared_modules\Core\Network\NetworkMonitor.cpp(1490,29):
                          Nedeni: 'const wchar_t [43]' de─şerinden 'const std::basic_format_string<char,std::basic_string<wchar_t,std::char_traits<wchar_t>,std::allocator<wchar_t>>,std::basic_string_view<char,std::char_traits<char>>>' de─şerine d├Ân├╝┼şt├╝r├╝lemez
                          C:\ShadowStrike\ShadowStrike\src\Shared_modules\Core\Network\NetworkMonitor.cpp(1490,29):
                          D├Ân├╝┼şt├╝rme ikinci bir kullan─▒c─▒ tan─▒ml─▒ d├Ân├╝┼şt├╝rme i┼şleci veya olu┼şturucu gerektiriyor
                  C:\Program Files\Microsoft Visual Studio\2022\Community\VC\Tools\MSVC\14.44.35207\include\format(2850,5):
                  veya       'std::basic_format_string<char,std::basic_string<wchar_t,std::char_traits<wchar_t>,std::allocator<wchar_t>>,std::basic_string_view<char,std::char_traits<char>>>::basic_format_string(const _Ty &)'
                  C:\ShadowStrike\ShadowStrike\src\Shared_modules\Core\Network\NetworkMonitor.cpp(1490,29):
                  '(const wchar_t [43])' ba─ş─▒ms─▒z de─şi┼şken listesi e┼şlenmeye ├ğal─▒┼ş─▒l─▒rken
      C:\ShadowStrike\ShadowStrike\src\Shared_modules\Core\Network\NetworkMonitor.cpp(1490,24):
      '(const wchar_t [43], std::wstring, std::string_view)' ba─ş─▒ms─▒z de─şi┼şken listesi e┼şlenmeye ├ğal─▒┼ş─▒l─▒rken
  
C:\ShadowStrike\ShadowStrike\src\Shared_modules\Core\Network\TorDetector.cpp(505,19): error C3083: 'TorDetectorImpl': '::' i┼şlecinin sonundaki simge bir t├╝r olmal─▒d─▒r [C:\ShadowStrike\ShadowStrike\ShadowStrike.vcxproj]
  BrowserProtection.cpp
  ('/src/Shared_modules/Core/Network/TorDetector.cpp' kaynak dosyas─▒ derleniyor)
  
C:\ShadowStrike\ShadowStrike\src\Shared_modules\Core\Network\DDosProtection.cpp(1488,27): error C2027: tan─▒ms─▒z 'ShadowStrike::Core::Network::DDosProtectionImpl' t├╝r├╝ kullan─▒ld─▒ [C:\ShadowStrike\ShadowStrike\ShadowStrike.vcxproj]
  ('/src/Shared_modules/Core/Network/DDosProtection.cpp' kaynak dosyas─▒ derleniyor)
      C:\ShadowStrike\ShadowStrike\src\Shared_modules\Core\Network\DDosProtection.hpp(169,7):
      'ShadowStrike::Core::Network::DDosProtectionImpl' bildirimine bak─▒n
  
C:\ShadowStrike\ShadowStrike\src\Shared_modules\Core\Network\BotnetDetector.cpp(579,22): error C3083: 'BotnetDetectorImpl': '::' i┼şlecinin sonundaki simge bir t├╝r olmal─▒d─▒r [C:\ShadowStrike\ShadowStrike\ShadowStrike.vcxproj]
  ('/src/Shared_modules/Core/Network/BotnetDetector.cpp' kaynak dosyas─▒ derleniyor)
  
C:\ShadowStrike\ShadowStrike\src\Shared_modules\Core\Network\TorDetector.cpp(505,36): error C2039: 'IsNodeListMatch': bir 'ShadowStrike::Core::Network::TorDetector' ├╝yesi de─şil [C:\ShadowStrike\ShadowStrike\ShadowStrike.vcxproj]
  ('/src/Shared_modules/Core/Network/TorDetector.cpp' kaynak dosyas─▒ derleniyor)
      C:\ShadowStrike\ShadowStrike\src\Shared_modules\Core\Network\TorDetector.hpp(659,7):
      'ShadowStrike::Core::Network::TorDetector' bildirimine bak─▒n
  
C:\ShadowStrike\ShadowStrike\src\Shared_modules\Core\Network\DDosProtection.cpp(1488,35): error C2039: 'm_rateLimitMutex': bir 'std::unique_ptr<ShadowStrike::Core::Network::DDosProtectionImpl,std::default_delete<ShadowStrike::Core::Network::DDosProtectionImpl>>' ├╝yesi de─şil [C:\ShadowStrike\ShadowStrike\ShadowStrike.vcxproj]
  ChromeExtensionScanner.cpp
  ('/src/Shared_modules/Core/Network/DDosProtection.cpp' kaynak dosyas─▒ derleniyor)
      C:\Program Files\Microsoft Visual Studio\2022\Community\VC\Tools\MSVC\14.44.35207\include\memory(3347,7):
      'std::unique_ptr<ShadowStrike::Core::Network::DDosProtectionImpl,std::default_delete<ShadowStrike::Core::Network::DDosProtectionImpl>>' bildirimine bak─▒n
  
  FirefoxAddonScanner.cpp
  MaliciousDownloadBlocker.cpp
C:\ShadowStrike\ShadowStrike\src\Shared_modules\Core\Network\TorDetector.cpp(506,27): error C2065: 'm_nodesMutex': bildirimi yap─▒lmam─▒┼ş tan─▒mlay─▒c─▒ [C:\ShadowStrike\ShadowStrike\ShadowStrike.vcxproj]
  ('/src/Shared_modules/Core/Network/TorDetector.cpp' kaynak dosyas─▒ derleniyor)
  
  PhishingDetector.cpp
  SafeBrowsingAPI.cpp
C:\ShadowStrike\ShadowStrike\src\Shared_modules\Core\Network\DDosProtection.cpp(1488,26): error C2641: 'std::unique_lock' i├ğin ┼şablon ba─ş─▒ms─▒z de─şi┼şkenleri ├ğ─▒kar─▒lam─▒yor [C:\ShadowStrike\ShadowStrike\ShadowStrike.vcxproj]
  ('/src/Shared_modules/Core/Network/DDosProtection.cpp' kaynak dosyas─▒ derleniyor)
  
C:\ShadowStrike\ShadowStrike\src\Shared_modules\Core\Network\NetworkMonitor.cpp(1496,49): error C2039: 'Utf8ToWide': bir 'ShadowStrike::Utils::StringUtils' ├╝yesi de─şil [C:\ShadowStrike\ShadowStrike\ShadowStrike.vcxproj]
  ('/src/Shared_modules/Core/Network/NetworkMonitor.cpp' kaynak dosyas─▒ derleniyor)
      C:\ShadowStrike\ShadowStrike\src\Shared_modules\Utils\StringUtils.hpp(63,19):
      'ShadowStrike::Utils::StringUtils' bildirimine bak─▒n
  
C:\ShadowStrike\ShadowStrike\src\Shared_modules\Core\Network\BotnetDetector.cpp(579,42): error C2039: 'RecordConnectionEventInternal': bir 'ShadowStrike::Core::Network::BotnetDetector' ├╝yesi de─şil [C:\ShadowStrike\ShadowStrike\ShadowStrike.vcxproj]
  TrackerBlocker.cpp
  ('/src/Shared_modules/Core/Network/BotnetDetector.cpp' kaynak dosyas─▒ derleniyor)
      C:\ShadowStrike\ShadowStrike\src\Shared_modules\Core\Network\BotnetDetector.hpp(768,7):
      'ShadowStrike::Core::Network::BotnetDetector' bildirimine bak─▒n
  
C:\ShadowStrike\ShadowStrike\src\Shared_modules\Core\Network\TorDetector.cpp(506,26): error C2641: 'std::shared_lock' i├ğin ┼şablon ba─ş─▒ms─▒z de─şi┼şkenleri ├ğ─▒kar─▒lam─▒yor [C:\ShadowStrike\ShadowStrike\ShadowStrike.vcxproj]
  ('/src/Shared_modules/Core/Network/TorDetector.cpp' kaynak dosyas─▒ derleniyor)
  
C:\ShadowStrike\ShadowStrike\src\Shared_modules\Core\Network\DDosProtection.cpp(1488,26): error C1003: hata say─▒s─▒ 100 taneyi a┼şt─▒; derleme durduruluyor [C:\ShadowStrike\ShadowStrike\ShadowStrike.vcxproj]
  ('/src/Shared_modules/Core/Network/DDosProtection.cpp' kaynak dosyas─▒ derleniyor)
  
C:\ShadowStrike\ShadowStrike\src\Shared_modules\Core\Network\NetworkMonitor.cpp(1496,49): error C3861: 'Utf8ToWide': tan─▒mlay─▒c─▒ bulunamad─▒ [C:\ShadowStrike\ShadowStrike\ShadowStrike.vcxproj]
  ('/src/Shared_modules/Core/Network/NetworkMonitor.cpp' kaynak dosyas─▒ derleniyor)
  
C:\ShadowStrike\ShadowStrike\src\Shared_modules\Core\Network\TorDetector.cpp(508,15): error C2065: 'm_nodes': bildirimi yap─▒lmam─▒┼ş tan─▒mlay─▒c─▒ [C:\ShadowStrike\ShadowStrike\ShadowStrike.vcxproj]
  ('/src/Shared_modules/Core/Network/TorDetector.cpp' kaynak dosyas─▒ derleniyor)
  
C:\ShadowStrike\ShadowStrike\src\Shared_modules\Core\Network\BotnetDetector.cpp(590,31): error C2065: 'm_connectionsMutex': bildirimi yap─▒lmam─▒┼ş tan─▒mlay─▒c─▒ [C:\ShadowStrike\ShadowStrike\ShadowStrike.vcxproj]
  ('/src/Shared_modules/Core/Network/BotnetDetector.cpp' kaynak dosyas─▒ derleniyor)
  
C:\ShadowStrike\ShadowStrike\src\Shared_modules\Core\Network\TorDetector.cpp(509,9): error C3536: 'it': ba┼şlat─▒lmadan ├Ânce kullan─▒lamaz [C:\ShadowStrike\ShadowStrike\ShadowStrike.vcxproj]
  ('/src/Shared_modules/Core/Network/TorDetector.cpp' kaynak dosyas─▒ derleniyor)
  
C:\ShadowStrike\ShadowStrike\src\Shared_modules\Core\Network\BotnetDetector.cpp(590,30): error C2641: 'std::unique_lock' i├ğin ┼şablon ba─ş─▒ms─▒z de─şi┼şkenleri ├ğ─▒kar─▒lam─▒yor [C:\ShadowStrike\ShadowStrike\ShadowStrike.vcxproj]
  ('/src/Shared_modules/Core/Network/BotnetDetector.cpp' kaynak dosyas─▒ derleniyor)
  
C:\ShadowStrike\ShadowStrike\src\Shared_modules\Core\Network\TorDetector.cpp(509,15): error C2065: 'm_nodes': bildirimi yap─▒lmam─▒┼ş tan─▒mlay─▒c─▒ [C:\ShadowStrike\ShadowStrike\ShadowStrike.vcxproj]
  ('/src/Shared_modules/Core/Network/TorDetector.cpp' kaynak dosyas─▒ derleniyor)
  
C:\ShadowStrike\ShadowStrike\src\Shared_modules\Core\Network\BotnetDetector.cpp(592,22): error C2065: 'm_connections': bildirimi yap─▒lmam─▒┼ş tan─▒mlay─▒c─▒ [C:\ShadowStrike\ShadowStrike\ShadowStrike.vcxproj]
  ('/src/Shared_modules/Core/Network/BotnetDetector.cpp' kaynak dosyas─▒ derleniyor)
  
C:\ShadowStrike\ShadowStrike\src\Shared_modules\Core\Network\TorDetector.cpp(511,9): error C2065: 'm_statistics': bildirimi yap─▒lmam─▒┼ş tan─▒mlay─▒c─▒ [C:\ShadowStrike\ShadowStrike\ShadowStrike.vcxproj]
  ('/src/Shared_modules/Core/Network/TorDetector.cpp' kaynak dosyas─▒ derleniyor)
  
C:\ShadowStrike\ShadowStrike\src\Shared_modules\Core\Network\BotnetDetector.cpp(592,20): error C2530: 'conn': ba┼şvurular─▒n ba┼şlat─▒lmas─▒ gerekir [C:\ShadowStrike\ShadowStrike\ShadowStrike.vcxproj]
  ('/src/Shared_modules/Core/Network/BotnetDetector.cpp' kaynak dosyas─▒ derleniyor)
  
C:\ShadowStrike\ShadowStrike\src\Shared_modules\Core\Network\TorDetector.cpp(518,41): error C3083: 'TorDetectorImpl': '::' i┼şlecinin sonundaki simge bir t├╝r olmal─▒d─▒r [C:\ShadowStrike\ShadowStrike\ShadowStrike.vcxproj]
  ('/src/Shared_modules/Core/Network/TorDetector.cpp' kaynak dosyas─▒ derleniyor)
  
C:\ShadowStrike\ShadowStrike\src\Shared_modules\Core\Network\BotnetDetector.cpp(593,13): error C3536: 'conn': ba┼şlat─▒lmadan ├Ânce kullan─▒lamaz [C:\ShadowStrike\ShadowStrike\ShadowStrike.vcxproj]
  ('/src/Shared_modules/Core/Network/BotnetDetector.cpp' kaynak dosyas─▒ derleniyor)
  
C:\ShadowStrike\ShadowStrike\src\Shared_modules\Core\Network\BotnetDetector.cpp(595,33): error C2065: 'm_nextConnectionId': bildirimi yap─▒lmam─▒┼ş tan─▒mlay─▒c─▒ [C:\ShadowStrike\ShadowStrike\ShadowStrike.vcxproj]
  ('/src/Shared_modules/Core/Network/BotnetDetector.cpp' kaynak dosyas─▒ derleniyor)
  
C:\ShadowStrike\ShadowStrike\src\Shared_modules\Core\Network\TorDetector.cpp(518,58): error C2039: 'GetNodeInfoInternal': bir 'ShadowStrike::Core::Network::TorDetector' ├╝yesi de─şil [C:\ShadowStrike\ShadowStrike\ShadowStrike.vcxproj]
  ('/src/Shared_modules/Core/Network/TorDetector.cpp' kaynak dosyas─▒ derleniyor)
      C:\ShadowStrike\ShadowStrike\src\Shared_modules\Core\Network\TorDetector.hpp(659,7):
      'ShadowStrike::Core::Network::TorDetector' bildirimine bak─▒n
  
C:\ShadowStrike\ShadowStrike\src\Shared_modules\Core\Network\BotnetDetector.cpp(601,13): error C2065: 'm_statistics': bildirimi yap─▒lmam─▒┼ş tan─▒mlay─▒c─▒ [C:\ShadowStrike\ShadowStrike\ShadowStrike.vcxproj]
  ('/src/Shared_modules/Core/Network/BotnetDetector.cpp' kaynak dosyas─▒ derleniyor)
  
C:\ShadowStrike\ShadowStrike\src\Shared_modules\Core\Network\NetworkMonitor.cpp(1495,24): error C2660: 'ShadowStrike::Utils::Logger::Error': i┼şlev 2 ba─ş─▒ms─▒z de─şi┼şken alm─▒yor [C:\ShadowStrike\ShadowStrike\ShadowStrike.vcxproj]
  ('/src/Shared_modules/Core/Network/NetworkMonitor.cpp' kaynak dosyas─▒ derleniyor)
      C:\ShadowStrike\ShadowStrike\src\Shared_modules\Utils\Logger.hpp(263,16):
      'ShadowStrike::Utils::Logger::Error' bildirimine bak─▒n
      C:\ShadowStrike\ShadowStrike\src\Shared_modules\Utils\Logger.hpp(274,16):
      'void ShadowStrike::Utils::Logger::Error(std::basic_format_string<char,type_identity<_Args>::type...>,Args ...)' olabilirdi
          C:\ShadowStrike\ShadowStrike\src\Shared_modules\Core\Network\NetworkMonitor.cpp(1495,24):
          'void ShadowStrike::Utils::Logger::Error(std::basic_format_string<char,type_identity<_Args>::type...>,Args ...)' i┼şlev ┼şablonu ├Âzelle┼ştirilemedi
              C:\ShadowStrike\ShadowStrike\src\Shared_modules\Core\Network\NetworkMonitor.cpp(1495,24):
              ┼Şu ┼şablon ba─ş─▒ms─▒z de─şi┼şkenleriyle:
                  C:\ShadowStrike\ShadowStrike\src\Shared_modules\Core\Network\NetworkMonitor.cpp(1495,24):
                  'Args={<error type>}'
      C:\ShadowStrike\ShadowStrike\src\Shared_modules\Core\Network\NetworkMonitor.cpp(1495,24):
      '(const wchar_t [37], <error type>)' ba─ş─▒ms─▒z de─şi┼şken listesi e┼şlenmeye ├ğal─▒┼ş─▒l─▒rken
  
C:\ShadowStrike\ShadowStrike\src\Shared_modules\Core\Network\TorDetector.cpp(518,58): error C2270: 'GetNodeInfoInternal': ├╝ye olmayan i┼şlevlerde de─şi┼ştiricilere izin verilmez [C:\ShadowStrike\ShadowStrike\ShadowStrike.vcxproj]
  ('/src/Shared_modules/Core/Network/TorDetector.cpp' kaynak dosyas─▒ derleniyor)
  
C:\ShadowStrike\ShadowStrike\src\Shared_modules\Core\Network\BotnetDetector.cpp(602,13): error C2065: 'm_statistics': bildirimi yap─▒lmam─▒┼ş tan─▒mlay─▒c─▒ [C:\ShadowStrike\ShadowStrike\ShadowStrike.vcxproj]
  ('/src/Shared_modules/Core/Network/BotnetDetector.cpp' kaynak dosyas─▒ derleniyor)
  
C:\ShadowStrike\ShadowStrike\src\Shared_modules\Core\Network\TorDetector.cpp(519,27): error C2065: 'm_nodesMutex': bildirimi yap─▒lmam─▒┼ş tan─▒mlay─▒c─▒ [C:\ShadowStrike\ShadowStrike\ShadowStrike.vcxproj]
  ('/src/Shared_modules/Core/Network/TorDetector.cpp' kaynak dosyas─▒ derleniyor)
  
C:\ShadowStrike\ShadowStrike\src\Shared_modules\Core\Network\BotnetDetector.cpp(616,43): error C2065: 'm_config': bildirimi yap─▒lmam─▒┼ş tan─▒mlay─▒c─▒ [C:\ShadowStrike\ShadowStrike\ShadowStrike.vcxproj]
  ('/src/Shared_modules/Core/Network/BotnetDetector.cpp' kaynak dosyas─▒ derleniyor)
  
C:\ShadowStrike\ShadowStrike\src\Shared_modules\Core\Network\TorDetector.cpp(519,26): error C2641: 'std::shared_lock' i├ğin ┼şablon ba─ş─▒ms─▒z de─şi┼şkenleri ├ğ─▒kar─▒lam─▒yor [C:\ShadowStrike\ShadowStrike\ShadowStrike.vcxproj]
  ('/src/Shared_modules/Core/Network/TorDetector.cpp' kaynak dosyas─▒ derleniyor)
  
C:\ShadowStrike\ShadowStrike\src\Shared_modules\Core\Network\TorDetector.cpp(521,15): error C2065: 'm_nodes': bildirimi yap─▒lmam─▒┼ş tan─▒mlay─▒c─▒ [C:\ShadowStrike\ShadowStrike\ShadowStrike.vcxproj]
  ('/src/Shared_modules/Core/Network/TorDetector.cpp' kaynak dosyas─▒ derleniyor)
  
C:\ShadowStrike\ShadowStrike\src\Shared_modules\Core\Network\BotnetDetector.cpp(623,48): error C2039: 'Utf8ToWide': bir 'ShadowStrike::Utils::StringUtils' ├╝yesi de─şil [C:\ShadowStrike\ShadowStrike\ShadowStrike.vcxproj]
  ('/src/Shared_modules/Core/Network/BotnetDetector.cpp' kaynak dosyas─▒ derleniyor)
      C:\ShadowStrike\ShadowStrike\src\Shared_modules\Utils\StringUtils.hpp(63,19):
      'ShadowStrike::Utils::StringUtils' bildirimine bak─▒n
  
C:\ShadowStrike\ShadowStrike\src\Shared_modules\Core\Network\TorDetector.cpp(522,9): error C3536: 'it': ba┼şlat─▒lmadan ├Ânce kullan─▒lamaz [C:\ShadowStrike\ShadowStrike\ShadowStrike.vcxproj]
  ('/src/Shared_modules/Core/Network/TorDetector.cpp' kaynak dosyas─▒ derleniyor)
  
C:\ShadowStrike\ShadowStrike\src\Shared_modules\Core\Network\BotnetDetector.cpp(623,48): error C3861: 'Utf8ToWide': tan─▒mlay─▒c─▒ bulunamad─▒ [C:\ShadowStrike\ShadowStrike\ShadowStrike.vcxproj]
  ('/src/Shared_modules/Core/Network/BotnetDetector.cpp' kaynak dosyas─▒ derleniyor)
  
C:\ShadowStrike\ShadowStrike\src\Shared_modules\Core\Network\TorDetector.cpp(522,15): error C2065: 'm_nodes': bildirimi yap─▒lmam─▒┼ş tan─▒mlay─▒c─▒ [C:\ShadowStrike\ShadowStrike\ShadowStrike.vcxproj]
  ('/src/Shared_modules/Core/Network/TorDetector.cpp' kaynak dosyas─▒ derleniyor)
  
C:\ShadowStrike\ShadowStrike\src\Shared_modules\Core\Network\BotnetDetector.cpp(622,24): error C2660: 'ShadowStrike::Utils::Logger::Error': i┼şlev 2 ba─ş─▒ms─▒z de─şi┼şken alm─▒yor [C:\ShadowStrike\ShadowStrike\ShadowStrike.vcxproj]
  ('/src/Shared_modules/Core/Network/BotnetDetector.cpp' kaynak dosyas─▒ derleniyor)
      C:\ShadowStrike\ShadowStrike\src\Shared_modules\Utils\Logger.hpp(263,16):
      'ShadowStrike::Utils::Logger::Error' bildirimine bak─▒n
      C:\ShadowStrike\ShadowStrike\src\Shared_modules\Utils\Logger.hpp(274,16):
      'void ShadowStrike::Utils::Logger::Error(std::basic_format_string<char,type_identity<_Args>::type...>,Args ...)' olabilirdi
          C:\ShadowStrike\ShadowStrike\src\Shared_modules\Core\Network\BotnetDetector.cpp(622,24):
          'void ShadowStrike::Utils::Logger::Error(std::basic_format_string<char,type_identity<_Args>::type...>,Args ...)' i┼şlev ┼şablonu ├Âzelle┼ştirilemedi
              C:\ShadowStrike\ShadowStrike\src\Shared_modules\Core\Network\BotnetDetector.cpp(622,24):
              ┼Şu ┼şablon ba─ş─▒ms─▒z de─şi┼şkenleriyle:
                  C:\ShadowStrike\ShadowStrike\src\Shared_modules\Core\Network\BotnetDetector.cpp(622,24):
                  'Args={<error type>}'
      C:\ShadowStrike\ShadowStrike\src\Shared_modules\Core\Network\BotnetDetector.cpp(622,24):
      '(const wchar_t [55], <error type>)' ba─ş─▒ms─▒z de─şi┼şken listesi e┼şlenmeye ├ğal─▒┼ş─▒l─▒rken
  
C:\ShadowStrike\ShadowStrike\src\Shared_modules\Core\Network\TorDetector.cpp(533,33): error C3083: 'TorDetectorImpl': '::' i┼şlecinin sonundaki simge bir t├╝r olmal─▒d─▒r [C:\ShadowStrike\ShadowStrike\ShadowStrike.vcxproj]
  ('/src/Shared_modules/Core/Network/TorDetector.cpp' kaynak dosyas─▒ derleniyor)
  
C:\ShadowStrike\ShadowStrike\src\Shared_modules\Core\Network\BotnetDetector.cpp(631,32): error C3083: 'BotnetDetectorImpl': '::' i┼şlecinin sonundaki simge bir t├╝r olmal─▒d─▒r [C:\ShadowStrike\ShadowStrike\ShadowStrike.vcxproj]
  ('/src/Shared_modules/Core/Network/BotnetDetector.cpp' kaynak dosyas─▒ derleniyor)
  
C:\ShadowStrike\ShadowStrike\src\Shared_modules\Core\Network\TorDetector.cpp(533,50): error C2039: 'AnalyzeTrafficInternal': bir 'ShadowStrike::Core::Network::TorDetector' ├╝yesi de─şil [C:\ShadowStrike\ShadowStrike\ShadowStrike.vcxproj]
  ('/src/Shared_modules/Core/Network/TorDetector.cpp' kaynak dosyas─▒ derleniyor)
      C:\ShadowStrike\ShadowStrike\src\Shared_modules\Core\Network\TorDetector.hpp(659,7):
      'ShadowStrike::Core::Network::TorDetector' bildirimine bak─▒n
  
C:\ShadowStrike\ShadowStrike\src\Shared_modules\Core\Network\BotnetDetector.cpp(631,52): error C2039: 'AnalyzeBeaconingInternal': bir 'ShadowStrike::Core::Network::BotnetDetector' ├╝yesi de─şil [C:\ShadowStrike\ShadowStrike\ShadowStrike.vcxproj]
  ('/src/Shared_modules/Core/Network/BotnetDetector.cpp' kaynak dosyas─▒ derleniyor)
      C:\ShadowStrike\ShadowStrike\src\Shared_modules\Core\Network\BotnetDetector.hpp(768,7):
      'ShadowStrike::Core::Network::BotnetDetector' bildirimine bak─▒n
  
C:\ShadowStrike\ShadowStrike\src\Shared_modules\Core\Network\TorDetector.cpp(533,50): error C2270: 'AnalyzeTrafficInternal': ├╝ye olmayan i┼şlevlerde de─şi┼ştiricilere izin verilmez [C:\ShadowStrike\ShadowStrike\ShadowStrike.vcxproj]
  ('/src/Shared_modules/Core/Network/TorDetector.cpp' kaynak dosyas─▒ derleniyor)
  
C:\ShadowStrike\ShadowStrike\src\Shared_modules\Core\Network\TorDetector.cpp(533,50): error C1003: hata say─▒s─▒ 100 taneyi a┼şt─▒; derleme durduruluyor [C:\ShadowStrike\ShadowStrike\ShadowStrike.vcxproj]
  ('/src/Shared_modules/Core/Network/TorDetector.cpp' kaynak dosyas─▒ derleniyor)
  
C:\ShadowStrike\ShadowStrike\src\Shared_modules\Core\Network\BotnetDetector.cpp(638,31): error C2065: 'm_connectionsMutex': bildirimi yap─▒lmam─▒┼ş tan─▒mlay─▒c─▒ [C:\ShadowStrike\ShadowStrike\ShadowStrike.vcxproj]
  ('/src/Shared_modules/Core/Network/BotnetDetector.cpp' kaynak dosyas─▒ derleniyor)
  
C:\ShadowStrike\ShadowStrike\src\Shared_modules\Core\Network\BotnetDetector.cpp(638,30): error C2641: 'std::shared_lock' i├ğin ┼şablon ba─ş─▒ms─▒z de─şi┼şkenleri ├ğ─▒kar─▒lam─▒yor [C:\ShadowStrike\ShadowStrike\ShadowStrike.vcxproj]
  ('/src/Shared_modules/Core/Network/BotnetDetector.cpp' kaynak dosyas─▒ derleniyor)
  
C:\ShadowStrike\ShadowStrike\src\Shared_modules\Core\Network\BotnetDetector.cpp(641,27): error C2065: 'ConnectionTracking': bildirimi yap─▒lmam─▒┼ş tan─▒mlay─▒c─▒ [C:\ShadowStrike\ShadowStrike\ShadowStrike.vcxproj]
  ('/src/Shared_modules/Core/Network/BotnetDetector.cpp' kaynak dosyas─▒ derleniyor)
  
C:\ShadowStrike\ShadowStrike\src\Shared_modules\Core\Network\BotnetDetector.cpp(641,21): error C4430: t├╝r belirticisi eksik - int varsay─▒ld─▒. Not: C++ varsay─▒lan int deste─şi i├ğermez [C:\ShadowStrike\ShadowStrike\ShadowStrike.vcxproj]
  ('/src/Shared_modules/Core/Network/BotnetDetector.cpp' kaynak dosyas─▒ derleniyor)
  
C:\ShadowStrike\ShadowStrike\src\Shared_modules\Core\Network\BotnetDetector.cpp(641,27): error C2146: s├Âzdizimi hatas─▒: '>' eksik ('ConnectionTracking' tan─▒mlay─▒c─▒s─▒ndan ├Ânce) [C:\ShadowStrike\ShadowStrike\ShadowStrike.vcxproj]
  ('/src/Shared_modules/Core/Network/BotnetDetector.cpp' kaynak dosyas─▒ derleniyor)
  
C:\ShadowStrike\ShadowStrike\src\Shared_modules\Core\Network\BotnetDetector.cpp(642,40): error C2065: 'm_connections': bildirimi yap─▒lmam─▒┼ş tan─▒mlay─▒c─▒ [C:\ShadowStrike\ShadowStrike\ShadowStrike.vcxproj]
  ('/src/Shared_modules/Core/Network/BotnetDetector.cpp' kaynak dosyas─▒ derleniyor)
  
C:\ShadowStrike\ShadowStrike\src\Shared_modules\Core\Network\BotnetDetector.cpp(642,38): error C2059: s├Âzdizimi hatas─▒: ':' [C:\ShadowStrike\ShadowStrike\ShadowStrike.vcxproj]
  ('/src/Shared_modules/Core/Network/BotnetDetector.cpp' kaynak dosyas─▒ derleniyor)
  
C:\ShadowStrike\ShadowStrike\src\Shared_modules\Core\Network\BotnetDetector.cpp(642,55): error C2143: s├Âzdizimi hatas─▒: ';' eksik ('{' ├Âncesinde) [C:\ShadowStrike\ShadowStrike\ShadowStrike.vcxproj]
  ('/src/Shared_modules/Core/Network/BotnetDetector.cpp' kaynak dosyas─▒ derleniyor)
  
C:\ShadowStrike\ShadowStrike\src\Shared_modules\Core\Network\BotnetDetector.cpp(643,17): error C2065: 'conn': bildirimi yap─▒lmam─▒┼ş tan─▒mlay─▒c─▒ [C:\ShadowStrike\ShadowStrike\ShadowStrike.vcxproj]
  ('/src/Shared_modules/Core/Network/BotnetDetector.cpp' kaynak dosyas─▒ derleniyor)
  
C:\ShadowStrike\ShadowStrike\src\Shared_modules\Core\Network\BotnetDetector.cpp(643,42): error C2065: 'conn': bildirimi yap─▒lmam─▒┼ş tan─▒mlay─▒c─▒ [C:\ShadowStrike\ShadowStrike\ShadowStrike.vcxproj]
  ('/src/Shared_modules/Core/Network/BotnetDetector.cpp' kaynak dosyas─▒ derleniyor)
  
C:\ShadowStrike\ShadowStrike\src\Shared_modules\Core\Network\BotnetDetector.cpp(644,42): error C2065: 'conn': bildirimi yap─▒lmam─▒┼ş tan─▒mlay─▒c─▒ [C:\ShadowStrike\ShadowStrike\ShadowStrike.vcxproj]
  ('/src/Shared_modules/Core/Network/BotnetDetector.cpp' kaynak dosyas─▒ derleniyor)
  
C:\ShadowStrike\ShadowStrike\src\Shared_modules\Core\Network\NetworkMonitor.cpp(1510,24): error C2665: 'ShadowStrike::Utils::Logger::Info': hi├ğbir a┼ş─▒r─▒ y├╝klenmi┼ş i┼şlev t├╝m arg├╝man t├╝rlerini d├Ân├╝┼şt├╝remez [C:\ShadowStrike\ShadowStrike\ShadowStrike.vcxproj]
  ('/src/Shared_modules/Core/Network/NetworkMonitor.cpp' kaynak dosyas─▒ derleniyor)
      C:\ShadowStrike\ShadowStrike\src\Shared_modules\Utils\Logger.hpp(282,16):
      'void ShadowStrike::Utils::Logger::Info<std::wstring>(std::basic_format_string<char,std::basic_string<wchar_t,std::char_traits<wchar_t>,std::allocator<wchar_t>>>,std::wstring &&)' olabilirdi
          C:\ShadowStrike\ShadowStrike\src\Shared_modules\Core\Network\NetworkMonitor.cpp(1510,24):
          'void ShadowStrike::Utils::Logger::Info<std::wstring>(std::basic_format_string<char,std::basic_string<wchar_t,std::char_traits<wchar_t>,std::allocator<wchar_t>>>,std::wstring &&)' : 1 ba─ş─▒ms─▒z de─şi┼şkeni 'const wchar_t [32]' de─şerinden 'std::basic_format_string<char,std::basic_string<wchar_t,std::char_traits<wchar_t>,std::allocator<wchar_t>>>' de─şerine d├Ân├╝┼şt├╝r├╝lemez
              C:\ShadowStrike\ShadowStrike\src\Shared_modules\Core\Network\NetworkMonitor.cpp(1510,29):
              'std::basic_format_string<char,std::basic_string<wchar_t,std::char_traits<wchar_t>,std::allocator<wchar_t>>>::basic_format_string': hi├ğbir a┼ş─▒r─▒ y├╝klenmi┼ş i┼şlev t├╝m arg├╝man t├╝rlerini d├Ân├╝┼şt├╝remez
                  C:\Program Files\Microsoft Visual Studio\2022\Community\VC\Tools\MSVC\14.44.35207\include\format(2867,1):
                  'std::basic_format_string<char,std::basic_string<wchar_t,std::char_traits<wchar_t>,std::allocator<wchar_t>>>::basic_format_string(std::basic_format_string<char,std::basic_string<wchar_t,std::char_traits<wchar_t>,std::allocator<wchar_t>>> &&)' olabilirdi
                      C:\ShadowStrike\ShadowStrike\src\Shared_modules\Core\Network\NetworkMonitor.cpp(1510,29):
                      'std::basic_format_string<char,std::basic_string<wchar_t,std::char_traits<wchar_t>,std::allocator<wchar_t>>>::basic_format_string(std::basic_format_string<char,std::basic_string<wchar_t,std::char_traits<wchar_t>,std::allocator<wchar_t>>> &&)' : 1 ba─ş─▒ms─▒z de─şi┼şkeni 'const wchar_t [32]' de─şerinden 'std::basic_format_string<char,std::basic_string<wchar_t,std::char_traits<wchar_t>,std::allocator<wchar_t>>> &&' de─şerine d├Ân├╝┼şt├╝r├╝lemez
                          C:\ShadowStrike\ShadowStrike\src\Shared_modules\Core\Network\NetworkMonitor.cpp(1510,29):
                          Nedeni: 'const wchar_t [32]' de─şerinden 'std::basic_format_string<char,std::basic_string<wchar_t,std::char_traits<wchar_t>,std::allocator<wchar_t>>>' de─şerine d├Ân├╝┼şt├╝r├╝lemez
                          C:\ShadowStrike\ShadowStrike\src\Shared_modules\Core\Network\NetworkMonitor.cpp(1510,29):
                          D├Ân├╝┼şt├╝rme ikinci bir kullan─▒c─▒ tan─▒ml─▒ d├Ân├╝┼şt├╝rme i┼şleci veya olu┼şturucu gerektiriyor
                  C:\Program Files\Microsoft Visual Studio\2022\Community\VC\Tools\MSVC\14.44.35207\include\format(2867,1):
                  veya       'std::basic_format_string<char,std::basic_string<wchar_t,std::char_traits<wchar_t>,std::allocator<wchar_t>>>::basic_format_string(const std::basic_format_string<char,std::basic_string<wchar_t,std::char_traits<wchar_t>,std::allocator<wchar_t>>> &)'
                      C:\ShadowStrike\ShadowStrike\src\Shared_modules\Core\Network\NetworkMonitor.cpp(1510,29):
                      'std::basic_format_string<char,std::basic_string<wchar_t,std::char_traits<wchar_t>,std::allocator<wchar_t>>>::basic_format_string(const std::basic_format_string<char,std::basic_string<wchar_t,std::char_traits<wchar_t>,std::allocator<wchar_t>>> &)' : 1 ba─ş─▒ms─▒z de─şi┼şkeni 'const wchar_t [32]' de─şerinden 'const std::basic_format_string<char,std::basic_string<wchar_t,std::char_traits<wchar_t>,std::allocator<wchar_t>>> &' de─şerine d├Ân├╝┼şt├╝r├╝lemez
                          C:\ShadowStrike\ShadowStrike\src\Shared_modules\Core\Network\NetworkMonitor.cpp(1510,29):
                          Nedeni: 'const wchar_t [32]' de─şerinden 'const std::basic_format_string<char,std::basic_string<wchar_t,std::char_traits<wchar_t>,std::allocator<wchar_t>>>' de─şerine d├Ân├╝┼şt├╝r├╝lemez
                          C:\ShadowStrike\ShadowStrike\src\Shared_modules\Core\Network\NetworkMonitor.cpp(1510,29):
                          D├Ân├╝┼şt├╝rme ikinci bir kullan─▒c─▒ tan─▒ml─▒ d├Ân├╝┼şt├╝rme i┼şleci veya olu┼şturucu gerektiriyor
                  C:\Program Files\Microsoft Visual Studio\2022\Community\VC\Tools\MSVC\14.44.35207\include\format(2850,5):
                  veya       'std::basic_format_string<char,std::basic_string<wchar_t,std::char_traits<wchar_t>,std::allocator<wchar_t>>>::basic_format_string(const _Ty &)'
                  C:\ShadowStrike\ShadowStrike\src\Shared_modules\Core\Network\NetworkMonitor.cpp(1510,29):
                  '(const wchar_t [32])' ba─ş─▒ms─▒z de─şi┼şken listesi e┼şlenmeye ├ğal─▒┼ş─▒l─▒rken
      C:\ShadowStrike\ShadowStrike\src\Shared_modules\Core\Network\NetworkMonitor.cpp(1510,24):
      '(const wchar_t [32], std::wstring)' ba─ş─▒ms─▒z de─şi┼şken listesi e┼şlenmeye ├ğal─▒┼ş─▒l─▒rken
  
C:\ShadowStrike\ShadowStrike\src\Shared_modules\Core\Network\BotnetDetector.cpp(654,33): error C3312: ├ğa─şr─▒labilir hi├ğbir 'begin' i┼şlevi bulunamad─▒ ('<error type>' t├╝r├╝ i├ğin) [C:\ShadowStrike\ShadowStrike\ShadowStrike.vcxproj]
  ('/src/Shared_modules/Core/Network/BotnetDetector.cpp' kaynak dosyas─▒ derleniyor)
  
C:\ShadowStrike\ShadowStrike\src\Shared_modules\Core\Network\BotnetDetector.cpp(654,33): error C3312: ├ğa─şr─▒labilir hi├ğbir 'end' i┼şlevi bulunamad─▒ ('<error type>' t├╝r├╝ i├ğin) [C:\ShadowStrike\ShadowStrike\ShadowStrike.vcxproj]
  ('/src/Shared_modules/Core/Network/BotnetDetector.cpp' kaynak dosyas─▒ derleniyor)
  
C:\ShadowStrike\ShadowStrike\src\Shared_modules\Core\Network\NetworkMonitor.cpp(1515,49): error C2039: 'Utf8ToWide': bir 'ShadowStrike::Utils::StringUtils' ├╝yesi de─şil [C:\ShadowStrike\ShadowStrike\ShadowStrike.vcxproj]
  ('/src/Shared_modules/Core/Network/NetworkMonitor.cpp' kaynak dosyas─▒ derleniyor)
      C:\ShadowStrike\ShadowStrike\src\Shared_modules\Utils\StringUtils.hpp(63,19):
      'ShadowStrike::Utils::StringUtils' bildirimine bak─▒n
  
C:\ShadowStrike\ShadowStrike\src\Shared_modules\Core\Network\BotnetDetector.cpp(654,26): error C3531: 'conn': t├╝r├╝ 'auto' i├ğeren bir simgenin bir ba┼şlat─▒c─▒s─▒ olmal─▒d─▒r [C:\ShadowStrike\ShadowStrike\ShadowStrike.vcxproj]
  ('/src/Shared_modules/Core/Network/BotnetDetector.cpp' kaynak dosyas─▒ derleniyor)
  
C:\ShadowStrike\ShadowStrike\src\Shared_modules\Core\Network\NetworkMonitor.cpp(1515,49): error C3861: 'Utf8ToWide': tan─▒mlay─▒c─▒ bulunamad─▒ [C:\ShadowStrike\ShadowStrike\ShadowStrike.vcxproj]
  ('/src/Shared_modules/Core/Network/NetworkMonitor.cpp' kaynak dosyas─▒ derleniyor)
  
C:\ShadowStrike\ShadowStrike\src\Shared_modules\Core\Network\BotnetDetector.cpp(654,31): error C2143: s├Âzdizimi hatas─▒: ';' eksik (':' ├Âncesinde) [C:\ShadowStrike\ShadowStrike\ShadowStrike.vcxproj]
  ('/src/Shared_modules/Core/Network/BotnetDetector.cpp' kaynak dosyas─▒ derleniyor)
  
C:\ShadowStrike\ShadowStrike\src\Shared_modules\Core\Network\BotnetDetector.cpp(654,46): error C2143: s├Âzdizimi hatas─▒: ';' eksik (')' ├Âncesinde) [C:\ShadowStrike\ShadowStrike\ShadowStrike.vcxproj]
  ('/src/Shared_modules/Core/Network/BotnetDetector.cpp' kaynak dosyas─▒ derleniyor)
  
C:\ShadowStrike\ShadowStrike\src\Shared_modules\Core\Network\EmailScanner.hpp(345,5): error C2143: s├Âzdizimi hatas─▒: '}' eksik ('sabit' ├Âncesinde) [C:\ShadowStrike\ShadowStrike\ShadowStrike.vcxproj]
  ('/src/Shared_modules/Core/Network/EmailScanner.cpp' kaynak dosyas─▒ derleniyor)
  
C:\ShadowStrike\ShadowStrike\src\Shared_modules\Core\Network\EmailScanner.hpp(345,5): error C2059: s├Âzdizimi hatas─▒: 'sabit' [C:\ShadowStrike\ShadowStrike\ShadowStrike.vcxproj]
  ('/src/Shared_modules/Core/Network/EmailScanner.cpp' kaynak dosyas─▒ derleniyor)
  
C:\ShadowStrike\ShadowStrike\src\Shared_modules\Core\Network\NetworkMonitor.cpp(1514,24): error C2660: 'ShadowStrike::Utils::Logger::Error': i┼şlev 2 ba─ş─▒ms─▒z de─şi┼şken alm─▒yor [C:\ShadowStrike\ShadowStrike\ShadowStrike.vcxproj]
  ('/src/Shared_modules/Core/Network/NetworkMonitor.cpp' kaynak dosyas─▒ derleniyor)
      C:\ShadowStrike\ShadowStrike\src\Shared_modules\Utils\Logger.hpp(263,16):
      'ShadowStrike::Utils::Logger::Error' bildirimine bak─▒n
      C:\ShadowStrike\ShadowStrike\src\Shared_modules\Utils\Logger.hpp(274,16):
      'void ShadowStrike::Utils::Logger::Error(std::basic_format_string<char,type_identity<_Args>::type...>,Args ...)' olabilirdi
          C:\ShadowStrike\ShadowStrike\src\Shared_modules\Core\Network\NetworkMonitor.cpp(1514,24):
          'void ShadowStrike::Utils::Logger::Error(std::basic_format_string<char,type_identity<_Args>::type...>,Args ...)' i┼şlev ┼şablonu ├Âzelle┼ştirilemedi
              C:\ShadowStrike\ShadowStrike\src\Shared_modules\Core\Network\NetworkMonitor.cpp(1514,24):
              ┼Şu ┼şablon ba─ş─▒ms─▒z de─şi┼şkenleriyle:
                  C:\ShadowStrike\ShadowStrike\src\Shared_modules\Core\Network\NetworkMonitor.cpp(1514,24):
                  'Args={<error type>}'
      C:\ShadowStrike\ShadowStrike\src\Shared_modules\Core\Network\NetworkMonitor.cpp(1514,24):
      '(const wchar_t [39], <error type>)' ba─ş─▒ms─▒z de─şi┼şken listesi e┼şlenmeye ├ğal─▒┼ş─▒l─▒rken
  
C:\ShadowStrike\ShadowStrike\src\Shared_modules\Core\Network\EmailScanner.hpp(347,1): error C2143: s├Âzdizimi hatas─▒: ';' eksik ('}' ├Âncesinde) [C:\ShadowStrike\ShadowStrike\ShadowStrike.vcxproj]
  ('/src/Shared_modules/Core/Network/EmailScanner.cpp' kaynak dosyas─▒ derleniyor)
  
C:\ShadowStrike\ShadowStrike\src\Shared_modules\Core\Network\NetworkMonitor.cpp(1523,43): error C2039: 'Utf8ToWide': bir 'ShadowStrike::Utils::StringUtils' ├╝yesi de─şil [C:\ShadowStrike\ShadowStrike\ShadowStrike.vcxproj]
  ('/src/Shared_modules/Core/Network/NetworkMonitor.cpp' kaynak dosyas─▒ derleniyor)
      C:\ShadowStrike\ShadowStrike\src\Shared_modules\Utils\StringUtils.hpp(63,19):
      'ShadowStrike::Utils::StringUtils' bildirimine bak─▒n
  
C:\ShadowStrike\ShadowStrike\src\Shared_modules\Core\Network\BotnetDetector.cpp(655,27): error C2661: 'std::vector<std::chrono::system_clock::time_point,std::allocator<std::chrono::system_clock::time_point>>::insert': hi├ğbir a┼ş─▒r─▒ y├╝klenmi┼ş i┼şlev 1 ba─ş─▒ms─▒z de─şi┼şken almaz [C:\ShadowStrike\ShadowStrike\ShadowStrike.vcxproj]
  ('/src/Shared_modules/Core/Network/BotnetDetector.cpp' kaynak dosyas─▒ derleniyor)
      C:\Program Files\Microsoft Visual Studio\2022\Community\VC\Tools\MSVC\14.44.35207\include\vector(1265,27):
      'std::_Vector_iterator<std::_Vector_val<std::_Simple_types<_Ty>>> std::vector<_Ty,std::allocator<_Ty>>::insert(std::_Vector_const_iterator<std::_Vector_val<std::_Simple_types<_Ty>>>,_Iter,_Iter)' olabilirdi
          with
          [
              _Ty=std::chrono::system_clock::time_point
          ]
          C:\ShadowStrike\ShadowStrike\src\Shared_modules\Core\Network\BotnetDetector.cpp(655,27):
          'std::_Vector_iterator<std::_Vector_val<std::_Simple_types<_Ty>>> std::vector<_Ty,std::allocator<_Ty>>::insert(std::_Vector_const_iterator<std::_Vector_val<std::_Simple_types<_Ty>>>,_Iter,_Iter)': 3 ba─ş─▒ms─▒z de─şi┼şken bekleniyor - 1 sa─şland─▒
          with
          [
              _Ty=std::chrono::system_clock::time_point
          ]
      C:\ShadowStrike\ShadowStrike\src\Shared_modules\Core\Network\BotnetDetector.cpp(655,27):
      '(std::_Vector_iterator<std::_Vector_val<std::_Simple_types<_Ty>>>)' ba─ş─▒ms─▒z de─şi┼şken listesi e┼şlenmeye ├ğal─▒┼ş─▒l─▒rken
          with
          [
              _Ty=std::chrono::system_clock::time_point
          ]
  
C:\ShadowStrike\ShadowStrike\src\Shared_modules\Core\Network\NetworkMonitor.cpp(1523,43): error C3861: 'Utf8ToWide': tan─▒mlay─▒c─▒ bulunamad─▒ [C:\ShadowStrike\ShadowStrike\ShadowStrike.vcxproj]
  ('/src/Shared_modules/Core/Network/NetworkMonitor.cpp' kaynak dosyas─▒ derleniyor)
  
C:\ShadowStrike\ShadowStrike\src\Shared_modules\Core\Network\BotnetDetector.cpp(662,36): error C2065: 'm_config': bildirimi yap─▒lmam─▒┼ş tan─▒mlay─▒c─▒ [C:\ShadowStrike\ShadowStrike\ShadowStrike.vcxproj]
  ('/src/Shared_modules/Core/Network/BotnetDetector.cpp' kaynak dosyas─▒ derleniyor)
  
C:\ShadowStrike\ShadowStrike\src\Shared_modules\Core\Network\BotnetDetector.cpp(662,36): error C1003: hata say─▒s─▒ 100 taneyi a┼şt─▒; derleme durduruluyor [C:\ShadowStrike\ShadowStrike\ShadowStrike.vcxproj]
  ('/src/Shared_modules/Core/Network/BotnetDetector.cpp' kaynak dosyas─▒ derleniyor)
  
C:\ShadowStrike\ShadowStrike\src\Shared_modules\Core\Network\NetworkMonitor.cpp(1522,20): error C2660: 'ShadowStrike::Utils::Logger::Info': i┼şlev 2 ba─ş─▒ms─▒z de─şi┼şken alm─▒yor [C:\ShadowStrike\ShadowStrike\ShadowStrike.vcxproj]
  ('/src/Shared_modules/Core/Network/NetworkMonitor.cpp' kaynak dosyas─▒ derleniyor)
      C:\ShadowStrike\ShadowStrike\src\Shared_modules\Utils\Logger.hpp(265,16):
      'ShadowStrike::Utils::Logger::Info' bildirimine bak─▒n
      C:\ShadowStrike\ShadowStrike\src\Shared_modules\Utils\Logger.hpp(282,16):
      'void ShadowStrike::Utils::Logger::Info(std::basic_format_string<char,type_identity<_Args>::type...>,Args ...)' olabilirdi
          C:\ShadowStrike\ShadowStrike\src\Shared_modules\Core\Network\NetworkMonitor.cpp(1522,20):
          'void ShadowStrike::Utils::Logger::Info(std::basic_format_string<char,type_identity<_Args>::type...>,Args ...)' i┼şlev ┼şablonu ├Âzelle┼ştirilemedi
              C:\ShadowStrike\ShadowStrike\src\Shared_modules\Core\Network\NetworkMonitor.cpp(1522,20):
              ┼Şu ┼şablon ba─ş─▒ms─▒z de─şi┼şkenleriyle:
                  C:\ShadowStrike\ShadowStrike\src\Shared_modules\Core\Network\NetworkMonitor.cpp(1522,20):
                  'Args={<error type>}'
      C:\ShadowStrike\ShadowStrike\src\Shared_modules\Core\Network\NetworkMonitor.cpp(1522,20):
      '(const wchar_t [36], <error type>)' ba─ş─▒ms─▒z de─şi┼şken listesi e┼şlenmeye ├ğal─▒┼ş─▒l─▒rken
  
C:\ShadowStrike\ShadowStrike\src\Shared_modules\Core\Network\EmailScanner.hpp(444,24): error C3646: 'disposition': bilinmeyen ge├ğersiz k─▒lma belirticisi [C:\ShadowStrike\ShadowStrike\ShadowStrike.vcxproj]
  ('/src/Shared_modules/Core/Network/EmailScanner.cpp' kaynak dosyas─▒ derleniyor)
  
C:\ShadowStrike\ShadowStrike\src\Shared_modules\Core\Network\EmailScanner.hpp(444,35): error C2059: s├Âzdizimi hatas─▒: '{' [C:\ShadowStrike\ShadowStrike\ShadowStrike.vcxproj]
  ('/src/Shared_modules/Core/Network/EmailScanner.cpp' kaynak dosyas─▒ derleniyor)
  
C:\ShadowStrike\ShadowStrike\src\Shared_modules\Core\Network\EmailScanner.hpp(444,35): error C2334: '{' ├Âncesinde beklenmeyen belirte├ğler; g├Âr├╝nen i┼şlev g├Âvdesi atlan─▒yor [C:\ShadowStrike\ShadowStrike\ShadowStrike.vcxproj]
  ('/src/Shared_modules/Core/Network/EmailScanner.cpp' kaynak dosyas─▒ derleniyor)
  
C:\ShadowStrike\ShadowStrike\src\Shared_modules\Core\Network\EmailScanner.hpp(448,20): error C3646: 'type': bilinmeyen ge├ğersiz k─▒lma belirticisi [C:\ShadowStrike\ShadowStrike\ShadowStrike.vcxproj]
  ('/src/Shared_modules/Core/Network/EmailScanner.cpp' kaynak dosyas─▒ derleniyor)
  
C:\ShadowStrike\ShadowStrike\src\Shared_modules\Core\Network\EmailScanner.hpp(448,24): error C2059: s├Âzdizimi hatas─▒: '{' [C:\ShadowStrike\ShadowStrike\ShadowStrike.vcxproj]
  ('/src/Shared_modules/Core/Network/EmailScanner.cpp' kaynak dosyas─▒ derleniyor)
  
C:\ShadowStrike\ShadowStrike\src\Shared_modules\Core\Network\EmailScanner.hpp(448,24): error C2334: '{' ├Âncesinde beklenmeyen belirte├ğler; g├Âr├╝nen i┼şlev g├Âvdesi atlan─▒yor [C:\ShadowStrike\ShadowStrike\ShadowStrike.vcxproj]
  ('/src/Shared_modules/Core/Network/EmailScanner.cpp' kaynak dosyas─▒ derleniyor)
  
C:\ShadowStrike\ShadowStrike\src\Shared_modules\Core\Network\EmailScanner.hpp(458,16): error C3646: 'scanResult': bilinmeyen ge├ğersiz k─▒lma belirticisi [C:\ShadowStrike\ShadowStrike\ShadowStrike.vcxproj]
  ('/src/Shared_modules/Core/Network/EmailScanner.cpp' kaynak dosyas─▒ derleniyor)
  
C:\ShadowStrike\ShadowStrike\src\Shared_modules\Core\Network\EmailScanner.hpp(458,26): error C2059: s├Âzdizimi hatas─▒: '{' [C:\ShadowStrike\ShadowStrike\ShadowStrike.vcxproj]
  ('/src/Shared_modules/Core/Network/EmailScanner.cpp' kaynak dosyas─▒ derleniyor)
  
C:\ShadowStrike\ShadowStrike\src\Shared_modules\Core\Network\EmailScanner.hpp(458,26): error C2334: '{' ├Âncesinde beklenmeyen belirte├ğler; g├Âr├╝nen i┼şlev g├Âvdesi atlan─▒yor [C:\ShadowStrike\ShadowStrike\ShadowStrike.vcxproj]
  ('/src/Shared_modules/Core/Network/EmailScanner.cpp' kaynak dosyas─▒ derleniyor)
  
C:\ShadowStrike\ShadowStrike\src\Shared_modules\Core\Network\EmailScanner.hpp(459,20): error C3646: 'riskLevel': bilinmeyen ge├ğersiz k─▒lma belirticisi [C:\ShadowStrike\ShadowStrike\ShadowStrike.vcxproj]
  ('/src/Shared_modules/Core/Network/EmailScanner.cpp' kaynak dosyas─▒ derleniyor)
  
C:\ShadowStrike\ShadowStrike\src\Shared_modules\Core\Network\EmailScanner.hpp(459,29): error C2059: s├Âzdizimi hatas─▒: '{' [C:\ShadowStrike\ShadowStrike\ShadowStrike.vcxproj]
  ('/src/Shared_modules/Core/Network/EmailScanner.cpp' kaynak dosyas─▒ derleniyor)
  
C:\ShadowStrike\ShadowStrike\src\Shared_modules\Core\Network\EmailScanner.hpp(459,29): error C2334: '{' ├Âncesinde beklenmeyen belirte├ğler; g├Âr├╝nen i┼şlev g├Âvdesi atlan─▒yor [C:\ShadowStrike\ShadowStrike\ShadowStrike.vcxproj]
  ('/src/Shared_modules/Core/Network/EmailScanner.cpp' kaynak dosyas─▒ derleniyor)
  
C:\ShadowStrike\ShadowStrike\src\Shared_modules\Core\Network\EmailScanner.hpp(461,17): error C2065: 'ThreatType': bildirimi yap─▒lmam─▒┼ş tan─▒mlay─▒c─▒ [C:\ShadowStrike\ShadowStrike\ShadowStrike.vcxproj]
  ('/src/Shared_modules/Core/Network/EmailScanner.cpp' kaynak dosyas─▒ derleniyor)
  
C:\ShadowStrike\ShadowStrike\src\Shared_modules\Core\Network\NetworkMonitor.cpp(1533,24): error C2665: 'ShadowStrike::Utils::Logger::Info': hi├ğbir a┼ş─▒r─▒ y├╝klenmi┼ş i┼şlev t├╝m arg├╝man t├╝rlerini d├Ân├╝┼şt├╝remez [C:\ShadowStrike\ShadowStrike\ShadowStrike.vcxproj]
  ('/src/Shared_modules/Core/Network/NetworkMonitor.cpp' kaynak dosyas─▒ derleniyor)
      C:\ShadowStrike\ShadowStrike\src\Shared_modules\Utils\Logger.hpp(282,16):
      'void ShadowStrike::Utils::Logger::Info<uint16_t&,std::string_view>(std::basic_format_string<char,uint16_t &,std::basic_string_view<char,std::char_traits<char>>>,uint16_t &,std::string_view &&)' olabilirdi
          C:\ShadowStrike\ShadowStrike\src\Shared_modules\Core\Network\NetworkMonitor.cpp(1533,24):
          'void ShadowStrike::Utils::Logger::Info<uint16_t&,std::string_view>(std::basic_format_string<char,uint16_t &,std::basic_string_view<char,std::char_traits<char>>>,uint16_t &,std::string_view &&)' : 1 ba─ş─▒ms─▒z de─şi┼şkeni 'const wchar_t [37]' de─şerinden 'std::basic_format_string<char,uint16_t &,std::basic_string_view<char,std::char_traits<char>>>' de─şerine d├Ân├╝┼şt├╝r├╝lemez
              C:\ShadowStrike\ShadowStrike\src\Shared_modules\Core\Network\NetworkMonitor.cpp(1533,29):
              'std::basic_format_string<char,uint16_t &,std::basic_string_view<char,std::char_traits<char>>>::basic_format_string': hi├ğbir a┼ş─▒r─▒ y├╝klenmi┼ş i┼şlev t├╝m arg├╝man t├╝rlerini d├Ân├╝┼şt├╝remez
                  C:\Program Files\Microsoft Visual Studio\2022\Community\VC\Tools\MSVC\14.44.35207\include\format(2867,1):
                  'std::basic_format_string<char,uint16_t &,std::basic_string_view<char,std::char_traits<char>>>::basic_format_string(std::basic_format_string<char,uint16_t &,std::basic_string_view<char,std::char_traits<char>>> &&)' olabilirdi
                      C:\ShadowStrike\ShadowStrike\src\Shared_modules\Core\Network\NetworkMonitor.cpp(1533,29):
                      'std::basic_format_string<char,uint16_t &,std::basic_string_view<char,std::char_traits<char>>>::basic_format_string(std::basic_format_string<char,uint16_t &,std::basic_string_view<char,std::char_traits<char>>> &&)' : 1 ba─ş─▒ms─▒z de─şi┼şkeni 'const wchar_t [37]' de─şerinden 'std::basic_format_string<char,uint16_t &,std::basic_string_view<char,std::char_traits<char>>> &&' de─şerine d├Ân├╝┼şt├╝r├╝lemez
                          C:\ShadowStrike\ShadowStrike\src\Shared_modules\Core\Network\NetworkMonitor.cpp(1533,29):
                          Nedeni: 'const wchar_t [37]' de─şerinden 'std::basic_format_string<char,uint16_t &,std::basic_string_view<char,std::char_traits<char>>>' de─şerine d├Ân├╝┼şt├╝r├╝lemez
                          C:\ShadowStrike\ShadowStrike\src\Shared_modules\Core\Network\NetworkMonitor.cpp(1533,29):
                          D├Ân├╝┼şt├╝rme ikinci bir kullan─▒c─▒ tan─▒ml─▒ d├Ân├╝┼şt├╝rme i┼şleci veya olu┼şturucu gerektiriyor
                  C:\Program Files\Microsoft Visual Studio\2022\Community\VC\Tools\MSVC\14.44.35207\include\format(2867,1):
                  veya       'std::basic_format_string<char,uint16_t &,std::basic_string_view<char,std::char_traits<char>>>::basic_format_string(const std::basic_format_string<char,uint16_t &,std::basic_string_view<char,std::char_traits<char>>> &)'
                      C:\ShadowStrike\ShadowStrike\src\Shared_modules\Core\Network\NetworkMonitor.cpp(1533,29):
                      'std::basic_format_string<char,uint16_t &,std::basic_string_view<char,std::char_traits<char>>>::basic_format_string(const std::basic_format_string<char,uint16_t &,std::basic_string_view<char,std::char_traits<char>>> &)' : 1 ba─ş─▒ms─▒z de─şi┼şkeni 'const wchar_t [37]' de─şerinden 'const std::basic_format_string<char,uint16_t &,std::basic_string_view<char,std::char_traits<char>>> &' de─şerine d├Ân├╝┼şt├╝r├╝lemez
                          C:\ShadowStrike\ShadowStrike\src\Shared_modules\Core\Network\NetworkMonitor.cpp(1533,29):
                          Nedeni: 'const wchar_t [37]' de─şerinden 'const std::basic_format_string<char,uint16_t &,std::basic_string_view<char,std::char_traits<char>>>' de─şerine d├Ân├╝┼şt├╝r├╝lemez
                          C:\ShadowStrike\ShadowStrike\src\Shared_modules\Core\Network\NetworkMonitor.cpp(1533,29):
                          D├Ân├╝┼şt├╝rme ikinci bir kullan─▒c─▒ tan─▒ml─▒ d├Ân├╝┼şt├╝rme i┼şleci veya olu┼şturucu gerektiriyor
                  C:\Program Files\Microsoft Visual Studio\2022\Community\VC\Tools\MSVC\14.44.35207\include\format(2850,5):
                  veya       'std::basic_format_string<char,uint16_t &,std::basic_string_view<char,std::char_traits<char>>>::basic_format_string(const _Ty &)'
                  C:\ShadowStrike\ShadowStrike\src\Shared_modules\Core\Network\NetworkMonitor.cpp(1533,29):
                  '(const wchar_t [37])' ba─ş─▒ms─▒z de─şi┼şken listesi e┼şlenmeye ├ğal─▒┼ş─▒l─▒rken
      C:\ShadowStrike\ShadowStrike\src\Shared_modules\Core\Network\NetworkMonitor.cpp(1533,24):
      '(const wchar_t [37], uint16_t, std::string_view)' ba─ş─▒ms─▒z de─şi┼şken listesi e┼şlenmeye ├ğal─▒┼ş─▒l─▒rken
  
C:\ShadowStrike\ShadowStrike\src\Shared_modules\Core\Network\EmailScanner.hpp(461,10): error C2923: 'std::vector': 'ThreatType' ge├ğerli bir ┼şablon t├╝r ba─ş─▒ms─▒z de─şi┼şkeni de─şil ('_Ty' parametresi i├ğin) [C:\ShadowStrike\ShadowStrike\ShadowStrike.vcxproj]
  ('/src/Shared_modules/Core/Network/EmailScanner.cpp' kaynak dosyas─▒ derleniyor)
      C:\ShadowStrike\ShadowStrike\src\Shared_modules\Core\Network\EmailScanner.hpp(461,17):
      'ThreatType' bildirimine bak─▒n
  
C:\ShadowStrike\ShadowStrike\src\Shared_modules\Core\Network\NetworkMonitor.cpp(1539,49): error C2039: 'Utf8ToWide': bir 'ShadowStrike::Utils::StringUtils' ├╝yesi de─şil [C:\ShadowStrike\ShadowStrike\ShadowStrike.vcxproj]
  ('/src/Shared_modules/Core/Network/NetworkMonitor.cpp' kaynak dosyas─▒ derleniyor)
      C:\ShadowStrike\ShadowStrike\src\Shared_modules\Utils\StringUtils.hpp(63,19):
      'ShadowStrike::Utils::StringUtils' bildirimine bak─▒n
  
C:\ShadowStrike\ShadowStrike\src\Shared_modules\Core\Network\NetworkMonitor.cpp(1539,49): error C3861: 'Utf8ToWide': tan─▒mlay─▒c─▒ bulunamad─▒ [C:\ShadowStrike\ShadowStrike\ShadowStrike.vcxproj]
  ('/src/Shared_modules/Core/Network/NetworkMonitor.cpp' kaynak dosyas─▒ derleniyor)
  
C:\ShadowStrike\ShadowStrike\src\Shared_modules\Core\Network\EmailScanner.hpp(461,10): error C2976: 'std::vector': ├ğok az say─▒da ┼şablon ba─ş─▒ms─▒z de─şi┼şkeni var [C:\ShadowStrike\ShadowStrike\ShadowStrike.vcxproj]
  ('/src/Shared_modules/Core/Network/EmailScanner.cpp' kaynak dosyas─▒ derleniyor)
      C:\Program Files\Microsoft Visual Studio\2022\Community\VC\Tools\MSVC\14.44.35207\include\vector(442,7):
      'std::vector' bildirimine bak─▒n
  
C:\ShadowStrike\ShadowStrike\src\Shared_modules\Core\Network\EmailScanner.hpp(461,29): error C2955: 'std::vector' : s─▒n─▒f ┼şablon kullan─▒m─▒ i├ğin ┼şablon ba─ş─▒ms─▒z de─şi┼şken listesi gerekir [C:\ShadowStrike\ShadowStrike\ShadowStrike.vcxproj]
  ('/src/Shared_modules/Core/Network/EmailScanner.cpp' kaynak dosyas─▒ derleniyor)
      C:\Program Files\Microsoft Visual Studio\2022\Community\VC\Tools\MSVC\14.44.35207\include\vector(442,7):
      'std::vector' bildirimine bak─▒n
  
C:\ShadowStrike\ShadowStrike\src\Shared_modules\Core\Network\NetworkMonitor.cpp(1538,24): error C2660: 'ShadowStrike::Utils::Logger::Error': i┼şlev 2 ba─ş─▒ms─▒z de─şi┼şken alm─▒yor [C:\ShadowStrike\ShadowStrike\ShadowStrike.vcxproj]
  ('/src/Shared_modules/Core/Network/NetworkMonitor.cpp' kaynak dosyas─▒ derleniyor)
      C:\ShadowStrike\ShadowStrike\src\Shared_modules\Utils\Logger.hpp(263,16):
      'ShadowStrike::Utils::Logger::Error' bildirimine bak─▒n
      C:\ShadowStrike\ShadowStrike\src\Shared_modules\Utils\Logger.hpp(274,16):
      'void ShadowStrike::Utils::Logger::Error(std::basic_format_string<char,type_identity<_Args>::type...>,Args ...)' olabilirdi
          C:\ShadowStrike\ShadowStrike\src\Shared_modules\Core\Network\NetworkMonitor.cpp(1538,24):
          'void ShadowStrike::Utils::Logger::Error(std::basic_format_string<char,type_identity<_Args>::type...>,Args ...)' i┼şlev ┼şablonu ├Âzelle┼ştirilemedi
              C:\ShadowStrike\ShadowStrike\src\Shared_modules\Core\Network\NetworkMonitor.cpp(1538,24):
              ┼Şu ┼şablon ba─ş─▒ms─▒z de─şi┼şkenleriyle:
                  C:\ShadowStrike\ShadowStrike\src\Shared_modules\Core\Network\NetworkMonitor.cpp(1538,24):
                  'Args={<error type>}'
      C:\ShadowStrike\ShadowStrike\src\Shared_modules\Core\Network\NetworkMonitor.cpp(1538,24):
      '(const wchar_t [39], <error type>)' ba─ş─▒ms─▒z de─şi┼şken listesi e┼şlenmeye ├ğal─▒┼ş─▒l─▒rken
  
C:\ShadowStrike\ShadowStrike\src\Shared_modules\Core\Network\NetworkMonitor.cpp(1549,24): error C2665: 'ShadowStrike::Utils::Logger::Info': hi├ğbir a┼ş─▒r─▒ y├╝klenmi┼ş i┼şlev t├╝m arg├╝man t├╝rlerini d├Ân├╝┼şt├╝remez [C:\ShadowStrike\ShadowStrike\ShadowStrike.vcxproj]
  ('/src/Shared_modules/Core/Network/NetworkMonitor.cpp' kaynak dosyas─▒ derleniyor)
      C:\ShadowStrike\ShadowStrike\src\Shared_modules\Utils\Logger.hpp(282,16):
      'void ShadowStrike::Utils::Logger::Info<uint16_t&,std::string_view>(std::basic_format_string<char,uint16_t &,std::basic_string_view<char,std::char_traits<char>>>,uint16_t &,std::string_view &&)' olabilirdi
          C:\ShadowStrike\ShadowStrike\src\Shared_modules\Core\Network\NetworkMonitor.cpp(1549,24):
          'void ShadowStrike::Utils::Logger::Info<uint16_t&,std::string_view>(std::basic_format_string<char,uint16_t &,std::basic_string_view<char,std::char_traits<char>>>,uint16_t &,std::string_view &&)' : 1 ba─ş─▒ms─▒z de─şi┼şkeni 'const wchar_t [39]' de─şerinden 'std::basic_format_string<char,uint16_t &,std::basic_string_view<char,std::char_traits<char>>>' de─şerine d├Ân├╝┼şt├╝r├╝lemez
              C:\ShadowStrike\ShadowStrike\src\Shared_modules\Core\Network\NetworkMonitor.cpp(1549,29):
              'std::basic_format_string<char,uint16_t &,std::basic_string_view<char,std::char_traits<char>>>::basic_format_string': hi├ğbir a┼ş─▒r─▒ y├╝klenmi┼ş i┼şlev t├╝m arg├╝man t├╝rlerini d├Ân├╝┼şt├╝remez
                  C:\Program Files\Microsoft Visual Studio\2022\Community\VC\Tools\MSVC\14.44.35207\include\format(2867,1):
                  'std::basic_format_string<char,uint16_t &,std::basic_string_view<char,std::char_traits<char>>>::basic_format_string(std::basic_format_string<char,uint16_t &,std::basic_string_view<char,std::char_traits<char>>> &&)' olabilirdi
                      C:\ShadowStrike\ShadowStrike\src\Shared_modules\Core\Network\NetworkMonitor.cpp(1549,29):
                      'std::basic_format_string<char,uint16_t &,std::basic_string_view<char,std::char_traits<char>>>::basic_format_string(std::basic_format_string<char,uint16_t &,std::basic_string_view<char,std::char_traits<char>>> &&)' : 1 ba─ş─▒ms─▒z de─şi┼şkeni 'const wchar_t [39]' de─şerinden 'std::basic_format_string<char,uint16_t &,std::basic_string_view<char,std::char_traits<char>>> &&' de─şerine d├Ân├╝┼şt├╝r├╝lemez
                          C:\ShadowStrike\ShadowStrike\src\Shared_modules\Core\Network\NetworkMonitor.cpp(1549,29):
                          Nedeni: 'const wchar_t [39]' de─şerinden 'std::basic_format_string<char,uint16_t &,std::basic_string_view<char,std::char_traits<char>>>' de─şerine d├Ân├╝┼şt├╝r├╝lemez
                          C:\ShadowStrike\ShadowStrike\src\Shared_modules\Core\Network\NetworkMonitor.cpp(1549,29):
                          D├Ân├╝┼şt├╝rme ikinci bir kullan─▒c─▒ tan─▒ml─▒ d├Ân├╝┼şt├╝rme i┼şleci veya olu┼şturucu gerektiriyor
                  C:\Program Files\Microsoft Visual Studio\2022\Community\VC\Tools\MSVC\14.44.35207\include\format(2867,1):
                  veya       'std::basic_format_string<char,uint16_t &,std::basic_string_view<char,std::char_traits<char>>>::basic_format_string(const std::basic_format_string<char,uint16_t &,std::basic_string_view<char,std::char_traits<char>>> &)'
                      C:\ShadowStrike\ShadowStrike\src\Shared_modules\Core\Network\NetworkMonitor.cpp(1549,29):
                      'std::basic_format_string<char,uint16_t &,std::basic_string_view<char,std::char_traits<char>>>::basic_format_string(const std::basic_format_string<char,uint16_t &,std::basic_string_view<char,std::char_traits<char>>> &)' : 1 ba─ş─▒ms─▒z de─şi┼şkeni 'const wchar_t [39]' de─şerinden 'const std::basic_format_string<char,uint16_t &,std::basic_string_view<char,std::char_traits<char>>> &' de─şerine d├Ân├╝┼şt├╝r├╝lemez
                          C:\ShadowStrike\ShadowStrike\src\Shared_modules\Core\Network\NetworkMonitor.cpp(1549,29):
                          Nedeni: 'const wchar_t [39]' de─şerinden 'const std::basic_format_string<char,uint16_t &,std::basic_string_view<char,std::char_traits<char>>>' de─şerine d├Ân├╝┼şt├╝r├╝lemez
                          C:\ShadowStrike\ShadowStrike\src\Shared_modules\Core\Network\NetworkMonitor.cpp(1549,29):
                          D├Ân├╝┼şt├╝rme ikinci bir kullan─▒c─▒ tan─▒ml─▒ d├Ân├╝┼şt├╝rme i┼şleci veya olu┼şturucu gerektiriyor
                  C:\Program Files\Microsoft Visual Studio\2022\Community\VC\Tools\MSVC\14.44.35207\include\format(2850,5):
                  veya       'std::basic_format_string<char,uint16_t &,std::basic_string_view<char,std::char_traits<char>>>::basic_format_string(const _Ty &)'
                  C:\ShadowStrike\ShadowStrike\src\Shared_modules\Core\Network\NetworkMonitor.cpp(1549,29):
                  '(const wchar_t [39])' ba─ş─▒ms─▒z de─şi┼şken listesi e┼şlenmeye ├ğal─▒┼ş─▒l─▒rken
      C:\ShadowStrike\ShadowStrike\src\Shared_modules\Core\Network\NetworkMonitor.cpp(1549,24):
      '(const wchar_t [39], uint16_t, std::string_view)' ba─ş─▒ms─▒z de─şi┼şken listesi e┼şlenmeye ├ğal─▒┼ş─▒l─▒rken
  
C:\ShadowStrike\ShadowStrike\src\Shared_modules\Core\Network\EmailScanner.hpp(604,16): error C3646: 'result': bilinmeyen ge├ğersiz k─▒lma belirticisi [C:\ShadowStrike\ShadowStrike\ShadowStrike.vcxproj]
  ('/src/Shared_modules/Core/Network/EmailScanner.cpp' kaynak dosyas─▒ derleniyor)
  
C:\ShadowStrike\ShadowStrike\src\Shared_modules\Core\Network\NetworkMonitor.cpp(1555,49): error C2039: 'Utf8ToWide': bir 'ShadowStrike::Utils::StringUtils' ├╝yesi de─şil [C:\ShadowStrike\ShadowStrike\ShadowStrike.vcxproj]
  ('/src/Shared_modules/Core/Network/NetworkMonitor.cpp' kaynak dosyas─▒ derleniyor)
      C:\ShadowStrike\ShadowStrike\src\Shared_modules\Utils\StringUtils.hpp(63,19):
      'ShadowStrike::Utils::StringUtils' bildirimine bak─▒n
  
C:\ShadowStrike\ShadowStrike\src\Shared_modules\Core\Network\EmailScanner.hpp(604,22): error C2059: s├Âzdizimi hatas─▒: '{' [C:\ShadowStrike\ShadowStrike\ShadowStrike.vcxproj]
  ('/src/Shared_modules/Core/Network/EmailScanner.cpp' kaynak dosyas─▒ derleniyor)
  
C:\ShadowStrike\ShadowStrike\src\Shared_modules\Core\Network\NetworkMonitor.cpp(1555,49): error C3861: 'Utf8ToWide': tan─▒mlay─▒c─▒ bulunamad─▒ [C:\ShadowStrike\ShadowStrike\ShadowStrike.vcxproj]
  ('/src/Shared_modules/Core/Network/NetworkMonitor.cpp' kaynak dosyas─▒ derleniyor)
  
C:\ShadowStrike\ShadowStrike\src\Shared_modules\Core\Network\EmailScanner.hpp(604,22): error C2334: '{' ├Âncesinde beklenmeyen belirte├ğler; g├Âr├╝nen i┼şlev g├Âvdesi atlan─▒yor [C:\ShadowStrike\ShadowStrike\ShadowStrike.vcxproj]
  ('/src/Shared_modules/Core/Network/EmailScanner.cpp' kaynak dosyas─▒ derleniyor)
  
C:\ShadowStrike\ShadowStrike\src\Shared_modules\Core\Network\NetworkMonitor.cpp(1555,49): error C1003: hata say─▒s─▒ 100 taneyi a┼şt─▒; derleme durduruluyor [C:\ShadowStrike\ShadowStrike\ShadowStrike.vcxproj]
  ('/src/Shared_modules/Core/Network/NetworkMonitor.cpp' kaynak dosyas─▒ derleniyor)
  
C:\ShadowStrike\ShadowStrike\src\Shared_modules\Core\Network\EmailScanner.hpp(609,19): error C3646: 'protocol': bilinmeyen ge├ğersiz k─▒lma belirticisi [C:\ShadowStrike\ShadowStrike\ShadowStrike.vcxproj]
  ('/src/Shared_modules/Core/Network/EmailScanner.cpp' kaynak dosyas─▒ derleniyor)
  
C:\ShadowStrike\ShadowStrike\src\Shared_modules\Core\Network\EmailScanner.hpp(609,27): error C2059: s├Âzdizimi hatas─▒: '{' [C:\ShadowStrike\ShadowStrike\ShadowStrike.vcxproj]
  ('/src/Shared_modules/Core/Network/EmailScanner.cpp' kaynak dosyas─▒ derleniyor)
  
C:\ShadowStrike\ShadowStrike\src\Shared_modules\Core\Network\EmailScanner.hpp(609,27): error C2334: '{' ├Âncesinde beklenmeyen belirte├ğler; g├Âr├╝nen i┼şlev g├Âvdesi atlan─▒yor [C:\ShadowStrike\ShadowStrike\ShadowStrike.vcxproj]
  ('/src/Shared_modules/Core/Network/EmailScanner.cpp' kaynak dosyas─▒ derleniyor)
  
C:\ShadowStrike\ShadowStrike\src\Shared_modules\Core\Network\EmailScanner.hpp(610,20): error C3646: 'direction': bilinmeyen ge├ğersiz k─▒lma belirticisi [C:\ShadowStrike\ShadowStrike\ShadowStrike.vcxproj]
  ('/src/Shared_modules/Core/Network/EmailScanner.cpp' kaynak dosyas─▒ derleniyor)
  
C:\ShadowStrike\ShadowStrike\src\Shared_modules\Core\Network\EmailScanner.hpp(610,29): error C2059: s├Âzdizimi hatas─▒: '{' [C:\ShadowStrike\ShadowStrike\ShadowStrike.vcxproj]
  ('/src/Shared_modules/Core/Network/EmailScanner.cpp' kaynak dosyas─▒ derleniyor)
  
C:\ShadowStrike\ShadowStrike\src\Shared_modules\Core\Network\EmailScanner.hpp(610,29): error C2334: '{' ├Âncesinde beklenmeyen belirte├ğler; g├Âr├╝nen i┼şlev g├Âvdesi atlan─▒yor [C:\ShadowStrike\ShadowStrike\ShadowStrike.vcxproj]
  ('/src/Shared_modules/Core/Network/EmailScanner.cpp' kaynak dosyas─▒ derleniyor)
  
C:\ShadowStrike\ShadowStrike\src\Shared_modules\Core\Network\EmailScanner.hpp(619,17): error C2065: 'ThreatType': bildirimi yap─▒lmam─▒┼ş tan─▒mlay─▒c─▒ [C:\ShadowStrike\ShadowStrike\ShadowStrike.vcxproj]
  ('/src/Shared_modules/Core/Network/EmailScanner.cpp' kaynak dosyas─▒ derleniyor)
  
C:\ShadowStrike\ShadowStrike\src\Shared_modules\Core\Network\EmailScanner.hpp(619,10): error C2923: 'std::vector': 'ThreatType' ge├ğerli bir ┼şablon t├╝r ba─ş─▒ms─▒z de─şi┼şkeni de─şil ('_Ty' parametresi i├ğin) [C:\ShadowStrike\ShadowStrike\ShadowStrike.vcxproj]
  ('/src/Shared_modules/Core/Network/EmailScanner.cpp' kaynak dosyas─▒ derleniyor)
      C:\ShadowStrike\ShadowStrike\src\Shared_modules\Core\Network\EmailScanner.hpp(619,17):
      'ThreatType' bildirimine bak─▒n
  
C:\ShadowStrike\ShadowStrike\src\Shared_modules\Core\Network\EmailScanner.hpp(619,10): error C2976: 'std::vector': ├ğok az say─▒da ┼şablon ba─ş─▒ms─▒z de─şi┼şkeni var [C:\ShadowStrike\ShadowStrike\ShadowStrike.vcxproj]
  ('/src/Shared_modules/Core/Network/EmailScanner.cpp' kaynak dosyas─▒ derleniyor)
      C:\Program Files\Microsoft Visual Studio\2022\Community\VC\Tools\MSVC\14.44.35207\include\vector(442,7):
      'std::vector' bildirimine bak─▒n
  
C:\ShadowStrike\ShadowStrike\src\Shared_modules\Core\Network\EmailScanner.hpp(619,29): error C2955: 'std::vector' : s─▒n─▒f ┼şablon kullan─▒m─▒ i├ğin ┼şablon ba─ş─▒ms─▒z de─şi┼şken listesi gerekir [C:\ShadowStrike\ShadowStrike\ShadowStrike.vcxproj]
  ('/src/Shared_modules/Core/Network/EmailScanner.cpp' kaynak dosyas─▒ derleniyor)
      C:\Program Files\Microsoft Visual Studio\2022\Community\VC\Tools\MSVC\14.44.35207\include\vector(442,7):
      'std::vector' bildirimine bak─▒n
  
C:\ShadowStrike\ShadowStrike\src\Shared_modules\Core\Network\EmailScanner.hpp(660,16): error C3646: 'threatType': bilinmeyen ge├ğersiz k─▒lma belirticisi [C:\ShadowStrike\ShadowStrike\ShadowStrike.vcxproj]
  ('/src/Shared_modules/Core/Network/EmailScanner.cpp' kaynak dosyas─▒ derleniyor)
  
C:\ShadowStrike\ShadowStrike\src\Shared_modules\Core\Network\EmailScanner.hpp(660,26): error C2059: s├Âzdizimi hatas─▒: '{' [C:\ShadowStrike\ShadowStrike\ShadowStrike.vcxproj]
  ('/src/Shared_modules/Core/Network/EmailScanner.cpp' kaynak dosyas─▒ derleniyor)
  
C:\ShadowStrike\ShadowStrike\src\Shared_modules\Core\Process\ProcessMonitor.hpp(128,10): error C1083: i├ğerme dosyas─▒ a├ğ─▒lam─▒yor: '../../Utils/ErrorUtils.hpp': No such file or directory [C:\ShadowStrike\ShadowStrike\ShadowStrike.vcxproj]
  ('/src/Shared_modules/Core/Process/ThreadHijackDetector.cpp' kaynak dosyas─▒ derleniyor)
  
C:\ShadowStrike\ShadowStrike\src\Shared_modules\Core\Network\EmailScanner.hpp(660,26): error C2334: '{' ├Âncesinde beklenmeyen belirte├ğler; g├Âr├╝nen i┼şlev g├Âvdesi atlan─▒yor [C:\ShadowStrike\ShadowStrike\ShadowStrike.vcxproj]
  ('/src/Shared_modules/Core/Network/EmailScanner.cpp' kaynak dosyas─▒ derleniyor)
  
C:\ShadowStrike\ShadowStrike\src\Shared_modules\Core\Network\EmailScanner.hpp(669,20): error C3646: 'direction': bilinmeyen ge├ğersiz k─▒lma belirticisi [C:\ShadowStrike\ShadowStrike\ShadowStrike.vcxproj]
  ('/src/Shared_modules/Core/Network/EmailScanner.cpp' kaynak dosyas─▒ derleniyor)
  
C:\ShadowStrike\ShadowStrike\src\Shared_modules\Core\Network\EmailScanner.hpp(669,29): error C2059: s├Âzdizimi hatas─▒: '{' [C:\ShadowStrike\ShadowStrike\ShadowStrike.vcxproj]
  ('/src/Shared_modules/Core/Network/EmailScanner.cpp' kaynak dosyas─▒ derleniyor)
  
C:\ShadowStrike\ShadowStrike\src\Shared_modules\Core\Network\EmailScanner.hpp(669,29): error C2334: '{' ├Âncesinde beklenmeyen belirte├ğler; g├Âr├╝nen i┼şlev g├Âvdesi atlan─▒yor [C:\ShadowStrike\ShadowStrike\ShadowStrike.vcxproj]
  ('/src/Shared_modules/Core/Network/EmailScanner.cpp' kaynak dosyas─▒ derleniyor)
  
C:\ShadowStrike\ShadowStrike\src\Shared_modules\Core\Network\EmailScanner.hpp(690,19): error C3646: 'protocol': bilinmeyen ge├ğersiz k─▒lma belirticisi [C:\ShadowStrike\ShadowStrike\ShadowStrike.vcxproj]
  ('/src/Shared_modules/Core/Network/EmailScanner.cpp' kaynak dosyas─▒ derleniyor)
  
C:\ShadowStrike\ShadowStrike\src\Shared_modules\Core\Network\EmailScanner.hpp(690,27): error C2059: s├Âzdizimi hatas─▒: '{' [C:\ShadowStrike\ShadowStrike\ShadowStrike.vcxproj]
  ('/src/Shared_modules/Core/Network/EmailScanner.cpp' kaynak dosyas─▒ derleniyor)
  
C:\ShadowStrike\ShadowStrike\src\Shared_modules\Core\Network\EmailScanner.hpp(690,27): error C2334: '{' ├Âncesinde beklenmeyen belirte├ğler; g├Âr├╝nen i┼şlev g├Âvdesi atlan─▒yor [C:\ShadowStrike\ShadowStrike\ShadowStrike.vcxproj]
  ('/src/Shared_modules/Core/Network/EmailScanner.cpp' kaynak dosyas─▒ derleniyor)
  
C:\ShadowStrike\ShadowStrike\src\Shared_modules\Core\Network\EmailScanner.hpp(742,31): error C3861: 'EmailScannerConstants': tan─▒mlay─▒c─▒ bulunamad─▒ [C:\ShadowStrike\ShadowStrike\ShadowStrike.vcxproj]
  ('/src/Shared_modules/Core/Network/EmailScanner.cpp' kaynak dosyas─▒ derleniyor)
  
C:\ShadowStrike\ShadowStrike\src\Shared_modules\Core\Network\EmailScanner.hpp(742,31): error C2653: 'EmailScannerConstants': bir s─▒n─▒f veya ad alan─▒ ad─▒ de─şil [C:\ShadowStrike\ShadowStrike\ShadowStrike.vcxproj]
  ('/src/Shared_modules/Core/Network/EmailScanner.cpp' kaynak dosyas─▒ derleniyor)
  
C:\ShadowStrike\ShadowStrike\src\Shared_modules\Core\Network\EmailScanner.hpp(742,54): error C2065: 'MAX_ATTACHMENT_SIZE': bildirimi yap─▒lmam─▒┼ş tan─▒mlay─▒c─▒ [C:\ShadowStrike\ShadowStrike\ShadowStrike.vcxproj]
  ('/src/Shared_modules/Core/Network/EmailScanner.cpp' kaynak dosyas─▒ derleniyor)
  
C:\ShadowStrike\ShadowStrike\src\Shared_modules\Core\Network\EmailScanner.hpp(743,53): error C3861: 'EmailScannerConstants': tan─▒mlay─▒c─▒ bulunamad─▒ [C:\ShadowStrike\ShadowStrike\ShadowStrike.vcxproj]
  ('/src/Shared_modules/Core/Network/EmailScanner.cpp' kaynak dosyas─▒ derleniyor)
  
C:\ShadowStrike\ShadowStrike\src\Shared_modules\Core\Network\EmailScanner.hpp(743,53): error C2653: 'EmailScannerConstants': bir s─▒n─▒f veya ad alan─▒ ad─▒ de─şil [C:\ShadowStrike\ShadowStrike\ShadowStrike.vcxproj]
  ('/src/Shared_modules/Core/Network/EmailScanner.cpp' kaynak dosyas─▒ derleniyor)
  
C:\ShadowStrike\ShadowStrike\src\Shared_modules\Core\Network\EmailScanner.hpp(743,76): error C2065: 'MAX_NESTED_ARCHIVE_DEPTH': bildirimi yap─▒lmam─▒┼ş tan─▒mlay─▒c─▒ [C:\ShadowStrike\ShadowStrike\ShadowStrike.vcxproj]
  ('/src/Shared_modules/Core/Network/EmailScanner.cpp' kaynak dosyas─▒ derleniyor)
  
C:\ShadowStrike\ShadowStrike\src\Shared_modules\Core\Network\EmailScanner.hpp(748,27): error C3861: 'EmailScannerConstants': tan─▒mlay─▒c─▒ bulunamad─▒ [C:\ShadowStrike\ShadowStrike\ShadowStrike.vcxproj]
  ('/src/Shared_modules/Core/Network/EmailScanner.cpp' kaynak dosyas─▒ derleniyor)
  
C:\ShadowStrike\ShadowStrike\src\Shared_modules\Core\Network\EmailScanner.hpp(748,27): error C2653: 'EmailScannerConstants': bir s─▒n─▒f veya ad alan─▒ ad─▒ de─şil [C:\ShadowStrike\ShadowStrike\ShadowStrike.vcxproj]
  ('/src/Shared_modules/Core/Network/EmailScanner.cpp' kaynak dosyas─▒ derleniyor)
  
C:\ShadowStrike\ShadowStrike\src\Shared_modules\Core\Network\EmailScanner.hpp(748,50): error C2065: 'MAX_URLS_PER_EMAIL': bildirimi yap─▒lmam─▒┼ş tan─▒mlay─▒c─▒ [C:\ShadowStrike\ShadowStrike\ShadowStrike.vcxproj]
  ('/src/Shared_modules/Core/Network/EmailScanner.cpp' kaynak dosyas─▒ derleniyor)
  
C:\ShadowStrike\ShadowStrike\src\Shared_modules\Core\Network\EmailScanner.hpp(751,27): error C3861: 'EmailScannerConstants': tan─▒mlay─▒c─▒ bulunamad─▒ [C:\ShadowStrike\ShadowStrike\ShadowStrike.vcxproj]
  ('/src/Shared_modules/Core/Network/EmailScanner.cpp' kaynak dosyas─▒ derleniyor)
  
C:\ShadowStrike\ShadowStrike\src\Shared_modules\Core\Network\EmailScanner.hpp(751,27): error C2653: 'EmailScannerConstants': bir s─▒n─▒f veya ad alan─▒ ad─▒ de─şil [C:\ShadowStrike\ShadowStrike\ShadowStrike.vcxproj]
  ('/src/Shared_modules/Core/Network/EmailScanner.cpp' kaynak dosyas─▒ derleniyor)
  
C:\ShadowStrike\ShadowStrike\src\Shared_modules\Core\Network\EmailScanner.hpp(751,50): error C2065: 'SPAM_THRESHOLD': bildirimi yap─▒lmam─▒┼ş tan─▒mlay─▒c─▒ [C:\ShadowStrike\ShadowStrike\ShadowStrike.vcxproj]
  ('/src/Shared_modules/Core/Network/EmailScanner.cpp' kaynak dosyas─▒ derleniyor)
  
C:\ShadowStrike\ShadowStrike\src\Shared_modules\Core\Network\EmailScanner.hpp(752,31): error C3861: 'EmailScannerConstants': tan─▒mlay─▒c─▒ bulunamad─▒ [C:\ShadowStrike\ShadowStrike\ShadowStrike.vcxproj]
  ('/src/Shared_modules/Core/Network/EmailScanner.cpp' kaynak dosyas─▒ derleniyor)
  
C:\ShadowStrike\ShadowStrike\src\Shared_modules\Core\Network\EmailScanner.hpp(752,31): error C2653: 'EmailScannerConstants': bir s─▒n─▒f veya ad alan─▒ ad─▒ de─şil [C:\ShadowStrike\ShadowStrike\ShadowStrike.vcxproj]
  ('/src/Shared_modules/Core/Network/EmailScanner.cpp' kaynak dosyas─▒ derleniyor)
  
C:\ShadowStrike\ShadowStrike\src\Shared_modules\Core\Network\EmailScanner.hpp(752,54): error C2065: 'PHISHING_THRESHOLD': bildirimi yap─▒lmam─▒┼ş tan─▒mlay─▒c─▒ [C:\ShadowStrike\ShadowStrike\ShadowStrike.vcxproj]
  ('/src/Shared_modules/Core/Network/EmailScanner.cpp' kaynak dosyas─▒ derleniyor)
  
C:\ShadowStrike\ShadowStrike\src\Shared_modules\Core\Network\EmailScanner.hpp(753,26): error C3861: 'EmailScannerConstants': tan─▒mlay─▒c─▒ bulunamad─▒ [C:\ShadowStrike\ShadowStrike\ShadowStrike.vcxproj]
  ('/src/Shared_modules/Core/Network/EmailScanner.cpp' kaynak dosyas─▒ derleniyor)
  
C:\ShadowStrike\ShadowStrike\src\Shared_modules\Core\Network\EmailScanner.hpp(753,26): error C2653: 'EmailScannerConstants': bir s─▒n─▒f veya ad alan─▒ ad─▒ de─şil [C:\ShadowStrike\ShadowStrike\ShadowStrike.vcxproj]
  ('/src/Shared_modules/Core/Network/EmailScanner.cpp' kaynak dosyas─▒ derleniyor)
  
C:\ShadowStrike\ShadowStrike\src\Shared_modules\Core\Network\EmailScanner.hpp(753,49): error C2065: 'BEC_THRESHOLD': bildirimi yap─▒lmam─▒┼ş tan─▒mlay─▒c─▒ [C:\ShadowStrike\ShadowStrike\ShadowStrike.vcxproj]
  ('/src/Shared_modules/Core/Network/EmailScanner.cpp' kaynak dosyas─▒ derleniyor)
  
C:\ShadowStrike\ShadowStrike\src\Shared_modules\Core\Network\EmailScanner.hpp(766,36): error C3861: 'EmailScannerConstants': tan─▒mlay─▒c─▒ bulunamad─▒ [C:\ShadowStrike\ShadowStrike\ShadowStrike.vcxproj]
  ('/src/Shared_modules/Core/Network/EmailScanner.cpp' kaynak dosyas─▒ derleniyor)
  
C:\ShadowStrike\ShadowStrike\src\Shared_modules\Core\Network\EmailScanner.hpp(766,36): error C2653: 'EmailScannerConstants': bir s─▒n─▒f veya ad alan─▒ ad─▒ de─şil [C:\ShadowStrike\ShadowStrike\ShadowStrike.vcxproj]
  ('/src/Shared_modules/Core/Network/EmailScanner.cpp' kaynak dosyas─▒ derleniyor)
  
C:\ShadowStrike\ShadowStrike\src\Shared_modules\Core\Network\EmailScanner.hpp(766,59): error C2065: 'MAX_ACTIVE_SESSIONS': bildirimi yap─▒lmam─▒┼ş tan─▒mlay─▒c─▒ [C:\ShadowStrike\ShadowStrike\ShadowStrike.vcxproj]
  ('/src/Shared_modules/Core/Network/EmailScanner.cpp' kaynak dosyas─▒ derleniyor)
  
C:\ShadowStrike\ShadowStrike\src\Shared_modules\Core\Network\EmailScanner.hpp(767,32): error C3861: 'EmailScannerConstants': tan─▒mlay─▒c─▒ bulunamad─▒ [C:\ShadowStrike\ShadowStrike\ShadowStrike.vcxproj]
  ('/src/Shared_modules/Core/Network/EmailScanner.cpp' kaynak dosyas─▒ derleniyor)
  
C:\ShadowStrike\ShadowStrike\src\Shared_modules\Core\Network\EmailScanner.hpp(767,32): error C2653: 'EmailScannerConstants': bir s─▒n─▒f veya ad alan─▒ ad─▒ de─şil [C:\ShadowStrike\ShadowStrike\ShadowStrike.vcxproj]
  ('/src/Shared_modules/Core/Network/EmailScanner.cpp' kaynak dosyas─▒ derleniyor)
  
C:\ShadowStrike\ShadowStrike\src\Shared_modules\Core\Network\EmailScanner.hpp(767,55): error C2065: 'SESSION_TIMEOUT_MS': bildirimi yap─▒lmam─▒┼ş tan─▒mlay─▒c─▒ [C:\ShadowStrike\ShadowStrike\ShadowStrike.vcxproj]
  ('/src/Shared_modules/Core/Network/EmailScanner.cpp' kaynak dosyas─▒ derleniyor)
  
C:\ShadowStrike\ShadowStrike\src\Shared_modules\Core\Network\EmailScanner.hpp(864,5): error C2275: 'uint64_t': t├╝r yerine bir ifade bekleniyordu [C:\ShadowStrike\ShadowStrike\ShadowStrike.vcxproj]
  ('/src/Shared_modules/Core/Network/EmailScanner.cpp' kaynak dosyas─▒ derleniyor)
  
C:\ShadowStrike\ShadowStrike\src\Shared_modules\Core\Network\EmailScanner.hpp(864,14): error C2146: s├Âzdizimi hatas─▒: ')' eksik ('emailId' tan─▒mlay─▒c─▒s─▒ndan ├Ânce) [C:\ShadowStrike\ShadowStrike\ShadowStrike.vcxproj]
  ('/src/Shared_modules/Core/Network/EmailScanner.cpp' kaynak dosyas─▒ derleniyor)
  
C:\ShadowStrike\ShadowStrike\src\Shared_modules\Core\Network\EmailScanner.hpp(864,14): error C2146: s├Âzdizimi hatas─▒: '>' eksik ('emailId' tan─▒mlay─▒c─▒s─▒ndan ├Ânce) [C:\ShadowStrike\ShadowStrike\ShadowStrike.vcxproj]
  ('/src/Shared_modules/Core/Network/EmailScanner.cpp' kaynak dosyas─▒ derleniyor)
  
C:\ShadowStrike\ShadowStrike\src\Shared_modules\Core\Network\EmailScanner.hpp(865,5): error C2065: 'ThreatType': bildirimi yap─▒lmam─▒┼ş tan─▒mlay─▒c─▒ [C:\ShadowStrike\ShadowStrike\ShadowStrike.vcxproj]
  ('/src/Shared_modules/Core/Network/EmailScanner.cpp' kaynak dosyas─▒ derleniyor)
  
C:\ShadowStrike\ShadowStrike\src\Shared_modules\Core\Network\EmailScanner.hpp(866,24): error C2146: s├Âzdizimi hatas─▒: '>' eksik ('signature' tan─▒mlay─▒c─▒s─▒ndan ├Ânce) [C:\ShadowStrike\ShadowStrike\ShadowStrike.vcxproj]
  ('/src/Shared_modules/Core/Network/EmailScanner.cpp' kaynak dosyas─▒ derleniyor)
  
C:\ShadowStrike\ShadowStrike\src\Shared_modules\Core\Network\EmailScanner.hpp(867,2): error C2947: ┼şablon ba─ş─▒ms─▒z de─şi┼şken listesi ├Â─şesinin sonunda '>' olmas─▒ bekleniyor, '>' bulundu [C:\ShadowStrike\ShadowStrike\ShadowStrike.vcxproj]
  ('/src/Shared_modules/Core/Network/EmailScanner.cpp' kaynak dosyas─▒ derleniyor)
  
C:\ShadowStrike\ShadowStrike\src\Shared_modules\Core\Network\EmailScanner.hpp(1119,21): error C2065: 'EmailScannerImpl': bildirimi yap─▒lmam─▒┼ş tan─▒mlay─▒c─▒ [C:\ShadowStrike\ShadowStrike\ShadowStrike.vcxproj]
  ('/src/Shared_modules/Core/Network/EmailScanner.cpp' kaynak dosyas─▒ derleniyor)
  
C:\ShadowStrike\ShadowStrike\src\Shared_modules\Core\Network\EmailScanner.hpp(1119,10): error C2923: 'std::unique_ptr': 'EmailScannerImpl' ge├ğerli bir ┼şablon t├╝r ba─ş─▒ms─▒z de─şi┼şkeni de─şil ('_Ty' parametresi i├ğin) [C:\ShadowStrike\ShadowStrike\ShadowStrike.vcxproj]
  ('/src/Shared_modules/Core/Network/EmailScanner.cpp' kaynak dosyas─▒ derleniyor)
      C:\ShadowStrike\ShadowStrike\src\Shared_modules\Core\Network\EmailScanner.hpp(1119,21):
      'EmailScannerImpl' bildirimine bak─▒n
  
C:\ShadowStrike\ShadowStrike\src\Shared_modules\Core\Network\EmailScanner.hpp(1119,10): error C2976: 'std::unique_ptr': ├ğok az say─▒da ┼şablon ba─ş─▒ms─▒z de─şi┼şkeni var [C:\ShadowStrike\ShadowStrike\ShadowStrike.vcxproj]
  ('/src/Shared_modules/Core/Network/EmailScanner.cpp' kaynak dosyas─▒ derleniyor)
      C:\Program Files\Microsoft Visual Studio\2022\Community\VC\Tools\MSVC\14.44.35207\include\memory(3347,7):
      'std::unique_ptr' bildirimine bak─▒n
  
C:\ShadowStrike\ShadowStrike\src\Shared_modules\Core\Network\EmailScanner.hpp(1119,39): error C2955: 'std::unique_ptr' : s─▒n─▒f ┼şablon kullan─▒m─▒ i├ğin ┼şablon ba─ş─▒ms─▒z de─şi┼şken listesi gerekir [C:\ShadowStrike\ShadowStrike\ShadowStrike.vcxproj]
  ('/src/Shared_modules/Core/Network/EmailScanner.cpp' kaynak dosyas─▒ derleniyor)
      C:\Program Files\Microsoft Visual Studio\2022\Community\VC\Tools\MSVC\14.44.35207\include\memory(3347,7):
      'std::unique_ptr' bildirimine bak─▒n
  
C:\ShadowStrike\ShadowStrike\src\Shared_modules\Core\Network\EmailScanner.hpp(1124,1): error C2059: s├Âzdizimi hatas─▒: '}' [C:\ShadowStrike\ShadowStrike\ShadowStrike.vcxproj]
  ('/src/Shared_modules/Core/Network/EmailScanner.cpp' kaynak dosyas─▒ derleniyor)
  
C:\ShadowStrike\ShadowStrike\src\Shared_modules\Core\Network\EmailScanner.hpp(1124,1): error C2143: s├Âzdizimi hatas─▒: ';' eksik ('}' ├Âncesinde) [C:\ShadowStrike\ShadowStrike\ShadowStrike.vcxproj]
  ('/src/Shared_modules/Core/Network/EmailScanner.cpp' kaynak dosyas─▒ derleniyor)
  
C:\ShadowStrike\ShadowStrike\src\Shared_modules\Utils\Base64Utils.hpp(56,24): error C2143: s├Âzdizimi hatas─▒: ';' eksik ('{' ├Âncesinde) [C:\ShadowStrike\ShadowStrike\ShadowStrike.vcxproj]
  ('/src/Shared_modules/Core/Network/EmailScanner.cpp' kaynak dosyas─▒ derleniyor)
  
C:\ShadowStrike\ShadowStrike\src\Shared_modules\Utils\Base64Utils.hpp(56,24): error C2447: '{': i┼şlev ├╝stbilgisi eksik (eski tarzda bi├ğimsel liste mi?) [C:\ShadowStrike\ShadowStrike\ShadowStrike.vcxproj]
  ('/src/Shared_modules/Core/Network/EmailScanner.cpp' kaynak dosyas─▒ derleniyor)
  
C:\ShadowStrike\ShadowStrike\src\Shared_modules\Core\Network\URLAnalyzer.cpp(191,25): error C2653: 'StringUtils': bir s─▒n─▒f veya ad alan─▒ ad─▒ de─şil [C:\ShadowStrike\ShadowStrike\ShadowStrike.vcxproj]
  ('/src/Shared_modules/Core/Network/URLAnalyzer.cpp' kaynak dosyas─▒ derleniyor)
  
C:\ShadowStrike\ShadowStrike\src\Shared_modules\Core\Network\URLAnalyzer.cpp(191,38): error C3861: 'ToLower': tan─▒mlay─▒c─▒ bulunamad─▒ [C:\ShadowStrike\ShadowStrike\ShadowStrike.vcxproj]
  ('/src/Shared_modules/Core/Network/URLAnalyzer.cpp' kaynak dosyas─▒ derleniyor)
  
C:\ShadowStrike\ShadowStrike\src\Shared_modules\Core\Network\URLAnalyzer.cpp(201,25): error C2653: 'StringUtils': bir s─▒n─▒f veya ad alan─▒ ad─▒ de─şil [C:\ShadowStrike\ShadowStrike\ShadowStrike.vcxproj]
  ('/src/Shared_modules/Core/Network/URLAnalyzer.cpp' kaynak dosyas─▒ derleniyor)
  
C:\ShadowStrike\ShadowStrike\src\Shared_modules\Core\Network\URLAnalyzer.cpp(201,38): error C3861: 'ToLower': tan─▒mlay─▒c─▒ bulunamad─▒ [C:\ShadowStrike\ShadowStrike\ShadowStrike.vcxproj]
  ('/src/Shared_modules/Core/Network/URLAnalyzer.cpp' kaynak dosyas─▒ derleniyor)
  
C:\ShadowStrike\ShadowStrike\src\Shared_modules\Core\Network\URLAnalyzer.cpp(206,25): error C2653: 'StringUtils': bir s─▒n─▒f veya ad alan─▒ ad─▒ de─şil [C:\ShadowStrike\ShadowStrike\ShadowStrike.vcxproj]
  ('/src/Shared_modules/Core/Network/URLAnalyzer.cpp' kaynak dosyas─▒ derleniyor)
  
C:\ShadowStrike\ShadowStrike\src\Shared_modules\Core\Network\URLAnalyzer.cpp(206,38): error C3861: 'ToLower': tan─▒mlay─▒c─▒ bulunamad─▒ [C:\ShadowStrike\ShadowStrike\ShadowStrike.vcxproj]
  ('/src/Shared_modules/Core/Network/URLAnalyzer.cpp' kaynak dosyas─▒ derleniyor)
  
C:\ShadowStrike\ShadowStrike\src\Shared_modules\Core\Network\URLAnalyzer.cpp(216,25): error C2653: 'StringUtils': bir s─▒n─▒f veya ad alan─▒ ad─▒ de─şil [C:\ShadowStrike\ShadowStrike\ShadowStrike.vcxproj]
  ('/src/Shared_modules/Core/Network/URLAnalyzer.cpp' kaynak dosyas─▒ derleniyor)
  
C:\ShadowStrike\ShadowStrike\src\Shared_modules\Core\Network\URLAnalyzer.cpp(216,38): error C3861: 'ToLower': tan─▒mlay─▒c─▒ bulunamad─▒ [C:\ShadowStrike\ShadowStrike\ShadowStrike.vcxproj]
  ('/src/Shared_modules/Core/Network/URLAnalyzer.cpp' kaynak dosyas─▒ derleniyor)
  
C:\ShadowStrike\ShadowStrike\src\Shared_modules\Core\Network\VPNDetector.cpp(190,30): error C2653: 'StringUtils': bir s─▒n─▒f veya ad alan─▒ ad─▒ de─şil [C:\ShadowStrike\ShadowStrike\ShadowStrike.vcxproj]
  ('/src/Shared_modules/Core/Network/VPNDetector.cpp' kaynak dosyas─▒ derleniyor)
  
C:\ShadowStrike\ShadowStrike\src\Shared_modules\Core\Network\VPNDetector.cpp(190,43): error C3861: 'ToLower': tan─▒mlay─▒c─▒ bulunamad─▒ [C:\ShadowStrike\ShadowStrike\ShadowStrike.vcxproj]
  ('/src/Shared_modules/Core/Network/VPNDetector.cpp' kaynak dosyas─▒ derleniyor)
  
C:\ShadowStrike\ShadowStrike\src\Shared_modules\Core\Network\VPNDetector.cpp(194,28): error C2653: 'StringUtils': bir s─▒n─▒f veya ad alan─▒ ad─▒ de─şil [C:\ShadowStrike\ShadowStrike\ShadowStrike.vcxproj]
  ('/src/Shared_modules/Core/Network/VPNDetector.cpp' kaynak dosyas─▒ derleniyor)
  
C:\ShadowStrike\ShadowStrike\src\Shared_modules\Core\Network\VPNDetector.cpp(194,41): error C3861: 'ToLower': tan─▒mlay─▒c─▒ bulunamad─▒ [C:\ShadowStrike\ShadowStrike\ShadowStrike.vcxproj]
  ('/src/Shared_modules/Core/Network/VPNDetector.cpp' kaynak dosyas─▒ derleniyor)
  
C:\ShadowStrike\ShadowStrike\src\Shared_modules\Core\Network\VPNDetector.cpp(194,23): error C2668: 'std::basic_string<wchar_t,std::char_traits<wchar_t>,std::allocator<wchar_t>>::find': a┼ş─▒r─▒ y├╝klenmi┼ş i┼şleve belirsiz ├ğa─şr─▒ [C:\ShadowStrike\ShadowStrike\ShadowStrike.vcxproj]
  ('/src/Shared_modules/Core/Network/VPNDetector.cpp' kaynak dosyas─▒ derleniyor)
      C:\Program Files\Microsoft Visual Studio\2022\Community\VC\Tools\MSVC\14.44.35207\include\xstring(2605,39):
      'unsigned __int64 std::basic_string<wchar_t,std::char_traits<wchar_t>,std::allocator<wchar_t>>::find(const std::basic_string<wchar_t,std::char_traits<wchar_t>,std::allocator<wchar_t>> &,const unsigned __int64) noexcept const' olabilirdi
      C:\Program Files\Microsoft Visual Studio\2022\Community\VC\Tools\MSVC\14.44.35207\include\xstring(2618,39):
      veya       'unsigned __int64 std::basic_string<wchar_t,std::char_traits<wchar_t>,std::allocator<wchar_t>>::find(const _Elem *const ,const unsigned __int64) noexcept const'
          with
          [
              _Elem=wchar_t
          ]
      C:\Program Files\Microsoft Visual Studio\2022\Community\VC\Tools\MSVC\14.44.35207\include\xstring(2625,39):
      veya       'unsigned __int64 std::basic_string<wchar_t,std::char_traits<wchar_t>,std::allocator<wchar_t>>::find(const _Elem,const unsigned __int64) noexcept const'
          with
          [
              _Elem=wchar_t
          ]
      C:\ShadowStrike\ShadowStrike\src\Shared_modules\Core\Network\VPNDetector.cpp(194,23):
      '(<error type>)' ba─ş─▒ms─▒z de─şi┼şken listesi e┼şlenmeye ├ğal─▒┼ş─▒l─▒rken
  
C:\ShadowStrike\ShadowStrike\src\Shared_modules\Core\Network\VPNDetector.cpp(201,28): error C2653: 'StringUtils': bir s─▒n─▒f veya ad alan─▒ ad─▒ de─şil [C:\ShadowStrike\ShadowStrike\ShadowStrike.vcxproj]
  ('/src/Shared_modules/Core/Network/VPNDetector.cpp' kaynak dosyas─▒ derleniyor)
  
C:\ShadowStrike\ShadowStrike\src\Shared_modules\Core\Network\VPNDetector.cpp(201,41): error C3861: 'ToLower': tan─▒mlay─▒c─▒ bulunamad─▒ [C:\ShadowStrike\ShadowStrike\ShadowStrike.vcxproj]
  ('/src/Shared_modules/Core/Network/VPNDetector.cpp' kaynak dosyas─▒ derleniyor)
  
C:\ShadowStrike\ShadowStrike\src\Shared_modules\Core\Network\VPNDetector.cpp(201,23): error C2668: 'std::basic_string<wchar_t,std::char_traits<wchar_t>,std::allocator<wchar_t>>::find': a┼ş─▒r─▒ y├╝klenmi┼ş i┼şleve belirsiz ├ğa─şr─▒ [C:\ShadowStrike\ShadowStrike\ShadowStrike.vcxproj]
  ('/src/Shared_modules/Core/Network/VPNDetector.cpp' kaynak dosyas─▒ derleniyor)
      C:\Program Files\Microsoft Visual Studio\2022\Community\VC\Tools\MSVC\14.44.35207\include\xstring(2605,39):
      'unsigned __int64 std::basic_string<wchar_t,std::char_traits<wchar_t>,std::allocator<wchar_t>>::find(const std::basic_string<wchar_t,std::char_traits<wchar_t>,std::allocator<wchar_t>> &,const unsigned __int64) noexcept const' olabilirdi
      C:\Program Files\Microsoft Visual Studio\2022\Community\VC\Tools\MSVC\14.44.35207\include\xstring(2618,39):
      veya       'unsigned __int64 std::basic_string<wchar_t,std::char_traits<wchar_t>,std::allocator<wchar_t>>::find(const _Elem *const ,const unsigned __int64) noexcept const'
          with
          [
              _Elem=wchar_t
          ]
      C:\Program Files\Microsoft Visual Studio\2022\Community\VC\Tools\MSVC\14.44.35207\include\xstring(2625,39):
      veya       'unsigned __int64 std::basic_string<wchar_t,std::char_traits<wchar_t>,std::allocator<wchar_t>>::find(const _Elem,const unsigned __int64) noexcept const'
          with
          [
              _Elem=wchar_t
          ]
      C:\ShadowStrike\ShadowStrike\src\Shared_modules\Core\Network\VPNDetector.cpp(201,23):
      '(<error type>)' ba─ş─▒ms─▒z de─şi┼şken listesi e┼şlenmeye ├ğal─▒┼ş─▒l─▒rken
  
C:\ShadowStrike\ShadowStrike\src\Shared_modules\Core\Network\VPNDetector.cpp(215,30): error C2653: 'StringUtils': bir s─▒n─▒f veya ad alan─▒ ad─▒ de─şil [C:\ShadowStrike\ShadowStrike\ShadowStrike.vcxproj]
  ('/src/Shared_modules/Core/Network/VPNDetector.cpp' kaynak dosyas─▒ derleniyor)
  
C:\ShadowStrike\ShadowStrike\src\Shared_modules\Core\Network\VPNDetector.cpp(215,43): error C3861: 'ToLower': tan─▒mlay─▒c─▒ bulunamad─▒ [C:\ShadowStrike\ShadowStrike\ShadowStrike.vcxproj]
  ('/src/Shared_modules/Core/Network/VPNDetector.cpp' kaynak dosyas─▒ derleniyor)
  
C:\ShadowStrike\ShadowStrike\src\Shared_modules\Core\Network\VPNDetector.cpp(216,30): error C2653: 'StringUtils': bir s─▒n─▒f veya ad alan─▒ ad─▒ de─şil [C:\ShadowStrike\ShadowStrike\ShadowStrike.vcxproj]
  ('/src/Shared_modules/Core/Network/VPNDetector.cpp' kaynak dosyas─▒ derleniyor)
  
C:\ShadowStrike\ShadowStrike\src\Shared_modules\Core\Network\VPNDetector.cpp(216,43): error C3861: 'ToLower': tan─▒mlay─▒c─▒ bulunamad─▒ [C:\ShadowStrike\ShadowStrike\ShadowStrike.vcxproj]
  ('/src/Shared_modules/Core/Network/VPNDetector.cpp' kaynak dosyas─▒ derleniyor)
  
C:\ShadowStrike\ShadowStrike\src\Shared_modules\Core\Network\VPNDetector.cpp(221,27): error C2653: 'StringUtils': bir s─▒n─▒f veya ad alan─▒ ad─▒ de─şil [C:\ShadowStrike\ShadowStrike\ShadowStrike.vcxproj]
  ('/src/Shared_modules/Core/Network/VPNDetector.cpp' kaynak dosyas─▒ derleniyor)
  
C:\ShadowStrike\ShadowStrike\src\Shared_modules\Core\Network\VPNDetector.cpp(221,40): error C3861: 'ToLower': tan─▒mlay─▒c─▒ bulunamad─▒ [C:\ShadowStrike\ShadowStrike\ShadowStrike.vcxproj]
  ('/src/Shared_modules/Core/Network/VPNDetector.cpp' kaynak dosyas─▒ derleniyor)
  
C:\ShadowStrike\ShadowStrike\src\Shared_modules\Core\Network\VPNDetector.cpp(221,22): error C2668: 'std::basic_string<wchar_t,std::char_traits<wchar_t>,std::allocator<wchar_t>>::find': a┼ş─▒r─▒ y├╝klenmi┼ş i┼şleve belirsiz ├ğa─şr─▒ [C:\ShadowStrike\ShadowStrike\ShadowStrike.vcxproj]
  ('/src/Shared_modules/Core/Network/VPNDetector.cpp' kaynak dosyas─▒ derleniyor)
      C:\Program Files\Microsoft Visual Studio\2022\Community\VC\Tools\MSVC\14.44.35207\include\xstring(2605,39):
      'unsigned __int64 std::basic_string<wchar_t,std::char_traits<wchar_t>,std::allocator<wchar_t>>::find(const std::basic_string<wchar_t,std::char_traits<wchar_t>,std::allocator<wchar_t>> &,const unsigned __int64) noexcept const' olabilirdi
      C:\Program Files\Microsoft Visual Studio\2022\Community\VC\Tools\MSVC\14.44.35207\include\xstring(2618,39):
      veya       'unsigned __int64 std::basic_string<wchar_t,std::char_traits<wchar_t>,std::allocator<wchar_t>>::find(const _Elem *const ,const unsigned __int64) noexcept const'
          with
          [
              _Elem=wchar_t
          ]
      C:\Program Files\Microsoft Visual Studio\2022\Community\VC\Tools\MSVC\14.44.35207\include\xstring(2625,39):
      veya       'unsigned __int64 std::basic_string<wchar_t,std::char_traits<wchar_t>,std::allocator<wchar_t>>::find(const _Elem,const unsigned __int64) noexcept const'
          with
          [
              _Elem=wchar_t
          ]
      C:\ShadowStrike\ShadowStrike\src\Shared_modules\Core\Network\VPNDetector.cpp(221,22):
      '(<error type>)' ba─ş─▒ms─▒z de─şi┼şken listesi e┼şlenmeye ├ğal─▒┼ş─▒l─▒rken
  
C:\ShadowStrike\ShadowStrike\src\Shared_modules\Core\Network\VPNDetector.cpp(301,38): error C2888: 'ShadowStrike::Core::VPNDetectorConfig ShadowStrike::Core::VPNDetectorConfig::CreateDefault(void) noexcept': simge 'Network' ad alan─▒n─▒n i├ğinde tan─▒mlanamaz [C:\ShadowStrike\ShadowStrike\ShadowStrike.vcxproj]
  ('/src/Shared_modules/Core/Network/VPNDetector.cpp' kaynak dosyas─▒ derleniyor)
  
C:\ShadowStrike\ShadowStrike\src\Shared_modules\Core\Network\VPNDetector.cpp(335,38): error C2888: 'ShadowStrike::Core::VPNDetectorConfig ShadowStrike::Core::VPNDetectorConfig::CreateHighSecurity(void) noexcept': simge 'Network' ad alan─▒n─▒n i├ğinde tan─▒mlanamaz [C:\ShadowStrike\ShadowStrike\ShadowStrike.vcxproj]
  ('/src/Shared_modules/Core/Network/VPNDetector.cpp' kaynak dosyas─▒ derleniyor)
  
C:\ShadowStrike\ShadowStrike\src\Shared_modules\Core\Network\VPNDetector.cpp(369,38): error C2888: 'ShadowStrike::Core::VPNDetectorConfig ShadowStrike::Core::VPNDetectorConfig::CreateCorporate(void) noexcept': simge 'Network' ad alan─▒n─▒n i├ğinde tan─▒mlanamaz [C:\ShadowStrike\ShadowStrike\ShadowStrike.vcxproj]
  ('/src/Shared_modules/Core/Network/VPNDetector.cpp' kaynak dosyas─▒ derleniyor)
  
C:\ShadowStrike\ShadowStrike\src\Shared_modules\Core\Network\VPNDetector.cpp(403,38): error C2888: 'ShadowStrike::Core::VPNDetectorConfig ShadowStrike::Core::VPNDetectorConfig::CreateMonitorOnly(void) noexcept': simge 'Network' ad alan─▒n─▒n i├ğinde tan─▒mlanamaz [C:\ShadowStrike\ShadowStrike\ShadowStrike.vcxproj]
  ('/src/Shared_modules/Core/Network/VPNDetector.cpp' kaynak dosyas─▒ derleniyor)
  
C:\ShadowStrike\ShadowStrike\src\Shared_modules\Core\Network\VPNDetector.cpp(437,29): error C2888: 'void ShadowStrike::Core::VPNDetectorStatistics::Reset(void) noexcept': simge 'Network' ad alan─▒n─▒n i├ğinde tan─▒mlanamaz [C:\ShadowStrike\ShadowStrike\ShadowStrike.vcxproj]
  ('/src/Shared_modules/Core/Network/VPNDetector.cpp' kaynak dosyas─▒ derleniyor)
  
C:\ShadowStrike\ShadowStrike\src\Shared_modules\Core\Network\URLAnalyzer.cpp(393,13): error C2653: 'Logger': bir s─▒n─▒f veya ad alan─▒ ad─▒ de─şil [C:\ShadowStrike\ShadowStrike\ShadowStrike.vcxproj]
  ('/src/Shared_modules/Core/Network/URLAnalyzer.cpp' kaynak dosyas─▒ derleniyor)
  
C:\ShadowStrike\ShadowStrike\src\Shared_modules\Core\Network\URLAnalyzer.cpp(393,21): error C3861: 'Info': tan─▒mlay─▒c─▒ bulunamad─▒ [C:\ShadowStrike\ShadowStrike\ShadowStrike.vcxproj]
  ('/src/Shared_modules/Core/Network/URLAnalyzer.cpp' kaynak dosyas─▒ derleniyor)
  
C:\ShadowStrike\ShadowStrike\src\Shared_modules\Core\Network\URLAnalyzer.cpp(399,13): error C2653: 'Logger': bir s─▒n─▒f veya ad alan─▒ ad─▒ de─şil [C:\ShadowStrike\ShadowStrike\ShadowStrike.vcxproj]
  ('/src/Shared_modules/Core/Network/URLAnalyzer.cpp' kaynak dosyas─▒ derleniyor)
  
C:\ShadowStrike\ShadowStrike\src\Shared_modules\Core\Network\URLAnalyzer.cpp(399,21): error C3861: 'Error': tan─▒mlay─▒c─▒ bulunamad─▒ [C:\ShadowStrike\ShadowStrike\ShadowStrike.vcxproj]
  ('/src/Shared_modules/Core/Network/URLAnalyzer.cpp' kaynak dosyas─▒ derleniyor)
  
C:\ShadowStrike\ShadowStrike\src\Shared_modules\Core\Network\URLAnalyzer.cpp(419,13): error C2653: 'Logger': bir s─▒n─▒f veya ad alan─▒ ad─▒ de─şil [C:\ShadowStrike\ShadowStrike\ShadowStrike.vcxproj]
  ('/src/Shared_modules/Core/Network/URLAnalyzer.cpp' kaynak dosyas─▒ derleniyor)
  
C:\ShadowStrike\ShadowStrike\src\Shared_modules\Core\Network\URLAnalyzer.cpp(419,21): error C3861: 'Info': tan─▒mlay─▒c─▒ bulunamad─▒ [C:\ShadowStrike\ShadowStrike\ShadowStrike.vcxproj]
  ('/src/Shared_modules/Core/Network/URLAnalyzer.cpp' kaynak dosyas─▒ derleniyor)
  
C:\ShadowStrike\ShadowStrike\src\Shared_modules\Core\Network\URLAnalyzer.cpp(441,13): error C2653: 'Logger': bir s─▒n─▒f veya ad alan─▒ ad─▒ de─şil [C:\ShadowStrike\ShadowStrike\ShadowStrike.vcxproj]
  ('/src/Shared_modules/Core/Network/URLAnalyzer.cpp' kaynak dosyas─▒ derleniyor)
  
C:\ShadowStrike\ShadowStrike\src\Shared_modules\Core\Network\URLAnalyzer.cpp(441,21): error C3861: 'Info': tan─▒mlay─▒c─▒ bulunamad─▒ [C:\ShadowStrike\ShadowStrike\ShadowStrike.vcxproj]
  ('/src/Shared_modules/Core/Network/URLAnalyzer.cpp' kaynak dosyas─▒ derleniyor)
  
C:\ShadowStrike\ShadowStrike\src\Shared_modules\Core\Network\URLAnalyzer.cpp(445,13): error C2653: 'Logger': bir s─▒n─▒f veya ad alan─▒ ad─▒ de─şil [C:\ShadowStrike\ShadowStrike\ShadowStrike.vcxproj]
  ('/src/Shared_modules/Core/Network/URLAnalyzer.cpp' kaynak dosyas─▒ derleniyor)
  
C:\ShadowStrike\ShadowStrike\src\Shared_modules\Core\Network\URLAnalyzer.cpp(445,21): error C3861: 'Error': tan─▒mlay─▒c─▒ bulunamad─▒ [C:\ShadowStrike\ShadowStrike\ShadowStrike.vcxproj]
  ('/src/Shared_modules/Core/Network/URLAnalyzer.cpp' kaynak dosyas─▒ derleniyor)
  
C:\ShadowStrike\ShadowStrike\src\Shared_modules\Core\Network\URLAnalyzer.cpp(575,13): error C2653: 'Logger': bir s─▒n─▒f veya ad alan─▒ ad─▒ de─şil [C:\ShadowStrike\ShadowStrike\ShadowStrike.vcxproj]
  ('/src/Shared_modules/Core/Network/URLAnalyzer.cpp' kaynak dosyas─▒ derleniyor)
  
C:\ShadowStrike\ShadowStrike\src\Shared_modules\Core\Network\URLAnalyzer.cpp(575,21): error C3861: 'Error': tan─▒mlay─▒c─▒ bulunamad─▒ [C:\ShadowStrike\ShadowStrike\ShadowStrike.vcxproj]
  ('/src/Shared_modules/Core/Network/URLAnalyzer.cpp' kaynak dosyas─▒ derleniyor)
  
C:\ShadowStrike\ShadowStrike\src\Shared_modules\Core\Network\URLAnalyzer.cpp(621,17): error C2653: 'Logger': bir s─▒n─▒f veya ad alan─▒ ad─▒ de─şil [C:\ShadowStrike\ShadowStrike\ShadowStrike.vcxproj]
  ('/src/Shared_modules/Core/Network/URLAnalyzer.cpp' kaynak dosyas─▒ derleniyor)
  
C:\ShadowStrike\ShadowStrike\src\Shared_modules\Core\Network\URLAnalyzer.cpp(621,25): error C3861: 'Error': tan─▒mlay─▒c─▒ bulunamad─▒ [C:\ShadowStrike\ShadowStrike\ShadowStrike.vcxproj]
  ('/src/Shared_modules/Core/Network/URLAnalyzer.cpp' kaynak dosyas─▒ derleniyor)
  
C:\ShadowStrike\ShadowStrike\src\Shared_modules\Core\Network\URLAnalyzer.cpp(686,13): error C2653: 'Logger': bir s─▒n─▒f veya ad alan─▒ ad─▒ de─şil [C:\ShadowStrike\ShadowStrike\ShadowStrike.vcxproj]
  ('/src/Shared_modules/Core/Network/URLAnalyzer.cpp' kaynak dosyas─▒ derleniyor)
  
C:\ShadowStrike\ShadowStrike\src\Shared_modules\Core\Network\URLAnalyzer.cpp(686,21): error C3861: 'Error': tan─▒mlay─▒c─▒ bulunamad─▒ [C:\ShadowStrike\ShadowStrike\ShadowStrike.vcxproj]
  ('/src/Shared_modules/Core/Network/URLAnalyzer.cpp' kaynak dosyas─▒ derleniyor)
  
C:\ShadowStrike\ShadowStrike\src\Shared_modules\Core\Network\EmailScanner.cpp(83,26): error C2039: 'Base64DecodeError': bir 'ShadowStrike::Utils' ├╝yesi de─şil [C:\ShadowStrike\ShadowStrike\ShadowStrike.vcxproj]
  ('/src/Shared_modules/Core/Network/EmailScanner.cpp' kaynak dosyas─▒ derleniyor)
      C:\ShadowStrike\ShadowStrike\src\Shared_modules\Utils\PE_sig_verf.hpp(74,12):
      'ShadowStrike::Utils' bildirimine bak─▒n
  
C:\ShadowStrike\ShadowStrike\src\Shared_modules\Core\Network\EmailScanner.cpp(83,26): error C2065: 'Base64DecodeError': bildirimi yap─▒lmam─▒┼ş tan─▒mlay─▒c─▒ [C:\ShadowStrike\ShadowStrike\ShadowStrike.vcxproj]
  ('/src/Shared_modules/Core/Network/EmailScanner.cpp' kaynak dosyas─▒ derleniyor)
  
C:\ShadowStrike\ShadowStrike\src\Shared_modules\Core\Network\EmailScanner.cpp(83,44): error C2146: s├Âzdizimi hatas─▒: ';' eksik ('err' tan─▒mlay─▒c─▒s─▒ndan ├Ânce) [C:\ShadowStrike\ShadowStrike\ShadowStrike.vcxproj]
  ('/src/Shared_modules/Core/Network/EmailScanner.cpp' kaynak dosyas─▒ derleniyor)
  
C:\ShadowStrike\ShadowStrike\src\Shared_modules\Core\Network\EmailScanner.cpp(83,44): error C2065: 'err': bildirimi yap─▒lmam─▒┼ş tan─▒mlay─▒c─▒ [C:\ShadowStrike\ShadowStrike\ShadowStrike.vcxproj]
  ('/src/Shared_modules/Core/Network/EmailScanner.cpp' kaynak dosyas─▒ derleniyor)
  
C:\ShadowStrike\ShadowStrike\src\Shared_modules\Core\Network\EmailScanner.cpp(84,26): error C2039: 'Base64DecodeOptions': bir 'ShadowStrike::Utils' ├╝yesi de─şil [C:\ShadowStrike\ShadowStrike\ShadowStrike.vcxproj]
  ('/src/Shared_modules/Core/Network/EmailScanner.cpp' kaynak dosyas─▒ derleniyor)
      C:\ShadowStrike\ShadowStrike\src\Shared_modules\Utils\PE_sig_verf.hpp(74,12):
      'ShadowStrike::Utils' bildirimine bak─▒n
  
C:\ShadowStrike\ShadowStrike\src\Shared_modules\Core\Network\EmailScanner.cpp(84,26): error C2065: 'Base64DecodeOptions': bildirimi yap─▒lmam─▒┼ş tan─▒mlay─▒c─▒ [C:\ShadowStrike\ShadowStrike\ShadowStrike.vcxproj]
  ('/src/Shared_modules/Core/Network/EmailScanner.cpp' kaynak dosyas─▒ derleniyor)
  
C:\ShadowStrike\ShadowStrike\src\Shared_modules\Core\Network\EmailScanner.cpp(84,46): error C2146: s├Âzdizimi hatas─▒: ';' eksik ('opts' tan─▒mlay─▒c─▒s─▒ndan ├Ânce) [C:\ShadowStrike\ShadowStrike\ShadowStrike.vcxproj]
  ('/src/Shared_modules/Core/Network/EmailScanner.cpp' kaynak dosyas─▒ derleniyor)
  
C:\ShadowStrike\ShadowStrike\src\Shared_modules\Core\Network\EmailScanner.cpp(84,46): error C2065: 'opts': bildirimi yap─▒lmam─▒┼ş tan─▒mlay─▒c─▒ [C:\ShadowStrike\ShadowStrike\ShadowStrike.vcxproj]
  ('/src/Shared_modules/Core/Network/EmailScanner.cpp' kaynak dosyas─▒ derleniyor)
  
C:\ShadowStrike\ShadowStrike\src\Shared_modules\Core\Network\EmailScanner.cpp(85,5): error C2065: 'opts': bildirimi yap─▒lmam─▒┼ş tan─▒mlay─▒c─▒ [C:\ShadowStrike\ShadowStrike\ShadowStrike.vcxproj]
  ('/src/Shared_modules/Core/Network/EmailScanner.cpp' kaynak dosyas─▒ derleniyor)
  
C:\ShadowStrike\ShadowStrike\src\Shared_modules\Core\Network\EmailScanner.cpp(86,5): error C2065: 'opts': bildirimi yap─▒lmam─▒┼ş tan─▒mlay─▒c─▒ [C:\ShadowStrike\ShadowStrike\ShadowStrike.vcxproj]
  ('/src/Shared_modules/Core/Network/EmailScanner.cpp' kaynak dosyas─▒ derleniyor)
  
C:\ShadowStrike\ShadowStrike\src\Shared_modules\Core\Network\EmailScanner.cpp(87,31): error C2039: 'Base64Decode': bir 'ShadowStrike::Utils' ├╝yesi de─şil [C:\ShadowStrike\ShadowStrike\ShadowStrike.vcxproj]
  ('/src/Shared_modules/Core/Network/EmailScanner.cpp' kaynak dosyas─▒ derleniyor)
      C:\ShadowStrike\ShadowStrike\src\Shared_modules\Utils\PE_sig_verf.hpp(74,12):
      'ShadowStrike::Utils' bildirimine bak─▒n
  
C:\ShadowStrike\ShadowStrike\src\Shared_modules\Core\Network\EmailScanner.cpp(87,59): error C2065: 'err': bildirimi yap─▒lmam─▒┼ş tan─▒mlay─▒c─▒ [C:\ShadowStrike\ShadowStrike\ShadowStrike.vcxproj]
  ('/src/Shared_modules/Core/Network/EmailScanner.cpp' kaynak dosyas─▒ derleniyor)
  
C:\ShadowStrike\ShadowStrike\src\Shared_modules\Core\Network\EmailScanner.cpp(87,59): error C1003: hata say─▒s─▒ 100 taneyi a┼şt─▒; derleme durduruluyor [C:\ShadowStrike\ShadowStrike\ShadowStrike.vcxproj]
  ('/src/Shared_modules/Core/Network/EmailScanner.cpp' kaynak dosyas─▒ derleniyor)
  
C:\ShadowStrike\ShadowStrike\src\Shared_modules\Core\Network\URLAnalyzer.cpp(785,13): error C2653: 'Logger': bir s─▒n─▒f veya ad alan─▒ ad─▒ de─şil [C:\ShadowStrike\ShadowStrike\ShadowStrike.vcxproj]
  ('/src/Shared_modules/Core/Network/URLAnalyzer.cpp' kaynak dosyas─▒ derleniyor)
  
C:\ShadowStrike\ShadowStrike\src\Shared_modules\Core\Network\URLAnalyzer.cpp(785,21): error C3861: 'Error': tan─▒mlay─▒c─▒ bulunamad─▒ [C:\ShadowStrike\ShadowStrike\ShadowStrike.vcxproj]
  ('/src/Shared_modules/Core/Network/URLAnalyzer.cpp' kaynak dosyas─▒ derleniyor)
  
C:\ShadowStrike\ShadowStrike\src\Shared_modules\Core\Network\VPNDetector.cpp(496,17): error C2653: 'Logger': bir s─▒n─▒f veya ad alan─▒ ad─▒ de─şil [C:\ShadowStrike\ShadowStrike\ShadowStrike.vcxproj]
  ('/src/Shared_modules/Core/Network/VPNDetector.cpp' kaynak dosyas─▒ derleniyor)
  
C:\ShadowStrike\ShadowStrike\src\Shared_modules\Core\Network\VPNDetector.cpp(496,25): error C3861: 'Error': tan─▒mlay─▒c─▒ bulunamad─▒ [C:\ShadowStrike\ShadowStrike\ShadowStrike.vcxproj]
  ('/src/Shared_modules/Core/Network/VPNDetector.cpp' kaynak dosyas─▒ derleniyor)
  
C:\ShadowStrike\ShadowStrike\src\Shared_modules\Core\Network\VPNDetector.cpp(501,13): error C2653: 'Logger': bir s─▒n─▒f veya ad alan─▒ ad─▒ de─şil [C:\ShadowStrike\ShadowStrike\ShadowStrike.vcxproj]
  ('/src/Shared_modules/Core/Network/VPNDetector.cpp' kaynak dosyas─▒ derleniyor)
  
C:\ShadowStrike\ShadowStrike\src\Shared_modules\Core\Network\VPNDetector.cpp(501,21): error C3861: 'Info': tan─▒mlay─▒c─▒ bulunamad─▒ [C:\ShadowStrike\ShadowStrike\ShadowStrike.vcxproj]
  ('/src/Shared_modules/Core/Network/VPNDetector.cpp' kaynak dosyas─▒ derleniyor)
  
C:\ShadowStrike\ShadowStrike\src\Shared_modules\Core\Network\VPNDetector.cpp(509,13): error C2653: 'Logger': bir s─▒n─▒f veya ad alan─▒ ad─▒ de─şil [C:\ShadowStrike\ShadowStrike\ShadowStrike.vcxproj]
  ('/src/Shared_modules/Core/Network/VPNDetector.cpp' kaynak dosyas─▒ derleniyor)
  
C:\ShadowStrike\ShadowStrike\src\Shared_modules\Core\Network\VPNDetector.cpp(509,21): error C3861: 'Error': tan─▒mlay─▒c─▒ bulunamad─▒ [C:\ShadowStrike\ShadowStrike\ShadowStrike.vcxproj]
  ('/src/Shared_modules/Core/Network/VPNDetector.cpp' kaynak dosyas─▒ derleniyor)
  
C:\ShadowStrike\ShadowStrike\src\Shared_modules\Core\Network\VPNDetector.cpp(519,17): error C2653: 'Logger': bir s─▒n─▒f veya ad alan─▒ ad─▒ de─şil [C:\ShadowStrike\ShadowStrike\ShadowStrike.vcxproj]
  ('/src/Shared_modules/Core/Network/VPNDetector.cpp' kaynak dosyas─▒ derleniyor)
  
C:\ShadowStrike\ShadowStrike\src\Shared_modules\Core\Network\VPNDetector.cpp(519,25): error C3861: 'Error': tan─▒mlay─▒c─▒ bulunamad─▒ [C:\ShadowStrike\ShadowStrike\ShadowStrike.vcxproj]
  ('/src/Shared_modules/Core/Network/VPNDetector.cpp' kaynak dosyas─▒ derleniyor)
  
C:\ShadowStrike\ShadowStrike\src\Shared_modules\Core\Network\VPNDetector.cpp(524,17): error C2653: 'Logger': bir s─▒n─▒f veya ad alan─▒ ad─▒ de─şil [C:\ShadowStrike\ShadowStrike\ShadowStrike.vcxproj]
  ('/src/Shared_modules/Core/Network/VPNDetector.cpp' kaynak dosyas─▒ derleniyor)
  
C:\ShadowStrike\ShadowStrike\src\Shared_modules\Core\Network\URLAnalyzer.cpp(819,39): error C2653: 'StringUtils': bir s─▒n─▒f veya ad alan─▒ ad─▒ de─şil [C:\ShadowStrike\ShadowStrike\ShadowStrike.vcxproj]
  ('/src/Shared_modules/Core/Network/URLAnalyzer.cpp' kaynak dosyas─▒ derleniyor)
  
C:\ShadowStrike\ShadowStrike\src\Shared_modules\Core\Network\URLAnalyzer.cpp(819,52): error C3861: 'ToLower': tan─▒mlay─▒c─▒ bulunamad─▒ [C:\ShadowStrike\ShadowStrike\ShadowStrike.vcxproj]
  ('/src/Shared_modules/Core/Network/URLAnalyzer.cpp' kaynak dosyas─▒ derleniyor)
  
C:\ShadowStrike\ShadowStrike\src\Shared_modules\Core\Network\VPNDetector.cpp(524,25): error C3861: 'Warn': tan─▒mlay─▒c─▒ bulunamad─▒ [C:\ShadowStrike\ShadowStrike\ShadowStrike.vcxproj]
  ('/src/Shared_modules/Core/Network/VPNDetector.cpp' kaynak dosyas─▒ derleniyor)
  
C:\ShadowStrike\ShadowStrike\src\Shared_modules\Core\Network\VPNDetector.cpp(539,13): error C2653: 'Logger': bir s─▒n─▒f veya ad alan─▒ ad─▒ de─şil [C:\ShadowStrike\ShadowStrike\ShadowStrike.vcxproj]
  ('/src/Shared_modules/Core/Network/VPNDetector.cpp' kaynak dosyas─▒ derleniyor)
  
C:\ShadowStrike\ShadowStrike\src\Shared_modules\Core\Network\VPNDetector.cpp(539,21): error C3861: 'Info': tan─▒mlay─▒c─▒ bulunamad─▒ [C:\ShadowStrike\ShadowStrike\ShadowStrike.vcxproj]
  ('/src/Shared_modules/Core/Network/VPNDetector.cpp' kaynak dosyas─▒ derleniyor)
  
C:\ShadowStrike\ShadowStrike\src\Shared_modules\Core\Network\VPNDetector.cpp(544,13): error C2653: 'Logger': bir s─▒n─▒f veya ad alan─▒ ad─▒ de─şil [C:\ShadowStrike\ShadowStrike\ShadowStrike.vcxproj]
  ('/src/Shared_modules/Core/Network/VPNDetector.cpp' kaynak dosyas─▒ derleniyor)
  
C:\ShadowStrike\ShadowStrike\src\Shared_modules\Core\Network\VPNDetector.cpp(544,21): error C3861: 'Error': tan─▒mlay─▒c─▒ bulunamad─▒ [C:\ShadowStrike\ShadowStrike\ShadowStrike.vcxproj]
  ('/src/Shared_modules/Core/Network/VPNDetector.cpp' kaynak dosyas─▒ derleniyor)
  
C:\ShadowStrike\ShadowStrike\src\Shared_modules\Core\Network\URLAnalyzer.cpp(846,13): error C2653: 'Logger': bir s─▒n─▒f veya ad alan─▒ ad─▒ de─şil [C:\ShadowStrike\ShadowStrike\ShadowStrike.vcxproj]
  ('/src/Shared_modules/Core/Network/URLAnalyzer.cpp' kaynak dosyas─▒ derleniyor)
  
C:\ShadowStrike\ShadowStrike\src\Shared_modules\Core\Network\VPNDetector.cpp(567,13): error C2653: 'Logger': bir s─▒n─▒f veya ad alan─▒ ad─▒ de─şil [C:\ShadowStrike\ShadowStrike\ShadowStrike.vcxproj]
  ('/src/Shared_modules/Core/Network/VPNDetector.cpp' kaynak dosyas─▒ derleniyor)
  
C:\ShadowStrike\ShadowStrike\src\Shared_modules\Core\Network\VPNDetector.cpp(567,21): error C3861: 'Info': tan─▒mlay─▒c─▒ bulunamad─▒ [C:\ShadowStrike\ShadowStrike\ShadowStrike.vcxproj]
  ('/src/Shared_modules/Core/Network/VPNDetector.cpp' kaynak dosyas─▒ derleniyor)
  
C:\ShadowStrike\ShadowStrike\src\Shared_modules\Core\Network\URLAnalyzer.cpp(846,21): error C3861: 'Error': tan─▒mlay─▒c─▒ bulunamad─▒ [C:\ShadowStrike\ShadowStrike\ShadowStrike.vcxproj]
  ('/src/Shared_modules/Core/Network/URLAnalyzer.cpp' kaynak dosyas─▒ derleniyor)
  
C:\ShadowStrike\ShadowStrike\src\Shared_modules\Core\Network\VPNDetector.cpp(570,13): error C2653: 'Logger': bir s─▒n─▒f veya ad alan─▒ ad─▒ de─şil [C:\ShadowStrike\ShadowStrike\ShadowStrike.vcxproj]
  ('/src/Shared_modules/Core/Network/VPNDetector.cpp' kaynak dosyas─▒ derleniyor)
  
C:\ShadowStrike\ShadowStrike\src\Shared_modules\Core\Network\VPNDetector.cpp(570,21): error C3861: 'Error': tan─▒mlay─▒c─▒ bulunamad─▒ [C:\ShadowStrike\ShadowStrike\ShadowStrike.vcxproj]
  ('/src/Shared_modules/Core/Network/VPNDetector.cpp' kaynak dosyas─▒ derleniyor)
  
C:\ShadowStrike\ShadowStrike\src\Shared_modules\Core\Network\VPNDetector.cpp(600,13): error C2653: 'Logger': bir s─▒n─▒f veya ad alan─▒ ad─▒ de─şil [C:\ShadowStrike\ShadowStrike\ShadowStrike.vcxproj]
  ('/src/Shared_modules/Core/Network/VPNDetector.cpp' kaynak dosyas─▒ derleniyor)
  
C:\ShadowStrike\ShadowStrike\src\Shared_modules\Core\Network\VPNDetector.cpp(600,21): error C3861: 'Info': tan─▒mlay─▒c─▒ bulunamad─▒ [C:\ShadowStrike\ShadowStrike\ShadowStrike.vcxproj]
  ('/src/Shared_modules/Core/Network/VPNDetector.cpp' kaynak dosyas─▒ derleniyor)
  
C:\ShadowStrike\ShadowStrike\src\Shared_modules\Core\Network\URLAnalyzer.cpp(867,13): error C2653: 'Logger': bir s─▒n─▒f veya ad alan─▒ ad─▒ de─şil [C:\ShadowStrike\ShadowStrike\ShadowStrike.vcxproj]
  ('/src/Shared_modules/Core/Network/URLAnalyzer.cpp' kaynak dosyas─▒ derleniyor)
  
C:\ShadowStrike\ShadowStrike\src\Shared_modules\Core\Network\URLAnalyzer.cpp(867,21): error C3861: 'Error': tan─▒mlay─▒c─▒ bulunamad─▒ [C:\ShadowStrike\ShadowStrike\ShadowStrike.vcxproj]
  ('/src/Shared_modules/Core/Network/URLAnalyzer.cpp' kaynak dosyas─▒ derleniyor)
  
C:\ShadowStrike\ShadowStrike\src\Shared_modules\Core\Network\URLAnalyzer.cpp(877,13): error C2653: 'Logger': bir s─▒n─▒f veya ad alan─▒ ad─▒ de─şil [C:\ShadowStrike\ShadowStrike\ShadowStrike.vcxproj]
  ('/src/Shared_modules/Core/Network/URLAnalyzer.cpp' kaynak dosyas─▒ derleniyor)
  
C:\ShadowStrike\ShadowStrike\src\Shared_modules\Core\Network\VPNDetector.cpp(643,17): error C2653: 'Logger': bir s─▒n─▒f veya ad alan─▒ ad─▒ de─şil [C:\ShadowStrike\ShadowStrike\ShadowStrike.vcxproj]
  ('/src/Shared_modules/Core/Network/VPNDetector.cpp' kaynak dosyas─▒ derleniyor)
  
C:\ShadowStrike\ShadowStrike\src\Shared_modules\Core\Network\VPNDetector.cpp(643,25): error C3861: 'Error': tan─▒mlay─▒c─▒ bulunamad─▒ [C:\ShadowStrike\ShadowStrike\ShadowStrike.vcxproj]
  ('/src/Shared_modules/Core/Network/VPNDetector.cpp' kaynak dosyas─▒ derleniyor)
  
C:\ShadowStrike\ShadowStrike\src\Shared_modules\Core\Network\URLAnalyzer.cpp(877,21): error C3861: 'Error': tan─▒mlay─▒c─▒ bulunamad─▒ [C:\ShadowStrike\ShadowStrike\ShadowStrike.vcxproj]
  ('/src/Shared_modules/Core/Network/URLAnalyzer.cpp' kaynak dosyas─▒ derleniyor)
  
C:\ShadowStrike\ShadowStrike\src\Shared_modules\Core\Network\VPNDetector.cpp(653,56): error C2653: 'StringUtils': bir s─▒n─▒f veya ad alan─▒ ad─▒ de─şil [C:\ShadowStrike\ShadowStrike\ShadowStrike.vcxproj]
  ('/src/Shared_modules/Core/Network/VPNDetector.cpp' kaynak dosyas─▒ derleniyor)
  
C:\ShadowStrike\ShadowStrike\src\Shared_modules\Core\Network\VPNDetector.cpp(653,69): error C3861: 'Utf8ToWide': tan─▒mlay─▒c─▒ bulunamad─▒ [C:\ShadowStrike\ShadowStrike\ShadowStrike.vcxproj]
  ('/src/Shared_modules/Core/Network/VPNDetector.cpp' kaynak dosyas─▒ derleniyor)
  
C:\ShadowStrike\ShadowStrike\src\Shared_modules\Core\Network\URLAnalyzer.cpp(904,43): error C2653: 'StringUtils': bir s─▒n─▒f veya ad alan─▒ ad─▒ de─şil [C:\ShadowStrike\ShadowStrike\ShadowStrike.vcxproj]
  ('/src/Shared_modules/Core/Network/URLAnalyzer.cpp' kaynak dosyas─▒ derleniyor)
  
C:\ShadowStrike\ShadowStrike\src\Shared_modules\Core\Network\URLAnalyzer.cpp(904,56): error C3861: 'ToLower': tan─▒mlay─▒c─▒ bulunamad─▒ [C:\ShadowStrike\ShadowStrike\ShadowStrike.vcxproj]
  ('/src/Shared_modules/Core/Network/URLAnalyzer.cpp' kaynak dosyas─▒ derleniyor)
  
C:\ShadowStrike\ShadowStrike\src\Shared_modules\Core\Network\VPNDetector.cpp(666,25): error C2039: 'type': bir 'ShadowStrike::Core::NetworkAdapter' ├╝yesi de─şil [C:\ShadowStrike\ShadowStrike\ShadowStrike.vcxproj]
  ('/src/Shared_modules/Core/Network/VPNDetector.cpp' kaynak dosyas─▒ derleniyor)
      C:\ShadowStrike\ShadowStrike\src\Shared_modules\Core\Network\VPNDetector.hpp(360,21):
      'ShadowStrike::Core::NetworkAdapter' bildirimine bak─▒n
  
C:\ShadowStrike\ShadowStrike\src\Shared_modules\Core\Network\VPNDetector.cpp(668,42): error C2039: 'type': bir 'ShadowStrike::Core::NetworkAdapter' ├╝yesi de─şil [C:\ShadowStrike\ShadowStrike\ShadowStrike.vcxproj]
  ('/src/Shared_modules/Core/Network/VPNDetector.cpp' kaynak dosyas─▒ derleniyor)
      C:\ShadowStrike\ShadowStrike\src\Shared_modules\Core\Network\VPNDetector.hpp(360,21):
      'ShadowStrike::Core::NetworkAdapter' bildirimine bak─▒n
  
C:\ShadowStrike\ShadowStrike\src\Shared_modules\Core\Network\VPNDetector.cpp(669,41): error C2039: 'type': bir 'ShadowStrike::Core::NetworkAdapter' ├╝yesi de─şil [C:\ShadowStrike\ShadowStrike\ShadowStrike.vcxproj]
  ('/src/Shared_modules/Core/Network/VPNDetector.cpp' kaynak dosyas─▒ derleniyor)
      C:\ShadowStrike\ShadowStrike\src\Shared_modules\Core\Network\VPNDetector.hpp(360,21):
      'ShadowStrike::Core::NetworkAdapter' bildirimine bak─▒n
  
C:\ShadowStrike\ShadowStrike\src\Shared_modules\Core\Network\VPNDetector.cpp(670,41): error C2039: 'type': bir 'ShadowStrike::Core::NetworkAdapter' ├╝yesi de─şil [C:\ShadowStrike\ShadowStrike\ShadowStrike.vcxproj]
  ('/src/Shared_modules/Core/Network/VPNDetector.cpp' kaynak dosyas─▒ derleniyor)
      C:\ShadowStrike\ShadowStrike\src\Shared_modules\Core\Network\VPNDetector.hpp(360,21):
      'ShadowStrike::Core::NetworkAdapter' bildirimine bak─▒n
  
C:\ShadowStrike\ShadowStrike\src\Shared_modules\Core\Network\URLAnalyzer.cpp(951,37): error C2653: 'StringUtils': bir s─▒n─▒f veya ad alan─▒ ad─▒ de─şil [C:\ShadowStrike\ShadowStrike\ShadowStrike.vcxproj]
  ('/src/Shared_modules/Core/Network/URLAnalyzer.cpp' kaynak dosyas─▒ derleniyor)
  
C:\ShadowStrike\ShadowStrike\src\Shared_modules\Core\Network\URLAnalyzer.cpp(951,50): error C3861: 'ToLower': tan─▒mlay─▒c─▒ bulunamad─▒ [C:\ShadowStrike\ShadowStrike\ShadowStrike.vcxproj]
  ('/src/Shared_modules/Core/Network/URLAnalyzer.cpp' kaynak dosyas─▒ derleniyor)
  
C:\ShadowStrike\ShadowStrike\src\Shared_modules\Core\Network\VPNDetector.cpp(719,25): error C2039: 'vpnProtocol': bir 'ShadowStrike::Core::NetworkAdapter' ├╝yesi de─şil [C:\ShadowStrike\ShadowStrike\ShadowStrike.vcxproj]
  ('/src/Shared_modules/Core/Network/VPNDetector.cpp' kaynak dosyas─▒ derleniyor)
      C:\ShadowStrike\ShadowStrike\src\Shared_modules\Core\Network\VPNDetector.hpp(360,21):
      'ShadowStrike::Core::NetworkAdapter' bildirimine bak─▒n
  
C:\ShadowStrike\ShadowStrike\src\Shared_modules\Core\Network\VPNDetector.cpp(719,73): error C2039: 'type': bir 'ShadowStrike::Core::NetworkAdapter' ├╝yesi de─şil [C:\ShadowStrike\ShadowStrike\ShadowStrike.vcxproj]
  ('/src/Shared_modules/Core/Network/VPNDetector.cpp' kaynak dosyas─▒ derleniyor)
      C:\ShadowStrike\ShadowStrike\src\Shared_modules\Core\Network\VPNDetector.hpp(360,21):
      'ShadowStrike::Core::NetworkAdapter' bildirimine bak─▒n
  
C:\ShadowStrike\ShadowStrike\src\Shared_modules\Core\Network\VPNDetector.cpp(727,13): error C2653: 'Logger': bir s─▒n─▒f veya ad alan─▒ ad─▒ de─şil [C:\ShadowStrike\ShadowStrike\ShadowStrike.vcxproj]
  ('/src/Shared_modules/Core/Network/VPNDetector.cpp' kaynak dosyas─▒ derleniyor)
  
C:\ShadowStrike\ShadowStrike\src\Shared_modules\Core\Network\VPNDetector.cpp(727,13): error C1003: hata say─▒s─▒ 100 taneyi a┼şt─▒; derleme durduruluyor [C:\ShadowStrike\ShadowStrike\ShadowStrike.vcxproj]
  ('/src/Shared_modules/Core/Network/VPNDetector.cpp' kaynak dosyas─▒ derleniyor)
  
C:\ShadowStrike\ShadowStrike\src\Shared_modules\Core\Network\TrafficAnalyzer.hpp(425,5): error C2143: s├Âzdizimi hatas─▒: '}' eksik ('(' ├Âncesinde) [C:\ShadowStrike\ShadowStrike\ShadowStrike.vcxproj]
  ('/src/Shared_modules/Core/Network/TrafficAnalyzer.cpp' kaynak dosyas─▒ derleniyor)
  
C:\ShadowStrike\ShadowStrike\src\Shared_modules\Core\Network\TrafficAnalyzer.hpp(425,5): error C2059: s├Âzdizimi hatas─▒: 'sabit' [C:\ShadowStrike\ShadowStrike\ShadowStrike.vcxproj]
  ('/src/Shared_modules/Core/Network/TrafficAnalyzer.cpp' kaynak dosyas─▒ derleniyor)
  
C:\ShadowStrike\ShadowStrike\src\Shared_modules\Core\Network\TrafficAnalyzer.hpp(431,1): error C2143: s├Âzdizimi hatas─▒: ';' eksik ('}' ├Âncesinde) [C:\ShadowStrike\ShadowStrike\ShadowStrike.vcxproj]
  ('/src/Shared_modules/Core/Network/TrafficAnalyzer.cpp' kaynak dosyas─▒ derleniyor)
  
C:\ShadowStrike\ShadowStrike\src\Shared_modules\Core\Network\TrafficAnalyzer.hpp(445,5): error C2143: s├Âzdizimi hatas─▒: '}' eksik ('sabit' ├Âncesinde) [C:\ShadowStrike\ShadowStrike\ShadowStrike.vcxproj]
  ('/src/Shared_modules/Core/Network/TrafficAnalyzer.cpp' kaynak dosyas─▒ derleniyor)
  
C:\ShadowStrike\ShadowStrike\src\Shared_modules\Core\Network\TrafficAnalyzer.hpp(445,5): error C2059: s├Âzdizimi hatas─▒: 'sabit' [C:\ShadowStrike\ShadowStrike\ShadowStrike.vcxproj]
  ('/src/Shared_modules/Core/Network/TrafficAnalyzer.cpp' kaynak dosyas─▒ derleniyor)
  
C:\ShadowStrike\ShadowStrike\src\Shared_modules\Core\Network\TrafficAnalyzer.hpp(446,1): error C2143: s├Âzdizimi hatas─▒: ';' eksik ('}' ├Âncesinde) [C:\ShadowStrike\ShadowStrike\ShadowStrike.vcxproj]
  ('/src/Shared_modules/Core/Network/TrafficAnalyzer.cpp' kaynak dosyas─▒ derleniyor)
  
C:\ShadowStrike\ShadowStrike\src\Shared_modules\Core\Network\TrafficAnalyzer.hpp(542,16): error C3646: 'version': bilinmeyen ge├ğersiz k─▒lma belirticisi [C:\ShadowStrike\ShadowStrike\ShadowStrike.vcxproj]
  ('/src/Shared_modules/Core/Network/TrafficAnalyzer.cpp' kaynak dosyas─▒ derleniyor)
  
C:\ShadowStrike\ShadowStrike\src\Shared_modules\Core\Network\TrafficAnalyzer.hpp(542,23): error C2059: s├Âzdizimi hatas─▒: '{' [C:\ShadowStrike\ShadowStrike\ShadowStrike.vcxproj]
  ('/src/Shared_modules/Core/Network/TrafficAnalyzer.cpp' kaynak dosyas─▒ derleniyor)
  
C:\ShadowStrike\ShadowStrike\src\Shared_modules\Core\Network\TrafficAnalyzer.hpp(542,23): error C2334: '{' ├Âncesinde beklenmeyen belirte├ğler; g├Âr├╝nen i┼şlev g├Âvdesi atlan─▒yor [C:\ShadowStrike\ShadowStrike\ShadowStrike.vcxproj]
  ('/src/Shared_modules/Core/Network/TrafficAnalyzer.cpp' kaynak dosyas─▒ derleniyor)
  
C:\ShadowStrike\ShadowStrike\src\Shared_modules\Core\Network\URLAnalyzer.cpp(951,19): error C2593: 'operator =' belirsiz [C:\ShadowStrike\ShadowStrike\ShadowStrike.vcxproj]
  ('/src/Shared_modules/Core/Network/URLAnalyzer.cpp' kaynak dosyas─▒ derleniyor)
      C:\Program Files\Microsoft Visual Studio\2022\Community\VC\Tools\MSVC\14.44.35207\include\xstring(1453,32):
      'std::basic_string<char,std::char_traits<char>,std::allocator<char>> &std::basic_string<char,std::char_traits<char>,std::allocator<char>>::operator =(const _Elem)' olabilirdi
          with
          [
              _Elem=char
          ]
      C:\Program Files\Microsoft Visual Studio\2022\Community\VC\Tools\MSVC\14.44.35207\include\xstring(1450,19):
      veya       'std::basic_string<char,std::char_traits<char>,std::allocator<char>> &std::basic_string<char,std::char_traits<char>,std::allocator<char>>::operator =(std::nullptr_t)'
      C:\Program Files\Microsoft Visual Studio\2022\Community\VC\Tools\MSVC\14.44.35207\include\xstring(1445,32):
      veya       'std::basic_string<char,std::char_traits<char>,std::allocator<char>> &std::basic_string<char,std::char_traits<char>,std::allocator<char>>::operator =(const _Elem *const )'
          with
          [
              _Elem=char
          ]
      C:\Program Files\Microsoft Visual Studio\2022\Community\VC\Tools\MSVC\14.44.35207\include\xstring(1394,32):
      veya       'std::basic_string<char,std::char_traits<char>,std::allocator<char>> &std::basic_string<char,std::char_traits<char>,std::allocator<char>>::operator =(const std::basic_string<char,std::char_traits<char>,std::allocator<char>> &)'
      C:\Program Files\Microsoft Visual Studio\2022\Community\VC\Tools\MSVC\14.44.35207\include\xstring(1345,32):
      veya       'std::basic_string<char,std::char_traits<char>,std::allocator<char>> &std::basic_string<char,std::char_traits<char>,std::allocator<char>>::operator =(std::initializer_list<_Elem>)'
          with
          [
              _Elem=char
          ]
      C:\Program Files\Microsoft Visual Studio\2022\Community\VC\Tools\MSVC\14.44.35207\include\xstring(1224,32):
      veya       'std::basic_string<char,std::char_traits<char>,std::allocator<char>> &std::basic_string<char,std::char_traits<char>,std::allocator<char>>::operator =(std::basic_string<char,std::char_traits<char>,std::allocator<char>> &&) noexcept'
      C:\ShadowStrike\ShadowStrike\src\Shared_modules\Core\Network\URLAnalyzer.cpp(951,19):
      '(std::string, <error type>)' ba─ş─▒ms─▒z de─şi┼şken listesi e┼şlenmeye ├ğal─▒┼ş─▒l─▒rken
  
C:\ShadowStrike\ShadowStrike\src\Shared_modules\Core\Network\TrafficAnalyzer.hpp(562,16): error C3646: 'version': bilinmeyen ge├ğersiz k─▒lma belirticisi [C:\ShadowStrike\ShadowStrike\ShadowStrike.vcxproj]
  ('/src/Shared_modules/Core/Network/TrafficAnalyzer.cpp' kaynak dosyas─▒ derleniyor)
  
C:\ShadowStrike\ShadowStrike\src\Shared_modules\Core\Network\TrafficAnalyzer.hpp(562,23): error C2059: s├Âzdizimi hatas─▒: '{' [C:\ShadowStrike\ShadowStrike\ShadowStrike.vcxproj]
  ('/src/Shared_modules/Core/Network/TrafficAnalyzer.cpp' kaynak dosyas─▒ derleniyor)
  
C:\ShadowStrike\ShadowStrike\src\Shared_modules\Core\Network\TrafficAnalyzer.hpp(562,23): error C2334: '{' ├Âncesinde beklenmeyen belirte├ğler; g├Âr├╝nen i┼şlev g├Âvdesi atlan─▒yor [C:\ShadowStrike\ShadowStrike\ShadowStrike.vcxproj]
  ('/src/Shared_modules/Core/Network/TrafficAnalyzer.cpp' kaynak dosyas─▒ derleniyor)
  
C:\ShadowStrike\ShadowStrike\src\Shared_modules\Core\Network\URLAnalyzer.cpp(1016,13): error C2653: 'Logger': bir s─▒n─▒f veya ad alan─▒ ad─▒ de─şil [C:\ShadowStrike\ShadowStrike\ShadowStrike.vcxproj]
  ('/src/Shared_modules/Core/Network/URLAnalyzer.cpp' kaynak dosyas─▒ derleniyor)
  
C:\ShadowStrike\ShadowStrike\src\Shared_modules\Core\Network\URLAnalyzer.cpp(1016,21): error C3861: 'Error': tan─▒mlay─▒c─▒ bulunamad─▒ [C:\ShadowStrike\ShadowStrike\ShadowStrike.vcxproj]
  ('/src/Shared_modules/Core/Network/URLAnalyzer.cpp' kaynak dosyas─▒ derleniyor)
  
C:\ShadowStrike\ShadowStrike\src\Shared_modules\Core\Network\TrafficAnalyzer.hpp(618,16): error C3646: 'version': bilinmeyen ge├ğersiz k─▒lma belirticisi [C:\ShadowStrike\ShadowStrike\ShadowStrike.vcxproj]
  ('/src/Shared_modules/Core/Network/TrafficAnalyzer.cpp' kaynak dosyas─▒ derleniyor)
  
C:\ShadowStrike\ShadowStrike\src\Shared_modules\Core\Network\TrafficAnalyzer.hpp(618,23): error C2059: s├Âzdizimi hatas─▒: '{' [C:\ShadowStrike\ShadowStrike\ShadowStrike.vcxproj]
  ('/src/Shared_modules/Core/Network/TrafficAnalyzer.cpp' kaynak dosyas─▒ derleniyor)
  
C:\ShadowStrike\ShadowStrike\src\Shared_modules\Core\Network\TrafficAnalyzer.hpp(618,23): error C2334: '{' ├Âncesinde beklenmeyen belirte├ğler; g├Âr├╝nen i┼şlev g├Âvdesi atlan─▒yor [C:\ShadowStrike\ShadowStrike\ShadowStrike.vcxproj]
  ('/src/Shared_modules/Core/Network/TrafficAnalyzer.cpp' kaynak dosyas─▒ derleniyor)
  
C:\ShadowStrike\ShadowStrike\src\Shared_modules\Core\Network\URLAnalyzer.cpp(1035,16): error C2653: 'StringUtils': bir s─▒n─▒f veya ad alan─▒ ad─▒ de─şil [C:\ShadowStrike\ShadowStrike\ShadowStrike.vcxproj]
  ('/src/Shared_modules/Core/Network/URLAnalyzer.cpp' kaynak dosyas─▒ derleniyor)
  
C:\ShadowStrike\ShadowStrike\src\Shared_modules\Core\Network\URLAnalyzer.cpp(1035,29): error C3861: 'Utf8ToWide': tan─▒mlay─▒c─▒ bulunamad─▒ [C:\ShadowStrike\ShadowStrike\ShadowStrike.vcxproj]
  ('/src/Shared_modules/Core/Network/URLAnalyzer.cpp' kaynak dosyas─▒ derleniyor)
  
C:\ShadowStrike\ShadowStrike\src\Shared_modules\Core\Network\URLAnalyzer.cpp(1085,13): error C2653: 'Logger': bir s─▒n─▒f veya ad alan─▒ ad─▒ de─şil [C:\ShadowStrike\ShadowStrike\ShadowStrike.vcxproj]
  ('/src/Shared_modules/Core/Network/URLAnalyzer.cpp' kaynak dosyas─▒ derleniyor)
  
C:\ShadowStrike\ShadowStrike\src\Shared_modules\Core\Network\URLAnalyzer.cpp(1085,21): error C3861: 'Error': tan─▒mlay─▒c─▒ bulunamad─▒ [C:\ShadowStrike\ShadowStrike\ShadowStrike.vcxproj]
  ('/src/Shared_modules/Core/Network/URLAnalyzer.cpp' kaynak dosyas─▒ derleniyor)
  
C:\ShadowStrike\ShadowStrike\src\Shared_modules\Core\Network\TrafficAnalyzer.hpp(652,16): error C3646: 'method': bilinmeyen ge├ğersiz k─▒lma belirticisi [C:\ShadowStrike\ShadowStrike\ShadowStrike.vcxproj]
  ('/src/Shared_modules/Core/Network/TrafficAnalyzer.cpp' kaynak dosyas─▒ derleniyor)
  
C:\ShadowStrike\ShadowStrike\src\Shared_modules\Core\Network\TrafficAnalyzer.hpp(652,22): error C2059: s├Âzdizimi hatas─▒: '{' [C:\ShadowStrike\ShadowStrike\ShadowStrike.vcxproj]
  ('/src/Shared_modules/Core/Network/TrafficAnalyzer.cpp' kaynak dosyas─▒ derleniyor)
  
C:\ShadowStrike\ShadowStrike\src\Shared_modules\Core\Network\TrafficAnalyzer.hpp(652,22): error C2334: '{' ├Âncesinde beklenmeyen belirte├ğler; g├Âr├╝nen i┼şlev g├Âvdesi atlan─▒yor [C:\ShadowStrike\ShadowStrike\ShadowStrike.vcxproj]
  ('/src/Shared_modules/Core/Network/TrafficAnalyzer.cpp' kaynak dosyas─▒ derleniyor)
  
C:\ShadowStrike\ShadowStrike\src\Shared_modules\Core\Network\URLAnalyzer.cpp(1108,38): error C2653: 'StringUtils': bir s─▒n─▒f veya ad alan─▒ ad─▒ de─şil [C:\ShadowStrike\ShadowStrike\ShadowStrike.vcxproj]
  ('/src/Shared_modules/Core/Network/URLAnalyzer.cpp' kaynak dosyas─▒ derleniyor)
  
C:\ShadowStrike\ShadowStrike\src\Shared_modules\Core\Network\URLAnalyzer.cpp(1108,51): error C3861: 'ToLower': tan─▒mlay─▒c─▒ bulunamad─▒ [C:\ShadowStrike\ShadowStrike\ShadowStrike.vcxproj]
  ('/src/Shared_modules/Core/Network/URLAnalyzer.cpp' kaynak dosyas─▒ derleniyor)
  
C:\ShadowStrike\ShadowStrike\src\Shared_modules\Core\Network\URLAnalyzer.cpp(1111,13): error C2653: 'Logger': bir s─▒n─▒f veya ad alan─▒ ad─▒ de─şil [C:\ShadowStrike\ShadowStrike\ShadowStrike.vcxproj]
  ('/src/Shared_modules/Core/Network/URLAnalyzer.cpp' kaynak dosyas─▒ derleniyor)
  
C:\ShadowStrike\ShadowStrike\src\Shared_modules\Core\Network\URLAnalyzer.cpp(1111,21): error C3861: 'Info': tan─▒mlay─▒c─▒ bulunamad─▒ [C:\ShadowStrike\ShadowStrike\ShadowStrike.vcxproj]
  ('/src/Shared_modules/Core/Network/URLAnalyzer.cpp' kaynak dosyas─▒ derleniyor)
  
C:\ShadowStrike\ShadowStrike\src\Shared_modules\Core\Network\URLAnalyzer.cpp(1115,13): error C2653: 'Logger': bir s─▒n─▒f veya ad alan─▒ ad─▒ de─şil [C:\ShadowStrike\ShadowStrike\ShadowStrike.vcxproj]
  ('/src/Shared_modules/Core/Network/URLAnalyzer.cpp' kaynak dosyas─▒ derleniyor)
  
C:\ShadowStrike\ShadowStrike\src\Shared_modules\Core\Network\URLAnalyzer.cpp(1115,21): error C3861: 'Error': tan─▒mlay─▒c─▒ bulunamad─▒ [C:\ShadowStrike\ShadowStrike\ShadowStrike.vcxproj]
  ('/src/Shared_modules/Core/Network/URLAnalyzer.cpp' kaynak dosyas─▒ derleniyor)
  
C:\ShadowStrike\ShadowStrike\src\Shared_modules\Core\Network\URLAnalyzer.cpp(1124,38): error C2653: 'StringUtils': bir s─▒n─▒f veya ad alan─▒ ad─▒ de─şil [C:\ShadowStrike\ShadowStrike\ShadowStrike.vcxproj]
  ('/src/Shared_modules/Core/Network/URLAnalyzer.cpp' kaynak dosyas─▒ derleniyor)
  
C:\ShadowStrike\ShadowStrike\src\Shared_modules\Core\Network\URLAnalyzer.cpp(1124,51): error C3861: 'ToLower': tan─▒mlay─▒c─▒ bulunamad─▒ [C:\ShadowStrike\ShadowStrike\ShadowStrike.vcxproj]
  ('/src/Shared_modules/Core/Network/URLAnalyzer.cpp' kaynak dosyas─▒ derleniyor)
  
C:\ShadowStrike\ShadowStrike\src\Shared_modules\Core\Network\URLAnalyzer.cpp(1128,17): error C2653: 'Logger': bir s─▒n─▒f veya ad alan─▒ ad─▒ de─şil [C:\ShadowStrike\ShadowStrike\ShadowStrike.vcxproj]
  ('/src/Shared_modules/Core/Network/URLAnalyzer.cpp' kaynak dosyas─▒ derleniyor)
  
C:\ShadowStrike\ShadowStrike\src\Shared_modules\Core\Network\URLAnalyzer.cpp(1128,25): error C3861: 'Info': tan─▒mlay─▒c─▒ bulunamad─▒ [C:\ShadowStrike\ShadowStrike\ShadowStrike.vcxproj]
  ('/src/Shared_modules/Core/Network/URLAnalyzer.cpp' kaynak dosyas─▒ derleniyor)
  
C:\ShadowStrike\ShadowStrike\src\Shared_modules\Core\Network\URLAnalyzer.cpp(1134,13): error C2653: 'Logger': bir s─▒n─▒f veya ad alan─▒ ad─▒ de─şil [C:\ShadowStrike\ShadowStrike\ShadowStrike.vcxproj]
  ('/src/Shared_modules/Core/Network/URLAnalyzer.cpp' kaynak dosyas─▒ derleniyor)
  
C:\ShadowStrike\ShadowStrike\src\Shared_modules\Core\Network\URLAnalyzer.cpp(1134,21): error C3861: 'Error': tan─▒mlay─▒c─▒ bulunamad─▒ [C:\ShadowStrike\ShadowStrike\ShadowStrike.vcxproj]
  ('/src/Shared_modules/Core/Network/URLAnalyzer.cpp' kaynak dosyas─▒ derleniyor)
  
C:\ShadowStrike\ShadowStrike\src\Shared_modules\Core\Network\TrafficAnalyzer.hpp(733,17): error C3646: 'type': bilinmeyen ge├ğersiz k─▒lma belirticisi [C:\ShadowStrike\ShadowStrike\ShadowStrike.vcxproj]
  ('/src/Shared_modules/Core/Network/TrafficAnalyzer.cpp' kaynak dosyas─▒ derleniyor)
  
C:\ShadowStrike\ShadowStrike\src\Shared_modules\Core\Network\URLAnalyzer.cpp(1143,38): error C2653: 'StringUtils': bir s─▒n─▒f veya ad alan─▒ ad─▒ de─şil [C:\ShadowStrike\ShadowStrike\ShadowStrike.vcxproj]
  ('/src/Shared_modules/Core/Network/URLAnalyzer.cpp' kaynak dosyas─▒ derleniyor)
  
C:\ShadowStrike\ShadowStrike\src\Shared_modules\Core\Network\TrafficAnalyzer.hpp(733,21): error C2059: s├Âzdizimi hatas─▒: '{' [C:\ShadowStrike\ShadowStrike\ShadowStrike.vcxproj]
  ('/src/Shared_modules/Core/Network/TrafficAnalyzer.cpp' kaynak dosyas─▒ derleniyor)
  
C:\ShadowStrike\ShadowStrike\src\Shared_modules\Core\Network\URLAnalyzer.cpp(1143,51): error C3861: 'ToLower': tan─▒mlay─▒c─▒ bulunamad─▒ [C:\ShadowStrike\ShadowStrike\ShadowStrike.vcxproj]
  ('/src/Shared_modules/Core/Network/URLAnalyzer.cpp' kaynak dosyas─▒ derleniyor)
  
C:\ShadowStrike\ShadowStrike\src\Shared_modules\Core\Network\TrafficAnalyzer.hpp(733,21): error C2334: '{' ├Âncesinde beklenmeyen belirte├ğler; g├Âr├╝nen i┼şlev g├Âvdesi atlan─▒yor [C:\ShadowStrike\ShadowStrike\ShadowStrike.vcxproj]
  ('/src/Shared_modules/Core/Network/TrafficAnalyzer.cpp' kaynak dosyas─▒ derleniyor)
  
C:\ShadowStrike\ShadowStrike\src\Shared_modules\Core\Network\URLAnalyzer.cpp(1146,13): error C2653: 'Logger': bir s─▒n─▒f veya ad alan─▒ ad─▒ de─şil [C:\ShadowStrike\ShadowStrike\ShadowStrike.vcxproj]
  ('/src/Shared_modules/Core/Network/URLAnalyzer.cpp' kaynak dosyas─▒ derleniyor)
  
C:\ShadowStrike\ShadowStrike\src\Shared_modules\Core\Network\TrafficAnalyzer.hpp(765,17): error C3646: 'state': bilinmeyen ge├ğersiz k─▒lma belirticisi [C:\ShadowStrike\ShadowStrike\ShadowStrike.vcxproj]
  ('/src/Shared_modules/Core/Network/TrafficAnalyzer.cpp' kaynak dosyas─▒ derleniyor)
  
C:\ShadowStrike\ShadowStrike\src\Shared_modules\Core\Network\URLAnalyzer.cpp(1146,21): error C3861: 'Critical': tan─▒mlay─▒c─▒ bulunamad─▒ [C:\ShadowStrike\ShadowStrike\ShadowStrike.vcxproj]
  ('/src/Shared_modules/Core/Network/URLAnalyzer.cpp' kaynak dosyas─▒ derleniyor)
  
C:\ShadowStrike\ShadowStrike\src\Shared_modules\Core\Network\TrafficAnalyzer.hpp(765,22): error C2059: s├Âzdizimi hatas─▒: '{' [C:\ShadowStrike\ShadowStrike\ShadowStrike.vcxproj]
  ('/src/Shared_modules/Core/Network/TrafficAnalyzer.cpp' kaynak dosyas─▒ derleniyor)
  
C:\ShadowStrike\ShadowStrike\src\Shared_modules\Core\Network\URLAnalyzer.cpp(1150,13): error C2653: 'Logger': bir s─▒n─▒f veya ad alan─▒ ad─▒ de─şil [C:\ShadowStrike\ShadowStrike\ShadowStrike.vcxproj]
  ('/src/Shared_modules/Core/Network/URLAnalyzer.cpp' kaynak dosyas─▒ derleniyor)
  
C:\ShadowStrike\ShadowStrike\src\Shared_modules\Core\Network\TrafficAnalyzer.hpp(765,22): error C2334: '{' ├Âncesinde beklenmeyen belirte├ğler; g├Âr├╝nen i┼şlev g├Âvdesi atlan─▒yor [C:\ShadowStrike\ShadowStrike\ShadowStrike.vcxproj]
  ('/src/Shared_modules/Core/Network/TrafficAnalyzer.cpp' kaynak dosyas─▒ derleniyor)
  
C:\ShadowStrike\ShadowStrike\src\Shared_modules\Core\Network\URLAnalyzer.cpp(1150,21): error C3861: 'Error': tan─▒mlay─▒c─▒ bulunamad─▒ [C:\ShadowStrike\ShadowStrike\ShadowStrike.vcxproj]
  ('/src/Shared_modules/Core/Network/URLAnalyzer.cpp' kaynak dosyas─▒ derleniyor)
  
C:\ShadowStrike\ShadowStrike\src\Shared_modules\Core\Network\TrafficAnalyzer.hpp(768,14): error C3646: 'identifiedProtocol': bilinmeyen ge├ğersiz k─▒lma belirticisi [C:\ShadowStrike\ShadowStrike\ShadowStrike.vcxproj]
  ('/src/Shared_modules/Core/Network/TrafficAnalyzer.cpp' kaynak dosyas─▒ derleniyor)
  
C:\ShadowStrike\ShadowStrike\src\Shared_modules\Core\Network\TrafficAnalyzer.hpp(768,32): error C2059: s├Âzdizimi hatas─▒: '{' [C:\ShadowStrike\ShadowStrike\ShadowStrike.vcxproj]
  ('/src/Shared_modules/Core/Network/TrafficAnalyzer.cpp' kaynak dosyas─▒ derleniyor)
  
C:\ShadowStrike\ShadowStrike\src\Shared_modules\Core\Network\URLAnalyzer.cpp(1159,38): error C2653: 'StringUtils': bir s─▒n─▒f veya ad alan─▒ ad─▒ de─şil [C:\ShadowStrike\ShadowStrike\ShadowStrike.vcxproj]
  ('/src/Shared_modules/Core/Network/URLAnalyzer.cpp' kaynak dosyas─▒ derleniyor)
  
C:\ShadowStrike\ShadowStrike\src\Shared_modules\Core\Network\TrafficAnalyzer.hpp(768,32): error C2334: '{' ├Âncesinde beklenmeyen belirte├ğler; g├Âr├╝nen i┼şlev g├Âvdesi atlan─▒yor [C:\ShadowStrike\ShadowStrike\ShadowStrike.vcxproj]
  ('/src/Shared_modules/Core/Network/TrafficAnalyzer.cpp' kaynak dosyas─▒ derleniyor)
  
C:\ShadowStrike\ShadowStrike\src\Shared_modules\Core\Network\URLAnalyzer.cpp(1159,51): error C3861: 'ToLower': tan─▒mlay─▒c─▒ bulunamad─▒ [C:\ShadowStrike\ShadowStrike\ShadowStrike.vcxproj]
  ('/src/Shared_modules/Core/Network/URLAnalyzer.cpp' kaynak dosyas─▒ derleniyor)
  
C:\ShadowStrike\ShadowStrike\src\Shared_modules\Core\Network\URLAnalyzer.cpp(1163,17): error C2653: 'Logger': bir s─▒n─▒f veya ad alan─▒ ad─▒ de─şil [C:\ShadowStrike\ShadowStrike\ShadowStrike.vcxproj]
  ('/src/Shared_modules/Core/Network/URLAnalyzer.cpp' kaynak dosyas─▒ derleniyor)
  
C:\ShadowStrike\ShadowStrike\src\Shared_modules\Core\Network\URLAnalyzer.cpp(1163,25): error C3861: 'Info': tan─▒mlay─▒c─▒ bulunamad─▒ [C:\ShadowStrike\ShadowStrike\ShadowStrike.vcxproj]
  ('/src/Shared_modules/Core/Network/URLAnalyzer.cpp' kaynak dosyas─▒ derleniyor)
  
C:\ShadowStrike\ShadowStrike\src\Shared_modules\Core\Network\URLAnalyzer.cpp(1169,13): error C2653: 'Logger': bir s─▒n─▒f veya ad alan─▒ ad─▒ de─şil [C:\ShadowStrike\ShadowStrike\ShadowStrike.vcxproj]
  ('/src/Shared_modules/Core/Network/URLAnalyzer.cpp' kaynak dosyas─▒ derleniyor)
  
C:\ShadowStrike\ShadowStrike\src\Shared_modules\Core\Network\URLAnalyzer.cpp(1169,21): error C3861: 'Error': tan─▒mlay─▒c─▒ bulunamad─▒ [C:\ShadowStrike\ShadowStrike\ShadowStrike.vcxproj]
  ('/src/Shared_modules/Core/Network/URLAnalyzer.cpp' kaynak dosyas─▒ derleniyor)
  
C:\ShadowStrike\ShadowStrike\src\Shared_modules\Core\Network\URLAnalyzer.cpp(1180,34): error C2653: 'StringUtils': bir s─▒n─▒f veya ad alan─▒ ad─▒ de─şil [C:\ShadowStrike\ShadowStrike\ShadowStrike.vcxproj]
  ('/src/Shared_modules/Core/Network/URLAnalyzer.cpp' kaynak dosyas─▒ derleniyor)
  
C:\ShadowStrike\ShadowStrike\src\Shared_modules\Core\Network\URLAnalyzer.cpp(1180,47): error C3861: 'ToLower': tan─▒mlay─▒c─▒ bulunamad─▒ [C:\ShadowStrike\ShadowStrike\ShadowStrike.vcxproj]
  ('/src/Shared_modules/Core/Network/URLAnalyzer.cpp' kaynak dosyas─▒ derleniyor)
  
C:\ShadowStrike\ShadowStrike\src\Shared_modules\Core\Network\URLAnalyzer.cpp(1190,34): error C2653: 'StringUtils': bir s─▒n─▒f veya ad alan─▒ ad─▒ de─şil [C:\ShadowStrike\ShadowStrike\ShadowStrike.vcxproj]
  ('/src/Shared_modules/Core/Network/URLAnalyzer.cpp' kaynak dosyas─▒ derleniyor)
  
C:\ShadowStrike\ShadowStrike\src\Shared_modules\Core\Network\URLAnalyzer.cpp(1190,47): error C3861: 'ToLower': tan─▒mlay─▒c─▒ bulunamad─▒ [C:\ShadowStrike\ShadowStrike\ShadowStrike.vcxproj]
  ('/src/Shared_modules/Core/Network/URLAnalyzer.cpp' kaynak dosyas─▒ derleniyor)
  
C:\ShadowStrike\ShadowStrike\src\Shared_modules\Core\Network\URLAnalyzer.cpp(1235,13): error C2653: 'Logger': bir s─▒n─▒f veya ad alan─▒ ad─▒ de─şil [C:\ShadowStrike\ShadowStrike\ShadowStrike.vcxproj]
  ('/src/Shared_modules/Core/Network/URLAnalyzer.cpp' kaynak dosyas─▒ derleniyor)
  
C:\ShadowStrike\ShadowStrike\src\Shared_modules\Core\Network\URLAnalyzer.cpp(1235,21): error C3861: 'Error': tan─▒mlay─▒c─▒ bulunamad─▒ [C:\ShadowStrike\ShadowStrike\ShadowStrike.vcxproj]
  ('/src/Shared_modules/Core/Network/URLAnalyzer.cpp' kaynak dosyas─▒ derleniyor)
  
C:\ShadowStrike\ShadowStrike\src\Shared_modules\Core\Network\URLAnalyzer.cpp(1264,9): error C2653: 'Logger': bir s─▒n─▒f veya ad alan─▒ ad─▒ de─şil [C:\ShadowStrike\ShadowStrike\ShadowStrike.vcxproj]
  ('/src/Shared_modules/Core/Network/URLAnalyzer.cpp' kaynak dosyas─▒ derleniyor)
  
C:\ShadowStrike\ShadowStrike\src\Shared_modules\Core\Network\URLAnalyzer.cpp(1264,17): error C3861: 'Info': tan─▒mlay─▒c─▒ bulunamad─▒ [C:\ShadowStrike\ShadowStrike\ShadowStrike.vcxproj]
  ('/src/Shared_modules/Core/Network/URLAnalyzer.cpp' kaynak dosyas─▒ derleniyor)
  
C:\ShadowStrike\ShadowStrike\src\Shared_modules\Core\Network\TrafficAnalyzer.hpp(794,17): error C2065: 'AnomalyType': bildirimi yap─▒lmam─▒┼ş tan─▒mlay─▒c─▒ [C:\ShadowStrike\ShadowStrike\ShadowStrike.vcxproj]
  ('/src/Shared_modules/Core/Network/TrafficAnalyzer.cpp' kaynak dosyas─▒ derleniyor)
  
C:\ShadowStrike\ShadowStrike\src\Shared_modules\Core\Network\TrafficAnalyzer.hpp(794,10): error C2923: 'std::vector': 'AnomalyType' ge├ğerli bir ┼şablon t├╝r ba─ş─▒ms─▒z de─şi┼şkeni de─şil ('_Ty' parametresi i├ğin) [C:\ShadowStrike\ShadowStrike\ShadowStrike.vcxproj]
  ('/src/Shared_modules/Core/Network/TrafficAnalyzer.cpp' kaynak dosyas─▒ derleniyor)
      C:\ShadowStrike\ShadowStrike\src\Shared_modules\Core\Network\TrafficAnalyzer.hpp(794,17):
      'AnomalyType' bildirimine bak─▒n
  
C:\ShadowStrike\ShadowStrike\src\Shared_modules\Core\Network\TrafficAnalyzer.hpp(794,10): error C2976: 'std::vector': ├ğok az say─▒da ┼şablon ba─ş─▒ms─▒z de─şi┼şkeni var [C:\ShadowStrike\ShadowStrike\ShadowStrike.vcxproj]
  ('/src/Shared_modules/Core/Network/TrafficAnalyzer.cpp' kaynak dosyas─▒ derleniyor)
      C:\Program Files\Microsoft Visual Studio\2022\Community\VC\Tools\MSVC\14.44.35207\include\vector(442,7):
      'std::vector' bildirimine bak─▒n
  
C:\ShadowStrike\ShadowStrike\src\Shared_modules\Core\Network\TrafficAnalyzer.hpp(794,30): error C2955: 'std::vector' : s─▒n─▒f ┼şablon kullan─▒m─▒ i├ğin ┼şablon ba─ş─▒ms─▒z de─şi┼şken listesi gerekir [C:\ShadowStrike\ShadowStrike\ShadowStrike.vcxproj]
  ('/src/Shared_modules/Core/Network/TrafficAnalyzer.cpp' kaynak dosyas─▒ derleniyor)
      C:\Program Files\Microsoft Visual Studio\2022\Community\VC\Tools\MSVC\14.44.35207\include\vector(442,7):
      'std::vector' bildirimine bak─▒n
  
C:\ShadowStrike\ShadowStrike\src\Shared_modules\Core\Network\TrafficAnalyzer.hpp(795,17): error C2065: 'ThreatIndicator': bildirimi yap─▒lmam─▒┼ş tan─▒mlay─▒c─▒ [C:\ShadowStrike\ShadowStrike\ShadowStrike.vcxproj]
  ('/src/Shared_modules/Core/Network/TrafficAnalyzer.cpp' kaynak dosyas─▒ derleniyor)
  
C:\ShadowStrike\ShadowStrike\src\Shared_modules\Core\Network\TrafficAnalyzer.hpp(795,10): error C2923: 'std::vector': 'ThreatIndicator' ge├ğerli bir ┼şablon t├╝r ba─ş─▒ms─▒z de─şi┼şkeni de─şil ('_Ty' parametresi i├ğin) [C:\ShadowStrike\ShadowStrike\ShadowStrike.vcxproj]
  ('/src/Shared_modules/Core/Network/TrafficAnalyzer.cpp' kaynak dosyas─▒ derleniyor)
      C:\ShadowStrike\ShadowStrike\src\Shared_modules\Core\Network\TrafficAnalyzer.hpp(795,17):
      'ThreatIndicator' bildirimine bak─▒n
  
C:\ShadowStrike\ShadowStrike\src\Shared_modules\Core\Network\TrafficAnalyzer.hpp(795,10): error C2976: 'std::vector': ├ğok az say─▒da ┼şablon ba─ş─▒ms─▒z de─şi┼şkeni var [C:\ShadowStrike\ShadowStrike\ShadowStrike.vcxproj]
  ('/src/Shared_modules/Core/Network/TrafficAnalyzer.cpp' kaynak dosyas─▒ derleniyor)
      C:\Program Files\Microsoft Visual Studio\2022\Community\VC\Tools\MSVC\14.44.35207\include\vector(442,7):
      'std::vector' bildirimine bak─▒n
  
C:\ShadowStrike\ShadowStrike\src\Shared_modules\Core\Network\TrafficAnalyzer.hpp(795,34): error C2955: 'std::vector' : s─▒n─▒f ┼şablon kullan─▒m─▒ i├ğin ┼şablon ba─ş─▒ms─▒z de─şi┼şken listesi gerekir [C:\ShadowStrike\ShadowStrike\ShadowStrike.vcxproj]
  ('/src/Shared_modules/Core/Network/TrafficAnalyzer.cpp' kaynak dosyas─▒ derleniyor)
      C:\Program Files\Microsoft Visual Studio\2022\Community\VC\Tools\MSVC\14.44.35207\include\vector(442,7):
      'std::vector' bildirimine bak─▒n
  
C:\ShadowStrike\ShadowStrike\src\Shared_modules\Core\Network\TrafficAnalyzer.hpp(812,14): error C3646: 'protocol': bilinmeyen ge├ğersiz k─▒lma belirticisi [C:\ShadowStrike\ShadowStrike\ShadowStrike.vcxproj]
  ('/src/Shared_modules/Core/Network/TrafficAnalyzer.cpp' kaynak dosyas─▒ derleniyor)
  
C:\ShadowStrike\ShadowStrike\src\Shared_modules\Core\Network\TrafficAnalyzer.hpp(812,22): error C2059: s├Âzdizimi hatas─▒: '{' [C:\ShadowStrike\ShadowStrike\ShadowStrike.vcxproj]
  ('/src/Shared_modules/Core/Network/TrafficAnalyzer.cpp' kaynak dosyas─▒ derleniyor)
  
C:\ShadowStrike\ShadowStrike\src\Shared_modules\Core\Network\TrafficAnalyzer.hpp(812,22): error C2334: '{' ├Âncesinde beklenmeyen belirte├ğler; g├Âr├╝nen i┼şlev g├Âvdesi atlan─▒yor [C:\ShadowStrike\ShadowStrike\ShadowStrike.vcxproj]
  ('/src/Shared_modules/Core/Network/TrafficAnalyzer.cpp' kaynak dosyas─▒ derleniyor)
  
C:\ShadowStrike\ShadowStrike\src\Shared_modules\Core\Network\TrafficAnalyzer.hpp(816,17): error C2065: 'ThreatIndicator': bildirimi yap─▒lmam─▒┼ş tan─▒mlay─▒c─▒ [C:\ShadowStrike\ShadowStrike\ShadowStrike.vcxproj]
  ('/src/Shared_modules/Core/Network/TrafficAnalyzer.cpp' kaynak dosyas─▒ derleniyor)
  
C:\ShadowStrike\ShadowStrike\src\Shared_modules\Core\Network\TrafficAnalyzer.hpp(816,10): error C2923: 'std::vector': 'ThreatIndicator' ge├ğerli bir ┼şablon t├╝r ba─ş─▒ms─▒z de─şi┼şkeni de─şil ('_Ty' parametresi i├ğin) [C:\ShadowStrike\ShadowStrike\ShadowStrike.vcxproj]
  ('/src/Shared_modules/Core/Network/TrafficAnalyzer.cpp' kaynak dosyas─▒ derleniyor)
      C:\ShadowStrike\ShadowStrike\src\Shared_modules\Core\Network\TrafficAnalyzer.hpp(816,17):
      'ThreatIndicator' bildirimine bak─▒n
  
C:\ShadowStrike\ShadowStrike\src\Shared_modules\Core\Network\TrafficAnalyzer.hpp(816,10): error C2976: 'std::vector': ├ğok az say─▒da ┼şablon ba─ş─▒ms─▒z de─şi┼şkeni var [C:\ShadowStrike\ShadowStrike\ShadowStrike.vcxproj]
  ('/src/Shared_modules/Core/Network/TrafficAnalyzer.cpp' kaynak dosyas─▒ derleniyor)
      C:\Program Files\Microsoft Visual Studio\2022\Community\VC\Tools\MSVC\14.44.35207\include\vector(442,7):
      'std::vector' bildirimine bak─▒n
  
C:\ShadowStrike\ShadowStrike\src\Shared_modules\Core\Network\TrafficAnalyzer.hpp(816,34): error C2955: 'std::vector' : s─▒n─▒f ┼şablon kullan─▒m─▒ i├ğin ┼şablon ba─ş─▒ms─▒z de─şi┼şken listesi gerekir [C:\ShadowStrike\ShadowStrike\ShadowStrike.vcxproj]
  ('/src/Shared_modules/Core/Network/TrafficAnalyzer.cpp' kaynak dosyas─▒ derleniyor)
      C:\Program Files\Microsoft Visual Studio\2022\Community\VC\Tools\MSVC\14.44.35207\include\vector(442,7):
      'std::vector' bildirimine bak─▒n
  
C:\ShadowStrike\ShadowStrike\src\Shared_modules\Core\Network\TrafficAnalyzer.hpp(821,17): error C2065: 'AnomalyType': bildirimi yap─▒lmam─▒┼ş tan─▒mlay─▒c─▒ [C:\ShadowStrike\ShadowStrike\ShadowStrike.vcxproj]
  ('/src/Shared_modules/Core/Network/TrafficAnalyzer.cpp' kaynak dosyas─▒ derleniyor)
  
C:\ShadowStrike\ShadowStrike\src\Shared_modules\Core\Network\TrafficAnalyzer.hpp(821,10): error C2923: 'std::vector': 'AnomalyType' ge├ğerli bir ┼şablon t├╝r ba─ş─▒ms─▒z de─şi┼şkeni de─şil ('_Ty' parametresi i├ğin) [C:\ShadowStrike\ShadowStrike\ShadowStrike.vcxproj]
  ('/src/Shared_modules/Core/Network/TrafficAnalyzer.cpp' kaynak dosyas─▒ derleniyor)
      C:\ShadowStrike\ShadowStrike\src\Shared_modules\Core\Network\TrafficAnalyzer.hpp(821,17):
      'AnomalyType' bildirimine bak─▒n
  
C:\ShadowStrike\ShadowStrike\src\Shared_modules\Core\Network\TrafficAnalyzer.hpp(821,10): error C2976: 'std::vector': ├ğok az say─▒da ┼şablon ba─ş─▒ms─▒z de─şi┼şkeni var [C:\ShadowStrike\ShadowStrike\ShadowStrike.vcxproj]
  ('/src/Shared_modules/Core/Network/TrafficAnalyzer.cpp' kaynak dosyas─▒ derleniyor)
      C:\Program Files\Microsoft Visual Studio\2022\Community\VC\Tools\MSVC\14.44.35207\include\vector(442,7):
      'std::vector' bildirimine bak─▒n
  
C:\ShadowStrike\ShadowStrike\src\Shared_modules\Core\Network\TrafficAnalyzer.hpp(821,30): error C2955: 'std::vector' : s─▒n─▒f ┼şablon kullan─▒m─▒ i├ğin ┼şablon ba─ş─▒ms─▒z de─şi┼şken listesi gerekir [C:\ShadowStrike\ShadowStrike\ShadowStrike.vcxproj]
  ('/src/Shared_modules/Core/Network/TrafficAnalyzer.cpp' kaynak dosyas─▒ derleniyor)
      C:\Program Files\Microsoft Visual Studio\2022\Community\VC\Tools\MSVC\14.44.35207\include\vector(442,7):
      'std::vector' bildirimine bak─▒n
  
C:\ShadowStrike\ShadowStrike\src\Shared_modules\Core\Network\TrafficAnalyzer.hpp(806,21): warning C4359: 'ShadowStrike::AnalysisResult': Hizalama belirleyici as─▒l hizalamadan (256) daha az oldu─şundan g├Âz ard─▒ edilecek. [C:\ShadowStrike\ShadowStrike\ShadowStrike.vcxproj]
  ('/src/Shared_modules/Core/Network/TrafficAnalyzer.cpp' kaynak dosyas─▒ derleniyor)
  
C:\ShadowStrike\ShadowStrike\src\Shared_modules\Core\Network\TrafficAnalyzer.hpp(850,27): error C3861: 'TrafficAnalyzerConstants': tan─▒mlay─▒c─▒ bulunamad─▒ [C:\ShadowStrike\ShadowStrike\ShadowStrike.vcxproj]
  ('/src/Shared_modules/Core/Network/TrafficAnalyzer.cpp' kaynak dosyas─▒ derleniyor)
  
C:\ShadowStrike\ShadowStrike\src\Shared_modules\Core\Network\TrafficAnalyzer.hpp(850,27): error C2653: 'TrafficAnalyzerConstants': bir s─▒n─▒f veya ad alan─▒ ad─▒ de─şil [C:\ShadowStrike\ShadowStrike\ShadowStrike.vcxproj]
  ('/src/Shared_modules/Core/Network/TrafficAnalyzer.cpp' kaynak dosyas─▒ derleniyor)
  
C:\ShadowStrike\ShadowStrike\src\Shared_modules\Core\Network\TrafficAnalyzer.hpp(850,53): error C2065: 'MAX_STREAM_SIZE': bildirimi yap─▒lmam─▒┼ş tan─▒mlay─▒c─▒ [C:\ShadowStrike\ShadowStrike\ShadowStrike.vcxproj]
  ('/src/Shared_modules/Core/Network/TrafficAnalyzer.cpp' kaynak dosyas─▒ derleniyor)
  
C:\ShadowStrike\ShadowStrike\src\Shared_modules\Core\Network\TrafficAnalyzer.hpp(851,28): error C3861: 'TrafficAnalyzerConstants': tan─▒mlay─▒c─▒ bulunamad─▒ [C:\ShadowStrike\ShadowStrike\ShadowStrike.vcxproj]
  ('/src/Shared_modules/Core/Network/TrafficAnalyzer.cpp' kaynak dosyas─▒ derleniyor)
  
C:\ShadowStrike\ShadowStrike\src\Shared_modules\Core\Network\TrafficAnalyzer.hpp(851,28): error C2653: 'TrafficAnalyzerConstants': bir s─▒n─▒f veya ad alan─▒ ad─▒ de─şil [C:\ShadowStrike\ShadowStrike\ShadowStrike.vcxproj]
  ('/src/Shared_modules/Core/Network/TrafficAnalyzer.cpp' kaynak dosyas─▒ derleniyor)
  
C:\ShadowStrike\ShadowStrike\src\Shared_modules\Core\Network\TrafficAnalyzer.hpp(851,54): error C2065: 'MAX_PAYLOAD_SCAN': bildirimi yap─▒lmam─▒┼ş tan─▒mlay─▒c─▒ [C:\ShadowStrike\ShadowStrike\ShadowStrike.vcxproj]
  ('/src/Shared_modules/Core/Network/TrafficAnalyzer.cpp' kaynak dosyas─▒ derleniyor)
  
C:\ShadowStrike\ShadowStrike\src\Shared_modules\Core\Network\TrafficAnalyzer.hpp(852,31): error C3861: 'TrafficAnalyzerConstants': tan─▒mlay─▒c─▒ bulunamad─▒ [C:\ShadowStrike\ShadowStrike\ShadowStrike.vcxproj]
  ('/src/Shared_modules/Core/Network/TrafficAnalyzer.cpp' kaynak dosyas─▒ derleniyor)
  
C:\ShadowStrike\ShadowStrike\src\Shared_modules\Core\Network\TrafficAnalyzer.hpp(852,31): error C2653: 'TrafficAnalyzerConstants': bir s─▒n─▒f veya ad alan─▒ ad─▒ de─şil [C:\ShadowStrike\ShadowStrike\ShadowStrike.vcxproj]
  ('/src/Shared_modules/Core/Network/TrafficAnalyzer.cpp' kaynak dosyas─▒ derleniyor)
  
C:\ShadowStrike\ShadowStrike\src\Shared_modules\Core\Network\TrafficAnalyzer.hpp(852,57): error C2065: 'STREAM_TIMEOUT_MS': bildirimi yap─▒lmam─▒┼ş tan─▒mlay─▒c─▒ [C:\ShadowStrike\ShadowStrike\ShadowStrike.vcxproj]
  ('/src/Shared_modules/Core/Network/TrafficAnalyzer.cpp' kaynak dosyas─▒ derleniyor)
  
C:\ShadowStrike\ShadowStrike\src\Shared_modules\Core\Network\TrafficAnalyzer.hpp(853,30): error C3861: 'TrafficAnalyzerConstants': tan─▒mlay─▒c─▒ bulunamad─▒ [C:\ShadowStrike\ShadowStrike\ShadowStrike.vcxproj]
  ('/src/Shared_modules/Core/Network/TrafficAnalyzer.cpp' kaynak dosyas─▒ derleniyor)
  
C:\ShadowStrike\ShadowStrike\src\Shared_modules\Core\Network\TrafficAnalyzer.hpp(853,30): error C2653: 'TrafficAnalyzerConstants': bir s─▒n─▒f veya ad alan─▒ ad─▒ de─şil [C:\ShadowStrike\ShadowStrike\ShadowStrike.vcxproj]
  ('/src/Shared_modules/Core/Network/TrafficAnalyzer.cpp' kaynak dosyas─▒ derleniyor)
  
C:\ShadowStrike\ShadowStrike\src\Shared_modules\Core\Network\TrafficAnalyzer.hpp(853,56): error C2065: 'MAX_ACTIVE_STREAMS': bildirimi yap─▒lmam─▒┼ş tan─▒mlay─▒c─▒ [C:\ShadowStrike\ShadowStrike\ShadowStrike.vcxproj]
  ('/src/Shared_modules/Core/Network/TrafficAnalyzer.cpp' kaynak dosyas─▒ derleniyor)
  
C:\ShadowStrike\ShadowStrike\src\Shared_modules\Core\Network\URLAnalyzer.cpp(1336,13): error C2653: 'Logger': bir s─▒n─▒f veya ad alan─▒ ad─▒ de─şil [C:\ShadowStrike\ShadowStrike\ShadowStrike.vcxproj]
  ('/src/Shared_modules/Core/Network/URLAnalyzer.cpp' kaynak dosyas─▒ derleniyor)
  
C:\ShadowStrike\ShadowStrike\src\Shared_modules\Core\Network\URLAnalyzer.cpp(1336,21): error C3861: 'Info': tan─▒mlay─▒c─▒ bulunamad─▒ [C:\ShadowStrike\ShadowStrike\ShadowStrike.vcxproj]
  ('/src/Shared_modules/Core/Network/URLAnalyzer.cpp' kaynak dosyas─▒ derleniyor)
  
C:\ShadowStrike\ShadowStrike\src\Shared_modules\Core\Network\TrafficAnalyzer.hpp(937,5): error C2275: 'uint64_t': t├╝r yerine bir ifade bekleniyordu [C:\ShadowStrike\ShadowStrike\ShadowStrike.vcxproj]
  ('/src/Shared_modules/Core/Network/TrafficAnalyzer.cpp' kaynak dosyas─▒ derleniyor)
  
C:\ShadowStrike\ShadowStrike\src\Shared_modules\Core\Network\TrafficAnalyzer.hpp(937,14): error C2146: s├Âzdizimi hatas─▒: ')' eksik ('streamId' tan─▒mlay─▒c─▒s─▒ndan ├Ânce) [C:\ShadowStrike\ShadowStrike\ShadowStrike.vcxproj]
  ('/src/Shared_modules/Core/Network/TrafficAnalyzer.cpp' kaynak dosyas─▒ derleniyor)
  
C:\ShadowStrike\ShadowStrike\src\Shared_modules\Core\Network\URLAnalyzer.cpp(1337,13): error C2653: 'Logger': bir s─▒n─▒f veya ad alan─▒ ad─▒ de─şil [C:\ShadowStrike\ShadowStrike\ShadowStrike.vcxproj]
  ('/src/Shared_modules/Core/Network/URLAnalyzer.cpp' kaynak dosyas─▒ derleniyor)
  
C:\ShadowStrike\ShadowStrike\src\Shared_modules\Core\Network\TrafficAnalyzer.hpp(937,14): error C2146: s├Âzdizimi hatas─▒: '>' eksik ('streamId' tan─▒mlay─▒c─▒s─▒ndan ├Ânce) [C:\ShadowStrike\ShadowStrike\ShadowStrike.vcxproj]
  ('/src/Shared_modules/Core/Network/TrafficAnalyzer.cpp' kaynak dosyas─▒ derleniyor)
  
C:\ShadowStrike\ShadowStrike\src\Shared_modules\Core\Network\URLAnalyzer.cpp(1337,21): error C3861: 'Info': tan─▒mlay─▒c─▒ bulunamad─▒ [C:\ShadowStrike\ShadowStrike\ShadowStrike.vcxproj]
  ('/src/Shared_modules/Core/Network/URLAnalyzer.cpp' kaynak dosyas─▒ derleniyor)
  
C:\ShadowStrike\ShadowStrike\src\Shared_modules\Core\Network\TrafficAnalyzer.hpp(938,5): error C2065: 'Protocol': bildirimi yap─▒lmam─▒┼ş tan─▒mlay─▒c─▒ [C:\ShadowStrike\ShadowStrike\ShadowStrike.vcxproj]
  ('/src/Shared_modules/Core/Network/TrafficAnalyzer.cpp' kaynak dosyas─▒ derleniyor)
  
C:\ShadowStrike\ShadowStrike\src\Shared_modules\Core\Network\URLAnalyzer.cpp(1338,13): error C2653: 'Logger': bir s─▒n─▒f veya ad alan─▒ ad─▒ de─şil [C:\ShadowStrike\ShadowStrike\ShadowStrike.vcxproj]
  ('/src/Shared_modules/Core/Network/URLAnalyzer.cpp' kaynak dosyas─▒ derleniyor)
  
C:\ShadowStrike\ShadowStrike\src\Shared_modules\Core\Network\TrafficAnalyzer.hpp(939,23): error C2146: s├Âzdizimi hatas─▒: '>' eksik ('stream' tan─▒mlay─▒c─▒s─▒ndan ├Ânce) [C:\ShadowStrike\ShadowStrike\ShadowStrike.vcxproj]
  ('/src/Shared_modules/Core/Network/TrafficAnalyzer.cpp' kaynak dosyas─▒ derleniyor)
  
C:\ShadowStrike\ShadowStrike\src\Shared_modules\Core\Network\URLAnalyzer.cpp(1338,21): error C3861: 'Info': tan─▒mlay─▒c─▒ bulunamad─▒ [C:\ShadowStrike\ShadowStrike\ShadowStrike.vcxproj]
  ('/src/Shared_modules/Core/Network/URLAnalyzer.cpp' kaynak dosyas─▒ derleniyor)
  
C:\ShadowStrike\ShadowStrike\src\Shared_modules\Core\Network\URLAnalyzer.cpp(1339,13): error C2653: 'Logger': bir s─▒n─▒f veya ad alan─▒ ad─▒ de─şil [C:\ShadowStrike\ShadowStrike\ShadowStrike.vcxproj]
  ('/src/Shared_modules/Core/Network/URLAnalyzer.cpp' kaynak dosyas─▒ derleniyor)
  
C:\ShadowStrike\ShadowStrike\src\Shared_modules\Core\Network\TrafficAnalyzer.hpp(940,2): error C2947: ┼şablon ba─ş─▒ms─▒z de─şi┼şken listesi ├Â─şesinin sonunda '>' olmas─▒ bekleniyor, '>' bulundu [C:\ShadowStrike\ShadowStrike\ShadowStrike.vcxproj]
  ('/src/Shared_modules/Core/Network/TrafficAnalyzer.cpp' kaynak dosyas─▒ derleniyor)
  
C:\ShadowStrike\ShadowStrike\src\Shared_modules\Core\Network\URLAnalyzer.cpp(1339,21): error C3861: 'Info': tan─▒mlay─▒c─▒ bulunamad─▒ [C:\ShadowStrike\ShadowStrike\ShadowStrike.vcxproj]
  ('/src/Shared_modules/Core/Network/URLAnalyzer.cpp' kaynak dosyas─▒ derleniyor)
  
C:\ShadowStrike\ShadowStrike\src\Shared_modules\Core\Network\TrafficAnalyzer.hpp(946,5): error C2275: 'uint64_t': t├╝r yerine bir ifade bekleniyordu [C:\ShadowStrike\ShadowStrike\ShadowStrike.vcxproj]
  ('/src/Shared_modules/Core/Network/TrafficAnalyzer.cpp' kaynak dosyas─▒ derleniyor)
  
C:\ShadowStrike\ShadowStrike\src\Shared_modules\Core\Network\URLAnalyzer.cpp(1340,13): error C2653: 'Logger': bir s─▒n─▒f veya ad alan─▒ ad─▒ de─şil [C:\ShadowStrike\ShadowStrike\ShadowStrike.vcxproj]
  ('/src/Shared_modules/Core/Network/URLAnalyzer.cpp' kaynak dosyas─▒ derleniyor)
  
C:\ShadowStrike\ShadowStrike\src\Shared_modules\Core\Network\TrafficAnalyzer.hpp(946,14): error C2146: s├Âzdizimi hatas─▒: ')' eksik ('streamId' tan─▒mlay─▒c─▒s─▒ndan ├Ânce) [C:\ShadowStrike\ShadowStrike\ShadowStrike.vcxproj]
  ('/src/Shared_modules/Core/Network/TrafficAnalyzer.cpp' kaynak dosyas─▒ derleniyor)
  
C:\ShadowStrike\ShadowStrike\src\Shared_modules\Core\Network\TrafficAnalyzer.hpp(946,14): error C2146: s├Âzdizimi hatas─▒: '>' eksik ('streamId' tan─▒mlay─▒c─▒s─▒ndan ├Ânce) [C:\ShadowStrike\ShadowStrike\ShadowStrike.vcxproj]
  ('/src/Shared_modules/Core/Network/TrafficAnalyzer.cpp' kaynak dosyas─▒ derleniyor)
  
C:\ShadowStrike\ShadowStrike\src\Shared_modules\Core\Network\URLAnalyzer.cpp(1340,21): error C3861: 'Info': tan─▒mlay─▒c─▒ bulunamad─▒ [C:\ShadowStrike\ShadowStrike\ShadowStrike.vcxproj]
  ('/src/Shared_modules/Core/Network/URLAnalyzer.cpp' kaynak dosyas─▒ derleniyor)
  
C:\ShadowStrike\ShadowStrike\src\Shared_modules\Core\Network\TrafficAnalyzer.hpp(947,5): error C2065: 'ThreatIndicator': bildirimi yap─▒lmam─▒┼ş tan─▒mlay─▒c─▒ [C:\ShadowStrike\ShadowStrike\ShadowStrike.vcxproj]
  ('/src/Shared_modules/Core/Network/TrafficAnalyzer.cpp' kaynak dosyas─▒ derleniyor)
  
C:\ShadowStrike\ShadowStrike\src\Shared_modules\Core\Network\URLAnalyzer.cpp(1341,13): error C2653: 'Logger': bir s─▒n─▒f veya ad alan─▒ ad─▒ de─şil [C:\ShadowStrike\ShadowStrike\ShadowStrike.vcxproj]
  ('/src/Shared_modules/Core/Network/URLAnalyzer.cpp' kaynak dosyas─▒ derleniyor)
  
C:\ShadowStrike\ShadowStrike\src\Shared_modules\Core\Network\TrafficAnalyzer.hpp(948,27): error C2146: s├Âzdizimi hatas─▒: '>' eksik ('result' tan─▒mlay─▒c─▒s─▒ndan ├Ânce) [C:\ShadowStrike\ShadowStrike\ShadowStrike.vcxproj]
  ('/src/Shared_modules/Core/Network/TrafficAnalyzer.cpp' kaynak dosyas─▒ derleniyor)
  
C:\ShadowStrike\ShadowStrike\src\Shared_modules\Core\Network\URLAnalyzer.cpp(1341,21): error C3861: 'Info': tan─▒mlay─▒c─▒ bulunamad─▒ [C:\ShadowStrike\ShadowStrike\ShadowStrike.vcxproj]
  ('/src/Shared_modules/Core/Network/URLAnalyzer.cpp' kaynak dosyas─▒ derleniyor)
  
C:\ShadowStrike\ShadowStrike\src\Shared_modules\Core\Network\TrafficAnalyzer.hpp(949,2): error C2947: ┼şablon ba─ş─▒ms─▒z de─şi┼şken listesi ├Â─şesinin sonunda '>' olmas─▒ bekleniyor, '>' bulundu [C:\ShadowStrike\ShadowStrike\ShadowStrike.vcxproj]
  ('/src/Shared_modules/Core/Network/TrafficAnalyzer.cpp' kaynak dosyas─▒ derleniyor)
  
C:\ShadowStrike\ShadowStrike\src\Shared_modules\Core\Network\URLAnalyzer.cpp(1342,13): error C2653: 'Logger': bir s─▒n─▒f veya ad alan─▒ ad─▒ de─şil [C:\ShadowStrike\ShadowStrike\ShadowStrike.vcxproj]
  ('/src/Shared_modules/Core/Network/URLAnalyzer.cpp' kaynak dosyas─▒ derleniyor)
  
C:\ShadowStrike\ShadowStrike\src\Shared_modules\Core\Network\URLAnalyzer.cpp(1342,21): error C3861: 'Info': tan─▒mlay─▒c─▒ bulunamad─▒ [C:\ShadowStrike\ShadowStrike\ShadowStrike.vcxproj]
  ('/src/Shared_modules/Core/Network/URLAnalyzer.cpp' kaynak dosyas─▒ derleniyor)
  
C:\ShadowStrike\ShadowStrike\src\Shared_modules\Core\Network\URLAnalyzer.cpp(1343,13): error C2653: 'Logger': bir s─▒n─▒f veya ad alan─▒ ad─▒ de─şil [C:\ShadowStrike\ShadowStrike\ShadowStrike.vcxproj]
  ('/src/Shared_modules/Core/Network/URLAnalyzer.cpp' kaynak dosyas─▒ derleniyor)
  
C:\ShadowStrike\ShadowStrike\src\Shared_modules\Core\Network\TrafficAnalyzer.hpp(1082,64): error C2061: s├Âzdizimi hatas─▒: tan─▒mlay─▒c─▒ 'Protocol' [C:\ShadowStrike\ShadowStrike\ShadowStrike.vcxproj]
  ('/src/Shared_modules/Core/Network/TrafficAnalyzer.cpp' kaynak dosyas─▒ derleniyor)
  
C:\ShadowStrike\ShadowStrike\src\Shared_modules\Core\Network\URLAnalyzer.cpp(1343,21): error C3861: 'Info': tan─▒mlay─▒c─▒ bulunamad─▒ [C:\ShadowStrike\ShadowStrike\ShadowStrike.vcxproj]
  ('/src/Shared_modules/Core/Network/URLAnalyzer.cpp' kaynak dosyas─▒ derleniyor)
  
C:\ShadowStrike\ShadowStrike\src\Shared_modules\Core\Network\URLAnalyzer.cpp(1344,13): error C2653: 'Logger': bir s─▒n─▒f veya ad alan─▒ ad─▒ de─şil [C:\ShadowStrike\ShadowStrike\ShadowStrike.vcxproj]
  ('/src/Shared_modules/Core/Network/URLAnalyzer.cpp' kaynak dosyas─▒ derleniyor)
  
C:\ShadowStrike\ShadowStrike\src\Shared_modules\Core\Network\TrafficAnalyzer.hpp(1106,28): error C3646: 'IdentifyProtocol': bilinmeyen ge├ğersiz k─▒lma belirticisi [C:\ShadowStrike\ShadowStrike\ShadowStrike.vcxproj]
  ('/src/Shared_modules/Core/Network/TrafficAnalyzer.cpp' kaynak dosyas─▒ derleniyor)
  
C:\ShadowStrike\ShadowStrike\src\Shared_modules\Core\Network\URLAnalyzer.cpp(1344,21): error C3861: 'Info': tan─▒mlay─▒c─▒ bulunamad─▒ [C:\ShadowStrike\ShadowStrike\ShadowStrike.vcxproj]
  ('/src/Shared_modules/Core/Network/URLAnalyzer.cpp' kaynak dosyas─▒ derleniyor)
  
C:\ShadowStrike\ShadowStrike\src\Shared_modules\Core\Network\TrafficAnalyzer.hpp(1106,44): error C2059: s├Âzdizimi hatas─▒: '(' [C:\ShadowStrike\ShadowStrike\ShadowStrike.vcxproj]
  ('/src/Shared_modules/Core/Network/TrafficAnalyzer.cpp' kaynak dosyas─▒ derleniyor)
  
C:\ShadowStrike\ShadowStrike\src\Shared_modules\Core\Network\URLAnalyzer.cpp(1345,13): error C2653: 'Logger': bir s─▒n─▒f veya ad alan─▒ ad─▒ de─şil [C:\ShadowStrike\ShadowStrike\ShadowStrike.vcxproj]
  ('/src/Shared_modules/Core/Network/URLAnalyzer.cpp' kaynak dosyas─▒ derleniyor)
  
C:\ShadowStrike\ShadowStrike\src\Shared_modules\Core\Network\TrafficAnalyzer.hpp(1110,12): error C2238: ';' ├Âncesinde beklenmeyen belirte├ğler [C:\ShadowStrike\ShadowStrike\ShadowStrike.vcxproj]
  ('/src/Shared_modules/Core/Network/TrafficAnalyzer.cpp' kaynak dosyas─▒ derleniyor)
  
C:\ShadowStrike\ShadowStrike\src\Shared_modules\Core\Network\URLAnalyzer.cpp(1345,21): error C3861: 'Info': tan─▒mlay─▒c─▒ bulunamad─▒ [C:\ShadowStrike\ShadowStrike\ShadowStrike.vcxproj]
  ('/src/Shared_modules/Core/Network/URLAnalyzer.cpp' kaynak dosyas─▒ derleniyor)
  
C:\ShadowStrike\ShadowStrike\src\Shared_modules\Core\Network\TrafficAnalyzer.hpp(1117,59): error C2061: s├Âzdizimi hatas─▒: tan─▒mlay─▒c─▒ 'Protocol' [C:\ShadowStrike\ShadowStrike\ShadowStrike.vcxproj]
  ('/src/Shared_modules/Core/Network/TrafficAnalyzer.cpp' kaynak dosyas─▒ derleniyor)
  
C:\ShadowStrike\ShadowStrike\src\Shared_modules\Core\Network\URLAnalyzer.cpp(1351,13): error C2653: 'Logger': bir s─▒n─▒f veya ad alan─▒ ad─▒ de─şil [C:\ShadowStrike\ShadowStrike\ShadowStrike.vcxproj]
  ('/src/Shared_modules/Core/Network/URLAnalyzer.cpp' kaynak dosyas─▒ derleniyor)
  
C:\ShadowStrike\ShadowStrike\src\Shared_modules\Core\Network\URLAnalyzer.cpp(1351,21): error C3861: 'Error': tan─▒mlay─▒c─▒ bulunamad─▒ [C:\ShadowStrike\ShadowStrike\ShadowStrike.vcxproj]
  ('/src/Shared_modules/Core/Network/URLAnalyzer.cpp' kaynak dosyas─▒ derleniyor)
  
C:\ShadowStrike\ShadowStrike\src\Shared_modules\Core\Network\TrafficAnalyzer.hpp(1203,21): error C2065: 'TrafficAnalyzerImpl': bildirimi yap─▒lmam─▒┼ş tan─▒mlay─▒c─▒ [C:\ShadowStrike\ShadowStrike\ShadowStrike.vcxproj]
  ('/src/Shared_modules/Core/Network/TrafficAnalyzer.cpp' kaynak dosyas─▒ derleniyor)
  
C:\ShadowStrike\ShadowStrike\src\Shared_modules\Core\Network\URLAnalyzer.cpp(1360,13): error C2653: 'Logger': bir s─▒n─▒f veya ad alan─▒ ad─▒ de─şil [C:\ShadowStrike\ShadowStrike\ShadowStrike.vcxproj]
  ('/src/Shared_modules/Core/Network/URLAnalyzer.cpp' kaynak dosyas─▒ derleniyor)
  
C:\ShadowStrike\ShadowStrike\src\Shared_modules\Core\Network\URLAnalyzer.cpp(1361,17): error C2653: 'StringUtils': bir s─▒n─▒f veya ad alan─▒ ad─▒ de─şil [C:\ShadowStrike\ShadowStrike\ShadowStrike.vcxproj]
  ('/src/Shared_modules/Core/Network/URLAnalyzer.cpp' kaynak dosyas─▒ derleniyor)
  
C:\ShadowStrike\ShadowStrike\src\Shared_modules\Core\Network\URLAnalyzer.cpp(1361,17): error C1003: hata say─▒s─▒ 100 taneyi a┼şt─▒; derleme durduruluyor [C:\ShadowStrike\ShadowStrike\ShadowStrike.vcxproj]
  ('/src/Shared_modules/Core/Network/URLAnalyzer.cpp' kaynak dosyas─▒ derleniyor)
  
C:\ShadowStrike\ShadowStrike\src\Shared_modules\Core\Network\TrafficAnalyzer.hpp(1203,10): error C2923: 'std::unique_ptr': 'TrafficAnalyzerImpl' ge├ğerli bir ┼şablon t├╝r ba─ş─▒ms─▒z de─şi┼şkeni de─şil ('_Ty' parametresi i├ğin) [C:\ShadowStrike\ShadowStrike\ShadowStrike.vcxproj]
  ('/src/Shared_modules/Core/Network/TrafficAnalyzer.cpp' kaynak dosyas─▒ derleniyor)
      C:\ShadowStrike\ShadowStrike\src\Shared_modules\Core\Network\TrafficAnalyzer.hpp(1203,21):
      'TrafficAnalyzerImpl' bildirimine bak─▒n
  
C:\ShadowStrike\ShadowStrike\src\Shared_modules\Core\Network\TrafficAnalyzer.hpp(1203,10): error C2976: 'std::unique_ptr': ├ğok az say─▒da ┼şablon ba─ş─▒ms─▒z de─şi┼şkeni var [C:\ShadowStrike\ShadowStrike\ShadowStrike.vcxproj]
  ('/src/Shared_modules/Core/Network/TrafficAnalyzer.cpp' kaynak dosyas─▒ derleniyor)
      C:\Program Files\Microsoft Visual Studio\2022\Community\VC\Tools\MSVC\14.44.35207\include\memory(3347,7):
      'std::unique_ptr' bildirimine bak─▒n
  
C:\ShadowStrike\ShadowStrike\src\Shared_modules\Core\Network\TrafficAnalyzer.hpp(1203,42): error C2955: 'std::unique_ptr' : s─▒n─▒f ┼şablon kullan─▒m─▒ i├ğin ┼şablon ba─ş─▒ms─▒z de─şi┼şken listesi gerekir [C:\ShadowStrike\ShadowStrike\ShadowStrike.vcxproj]
  ('/src/Shared_modules/Core/Network/TrafficAnalyzer.cpp' kaynak dosyas─▒ derleniyor)
      C:\Program Files\Microsoft Visual Studio\2022\Community\VC\Tools\MSVC\14.44.35207\include\memory(3347,7):
      'std::unique_ptr' bildirimine bak─▒n
  
C:\ShadowStrike\ShadowStrike\src\Shared_modules\Core\Network\TrafficAnalyzer.hpp(1207,1): error C2059: s├Âzdizimi hatas─▒: '}' [C:\ShadowStrike\ShadowStrike\ShadowStrike.vcxproj]
  ('/src/Shared_modules/Core/Network/TrafficAnalyzer.cpp' kaynak dosyas─▒ derleniyor)
  
C:\ShadowStrike\ShadowStrike\src\Shared_modules\Core\Network\TrafficAnalyzer.hpp(1207,1): error C2143: s├Âzdizimi hatas─▒: ';' eksik ('}' ├Âncesinde) [C:\ShadowStrike\ShadowStrike\ShadowStrike.vcxproj]
  ('/src/Shared_modules/Core/Network/TrafficAnalyzer.cpp' kaynak dosyas─▒ derleniyor)
  
C:\ShadowStrike\ShadowStrike\src\Products\PhantomHome\CryptoMinersProtection\CPUUsageAnalyzer.hpp(127,10): error C1083: i├ğerme dosyas─▒ a├ğ─▒lam─▒yor: '../Utils/Logger.hpp': No such file or directory [C:\ShadowStrike\ShadowStrike\ShadowStrike.vcxproj]
  ('/src/Products/PhantomHome/CryptoMinersProtection/CPUUsageAnalyzer.cpp' kaynak dosyas─▒ derleniyor)
  
C:\ShadowStrike\ShadowStrike\src\Shared_modules\Core\Network\TrafficAnalyzer.hpp(1208,1): error C2143: s├Âzdizimi hatas─▒: ';' eksik ('}' ├Âncesinde) [C:\ShadowStrike\ShadowStrike\ShadowStrike.vcxproj]
  ('/src/Shared_modules/Core/Network/TrafficAnalyzer.cpp' kaynak dosyas─▒ derleniyor)
  
C:\ShadowStrike\ShadowStrike\src\Shared_modules\Core\Network\TrafficAnalyzer.hpp(1208,1): error C2059: s├Âzdizimi hatas─▒: '}' [C:\ShadowStrike\ShadowStrike\ShadowStrike.vcxproj]
  ('/src/Shared_modules/Core/Network/TrafficAnalyzer.cpp' kaynak dosyas─▒ derleniyor)
  
C:\ShadowStrike\ShadowStrike\src\Shared_modules\Utils\FileUtils.hpp(57,24): error C2143: s├Âzdizimi hatas─▒: ';' eksik ('{' ├Âncesinde) [C:\ShadowStrike\ShadowStrike\ShadowStrike.vcxproj]
  ('/src/Shared_modules/Core/Network/TrafficAnalyzer.cpp' kaynak dosyas─▒ derleniyor)
  
C:\ShadowStrike\ShadowStrike\src\Shared_modules\Utils\FileUtils.hpp(57,24): error C2447: '{': i┼şlev ├╝stbilgisi eksik (eski tarzda bi├ğimsel liste mi?) [C:\ShadowStrike\ShadowStrike\ShadowStrike.vcxproj]
  ('/src/Shared_modules/Core/Network/TrafficAnalyzer.cpp' kaynak dosyas─▒ derleniyor)
  
C:\ShadowStrike\ShadowStrike\src\Shared_modules\Utils\FileUtils.hpp(57,24): error C1003: hata say─▒s─▒ 100 taneyi a┼şt─▒; derleme durduruluyor [C:\ShadowStrike\ShadowStrike\ShadowStrike.vcxproj]
  ('/src/Shared_modules/Core/Network/TrafficAnalyzer.cpp' kaynak dosyas─▒ derleniyor)
  
C:\ShadowStrike\ShadowStrike\src\Products\PhantomHome\CryptoMinersProtection\GPUMiningDetector.hpp(136,10): error C1083: i├ğerme dosyas─▒ a├ğ─▒lam─▒yor: '../Utils/Logger.hpp': No such file or directory [C:\ShadowStrike\ShadowStrike\ShadowStrike.vcxproj]
  ('/src/Products/PhantomHome/CryptoMinersProtection/GPUMiningDetector.cpp' kaynak dosyas─▒ derleniyor)
  
C:\ShadowStrike\ShadowStrike\src\Shared_modules\Core\Network\WebProtection.hpp(313,5): error C2143: s├Âzdizimi hatas─▒: '}' eksik ('sabit' ├Âncesinde) [C:\ShadowStrike\ShadowStrike\ShadowStrike.vcxproj]
  ('/src/Shared_modules/Core/Network/WebProtection.cpp' kaynak dosyas─▒ derleniyor)
  
C:\ShadowStrike\ShadowStrike\src\Shared_modules\Core\Network\WebProtection.hpp(313,5): error C2059: s├Âzdizimi hatas─▒: 'sabit' [C:\ShadowStrike\ShadowStrike\ShadowStrike.vcxproj]
  ('/src/Shared_modules/Core/Network/WebProtection.cpp' kaynak dosyas─▒ derleniyor)
  
C:\ShadowStrike\ShadowStrike\src\Shared_modules\Core\Network\WebProtection.hpp(315,1): error C2143: s├Âzdizimi hatas─▒: ';' eksik ('}' ├Âncesinde) [C:\ShadowStrike\ShadowStrike\ShadowStrike.vcxproj]
  ('/src/Shared_modules/Core/Network/WebProtection.cpp' kaynak dosyas─▒ derleniyor)
  
C:\ShadowStrike\ShadowStrike\src\Shared_modules\Core\Network\WebProtection.hpp(483,19): error C3646: 'threatType': bilinmeyen ge├ğersiz k─▒lma belirticisi [C:\ShadowStrike\ShadowStrike\ShadowStrike.vcxproj]
  ('/src/Shared_modules/Core/Network/WebProtection.cpp' kaynak dosyas─▒ derleniyor)
  
C:\ShadowStrike\ShadowStrike\src\Shared_modules\Core\Network\WebProtection.hpp(483,29): error C2059: s├Âzdizimi hatas─▒: '{' [C:\ShadowStrike\ShadowStrike\ShadowStrike.vcxproj]
  ('/src/Shared_modules/Core/Network/WebProtection.cpp' kaynak dosyas─▒ derleniyor)
  
C:\ShadowStrike\ShadowStrike\src\Shared_modules\Core\Network\WebProtection.hpp(483,29): error C2334: '{' ├Âncesinde beklenmeyen belirte├ğler; g├Âr├╝nen i┼şlev g├Âvdesi atlan─▒yor [C:\ShadowStrike\ShadowStrike\ShadowStrike.vcxproj]
  ('/src/Shared_modules/Core/Network/WebProtection.cpp' kaynak dosyas─▒ derleniyor)
  
C:\ShadowStrike\ShadowStrike\src\Shared_modules\Core\Network\WebProtection.hpp(545,20): error C3646: 'contentType': bilinmeyen ge├ğersiz k─▒lma belirticisi [C:\ShadowStrike\ShadowStrike\ShadowStrike.vcxproj]
  ('/src/Shared_modules/Core/Network/WebProtection.cpp' kaynak dosyas─▒ derleniyor)
  
C:\ShadowStrike\ShadowStrike\src\Shared_modules\Core\Network\WebProtection.hpp(545,31): error C2059: s├Âzdizimi hatas─▒: '{' [C:\ShadowStrike\ShadowStrike\ShadowStrike.vcxproj]
  ('/src/Shared_modules/Core/Network/WebProtection.cpp' kaynak dosyas─▒ derleniyor)
  
C:\ShadowStrike\ShadowStrike\src\Shared_modules\Core\Network\WebProtection.hpp(545,31): error C2334: '{' ├Âncesinde beklenmeyen belirte├ğler; g├Âr├╝nen i┼şlev g├Âvdesi atlan─▒yor [C:\ShadowStrike\ShadowStrike\ShadowStrike.vcxproj]
  ('/src/Shared_modules/Core/Network/WebProtection.cpp' kaynak dosyas─▒ derleniyor)
  
C:\ShadowStrike\ShadowStrike\src\Shared_modules\Core\Network\WebProtection.hpp(551,22): error C3646: 'action': bilinmeyen ge├ğersiz k─▒lma belirticisi [C:\ShadowStrike\ShadowStrike\ShadowStrike.vcxproj]
  ('/src/Shared_modules/Core/Network/WebProtection.cpp' kaynak dosyas─▒ derleniyor)
  
C:\ShadowStrike\ShadowStrike\src\Shared_modules\Core\Network\WebProtection.hpp(551,28): error C2059: s├Âzdizimi hatas─▒: '{' [C:\ShadowStrike\ShadowStrike\ShadowStrike.vcxproj]
  ('/src/Shared_modules/Core/Network/WebProtection.cpp' kaynak dosyas─▒ derleniyor)
  
C:\ShadowStrike\ShadowStrike\src\Shared_modules\Core\Network\WebProtection.hpp(551,28): error C2334: '{' ├Âncesinde beklenmeyen belirte├ğler; g├Âr├╝nen i┼şlev g├Âvdesi atlan─▒yor [C:\ShadowStrike\ShadowStrike\ShadowStrike.vcxproj]
  ('/src/Shared_modules/Core/Network/WebProtection.cpp' kaynak dosyas─▒ derleniyor)
  
C:\ShadowStrike\ShadowStrike\src\Shared_modules\Core\Network\WebProtection.hpp(555,17): error C2065: 'WebThreatType': bildirimi yap─▒lmam─▒┼ş tan─▒mlay─▒c─▒ [C:\ShadowStrike\ShadowStrike\ShadowStrike.vcxproj]
  ('/src/Shared_modules/Core/Network/WebProtection.cpp' kaynak dosyas─▒ derleniyor)
  
C:\ShadowStrike\ShadowStrike\src\Shared_modules\Core\Network\WebProtection.hpp(555,10): error C2923: 'std::vector': 'WebThreatType' ge├ğerli bir ┼şablon t├╝r ba─ş─▒ms─▒z de─şi┼şkeni de─şil ('_Ty' parametresi i├ğin) [C:\ShadowStrike\ShadowStrike\ShadowStrike.vcxproj]
  ('/src/Shared_modules/Core/Network/WebProtection.cpp' kaynak dosyas─▒ derleniyor)
      C:\ShadowStrike\ShadowStrike\src\Shared_modules\Core\Network\WebProtection.hpp(555,17):
      'WebThreatType' bildirimine bak─▒n
  
C:\ShadowStrike\ShadowStrike\src\Shared_modules\Core\Network\WebProtection.hpp(555,10): error C2976: 'std::vector': ├ğok az say─▒da ┼şablon ba─ş─▒ms─▒z de─şi┼şkeni var [C:\ShadowStrike\ShadowStrike\ShadowStrike.vcxproj]
  ('/src/Shared_modules/Core/Network/WebProtection.cpp' kaynak dosyas─▒ derleniyor)
      C:\Program Files\Microsoft Visual Studio\2022\Community\VC\Tools\MSVC\14.44.35207\include\vector(442,7):
      'std::vector' bildirimine bak─▒n
  
C:\ShadowStrike\ShadowStrike\src\Shared_modules\Core\Network\WebProtection.hpp(555,32): error C2955: 'std::vector' : s─▒n─▒f ┼şablon kullan─▒m─▒ i├ğin ┼şablon ba─ş─▒ms─▒z de─şi┼şken listesi gerekir [C:\ShadowStrike\ShadowStrike\ShadowStrike.vcxproj]
  ('/src/Shared_modules/Core/Network/WebProtection.cpp' kaynak dosyas─▒ derleniyor)
      C:\Program Files\Microsoft Visual Studio\2022\Community\VC\Tools\MSVC\14.44.35207\include\vector(442,7):
      'std::vector' bildirimine bak─▒n
  
C:\ShadowStrike\ShadowStrike\src\Shared_modules\Core\Network\WebProtection.hpp(584,19): error C3646: 'threatType': bilinmeyen ge├ğersiz k─▒lma belirticisi [C:\ShadowStrike\ShadowStrike\ShadowStrike.vcxproj]
  ('/src/Shared_modules/Core/Network/WebProtection.cpp' kaynak dosyas─▒ derleniyor)
  
C:\ShadowStrike\ShadowStrike\src\Shared_modules\Core\Network\WebProtection.hpp(584,29): error C2059: s├Âzdizimi hatas─▒: '{' [C:\ShadowStrike\ShadowStrike\ShadowStrike.vcxproj]
  ('/src/Shared_modules/Core/Network/WebProtection.cpp' kaynak dosyas─▒ derleniyor)
  
C:\ShadowStrike\ShadowStrike\src\Shared_modules\Core\Network\WebProtection.hpp(584,29): error C2334: '{' ├Âncesinde beklenmeyen belirte├ğler; g├Âr├╝nen i┼şlev g├Âvdesi atlan─▒yor [C:\ShadowStrike\ShadowStrike\ShadowStrike.vcxproj]
  ('/src/Shared_modules/Core/Network/WebProtection.cpp' kaynak dosyas─▒ derleniyor)
  
C:\ShadowStrike\ShadowStrike\src\Shared_modules\Core\Network\WebProtection.hpp(592,17): error C3646: 'browser': bilinmeyen ge├ğersiz k─▒lma belirticisi [C:\ShadowStrike\ShadowStrike\ShadowStrike.vcxproj]
  ('/src/Shared_modules/Core/Network/WebProtection.cpp' kaynak dosyas─▒ derleniyor)
  
C:\ShadowStrike\ShadowStrike\src\Shared_modules\Core\Network\WebProtection.hpp(592,24): error C2059: s├Âzdizimi hatas─▒: '{' [C:\ShadowStrike\ShadowStrike\ShadowStrike.vcxproj]
  ('/src/Shared_modules/Core/Network/WebProtection.cpp' kaynak dosyas─▒ derleniyor)
  
C:\ShadowStrike\ShadowStrike\src\Shared_modules\Core\Network\WebProtection.hpp(592,24): error C2334: '{' ├Âncesinde beklenmeyen belirte├ğler; g├Âr├╝nen i┼şlev g├Âvdesi atlan─▒yor [C:\ShadowStrike\ShadowStrike\ShadowStrike.vcxproj]
  ('/src/Shared_modules/Core/Network/WebProtection.cpp' kaynak dosyas─▒ derleniyor)
  
C:\ShadowStrike\ShadowStrike\src\Shared_modules\Core\Network\WebProtection.hpp(597,22): error C3646: 'actionTaken': bilinmeyen ge├ğersiz k─▒lma belirticisi [C:\ShadowStrike\ShadowStrike\ShadowStrike.vcxproj]
  ('/src/Shared_modules/Core/Network/WebProtection.cpp' kaynak dosyas─▒ derleniyor)
  
C:\ShadowStrike\ShadowStrike\src\Shared_modules\Core\Network\WebProtection.hpp(597,33): error C2059: s├Âzdizimi hatas─▒: '{' [C:\ShadowStrike\ShadowStrike\ShadowStrike.vcxproj]
  ('/src/Shared_modules/Core/Network/WebProtection.cpp' kaynak dosyas─▒ derleniyor)
  
C:\ShadowStrike\ShadowStrike\src\Shared_modules\Core\Network\WebProtection.hpp(597,33): error C2334: '{' ├Âncesinde beklenmeyen belirte├ğler; g├Âr├╝nen i┼şlev g├Âvdesi atlan─▒yor [C:\ShadowStrike\ShadowStrike\ShadowStrike.vcxproj]
  ('/src/Shared_modules/Core/Network/WebProtection.cpp' kaynak dosyas─▒ derleniyor)
  
C:\ShadowStrike\ShadowStrike\src\Shared_modules\Core\Network\WebProtection.hpp(614,17): error C3646: 'browser': bilinmeyen ge├ğersiz k─▒lma belirticisi [C:\ShadowStrike\ShadowStrike\ShadowStrike.vcxproj]
  ('/src/Shared_modules/Core/Network/WebProtection.cpp' kaynak dosyas─▒ derleniyor)
  
C:\ShadowStrike\ShadowStrike\src\Shared_modules\Core\Network\WebProtection.hpp(614,24): error C2059: s├Âzdizimi hatas─▒: '{' [C:\ShadowStrike\ShadowStrike\ShadowStrike.vcxproj]
  ('/src/Shared_modules/Core/Network/WebProtection.cpp' kaynak dosyas─▒ derleniyor)
  
C:\ShadowStrike\ShadowStrike\src\Shared_modules\Core\Network\WebProtection.hpp(614,24): error C2334: '{' ├Âncesinde beklenmeyen belirte├ğler; g├Âr├╝nen i┼şlev g├Âvdesi atlan─▒yor [C:\ShadowStrike\ShadowStrike\ShadowStrike.vcxproj]
  ('/src/Shared_modules/Core/Network/WebProtection.cpp' kaynak dosyas─▒ derleniyor)
  
C:\ShadowStrike\ShadowStrike\src\Shared_modules\Core\Network\WebProtection.hpp(619,24): error C3646: 'protectionLevel': bilinmeyen ge├ğersiz k─▒lma belirticisi [C:\ShadowStrike\ShadowStrike\ShadowStrike.vcxproj]
  ('/src/Shared_modules/Core/Network/WebProtection.cpp' kaynak dosyas─▒ derleniyor)
  
C:\ShadowStrike\ShadowStrike\src\Shared_modules\Core\Network\WebProtection.hpp(619,39): error C2059: s├Âzdizimi hatas─▒: '{' [C:\ShadowStrike\ShadowStrike\ShadowStrike.vcxproj]
  ('/src/Shared_modules/Core/Network/WebProtection.cpp' kaynak dosyas─▒ derleniyor)
  
C:\ShadowStrike\ShadowStrike\src\Shared_modules\Core\Network\WebProtection.hpp(619,39): error C2334: '{' ├Âncesinde beklenmeyen belirte├ğler; g├Âr├╝nen i┼şlev g├Âvdesi atlan─▒yor [C:\ShadowStrike\ShadowStrike\ShadowStrike.vcxproj]
  ('/src/Shared_modules/Core/Network/WebProtection.cpp' kaynak dosyas─▒ derleniyor)
  
C:\ShadowStrike\ShadowStrike\src\Shared_modules\Core\Network\WebProtection.hpp(646,24): error C3646: 'level': bilinmeyen ge├ğersiz k─▒lma belirticisi [C:\ShadowStrike\ShadowStrike\ShadowStrike.vcxproj]
  ('/src/Shared_modules/Core/Network/WebProtection.cpp' kaynak dosyas─▒ derleniyor)
  
C:\ShadowStrike\ShadowStrike\src\Shared_modules\Core\Network\WebProtection.hpp(646,29): error C2059: s├Âzdizimi hatas─▒: '{' [C:\ShadowStrike\ShadowStrike\ShadowStrike.vcxproj]
  ('/src/Shared_modules/Core/Network/WebProtection.cpp' kaynak dosyas─▒ derleniyor)
  
C:\ShadowStrike\ShadowStrike\src\Shared_modules\Core\Network\WebProtection.hpp(646,29): error C2334: '{' ├Âncesinde beklenmeyen belirte├ğler; g├Âr├╝nen i┼şlev g├Âvdesi atlan─▒yor [C:\ShadowStrike\ShadowStrike\ShadowStrike.vcxproj]
  ('/src/Shared_modules/Core/Network/WebProtection.cpp' kaynak dosyas─▒ derleniyor)
  
C:\ShadowStrike\ShadowStrike\src\Shared_modules\Core\Network\WebProtection.hpp(960,9): error C2061: s├Âzdizimi hatas─▒: tan─▒mlay─▒c─▒ 'WebContentType' [C:\ShadowStrike\ShadowStrike\ShadowStrike.vcxproj]
  ('/src/Shared_modules/Core/Network/WebProtection.cpp' kaynak dosyas─▒ derleniyor)
  
C:\ShadowStrike\ShadowStrike\src\Shared_modules\Core\Network\WebProtection.hpp(995,63): error C2061: s├Âzdizimi hatas─▒: tan─▒mlay─▒c─▒ 'BrowserType' [C:\ShadowStrike\ShadowStrike\ShadowStrike.vcxproj]
  ('/src/Shared_modules/Core/Network/WebProtection.cpp' kaynak dosyas─▒ derleniyor)
  
C:\ShadowStrike\ShadowStrike\src\Shared_modules\Core\Network\WebProtection.hpp(1073,21): error C2065: 'WebProtectionImpl': bildirimi yap─▒lmam─▒┼ş tan─▒mlay─▒c─▒ [C:\ShadowStrike\ShadowStrike\ShadowStrike.vcxproj]
  ('/src/Shared_modules/Core/Network/WebProtection.cpp' kaynak dosyas─▒ derleniyor)
  
C:\ShadowStrike\ShadowStrike\src\Shared_modules\Core\Network\WebProtection.hpp(1073,10): error C2923: 'std::unique_ptr': 'WebProtectionImpl' ge├ğerli bir ┼şablon t├╝r ba─ş─▒ms─▒z de─şi┼şkeni de─şil ('_Ty' parametresi i├ğin) [C:\ShadowStrike\ShadowStrike\ShadowStrike.vcxproj]
  ('/src/Shared_modules/Core/Network/WebProtection.cpp' kaynak dosyas─▒ derleniyor)
      C:\ShadowStrike\ShadowStrike\src\Shared_modules\Core\Network\WebProtection.hpp(1073,21):
      'WebProtectionImpl' bildirimine bak─▒n
  
C:\ShadowStrike\ShadowStrike\src\Shared_modules\Core\Network\WebProtection.hpp(1073,10): error C2976: 'std::unique_ptr': ├ğok az say─▒da ┼şablon ba─ş─▒ms─▒z de─şi┼şkeni var [C:\ShadowStrike\ShadowStrike\ShadowStrike.vcxproj]
  ('/src/Shared_modules/Core/Network/WebProtection.cpp' kaynak dosyas─▒ derleniyor)
      C:\Program Files\Microsoft Visual Studio\2022\Community\VC\Tools\MSVC\14.44.35207\include\memory(3347,7):
      'std::unique_ptr' bildirimine bak─▒n
  
C:\ShadowStrike\ShadowStrike\src\Shared_modules\Core\Network\WebProtection.hpp(1073,40): error C2955: 'std::unique_ptr' : s─▒n─▒f ┼şablon kullan─▒m─▒ i├ğin ┼şablon ba─ş─▒ms─▒z de─şi┼şken listesi gerekir [C:\ShadowStrike\ShadowStrike\ShadowStrike.vcxproj]
  ('/src/Shared_modules/Core/Network/WebProtection.cpp' kaynak dosyas─▒ derleniyor)
      C:\Program Files\Microsoft Visual Studio\2022\Community\VC\Tools\MSVC\14.44.35207\include\memory(3347,7):
      'std::unique_ptr' bildirimine bak─▒n
  
C:\ShadowStrike\ShadowStrike\src\Shared_modules\Core\Network\WebProtection.hpp(1078,1): error C2059: s├Âzdizimi hatas─▒: '}' [C:\ShadowStrike\ShadowStrike\ShadowStrike.vcxproj]
  ('/src/Shared_modules/Core/Network/WebProtection.cpp' kaynak dosyas─▒ derleniyor)
  
C:\ShadowStrike\ShadowStrike\src\Shared_modules\Core\Network\WebProtection.hpp(1078,1): error C2143: s├Âzdizimi hatas─▒: ';' eksik ('}' ├Âncesinde) [C:\ShadowStrike\ShadowStrike\ShadowStrike.vcxproj]
  ('/src/Shared_modules/Core/Network/WebProtection.cpp' kaynak dosyas─▒ derleniyor)
  
C:\ShadowStrike\ShadowStrike\src\Shared_modules\Utils\FileUtils.hpp(57,24): error C2143: s├Âzdizimi hatas─▒: ';' eksik ('{' ├Âncesinde) [C:\ShadowStrike\ShadowStrike\ShadowStrike.vcxproj]
  ('/src/Shared_modules/Core/Network/WebProtection.cpp' kaynak dosyas─▒ derleniyor)
  
C:\ShadowStrike\ShadowStrike\src\Shared_modules\Utils\FileUtils.hpp(57,24): error C2447: '{': i┼şlev ├╝stbilgisi eksik (eski tarzda bi├ğimsel liste mi?) [C:\ShadowStrike\ShadowStrike\ShadowStrike.vcxproj]
  ('/src/Shared_modules/Core/Network/WebProtection.cpp' kaynak dosyas─▒ derleniyor)
  
C:\ShadowStrike\ShadowStrike\src\Products\PhantomHome\CryptoMinersProtection\BrowserMinerDetector.hpp(139,10): error C1083: i├ğerme dosyas─▒ a├ğ─▒lam─▒yor: '../Utils/Logger.hpp': No such file or directory [C:\ShadowStrike\ShadowStrike\ShadowStrike.vcxproj]
  ('/src/Products/PhantomHome/CryptoMinersProtection/BrowserMinerDetector.cpp' kaynak dosyas─▒ derleniyor)
  
C:\ShadowStrike\ShadowStrike\src\Shared_modules\Database\ConfigurationDB.cpp(120,9): error C1083: i├ğerme dosyas─▒ a├ğ─▒lam─▒yor: 'Utils/StringUtils.hpp': No such file or directory [C:\ShadowStrike\ShadowStrike\ShadowStrike.vcxproj]
  ('/src/Shared_modules/Database/ConfigurationDB.cpp' kaynak dosyas─▒ derleniyor)
  
\src\Drivers\FileFilterCallbacks.cpp(1,1): error C1083: kaynak dosyas─▒ a├ğ─▒lam─▒yor: 'src\Drivers\FileFilterCallbacks.cpp': No such file or directory [C:\ShadowStrike\ShadowStrike\ShadowStrike.vcxproj]
  ('/src/Drivers/FileFilterCallbacks.cpp' kaynak dosyas─▒ derleniyor)
  
\src\Drivers\ProcessFilterCallbacks.cpp(1,1): error C1083: kaynak dosyas─▒ a├ğ─▒lam─▒yor: 'src\Drivers\ProcessFilterCallbacks.cpp': No such file or directory [C:\ShadowStrike\ShadowStrike\ShadowStrike.vcxproj]
  ('/src/Drivers/ProcessFilterCallbacks.cpp' kaynak dosyas─▒ derleniyor)
  
\src\Drivers\FilterCommunication.cpp(1,1): error C1083: kaynak dosyas─▒ a├ğ─▒lam─▒yor: 'src\Drivers\FilterCommunication.cpp': No such file or directory [C:\ShadowStrike\ShadowStrike\ShadowStrike.vcxproj]
  ('/src/Drivers/FilterCommunication.cpp' kaynak dosyas─▒ derleniyor)
  
\src\Drivers\RegistryFilterCallbacks.cpp(1,1): error C1083: kaynak dosyas─▒ a├ğ─▒lam─▒yor: 'src\Drivers\RegistryFilterCallbacks.cpp': No such file or directory [C:\ShadowStrike\ShadowStrike\ShadowStrike.vcxproj]
  ('/src/Drivers/RegistryFilterCallbacks.cpp' kaynak dosyas─▒ derleniyor)
  
C:\ShadowStrike\ShadowStrike\src\Shared_modules\Core\Network\WebProtection.cpp(328,42): error C2888: 'ShadowStrike::Core::WebProtectionConfig ShadowStrike::Core::WebProtectionConfig::CreateDefault(void) noexcept': simge 'Network' ad alan─▒n─▒n i├ğinde tan─▒mlanamaz [C:\ShadowStrike\ShadowStrike\ShadowStrike.vcxproj]
  ('/src/Shared_modules/Core/Network/WebProtection.cpp' kaynak dosyas─▒ derleniyor)
  
C:\ShadowStrike\ShadowStrike\src\Shared_modules\Core\Network\WebProtection.cpp(329,31): error C2512: 'ShadowStrike::Core::WebProtectionConfig': kullan─▒labilir uygun varsay─▒lan olu┼şturucu yok [C:\ShadowStrike\ShadowStrike\ShadowStrike.vcxproj]
  ('/src/Shared_modules/Core/Network/WebProtection.cpp' kaynak dosyas─▒ derleniyor)
      C:\ShadowStrike\ShadowStrike\src\Shared_modules\Core\Network\WebProtection.cpp(329,31):
      Ge├ğersiz k├╝melenmi┼ş ba┼şlatma
  
C:\ShadowStrike\ShadowStrike\src\Shared_modules\Core\Network\WebProtection.cpp(332,42): error C2888: 'ShadowStrike::Core::WebProtectionConfig ShadowStrike::Core::WebProtectionConfig::CreateHighSecurity(void) noexcept': simge 'Network' ad alan─▒n─▒n i├ğinde tan─▒mlanamaz [C:\ShadowStrike\ShadowStrike\ShadowStrike.vcxproj]
  ('/src/Shared_modules/Core/Network/WebProtection.cpp' kaynak dosyas─▒ derleniyor)
  
C:\ShadowStrike\ShadowStrike\src\Shared_modules\Core\Network\WebProtection.hpp(682,33): error C2653: 'WebProtectionConstants': bir s─▒n─▒f veya ad alan─▒ ad─▒ de─şil [C:\ShadowStrike\ShadowStrike\ShadowStrike.vcxproj]
  ('/src/Shared_modules/Core/Network/WebProtection.cpp' kaynak dosyas─▒ derleniyor)
      C:\ShadowStrike\ShadowStrike\src\Shared_modules\Core\Network\WebProtection.hpp(694,1):
      Derleyicinin olu┼şturdu─şu 'ShadowStrike::Core::WebProtectionConfig::WebProtectionConfig(void)' i┼şlevinde bu tan─▒lama olu┼ştu
      C:\ShadowStrike\ShadowStrike\src\Shared_modules\Core\Network\WebProtection.cpp(333,25):
      'ShadowStrike::Core::WebProtectionConfig::WebProtectionConfig(void)' i┼şlevi ba┼şvurusuna bak─▒n
  
C:\ShadowStrike\ShadowStrike\src\Shared_modules\Core\Network\WebProtection.hpp(682,57): error C2065: 'MAX_RESPONSE_SIZE': bildirimi yap─▒lmam─▒┼ş tan─▒mlay─▒c─▒ [C:\ShadowStrike\ShadowStrike\ShadowStrike.vcxproj]
  ('/src/Shared_modules/Core/Network/WebProtection.cpp' kaynak dosyas─▒ derleniyor)
      C:\ShadowStrike\ShadowStrike\src\Shared_modules\Core\Network\WebProtection.hpp(694,1):
      Derleyicinin olu┼şturdu─şu 'ShadowStrike::Core::WebProtectionConfig::WebProtectionConfig(void)' i┼şlevinde bu tan─▒lama olu┼ştu
      C:\ShadowStrike\ShadowStrike\src\Shared_modules\Core\Network\WebProtection.cpp(333,25):
      'ShadowStrike::Core::WebProtectionConfig::WebProtectionConfig(void)' i┼şlevi ba┼şvurusuna bak─▒n
  
C:\ShadowStrike\ShadowStrike\src\Shared_modules\Core\Network\WebProtection.hpp(683,33): error C2653: 'WebProtectionConstants': bir s─▒n─▒f veya ad alan─▒ ad─▒ de─şil [C:\ShadowStrike\ShadowStrike\ShadowStrike.vcxproj]
  ('/src/Shared_modules/Core/Network/WebProtection.cpp' kaynak dosyas─▒ derleniyor)
      C:\ShadowStrike\ShadowStrike\src\Shared_modules\Core\Network\WebProtection.hpp(694,1):
      Derleyicinin olu┼şturdu─şu 'ShadowStrike::Core::WebProtectionConfig::WebProtectionConfig(void)' i┼şlevinde bu tan─▒lama olu┼ştu
      C:\ShadowStrike\ShadowStrike\src\Shared_modules\Core\Network\WebProtection.cpp(333,25):
      'ShadowStrike::Core::WebProtectionConfig::WebProtectionConfig(void)' i┼şlevi ba┼şvurusuna bak─▒n
  
C:\ShadowStrike\ShadowStrike\src\Shared_modules\Core\Network\WebProtection.hpp(683,57): error C2065: 'ANALYSIS_TIMEOUT_MS': bildirimi yap─▒lmam─▒┼ş tan─▒mlay─▒c─▒ [C:\ShadowStrike\ShadowStrike\ShadowStrike.vcxproj]
  ('/src/Shared_modules/Core/Network/WebProtection.cpp' kaynak dosyas─▒ derleniyor)
      C:\ShadowStrike\ShadowStrike\src\Shared_modules\Core\Network\WebProtection.hpp(694,1):
      Derleyicinin olu┼şturdu─şu 'ShadowStrike::Core::WebProtectionConfig::WebProtectionConfig(void)' i┼şlevinde bu tan─▒lama olu┼ştu
      C:\ShadowStrike\ShadowStrike\src\Shared_modules\Core\Network\WebProtection.cpp(333,25):
      'ShadowStrike::Core::WebProtectionConfig::WebProtectionConfig(void)' i┼şlevi ba┼şvurusuna bak─▒n
  
C:\ShadowStrike\ShadowStrike\src\Shared_modules\Core\Network\WebProtection.cpp(334,12): error C2039: 'level': bir 'ShadowStrike::Core::WebProtectionConfig' ├╝yesi de─şil [C:\ShadowStrike\ShadowStrike\ShadowStrike.vcxproj]
  ('/src/Shared_modules/Core/Network/WebProtection.cpp' kaynak dosyas─▒ derleniyor)
      C:\ShadowStrike\ShadowStrike\src\Shared_modules\Core\Network\WebProtection.hpp(643,20):
      'ShadowStrike::Core::WebProtectionConfig' bildirimine bak─▒n
  
C:\ShadowStrike\ShadowStrike\src\Shared_modules\Core\Network\WebProtection.cpp(334,40): error C2589: 'sabit': '::' sa─ş taraf─▒nda ge├ğersiz belirte├ğ var [C:\ShadowStrike\ShadowStrike\ShadowStrike.vcxproj]
  ('/src/Shared_modules/Core/Network/WebProtection.cpp' kaynak dosyas─▒ derleniyor)
  
C:\ShadowStrike\ShadowStrike\src\Shared_modules\Core\Network\WebProtection.cpp(334,20): error C2062: '<error type>' t├╝r├╝ beklenmiyor [C:\ShadowStrike\ShadowStrike\ShadowStrike.vcxproj]
  ('/src/Shared_modules/Core/Network/WebProtection.cpp' kaynak dosyas─▒ derleniyor)
  
C:\ShadowStrike\ShadowStrike\src\Shared_modules\Core\Network\WebProtection.cpp(353,42): error C2888: 'ShadowStrike::Core::WebProtectionConfig ShadowStrike::Core::WebProtectionConfig::CreatePerformance(void) noexcept': simge 'Network' ad alan─▒n─▒n i├ğinde tan─▒mlanamaz [C:\ShadowStrike\ShadowStrike\ShadowStrike.vcxproj]
  ('/src/Shared_modules/Core/Network/WebProtection.cpp' kaynak dosyas─▒ derleniyor)
  
C:\ShadowStrike\ShadowStrike\src\Shared_modules\Core\Network\WebProtection.cpp(355,12): error C2039: 'level': bir 'ShadowStrike::Core::WebProtectionConfig' ├╝yesi de─şil [C:\ShadowStrike\ShadowStrike\ShadowStrike.vcxproj]
  ('/src/Shared_modules/Core/Network/WebProtection.cpp' kaynak dosyas─▒ derleniyor)
      C:\ShadowStrike\ShadowStrike\src\Shared_modules\Core\Network\WebProtection.hpp(643,20):
      'ShadowStrike::Core::WebProtectionConfig' bildirimine bak─▒n
  
C:\ShadowStrike\ShadowStrike\src\Shared_modules\Core\Network\WebProtection.cpp(368,42): error C2888: 'ShadowStrike::Core::WebProtectionConfig ShadowStrike::Core::WebProtectionConfig::CreatePrivacy(void) noexcept': simge 'Network' ad alan─▒n─▒n i├ğinde tan─▒mlanamaz [C:\ShadowStrike\ShadowStrike\ShadowStrike.vcxproj]
  ('/src/Shared_modules/Core/Network/WebProtection.cpp' kaynak dosyas─▒ derleniyor)
  
C:\ShadowStrike\ShadowStrike\src\Shared_modules\Core\Network\WebProtection.cpp(370,12): error C2039: 'level': bir 'ShadowStrike::Core::WebProtectionConfig' ├╝yesi de─şil [C:\ShadowStrike\ShadowStrike\ShadowStrike.vcxproj]
  ('/src/Shared_modules/Core/Network/WebProtection.cpp' kaynak dosyas─▒ derleniyor)
      C:\ShadowStrike\ShadowStrike\src\Shared_modules\Core\Network\WebProtection.hpp(643,20):
      'ShadowStrike::Core::WebProtectionConfig' bildirimine bak─▒n
  
C:\ShadowStrike\ShadowStrike\src\Shared_modules\Core\Network\WebProtection.cpp(370,40): error C2589: 'sabit': '::' sa─ş taraf─▒nda ge├ğersiz belirte├ğ var [C:\ShadowStrike\ShadowStrike\ShadowStrike.vcxproj]
  ('/src/Shared_modules/Core/Network/WebProtection.cpp' kaynak dosyas─▒ derleniyor)
  
C:\ShadowStrike\ShadowStrike\src\Shared_modules\Core\Network\WebProtection.cpp(370,20): error C2062: '<error type>' t├╝r├╝ beklenmiyor [C:\ShadowStrike\ShadowStrike\ShadowStrike.vcxproj]
  ('/src/Shared_modules/Core/Network/WebProtection.cpp' kaynak dosyas─▒ derleniyor)
  
C:\ShadowStrike\ShadowStrike\src\Shared_modules\Core\Network\WebProtection.cpp(379,31): error C2888: 'void ShadowStrike::Core::WebProtectionStatistics::Reset(void) noexcept': simge 'Network' ad alan─▒n─▒n i├ğinde tan─▒mlanamaz [C:\ShadowStrike\ShadowStrike\ShadowStrike.vcxproj]
  ('/src/Shared_modules/Core/Network/WebProtection.cpp' kaynak dosyas─▒ derleniyor)
  
C:\ShadowStrike\ShadowStrike\src\Shared_modules\Core\Network\WebProtection.cpp(406,22): error C2039: 'WebProtectionImpl': bir 'ShadowStrike::Core::WebProtection' ├╝yesi de─şil [C:\ShadowStrike\ShadowStrike\ShadowStrike.vcxproj]
  ('/src/Shared_modules/Core/Network/WebProtection.cpp' kaynak dosyas─▒ derleniyor)
      C:\ShadowStrike\ShadowStrike\src\Shared_modules\Core\Network\WebProtection.hpp(807,7):
      'ShadowStrike::Core::WebProtection' bildirimine bak─▒n
  
C:\ShadowStrike\ShadowStrike\src\Products\PhantomHome\CryptoMinersProtection\CryptoMinerDetector.hpp(151,10): error C1083: i├ğerme dosyas─▒ a├ğ─▒lam─▒yor: '../Utils/Logger.hpp': No such file or directory [C:\ShadowStrike\ShadowStrike\ShadowStrike.vcxproj]
  ('/src/Products/PhantomHome/CryptoMinersProtection/CryptoMinerDetector.cpp' kaynak dosyas─▒ derleniyor)
  
C:\ShadowStrike\ShadowStrike\src\Shared_modules\Core\System\CrashHandler.cpp(309,36): error C2039: 'Utf8ToWide': bir 'ShadowStrike::Utils::StringUtils' ├╝yesi de─şil [C:\ShadowStrike\ShadowStrike\ShadowStrike.vcxproj]
  ('/src/Shared_modules/Core/System/CrashHandler.cpp' kaynak dosyas─▒ derleniyor)
      C:\ShadowStrike\ShadowStrike\src\Shared_modules\Utils\StringUtils.hpp(63,19):
      'ShadowStrike::Utils::StringUtils' bildirimine bak─▒n
  
C:\ShadowStrike\ShadowStrike\src\Shared_modules\Core\System\CrashHandler.cpp(309,36): error C3861: 'Utf8ToWide': tan─▒mlay─▒c─▒ bulunamad─▒ [C:\ShadowStrike\ShadowStrike\ShadowStrike.vcxproj]
  ('/src/Shared_modules/Core/System/CrashHandler.cpp' kaynak dosyas─▒ derleniyor)
  
C:\ShadowStrike\ShadowStrike\src\Shared_modules\Core\System\CrashHandler.cpp(319,32): error C2039: 'Utf8ToWide': bir 'ShadowStrike::Utils::StringUtils' ├╝yesi de─şil [C:\ShadowStrike\ShadowStrike\ShadowStrike.vcxproj]
  ('/src/Shared_modules/Core/System/CrashHandler.cpp' kaynak dosyas─▒ derleniyor)
      C:\ShadowStrike\ShadowStrike\src\Shared_modules\Utils\StringUtils.hpp(63,19):
      'ShadowStrike::Utils::StringUtils' bildirimine bak─▒n
  
C:\ShadowStrike\ShadowStrike\src\Shared_modules\Core\System\CrashHandler.cpp(319,32): error C3861: 'Utf8ToWide': tan─▒mlay─▒c─▒ bulunamad─▒ [C:\ShadowStrike\ShadowStrike\ShadowStrike.vcxproj]
  ('/src/Shared_modules/Core/System/CrashHandler.cpp' kaynak dosyas─▒ derleniyor)
  
C:\ShadowStrike\ShadowStrike\src\Products\PhantomHome\CryptoMinersProtection\PoolConnectionDetector.hpp(136,10): error C1083: i├ğerme dosyas─▒ a├ğ─▒lam─▒yor: '../Utils/Logger.hpp': No such file or directory [C:\ShadowStrike\ShadowStrike\ShadowStrike.vcxproj]
  ('/src/Products/PhantomHome/CryptoMinersProtection/PoolConnectionDetector.cpp' kaynak dosyas─▒ derleniyor)
  
C:\ShadowStrike\ShadowStrike\src\Shared_modules\Core\System\CrashHandler.cpp(502,36): error C2039: 'Memory': bir '_MINIDUMP_CALLBACK_INPUT' ├╝yesi de─şil [C:\ShadowStrike\ShadowStrike\ShadowStrike.vcxproj]
  ('/src/Shared_modules/Core/System/CrashHandler.cpp' kaynak dosyas─▒ derleniyor)
      C:\Program Files (x86)\Windows Kits\10\Include\10.0.26100.0\um\minidumpapiset.h(1237,16):
      '_MINIDUMP_CALLBACK_INPUT' bildirimine bak─▒n
  
C:\ShadowStrike\ShadowStrike\src\Shared_modules\Core\System\CrashHandler.cpp(501,28): error C2737: 'memBase': const nesnesinin ba┼şlat─▒lmas─▒ gerekiyor [C:\ShadowStrike\ShadowStrike\ShadowStrike.vcxproj]
  ('/src/Shared_modules/Core/System/CrashHandler.cpp' kaynak dosyas─▒ derleniyor)
  
C:\ShadowStrike\ShadowStrike\src\Shared_modules\Core\System\CrashHandler.cpp(503,53): error C2039: 'Memory': bir '_MINIDUMP_CALLBACK_INPUT' ├╝yesi de─şil [C:\ShadowStrike\ShadowStrike\ShadowStrike.vcxproj]
  ('/src/Shared_modules/Core/System/CrashHandler.cpp' kaynak dosyas─▒ derleniyor)
      C:\Program Files (x86)\Windows Kits\10\Include\10.0.26100.0\um\minidumpapiset.h(1237,16):
      '_MINIDUMP_CALLBACK_INPUT' bildirimine bak─▒n
  
C:\ShadowStrike\ShadowStrike\src\Shared_modules\Core\System\CrashHandler.cpp(503,28): error C2737: 'memSize': const nesnesinin ba┼şlat─▒lmas─▒ gerekiyor [C:\ShadowStrike\ShadowStrike\ShadowStrike.vcxproj]
  ('/src/Shared_modules/Core/System/CrashHandler.cpp' kaynak dosyas─▒ derleniyor)
  
C:\ShadowStrike\ShadowStrike\src\Shared_modules\Core\System\CrashHandler.cpp(508,25): error C3536: 'memBase': ba┼şlat─▒lmadan ├Ânce kullan─▒lamaz [C:\ShadowStrike\ShadowStrike\ShadowStrike.vcxproj]
  ('/src/Shared_modules/Core/System/CrashHandler.cpp' kaynak dosyas─▒ derleniyor)
  
C:\ShadowStrike\ShadowStrike\src\Shared_modules\Core\System\CrashHandler.cpp(509,35): error C3536: 'memSize': ba┼şlat─▒lmadan ├Ânce kullan─▒lamaz [C:\ShadowStrike\ShadowStrike\ShadowStrike.vcxproj]
  ('/src/Shared_modules/Core/System/CrashHandler.cpp' kaynak dosyas─▒ derleniyor)
  
C:\ShadowStrike\ShadowStrike\src\Shared_modules\Core\Network\WebProtection.cpp(526,21): error C3083: 'WebProtectionImpl': '::' i┼şlecinin sonundaki simge bir t├╝r olmal─▒d─▒r [C:\ShadowStrike\ShadowStrike\ShadowStrike.vcxproj]
  ('/src/Shared_modules/Core/Network/WebProtection.cpp' kaynak dosyas─▒ derleniyor)
  
C:\ShadowStrike\ShadowStrike\src\Shared_modules\Core\Network\WebProtection.cpp(526,40): error C2382: 'ShadowStrike::Core::WebProtection::Initialize': yeniden tan─▒mlama; ├Âzel durum ├Âzellikleri farkl─▒ [C:\ShadowStrike\ShadowStrike\ShadowStrike.vcxproj]
  ('/src/Shared_modules/Core/Network/WebProtection.cpp' kaynak dosyas─▒ derleniyor)
      C:\ShadowStrike\ShadowStrike\src\Shared_modules\Core\Network\WebProtection.hpp(824,10):
      'ShadowStrike::Core::WebProtection::Initialize' bildirimine bak─▒n
  
C:\ShadowStrike\ShadowStrike\src\Shared_modules\Core\Network\WebProtection.cpp(526,40): error C2888: 'bool ShadowStrike::Core::WebProtection::Initialize(const ShadowStrike::Core::WebProtectionConfig &)': simge 'Network' ad alan─▒n─▒n i├ğinde tan─▒mlanamaz [C:\ShadowStrike\ShadowStrike\ShadowStrike.vcxproj]
  ('/src/Shared_modules/Core/Network/WebProtection.cpp' kaynak dosyas─▒ derleniyor)
  
C:\ShadowStrike\ShadowStrike\src\Shared_modules\Core\Network\WebProtection.cpp(528,13): error C2065: 'm_initialized': bildirimi yap─▒lmam─▒┼ş tan─▒mlay─▒c─▒ [C:\ShadowStrike\ShadowStrike\ShadowStrike.vcxproj]
  ('/src/Shared_modules/Core/Network/WebProtection.cpp' kaynak dosyas─▒ derleniyor)
  
C:\ShadowStrike\ShadowStrike\src\Shared_modules\Core\Network\WebProtection.cpp(529,28): error C2664: 'void ShadowStrike::Utils::Logger::Warn(const char *)' : 1 ba─ş─▒ms─▒z de─şi┼şkeni 'const wchar_t [35]' de─şerinden 'const char *' de─şerine d├Ân├╝┼şt├╝r├╝lemez [C:\ShadowStrike\ShadowStrike\ShadowStrike.vcxproj]
  ('/src/Shared_modules/Core/Network/WebProtection.cpp' kaynak dosyas─▒ derleniyor)
      C:\ShadowStrike\ShadowStrike\src\Shared_modules\Core\Network\WebProtection.cpp(529,33):
      ─░┼şaretlenen t├╝rler ilgisiz; d├Ân├╝┼şt├╝rme reinterpret_cast, C stili t├╝r d├Ân├╝┼şt├╝rme veya parantez i├ğine al─▒nm─▒┼ş i┼şlev stili t├╝r d├Ân├╝┼şt├╝rme gerektiriyor
      C:\ShadowStrike\ShadowStrike\src\Shared_modules\Utils\Logger.hpp(264,16):
      'ShadowStrike::Utils::Logger::Warn' bildirimine bak─▒n
      C:\ShadowStrike\ShadowStrike\src\Shared_modules\Utils\Logger.hpp(278,16):
      'void ShadowStrike::Utils::Logger::Warn(std::basic_format_string<char,type_identity<_Args>::type...>,Args ...)' olabilirdi
          C:\ShadowStrike\ShadowStrike\src\Shared_modules\Core\Network\WebProtection.cpp(529,28):
          ili┼şkili k─▒s─▒tlamalar kar┼ş─▒lanmad─▒
              C:\ShadowStrike\ShadowStrike\src\Shared_modules\Utils\Logger.hpp(277,57):
              k─▒s─▒tlama yerine getirilmedi
      C:\ShadowStrike\ShadowStrike\src\Shared_modules\Core\Network\WebProtection.cpp(529,28):
      '(const wchar_t [35])' ba─ş─▒ms─▒z de─şi┼şken listesi e┼şlenmeye ├ğal─▒┼ş─▒l─▒rken
  
C:\ShadowStrike\ShadowStrike\src\Shared_modules\Core\Network\WebProtection.cpp(533,24): error C2664: 'void ShadowStrike::Utils::Logger::Info(const char *)' : 1 ba─ş─▒ms─▒z de─şi┼şkeni 'const wchar_t [31]' de─şerinden 'const char *' de─şerine d├Ân├╝┼şt├╝r├╝lemez [C:\ShadowStrike\ShadowStrike\ShadowStrike.vcxproj]
  ('/src/Shared_modules/Core/Network/WebProtection.cpp' kaynak dosyas─▒ derleniyor)
      C:\ShadowStrike\ShadowStrike\src\Shared_modules\Core\Network\WebProtection.cpp(533,29):
      ─░┼şaretlenen t├╝rler ilgisiz; d├Ân├╝┼şt├╝rme reinterpret_cast, C stili t├╝r d├Ân├╝┼şt├╝rme veya parantez i├ğine al─▒nm─▒┼ş i┼şlev stili t├╝r d├Ân├╝┼şt├╝rme gerektiriyor
      C:\ShadowStrike\ShadowStrike\src\Shared_modules\Utils\Logger.hpp(265,16):
      'ShadowStrike::Utils::Logger::Info' bildirimine bak─▒n
      C:\ShadowStrike\ShadowStrike\src\Shared_modules\Utils\Logger.hpp(282,16):
      'void ShadowStrike::Utils::Logger::Info(std::basic_format_string<char,type_identity<_Args>::type...>,Args ...)' olabilirdi
          C:\ShadowStrike\ShadowStrike\src\Shared_modules\Core\Network\WebProtection.cpp(533,24):
          ili┼şkili k─▒s─▒tlamalar kar┼ş─▒lanmad─▒
              C:\ShadowStrike\ShadowStrike\src\Shared_modules\Utils\Logger.hpp(281,57):
              k─▒s─▒tlama yerine getirilmedi
      C:\ShadowStrike\ShadowStrike\src\Shared_modules\Core\Network\WebProtection.cpp(533,24):
      '(const wchar_t [31])' ba─ş─▒ms─▒z de─şi┼şken listesi e┼şlenmeye ├ğal─▒┼ş─▒l─▒rken
  
C:\ShadowStrike\ShadowStrike\src\Shared_modules\Core\Network\WebProtection.cpp(535,9): error C2065: 'm_config': bildirimi yap─▒lmam─▒┼ş tan─▒mlay─▒c─▒ [C:\ShadowStrike\ShadowStrike\ShadowStrike.vcxproj]
  ('/src/Shared_modules/Core/Network/WebProtection.cpp' kaynak dosyas─▒ derleniyor)
  
C:\ShadowStrike\ShadowStrike\src\Shared_modules\Core\Network\WebProtection.cpp(538,9): error C2065: 'm_threatIntel': bildirimi yap─▒lmam─▒┼ş tan─▒mlay─▒c─▒ [C:\ShadowStrike\ShadowStrike\ShadowStrike.vcxproj]
  ('/src/Shared_modules/Core/Network/WebProtection.cpp' kaynak dosyas─▒ derleniyor)
  
C:\ShadowStrike\ShadowStrike\src\Shared_modules\Core\Network\WebProtection.cpp(539,9): error C2065: 'm_patternStore': bildirimi yap─▒lmam─▒┼ş tan─▒mlay─▒c─▒ [C:\ShadowStrike\ShadowStrike\ShadowStrike.vcxproj]
  ('/src/Shared_modules/Core/Network/WebProtection.cpp' kaynak dosyas─▒ derleniyor)
  
C:\ShadowStrike\ShadowStrike\src\Shared_modules\Core\Network\WebProtection.cpp(540,9): error C2065: 'm_signatureStore': bildirimi yap─▒lmam─▒┼ş tan─▒mlay─▒c─▒ [C:\ShadowStrike\ShadowStrike\ShadowStrike.vcxproj]
  ('/src/Shared_modules/Core/Network/WebProtection.cpp' kaynak dosyas─▒ derleniyor)
  
C:\ShadowStrike\ShadowStrike\src\Shared_modules\Core\Network\WebProtection.cpp(541,9): error C2065: 'm_whitelist': bildirimi yap─▒lmam─▒┼ş tan─▒mlay─▒c─▒ [C:\ShadowStrike\ShadowStrike\ShadowStrike.vcxproj]
  ('/src/Shared_modules/Core/Network/WebProtection.cpp' kaynak dosyas─▒ derleniyor)
  
C:\ShadowStrike\ShadowStrike\src\Shared_modules\Core\Network\WebProtection.cpp(545,35): error C2065: 'm_domainsMutex': bildirimi yap─▒lmam─▒┼ş tan─▒mlay─▒c─▒ [C:\ShadowStrike\ShadowStrike\ShadowStrike.vcxproj]
  ('/src/Shared_modules/Core/Network/WebProtection.cpp' kaynak dosyas─▒ derleniyor)
  
C:\ShadowStrike\ShadowStrike\src\Shared_modules\Core\Network\WebProtection.cpp(545,34): error C2641: 'std::unique_lock' i├ğin ┼şablon ba─ş─▒ms─▒z de─şi┼şkenleri ├ğ─▒kar─▒lam─▒yor [C:\ShadowStrike\ShadowStrike\ShadowStrike.vcxproj]
  ('/src/Shared_modules/Core/Network/WebProtection.cpp' kaynak dosyas─▒ derleniyor)
  
C:\ShadowStrike\ShadowStrike\src\Shared_modules\Core\Network\WebProtection.cpp(547,17): error C2065: 'm_blockedDomains': bildirimi yap─▒lmam─▒┼ş tan─▒mlay─▒c─▒ [C:\ShadowStrike\ShadowStrike\ShadowStrike.vcxproj]
  ('/src/Shared_modules/Core/Network/WebProtection.cpp' kaynak dosyas─▒ derleniyor)
  
C:\ShadowStrike\ShadowStrike\src\Shared_modules\Core\Network\WebProtection.cpp(550,17): error C2065: 'm_allowedDomains': bildirimi yap─▒lmam─▒┼ş tan─▒mlay─▒c─▒ [C:\ShadowStrike\ShadowStrike\ShadowStrike.vcxproj]
  ('/src/Shared_modules/Core/Network/WebProtection.cpp' kaynak dosyas─▒ derleniyor)
  
C:\ShadowStrike\ShadowStrike\src\Shared_modules\Core\Network\WebProtection.cpp(554,24): error C2664: 'void ShadowStrike::Utils::Logger::Info(const char *)' : 1 ba─ş─▒ms─▒z de─şi┼şkeni 'const wchar_t [40]' de─şerinden 'const char *' de─şerine d├Ân├╝┼şt├╝r├╝lemez [C:\ShadowStrike\ShadowStrike\ShadowStrike.vcxproj]
  ('/src/Shared_modules/Core/Network/WebProtection.cpp' kaynak dosyas─▒ derleniyor)
      C:\ShadowStrike\ShadowStrike\src\Shared_modules\Core\Network\WebProtection.cpp(554,29):
      ─░┼şaretlenen t├╝rler ilgisiz; d├Ân├╝┼şt├╝rme reinterpret_cast, C stili t├╝r d├Ân├╝┼şt├╝rme veya parantez i├ğine al─▒nm─▒┼ş i┼şlev stili t├╝r d├Ân├╝┼şt├╝rme gerektiriyor
      C:\ShadowStrike\ShadowStrike\src\Shared_modules\Utils\Logger.hpp(265,16):
      'ShadowStrike::Utils::Logger::Info' bildirimine bak─▒n
      C:\ShadowStrike\ShadowStrike\src\Shared_modules\Utils\Logger.hpp(282,16):
      'void ShadowStrike::Utils::Logger::Info(std::basic_format_string<char,type_identity<_Args>::type...>,Args ...)' olabilirdi
          C:\ShadowStrike\ShadowStrike\src\Shared_modules\Core\Network\WebProtection.cpp(554,24):
          ili┼şkili k─▒s─▒tlamalar kar┼ş─▒lanmad─▒
              C:\ShadowStrike\ShadowStrike\src\Shared_modules\Utils\Logger.hpp(281,57):
              k─▒s─▒tlama yerine getirilmedi
      C:\ShadowStrike\ShadowStrike\src\Shared_modules\Core\Network\WebProtection.cpp(554,24):
      '(const wchar_t [40])' ba─ş─▒ms─▒z de─şi┼şken listesi e┼şlenmeye ├ğal─▒┼ş─▒l─▒rken
  
C:\ShadowStrike\ShadowStrike\src\Shared_modules\Core\Network\WebProtection.cpp(559,48): error C2039: 'Utf8ToWide': bir 'ShadowStrike::Utils::StringUtils' ├╝yesi de─şil [C:\ShadowStrike\ShadowStrike\ShadowStrike.vcxproj]
  ('/src/Shared_modules/Core/Network/WebProtection.cpp' kaynak dosyas─▒ derleniyor)
      C:\ShadowStrike\ShadowStrike\src\Shared_modules\Utils\StringUtils.hpp(63,19):
      'ShadowStrike::Utils::StringUtils' bildirimine bak─▒n
  
C:\ShadowStrike\ShadowStrike\src\Shared_modules\Core\Network\WebProtection.cpp(559,48): error C3861: 'Utf8ToWide': tan─▒mlay─▒c─▒ bulunamad─▒ [C:\ShadowStrike\ShadowStrike\ShadowStrike.vcxproj]
  ('/src/Shared_modules/Core/Network/WebProtection.cpp' kaynak dosyas─▒ derleniyor)
  
C:\ShadowStrike\ShadowStrike\src\Shared_modules\Core\Network\WebProtection.cpp(558,24): error C2660: 'ShadowStrike::Utils::Logger::Error': i┼şlev 2 ba─ş─▒ms─▒z de─şi┼şken alm─▒yor [C:\ShadowStrike\ShadowStrike\ShadowStrike.vcxproj]
  ('/src/Shared_modules/Core/Network/WebProtection.cpp' kaynak dosyas─▒ derleniyor)
      C:\ShadowStrike\ShadowStrike\src\Shared_modules\Utils\Logger.hpp(263,16):
      'ShadowStrike::Utils::Logger::Error' bildirimine bak─▒n
      C:\ShadowStrike\ShadowStrike\src\Shared_modules\Utils\Logger.hpp(274,16):
      'void ShadowStrike::Utils::Logger::Error(std::basic_format_string<char,type_identity<_Args>::type...>,Args ...)' olabilirdi
          C:\ShadowStrike\ShadowStrike\src\Shared_modules\Core\Network\WebProtection.cpp(558,24):
          'void ShadowStrike::Utils::Logger::Error(std::basic_format_string<char,type_identity<_Args>::type...>,Args ...)' i┼şlev ┼şablonu ├Âzelle┼ştirilemedi
              C:\ShadowStrike\ShadowStrike\src\Shared_modules\Core\Network\WebProtection.cpp(558,24):
              ┼Şu ┼şablon ba─ş─▒ms─▒z de─şi┼şkenleriyle:
                  C:\ShadowStrike\ShadowStrike\src\Shared_modules\Core\Network\WebProtection.cpp(558,24):
                  'Args={<error type>}'
      C:\ShadowStrike\ShadowStrike\src\Shared_modules\Core\Network\WebProtection.cpp(558,24):
      '(const wchar_t [42], <error type>)' ba─ş─▒ms─▒z de─şi┼şken listesi e┼şlenmeye ├ğal─▒┼ş─▒l─▒rken
  
C:\ShadowStrike\ShadowStrike\src\Shared_modules\Core\Network\WebProtection.cpp(560,9): error C2065: 'm_initialized': bildirimi yap─▒lmam─▒┼ş tan─▒mlay─▒c─▒ [C:\ShadowStrike\ShadowStrike\ShadowStrike.vcxproj]
  ('/src/Shared_modules/Core/Network/WebProtection.cpp' kaynak dosyas─▒ derleniyor)
  
C:\ShadowStrike\ShadowStrike\src\Shared_modules\Core\Network\WebProtection.cpp(565,21): error C3083: 'WebProtectionImpl': '::' i┼şlecinin sonundaki simge bir t├╝r olmal─▒d─▒r [C:\ShadowStrike\ShadowStrike\ShadowStrike.vcxproj]
  ('/src/Shared_modules/Core/Network/WebProtection.cpp' kaynak dosyas─▒ derleniyor)
  
C:\ShadowStrike\ShadowStrike\src\Shared_modules\Core\Network\WebProtection.cpp(565,40): error C2888: 'void ShadowStrike::Core::WebProtection::Shutdown(void) noexcept': simge 'Network' ad alan─▒n─▒n i├ğinde tan─▒mlanamaz [C:\ShadowStrike\ShadowStrike\ShadowStrike.vcxproj]
  ('/src/Shared_modules/Core/Network/WebProtection.cpp' kaynak dosyas─▒ derleniyor)
  
C:\ShadowStrike\ShadowStrike\src\Shared_modules\Core\Network\WebProtection.cpp(567,14): error C2065: 'm_initialized': bildirimi yap─▒lmam─▒┼ş tan─▒mlay─▒c─▒ [C:\ShadowStrike\ShadowStrike\ShadowStrike.vcxproj]
  ('/src/Shared_modules/Core/Network/WebProtection.cpp' kaynak dosyas─▒ derleniyor)
  
C:\ShadowStrike\ShadowStrike\src\Shared_modules\Core\Network\WebProtection.cpp(571,24): error C2664: 'void ShadowStrike::Utils::Logger::Info(const char *)' : 1 ba─ş─▒ms─▒z de─şi┼şkeni 'const wchar_t [32]' de─şerinden 'const char *' de─şerine d├Ân├╝┼şt├╝r├╝lemez [C:\ShadowStrike\ShadowStrike\ShadowStrike.vcxproj]
  ('/src/Shared_modules/Core/Network/WebProtection.cpp' kaynak dosyas─▒ derleniyor)
      C:\ShadowStrike\ShadowStrike\src\Shared_modules\Core\Network\WebProtection.cpp(571,29):
      ─░┼şaretlenen t├╝rler ilgisiz; d├Ân├╝┼şt├╝rme reinterpret_cast, C stili t├╝r d├Ân├╝┼şt├╝rme veya parantez i├ğine al─▒nm─▒┼ş i┼şlev stili t├╝r d├Ân├╝┼şt├╝rme gerektiriyor
      C:\ShadowStrike\ShadowStrike\src\Shared_modules\Utils\Logger.hpp(265,16):
      'ShadowStrike::Utils::Logger::Info' bildirimine bak─▒n
      C:\ShadowStrike\ShadowStrike\src\Shared_modules\Utils\Logger.hpp(282,16):
      'void ShadowStrike::Utils::Logger::Info(std::basic_format_string<char,type_identity<_Args>::type...>,Args ...)' olabilirdi
          C:\ShadowStrike\ShadowStrike\src\Shared_modules\Core\Network\WebProtection.cpp(571,24):
          ili┼şkili k─▒s─▒tlamalar kar┼ş─▒lanmad─▒
              C:\ShadowStrike\ShadowStrike\src\Shared_modules\Utils\Logger.hpp(281,57):
              k─▒s─▒tlama yerine getirilmedi
      C:\ShadowStrike\ShadowStrike\src\Shared_modules\Core\Network\WebProtection.cpp(571,24):
      '(const wchar_t [32])' ba─ş─▒ms─▒z de─şi┼şken listesi e┼şlenmeye ├ğal─▒┼ş─▒l─▒rken
  
C:\ShadowStrike\ShadowStrike\src\Shared_modules\Core\Network\WebProtection.cpp(576,35): error C2065: 'm_pinsMutex': bildirimi yap─▒lmam─▒┼ş tan─▒mlay─▒c─▒ [C:\ShadowStrike\ShadowStrike\ShadowStrike.vcxproj]
  ('/src/Shared_modules/Core/Network/WebProtection.cpp' kaynak dosyas─▒ derleniyor)
  
C:\ShadowStrike\ShadowStrike\src\Shared_modules\Core\Network\WebProtection.cpp(576,34): error C2641: 'std::unique_lock' i├ğin ┼şablon ba─ş─▒ms─▒z de─şi┼şkenleri ├ğ─▒kar─▒lam─▒yor [C:\ShadowStrike\ShadowStrike\ShadowStrike.vcxproj]
  ('/src/Shared_modules/Core/Network/WebProtection.cpp' kaynak dosyas─▒ derleniyor)
  
C:\ShadowStrike\ShadowStrike\src\Shared_modules\Core\Network\WebProtection.cpp(577,13): error C2065: 'm_pins': bildirimi yap─▒lmam─▒┼ş tan─▒mlay─▒c─▒ [C:\ShadowStrike\ShadowStrike\ShadowStrike.vcxproj]
  ('/src/Shared_modules/Core/Network/WebProtection.cpp' kaynak dosyas─▒ derleniyor)
  
C:\ShadowStrike\ShadowStrike\src\Shared_modules\Core\Network\WebProtection.cpp(581,35): error C2065: 'm_sessionsMutex': bildirimi yap─▒lmam─▒┼ş tan─▒mlay─▒c─▒ [C:\ShadowStrike\ShadowStrike\ShadowStrike.vcxproj]
  ('/src/Shared_modules/Core/Network/WebProtection.cpp' kaynak dosyas─▒ derleniyor)
  
C:\ShadowStrike\ShadowStrike\src\Shared_modules\Core\Network\WebProtection.cpp(581,34): error C2641: 'std::unique_lock' i├ğin ┼şablon ba─ş─▒ms─▒z de─şi┼şkenleri ├ğ─▒kar─▒lam─▒yor [C:\ShadowStrike\ShadowStrike\ShadowStrike.vcxproj]
  ('/src/Shared_modules/Core/Network/WebProtection.cpp' kaynak dosyas─▒ derleniyor)
  
C:\ShadowStrike\ShadowStrike\src\Shared_modules\Core\Network\WebProtection.cpp(582,13): error C2065: 'm_sessions': bildirimi yap─▒lmam─▒┼ş tan─▒mlay─▒c─▒ [C:\ShadowStrike\ShadowStrike\ShadowStrike.vcxproj]
  ('/src/Shared_modules/Core/Network/WebProtection.cpp' kaynak dosyas─▒ derleniyor)
  
C:\ShadowStrike\ShadowStrike\src\Shared_modules\Core\Network\WebProtection.cpp(586,35): error C2065: 'm_domainsMutex': bildirimi yap─▒lmam─▒┼ş tan─▒mlay─▒c─▒ [C:\ShadowStrike\ShadowStrike\ShadowStrike.vcxproj]
  ('/src/Shared_modules/Core/Network/WebProtection.cpp' kaynak dosyas─▒ derleniyor)
  
C:\ShadowStrike\ShadowStrike\src\Shared_modules\Core\Network\WebProtection.cpp(586,34): error C2641: 'std::unique_lock' i├ğin ┼şablon ba─ş─▒ms─▒z de─şi┼şkenleri ├ğ─▒kar─▒lam─▒yor [C:\ShadowStrike\ShadowStrike\ShadowStrike.vcxproj]
  ('/src/Shared_modules/Core/Network/WebProtection.cpp' kaynak dosyas─▒ derleniyor)
  
C:\ShadowStrike\ShadowStrike\src\Shared_modules\Core\Network\WebProtection.cpp(586,34): error C1003: hata say─▒s─▒ 100 taneyi a┼şt─▒; derleme durduruluyor [C:\ShadowStrike\ShadowStrike\ShadowStrike.vcxproj]
  ('/src/Shared_modules/Core/Network/WebProtection.cpp' kaynak dosyas─▒ derleniyor)
  
C:\ShadowStrike\ShadowStrike\src\Shared_modules\Core\System\CrashHandler.cpp(772,10): error C2712: nesne geriye do─şru izleme gerektiren i┼şlevlerde __try kullan─▒lamaz [C:\ShadowStrike\ShadowStrike\ShadowStrike.vcxproj]
  ('/src/Shared_modules/Core/System/CrashHandler.cpp' kaynak dosyas─▒ derleniyor)
  
C:\ShadowStrike\ShadowStrike\src\Shared_modules\Core\System\CrashHandler.cpp(806,10): error C2712: nesne geriye do─şru izleme gerektiren i┼şlevlerde __try kullan─▒lamaz [C:\ShadowStrike\ShadowStrike\ShadowStrike.vcxproj]
  ('/src/Shared_modules/Core/System/CrashHandler.cpp' kaynak dosyas─▒ derleniyor)
  
C:\ShadowStrike\ShadowStrike\src\Shared_modules\Core\System\CrashHandler.cpp(836,20): error C2712: nesne geriye do─şru izleme gerektiren i┼şlevlerde __try kullan─▒lamaz [C:\ShadowStrike\ShadowStrike\ShadowStrike.vcxproj]
  ('/src/Shared_modules/Core/System/CrashHandler.cpp' kaynak dosyas─▒ derleniyor)
  
C:\ShadowStrike\ShadowStrike\src\Shared_modules\Core\System\CrashHandler.cpp(938,13): error C2653: 'Logger': bir s─▒n─▒f veya ad alan─▒ ad─▒ de─şil [C:\ShadowStrike\ShadowStrike\ShadowStrike.vcxproj]
  ('/src/Shared_modules/Core/System/CrashHandler.cpp' kaynak dosyas─▒ derleniyor)
  
C:\ShadowStrike\ShadowStrike\src\Shared_modules\Core\System\CrashHandler.cpp(938,21): error C3861: 'Info': tan─▒mlay─▒c─▒ bulunamad─▒ [C:\ShadowStrike\ShadowStrike\ShadowStrike.vcxproj]
  ('/src/Shared_modules/Core/System/CrashHandler.cpp' kaynak dosyas─▒ derleniyor)
  
C:\ShadowStrike\ShadowStrike\src\Shared_modules\Core\System\CrashHandler.cpp(940,13): error C2653: 'Logger': bir s─▒n─▒f veya ad alan─▒ ad─▒ de─şil [C:\ShadowStrike\ShadowStrike\ShadowStrike.vcxproj]
  ('/src/Shared_modules/Core/System/CrashHandler.cpp' kaynak dosyas─▒ derleniyor)
  
C:\ShadowStrike\ShadowStrike\src\Shared_modules\Core\System\CrashHandler.cpp(940,21): error C3861: 'Error': tan─▒mlay─▒c─▒ bulunamad─▒ [C:\ShadowStrike\ShadowStrike\ShadowStrike.vcxproj]
  ('/src/Shared_modules/Core/System/CrashHandler.cpp' kaynak dosyas─▒ derleniyor)
  
C:\ShadowStrike\ShadowStrike\src\Shared_modules\Core\System\CrashHandler.cpp(1024,13): error C2653: 'Logger': bir s─▒n─▒f veya ad alan─▒ ad─▒ de─şil [C:\ShadowStrike\ShadowStrike\ShadowStrike.vcxproj]
  ('/src/Shared_modules/Core/System/CrashHandler.cpp' kaynak dosyas─▒ derleniyor)
  
C:\ShadowStrike\ShadowStrike\src\Shared_modules\Core\System\CrashHandler.cpp(1024,21): error C3861: 'Info': tan─▒mlay─▒c─▒ bulunamad─▒ [C:\ShadowStrike\ShadowStrike\ShadowStrike.vcxproj]
  ('/src/Shared_modules/Core/System/CrashHandler.cpp' kaynak dosyas─▒ derleniyor)
  
C:\ShadowStrike\ShadowStrike\src\Shared_modules\Core\System\CrashHandler.cpp(1044,13): error C2653: 'Logger': bir s─▒n─▒f veya ad alan─▒ ad─▒ de─şil [C:\ShadowStrike\ShadowStrike\ShadowStrike.vcxproj]
  ('/src/Shared_modules/Core/System/CrashHandler.cpp' kaynak dosyas─▒ derleniyor)
  
C:\ShadowStrike\ShadowStrike\src\Shared_modules\Core\System\CrashHandler.cpp(1044,21): error C3861: 'Info': tan─▒mlay─▒c─▒ bulunamad─▒ [C:\ShadowStrike\ShadowStrike\ShadowStrike.vcxproj]
  ('/src/Shared_modules/Core/System/CrashHandler.cpp' kaynak dosyas─▒ derleniyor)
  
C:\ShadowStrike\ShadowStrike\src\Shared_modules\Core\System\CrashHandler.cpp(1048,13): error C2653: 'Logger': bir s─▒n─▒f veya ad alan─▒ ad─▒ de─şil [C:\ShadowStrike\ShadowStrike\ShadowStrike.vcxproj]
  ('/src/Shared_modules/Core/System/CrashHandler.cpp' kaynak dosyas─▒ derleniyor)
  
C:\ShadowStrike\ShadowStrike\src\Shared_modules\Core\System\CrashHandler.cpp(1048,21): error C3861: 'Error': tan─▒mlay─▒c─▒ bulunamad─▒ [C:\ShadowStrike\ShadowStrike\ShadowStrike.vcxproj]
  ('/src/Shared_modules/Core/System/CrashHandler.cpp' kaynak dosyas─▒ derleniyor)
  
C:\ShadowStrike\ShadowStrike\src\Shared_modules\Core\System\CrashHandler.cpp(1058,9): error C2653: 'Logger': bir s─▒n─▒f veya ad alan─▒ ad─▒ de─şil [C:\ShadowStrike\ShadowStrike\ShadowStrike.vcxproj]
  ('/src/Shared_modules/Core/System/CrashHandler.cpp' kaynak dosyas─▒ derleniyor)
  
C:\ShadowStrike\ShadowStrike\src\Shared_modules\Core\System\CrashHandler.cpp(1058,17): error C3861: 'Info': tan─▒mlay─▒c─▒ bulunamad─▒ [C:\ShadowStrike\ShadowStrike\ShadowStrike.vcxproj]
  ('/src/Shared_modules/Core/System/CrashHandler.cpp' kaynak dosyas─▒ derleniyor)
  
C:\ShadowStrike\ShadowStrike\src\Shared_modules\Core\System\CrashHandler.cpp(1065,9): error C2653: 'Logger': bir s─▒n─▒f veya ad alan─▒ ad─▒ de─şil [C:\ShadowStrike\ShadowStrike\ShadowStrike.vcxproj]
  ('/src/Shared_modules/Core/System/CrashHandler.cpp' kaynak dosyas─▒ derleniyor)
  
C:\ShadowStrike\ShadowStrike\src\Shared_modules\Core\System\CrashHandler.cpp(1065,17): error C3861: 'Info': tan─▒mlay─▒c─▒ bulunamad─▒ [C:\ShadowStrike\ShadowStrike\ShadowStrike.vcxproj]
  ('/src/Shared_modules/Core/System/CrashHandler.cpp' kaynak dosyas─▒ derleniyor)
  
C:\ShadowStrike\ShadowStrike\src\Shared_modules\Core\System\CrashHandler.cpp(1104,21): error C2653: 'Logger': bir s─▒n─▒f veya ad alan─▒ ad─▒ de─şil [C:\ShadowStrike\ShadowStrike\ShadowStrike.vcxproj]
  ('/src/Shared_modules/Core/System/CrashHandler.cpp' kaynak dosyas─▒ derleniyor)
  
C:\ShadowStrike\ShadowStrike\src\Shared_modules\Core\System\CrashHandler.cpp(1105,45): error C2039: 'WideToUtf8': bir 'ShadowStrike::Utils::StringUtils' ├╝yesi de─şil [C:\ShadowStrike\ShadowStrike\ShadowStrike.vcxproj]
  ('/src/Shared_modules/Core/System/CrashHandler.cpp' kaynak dosyas─▒ derleniyor)
      C:\ShadowStrike\ShadowStrike\src\Shared_modules\Utils\StringUtils.hpp(63,19):
      'ShadowStrike::Utils::StringUtils' bildirimine bak─▒n
  
C:\ShadowStrike\ShadowStrike\src\Shared_modules\Core\System\CrashHandler.cpp(1105,45): error C3861: 'WideToUtf8': tan─▒mlay─▒c─▒ bulunamad─▒ [C:\ShadowStrike\ShadowStrike\ShadowStrike.vcxproj]
  ('/src/Shared_modules/Core/System/CrashHandler.cpp' kaynak dosyas─▒ derleniyor)
  
C:\ShadowStrike\ShadowStrike\src\Shared_modules\Core\System\CrashHandler.cpp(1104,29): error C3861: 'Error': tan─▒mlay─▒c─▒ bulunamad─▒ [C:\ShadowStrike\ShadowStrike\ShadowStrike.vcxproj]
  ('/src/Shared_modules/Core/System/CrashHandler.cpp' kaynak dosyas─▒ derleniyor)
  
C:\ShadowStrike\ShadowStrike\src\Shared_modules\Core\System\CrashHandler.cpp(1152,21): error C2653: 'Logger': bir s─▒n─▒f veya ad alan─▒ ad─▒ de─şil [C:\ShadowStrike\ShadowStrike\ShadowStrike.vcxproj]
  ('/src/Shared_modules/Core/System/CrashHandler.cpp' kaynak dosyas─▒ derleniyor)
  
C:\ShadowStrike\ShadowStrike\src\Shared_modules\Core\System\CrashHandler.cpp(1153,45): error C2039: 'WideToUtf8': bir 'ShadowStrike::Utils::StringUtils' ├╝yesi de─şil [C:\ShadowStrike\ShadowStrike\ShadowStrike.vcxproj]
  ('/src/Shared_modules/Core/System/CrashHandler.cpp' kaynak dosyas─▒ derleniyor)
      C:\ShadowStrike\ShadowStrike\src\Shared_modules\Utils\StringUtils.hpp(63,19):
      'ShadowStrike::Utils::StringUtils' bildirimine bak─▒n
  
C:\ShadowStrike\ShadowStrike\src\Shared_modules\Core\System\CrashHandler.cpp(1153,45): error C3861: 'WideToUtf8': tan─▒mlay─▒c─▒ bulunamad─▒ [C:\ShadowStrike\ShadowStrike\ShadowStrike.vcxproj]
  ('/src/Shared_modules/Core/System/CrashHandler.cpp' kaynak dosyas─▒ derleniyor)
  
C:\ShadowStrike\ShadowStrike\src\Shared_modules\Core\System\CrashHandler.cpp(1152,29): error C3861: 'Info': tan─▒mlay─▒c─▒ bulunamad─▒ [C:\ShadowStrike\ShadowStrike\ShadowStrike.vcxproj]
  ('/src/Shared_modules/Core/System/CrashHandler.cpp' kaynak dosyas─▒ derleniyor)
  
C:\ShadowStrike\ShadowStrike\src\Shared_modules\Core\System\CrashHandler.cpp(1158,21): error C2653: 'Logger': bir s─▒n─▒f veya ad alan─▒ ad─▒ de─şil [C:\ShadowStrike\ShadowStrike\ShadowStrike.vcxproj]
  ('/src/Shared_modules/Core/System/CrashHandler.cpp' kaynak dosyas─▒ derleniyor)
  
C:\ShadowStrike\ShadowStrike\src\Shared_modules\Core\System\CrashHandler.cpp(1158,29): error C3861: 'Error': tan─▒mlay─▒c─▒ bulunamad─▒ [C:\ShadowStrike\ShadowStrike\ShadowStrike.vcxproj]
  ('/src/Shared_modules/Core/System/CrashHandler.cpp' kaynak dosyas─▒ derleniyor)
  
C:\ShadowStrike\ShadowStrike\src\Shared_modules\Core\System\CrashHandler.cpp(1164,17): error C2653: 'Logger': bir s─▒n─▒f veya ad alan─▒ ad─▒ de─şil [C:\ShadowStrike\ShadowStrike\ShadowStrike.vcxproj]
  ('/src/Shared_modules/Core/System/CrashHandler.cpp' kaynak dosyas─▒ derleniyor)
  
C:\ShadowStrike\ShadowStrike\src\Shared_modules\Core\System\CrashHandler.cpp(1164,25): error C3861: 'Error': tan─▒mlay─▒c─▒ bulunamad─▒ [C:\ShadowStrike\ShadowStrike\ShadowStrike.vcxproj]
  ('/src/Shared_modules/Core/System/CrashHandler.cpp' kaynak dosyas─▒ derleniyor)
  
C:\ShadowStrike\ShadowStrike\src\Shared_modules\Core\System\CrashHandler.cpp(1182,17): error C2653: 'Logger': bir s─▒n─▒f veya ad alan─▒ ad─▒ de─şil [C:\ShadowStrike\ShadowStrike\ShadowStrike.vcxproj]
  ('/src/Shared_modules/Core/System/CrashHandler.cpp' kaynak dosyas─▒ derleniyor)
  
C:\ShadowStrike\ShadowStrike\src\Shared_modules\Core\System\CrashHandler.cpp(1182,25): error C3861: 'Error': tan─▒mlay─▒c─▒ bulunamad─▒ [C:\ShadowStrike\ShadowStrike\ShadowStrike.vcxproj]
  ('/src/Shared_modules/Core/System/CrashHandler.cpp' kaynak dosyas─▒ derleniyor)
  
C:\ShadowStrike\ShadowStrike\src\Shared_modules\Core\System\CrashHandler.cpp(1232,13): error C2653: 'Logger': bir s─▒n─▒f veya ad alan─▒ ad─▒ de─şil [C:\ShadowStrike\ShadowStrike\ShadowStrike.vcxproj]
  ('/src/Shared_modules/Core/System/CrashHandler.cpp' kaynak dosyas─▒ derleniyor)
  
C:\ShadowStrike\ShadowStrike\src\Shared_modules\Core\System\CrashHandler.cpp(1232,21): error C3861: 'Error': tan─▒mlay─▒c─▒ bulunamad─▒ [C:\ShadowStrike\ShadowStrike\ShadowStrike.vcxproj]
  ('/src/Shared_modules/Core/System/CrashHandler.cpp' kaynak dosyas─▒ derleniyor)
  
C:\ShadowStrike\ShadowStrike\src\Shared_modules\Core\System\CrashHandler.cpp(1248,17): error C2653: 'Logger': bir s─▒n─▒f veya ad alan─▒ ad─▒ de─şil [C:\ShadowStrike\ShadowStrike\ShadowStrike.vcxproj]
  ('/src/Shared_modules/Core/System/CrashHandler.cpp' kaynak dosyas─▒ derleniyor)
  
C:\ShadowStrike\ShadowStrike\src\Shared_modules\Core\System\CrashHandler.cpp(1248,25): error C3861: 'Warn': tan─▒mlay─▒c─▒ bulunamad─▒ [C:\ShadowStrike\ShadowStrike\ShadowStrike.vcxproj]
  ('/src/Shared_modules/Core/System/CrashHandler.cpp' kaynak dosyas─▒ derleniyor)
  
C:\ShadowStrike\ShadowStrike\src\Shared_modules\Core\System\CrashHandler.cpp(1256,21): error C2653: 'Logger': bir s─▒n─▒f veya ad alan─▒ ad─▒ de─şil [C:\ShadowStrike\ShadowStrike\ShadowStrike.vcxproj]
  ('/src/Shared_modules/Core/System/CrashHandler.cpp' kaynak dosyas─▒ derleniyor)
  
C:\ShadowStrike\ShadowStrike\src\Shared_modules\Core\System\CrashHandler.cpp(1256,29): error C3861: 'Warn': tan─▒mlay─▒c─▒ bulunamad─▒ [C:\ShadowStrike\ShadowStrike\ShadowStrike.vcxproj]
  ('/src/Shared_modules/Core/System/CrashHandler.cpp' kaynak dosyas─▒ derleniyor)
  
C:\ShadowStrike\ShadowStrike\src\Products\PhantomHome\Email\SpamDetector.hpp(129,10): error C1083: i├ğerme dosyas─▒ a├ğ─▒lam─▒yor: '../Utils/Logger.hpp': No such file or directory [C:\ShadowStrike\ShadowStrike\ShadowStrike.vcxproj]
  ('/src/Products/PhantomHome/Email/SpamDetector.cpp' kaynak dosyas─▒ derleniyor)
  
C:\ShadowStrike\ShadowStrike\src\Shared_modules\Core\System\CrashHandler.cpp(1287,13): error C2653: 'Logger': bir s─▒n─▒f veya ad alan─▒ ad─▒ de─şil [C:\ShadowStrike\ShadowStrike\ShadowStrike.vcxproj]
  ('/src/Shared_modules/Core/System/CrashHandler.cpp' kaynak dosyas─▒ derleniyor)
  
C:\ShadowStrike\ShadowStrike\src\Shared_modules\Core\System\CrashHandler.cpp(1287,21): error C3861: 'Error': tan─▒mlay─▒c─▒ bulunamad─▒ [C:\ShadowStrike\ShadowStrike\ShadowStrike.vcxproj]
  ('/src/Shared_modules/Core/System/CrashHandler.cpp' kaynak dosyas─▒ derleniyor)
  
C:\ShadowStrike\ShadowStrike\src\Shared_modules\Core\System\CrashHandler.cpp(1332,17): error C2653: 'Logger': bir s─▒n─▒f veya ad alan─▒ ad─▒ de─şil [C:\ShadowStrike\ShadowStrike\ShadowStrike.vcxproj]
  ('/src/Shared_modules/Core/System/CrashHandler.cpp' kaynak dosyas─▒ derleniyor)
  
C:\ShadowStrike\ShadowStrike\src\Shared_modules\Core\System\CrashHandler.cpp(1332,25): error C3861: 'Info': tan─▒mlay─▒c─▒ bulunamad─▒ [C:\ShadowStrike\ShadowStrike\ShadowStrike.vcxproj]
  ('/src/Shared_modules/Core/System/CrashHandler.cpp' kaynak dosyas─▒ derleniyor)
  
C:\ShadowStrike\ShadowStrike\src\Shared_modules\Core\System\CrashHandler.cpp(1336,13): error C2653: 'Logger': bir s─▒n─▒f veya ad alan─▒ ad─▒ de─şil [C:\ShadowStrike\ShadowStrike\ShadowStrike.vcxproj]
  ('/src/Shared_modules/Core/System/CrashHandler.cpp' kaynak dosyas─▒ derleniyor)
  
C:\ShadowStrike\ShadowStrike\src\Shared_modules\Core\System\CrashHandler.cpp(1336,21): error C3861: 'Error': tan─▒mlay─▒c─▒ bulunamad─▒ [C:\ShadowStrike\ShadowStrike\ShadowStrike.vcxproj]
  ('/src/Shared_modules/Core/System/CrashHandler.cpp' kaynak dosyas─▒ derleniyor)
  
C:\ShadowStrike\ShadowStrike\src\Shared_modules\Core\System\CrashHandler.cpp(1483,13): error C2653: 'Logger': bir s─▒n─▒f veya ad alan─▒ ad─▒ de─şil [C:\ShadowStrike\ShadowStrike\ShadowStrike.vcxproj]
  ('/src/Shared_modules/Core/System/CrashHandler.cpp' kaynak dosyas─▒ derleniyor)
  
C:\ShadowStrike\ShadowStrike\src\Shared_modules\Core\System\CrashHandler.cpp(1483,21): error C3861: 'Error': tan─▒mlay─▒c─▒ bulunamad─▒ [C:\ShadowStrike\ShadowStrike\ShadowStrike.vcxproj]
  ('/src/Shared_modules/Core/System/CrashHandler.cpp' kaynak dosyas─▒ derleniyor)
  
C:\ShadowStrike\ShadowStrike\src\Products\PhantomHome\Email\AttachmentScanner.hpp(136,10): error C1083: i├ğerme dosyas─▒ a├ğ─▒lam─▒yor: '../Utils/Logger.hpp': No such file or directory [C:\ShadowStrike\ShadowStrike\ShadowStrike.vcxproj]
  ('/src/Products/PhantomHome/Email/AttachmentScanner.cpp' kaynak dosyas─▒ derleniyor)
  
C:\ShadowStrike\ShadowStrike\src\Shared_modules\Core\System\CrashHandler.cpp(1568,9): error C2653: 'Logger': bir s─▒n─▒f veya ad alan─▒ ad─▒ de─şil [C:\ShadowStrike\ShadowStrike\ShadowStrike.vcxproj]
  ('/src/Shared_modules/Core/System/CrashHandler.cpp' kaynak dosyas─▒ derleniyor)
  
C:\ShadowStrike\ShadowStrike\src\Shared_modules\Core\System\CrashHandler.cpp(1568,17): error C3861: 'Info': tan─▒mlay─▒c─▒ bulunamad─▒ [C:\ShadowStrike\ShadowStrike\ShadowStrike.vcxproj]
  ('/src/Shared_modules/Core/System/CrashHandler.cpp' kaynak dosyas─▒ derleniyor)
  
C:\ShadowStrike\ShadowStrike\src\Shared_modules\Core\System\CrashHandler.cpp(1580,9): error C2653: 'Logger': bir s─▒n─▒f veya ad alan─▒ ad─▒ de─şil [C:\ShadowStrike\ShadowStrike\ShadowStrike.vcxproj]
  ('/src/Shared_modules/Core/System/CrashHandler.cpp' kaynak dosyas─▒ derleniyor)
  
C:\ShadowStrike\ShadowStrike\src\Shared_modules\Core\System\CrashHandler.cpp(1580,17): error C3861: 'Info': tan─▒mlay─▒c─▒ bulunamad─▒ [C:\ShadowStrike\ShadowStrike\ShadowStrike.vcxproj]
  ('/src/Shared_modules/Core/System/CrashHandler.cpp' kaynak dosyas─▒ derleniyor)
  
C:\ShadowStrike\ShadowStrike\src\Shared_modules\Core\System\CrashHandler.cpp(1612,9): error C2653: 'Logger': bir s─▒n─▒f veya ad alan─▒ ad─▒ de─şil [C:\ShadowStrike\ShadowStrike\ShadowStrike.vcxproj]
  ('/src/Shared_modules/Core/System/CrashHandler.cpp' kaynak dosyas─▒ derleniyor)
  
C:\ShadowStrike\ShadowStrike\src\Shared_modules\Core\System\CrashHandler.cpp(1612,17): error C3861: 'Warn': tan─▒mlay─▒c─▒ bulunamad─▒ [C:\ShadowStrike\ShadowStrike\ShadowStrike.vcxproj]
  ('/src/Shared_modules/Core/System/CrashHandler.cpp' kaynak dosyas─▒ derleniyor)
  
C:\ShadowStrike\ShadowStrike\src\Shared_modules\Core\System\CrashHandler.cpp(1677,9): error C2653: 'Logger': bir s─▒n─▒f veya ad alan─▒ ad─▒ de─şil [C:\ShadowStrike\ShadowStrike\ShadowStrike.vcxproj]
  ('/src/Shared_modules/Core/System/CrashHandler.cpp' kaynak dosyas─▒ derleniyor)
  
C:\ShadowStrike\ShadowStrike\src\Shared_modules\Core\System\CrashHandler.cpp(1677,17): error C3861: 'Critical': tan─▒mlay─▒c─▒ bulunamad─▒ [C:\ShadowStrike\ShadowStrike\ShadowStrike.vcxproj]
  ('/src/Shared_modules/Core/System/CrashHandler.cpp' kaynak dosyas─▒ derleniyor)
  
C:\ShadowStrike\ShadowStrike\src\Shared_modules\Core\System\CrashHandler.cpp(1683,33): error C2039: 'Utf8ToWide': bir 'ShadowStrike::Utils::StringUtils' ├╝yesi de─şil [C:\ShadowStrike\ShadowStrike\ShadowStrike.vcxproj]
  ('/src/Shared_modules/Core/System/CrashHandler.cpp' kaynak dosyas─▒ derleniyor)
      C:\ShadowStrike\ShadowStrike\src\Shared_modules\Utils\StringUtils.hpp(63,19):
      'ShadowStrike::Utils::StringUtils' bildirimine bak─▒n
  
C:\ShadowStrike\ShadowStrike\src\Shared_modules\Core\System\CrashHandler.cpp(1683,33): error C3861: 'Utf8ToWide': tan─▒mlay─▒c─▒ bulunamad─▒ [C:\ShadowStrike\ShadowStrike\ShadowStrike.vcxproj]
  ('/src/Shared_modules/Core/System/CrashHandler.cpp' kaynak dosyas─▒ derleniyor)
  
C:\ShadowStrike\ShadowStrike\src\Shared_modules\Core\System\CrashHandler.cpp(1682,45): error C2672: 'std::__p2286::format': e┼şle┼şen a┼ş─▒r─▒ y├╝klenmi┼ş i┼şlev bulunamad─▒ [C:\ShadowStrike\ShadowStrike\ShadowStrike.vcxproj]
  ('/src/Shared_modules/Core/System/CrashHandler.cpp' kaynak dosyas─▒ derleniyor)
      C:\Program Files\Microsoft Visual Studio\2022\Community\VC\Tools\MSVC\14.44.35207\include\format(3003,20):
      'std::wstring std::__p2286::format(const std::locale &,const std::basic_format_string<wchar_t,type_identity<_Args>::type...>,_Types ...)' olabilirdi
          C:\ShadowStrike\ShadowStrike\src\Shared_modules\Core\System\CrashHandler.cpp(1682,52):
          'ba┼şlat─▒l─▒yor': 'const wchar_t [21]' - 'const std::locale &' d├Ân├╝┼ş├╝m├╝ yap─▒lam─▒yor
              C:\ShadowStrike\ShadowStrike\src\Shared_modules\Core\System\CrashHandler.cpp(1682,52):
              Nedeni: 'const wchar_t [21]' de─şerinden 'const std::locale' de─şerine d├Ân├╝┼şt├╝r├╝lemez
              C:\ShadowStrike\ShadowStrike\src\Shared_modules\Core\System\CrashHandler.cpp(1682,52):
              'std::locale::locale': hi├ğbir a┼ş─▒r─▒ y├╝klenmi┼ş i┼şlev t├╝m arg├╝man t├╝rlerini d├Ân├╝┼şt├╝remez
                  C:\Program Files\Microsoft Visual Studio\2022\Community\VC\Tools\MSVC\14.44.35207\include\xlocale(265,5):
                  'std::locale::locale(std::_Uninitialized)' olabilirdi
                      C:\ShadowStrike\ShadowStrike\src\Shared_modules\Core\System\CrashHandler.cpp(1682,52):
                      'std::locale::locale(std::_Uninitialized)' : 1 ba─ş─▒ms─▒z de─şi┼şkeni 'const wchar_t [21]' de─şerinden 'std::_Uninitialized' de─şerine d├Ân├╝┼şt├╝r├╝lemez
                          C:\ShadowStrike\ShadowStrike\src\Shared_modules\Core\System\CrashHandler.cpp(1682,52):
                          Bu d├Ân├╝┼şt├╝rmenin m├╝mk├╝n oldu─şu bir ba─şlam yok
                  C:\Program Files\Microsoft Visual Studio\2022\Community\VC\Tools\MSVC\14.44.35207\include\xlocale(247,5):
                  veya       'std::locale::locale(const std::locale &,const _Facet *)'
                  C:\ShadowStrike\ShadowStrike\src\Shared_modules\Core\System\CrashHandler.cpp(1682,52):
                  '(const wchar_t [21])' ba─ş─▒ms─▒z de─şi┼şken listesi e┼şlenmeye ├ğal─▒┼ş─▒l─▒rken
      C:\Program Files\Microsoft Visual Studio\2022\Community\VC\Tools\MSVC\14.44.35207\include\format(2998,19):
      veya       'std::string std::__p2286::format(const std::locale &,const std::basic_format_string<char,type_identity<_Args>::type...>,_Types ...)'
          C:\ShadowStrike\ShadowStrike\src\Shared_modules\Core\System\CrashHandler.cpp(1682,52):
          'ba┼şlat─▒l─▒yor': 'const wchar_t [21]' - 'const std::locale &' d├Ân├╝┼ş├╝m├╝ yap─▒lam─▒yor
              C:\ShadowStrike\ShadowStrike\src\Shared_modules\Core\System\CrashHandler.cpp(1682,52):
              Nedeni: 'const wchar_t [21]' de─şerinden 'const std::locale' de─şerine d├Ân├╝┼şt├╝r├╝lemez
              C:\ShadowStrike\ShadowStrike\src\Shared_modules\Core\System\CrashHandler.cpp(1682,52):
              'std::locale::locale': hi├ğbir a┼ş─▒r─▒ y├╝klenmi┼ş i┼şlev t├╝m arg├╝man t├╝rlerini d├Ân├╝┼şt├╝remez
                  C:\Program Files\Microsoft Visual Studio\2022\Community\VC\Tools\MSVC\14.44.35207\include\xlocale(265,5):
                  'std::locale::locale(std::_Uninitialized)' olabilirdi
                      C:\ShadowStrike\ShadowStrike\src\Shared_modules\Core\System\CrashHandler.cpp(1682,52):
                      'std::locale::locale(std::_Uninitialized)' : 1 ba─ş─▒ms─▒z de─şi┼şkeni 'const wchar_t [21]' de─şerinden 'std::_Uninitialized' de─şerine d├Ân├╝┼şt├╝r├╝lemez
                          C:\ShadowStrike\ShadowStrike\src\Shared_modules\Core\System\CrashHandler.cpp(1682,52):
                          Bu d├Ân├╝┼şt├╝rmenin m├╝mk├╝n oldu─şu bir ba─şlam yok
                  C:\Program Files\Microsoft Visual Studio\2022\Community\VC\Tools\MSVC\14.44.35207\include\xlocale(247,5):
                  veya       'std::locale::locale(const std::locale &,const _Facet *)'
                  C:\ShadowStrike\ShadowStrike\src\Shared_modules\Core\System\CrashHandler.cpp(1682,52):
                  '(const wchar_t [21])' ba─ş─▒ms─▒z de─şi┼şken listesi e┼şlenmeye ├ğal─▒┼ş─▒l─▒rken
      C:\Program Files\Microsoft Visual Studio\2022\Community\VC\Tools\MSVC\14.44.35207\include\format(2993,20):
      veya       'std::wstring std::__p2286::format(const std::basic_format_string<wchar_t,type_identity<_Args>::type...>,_Types ...)'
          C:\ShadowStrike\ShadowStrike\src\Shared_modules\Core\System\CrashHandler.cpp(1682,45):
          'std::wstring std::__p2286::format(const std::basic_format_string<wchar_t,type_identity<_Args>::type...>,_Types ...)' i┼şlev ┼şablonu ├Âzelle┼ştirilemedi
              C:\ShadowStrike\ShadowStrike\src\Shared_modules\Core\System\CrashHandler.cpp(1682,45):
              ┼Şu ┼şablon ba─ş─▒ms─▒z de─şi┼şkenleriyle:
                  C:\ShadowStrike\ShadowStrike\src\Shared_modules\Core\System\CrashHandler.cpp(1682,45):
                  '_Types={<error type>}'
      C:\Program Files\Microsoft Visual Studio\2022\Community\VC\Tools\MSVC\14.44.35207\include\format(2988,19):
      veya       'std::string std::__p2286::format(const std::basic_format_string<char,type_identity<_Args>::type...>,_Types ...)'
          C:\ShadowStrike\ShadowStrike\src\Shared_modules\Core\System\CrashHandler.cpp(1682,45):
          'std::string std::__p2286::format(const std::basic_format_string<char,type_identity<_Args>::type...>,_Types ...)' i┼şlev ┼şablonu ├Âzelle┼ştirilemedi
              C:\ShadowStrike\ShadowStrike\src\Shared_modules\Core\System\CrashHandler.cpp(1682,45):
              ┼Şu ┼şablon ba─ş─▒ms─▒z de─şi┼şkenleriyle:
                  C:\ShadowStrike\ShadowStrike\src\Shared_modules\Core\System\CrashHandler.cpp(1682,45):
                  '_Types={<error type>}'
  
C:\ShadowStrike\ShadowStrike\src\Shared_modules\Core\System\CrashHandler.cpp(1701,9): error C2653: 'Logger': bir s─▒n─▒f veya ad alan─▒ ad─▒ de─şil [C:\ShadowStrike\ShadowStrike\ShadowStrike.vcxproj]
  ('/src/Shared_modules/Core/System/CrashHandler.cpp' kaynak dosyas─▒ derleniyor)
  
C:\ShadowStrike\ShadowStrike\src\Shared_modules\Core\System\CrashHandler.cpp(1701,17): error C3861: 'Info': tan─▒mlay─▒c─▒ bulunamad─▒ [C:\ShadowStrike\ShadowStrike\ShadowStrike.vcxproj]
  ('/src/Shared_modules/Core/System/CrashHandler.cpp' kaynak dosyas─▒ derleniyor)
  
C:\ShadowStrike\ShadowStrike\src\Shared_modules\Core\System\CrashHandler.cpp(1706,9): error C2653: 'Logger': bir s─▒n─▒f veya ad alan─▒ ad─▒ de─şil [C:\ShadowStrike\ShadowStrike\ShadowStrike.vcxproj]
  ('/src/Shared_modules/Core/System/CrashHandler.cpp' kaynak dosyas─▒ derleniyor)
  
C:\ShadowStrike\ShadowStrike\src\Shared_modules\Core\System\CrashHandler.cpp(1706,17): error C3861: 'Info': tan─▒mlay─▒c─▒ bulunamad─▒ [C:\ShadowStrike\ShadowStrike\ShadowStrike.vcxproj]
  ('/src/Shared_modules/Core/System/CrashHandler.cpp' kaynak dosyas─▒ derleniyor)
  
C:\ShadowStrike\ShadowStrike\src\Shared_modules\Core\System\CrashHandler.cpp(1747,9): error C2653: 'Logger': bir s─▒n─▒f veya ad alan─▒ ad─▒ de─şil [C:\ShadowStrike\ShadowStrike\ShadowStrike.vcxproj]
  ('/src/Shared_modules/Core/System/CrashHandler.cpp' kaynak dosyas─▒ derleniyor)
  
C:\ShadowStrike\ShadowStrike\src\Shared_modules\Core\System\CrashHandler.cpp(1747,17): error C3861: 'Info': tan─▒mlay─▒c─▒ bulunamad─▒ [C:\ShadowStrike\ShadowStrike\ShadowStrike.vcxproj]
  ('/src/Shared_modules/Core/System/CrashHandler.cpp' kaynak dosyas─▒ derleniyor)
  
C:\ShadowStrike\ShadowStrike\src\Shared_modules\Core\System\CrashHandler.cpp(1961,21): error C2653: 'Logger': bir s─▒n─▒f veya ad alan─▒ ad─▒ de─şil [C:\ShadowStrike\ShadowStrike\ShadowStrike.vcxproj]
  ('/src/Shared_modules/Core/System/CrashHandler.cpp' kaynak dosyas─▒ derleniyor)
  
C:\ShadowStrike\ShadowStrike\src\Shared_modules\Core\System\CrashHandler.cpp(1962,45): error C2039: 'WideToUtf8': bir 'ShadowStrike::Utils::StringUtils' ├╝yesi de─şil [C:\ShadowStrike\ShadowStrike\ShadowStrike.vcxproj]
  ('/src/Shared_modules/Core/System/CrashHandler.cpp' kaynak dosyas─▒ derleniyor)
      C:\ShadowStrike\ShadowStrike\src\Shared_modules\Utils\StringUtils.hpp(63,19):
      'ShadowStrike::Utils::StringUtils' bildirimine bak─▒n
  
C:\ShadowStrike\ShadowStrike\src\Shared_modules\Core\System\CrashHandler.cpp(1962,45): error C3861: 'WideToUtf8': tan─▒mlay─▒c─▒ bulunamad─▒ [C:\ShadowStrike\ShadowStrike\ShadowStrike.vcxproj]
  ('/src/Shared_modules/Core/System/CrashHandler.cpp' kaynak dosyas─▒ derleniyor)
  
C:\ShadowStrike\ShadowStrike\src\Shared_modules\Core\System\CrashHandler.cpp(1961,29): error C3861: 'Critical': tan─▒mlay─▒c─▒ bulunamad─▒ [C:\ShadowStrike\ShadowStrike\ShadowStrike.vcxproj]
  ('/src/Shared_modules/Core/System/CrashHandler.cpp' kaynak dosyas─▒ derleniyor)
  
C:\ShadowStrike\ShadowStrike\src\Shared_modules\Core\System\CrashHandler.cpp(1952,10): error C2712: nesne geriye do─şru izleme gerektiren i┼şlevlerde __try kullan─▒lamaz [C:\ShadowStrike\ShadowStrike\ShadowStrike.vcxproj]
  ('/src/Shared_modules/Core/System/CrashHandler.cpp' kaynak dosyas─▒ derleniyor)
  
C:\ShadowStrike\ShadowStrike\src\Shared_modules\Core\System\CrashHandler.cpp(2123,13): error C2653: 'Logger': bir s─▒n─▒f veya ad alan─▒ ad─▒ de─şil [C:\ShadowStrike\ShadowStrike\ShadowStrike.vcxproj]
  ('/src/Shared_modules/Core/System/CrashHandler.cpp' kaynak dosyas─▒ derleniyor)
  
C:\ShadowStrike\ShadowStrike\src\Shared_modules\Core\System\CrashHandler.cpp(2123,21): error C3861: 'Error': tan─▒mlay─▒c─▒ bulunamad─▒ [C:\ShadowStrike\ShadowStrike\ShadowStrike.vcxproj]
  ('/src/Shared_modules/Core/System/CrashHandler.cpp' kaynak dosyas─▒ derleniyor)
  
C:\ShadowStrike\ShadowStrike\src\Shared_modules\Core\System\CrashHandler.cpp(2130,41): error C2248: 'ShadowStrike::Core::System::CrashHandler::m_impl': private ├╝ye ('ShadowStrike::Core::System::CrashHandler' s─▒n─▒f─▒nda bildirimi yap─▒lan) eri┼şilebilir de─şil [C:\ShadowStrike\ShadowStrike\ShadowStrike.vcxproj]
  ('/src/Shared_modules/Core/System/CrashHandler.cpp' kaynak dosyas─▒ derleniyor)
      C:\ShadowStrike\ShadowStrike\src\Shared_modules\Core\System\CrashHandler.hpp(560,39):
      'ShadowStrike::Core::System::CrashHandler::m_impl' bildirimine bak─▒n
      C:\ShadowStrike\ShadowStrike\src\Shared_modules\Core\System\CrashHandler.hpp(376,7):
      'ShadowStrike::Core::System::CrashHandler' bildirimine bak─▒n
  
C:\ShadowStrike\ShadowStrike\src\Products\PhantomHome\Email\EmailProtection.hpp(130,10): error C1083: i├ğerme dosyas─▒ a├ğ─▒lam─▒yor: '../Utils/Logger.hpp': No such file or directory [C:\ShadowStrike\ShadowStrike\ShadowStrike.vcxproj]
  ('/src/Products/PhantomHome/Email/EmailProtection.cpp' kaynak dosyas─▒ derleniyor)
  
C:\ShadowStrike\ShadowStrike\src\Products\PhantomHome\Email\PhishingEmailDetector.hpp(134,10): error C1083: i├ğerme dosyas─▒ a├ğ─▒lam─▒yor: '../Utils/Logger.hpp': No such file or directory [C:\ShadowStrike\ShadowStrike\ShadowStrike.vcxproj]
  ('/src/Products/PhantomHome/Email/PhishingEmailDetector.cpp' kaynak dosyas─▒ derleniyor)
  
C:\ShadowStrike\ShadowStrike\src\Products\PhantomHome\Email\OutlookScanner.hpp(131,10): error C1083: i├ğerme dosyas─▒ a├ğ─▒lam─▒yor: '../Utils/Logger.hpp': No such file or directory [C:\ShadowStrike\ShadowStrike\ShadowStrike.vcxproj]
  ('/src/Products/PhantomHome/Email/OutlookScanner.cpp' kaynak dosyas─▒ derleniyor)
  
C:\ShadowStrike\ShadowStrike\src\Shared_modules\Core\System\EventLogger.hpp(657,9): warning C4005: 'SS_LOG_DEBUG': makro yeniden tan─▒mlama [C:\ShadowStrike\ShadowStrike\ShadowStrike.vcxproj]
  ('/src/Shared_modules/Core/System/EventLogger.cpp' kaynak dosyas─▒ derleniyor)
      C:\ShadowStrike\ShadowStrike\src\Shared_modules\Utils\Logger.hpp(482,9):
      ├Ânceki 'SS_LOG_DEBUG' tan─▒m─▒na bak─▒n
  
C:\ShadowStrike\ShadowStrike\src\Shared_modules\Core\System\EventLogger.hpp(663,9): warning C4005: 'SS_LOG_INFO': makro yeniden tan─▒mlama [C:\ShadowStrike\ShadowStrike\ShadowStrike.vcxproj]
  ('/src/Shared_modules/Core/System/EventLogger.cpp' kaynak dosyas─▒ derleniyor)
      C:\ShadowStrike\ShadowStrike\src\Shared_modules\Utils\Logger.hpp(493,9):
      ├Ânceki 'SS_LOG_INFO' tan─▒m─▒na bak─▒n
  
C:\ShadowStrike\ShadowStrike\src\Shared_modules\Core\System\EventLogger.hpp(675,9): warning C4005: 'SS_LOG_ERROR': makro yeniden tan─▒mlama [C:\ShadowStrike\ShadowStrike\ShadowStrike.vcxproj]
  ('/src/Shared_modules/Core/System/EventLogger.cpp' kaynak dosyas─▒ derleniyor)
      C:\ShadowStrike\ShadowStrike\src\Shared_modules\Utils\Logger.hpp(515,9):
      ├Ânceki 'SS_LOG_ERROR' tan─▒m─▒na bak─▒n
  
C:\ShadowStrike\ShadowStrike\src\Products\PhantomHome\Email\ThunderbirdScanner.hpp(128,10): error C1083: i├ğerme dosyas─▒ a├ğ─▒lam─▒yor: '../Utils/Logger.hpp': No such file or directory [C:\ShadowStrike\ShadowStrike\ShadowStrike.vcxproj]
  ('/src/Products/PhantomHome/Email/ThunderbirdScanner.cpp' kaynak dosyas─▒ derleniyor)
  
C:\ShadowStrike\ShadowStrike\src\Shared_modules\Core\Process\ProcessInjectionDetector.cpp(183,20): warning C4566: '\u2192' evrensel karakter ad─▒ ile temsil edilen karakter ┼şu anki kod sayfas─▒nda (1254) temsil g├Âsterilemiyor [C:\ShadowStrike\ShadowStrike\ShadowStrike.vcxproj]
  ('/src/Shared_modules/Core/Process/ProcessInjectionDetector.cpp' kaynak dosyas─▒ derleniyor)
  
C:\ShadowStrike\ShadowStrike\src\Shared_modules\Core\Process\ProcessInjectionDetector.cpp(186,20): warning C4566: '\u2192' evrensel karakter ad─▒ ile temsil edilen karakter ┼şu anki kod sayfas─▒nda (1254) temsil g├Âsterilemiyor [C:\ShadowStrike\ShadowStrike\ShadowStrike.vcxproj]
  ('/src/Shared_modules/Core/Process/ProcessInjectionDetector.cpp' kaynak dosyas─▒ derleniyor)
  
C:\ShadowStrike\ShadowStrike\src\Shared_modules\Core\Process\ProcessInjectionDetector.cpp(189,20): warning C4566: '\u2192' evrensel karakter ad─▒ ile temsil edilen karakter ┼şu anki kod sayfas─▒nda (1254) temsil g├Âsterilemiyor [C:\ShadowStrike\ShadowStrike\ShadowStrike.vcxproj]
  ('/src/Shared_modules/Core/Process/ProcessInjectionDetector.cpp' kaynak dosyas─▒ derleniyor)
  
C:\ShadowStrike\ShadowStrike\src\Shared_modules\Core\Process\ProcessInjectionDetector.cpp(192,20): warning C4566: '\u2192' evrensel karakter ad─▒ ile temsil edilen karakter ┼şu anki kod sayfas─▒nda (1254) temsil g├Âsterilemiyor [C:\ShadowStrike\ShadowStrike\ShadowStrike.vcxproj]
  ('/src/Shared_modules/Core/Process/ProcessInjectionDetector.cpp' kaynak dosyas─▒ derleniyor)
  
C:\ShadowStrike\ShadowStrike\src\Shared_modules\Core\Process\ProcessInjectionDetector.cpp(196,20): warning C4566: '\u2192' evrensel karakter ad─▒ ile temsil edilen karakter ┼şu anki kod sayfas─▒nda (1254) temsil g├Âsterilemiyor [C:\ShadowStrike\ShadowStrike\ShadowStrike.vcxproj]
  ('/src/Shared_modules/Core/Process/ProcessInjectionDetector.cpp' kaynak dosyas─▒ derleniyor)
  
C:\ShadowStrike\ShadowStrike\src\Shared_modules\Core\Process\ProcessInjectionDetector.cpp(199,20): warning C4566: '\u2192' evrensel karakter ad─▒ ile temsil edilen karakter ┼şu anki kod sayfas─▒nda (1254) temsil g├Âsterilemiyor [C:\ShadowStrike\ShadowStrike\ShadowStrike.vcxproj]
  ('/src/Shared_modules/Core/Process/ProcessInjectionDetector.cpp' kaynak dosyas─▒ derleniyor)
  
C:\ShadowStrike\ShadowStrike\src\Shared_modules\Core\Process\ProcessInjectionDetector.cpp(202,20): warning C4566: '\u2192' evrensel karakter ad─▒ ile temsil edilen karakter ┼şu anki kod sayfas─▒nda (1254) temsil g├Âsterilemiyor [C:\ShadowStrike\ShadowStrike\ShadowStrike.vcxproj]
  ('/src/Shared_modules/Core/Process/ProcessInjectionDetector.cpp' kaynak dosyas─▒ derleniyor)
  
C:\ShadowStrike\ShadowStrike\src\Shared_modules\Core\Process\ProcessInjectionDetector.cpp(205,20): warning C4566: '\u2192' evrensel karakter ad─▒ ile temsil edilen karakter ┼şu anki kod sayfas─▒nda (1254) temsil g├Âsterilemiyor [C:\ShadowStrike\ShadowStrike\ShadowStrike.vcxproj]
  ('/src/Shared_modules/Core/Process/ProcessInjectionDetector.cpp' kaynak dosyas─▒ derleniyor)
  
C:\ShadowStrike\ShadowStrike\src\Shared_modules\Core\Process\ProcessInjectionDetector.cpp(213,24): error C2106: '=': sol i┼şle├ğ lvalue olmal─▒d─▒r [C:\ShadowStrike\ShadowStrike\ShadowStrike.vcxproj]
  ('/src/Shared_modules/Core/Process/ProcessInjectionDetector.cpp' kaynak dosyas─▒ derleniyor)
  
C:\ShadowStrike\ShadowStrike\src\Shared_modules\Core\Process\ProcessInjectionDetector.cpp(214,24): error C2106: '=': sol i┼şle├ğ lvalue olmal─▒d─▒r [C:\ShadowStrike\ShadowStrike\ShadowStrike.vcxproj]
  ('/src/Shared_modules/Core/Process/ProcessInjectionDetector.cpp' kaynak dosyas─▒ derleniyor)
  
C:\ShadowStrike\ShadowStrike\src\Shared_modules\Core\Process\ProcessInjectionDetector.cpp(215,24): error C2106: '=': sol i┼şle├ğ lvalue olmal─▒d─▒r [C:\ShadowStrike\ShadowStrike\ShadowStrike.vcxproj]
  ('/src/Shared_modules/Core/Process/ProcessInjectionDetector.cpp' kaynak dosyas─▒ derleniyor)
  
C:\ShadowStrike\ShadowStrike\src\Shared_modules\Core\Process\ProcessInjectionDetector.cpp(226,24): error C2059: s├Âzdizimi hatas─▒: 'sabit' [C:\ShadowStrike\ShadowStrike\ShadowStrike.vcxproj]
  ('/src/Shared_modules/Core/Process/ProcessInjectionDetector.cpp' kaynak dosyas─▒ derleniyor)
  
C:\ShadowStrike\ShadowStrike\src\Shared_modules\Core\Process\ProcessInjectionDetector.cpp(227,24): error C2059: s├Âzdizimi hatas─▒: 'sabit' [C:\ShadowStrike\ShadowStrike\ShadowStrike.vcxproj]
  ('/src/Shared_modules/Core/Process/ProcessInjectionDetector.cpp' kaynak dosyas─▒ derleniyor)
  
C:\ShadowStrike\ShadowStrike\src\Shared_modules\Core\Process\ProcessInjectionDetector.cpp(228,24): error C2059: s├Âzdizimi hatas─▒: 'sabit' [C:\ShadowStrike\ShadowStrike\ShadowStrike.vcxproj]
  ('/src/Shared_modules/Core/Process/ProcessInjectionDetector.cpp' kaynak dosyas─▒ derleniyor)
  
C:\ShadowStrike\ShadowStrike\src\Shared_modules\Core\Process\ProcessInjectionDetector.cpp(229,24): error C2059: s├Âzdizimi hatas─▒: 'sabit' [C:\ShadowStrike\ShadowStrike\ShadowStrike.vcxproj]
  ('/src/Shared_modules/Core/Process/ProcessInjectionDetector.cpp' kaynak dosyas─▒ derleniyor)
  
C:\ShadowStrike\ShadowStrike\src\Shared_modules\Core\Process\ProcessInjectionDetector.cpp(237,45): error C2039: 'GetProcessModules': bir 'ShadowStrike::Utils::ProcessUtils' ├╝yesi de─şil [C:\ShadowStrike\ShadowStrike\ShadowStrike.vcxproj]
  ('/src/Shared_modules/Core/Process/ProcessInjectionDetector.cpp' kaynak dosyas─▒ derleniyor)
      C:\ShadowStrike\ShadowStrike\src\Shared_modules\Utils\ProcessUtils.hpp(51,19):
      'ShadowStrike::Utils::ProcessUtils' bildirimine bak─▒n
  
C:\ShadowStrike\ShadowStrike\src\Shared_modules\Core\Process\ProcessInjectionDetector.cpp(237,45): error C3861: 'GetProcessModules': tan─▒mlay─▒c─▒ bulunamad─▒ [C:\ShadowStrike\ShadowStrike\ShadowStrike.vcxproj]
  ('/src/Shared_modules/Core/Process/ProcessInjectionDetector.cpp' kaynak dosyas─▒ derleniyor)
  
C:\ShadowStrike\ShadowStrike\src\Shared_modules\Core\Process\ProcessInjectionDetector.cpp(238,32): error C3312: ├ğa─şr─▒labilir hi├ğbir 'begin' i┼şlevi bulunamad─▒ ('<error type>' t├╝r├╝ i├ğin) [C:\ShadowStrike\ShadowStrike\ShadowStrike.vcxproj]
  ('/src/Shared_modules/Core/Process/ProcessInjectionDetector.cpp' kaynak dosyas─▒ derleniyor)
  
C:\ShadowStrike\ShadowStrike\src\Shared_modules\Core\Process\ProcessInjectionDetector.cpp(238,32): error C3312: ├ğa─şr─▒labilir hi├ğbir 'end' i┼şlevi bulunamad─▒ ('<error type>' t├╝r├╝ i├ğin) [C:\ShadowStrike\ShadowStrike\ShadowStrike.vcxproj]
  ('/src/Shared_modules/Core/Process/ProcessInjectionDetector.cpp' kaynak dosyas─▒ derleniyor)
  
C:\ShadowStrike\ShadowStrike\src\Shared_modules\Core\Process\ProcessInjectionDetector.cpp(238,26): error C2530: 'mod': ba┼şvurular─▒n ba┼şlat─▒lmas─▒ gerekir [C:\ShadowStrike\ShadowStrike\ShadowStrike.vcxproj]
  ('/src/Shared_modules/Core/Process/ProcessInjectionDetector.cpp' kaynak dosyas─▒ derleniyor)
  
C:\ShadowStrike\ShadowStrike\src\Shared_modules\Core\Process\ProcessInjectionDetector.cpp(238,26): error C3531: 'mod': t├╝r├╝ 'auto' i├ğeren bir simgenin bir ba┼şlat─▒c─▒s─▒ olmal─▒d─▒r [C:\ShadowStrike\ShadowStrike\ShadowStrike.vcxproj]
  ('/src/Shared_modules/Core/Process/ProcessInjectionDetector.cpp' kaynak dosyas─▒ derleniyor)
  
C:\ShadowStrike\ShadowStrike\src\Shared_modules\Core\Process\ProcessInjectionDetector.cpp(238,30): error C2143: s├Âzdizimi hatas─▒: ';' eksik (':' ├Âncesinde) [C:\ShadowStrike\ShadowStrike\ShadowStrike.vcxproj]
  ('/src/Shared_modules/Core/Process/ProcessInjectionDetector.cpp' kaynak dosyas─▒ derleniyor)
  
C:\ShadowStrike\ShadowStrike\src\Shared_modules\Core\Process\ProcessInjectionDetector.cpp(238,39): error C2143: s├Âzdizimi hatas─▒: ';' eksik (')' ├Âncesinde) [C:\ShadowStrike\ShadowStrike\ShadowStrike.vcxproj]
  ('/src/Shared_modules/Core/Process/ProcessInjectionDetector.cpp' kaynak dosyas─▒ derleniyor)
  
C:\ShadowStrike\ShadowStrike\src\Shared_modules\Core\Process\ProcessInjectionDetector.cpp(239,29): error C2737: 'base': const nesnesinin ba┼şlat─▒lmas─▒ gerekiyor [C:\ShadowStrike\ShadowStrike\ShadowStrike.vcxproj]
  ('/src/Shared_modules/Core/Process/ProcessInjectionDetector.cpp' kaynak dosyas─▒ derleniyor)
  
C:\ShadowStrike\ShadowStrike\src\Shared_modules\Core\Process\ProcessInjectionDetector.cpp(240,29): error C2737: 'end': const nesnesinin ba┼şlat─▒lmas─▒ gerekiyor [C:\ShadowStrike\ShadowStrike\ShadowStrike.vcxproj]
  ('/src/Shared_modules/Core/Process/ProcessInjectionDetector.cpp' kaynak dosyas─▒ derleniyor)
  
C:\ShadowStrike\ShadowStrike\src\Shared_modules\Core\Process\ProcessInjectionDetector.cpp(253,45): error C2039: 'GetProcessModules': bir 'ShadowStrike::Utils::ProcessUtils' ├╝yesi de─şil [C:\ShadowStrike\ShadowStrike\ShadowStrike.vcxproj]
  ('/src/Shared_modules/Core/Process/ProcessInjectionDetector.cpp' kaynak dosyas─▒ derleniyor)
      C:\ShadowStrike\ShadowStrike\src\Shared_modules\Utils\ProcessUtils.hpp(51,19):
      'ShadowStrike::Utils::ProcessUtils' bildirimine bak─▒n
  
C:\ShadowStrike\ShadowStrike\src\Shared_modules\Core\Process\ProcessInjectionDetector.cpp(253,45): error C3861: 'GetProcessModules': tan─▒mlay─▒c─▒ bulunamad─▒ [C:\ShadowStrike\ShadowStrike\ShadowStrike.vcxproj]
  ('/src/Shared_modules/Core/Process/ProcessInjectionDetector.cpp' kaynak dosyas─▒ derleniyor)
  
C:\ShadowStrike\ShadowStrike\src\Shared_modules\Core\Process\ProcessInjectionDetector.cpp(254,32): error C3312: ├ğa─şr─▒labilir hi├ğbir 'begin' i┼şlevi bulunamad─▒ ('<error type>' t├╝r├╝ i├ğin) [C:\ShadowStrike\ShadowStrike\ShadowStrike.vcxproj]
  ('/src/Shared_modules/Core/Process/ProcessInjectionDetector.cpp' kaynak dosyas─▒ derleniyor)
  
C:\ShadowStrike\ShadowStrike\src\Shared_modules\Core\Process\ProcessInjectionDetector.cpp(254,32): error C3312: ├ğa─şr─▒labilir hi├ğbir 'end' i┼şlevi bulunamad─▒ ('<error type>' t├╝r├╝ i├ğin) [C:\ShadowStrike\ShadowStrike\ShadowStrike.vcxproj]
  ('/src/Shared_modules/Core/Process/ProcessInjectionDetector.cpp' kaynak dosyas─▒ derleniyor)
  
C:\ShadowStrike\ShadowStrike\src\Shared_modules\Core\Process\ProcessInjectionDetector.cpp(254,26): error C2530: 'mod': ba┼şvurular─▒n ba┼şlat─▒lmas─▒ gerekir [C:\ShadowStrike\ShadowStrike\ShadowStrike.vcxproj]
  ('/src/Shared_modules/Core/Process/ProcessInjectionDetector.cpp' kaynak dosyas─▒ derleniyor)
  
C:\ShadowStrike\ShadowStrike\src\Shared_modules\Core\Process\ProcessInjectionDetector.cpp(254,26): error C3531: 'mod': t├╝r├╝ 'auto' i├ğeren bir simgenin bir ba┼şlat─▒c─▒s─▒ olmal─▒d─▒r [C:\ShadowStrike\ShadowStrike\ShadowStrike.vcxproj]
  ('/src/Shared_modules/Core/Process/ProcessInjectionDetector.cpp' kaynak dosyas─▒ derleniyor)
  
C:\ShadowStrike\ShadowStrike\src\Shared_modules\Core\Process\ProcessInjectionDetector.cpp(254,30): error C2143: s├Âzdizimi hatas─▒: ';' eksik (':' ├Âncesinde) [C:\ShadowStrike\ShadowStrike\ShadowStrike.vcxproj]
  ('/src/Shared_modules/Core/Process/ProcessInjectionDetector.cpp' kaynak dosyas─▒ derleniyor)
  
C:\ShadowStrike\ShadowStrike\src\Shared_modules\Core\Process\ProcessInjectionDetector.cpp(254,39): error C2143: s├Âzdizimi hatas─▒: ';' eksik (')' ├Âncesinde) [C:\ShadowStrike\ShadowStrike\ShadowStrike.vcxproj]
  ('/src/Shared_modules/Core/Process/ProcessInjectionDetector.cpp' kaynak dosyas─▒ derleniyor)
  
C:\ShadowStrike\ShadowStrike\src\Shared_modules\Core\Process\ProcessInjectionDetector.cpp(255,29): error C2737: 'base': const nesnesinin ba┼şlat─▒lmas─▒ gerekiyor [C:\ShadowStrike\ShadowStrike\ShadowStrike.vcxproj]
  ('/src/Shared_modules/Core/Process/ProcessInjectionDetector.cpp' kaynak dosyas─▒ derleniyor)
  
C:\ShadowStrike\ShadowStrike\src\Shared_modules\Core\Process\ProcessInjectionDetector.cpp(256,29): error C2737: 'end': const nesnesinin ba┼şlat─▒lmas─▒ gerekiyor [C:\ShadowStrike\ShadowStrike\ShadowStrike.vcxproj]
  ('/src/Shared_modules/Core/Process/ProcessInjectionDetector.cpp' kaynak dosyas─▒ derleniyor)
  
C:\ShadowStrike\ShadowStrike\src\Shared_modules\Core\Process\ProcessInjectionDetector.cpp(287,58): error C2664: 'void ShadowStrike::Utils::StringUtils::ToLower(std::wstring &) noexcept' : 1 ba─ş─▒ms─▒z de─şi┼şkeni 'const std::wstring' de─şerinden 'std::wstring &' de─şerine d├Ân├╝┼şt├╝r├╝lemez [C:\ShadowStrike\ShadowStrike\ShadowStrike.vcxproj]
  ('/src/Shared_modules/Core/Process/ProcessInjectionDetector.cpp' kaynak dosyas─▒ derleniyor)
      C:\ShadowStrike\ShadowStrike\src\Shared_modules\Core\Process\ProcessInjectionDetector.cpp(287,66):
      D├Ân├╝┼şt├╝rme niteleyicileri kaybediyor
      C:\ShadowStrike\ShadowStrike\src\Shared_modules\Utils\StringUtils.hpp(102,18):
      'ShadowStrike::Utils::StringUtils::ToLower' bildirimine bak─▒n
      C:\ShadowStrike\ShadowStrike\src\Shared_modules\Core\Process\ProcessInjectionDetector.cpp(287,58):
      '(const std::wstring)' ba─ş─▒ms─▒z de─şi┼şken listesi e┼şlenmeye ├ğal─▒┼ş─▒l─▒rken
  
C:\ShadowStrike\ShadowStrike\src\Shared_modules\Core\Process\ProcessInjectionDetector.cpp(287,36): error C2440: 'ba┼şlat─▒l─▒yor': 'void' - 'std::basic_string<wchar_t,std::char_traits<wchar_t>,std::allocator<wchar_t>>' d├Ân├╝┼ş├╝m├╝ yap─▒lam─▒yor [C:\ShadowStrike\ShadowStrike\ShadowStrike.vcxproj]
  ('/src/Shared_modules/Core/Process/ProcessInjectionDetector.cpp' kaynak dosyas─▒ derleniyor)
      C:\ShadowStrike\ShadowStrike\src\Shared_modules\Core\Process\ProcessInjectionDetector.cpp(287,36):
      Ge├ğersiz t├╝rde ifadeler di─şer t├╝rlere d├Ân├╝┼şt├╝r├╝lemez
  
C:\ShadowStrike\ShadowStrike\src\Shared_modules\Core\Process\ProcessInjectionDetector.cpp(288,58): error C2664: 'void ShadowStrike::Utils::StringUtils::ToLower(std::wstring &) noexcept' : 1 ba─ş─▒ms─▒z de─şi┼şkeni 'const std::wstring' de─şerinden 'std::wstring &' de─şerine d├Ân├╝┼şt├╝r├╝lemez [C:\ShadowStrike\ShadowStrike\ShadowStrike.vcxproj]
  ('/src/Shared_modules/Core/Process/ProcessInjectionDetector.cpp' kaynak dosyas─▒ derleniyor)
      C:\ShadowStrike\ShadowStrike\src\Shared_modules\Core\Process\ProcessInjectionDetector.cpp(288,66):
      D├Ân├╝┼şt├╝rme niteleyicileri kaybediyor
      C:\ShadowStrike\ShadowStrike\src\Shared_modules\Utils\StringUtils.hpp(102,18):
      'ShadowStrike::Utils::StringUtils::ToLower' bildirimine bak─▒n
      C:\ShadowStrike\ShadowStrike\src\Shared_modules\Core\Process\ProcessInjectionDetector.cpp(288,58):
      '(const std::wstring)' ba─ş─▒ms─▒z de─şi┼şken listesi e┼şlenmeye ├ğal─▒┼ş─▒l─▒rken
  
C:\ShadowStrike\ShadowStrike\src\Shared_modules\Core\Process\ProcessInjectionDetector.cpp(288,36): error C2440: 'ba┼şlat─▒l─▒yor': 'void' - 'std::basic_string<wchar_t,std::char_traits<wchar_t>,std::allocator<wchar_t>>' d├Ân├╝┼ş├╝m├╝ yap─▒lam─▒yor [C:\ShadowStrike\ShadowStrike\ShadowStrike.vcxproj]
  ('/src/Shared_modules/Core/Process/ProcessInjectionDetector.cpp' kaynak dosyas─▒ derleniyor)
      C:\ShadowStrike\ShadowStrike\src\Shared_modules\Core\Process\ProcessInjectionDetector.cpp(288,36):
      Ge├ğersiz t├╝rde ifadeler di─şer t├╝rlere d├Ân├╝┼şt├╝r├╝lemez
  
C:\ShadowStrike\ShadowStrike\src\Shared_modules\Core\Process\ProcessInjectionDetector.cpp(291,48): error C2664: 'void ShadowStrike::Utils::StringUtils::ToLower(std::wstring &) noexcept' : 1 ba─ş─▒ms─▒z de─şi┼şkeni 'const std::basic_string<wchar_t,std::char_traits<wchar_t>,std::allocator<wchar_t>>' de─şerinden 'std::wstring &' de─şerine d├Ân├╝┼şt├╝r├╝lemez [C:\ShadowStrike\ShadowStrike\ShadowStrike.vcxproj]
  ('/src/Shared_modules/Core/Process/ProcessInjectionDetector.cpp' kaynak dosyas─▒ derleniyor)
      C:\ShadowStrike\ShadowStrike\src\Shared_modules\Core\Process\ProcessInjectionDetector.cpp(291,56):
      D├Ân├╝┼şt├╝rme niteleyicileri kaybediyor
      C:\ShadowStrike\ShadowStrike\src\Shared_modules\Utils\StringUtils.hpp(102,18):
      'ShadowStrike::Utils::StringUtils::ToLower' bildirimine bak─▒n
      C:\ShadowStrike\ShadowStrike\src\Shared_modules\Core\Process\ProcessInjectionDetector.cpp(291,48):
      '(const std::basic_string<wchar_t,std::char_traits<wchar_t>,std::allocator<wchar_t>>)' ba─ş─▒ms─▒z de─şi┼şken listesi e┼şlenmeye ├ğal─▒┼ş─▒l─▒rken
  
C:\ShadowStrike\ShadowStrike\src\Shared_modules\Core\Process\ProcessInjectionDetector.cpp(291,25): error C2186: '==': bir i┼şlenen 'void' t├╝r├╝ne sahip olamaz [C:\ShadowStrike\ShadowStrike\ShadowStrike.vcxproj]
  ('/src/Shared_modules/Core/Process/ProcessInjectionDetector.cpp' kaynak dosyas─▒ derleniyor)
  
C:\ShadowStrike\ShadowStrike\src\Shared_modules\Core\Process\ProcessInjectionDetector.cpp(292,67): error C2664: 'void ShadowStrike::Utils::StringUtils::ToLower(std::wstring &) noexcept' : 1 ba─ş─▒ms─▒z de─şi┼şkeni 'const std::basic_string<wchar_t,std::char_traits<wchar_t>,std::allocator<wchar_t>>' de─şerinden 'std::wstring &' de─şerine d├Ân├╝┼şt├╝r├╝lemez [C:\ShadowStrike\ShadowStrike\ShadowStrike.vcxproj]
  ('/src/Shared_modules/Core/Process/ProcessInjectionDetector.cpp' kaynak dosyas─▒ derleniyor)
      C:\ShadowStrike\ShadowStrike\src\Shared_modules\Core\Process\ProcessInjectionDetector.cpp(292,75):
      D├Ân├╝┼şt├╝rme niteleyicileri kaybediyor
      C:\ShadowStrike\ShadowStrike\src\Shared_modules\Utils\StringUtils.hpp(102,18):
      'ShadowStrike::Utils::StringUtils::ToLower' bildirimine bak─▒n
      C:\ShadowStrike\ShadowStrike\src\Shared_modules\Core\Process\ProcessInjectionDetector.cpp(292,67):
      '(const std::basic_string<wchar_t,std::char_traits<wchar_t>,std::allocator<wchar_t>>)' ba─ş─▒ms─▒z de─şi┼şken listesi e┼şlenmeye ├ğal─▒┼ş─▒l─▒rken
  
C:\ShadowStrike\ShadowStrike\src\Shared_modules\Core\Process\ProcessInjectionDetector.cpp(292,44): error C2186: '==': bir i┼şlenen 'void' t├╝r├╝ne sahip olamaz [C:\ShadowStrike\ShadowStrike\ShadowStrike.vcxproj]
  ('/src/Shared_modules/Core/Process/ProcessInjectionDetector.cpp' kaynak dosyas─▒ derleniyor)
  
C:\ShadowStrike\ShadowStrike\src\Shared_modules\Core\Registry\RegistryAnalyzer.cpp(43,10): error C1083: i├ğerme dosyas─▒ a├ğ─▒lam─▒yor: '../../ThreatIntel/ThreatIntelManager.hpp': No such file or directory [C:\ShadowStrike\ShadowStrike\ShadowStrike.vcxproj]
  ('/src/Shared_modules/Core/Registry/RegistryAnalyzer.cpp' kaynak dosyas─▒ derleniyor)
  
C:\ShadowStrike\ShadowStrike\src\Shared_modules\Core\Process\ProcessInjectionDetector.cpp(436,28): error C2664: 'void ShadowStrike::Utils::Logger::Warn(const char *)' : 1 ba─ş─▒ms─▒z de─şi┼şkeni 'const wchar_t [46]' de─şerinden 'const char *' de─şerine d├Ân├╝┼şt├╝r├╝lemez [C:\ShadowStrike\ShadowStrike\ShadowStrike.vcxproj]
  ('/src/Shared_modules/Core/Process/ProcessInjectionDetector.cpp' kaynak dosyas─▒ derleniyor)
      C:\ShadowStrike\ShadowStrike\src\Shared_modules\Core\Process\ProcessInjectionDetector.cpp(436,33):
      ─░┼şaretlenen t├╝rler ilgisiz; d├Ân├╝┼şt├╝rme reinterpret_cast, C stili t├╝r d├Ân├╝┼şt├╝rme veya parantez i├ğine al─▒nm─▒┼ş i┼şlev stili t├╝r d├Ân├╝┼şt├╝rme gerektiriyor
      C:\ShadowStrike\ShadowStrike\src\Shared_modules\Utils\Logger.hpp(264,16):
      'ShadowStrike::Utils::Logger::Warn' bildirimine bak─▒n
      C:\ShadowStrike\ShadowStrike\src\Shared_modules\Utils\Logger.hpp(278,16):
      'void ShadowStrike::Utils::Logger::Warn(std::basic_format_string<char,type_identity<_Args>::type...>,Args ...)' olabilirdi
          C:\ShadowStrike\ShadowStrike\src\Shared_modules\Core\Process\ProcessInjectionDetector.cpp(436,28):
          ili┼şkili k─▒s─▒tlamalar kar┼ş─▒lanmad─▒
              C:\ShadowStrike\ShadowStrike\src\Shared_modules\Utils\Logger.hpp(277,57):
              k─▒s─▒tlama yerine getirilmedi
      C:\ShadowStrike\ShadowStrike\src\Shared_modules\Core\Process\ProcessInjectionDetector.cpp(436,28):
      '(const wchar_t [46])' ba─ş─▒ms─▒z de─şi┼şken listesi e┼şlenmeye ├ğal─▒┼ş─▒l─▒rken
  
C:\ShadowStrike\ShadowStrike\src\Shared_modules\Core\Process\ProcessInjectionDetector.cpp(440,24): error C2664: 'void ShadowStrike::Utils::Logger::Info(const char *)' : 1 ba─ş─▒ms─▒z de─şi┼şkeni 'const wchar_t [42]' de─şerinden 'const char *' de─şerine d├Ân├╝┼şt├╝r├╝lemez [C:\ShadowStrike\ShadowStrike\ShadowStrike.vcxproj]
  ('/src/Shared_modules/Core/Process/ProcessInjectionDetector.cpp' kaynak dosyas─▒ derleniyor)
      C:\ShadowStrike\ShadowStrike\src\Shared_modules\Core\Process\ProcessInjectionDetector.cpp(440,29):
      ─░┼şaretlenen t├╝rler ilgisiz; d├Ân├╝┼şt├╝rme reinterpret_cast, C stili t├╝r d├Ân├╝┼şt├╝rme veya parantez i├ğine al─▒nm─▒┼ş i┼şlev stili t├╝r d├Ân├╝┼şt├╝rme gerektiriyor
      C:\ShadowStrike\ShadowStrike\src\Shared_modules\Utils\Logger.hpp(265,16):
      'ShadowStrike::Utils::Logger::Info' bildirimine bak─▒n
      C:\ShadowStrike\ShadowStrike\src\Shared_modules\Utils\Logger.hpp(282,16):
      'void ShadowStrike::Utils::Logger::Info(std::basic_format_string<char,type_identity<_Args>::type...>,Args ...)' olabilirdi
          C:\ShadowStrike\ShadowStrike\src\Shared_modules\Core\Process\ProcessInjectionDetector.cpp(440,24):
          ili┼şkili k─▒s─▒tlamalar kar┼ş─▒lanmad─▒
              C:\ShadowStrike\ShadowStrike\src\Shared_modules\Utils\Logger.hpp(281,57):
              k─▒s─▒tlama yerine getirilmedi
      C:\ShadowStrike\ShadowStrike\src\Shared_modules\Core\Process\ProcessInjectionDetector.cpp(440,24):
      '(const wchar_t [42])' ba─ş─▒ms─▒z de─şi┼şken listesi e┼şlenmeye ├ğal─▒┼ş─▒l─▒rken
  
C:\ShadowStrike\ShadowStrike\src\Shared_modules\Core\Process\ProcessInjectionDetector.cpp(449,24): error C2664: 'void ShadowStrike::Utils::Logger::Info(const char *)' : 1 ba─ş─▒ms─▒z de─şi┼şkeni 'const wchar_t [51]' de─şerinden 'const char *' de─şerine d├Ân├╝┼şt├╝r├╝lemez [C:\ShadowStrike\ShadowStrike\ShadowStrike.vcxproj]
  ('/src/Shared_modules/Core/Process/ProcessInjectionDetector.cpp' kaynak dosyas─▒ derleniyor)
      C:\ShadowStrike\ShadowStrike\src\Shared_modules\Core\Process\ProcessInjectionDetector.cpp(449,29):
      ─░┼şaretlenen t├╝rler ilgisiz; d├Ân├╝┼şt├╝rme reinterpret_cast, C stili t├╝r d├Ân├╝┼şt├╝rme veya parantez i├ğine al─▒nm─▒┼ş i┼şlev stili t├╝r d├Ân├╝┼şt├╝rme gerektiriyor
      C:\ShadowStrike\ShadowStrike\src\Shared_modules\Utils\Logger.hpp(265,16):
      'ShadowStrike::Utils::Logger::Info' bildirimine bak─▒n
      C:\ShadowStrike\ShadowStrike\src\Shared_modules\Utils\Logger.hpp(282,16):
      'void ShadowStrike::Utils::Logger::Info(std::basic_format_string<char,type_identity<_Args>::type...>,Args ...)' olabilirdi
          C:\ShadowStrike\ShadowStrike\src\Shared_modules\Core\Process\ProcessInjectionDetector.cpp(449,24):
          ili┼şkili k─▒s─▒tlamalar kar┼ş─▒lanmad─▒
              C:\ShadowStrike\ShadowStrike\src\Shared_modules\Utils\Logger.hpp(281,57):
              k─▒s─▒tlama yerine getirilmedi
      C:\ShadowStrike\ShadowStrike\src\Shared_modules\Core\Process\ProcessInjectionDetector.cpp(449,24):
      '(const wchar_t [51])' ba─ş─▒ms─▒z de─şi┼şken listesi e┼şlenmeye ├ğal─▒┼ş─▒l─▒rken
  
C:\ShadowStrike\ShadowStrike\src\Shared_modules\Core\Process\ProcessInjectionDetector.cpp(454,48): error C2039: 'Utf8ToWide': bir 'ShadowStrike::Utils::StringUtils' ├╝yesi de─şil [C:\ShadowStrike\ShadowStrike\ShadowStrike.vcxproj]
  ('/src/Shared_modules/Core/Process/ProcessInjectionDetector.cpp' kaynak dosyas─▒ derleniyor)
      C:\ShadowStrike\ShadowStrike\src\Shared_modules\Utils\StringUtils.hpp(63,19):
      'ShadowStrike::Utils::StringUtils' bildirimine bak─▒n
  
C:\ShadowStrike\ShadowStrike\src\Shared_modules\Core\Process\ProcessInjectionDetector.cpp(454,48): error C3861: 'Utf8ToWide': tan─▒mlay─▒c─▒ bulunamad─▒ [C:\ShadowStrike\ShadowStrike\ShadowStrike.vcxproj]
  ('/src/Shared_modules/Core/Process/ProcessInjectionDetector.cpp' kaynak dosyas─▒ derleniyor)
  
C:\ShadowStrike\ShadowStrike\src\Shared_modules\Core\Process\ProcessInjectionDetector.cpp(453,24): error C2660: 'ShadowStrike::Utils::Logger::Error': i┼şlev 2 ba─ş─▒ms─▒z de─şi┼şken alm─▒yor [C:\ShadowStrike\ShadowStrike\ShadowStrike.vcxproj]
  ('/src/Shared_modules/Core/Process/ProcessInjectionDetector.cpp' kaynak dosyas─▒ derleniyor)
      C:\ShadowStrike\ShadowStrike\src\Shared_modules\Utils\Logger.hpp(263,16):
      'ShadowStrike::Utils::Logger::Error' bildirimine bak─▒n
      C:\ShadowStrike\ShadowStrike\src\Shared_modules\Utils\Logger.hpp(274,16):
      'void ShadowStrike::Utils::Logger::Error(std::basic_format_string<char,type_identity<_Args>::type...>,Args ...)' olabilirdi
          C:\ShadowStrike\ShadowStrike\src\Shared_modules\Core\Process\ProcessInjectionDetector.cpp(453,24):
          'void ShadowStrike::Utils::Logger::Error(std::basic_format_string<char,type_identity<_Args>::type...>,Args ...)' i┼şlev ┼şablonu ├Âzelle┼ştirilemedi
              C:\ShadowStrike\ShadowStrike\src\Shared_modules\Core\Process\ProcessInjectionDetector.cpp(453,24):
              ┼Şu ┼şablon ba─ş─▒ms─▒z de─şi┼şkenleriyle:
                  C:\ShadowStrike\ShadowStrike\src\Shared_modules\Core\Process\ProcessInjectionDetector.cpp(453,24):
                  'Args={<error type>}'
      C:\ShadowStrike\ShadowStrike\src\Shared_modules\Core\Process\ProcessInjectionDetector.cpp(453,24):
      '(const wchar_t [53], <error type>)' ba─ş─▒ms─▒z de─şi┼şken listesi e┼şlenmeye ├ğal─▒┼ş─▒l─▒rken
  
C:\ShadowStrike\ShadowStrike\src\Shared_modules\Core\Process\ProcessInjectionDetector.cpp(466,24): error C2664: 'void ShadowStrike::Utils::Logger::Info(const char *)' : 1 ba─ş─▒ms─▒z de─şi┼şkeni 'const wchar_t [43]' de─şerinden 'const char *' de─şerine d├Ân├╝┼şt├╝r├╝lemez [C:\ShadowStrike\ShadowStrike\ShadowStrike.vcxproj]
  ('/src/Shared_modules/Core/Process/ProcessInjectionDetector.cpp' kaynak dosyas─▒ derleniyor)
      C:\ShadowStrike\ShadowStrike\src\Shared_modules\Core\Process\ProcessInjectionDetector.cpp(466,29):
      ─░┼şaretlenen t├╝rler ilgisiz; d├Ân├╝┼şt├╝rme reinterpret_cast, C stili t├╝r d├Ân├╝┼şt├╝rme veya parantez i├ğine al─▒nm─▒┼ş i┼şlev stili t├╝r d├Ân├╝┼şt├╝rme gerektiriyor
      C:\ShadowStrike\ShadowStrike\src\Shared_modules\Utils\Logger.hpp(265,16):
      'ShadowStrike::Utils::Logger::Info' bildirimine bak─▒n
      C:\ShadowStrike\ShadowStrike\src\Shared_modules\Utils\Logger.hpp(282,16):
      'void ShadowStrike::Utils::Logger::Info(std::basic_format_string<char,type_identity<_Args>::type...>,Args ...)' olabilirdi
          C:\ShadowStrike\ShadowStrike\src\Shared_modules\Core\Process\ProcessInjectionDetector.cpp(466,24):
          ili┼şkili k─▒s─▒tlamalar kar┼ş─▒lanmad─▒
              C:\ShadowStrike\ShadowStrike\src\Shared_modules\Utils\Logger.hpp(281,57):
              k─▒s─▒tlama yerine getirilmedi
      C:\ShadowStrike\ShadowStrike\src\Shared_modules\Core\Process\ProcessInjectionDetector.cpp(466,24):
      '(const wchar_t [43])' ba─ş─▒ms─▒z de─şi┼şken listesi e┼şlenmeye ├ğal─▒┼ş─▒l─▒rken
  
C:\ShadowStrike\ShadowStrike\src\Shared_modules\Core\Process\ProcessInjectionDetector.cpp(514,24): error C2664: 'void ShadowStrike::Utils::Logger::Info(const char *)' : 1 ba─ş─▒ms─▒z de─şi┼şkeni 'const wchar_t [44]' de─şerinden 'const char *' de─şerine d├Ân├╝┼şt├╝r├╝lemez [C:\ShadowStrike\ShadowStrike\ShadowStrike.vcxproj]
  ('/src/Shared_modules/Core/Process/ProcessInjectionDetector.cpp' kaynak dosyas─▒ derleniyor)
      C:\ShadowStrike\ShadowStrike\src\Shared_modules\Core\Process\ProcessInjectionDetector.cpp(514,29):
      ─░┼şaretlenen t├╝rler ilgisiz; d├Ân├╝┼şt├╝rme reinterpret_cast, C stili t├╝r d├Ân├╝┼şt├╝rme veya parantez i├ğine al─▒nm─▒┼ş i┼şlev stili t├╝r d├Ân├╝┼şt├╝rme gerektiriyor
      C:\ShadowStrike\ShadowStrike\src\Shared_modules\Utils\Logger.hpp(265,16):
      'ShadowStrike::Utils::Logger::Info' bildirimine bak─▒n
      C:\ShadowStrike\ShadowStrike\src\Shared_modules\Utils\Logger.hpp(282,16):
      'void ShadowStrike::Utils::Logger::Info(std::basic_format_string<char,type_identity<_Args>::type...>,Args ...)' olabilirdi
          C:\ShadowStrike\ShadowStrike\src\Shared_modules\Core\Process\ProcessInjectionDetector.cpp(514,24):
          ili┼şkili k─▒s─▒tlamalar kar┼ş─▒lanmad─▒
              C:\ShadowStrike\ShadowStrike\src\Shared_modules\Utils\Logger.hpp(281,57):
              k─▒s─▒tlama yerine getirilmedi
      C:\ShadowStrike\ShadowStrike\src\Shared_modules\Core\Process\ProcessInjectionDetector.cpp(514,24):
      '(const wchar_t [44])' ba─ş─▒ms─▒z de─şi┼şken listesi e┼şlenmeye ├ğal─▒┼ş─▒l─▒rken
  
C:\ShadowStrike\ShadowStrike\src\Shared_modules\Core\Process\ProcessInjectionDetector.cpp(517,24): error C2664: 'void ShadowStrike::Utils::Logger::Error(const char *)' : 1 ba─ş─▒ms─▒z de─şi┼şkeni 'const wchar_t [52]' de─şerinden 'const char *' de─şerine d├Ân├╝┼şt├╝r├╝lemez [C:\ShadowStrike\ShadowStrike\ShadowStrike.vcxproj]
  ('/src/Shared_modules/Core/Process/ProcessInjectionDetector.cpp' kaynak dosyas─▒ derleniyor)
      C:\ShadowStrike\ShadowStrike\src\Shared_modules\Core\Process\ProcessInjectionDetector.cpp(517,30):
      ─░┼şaretlenen t├╝rler ilgisiz; d├Ân├╝┼şt├╝rme reinterpret_cast, C stili t├╝r d├Ân├╝┼şt├╝rme veya parantez i├ğine al─▒nm─▒┼ş i┼şlev stili t├╝r d├Ân├╝┼şt├╝rme gerektiriyor
      C:\ShadowStrike\ShadowStrike\src\Shared_modules\Utils\Logger.hpp(263,16):
      'ShadowStrike::Utils::Logger::Error' bildirimine bak─▒n
      C:\ShadowStrike\ShadowStrike\src\Shared_modules\Utils\Logger.hpp(274,16):
      'void ShadowStrike::Utils::Logger::Error(std::basic_format_string<char,type_identity<_Args>::type...>,Args ...)' olabilirdi
          C:\ShadowStrike\ShadowStrike\src\Shared_modules\Core\Process\ProcessInjectionDetector.cpp(517,24):
          ili┼şkili k─▒s─▒tlamalar kar┼ş─▒lanmad─▒
              C:\ShadowStrike\ShadowStrike\src\Shared_modules\Utils\Logger.hpp(273,57):
              k─▒s─▒tlama yerine getirilmedi
      C:\ShadowStrike\ShadowStrike\src\Shared_modules\Core\Process\ProcessInjectionDetector.cpp(517,24):
      '(const wchar_t [52])' ba─ş─▒ms─▒z de─şi┼şken listesi e┼şlenmeye ├ğal─▒┼ş─▒l─▒rken
  
C:\ShadowStrike\ShadowStrike\src\Shared_modules\Core\Process\ProcessInjectionDetector.cpp(523,24): error C2664: 'void ShadowStrike::Utils::Logger::Error(const char *)' : 1 ba─ş─▒ms─▒z de─şi┼şkeni 'const wchar_t [42]' de─şerinden 'const char *' de─şerine d├Ân├╝┼şt├╝r├╝lemez [C:\ShadowStrike\ShadowStrike\ShadowStrike.vcxproj]
  ('/src/Shared_modules/Core/Process/ProcessInjectionDetector.cpp' kaynak dosyas─▒ derleniyor)
      C:\ShadowStrike\ShadowStrike\src\Shared_modules\Core\Process\ProcessInjectionDetector.cpp(523,30):
      ─░┼şaretlenen t├╝rler ilgisiz; d├Ân├╝┼şt├╝rme reinterpret_cast, C stili t├╝r d├Ân├╝┼şt├╝rme veya parantez i├ğine al─▒nm─▒┼ş i┼şlev stili t├╝r d├Ân├╝┼şt├╝rme gerektiriyor
      C:\ShadowStrike\ShadowStrike\src\Shared_modules\Utils\Logger.hpp(263,16):
      'ShadowStrike::Utils::Logger::Error' bildirimine bak─▒n
      C:\ShadowStrike\ShadowStrike\src\Shared_modules\Utils\Logger.hpp(274,16):
      'void ShadowStrike::Utils::Logger::Error(std::basic_format_string<char,type_identity<_Args>::type...>,Args ...)' olabilirdi
          C:\ShadowStrike\ShadowStrike\src\Shared_modules\Core\Process\ProcessInjectionDetector.cpp(523,24):
          ili┼şkili k─▒s─▒tlamalar kar┼ş─▒lanmad─▒
              C:\ShadowStrike\ShadowStrike\src\Shared_modules\Utils\Logger.hpp(273,57):
              k─▒s─▒tlama yerine getirilmedi
      C:\ShadowStrike\ShadowStrike\src\Shared_modules\Core\Process\ProcessInjectionDetector.cpp(523,24):
      '(const wchar_t [42])' ba─ş─▒ms─▒z de─şi┼şken listesi e┼şlenmeye ├ğal─▒┼ş─▒l─▒rken
  
C:\ShadowStrike\ShadowStrike\src\Shared_modules\Core\Process\ProcessInjectionDetector.cpp(528,24): error C2664: 'void ShadowStrike::Utils::Logger::Warn(const char *)' : 1 ba─ş─▒ms─▒z de─şi┼şkeni 'const wchar_t [42]' de─şerinden 'const char *' de─şerine d├Ân├╝┼şt├╝r├╝lemez [C:\ShadowStrike\ShadowStrike\ShadowStrike.vcxproj]
  ('/src/Shared_modules/Core/Process/ProcessInjectionDetector.cpp' kaynak dosyas─▒ derleniyor)
      C:\ShadowStrike\ShadowStrike\src\Shared_modules\Core\Process\ProcessInjectionDetector.cpp(528,29):
      ─░┼şaretlenen t├╝rler ilgisiz; d├Ân├╝┼şt├╝rme reinterpret_cast, C stili t├╝r d├Ân├╝┼şt├╝rme veya parantez i├ğine al─▒nm─▒┼ş i┼şlev stili t├╝r d├Ân├╝┼şt├╝rme gerektiriyor
      C:\ShadowStrike\ShadowStrike\src\Shared_modules\Utils\Logger.hpp(264,16):
      'ShadowStrike::Utils::Logger::Warn' bildirimine bak─▒n
      C:\ShadowStrike\ShadowStrike\src\Shared_modules\Utils\Logger.hpp(278,16):
      'void ShadowStrike::Utils::Logger::Warn(std::basic_format_string<char,type_identity<_Args>::type...>,Args ...)' olabilirdi
          C:\ShadowStrike\ShadowStrike\src\Shared_modules\Core\Process\ProcessInjectionDetector.cpp(528,24):
          ili┼şkili k─▒s─▒tlamalar kar┼ş─▒lanmad─▒
              C:\ShadowStrike\ShadowStrike\src\Shared_modules\Utils\Logger.hpp(277,57):
              k─▒s─▒tlama yerine getirilmedi
      C:\ShadowStrike\ShadowStrike\src\Shared_modules\Core\Process\ProcessInjectionDetector.cpp(528,24):
      '(const wchar_t [42])' ba─ş─▒ms─▒z de─şi┼şken listesi e┼şlenmeye ├ğal─▒┼ş─▒l─▒rken
  
C:\ShadowStrike\ShadowStrike\src\Shared_modules\Core\Process\ProcessInjectionDetector.cpp(536,20): error C2664: 'void ShadowStrike::Utils::Logger::Info(const char *)' : 1 ba─ş─▒ms─▒z de─şi┼şkeni 'const wchar_t [34]' de─şerinden 'const char *' de─şerine d├Ân├╝┼şt├╝r├╝lemez [C:\ShadowStrike\ShadowStrike\ShadowStrike.vcxproj]
  ('/src/Shared_modules/Core/Process/ProcessInjectionDetector.cpp' kaynak dosyas─▒ derleniyor)
      C:\ShadowStrike\ShadowStrike\src\Shared_modules\Core\Process\ProcessInjectionDetector.cpp(536,25):
      ─░┼şaretlenen t├╝rler ilgisiz; d├Ân├╝┼şt├╝rme reinterpret_cast, C stili t├╝r d├Ân├╝┼şt├╝rme veya parantez i├ğine al─▒nm─▒┼ş i┼şlev stili t├╝r d├Ân├╝┼şt├╝rme gerektiriyor
      C:\ShadowStrike\ShadowStrike\src\Shared_modules\Utils\Logger.hpp(265,16):
      'ShadowStrike::Utils::Logger::Info' bildirimine bak─▒n
      C:\ShadowStrike\ShadowStrike\src\Shared_modules\Utils\Logger.hpp(282,16):
      'void ShadowStrike::Utils::Logger::Info(std::basic_format_string<char,type_identity<_Args>::type...>,Args ...)' olabilirdi
          C:\ShadowStrike\ShadowStrike\src\Shared_modules\Core\Process\ProcessInjectionDetector.cpp(536,20):
          ili┼şkili k─▒s─▒tlamalar kar┼ş─▒lanmad─▒
              C:\ShadowStrike\ShadowStrike\src\Shared_modules\Utils\Logger.hpp(281,57):
              k─▒s─▒tlama yerine getirilmedi
      C:\ShadowStrike\ShadowStrike\src\Shared_modules\Core\Process\ProcessInjectionDetector.cpp(536,20):
      '(const wchar_t [34])' ba─ş─▒ms─▒z de─şi┼şken listesi e┼şlenmeye ├ğal─▒┼ş─▒l─▒rken
  
C:\ShadowStrike\ShadowStrike\src\Shared_modules\Core\Process\ProcessInjectionDetector.cpp(550,20): error C2664: 'void ShadowStrike::Utils::Logger::Info(const char *)' : 1 ba─ş─▒ms─▒z de─şi┼şkeni 'const wchar_t [34]' de─şerinden 'const char *' de─şerine d├Ân├╝┼şt├╝r├╝lemez [C:\ShadowStrike\ShadowStrike\ShadowStrike.vcxproj]
  ('/src/Shared_modules/Core/Process/ProcessInjectionDetector.cpp' kaynak dosyas─▒ derleniyor)
      C:\ShadowStrike\ShadowStrike\src\Shared_modules\Core\Process\ProcessInjectionDetector.cpp(550,25):
      ─░┼şaretlenen t├╝rler ilgisiz; d├Ân├╝┼şt├╝rme reinterpret_cast, C stili t├╝r d├Ân├╝┼şt├╝rme veya parantez i├ğine al─▒nm─▒┼ş i┼şlev stili t├╝r d├Ân├╝┼şt├╝rme gerektiriyor
      C:\ShadowStrike\ShadowStrike\src\Shared_modules\Utils\Logger.hpp(265,16):
      'ShadowStrike::Utils::Logger::Info' bildirimine bak─▒n
      C:\ShadowStrike\ShadowStrike\src\Shared_modules\Utils\Logger.hpp(282,16):
      'void ShadowStrike::Utils::Logger::Info(std::basic_format_string<char,type_identity<_Args>::type...>,Args ...)' olabilirdi
          C:\ShadowStrike\ShadowStrike\src\Shared_modules\Core\Process\ProcessInjectionDetector.cpp(550,20):
          ili┼şkili k─▒s─▒tlamalar kar┼ş─▒lanmad─▒
              C:\ShadowStrike\ShadowStrike\src\Shared_modules\Utils\Logger.hpp(281,57):
              k─▒s─▒tlama yerine getirilmedi
      C:\ShadowStrike\ShadowStrike\src\Shared_modules\Core\Process\ProcessInjectionDetector.cpp(550,20):
      '(const wchar_t [34])' ba─ş─▒ms─▒z de─şi┼şken listesi e┼şlenmeye ├ğal─▒┼ş─▒l─▒rken
  
C:\ShadowStrike\ShadowStrike\src\Shared_modules\Exploits\BufferOverflowProtection.hpp(145,10): error C1083: i├ğerme dosyas─▒ a├ğ─▒lam─▒yor: '../ThreatIntel/ThreatIntelManager.hpp': No such file or directory [C:\ShadowStrike\ShadowStrike\ShadowStrike.vcxproj]
  ('/src/Shared_modules/Exploits/BufferOverflowProtection.cpp' kaynak dosyas─▒ derleniyor)
  
C:\ShadowStrike\ShadowStrike\src\Shared_modules\Core\Process\ProcessInjectionDetector.cpp(629,49): error C2660: 'ShadowStrike::Utils::ProcessUtils::GetProcessInfo': i┼şlev 1 ba─ş─▒ms─▒z de─şi┼şken alm─▒yor [C:\ShadowStrike\ShadowStrike\ShadowStrike.vcxproj]
  ('/src/Shared_modules/Core/Process/ProcessInjectionDetector.cpp' kaynak dosyas─▒ derleniyor)
      C:\ShadowStrike\ShadowStrike\src\Shared_modules\Utils\ProcessUtils.hpp(395,18):
      'ShadowStrike::Utils::ProcessUtils::GetProcessInfo' bildirimine bak─▒n
      C:\ShadowStrike\ShadowStrike\src\Shared_modules\Core\Process\ProcessInjectionDetector.cpp(629,49):
      '(uint32_t)' ba─ş─▒ms─▒z de─şi┼şken listesi e┼şlenmeye ├ğal─▒┼ş─▒l─▒rken
  
C:\ShadowStrike\ShadowStrike\src\Shared_modules\Core\Process\ProcessInjectionDetector.cpp(634,49): error C2660: 'ShadowStrike::Utils::ProcessUtils::GetProcessInfo': i┼şlev 1 ba─ş─▒ms─▒z de─şi┼şken alm─▒yor [C:\ShadowStrike\ShadowStrike\ShadowStrike.vcxproj]
  ('/src/Shared_modules/Core/Process/ProcessInjectionDetector.cpp' kaynak dosyas─▒ derleniyor)
      C:\ShadowStrike\ShadowStrike\src\Shared_modules\Utils\ProcessUtils.hpp(395,18):
      'ShadowStrike::Utils::ProcessUtils::GetProcessInfo' bildirimine bak─▒n
      C:\ShadowStrike\ShadowStrike\src\Shared_modules\Core\Process\ProcessInjectionDetector.cpp(634,49):
      '(uint32_t)' ba─ş─▒ms─▒z de─şi┼şken listesi e┼şlenmeye ├ğal─▒┼ş─▒l─▒rken
  
C:\ShadowStrike\ShadowStrike\src\Shared_modules\Core\Process\ProcessInjectionDetector.cpp(649,19): error C2039: 'startAddressModule': bir 'ShadowStrike::Core::Process::InjectionEvent' ├╝yesi de─şil [C:\ShadowStrike\ShadowStrike\ShadowStrike.vcxproj]
  ('/src/Shared_modules/Core/Process/ProcessInjectionDetector.cpp' kaynak dosyas─▒ derleniyor)
      C:\ShadowStrike\ShadowStrike\src\Shared_modules\Core\Process\ProcessInjectionDetector.hpp(698,8):
      'ShadowStrike::Core::Process::InjectionEvent' bildirimine bak─▒n
  
C:\ShadowStrike\ShadowStrike\src\Shared_modules\Core\Process\ProcessInjectionDetector.cpp(688,48): error C2039: 'Utf8ToWide': bir 'ShadowStrike::Utils::StringUtils' ├╝yesi de─şil [C:\ShadowStrike\ShadowStrike\ShadowStrike.vcxproj]
  ('/src/Shared_modules/Core/Process/ProcessInjectionDetector.cpp' kaynak dosyas─▒ derleniyor)
      C:\ShadowStrike\ShadowStrike\src\Shared_modules\Utils\StringUtils.hpp(63,19):
      'ShadowStrike::Utils::StringUtils' bildirimine bak─▒n
  
C:\ShadowStrike\ShadowStrike\src\Shared_modules\Core\Process\ProcessInjectionDetector.cpp(688,48): error C3861: 'Utf8ToWide': tan─▒mlay─▒c─▒ bulunamad─▒ [C:\ShadowStrike\ShadowStrike\ShadowStrike.vcxproj]
  ('/src/Shared_modules/Core/Process/ProcessInjectionDetector.cpp' kaynak dosyas─▒ derleniyor)
  
C:\ShadowStrike\ShadowStrike\src\Shared_modules\Core\Process\ProcessInjectionDetector.cpp(687,24): error C2660: 'ShadowStrike::Utils::Logger::Error': i┼şlev 2 ba─ş─▒ms─▒z de─şi┼şken alm─▒yor [C:\ShadowStrike\ShadowStrike\ShadowStrike.vcxproj]
  ('/src/Shared_modules/Core/Process/ProcessInjectionDetector.cpp' kaynak dosyas─▒ derleniyor)
      C:\ShadowStrike\ShadowStrike\src\Shared_modules\Utils\Logger.hpp(263,16):
      'ShadowStrike::Utils::Logger::Error' bildirimine bak─▒n
      C:\ShadowStrike\ShadowStrike\src\Shared_modules\Utils\Logger.hpp(274,16):
      'void ShadowStrike::Utils::Logger::Error(std::basic_format_string<char,type_identity<_Args>::type...>,Args ...)' olabilirdi
          C:\ShadowStrike\ShadowStrike\src\Shared_modules\Core\Process\ProcessInjectionDetector.cpp(687,24):
          'void ShadowStrike::Utils::Logger::Error(std::basic_format_string<char,type_identity<_Args>::type...>,Args ...)' i┼şlev ┼şablonu ├Âzelle┼ştirilemedi
              C:\ShadowStrike\ShadowStrike\src\Shared_modules\Core\Process\ProcessInjectionDetector.cpp(687,24):
              ┼Şu ┼şablon ba─ş─▒ms─▒z de─şi┼şkenleriyle:
                  C:\ShadowStrike\ShadowStrike\src\Shared_modules\Core\Process\ProcessInjectionDetector.cpp(687,24):
                  'Args={<error type>}'
      C:\ShadowStrike\ShadowStrike\src\Shared_modules\Core\Process\ProcessInjectionDetector.cpp(687,24):
      '(const wchar_t [56], <error type>)' ba─ş─▒ms─▒z de─şi┼şken listesi e┼şlenmeye ├ğal─▒┼ş─▒l─▒rken
  
C:\ShadowStrike\ShadowStrike\src\Shared_modules\Core\Process\ProcessInjectionDetector.cpp(898,58): error C2664: 'void ShadowStrike::Utils::StringUtils::ToLower(std::wstring &) noexcept' : 1 ba─ş─▒ms─▒z de─şi┼şkeni 'const std::wstring' de─şerinden 'std::wstring &' de─şerine d├Ân├╝┼şt├╝r├╝lemez [C:\ShadowStrike\ShadowStrike\ShadowStrike.vcxproj]
  ('/src/Shared_modules/Core/Process/ProcessInjectionDetector.cpp' kaynak dosyas─▒ derleniyor)
      C:\ShadowStrike\ShadowStrike\src\Shared_modules\Core\Process\ProcessInjectionDetector.cpp(898,71):
      D├Ân├╝┼şt├╝rme niteleyicileri kaybediyor
      C:\ShadowStrike\ShadowStrike\src\Shared_modules\Utils\StringUtils.hpp(102,18):
      'ShadowStrike::Utils::StringUtils::ToLower' bildirimine bak─▒n
      C:\ShadowStrike\ShadowStrike\src\Shared_modules\Core\Process\ProcessInjectionDetector.cpp(898,58):
      '(const std::wstring)' ba─ş─▒ms─▒z de─şi┼şken listesi e┼şlenmeye ├ğal─▒┼ş─▒l─▒rken
  
C:\ShadowStrike\ShadowStrike\src\Shared_modules\Core\Process\ProcessInjectionDetector.cpp(898,36): error C2440: 'ba┼şlat─▒l─▒yor': 'void' - 'std::basic_string<wchar_t,std::char_traits<wchar_t>,std::allocator<wchar_t>>' d├Ân├╝┼ş├╝m├╝ yap─▒lam─▒yor [C:\ShadowStrike\ShadowStrike\ShadowStrike.vcxproj]
  ('/src/Shared_modules/Core/Process/ProcessInjectionDetector.cpp' kaynak dosyas─▒ derleniyor)
      C:\ShadowStrike\ShadowStrike\src\Shared_modules\Core\Process\ProcessInjectionDetector.cpp(898,36):
      Ge├ğersiz t├╝rde ifadeler di─şer t├╝rlere d├Ân├╝┼şt├╝r├╝lemez
  
C:\ShadowStrike\ShadowStrike\src\Shared_modules\Core\System\EventLogger.cpp(349,37): error C2039: 'WideToUtf8': bir 'ShadowStrike::Utils::StringUtils' ├╝yesi de─şil [C:\ShadowStrike\ShadowStrike\ShadowStrike.vcxproj]
  ('/src/Shared_modules/Core/System/EventLogger.cpp' kaynak dosyas─▒ derleniyor)
      C:\ShadowStrike\ShadowStrike\src\Shared_modules\Utils\StringUtils.hpp(63,19):
      'ShadowStrike::Utils::StringUtils' bildirimine bak─▒n
  
C:\ShadowStrike\ShadowStrike\src\Shared_modules\Core\System\EventLogger.cpp(349,37): error C3861: 'WideToUtf8': tan─▒mlay─▒c─▒ bulunamad─▒ [C:\ShadowStrike\ShadowStrike\ShadowStrike.vcxproj]
  ('/src/Shared_modules/Core/System/EventLogger.cpp' kaynak dosyas─▒ derleniyor)
  
C:\ShadowStrike\ShadowStrike\src\Shared_modules\Core\Process\ProcessInjectionDetector.cpp(924,31): error C2039: 'IsMicrosoftSigned': bir 'ShadowStrike::Utils::FileUtils' ├╝yesi de─şil [C:\ShadowStrike\ShadowStrike\ShadowStrike.vcxproj]
  ('/src/Shared_modules/Core/Process/ProcessInjectionDetector.cpp' kaynak dosyas─▒ derleniyor)
      C:\ShadowStrike\ShadowStrike\src\Shared_modules\Utils\FileUtils.hpp(61,13):
      'ShadowStrike::Utils::FileUtils' bildirimine bak─▒n
  
C:\ShadowStrike\ShadowStrike\src\Shared_modules\Core\Process\ProcessInjectionDetector.cpp(924,31): error C3861: 'IsMicrosoftSigned': tan─▒mlay─▒c─▒ bulunamad─▒ [C:\ShadowStrike\ShadowStrike\ShadowStrike.vcxproj]
  ('/src/Shared_modules/Core/Process/ProcessInjectionDetector.cpp' kaynak dosyas─▒ derleniyor)
  
C:\ShadowStrike\ShadowStrike\src\Shared_modules\Core\Process\ProcessInjectionDetector.cpp(931,26): error C2039: 'IsProcessWhitelisted': bir 'ShadowStrike::Whitelist::WhitelistStore' ├╝yesi de─şil [C:\ShadowStrike\ShadowStrike\ShadowStrike.vcxproj]
  ('/src/Shared_modules/Core/Process/ProcessInjectionDetector.cpp' kaynak dosyas─▒ derleniyor)
      C:\ShadowStrike\ShadowStrike\src\Shared_modules\Whitelist\WhiteListStore.hpp(1661,7):
      'ShadowStrike::Whitelist::WhitelistStore' bildirimine bak─▒n
  
C:\ShadowStrike\ShadowStrike\src\Shared_modules\Core\Process\ProcessInjectionDetector.cpp(961,63): error C2039: 'Utf8ToWide': bir 'ShadowStrike::Utils::StringUtils' ├╝yesi de─şil [C:\ShadowStrike\ShadowStrike\ShadowStrike.vcxproj]
  ('/src/Shared_modules/Core/Process/ProcessInjectionDetector.cpp' kaynak dosyas─▒ derleniyor)
      C:\ShadowStrike\ShadowStrike\src\Shared_modules\Utils\StringUtils.hpp(63,19):
      'ShadowStrike::Utils::StringUtils' bildirimine bak─▒n
  
C:\ShadowStrike\ShadowStrike\src\Shared_modules\Core\Process\ProcessInjectionDetector.cpp(961,63): error C3861: 'Utf8ToWide': tan─▒mlay─▒c─▒ bulunamad─▒ [C:\ShadowStrike\ShadowStrike\ShadowStrike.vcxproj]
  ('/src/Shared_modules/Core/Process/ProcessInjectionDetector.cpp' kaynak dosyas─▒ derleniyor)
  
C:\ShadowStrike\ShadowStrike\src\Shared_modules\FuzzyHasher\FuzzyHasher.cpp(78,1): error C1010: ├Ân derlenmi┼ş ├╝stbilgi aran─▒rken beklenmeyen dosya sonu. kaynak kodunuza '#include "pch.h"' eklemeyi unuttunuz mu? [C:\ShadowStrike\ShadowStrike\ShadowStrike.vcxproj]
C:\ShadowStrike\ShadowStrike\src\Shared_modules\Core\Process\ProcessInjectionDetector.cpp(961,13): error C2593: 'operator <<' belirsiz [C:\ShadowStrike\ShadowStrike\ShadowStrike.vcxproj]
  ('/src/Shared_modules/Core/Process/ProcessInjectionDetector.cpp' kaynak dosyas─▒ derleniyor)
      C:\Program Files\Microsoft Visual Studio\2022\Community\VC\Tools\MSVC\14.44.35207\include\__msvc_ostream.hpp(480,39):
      'std::basic_ostream<wchar_t,std::char_traits<wchar_t>> &std::basic_ostream<wchar_t,std::char_traits<wchar_t>>::operator <<(std::basic_streambuf<wchar_t,std::char_traits<wchar_t>> *)' olabilirdi
      C:\Program Files\Microsoft Visual Studio\2022\Community\VC\Tools\MSVC\14.44.35207\include\__msvc_ostream.hpp(448,39):
      veya       'std::basic_ostream<wchar_t,std::char_traits<wchar_t>> &std::basic_ostream<wchar_t,std::char_traits<wchar_t>>::operator <<(const void *)'
      C:\Program Files\Microsoft Visual Studio\2022\Community\VC\Tools\MSVC\14.44.35207\include\__msvc_ostream.hpp(430,39):
      veya       'std::basic_ostream<wchar_t,std::char_traits<wchar_t>> &std::basic_ostream<wchar_t,std::char_traits<wchar_t>>::operator <<(long double)'
      C:\Program Files\Microsoft Visual Studio\2022\Community\VC\Tools\MSVC\14.44.35207\include\__msvc_ostream.hpp(412,39):
      veya       'std::basic_ostream<wchar_t,std::char_traits<wchar_t>> &std::basic_ostream<wchar_t,std::char_traits<wchar_t>>::operator <<(double)'
      C:\Program Files\Microsoft Visual Studio\2022\Community\VC\Tools\MSVC\14.44.35207\include\__msvc_ostream.hpp(394,39):
      veya       'std::basic_ostream<wchar_t,std::char_traits<wchar_t>> &std::basic_ostream<wchar_t,std::char_traits<wchar_t>>::operator <<(float)'
      C:\Program Files\Microsoft Visual Studio\2022\Community\VC\Tools\MSVC\14.44.35207\include\__msvc_ostream.hpp(376,39):
      veya       'std::basic_ostream<wchar_t,std::char_traits<wchar_t>> &std::basic_ostream<wchar_t,std::char_traits<wchar_t>>::operator <<(unsigned __int64)'
      C:\Program Files\Microsoft Visual Studio\2022\Community\VC\Tools\MSVC\14.44.35207\include\__msvc_ostream.hpp(358,39):
      veya       'std::basic_ostream<wchar_t,std::char_traits<wchar_t>> &std::basic_ostream<wchar_t,std::char_traits<wchar_t>>::operator <<(__int64)'
      C:\Program Files\Microsoft Visual Studio\2022\Community\VC\Tools\MSVC\14.44.35207\include\__msvc_ostream.hpp(340,39):
      veya       'std::basic_ostream<wchar_t,std::char_traits<wchar_t>> &std::basic_ostream<wchar_t,std::char_traits<wchar_t>>::operator <<(unsigned long)'
      C:\Program Files\Microsoft Visual Studio\2022\Community\VC\Tools\MSVC\14.44.35207\include\__msvc_ostream.hpp(322,39):
      veya       'std::basic_ostream<wchar_t,std::char_traits<wchar_t>> &std::basic_ostream<wchar_t,std::char_traits<wchar_t>>::operator <<(long)'
      C:\Program Files\Microsoft Visual Studio\2022\Community\VC\Tools\MSVC\14.44.35207\include\__msvc_ostream.hpp(303,39):
      veya       'std::basic_ostream<wchar_t,std::char_traits<wchar_t>> &std::basic_ostream<wchar_t,std::char_traits<wchar_t>>::operator <<(unsigned int)'
      C:\Program Files\Microsoft Visual Studio\2022\Community\VC\Tools\MSVC\14.44.35207\include\__msvc_ostream.hpp(277,39):
      veya       'std::basic_ostream<wchar_t,std::char_traits<wchar_t>> &std::basic_ostream<wchar_t,std::char_traits<wchar_t>>::operator <<(int)'
      C:\Program Files\Microsoft Visual Studio\2022\Community\VC\Tools\MSVC\14.44.35207\include\__msvc_ostream.hpp(258,39):
      veya       'std::basic_ostream<wchar_t,std::char_traits<wchar_t>> &std::basic_ostream<wchar_t,std::char_traits<wchar_t>>::operator <<(unsigned short)'
      C:\Program Files\Microsoft Visual Studio\2022\Community\VC\Tools\MSVC\14.44.35207\include\__msvc_ostream.hpp(224,39):
      veya       'std::basic_ostream<wchar_t,std::char_traits<wchar_t>> &std::basic_ostream<wchar_t,std::char_traits<wchar_t>>::operator <<(short)'
      C:\Program Files\Microsoft Visual Studio\2022\Community\VC\Tools\MSVC\14.44.35207\include\__msvc_ostream.hpp(206,39):
      veya       'std::basic_ostream<wchar_t,std::char_traits<wchar_t>> &std::basic_ostream<wchar_t,std::char_traits<wchar_t>>::operator <<(bool)'
      C:\Program Files\Microsoft Visual Studio\2022\Community\VC\Tools\MSVC\14.44.35207\include\__msvc_ostream.hpp(200,39):
      veya       'std::basic_ostream<wchar_t,std::char_traits<wchar_t>> &std::basic_ostream<wchar_t,std::char_traits<wchar_t>>::operator <<(std::ios_base &(__cdecl *)(std::ios_base &))'
      C:\Program Files\Microsoft Visual Studio\2022\Community\VC\Tools\MSVC\14.44.35207\include\__msvc_ostream.hpp(194,39):
      veya       'std::basic_ostream<wchar_t,std::char_traits<wchar_t>> &std::basic_ostream<wchar_t,std::char_traits<wchar_t>>::operator <<(std::basic_ios<wchar_t,std::char_traits<wchar_t>> &(__cdecl *)(std::basic_ios<wchar_t,std::char_traits<wchar_t>> &))'
      C:\Program Files\Microsoft Visual Studio\2022\Community\VC\Tools\MSVC\14.44.35207\include\__msvc_ostream.hpp(189,39):
      veya       'std::basic_ostream<wchar_t,std::char_traits<wchar_t>> &std::basic_ostream<wchar_t,std::char_traits<wchar_t>>::operator <<(std::basic_ostream<wchar_t,std::char_traits<wchar_t>> &(__cdecl *)(std::basic_ostream<wchar_t,std::char_traits<wchar_t>> &))'
      C:\Program Files\Microsoft Visual Studio\2022\Community\VC\Tools\MSVC\14.44.35207\include\__msvc_ostream.hpp(475,20):
      veya       'std::basic_ostream<wchar_t,std::char_traits<wchar_t>> &std::basic_ostream<wchar_t,std::char_traits<wchar_t>>::operator <<<void>(std::nullptr_t)'
      C:\Program Files\Microsoft Visual Studio\2022\Community\VC\Tools\MSVC\14.44.35207\include\__msvc_ostream.hpp(468,20):
      veya       'std::basic_ostream<wchar_t,std::char_traits<wchar_t>> &std::basic_ostream<wchar_t,std::char_traits<wchar_t>>::operator <<<void>(volatile const void *)'
      C:\Program Files\Microsoft Visual Studio\2022\Community\VC\Tools\MSVC\14.44.35207\include\__msvc_ostream.hpp(688,32):
      veya       'std::basic_ostream<wchar_t,std::char_traits<wchar_t>> &std::operator <<<wchar_t,std::char_traits<wchar_t>>(std::basic_ostream<wchar_t,std::char_traits<wchar_t>> &,const char *)'
      C:\Program Files\Microsoft Visual Studio\2022\Community\VC\Tools\MSVC\14.44.35207\include\__msvc_ostream.hpp(732,32):
      veya       'std::basic_ostream<wchar_t,std::char_traits<wchar_t>> &std::operator <<<wchar_t,std::char_traits<wchar_t>>(std::basic_ostream<wchar_t,std::char_traits<wchar_t>> &,char)'
      C:\Program Files\Microsoft Visual Studio\2022\Community\VC\Tools\MSVC\14.44.35207\include\__msvc_ostream.hpp(957,34):
      veya       'std::basic_ostream<wchar_t,std::char_traits<wchar_t>> &std::operator <<<std::char_traits<wchar_t>>(std::basic_ostream<wchar_t,std::char_traits<wchar_t>> &,const char8_t *)'
      C:\Program Files\Microsoft Visual Studio\2022\Community\VC\Tools\MSVC\14.44.35207\include\__msvc_ostream.hpp(963,34):
      veya       'std::basic_ostream<wchar_t,std::char_traits<wchar_t>> &std::operator <<<std::char_traits<wchar_t>>(std::basic_ostream<wchar_t,std::char_traits<wchar_t>> &,char8_t)'
      C:\Program Files\Microsoft Visual Studio\2022\Community\VC\Tools\MSVC\14.44.35207\include\__msvc_ostream.hpp(981,34):
      veya       'std::basic_ostream<wchar_t,std::char_traits<wchar_t>> &std::operator <<<std::char_traits<wchar_t>>(std::basic_ostream<wchar_t,std::char_traits<wchar_t>> &,char16_t)'
      C:\Program Files\Microsoft Visual Studio\2022\Community\VC\Tools\MSVC\14.44.35207\include\__msvc_ostream.hpp(983,34):
      veya       'std::basic_ostream<wchar_t,std::char_traits<wchar_t>> &std::operator <<<std::char_traits<wchar_t>>(std::basic_ostream<wchar_t,std::char_traits<wchar_t>> &,char32_t)'
      C:\Program Files\Microsoft Visual Studio\2022\Community\VC\Tools\MSVC\14.44.35207\include\__msvc_ostream.hpp(991,34):
      veya       'std::basic_ostream<wchar_t,std::char_traits<wchar_t>> &std::operator <<<std::char_traits<wchar_t>>(std::basic_ostream<wchar_t,std::char_traits<wchar_t>> &,const char16_t *)'
      C:\Program Files\Microsoft Visual Studio\2022\Community\VC\Tools\MSVC\14.44.35207\include\__msvc_ostream.hpp(993,34):
      veya       'std::basic_ostream<wchar_t,std::char_traits<wchar_t>> &std::operator <<<std::char_traits<wchar_t>>(std::basic_ostream<wchar_t,std::char_traits<wchar_t>> &,const char32_t *)'
      C:\Program Files\Microsoft Visual Studio\2022\Community\VC\Tools\MSVC\14.44.35207\include\__msvc_ostream.hpp(1031,32):
      veya       'std::basic_ostream<wchar_t,std::char_traits<wchar_t>> &std::operator <<<wchar_t,std::char_traits<wchar_t>>(std::basic_ostream<wchar_t,std::char_traits<wchar_t>> &,const std::error_code &)'
      C:\Program Files\Microsoft Visual Studio\2022\Community\VC\Tools\MSVC\14.44.35207\include\thread(298,26):
      veya       'std::basic_ostream<wchar_t,std::char_traits<wchar_t>> &std::operator <<<wchar_t,std::char_traits<wchar_t>>(std::basic_ostream<wchar_t,std::char_traits<wchar_t>> &,std::thread::id)'
      C:\ShadowStrike\ShadowStrike\src\Shared_modules\Core\Process\ProcessInjectionDetector.cpp(961,13):
      '(std::basic_ostream<wchar_t,std::char_traits<wchar_t>>, <error type>)' ba─ş─▒ms─▒z de─şi┼şken listesi e┼şlenmeye ├ğal─▒┼ş─▒l─▒rken
  
C:\ShadowStrike\ShadowStrike\src\Shared_modules\Core\Process\ProcessInjectionDetector.cpp(966,52): error C2039: 'Utf8ToWide': bir 'ShadowStrike::Utils::StringUtils' ├╝yesi de─şil [C:\ShadowStrike\ShadowStrike\ShadowStrike.vcxproj]
  ('/src/Shared_modules/Core/Process/ProcessInjectionDetector.cpp' kaynak dosyas─▒ derleniyor)
      C:\ShadowStrike\ShadowStrike\src\Shared_modules\Utils\StringUtils.hpp(63,19):
      'ShadowStrike::Utils::StringUtils' bildirimine bak─▒n
  
C:\ShadowStrike\ShadowStrike\src\Shared_modules\Core\Process\ProcessInjectionDetector.cpp(966,52): error C3861: 'Utf8ToWide': tan─▒mlay─▒c─▒ bulunamad─▒ [C:\ShadowStrike\ShadowStrike\ShadowStrike.vcxproj]
  ('/src/Shared_modules/Core/Process/ProcessInjectionDetector.cpp' kaynak dosyas─▒ derleniyor)
  
C:\ShadowStrike\ShadowStrike\src\Shared_modules\Core\System\EventLogger.cpp(481,40): error C2039: 'WideToUtf8': bir 'ShadowStrike::Utils::StringUtils' ├╝yesi de─şil [C:\ShadowStrike\ShadowStrike\ShadowStrike.vcxproj]
  ('/src/Shared_modules/Core/System/EventLogger.cpp' kaynak dosyas─▒ derleniyor)
      C:\ShadowStrike\ShadowStrike\src\Shared_modules\Utils\StringUtils.hpp(63,19):
      'ShadowStrike::Utils::StringUtils' bildirimine bak─▒n
  
C:\ShadowStrike\ShadowStrike\src\Shared_modules\Core\System\EventLogger.cpp(481,40): error C3861: 'WideToUtf8': tan─▒mlay─▒c─▒ bulunamad─▒ [C:\ShadowStrike\ShadowStrike\ShadowStrike.vcxproj]
  ('/src/Shared_modules/Core/System/EventLogger.cpp' kaynak dosyas─▒ derleniyor)
  
C:\ShadowStrike\ShadowStrike\src\Shared_modules\FuzzyHasher\DigestGenerator.cpp(239,1): error C1010: ├Ân derlenmi┼ş ├╝stbilgi aran─▒rken beklenmeyen dosya sonu. kaynak kodunuza '#include "pch.h"' eklemeyi unuttunuz mu? [C:\ShadowStrike\ShadowStrike\ShadowStrike.vcxproj]
C:\ShadowStrike\ShadowStrike\src\Shared_modules\Core\System\EventLogger.cpp(485,50): error C2039: 'WideToUtf8': bir 'ShadowStrike::Utils::StringUtils' ├╝yesi de─şil [C:\ShadowStrike\ShadowStrike\ShadowStrike.vcxproj]
  ('/src/Shared_modules/Core/System/EventLogger.cpp' kaynak dosyas─▒ derleniyor)
      C:\ShadowStrike\ShadowStrike\src\Shared_modules\Utils\StringUtils.hpp(63,19):
      'ShadowStrike::Utils::StringUtils' bildirimine bak─▒n
  
C:\ShadowStrike\ShadowStrike\src\Shared_modules\Core\System\EventLogger.cpp(485,50): error C3861: 'WideToUtf8': tan─▒mlay─▒c─▒ bulunamad─▒ [C:\ShadowStrike\ShadowStrike\ShadowStrike.vcxproj]
  ('/src/Shared_modules/Core/System/EventLogger.cpp' kaynak dosyas─▒ derleniyor)
  
C:\ShadowStrike\ShadowStrike\src\Shared_modules\Core\System\EventLogger.cpp(486,52): error C2039: 'WideToUtf8': bir 'ShadowStrike::Utils::StringUtils' ├╝yesi de─şil [C:\ShadowStrike\ShadowStrike\ShadowStrike.vcxproj]
  ('/src/Shared_modules/Core/System/EventLogger.cpp' kaynak dosyas─▒ derleniyor)
      C:\ShadowStrike\ShadowStrike\src\Shared_modules\Utils\StringUtils.hpp(63,19):
      'ShadowStrike::Utils::StringUtils' bildirimine bak─▒n
  
C:\ShadowStrike\ShadowStrike\src\Shared_modules\Core\System\EventLogger.cpp(486,52): error C3861: 'WideToUtf8': tan─▒mlay─▒c─▒ bulunamad─▒ [C:\ShadowStrike\ShadowStrike\ShadowStrike.vcxproj]
  ('/src/Shared_modules/Core/System/EventLogger.cpp' kaynak dosyas─▒ derleniyor)
  
C:\ShadowStrike\ShadowStrike\src\Shared_modules\Core\System\EventLogger.cpp(487,52): error C2039: 'WideToUtf8': bir 'ShadowStrike::Utils::StringUtils' ├╝yesi de─şil [C:\ShadowStrike\ShadowStrike\ShadowStrike.vcxproj]
  ('/src/Shared_modules/Core/System/EventLogger.cpp' kaynak dosyas─▒ derleniyor)
      C:\ShadowStrike\ShadowStrike\src\Shared_modules\Utils\StringUtils.hpp(63,19):
      'ShadowStrike::Utils::StringUtils' bildirimine bak─▒n
  
C:\ShadowStrike\ShadowStrike\src\Shared_modules\Core\System\EventLogger.cpp(487,52): error C3861: 'WideToUtf8': tan─▒mlay─▒c─▒ bulunamad─▒ [C:\ShadowStrike\ShadowStrike\ShadowStrike.vcxproj]
  ('/src/Shared_modules/Core/System/EventLogger.cpp' kaynak dosyas─▒ derleniyor)
  
C:\ShadowStrike\ShadowStrike\src\Shared_modules\Core\System\EventLogger.cpp(488,52): error C2039: 'WideToUtf8': bir 'ShadowStrike::Utils::StringUtils' ├╝yesi de─şil [C:\ShadowStrike\ShadowStrike\ShadowStrike.vcxproj]
  ('/src/Shared_modules/Core/System/EventLogger.cpp' kaynak dosyas─▒ derleniyor)
      C:\ShadowStrike\ShadowStrike\src\Shared_modules\Utils\StringUtils.hpp(63,19):
      'ShadowStrike::Utils::StringUtils' bildirimine bak─▒n
  
C:\ShadowStrike\ShadowStrike\src\Shared_modules\Core\System\EventLogger.cpp(488,52): error C3861: 'WideToUtf8': tan─▒mlay─▒c─▒ bulunamad─▒ [C:\ShadowStrike\ShadowStrike\ShadowStrike.vcxproj]
  ('/src/Shared_modules/Core/System/EventLogger.cpp' kaynak dosyas─▒ derleniyor)
  
C:\ShadowStrike\ShadowStrike\src\Shared_modules\Core\System\EventLogger.cpp(494,56): error C2039: 'WideToUtf8': bir 'ShadowStrike::Utils::StringUtils' ├╝yesi de─şil [C:\ShadowStrike\ShadowStrike\ShadowStrike.vcxproj]
  ('/src/Shared_modules/Core/System/EventLogger.cpp' kaynak dosyas─▒ derleniyor)
      C:\ShadowStrike\ShadowStrike\src\Shared_modules\Utils\StringUtils.hpp(63,19):
      'ShadowStrike::Utils::StringUtils' bildirimine bak─▒n
  
C:\ShadowStrike\ShadowStrike\src\Shared_modules\Core\System\EventLogger.cpp(494,56): error C3861: 'WideToUtf8': tan─▒mlay─▒c─▒ bulunamad─▒ [C:\ShadowStrike\ShadowStrike\ShadowStrike.vcxproj]
  ('/src/Shared_modules/Core/System/EventLogger.cpp' kaynak dosyas─▒ derleniyor)
  
C:\ShadowStrike\ShadowStrike\src\Shared_modules\Core\System\EventLogger.cpp(502,74): error C2039: 'WideToUtf8': bir 'ShadowStrike::Utils::StringUtils' ├╝yesi de─şil [C:\ShadowStrike\ShadowStrike\ShadowStrike.vcxproj]
  ('/src/Shared_modules/Core/System/EventLogger.cpp' kaynak dosyas─▒ derleniyor)
      C:\ShadowStrike\ShadowStrike\src\Shared_modules\Utils\StringUtils.hpp(63,19):
      'ShadowStrike::Utils::StringUtils' bildirimine bak─▒n
  
C:\ShadowStrike\ShadowStrike\src\Shared_modules\Core\System\EventLogger.cpp(502,74): error C3861: 'WideToUtf8': tan─▒mlay─▒c─▒ bulunamad─▒ [C:\ShadowStrike\ShadowStrike\ShadowStrike.vcxproj]
  ('/src/Shared_modules/Core/System/EventLogger.cpp' kaynak dosyas─▒ derleniyor)
  
C:\ShadowStrike\ShadowStrike\src\Shared_modules\Core\System\EventLogger.cpp(523,51): error C2039: 'WideToUtf8': bir 'ShadowStrike::Utils::StringUtils' ├╝yesi de─şil [C:\ShadowStrike\ShadowStrike\ShadowStrike.vcxproj]
  ('/src/Shared_modules/Core/System/EventLogger.cpp' kaynak dosyas─▒ derleniyor)
      C:\ShadowStrike\ShadowStrike\src\Shared_modules\Utils\StringUtils.hpp(63,19):
      'ShadowStrike::Utils::StringUtils' bildirimine bak─▒n
  
C:\ShadowStrike\ShadowStrike\src\Shared_modules\Core\System\EventLogger.cpp(523,51): error C3861: 'WideToUtf8': tan─▒mlay─▒c─▒ bulunamad─▒ [C:\ShadowStrike\ShadowStrike\ShadowStrike.vcxproj]
  ('/src/Shared_modules/Core/System/EventLogger.cpp' kaynak dosyas─▒ derleniyor)
  
C:\ShadowStrike\ShadowStrike\src\Shared_modules\Core\Process\ProcessInjectionDetector.cpp(1066,48): error C2039: 'Utf8ToWide': bir 'ShadowStrike::Utils::StringUtils' ├╝yesi de─şil [C:\ShadowStrike\ShadowStrike\ShadowStrike.vcxproj]
  ('/src/Shared_modules/Core/Process/ProcessInjectionDetector.cpp' kaynak dosyas─▒ derleniyor)
      C:\ShadowStrike\ShadowStrike\src\Shared_modules\Utils\StringUtils.hpp(63,19):
      'ShadowStrike::Utils::StringUtils' bildirimine bak─▒n
  
C:\ShadowStrike\ShadowStrike\src\Shared_modules\Core\Process\ProcessInjectionDetector.cpp(1066,48): error C3861: 'Utf8ToWide': tan─▒mlay─▒c─▒ bulunamad─▒ [C:\ShadowStrike\ShadowStrike\ShadowStrike.vcxproj]
  ('/src/Shared_modules/Core/Process/ProcessInjectionDetector.cpp' kaynak dosyas─▒ derleniyor)
  
C:\ShadowStrike\ShadowStrike\src\Shared_modules\Core\System\EventLogger.cpp(524,51): error C2039: 'WideToUtf8': bir 'ShadowStrike::Utils::StringUtils' ├╝yesi de─şil [C:\ShadowStrike\ShadowStrike\ShadowStrike.vcxproj]
  ('/src/Shared_modules/Core/System/EventLogger.cpp' kaynak dosyas─▒ derleniyor)
      C:\ShadowStrike\ShadowStrike\src\Shared_modules\Utils\StringUtils.hpp(63,19):
      'ShadowStrike::Utils::StringUtils' bildirimine bak─▒n
  
C:\ShadowStrike\ShadowStrike\src\Shared_modules\Core\System\EventLogger.cpp(524,51): error C3861: 'WideToUtf8': tan─▒mlay─▒c─▒ bulunamad─▒ [C:\ShadowStrike\ShadowStrike\ShadowStrike.vcxproj]
  ('/src/Shared_modules/Core/System/EventLogger.cpp' kaynak dosyas─▒ derleniyor)
  
C:\ShadowStrike\ShadowStrike\src\Shared_modules\Core\Process\ProcessInjectionDetector.cpp(1065,24): error C2660: 'ShadowStrike::Utils::Logger::Error': i┼şlev 2 ba─ş─▒ms─▒z de─şi┼şken alm─▒yor [C:\ShadowStrike\ShadowStrike\ShadowStrike.vcxproj]
  ('/src/Shared_modules/Core/Process/ProcessInjectionDetector.cpp' kaynak dosyas─▒ derleniyor)
      C:\ShadowStrike\ShadowStrike\src\Shared_modules\Utils\Logger.hpp(263,16):
      'ShadowStrike::Utils::Logger::Error' bildirimine bak─▒n
      C:\ShadowStrike\ShadowStrike\src\Shared_modules\Utils\Logger.hpp(274,16):
      'void ShadowStrike::Utils::Logger::Error(std::basic_format_string<char,type_identity<_Args>::type...>,Args ...)' olabilirdi
          C:\ShadowStrike\ShadowStrike\src\Shared_modules\Core\Process\ProcessInjectionDetector.cpp(1065,24):
          'void ShadowStrike::Utils::Logger::Error(std::basic_format_string<char,type_identity<_Args>::type...>,Args ...)' i┼şlev ┼şablonu ├Âzelle┼ştirilemedi
              C:\ShadowStrike\ShadowStrike\src\Shared_modules\Core\Process\ProcessInjectionDetector.cpp(1065,24):
              ┼Şu ┼şablon ba─ş─▒ms─▒z de─şi┼şkenleriyle:
                  C:\ShadowStrike\ShadowStrike\src\Shared_modules\Core\Process\ProcessInjectionDetector.cpp(1065,24):
                  'Args={<error type>}'
      C:\ShadowStrike\ShadowStrike\src\Shared_modules\Core\Process\ProcessInjectionDetector.cpp(1065,24):
      '(const wchar_t [54], <error type>)' ba─ş─▒ms─▒z de─şi┼şken listesi e┼şlenmeye ├ğal─▒┼ş─▒l─▒rken
  
C:\ShadowStrike\ShadowStrike\src\Shared_modules\Core\System\EventLogger.cpp(525,51): error C2039: 'WideToUtf8': bir 'ShadowStrike::Utils::StringUtils' ├╝yesi de─şil [C:\ShadowStrike\ShadowStrike\ShadowStrike.vcxproj]
  ('/src/Shared_modules/Core/System/EventLogger.cpp' kaynak dosyas─▒ derleniyor)
      C:\ShadowStrike\ShadowStrike\src\Shared_modules\Utils\StringUtils.hpp(63,19):
      'ShadowStrike::Utils::StringUtils' bildirimine bak─▒n
  
C:\ShadowStrike\ShadowStrike\src\Shared_modules\Core\System\EventLogger.cpp(525,51): error C3861: 'WideToUtf8': tan─▒mlay─▒c─▒ bulunamad─▒ [C:\ShadowStrike\ShadowStrike\ShadowStrike.vcxproj]
  ('/src/Shared_modules/Core/System/EventLogger.cpp' kaynak dosyas─▒ derleniyor)
  
C:\ShadowStrike\ShadowStrike\src\Shared_modules\Core\System\EventLogger.cpp(526,51): error C2039: 'WideToUtf8': bir 'ShadowStrike::Utils::StringUtils' ├╝yesi de─şil [C:\ShadowStrike\ShadowStrike\ShadowStrike.vcxproj]
  ('/src/Shared_modules/Core/System/EventLogger.cpp' kaynak dosyas─▒ derleniyor)
      C:\ShadowStrike\ShadowStrike\src\Shared_modules\Utils\StringUtils.hpp(63,19):
      'ShadowStrike::Utils::StringUtils' bildirimine bak─▒n
  
C:\ShadowStrike\ShadowStrike\src\Shared_modules\Core\System\EventLogger.cpp(526,51): error C3861: 'WideToUtf8': tan─▒mlay─▒c─▒ bulunamad─▒ [C:\ShadowStrike\ShadowStrike\ShadowStrike.vcxproj]
  ('/src/Shared_modules/Core/System/EventLogger.cpp' kaynak dosyas─▒ derleniyor)
  
C:\ShadowStrike\ShadowStrike\src\Shared_modules\Core\Process\ProcessInjectionDetector.cpp(1076,20): error C2664: 'void ShadowStrike::Utils::Logger::Info(const char *)' : 1 ba─ş─▒ms─▒z de─şi┼şkeni 'const wchar_t [49]' de─şerinden 'const char *' de─şerine d├Ân├╝┼şt├╝r├╝lemez [C:\ShadowStrike\ShadowStrike\ShadowStrike.vcxproj]
  ('/src/Shared_modules/Core/Process/ProcessInjectionDetector.cpp' kaynak dosyas─▒ derleniyor)
      C:\ShadowStrike\ShadowStrike\src\Shared_modules\Core\Process\ProcessInjectionDetector.cpp(1076,25):
      ─░┼şaretlenen t├╝rler ilgisiz; d├Ân├╝┼şt├╝rme reinterpret_cast, C stili t├╝r d├Ân├╝┼şt├╝rme veya parantez i├ğine al─▒nm─▒┼ş i┼şlev stili t├╝r d├Ân├╝┼şt├╝rme gerektiriyor
      C:\ShadowStrike\ShadowStrike\src\Shared_modules\Utils\Logger.hpp(265,16):
      'ShadowStrike::Utils::Logger::Info' bildirimine bak─▒n
      C:\ShadowStrike\ShadowStrike\src\Shared_modules\Utils\Logger.hpp(282,16):
      'void ShadowStrike::Utils::Logger::Info(std::basic_format_string<char,type_identity<_Args>::type...>,Args ...)' olabilirdi
          C:\ShadowStrike\ShadowStrike\src\Shared_modules\Core\Process\ProcessInjectionDetector.cpp(1076,20):
          ili┼şkili k─▒s─▒tlamalar kar┼ş─▒lanmad─▒
              C:\ShadowStrike\ShadowStrike\src\Shared_modules\Utils\Logger.hpp(281,57):
              k─▒s─▒tlama yerine getirilmedi
      C:\ShadowStrike\ShadowStrike\src\Shared_modules\Core\Process\ProcessInjectionDetector.cpp(1076,20):
      '(const wchar_t [49])' ba─ş─▒ms─▒z de─şi┼şken listesi e┼şlenmeye ├ğal─▒┼ş─▒l─▒rken
  
C:\ShadowStrike\ShadowStrike\src\Shared_modules\Core\Process\ProcessInjectionDetector.cpp(1084,52): error C2039: 'Utf8ToWide': bir 'ShadowStrike::Utils::StringUtils' ├╝yesi de─şil [C:\ShadowStrike\ShadowStrike\ShadowStrike.vcxproj]
  ('/src/Shared_modules/Core/Process/ProcessInjectionDetector.cpp' kaynak dosyas─▒ derleniyor)
      C:\ShadowStrike\ShadowStrike\src\Shared_modules\Utils\StringUtils.hpp(63,19):
      'ShadowStrike::Utils::StringUtils' bildirimine bak─▒n
  
C:\ShadowStrike\ShadowStrike\src\Shared_modules\Core\Process\ProcessInjectionDetector.cpp(1084,52): error C3861: 'Utf8ToWide': tan─▒mlay─▒c─▒ bulunamad─▒ [C:\ShadowStrike\ShadowStrike\ShadowStrike.vcxproj]
  ('/src/Shared_modules/Core/Process/ProcessInjectionDetector.cpp' kaynak dosyas─▒ derleniyor)
  
C:\ShadowStrike\ShadowStrike\src\Shared_modules\Core\System\EventLogger.cpp(527,53): error C2039: 'WideToUtf8': bir 'ShadowStrike::Utils::StringUtils' ├╝yesi de─şil [C:\ShadowStrike\ShadowStrike\ShadowStrike.vcxproj]
  ('/src/Shared_modules/Core/System/EventLogger.cpp' kaynak dosyas─▒ derleniyor)
      C:\ShadowStrike\ShadowStrike\src\Shared_modules\Utils\StringUtils.hpp(63,19):
      'ShadowStrike::Utils::StringUtils' bildirimine bak─▒n
  
C:\ShadowStrike\ShadowStrike\src\Shared_modules\Core\System\EventLogger.cpp(527,53): error C3861: 'WideToUtf8': tan─▒mlay─▒c─▒ bulunamad─▒ [C:\ShadowStrike\ShadowStrike\ShadowStrike.vcxproj]
  ('/src/Shared_modules/Core/System/EventLogger.cpp' kaynak dosyas─▒ derleniyor)
  
C:\ShadowStrike\ShadowStrike\src\Shared_modules\Core\Process\ProcessInjectionDetector.cpp(1083,28): error C2660: 'ShadowStrike::Utils::Logger::Error': i┼şlev 2 ba─ş─▒ms─▒z de─şi┼şken alm─▒yor [C:\ShadowStrike\ShadowStrike\ShadowStrike.vcxproj]
  ('/src/Shared_modules/Core/Process/ProcessInjectionDetector.cpp' kaynak dosyas─▒ derleniyor)
      C:\ShadowStrike\ShadowStrike\src\Shared_modules\Utils\Logger.hpp(263,16):
      'ShadowStrike::Utils::Logger::Error' bildirimine bak─▒n
      C:\ShadowStrike\ShadowStrike\src\Shared_modules\Utils\Logger.hpp(274,16):
      'void ShadowStrike::Utils::Logger::Error(std::basic_format_string<char,type_identity<_Args>::type...>,Args ...)' olabilirdi
          C:\ShadowStrike\ShadowStrike\src\Shared_modules\Core\Process\ProcessInjectionDetector.cpp(1083,28):
          'void ShadowStrike::Utils::Logger::Error(std::basic_format_string<char,type_identity<_Args>::type...>,Args ...)' i┼şlev ┼şablonu ├Âzelle┼ştirilemedi
              C:\ShadowStrike\ShadowStrike\src\Shared_modules\Core\Process\ProcessInjectionDetector.cpp(1083,28):
              ┼Şu ┼şablon ba─ş─▒ms─▒z de─şi┼şkenleriyle:
                  C:\ShadowStrike\ShadowStrike\src\Shared_modules\Core\Process\ProcessInjectionDetector.cpp(1083,28):
                  'Args={<error type>}'
      C:\ShadowStrike\ShadowStrike\src\Shared_modules\Core\Process\ProcessInjectionDetector.cpp(1083,28):
      '(const wchar_t [45], <error type>)' ba─ş─▒ms─▒z de─şi┼şken listesi e┼şlenmeye ├ğal─▒┼ş─▒l─▒rken
  
C:\ShadowStrike\ShadowStrike\src\Shared_modules\Core\System\EventLogger.cpp(528,53): error C2039: 'WideToUtf8': bir 'ShadowStrike::Utils::StringUtils' ├╝yesi de─şil [C:\ShadowStrike\ShadowStrike\ShadowStrike.vcxproj]
  ('/src/Shared_modules/Core/System/EventLogger.cpp' kaynak dosyas─▒ derleniyor)
      C:\ShadowStrike\ShadowStrike\src\Shared_modules\Utils\StringUtils.hpp(63,19):
      'ShadowStrike::Utils::StringUtils' bildirimine bak─▒n
  
C:\ShadowStrike\ShadowStrike\src\Shared_modules\Core\System\EventLogger.cpp(528,53): error C3861: 'WideToUtf8': tan─▒mlay─▒c─▒ bulunamad─▒ [C:\ShadowStrike\ShadowStrike\ShadowStrike.vcxproj]
  ('/src/Shared_modules/Core/System/EventLogger.cpp' kaynak dosyas─▒ derleniyor)
  
C:\ShadowStrike\ShadowStrike\src\Shared_modules\Core\Process\ProcessInjectionDetector.cpp(1088,20): error C2664: 'void ShadowStrike::Utils::Logger::Info(const char *)' : 1 ba─ş─▒ms─▒z de─şi┼şkeni 'const wchar_t [49]' de─şerinden 'const char *' de─şerine d├Ân├╝┼şt├╝r├╝lemez [C:\ShadowStrike\ShadowStrike\ShadowStrike.vcxproj]
  ('/src/Shared_modules/Core/Process/ProcessInjectionDetector.cpp' kaynak dosyas─▒ derleniyor)
      C:\ShadowStrike\ShadowStrike\src\Shared_modules\Core\Process\ProcessInjectionDetector.cpp(1088,25):
      ─░┼şaretlenen t├╝rler ilgisiz; d├Ân├╝┼şt├╝rme reinterpret_cast, C stili t├╝r d├Ân├╝┼şt├╝rme veya parantez i├ğine al─▒nm─▒┼ş i┼şlev stili t├╝r d├Ân├╝┼şt├╝rme gerektiriyor
      C:\ShadowStrike\ShadowStrike\src\Shared_modules\Utils\Logger.hpp(265,16):
      'ShadowStrike::Utils::Logger::Info' bildirimine bak─▒n
      C:\ShadowStrike\ShadowStrike\src\Shared_modules\Utils\Logger.hpp(282,16):
      'void ShadowStrike::Utils::Logger::Info(std::basic_format_string<char,type_identity<_Args>::type...>,Args ...)' olabilirdi
          C:\ShadowStrike\ShadowStrike\src\Shared_modules\Core\Process\ProcessInjectionDetector.cpp(1088,20):
          ili┼şkili k─▒s─▒tlamalar kar┼ş─▒lanmad─▒
              C:\ShadowStrike\ShadowStrike\src\Shared_modules\Utils\Logger.hpp(281,57):
              k─▒s─▒tlama yerine getirilmedi
      C:\ShadowStrike\ShadowStrike\src\Shared_modules\Core\Process\ProcessInjectionDetector.cpp(1088,20):
      '(const wchar_t [49])' ba─ş─▒ms─▒z de─şi┼şken listesi e┼şlenmeye ├ğal─▒┼ş─▒l─▒rken
  
C:\ShadowStrike\ShadowStrike\src\Shared_modules\Core\System\EventLogger.cpp(533,60): error C2039: 'WideToUtf8': bir 'ShadowStrike::Utils::StringUtils' ├╝yesi de─şil [C:\ShadowStrike\ShadowStrike\ShadowStrike.vcxproj]
  ('/src/Shared_modules/Core/System/EventLogger.cpp' kaynak dosyas─▒ derleniyor)
      C:\ShadowStrike\ShadowStrike\src\Shared_modules\Utils\StringUtils.hpp(63,19):
      'ShadowStrike::Utils::StringUtils' bildirimine bak─▒n
  
C:\ShadowStrike\ShadowStrike\src\Shared_modules\Core\System\EventLogger.cpp(533,60): error C3861: 'WideToUtf8': tan─▒mlay─▒c─▒ bulunamad─▒ [C:\ShadowStrike\ShadowStrike\ShadowStrike.vcxproj]
  ('/src/Shared_modules/Core/System/EventLogger.cpp' kaynak dosyas─▒ derleniyor)
  
C:\ShadowStrike\ShadowStrike\src\Shared_modules\Core\System\EventLogger.cpp(541,58): error C2039: 'WideToUtf8': bir 'ShadowStrike::Utils::StringUtils' ├╝yesi de─şil [C:\ShadowStrike\ShadowStrike\ShadowStrike.vcxproj]
  ('/src/Shared_modules/Core/System/EventLogger.cpp' kaynak dosyas─▒ derleniyor)
      C:\ShadowStrike\ShadowStrike\src\Shared_modules\Utils\StringUtils.hpp(63,19):
      'ShadowStrike::Utils::StringUtils' bildirimine bak─▒n
  
C:\ShadowStrike\ShadowStrike\src\Shared_modules\Core\System\EventLogger.cpp(541,58): error C3861: 'WideToUtf8': tan─▒mlay─▒c─▒ bulunamad─▒ [C:\ShadowStrike\ShadowStrike\ShadowStrike.vcxproj]
  ('/src/Shared_modules/Core/System/EventLogger.cpp' kaynak dosyas─▒ derleniyor)
  
C:\ShadowStrike\ShadowStrike\src\Shared_modules\Core\Process\ProcessInjectionDetector.cpp(1140,24): error C2665: 'ShadowStrike::Utils::Logger::Debug': hi├ğbir a┼ş─▒r─▒ y├╝klenmi┼ş i┼şlev t├╝m arg├╝man t├╝rlerini d├Ân├╝┼şt├╝remez [C:\ShadowStrike\ShadowStrike\ShadowStrike.vcxproj]
  ('/src/Shared_modules/Core/Process/ProcessInjectionDetector.cpp' kaynak dosyas─▒ derleniyor)
      C:\ShadowStrike\ShadowStrike\src\Shared_modules\Utils\Logger.hpp(286,16):
      'void ShadowStrike::Utils::Logger::Debug<size_t&>(std::basic_format_string<char,size_t &>,size_t &)' olabilirdi
          C:\ShadowStrike\ShadowStrike\src\Shared_modules\Core\Process\ProcessInjectionDetector.cpp(1140,24):
          'void ShadowStrike::Utils::Logger::Debug<size_t&>(std::basic_format_string<char,size_t &>,size_t &)' : 1 ba─ş─▒ms─▒z de─şi┼şkeni 'const wchar_t [47]' de─şerinden 'std::basic_format_string<char,size_t &>' de─şerine d├Ân├╝┼şt├╝r├╝lemez
              C:\ShadowStrike\ShadowStrike\src\Shared_modules\Core\Process\ProcessInjectionDetector.cpp(1140,30):
              'std::basic_format_string<char,size_t &>::basic_format_string': hi├ğbir a┼ş─▒r─▒ y├╝klenmi┼ş i┼şlev t├╝m arg├╝man t├╝rlerini d├Ân├╝┼şt├╝remez
                  C:\Program Files\Microsoft Visual Studio\2022\Community\VC\Tools\MSVC\14.44.35207\include\format(2867,1):
                  'std::basic_format_string<char,size_t &>::basic_format_string(std::basic_format_string<char,size_t &> &&)' olabilirdi
                      C:\ShadowStrike\ShadowStrike\src\Shared_modules\Core\Process\ProcessInjectionDetector.cpp(1140,30):
                      'std::basic_format_string<char,size_t &>::basic_format_string(std::basic_format_string<char,size_t &> &&)' : 1 ba─ş─▒ms─▒z de─şi┼şkeni 'const wchar_t [47]' de─şerinden 'std::basic_format_string<char,size_t &> &&' de─şerine d├Ân├╝┼şt├╝r├╝lemez
                          C:\ShadowStrike\ShadowStrike\src\Shared_modules\Core\Process\ProcessInjectionDetector.cpp(1140,30):
                          Nedeni: 'const wchar_t [47]' de─şerinden 'std::basic_format_string<char,size_t &>' de─şerine d├Ân├╝┼şt├╝r├╝lemez
                          C:\ShadowStrike\ShadowStrike\src\Shared_modules\Core\Process\ProcessInjectionDetector.cpp(1140,30):
                          D├Ân├╝┼şt├╝rme ikinci bir kullan─▒c─▒ tan─▒ml─▒ d├Ân├╝┼şt├╝rme i┼şleci veya olu┼şturucu gerektiriyor
                  C:\Program Files\Microsoft Visual Studio\2022\Community\VC\Tools\MSVC\14.44.35207\include\format(2867,1):
                  veya       'std::basic_format_string<char,size_t &>::basic_format_string(const std::basic_format_string<char,size_t &> &)'
                      C:\ShadowStrike\ShadowStrike\src\Shared_modules\Core\Process\ProcessInjectionDetector.cpp(1140,30):
                      'std::basic_format_string<char,size_t &>::basic_format_string(const std::basic_format_string<char,size_t &> &)' : 1 ba─ş─▒ms─▒z de─şi┼şkeni 'const wchar_t [47]' de─şerinden 'const std::basic_format_string<char,size_t &> &' de─şerine d├Ân├╝┼şt├╝r├╝lemez
                          C:\ShadowStrike\ShadowStrike\src\Shared_modules\Core\Process\ProcessInjectionDetector.cpp(1140,30):
                          Nedeni: 'const wchar_t [47]' de─şerinden 'const std::basic_format_string<char,size_t &>' de─şerine d├Ân├╝┼şt├╝r├╝lemez
                          C:\ShadowStrike\ShadowStrike\src\Shared_modules\Core\Process\ProcessInjectionDetector.cpp(1140,30):
                          D├Ân├╝┼şt├╝rme ikinci bir kullan─▒c─▒ tan─▒ml─▒ d├Ân├╝┼şt├╝rme i┼şleci veya olu┼şturucu gerektiriyor
                  C:\Program Files\Microsoft Visual Studio\2022\Community\VC\Tools\MSVC\14.44.35207\include\format(2850,5):
                  veya       'std::basic_format_string<char,size_t &>::basic_format_string(const _Ty &)'
                  C:\ShadowStrike\ShadowStrike\src\Shared_modules\Core\Process\ProcessInjectionDetector.cpp(1140,30):
                  '(const wchar_t [47])' ba─ş─▒ms─▒z de─şi┼şken listesi e┼şlenmeye ├ğal─▒┼ş─▒l─▒rken
      C:\ShadowStrike\ShadowStrike\src\Shared_modules\Core\Process\ProcessInjectionDetector.cpp(1140,24):
      '(const wchar_t [47], size_t)' ba─ş─▒ms─▒z de─şi┼şken listesi e┼şlenmeye ├ğal─▒┼ş─▒l─▒rken
  
C:\ShadowStrike\ShadowStrike\src\Shared_modules\FuzzyHasher\DigestComparer.cpp(318,1): error C1010: ├Ân derlenmi┼ş ├╝stbilgi aran─▒rken beklenmeyen dosya sonu. kaynak kodunuza '#include "pch.h"' eklemeyi unuttunuz mu? [C:\ShadowStrike\ShadowStrike\ShadowStrike.vcxproj]
C:\ShadowStrike\ShadowStrike\src\Shared_modules\Core\System\EventLogger.cpp(574,43): error C2039: 'WideToUtf8': bir 'ShadowStrike::Utils::StringUtils' ├╝yesi de─şil [C:\ShadowStrike\ShadowStrike\ShadowStrike.vcxproj]
  ('/src/Shared_modules/Core/System/EventLogger.cpp' kaynak dosyas─▒ derleniyor)
      C:\ShadowStrike\ShadowStrike\src\Shared_modules\Utils\StringUtils.hpp(63,19):
      'ShadowStrike::Utils::StringUtils' bildirimine bak─▒n
  
C:\ShadowStrike\ShadowStrike\src\Shared_modules\Core\System\EventLogger.cpp(574,43): error C3861: 'WideToUtf8': tan─▒mlay─▒c─▒ bulunamad─▒ [C:\ShadowStrike\ShadowStrike\ShadowStrike.vcxproj]
  ('/src/Shared_modules/Core/System/EventLogger.cpp' kaynak dosyas─▒ derleniyor)
  
C:\ShadowStrike\ShadowStrike\src\Shared_modules\Core\System\EventLogger.cpp(577,43): error C2039: 'WideToUtf8': bir 'ShadowStrike::Utils::StringUtils' ├╝yesi de─şil [C:\ShadowStrike\ShadowStrike\ShadowStrike.vcxproj]
  ('/src/Shared_modules/Core/System/EventLogger.cpp' kaynak dosyas─▒ derleniyor)
      C:\ShadowStrike\ShadowStrike\src\Shared_modules\Utils\StringUtils.hpp(63,19):
      'ShadowStrike::Utils::StringUtils' bildirimine bak─▒n
  
C:\ShadowStrike\ShadowStrike\src\Shared_modules\Core\System\EventLogger.cpp(577,43): error C3861: 'WideToUtf8': tan─▒mlay─▒c─▒ bulunamad─▒ [C:\ShadowStrike\ShadowStrike\ShadowStrike.vcxproj]
  ('/src/Shared_modules/Core/System/EventLogger.cpp' kaynak dosyas─▒ derleniyor)
  
C:\ShadowStrike\ShadowStrike\src\Shared_modules\Core\Process\ProcessInjectionDetector.cpp(1161,52): error C2039: 'Utf8ToWide': bir 'ShadowStrike::Utils::StringUtils' ├╝yesi de─şil [C:\ShadowStrike\ShadowStrike\ShadowStrike.vcxproj]
  ('/src/Shared_modules/Core/Process/ProcessInjectionDetector.cpp' kaynak dosyas─▒ derleniyor)
      C:\ShadowStrike\ShadowStrike\src\Shared_modules\Utils\StringUtils.hpp(63,19):
      'ShadowStrike::Utils::StringUtils' bildirimine bak─▒n
  
C:\ShadowStrike\ShadowStrike\src\Shared_modules\Core\Process\ProcessInjectionDetector.cpp(1161,52): error C3861: 'Utf8ToWide': tan─▒mlay─▒c─▒ bulunamad─▒ [C:\ShadowStrike\ShadowStrike\ShadowStrike.vcxproj]
  ('/src/Shared_modules/Core/Process/ProcessInjectionDetector.cpp' kaynak dosyas─▒ derleniyor)
  
C:\ShadowStrike\ShadowStrike\src\Shared_modules\Core\System\EventLogger.cpp(587,60): error C2039: 'WideToUtf8': bir 'ShadowStrike::Utils::StringUtils' ├╝yesi de─şil [C:\ShadowStrike\ShadowStrike\ShadowStrike.vcxproj]
  ('/src/Shared_modules/Core/System/EventLogger.cpp' kaynak dosyas─▒ derleniyor)
      C:\ShadowStrike\ShadowStrike\src\Shared_modules\Utils\StringUtils.hpp(63,19):
      'ShadowStrike::Utils::StringUtils' bildirimine bak─▒n
  
C:\ShadowStrike\ShadowStrike\src\Shared_modules\Core\System\EventLogger.cpp(587,60): error C3861: 'WideToUtf8': tan─▒mlay─▒c─▒ bulunamad─▒ [C:\ShadowStrike\ShadowStrike\ShadowStrike.vcxproj]
  ('/src/Shared_modules/Core/System/EventLogger.cpp' kaynak dosyas─▒ derleniyor)
  
C:\ShadowStrike\ShadowStrike\src\Shared_modules\Core\Process\ProcessInjectionDetector.cpp(1160,28): error C2660: 'ShadowStrike::Utils::Logger::Error': i┼şlev 2 ba─ş─▒ms─▒z de─şi┼şken alm─▒yor [C:\ShadowStrike\ShadowStrike\ShadowStrike.vcxproj]
  ('/src/Shared_modules/Core/Process/ProcessInjectionDetector.cpp' kaynak dosyas─▒ derleniyor)
      C:\ShadowStrike\ShadowStrike\src\Shared_modules\Utils\Logger.hpp(263,16):
      'ShadowStrike::Utils::Logger::Error' bildirimine bak─▒n
      C:\ShadowStrike\ShadowStrike\src\Shared_modules\Utils\Logger.hpp(274,16):
      'void ShadowStrike::Utils::Logger::Error(std::basic_format_string<char,type_identity<_Args>::type...>,Args ...)' olabilirdi
          C:\ShadowStrike\ShadowStrike\src\Shared_modules\Core\Process\ProcessInjectionDetector.cpp(1160,28):
          'void ShadowStrike::Utils::Logger::Error(std::basic_format_string<char,type_identity<_Args>::type...>,Args ...)' i┼şlev ┼şablonu ├Âzelle┼ştirilemedi
              C:\ShadowStrike\ShadowStrike\src\Shared_modules\Core\Process\ProcessInjectionDetector.cpp(1160,28):
              ┼Şu ┼şablon ba─ş─▒ms─▒z de─şi┼şkenleriyle:
                  C:\ShadowStrike\ShadowStrike\src\Shared_modules\Core\Process\ProcessInjectionDetector.cpp(1160,28):
                  'Args={<error type>}'
      C:\ShadowStrike\ShadowStrike\src\Shared_modules\Core\Process\ProcessInjectionDetector.cpp(1160,28):
      '(const wchar_t [56], <error type>)' ba─ş─▒ms─▒z de─şi┼şken listesi e┼şlenmeye ├ğal─▒┼ş─▒l─▒rken
  
C:\ShadowStrike\ShadowStrike\src\Shared_modules\Core\System\EventLogger.cpp(588,60): error C2039: 'WideToUtf8': bir 'ShadowStrike::Utils::StringUtils' ├╝yesi de─şil [C:\ShadowStrike\ShadowStrike\ShadowStrike.vcxproj]
  ('/src/Shared_modules/Core/System/EventLogger.cpp' kaynak dosyas─▒ derleniyor)
      C:\ShadowStrike\ShadowStrike\src\Shared_modules\Utils\StringUtils.hpp(63,19):
      'ShadowStrike::Utils::StringUtils' bildirimine bak─▒n
  
C:\ShadowStrike\ShadowStrike\src\Shared_modules\Core\System\EventLogger.cpp(588,60): error C3861: 'WideToUtf8': tan─▒mlay─▒c─▒ bulunamad─▒ [C:\ShadowStrike\ShadowStrike\ShadowStrike.vcxproj]
  ('/src/Shared_modules/Core/System/EventLogger.cpp' kaynak dosyas─▒ derleniyor)
  
C:\ShadowStrike\ShadowStrike\src\Shared_modules\Core\System\EventLogger.cpp(597,43): error C2039: 'WideToUtf8': bir 'ShadowStrike::Utils::StringUtils' ├╝yesi de─şil [C:\ShadowStrike\ShadowStrike\ShadowStrike.vcxproj]
  ('/src/Shared_modules/Core/System/EventLogger.cpp' kaynak dosyas─▒ derleniyor)
      C:\ShadowStrike\ShadowStrike\src\Shared_modules\Utils\StringUtils.hpp(63,19):
      'ShadowStrike::Utils::StringUtils' bildirimine bak─▒n
  
C:\ShadowStrike\ShadowStrike\src\Shared_modules\Core\System\EventLogger.cpp(597,43): error C3861: 'WideToUtf8': tan─▒mlay─▒c─▒ bulunamad─▒ [C:\ShadowStrike\ShadowStrike\ShadowStrike.vcxproj]
  ('/src/Shared_modules/Core/System/EventLogger.cpp' kaynak dosyas─▒ derleniyor)
  
C:\ShadowStrike\ShadowStrike\src\Shared_modules\Core\Process\ProcessInjectionDetector.cpp(1175,52): error C2039: 'Utf8ToWide': bir 'ShadowStrike::Utils::StringUtils' ├╝yesi de─şil [C:\ShadowStrike\ShadowStrike\ShadowStrike.vcxproj]
  ('/src/Shared_modules/Core/Process/ProcessInjectionDetector.cpp' kaynak dosyas─▒ derleniyor)
      C:\ShadowStrike\ShadowStrike\src\Shared_modules\Utils\StringUtils.hpp(63,19):
      'ShadowStrike::Utils::StringUtils' bildirimine bak─▒n
  
C:\ShadowStrike\ShadowStrike\src\Shared_modules\Core\Process\ProcessInjectionDetector.cpp(1175,52): error C3861: 'Utf8ToWide': tan─▒mlay─▒c─▒ bulunamad─▒ [C:\ShadowStrike\ShadowStrike\ShadowStrike.vcxproj]
  ('/src/Shared_modules/Core/Process/ProcessInjectionDetector.cpp' kaynak dosyas─▒ derleniyor)
  
C:\ShadowStrike\ShadowStrike\src\Shared_modules\Core\Process\ProcessInjectionDetector.cpp(1174,28): error C2660: 'ShadowStrike::Utils::Logger::Error': i┼şlev 2 ba─ş─▒ms─▒z de─şi┼şken alm─▒yor [C:\ShadowStrike\ShadowStrike\ShadowStrike.vcxproj]
  ('/src/Shared_modules/Core/Process/ProcessInjectionDetector.cpp' kaynak dosyas─▒ derleniyor)
      C:\ShadowStrike\ShadowStrike\src\Shared_modules\Utils\Logger.hpp(263,16):
      'ShadowStrike::Utils::Logger::Error' bildirimine bak─▒n
      C:\ShadowStrike\ShadowStrike\src\Shared_modules\Utils\Logger.hpp(274,16):
      'void ShadowStrike::Utils::Logger::Error(std::basic_format_string<char,type_identity<_Args>::type...>,Args ...)' olabilirdi
          C:\ShadowStrike\ShadowStrike\src\Shared_modules\Core\Process\ProcessInjectionDetector.cpp(1174,28):
          'void ShadowStrike::Utils::Logger::Error(std::basic_format_string<char,type_identity<_Args>::type...>,Args ...)' i┼şlev ┼şablonu ├Âzelle┼ştirilemedi
              C:\ShadowStrike\ShadowStrike\src\Shared_modules\Core\Process\ProcessInjectionDetector.cpp(1174,28):
              ┼Şu ┼şablon ba─ş─▒ms─▒z de─şi┼şkenleriyle:
                  C:\ShadowStrike\ShadowStrike\src\Shared_modules\Core\Process\ProcessInjectionDetector.cpp(1174,28):
                  'Args={<error type>}'
      C:\ShadowStrike\ShadowStrike\src\Shared_modules\Core\Process\ProcessInjectionDetector.cpp(1174,28):
      '(const wchar_t [52], <error type>)' ba─ş─▒ms─▒z de─şi┼şken listesi e┼şlenmeye ├ğal─▒┼ş─▒l─▒rken
  
C:\ShadowStrike\ShadowStrike\src\Shared_modules\Core\Process\ProcessInjectionDetector.cpp(1187,52): error C2039: 'Utf8ToWide': bir 'ShadowStrike::Utils::StringUtils' ├╝yesi de─şil [C:\ShadowStrike\ShadowStrike\ShadowStrike.vcxproj]
  ('/src/Shared_modules/Core/Process/ProcessInjectionDetector.cpp' kaynak dosyas─▒ derleniyor)
      C:\ShadowStrike\ShadowStrike\src\Shared_modules\Utils\StringUtils.hpp(63,19):
      'ShadowStrike::Utils::StringUtils' bildirimine bak─▒n
  
C:\ShadowStrike\ShadowStrike\src\Shared_modules\Core\Process\ProcessInjectionDetector.cpp(1187,52): error C3861: 'Utf8ToWide': tan─▒mlay─▒c─▒ bulunamad─▒ [C:\ShadowStrike\ShadowStrike\ShadowStrike.vcxproj]
  ('/src/Shared_modules/Core/Process/ProcessInjectionDetector.cpp' kaynak dosyas─▒ derleniyor)
  
C:\ShadowStrike\ShadowStrike\src\Shared_modules\Core\System\EventLogger.cpp(729,20): error C2039: 'EventLoggerImpl': bir 'ShadowStrike::Core::System::EventLogger' ├╝yesi de─şil [C:\ShadowStrike\ShadowStrike\ShadowStrike.vcxproj]
  ('/src/Shared_modules/Core/System/EventLogger.cpp' kaynak dosyas─▒ derleniyor)
      C:\ShadowStrike\ShadowStrike\src\Shared_modules\Core\System\EventLogger.hpp(423,7):
      'ShadowStrike::Core::System::EventLogger' bildirimine bak─▒n
  
C:\ShadowStrike\ShadowStrike\src\Shared_modules\Core\Process\ProcessInjectionDetector.cpp(1186,28): error C2660: 'ShadowStrike::Utils::Logger::Error': i┼şlev 2 ba─ş─▒ms─▒z de─şi┼şken alm─▒yor [C:\ShadowStrike\ShadowStrike\ShadowStrike.vcxproj]
  ('/src/Shared_modules/Core/Process/ProcessInjectionDetector.cpp' kaynak dosyas─▒ derleniyor)
      C:\ShadowStrike\ShadowStrike\src\Shared_modules\Utils\Logger.hpp(263,16):
      'ShadowStrike::Utils::Logger::Error' bildirimine bak─▒n
      C:\ShadowStrike\ShadowStrike\src\Shared_modules\Utils\Logger.hpp(274,16):
      'void ShadowStrike::Utils::Logger::Error(std::basic_format_string<char,type_identity<_Args>::type...>,Args ...)' olabilirdi
          C:\ShadowStrike\ShadowStrike\src\Shared_modules\Core\Process\ProcessInjectionDetector.cpp(1186,28):
          'void ShadowStrike::Utils::Logger::Error(std::basic_format_string<char,type_identity<_Args>::type...>,Args ...)' i┼şlev ┼şablonu ├Âzelle┼ştirilemedi
              C:\ShadowStrike\ShadowStrike\src\Shared_modules\Core\Process\ProcessInjectionDetector.cpp(1186,28):
              ┼Şu ┼şablon ba─ş─▒ms─▒z de─şi┼şkenleriyle:
                  C:\ShadowStrike\ShadowStrike\src\Shared_modules\Core\Process\ProcessInjectionDetector.cpp(1186,28):
                  'Args={<error type>}'
      C:\ShadowStrike\ShadowStrike\src\Shared_modules\Core\Process\ProcessInjectionDetector.cpp(1186,28):
      '(const wchar_t [52], <error type>)' ba─ş─▒ms─▒z de─şi┼şken listesi e┼şlenmeye ├ğal─▒┼ş─▒l─▒rken
  
C:\ShadowStrike\ShadowStrike\src\Shared_modules\Core\Process\ProcessInjectionDetector.cpp(1204,20): error C2664: 'void ShadowStrike::Utils::Logger::Info(const char *)' : 1 ba─ş─▒ms─▒z de─şi┼şkeni 'const wchar_t [45]' de─şerinden 'const char *' de─şerine d├Ân├╝┼şt├╝r├╝lemez [C:\ShadowStrike\ShadowStrike\ShadowStrike.vcxproj]
  ('/src/Shared_modules/Core/Process/ProcessInjectionDetector.cpp' kaynak dosyas─▒ derleniyor)
      C:\ShadowStrike\ShadowStrike\src\Shared_modules\Core\Process\ProcessInjectionDetector.cpp(1204,25):
      ─░┼şaretlenen t├╝rler ilgisiz; d├Ân├╝┼şt├╝rme reinterpret_cast, C stili t├╝r d├Ân├╝┼şt├╝rme veya parantez i├ğine al─▒nm─▒┼ş i┼şlev stili t├╝r d├Ân├╝┼şt├╝rme gerektiriyor
      C:\ShadowStrike\ShadowStrike\src\Shared_modules\Utils\Logger.hpp(265,16):
      'ShadowStrike::Utils::Logger::Info' bildirimine bak─▒n
      C:\ShadowStrike\ShadowStrike\src\Shared_modules\Utils\Logger.hpp(282,16):
      'void ShadowStrike::Utils::Logger::Info(std::basic_format_string<char,type_identity<_Args>::type...>,Args ...)' olabilirdi
          C:\ShadowStrike\ShadowStrike\src\Shared_modules\Core\Process\ProcessInjectionDetector.cpp(1204,20):
          ili┼şkili k─▒s─▒tlamalar kar┼ş─▒lanmad─▒
              C:\ShadowStrike\ShadowStrike\src\Shared_modules\Utils\Logger.hpp(281,57):
              k─▒s─▒tlama yerine getirilmedi
      C:\ShadowStrike\ShadowStrike\src\Shared_modules\Core\Process\ProcessInjectionDetector.cpp(1204,20):
      '(const wchar_t [45])' ba─ş─▒ms─▒z de─şi┼şken listesi e┼şlenmeye ├ğal─▒┼ş─▒l─▒rken
  
C:\ShadowStrike\ShadowStrike\src\Shared_modules\Core\Registry\SystemSettingsMonitor.hpp(573,20): warning C4359: 'ShadowStrike::Core::Registry::BaselineSnapshot': Hizalama belirleyici as─▒l hizalamadan (128) daha az oldu─şundan g├Âz ard─▒ edilecek. [C:\ShadowStrike\ShadowStrike\ShadowStrike.vcxproj]
  ('/src/Shared_modules/Core/Registry/SystemSettingsMonitor.cpp' kaynak dosyas─▒ derleniyor)
  
C:\ShadowStrike\ShadowStrike\src\Shared_modules\Core\Process\ProcessInjectionDetector.cpp(1211,20): error C2664: 'void ShadowStrike::Utils::Logger::Info(const char *)' : 1 ba─ş─▒ms─▒z de─şi┼şkeni 'const wchar_t [44]' de─şerinden 'const char *' de─şerine d├Ân├╝┼şt├╝r├╝lemez [C:\ShadowStrike\ShadowStrike\ShadowStrike.vcxproj]
  ('/src/Shared_modules/Core/Process/ProcessInjectionDetector.cpp' kaynak dosyas─▒ derleniyor)
      C:\ShadowStrike\ShadowStrike\src\Shared_modules\Core\Process\ProcessInjectionDetector.cpp(1211,25):
      ─░┼şaretlenen t├╝rler ilgisiz; d├Ân├╝┼şt├╝rme reinterpret_cast, C stili t├╝r d├Ân├╝┼şt├╝rme veya parantez i├ğine al─▒nm─▒┼ş i┼şlev stili t├╝r d├Ân├╝┼şt├╝rme gerektiriyor
      C:\ShadowStrike\ShadowStrike\src\Shared_modules\Utils\Logger.hpp(265,16):
      'ShadowStrike::Utils::Logger::Info' bildirimine bak─▒n
      C:\ShadowStrike\ShadowStrike\src\Shared_modules\Utils\Logger.hpp(282,16):
      'void ShadowStrike::Utils::Logger::Info(std::basic_format_string<char,type_identity<_Args>::type...>,Args ...)' olabilirdi
          C:\ShadowStrike\ShadowStrike\src\Shared_modules\Core\Process\ProcessInjectionDetector.cpp(1211,20):
          ili┼şkili k─▒s─▒tlamalar kar┼ş─▒lanmad─▒
              C:\ShadowStrike\ShadowStrike\src\Shared_modules\Utils\Logger.hpp(281,57):
              k─▒s─▒tlama yerine getirilmedi
      C:\ShadowStrike\ShadowStrike\src\Shared_modules\Core\Process\ProcessInjectionDetector.cpp(1211,20):
      '(const wchar_t [44])' ba─ş─▒ms─▒z de─şi┼şken listesi e┼şlenmeye ├ğal─▒┼ş─▒l─▒rken
  
C:\ShadowStrike\ShadowStrike\src\Shared_modules\Core\Process\ProcessInjectionDetector.cpp(1358,59): error C2039: 'Utf8ToWide': bir 'ShadowStrike::Utils::StringUtils' ├╝yesi de─şil [C:\ShadowStrike\ShadowStrike\ShadowStrike.vcxproj]
  ('/src/Shared_modules/Core/Process/ProcessInjectionDetector.cpp' kaynak dosyas─▒ derleniyor)
      C:\ShadowStrike\ShadowStrike\src\Shared_modules\Utils\StringUtils.hpp(63,19):
      'ShadowStrike::Utils::StringUtils' bildirimine bak─▒n
  
C:\ShadowStrike\ShadowStrike\src\Shared_modules\Core\Process\ProcessInjectionDetector.cpp(1358,59): error C3861: 'Utf8ToWide': tan─▒mlay─▒c─▒ bulunamad─▒ [C:\ShadowStrike\ShadowStrike\ShadowStrike.vcxproj]
  ('/src/Shared_modules/Core/Process/ProcessInjectionDetector.cpp' kaynak dosyas─▒ derleniyor)
  
C:\ShadowStrike\ShadowStrike\src\Shared_modules\Core\Process\ProcessInjectionDetector.cpp(1355,36): error C2660: 'ShadowStrike::Utils::Logger::Warn': i┼şlev 4 ba─ş─▒ms─▒z de─şi┼şken alm─▒yor [C:\ShadowStrike\ShadowStrike\ShadowStrike.vcxproj]
  ('/src/Shared_modules/Core/Process/ProcessInjectionDetector.cpp' kaynak dosyas─▒ derleniyor)
      C:\ShadowStrike\ShadowStrike\src\Shared_modules\Utils\Logger.hpp(264,16):
      'ShadowStrike::Utils::Logger::Warn' bildirimine bak─▒n
      C:\ShadowStrike\ShadowStrike\src\Shared_modules\Utils\Logger.hpp(278,16):
      'void ShadowStrike::Utils::Logger::Warn(std::basic_format_string<char,type_identity<_Args>::type...>,Args ...)' olabilirdi
          C:\ShadowStrike\ShadowStrike\src\Shared_modules\Core\Process\ProcessInjectionDetector.cpp(1355,36):
          'void ShadowStrike::Utils::Logger::Warn(std::basic_format_string<char,type_identity<_Args>::type...>,Args ...)' i┼şlev ┼şablonu ├Âzelle┼ştirilemedi
              C:\ShadowStrike\ShadowStrike\src\Shared_modules\Core\Process\ProcessInjectionDetector.cpp(1355,36):
              ┼Şu ┼şablon ba─ş─▒ms─▒z de─şi┼şkenleriyle:
                  C:\ShadowStrike\ShadowStrike\src\Shared_modules\Core\Process\ProcessInjectionDetector.cpp(1355,36):
                  'Args={std::wstring &, std::wstring &, <error type>}'
      C:\ShadowStrike\ShadowStrike\src\Shared_modules\Core\Process\ProcessInjectionDetector.cpp(1355,36):
      '(const wchar_t [57], std::wstring, std::wstring, <error type>)' ba─ş─▒ms─▒z de─şi┼şken listesi e┼şlenmeye ├ğal─▒┼ş─▒l─▒rken
  
C:\ShadowStrike\ShadowStrike\src\Shared_modules\Core\Process\ProcessInjectionDetector.cpp(1368,48): error C2039: 'Utf8ToWide': bir 'ShadowStrike::Utils::StringUtils' ├╝yesi de─şil [C:\ShadowStrike\ShadowStrike\ShadowStrike.vcxproj]
  ('/src/Shared_modules/Core/Process/ProcessInjectionDetector.cpp' kaynak dosyas─▒ derleniyor)
      C:\ShadowStrike\ShadowStrike\src\Shared_modules\Utils\StringUtils.hpp(63,19):
      'ShadowStrike::Utils::StringUtils' bildirimine bak─▒n
  
C:\ShadowStrike\ShadowStrike\src\Shared_modules\Core\Process\ProcessInjectionDetector.cpp(1368,48): error C3861: 'Utf8ToWide': tan─▒mlay─▒c─▒ bulunamad─▒ [C:\ShadowStrike\ShadowStrike\ShadowStrike.vcxproj]
  ('/src/Shared_modules/Core/Process/ProcessInjectionDetector.cpp' kaynak dosyas─▒ derleniyor)
  
C:\ShadowStrike\ShadowStrike\src\Shared_modules\Core\Process\ProcessInjectionDetector.cpp(1367,24): error C2660: 'ShadowStrike::Utils::Logger::Error': i┼şlev 2 ba─ş─▒ms─▒z de─şi┼şken alm─▒yor [C:\ShadowStrike\ShadowStrike\ShadowStrike.vcxproj]
  ('/src/Shared_modules/Core/Process/ProcessInjectionDetector.cpp' kaynak dosyas─▒ derleniyor)
      C:\ShadowStrike\ShadowStrike\src\Shared_modules\Utils\Logger.hpp(263,16):
      'ShadowStrike::Utils::Logger::Error' bildirimine bak─▒n
      C:\ShadowStrike\ShadowStrike\src\Shared_modules\Utils\Logger.hpp(274,16):
      'void ShadowStrike::Utils::Logger::Error(std::basic_format_string<char,type_identity<_Args>::type...>,Args ...)' olabilirdi
          C:\ShadowStrike\ShadowStrike\src\Shared_modules\Core\Process\ProcessInjectionDetector.cpp(1367,24):
          'void ShadowStrike::Utils::Logger::Error(std::basic_format_string<char,type_identity<_Args>::type...>,Args ...)' i┼şlev ┼şablonu ├Âzelle┼ştirilemedi
              C:\ShadowStrike\ShadowStrike\src\Shared_modules\Core\Process\ProcessInjectionDetector.cpp(1367,24):
              ┼Şu ┼şablon ba─ş─▒ms─▒z de─şi┼şkenleriyle:
                  C:\ShadowStrike\ShadowStrike\src\Shared_modules\Core\Process\ProcessInjectionDetector.cpp(1367,24):
                  'Args={<error type>}'
      C:\ShadowStrike\ShadowStrike\src\Shared_modules\Core\Process\ProcessInjectionDetector.cpp(1367,24):
      '(const wchar_t [60], <error type>)' ba─ş─▒ms─▒z de─şi┼şken listesi e┼şlenmeye ├ğal─▒┼ş─▒l─▒rken
  
C:\ShadowStrike\ShadowStrike\src\Shared_modules\Core\Process\ProcessInjectionDetector.cpp(1404,48): error C2039: 'Utf8ToWide': bir 'ShadowStrike::Utils::StringUtils' ├╝yesi de─şil [C:\ShadowStrike\ShadowStrike\ShadowStrike.vcxproj]
  ('/src/Shared_modules/Core/Process/ProcessInjectionDetector.cpp' kaynak dosyas─▒ derleniyor)
      C:\ShadowStrike\ShadowStrike\src\Shared_modules\Utils\StringUtils.hpp(63,19):
      'ShadowStrike::Utils::StringUtils' bildirimine bak─▒n
  
C:\ShadowStrike\ShadowStrike\src\Shared_modules\Core\Process\ProcessInjectionDetector.cpp(1404,48): error C3861: 'Utf8ToWide': tan─▒mlay─▒c─▒ bulunamad─▒ [C:\ShadowStrike\ShadowStrike\ShadowStrike.vcxproj]
  ('/src/Shared_modules/Core/Process/ProcessInjectionDetector.cpp' kaynak dosyas─▒ derleniyor)
  
C:\ShadowStrike\ShadowStrike\src\Shared_modules\Core\Process\ProcessInjectionDetector.cpp(1403,24): error C2660: 'ShadowStrike::Utils::Logger::Error': i┼şlev 2 ba─ş─▒ms─▒z de─şi┼şken alm─▒yor [C:\ShadowStrike\ShadowStrike\ShadowStrike.vcxproj]
  ('/src/Shared_modules/Core/Process/ProcessInjectionDetector.cpp' kaynak dosyas─▒ derleniyor)
      C:\ShadowStrike\ShadowStrike\src\Shared_modules\Utils\Logger.hpp(263,16):
      'ShadowStrike::Utils::Logger::Error' bildirimine bak─▒n
      C:\ShadowStrike\ShadowStrike\src\Shared_modules\Utils\Logger.hpp(274,16):
      'void ShadowStrike::Utils::Logger::Error(std::basic_format_string<char,type_identity<_Args>::type...>,Args ...)' olabilirdi
          C:\ShadowStrike\ShadowStrike\src\Shared_modules\Core\Process\ProcessInjectionDetector.cpp(1403,24):
          'void ShadowStrike::Utils::Logger::Error(std::basic_format_string<char,type_identity<_Args>::type...>,Args ...)' i┼şlev ┼şablonu ├Âzelle┼ştirilemedi
              C:\ShadowStrike\ShadowStrike\src\Shared_modules\Core\Process\ProcessInjectionDetector.cpp(1403,24):
              ┼Şu ┼şablon ba─ş─▒ms─▒z de─şi┼şkenleriyle:
                  C:\ShadowStrike\ShadowStrike\src\Shared_modules\Core\Process\ProcessInjectionDetector.cpp(1403,24):
                  'Args={<error type>}'
      C:\ShadowStrike\ShadowStrike\src\Shared_modules\Core\Process\ProcessInjectionDetector.cpp(1403,24):
      '(const wchar_t [63], <error type>)' ba─ş─▒ms─▒z de─şi┼şken listesi e┼şlenmeye ├ğal─▒┼ş─▒l─▒rken
  
C:\ShadowStrike\ShadowStrike\src\Shared_modules\Core\Process\ProcessInjectionDetector.cpp(1446,48): error C2039: 'Utf8ToWide': bir 'ShadowStrike::Utils::StringUtils' ├╝yesi de─şil [C:\ShadowStrike\ShadowStrike\ShadowStrike.vcxproj]
  ('/src/Shared_modules/Core/Process/ProcessInjectionDetector.cpp' kaynak dosyas─▒ derleniyor)
      C:\ShadowStrike\ShadowStrike\src\Shared_modules\Utils\StringUtils.hpp(63,19):
      'ShadowStrike::Utils::StringUtils' bildirimine bak─▒n
  
C:\ShadowStrike\ShadowStrike\src\Shared_modules\Core\Process\ProcessInjectionDetector.cpp(1446,48): error C3861: 'Utf8ToWide': tan─▒mlay─▒c─▒ bulunamad─▒ [C:\ShadowStrike\ShadowStrike\ShadowStrike.vcxproj]
  ('/src/Shared_modules/Core/Process/ProcessInjectionDetector.cpp' kaynak dosyas─▒ derleniyor)
  
C:\ShadowStrike\ShadowStrike\src\Shared_modules\Core\Process\ProcessInjectionDetector.cpp(1445,24): error C2660: 'ShadowStrike::Utils::Logger::Error': i┼şlev 2 ba─ş─▒ms─▒z de─şi┼şken alm─▒yor [C:\ShadowStrike\ShadowStrike\ShadowStrike.vcxproj]
  ('/src/Shared_modules/Core/Process/ProcessInjectionDetector.cpp' kaynak dosyas─▒ derleniyor)
      C:\ShadowStrike\ShadowStrike\src\Shared_modules\Utils\Logger.hpp(263,16):
      'ShadowStrike::Utils::Logger::Error' bildirimine bak─▒n
      C:\ShadowStrike\ShadowStrike\src\Shared_modules\Utils\Logger.hpp(274,16):
      'void ShadowStrike::Utils::Logger::Error(std::basic_format_string<char,type_identity<_Args>::type...>,Args ...)' olabilirdi
          C:\ShadowStrike\ShadowStrike\src\Shared_modules\Core\Process\ProcessInjectionDetector.cpp(1445,24):
          'void ShadowStrike::Utils::Logger::Error(std::basic_format_string<char,type_identity<_Args>::type...>,Args ...)' i┼şlev ┼şablonu ├Âzelle┼ştirilemedi
              C:\ShadowStrike\ShadowStrike\src\Shared_modules\Core\Process\ProcessInjectionDetector.cpp(1445,24):
              ┼Şu ┼şablon ba─ş─▒ms─▒z de─şi┼şkenleriyle:
                  C:\ShadowStrike\ShadowStrike\src\Shared_modules\Core\Process\ProcessInjectionDetector.cpp(1445,24):
                  'Args={<error type>}'
      C:\ShadowStrike\ShadowStrike\src\Shared_modules\Core\Process\ProcessInjectionDetector.cpp(1445,24):
      '(const wchar_t [63], <error type>)' ba─ş─▒ms─▒z de─şi┼şken listesi e┼şlenmeye ├ğal─▒┼ş─▒l─▒rken
  
C:\ShadowStrike\ShadowStrike\src\Shared_modules\Exploits\PrivilegeEscalationDetector.hpp(145,10): error C1083: i├ğerme dosyas─▒ a├ğ─▒lam─▒yor: '../ThreatIntel/ThreatIntelManager.hpp': No such file or directory [C:\ShadowStrike\ShadowStrike\ShadowStrike.vcxproj]
  ('/src/Shared_modules/Exploits/PrivilegeEscalationDetector.cpp' kaynak dosyas─▒ derleniyor)
  
C:\ShadowStrike\ShadowStrike\src\Shared_modules\Core\System\EventLogger.cpp(1202,34): error C2719: 'event': istenen 128 hizalanmas─▒na sahip bi├ğimsel parametre hizalanmayacak [C:\ShadowStrike\ShadowStrike\ShadowStrike.vcxproj]
  ('/src/Shared_modules/Core/System/EventLogger.cpp' kaynak dosyas─▒ derleniyor)
  
C:\ShadowStrike\ShadowStrike\src\Shared_modules\Core\Process\MemoryScanner.cpp(430,13): error C2653: 'Logger': bir s─▒n─▒f veya ad alan─▒ ad─▒ de─şil [C:\ShadowStrike\ShadowStrike\ShadowStrike.vcxproj]
  ('/src/Shared_modules/Core/Process/MemoryScanner.cpp' kaynak dosyas─▒ derleniyor)
  
C:\ShadowStrike\ShadowStrike\src\Shared_modules\Core\Process\MemoryScanner.cpp(430,21): error C3861: 'Info': tan─▒mlay─▒c─▒ bulunamad─▒ [C:\ShadowStrike\ShadowStrike\ShadowStrike.vcxproj]
  ('/src/Shared_modules/Core/Process/MemoryScanner.cpp' kaynak dosyas─▒ derleniyor)
  
C:\ShadowStrike\ShadowStrike\src\Shared_modules\Core\Process\MemoryScanner.cpp(438,13): error C2653: 'Logger': bir s─▒n─▒f veya ad alan─▒ ad─▒ de─şil [C:\ShadowStrike\ShadowStrike\ShadowStrike.vcxproj]
  ('/src/Shared_modules/Core/Process/MemoryScanner.cpp' kaynak dosyas─▒ derleniyor)
  
C:\ShadowStrike\ShadowStrike\src\Shared_modules\Core\Process\MemoryScanner.cpp(438,21): error C3861: 'Error': tan─▒mlay─▒c─▒ bulunamad─▒ [C:\ShadowStrike\ShadowStrike\ShadowStrike.vcxproj]
  ('/src/Shared_modules/Core/Process/MemoryScanner.cpp' kaynak dosyas─▒ derleniyor)
  
C:\ShadowStrike\ShadowStrike\src\Shared_modules\Core\Process\MemoryScanner.cpp(458,13): error C2653: 'Logger': bir s─▒n─▒f veya ad alan─▒ ad─▒ de─şil [C:\ShadowStrike\ShadowStrike\ShadowStrike.vcxproj]
  ('/src/Shared_modules/Core/Process/MemoryScanner.cpp' kaynak dosyas─▒ derleniyor)
  
C:\ShadowStrike\ShadowStrike\src\Shared_modules\Core\Process\MemoryScanner.cpp(458,21): error C3861: 'Info': tan─▒mlay─▒c─▒ bulunamad─▒ [C:\ShadowStrike\ShadowStrike\ShadowStrike.vcxproj]
  ('/src/Shared_modules/Core/Process/MemoryScanner.cpp' kaynak dosyas─▒ derleniyor)
  
C:\ShadowStrike\ShadowStrike\src\Shared_modules\Core\Process\MemoryScanner.cpp(475,17): error C2653: 'Logger': bir s─▒n─▒f veya ad alan─▒ ad─▒ de─şil [C:\ShadowStrike\ShadowStrike\ShadowStrike.vcxproj]
  ('/src/Shared_modules/Core/Process/MemoryScanner.cpp' kaynak dosyas─▒ derleniyor)
  
C:\ShadowStrike\ShadowStrike\src\Shared_modules\Core\Process\MemoryScanner.cpp(475,25): error C3861: 'Error': tan─▒mlay─▒c─▒ bulunamad─▒ [C:\ShadowStrike\ShadowStrike\ShadowStrike.vcxproj]
  ('/src/Shared_modules/Core/Process/MemoryScanner.cpp' kaynak dosyas─▒ derleniyor)
  
C:\ShadowStrike\ShadowStrike\src\Shared_modules\Core\Process\MemoryScanner.cpp(528,13): error C2653: 'Logger': bir s─▒n─▒f veya ad alan─▒ ad─▒ de─şil [C:\ShadowStrike\ShadowStrike\ShadowStrike.vcxproj]
  ('/src/Shared_modules/Core/Process/MemoryScanner.cpp' kaynak dosyas─▒ derleniyor)
  
C:\ShadowStrike\ShadowStrike\src\Shared_modules\Core\Process\MemoryScanner.cpp(528,21): error C3861: 'Error': tan─▒mlay─▒c─▒ bulunamad─▒ [C:\ShadowStrike\ShadowStrike\ShadowStrike.vcxproj]
  ('/src/Shared_modules/Core/Process/MemoryScanner.cpp' kaynak dosyas─▒ derleniyor)
  
C:\ShadowStrike\ShadowStrike\src\Shared_modules\Core\System\EventLogger.cpp(950,38): error C2039: 'WideToUtf8': bir 'ShadowStrike::Utils::StringUtils' ├╝yesi de─şil [C:\ShadowStrike\ShadowStrike\ShadowStrike.vcxproj]
  ('/src/Shared_modules/Core/System/EventLogger.cpp' kaynak dosyas─▒ derleniyor)
      C:\ShadowStrike\ShadowStrike\src\Shared_modules\Utils\StringUtils.hpp(63,19):
      'ShadowStrike::Utils::StringUtils' bildirimine bak─▒n
  
C:\ShadowStrike\ShadowStrike\src\Shared_modules\Core\System\EventLogger.cpp(950,38): error C3861: 'WideToUtf8': tan─▒mlay─▒c─▒ bulunamad─▒ [C:\ShadowStrike\ShadowStrike\ShadowStrike.vcxproj]
  ('/src/Shared_modules/Core/System/EventLogger.cpp' kaynak dosyas─▒ derleniyor)
  
C:\ShadowStrike\ShadowStrike\src\Shared_modules\Core\System\EventLogger.cpp(949,29): error C2660: 'ShadowStrike::Utils::Logger::Error': i┼şlev 2 ba─ş─▒ms─▒z de─şi┼şken alm─▒yor [C:\ShadowStrike\ShadowStrike\ShadowStrike.vcxproj]
  ('/src/Shared_modules/Core/System/EventLogger.cpp' kaynak dosyas─▒ derleniyor)
      C:\ShadowStrike\ShadowStrike\src\Shared_modules\Utils\Logger.hpp(263,16):
      'ShadowStrike::Utils::Logger::Error' bildirimine bak─▒n
      C:\ShadowStrike\ShadowStrike\src\Shared_modules\Utils\Logger.hpp(274,16):
      'void ShadowStrike::Utils::Logger::Error(std::basic_format_string<char,type_identity<_Args>::type...>,Args ...)' olabilirdi
          C:\ShadowStrike\ShadowStrike\src\Shared_modules\Core\System\EventLogger.cpp(949,29):
          'void ShadowStrike::Utils::Logger::Error(std::basic_format_string<char,type_identity<_Args>::type...>,Args ...)' i┼şlev ┼şablonu ├Âzelle┼ştirilemedi
              C:\ShadowStrike\ShadowStrike\src\Shared_modules\Core\System\EventLogger.cpp(949,29):
              ┼Şu ┼şablon ba─ş─▒ms─▒z de─şi┼şkenleriyle:
                  C:\ShadowStrike\ShadowStrike\src\Shared_modules\Core\System\EventLogger.cpp(949,29):
                  'Args={<error type>}'
      C:\ShadowStrike\ShadowStrike\src\Shared_modules\Core\System\EventLogger.cpp(949,29):
      '(const char [41], <error type>)' ba─ş─▒ms─▒z de─şi┼şken listesi e┼şlenmeye ├ğal─▒┼ş─▒l─▒rken
  
C:\ShadowStrike\ShadowStrike\src\Shared_modules\Core\Process\MemoryScanner.cpp(649,35): error C2678: ikili '++': 'const std::atomic<unsigned __int64>' t├╝r├╝nde bir sol taraf i┼şleneni alan hi├ğbir i┼şle├ğ bulunamad─▒ (veya hi├ğ kabul edilebilir d├Ân├╝┼şt├╝rme yok) [C:\ShadowStrike\ShadowStrike\ShadowStrike.vcxproj]
  ('/src/Shared_modules/Core/Process/MemoryScanner.cpp' kaynak dosyas─▒ derleniyor)
      C:\Program Files\Microsoft Visual Studio\2022\Community\VC\Tools\MSVC\14.44.35207\include\atomic(1690,9):
      '_Ty std::_Atomic_integral_facade<_Ty>::operator ++(int) noexcept volatile' olabilirdi
          with
          [
              _Ty=unsigned __int64
          ]
          C:\ShadowStrike\ShadowStrike\src\Shared_modules\Core\Process\MemoryScanner.cpp(649,35):
          '_Ty std::_Atomic_integral_facade<_Ty>::operator ++(int) noexcept volatile': 'this' i┼şaret├ğisi 'const std::atomic<unsigned __int64>' iken 'volatile std::_Atomic_integral_facade<_Ty> &' olarak d├Ân├╝┼şt├╝r├╝lemiyor
          with
          [
              _Ty=unsigned __int64
          ]
              C:\ShadowStrike\ShadowStrike\src\Shared_modules\Core\Process\MemoryScanner.cpp(649,35):
              D├Ân├╝┼şt├╝rme niteleyicileri kaybediyor
      C:\Program Files\Microsoft Visual Studio\2022\Community\VC\Tools\MSVC\14.44.35207\include\atomic(1573,11):
      veya       'unsigned __int64 std::_Atomic_integral<_Ty,8>::operator ++(int) noexcept'
          with
          [
              _Ty=unsigned __int64
          ]
          C:\ShadowStrike\ShadowStrike\src\Shared_modules\Core\Process\MemoryScanner.cpp(649,35):
          'unsigned __int64 std::_Atomic_integral<_Ty,8>::operator ++(int) noexcept': 'this' i┼şaret├ğisi 'const std::atomic<unsigned __int64>' iken 'std::_Atomic_integral_facade<_Ty> &' olarak d├Ân├╝┼şt├╝r├╝lemiyor
          with
          [
              _Ty=unsigned __int64
          ]
              C:\ShadowStrike\ShadowStrike\src\Shared_modules\Core\Process\MemoryScanner.cpp(649,35):
              D├Ân├╝┼şt├╝rme niteleyicileri kaybediyor
      C:\ShadowStrike\ShadowStrike\src\Shared_modules\Core\Process\MemoryScanner.cpp(649,35):
      '(const std::atomic<unsigned __int64>, int)' ba─ş─▒ms─▒z de─şi┼şken listesi e┼şlenmeye ├ğal─▒┼ş─▒l─▒rken
  
C:\ShadowStrike\ShadowStrike\src\Products\PhantomEDR\Forensics\IncidentRecorder.hpp(141,10): error C1083: i├ğerme dosyas─▒ a├ğ─▒lam─▒yor: '../Utils/Logger.hpp': No such file or directory [C:\ShadowStrike\ShadowStrike\ShadowStrike.vcxproj]
  ('/src/Products/PhantomEDR/Forensics/IncidentRecorder.cpp' kaynak dosyas─▒ derleniyor)
  
C:\ShadowStrike\ShadowStrike\src\Shared_modules\Core\Process\MemoryScanner.cpp(666,13): error C2653: 'Logger': bir s─▒n─▒f veya ad alan─▒ ad─▒ de─şil [C:\ShadowStrike\ShadowStrike\ShadowStrike.vcxproj]
  ('/src/Shared_modules/Core/Process/MemoryScanner.cpp' kaynak dosyas─▒ derleniyor)
  
C:\ShadowStrike\ShadowStrike\src\Shared_modules\Core\Process\MemoryScanner.cpp(666,21): error C3861: 'Error': tan─▒mlay─▒c─▒ bulunamad─▒ [C:\ShadowStrike\ShadowStrike\ShadowStrike.vcxproj]
  ('/src/Shared_modules/Core/Process/MemoryScanner.cpp' kaynak dosyas─▒ derleniyor)
  
C:\ShadowStrike\ShadowStrike\src\Shared_modules\Core\Process\MemoryScanner.cpp(777,35): error C2678: ikili '++': 'const std::atomic<unsigned __int64>' t├╝r├╝nde bir sol taraf i┼şleneni alan hi├ğbir i┼şle├ğ bulunamad─▒ (veya hi├ğ kabul edilebilir d├Ân├╝┼şt├╝rme yok) [C:\ShadowStrike\ShadowStrike\ShadowStrike.vcxproj]
  ('/src/Shared_modules/Core/Process/MemoryScanner.cpp' kaynak dosyas─▒ derleniyor)
      C:\Program Files\Microsoft Visual Studio\2022\Community\VC\Tools\MSVC\14.44.35207\include\atomic(1690,9):
      '_Ty std::_Atomic_integral_facade<_Ty>::operator ++(int) noexcept volatile' olabilirdi
          with
          [
              _Ty=unsigned __int64
          ]
          C:\ShadowStrike\ShadowStrike\src\Shared_modules\Core\Process\MemoryScanner.cpp(777,35):
          '_Ty std::_Atomic_integral_facade<_Ty>::operator ++(int) noexcept volatile': 'this' i┼şaret├ğisi 'const std::atomic<unsigned __int64>' iken 'volatile std::_Atomic_integral_facade<_Ty> &' olarak d├Ân├╝┼şt├╝r├╝lemiyor
          with
          [
              _Ty=unsigned __int64
          ]
              C:\ShadowStrike\ShadowStrike\src\Shared_modules\Core\Process\MemoryScanner.cpp(777,35):
              D├Ân├╝┼şt├╝rme niteleyicileri kaybediyor
      C:\Program Files\Microsoft Visual Studio\2022\Community\VC\Tools\MSVC\14.44.35207\include\atomic(1573,11):
      veya       'unsigned __int64 std::_Atomic_integral<_Ty,8>::operator ++(int) noexcept'
          with
          [
              _Ty=unsigned __int64
          ]
          C:\ShadowStrike\ShadowStrike\src\Shared_modules\Core\Process\MemoryScanner.cpp(777,35):
          'unsigned __int64 std::_Atomic_integral<_Ty,8>::operator ++(int) noexcept': 'this' i┼şaret├ğisi 'const std::atomic<unsigned __int64>' iken 'std::_Atomic_integral_facade<_Ty> &' olarak d├Ân├╝┼şt├╝r├╝lemiyor
          with
          [
              _Ty=unsigned __int64
          ]
              C:\ShadowStrike\ShadowStrike\src\Shared_modules\Core\Process\MemoryScanner.cpp(777,35):
              D├Ân├╝┼şt├╝rme niteleyicileri kaybediyor
      C:\ShadowStrike\ShadowStrike\src\Shared_modules\Core\Process\MemoryScanner.cpp(777,35):
      '(const std::atomic<unsigned __int64>, int)' ba─ş─▒ms─▒z de─şi┼şken listesi e┼şlenmeye ├ğal─▒┼ş─▒l─▒rken
  
C:\ShadowStrike\ShadowStrike\src\Shared_modules\Core\Process\MemoryScanner.cpp(789,34): error C2653: 'StringUtils': bir s─▒n─▒f veya ad alan─▒ ad─▒ de─şil [C:\ShadowStrike\ShadowStrike\ShadowStrike.vcxproj]
  ('/src/Shared_modules/Core/Process/MemoryScanner.cpp' kaynak dosyas─▒ derleniyor)
  
C:\ShadowStrike\ShadowStrike\src\Shared_modules\Core\Process\MemoryScanner.cpp(789,47): error C3861: 'Utf8ToWide': tan─▒mlay─▒c─▒ bulunamad─▒ [C:\ShadowStrike\ShadowStrike\ShadowStrike.vcxproj]
  ('/src/Shared_modules/Core/Process/MemoryScanner.cpp' kaynak dosyas─▒ derleniyor)
  
C:\ShadowStrike\ShadowStrike\src\Shared_modules\Core\Process\MemoryScanner.cpp(789,23): error C2593: 'operator =' belirsiz [C:\ShadowStrike\ShadowStrike\ShadowStrike.vcxproj]
  ('/src/Shared_modules/Core/Process/MemoryScanner.cpp' kaynak dosyas─▒ derleniyor)
      C:\Program Files\Microsoft Visual Studio\2022\Community\VC\Tools\MSVC\14.44.35207\include\xstring(1453,32):
      'std::basic_string<wchar_t,std::char_traits<wchar_t>,std::allocator<wchar_t>> &std::basic_string<wchar_t,std::char_traits<wchar_t>,std::allocator<wchar_t>>::operator =(const _Elem)' olabilirdi
          with
          [
              _Elem=wchar_t
          ]
      C:\Program Files\Microsoft Visual Studio\2022\Community\VC\Tools\MSVC\14.44.35207\include\xstring(1450,19):
      veya       'std::basic_string<wchar_t,std::char_traits<wchar_t>,std::allocator<wchar_t>> &std::basic_string<wchar_t,std::char_traits<wchar_t>,std::allocator<wchar_t>>::operator =(std::nullptr_t)'
      C:\Program Files\Microsoft Visual Studio\2022\Community\VC\Tools\MSVC\14.44.35207\include\xstring(1445,32):
      veya       'std::basic_string<wchar_t,std::char_traits<wchar_t>,std::allocator<wchar_t>> &std::basic_string<wchar_t,std::char_traits<wchar_t>,std::allocator<wchar_t>>::operator =(const _Elem *const )'
          with
          [
              _Elem=wchar_t
          ]
      C:\Program Files\Microsoft Visual Studio\2022\Community\VC\Tools\MSVC\14.44.35207\include\xstring(1394,32):
      veya       'std::basic_string<wchar_t,std::char_traits<wchar_t>,std::allocator<wchar_t>> &std::basic_string<wchar_t,std::char_traits<wchar_t>,std::allocator<wchar_t>>::operator =(const std::basic_string<wchar_t,std::char_traits<wchar_t>,std::allocator<wchar_t>> &)'
      C:\Program Files\Microsoft Visual Studio\2022\Community\VC\Tools\MSVC\14.44.35207\include\xstring(1345,32):
      veya       'std::basic_string<wchar_t,std::char_traits<wchar_t>,std::allocator<wchar_t>> &std::basic_string<wchar_t,std::char_traits<wchar_t>,std::allocator<wchar_t>>::operator =(std::initializer_list<_Elem>)'
          with
          [
              _Elem=wchar_t
          ]
      C:\Program Files\Microsoft Visual Studio\2022\Community\VC\Tools\MSVC\14.44.35207\include\xstring(1224,32):
      veya       'std::basic_string<wchar_t,std::char_traits<wchar_t>,std::allocator<wchar_t>> &std::basic_string<wchar_t,std::char_traits<wchar_t>,std::allocator<wchar_t>>::operator =(std::basic_string<wchar_t,std::char_traits<wchar_t>,std::allocator<wchar_t>> &&) noexcept'
      C:\ShadowStrike\ShadowStrike\src\Shared_modules\Core\Process\MemoryScanner.cpp(789,23):
      '(std::wstring, <error type>)' ba─ş─▒ms─▒z de─şi┼şken listesi e┼şlenmeye ├ğal─▒┼ş─▒l─▒rken
  
C:\ShadowStrike\ShadowStrike\src\Shared_modules\Core\Process\MemoryScanner.cpp(800,35): error C2678: ikili '++': 'const std::atomic<unsigned __int64>' t├╝r├╝nde bir sol taraf i┼şleneni alan hi├ğbir i┼şle├ğ bulunamad─▒ (veya hi├ğ kabul edilebilir d├Ân├╝┼şt├╝rme yok) [C:\ShadowStrike\ShadowStrike\ShadowStrike.vcxproj]
  ('/src/Shared_modules/Core/Process/MemoryScanner.cpp' kaynak dosyas─▒ derleniyor)
      C:\Program Files\Microsoft Visual Studio\2022\Community\VC\Tools\MSVC\14.44.35207\include\atomic(1690,9):
      '_Ty std::_Atomic_integral_facade<_Ty>::operator ++(int) noexcept volatile' olabilirdi
          with
          [
              _Ty=unsigned __int64
          ]
          C:\ShadowStrike\ShadowStrike\src\Shared_modules\Core\Process\MemoryScanner.cpp(800,35):
          '_Ty std::_Atomic_integral_facade<_Ty>::operator ++(int) noexcept volatile': 'this' i┼şaret├ğisi 'const std::atomic<unsigned __int64>' iken 'volatile std::_Atomic_integral_facade<_Ty> &' olarak d├Ân├╝┼şt├╝r├╝lemiyor
          with
          [
              _Ty=unsigned __int64
          ]
              C:\ShadowStrike\ShadowStrike\src\Shared_modules\Core\Process\MemoryScanner.cpp(800,35):
              D├Ân├╝┼şt├╝rme niteleyicileri kaybediyor
      C:\Program Files\Microsoft Visual Studio\2022\Community\VC\Tools\MSVC\14.44.35207\include\atomic(1573,11):
      veya       'unsigned __int64 std::_Atomic_integral<_Ty,8>::operator ++(int) noexcept'
          with
          [
              _Ty=unsigned __int64
          ]
          C:\ShadowStrike\ShadowStrike\src\Shared_modules\Core\Process\MemoryScanner.cpp(800,35):
          'unsigned __int64 std::_Atomic_integral<_Ty,8>::operator ++(int) noexcept': 'this' i┼şaret├ğisi 'const std::atomic<unsigned __int64>' iken 'std::_Atomic_integral_facade<_Ty> &' olarak d├Ân├╝┼şt├╝r├╝lemiyor
          with
          [
              _Ty=unsigned __int64
          ]
              C:\ShadowStrike\ShadowStrike\src\Shared_modules\Core\Process\MemoryScanner.cpp(800,35):
              D├Ân├╝┼şt├╝rme niteleyicileri kaybediyor
      C:\ShadowStrike\ShadowStrike\src\Shared_modules\Core\Process\MemoryScanner.cpp(800,35):
      '(const std::atomic<unsigned __int64>, int)' ba─ş─▒ms─▒z de─şi┼şken listesi e┼şlenmeye ├ğal─▒┼ş─▒l─▒rken
  
C:\ShadowStrike\ShadowStrike\src\Shared_modules\Core\System\EventLogger.cpp(1020,33): error C2039: 'WideToUtf8': bir 'ShadowStrike::Utils::StringUtils' ├╝yesi de─şil [C:\ShadowStrike\ShadowStrike\ShadowStrike.vcxproj]
  ('/src/Shared_modules/Core/System/EventLogger.cpp' kaynak dosyas─▒ derleniyor)
      C:\ShadowStrike\ShadowStrike\src\Shared_modules\Utils\StringUtils.hpp(63,19):
      'ShadowStrike::Utils::StringUtils' bildirimine bak─▒n
  
C:\ShadowStrike\ShadowStrike\src\Shared_modules\Core\System\EventLogger.cpp(1020,33): error C3861: 'WideToUtf8': tan─▒mlay─▒c─▒ bulunamad─▒ [C:\ShadowStrike\ShadowStrike\ShadowStrike.vcxproj]
  ('/src/Shared_modules/Core/System/EventLogger.cpp' kaynak dosyas─▒ derleniyor)
  
C:\ShadowStrike\ShadowStrike\src\Shared_modules\Core\Process\MemoryScanner.cpp(819,35): error C2678: ikili '++': 'const std::atomic<unsigned __int64>' t├╝r├╝nde bir sol taraf i┼şleneni alan hi├ğbir i┼şle├ğ bulunamad─▒ (veya hi├ğ kabul edilebilir d├Ân├╝┼şt├╝rme yok) [C:\ShadowStrike\ShadowStrike\ShadowStrike.vcxproj]
  ('/src/Shared_modules/Core/Process/MemoryScanner.cpp' kaynak dosyas─▒ derleniyor)
      C:\Program Files\Microsoft Visual Studio\2022\Community\VC\Tools\MSVC\14.44.35207\include\atomic(1690,9):
      '_Ty std::_Atomic_integral_facade<_Ty>::operator ++(int) noexcept volatile' olabilirdi
          with
          [
              _Ty=unsigned __int64
          ]
          C:\ShadowStrike\ShadowStrike\src\Shared_modules\Core\Process\MemoryScanner.cpp(819,35):
          '_Ty std::_Atomic_integral_facade<_Ty>::operator ++(int) noexcept volatile': 'this' i┼şaret├ğisi 'const std::atomic<unsigned __int64>' iken 'volatile std::_Atomic_integral_facade<_Ty> &' olarak d├Ân├╝┼şt├╝r├╝lemiyor
          with
          [
              _Ty=unsigned __int64
          ]
              C:\ShadowStrike\ShadowStrike\src\Shared_modules\Core\Process\MemoryScanner.cpp(819,35):
              D├Ân├╝┼şt├╝rme niteleyicileri kaybediyor
      C:\Program Files\Microsoft Visual Studio\2022\Community\VC\Tools\MSVC\14.44.35207\include\atomic(1573,11):
      veya       'unsigned __int64 std::_Atomic_integral<_Ty,8>::operator ++(int) noexcept'
          with
          [
              _Ty=unsigned __int64
          ]
          C:\ShadowStrike\ShadowStrike\src\Shared_modules\Core\Process\MemoryScanner.cpp(819,35):
          'unsigned __int64 std::_Atomic_integral<_Ty,8>::operator ++(int) noexcept': 'this' i┼şaret├ğisi 'const std::atomic<unsigned __int64>' iken 'std::_Atomic_integral_facade<_Ty> &' olarak d├Ân├╝┼şt├╝r├╝lemiyor
          with
          [
              _Ty=unsigned __int64
          ]
              C:\ShadowStrike\ShadowStrike\src\Shared_modules\Core\Process\MemoryScanner.cpp(819,35):
              D├Ân├╝┼şt├╝rme niteleyicileri kaybediyor
      C:\ShadowStrike\ShadowStrike\src\Shared_modules\Core\Process\MemoryScanner.cpp(819,35):
      '(const std::atomic<unsigned __int64>, int)' ba─ş─▒ms─▒z de─şi┼şken listesi e┼şlenmeye ├ğal─▒┼ş─▒l─▒rken
  
C:\ShadowStrike\ShadowStrike\src\Shared_modules\Core\Process\MemoryScanner.cpp(837,13): error C2653: 'Logger': bir s─▒n─▒f veya ad alan─▒ ad─▒ de─şil [C:\ShadowStrike\ShadowStrike\ShadowStrike.vcxproj]
  ('/src/Shared_modules/Core/Process/MemoryScanner.cpp' kaynak dosyas─▒ derleniyor)
  
C:\ShadowStrike\ShadowStrike\src\Shared_modules\Core\Process\MemoryScanner.cpp(837,21): error C3861: 'Error': tan─▒mlay─▒c─▒ bulunamad─▒ [C:\ShadowStrike\ShadowStrike\ShadowStrike.vcxproj]
  ('/src/Shared_modules/Core/Process/MemoryScanner.cpp' kaynak dosyas─▒ derleniyor)
  
C:\ShadowStrike\ShadowStrike\src\Shared_modules\Core\Process\MemoryScanner.cpp(849,27): error C2678: ikili '++': 'const std::atomic<unsigned __int64>' t├╝r├╝nde bir sol taraf i┼şleneni alan hi├ğbir i┼şle├ğ bulunamad─▒ (veya hi├ğ kabul edilebilir d├Ân├╝┼şt├╝rme yok) [C:\ShadowStrike\ShadowStrike\ShadowStrike.vcxproj]
  ('/src/Shared_modules/Core/Process/MemoryScanner.cpp' kaynak dosyas─▒ derleniyor)
      C:\Program Files\Microsoft Visual Studio\2022\Community\VC\Tools\MSVC\14.44.35207\include\atomic(1690,9):
      '_Ty std::_Atomic_integral_facade<_Ty>::operator ++(int) noexcept volatile' olabilirdi
          with
          [
              _Ty=unsigned __int64
          ]
          C:\ShadowStrike\ShadowStrike\src\Shared_modules\Core\Process\MemoryScanner.cpp(849,27):
          '_Ty std::_Atomic_integral_facade<_Ty>::operator ++(int) noexcept volatile': 'this' i┼şaret├ğisi 'const std::atomic<unsigned __int64>' iken 'volatile std::_Atomic_integral_facade<_Ty> &' olarak d├Ân├╝┼şt├╝r├╝lemiyor
          with
          [
              _Ty=unsigned __int64
          ]
              C:\ShadowStrike\ShadowStrike\src\Shared_modules\Core\Process\MemoryScanner.cpp(849,27):
              D├Ân├╝┼şt├╝rme niteleyicileri kaybediyor
      C:\Program Files\Microsoft Visual Studio\2022\Community\VC\Tools\MSVC\14.44.35207\include\atomic(1573,11):
      veya       'unsigned __int64 std::_Atomic_integral<_Ty,8>::operator ++(int) noexcept'
          with
          [
              _Ty=unsigned __int64
          ]
          C:\ShadowStrike\ShadowStrike\src\Shared_modules\Core\Process\MemoryScanner.cpp(849,27):
          'unsigned __int64 std::_Atomic_integral<_Ty,8>::operator ++(int) noexcept': 'this' i┼şaret├ğisi 'const std::atomic<unsigned __int64>' iken 'std::_Atomic_integral_facade<_Ty> &' olarak d├Ân├╝┼şt├╝r├╝lemiyor
          with
          [
              _Ty=unsigned __int64
          ]
              C:\ShadowStrike\ShadowStrike\src\Shared_modules\Core\Process\MemoryScanner.cpp(849,27):
              D├Ân├╝┼şt├╝rme niteleyicileri kaybediyor
      C:\ShadowStrike\ShadowStrike\src\Shared_modules\Core\Process\MemoryScanner.cpp(849,27):
      '(const std::atomic<unsigned __int64>, int)' ba─ş─▒ms─▒z de─şi┼şken listesi e┼şlenmeye ├ğal─▒┼ş─▒l─▒rken
  
C:\ShadowStrike\ShadowStrike\src\Shared_modules\Core\Process\MemoryScanner.cpp(907,27): error C2678: ikili '++': 'const std::atomic<unsigned __int64>' t├╝r├╝nde bir sol taraf i┼şleneni alan hi├ğbir i┼şle├ğ bulunamad─▒ (veya hi├ğ kabul edilebilir d├Ân├╝┼şt├╝rme yok) [C:\ShadowStrike\ShadowStrike\ShadowStrike.vcxproj]
  ('/src/Shared_modules/Core/Process/MemoryScanner.cpp' kaynak dosyas─▒ derleniyor)
      C:\Program Files\Microsoft Visual Studio\2022\Community\VC\Tools\MSVC\14.44.35207\include\atomic(1690,9):
      '_Ty std::_Atomic_integral_facade<_Ty>::operator ++(int) noexcept volatile' olabilirdi
          with
          [
              _Ty=unsigned __int64
          ]
          C:\ShadowStrike\ShadowStrike\src\Shared_modules\Core\Process\MemoryScanner.cpp(907,27):
          '_Ty std::_Atomic_integral_facade<_Ty>::operator ++(int) noexcept volatile': 'this' i┼şaret├ğisi 'const std::atomic<unsigned __int64>' iken 'volatile std::_Atomic_integral_facade<_Ty> &' olarak d├Ân├╝┼şt├╝r├╝lemiyor
          with
          [
              _Ty=unsigned __int64
          ]
              C:\ShadowStrike\ShadowStrike\src\Shared_modules\Core\Process\MemoryScanner.cpp(907,27):
              D├Ân├╝┼şt├╝rme niteleyicileri kaybediyor
      C:\Program Files\Microsoft Visual Studio\2022\Community\VC\Tools\MSVC\14.44.35207\include\atomic(1573,11):
      veya       'unsigned __int64 std::_Atomic_integral<_Ty,8>::operator ++(int) noexcept'
          with
          [
              _Ty=unsigned __int64
          ]
          C:\ShadowStrike\ShadowStrike\src\Shared_modules\Core\Process\MemoryScanner.cpp(907,27):
          'unsigned __int64 std::_Atomic_integral<_Ty,8>::operator ++(int) noexcept': 'this' i┼şaret├ğisi 'const std::atomic<unsigned __int64>' iken 'std::_Atomic_integral_facade<_Ty> &' olarak d├Ân├╝┼şt├╝r├╝lemiyor
          with
          [
              _Ty=unsigned __int64
          ]
              C:\ShadowStrike\ShadowStrike\src\Shared_modules\Core\Process\MemoryScanner.cpp(907,27):
              D├Ân├╝┼şt├╝rme niteleyicileri kaybediyor
      C:\ShadowStrike\ShadowStrike\src\Shared_modules\Core\Process\MemoryScanner.cpp(907,27):
      '(const std::atomic<unsigned __int64>, int)' ba─ş─▒ms─▒z de─şi┼şken listesi e┼şlenmeye ├ğal─▒┼ş─▒l─▒rken
  
C:\ShadowStrike\ShadowStrike\src\Shared_modules\Core\Process\MemoryScanner.cpp(921,26): error C2653: 'StringUtils': bir s─▒n─▒f veya ad alan─▒ ad─▒ de─şil [C:\ShadowStrike\ShadowStrike\ShadowStrike.vcxproj]
  ('/src/Shared_modules/Core/Process/MemoryScanner.cpp' kaynak dosyas─▒ derleniyor)
  
C:\ShadowStrike\ShadowStrike\src\Shared_modules\Core\Process\MemoryScanner.cpp(921,39): error C3861: 'Utf8ToWide': tan─▒mlay─▒c─▒ bulunamad─▒ [C:\ShadowStrike\ShadowStrike\ShadowStrike.vcxproj]
  ('/src/Shared_modules/Core/Process/MemoryScanner.cpp' kaynak dosyas─▒ derleniyor)
  
C:\ShadowStrike\ShadowStrike\src\Shared_modules\Core\Process\MemoryScanner.cpp(921,15): error C2593: 'operator =' belirsiz [C:\ShadowStrike\ShadowStrike\ShadowStrike.vcxproj]
  ('/src/Shared_modules/Core/Process/MemoryScanner.cpp' kaynak dosyas─▒ derleniyor)
      C:\Program Files\Microsoft Visual Studio\2022\Community\VC\Tools\MSVC\14.44.35207\include\xstring(1453,32):
      'std::basic_string<wchar_t,std::char_traits<wchar_t>,std::allocator<wchar_t>> &std::basic_string<wchar_t,std::char_traits<wchar_t>,std::allocator<wchar_t>>::operator =(const _Elem)' olabilirdi
          with
          [
              _Elem=wchar_t
          ]
      C:\Program Files\Microsoft Visual Studio\2022\Community\VC\Tools\MSVC\14.44.35207\include\xstring(1450,19):
      veya       'std::basic_string<wchar_t,std::char_traits<wchar_t>,std::allocator<wchar_t>> &std::basic_string<wchar_t,std::char_traits<wchar_t>,std::allocator<wchar_t>>::operator =(std::nullptr_t)'
      C:\Program Files\Microsoft Visual Studio\2022\Community\VC\Tools\MSVC\14.44.35207\include\xstring(1445,32):
      veya       'std::basic_string<wchar_t,std::char_traits<wchar_t>,std::allocator<wchar_t>> &std::basic_string<wchar_t,std::char_traits<wchar_t>,std::allocator<wchar_t>>::operator =(const _Elem *const )'
          with
          [
              _Elem=wchar_t
          ]
      C:\Program Files\Microsoft Visual Studio\2022\Community\VC\Tools\MSVC\14.44.35207\include\xstring(1394,32):
      veya       'std::basic_string<wchar_t,std::char_traits<wchar_t>,std::allocator<wchar_t>> &std::basic_string<wchar_t,std::char_traits<wchar_t>,std::allocator<wchar_t>>::operator =(const std::basic_string<wchar_t,std::char_traits<wchar_t>,std::allocator<wchar_t>> &)'
      C:\Program Files\Microsoft Visual Studio\2022\Community\VC\Tools\MSVC\14.44.35207\include\xstring(1345,32):
      veya       'std::basic_string<wchar_t,std::char_traits<wchar_t>,std::allocator<wchar_t>> &std::basic_string<wchar_t,std::char_traits<wchar_t>,std::allocator<wchar_t>>::operator =(std::initializer_list<_Elem>)'
          with
          [
              _Elem=wchar_t
          ]
      C:\Program Files\Microsoft Visual Studio\2022\Community\VC\Tools\MSVC\14.44.35207\include\xstring(1224,32):
      veya       'std::basic_string<wchar_t,std::char_traits<wchar_t>,std::allocator<wchar_t>> &std::basic_string<wchar_t,std::char_traits<wchar_t>,std::allocator<wchar_t>>::operator =(std::basic_string<wchar_t,std::char_traits<wchar_t>,std::allocator<wchar_t>> &&) noexcept'
      C:\ShadowStrike\ShadowStrike\src\Shared_modules\Core\Process\MemoryScanner.cpp(921,15):
      '(std::wstring, <error type>)' ba─ş─▒ms─▒z de─şi┼şken listesi e┼şlenmeye ├ğal─▒┼ş─▒l─▒rken
  
C:\ShadowStrike\ShadowStrike\src\Shared_modules\Core\System\EventLogger.cpp(1019,53): error C2593: 'operator <<' belirsiz [C:\ShadowStrike\ShadowStrike\ShadowStrike.vcxproj]
  ('/src/Shared_modules/Core/System/EventLogger.cpp' kaynak dosyas─▒ derleniyor)
      C:\Program Files\Microsoft Visual Studio\2022\Community\VC\Tools\MSVC\14.44.35207\include\__msvc_ostream.hpp(480,39):
      'std::basic_ostream<char,std::char_traits<char>> &std::basic_ostream<char,std::char_traits<char>>::operator <<(std::basic_streambuf<char,std::char_traits<char>> *)' olabilirdi
      C:\Program Files\Microsoft Visual Studio\2022\Community\VC\Tools\MSVC\14.44.35207\include\__msvc_ostream.hpp(448,39):
      veya       'std::basic_ostream<char,std::char_traits<char>> &std::basic_ostream<char,std::char_traits<char>>::operator <<(const void *)'
      C:\Program Files\Microsoft Visual Studio\2022\Community\VC\Tools\MSVC\14.44.35207\include\__msvc_ostream.hpp(430,39):
      veya       'std::basic_ostream<char,std::char_traits<char>> &std::basic_ostream<char,std::char_traits<char>>::operator <<(long double)'
      C:\Program Files\Microsoft Visual Studio\2022\Community\VC\Tools\MSVC\14.44.35207\include\__msvc_ostream.hpp(412,39):
      veya       'std::basic_ostream<char,std::char_traits<char>> &std::basic_ostream<char,std::char_traits<char>>::operator <<(double)'
      C:\Program Files\Microsoft Visual Studio\2022\Community\VC\Tools\MSVC\14.44.35207\include\__msvc_ostream.hpp(394,39):
      veya       'std::basic_ostream<char,std::char_traits<char>> &std::basic_ostream<char,std::char_traits<char>>::operator <<(float)'
      C:\Program Files\Microsoft Visual Studio\2022\Community\VC\Tools\MSVC\14.44.35207\include\__msvc_ostream.hpp(376,39):
      veya       'std::basic_ostream<char,std::char_traits<char>> &std::basic_ostream<char,std::char_traits<char>>::operator <<(unsigned __int64)'
      C:\Program Files\Microsoft Visual Studio\2022\Community\VC\Tools\MSVC\14.44.35207\include\__msvc_ostream.hpp(358,39):
      veya       'std::basic_ostream<char,std::char_traits<char>> &std::basic_ostream<char,std::char_traits<char>>::operator <<(__int64)'
      C:\Program Files\Microsoft Visual Studio\2022\Community\VC\Tools\MSVC\14.44.35207\include\__msvc_ostream.hpp(340,39):
      veya       'std::basic_ostream<char,std::char_traits<char>> &std::basic_ostream<char,std::char_traits<char>>::operator <<(unsigned long)'
      C:\Program Files\Microsoft Visual Studio\2022\Community\VC\Tools\MSVC\14.44.35207\include\__msvc_ostream.hpp(322,39):
      veya       'std::basic_ostream<char,std::char_traits<char>> &std::basic_ostream<char,std::char_traits<char>>::operator <<(long)'
      C:\Program Files\Microsoft Visual Studio\2022\Community\VC\Tools\MSVC\14.44.35207\include\__msvc_ostream.hpp(303,39):
      veya       'std::basic_ostream<char,std::char_traits<char>> &std::basic_ostream<char,std::char_traits<char>>::operator <<(unsigned int)'
      C:\Program Files\Microsoft Visual Studio\2022\Community\VC\Tools\MSVC\14.44.35207\include\__msvc_ostream.hpp(277,39):
      veya       'std::basic_ostream<char,std::char_traits<char>> &std::basic_ostream<char,std::char_traits<char>>::operator <<(int)'
      C:\Program Files\Microsoft Visual Studio\2022\Community\VC\Tools\MSVC\14.44.35207\include\__msvc_ostream.hpp(258,39):
      veya       'std::basic_ostream<char,std::char_traits<char>> &std::basic_ostream<char,std::char_traits<char>>::operator <<(unsigned short)'
      C:\Program Files\Microsoft Visual Studio\2022\Community\VC\Tools\MSVC\14.44.35207\include\__msvc_ostream.hpp(224,39):
      veya       'std::basic_ostream<char,std::char_traits<char>> &std::basic_ostream<char,std::char_traits<char>>::operator <<(short)'
      C:\Program Files\Microsoft Visual Studio\2022\Community\VC\Tools\MSVC\14.44.35207\include\__msvc_ostream.hpp(206,39):
      veya       'std::basic_ostream<char,std::char_traits<char>> &std::basic_ostream<char,std::char_traits<char>>::operator <<(bool)'
      C:\Program Files\Microsoft Visual Studio\2022\Community\VC\Tools\MSVC\14.44.35207\include\__msvc_ostream.hpp(200,39):
      veya       'std::basic_ostream<char,std::char_traits<char>> &std::basic_ostream<char,std::char_traits<char>>::operator <<(std::ios_base &(__cdecl *)(std::ios_base &))'
      C:\Program Files\Microsoft Visual Studio\2022\Community\VC\Tools\MSVC\14.44.35207\include\__msvc_ostream.hpp(194,39):
      veya       'std::basic_ostream<char,std::char_traits<char>> &std::basic_ostream<char,std::char_traits<char>>::operator <<(std::basic_ios<char,std::char_traits<char>> &(__cdecl *)(std::basic_ios<char,std::char_traits<char>> &))'
      C:\Program Files\Microsoft Visual Studio\2022\Community\VC\Tools\MSVC\14.44.35207\include\__msvc_ostream.hpp(189,39):
      veya       'std::basic_ostream<char,std::char_traits<char>> &std::basic_ostream<char,std::char_traits<char>>::operator <<(std::basic_ostream<char,std::char_traits<char>> &(__cdecl *)(std::basic_ostream<char,std::char_traits<char>> &))'
      C:\Program Files\Microsoft Visual Studio\2022\Community\VC\Tools\MSVC\14.44.35207\include\__msvc_ostream.hpp(475,20):
      veya       'std::basic_ostream<char,std::char_traits<char>> &std::basic_ostream<char,std::char_traits<char>>::operator <<<void>(std::nullptr_t)'
      C:\Program Files\Microsoft Visual Studio\2022\Community\VC\Tools\MSVC\14.44.35207\include\__msvc_ostream.hpp(468,20):
      veya       'std::basic_ostream<char,std::char_traits<char>> &std::basic_ostream<char,std::char_traits<char>>::operator <<<void>(volatile const void *)'
      C:\Program Files\Microsoft Visual Studio\2022\Community\VC\Tools\MSVC\14.44.35207\include\chrono(5257,37):
      veya       'std::basic_ostream<char,std::char_traits<char>> &std::chrono::operator <<<char,std::char_traits<char>>(std::basic_ostream<char,std::char_traits<char>> &,const std::chrono::sys_days &)'
      C:\Program Files\Microsoft Visual Studio\2022\Community\VC\Tools\MSVC\14.44.35207\include\chrono(5229,37):
      veya       'std::basic_ostream<char,std::char_traits<char>> &std::chrono::operator <<<char,std::char_traits<char>>(std::basic_ostream<char,std::char_traits<char>> &,const std::chrono::local_info &)'
      C:\Program Files\Microsoft Visual Studio\2022\Community\VC\Tools\MSVC\14.44.35207\include\chrono(5222,37):
      veya       'std::basic_ostream<char,std::char_traits<char>> &std::chrono::operator <<<char,std::char_traits<char>>(std::basic_ostream<char,std::char_traits<char>> &,const std::chrono::sys_info &)'
      C:\Program Files\Microsoft Visual Studio\2022\Community\VC\Tools\MSVC\14.44.35207\include\chrono(5198,37):
      veya       'std::basic_ostream<char,std::char_traits<char>> &std::chrono::operator <<<char,std::char_traits<char>>(std::basic_ostream<char,std::char_traits<char>> &,const std::chrono::year_month_weekday_last &)'
      C:\Program Files\Microsoft Visual Studio\2022\Community\VC\Tools\MSVC\14.44.35207\include\chrono(5192,37):
      veya       'std::basic_ostream<char,std::char_traits<char>> &std::chrono::operator <<<char,std::char_traits<char>>(std::basic_ostream<char,std::char_traits<char>> &,const std::chrono::year_month_weekday &)'
      C:\Program Files\Microsoft Visual Studio\2022\Community\VC\Tools\MSVC\14.44.35207\include\chrono(5186,37):
      veya       'std::basic_ostream<char,std::char_traits<char>> &std::chrono::operator <<<char,std::char_traits<char>>(std::basic_ostream<char,std::char_traits<char>> &,const std::chrono::year_month_day_last &)'
      C:\Program Files\Microsoft Visual Studio\2022\Community\VC\Tools\MSVC\14.44.35207\include\chrono(5180,37):
      veya       'std::basic_ostream<char,std::char_traits<char>> &std::chrono::operator <<<char,std::char_traits<char>>(std::basic_ostream<char,std::char_traits<char>> &,const std::chrono::year_month_day &)'
      C:\Program Files\Microsoft Visual Studio\2022\Community\VC\Tools\MSVC\14.44.35207\include\chrono(5175,37):
      veya       'std::basic_ostream<char,std::char_traits<char>> &std::chrono::operator <<<char,std::char_traits<char>>(std::basic_ostream<char,std::char_traits<char>> &,const std::chrono::year_month &)'
      C:\Program Files\Microsoft Visual Studio\2022\Community\VC\Tools\MSVC\14.44.35207\include\chrono(5169,37):
      veya       'std::basic_ostream<char,std::char_traits<char>> &std::chrono::operator <<<char,std::char_traits<char>>(std::basic_ostream<char,std::char_traits<char>> &,const std::chrono::month_weekday_last &)'
      C:\Program Files\Microsoft Visual Studio\2022\Community\VC\Tools\MSVC\14.44.35207\include\chrono(5163,37):
      veya       'std::basic_ostream<char,std::char_traits<char>> &std::chrono::operator <<<char,std::char_traits<char>>(std::basic_ostream<char,std::char_traits<char>> &,const std::chrono::month_weekday &)'
      C:\Program Files\Microsoft Visual Studio\2022\Community\VC\Tools\MSVC\14.44.35207\include\chrono(5158,37):
      veya       'std::basic_ostream<char,std::char_traits<char>> &std::chrono::operator <<<char,std::char_traits<char>>(std::basic_ostream<char,std::char_traits<char>> &,const std::chrono::month_day_last &)'
      C:\Program Files\Microsoft Visual Studio\2022\Community\VC\Tools\MSVC\14.44.35207\include\chrono(5153,37):
      veya       'std::basic_ostream<char,std::char_traits<char>> &std::chrono::operator <<<char,std::char_traits<char>>(std::basic_ostream<char,std::char_traits<char>> &,const std::chrono::month_day &)'
      C:\Program Files\Microsoft Visual Studio\2022\Community\VC\Tools\MSVC\14.44.35207\include\chrono(5148,37):
      veya       'std::basic_ostream<char,std::char_traits<char>> &std::chrono::operator <<<char,std::char_traits<char>>(std::basic_ostream<char,std::char_traits<char>> &,const std::chrono::weekday_last &)'
      C:\Program Files\Microsoft Visual Studio\2022\Community\VC\Tools\MSVC\14.44.35207\include\chrono(5139,37):
      veya       'std::basic_ostream<char,std::char_traits<char>> &std::chrono::operator <<<char,std::char_traits<char>>(std::basic_ostream<char,std::char_traits<char>> &,const std::chrono::weekday_indexed &)'
      C:\Program Files\Microsoft Visual Studio\2022\Community\VC\Tools\MSVC\14.44.35207\include\chrono(5132,37):
      veya       'std::basic_ostream<char,std::char_traits<char>> &std::chrono::operator <<<char,std::char_traits<char>>(std::basic_ostream<char,std::char_traits<char>> &,const std::chrono::weekday &)'
      C:\Program Files\Microsoft Visual Studio\2022\Community\VC\Tools\MSVC\14.44.35207\include\chrono(5126,37):
      veya       'std::basic_ostream<char,std::char_traits<char>> &std::chrono::operator <<<char,std::char_traits<char>>(std::basic_ostream<char,std::char_traits<char>> &,const std::chrono::year &)'
      C:\Program Files\Microsoft Visual Studio\2022\Community\VC\Tools\MSVC\14.44.35207\include\chrono(5119,37):
      veya       'std::basic_ostream<char,std::char_traits<char>> &std::chrono::operator <<<char,std::char_traits<char>>(std::basic_ostream<char,std::char_traits<char>> &,const std::chrono::month &)'
      C:\Program Files\Microsoft Visual Studio\2022\Community\VC\Tools\MSVC\14.44.35207\include\chrono(5113,37):
      veya       'std::basic_ostream<char,std::char_traits<char>> &std::chrono::operator <<<char,std::char_traits<char>>(std::basic_ostream<char,std::char_traits<char>> &,const std::chrono::day &)'
      C:\Program Files\Microsoft Visual Studio\2022\Community\VC\Tools\MSVC\14.44.35207\include\__msvc_ostream.hpp(688,32):
      veya       'std::basic_ostream<char,std::char_traits<char>> &std::operator <<<char,std::char_traits<char>>(std::basic_ostream<char,std::char_traits<char>> &,const char *)'
      C:\Program Files\Microsoft Visual Studio\2022\Community\VC\Tools\MSVC\14.44.35207\include\__msvc_ostream.hpp(732,32):
      veya       'std::basic_ostream<char,std::char_traits<char>> &std::operator <<<char,std::char_traits<char>>(std::basic_ostream<char,std::char_traits<char>> &,char)'
      C:\Program Files\Microsoft Visual Studio\2022\Community\VC\Tools\MSVC\14.44.35207\include\__msvc_ostream.hpp(768,31):
      veya       'std::basic_ostream<char,std::char_traits<char>> &std::operator <<<std::char_traits<char>>(std::basic_ostream<char,std::char_traits<char>> &,const char *)'
      C:\Program Files\Microsoft Visual Studio\2022\Community\VC\Tools\MSVC\14.44.35207\include\__msvc_ostream.hpp(813,31):
      veya       'std::basic_ostream<char,std::char_traits<char>> &std::operator <<<std::char_traits<char>>(std::basic_ostream<char,std::char_traits<char>> &,char)'
      C:\Program Files\Microsoft Visual Studio\2022\Community\VC\Tools\MSVC\14.44.35207\include\__msvc_ostream.hpp(930,31):
      veya       'std::basic_ostream<char,std::char_traits<char>> &std::operator <<<std::char_traits<char>>(std::basic_ostream<char,std::char_traits<char>> &,const signed char *)'
      C:\Program Files\Microsoft Visual Studio\2022\Community\VC\Tools\MSVC\14.44.35207\include\__msvc_ostream.hpp(936,31):
      veya       'std::basic_ostream<char,std::char_traits<char>> &std::operator <<<std::char_traits<char>>(std::basic_ostream<char,std::char_traits<char>> &,signed char)'
      C:\Program Files\Microsoft Visual Studio\2022\Community\VC\Tools\MSVC\14.44.35207\include\__msvc_ostream.hpp(941,31):
      veya       'std::basic_ostream<char,std::char_traits<char>> &std::operator <<<std::char_traits<char>>(std::basic_ostream<char,std::char_traits<char>> &,const unsigned char *)'
      C:\Program Files\Microsoft Visual Studio\2022\Community\VC\Tools\MSVC\14.44.35207\include\__msvc_ostream.hpp(947,31):
      veya       'std::basic_ostream<char,std::char_traits<char>> &std::operator <<<std::char_traits<char>>(std::basic_ostream<char,std::char_traits<char>> &,unsigned char)'
      C:\Program Files\Microsoft Visual Studio\2022\Community\VC\Tools\MSVC\14.44.35207\include\__msvc_ostream.hpp(955,31):
      veya       'std::basic_ostream<char,std::char_traits<char>> &std::operator <<<std::char_traits<char>>(std::basic_ostream<char,std::char_traits<char>> &,const char8_t *)'
      C:\Program Files\Microsoft Visual Studio\2022\Community\VC\Tools\MSVC\14.44.35207\include\__msvc_ostream.hpp(961,31):
      veya       'std::basic_ostream<char,std::char_traits<char>> &std::operator <<<std::char_traits<char>>(std::basic_ostream<char,std::char_traits<char>> &,char8_t)'
      C:\Program Files\Microsoft Visual Studio\2022\Community\VC\Tools\MSVC\14.44.35207\include\__msvc_ostream.hpp(969,31):
      veya       'std::basic_ostream<char,std::char_traits<char>> &std::operator <<<std::char_traits<char>>(std::basic_ostream<char,std::char_traits<char>> &,wchar_t)'
      C:\Program Files\Microsoft Visual Studio\2022\Community\VC\Tools\MSVC\14.44.35207\include\__msvc_ostream.hpp(972,31):
      veya       'std::basic_ostream<char,std::char_traits<char>> &std::operator <<<std::char_traits<char>>(std::basic_ostream<char,std::char_traits<char>> &,const wchar_t *)'
      C:\Program Files\Microsoft Visual Studio\2022\Community\VC\Tools\MSVC\14.44.35207\include\__msvc_ostream.hpp(976,31):
      veya       'std::basic_ostream<char,std::char_traits<char>> &std::operator <<<std::char_traits<char>>(std::basic_ostream<char,std::char_traits<char>> &,char16_t)'
      C:\Program Files\Microsoft Visual Studio\2022\Community\VC\Tools\MSVC\14.44.35207\include\__msvc_ostream.hpp(978,31):
      veya       'std::basic_ostream<char,std::char_traits<char>> &std::operator <<<std::char_traits<char>>(std::basic_ostream<char,std::char_traits<char>> &,char32_t)'
      C:\Program Files\Microsoft Visual Studio\2022\Community\VC\Tools\MSVC\14.44.35207\include\__msvc_ostream.hpp(986,31):
      veya       'std::basic_ostream<char,std::char_traits<char>> &std::operator <<<std::char_traits<char>>(std::basic_ostream<char,std::char_traits<char>> &,const char16_t *)'
      C:\Program Files\Microsoft Visual Studio\2022\Community\VC\Tools\MSVC\14.44.35207\include\__msvc_ostream.hpp(988,31):
      veya       'std::basic_ostream<char,std::char_traits<char>> &std::operator <<<std::char_traits<char>>(std::basic_ostream<char,std::char_traits<char>> &,const char32_t *)'
      C:\Program Files\Microsoft Visual Studio\2022\Community\VC\Tools\MSVC\14.44.35207\include\__msvc_ostream.hpp(1031,32):
      veya       'std::basic_ostream<char,std::char_traits<char>> &std::operator <<<char,std::char_traits<char>>(std::basic_ostream<char,std::char_traits<char>> &,const std::error_code &)'
      C:\Program Files\Microsoft Visual Studio\2022\Community\VC\Tools\MSVC\14.44.35207\include\thread(298,26):
      veya       'std::basic_ostream<char,std::char_traits<char>> &std::operator <<<char,std::char_traits<char>>(std::basic_ostream<char,std::char_traits<char>> &,std::thread::id)'
      C:\ShadowStrike\ShadowStrike\src\Shared_modules\Core\System\EventLogger.cpp(1019,53):
      '(std::basic_ostream<char,std::char_traits<char>>, <error type>)' ba─ş─▒ms─▒z de─şi┼şken listesi e┼şlenmeye ├ğal─▒┼ş─▒l─▒rken
  
C:\ShadowStrike\ShadowStrike\src\Shared_modules\Core\System\EventLogger.cpp(1021,33): error C2039: 'WideToUtf8': bir 'ShadowStrike::Utils::StringUtils' ├╝yesi de─şil [C:\ShadowStrike\ShadowStrike\ShadowStrike.vcxproj]
  ('/src/Shared_modules/Core/System/EventLogger.cpp' kaynak dosyas─▒ derleniyor)
      C:\ShadowStrike\ShadowStrike\src\Shared_modules\Utils\StringUtils.hpp(63,19):
      'ShadowStrike::Utils::StringUtils' bildirimine bak─▒n
  
C:\ShadowStrike\ShadowStrike\src\Shared_modules\Core\System\EventLogger.cpp(1021,33): error C3861: 'WideToUtf8': tan─▒mlay─▒c─▒ bulunamad─▒ [C:\ShadowStrike\ShadowStrike\ShadowStrike.vcxproj]
  ('/src/Shared_modules/Core/System/EventLogger.cpp' kaynak dosyas─▒ derleniyor)
  
C:\ShadowStrike\ShadowStrike\src\Shared_modules\Core\System\EventLogger.cpp(1022,33): error C2039: 'WideToUtf8': bir 'ShadowStrike::Utils::StringUtils' ├╝yesi de─şil [C:\ShadowStrike\ShadowStrike\ShadowStrike.vcxproj]
  ('/src/Shared_modules/Core/System/EventLogger.cpp' kaynak dosyas─▒ derleniyor)
      C:\ShadowStrike\ShadowStrike\src\Shared_modules\Utils\StringUtils.hpp(63,19):
      'ShadowStrike::Utils::StringUtils' bildirimine bak─▒n
  
C:\ShadowStrike\ShadowStrike\src\Shared_modules\Core\System\EventLogger.cpp(1022,33): error C3861: 'WideToUtf8': tan─▒mlay─▒c─▒ bulunamad─▒ [C:\ShadowStrike\ShadowStrike\ShadowStrike.vcxproj]
  ('/src/Shared_modules/Core/System/EventLogger.cpp' kaynak dosyas─▒ derleniyor)
  
C:\ShadowStrike\ShadowStrike\src\Shared_modules\Core\Process\MemoryScanner.cpp(933,27): error C2678: ikili '++': 'const std::atomic<unsigned __int64>' t├╝r├╝nde bir sol taraf i┼şleneni alan hi├ğbir i┼şle├ğ bulunamad─▒ (veya hi├ğ kabul edilebilir d├Ân├╝┼şt├╝rme yok) [C:\ShadowStrike\ShadowStrike\ShadowStrike.vcxproj]
  ('/src/Shared_modules/Core/Process/MemoryScanner.cpp' kaynak dosyas─▒ derleniyor)
      C:\Program Files\Microsoft Visual Studio\2022\Community\VC\Tools\MSVC\14.44.35207\include\atomic(1690,9):
      '_Ty std::_Atomic_integral_facade<_Ty>::operator ++(int) noexcept volatile' olabilirdi
          with
          [
              _Ty=unsigned __int64
          ]
          C:\ShadowStrike\ShadowStrike\src\Shared_modules\Core\Process\MemoryScanner.cpp(933,27):
          '_Ty std::_Atomic_integral_facade<_Ty>::operator ++(int) noexcept volatile': 'this' i┼şaret├ğisi 'const std::atomic<unsigned __int64>' iken 'volatile std::_Atomic_integral_facade<_Ty> &' olarak d├Ân├╝┼şt├╝r├╝lemiyor
          with
          [
              _Ty=unsigned __int64
          ]
              C:\ShadowStrike\ShadowStrike\src\Shared_modules\Core\Process\MemoryScanner.cpp(933,27):
              D├Ân├╝┼şt├╝rme niteleyicileri kaybediyor
      C:\Program Files\Microsoft Visual Studio\2022\Community\VC\Tools\MSVC\14.44.35207\include\atomic(1573,11):
      veya       'unsigned __int64 std::_Atomic_integral<_Ty,8>::operator ++(int) noexcept'
          with
          [
              _Ty=unsigned __int64
          ]
          C:\ShadowStrike\ShadowStrike\src\Shared_modules\Core\Process\MemoryScanner.cpp(933,27):
          'unsigned __int64 std::_Atomic_integral<_Ty,8>::operator ++(int) noexcept': 'this' i┼şaret├ğisi 'const std::atomic<unsigned __int64>' iken 'std::_Atomic_integral_facade<_Ty> &' olarak d├Ân├╝┼şt├╝r├╝lemiyor
          with
          [
              _Ty=unsigned __int64
          ]
              C:\ShadowStrike\ShadowStrike\src\Shared_modules\Core\Process\MemoryScanner.cpp(933,27):
              D├Ân├╝┼şt├╝rme niteleyicileri kaybediyor
      C:\ShadowStrike\ShadowStrike\src\Shared_modules\Core\Process\MemoryScanner.cpp(933,27):
      '(const std::atomic<unsigned __int64>, int)' ba─ş─▒ms─▒z de─şi┼şken listesi e┼şlenmeye ├ğal─▒┼ş─▒l─▒rken
  
C:\ShadowStrike\ShadowStrike\src\Shared_modules\Core\Process\MemoryScanner.cpp(947,26): error C2653: 'StringUtils': bir s─▒n─▒f veya ad alan─▒ ad─▒ de─şil [C:\ShadowStrike\ShadowStrike\ShadowStrike.vcxproj]
  ('/src/Shared_modules/Core/Process/MemoryScanner.cpp' kaynak dosyas─▒ derleniyor)
  
C:\ShadowStrike\ShadowStrike\src\Shared_modules\Core\Process\MemoryScanner.cpp(947,39): error C3861: 'Utf8ToWide': tan─▒mlay─▒c─▒ bulunamad─▒ [C:\ShadowStrike\ShadowStrike\ShadowStrike.vcxproj]
  ('/src/Shared_modules/Core/Process/MemoryScanner.cpp' kaynak dosyas─▒ derleniyor)
  
C:\ShadowStrike\ShadowStrike\src\Shared_modules\Core\Process\MemoryScanner.cpp(947,15): error C2593: 'operator =' belirsiz [C:\ShadowStrike\ShadowStrike\ShadowStrike.vcxproj]
  ('/src/Shared_modules/Core/Process/MemoryScanner.cpp' kaynak dosyas─▒ derleniyor)
      C:\Program Files\Microsoft Visual Studio\2022\Community\VC\Tools\MSVC\14.44.35207\include\xstring(1453,32):
      'std::basic_string<wchar_t,std::char_traits<wchar_t>,std::allocator<wchar_t>> &std::basic_string<wchar_t,std::char_traits<wchar_t>,std::allocator<wchar_t>>::operator =(const _Elem)' olabilirdi
          with
          [
              _Elem=wchar_t
          ]
      C:\Program Files\Microsoft Visual Studio\2022\Community\VC\Tools\MSVC\14.44.35207\include\xstring(1450,19):
      veya       'std::basic_string<wchar_t,std::char_traits<wchar_t>,std::allocator<wchar_t>> &std::basic_string<wchar_t,std::char_traits<wchar_t>,std::allocator<wchar_t>>::operator =(std::nullptr_t)'
      C:\Program Files\Microsoft Visual Studio\2022\Community\VC\Tools\MSVC\14.44.35207\include\xstring(1445,32):
      veya       'std::basic_string<wchar_t,std::char_traits<wchar_t>,std::allocator<wchar_t>> &std::basic_string<wchar_t,std::char_traits<wchar_t>,std::allocator<wchar_t>>::operator =(const _Elem *const )'
          with
          [
              _Elem=wchar_t
          ]
      C:\Program Files\Microsoft Visual Studio\2022\Community\VC\Tools\MSVC\14.44.35207\include\xstring(1394,32):
      veya       'std::basic_string<wchar_t,std::char_traits<wchar_t>,std::allocator<wchar_t>> &std::basic_string<wchar_t,std::char_traits<wchar_t>,std::allocator<wchar_t>>::operator =(const std::basic_string<wchar_t,std::char_traits<wchar_t>,std::allocator<wchar_t>> &)'
      C:\Program Files\Microsoft Visual Studio\2022\Community\VC\Tools\MSVC\14.44.35207\include\xstring(1345,32):
      veya       'std::basic_string<wchar_t,std::char_traits<wchar_t>,std::allocator<wchar_t>> &std::basic_string<wchar_t,std::char_traits<wchar_t>,std::allocator<wchar_t>>::operator =(std::initializer_list<_Elem>)'
          with
          [
              _Elem=wchar_t
          ]
      C:\Program Files\Microsoft Visual Studio\2022\Community\VC\Tools\MSVC\14.44.35207\include\xstring(1224,32):
      veya       'std::basic_string<wchar_t,std::char_traits<wchar_t>,std::allocator<wchar_t>> &std::basic_string<wchar_t,std::char_traits<wchar_t>,std::allocator<wchar_t>>::operator =(std::basic_string<wchar_t,std::char_traits<wchar_t>,std::allocator<wchar_t>> &&) noexcept'
      C:\ShadowStrike\ShadowStrike\src\Shared_modules\Core\Process\MemoryScanner.cpp(947,15):
      '(std::wstring, <error type>)' ba─ş─▒ms─▒z de─şi┼şken listesi e┼şlenmeye ├ğal─▒┼ş─▒l─▒rken
  
C:\ShadowStrike\ShadowStrike\src\Shared_modules\Core\Process\MemoryScanner.cpp(961,13): error C2653: 'Logger': bir s─▒n─▒f veya ad alan─▒ ad─▒ de─şil [C:\ShadowStrike\ShadowStrike\ShadowStrike.vcxproj]
  ('/src/Shared_modules/Core/Process/MemoryScanner.cpp' kaynak dosyas─▒ derleniyor)
  
C:\ShadowStrike\ShadowStrike\src\Shared_modules\Core\Process\MemoryScanner.cpp(961,21): error C3861: 'Debug': tan─▒mlay─▒c─▒ bulunamad─▒ [C:\ShadowStrike\ShadowStrike\ShadowStrike.vcxproj]
  ('/src/Shared_modules/Core/Process/MemoryScanner.cpp' kaynak dosyas─▒ derleniyor)
  
C:\ShadowStrike\ShadowStrike\src\Shared_modules\Core\Process\MemoryScanner.cpp(978,13): error C2653: 'Logger': bir s─▒n─▒f veya ad alan─▒ ad─▒ de─şil [C:\ShadowStrike\ShadowStrike\ShadowStrike.vcxproj]
  ('/src/Shared_modules/Core/Process/MemoryScanner.cpp' kaynak dosyas─▒ derleniyor)
  
C:\ShadowStrike\ShadowStrike\src\Shared_modules\Core\Process\MemoryScanner.cpp(978,21): error C3861: 'Debug': tan─▒mlay─▒c─▒ bulunamad─▒ [C:\ShadowStrike\ShadowStrike\ShadowStrike.vcxproj]
  ('/src/Shared_modules/Core/Process/MemoryScanner.cpp' kaynak dosyas─▒ derleniyor)
  
C:\ShadowStrike\ShadowStrike\src\Shared_modules\Core\Process\MemoryScanner.cpp(981,13): error C2653: 'Logger': bir s─▒n─▒f veya ad alan─▒ ad─▒ de─şil [C:\ShadowStrike\ShadowStrike\ShadowStrike.vcxproj]
  ('/src/Shared_modules/Core/Process/MemoryScanner.cpp' kaynak dosyas─▒ derleniyor)
  
C:\ShadowStrike\ShadowStrike\src\Shared_modules\Core\Process\MemoryScanner.cpp(981,21): error C3861: 'Error': tan─▒mlay─▒c─▒ bulunamad─▒ [C:\ShadowStrike\ShadowStrike\ShadowStrike.vcxproj]
  ('/src/Shared_modules/Core/Process/MemoryScanner.cpp' kaynak dosyas─▒ derleniyor)
  
C:\ShadowStrike\ShadowStrike\src\Shared_modules\Core\Process\MemoryScanner.cpp(1005,34): error C2653: 'ProcessUtils': bir s─▒n─▒f veya ad alan─▒ ad─▒ de─şil [C:\ShadowStrike\ShadowStrike\ShadowStrike.vcxproj]
  ('/src/Shared_modules/Core/Process/MemoryScanner.cpp' kaynak dosyas─▒ derleniyor)
  
C:\ShadowStrike\ShadowStrike\src\Shared_modules\Core\System\EventLogger.cpp(1071,24): error C2039: 'ComputeHashHex': bir 'ShadowStrike::Utils::HashUtils' ├╝yesi de─şil [C:\ShadowStrike\ShadowStrike\ShadowStrike.vcxproj]
  ('/src/Shared_modules/Core/System/EventLogger.cpp' kaynak dosyas─▒ derleniyor)
      C:\ShadowStrike\ShadowStrike\src\Shared_modules\Utils\HashUtils.hpp(62,13):
      'ShadowStrike::Utils::HashUtils' bildirimine bak─▒n
  
C:\ShadowStrike\ShadowStrike\src\Shared_modules\Core\Process\MemoryScanner.cpp(1005,48): error C3861: 'GetProcessName': tan─▒mlay─▒c─▒ bulunamad─▒ [C:\ShadowStrike\ShadowStrike\ShadowStrike.vcxproj]
  ('/src/Shared_modules/Core/Process/MemoryScanner.cpp' kaynak dosyas─▒ derleniyor)
  
C:\ShadowStrike\ShadowStrike\src\Shared_modules\Core\System\EventLogger.cpp(1071,24): error C3861: 'ComputeHashHex': tan─▒mlay─▒c─▒ bulunamad─▒ [C:\ShadowStrike\ShadowStrike\ShadowStrike.vcxproj]
  ('/src/Shared_modules/Core/System/EventLogger.cpp' kaynak dosyas─▒ derleniyor)
  
C:\ShadowStrike\ShadowStrike\src\Shared_modules\Core\Process\MemoryScanner.cpp(1005,19): error C2593: 'operator =' belirsiz [C:\ShadowStrike\ShadowStrike\ShadowStrike.vcxproj]
  ('/src/Shared_modules/Core/Process/MemoryScanner.cpp' kaynak dosyas─▒ derleniyor)
      C:\Program Files\Microsoft Visual Studio\2022\Community\VC\Tools\MSVC\14.44.35207\include\xstring(1453,32):
      'std::basic_string<wchar_t,std::char_traits<wchar_t>,std::allocator<wchar_t>> &std::basic_string<wchar_t,std::char_traits<wchar_t>,std::allocator<wchar_t>>::operator =(const _Elem)' olabilirdi
          with
          [
              _Elem=wchar_t
          ]
      C:\Program Files\Microsoft Visual Studio\2022\Community\VC\Tools\MSVC\14.44.35207\include\xstring(1450,19):
      veya       'std::basic_string<wchar_t,std::char_traits<wchar_t>,std::allocator<wchar_t>> &std::basic_string<wchar_t,std::char_traits<wchar_t>,std::allocator<wchar_t>>::operator =(std::nullptr_t)'
      C:\Program Files\Microsoft Visual Studio\2022\Community\VC\Tools\MSVC\14.44.35207\include\xstring(1445,32):
      veya       'std::basic_string<wchar_t,std::char_traits<wchar_t>,std::allocator<wchar_t>> &std::basic_string<wchar_t,std::char_traits<wchar_t>,std::allocator<wchar_t>>::operator =(const _Elem *const )'
          with
          [
              _Elem=wchar_t
          ]
      C:\Program Files\Microsoft Visual Studio\2022\Community\VC\Tools\MSVC\14.44.35207\include\xstring(1394,32):
      veya       'std::basic_string<wchar_t,std::char_traits<wchar_t>,std::allocator<wchar_t>> &std::basic_string<wchar_t,std::char_traits<wchar_t>,std::allocator<wchar_t>>::operator =(const std::basic_string<wchar_t,std::char_traits<wchar_t>,std::allocator<wchar_t>> &)'
      C:\Program Files\Microsoft Visual Studio\2022\Community\VC\Tools\MSVC\14.44.35207\include\xstring(1345,32):
      veya       'std::basic_string<wchar_t,std::char_traits<wchar_t>,std::allocator<wchar_t>> &std::basic_string<wchar_t,std::char_traits<wchar_t>,std::allocator<wchar_t>>::operator =(std::initializer_list<_Elem>)'
          with
          [
              _Elem=wchar_t
          ]
      C:\Program Files\Microsoft Visual Studio\2022\Community\VC\Tools\MSVC\14.44.35207\include\xstring(1224,32):
      veya       'std::basic_string<wchar_t,std::char_traits<wchar_t>,std::allocator<wchar_t>> &std::basic_string<wchar_t,std::char_traits<wchar_t>,std::allocator<wchar_t>>::operator =(std::basic_string<wchar_t,std::char_traits<wchar_t>,std::allocator<wchar_t>> &&) noexcept'
      C:\ShadowStrike\ShadowStrike\src\Shared_modules\Core\Process\MemoryScanner.cpp(1005,19):
      '(std::wstring, <error type>)' ba─ş─▒ms─▒z de─şi┼şken listesi e┼şlenmeye ├ğal─▒┼ş─▒l─▒rken
  
C:\ShadowStrike\ShadowStrike\src\Shared_modules\Core\Process\MemoryScanner.cpp(1012,17): error C2653: 'Logger': bir s─▒n─▒f veya ad alan─▒ ad─▒ de─şil [C:\ShadowStrike\ShadowStrike\ShadowStrike.vcxproj]
  ('/src/Shared_modules/Core/Process/MemoryScanner.cpp' kaynak dosyas─▒ derleniyor)
  
C:\ShadowStrike\ShadowStrike\src\Shared_modules\Core\Process\MemoryScanner.cpp(1012,25): error C3861: 'Error': tan─▒mlay─▒c─▒ bulunamad─▒ [C:\ShadowStrike\ShadowStrike\ShadowStrike.vcxproj]
  ('/src/Shared_modules/Core/Process/MemoryScanner.cpp' kaynak dosyas─▒ derleniyor)
  
C:\ShadowStrike\ShadowStrike\src\Shared_modules\Core\Process\MemoryScanner.cpp(1020,13): error C2653: 'Logger': bir s─▒n─▒f veya ad alan─▒ ad─▒ de─şil [C:\ShadowStrike\ShadowStrike\ShadowStrike.vcxproj]
  ('/src/Shared_modules/Core/Process/MemoryScanner.cpp' kaynak dosyas─▒ derleniyor)
  
C:\ShadowStrike\ShadowStrike\src\Shared_modules\Core\Process\MemoryScanner.cpp(1020,21): error C3861: 'Info': tan─▒mlay─▒c─▒ bulunamad─▒ [C:\ShadowStrike\ShadowStrike\ShadowStrike.vcxproj]
  ('/src/Shared_modules/Core/Process/MemoryScanner.cpp' kaynak dosyas─▒ derleniyor)
  
C:\ShadowStrike\ShadowStrike\src\Shared_modules\Core\Process\MemoryScanner.cpp(1084,13): error C2653: 'Logger': bir s─▒n─▒f veya ad alan─▒ ad─▒ de─şil [C:\ShadowStrike\ShadowStrike\ShadowStrike.vcxproj]
  ('/src/Shared_modules/Core/Process/MemoryScanner.cpp' kaynak dosyas─▒ derleniyor)
  
C:\ShadowStrike\ShadowStrike\src\Shared_modules\Core\Process\MemoryScanner.cpp(1084,21): error C3861: 'Error': tan─▒mlay─▒c─▒ bulunamad─▒ [C:\ShadowStrike\ShadowStrike\ShadowStrike.vcxproj]
  ('/src/Shared_modules/Core/Process/MemoryScanner.cpp' kaynak dosyas─▒ derleniyor)
  
C:\ShadowStrike\ShadowStrike\src\Shared_modules\Core\Process\MemoryScanner.cpp(1086,35): error C2653: 'StringUtils': bir s─▒n─▒f veya ad alan─▒ ad─▒ de─şil [C:\ShadowStrike\ShadowStrike\ShadowStrike.vcxproj]
  ('/src/Shared_modules/Core/Process/MemoryScanner.cpp' kaynak dosyas─▒ derleniyor)
  
C:\ShadowStrike\ShadowStrike\src\Shared_modules\Core\Process\MemoryScanner.cpp(1086,48): error C3861: 'Utf8ToWide': tan─▒mlay─▒c─▒ bulunamad─▒ [C:\ShadowStrike\ShadowStrike\ShadowStrike.vcxproj]
  ('/src/Shared_modules/Core/Process/MemoryScanner.cpp' kaynak dosyas─▒ derleniyor)
  
C:\ShadowStrike\ShadowStrike\src\Shared_modules\Core\Process\MemoryScanner.cpp(1086,19): error C2593: 'operator =' belirsiz [C:\ShadowStrike\ShadowStrike\ShadowStrike.vcxproj]
  ('/src/Shared_modules/Core/Process/MemoryScanner.cpp' kaynak dosyas─▒ derleniyor)
      C:\Program Files\Microsoft Visual Studio\2022\Community\VC\Tools\MSVC\14.44.35207\include\xstring(1453,32):
      'std::basic_string<wchar_t,std::char_traits<wchar_t>,std::allocator<wchar_t>> &std::basic_string<wchar_t,std::char_traits<wchar_t>,std::allocator<wchar_t>>::operator =(const _Elem)' olabilirdi
          with
          [
              _Elem=wchar_t
          ]
      C:\Program Files\Microsoft Visual Studio\2022\Community\VC\Tools\MSVC\14.44.35207\include\xstring(1450,19):
      veya       'std::basic_string<wchar_t,std::char_traits<wchar_t>,std::allocator<wchar_t>> &std::basic_string<wchar_t,std::char_traits<wchar_t>,std::allocator<wchar_t>>::operator =(std::nullptr_t)'
      C:\Program Files\Microsoft Visual Studio\2022\Community\VC\Tools\MSVC\14.44.35207\include\xstring(1445,32):
      veya       'std::basic_string<wchar_t,std::char_traits<wchar_t>,std::allocator<wchar_t>> &std::basic_string<wchar_t,std::char_traits<wchar_t>,std::allocator<wchar_t>>::operator =(const _Elem *const )'
          with
          [
              _Elem=wchar_t
          ]
      C:\Program Files\Microsoft Visual Studio\2022\Community\VC\Tools\MSVC\14.44.35207\include\xstring(1394,32):
      veya       'std::basic_string<wchar_t,std::char_traits<wchar_t>,std::allocator<wchar_t>> &std::basic_string<wchar_t,std::char_traits<wchar_t>,std::allocator<wchar_t>>::operator =(const std::basic_string<wchar_t,std::char_traits<wchar_t>,std::allocator<wchar_t>> &)'
      C:\Program Files\Microsoft Visual Studio\2022\Community\VC\Tools\MSVC\14.44.35207\include\xstring(1345,32):
      veya       'std::basic_string<wchar_t,std::char_traits<wchar_t>,std::allocator<wchar_t>> &std::basic_string<wchar_t,std::char_traits<wchar_t>,std::allocator<wchar_t>>::operator =(std::initializer_list<_Elem>)'
          with
          [
              _Elem=wchar_t
          ]
      C:\Program Files\Microsoft Visual Studio\2022\Community\VC\Tools\MSVC\14.44.35207\include\xstring(1224,32):
      veya       'std::basic_string<wchar_t,std::char_traits<wchar_t>,std::allocator<wchar_t>> &std::basic_string<wchar_t,std::char_traits<wchar_t>,std::allocator<wchar_t>>::operator =(std::basic_string<wchar_t,std::char_traits<wchar_t>,std::allocator<wchar_t>> &&) noexcept'
      C:\ShadowStrike\ShadowStrike\src\Shared_modules\Core\Process\MemoryScanner.cpp(1086,19):
      '(std::wstring, <error type>)' ba─ş─▒ms─▒z de─şi┼şken listesi e┼şlenmeye ├ğal─▒┼ş─▒l─▒rken
  
C:\ShadowStrike\ShadowStrike\src\Shared_modules\Core\Process\MemoryScanner.cpp(1104,9): error C2653: 'Logger': bir s─▒n─▒f veya ad alan─▒ ad─▒ de─şil [C:\ShadowStrike\ShadowStrike\ShadowStrike.vcxproj]
  ('/src/Shared_modules/Core/Process/MemoryScanner.cpp' kaynak dosyas─▒ derleniyor)
  
C:\ShadowStrike\ShadowStrike\src\Shared_modules\Core\Process\MemoryScanner.cpp(1104,17): error C3861: 'Info': tan─▒mlay─▒c─▒ bulunamad─▒ [C:\ShadowStrike\ShadowStrike\ShadowStrike.vcxproj]
  ('/src/Shared_modules/Core/Process/MemoryScanner.cpp' kaynak dosyas─▒ derleniyor)
  
C:\ShadowStrike\ShadowStrike\src\Shared_modules\Core\System\EventLogger.cpp(1135,58): error C2039: 'GetMachineName': bir 'ShadowStrike::Utils::SystemUtils' ├╝yesi de─şil [C:\ShadowStrike\ShadowStrike\ShadowStrike.vcxproj]
  ('/src/Shared_modules/Core/System/EventLogger.cpp' kaynak dosyas─▒ derleniyor)
      C:\ShadowStrike\ShadowStrike\src\Shared_modules\Utils\SystemUtils.hpp(59,11):
      'ShadowStrike::Utils::SystemUtils' bildirimine bak─▒n
  
C:\ShadowStrike\ShadowStrike\src\Shared_modules\Core\System\EventLogger.cpp(1135,58): error C3861: 'GetMachineName': tan─▒mlay─▒c─▒ bulunamad─▒ [C:\ShadowStrike\ShadowStrike\ShadowStrike.vcxproj]
  ('/src/Shared_modules/Core/System/EventLogger.cpp' kaynak dosyas─▒ derleniyor)
  
C:\ShadowStrike\ShadowStrike\src\Shared_modules\Core\System\EventLogger.cpp(1135,30): error C2593: 'operator =' belirsiz [C:\ShadowStrike\ShadowStrike\ShadowStrike.vcxproj]
  ('/src/Shared_modules/Core/System/EventLogger.cpp' kaynak dosyas─▒ derleniyor)
      C:\Program Files\Microsoft Visual Studio\2022\Community\VC\Tools\MSVC\14.44.35207\include\xstring(1453,32):
      'std::basic_string<wchar_t,std::char_traits<wchar_t>,std::allocator<wchar_t>> &std::basic_string<wchar_t,std::char_traits<wchar_t>,std::allocator<wchar_t>>::operator =(const _Elem)' olabilirdi
          with
          [
              _Elem=wchar_t
          ]
      C:\Program Files\Microsoft Visual Studio\2022\Community\VC\Tools\MSVC\14.44.35207\include\xstring(1450,19):
      veya       'std::basic_string<wchar_t,std::char_traits<wchar_t>,std::allocator<wchar_t>> &std::basic_string<wchar_t,std::char_traits<wchar_t>,std::allocator<wchar_t>>::operator =(std::nullptr_t)'
      C:\Program Files\Microsoft Visual Studio\2022\Community\VC\Tools\MSVC\14.44.35207\include\xstring(1445,32):
      veya       'std::basic_string<wchar_t,std::char_traits<wchar_t>,std::allocator<wchar_t>> &std::basic_string<wchar_t,std::char_traits<wchar_t>,std::allocator<wchar_t>>::operator =(const _Elem *const )'
          with
          [
              _Elem=wchar_t
          ]
      C:\Program Files\Microsoft Visual Studio\2022\Community\VC\Tools\MSVC\14.44.35207\include\xstring(1394,32):
      veya       'std::basic_string<wchar_t,std::char_traits<wchar_t>,std::allocator<wchar_t>> &std::basic_string<wchar_t,std::char_traits<wchar_t>,std::allocator<wchar_t>>::operator =(const std::basic_string<wchar_t,std::char_traits<wchar_t>,std::allocator<wchar_t>> &)'
      C:\Program Files\Microsoft Visual Studio\2022\Community\VC\Tools\MSVC\14.44.35207\include\xstring(1345,32):
      veya       'std::basic_string<wchar_t,std::char_traits<wchar_t>,std::allocator<wchar_t>> &std::basic_string<wchar_t,std::char_traits<wchar_t>,std::allocator<wchar_t>>::operator =(std::initializer_list<_Elem>)'
          with
          [
              _Elem=wchar_t
          ]
      C:\Program Files\Microsoft Visual Studio\2022\Community\VC\Tools\MSVC\14.44.35207\include\xstring(1224,32):
      veya       'std::basic_string<wchar_t,std::char_traits<wchar_t>,std::allocator<wchar_t>> &std::basic_string<wchar_t,std::char_traits<wchar_t>,std::allocator<wchar_t>>::operator =(std::basic_string<wchar_t,std::char_traits<wchar_t>,std::allocator<wchar_t>> &&) noexcept'
      C:\ShadowStrike\ShadowStrike\src\Shared_modules\Core\System\EventLogger.cpp(1135,30):
      '(std::wstring, <error type>)' ba─ş─▒ms─▒z de─şi┼şken listesi e┼şlenmeye ├ğal─▒┼ş─▒l─▒rken
  
C:\ShadowStrike\ShadowStrike\src\Shared_modules\Core\System\EventLogger.cpp(1136,55): error C2039: 'GetCurrentUserName': bir 'ShadowStrike::Utils::SystemUtils' ├╝yesi de─şil [C:\ShadowStrike\ShadowStrike\ShadowStrike.vcxproj]
  ('/src/Shared_modules/Core/System/EventLogger.cpp' kaynak dosyas─▒ derleniyor)
      C:\ShadowStrike\ShadowStrike\src\Shared_modules\Utils\SystemUtils.hpp(59,11):
      'ShadowStrike::Utils::SystemUtils' bildirimine bak─▒n
  
C:\ShadowStrike\ShadowStrike\src\Shared_modules\Core\System\EventLogger.cpp(1136,55): error C3861: 'GetCurrentUserName': tan─▒mlay─▒c─▒ bulunamad─▒ [C:\ShadowStrike\ShadowStrike\ShadowStrike.vcxproj]
  ('/src/Shared_modules/Core/System/EventLogger.cpp' kaynak dosyas─▒ derleniyor)
  
C:\ShadowStrike\ShadowStrike\src\Shared_modules\Core\System\EventLogger.cpp(1136,30): error C2593: 'operator =' belirsiz [C:\ShadowStrike\ShadowStrike\ShadowStrike.vcxproj]
  ('/src/Shared_modules/Core/System/EventLogger.cpp' kaynak dosyas─▒ derleniyor)
      C:\Program Files\Microsoft Visual Studio\2022\Community\VC\Tools\MSVC\14.44.35207\include\xstring(1453,32):
      'std::basic_string<wchar_t,std::char_traits<wchar_t>,std::allocator<wchar_t>> &std::basic_string<wchar_t,std::char_traits<wchar_t>,std::allocator<wchar_t>>::operator =(const _Elem)' olabilirdi
          with
          [
              _Elem=wchar_t
          ]
      C:\Program Files\Microsoft Visual Studio\2022\Community\VC\Tools\MSVC\14.44.35207\include\xstring(1450,19):
      veya       'std::basic_string<wchar_t,std::char_traits<wchar_t>,std::allocator<wchar_t>> &std::basic_string<wchar_t,std::char_traits<wchar_t>,std::allocator<wchar_t>>::operator =(std::nullptr_t)'
      C:\Program Files\Microsoft Visual Studio\2022\Community\VC\Tools\MSVC\14.44.35207\include\xstring(1445,32):
      veya       'std::basic_string<wchar_t,std::char_traits<wchar_t>,std::allocator<wchar_t>> &std::basic_string<wchar_t,std::char_traits<wchar_t>,std::allocator<wchar_t>>::operator =(const _Elem *const )'
          with
          [
              _Elem=wchar_t
          ]
      C:\Program Files\Microsoft Visual Studio\2022\Community\VC\Tools\MSVC\14.44.35207\include\xstring(1394,32):
      veya       'std::basic_string<wchar_t,std::char_traits<wchar_t>,std::allocator<wchar_t>> &std::basic_string<wchar_t,std::char_traits<wchar_t>,std::allocator<wchar_t>>::operator =(const std::basic_string<wchar_t,std::char_traits<wchar_t>,std::allocator<wchar_t>> &)'
      C:\Program Files\Microsoft Visual Studio\2022\Community\VC\Tools\MSVC\14.44.35207\include\xstring(1345,32):
      veya       'std::basic_string<wchar_t,std::char_traits<wchar_t>,std::allocator<wchar_t>> &std::basic_string<wchar_t,std::char_traits<wchar_t>,std::allocator<wchar_t>>::operator =(std::initializer_list<_Elem>)'
          with
          [
              _Elem=wchar_t
          ]
      C:\Program Files\Microsoft Visual Studio\2022\Community\VC\Tools\MSVC\14.44.35207\include\xstring(1224,32):
      veya       'std::basic_string<wchar_t,std::char_traits<wchar_t>,std::allocator<wchar_t>> &std::basic_string<wchar_t,std::char_traits<wchar_t>,std::allocator<wchar_t>>::operator =(std::basic_string<wchar_t,std::char_traits<wchar_t>,std::allocator<wchar_t>> &&) noexcept'
      C:\ShadowStrike\ShadowStrike\src\Shared_modules\Core\System\EventLogger.cpp(1136,30):
      '(std::wstring, <error type>)' ba─ş─▒ms─▒z de─şi┼şken listesi e┼şlenmeye ├ğal─▒┼ş─▒l─▒rken
  
C:\ShadowStrike\ShadowStrike\src\Shared_modules\Core\Process\MemoryScanner.cpp(1143,13): error C2653: 'Logger': bir s─▒n─▒f veya ad alan─▒ ad─▒ de─şil [C:\ShadowStrike\ShadowStrike\ShadowStrike.vcxproj]
  ('/src/Shared_modules/Core/Process/MemoryScanner.cpp' kaynak dosyas─▒ derleniyor)
  
C:\ShadowStrike\ShadowStrike\src\Shared_modules\Core\Process\MemoryScanner.cpp(1143,21): error C3861: 'Error': tan─▒mlay─▒c─▒ bulunamad─▒ [C:\ShadowStrike\ShadowStrike\ShadowStrike.vcxproj]
  ('/src/Shared_modules/Core/Process/MemoryScanner.cpp' kaynak dosyas─▒ derleniyor)
  
C:\ShadowStrike\ShadowStrike\src\Shared_modules\Core\Process\MemoryScanner.cpp(1157,13): error C2653: 'Logger': bir s─▒n─▒f veya ad alan─▒ ad─▒ de─şil [C:\ShadowStrike\ShadowStrike\ShadowStrike.vcxproj]
  ('/src/Shared_modules/Core/Process/MemoryScanner.cpp' kaynak dosyas─▒ derleniyor)
  
C:\ShadowStrike\ShadowStrike\src\Shared_modules\Core\Process\MemoryScanner.cpp(1157,21): error C3861: 'Error': tan─▒mlay─▒c─▒ bulunamad─▒ [C:\ShadowStrike\ShadowStrike\ShadowStrike.vcxproj]
  ('/src/Shared_modules/Core/Process/MemoryScanner.cpp' kaynak dosyas─▒ derleniyor)
  
C:\ShadowStrike\ShadowStrike\src\Shared_modules\Core\Process\MemoryScanner.cpp(1171,13): error C2653: 'Logger': bir s─▒n─▒f veya ad alan─▒ ad─▒ de─şil [C:\ShadowStrike\ShadowStrike\ShadowStrike.vcxproj]
  ('/src/Shared_modules/Core/Process/MemoryScanner.cpp' kaynak dosyas─▒ derleniyor)
  
C:\ShadowStrike\ShadowStrike\src\Shared_modules\Core\Process\MemoryScanner.cpp(1171,21): error C3861: 'Error': tan─▒mlay─▒c─▒ bulunamad─▒ [C:\ShadowStrike\ShadowStrike\ShadowStrike.vcxproj]
  ('/src/Shared_modules/Core/Process/MemoryScanner.cpp' kaynak dosyas─▒ derleniyor)
  
C:\ShadowStrike\ShadowStrike\src\Shared_modules\Core\Process\MemoryScanner.cpp(1240,13): error C2653: 'Logger': bir s─▒n─▒f veya ad alan─▒ ad─▒ de─şil [C:\ShadowStrike\ShadowStrike\ShadowStrike.vcxproj]
  ('/src/Shared_modules/Core/Process/MemoryScanner.cpp' kaynak dosyas─▒ derleniyor)
  
C:\ShadowStrike\ShadowStrike\src\Shared_modules\Core\Process\MemoryScanner.cpp(1240,21): error C3861: 'Error': tan─▒mlay─▒c─▒ bulunamad─▒ [C:\ShadowStrike\ShadowStrike\ShadowStrike.vcxproj]
  ('/src/Shared_modules/Core/Process/MemoryScanner.cpp' kaynak dosyas─▒ derleniyor)
  
C:\ShadowStrike\ShadowStrike\src\Shared_modules\Core\Process\MemoryScanner.cpp(1262,5): error C2653: 'Logger': bir s─▒n─▒f veya ad alan─▒ ad─▒ de─şil [C:\ShadowStrike\ShadowStrike\ShadowStrike.vcxproj]
  ('/src/Shared_modules/Core/Process/MemoryScanner.cpp' kaynak dosyas─▒ derleniyor)
  
C:\ShadowStrike\ShadowStrike\src\Shared_modules\Core\System\EventLogger.cpp(1210,58): error C2039: 'GetMachineName': bir 'ShadowStrike::Utils::SystemUtils' ├╝yesi de─şil [C:\ShadowStrike\ShadowStrike\ShadowStrike.vcxproj]
  ('/src/Shared_modules/Core/System/EventLogger.cpp' kaynak dosyas─▒ derleniyor)
      C:\ShadowStrike\ShadowStrike\src\Shared_modules\Utils\SystemUtils.hpp(59,11):
      'ShadowStrike::Utils::SystemUtils' bildirimine bak─▒n
  
C:\ShadowStrike\ShadowStrike\src\Shared_modules\Core\Process\MemoryScanner.cpp(1262,13): error C3861: 'Info': tan─▒mlay─▒c─▒ bulunamad─▒ [C:\ShadowStrike\ShadowStrike\ShadowStrike.vcxproj]
  ('/src/Shared_modules/Core/Process/MemoryScanner.cpp' kaynak dosyas─▒ derleniyor)
  
C:\ShadowStrike\ShadowStrike\src\Shared_modules\Core\System\EventLogger.cpp(1210,58): error C3861: 'GetMachineName': tan─▒mlay─▒c─▒ bulunamad─▒ [C:\ShadowStrike\ShadowStrike\ShadowStrike.vcxproj]
  ('/src/Shared_modules/Core/System/EventLogger.cpp' kaynak dosyas─▒ derleniyor)
  
C:\ShadowStrike\ShadowStrike\src\Shared_modules\Core\Process\MemoryScanner.cpp(1269,5): error C2653: 'Logger': bir s─▒n─▒f veya ad alan─▒ ad─▒ de─şil [C:\ShadowStrike\ShadowStrike\ShadowStrike.vcxproj]
  ('/src/Shared_modules/Core/Process/MemoryScanner.cpp' kaynak dosyas─▒ derleniyor)
  
C:\ShadowStrike\ShadowStrike\src\Shared_modules\Core\Process\MemoryScanner.cpp(1269,13): error C3861: 'Info': tan─▒mlay─▒c─▒ bulunamad─▒ [C:\ShadowStrike\ShadowStrike\ShadowStrike.vcxproj]
  ('/src/Shared_modules/Core/Process/MemoryScanner.cpp' kaynak dosyas─▒ derleniyor)
  
C:\ShadowStrike\ShadowStrike\src\Shared_modules\Core\System\EventLogger.cpp(1210,30): error C2593: 'operator =' belirsiz [C:\ShadowStrike\ShadowStrike\ShadowStrike.vcxproj]
  ('/src/Shared_modules/Core/System/EventLogger.cpp' kaynak dosyas─▒ derleniyor)
      C:\Program Files\Microsoft Visual Studio\2022\Community\VC\Tools\MSVC\14.44.35207\include\xstring(1453,32):
      'std::basic_string<wchar_t,std::char_traits<wchar_t>,std::allocator<wchar_t>> &std::basic_string<wchar_t,std::char_traits<wchar_t>,std::allocator<wchar_t>>::operator =(const _Elem)' olabilirdi
          with
          [
              _Elem=wchar_t
          ]
      C:\Program Files\Microsoft Visual Studio\2022\Community\VC\Tools\MSVC\14.44.35207\include\xstring(1450,19):
      veya       'std::basic_string<wchar_t,std::char_traits<wchar_t>,std::allocator<wchar_t>> &std::basic_string<wchar_t,std::char_traits<wchar_t>,std::allocator<wchar_t>>::operator =(std::nullptr_t)'
      C:\Program Files\Microsoft Visual Studio\2022\Community\VC\Tools\MSVC\14.44.35207\include\xstring(1445,32):
      veya       'std::basic_string<wchar_t,std::char_traits<wchar_t>,std::allocator<wchar_t>> &std::basic_string<wchar_t,std::char_traits<wchar_t>,std::allocator<wchar_t>>::operator =(const _Elem *const )'
          with
          [
              _Elem=wchar_t
          ]
      C:\Program Files\Microsoft Visual Studio\2022\Community\VC\Tools\MSVC\14.44.35207\include\xstring(1394,32):
      veya       'std::basic_string<wchar_t,std::char_traits<wchar_t>,std::allocator<wchar_t>> &std::basic_string<wchar_t,std::char_traits<wchar_t>,std::allocator<wchar_t>>::operator =(const std::basic_string<wchar_t,std::char_traits<wchar_t>,std::allocator<wchar_t>> &)'
      C:\Program Files\Microsoft Visual Studio\2022\Community\VC\Tools\MSVC\14.44.35207\include\xstring(1345,32):
      veya       'std::basic_string<wchar_t,std::char_traits<wchar_t>,std::allocator<wchar_t>> &std::basic_string<wchar_t,std::char_traits<wchar_t>,std::allocator<wchar_t>>::operator =(std::initializer_list<_Elem>)'
          with
          [
              _Elem=wchar_t
          ]
      C:\Program Files\Microsoft Visual Studio\2022\Community\VC\Tools\MSVC\14.44.35207\include\xstring(1224,32):
      veya       'std::basic_string<wchar_t,std::char_traits<wchar_t>,std::allocator<wchar_t>> &std::basic_string<wchar_t,std::char_traits<wchar_t>,std::allocator<wchar_t>>::operator =(std::basic_string<wchar_t,std::char_traits<wchar_t>,std::allocator<wchar_t>> &&) noexcept'
      C:\ShadowStrike\ShadowStrike\src\Shared_modules\Core\System\EventLogger.cpp(1210,30):
      '(std::wstring, <error type>)' ba─ş─▒ms─▒z de─şi┼şken listesi e┼şlenmeye ├ğal─▒┼ş─▒l─▒rken
  
C:\ShadowStrike\ShadowStrike\src\Shared_modules\Core\System\EventLogger.cpp(1211,55): error C2039: 'GetCurrentUserName': bir 'ShadowStrike::Utils::SystemUtils' ├╝yesi de─şil [C:\ShadowStrike\ShadowStrike\ShadowStrike.vcxproj]
  ('/src/Shared_modules/Core/System/EventLogger.cpp' kaynak dosyas─▒ derleniyor)
      C:\ShadowStrike\ShadowStrike\src\Shared_modules\Utils\SystemUtils.hpp(59,11):
      'ShadowStrike::Utils::SystemUtils' bildirimine bak─▒n
  
C:\ShadowStrike\ShadowStrike\src\Shared_modules\Core\System\EventLogger.cpp(1211,55): error C3861: 'GetCurrentUserName': tan─▒mlay─▒c─▒ bulunamad─▒ [C:\ShadowStrike\ShadowStrike\ShadowStrike.vcxproj]
  ('/src/Shared_modules/Core/System/EventLogger.cpp' kaynak dosyas─▒ derleniyor)
  
C:\ShadowStrike\ShadowStrike\src\Shared_modules\Core\System\EventLogger.cpp(1211,30): error C2593: 'operator =' belirsiz [C:\ShadowStrike\ShadowStrike\ShadowStrike.vcxproj]
  ('/src/Shared_modules/Core/System/EventLogger.cpp' kaynak dosyas─▒ derleniyor)
      C:\Program Files\Microsoft Visual Studio\2022\Community\VC\Tools\MSVC\14.44.35207\include\xstring(1453,32):
      'std::basic_string<wchar_t,std::char_traits<wchar_t>,std::allocator<wchar_t>> &std::basic_string<wchar_t,std::char_traits<wchar_t>,std::allocator<wchar_t>>::operator =(const _Elem)' olabilirdi
          with
          [
              _Elem=wchar_t
          ]
      C:\Program Files\Microsoft Visual Studio\2022\Community\VC\Tools\MSVC\14.44.35207\include\xstring(1450,19):
      veya       'std::basic_string<wchar_t,std::char_traits<wchar_t>,std::allocator<wchar_t>> &std::basic_string<wchar_t,std::char_traits<wchar_t>,std::allocator<wchar_t>>::operator =(std::nullptr_t)'
      C:\Program Files\Microsoft Visual Studio\2022\Community\VC\Tools\MSVC\14.44.35207\include\xstring(1445,32):
      veya       'std::basic_string<wchar_t,std::char_traits<wchar_t>,std::allocator<wchar_t>> &std::basic_string<wchar_t,std::char_traits<wchar_t>,std::allocator<wchar_t>>::operator =(const _Elem *const )'
          with
          [
              _Elem=wchar_t
          ]
      C:\Program Files\Microsoft Visual Studio\2022\Community\VC\Tools\MSVC\14.44.35207\include\xstring(1394,32):
      veya       'std::basic_string<wchar_t,std::char_traits<wchar_t>,std::allocator<wchar_t>> &std::basic_string<wchar_t,std::char_traits<wchar_t>,std::allocator<wchar_t>>::operator =(const std::basic_string<wchar_t,std::char_traits<wchar_t>,std::allocator<wchar_t>> &)'
      C:\Program Files\Microsoft Visual Studio\2022\Community\VC\Tools\MSVC\14.44.35207\include\xstring(1345,32):
      veya       'std::basic_string<wchar_t,std::char_traits<wchar_t>,std::allocator<wchar_t>> &std::basic_string<wchar_t,std::char_traits<wchar_t>,std::allocator<wchar_t>>::operator =(std::initializer_list<_Elem>)'
          with
          [
              _Elem=wchar_t
          ]
      C:\Program Files\Microsoft Visual Studio\2022\Community\VC\Tools\MSVC\14.44.35207\include\xstring(1224,32):
      veya       'std::basic_string<wchar_t,std::char_traits<wchar_t>,std::allocator<wchar_t>> &std::basic_string<wchar_t,std::char_traits<wchar_t>,std::allocator<wchar_t>>::operator =(std::basic_string<wchar_t,std::char_traits<wchar_t>,std::allocator<wchar_t>> &&) noexcept'
      C:\ShadowStrike\ShadowStrike\src\Shared_modules\Core\System\EventLogger.cpp(1211,30):
      '(std::wstring, <error type>)' ba─ş─▒ms─▒z de─şi┼şken listesi e┼şlenmeye ├ğal─▒┼ş─▒l─▒rken
  
C:\ShadowStrike\ShadowStrike\src\Shared_modules\Core\Process\MemoryScanner.cpp(1348,21): error C2653: 'ProcessUtils': bir s─▒n─▒f veya ad alan─▒ ad─▒ de─şil [C:\ShadowStrike\ShadowStrike\ShadowStrike.vcxproj]
  ('/src/Shared_modules/Core/Process/MemoryScanner.cpp' kaynak dosyas─▒ derleniyor)
  
C:\ShadowStrike\ShadowStrike\src\Shared_modules\Core\Process\MemoryScanner.cpp(1348,35): error C3861: 'EnumerateProcesses': tan─▒mlay─▒c─▒ bulunamad─▒ [C:\ShadowStrike\ShadowStrike\ShadowStrike.vcxproj]
  ('/src/Shared_modules/Core/Process/MemoryScanner.cpp' kaynak dosyas─▒ derleniyor)
  
C:\ShadowStrike\ShadowStrike\src\Shared_modules\Core\Process\MemoryScanner.cpp(1349,9): error C2653: 'Logger': bir s─▒n─▒f veya ad alan─▒ ad─▒ de─şil [C:\ShadowStrike\ShadowStrike\ShadowStrike.vcxproj]
  ('/src/Shared_modules/Core/Process/MemoryScanner.cpp' kaynak dosyas─▒ derleniyor)
  
C:\ShadowStrike\ShadowStrike\src\Shared_modules\Core\Process\MemoryScanner.cpp(1349,17): error C3861: 'Info': tan─▒mlay─▒c─▒ bulunamad─▒ [C:\ShadowStrike\ShadowStrike\ShadowStrike.vcxproj]
  ('/src/Shared_modules/Core/Process/MemoryScanner.cpp' kaynak dosyas─▒ derleniyor)
  
C:\ShadowStrike\ShadowStrike\src\Shared_modules\Core\Process\MemoryScanner.cpp(1351,29): error C3312: ├ğa─şr─▒labilir hi├ğbir 'begin' i┼şlevi bulunamad─▒ ('<error type>' t├╝r├╝ i├ğin) [C:\ShadowStrike\ShadowStrike\ShadowStrike.vcxproj]
  ('/src/Shared_modules/Core/Process/MemoryScanner.cpp' kaynak dosyas─▒ derleniyor)
  
C:\ShadowStrike\ShadowStrike\src\Shared_modules\Core\Process\MemoryScanner.cpp(1351,29): error C3312: ├ğa─şr─▒labilir hi├ğbir 'end' i┼şlevi bulunamad─▒ ('<error type>' t├╝r├╝ i├ğin) [C:\ShadowStrike\ShadowStrike\ShadowStrike.vcxproj]
  ('/src/Shared_modules/Core/Process/MemoryScanner.cpp' kaynak dosyas─▒ derleniyor)
  
C:\ShadowStrike\ShadowStrike\src\Shared_modules\Core\Process\MemoryScanner.cpp(1351,27): error C2143: s├Âzdizimi hatas─▒: ';' eksik (':' ├Âncesinde) [C:\ShadowStrike\ShadowStrike\ShadowStrike.vcxproj]
  ('/src/Shared_modules/Core/Process/MemoryScanner.cpp' kaynak dosyas─▒ derleniyor)
  
C:\ShadowStrike\ShadowStrike\src\Shared_modules\Core\Process\MemoryScanner.cpp(1351,33): error C2143: s├Âzdizimi hatas─▒: ';' eksik (')' ├Âncesinde) [C:\ShadowStrike\ShadowStrike\ShadowStrike.vcxproj]
  ('/src/Shared_modules/Core/Process/MemoryScanner.cpp' kaynak dosyas─▒ derleniyor)
  
C:\ShadowStrike\ShadowStrike\src\Shared_modules\Core\Process\MemoryScanner.cpp(1357,9): error C2653: 'Logger': bir s─▒n─▒f veya ad alan─▒ ad─▒ de─şil [C:\ShadowStrike\ShadowStrike\ShadowStrike.vcxproj]
  ('/src/Shared_modules/Core/Process/MemoryScanner.cpp' kaynak dosyas─▒ derleniyor)
  
C:\ShadowStrike\ShadowStrike\src\Shared_modules\Exploits\KernelExploitDetector.hpp(142,10): error C1083: i├ğerme dosyas─▒ a├ğ─▒lam─▒yor: '../ThreatIntel/ThreatIntelManager.hpp': No such file or directory [C:\ShadowStrike\ShadowStrike\ShadowStrike.vcxproj]
  ('/src/Shared_modules/Exploits/KernelExploitDetector.cpp' kaynak dosyas─▒ derleniyor)
  
C:\ShadowStrike\ShadowStrike\src\Shared_modules\Core\Process\MemoryScanner.cpp(1357,17): error C3861: 'Error': tan─▒mlay─▒c─▒ bulunamad─▒ [C:\ShadowStrike\ShadowStrike\ShadowStrike.vcxproj]
  ('/src/Shared_modules/Core/Process/MemoryScanner.cpp' kaynak dosyas─▒ derleniyor)
  
C:\ShadowStrike\ShadowStrike\src\Shared_modules\Core\Process\MemoryScanner.cpp(1383,9): error C2653: 'Logger': bir s─▒n─▒f veya ad alan─▒ ad─▒ de─şil [C:\ShadowStrike\ShadowStrike\ShadowStrike.vcxproj]
  ('/src/Shared_modules/Core/Process/MemoryScanner.cpp' kaynak dosyas─▒ derleniyor)
  
C:\ShadowStrike\ShadowStrike\src\Shared_modules\Core\Process\MemoryScanner.cpp(1383,17): error C3861: 'Error': tan─▒mlay─▒c─▒ bulunamad─▒ [C:\ShadowStrike\ShadowStrike\ShadowStrike.vcxproj]
  ('/src/Shared_modules/Core/Process/MemoryScanner.cpp' kaynak dosyas─▒ derleniyor)
  
C:\ShadowStrike\ShadowStrike\src\Shared_modules\Core\System\EventLogger.cpp(1255,54): error C2039: 'GetMachineName': bir 'ShadowStrike::Utils::SystemUtils' ├╝yesi de─şil [C:\ShadowStrike\ShadowStrike\ShadowStrike.vcxproj]
  ('/src/Shared_modules/Core/System/EventLogger.cpp' kaynak dosyas─▒ derleniyor)
      C:\ShadowStrike\ShadowStrike\src\Shared_modules\Utils\SystemUtils.hpp(59,11):
      'ShadowStrike::Utils::SystemUtils' bildirimine bak─▒n
  
C:\ShadowStrike\ShadowStrike\src\Shared_modules\Core\System\EventLogger.cpp(1255,54): error C3861: 'GetMachineName': tan─▒mlay─▒c─▒ bulunamad─▒ [C:\ShadowStrike\ShadowStrike\ShadowStrike.vcxproj]
  ('/src/Shared_modules/Core/System/EventLogger.cpp' kaynak dosyas─▒ derleniyor)
  
C:\ShadowStrike\ShadowStrike\src\Shared_modules\Core\Process\MemoryScanner.cpp(1413,9): error C2653: 'Logger': bir s─▒n─▒f veya ad alan─▒ ad─▒ de─şil [C:\ShadowStrike\ShadowStrike\ShadowStrike.vcxproj]
  ('/src/Shared_modules/Core/Process/MemoryScanner.cpp' kaynak dosyas─▒ derleniyor)
  
C:\ShadowStrike\ShadowStrike\src\Shared_modules\Core\Process\MemoryScanner.cpp(1413,17): error C3861: 'Error': tan─▒mlay─▒c─▒ bulunamad─▒ [C:\ShadowStrike\ShadowStrike\ShadowStrike.vcxproj]
  ('/src/Shared_modules/Core/Process/MemoryScanner.cpp' kaynak dosyas─▒ derleniyor)
  
C:\ShadowStrike\ShadowStrike\src\Shared_modules\Core\System\EventLogger.cpp(1255,26): error C2593: 'operator =' belirsiz [C:\ShadowStrike\ShadowStrike\ShadowStrike.vcxproj]
  ('/src/Shared_modules/Core/System/EventLogger.cpp' kaynak dosyas─▒ derleniyor)
      C:\Program Files\Microsoft Visual Studio\2022\Community\VC\Tools\MSVC\14.44.35207\include\xstring(1453,32):
      'std::basic_string<wchar_t,std::char_traits<wchar_t>,std::allocator<wchar_t>> &std::basic_string<wchar_t,std::char_traits<wchar_t>,std::allocator<wchar_t>>::operator =(const _Elem)' olabilirdi
          with
          [
              _Elem=wchar_t
          ]
      C:\Program Files\Microsoft Visual Studio\2022\Community\VC\Tools\MSVC\14.44.35207\include\xstring(1450,19):
      veya       'std::basic_string<wchar_t,std::char_traits<wchar_t>,std::allocator<wchar_t>> &std::basic_string<wchar_t,std::char_traits<wchar_t>,std::allocator<wchar_t>>::operator =(std::nullptr_t)'
      C:\Program Files\Microsoft Visual Studio\2022\Community\VC\Tools\MSVC\14.44.35207\include\xstring(1445,32):
      veya       'std::basic_string<wchar_t,std::char_traits<wchar_t>,std::allocator<wchar_t>> &std::basic_string<wchar_t,std::char_traits<wchar_t>,std::allocator<wchar_t>>::operator =(const _Elem *const )'
          with
          [
              _Elem=wchar_t
          ]
      C:\Program Files\Microsoft Visual Studio\2022\Community\VC\Tools\MSVC\14.44.35207\include\xstring(1394,32):
      veya       'std::basic_string<wchar_t,std::char_traits<wchar_t>,std::allocator<wchar_t>> &std::basic_string<wchar_t,std::char_traits<wchar_t>,std::allocator<wchar_t>>::operator =(const std::basic_string<wchar_t,std::char_traits<wchar_t>,std::allocator<wchar_t>> &)'
      C:\Program Files\Microsoft Visual Studio\2022\Community\VC\Tools\MSVC\14.44.35207\include\xstring(1345,32):
      veya       'std::basic_string<wchar_t,std::char_traits<wchar_t>,std::allocator<wchar_t>> &std::basic_string<wchar_t,std::char_traits<wchar_t>,std::allocator<wchar_t>>::operator =(std::initializer_list<_Elem>)'
          with
          [
              _Elem=wchar_t
          ]
      C:\Program Files\Microsoft Visual Studio\2022\Community\VC\Tools\MSVC\14.44.35207\include\xstring(1224,32):
      veya       'std::basic_string<wchar_t,std::char_traits<wchar_t>,std::allocator<wchar_t>> &std::basic_string<wchar_t,std::char_traits<wchar_t>,std::allocator<wchar_t>>::operator =(std::basic_string<wchar_t,std::char_traits<wchar_t>,std::allocator<wchar_t>> &&) noexcept'
      C:\ShadowStrike\ShadowStrike\src\Shared_modules\Core\System\EventLogger.cpp(1255,26):
      '(std::wstring, <error type>)' ba─ş─▒ms─▒z de─şi┼şken listesi e┼şlenmeye ├ğal─▒┼ş─▒l─▒rken
  
C:\ShadowStrike\ShadowStrike\src\Shared_modules\Core\Process\MemoryScanner.cpp(1444,9): error C2653: 'Logger': bir s─▒n─▒f veya ad alan─▒ ad─▒ de─şil [C:\ShadowStrike\ShadowStrike\ShadowStrike.vcxproj]
  ('/src/Shared_modules/Core/Process/MemoryScanner.cpp' kaynak dosyas─▒ derleniyor)
  
C:\ShadowStrike\ShadowStrike\src\Shared_modules\Core\Process\MemoryScanner.cpp(1444,17): error C3861: 'Error': tan─▒mlay─▒c─▒ bulunamad─▒ [C:\ShadowStrike\ShadowStrike\ShadowStrike.vcxproj]
  ('/src/Shared_modules/Core/Process/MemoryScanner.cpp' kaynak dosyas─▒ derleniyor)
  
C:\ShadowStrike\ShadowStrike\src\Shared_modules\Core\System\DriverAnalyzer.cpp(84,19): error C2187: s├Âz dizimi hatas─▒: burada 'ShadowStrike' beklenmiyordu [C:\ShadowStrike\ShadowStrike\ShadowStrike.vcxproj]
  ('/src/Shared_modules/Core/System/DriverAnalyzer.cpp' kaynak dosyas─▒ derleniyor)
  
C:\ShadowStrike\ShadowStrike\src\Shared_modules\Core\System\DriverAnalyzer.cpp(85,19): error C2187: s├Âz dizimi hatas─▒: burada 'ShadowStrike' beklenmiyordu [C:\ShadowStrike\ShadowStrike\ShadowStrike.vcxproj]
  ('/src/Shared_modules/Core/System/DriverAnalyzer.cpp' kaynak dosyas─▒ derleniyor)
  
C:\ShadowStrike\ShadowStrike\src\Shared_modules\Core\Process\MemoryScanner.cpp(1549,13): error C2653: 'Logger': bir s─▒n─▒f veya ad alan─▒ ad─▒ de─şil [C:\ShadowStrike\ShadowStrike\ShadowStrike.vcxproj]
  ('/src/Shared_modules/Core/Process/MemoryScanner.cpp' kaynak dosyas─▒ derleniyor)
  
C:\ShadowStrike\ShadowStrike\src\Shared_modules\Core\Process\MemoryScanner.cpp(1549,21): error C3861: 'Error': tan─▒mlay─▒c─▒ bulunamad─▒ [C:\ShadowStrike\ShadowStrike\ShadowStrike.vcxproj]
  ('/src/Shared_modules/Core/Process/MemoryScanner.cpp' kaynak dosyas─▒ derleniyor)
  
C:\ShadowStrike\ShadowStrike\src\Shared_modules\Core\Process\MemoryScanner.cpp(1557,9): error C2653: 'Logger': bir s─▒n─▒f veya ad alan─▒ ad─▒ de─şil [C:\ShadowStrike\ShadowStrike\ShadowStrike.vcxproj]
  ('/src/Shared_modules/Core/Process/MemoryScanner.cpp' kaynak dosyas─▒ derleniyor)
  
C:\ShadowStrike\ShadowStrike\src\Shared_modules\Core\Process\MemoryScanner.cpp(1557,17): error C3861: 'Error': tan─▒mlay─▒c─▒ bulunamad─▒ [C:\ShadowStrike\ShadowStrike\ShadowStrike.vcxproj]
  ('/src/Shared_modules/Core/Process/MemoryScanner.cpp' kaynak dosyas─▒ derleniyor)
  
C:\ShadowStrike\ShadowStrike\src\Shared_modules\Core\Process\MemoryScanner.cpp(1576,9): error C2653: 'Logger': bir s─▒n─▒f veya ad alan─▒ ad─▒ de─şil [C:\ShadowStrike\ShadowStrike\ShadowStrike.vcxproj]
  ('/src/Shared_modules/Core/Process/MemoryScanner.cpp' kaynak dosyas─▒ derleniyor)
  
C:\ShadowStrike\ShadowStrike\src\Shared_modules\Core\Process\MemoryScanner.cpp(1576,17): error C3861: 'Error': tan─▒mlay─▒c─▒ bulunamad─▒ [C:\ShadowStrike\ShadowStrike\ShadowStrike.vcxproj]
  ('/src/Shared_modules/Core/Process/MemoryScanner.cpp' kaynak dosyas─▒ derleniyor)
  
C:\ShadowStrike\ShadowStrike\src\Shared_modules\Core\Registry\SystemSettingsMonitor.cpp(155,38): error C2039: 'ReadDword': bir 'ShadowStrike::Utils::RegistryUtils' ├╝yesi de─şil [C:\ShadowStrike\ShadowStrike\ShadowStrike.vcxproj]
  ('/src/Shared_modules/Core/Registry/SystemSettingsMonitor.cpp' kaynak dosyas─▒ derleniyor)
      C:\ShadowStrike\ShadowStrike\src\Shared_modules\Utils\RegistryUtils.hpp(57,13):
      'ShadowStrike::Utils::RegistryUtils' bildirimine bak─▒n
  
C:\ShadowStrike\ShadowStrike\src\Shared_modules\Core\Registry\SystemSettingsMonitor.cpp(155,38): error C3861: 'ReadDword': tan─▒mlay─▒c─▒ bulunamad─▒ [C:\ShadowStrike\ShadowStrike\ShadowStrike.vcxproj]
  ('/src/Shared_modules/Core/Registry/SystemSettingsMonitor.cpp' kaynak dosyas─▒ derleniyor)
  
C:\ShadowStrike\ShadowStrike\src\Shared_modules\Core\Registry\SystemSettingsMonitor.cpp(167,38): error C2039: 'ReadString': bir 'ShadowStrike::Utils::RegistryUtils' ├╝yesi de─şil [C:\ShadowStrike\ShadowStrike\ShadowStrike.vcxproj]
  ('/src/Shared_modules/Core/Registry/SystemSettingsMonitor.cpp' kaynak dosyas─▒ derleniyor)
      C:\ShadowStrike\ShadowStrike\src\Shared_modules\Utils\RegistryUtils.hpp(57,13):
      'ShadowStrike::Utils::RegistryUtils' bildirimine bak─▒n
  
C:\ShadowStrike\ShadowStrike\src\Shared_modules\Core\Registry\SystemSettingsMonitor.cpp(167,38): error C3861: 'ReadString': tan─▒mlay─▒c─▒ bulunamad─▒ [C:\ShadowStrike\ShadowStrike\ShadowStrike.vcxproj]
  ('/src/Shared_modules/Core/Registry/SystemSettingsMonitor.cpp' kaynak dosyas─▒ derleniyor)
  
C:\ShadowStrike\ShadowStrike\src\Shared_modules\Core\Process\MemoryScanner.cpp(1596,13): error C2653: 'Logger': bir s─▒n─▒f veya ad alan─▒ ad─▒ de─şil [C:\ShadowStrike\ShadowStrike\ShadowStrike.vcxproj]
  ('/src/Shared_modules/Core/Process/MemoryScanner.cpp' kaynak dosyas─▒ derleniyor)
  
C:\ShadowStrike\ShadowStrike\src\Shared_modules\Core\Process\MemoryScanner.cpp(1597,17): error C2653: 'StringUtils': bir s─▒n─▒f veya ad alan─▒ ad─▒ de─şil [C:\ShadowStrike\ShadowStrike\ShadowStrike.vcxproj]
  ('/src/Shared_modules/Core/Process/MemoryScanner.cpp' kaynak dosyas─▒ derleniyor)
  
C:\ShadowStrike\ShadowStrike\src\Shared_modules\Core\Process\MemoryScanner.cpp(1597,30): error C3861: 'WideToUtf8': tan─▒mlay─▒c─▒ bulunamad─▒ [C:\ShadowStrike\ShadowStrike\ShadowStrike.vcxproj]
  ('/src/Shared_modules/Core/Process/MemoryScanner.cpp' kaynak dosyas─▒ derleniyor)
  
C:\ShadowStrike\ShadowStrike\src\Shared_modules\Core\Process\MemoryScanner.cpp(1596,21): error C3861: 'Error': tan─▒mlay─▒c─▒ bulunamad─▒ [C:\ShadowStrike\ShadowStrike\ShadowStrike.vcxproj]
  ('/src/Shared_modules/Core/Process/MemoryScanner.cpp' kaynak dosyas─▒ derleniyor)
  
C:\ShadowStrike\ShadowStrike\src\Shared_modules\Core\Process\MemoryScanner.cpp(1604,9): error C2653: 'Logger': bir s─▒n─▒f veya ad alan─▒ ad─▒ de─şil [C:\ShadowStrike\ShadowStrike\ShadowStrike.vcxproj]
  ('/src/Shared_modules/Core/Process/MemoryScanner.cpp' kaynak dosyas─▒ derleniyor)
  
C:\ShadowStrike\ShadowStrike\src\Shared_modules\Core\Process\MemoryScanner.cpp(1605,28): error C2653: 'StringUtils': bir s─▒n─▒f veya ad alan─▒ ad─▒ de─şil [C:\ShadowStrike\ShadowStrike\ShadowStrike.vcxproj]
  ('/src/Shared_modules/Core/Process/MemoryScanner.cpp' kaynak dosyas─▒ derleniyor)
  
C:\ShadowStrike\ShadowStrike\src\Shared_modules\Core\Process\MemoryScanner.cpp(1605,41): error C3861: 'WideToUtf8': tan─▒mlay─▒c─▒ bulunamad─▒ [C:\ShadowStrike\ShadowStrike\ShadowStrike.vcxproj]
  ('/src/Shared_modules/Core/Process/MemoryScanner.cpp' kaynak dosyas─▒ derleniyor)
  
C:\ShadowStrike\ShadowStrike\src\Shared_modules\Core\Process\MemoryScanner.cpp(1604,17): error C3861: 'Info': tan─▒mlay─▒c─▒ bulunamad─▒ [C:\ShadowStrike\ShadowStrike\ShadowStrike.vcxproj]
  ('/src/Shared_modules/Core/Process/MemoryScanner.cpp' kaynak dosyas─▒ derleniyor)
  
C:\ShadowStrike\ShadowStrike\src\Shared_modules\Core\Process\MemoryScanner.cpp(1610,9): error C2653: 'Logger': bir s─▒n─▒f veya ad alan─▒ ad─▒ de─şil [C:\ShadowStrike\ShadowStrike\ShadowStrike.vcxproj]
  ('/src/Shared_modules/Core/Process/MemoryScanner.cpp' kaynak dosyas─▒ derleniyor)
  
C:\ShadowStrike\ShadowStrike\src\Shared_modules\Core\Process\MemoryScanner.cpp(1610,17): error C3861: 'Error': tan─▒mlay─▒c─▒ bulunamad─▒ [C:\ShadowStrike\ShadowStrike\ShadowStrike.vcxproj]
  ('/src/Shared_modules/Core/Process/MemoryScanner.cpp' kaynak dosyas─▒ derleniyor)
  
C:\ShadowStrike\ShadowStrike\src\Shared_modules\Core\Process\MemoryScanner.cpp(1617,9): error C2653: 'Logger': bir s─▒n─▒f veya ad alan─▒ ad─▒ de─şil [C:\ShadowStrike\ShadowStrike\ShadowStrike.vcxproj]
  ('/src/Shared_modules/Core/Process/MemoryScanner.cpp' kaynak dosyas─▒ derleniyor)
  
C:\ShadowStrike\ShadowStrike\src\Shared_modules\Core\Process\MemoryScanner.cpp(1617,17): error C3861: 'Info': tan─▒mlay─▒c─▒ bulunamad─▒ [C:\ShadowStrike\ShadowStrike\ShadowStrike.vcxproj]
  ('/src/Shared_modules/Core/Process/MemoryScanner.cpp' kaynak dosyas─▒ derleniyor)
  
C:\ShadowStrike\ShadowStrike\src\Shared_modules\Core\Process\MemoryScanner.cpp(1636,9): error C2653: 'Logger': bir s─▒n─▒f veya ad alan─▒ ad─▒ de─şil [C:\ShadowStrike\ShadowStrike\ShadowStrike.vcxproj]
  ('/src/Shared_modules/Core/Process/MemoryScanner.cpp' kaynak dosyas─▒ derleniyor)
  
C:\ShadowStrike\ShadowStrike\src\Shared_modules\Core\Process\MemoryScanner.cpp(1637,26): error C2653: 'StringUtils': bir s─▒n─▒f veya ad alan─▒ ad─▒ de─şil [C:\ShadowStrike\ShadowStrike\ShadowStrike.vcxproj]
  ('/src/Shared_modules/Core/Process/MemoryScanner.cpp' kaynak dosyas─▒ derleniyor)
  
C:\ShadowStrike\ShadowStrike\src\Shared_modules\Core\Process\MemoryScanner.cpp(1637,39): error C3861: 'WideToUtf8': tan─▒mlay─▒c─▒ bulunamad─▒ [C:\ShadowStrike\ShadowStrike\ShadowStrike.vcxproj]
  ('/src/Shared_modules/Core/Process/MemoryScanner.cpp' kaynak dosyas─▒ derleniyor)
  
C:\ShadowStrike\ShadowStrike\src\Shared_modules\Core\Process\MemoryScanner.cpp(1636,17): error C3861: 'Info': tan─▒mlay─▒c─▒ bulunamad─▒ [C:\ShadowStrike\ShadowStrike\ShadowStrike.vcxproj]
  ('/src/Shared_modules/Core/Process/MemoryScanner.cpp' kaynak dosyas─▒ derleniyor)
  
C:\ShadowStrike\ShadowStrike\src\Shared_modules\Core\Process\MemoryScanner.cpp(1642,9): error C2653: 'Logger': bir s─▒n─▒f veya ad alan─▒ ad─▒ de─şil [C:\ShadowStrike\ShadowStrike\ShadowStrike.vcxproj]
  ('/src/Shared_modules/Core/Process/MemoryScanner.cpp' kaynak dosyas─▒ derleniyor)
  
C:\ShadowStrike\ShadowStrike\src\Shared_modules\Core\Process\MemoryScanner.cpp(1642,9): error C1003: hata say─▒s─▒ 100 taneyi a┼şt─▒; derleme durduruluyor [C:\ShadowStrike\ShadowStrike\ShadowStrike.vcxproj]
  ('/src/Shared_modules/Core/Process/MemoryScanner.cpp' kaynak dosyas─▒ derleniyor)
  
C:\ShadowStrike\ShadowStrike\src\Products\PhantomEDR\Forensics\ArtifactExtractor.hpp(139,10): error C1083: i├ğerme dosyas─▒ a├ğ─▒lam─▒yor: '../Utils/Logger.hpp': No such file or directory [C:\ShadowStrike\ShadowStrike\ShadowStrike.vcxproj]
  ('/src/Products/PhantomEDR/Forensics/ArtifactExtractor.cpp' kaynak dosyas─▒ derleniyor)
  
C:\ShadowStrike\ShadowStrike\src\Shared_modules\Core\Registry\SystemSettingsMonitor.cpp(333,17): error C2653: 'Logger': bir s─▒n─▒f veya ad alan─▒ ad─▒ de─şil [C:\ShadowStrike\ShadowStrike\ShadowStrike.vcxproj]
  ('/src/Shared_modules/Core/Registry/SystemSettingsMonitor.cpp' kaynak dosyas─▒ derleniyor)
  
C:\ShadowStrike\ShadowStrike\src\Shared_modules\Core\Registry\SystemSettingsMonitor.cpp(333,25): error C3861: 'Error': tan─▒mlay─▒c─▒ bulunamad─▒ [C:\ShadowStrike\ShadowStrike\ShadowStrike.vcxproj]
  ('/src/Shared_modules/Core/Registry/SystemSettingsMonitor.cpp' kaynak dosyas─▒ derleniyor)
  
C:\ShadowStrike\ShadowStrike\src\Products\PhantomHome\GameMode\GameCheatDetector.hpp(121,10): error C1083: i├ğerme dosyas─▒ a├ğ─▒lam─▒yor: '../Utils/Logger.hpp': No such file or directory [C:\ShadowStrike\ShadowStrike\ShadowStrike.vcxproj]
  ('/src/Products/PhantomHome/GameMode/GameCheatDetector.cpp' kaynak dosyas─▒ derleniyor)
  
C:\ShadowStrike\ShadowStrike\src\Shared_modules\Core\Registry\SystemSettingsMonitor.cpp(344,17): error C2653: 'Logger': bir s─▒n─▒f veya ad alan─▒ ad─▒ de─şil [C:\ShadowStrike\ShadowStrike\ShadowStrike.vcxproj]
  ('/src/Shared_modules/Core/Registry/SystemSettingsMonitor.cpp' kaynak dosyas─▒ derleniyor)
  
C:\ShadowStrike\ShadowStrike\src\Shared_modules\Core\Registry\SystemSettingsMonitor.cpp(344,25): error C3861: 'Error': tan─▒mlay─▒c─▒ bulunamad─▒ [C:\ShadowStrike\ShadowStrike\ShadowStrike.vcxproj]
  ('/src/Shared_modules/Core/Registry/SystemSettingsMonitor.cpp' kaynak dosyas─▒ derleniyor)
  
C:\ShadowStrike\ShadowStrike\src\Shared_modules\Core\Registry\SystemSettingsMonitor.cpp(355,17): error C2653: 'Logger': bir s─▒n─▒f veya ad alan─▒ ad─▒ de─şil [C:\ShadowStrike\ShadowStrike\ShadowStrike.vcxproj]
  ('/src/Shared_modules/Core/Registry/SystemSettingsMonitor.cpp' kaynak dosyas─▒ derleniyor)
  
C:\ShadowStrike\ShadowStrike\src\Shared_modules\Core\Registry\SystemSettingsMonitor.cpp(355,25): error C3861: 'Error': tan─▒mlay─▒c─▒ bulunamad─▒ [C:\ShadowStrike\ShadowStrike\ShadowStrike.vcxproj]
  ('/src/Shared_modules/Core/Registry/SystemSettingsMonitor.cpp' kaynak dosyas─▒ derleniyor)
  
C:\ShadowStrike\ShadowStrike\src\Shared_modules\Core\System\DriverAnalyzer.cpp(233,30): error C2653: 'StringUtils': bir s─▒n─▒f veya ad alan─▒ ad─▒ de─şil [C:\ShadowStrike\ShadowStrike\ShadowStrike.vcxproj]
  ('/src/Shared_modules/Core/System/DriverAnalyzer.cpp' kaynak dosyas─▒ derleniyor)
  
C:\ShadowStrike\ShadowStrike\src\Shared_modules\Core\System\DriverAnalyzer.cpp(233,43): error C3861: 'ToLower': tan─▒mlay─▒c─▒ bulunamad─▒ [C:\ShadowStrike\ShadowStrike\ShadowStrike.vcxproj]
  ('/src/Shared_modules/Core/System/DriverAnalyzer.cpp' kaynak dosyas─▒ derleniyor)
  
C:\ShadowStrike\ShadowStrike\src\Products\PhantomEDR\Forensics\TimelineAnalyzer.hpp(140,10): error C1083: i├ğerme dosyas─▒ a├ğ─▒lam─▒yor: '../Utils/Logger.hpp': No such file or directory [C:\ShadowStrike\ShadowStrike\ShadowStrike.vcxproj]
  ('/src/Products/PhantomEDR/Forensics/TimelineAnalyzer.cpp' kaynak dosyas─▒ derleniyor)
  
C:\ShadowStrike\ShadowStrike\src\Shared_modules\Core\Registry\SystemSettingsMonitor.cpp(380,9): error C2653: 'Logger': bir s─▒n─▒f veya ad alan─▒ ad─▒ de─şil [C:\ShadowStrike\ShadowStrike\ShadowStrike.vcxproj]
  ('/src/Shared_modules/Core/Registry/SystemSettingsMonitor.cpp' kaynak dosyas─▒ derleniyor)
  
C:\ShadowStrike\ShadowStrike\src\Shared_modules\Core\Registry\SystemSettingsMonitor.cpp(380,17): error C3861: 'Info': tan─▒mlay─▒c─▒ bulunamad─▒ [C:\ShadowStrike\ShadowStrike\ShadowStrike.vcxproj]
  ('/src/Shared_modules/Core/Registry/SystemSettingsMonitor.cpp' kaynak dosyas─▒ derleniyor)
  
C:\ShadowStrike\ShadowStrike\src\Shared_modules\Core\System\DriverAnalyzer.cpp(259,30): error C2653: 'StringUtils': bir s─▒n─▒f veya ad alan─▒ ad─▒ de─şil [C:\ShadowStrike\ShadowStrike\ShadowStrike.vcxproj]
  ('/src/Shared_modules/Core/System/DriverAnalyzer.cpp' kaynak dosyas─▒ derleniyor)
  
C:\ShadowStrike\ShadowStrike\src\Shared_modules\Core\System\DriverAnalyzer.cpp(259,43): error C3861: 'ToLower': tan─▒mlay─▒c─▒ bulunamad─▒ [C:\ShadowStrike\ShadowStrike\ShadowStrike.vcxproj]
  ('/src/Shared_modules/Core/System/DriverAnalyzer.cpp' kaynak dosyas─▒ derleniyor)
  
C:\ShadowStrike\ShadowStrike\src\Shared_modules\Core\System\DriverAnalyzer.cpp(936,76): error C2653: 'HashUtils': bir s─▒n─▒f veya ad alan─▒ ad─▒ de─şil [C:\ShadowStrike\ShadowStrike\ShadowStrike.vcxproj]
  ('/src/Shared_modules/Core/System/DriverAnalyzer.cpp' kaynak dosyas─▒ derleniyor)
  
C:\ShadowStrike\ShadowStrike\src\Shared_modules\Core\System\DriverAnalyzer.cpp(936,87): error C2061: s├Âzdizimi hatas─▒: tan─▒mlay─▒c─▒ 'Algorithm' [C:\ShadowStrike\ShadowStrike\ShadowStrike.vcxproj]
  ('/src/Shared_modules/Core/System/DriverAnalyzer.cpp' kaynak dosyas─▒ derleniyor)
  
C:\ShadowStrike\ShadowStrike\src\Products\PhantomHome\GameMode\GameModeManager.hpp(119,10): error C1083: i├ğerme dosyas─▒ a├ğ─▒lam─▒yor: '../Utils/Logger.hpp': No such file or directory [C:\ShadowStrike\ShadowStrike\ShadowStrike.vcxproj]
  ('/src/Products/PhantomHome/GameMode/GameModeManager.cpp' kaynak dosyas─▒ derleniyor)
  
C:\ShadowStrike\ShadowStrike\src\Shared_modules\Core\System\EventLogger.cpp(1550,50): error C2039: 'WideToUtf8': bir 'ShadowStrike::Utils::StringUtils' ├╝yesi de─şil [C:\ShadowStrike\ShadowStrike\ShadowStrike.vcxproj]
  ('/src/Shared_modules/Core/System/EventLogger.cpp' kaynak dosyas─▒ derleniyor)
      C:\ShadowStrike\ShadowStrike\src\Shared_modules\Utils\StringUtils.hpp(63,19):
      'ShadowStrike::Utils::StringUtils' bildirimine bak─▒n
  
C:\ShadowStrike\ShadowStrike\src\Shared_modules\Core\System\EventLogger.cpp(1550,50): error C3861: 'WideToUtf8': tan─▒mlay─▒c─▒ bulunamad─▒ [C:\ShadowStrike\ShadowStrike\ShadowStrike.vcxproj]
  ('/src/Shared_modules/Core/System/EventLogger.cpp' kaynak dosyas─▒ derleniyor)
  
C:\ShadowStrike\ShadowStrike\src\Shared_modules\Core\System\EventLogger.cpp(1551,49): error C2039: 'WideToUtf8': bir 'ShadowStrike::Utils::StringUtils' ├╝yesi de─şil [C:\ShadowStrike\ShadowStrike\ShadowStrike.vcxproj]
  ('/src/Shared_modules/Core/System/EventLogger.cpp' kaynak dosyas─▒ derleniyor)
      C:\ShadowStrike\ShadowStrike\src\Shared_modules\Utils\StringUtils.hpp(63,19):
      'ShadowStrike::Utils::StringUtils' bildirimine bak─▒n
  
C:\ShadowStrike\ShadowStrike\src\Shared_modules\Core\System\EventLogger.cpp(1551,49): error C3861: 'WideToUtf8': tan─▒mlay─▒c─▒ bulunamad─▒ [C:\ShadowStrike\ShadowStrike\ShadowStrike.vcxproj]
  ('/src/Shared_modules/Core/System/EventLogger.cpp' kaynak dosyas─▒ derleniyor)
  
C:\ShadowStrike\ShadowStrike\src\Shared_modules\Core\System\EventLogger.cpp(1553,55): error C2039: 'WideToUtf8': bir 'ShadowStrike::Utils::StringUtils' ├╝yesi de─şil [C:\ShadowStrike\ShadowStrike\ShadowStrike.vcxproj]
  ('/src/Shared_modules/Core/System/EventLogger.cpp' kaynak dosyas─▒ derleniyor)
      C:\ShadowStrike\ShadowStrike\src\Shared_modules\Utils\StringUtils.hpp(63,19):
      'ShadowStrike::Utils::StringUtils' bildirimine bak─▒n
  
C:\ShadowStrike\ShadowStrike\src\Shared_modules\Core\System\EventLogger.cpp(1553,55): error C3861: 'WideToUtf8': tan─▒mlay─▒c─▒ bulunamad─▒ [C:\ShadowStrike\ShadowStrike\ShadowStrike.vcxproj]
  ('/src/Shared_modules/Core/System/EventLogger.cpp' kaynak dosyas─▒ derleniyor)
  
C:\ShadowStrike\ShadowStrike\src\Shared_modules\Core\System\DriverAnalyzer.cpp(342,13): error C2664: 'void ShadowStrike::Utils::Logger::LogEx(ShadowStrike::Utils::LogLevel,const wchar_t *,const wchar_t *,int,const wchar_t *,const wchar_t *,...)' : 2 ba─ş─▒ms─▒z de─şi┼şkeni 'const char [15]' de─şerinden 'const wchar_t *' de─şerine d├Ân├╝┼şt├╝r├╝lemez [C:\ShadowStrike\ShadowStrike\ShadowStrike.vcxproj]
  ('/src/Shared_modules/Core/System/DriverAnalyzer.cpp' kaynak dosyas─▒ derleniyor)
      C:\ShadowStrike\ShadowStrike\src\Shared_modules\Core\System\DriverAnalyzer.cpp(342,13):
      ─░┼şaretlenen t├╝rler ilgisiz; d├Ân├╝┼şt├╝rme reinterpret_cast, C stili t├╝r d├Ân├╝┼şt├╝rme veya parantez i├ğine al─▒nm─▒┼ş i┼şlev stili t├╝r d├Ân├╝┼şt├╝rme gerektiriyor
      C:\ShadowStrike\ShadowStrike\src\Shared_modules\Utils\Logger.hpp(207,9):
      'ShadowStrike::Utils::Logger::LogEx' bildirimine bak─▒n
      C:\ShadowStrike\ShadowStrike\src\Shared_modules\Core\System\DriverAnalyzer.cpp(342,13):
      '(ShadowStrike::Utils::LogLevel, const char [15], const wchar_t *, int, const wchar_t *, const char [56], const bool, const bool, const bool)' ba─ş─▒ms─▒z de─şi┼şken listesi e┼şlenmeye ├ğal─▒┼ş─▒l─▒rken
  
C:\ShadowStrike\ShadowStrike\src\Shared_modules\Core\System\EventLogger.cpp(1554,55): error C2039: 'WideToUtf8': bir 'ShadowStrike::Utils::StringUtils' ├╝yesi de─şil [C:\ShadowStrike\ShadowStrike\ShadowStrike.vcxproj]
  ('/src/Shared_modules/Core/System/EventLogger.cpp' kaynak dosyas─▒ derleniyor)
      C:\ShadowStrike\ShadowStrike\src\Shared_modules\Utils\StringUtils.hpp(63,19):
      'ShadowStrike::Utils::StringUtils' bildirimine bak─▒n
  
C:\ShadowStrike\ShadowStrike\src\Shared_modules\Core\System\EventLogger.cpp(1554,55): error C3861: 'WideToUtf8': tan─▒mlay─▒c─▒ bulunamad─▒ [C:\ShadowStrike\ShadowStrike\ShadowStrike.vcxproj]
  ('/src/Shared_modules/Core/System/EventLogger.cpp' kaynak dosyas─▒ derleniyor)
  
C:\ShadowStrike\ShadowStrike\src\Shared_modules\Core\System\DriverAnalyzer.cpp(348,13): error C2664: 'void ShadowStrike::Utils::Logger::LogEx(ShadowStrike::Utils::LogLevel,const wchar_t *,const wchar_t *,int,const wchar_t *,const wchar_t *,...)' : 2 ba─ş─▒ms─▒z de─şi┼şkeni 'const char [15]' de─şerinden 'const wchar_t *' de─şerine d├Ân├╝┼şt├╝r├╝lemez [C:\ShadowStrike\ShadowStrike\ShadowStrike.vcxproj]
  ('/src/Shared_modules/Core/System/DriverAnalyzer.cpp' kaynak dosyas─▒ derleniyor)
      C:\ShadowStrike\ShadowStrike\src\Shared_modules\Core\System\DriverAnalyzer.cpp(348,13):
      ─░┼şaretlenen t├╝rler ilgisiz; d├Ân├╝┼şt├╝rme reinterpret_cast, C stili t├╝r d├Ân├╝┼şt├╝rme veya parantez i├ğine al─▒nm─▒┼ş i┼şlev stili t├╝r d├Ân├╝┼şt├╝rme gerektiriyor
      C:\ShadowStrike\ShadowStrike\src\Shared_modules\Utils\Logger.hpp(207,9):
      'ShadowStrike::Utils::Logger::LogEx' bildirimine bak─▒n
      C:\ShadowStrike\ShadowStrike\src\Shared_modules\Core\System\DriverAnalyzer.cpp(348,13):
      '(ShadowStrike::Utils::LogLevel, const char [15], const wchar_t *, int, const wchar_t *, const char [26], const char *)' ba─ş─▒ms─▒z de─şi┼şken listesi e┼şlenmeye ├ğal─▒┼ş─▒l─▒rken
  
C:\ShadowStrike\ShadowStrike\src\Shared_modules\Core\System\DriverAnalyzer.cpp(361,13): error C2664: 'void ShadowStrike::Utils::Logger::LogEx(ShadowStrike::Utils::LogLevel,const wchar_t *,const wchar_t *,int,const wchar_t *,const wchar_t *,...)' : 2 ba─ş─▒ms─▒z de─şi┼şkeni 'const char [15]' de─şerinden 'const wchar_t *' de─şerine d├Ân├╝┼şt├╝r├╝lemez [C:\ShadowStrike\ShadowStrike\ShadowStrike.vcxproj]
  ('/src/Shared_modules/Core/System/DriverAnalyzer.cpp' kaynak dosyas─▒ derleniyor)
      C:\ShadowStrike\ShadowStrike\src\Shared_modules\Core\System\DriverAnalyzer.cpp(361,13):
      ─░┼şaretlenen t├╝rler ilgisiz; d├Ân├╝┼şt├╝rme reinterpret_cast, C stili t├╝r d├Ân├╝┼şt├╝rme veya parantez i├ğine al─▒nm─▒┼ş i┼şlev stili t├╝r d├Ân├╝┼şt├╝rme gerektiriyor
      C:\ShadowStrike\ShadowStrike\src\Shared_modules\Utils\Logger.hpp(207,9):
      'ShadowStrike::Utils::Logger::LogEx' bildirimine bak─▒n
      C:\ShadowStrike\ShadowStrike\src\Shared_modules\Core\System\DriverAnalyzer.cpp(361,13):
      '(ShadowStrike::Utils::LogLevel, const char [15], const wchar_t *, int, const wchar_t *, const char [18])' ba─ş─▒ms─▒z de─şi┼şken listesi e┼şlenmeye ├ğal─▒┼ş─▒l─▒rken
  
C:\ShadowStrike\ShadowStrike\src\Shared_modules\Core\System\DriverAnalyzer.cpp(385,17): error C2664: 'void ShadowStrike::Utils::Logger::LogEx(ShadowStrike::Utils::LogLevel,const wchar_t *,const wchar_t *,int,const wchar_t *,const wchar_t *,...)' : 2 ba─ş─▒ms─▒z de─şi┼şkeni 'const char [15]' de─şerinden 'const wchar_t *' de─şerine d├Ân├╝┼şt├╝r├╝lemez [C:\ShadowStrike\ShadowStrike\ShadowStrike.vcxproj]
  ('/src/Shared_modules/Core/System/DriverAnalyzer.cpp' kaynak dosyas─▒ derleniyor)
      C:\ShadowStrike\ShadowStrike\src\Shared_modules\Core\System\DriverAnalyzer.cpp(385,17):
      ─░┼şaretlenen t├╝rler ilgisiz; d├Ân├╝┼şt├╝rme reinterpret_cast, C stili t├╝r d├Ân├╝┼şt├╝rme veya parantez i├ğine al─▒nm─▒┼ş i┼şlev stili t├╝r d├Ân├╝┼şt├╝rme gerektiriyor
      C:\ShadowStrike\ShadowStrike\src\Shared_modules\Utils\Logger.hpp(207,9):
      'ShadowStrike::Utils::Logger::LogEx' bildirimine bak─▒n
      C:\ShadowStrike\ShadowStrike\src\Shared_modules\Core\System\DriverAnalyzer.cpp(385,17):
      '(ShadowStrike::Utils::LogLevel, const char [15], const wchar_t *, int, const wchar_t *, const char [39], DWORD)' ba─ş─▒ms─▒z de─şi┼şken listesi e┼şlenmeye ├ğal─▒┼ş─▒l─▒rken
  
C:\ShadowStrike\ShadowStrike\src\Shared_modules\Core\System\DriverAnalyzer.cpp(391,17): error C2664: 'void ShadowStrike::Utils::Logger::LogEx(ShadowStrike::Utils::LogLevel,const wchar_t *,const wchar_t *,int,const wchar_t *,const wchar_t *,...)' : 2 ba─ş─▒ms─▒z de─şi┼şkeni 'const char [15]' de─şerinden 'const wchar_t *' de─şerine d├Ân├╝┼şt├╝r├╝lemez [C:\ShadowStrike\ShadowStrike\ShadowStrike.vcxproj]
  ('/src/Shared_modules/Core/System/DriverAnalyzer.cpp' kaynak dosyas─▒ derleniyor)
      C:\ShadowStrike\ShadowStrike\src\Shared_modules\Core\System\DriverAnalyzer.cpp(391,17):
      ─░┼şaretlenen t├╝rler ilgisiz; d├Ân├╝┼şt├╝rme reinterpret_cast, C stili t├╝r d├Ân├╝┼şt├╝rme veya parantez i├ğine al─▒nm─▒┼ş i┼şlev stili t├╝r d├Ân├╝┼şt├╝rme gerektiriyor
      C:\ShadowStrike\ShadowStrike\src\Shared_modules\Utils\Logger.hpp(207,9):
      'ShadowStrike::Utils::Logger::LogEx' bildirimine bak─▒n
      C:\ShadowStrike\ShadowStrike\src\Shared_modules\Core\System\DriverAnalyzer.cpp(391,17):
      '(ShadowStrike::Utils::LogLevel, const char [15], const wchar_t *, int, const wchar_t *, const char [53], DWORD, size_t)' ba─ş─▒ms─▒z de─şi┼şken listesi e┼şlenmeye ├ğal─▒┼ş─▒l─▒rken
  
C:\ShadowStrike\ShadowStrike\src\Shared_modules\Core\System\DriverAnalyzer.cpp(397,17): error C2664: 'void ShadowStrike::Utils::Logger::LogEx(ShadowStrike::Utils::LogLevel,const wchar_t *,const wchar_t *,int,const wchar_t *,const wchar_t *,...)' : 2 ba─ş─▒ms─▒z de─şi┼şkeni 'const char [15]' de─şerinden 'const wchar_t *' de─şerine d├Ân├╝┼şt├╝r├╝lemez [C:\ShadowStrike\ShadowStrike\ShadowStrike.vcxproj]
  ('/src/Shared_modules/Core/System/DriverAnalyzer.cpp' kaynak dosyas─▒ derleniyor)
      C:\ShadowStrike\ShadowStrike\src\Shared_modules\Core\System\DriverAnalyzer.cpp(397,17):
      ─░┼şaretlenen t├╝rler ilgisiz; d├Ân├╝┼şt├╝rme reinterpret_cast, C stili t├╝r d├Ân├╝┼şt├╝rme veya parantez i├ğine al─▒nm─▒┼ş i┼şlev stili t├╝r d├Ân├╝┼şt├╝rme gerektiriyor
      C:\ShadowStrike\ShadowStrike\src\Shared_modules\Utils\Logger.hpp(207,9):
      'ShadowStrike::Utils::Logger::LogEx' bildirimine bak─▒n
      C:\ShadowStrike\ShadowStrike\src\Shared_modules\Core\System\DriverAnalyzer.cpp(397,17):
      '(ShadowStrike::Utils::LogLevel, const char [15], const wchar_t *, int, const wchar_t *, const char [49], DWORD)' ba─ş─▒ms─▒z de─şi┼şken listesi e┼şlenmeye ├ğal─▒┼ş─▒l─▒rken
  
C:\ShadowStrike\ShadowStrike\src\Shared_modules\Core\System\DriverAnalyzer.cpp(405,17): error C2664: 'void ShadowStrike::Utils::Logger::LogEx(ShadowStrike::Utils::LogLevel,const wchar_t *,const wchar_t *,int,const wchar_t *,const wchar_t *,...)' : 2 ba─ş─▒ms─▒z de─şi┼şkeni 'const char [15]' de─şerinden 'const wchar_t *' de─şerine d├Ân├╝┼şt├╝r├╝lemez [C:\ShadowStrike\ShadowStrike\ShadowStrike.vcxproj]
  ('/src/Shared_modules/Core/System/DriverAnalyzer.cpp' kaynak dosyas─▒ derleniyor)
      C:\ShadowStrike\ShadowStrike\src\Shared_modules\Core\System\DriverAnalyzer.cpp(405,17):
      ─░┼şaretlenen t├╝rler ilgisiz; d├Ân├╝┼şt├╝rme reinterpret_cast, C stili t├╝r d├Ân├╝┼şt├╝rme veya parantez i├ğine al─▒nm─▒┼ş i┼şlev stili t├╝r d├Ân├╝┼şt├╝rme gerektiriyor
      C:\ShadowStrike\ShadowStrike\src\Shared_modules\Utils\Logger.hpp(207,9):
      'ShadowStrike::Utils::Logger::LogEx' bildirimine bak─▒n
      C:\ShadowStrike\ShadowStrike\src\Shared_modules\Core\System\DriverAnalyzer.cpp(405,17):
      '(ShadowStrike::Utils::LogLevel, const char [15], const wchar_t *, int, const wchar_t *, const char [48], uint32_t, const uint32_t)' ba─ş─▒ms─▒z de─şi┼şken listesi e┼şlenmeye ├ğal─▒┼ş─▒l─▒rken
  
C:\ShadowStrike\ShadowStrike\src\Shared_modules\Core\System\DriverAnalyzer.cpp(426,13): error C2664: 'void ShadowStrike::Utils::Logger::LogEx(ShadowStrike::Utils::LogLevel,const wchar_t *,const wchar_t *,int,const wchar_t *,const wchar_t *,...)' : 2 ba─ş─▒ms─▒z de─şi┼şkeni 'const char [15]' de─şerinden 'const wchar_t *' de─şerine d├Ân├╝┼şt├╝r├╝lemez [C:\ShadowStrike\ShadowStrike\ShadowStrike.vcxproj]
  ('/src/Shared_modules/Core/System/DriverAnalyzer.cpp' kaynak dosyas─▒ derleniyor)
      C:\ShadowStrike\ShadowStrike\src\Shared_modules\Core\System\DriverAnalyzer.cpp(426,13):
      ─░┼şaretlenen t├╝rler ilgisiz; d├Ân├╝┼şt├╝rme reinterpret_cast, C stili t├╝r d├Ân├╝┼şt├╝rme veya parantez i├ğine al─▒nm─▒┼ş i┼şlev stili t├╝r d├Ân├╝┼şt├╝rme gerektiriyor
      C:\ShadowStrike\ShadowStrike\src\Shared_modules\Utils\Logger.hpp(207,9):
      'ShadowStrike::Utils::Logger::LogEx' bildirimine bak─▒n
      C:\ShadowStrike\ShadowStrike\src\Shared_modules\Core\System\DriverAnalyzer.cpp(426,13):
      '(ShadowStrike::Utils::LogLevel, const char [15], const wchar_t *, int, const wchar_t *, const char [22], unsigned __int64)' ba─ş─▒ms─▒z de─şi┼şken listesi e┼şlenmeye ├ğal─▒┼ş─▒l─▒rken
  
C:\ShadowStrike\ShadowStrike\src\Shared_modules\Core\Registry\SystemSettingsMonitor.cpp(490,9): error C2653: 'Logger': bir s─▒n─▒f veya ad alan─▒ ad─▒ de─şil [C:\ShadowStrike\ShadowStrike\ShadowStrike.vcxproj]
  ('/src/Shared_modules/Core/Registry/SystemSettingsMonitor.cpp' kaynak dosyas─▒ derleniyor)
  
C:\ShadowStrike\ShadowStrike\src\Shared_modules\Core\Registry\SystemSettingsMonitor.cpp(490,17): error C3861: 'Warn': tan─▒mlay─▒c─▒ bulunamad─▒ [C:\ShadowStrike\ShadowStrike\ShadowStrike.vcxproj]
  ('/src/Shared_modules/Core/Registry/SystemSettingsMonitor.cpp' kaynak dosyas─▒ derleniyor)
  
C:\ShadowStrike\ShadowStrike\src\Shared_modules\Core\System\DriverAnalyzer.cpp(429,13): error C2664: 'void ShadowStrike::Utils::Logger::LogEx(ShadowStrike::Utils::LogLevel,const wchar_t *,const wchar_t *,int,const wchar_t *,const wchar_t *,...)' : 2 ba─ş─▒ms─▒z de─şi┼şkeni 'const char [15]' de─şerinden 'const wchar_t *' de─şerine d├Ân├╝┼şt├╝r├╝lemez [C:\ShadowStrike\ShadowStrike\ShadowStrike.vcxproj]
  ('/src/Shared_modules/Core/System/DriverAnalyzer.cpp' kaynak dosyas─▒ derleniyor)
      C:\ShadowStrike\ShadowStrike\src\Shared_modules\Core\System\DriverAnalyzer.cpp(429,13):
      ─░┼şaretlenen t├╝rler ilgisiz; d├Ân├╝┼şt├╝rme reinterpret_cast, C stili t├╝r d├Ân├╝┼şt├╝rme veya parantez i├ğine al─▒nm─▒┼ş i┼şlev stili t├╝r d├Ân├╝┼şt├╝rme gerektiriyor
      C:\ShadowStrike\ShadowStrike\src\Shared_modules\Utils\Logger.hpp(207,9):
      'ShadowStrike::Utils::Logger::LogEx' bildirimine bak─▒n
      C:\ShadowStrike\ShadowStrike\src\Shared_modules\Core\System\DriverAnalyzer.cpp(429,13):
      '(ShadowStrike::Utils::LogLevel, const char [15], const wchar_t *, int, const wchar_t *, const char [31], const char *)' ba─ş─▒ms─▒z de─şi┼şken listesi e┼şlenmeye ├ğal─▒┼ş─▒l─▒rken
  
C:\ShadowStrike\ShadowStrike\src\Shared_modules\Core\System\DriverAnalyzer.cpp(451,17): error C2664: 'void ShadowStrike::Utils::Logger::LogEx(ShadowStrike::Utils::LogLevel,const wchar_t *,const wchar_t *,int,const wchar_t *,const wchar_t *,...)' : 2 ba─ş─▒ms─▒z de─şi┼şkeni 'const char [15]' de─şerinden 'const wchar_t *' de─şerine d├Ân├╝┼şt├╝r├╝lemez [C:\ShadowStrike\ShadowStrike\ShadowStrike.vcxproj]
  ('/src/Shared_modules/Core/System/DriverAnalyzer.cpp' kaynak dosyas─▒ derleniyor)
      C:\ShadowStrike\ShadowStrike\src\Shared_modules\Core\System\DriverAnalyzer.cpp(451,17):
      ─░┼şaretlenen t├╝rler ilgisiz; d├Ân├╝┼şt├╝rme reinterpret_cast, C stili t├╝r d├Ân├╝┼şt├╝rme veya parantez i├ğine al─▒nm─▒┼ş i┼şlev stili t├╝r d├Ân├╝┼şt├╝rme gerektiriyor
      C:\ShadowStrike\ShadowStrike\src\Shared_modules\Utils\Logger.hpp(207,9):
      'ShadowStrike::Utils::Logger::LogEx' bildirimine bak─▒n
      C:\ShadowStrike\ShadowStrike\src\Shared_modules\Core\System\DriverAnalyzer.cpp(451,17):
      '(ShadowStrike::Utils::LogLevel, const char [15], const wchar_t *, int, const wchar_t *, const char [44])' ba─ş─▒ms─▒z de─şi┼şken listesi e┼şlenmeye ├ğal─▒┼ş─▒l─▒rken
  
C:\ShadowStrike\ShadowStrike\src\Shared_modules\Core\System\DriverAnalyzer.cpp(458,48): error C2653: 'StringUtils': bir s─▒n─▒f veya ad alan─▒ ad─▒ de─şil [C:\ShadowStrike\ShadowStrike\ShadowStrike.vcxproj]
  ('/src/Shared_modules/Core/System/DriverAnalyzer.cpp' kaynak dosyas─▒ derleniyor)
  
C:\ShadowStrike\ShadowStrike\src\Shared_modules\Core\System\DriverAnalyzer.cpp(458,61): error C3861: 'ToLower': tan─▒mlay─▒c─▒ bulunamad─▒ [C:\ShadowStrike\ShadowStrike\ShadowStrike.vcxproj]
  ('/src/Shared_modules/Core/System/DriverAnalyzer.cpp' kaynak dosyas─▒ derleniyor)
  
C:\ShadowStrike\ShadowStrike\src\Shared_modules\Core\System\DriverAnalyzer.cpp(459,48): error C2653: 'StringUtils': bir s─▒n─▒f veya ad alan─▒ ad─▒ de─şil [C:\ShadowStrike\ShadowStrike\ShadowStrike.vcxproj]
  ('/src/Shared_modules/Core/System/DriverAnalyzer.cpp' kaynak dosyas─▒ derleniyor)
  
C:\ShadowStrike\ShadowStrike\src\Shared_modules\Core\System\DriverAnalyzer.cpp(459,61): error C3861: 'ToLower': tan─▒mlay─▒c─▒ bulunamad─▒ [C:\ShadowStrike\ShadowStrike\ShadowStrike.vcxproj]
  ('/src/Shared_modules/Core/System/DriverAnalyzer.cpp' kaynak dosyas─▒ derleniyor)
  
C:\ShadowStrike\ShadowStrike\src\Shared_modules\Core\System\DriverAnalyzer.cpp(467,13): error C2664: 'void ShadowStrike::Utils::Logger::LogEx(ShadowStrike::Utils::LogLevel,const wchar_t *,const wchar_t *,int,const wchar_t *,const wchar_t *,...)' : 2 ba─ş─▒ms─▒z de─şi┼şkeni 'const char [15]' de─şerinden 'const wchar_t *' de─şerine d├Ân├╝┼şt├╝r├╝lemez [C:\ShadowStrike\ShadowStrike\ShadowStrike.vcxproj]
  ('/src/Shared_modules/Core/System/DriverAnalyzer.cpp' kaynak dosyas─▒ derleniyor)
      C:\ShadowStrike\ShadowStrike\src\Shared_modules\Core\System\DriverAnalyzer.cpp(467,13):
      ─░┼şaretlenen t├╝rler ilgisiz; d├Ân├╝┼şt├╝rme reinterpret_cast, C stili t├╝r d├Ân├╝┼şt├╝rme veya parantez i├ğine al─▒nm─▒┼ş i┼şlev stili t├╝r d├Ân├╝┼şt├╝rme gerektiriyor
      C:\ShadowStrike\ShadowStrike\src\Shared_modules\Utils\Logger.hpp(207,9):
      'ShadowStrike::Utils::Logger::LogEx' bildirimine bak─▒n
      C:\ShadowStrike\ShadowStrike\src\Shared_modules\Core\System\DriverAnalyzer.cpp(467,13):
      '(ShadowStrike::Utils::LogLevel, const char [15], const wchar_t *, int, const wchar_t *, const char [28], const char *)' ba─ş─▒ms─▒z de─şi┼şken listesi e┼şlenmeye ├ğal─▒┼ş─▒l─▒rken
  
C:\ShadowStrike\ShadowStrike\src\Shared_modules\Core\System\DriverAnalyzer.cpp(485,13): error C2664: 'void ShadowStrike::Utils::Logger::LogEx(ShadowStrike::Utils::LogLevel,const wchar_t *,const wchar_t *,int,const wchar_t *,const wchar_t *,...)' : 2 ba─ş─▒ms─▒z de─şi┼şkeni 'const char [15]' de─şerinden 'const wchar_t *' de─şerine d├Ân├╝┼şt├╝r├╝lemez [C:\ShadowStrike\ShadowStrike\ShadowStrike.vcxproj]
  ('/src/Shared_modules/Core/System/DriverAnalyzer.cpp' kaynak dosyas─▒ derleniyor)
      C:\ShadowStrike\ShadowStrike\src\Shared_modules\Core\System\DriverAnalyzer.cpp(485,13):
      ─░┼şaretlenen t├╝rler ilgisiz; d├Ân├╝┼şt├╝rme reinterpret_cast, C stili t├╝r d├Ân├╝┼şt├╝rme veya parantez i├ğine al─▒nm─▒┼ş i┼şlev stili t├╝r d├Ân├╝┼şt├╝rme gerektiriyor
      C:\ShadowStrike\ShadowStrike\src\Shared_modules\Utils\Logger.hpp(207,9):
      'ShadowStrike::Utils::Logger::LogEx' bildirimine bak─▒n
      C:\ShadowStrike\ShadowStrike\src\Shared_modules\Core\System\DriverAnalyzer.cpp(485,13):
      '(ShadowStrike::Utils::LogLevel, const char [15], const wchar_t *, int, const wchar_t *, const char [33], const char *)' ba─ş─▒ms─▒z de─şi┼şken listesi e┼şlenmeye ├ğal─▒┼ş─▒l─▒rken
  
C:\ShadowStrike\ShadowStrike\src\Shared_modules\Core\System\DriverAnalyzer.cpp(553,13): error C2664: 'void ShadowStrike::Utils::Logger::LogEx(ShadowStrike::Utils::LogLevel,const wchar_t *,const wchar_t *,int,const wchar_t *,const wchar_t *,...)' : 2 ba─ş─▒ms─▒z de─şi┼şkeni 'const char [15]' de─şerinden 'const wchar_t *' de─şerine d├Ân├╝┼şt├╝r├╝lemez [C:\ShadowStrike\ShadowStrike\ShadowStrike.vcxproj]
  ('/src/Shared_modules/Core/System/DriverAnalyzer.cpp' kaynak dosyas─▒ derleniyor)
      C:\ShadowStrike\ShadowStrike\src\Shared_modules\Core\System\DriverAnalyzer.cpp(553,13):
      ─░┼şaretlenen t├╝rler ilgisiz; d├Ân├╝┼şt├╝rme reinterpret_cast, C stili t├╝r d├Ân├╝┼şt├╝rme veya parantez i├ğine al─▒nm─▒┼ş i┼şlev stili t├╝r d├Ân├╝┼şt├╝rme gerektiriyor
      C:\ShadowStrike\ShadowStrike\src\Shared_modules\Utils\Logger.hpp(207,9):
      'ShadowStrike::Utils::Logger::LogEx' bildirimine bak─▒n
      C:\ShadowStrike\ShadowStrike\src\Shared_modules\Core\System\DriverAnalyzer.cpp(553,13):
      '(ShadowStrike::Utils::LogLevel, const char [15], const wchar_t *, int, const wchar_t *, const char [30], const char *)' ba─ş─▒ms─▒z de─şi┼şken listesi e┼şlenmeye ├ğal─▒┼ş─▒l─▒rken
  
C:\ShadowStrike\ShadowStrike\src\Shared_modules\Core\System\DriverAnalyzer.cpp(571,13): error C2664: 'void ShadowStrike::Utils::Logger::LogEx(ShadowStrike::Utils::LogLevel,const wchar_t *,const wchar_t *,int,const wchar_t *,const wchar_t *,...)' : 2 ba─ş─▒ms─▒z de─şi┼şkeni 'const char [15]' de─şerinden 'const wchar_t *' de─şerine d├Ân├╝┼şt├╝r├╝lemez [C:\ShadowStrike\ShadowStrike\ShadowStrike.vcxproj]
  ('/src/Shared_modules/Core/System/DriverAnalyzer.cpp' kaynak dosyas─▒ derleniyor)
      C:\ShadowStrike\ShadowStrike\src\Shared_modules\Core\System\DriverAnalyzer.cpp(571,13):
      ─░┼şaretlenen t├╝rler ilgisiz; d├Ân├╝┼şt├╝rme reinterpret_cast, C stili t├╝r d├Ân├╝┼şt├╝rme veya parantez i├ğine al─▒nm─▒┼ş i┼şlev stili t├╝r d├Ân├╝┼şt├╝rme gerektiriyor
      C:\ShadowStrike\ShadowStrike\src\Shared_modules\Utils\Logger.hpp(207,9):
      'ShadowStrike::Utils::Logger::LogEx' bildirimine bak─▒n
      C:\ShadowStrike\ShadowStrike\src\Shared_modules\Core\System\DriverAnalyzer.cpp(571,13):
      '(ShadowStrike::Utils::LogLevel, const char [15], const wchar_t *, int, const wchar_t *, const char [33], const char *)' ba─ş─▒ms─▒z de─şi┼şken listesi e┼şlenmeye ├ğal─▒┼ş─▒l─▒rken
  
C:\ShadowStrike\ShadowStrike\src\Shared_modules\Core\System\DriverAnalyzer.cpp(590,13): error C2664: 'void ShadowStrike::Utils::Logger::LogEx(ShadowStrike::Utils::LogLevel,const wchar_t *,const wchar_t *,int,const wchar_t *,const wchar_t *,...)' : 2 ba─ş─▒ms─▒z de─şi┼şkeni 'const char [15]' de─şerinden 'const wchar_t *' de─şerine d├Ân├╝┼şt├╝r├╝lemez [C:\ShadowStrike\ShadowStrike\ShadowStrike.vcxproj]
  ('/src/Shared_modules/Core/System/DriverAnalyzer.cpp' kaynak dosyas─▒ derleniyor)
      C:\ShadowStrike\ShadowStrike\src\Shared_modules\Core\System\DriverAnalyzer.cpp(590,13):
      ─░┼şaretlenen t├╝rler ilgisiz; d├Ân├╝┼şt├╝rme reinterpret_cast, C stili t├╝r d├Ân├╝┼şt├╝rme veya parantez i├ğine al─▒nm─▒┼ş i┼şlev stili t├╝r d├Ân├╝┼şt├╝rme gerektiriyor
      C:\ShadowStrike\ShadowStrike\src\Shared_modules\Utils\Logger.hpp(207,9):
      'ShadowStrike::Utils::Logger::LogEx' bildirimine bak─▒n
      C:\ShadowStrike\ShadowStrike\src\Shared_modules\Core\System\DriverAnalyzer.cpp(590,13):
      '(ShadowStrike::Utils::LogLevel, const char [15], const wchar_t *, int, const wchar_t *, const char [35], const char *)' ba─ş─▒ms─▒z de─şi┼şken listesi e┼şlenmeye ├ğal─▒┼ş─▒l─▒rken
  
C:\ShadowStrike\ShadowStrike\src\Shared_modules\Core\Registry\SystemSettingsMonitor.cpp(555,13): error C2653: 'Logger': bir s─▒n─▒f veya ad alan─▒ ad─▒ de─şil [C:\ShadowStrike\ShadowStrike\ShadowStrike.vcxproj]
  ('/src/Shared_modules/Core/Registry/SystemSettingsMonitor.cpp' kaynak dosyas─▒ derleniyor)
  
C:\ShadowStrike\ShadowStrike\src\Shared_modules\Core\Registry\SystemSettingsMonitor.cpp(555,21): error C3861: 'Info': tan─▒mlay─▒c─▒ bulunamad─▒ [C:\ShadowStrike\ShadowStrike\ShadowStrike.vcxproj]
  ('/src/Shared_modules/Core/Registry/SystemSettingsMonitor.cpp' kaynak dosyas─▒ derleniyor)
  
C:\ShadowStrike\ShadowStrike\src\Shared_modules\Core\Registry\SystemSettingsMonitor.cpp(576,13): error C2653: 'Logger': bir s─▒n─▒f veya ad alan─▒ ad─▒ de─şil [C:\ShadowStrike\ShadowStrike\ShadowStrike.vcxproj]
  ('/src/Shared_modules/Core/Registry/SystemSettingsMonitor.cpp' kaynak dosyas─▒ derleniyor)
  
C:\ShadowStrike\ShadowStrike\src\Shared_modules\Core\Registry\SystemSettingsMonitor.cpp(576,21): error C3861: 'Info': tan─▒mlay─▒c─▒ bulunamad─▒ [C:\ShadowStrike\ShadowStrike\ShadowStrike.vcxproj]
  ('/src/Shared_modules/Core/Registry/SystemSettingsMonitor.cpp' kaynak dosyas─▒ derleniyor)
  
C:\ShadowStrike\ShadowStrike\src\Shared_modules\Core\Registry\SystemSettingsMonitor.cpp(580,13): error C2653: 'Logger': bir s─▒n─▒f veya ad alan─▒ ad─▒ de─şil [C:\ShadowStrike\ShadowStrike\ShadowStrike.vcxproj]
  ('/src/Shared_modules/Core/Registry/SystemSettingsMonitor.cpp' kaynak dosyas─▒ derleniyor)
  
C:\ShadowStrike\ShadowStrike\src\Shared_modules\Core\Registry\SystemSettingsMonitor.cpp(580,21): error C3861: 'Error': tan─▒mlay─▒c─▒ bulunamad─▒ [C:\ShadowStrike\ShadowStrike\ShadowStrike.vcxproj]
  ('/src/Shared_modules/Core/Registry/SystemSettingsMonitor.cpp' kaynak dosyas─▒ derleniyor)
  
C:\ShadowStrike\ShadowStrike\src\Shared_modules\Core\System\DriverAnalyzer.cpp(644,13): error C2664: 'void ShadowStrike::Utils::Logger::LogEx(ShadowStrike::Utils::LogLevel,const wchar_t *,const wchar_t *,int,const wchar_t *,const wchar_t *,...)' : 2 ba─ş─▒ms─▒z de─şi┼şkeni 'const char [15]' de─şerinden 'const wchar_t *' de─şerine d├Ân├╝┼şt├╝r├╝lemez [C:\ShadowStrike\ShadowStrike\ShadowStrike.vcxproj]
  ('/src/Shared_modules/Core/System/DriverAnalyzer.cpp' kaynak dosyas─▒ derleniyor)
      C:\ShadowStrike\ShadowStrike\src\Shared_modules\Core\System\DriverAnalyzer.cpp(644,13):
      ─░┼şaretlenen t├╝rler ilgisiz; d├Ân├╝┼şt├╝rme reinterpret_cast, C stili t├╝r d├Ân├╝┼şt├╝rme veya parantez i├ğine al─▒nm─▒┼ş i┼şlev stili t├╝r d├Ân├╝┼şt├╝rme gerektiriyor
      C:\ShadowStrike\ShadowStrike\src\Shared_modules\Utils\Logger.hpp(207,9):
      'ShadowStrike::Utils::Logger::LogEx' bildirimine bak─▒n
      C:\ShadowStrike\ShadowStrike\src\Shared_modules\Core\System\DriverAnalyzer.cpp(644,13):
      '(ShadowStrike::Utils::LogLevel, const char [15], const wchar_t *, int, const wchar_t *, const char [30], const char *)' ba─ş─▒ms─▒z de─şi┼şken listesi e┼şlenmeye ├ğal─▒┼ş─▒l─▒rken
  
C:\ShadowStrike\ShadowStrike\src\Products\PhantomEDR\Forensics\EvidenceCollector.hpp(151,10): error C1083: i├ğerme dosyas─▒ a├ğ─▒lam─▒yor: '../Utils/Logger.hpp': No such file or directory [C:\ShadowStrike\ShadowStrike\ShadowStrike.vcxproj]
  ('/src/Products/PhantomEDR/Forensics/EvidenceCollector.cpp' kaynak dosyas─▒ derleniyor)
  
C:\ShadowStrike\ShadowStrike\src\Shared_modules\Core\System\DriverAnalyzer.cpp(679,13): error C2664: 'void ShadowStrike::Utils::Logger::LogEx(ShadowStrike::Utils::LogLevel,const wchar_t *,const wchar_t *,int,const wchar_t *,const wchar_t *,...)' : 2 ba─ş─▒ms─▒z de─şi┼şkeni 'const char [15]' de─şerinden 'const wchar_t *' de─şerine d├Ân├╝┼şt├╝r├╝lemez [C:\ShadowStrike\ShadowStrike\ShadowStrike.vcxproj]
  ('/src/Shared_modules/Core/System/DriverAnalyzer.cpp' kaynak dosyas─▒ derleniyor)
      C:\ShadowStrike\ShadowStrike\src\Shared_modules\Core\System\DriverAnalyzer.cpp(679,13):
      ─░┼şaretlenen t├╝rler ilgisiz; d├Ân├╝┼şt├╝rme reinterpret_cast, C stili t├╝r d├Ân├╝┼şt├╝rme veya parantez i├ğine al─▒nm─▒┼ş i┼şlev stili t├╝r d├Ân├╝┼şt├╝rme gerektiriyor
      C:\ShadowStrike\ShadowStrike\src\Shared_modules\Utils\Logger.hpp(207,9):
      'ShadowStrike::Utils::Logger::LogEx' bildirimine bak─▒n
      C:\ShadowStrike\ShadowStrike\src\Shared_modules\Core\System\DriverAnalyzer.cpp(679,13):
      '(ShadowStrike::Utils::LogLevel, const char [15], const wchar_t *, int, const wchar_t *, const char [99])' ba─ş─▒ms─▒z de─şi┼şken listesi e┼şlenmeye ├ğal─▒┼ş─▒l─▒rken
  
C:\ShadowStrike\ShadowStrike\src\Shared_modules\Core\System\DriverAnalyzer.cpp(683,13): error C2664: 'void ShadowStrike::Utils::Logger::LogEx(ShadowStrike::Utils::LogLevel,const wchar_t *,const wchar_t *,int,const wchar_t *,const wchar_t *,...)' : 2 ba─ş─▒ms─▒z de─şi┼şkeni 'const char [15]' de─şerinden 'const wchar_t *' de─şerine d├Ân├╝┼şt├╝r├╝lemez [C:\ShadowStrike\ShadowStrike\ShadowStrike.vcxproj]
  ('/src/Shared_modules/Core/System/DriverAnalyzer.cpp' kaynak dosyas─▒ derleniyor)
      C:\ShadowStrike\ShadowStrike\src\Shared_modules\Core\System\DriverAnalyzer.cpp(683,13):
      ─░┼şaretlenen t├╝rler ilgisiz; d├Ân├╝┼şt├╝rme reinterpret_cast, C stili t├╝r d├Ân├╝┼şt├╝rme veya parantez i├ğine al─▒nm─▒┼ş i┼şlev stili t├╝r d├Ân├╝┼şt├╝rme gerektiriyor
      C:\ShadowStrike\ShadowStrike\src\Shared_modules\Utils\Logger.hpp(207,9):
      'ShadowStrike::Utils::Logger::LogEx' bildirimine bak─▒n
      C:\ShadowStrike\ShadowStrike\src\Shared_modules\Core\System\DriverAnalyzer.cpp(683,13):
      '(ShadowStrike::Utils::LogLevel, const char [15], const wchar_t *, int, const wchar_t *, const char [37], const char *)' ba─ş─▒ms─▒z de─şi┼şken listesi e┼şlenmeye ├ğal─▒┼ş─▒l─▒rken
  
C:\ShadowStrike\ShadowStrike\src\Shared_modules\Core\System\EventLogger.cpp(1596,56): error C2039: 'WideToUtf8': bir 'ShadowStrike::Utils::StringUtils' ├╝yesi de─şil [C:\ShadowStrike\ShadowStrike\ShadowStrike.vcxproj]
  ('/src/Shared_modules/Core/System/EventLogger.cpp' kaynak dosyas─▒ derleniyor)
      C:\ShadowStrike\ShadowStrike\src\Shared_modules\Utils\StringUtils.hpp(63,19):
      'ShadowStrike::Utils::StringUtils' bildirimine bak─▒n
  
C:\ShadowStrike\ShadowStrike\src\Shared_modules\Core\System\EventLogger.cpp(1596,56): error C3861: 'WideToUtf8': tan─▒mlay─▒c─▒ bulunamad─▒ [C:\ShadowStrike\ShadowStrike\ShadowStrike.vcxproj]
  ('/src/Shared_modules/Core/System/EventLogger.cpp' kaynak dosyas─▒ derleniyor)
  
C:\ShadowStrike\ShadowStrike\src\Shared_modules\Core\System\DriverAnalyzer.cpp(698,17): error C2653: 'StringUtils': bir s─▒n─▒f veya ad alan─▒ ad─▒ de─şil [C:\ShadowStrike\ShadowStrike\ShadowStrike.vcxproj]
  ('/src/Shared_modules/Core/System/DriverAnalyzer.cpp' kaynak dosyas─▒ derleniyor)
  
C:\ShadowStrike\ShadowStrike\src\Shared_modules\Core\System\DriverAnalyzer.cpp(698,17): error C3861: 'WideToUtf8': tan─▒mlay─▒c─▒ bulunamad─▒ [C:\ShadowStrike\ShadowStrike\ShadowStrike.vcxproj]
  ('/src/Shared_modules/Core/System/DriverAnalyzer.cpp' kaynak dosyas─▒ derleniyor)
  
C:\ShadowStrike\ShadowStrike\src\Shared_modules\Core\System\EventLogger.cpp(1597,56): error C2039: 'WideToUtf8': bir 'ShadowStrike::Utils::StringUtils' ├╝yesi de─şil [C:\ShadowStrike\ShadowStrike\ShadowStrike.vcxproj]
  ('/src/Shared_modules/Core/System/EventLogger.cpp' kaynak dosyas─▒ derleniyor)
      C:\ShadowStrike\ShadowStrike\src\Shared_modules\Utils\StringUtils.hpp(63,19):
      'ShadowStrike::Utils::StringUtils' bildirimine bak─▒n
  
C:\ShadowStrike\ShadowStrike\src\Shared_modules\Core\System\EventLogger.cpp(1597,56): error C3861: 'WideToUtf8': tan─▒mlay─▒c─▒ bulunamad─▒ [C:\ShadowStrike\ShadowStrike\ShadowStrike.vcxproj]
  ('/src/Shared_modules/Core/System/EventLogger.cpp' kaynak dosyas─▒ derleniyor)
  
C:\ShadowStrike\ShadowStrike\src\Shared_modules\Core\System\DriverAnalyzer.cpp(698,17): error C2664: 'void ShadowStrike::Utils::Logger::LogEx(ShadowStrike::Utils::LogLevel,const wchar_t *,const wchar_t *,int,const wchar_t *,const wchar_t *,...)' : 2 ba─ş─▒ms─▒z de─şi┼şkeni 'const char [15]' de─şerinden 'const wchar_t *' de─şerine d├Ân├╝┼şt├╝r├╝lemez [C:\ShadowStrike\ShadowStrike\ShadowStrike.vcxproj]
  ('/src/Shared_modules/Core/System/DriverAnalyzer.cpp' kaynak dosyas─▒ derleniyor)
      C:\ShadowStrike\ShadowStrike\src\Shared_modules\Core\System\DriverAnalyzer.cpp(698,17):
      ─░┼şaretlenen t├╝rler ilgisiz; d├Ân├╝┼şt├╝rme reinterpret_cast, C stili t├╝r d├Ân├╝┼şt├╝rme veya parantez i├ğine al─▒nm─▒┼ş i┼şlev stili t├╝r d├Ân├╝┼şt├╝rme gerektiriyor
      C:\ShadowStrike\ShadowStrike\src\Shared_modules\Utils\Logger.hpp(207,9):
      'ShadowStrike::Utils::Logger::LogEx' bildirimine bak─▒n
      C:\ShadowStrike\ShadowStrike\src\Shared_modules\Core\System\DriverAnalyzer.cpp(698,17):
      '(ShadowStrike::Utils::LogLevel, const char [15], const wchar_t *, int, const wchar_t *, const char [26], <error type>)' ba─ş─▒ms─▒z de─şi┼şken listesi e┼şlenmeye ├ğal─▒┼ş─▒l─▒rken
  
C:\ShadowStrike\ShadowStrike\src\Shared_modules\Core\System\DriverAnalyzer.cpp(711,43): error C2653: 'StringUtils': bir s─▒n─▒f veya ad alan─▒ ad─▒ de─şil [C:\ShadowStrike\ShadowStrike\ShadowStrike.vcxproj]
  ('/src/Shared_modules/Core/System/DriverAnalyzer.cpp' kaynak dosyas─▒ derleniyor)
  
C:\ShadowStrike\ShadowStrike\src\Shared_modules\Core\System\DriverAnalyzer.cpp(711,56): error C3861: 'ToLower': tan─▒mlay─▒c─▒ bulunamad─▒ [C:\ShadowStrike\ShadowStrike\ShadowStrike.vcxproj]
  ('/src/Shared_modules/Core/System/DriverAnalyzer.cpp' kaynak dosyas─▒ derleniyor)
  
C:\ShadowStrike\ShadowStrike\src\Shared_modules\Core\System\EventLogger.cpp(1598,56): error C2039: 'WideToUtf8': bir 'ShadowStrike::Utils::StringUtils' ├╝yesi de─şil [C:\ShadowStrike\ShadowStrike\ShadowStrike.vcxproj]
  ('/src/Shared_modules/Core/System/EventLogger.cpp' kaynak dosyas─▒ derleniyor)
      C:\ShadowStrike\ShadowStrike\src\Shared_modules\Utils\StringUtils.hpp(63,19):
      'ShadowStrike::Utils::StringUtils' bildirimine bak─▒n
  
C:\ShadowStrike\ShadowStrike\src\Shared_modules\Core\System\EventLogger.cpp(1598,56): error C3861: 'WideToUtf8': tan─▒mlay─▒c─▒ bulunamad─▒ [C:\ShadowStrike\ShadowStrike\ShadowStrike.vcxproj]
  ('/src/Shared_modules/Core/System/EventLogger.cpp' kaynak dosyas─▒ derleniyor)
  
C:\ShadowStrike\ShadowStrike\src\Shared_modules\Core\System\DriverAnalyzer.cpp(721,21): error C2653: 'StringUtils': bir s─▒n─▒f veya ad alan─▒ ad─▒ de─şil [C:\ShadowStrike\ShadowStrike\ShadowStrike.vcxproj]
  ('/src/Shared_modules/Core/System/DriverAnalyzer.cpp' kaynak dosyas─▒ derleniyor)
  
C:\ShadowStrike\ShadowStrike\src\Shared_modules\Core\System\DriverAnalyzer.cpp(721,21): error C3861: 'WideToUtf8': tan─▒mlay─▒c─▒ bulunamad─▒ [C:\ShadowStrike\ShadowStrike\ShadowStrike.vcxproj]
  ('/src/Shared_modules/Core/System/DriverAnalyzer.cpp' kaynak dosyas─▒ derleniyor)
  
C:\ShadowStrike\ShadowStrike\src\Shared_modules\Core\System\DriverAnalyzer.cpp(721,21): error C2664: 'void ShadowStrike::Utils::Logger::LogEx(ShadowStrike::Utils::LogLevel,const wchar_t *,const wchar_t *,int,const wchar_t *,const wchar_t *,...)' : 2 ba─ş─▒ms─▒z de─şi┼şkeni 'const char [15]' de─şerinden 'const wchar_t *' de─şerine d├Ân├╝┼şt├╝r├╝lemez [C:\ShadowStrike\ShadowStrike\ShadowStrike.vcxproj]
  ('/src/Shared_modules/Core/System/DriverAnalyzer.cpp' kaynak dosyas─▒ derleniyor)
      C:\ShadowStrike\ShadowStrike\src\Shared_modules\Core\System\DriverAnalyzer.cpp(721,21):
      ─░┼şaretlenen t├╝rler ilgisiz; d├Ân├╝┼şt├╝rme reinterpret_cast, C stili t├╝r d├Ân├╝┼şt├╝rme veya parantez i├ğine al─▒nm─▒┼ş i┼şlev stili t├╝r d├Ân├╝┼şt├╝rme gerektiriyor
      C:\ShadowStrike\ShadowStrike\src\Shared_modules\Utils\Logger.hpp(207,9):
      'ShadowStrike::Utils::Logger::LogEx' bildirimine bak─▒n
      C:\ShadowStrike\ShadowStrike\src\Shared_modules\Core\System\DriverAnalyzer.cpp(721,21):
      '(ShadowStrike::Utils::LogLevel, const char [15], const wchar_t *, int, const wchar_t *, const char [36], <error type>, <error type>)' ba─ş─▒ms─▒z de─şi┼şken listesi e┼şlenmeye ├ğal─▒┼ş─▒l─▒rken
  
C:\ShadowStrike\ShadowStrike\src\Shared_modules\Core\System\EventLogger.cpp(1600,49): error C2039: 'WideToUtf8': bir 'ShadowStrike::Utils::StringUtils' ├╝yesi de─şil [C:\ShadowStrike\ShadowStrike\ShadowStrike.vcxproj]
  ('/src/Shared_modules/Core/System/EventLogger.cpp' kaynak dosyas─▒ derleniyor)
      C:\ShadowStrike\ShadowStrike\src\Shared_modules\Utils\StringUtils.hpp(63,19):
      'ShadowStrike::Utils::StringUtils' bildirimine bak─▒n
  
C:\ShadowStrike\ShadowStrike\src\Shared_modules\Core\System\EventLogger.cpp(1600,49): error C3861: 'WideToUtf8': tan─▒mlay─▒c─▒ bulunamad─▒ [C:\ShadowStrike\ShadowStrike\ShadowStrike.vcxproj]
  ('/src/Shared_modules/Core/System/EventLogger.cpp' kaynak dosyas─▒ derleniyor)
  
C:\ShadowStrike\ShadowStrike\src\Shared_modules\Core\System\DriverAnalyzer.cpp(728,28): error C2039: 'Instance': bir 'ShadowStrike::HashStore' ├╝yesi de─şil [C:\ShadowStrike\ShadowStrike\ShadowStrike.vcxproj]
  ('/src/Shared_modules/Core/System/DriverAnalyzer.cpp' kaynak dosyas─▒ derleniyor)
      C:\ShadowStrike\ShadowStrike\src\Shared_modules\HashStore\HashStore.hpp(66,11):
      'ShadowStrike::HashStore' bildirimine bak─▒n
  
C:\ShadowStrike\ShadowStrike\src\Shared_modules\Core\System\DriverAnalyzer.cpp(728,28): error C3861: 'Instance': tan─▒mlay─▒c─▒ bulunamad─▒ [C:\ShadowStrike\ShadowStrike\ShadowStrike.vcxproj]
  ('/src/Shared_modules/Core/System/DriverAnalyzer.cpp' kaynak dosyas─▒ derleniyor)
  
C:\ShadowStrike\ShadowStrike\src\Shared_modules\Core\System\DriverAnalyzer.cpp(732,17): error C2653: 'StringUtils': bir s─▒n─▒f veya ad alan─▒ ad─▒ de─şil [C:\ShadowStrike\ShadowStrike\ShadowStrike.vcxproj]
  ('/src/Shared_modules/Core/System/DriverAnalyzer.cpp' kaynak dosyas─▒ derleniyor)
  
C:\ShadowStrike\ShadowStrike\src\Shared_modules\Core\System\DriverAnalyzer.cpp(732,17): error C3861: 'WideToUtf8': tan─▒mlay─▒c─▒ bulunamad─▒ [C:\ShadowStrike\ShadowStrike\ShadowStrike.vcxproj]
  ('/src/Shared_modules/Core/System/DriverAnalyzer.cpp' kaynak dosyas─▒ derleniyor)
  
C:\ShadowStrike\ShadowStrike\src\Shared_modules\Core\System\EventLogger.cpp(1603,62): error C2039: 'WideToUtf8': bir 'ShadowStrike::Utils::StringUtils' ├╝yesi de─şil [C:\ShadowStrike\ShadowStrike\ShadowStrike.vcxproj]
  ('/src/Shared_modules/Core/System/EventLogger.cpp' kaynak dosyas─▒ derleniyor)
      C:\ShadowStrike\ShadowStrike\src\Shared_modules\Utils\StringUtils.hpp(63,19):
      'ShadowStrike::Utils::StringUtils' bildirimine bak─▒n
  
C:\ShadowStrike\ShadowStrike\src\Shared_modules\Core\System\EventLogger.cpp(1603,62): error C3861: 'WideToUtf8': tan─▒mlay─▒c─▒ bulunamad─▒ [C:\ShadowStrike\ShadowStrike\ShadowStrike.vcxproj]
  ('/src/Shared_modules/Core/System/EventLogger.cpp' kaynak dosyas─▒ derleniyor)
  
C:\ShadowStrike\ShadowStrike\src\Shared_modules\Core\Registry\SystemSettingsMonitor.cpp(591,9): error C2653: 'Logger': bir s─▒n─▒f veya ad alan─▒ ad─▒ de─şil [C:\ShadowStrike\ShadowStrike\ShadowStrike.vcxproj]
  ('/src/Shared_modules/Core/Registry/SystemSettingsMonitor.cpp' kaynak dosyas─▒ derleniyor)
  
C:\ShadowStrike\ShadowStrike\src\Shared_modules\Core\System\DriverAnalyzer.cpp(732,17): error C2664: 'void ShadowStrike::Utils::Logger::LogEx(ShadowStrike::Utils::LogLevel,const wchar_t *,const wchar_t *,int,const wchar_t *,const wchar_t *,...)' : 2 ba─ş─▒ms─▒z de─şi┼şkeni 'const char [15]' de─şerinden 'const wchar_t *' de─şerine d├Ân├╝┼şt├╝r├╝lemez [C:\ShadowStrike\ShadowStrike\ShadowStrike.vcxproj]
  ('/src/Shared_modules/Core/System/DriverAnalyzer.cpp' kaynak dosyas─▒ derleniyor)
      C:\ShadowStrike\ShadowStrike\src\Shared_modules\Core\System\DriverAnalyzer.cpp(732,17):
      ─░┼şaretlenen t├╝rler ilgisiz; d├Ân├╝┼şt├╝rme reinterpret_cast, C stili t├╝r d├Ân├╝┼şt├╝rme veya parantez i├ğine al─▒nm─▒┼ş i┼şlev stili t├╝r d├Ân├╝┼şt├╝rme gerektiriyor
      C:\ShadowStrike\ShadowStrike\src\Shared_modules\Utils\Logger.hpp(207,9):
      'ShadowStrike::Utils::Logger::LogEx' bildirimine bak─▒n
      C:\ShadowStrike\ShadowStrike\src\Shared_modules\Core\System\DriverAnalyzer.cpp(732,17):
      '(ShadowStrike::Utils::LogLevel, const char [15], const wchar_t *, int, const wchar_t *, const char [30], <error type>)' ba─ş─▒ms─▒z de─şi┼şken listesi e┼şlenmeye ├ğal─▒┼ş─▒l─▒rken
  
C:\ShadowStrike\ShadowStrike\src\Shared_modules\Core\Registry\SystemSettingsMonitor.cpp(591,17): error C3861: 'Info': tan─▒mlay─▒c─▒ bulunamad─▒ [C:\ShadowStrike\ShadowStrike\ShadowStrike.vcxproj]
  ('/src/Shared_modules/Core/Registry/SystemSettingsMonitor.cpp' kaynak dosyas─▒ derleniyor)
  
C:\ShadowStrike\ShadowStrike\src\Shared_modules\Core\Registry\SystemSettingsMonitor.cpp(602,13): error C2653: 'Logger': bir s─▒n─▒f veya ad alan─▒ ad─▒ de─şil [C:\ShadowStrike\ShadowStrike\ShadowStrike.vcxproj]
  ('/src/Shared_modules/Core/Registry/SystemSettingsMonitor.cpp' kaynak dosyas─▒ derleniyor)
  
C:\ShadowStrike\ShadowStrike\src\Shared_modules\Core\Registry\SystemSettingsMonitor.cpp(602,21): error C3861: 'Error': tan─▒mlay─▒c─▒ bulunamad─▒ [C:\ShadowStrike\ShadowStrike\ShadowStrike.vcxproj]
  ('/src/Shared_modules/Core/Registry/SystemSettingsMonitor.cpp' kaynak dosyas─▒ derleniyor)
  
C:\ShadowStrike\ShadowStrike\src\Shared_modules\Core\Registry\SystemSettingsMonitor.cpp(607,13): error C2653: 'Logger': bir s─▒n─▒f veya ad alan─▒ ad─▒ de─şil [C:\ShadowStrike\ShadowStrike\ShadowStrike.vcxproj]
  ('/src/Shared_modules/Core/Registry/SystemSettingsMonitor.cpp' kaynak dosyas─▒ derleniyor)
  
C:\ShadowStrike\ShadowStrike\src\Shared_modules\Core\System\DriverAnalyzer.cpp(753,13): error C2664: 'void ShadowStrike::Utils::Logger::LogEx(ShadowStrike::Utils::LogLevel,const wchar_t *,const wchar_t *,int,const wchar_t *,const wchar_t *,...)' : 2 ba─ş─▒ms─▒z de─şi┼şkeni 'const char [15]' de─şerinden 'const wchar_t *' de─şerine d├Ân├╝┼şt├╝r├╝lemez [C:\ShadowStrike\ShadowStrike\ShadowStrike.vcxproj]
  ('/src/Shared_modules/Core/System/DriverAnalyzer.cpp' kaynak dosyas─▒ derleniyor)
      C:\ShadowStrike\ShadowStrike\src\Shared_modules\Core\System\DriverAnalyzer.cpp(753,13):
      ─░┼şaretlenen t├╝rler ilgisiz; d├Ân├╝┼şt├╝rme reinterpret_cast, C stili t├╝r d├Ân├╝┼şt├╝rme veya parantez i├ğine al─▒nm─▒┼ş i┼şlev stili t├╝r d├Ân├╝┼şt├╝rme gerektiriyor
      C:\ShadowStrike\ShadowStrike\src\Shared_modules\Utils\Logger.hpp(207,9):
      'ShadowStrike::Utils::Logger::LogEx' bildirimine bak─▒n
      C:\ShadowStrike\ShadowStrike\src\Shared_modules\Core\System\DriverAnalyzer.cpp(753,13):
      '(ShadowStrike::Utils::LogLevel, const char [15], const wchar_t *, int, const wchar_t *, const char [28], const char *)' ba─ş─▒ms─▒z de─şi┼şken listesi e┼şlenmeye ├ğal─▒┼ş─▒l─▒rken
  
C:\ShadowStrike\ShadowStrike\src\Shared_modules\Core\Registry\SystemSettingsMonitor.cpp(607,21): error C3861: 'Warn': tan─▒mlay─▒c─▒ bulunamad─▒ [C:\ShadowStrike\ShadowStrike\ShadowStrike.vcxproj]
  ('/src/Shared_modules/Core/Registry/SystemSettingsMonitor.cpp' kaynak dosyas─▒ derleniyor)
  
C:\ShadowStrike\ShadowStrike\src\Shared_modules\Core\System\DriverAnalyzer.cpp(760,35): error C2653: 'StringUtils': bir s─▒n─▒f veya ad alan─▒ ad─▒ de─şil [C:\ShadowStrike\ShadowStrike\ShadowStrike.vcxproj]
  ('/src/Shared_modules/Core/System/DriverAnalyzer.cpp' kaynak dosyas─▒ derleniyor)
  
C:\ShadowStrike\ShadowStrike\src\Shared_modules\Core\Registry\SystemSettingsMonitor.cpp(614,9): error C2653: 'Logger': bir s─▒n─▒f veya ad alan─▒ ad─▒ de─şil [C:\ShadowStrike\ShadowStrike\ShadowStrike.vcxproj]
  ('/src/Shared_modules/Core/Registry/SystemSettingsMonitor.cpp' kaynak dosyas─▒ derleniyor)
  
C:\ShadowStrike\ShadowStrike\src\Shared_modules\Core\Registry\SystemSettingsMonitor.cpp(614,17): error C3861: 'Info': tan─▒mlay─▒c─▒ bulunamad─▒ [C:\ShadowStrike\ShadowStrike\ShadowStrike.vcxproj]
  ('/src/Shared_modules/Core/Registry/SystemSettingsMonitor.cpp' kaynak dosyas─▒ derleniyor)
  
C:\ShadowStrike\ShadowStrike\src\Shared_modules\Core\System\DriverAnalyzer.cpp(760,48): error C3861: 'ToLower': tan─▒mlay─▒c─▒ bulunamad─▒ [C:\ShadowStrike\ShadowStrike\ShadowStrike.vcxproj]
  ('/src/Shared_modules/Core/System/DriverAnalyzer.cpp' kaynak dosyas─▒ derleniyor)
  
C:\ShadowStrike\ShadowStrike\src\Shared_modules\Core\Registry\SystemSettingsMonitor.cpp(628,9): error C2653: 'Logger': bir s─▒n─▒f veya ad alan─▒ ad─▒ de─şil [C:\ShadowStrike\ShadowStrike\ShadowStrike.vcxproj]
  ('/src/Shared_modules/Core/Registry/SystemSettingsMonitor.cpp' kaynak dosyas─▒ derleniyor)
  
C:\ShadowStrike\ShadowStrike\src\Products\PhantomHome\GameMode\OverlayProtection.hpp(120,10): error C1083: i├ğerme dosyas─▒ a├ğ─▒lam─▒yor: '../Utils/Logger.hpp': No such file or directory [C:\ShadowStrike\ShadowStrike\ShadowStrike.vcxproj]
  ('/src/Products/PhantomHome/GameMode/OverlayProtection.cpp' kaynak dosyas─▒ derleniyor)
  
C:\ShadowStrike\ShadowStrike\src\Shared_modules\Core\Registry\SystemSettingsMonitor.cpp(628,17): error C3861: 'Info': tan─▒mlay─▒c─▒ bulunamad─▒ [C:\ShadowStrike\ShadowStrike\ShadowStrike.vcxproj]
  ('/src/Shared_modules/Core/Registry/SystemSettingsMonitor.cpp' kaynak dosyas─▒ derleniyor)
  
C:\ShadowStrike\ShadowStrike\src\Shared_modules\Core\System\EventLogger.cpp(1617,52): error C2039: 'WideToUtf8': bir 'ShadowStrike::Utils::StringUtils' ├╝yesi de─şil [C:\ShadowStrike\ShadowStrike\ShadowStrike.vcxproj]
  ('/src/Shared_modules/Core/System/EventLogger.cpp' kaynak dosyas─▒ derleniyor)
      C:\ShadowStrike\ShadowStrike\src\Shared_modules\Utils\StringUtils.hpp(63,19):
      'ShadowStrike::Utils::StringUtils' bildirimine bak─▒n
  
C:\ShadowStrike\ShadowStrike\src\Shared_modules\Core\System\EventLogger.cpp(1617,52): error C3861: 'WideToUtf8': tan─▒mlay─▒c─▒ bulunamad─▒ [C:\ShadowStrike\ShadowStrike\ShadowStrike.vcxproj]
  ('/src/Shared_modules/Core/System/EventLogger.cpp' kaynak dosyas─▒ derleniyor)
  
C:\ShadowStrike\ShadowStrike\src\Shared_modules\Core\Registry\SystemSettingsMonitor.cpp(658,35): error C2039: 'WriteDword': bir 'ShadowStrike::Utils::RegistryUtils' ├╝yesi de─şil [C:\ShadowStrike\ShadowStrike\ShadowStrike.vcxproj]
  ('/src/Shared_modules/Core/Registry/SystemSettingsMonitor.cpp' kaynak dosyas─▒ derleniyor)
      C:\ShadowStrike\ShadowStrike\src\Shared_modules\Utils\RegistryUtils.hpp(57,13):
      'ShadowStrike::Utils::RegistryUtils' bildirimine bak─▒n
  
C:\ShadowStrike\ShadowStrike\src\Shared_modules\Core\Registry\SystemSettingsMonitor.cpp(658,35): error C3861: 'WriteDword': tan─▒mlay─▒c─▒ bulunamad─▒ [C:\ShadowStrike\ShadowStrike\ShadowStrike.vcxproj]
  ('/src/Shared_modules/Core/Registry/SystemSettingsMonitor.cpp' kaynak dosyas─▒ derleniyor)
  
C:\ShadowStrike\ShadowStrike\src\Shared_modules\Core\Registry\SystemSettingsMonitor.cpp(661,35): error C2039: 'WriteDword': bir 'ShadowStrike::Utils::RegistryUtils' ├╝yesi de─şil [C:\ShadowStrike\ShadowStrike\ShadowStrike.vcxproj]
  ('/src/Shared_modules/Core/Registry/SystemSettingsMonitor.cpp' kaynak dosyas─▒ derleniyor)
      C:\ShadowStrike\ShadowStrike\src\Shared_modules\Utils\RegistryUtils.hpp(57,13):
      'ShadowStrike::Utils::RegistryUtils' bildirimine bak─▒n
  
C:\ShadowStrike\ShadowStrike\src\Shared_modules\Core\Registry\SystemSettingsMonitor.cpp(661,35): error C3861: 'WriteDword': tan─▒mlay─▒c─▒ bulunamad─▒ [C:\ShadowStrike\ShadowStrike\ShadowStrike.vcxproj]
  ('/src/Shared_modules/Core/Registry/SystemSettingsMonitor.cpp' kaynak dosyas─▒ derleniyor)
  
C:\ShadowStrike\ShadowStrike\src\Shared_modules\Core\Registry\SystemSettingsMonitor.cpp(664,35): error C2039: 'WriteDword': bir 'ShadowStrike::Utils::RegistryUtils' ├╝yesi de─şil [C:\ShadowStrike\ShadowStrike\ShadowStrike.vcxproj]
  ('/src/Shared_modules/Core/Registry/SystemSettingsMonitor.cpp' kaynak dosyas─▒ derleniyor)
      C:\ShadowStrike\ShadowStrike\src\Shared_modules\Utils\RegistryUtils.hpp(57,13):
      'ShadowStrike::Utils::RegistryUtils' bildirimine bak─▒n
  
C:\ShadowStrike\ShadowStrike\src\Shared_modules\Core\Registry\SystemSettingsMonitor.cpp(664,35): error C3861: 'WriteDword': tan─▒mlay─▒c─▒ bulunamad─▒ [C:\ShadowStrike\ShadowStrike\ShadowStrike.vcxproj]
  ('/src/Shared_modules/Core/Registry/SystemSettingsMonitor.cpp' kaynak dosyas─▒ derleniyor)
  
C:\ShadowStrike\ShadowStrike\src\Shared_modules\Core\Registry\SystemSettingsMonitor.cpp(667,13): error C2653: 'Logger': bir s─▒n─▒f veya ad alan─▒ ad─▒ de─şil [C:\ShadowStrike\ShadowStrike\ShadowStrike.vcxproj]
  ('/src/Shared_modules/Core/Registry/SystemSettingsMonitor.cpp' kaynak dosyas─▒ derleniyor)
  
C:\ShadowStrike\ShadowStrike\src\Shared_modules\Core\Process\ProcessMonitor.hpp(128,10): error C1083: i├ğerme dosyas─▒ a├ğ─▒lam─▒yor: '../../Utils/ErrorUtils.hpp': No such file or directory [C:\ShadowStrike\ShadowStrike\ShadowStrike.vcxproj]
  ('/src/Shared_modules/Core/Process/ReflectiveDLLDetector.cpp' kaynak dosyas─▒ derleniyor)
  
C:\ShadowStrike\ShadowStrike\src\Shared_modules\Core\Registry\RegistryMonitor.cpp(188,34): error C2665: 'std::basic_regex<char,std::regex_traits<char>>::basic_regex': hi├ğbir a┼ş─▒r─▒ y├╝klenmi┼ş i┼şlev t├╝m arg├╝man t├╝rlerini d├Ân├╝┼şt├╝remez [C:\ShadowStrike\ShadowStrike\ShadowStrike.vcxproj]
  ('/src/Shared_modules/Core/Registry/RegistryMonitor.cpp' kaynak dosyas─▒ derleniyor)
      C:\Program Files\Microsoft Visual Studio\2022\Community\VC\Tools\MSVC\14.44.35207\include\regex(1883,5):
      'std::basic_regex<char,std::regex_traits<char>>::basic_regex(std::initializer_list<_Elem>,std::basic_regex<_Elem,std::regex_traits<char>>::flag_type)' olabilirdi
          with
          [
              _Elem=char
          ]
          C:\ShadowStrike\ShadowStrike\src\Shared_modules\Core\Registry\RegistryMonitor.cpp(188,34):
          'std::basic_regex<char,std::regex_traits<char>>::basic_regex(std::initializer_list<_Elem>,std::basic_regex<_Elem,std::regex_traits<char>>::flag_type)' : 1 ba─ş─▒ms─▒z de─şi┼şkeni 'const wchar_t [55]' de─şerinden 'std::initializer_list<_Elem>' de─şerine d├Ân├╝┼şt├╝r├╝lemez
          with
          [
              _Elem=char
          ]
              C:\ShadowStrike\ShadowStrike\src\Shared_modules\Core\Registry\RegistryMonitor.cpp(189,9):
              'std::initializer_list<_Elem>::initializer_list': hi├ğbir a┼ş─▒r─▒ y├╝klenmi┼ş i┼şlev t├╝m arg├╝man t├╝rlerini d├Ân├╝┼şt├╝remez
          with
          [
              _Elem=char
          ]
                  C:\Program Files\Microsoft Visual Studio\2022\Community\VC\Tools\MSVC\14.44.35207\include\initializer_list(51,1):
                  'std::initializer_list<_Elem>::initializer_list(std::initializer_list<_Elem> &&)' olabilirdi
          with
          [
              _Elem=char
          ]
                      C:\ShadowStrike\ShadowStrike\src\Shared_modules\Core\Registry\RegistryMonitor.cpp(189,9):
                      'std::initializer_list<_Elem>::initializer_list(std::initializer_list<_Elem> &&)' : 1 ba─ş─▒ms─▒z de─şi┼şkeni 'const wchar_t [55]' de─şerinden 'std::initializer_list<_Elem> &&' de─şerine d├Ân├╝┼şt├╝r├╝lemez
          with
          [
              _Elem=char
          ]
                          C:\ShadowStrike\ShadowStrike\src\Shared_modules\Core\Registry\RegistryMonitor.cpp(189,9):
                          Nedeni: 'const wchar_t [55]' de─şerinden 'std::initializer_list<_Elem>' de─şerine d├Ân├╝┼şt├╝r├╝lemez
          with
          [
              _Elem=char
          ]
                          C:\ShadowStrike\ShadowStrike\src\Shared_modules\Core\Registry\RegistryMonitor.cpp(189,9):
                          D├Ân├╝┼şt├╝rme ikinci bir kullan─▒c─▒ tan─▒ml─▒ d├Ân├╝┼şt├╝rme i┼şleci veya olu┼şturucu gerektiriyor
                  C:\Program Files\Microsoft Visual Studio\2022\Community\VC\Tools\MSVC\14.44.35207\include\initializer_list(51,1):
                  veya       'std::initializer_list<_Elem>::initializer_list(const std::initializer_list<_Elem> &)'
          with
          [
              _Elem=char
          ]
                      C:\ShadowStrike\ShadowStrike\src\Shared_modules\Core\Registry\RegistryMonitor.cpp(189,9):
                      'std::initializer_list<_Elem>::initializer_list(const std::initializer_list<_Elem> &)' : 1 ba─ş─▒ms─▒z de─şi┼şkeni 'const wchar_t [55]' de─şerinden 'const std::initializer_list<_Elem> &' de─şerine d├Ân├╝┼şt├╝r├╝lemez
          with
          [
              _Elem=char
          ]
                          C:\ShadowStrike\ShadowStrike\src\Shared_modules\Core\Registry\RegistryMonitor.cpp(189,9):
                          Nedeni: 'const wchar_t [55]' de─şerinden 'const std::initializer_list<_Elem>' de─şerine d├Ân├╝┼şt├╝r├╝lemez
          with
          [
              _Elem=char
          ]
                          C:\ShadowStrike\ShadowStrike\src\Shared_modules\Core\Registry\RegistryMonitor.cpp(189,9):
                          D├Ân├╝┼şt├╝rme ikinci bir kullan─▒c─▒ tan─▒ml─▒ d├Ân├╝┼şt├╝rme i┼şleci veya olu┼şturucu gerektiriyor
                  C:\ShadowStrike\ShadowStrike\src\Shared_modules\Core\Registry\RegistryMonitor.cpp(189,9):
                  '(const wchar_t [55])' ba─ş─▒ms─▒z de─şi┼şken listesi e┼şlenmeye ├ğal─▒┼ş─▒l─▒rken
      C:\Program Files\Microsoft Visual Studio\2022\Community\VC\Tools\MSVC\14.44.35207\include\regex(1848,5):
      veya       'std::basic_regex<char,std::regex_traits<char>>::basic_regex(const _Elem *,size_t,std::basic_regex<_Elem,std::regex_traits<char>>::flag_type)'
          with
          [
              _Elem=char
          ]
          C:\ShadowStrike\ShadowStrike\src\Shared_modules\Core\Registry\RegistryMonitor.cpp(188,34):
          'std::basic_regex<char,std::regex_traits<char>>::basic_regex(const _Elem *,size_t,std::basic_regex<_Elem,std::regex_traits<char>>::flag_type)' : 1 ba─ş─▒ms─▒z de─şi┼şkeni 'const wchar_t [55]' de─şerinden 'const _Elem *' de─şerine d├Ân├╝┼şt├╝r├╝lemez
          with
          [
              _Elem=char
          ]
              C:\ShadowStrike\ShadowStrike\src\Shared_modules\Core\Registry\RegistryMonitor.cpp(189,9):
              ─░┼şaretlenen t├╝rler ilgisiz; d├Ân├╝┼şt├╝rme reinterpret_cast, C stili t├╝r d├Ân├╝┼şt├╝rme veya parantez i├ğine al─▒nm─▒┼ş i┼şlev stili t├╝r d├Ân├╝┼şt├╝rme gerektiriyor
      C:\Program Files\Microsoft Visual Studio\2022\Community\VC\Tools\MSVC\14.44.35207\include\regex(1844,5):
      veya       'std::basic_regex<char,std::regex_traits<char>>::basic_regex(const _Elem *,std::basic_regex<_Elem,std::regex_traits<char>>::flag_type)'
          with
          [
              _Elem=char
          ]
          C:\ShadowStrike\ShadowStrike\src\Shared_modules\Core\Registry\RegistryMonitor.cpp(188,34):
          'std::basic_regex<char,std::regex_traits<char>>::basic_regex(const _Elem *,std::basic_regex<_Elem,std::regex_traits<char>>::flag_type)' : 1 ba─ş─▒ms─▒z de─şi┼şkeni 'const wchar_t [55]' de─şerinden 'const _Elem *' de─şerine d├Ân├╝┼şt├╝r├╝lemez
          with
          [
              _Elem=char
          ]
              C:\ShadowStrike\ShadowStrike\src\Shared_modules\Core\Registry\RegistryMonitor.cpp(189,9):
              ─░┼şaretlenen t├╝rler ilgisiz; d├Ân├╝┼şt├╝rme reinterpret_cast, C stili t├╝r d├Ân├╝┼şt├╝rme veya parantez i├ğine al─▒nm─▒┼ş i┼şlev stili t├╝r d├Ân├╝┼şt├╝rme gerektiriyor
      C:\Program Files\Microsoft Visual Studio\2022\Community\VC\Tools\MSVC\14.44.35207\include\regex(1868,5):
      veya       'std::basic_regex<char,std::regex_traits<char>>::basic_regex(_InIt,_InIt)'
          C:\ShadowStrike\ShadowStrike\src\Shared_modules\Core\Registry\RegistryMonitor.cpp(188,34):
          'std::basic_regex<char,std::regex_traits<char>>::basic_regex(_InIt,_InIt)': ┼şablon parametresi olan '_InIt' belirsiz
              C:\ShadowStrike\ShadowStrike\src\Shared_modules\Core\Registry\RegistryMonitor.cpp(188,34):
              'std::basic_regex<char,std::regex_traits<char>>::flag_type' olabilirdi
              C:\ShadowStrike\ShadowStrike\src\Shared_modules\Core\Registry\RegistryMonitor.cpp(188,34):
              veya       'const wchar_t *'
          C:\ShadowStrike\ShadowStrike\src\Shared_modules\Core\Registry\RegistryMonitor.cpp(188,34):
          'std::basic_regex<char,std::regex_traits<char>>::basic_regex(_InIt,_InIt)': ┼şablon ba─ş─▒ms─▒z de─şi┼şkeni ('_InIt' i├ğin, 'const std::basic_regex<char,std::regex_traits<char>>::flag_type' ├Â─şesinden) anla┼ş─▒lamad─▒
      C:\Program Files\Microsoft Visual Studio\2022\Community\VC\Tools\MSVC\14.44.35207\include\regex(1862,5):
      veya       'std::basic_regex<char,std::regex_traits<char>>::basic_regex(_InIt,_InIt,std::basic_regex<char,std::regex_traits<char>>::flag_type)'
          C:\ShadowStrike\ShadowStrike\src\Shared_modules\Core\Registry\RegistryMonitor.cpp(188,34):
          'std::basic_regex<char,std::regex_traits<char>>::basic_regex(_InIt,_InIt,std::basic_regex<char,std::regex_traits<char>>::flag_type)': 3 ba─ş─▒ms─▒z de─şi┼şken bekleniyor - 2 sa─şland─▒
      C:\Program Files\Microsoft Visual Studio\2022\Community\VC\Tools\MSVC\14.44.35207\include\regex(1856,5):
      veya       'std::basic_regex<char,std::regex_traits<char>>::basic_regex(const std::basic_string<_Elem,_STtraits,_STalloc> &,std::basic_regex<_Elem,std::regex_traits<char>>::flag_type)'
          with
          [
              _Elem=char
          ]
          C:\ShadowStrike\ShadowStrike\src\Shared_modules\Core\Registry\RegistryMonitor.cpp(188,34):
          'std::basic_regex<char,std::regex_traits<char>>::basic_regex(const std::basic_string<_Elem,_STtraits,_STalloc> &,std::basic_regex<_Elem,std::regex_traits<char>>::flag_type)': ┼şablon ba─ş─▒ms─▒z de─şi┼şkeni ('const std::basic_string<_Elem,_STtraits,_STalloc> &' i├ğin, 'const wchar_t [55]' ├Â─şesinden) anla┼ş─▒lamad─▒
          with
          [
              _Elem=char
          ]
      C:\ShadowStrike\ShadowStrike\src\Shared_modules\Core\Registry\RegistryMonitor.cpp(188,34):
      '(const wchar_t [55], const std::basic_regex<char,std::regex_traits<char>>::flag_type)' ba─ş─▒ms─▒z de─şi┼şken listesi e┼şlenmeye ├ğal─▒┼ş─▒l─▒rken
  
C:\ShadowStrike\ShadowStrike\src\Shared_modules\Core\System\EventLogger.cpp(1663,34): error C2039: 'WideToUtf8': bir 'ShadowStrike::Utils::StringUtils' ├╝yesi de─şil [C:\ShadowStrike\ShadowStrike\ShadowStrike.vcxproj]
  ('/src/Shared_modules/Core/System/EventLogger.cpp' kaynak dosyas─▒ derleniyor)
      C:\ShadowStrike\ShadowStrike\src\Shared_modules\Utils\StringUtils.hpp(63,19):
      'ShadowStrike::Utils::StringUtils' bildirimine bak─▒n
  
C:\ShadowStrike\ShadowStrike\src\Shared_modules\Core\System\EventLogger.cpp(1663,34): error C3861: 'WideToUtf8': tan─▒mlay─▒c─▒ bulunamad─▒ [C:\ShadowStrike\ShadowStrike\ShadowStrike.vcxproj]
  ('/src/Shared_modules/Core/System/EventLogger.cpp' kaynak dosyas─▒ derleniyor)
  
C:\ShadowStrike\ShadowStrike\src\Shared_modules\Core\System\DriverAnalyzer.cpp(767,35): error C2653: 'StringUtils': bir s─▒n─▒f veya ad alan─▒ ad─▒ de─şil [C:\ShadowStrike\ShadowStrike\ShadowStrike.vcxproj]
  ('/src/Shared_modules/Core/System/DriverAnalyzer.cpp' kaynak dosyas─▒ derleniyor)
  
C:\ShadowStrike\ShadowStrike\src\Shared_modules\Core\System\DriverAnalyzer.cpp(767,48): error C3861: 'ToLower': tan─▒mlay─▒c─▒ bulunamad─▒ [C:\ShadowStrike\ShadowStrike\ShadowStrike.vcxproj]
  ('/src/Shared_modules/Core/System/DriverAnalyzer.cpp' kaynak dosyas─▒ derleniyor)
  
C:\ShadowStrike\ShadowStrike\src\Shared_modules\Core\Registry\RegistryMonitor.cpp(278,30): error C2653: 'StringUtils': bir s─▒n─▒f veya ad alan─▒ ad─▒ de─şil [C:\ShadowStrike\ShadowStrike\ShadowStrike.vcxproj]
  ('/src/Shared_modules/Core/Registry/RegistryMonitor.cpp' kaynak dosyas─▒ derleniyor)
  
C:\ShadowStrike\ShadowStrike\src\Shared_modules\Core\Registry\RegistryMonitor.cpp(278,43): error C3861: 'ToLower': tan─▒mlay─▒c─▒ bulunamad─▒ [C:\ShadowStrike\ShadowStrike\ShadowStrike.vcxproj]
  ('/src/Shared_modules/Core/Registry/RegistryMonitor.cpp' kaynak dosyas─▒ derleniyor)
  
C:\ShadowStrike\ShadowStrike\src\Shared_modules\Core\System\DriverAnalyzer.cpp(790,13): error C2664: 'void ShadowStrike::Utils::Logger::LogEx(ShadowStrike::Utils::LogLevel,const wchar_t *,const wchar_t *,int,const wchar_t *,const wchar_t *,...)' : 2 ba─ş─▒ms─▒z de─şi┼şkeni 'const char [15]' de─şerinden 'const wchar_t *' de─şerine d├Ân├╝┼şt├╝r├╝lemez [C:\ShadowStrike\ShadowStrike\ShadowStrike.vcxproj]
  ('/src/Shared_modules/Core/System/DriverAnalyzer.cpp' kaynak dosyas─▒ derleniyor)
      C:\ShadowStrike\ShadowStrike\src\Shared_modules\Core\System\DriverAnalyzer.cpp(790,13):
      ─░┼şaretlenen t├╝rler ilgisiz; d├Ân├╝┼şt├╝rme reinterpret_cast, C stili t├╝r d├Ân├╝┼şt├╝rme veya parantez i├ğine al─▒nm─▒┼ş i┼şlev stili t├╝r d├Ân├╝┼şt├╝rme gerektiriyor
      C:\ShadowStrike\ShadowStrike\src\Shared_modules\Utils\Logger.hpp(207,9):
      'ShadowStrike::Utils::Logger::LogEx' bildirimine bak─▒n
      C:\ShadowStrike\ShadowStrike\src\Shared_modules\Core\System\DriverAnalyzer.cpp(790,13):
      '(ShadowStrike::Utils::LogLevel, const char [15], const wchar_t *, int, const wchar_t *, const char [41], const char *)' ba─ş─▒ms─▒z de─şi┼şken listesi e┼şlenmeye ├ğal─▒┼ş─▒l─▒rken
  
C:\ShadowStrike\ShadowStrike\src\Shared_modules\Core\Registry\RegistryMonitor.cpp(281,33): error C2653: 'StringUtils': bir s─▒n─▒f veya ad alan─▒ ad─▒ de─şil [C:\ShadowStrike\ShadowStrike\ShadowStrike.vcxproj]
  ('/src/Shared_modules/Core/Registry/RegistryMonitor.cpp' kaynak dosyas─▒ derleniyor)
  
C:\ShadowStrike\ShadowStrike\src\Shared_modules\Core\Registry\RegistryMonitor.cpp(281,46): error C3861: 'ToLower': tan─▒mlay─▒c─▒ bulunamad─▒ [C:\ShadowStrike\ShadowStrike\ShadowStrike.vcxproj]
  ('/src/Shared_modules/Core/Registry/RegistryMonitor.cpp' kaynak dosyas─▒ derleniyor)
  
C:\ShadowStrike\ShadowStrike\src\Shared_modules\Core\System\DriverAnalyzer.cpp(797,27): error C2039: 'Instance': bir 'ShadowStrike::HashStore' ├╝yesi de─şil [C:\ShadowStrike\ShadowStrike\ShadowStrike.vcxproj]
  ('/src/Shared_modules/Core/System/DriverAnalyzer.cpp' kaynak dosyas─▒ derleniyor)
      C:\ShadowStrike\ShadowStrike\src\Shared_modules\HashStore\HashStore.hpp(66,11):
      'ShadowStrike::HashStore' bildirimine bak─▒n
  
C:\ShadowStrike\ShadowStrike\src\Shared_modules\Core\System\DriverAnalyzer.cpp(797,27): error C3861: 'Instance': tan─▒mlay─▒c─▒ bulunamad─▒ [C:\ShadowStrike\ShadowStrike\ShadowStrike.vcxproj]
  ('/src/Shared_modules/Core/System/DriverAnalyzer.cpp' kaynak dosyas─▒ derleniyor)
  
C:\ShadowStrike\ShadowStrike\src\Shared_modules\Core\Registry\RegistryMonitor.cpp(291,30): error C2653: 'StringUtils': bir s─▒n─▒f veya ad alan─▒ ad─▒ de─şil [C:\ShadowStrike\ShadowStrike\ShadowStrike.vcxproj]
  ('/src/Shared_modules/Core/Registry/RegistryMonitor.cpp' kaynak dosyas─▒ derleniyor)
  
C:\ShadowStrike\ShadowStrike\src\Shared_modules\Core\Registry\RegistryMonitor.cpp(291,43): error C3861: 'ToLower': tan─▒mlay─▒c─▒ bulunamad─▒ [C:\ShadowStrike\ShadowStrike\ShadowStrike.vcxproj]
  ('/src/Shared_modules/Core/Registry/RegistryMonitor.cpp' kaynak dosyas─▒ derleniyor)
  
C:\ShadowStrike\ShadowStrike\src\Shared_modules\Core\System\EventLogger.cpp(1662,45): error C2660: 'ShadowStrike::Utils::NetworkUtils::HttpPost': i┼şlev 9 ba─ş─▒ms─▒z de─şi┼şken alm─▒yor [C:\ShadowStrike\ShadowStrike\ShadowStrike.vcxproj]
  ('/src/Shared_modules/Core/System/EventLogger.cpp' kaynak dosyas─▒ derleniyor)
      C:\ShadowStrike\ShadowStrike\src\Shared_modules\Utils\NetworkUtils.hpp(533,9):
      'ShadowStrike::Utils::NetworkUtils::HttpPost' bildirimine bak─▒n
      C:\ShadowStrike\ShadowStrike\src\Shared_modules\Core\System\EventLogger.cpp(1662,45):
      '(<error type>, uint16_t, const char [2], std::string, const char [11], initializer list, bool, int, ShadowStrike::Utils::NetworkUtils::Error *)' ba─ş─▒ms─▒z de─şi┼şken listesi e┼şlenmeye ├ğal─▒┼ş─▒l─▒rken
  
C:\ShadowStrike\ShadowStrike\src\Shared_modules\Core\Registry\RegistryMonitor.cpp(297,30): error C2653: 'StringUtils': bir s─▒n─▒f veya ad alan─▒ ad─▒ de─şil [C:\ShadowStrike\ShadowStrike\ShadowStrike.vcxproj]
  ('/src/Shared_modules/Core/Registry/RegistryMonitor.cpp' kaynak dosyas─▒ derleniyor)
  
C:\ShadowStrike\ShadowStrike\src\Shared_modules\Core\Registry\RegistryMonitor.cpp(297,43): error C3861: 'ToLower': tan─▒mlay─▒c─▒ bulunamad─▒ [C:\ShadowStrike\ShadowStrike\ShadowStrike.vcxproj]
  ('/src/Shared_modules/Core/Registry/RegistryMonitor.cpp' kaynak dosyas─▒ derleniyor)
  
C:\ShadowStrike\ShadowStrike\src\Shared_modules\Core\Registry\RegistryMonitor.cpp(300,33): error C2653: 'StringUtils': bir s─▒n─▒f veya ad alan─▒ ad─▒ de─şil [C:\ShadowStrike\ShadowStrike\ShadowStrike.vcxproj]
  ('/src/Shared_modules/Core/Registry/RegistryMonitor.cpp' kaynak dosyas─▒ derleniyor)
  
C:\ShadowStrike\ShadowStrike\src\Shared_modules\Core\Registry\RegistryMonitor.cpp(300,46): error C3861: 'ToLower': tan─▒mlay─▒c─▒ bulunamad─▒ [C:\ShadowStrike\ShadowStrike\ShadowStrike.vcxproj]
  ('/src/Shared_modules/Core/Registry/RegistryMonitor.cpp' kaynak dosyas─▒ derleniyor)
  
C:\ShadowStrike\ShadowStrike\src\Shared_modules\Core\System\DriverAnalyzer.cpp(810,13): error C2664: 'void ShadowStrike::Utils::Logger::LogEx(ShadowStrike::Utils::LogLevel,const wchar_t *,const wchar_t *,int,const wchar_t *,const wchar_t *,...)' : 2 ba─ş─▒ms─▒z de─şi┼şkeni 'const char [15]' de─şerinden 'const wchar_t *' de─şerine d├Ân├╝┼şt├╝r├╝lemez [C:\ShadowStrike\ShadowStrike\ShadowStrike.vcxproj]
  ('/src/Shared_modules/Core/System/DriverAnalyzer.cpp' kaynak dosyas─▒ derleniyor)
      C:\ShadowStrike\ShadowStrike\src\Shared_modules\Core\System\DriverAnalyzer.cpp(810,13):
      ─░┼şaretlenen t├╝rler ilgisiz; d├Ân├╝┼şt├╝rme reinterpret_cast, C stili t├╝r d├Ân├╝┼şt├╝rme veya parantez i├ğine al─▒nm─▒┼ş i┼şlev stili t├╝r d├Ân├╝┼şt├╝rme gerektiriyor
      C:\ShadowStrike\ShadowStrike\src\Shared_modules\Utils\Logger.hpp(207,9):
      'ShadowStrike::Utils::Logger::LogEx' bildirimine bak─▒n
      C:\ShadowStrike\ShadowStrike\src\Shared_modules\Core\System\DriverAnalyzer.cpp(810,13):
      '(ShadowStrike::Utils::LogLevel, const char [15], const wchar_t *, int, const wchar_t *, const char [29])' ba─ş─▒ms─▒z de─şi┼şken listesi e┼şlenmeye ├ğal─▒┼ş─▒l─▒rken
  
C:\ShadowStrike\ShadowStrike\src\Shared_modules\Core\Registry\RegistryMonitor.cpp(310,30): error C2653: 'StringUtils': bir s─▒n─▒f veya ad alan─▒ ad─▒ de─şil [C:\ShadowStrike\ShadowStrike\ShadowStrike.vcxproj]
  ('/src/Shared_modules/Core/Registry/RegistryMonitor.cpp' kaynak dosyas─▒ derleniyor)
  
C:\ShadowStrike\ShadowStrike\src\Shared_modules\Core\Registry\RegistryMonitor.cpp(310,43): error C3861: 'ToLower': tan─▒mlay─▒c─▒ bulunamad─▒ [C:\ShadowStrike\ShadowStrike\ShadowStrike.vcxproj]
  ('/src/Shared_modules/Core/Registry/RegistryMonitor.cpp' kaynak dosyas─▒ derleniyor)
  
C:\ShadowStrike\ShadowStrike\src\Shared_modules\Core\Registry\RegistryMonitor.cpp(313,33): error C2653: 'StringUtils': bir s─▒n─▒f veya ad alan─▒ ad─▒ de─şil [C:\ShadowStrike\ShadowStrike\ShadowStrike.vcxproj]
  ('/src/Shared_modules/Core/Registry/RegistryMonitor.cpp' kaynak dosyas─▒ derleniyor)
  
C:\ShadowStrike\ShadowStrike\src\Shared_modules\Core\Registry\RegistryMonitor.cpp(313,46): error C3861: 'ToLower': tan─▒mlay─▒c─▒ bulunamad─▒ [C:\ShadowStrike\ShadowStrike\ShadowStrike.vcxproj]
  ('/src/Shared_modules/Core/Registry/RegistryMonitor.cpp' kaynak dosyas─▒ derleniyor)
  
C:\ShadowStrike\ShadowStrike\src\Shared_modules\Core\Registry\RegistryMonitor.cpp(323,30): error C2653: 'StringUtils': bir s─▒n─▒f veya ad alan─▒ ad─▒ de─şil [C:\ShadowStrike\ShadowStrike\ShadowStrike.vcxproj]
  ('/src/Shared_modules/Core/Registry/RegistryMonitor.cpp' kaynak dosyas─▒ derleniyor)
  
C:\ShadowStrike\ShadowStrike\src\Shared_modules\Core\Registry\RegistryMonitor.cpp(323,43): error C3861: 'ToLower': tan─▒mlay─▒c─▒ bulunamad─▒ [C:\ShadowStrike\ShadowStrike\ShadowStrike.vcxproj]
  ('/src/Shared_modules/Core/Registry/RegistryMonitor.cpp' kaynak dosyas─▒ derleniyor)
  
C:\ShadowStrike\ShadowStrike\src\Shared_modules\Core\Registry\RegistryMonitor.cpp(326,33): error C2653: 'StringUtils': bir s─▒n─▒f veya ad alan─▒ ad─▒ de─şil [C:\ShadowStrike\ShadowStrike\ShadowStrike.vcxproj]
  ('/src/Shared_modules/Core/Registry/RegistryMonitor.cpp' kaynak dosyas─▒ derleniyor)
  
C:\ShadowStrike\ShadowStrike\src\Shared_modules\Core\Registry\RegistryMonitor.cpp(326,46): error C3861: 'ToLower': tan─▒mlay─▒c─▒ bulunamad─▒ [C:\ShadowStrike\ShadowStrike\ShadowStrike.vcxproj]
  ('/src/Shared_modules/Core/Registry/RegistryMonitor.cpp' kaynak dosyas─▒ derleniyor)
  
C:\ShadowStrike\ShadowStrike\src\Shared_modules\Core\Registry\RegistryMonitor.cpp(342,30): error C2653: 'StringUtils': bir s─▒n─▒f veya ad alan─▒ ad─▒ de─şil [C:\ShadowStrike\ShadowStrike\ShadowStrike.vcxproj]
  ('/src/Shared_modules/Core/Registry/RegistryMonitor.cpp' kaynak dosyas─▒ derleniyor)
  
C:\ShadowStrike\ShadowStrike\src\Shared_modules\Core\Registry\RegistryMonitor.cpp(342,43): error C3861: 'ToLower': tan─▒mlay─▒c─▒ bulunamad─▒ [C:\ShadowStrike\ShadowStrike\ShadowStrike.vcxproj]
  ('/src/Shared_modules/Core/Registry/RegistryMonitor.cpp' kaynak dosyas─▒ derleniyor)
  
C:\ShadowStrike\ShadowStrike\src\Shared_modules\Core\System\EventLogger.cpp(1718,54): error C2838: 'XPRESS_HUFF': ├╝ye bildiriminde ge├ğersiz tam ad [C:\ShadowStrike\ShadowStrike\ShadowStrike.vcxproj]
  ('/src/Shared_modules/Core/System/EventLogger.cpp' kaynak dosyas─▒ derleniyor)
  
C:\ShadowStrike\ShadowStrike\src\Shared_modules\Core\System\EventLogger.cpp(1718,54): error C2065: 'XPRESS_HUFF': bildirimi yap─▒lmam─▒┼ş tan─▒mlay─▒c─▒ [C:\ShadowStrike\ShadowStrike\ShadowStrike.vcxproj]
  ('/src/Shared_modules/Core/System/EventLogger.cpp' kaynak dosyas─▒ derleniyor)
  
C:\ShadowStrike\ShadowStrike\src\Shared_modules\Core\System\DriverAnalyzer.cpp(874,13): error C2664: 'void ShadowStrike::Utils::Logger::LogEx(ShadowStrike::Utils::LogLevel,const wchar_t *,const wchar_t *,int,const wchar_t *,const wchar_t *,...)' : 2 ba─ş─▒ms─▒z de─şi┼şkeni 'const char [15]' de─şerinden 'const wchar_t *' de─şerine d├Ân├╝┼şt├╝r├╝lemez [C:\ShadowStrike\ShadowStrike\ShadowStrike.vcxproj]
  ('/src/Shared_modules/Core/System/DriverAnalyzer.cpp' kaynak dosyas─▒ derleniyor)
      C:\ShadowStrike\ShadowStrike\src\Shared_modules\Core\System\DriverAnalyzer.cpp(874,13):
      ─░┼şaretlenen t├╝rler ilgisiz; d├Ân├╝┼şt├╝rme reinterpret_cast, C stili t├╝r d├Ân├╝┼şt├╝rme veya parantez i├ğine al─▒nm─▒┼ş i┼şlev stili t├╝r d├Ân├╝┼şt├╝rme gerektiriyor
      C:\ShadowStrike\ShadowStrike\src\Shared_modules\Utils\Logger.hpp(207,9):
      'ShadowStrike::Utils::Logger::LogEx' bildirimine bak─▒n
      C:\ShadowStrike\ShadowStrike\src\Shared_modules\Core\System\DriverAnalyzer.cpp(874,13):
      '(ShadowStrike::Utils::LogLevel, const char [15], const wchar_t *, int, const wchar_t *, const char [82], uint32_t, uint32_t, uint32_t, uint32_t, _Rep)' ba─ş─▒ms─▒z de─şi┼şken listesi e┼şlenmeye ├ğal─▒┼ş─▒l─▒rken
          with
          [
              _Rep=__int64
          ]
  
C:\ShadowStrike\ShadowStrike\src\Shared_modules\Core\System\DriverAnalyzer.cpp(879,13): error C2664: 'void ShadowStrike::Utils::Logger::LogEx(ShadowStrike::Utils::LogLevel,const wchar_t *,const wchar_t *,int,const wchar_t *,const wchar_t *,...)' : 2 ba─ş─▒ms─▒z de─şi┼şkeni 'const char [15]' de─şerinden 'const wchar_t *' de─şerine d├Ân├╝┼şt├╝r├╝lemez [C:\ShadowStrike\ShadowStrike\ShadowStrike.vcxproj]
  ('/src/Shared_modules/Core/System/DriverAnalyzer.cpp' kaynak dosyas─▒ derleniyor)
      C:\ShadowStrike\ShadowStrike\src\Shared_modules\Core\System\DriverAnalyzer.cpp(879,13):
      ─░┼şaretlenen t├╝rler ilgisiz; d├Ân├╝┼şt├╝rme reinterpret_cast, C stili t├╝r d├Ân├╝┼şt├╝rme veya parantez i├ğine al─▒nm─▒┼ş i┼şlev stili t├╝r d├Ân├╝┼şt├╝rme gerektiriyor
      C:\ShadowStrike\ShadowStrike\src\Shared_modules\Utils\Logger.hpp(207,9):
      'ShadowStrike::Utils::Logger::LogEx' bildirimine bak─▒n
      C:\ShadowStrike\ShadowStrike\src\Shared_modules\Core\System\DriverAnalyzer.cpp(879,13):
      '(ShadowStrike::Utils::LogLevel, const char [15], const wchar_t *, int, const wchar_t *, const char [30], const char *)' ba─ş─▒ms─▒z de─şi┼şken listesi e┼şlenmeye ├ğal─▒┼ş─▒l─▒rken
  
C:\ShadowStrike\ShadowStrike\src\Products\PhantomHome\GameMode\GameProcessDetector.hpp(125,10): error C1083: i├ğerme dosyas─▒ a├ğ─▒lam─▒yor: '../Utils/Logger.hpp': No such file or directory [C:\ShadowStrike\ShadowStrike\ShadowStrike.vcxproj]
  ('/src/Products/PhantomHome/GameMode/GameProcessDetector.cpp' kaynak dosyas─▒ derleniyor)
  
C:\ShadowStrike\ShadowStrike\src\Shared_modules\Core\Registry\SystemSettingsMonitor.cpp(667,21): error C3861: 'Info': tan─▒mlay─▒c─▒ bulunamad─▒ [C:\ShadowStrike\ShadowStrike\ShadowStrike.vcxproj]
  ('/src/Shared_modules/Core/Registry/SystemSettingsMonitor.cpp' kaynak dosyas─▒ derleniyor)
  
C:\ShadowStrike\ShadowStrike\src\Shared_modules\Core\Registry\SystemSettingsMonitor.cpp(675,13): error C2653: 'Logger': bir s─▒n─▒f veya ad alan─▒ ad─▒ de─şil [C:\ShadowStrike\ShadowStrike\ShadowStrike.vcxproj]
  ('/src/Shared_modules/Core/Registry/SystemSettingsMonitor.cpp' kaynak dosyas─▒ derleniyor)
  
C:\ShadowStrike\ShadowStrike\src\Shared_modules\Core\System\DriverAnalyzer.cpp(939,13): error C2653: 'HashUtils': bir s─▒n─▒f veya ad alan─▒ ad─▒ de─şil [C:\ShadowStrike\ShadowStrike\ShadowStrike.vcxproj]
  ('/src/Shared_modules/Core/System/DriverAnalyzer.cpp' kaynak dosyas─▒ derleniyor)
  
C:\ShadowStrike\ShadowStrike\src\Shared_modules\Core\Registry\SystemSettingsMonitor.cpp(675,21): error C3861: 'Error': tan─▒mlay─▒c─▒ bulunamad─▒ [C:\ShadowStrike\ShadowStrike\ShadowStrike.vcxproj]
  ('/src/Shared_modules/Core/Registry/SystemSettingsMonitor.cpp' kaynak dosyas─▒ derleniyor)
  
C:\ShadowStrike\ShadowStrike\src\Shared_modules\Core\System\DriverAnalyzer.cpp(939,24): error C2065: 'Error': bildirimi yap─▒lmam─▒┼ş tan─▒mlay─▒c─▒ [C:\ShadowStrike\ShadowStrike\ShadowStrike.vcxproj]
  ('/src/Shared_modules/Core/System/DriverAnalyzer.cpp' kaynak dosyas─▒ derleniyor)
  
C:\ShadowStrike\ShadowStrike\src\Shared_modules\Core\System\DriverAnalyzer.cpp(939,30): error C2146: s├Âzdizimi hatas─▒: ';' eksik ('err' tan─▒mlay─▒c─▒s─▒ndan ├Ânce) [C:\ShadowStrike\ShadowStrike\ShadowStrike.vcxproj]
  ('/src/Shared_modules/Core/System/DriverAnalyzer.cpp' kaynak dosyas─▒ derleniyor)
  
C:\ShadowStrike\ShadowStrike\src\Shared_modules\Core\System\DriverAnalyzer.cpp(939,30): error C2065: 'err': bildirimi yap─▒lmam─▒┼ş tan─▒mlay─▒c─▒ [C:\ShadowStrike\ShadowStrike\ShadowStrike.vcxproj]
  ('/src/Shared_modules/Core/System/DriverAnalyzer.cpp' kaynak dosyas─▒ derleniyor)
  
C:\ShadowStrike\ShadowStrike\src\Shared_modules\Core\System\DriverAnalyzer.cpp(941,18): error C2653: 'HashUtils': bir s─▒n─▒f veya ad alan─▒ ad─▒ de─şil [C:\ShadowStrike\ShadowStrike\ShadowStrike.vcxproj]
  ('/src/Shared_modules/Core/System/DriverAnalyzer.cpp' kaynak dosyas─▒ derleniyor)
  
C:\ShadowStrike\ShadowStrike\src\Shared_modules\Core\System\DriverAnalyzer.cpp(941,41): error C2065: 'alg': bildirimi yap─▒lmam─▒┼ş tan─▒mlay─▒c─▒ [C:\ShadowStrike\ShadowStrike\ShadowStrike.vcxproj]
  ('/src/Shared_modules/Core/System/DriverAnalyzer.cpp' kaynak dosyas─▒ derleniyor)
  
C:\ShadowStrike\ShadowStrike\src\Shared_modules\Core\System\DriverAnalyzer.cpp(941,61): error C2065: 'err': bildirimi yap─▒lmam─▒┼ş tan─▒mlay─▒c─▒ [C:\ShadowStrike\ShadowStrike\ShadowStrike.vcxproj]
  ('/src/Shared_modules/Core/System/DriverAnalyzer.cpp' kaynak dosyas─▒ derleniyor)
  
C:\ShadowStrike\ShadowStrike\src\Shared_modules\Core\System\DriverAnalyzer.cpp(941,29): error C3861: 'ComputeFile': tan─▒mlay─▒c─▒ bulunamad─▒ [C:\ShadowStrike\ShadowStrike\ShadowStrike.vcxproj]
  ('/src/Shared_modules/Core/System/DriverAnalyzer.cpp' kaynak dosyas─▒ derleniyor)
  
C:\ShadowStrike\ShadowStrike\src\Shared_modules\Core\Registry\SystemSettingsMonitor.cpp(707,35): error C2039: 'WriteDword': bir 'ShadowStrike::Utils::RegistryUtils' ├╝yesi de─şil [C:\ShadowStrike\ShadowStrike\ShadowStrike.vcxproj]
  ('/src/Shared_modules/Core/Registry/SystemSettingsMonitor.cpp' kaynak dosyas─▒ derleniyor)
      C:\ShadowStrike\ShadowStrike\src\Shared_modules\Utils\RegistryUtils.hpp(57,13):
      'ShadowStrike::Utils::RegistryUtils' bildirimine bak─▒n
  
C:\ShadowStrike\ShadowStrike\src\Shared_modules\Core\System\DriverAnalyzer.cpp(942,17): error C2653: 'StringUtils': bir s─▒n─▒f veya ad alan─▒ ad─▒ de─şil [C:\ShadowStrike\ShadowStrike\ShadowStrike.vcxproj]
  ('/src/Shared_modules/Core/System/DriverAnalyzer.cpp' kaynak dosyas─▒ derleniyor)
  
C:\ShadowStrike\ShadowStrike\src\Shared_modules\Core\Registry\SystemSettingsMonitor.cpp(707,35): error C3861: 'WriteDword': tan─▒mlay─▒c─▒ bulunamad─▒ [C:\ShadowStrike\ShadowStrike\ShadowStrike.vcxproj]
  ('/src/Shared_modules/Core/Registry/SystemSettingsMonitor.cpp' kaynak dosyas─▒ derleniyor)
  
C:\ShadowStrike\ShadowStrike\src\Shared_modules\Core\System\DriverAnalyzer.cpp(942,17): error C3861: 'WideToUtf8': tan─▒mlay─▒c─▒ bulunamad─▒ [C:\ShadowStrike\ShadowStrike\ShadowStrike.vcxproj]
  ('/src/Shared_modules/Core/System/DriverAnalyzer.cpp' kaynak dosyas─▒ derleniyor)
  
C:\ShadowStrike\ShadowStrike\src\Shared_modules\Core\System\DriverAnalyzer.cpp(942,17): error C2065: 'err': bildirimi yap─▒lmam─▒┼ş tan─▒mlay─▒c─▒ [C:\ShadowStrike\ShadowStrike\ShadowStrike.vcxproj]
  ('/src/Shared_modules/Core/System/DriverAnalyzer.cpp' kaynak dosyas─▒ derleniyor)
  
C:\ShadowStrike\ShadowStrike\src\Shared_modules\Core\System\DriverAnalyzer.cpp(942,17): error C2664: 'void ShadowStrike::Utils::Logger::LogEx(ShadowStrike::Utils::LogLevel,const wchar_t *,const wchar_t *,int,const wchar_t *,const wchar_t *,...)' : 2 ba─ş─▒ms─▒z de─şi┼şkeni 'const char [15]' de─şerinden 'const wchar_t *' de─şerine d├Ân├╝┼şt├╝r├╝lemez [C:\ShadowStrike\ShadowStrike\ShadowStrike.vcxproj]
  ('/src/Shared_modules/Core/System/DriverAnalyzer.cpp' kaynak dosyas─▒ derleniyor)
      C:\ShadowStrike\ShadowStrike\src\Shared_modules\Core\System\DriverAnalyzer.cpp(942,17):
      ─░┼şaretlenen t├╝rler ilgisiz; d├Ân├╝┼şt├╝rme reinterpret_cast, C stili t├╝r d├Ân├╝┼şt├╝rme veya parantez i├ğine al─▒nm─▒┼ş i┼şlev stili t├╝r d├Ân├╝┼şt├╝rme gerektiriyor
      C:\ShadowStrike\ShadowStrike\src\Shared_modules\Utils\Logger.hpp(207,9):
      'ShadowStrike::Utils::Logger::LogEx' bildirimine bak─▒n
      C:\ShadowStrike\ShadowStrike\src\Shared_modules\Core\System\DriverAnalyzer.cpp(942,17):
      '(ShadowStrike::Utils::LogLevel, const char [15], const wchar_t *, int, const wchar_t *, const char [40], <error type>)' ba─ş─▒ms─▒z de─şi┼şken listesi e┼şlenmeye ├ğal─▒┼ş─▒l─▒rken
  
C:\ShadowStrike\ShadowStrike\src\Shared_modules\Core\Registry\SystemSettingsMonitor.cpp(713,35): error C2039: 'WriteDword': bir 'ShadowStrike::Utils::RegistryUtils' ├╝yesi de─şil [C:\ShadowStrike\ShadowStrike\ShadowStrike.vcxproj]
  ('/src/Shared_modules/Core/Registry/SystemSettingsMonitor.cpp' kaynak dosyas─▒ derleniyor)
      C:\ShadowStrike\ShadowStrike\src\Shared_modules\Utils\RegistryUtils.hpp(57,13):
      'ShadowStrike::Utils::RegistryUtils' bildirimine bak─▒n
  
C:\ShadowStrike\ShadowStrike\src\Shared_modules\Core\Registry\SystemSettingsMonitor.cpp(713,35): error C3861: 'WriteDword': tan─▒mlay─▒c─▒ bulunamad─▒ [C:\ShadowStrike\ShadowStrike\ShadowStrike.vcxproj]
  ('/src/Shared_modules/Core/Registry/SystemSettingsMonitor.cpp' kaynak dosyas─▒ derleniyor)
  
C:\ShadowStrike\ShadowStrike\src\Shared_modules\Core\Registry\SystemSettingsMonitor.cpp(716,13): error C2653: 'Logger': bir s─▒n─▒f veya ad alan─▒ ad─▒ de─şil [C:\ShadowStrike\ShadowStrike\ShadowStrike.vcxproj]
  ('/src/Shared_modules/Core/Registry/SystemSettingsMonitor.cpp' kaynak dosyas─▒ derleniyor)
  
C:\ShadowStrike\ShadowStrike\src\Shared_modules\Core\System\DriverAnalyzer.cpp(947,20): error C2653: 'HashUtils': bir s─▒n─▒f veya ad alan─▒ ad─▒ de─şil [C:\ShadowStrike\ShadowStrike\ShadowStrike.vcxproj]
  ('/src/Shared_modules/Core/System/DriverAnalyzer.cpp' kaynak dosyas─▒ derleniyor)
  
C:\ShadowStrike\ShadowStrike\src\Shared_modules\Core\Registry\SystemSettingsMonitor.cpp(716,21): error C3861: 'Info': tan─▒mlay─▒c─▒ bulunamad─▒ [C:\ShadowStrike\ShadowStrike\ShadowStrike.vcxproj]
  ('/src/Shared_modules/Core/Registry/SystemSettingsMonitor.cpp' kaynak dosyas─▒ derleniyor)
  
C:\ShadowStrike\ShadowStrike\src\Shared_modules\Core\System\DriverAnalyzer.cpp(947,31): error C3861: 'ToHexLower': tan─▒mlay─▒c─▒ bulunamad─▒ [C:\ShadowStrike\ShadowStrike\ShadowStrike.vcxproj]
  ('/src/Shared_modules/Core/System/DriverAnalyzer.cpp' kaynak dosyas─▒ derleniyor)
  
C:\ShadowStrike\ShadowStrike\src\Shared_modules\Core\Registry\SystemSettingsMonitor.cpp(723,13): error C2653: 'Logger': bir s─▒n─▒f veya ad alan─▒ ad─▒ de─şil [C:\ShadowStrike\ShadowStrike\ShadowStrike.vcxproj]
  ('/src/Shared_modules/Core/Registry/SystemSettingsMonitor.cpp' kaynak dosyas─▒ derleniyor)
  
C:\ShadowStrike\ShadowStrike\src\Shared_modules\Core\Registry\SystemSettingsMonitor.cpp(723,21): error C3861: 'Error': tan─▒mlay─▒c─▒ bulunamad─▒ [C:\ShadowStrike\ShadowStrike\ShadowStrike.vcxproj]
  ('/src/Shared_modules/Core/Registry/SystemSettingsMonitor.cpp' kaynak dosyas─▒ derleniyor)
  
C:\ShadowStrike\ShadowStrike\src\Shared_modules\Core\System\DriverAnalyzer.cpp(972,21): error C2653: 'StringUtils': bir s─▒n─▒f veya ad alan─▒ ad─▒ de─şil [C:\ShadowStrike\ShadowStrike\ShadowStrike.vcxproj]
  ('/src/Shared_modules/Core/System/DriverAnalyzer.cpp' kaynak dosyas─▒ derleniyor)
  
C:\ShadowStrike\ShadowStrike\src\Shared_modules\Core\System\DriverAnalyzer.cpp(972,21): error C3861: 'WideToUtf8': tan─▒mlay─▒c─▒ bulunamad─▒ [C:\ShadowStrike\ShadowStrike\ShadowStrike.vcxproj]
  ('/src/Shared_modules/Core/System/DriverAnalyzer.cpp' kaynak dosyas─▒ derleniyor)
  
C:\ShadowStrike\ShadowStrike\src\Shared_modules\Core\System\EventLogger.cpp(1729,65): error C2039: 'WideToUtf8': bir 'ShadowStrike::Utils::StringUtils' ├╝yesi de─şil [C:\ShadowStrike\ShadowStrike\ShadowStrike.vcxproj]
  ('/src/Shared_modules/Core/System/EventLogger.cpp' kaynak dosyas─▒ derleniyor)
      C:\ShadowStrike\ShadowStrike\src\Shared_modules\Utils\StringUtils.hpp(63,19):
      'ShadowStrike::Utils::StringUtils' bildirimine bak─▒n
  
C:\ShadowStrike\ShadowStrike\src\Shared_modules\Core\System\EventLogger.cpp(1729,65): error C3861: 'WideToUtf8': tan─▒mlay─▒c─▒ bulunamad─▒ [C:\ShadowStrike\ShadowStrike\ShadowStrike.vcxproj]
  ('/src/Shared_modules/Core/System/EventLogger.cpp' kaynak dosyas─▒ derleniyor)
  
C:\ShadowStrike\ShadowStrike\src\Shared_modules\Core\System\EventLogger.cpp(1735,30): error C2039: 'WideToUtf8': bir 'ShadowStrike::Utils::StringUtils' ├╝yesi de─şil [C:\ShadowStrike\ShadowStrike\ShadowStrike.vcxproj]
  ('/src/Shared_modules/Core/System/EventLogger.cpp' kaynak dosyas─▒ derleniyor)
      C:\ShadowStrike\ShadowStrike\src\Shared_modules\Utils\StringUtils.hpp(63,19):
      'ShadowStrike::Utils::StringUtils' bildirimine bak─▒n
  
C:\ShadowStrike\ShadowStrike\src\Shared_modules\Core\System\DriverAnalyzer.cpp(972,21): error C2664: 'void ShadowStrike::Utils::Logger::LogEx(ShadowStrike::Utils::LogLevel,const wchar_t *,const wchar_t *,int,const wchar_t *,const wchar_t *,...)' : 2 ba─ş─▒ms─▒z de─şi┼şkeni 'const char [15]' de─şerinden 'const wchar_t *' de─şerine d├Ân├╝┼şt├╝r├╝lemez [C:\ShadowStrike\ShadowStrike\ShadowStrike.vcxproj]
  ('/src/Shared_modules/Core/System/DriverAnalyzer.cpp' kaynak dosyas─▒ derleniyor)
      C:\ShadowStrike\ShadowStrike\src\Shared_modules\Core\System\DriverAnalyzer.cpp(972,21):
      ─░┼şaretlenen t├╝rler ilgisiz; d├Ân├╝┼şt├╝rme reinterpret_cast, C stili t├╝r d├Ân├╝┼şt├╝rme veya parantez i├ğine al─▒nm─▒┼ş i┼şlev stili t├╝r d├Ân├╝┼şt├╝rme gerektiriyor
      C:\ShadowStrike\ShadowStrike\src\Shared_modules\Utils\Logger.hpp(207,9):
      'ShadowStrike::Utils::Logger::LogEx' bildirimine bak─▒n
      C:\ShadowStrike\ShadowStrike\src\Shared_modules\Core\System\DriverAnalyzer.cpp(972,21):
      '(ShadowStrike::Utils::LogLevel, const char [15], const wchar_t *, int, const wchar_t *, const char [32], <error type>, const char *)' ba─ş─▒ms─▒z de─şi┼şken listesi e┼şlenmeye ├ğal─▒┼ş─▒l─▒rken
  
C:\ShadowStrike\ShadowStrike\src\Shared_modules\Core\Registry\SystemSettingsMonitor.cpp(773,35): error C2039: 'WriteDword': bir 'ShadowStrike::Utils::RegistryUtils' ├╝yesi de─şil [C:\ShadowStrike\ShadowStrike\ShadowStrike.vcxproj]
  ('/src/Shared_modules/Core/Registry/SystemSettingsMonitor.cpp' kaynak dosyas─▒ derleniyor)
      C:\ShadowStrike\ShadowStrike\src\Shared_modules\Utils\RegistryUtils.hpp(57,13):
      'ShadowStrike::Utils::RegistryUtils' bildirimine bak─▒n
  
C:\ShadowStrike\ShadowStrike\src\Shared_modules\Core\System\EventLogger.cpp(1735,30): error C3861: 'WideToUtf8': tan─▒mlay─▒c─▒ bulunamad─▒ [C:\ShadowStrike\ShadowStrike\ShadowStrike.vcxproj]
  ('/src/Shared_modules/Core/System/EventLogger.cpp' kaynak dosyas─▒ derleniyor)
  
C:\ShadowStrike\ShadowStrike\src\Shared_modules\Core\System\EventLogger.cpp(1735,30): error C1003: hata say─▒s─▒ 100 taneyi a┼şt─▒; derleme durduruluyor [C:\ShadowStrike\ShadowStrike\ShadowStrike.vcxproj]
  ('/src/Shared_modules/Core/System/EventLogger.cpp' kaynak dosyas─▒ derleniyor)
  
C:\ShadowStrike\ShadowStrike\src\Shared_modules\Core\Registry\SystemSettingsMonitor.cpp(773,35): error C3861: 'WriteDword': tan─▒mlay─▒c─▒ bulunamad─▒ [C:\ShadowStrike\ShadowStrike\ShadowStrike.vcxproj]
  ('/src/Shared_modules/Core/Registry/SystemSettingsMonitor.cpp' kaynak dosyas─▒ derleniyor)
  
C:\ShadowStrike\ShadowStrike\src\Shared_modules\Core\System\DriverAnalyzer.cpp(978,66): error C2653: 'HashUtils': bir s─▒n─▒f veya ad alan─▒ ad─▒ de─şil [C:\ShadowStrike\ShadowStrike\ShadowStrike.vcxproj]
  ('/src/Shared_modules/Core/System/DriverAnalyzer.cpp' kaynak dosyas─▒ derleniyor)
  
C:\ShadowStrike\ShadowStrike\src\Shared_modules\Core\System\DriverAnalyzer.cpp(978,88): error C2065: 'SHA256': bildirimi yap─▒lmam─▒┼ş tan─▒mlay─▒c─▒ [C:\ShadowStrike\ShadowStrike\ShadowStrike.vcxproj]
  ('/src/Shared_modules/Core/System/DriverAnalyzer.cpp' kaynak dosyas─▒ derleniyor)
  
C:\ShadowStrike\ShadowStrike\src\Shared_modules\Core\Registry\SystemSettingsMonitor.cpp(775,35): error C2039: 'WriteDword': bir 'ShadowStrike::Utils::RegistryUtils' ├╝yesi de─şil [C:\ShadowStrike\ShadowStrike\ShadowStrike.vcxproj]
  ('/src/Shared_modules/Core/Registry/SystemSettingsMonitor.cpp' kaynak dosyas─▒ derleniyor)
      C:\ShadowStrike\ShadowStrike\src\Shared_modules\Utils\RegistryUtils.hpp(57,13):
      'ShadowStrike::Utils::RegistryUtils' bildirimine bak─▒n
  
C:\ShadowStrike\ShadowStrike\src\Shared_modules\Core\System\DriverAnalyzer.cpp(979,64): error C2653: 'HashUtils': bir s─▒n─▒f veya ad alan─▒ ad─▒ de─şil [C:\ShadowStrike\ShadowStrike\ShadowStrike.vcxproj]
  ('/src/Shared_modules/Core/System/DriverAnalyzer.cpp' kaynak dosyas─▒ derleniyor)
  
C:\ShadowStrike\ShadowStrike\src\Shared_modules\Core\Registry\SystemSettingsMonitor.cpp(775,35): error C3861: 'WriteDword': tan─▒mlay─▒c─▒ bulunamad─▒ [C:\ShadowStrike\ShadowStrike\ShadowStrike.vcxproj]
  ('/src/Shared_modules/Core/Registry/SystemSettingsMonitor.cpp' kaynak dosyas─▒ derleniyor)
  
C:\ShadowStrike\ShadowStrike\src\Shared_modules\Core\System\DriverAnalyzer.cpp(979,86): error C2065: 'SHA1': bildirimi yap─▒lmam─▒┼ş tan─▒mlay─▒c─▒ [C:\ShadowStrike\ShadowStrike\ShadowStrike.vcxproj]
  ('/src/Shared_modules/Core/System/DriverAnalyzer.cpp' kaynak dosyas─▒ derleniyor)
  
C:\ShadowStrike\ShadowStrike\src\Shared_modules\Core\System\DriverAnalyzer.cpp(980,63): error C2653: 'HashUtils': bir s─▒n─▒f veya ad alan─▒ ad─▒ de─şil [C:\ShadowStrike\ShadowStrike\ShadowStrike.vcxproj]
  ('/src/Shared_modules/Core/System/DriverAnalyzer.cpp' kaynak dosyas─▒ derleniyor)
  
C:\ShadowStrike\ShadowStrike\src\Shared_modules\Core\Registry\SystemSettingsMonitor.cpp(777,35): error C2039: 'WriteDword': bir 'ShadowStrike::Utils::RegistryUtils' ├╝yesi de─şil [C:\ShadowStrike\ShadowStrike\ShadowStrike.vcxproj]
  ('/src/Shared_modules/Core/Registry/SystemSettingsMonitor.cpp' kaynak dosyas─▒ derleniyor)
      C:\ShadowStrike\ShadowStrike\src\Shared_modules\Utils\RegistryUtils.hpp(57,13):
      'ShadowStrike::Utils::RegistryUtils' bildirimine bak─▒n
  
C:\ShadowStrike\ShadowStrike\src\Shared_modules\Core\System\DriverAnalyzer.cpp(980,85): error C2065: 'MD5': bildirimi yap─▒lmam─▒┼ş tan─▒mlay─▒c─▒ [C:\ShadowStrike\ShadowStrike\ShadowStrike.vcxproj]
  ('/src/Shared_modules/Core/System/DriverAnalyzer.cpp' kaynak dosyas─▒ derleniyor)
  
C:\ShadowStrike\ShadowStrike\src\Shared_modules\Core\Registry\SystemSettingsMonitor.cpp(777,35): error C3861: 'WriteDword': tan─▒mlay─▒c─▒ bulunamad─▒ [C:\ShadowStrike\ShadowStrike\ShadowStrike.vcxproj]
  ('/src/Shared_modules/Core/Registry/SystemSettingsMonitor.cpp' kaynak dosyas─▒ derleniyor)
  
C:\ShadowStrike\ShadowStrike\src\Shared_modules\Core\Registry\SystemSettingsMonitor.cpp(780,13): error C2653: 'Logger': bir s─▒n─▒f veya ad alan─▒ ad─▒ de─şil [C:\ShadowStrike\ShadowStrike\ShadowStrike.vcxproj]
  ('/src/Shared_modules/Core/Registry/SystemSettingsMonitor.cpp' kaynak dosyas─▒ derleniyor)
  
C:\ShadowStrike\ShadowStrike\src\Shared_modules\Core\System\DriverAnalyzer.cpp(994,47): error C2653: 'StringUtils': bir s─▒n─▒f veya ad alan─▒ ad─▒ de─şil [C:\ShadowStrike\ShadowStrike\ShadowStrike.vcxproj]
  ('/src/Shared_modules/Core/System/DriverAnalyzer.cpp' kaynak dosyas─▒ derleniyor)
  
C:\ShadowStrike\ShadowStrike\src\Shared_modules\Core\Registry\SystemSettingsMonitor.cpp(780,21): error C3861: 'Info': tan─▒mlay─▒c─▒ bulunamad─▒ [C:\ShadowStrike\ShadowStrike\ShadowStrike.vcxproj]
  ('/src/Shared_modules/Core/Registry/SystemSettingsMonitor.cpp' kaynak dosyas─▒ derleniyor)
  
C:\ShadowStrike\ShadowStrike\src\Shared_modules\Core\System\DriverAnalyzer.cpp(994,60): error C3861: 'ToLower': tan─▒mlay─▒c─▒ bulunamad─▒ [C:\ShadowStrike\ShadowStrike\ShadowStrike.vcxproj]
  ('/src/Shared_modules/Core/System/DriverAnalyzer.cpp' kaynak dosyas─▒ derleniyor)
  
C:\ShadowStrike\ShadowStrike\src\Products\PhantomEDR\Forensics\MemoryDumper.hpp(133,10): error C1083: i├ğerme dosyas─▒ a├ğ─▒lam─▒yor: '../Utils/Logger.hpp': No such file or directory [C:\ShadowStrike\ShadowStrike\ShadowStrike.vcxproj]
  ('/src/Products/PhantomEDR/Forensics/MemoryDumper.cpp' kaynak dosyas─▒ derleniyor)
  
C:\ShadowStrike\ShadowStrike\src\Shared_modules\Core\Registry\SystemSettingsMonitor.cpp(787,13): error C2653: 'Logger': bir s─▒n─▒f veya ad alan─▒ ad─▒ de─şil [C:\ShadowStrike\ShadowStrike\ShadowStrike.vcxproj]
  ('/src/Shared_modules/Core/Registry/SystemSettingsMonitor.cpp' kaynak dosyas─▒ derleniyor)
  
C:\ShadowStrike\ShadowStrike\src\Shared_modules\Core\Registry\SystemSettingsMonitor.cpp(787,21): error C3861: 'Error': tan─▒mlay─▒c─▒ bulunamad─▒ [C:\ShadowStrike\ShadowStrike\ShadowStrike.vcxproj]
  ('/src/Shared_modules/Core/Registry/SystemSettingsMonitor.cpp' kaynak dosyas─▒ derleniyor)
  
C:\ShadowStrike\ShadowStrike\src\Shared_modules\Core\System\DriverAnalyzer.cpp(1005,13): error C2664: 'void ShadowStrike::Utils::Logger::LogEx(ShadowStrike::Utils::LogLevel,const wchar_t *,const wchar_t *,int,const wchar_t *,const wchar_t *,...)' : 2 ba─ş─▒ms─▒z de─şi┼şkeni 'const char [15]' de─şerinden 'const wchar_t *' de─şerine d├Ân├╝┼şt├╝r├╝lemez [C:\ShadowStrike\ShadowStrike\ShadowStrike.vcxproj]
  ('/src/Shared_modules/Core/System/DriverAnalyzer.cpp' kaynak dosyas─▒ derleniyor)
      C:\ShadowStrike\ShadowStrike\src\Shared_modules\Core\System\DriverAnalyzer.cpp(1005,13):
      ─░┼şaretlenen t├╝rler ilgisiz; d├Ân├╝┼şt├╝rme reinterpret_cast, C stili t├╝r d├Ân├╝┼şt├╝rme veya parantez i├ğine al─▒nm─▒┼ş i┼şlev stili t├╝r d├Ân├╝┼şt├╝rme gerektiriyor
      C:\ShadowStrike\ShadowStrike\src\Shared_modules\Utils\Logger.hpp(207,9):
      'ShadowStrike::Utils::Logger::LogEx' bildirimine bak─▒n
      C:\ShadowStrike\ShadowStrike\src\Shared_modules\Core\System\DriverAnalyzer.cpp(1005,13):
      '(ShadowStrike::Utils::LogLevel, const char [15], const wchar_t *, int, const wchar_t *, const char [36], const char *)' ba─ş─▒ms─▒z de─şi┼şken listesi e┼şlenmeye ├ğal─▒┼ş─▒l─▒rken
  
C:\ShadowStrike\ShadowStrike\src\Shared_modules\Core\System\DriverAnalyzer.cpp(1020,17): error C2653: 'StringUtils': bir s─▒n─▒f veya ad alan─▒ ad─▒ de─şil [C:\ShadowStrike\ShadowStrike\ShadowStrike.vcxproj]
  ('/src/Shared_modules/Core/System/DriverAnalyzer.cpp' kaynak dosyas─▒ derleniyor)
  
C:\ShadowStrike\ShadowStrike\src\Shared_modules\Core\System\DriverAnalyzer.cpp(1020,17): error C3861: 'WideToUtf8': tan─▒mlay─▒c─▒ bulunamad─▒ [C:\ShadowStrike\ShadowStrike\ShadowStrike.vcxproj]
  ('/src/Shared_modules/Core/System/DriverAnalyzer.cpp' kaynak dosyas─▒ derleniyor)
  
C:\ShadowStrike\ShadowStrike\src\Shared_modules\Core\System\DriverAnalyzer.cpp(1020,17): error C2664: 'void ShadowStrike::Utils::Logger::LogEx(ShadowStrike::Utils::LogLevel,const wchar_t *,const wchar_t *,int,const wchar_t *,const wchar_t *,...)' : 2 ba─ş─▒ms─▒z de─şi┼şkeni 'const char [15]' de─şerinden 'const wchar_t *' de─şerine d├Ân├╝┼şt├╝r├╝lemez [C:\ShadowStrike\ShadowStrike\ShadowStrike.vcxproj]
  ('/src/Shared_modules/Core/System/DriverAnalyzer.cpp' kaynak dosyas─▒ derleniyor)
      C:\ShadowStrike\ShadowStrike\src\Shared_modules\Core\System\DriverAnalyzer.cpp(1020,17):
      ─░┼şaretlenen t├╝rler ilgisiz; d├Ân├╝┼şt├╝rme reinterpret_cast, C stili t├╝r d├Ân├╝┼şt├╝rme veya parantez i├ğine al─▒nm─▒┼ş i┼şlev stili t├╝r d├Ân├╝┼şt├╝rme gerektiriyor
      C:\ShadowStrike\ShadowStrike\src\Shared_modules\Utils\Logger.hpp(207,9):
      'ShadowStrike::Utils::Logger::LogEx' bildirimine bak─▒n
      C:\ShadowStrike\ShadowStrike\src\Shared_modules\Core\System\DriverAnalyzer.cpp(1020,17):
      '(ShadowStrike::Utils::LogLevel, const char [15], const wchar_t *, int, const wchar_t *, const char [49], <error type>, DWORD, const DWORD)' ba─ş─▒ms─▒z de─şi┼şken listesi e┼şlenmeye ├ğal─▒┼ş─▒l─▒rken
  
C:\ShadowStrike\ShadowStrike\src\Shared_modules\Core\Registry\SystemSettingsMonitor.cpp(881,9): error C2653: 'Logger': bir s─▒n─▒f veya ad alan─▒ ad─▒ de─şil [C:\ShadowStrike\ShadowStrike\ShadowStrike.vcxproj]
  ('/src/Shared_modules/Core/Registry/SystemSettingsMonitor.cpp' kaynak dosyas─▒ derleniyor)
  
C:\ShadowStrike\ShadowStrike\src\Shared_modules\Core\Registry\SystemSettingsMonitor.cpp(881,17): error C3861: 'Info': tan─▒mlay─▒c─▒ bulunamad─▒ [C:\ShadowStrike\ShadowStrike\ShadowStrike.vcxproj]
  ('/src/Shared_modules/Core/Registry/SystemSettingsMonitor.cpp' kaynak dosyas─▒ derleniyor)
  
C:\ShadowStrike\ShadowStrike\src\Shared_modules\Core\Registry\SystemSettingsMonitor.cpp(888,13): error C2653: 'Logger': bir s─▒n─▒f veya ad alan─▒ ad─▒ de─şil [C:\ShadowStrike\ShadowStrike\ShadowStrike.vcxproj]
  ('/src/Shared_modules/Core/Registry/SystemSettingsMonitor.cpp' kaynak dosyas─▒ derleniyor)
  
C:\ShadowStrike\ShadowStrike\src\Shared_modules\Core\Registry\SystemSettingsMonitor.cpp(888,21): error C3861: 'Error': tan─▒mlay─▒c─▒ bulunamad─▒ [C:\ShadowStrike\ShadowStrike\ShadowStrike.vcxproj]
  ('/src/Shared_modules/Core/Registry/SystemSettingsMonitor.cpp' kaynak dosyas─▒ derleniyor)
  
C:\ShadowStrike\ShadowStrike\src\Shared_modules\Core\Registry\SystemSettingsMonitor.cpp(912,13): error C2653: 'Logger': bir s─▒n─▒f veya ad alan─▒ ad─▒ de─şil [C:\ShadowStrike\ShadowStrike\ShadowStrike.vcxproj]
  ('/src/Shared_modules/Core/Registry/SystemSettingsMonitor.cpp' kaynak dosyas─▒ derleniyor)
  
C:\ShadowStrike\ShadowStrike\src\Shared_modules\Core\Registry\SystemSettingsMonitor.cpp(912,21): error C3861: 'Info': tan─▒mlay─▒c─▒ bulunamad─▒ [C:\ShadowStrike\ShadowStrike\ShadowStrike.vcxproj]
  ('/src/Shared_modules/Core/Registry/SystemSettingsMonitor.cpp' kaynak dosyas─▒ derleniyor)
  
C:\ShadowStrike\ShadowStrike\src\Shared_modules\Core\Registry\SystemSettingsMonitor.cpp(919,13): error C2653: 'Logger': bir s─▒n─▒f veya ad alan─▒ ad─▒ de─şil [C:\ShadowStrike\ShadowStrike\ShadowStrike.vcxproj]
  ('/src/Shared_modules/Core/Registry/SystemSettingsMonitor.cpp' kaynak dosyas─▒ derleniyor)
  
C:\ShadowStrike\ShadowStrike\src\Shared_modules\Core\Registry\SystemSettingsMonitor.cpp(919,21): error C3861: 'Error': tan─▒mlay─▒c─▒ bulunamad─▒ [C:\ShadowStrike\ShadowStrike\ShadowStrike.vcxproj]
  ('/src/Shared_modules/Core/Registry/SystemSettingsMonitor.cpp' kaynak dosyas─▒ derleniyor)
  
C:\ShadowStrike\ShadowStrike\src\Shared_modules\Core\System\DriverAnalyzer.cpp(1084,13): error C2664: 'void ShadowStrike::Utils::Logger::LogEx(ShadowStrike::Utils::LogLevel,const wchar_t *,const wchar_t *,int,const wchar_t *,const wchar_t *,...)' : 2 ba─ş─▒ms─▒z de─şi┼şkeni 'const char [15]' de─şerinden 'const wchar_t *' de─şerine d├Ân├╝┼şt├╝r├╝lemez [C:\ShadowStrike\ShadowStrike\ShadowStrike.vcxproj]
  ('/src/Shared_modules/Core/System/DriverAnalyzer.cpp' kaynak dosyas─▒ derleniyor)
      C:\ShadowStrike\ShadowStrike\src\Shared_modules\Core\System\DriverAnalyzer.cpp(1084,13):
      ─░┼şaretlenen t├╝rler ilgisiz; d├Ân├╝┼şt├╝rme reinterpret_cast, C stili t├╝r d├Ân├╝┼şt├╝rme veya parantez i├ğine al─▒nm─▒┼ş i┼şlev stili t├╝r d├Ân├╝┼şt├╝rme gerektiriyor
      C:\ShadowStrike\ShadowStrike\src\Shared_modules\Utils\Logger.hpp(207,9):
      'ShadowStrike::Utils::Logger::LogEx' bildirimine bak─▒n
      C:\ShadowStrike\ShadowStrike\src\Shared_modules\Core\System\DriverAnalyzer.cpp(1084,13):
      '(ShadowStrike::Utils::LogLevel, const char [15], const wchar_t *, int, const wchar_t *, const char [37], const char *)' ba─ş─▒ms─▒z de─şi┼şken listesi e┼şlenmeye ├ğal─▒┼ş─▒l─▒rken
  
C:\ShadowStrike\ShadowStrike\src\Shared_modules\Core\System\DriverAnalyzer.cpp(1100,13): error C2653: 'CertUtils': bir s─▒n─▒f veya ad alan─▒ ad─▒ de─şil [C:\ShadowStrike\ShadowStrike\ShadowStrike.vcxproj]
  ('/src/Shared_modules/Core/System/DriverAnalyzer.cpp' kaynak dosyas─▒ derleniyor)
  
C:\ShadowStrike\ShadowStrike\src\Shared_modules\Core\Registry\SystemSettingsMonitor.cpp(1049,9): error C2653: 'Logger': bir s─▒n─▒f veya ad alan─▒ ad─▒ de─şil [C:\ShadowStrike\ShadowStrike\ShadowStrike.vcxproj]
  ('/src/Shared_modules/Core/Registry/SystemSettingsMonitor.cpp' kaynak dosyas─▒ derleniyor)
  
C:\ShadowStrike\ShadowStrike\src\Shared_modules\Core\System\DriverAnalyzer.cpp(1100,24): error C2065: 'Certificate': bildirimi yap─▒lmam─▒┼ş tan─▒mlay─▒c─▒ [C:\ShadowStrike\ShadowStrike\ShadowStrike.vcxproj]
  ('/src/Shared_modules/Core/System/DriverAnalyzer.cpp' kaynak dosyas─▒ derleniyor)
  
C:\ShadowStrike\ShadowStrike\src\Shared_modules\Core\Registry\SystemSettingsMonitor.cpp(1049,17): error C3861: 'Info': tan─▒mlay─▒c─▒ bulunamad─▒ [C:\ShadowStrike\ShadowStrike\ShadowStrike.vcxproj]
  ('/src/Shared_modules/Core/Registry/SystemSettingsMonitor.cpp' kaynak dosyas─▒ derleniyor)
  
C:\ShadowStrike\ShadowStrike\src\Shared_modules\Core\System\DriverAnalyzer.cpp(1100,36): error C2146: s├Âzdizimi hatas─▒: ';' eksik ('cert' tan─▒mlay─▒c─▒s─▒ndan ├Ânce) [C:\ShadowStrike\ShadowStrike\ShadowStrike.vcxproj]
  ('/src/Shared_modules/Core/System/DriverAnalyzer.cpp' kaynak dosyas─▒ derleniyor)
  
C:\ShadowStrike\ShadowStrike\src\Shared_modules\Core\System\DriverAnalyzer.cpp(1100,36): error C2065: 'cert': bildirimi yap─▒lmam─▒┼ş tan─▒mlay─▒c─▒ [C:\ShadowStrike\ShadowStrike\ShadowStrike.vcxproj]
  ('/src/Shared_modules/Core/System/DriverAnalyzer.cpp' kaynak dosyas─▒ derleniyor)
  
C:\ShadowStrike\ShadowStrike\src\Shared_modules\Core\System\DriverAnalyzer.cpp(1101,13): error C2653: 'CertUtils': bir s─▒n─▒f veya ad alan─▒ ad─▒ de─şil [C:\ShadowStrike\ShadowStrike\ShadowStrike.vcxproj]
  ('/src/Shared_modules/Core/System/DriverAnalyzer.cpp' kaynak dosyas─▒ derleniyor)
  
C:\ShadowStrike\ShadowStrike\src\Shared_modules\Core\Registry\SystemSettingsMonitor.cpp(1096,9): error C2653: 'Logger': bir s─▒n─▒f veya ad alan─▒ ad─▒ de─şil [C:\ShadowStrike\ShadowStrike\ShadowStrike.vcxproj]
  ('/src/Shared_modules/Core/Registry/SystemSettingsMonitor.cpp' kaynak dosyas─▒ derleniyor)
  
C:\ShadowStrike\ShadowStrike\src\Shared_modules\Core\System\DriverAnalyzer.cpp(1101,24): error C2065: 'Error': bildirimi yap─▒lmam─▒┼ş tan─▒mlay─▒c─▒ [C:\ShadowStrike\ShadowStrike\ShadowStrike.vcxproj]
  ('/src/Shared_modules/Core/System/DriverAnalyzer.cpp' kaynak dosyas─▒ derleniyor)
  
C:\ShadowStrike\ShadowStrike\src\Shared_modules\Core\System\DriverAnalyzer.cpp(1101,30): error C2146: s├Âzdizimi hatas─▒: ';' eksik ('certErr' tan─▒mlay─▒c─▒s─▒ndan ├Ânce) [C:\ShadowStrike\ShadowStrike\ShadowStrike.vcxproj]
  ('/src/Shared_modules/Core/System/DriverAnalyzer.cpp' kaynak dosyas─▒ derleniyor)
  
C:\ShadowStrike\ShadowStrike\src\Shared_modules\Core\Registry\SystemSettingsMonitor.cpp(1096,17): error C3861: 'Error': tan─▒mlay─▒c─▒ bulunamad─▒ [C:\ShadowStrike\ShadowStrike\ShadowStrike.vcxproj]
  ('/src/Shared_modules/Core/Registry/SystemSettingsMonitor.cpp' kaynak dosyas─▒ derleniyor)
  
C:\ShadowStrike\ShadowStrike\src\Shared_modules\Core\System\DriverAnalyzer.cpp(1101,30): error C2065: 'certErr': bildirimi yap─▒lmam─▒┼ş tan─▒mlay─▒c─▒ [C:\ShadowStrike\ShadowStrike\ShadowStrike.vcxproj]
  ('/src/Shared_modules/Core/System/DriverAnalyzer.cpp' kaynak dosyas─▒ derleniyor)
  
C:\ShadowStrike\ShadowStrike\src\Shared_modules\Core\Registry\SystemSettingsMonitor.cpp(1103,9): error C2653: 'Logger': bir s─▒n─▒f veya ad alan─▒ ad─▒ de─şil [C:\ShadowStrike\ShadowStrike\ShadowStrike.vcxproj]
  ('/src/Shared_modules/Core/Registry/SystemSettingsMonitor.cpp' kaynak dosyas─▒ derleniyor)
  
C:\ShadowStrike\ShadowStrike\src\Shared_modules\Core\Registry\SystemSettingsMonitor.cpp(1103,17): error C3861: 'Info': tan─▒mlay─▒c─▒ bulunamad─▒ [C:\ShadowStrike\ShadowStrike\ShadowStrike.vcxproj]
  ('/src/Shared_modules/Core/Registry/SystemSettingsMonitor.cpp' kaynak dosyas─▒ derleniyor)
  
C:\ShadowStrike\ShadowStrike\src\Shared_modules\Core\System\DriverAnalyzer.cpp(1147,57): error C2653: 'HashUtils': bir s─▒n─▒f veya ad alan─▒ ad─▒ de─şil [C:\ShadowStrike\ShadowStrike\ShadowStrike.vcxproj]
  ('/src/Shared_modules/Core/System/DriverAnalyzer.cpp' kaynak dosyas─▒ derleniyor)
  
C:\ShadowStrike\ShadowStrike\src\Shared_modules\Core\System\DriverAnalyzer.cpp(1147,68): error C3861: 'ToHexLower': tan─▒mlay─▒c─▒ bulunamad─▒ [C:\ShadowStrike\ShadowStrike\ShadowStrike.vcxproj]
  ('/src/Shared_modules/Core/System/DriverAnalyzer.cpp' kaynak dosyas─▒ derleniyor)
  
C:\ShadowStrike\ShadowStrike\src\Shared_modules\Core\System\DriverAnalyzer.cpp(1165,60): error C2653: 'StringUtils': bir s─▒n─▒f veya ad alan─▒ ad─▒ de─şil [C:\ShadowStrike\ShadowStrike\ShadowStrike.vcxproj]
  ('/src/Shared_modules/Core/System/DriverAnalyzer.cpp' kaynak dosyas─▒ derleniyor)
  
C:\ShadowStrike\ShadowStrike\src\Shared_modules\Core\System\DriverAnalyzer.cpp(1165,73): error C3861: 'ToLower': tan─▒mlay─▒c─▒ bulunamad─▒ [C:\ShadowStrike\ShadowStrike\ShadowStrike.vcxproj]
  ('/src/Shared_modules/Core/System/DriverAnalyzer.cpp' kaynak dosyas─▒ derleniyor)
  
C:\ShadowStrike\ShadowStrike\src\Shared_modules\Core\System\DriverAnalyzer.cpp(1186,13): error C2664: 'void ShadowStrike::Utils::Logger::LogEx(ShadowStrike::Utils::LogLevel,const wchar_t *,const wchar_t *,int,const wchar_t *,const wchar_t *,...)' : 2 ba─ş─▒ms─▒z de─şi┼şkeni 'const char [15]' de─şerinden 'const wchar_t *' de─şerine d├Ân├╝┼şt├╝r├╝lemez [C:\ShadowStrike\ShadowStrike\ShadowStrike.vcxproj]
  ('/src/Shared_modules/Core/System/DriverAnalyzer.cpp' kaynak dosyas─▒ derleniyor)
      C:\ShadowStrike\ShadowStrike\src\Shared_modules\Core\System\DriverAnalyzer.cpp(1186,13):
      ─░┼şaretlenen t├╝rler ilgisiz; d├Ân├╝┼şt├╝rme reinterpret_cast, C stili t├╝r d├Ân├╝┼şt├╝rme veya parantez i├ğine al─▒nm─▒┼ş i┼şlev stili t├╝r d├Ân├╝┼şt├╝rme gerektiriyor
      C:\ShadowStrike\ShadowStrike\src\Shared_modules\Utils\Logger.hpp(207,9):
      'ShadowStrike::Utils::Logger::LogEx' bildirimine bak─▒n
      C:\ShadowStrike\ShadowStrike\src\Shared_modules\Core\System\DriverAnalyzer.cpp(1186,13):
      '(ShadowStrike::Utils::LogLevel, const char [15], const wchar_t *, int, const wchar_t *, const char [32], const char *)' ba─ş─▒ms─▒z de─şi┼şken listesi e┼şlenmeye ├ğal─▒┼ş─▒l─▒rken
  
C:\ShadowStrike\ShadowStrike\src\Shared_modules\Core\Registry\SystemSettingsMonitor.cpp(1190,55): error C2039: 'WideToUtf8': bir 'ShadowStrike::Utils::StringUtils' ├╝yesi de─şil [C:\ShadowStrike\ShadowStrike\ShadowStrike.vcxproj]
  ('/src/Shared_modules/Core/Registry/SystemSettingsMonitor.cpp' kaynak dosyas─▒ derleniyor)
      C:\ShadowStrike\ShadowStrike\src\Shared_modules\Utils\StringUtils.hpp(63,19):
      'ShadowStrike::Utils::StringUtils' bildirimine bak─▒n
  
C:\ShadowStrike\ShadowStrike\src\Shared_modules\Core\Registry\SystemSettingsMonitor.cpp(1190,55): error C3861: 'WideToUtf8': tan─▒mlay─▒c─▒ bulunamad─▒ [C:\ShadowStrike\ShadowStrike\ShadowStrike.vcxproj]
  ('/src/Shared_modules/Core/Registry/SystemSettingsMonitor.cpp' kaynak dosyas─▒ derleniyor)
  
C:\ShadowStrike\ShadowStrike\src\Shared_modules\Core\System\DriverAnalyzer.cpp(1217,21): error C2664: 'void ShadowStrike::Utils::Logger::LogEx(ShadowStrike::Utils::LogLevel,const wchar_t *,const wchar_t *,int,const wchar_t *,const wchar_t *,...)' : 2 ba─ş─▒ms─▒z de─şi┼şkeni 'const char [15]' de─şerinden 'const wchar_t *' de─şerine d├Ân├╝┼şt├╝r├╝lemez [C:\ShadowStrike\ShadowStrike\ShadowStrike.vcxproj]
  ('/src/Shared_modules/Core/System/DriverAnalyzer.cpp' kaynak dosyas─▒ derleniyor)
      C:\ShadowStrike\ShadowStrike\src\Shared_modules\Core\System\DriverAnalyzer.cpp(1217,21):
      ─░┼şaretlenen t├╝rler ilgisiz; d├Ân├╝┼şt├╝rme reinterpret_cast, C stili t├╝r d├Ân├╝┼şt├╝rme veya parantez i├ğine al─▒nm─▒┼ş i┼şlev stili t├╝r d├Ân├╝┼şt├╝rme gerektiriyor
      C:\ShadowStrike\ShadowStrike\src\Shared_modules\Utils\Logger.hpp(207,9):
      'ShadowStrike::Utils::Logger::LogEx' bildirimine bak─▒n
      C:\ShadowStrike\ShadowStrike\src\Shared_modules\Core\System\DriverAnalyzer.cpp(1217,21):
      '(ShadowStrike::Utils::LogLevel, const char [15], const wchar_t *, int, const wchar_t *, const char [39], DWORD)' ba─ş─▒ms─▒z de─şi┼şken listesi e┼şlenmeye ├ğal─▒┼ş─▒l─▒rken
  
C:\ShadowStrike\ShadowStrike\src\Shared_modules\Core\System\DriverAnalyzer.cpp(1277,53): error C2653: 'StringUtils': bir s─▒n─▒f veya ad alan─▒ ad─▒ de─şil [C:\ShadowStrike\ShadowStrike\ShadowStrike.vcxproj]
  ('/src/Shared_modules/Core/System/DriverAnalyzer.cpp' kaynak dosyas─▒ derleniyor)
  
C:\ShadowStrike\ShadowStrike\src\Products\PhantomEDR\Forensics\NetworkCapture.hpp(146,10): error C1083: i├ğerme dosyas─▒ a├ğ─▒lam─▒yor: '../Utils/Logger.hpp': No such file or directory [C:\ShadowStrike\ShadowStrike\ShadowStrike.vcxproj]
  ('/src/Products/PhantomEDR/Forensics/NetworkCapture.cpp' kaynak dosyas─▒ derleniyor)
  
C:\ShadowStrike\ShadowStrike\src\Shared_modules\Core\System\DriverAnalyzer.cpp(1277,53): error C1003: hata say─▒s─▒ 100 taneyi a┼şt─▒; derleme durduruluyor [C:\ShadowStrike\ShadowStrike\ShadowStrike.vcxproj]
  ('/src/Shared_modules/Core/System/DriverAnalyzer.cpp' kaynak dosyas─▒ derleniyor)
  
C:\ShadowStrike\ShadowStrike\src\Shared_modules\Core\Registry\SystemSettingsMonitor.cpp(1190,17): error C2593: 'operator <<' belirsiz [C:\ShadowStrike\ShadowStrike\ShadowStrike.vcxproj]
  ('/src/Shared_modules/Core/Registry/SystemSettingsMonitor.cpp' kaynak dosyas─▒ derleniyor)
      C:\Program Files\Microsoft Visual Studio\2022\Community\VC\Tools\MSVC\14.44.35207\include\__msvc_ostream.hpp(480,39):
      'std::basic_ostream<char,std::char_traits<char>> &std::basic_ostream<char,std::char_traits<char>>::operator <<(std::basic_streambuf<char,std::char_traits<char>> *)' olabilirdi
      C:\Program Files\Microsoft Visual Studio\2022\Community\VC\Tools\MSVC\14.44.35207\include\__msvc_ostream.hpp(448,39):
      veya       'std::basic_ostream<char,std::char_traits<char>> &std::basic_ostream<char,std::char_traits<char>>::operator <<(const void *)'
      C:\Program Files\Microsoft Visual Studio\2022\Community\VC\Tools\MSVC\14.44.35207\include\__msvc_ostream.hpp(430,39):
      veya       'std::basic_ostream<char,std::char_traits<char>> &std::basic_ostream<char,std::char_traits<char>>::operator <<(long double)'
      C:\Program Files\Microsoft Visual Studio\2022\Community\VC\Tools\MSVC\14.44.35207\include\__msvc_ostream.hpp(412,39):
      veya       'std::basic_ostream<char,std::char_traits<char>> &std::basic_ostream<char,std::char_traits<char>>::operator <<(double)'
      C:\Program Files\Microsoft Visual Studio\2022\Community\VC\Tools\MSVC\14.44.35207\include\__msvc_ostream.hpp(394,39):
      veya       'std::basic_ostream<char,std::char_traits<char>> &std::basic_ostream<char,std::char_traits<char>>::operator <<(float)'
      C:\Program Files\Microsoft Visual Studio\2022\Community\VC\Tools\MSVC\14.44.35207\include\__msvc_ostream.hpp(376,39):
      veya       'std::basic_ostream<char,std::char_traits<char>> &std::basic_ostream<char,std::char_traits<char>>::operator <<(unsigned __int64)'
      C:\Program Files\Microsoft Visual Studio\2022\Community\VC\Tools\MSVC\14.44.35207\include\__msvc_ostream.hpp(358,39):
      veya       'std::basic_ostream<char,std::char_traits<char>> &std::basic_ostream<char,std::char_traits<char>>::operator <<(__int64)'
      C:\Program Files\Microsoft Visual Studio\2022\Community\VC\Tools\MSVC\14.44.35207\include\__msvc_ostream.hpp(340,39):
      veya       'std::basic_ostream<char,std::char_traits<char>> &std::basic_ostream<char,std::char_traits<char>>::operator <<(unsigned long)'
      C:\Program Files\Microsoft Visual Studio\2022\Community\VC\Tools\MSVC\14.44.35207\include\__msvc_ostream.hpp(322,39):
      veya       'std::basic_ostream<char,std::char_traits<char>> &std::basic_ostream<char,std::char_traits<char>>::operator <<(long)'
      C:\Program Files\Microsoft Visual Studio\2022\Community\VC\Tools\MSVC\14.44.35207\include\__msvc_ostream.hpp(303,39):
      veya       'std::basic_ostream<char,std::char_traits<char>> &std::basic_ostream<char,std::char_traits<char>>::operator <<(unsigned int)'
      C:\Program Files\Microsoft Visual Studio\2022\Community\VC\Tools\MSVC\14.44.35207\include\__msvc_ostream.hpp(277,39):
      veya       'std::basic_ostream<char,std::char_traits<char>> &std::basic_ostream<char,std::char_traits<char>>::operator <<(int)'
      C:\Program Files\Microsoft Visual Studio\2022\Community\VC\Tools\MSVC\14.44.35207\include\__msvc_ostream.hpp(258,39):
      veya       'std::basic_ostream<char,std::char_traits<char>> &std::basic_ostream<char,std::char_traits<char>>::operator <<(unsigned short)'
      C:\Program Files\Microsoft Visual Studio\2022\Community\VC\Tools\MSVC\14.44.35207\include\__msvc_ostream.hpp(224,39):
      veya       'std::basic_ostream<char,std::char_traits<char>> &std::basic_ostream<char,std::char_traits<char>>::operator <<(short)'
      C:\Program Files\Microsoft Visual Studio\2022\Community\VC\Tools\MSVC\14.44.35207\include\__msvc_ostream.hpp(206,39):
      veya       'std::basic_ostream<char,std::char_traits<char>> &std::basic_ostream<char,std::char_traits<char>>::operator <<(bool)'
      C:\Program Files\Microsoft Visual Studio\2022\Community\VC\Tools\MSVC\14.44.35207\include\__msvc_ostream.hpp(200,39):
      veya       'std::basic_ostream<char,std::char_traits<char>> &std::basic_ostream<char,std::char_traits<char>>::operator <<(std::ios_base &(__cdecl *)(std::ios_base &))'
      C:\Program Files\Microsoft Visual Studio\2022\Community\VC\Tools\MSVC\14.44.35207\include\__msvc_ostream.hpp(194,39):
      veya       'std::basic_ostream<char,std::char_traits<char>> &std::basic_ostream<char,std::char_traits<char>>::operator <<(std::basic_ios<char,std::char_traits<char>> &(__cdecl *)(std::basic_ios<char,std::char_traits<char>> &))'
      C:\Program Files\Microsoft Visual Studio\2022\Community\VC\Tools\MSVC\14.44.35207\include\__msvc_ostream.hpp(189,39):
      veya       'std::basic_ostream<char,std::char_traits<char>> &std::basic_ostream<char,std::char_traits<char>>::operator <<(std::basic_ostream<char,std::char_traits<char>> &(__cdecl *)(std::basic_ostream<char,std::char_traits<char>> &))'
      C:\Program Files\Microsoft Visual Studio\2022\Community\VC\Tools\MSVC\14.44.35207\include\__msvc_ostream.hpp(475,20):
      veya       'std::basic_ostream<char,std::char_traits<char>> &std::basic_ostream<char,std::char_traits<char>>::operator <<<void>(std::nullptr_t)'
      C:\Program Files\Microsoft Visual Studio\2022\Community\VC\Tools\MSVC\14.44.35207\include\__msvc_ostream.hpp(468,20):
      veya       'std::basic_ostream<char,std::char_traits<char>> &std::basic_ostream<char,std::char_traits<char>>::operator <<<void>(volatile const void *)'
      C:\Program Files\Microsoft Visual Studio\2022\Community\VC\Tools\MSVC\14.44.35207\include\__msvc_ostream.hpp(688,32):
      veya       'std::basic_ostream<char,std::char_traits<char>> &std::operator <<<char,std::char_traits<char>>(std::basic_ostream<char,std::char_traits<char>> &,const char *)'
      C:\Program Files\Microsoft Visual Studio\2022\Community\VC\Tools\MSVC\14.44.35207\include\__msvc_ostream.hpp(732,32):
      veya       'std::basic_ostream<char,std::char_traits<char>> &std::operator <<<char,std::char_traits<char>>(std::basic_ostream<char,std::char_traits<char>> &,char)'
      C:\Program Files\Microsoft Visual Studio\2022\Community\VC\Tools\MSVC\14.44.35207\include\__msvc_ostream.hpp(768,31):
      veya       'std::basic_ostream<char,std::char_traits<char>> &std::operator <<<std::char_traits<char>>(std::basic_ostream<char,std::char_traits<char>> &,const char *)'
      C:\Program Files\Microsoft Visual Studio\2022\Community\VC\Tools\MSVC\14.44.35207\include\__msvc_ostream.hpp(813,31):
      veya       'std::basic_ostream<char,std::char_traits<char>> &std::operator <<<std::char_traits<char>>(std::basic_ostream<char,std::char_traits<char>> &,char)'
      C:\Program Files\Microsoft Visual Studio\2022\Community\VC\Tools\MSVC\14.44.35207\include\__msvc_ostream.hpp(930,31):
      veya       'std::basic_ostream<char,std::char_traits<char>> &std::operator <<<std::char_traits<char>>(std::basic_ostream<char,std::char_traits<char>> &,const signed char *)'
      C:\Program Files\Microsoft Visual Studio\2022\Community\VC\Tools\MSVC\14.44.35207\include\__msvc_ostream.hpp(936,31):
      veya       'std::basic_ostream<char,std::char_traits<char>> &std::operator <<<std::char_traits<char>>(std::basic_ostream<char,std::char_traits<char>> &,signed char)'
      C:\Program Files\Microsoft Visual Studio\2022\Community\VC\Tools\MSVC\14.44.35207\include\__msvc_ostream.hpp(941,31):
      veya       'std::basic_ostream<char,std::char_traits<char>> &std::operator <<<std::char_traits<char>>(std::basic_ostream<char,std::char_traits<char>> &,const unsigned char *)'
      C:\Program Files\Microsoft Visual Studio\2022\Community\VC\Tools\MSVC\14.44.35207\include\__msvc_ostream.hpp(947,31):
      veya       'std::basic_ostream<char,std::char_traits<char>> &std::operator <<<std::char_traits<char>>(std::basic_ostream<char,std::char_traits<char>> &,unsigned char)'
      C:\Program Files\Microsoft Visual Studio\2022\Community\VC\Tools\MSVC\14.44.35207\include\__msvc_ostream.hpp(955,31):
      veya       'std::basic_ostream<char,std::char_traits<char>> &std::operator <<<std::char_traits<char>>(std::basic_ostream<char,std::char_traits<char>> &,const char8_t *)'
      C:\Program Files\Microsoft Visual Studio\2022\Community\VC\Tools\MSVC\14.44.35207\include\__msvc_ostream.hpp(961,31):
      veya       'std::basic_ostream<char,std::char_traits<char>> &std::operator <<<std::char_traits<char>>(std::basic_ostream<char,std::char_traits<char>> &,char8_t)'
      C:\Program Files\Microsoft Visual Studio\2022\Community\VC\Tools\MSVC\14.44.35207\include\__msvc_ostream.hpp(969,31):
      veya       'std::basic_ostream<char,std::char_traits<char>> &std::operator <<<std::char_traits<char>>(std::basic_ostream<char,std::char_traits<char>> &,wchar_t)'
      C:\Program Files\Microsoft Visual Studio\2022\Community\VC\Tools\MSVC\14.44.35207\include\__msvc_ostream.hpp(972,31):
      veya       'std::basic_ostream<char,std::char_traits<char>> &std::operator <<<std::char_traits<char>>(std::basic_ostream<char,std::char_traits<char>> &,const wchar_t *)'
      C:\Program Files\Microsoft Visual Studio\2022\Community\VC\Tools\MSVC\14.44.35207\include\__msvc_ostream.hpp(976,31):
      veya       'std::basic_ostream<char,std::char_traits<char>> &std::operator <<<std::char_traits<char>>(std::basic_ostream<char,std::char_traits<char>> &,char16_t)'
      C:\Program Files\Microsoft Visual Studio\2022\Community\VC\Tools\MSVC\14.44.35207\include\__msvc_ostream.hpp(978,31):
      veya       'std::basic_ostream<char,std::char_traits<char>> &std::operator <<<std::char_traits<char>>(std::basic_ostream<char,std::char_traits<char>> &,char32_t)'
      C:\Program Files\Microsoft Visual Studio\2022\Community\VC\Tools\MSVC\14.44.35207\include\__msvc_ostream.hpp(986,31):
      veya       'std::basic_ostream<char,std::char_traits<char>> &std::operator <<<std::char_traits<char>>(std::basic_ostream<char,std::char_traits<char>> &,const char16_t *)'
      C:\Program Files\Microsoft Visual Studio\2022\Community\VC\Tools\MSVC\14.44.35207\include\__msvc_ostream.hpp(988,31):
      veya       'std::basic_ostream<char,std::char_traits<char>> &std::operator <<<std::char_traits<char>>(std::basic_ostream<char,std::char_traits<char>> &,const char32_t *)'
      C:\Program Files\Microsoft Visual Studio\2022\Community\VC\Tools\MSVC\14.44.35207\include\__msvc_ostream.hpp(1031,32):
      veya       'std::basic_ostream<char,std::char_traits<char>> &std::operator <<<char,std::char_traits<char>>(std::basic_ostream<char,std::char_traits<char>> &,const std::error_code &)'
      C:\Program Files\Microsoft Visual Studio\2022\Community\VC\Tools\MSVC\14.44.35207\include\thread(298,26):
      veya       'std::basic_ostream<char,std::char_traits<char>> &std::operator <<<char,std::char_traits<char>>(std::basic_ostream<char,std::char_traits<char>> &,std::thread::id)'
      C:\ShadowStrike\ShadowStrike\src\Shared_modules\Core\Registry\SystemSettingsMonitor.cpp(1190,17):
      '(std::basic_ostream<char,std::char_traits<char>>, <error type>)' ba─ş─▒ms─▒z de─şi┼şken listesi e┼şlenmeye ├ğal─▒┼ş─▒l─▒rken
  
C:\ShadowStrike\ShadowStrike\src\Shared_modules\Core\Registry\SystemSettingsMonitor.cpp(1212,13): error C2653: 'Logger': bir s─▒n─▒f veya ad alan─▒ ad─▒ de─şil [C:\ShadowStrike\ShadowStrike\ShadowStrike.vcxproj]
  ('/src/Shared_modules/Core/Registry/SystemSettingsMonitor.cpp' kaynak dosyas─▒ derleniyor)
  
C:\ShadowStrike\ShadowStrike\src\Shared_modules\Core\Registry\SystemSettingsMonitor.cpp(1213,37): error C2039: 'WideToUtf8': bir 'ShadowStrike::Utils::StringUtils' ├╝yesi de─şil [C:\ShadowStrike\ShadowStrike\ShadowStrike.vcxproj]
  ('/src/Shared_modules/Core/Registry/SystemSettingsMonitor.cpp' kaynak dosyas─▒ derleniyor)
      C:\ShadowStrike\ShadowStrike\src\Shared_modules\Utils\StringUtils.hpp(63,19):
      'ShadowStrike::Utils::StringUtils' bildirimine bak─▒n
  
C:\ShadowStrike\ShadowStrike\src\Shared_modules\Core\Registry\SystemSettingsMonitor.cpp(1213,37): error C3861: 'WideToUtf8': tan─▒mlay─▒c─▒ bulunamad─▒ [C:\ShadowStrike\ShadowStrike\ShadowStrike.vcxproj]
  ('/src/Shared_modules/Core/Registry/SystemSettingsMonitor.cpp' kaynak dosyas─▒ derleniyor)
  
C:\ShadowStrike\ShadowStrike\src\Shared_modules\Core\Registry\SystemSettingsMonitor.cpp(1212,21): error C3861: 'Info': tan─▒mlay─▒c─▒ bulunamad─▒ [C:\ShadowStrike\ShadowStrike\ShadowStrike.vcxproj]
  ('/src/Shared_modules/Core/Registry/SystemSettingsMonitor.cpp' kaynak dosyas─▒ derleniyor)
  
C:\ShadowStrike\ShadowStrike\src\Shared_modules\Core\Registry\SystemSettingsMonitor.cpp(1218,13): error C2653: 'Logger': bir s─▒n─▒f veya ad alan─▒ ad─▒ de─şil [C:\ShadowStrike\ShadowStrike\ShadowStrike.vcxproj]
  ('/src/Shared_modules/Core/Registry/SystemSettingsMonitor.cpp' kaynak dosyas─▒ derleniyor)
  
C:\ShadowStrike\ShadowStrike\src\Shared_modules\Core\Registry\SystemSettingsMonitor.cpp(1218,21): error C3861: 'Error': tan─▒mlay─▒c─▒ bulunamad─▒ [C:\ShadowStrike\ShadowStrike\ShadowStrike.vcxproj]
  ('/src/Shared_modules/Core/Registry/SystemSettingsMonitor.cpp' kaynak dosyas─▒ derleniyor)
  
C:\ShadowStrike\ShadowStrike\src\Shared_modules\Core\Registry\SystemSettingsMonitor.cpp(1265,59): error C2039: 'WideToUtf8': bir 'ShadowStrike::Utils::StringUtils' ├╝yesi de─şil [C:\ShadowStrike\ShadowStrike\ShadowStrike.vcxproj]
  ('/src/Shared_modules/Core/Registry/SystemSettingsMonitor.cpp' kaynak dosyas─▒ derleniyor)
      C:\ShadowStrike\ShadowStrike\src\Shared_modules\Utils\StringUtils.hpp(63,19):
      'ShadowStrike::Utils::StringUtils' bildirimine bak─▒n
  
C:\ShadowStrike\ShadowStrike\src\Shared_modules\Core\Registry\SystemSettingsMonitor.cpp(1265,59): error C3861: 'WideToUtf8': tan─▒mlay─▒c─▒ bulunamad─▒ [C:\ShadowStrike\ShadowStrike\ShadowStrike.vcxproj]
  ('/src/Shared_modules/Core/Registry/SystemSettingsMonitor.cpp' kaynak dosyas─▒ derleniyor)
  
C:\ShadowStrike\ShadowStrike\src\Shared_modules\Core\Registry\RegistryMonitor.cpp(570,13): error C2653: 'Logger': bir s─▒n─▒f veya ad alan─▒ ad─▒ de─şil [C:\ShadowStrike\ShadowStrike\ShadowStrike.vcxproj]
  ('/src/Shared_modules/Core/Registry/RegistryMonitor.cpp' kaynak dosyas─▒ derleniyor)
  
C:\ShadowStrike\ShadowStrike\src\Shared_modules\Core\Registry\RegistryMonitor.cpp(570,21): error C3861: 'Info': tan─▒mlay─▒c─▒ bulunamad─▒ [C:\ShadowStrike\ShadowStrike\ShadowStrike.vcxproj]
  ('/src/Shared_modules/Core/Registry/RegistryMonitor.cpp' kaynak dosyas─▒ derleniyor)
  
C:\ShadowStrike\ShadowStrike\src\Shared_modules\Core\Registry\RegistryMonitor.cpp(576,13): error C2653: 'Logger': bir s─▒n─▒f veya ad alan─▒ ad─▒ de─şil [C:\ShadowStrike\ShadowStrike\ShadowStrike.vcxproj]
  ('/src/Shared_modules/Core/Registry/RegistryMonitor.cpp' kaynak dosyas─▒ derleniyor)
  
C:\ShadowStrike\ShadowStrike\src\Shared_modules\Core\Registry\RegistryMonitor.cpp(576,21): error C3861: 'Error': tan─▒mlay─▒c─▒ bulunamad─▒ [C:\ShadowStrike\ShadowStrike\ShadowStrike.vcxproj]
  ('/src/Shared_modules/Core/Registry/RegistryMonitor.cpp' kaynak dosyas─▒ derleniyor)
  
C:\ShadowStrike\ShadowStrike\src\Shared_modules\Core\Registry\RegistryMonitor.cpp(586,17): error C2653: 'Logger': bir s─▒n─▒f veya ad alan─▒ ad─▒ de─şil [C:\ShadowStrike\ShadowStrike\ShadowStrike.vcxproj]
  ('/src/Shared_modules/Core/Registry/RegistryMonitor.cpp' kaynak dosyas─▒ derleniyor)
  
C:\ShadowStrike\ShadowStrike\src\Shared_modules\Core\Registry\RegistryMonitor.cpp(586,25): error C3861: 'Error': tan─▒mlay─▒c─▒ bulunamad─▒ [C:\ShadowStrike\ShadowStrike\ShadowStrike.vcxproj]
  ('/src/Shared_modules/Core/Registry/RegistryMonitor.cpp' kaynak dosyas─▒ derleniyor)
  
C:\ShadowStrike\ShadowStrike\src\Shared_modules\Core\Registry\RegistryMonitor.cpp(591,17): error C2653: 'Logger': bir s─▒n─▒f veya ad alan─▒ ad─▒ de─şil [C:\ShadowStrike\ShadowStrike\ShadowStrike.vcxproj]
  ('/src/Shared_modules/Core/Registry/RegistryMonitor.cpp' kaynak dosyas─▒ derleniyor)
  
C:\ShadowStrike\ShadowStrike\src\Shared_modules\Core\Registry\RegistryMonitor.cpp(591,25): error C3861: 'Warn': tan─▒mlay─▒c─▒ bulunamad─▒ [C:\ShadowStrike\ShadowStrike\ShadowStrike.vcxproj]
  ('/src/Shared_modules/Core/Registry/RegistryMonitor.cpp' kaynak dosyas─▒ derleniyor)
  
C:\ShadowStrike\ShadowStrike\src\Shared_modules\Core\Registry\RegistryMonitor.cpp(599,21): error C2653: 'Logger': bir s─▒n─▒f veya ad alan─▒ ad─▒ de─şil [C:\ShadowStrike\ShadowStrike\ShadowStrike.vcxproj]
  ('/src/Shared_modules/Core/Registry/RegistryMonitor.cpp' kaynak dosyas─▒ derleniyor)
  
C:\ShadowStrike\ShadowStrike\src\Shared_modules\Core\Registry\RegistryMonitor.cpp(599,29): error C3861: 'Warn': tan─▒mlay─▒c─▒ bulunamad─▒ [C:\ShadowStrike\ShadowStrike\ShadowStrike.vcxproj]
  ('/src/Shared_modules/Core/Registry/RegistryMonitor.cpp' kaynak dosyas─▒ derleniyor)
  
C:\ShadowStrike\ShadowStrike\src\Shared_modules\Core\Registry\RegistryMonitor.cpp(608,13): error C2653: 'Logger': bir s─▒n─▒f veya ad alan─▒ ad─▒ de─şil [C:\ShadowStrike\ShadowStrike\ShadowStrike.vcxproj]
  ('/src/Shared_modules/Core/Registry/RegistryMonitor.cpp' kaynak dosyas─▒ derleniyor)
  
C:\ShadowStrike\ShadowStrike\src\Shared_modules\Core\Registry\RegistryMonitor.cpp(608,21): error C3861: 'Info': tan─▒mlay─▒c─▒ bulunamad─▒ [C:\ShadowStrike\ShadowStrike\ShadowStrike.vcxproj]
  ('/src/Shared_modules/Core/Registry/RegistryMonitor.cpp' kaynak dosyas─▒ derleniyor)
  
C:\ShadowStrike\ShadowStrike\src\Shared_modules\Core\Registry\RegistryMonitor.cpp(614,13): error C2653: 'Logger': bir s─▒n─▒f veya ad alan─▒ ad─▒ de─şil [C:\ShadowStrike\ShadowStrike\ShadowStrike.vcxproj]
  ('/src/Shared_modules/Core/Registry/RegistryMonitor.cpp' kaynak dosyas─▒ derleniyor)
  
C:\ShadowStrike\ShadowStrike\src\Shared_modules\Core\Registry\SystemSettingsMonitor.cpp(1265,21): error C2593: 'operator <<' belirsiz [C:\ShadowStrike\ShadowStrike\ShadowStrike.vcxproj]
  ('/src/Shared_modules/Core/Registry/SystemSettingsMonitor.cpp' kaynak dosyas─▒ derleniyor)
      C:\Program Files\Microsoft Visual Studio\2022\Community\VC\Tools\MSVC\14.44.35207\include\__msvc_ostream.hpp(480,39):
      'std::basic_ostream<char,std::char_traits<char>> &std::basic_ostream<char,std::char_traits<char>>::operator <<(std::basic_streambuf<char,std::char_traits<char>> *)' olabilirdi
      C:\Program Files\Microsoft Visual Studio\2022\Community\VC\Tools\MSVC\14.44.35207\include\__msvc_ostream.hpp(448,39):
      veya       'std::basic_ostream<char,std::char_traits<char>> &std::basic_ostream<char,std::char_traits<char>>::operator <<(const void *)'
      C:\Program Files\Microsoft Visual Studio\2022\Community\VC\Tools\MSVC\14.44.35207\include\__msvc_ostream.hpp(430,39):
      veya       'std::basic_ostream<char,std::char_traits<char>> &std::basic_ostream<char,std::char_traits<char>>::operator <<(long double)'
      C:\Program Files\Microsoft Visual Studio\2022\Community\VC\Tools\MSVC\14.44.35207\include\__msvc_ostream.hpp(412,39):
      veya       'std::basic_ostream<char,std::char_traits<char>> &std::basic_ostream<char,std::char_traits<char>>::operator <<(double)'
      C:\Program Files\Microsoft Visual Studio\2022\Community\VC\Tools\MSVC\14.44.35207\include\__msvc_ostream.hpp(394,39):
      veya       'std::basic_ostream<char,std::char_traits<char>> &std::basic_ostream<char,std::char_traits<char>>::operator <<(float)'
      C:\Program Files\Microsoft Visual Studio\2022\Community\VC\Tools\MSVC\14.44.35207\include\__msvc_ostream.hpp(376,39):
      veya       'std::basic_ostream<char,std::char_traits<char>> &std::basic_ostream<char,std::char_traits<char>>::operator <<(unsigned __int64)'
      C:\Program Files\Microsoft Visual Studio\2022\Community\VC\Tools\MSVC\14.44.35207\include\__msvc_ostream.hpp(358,39):
      veya       'std::basic_ostream<char,std::char_traits<char>> &std::basic_ostream<char,std::char_traits<char>>::operator <<(__int64)'
      C:\Program Files\Microsoft Visual Studio\2022\Community\VC\Tools\MSVC\14.44.35207\include\__msvc_ostream.hpp(340,39):
      veya       'std::basic_ostream<char,std::char_traits<char>> &std::basic_ostream<char,std::char_traits<char>>::operator <<(unsigned long)'
      C:\Program Files\Microsoft Visual Studio\2022\Community\VC\Tools\MSVC\14.44.35207\include\__msvc_ostream.hpp(322,39):
      veya       'std::basic_ostream<char,std::char_traits<char>> &std::basic_ostream<char,std::char_traits<char>>::operator <<(long)'
      C:\Program Files\Microsoft Visual Studio\2022\Community\VC\Tools\MSVC\14.44.35207\include\__msvc_ostream.hpp(303,39):
      veya       'std::basic_ostream<char,std::char_traits<char>> &std::basic_ostream<char,std::char_traits<char>>::operator <<(unsigned int)'
      C:\Program Files\Microsoft Visual Studio\2022\Community\VC\Tools\MSVC\14.44.35207\include\__msvc_ostream.hpp(277,39):
      veya       'std::basic_ostream<char,std::char_traits<char>> &std::basic_ostream<char,std::char_traits<char>>::operator <<(int)'
      C:\Program Files\Microsoft Visual Studio\2022\Community\VC\Tools\MSVC\14.44.35207\include\__msvc_ostream.hpp(258,39):
      veya       'std::basic_ostream<char,std::char_traits<char>> &std::basic_ostream<char,std::char_traits<char>>::operator <<(unsigned short)'
      C:\Program Files\Microsoft Visual Studio\2022\Community\VC\Tools\MSVC\14.44.35207\include\__msvc_ostream.hpp(224,39):
      veya       'std::basic_ostream<char,std::char_traits<char>> &std::basic_ostream<char,std::char_traits<char>>::operator <<(short)'
      C:\Program Files\Microsoft Visual Studio\2022\Community\VC\Tools\MSVC\14.44.35207\include\__msvc_ostream.hpp(206,39):
      veya       'std::basic_ostream<char,std::char_traits<char>> &std::basic_ostream<char,std::char_traits<char>>::operator <<(bool)'
      C:\Program Files\Microsoft Visual Studio\2022\Community\VC\Tools\MSVC\14.44.35207\include\__msvc_ostream.hpp(200,39):
      veya       'std::basic_ostream<char,std::char_traits<char>> &std::basic_ostream<char,std::char_traits<char>>::operator <<(std::ios_base &(__cdecl *)(std::ios_base &))'
      C:\Program Files\Microsoft Visual Studio\2022\Community\VC\Tools\MSVC\14.44.35207\include\__msvc_ostream.hpp(194,39):
      veya       'std::basic_ostream<char,std::char_traits<char>> &std::basic_ostream<char,std::char_traits<char>>::operator <<(std::basic_ios<char,std::char_traits<char>> &(__cdecl *)(std::basic_ios<char,std::char_traits<char>> &))'
      C:\Program Files\Microsoft Visual Studio\2022\Community\VC\Tools\MSVC\14.44.35207\include\__msvc_ostream.hpp(189,39):
      veya       'std::basic_ostream<char,std::char_traits<char>> &std::basic_ostream<char,std::char_traits<char>>::operator <<(std::basic_ostream<char,std::char_traits<char>> &(__cdecl *)(std::basic_ostream<char,std::char_traits<char>> &))'
      C:\Program Files\Microsoft Visual Studio\2022\Community\VC\Tools\MSVC\14.44.35207\include\__msvc_ostream.hpp(475,20):
      veya       'std::basic_ostream<char,std::char_traits<char>> &std::basic_ostream<char,std::char_traits<char>>::operator <<<void>(std::nullptr_t)'
      C:\Program Files\Microsoft Visual Studio\2022\Community\VC\Tools\MSVC\14.44.35207\include\__msvc_ostream.hpp(468,20):
      veya       'std::basic_ostream<char,std::char_traits<char>> &std::basic_ostream<char,std::char_traits<char>>::operator <<<void>(volatile const void *)'
      C:\Program Files\Microsoft Visual Studio\2022\Community\VC\Tools\MSVC\14.44.35207\include\__msvc_ostream.hpp(688,32):
      veya       'std::basic_ostream<char,std::char_traits<char>> &std::operator <<<char,std::char_traits<char>>(std::basic_ostream<char,std::char_traits<char>> &,const char *)'
      C:\Program Files\Microsoft Visual Studio\2022\Community\VC\Tools\MSVC\14.44.35207\include\__msvc_ostream.hpp(732,32):
      veya       'std::basic_ostream<char,std::char_traits<char>> &std::operator <<<char,std::char_traits<char>>(std::basic_ostream<char,std::char_traits<char>> &,char)'
      C:\Program Files\Microsoft Visual Studio\2022\Community\VC\Tools\MSVC\14.44.35207\include\__msvc_ostream.hpp(768,31):
      veya       'std::basic_ostream<char,std::char_traits<char>> &std::operator <<<std::char_traits<char>>(std::basic_ostream<char,std::char_traits<char>> &,const char *)'
      C:\Program Files\Microsoft Visual Studio\2022\Community\VC\Tools\MSVC\14.44.35207\include\__msvc_ostream.hpp(813,31):
      veya       'std::basic_ostream<char,std::char_traits<char>> &std::operator <<<std::char_traits<char>>(std::basic_ostream<char,std::char_traits<char>> &,char)'
      C:\Program Files\Microsoft Visual Studio\2022\Community\VC\Tools\MSVC\14.44.35207\include\__msvc_ostream.hpp(930,31):
      veya       'std::basic_ostream<char,std::char_traits<char>> &std::operator <<<std::char_traits<char>>(std::basic_ostream<char,std::char_traits<char>> &,const signed char *)'
      C:\Program Files\Microsoft Visual Studio\2022\Community\VC\Tools\MSVC\14.44.35207\include\__msvc_ostream.hpp(936,31):
      veya       'std::basic_ostream<char,std::char_traits<char>> &std::operator <<<std::char_traits<char>>(std::basic_ostream<char,std::char_traits<char>> &,signed char)'
      C:\Program Files\Microsoft Visual Studio\2022\Community\VC\Tools\MSVC\14.44.35207\include\__msvc_ostream.hpp(941,31):
      veya       'std::basic_ostream<char,std::char_traits<char>> &std::operator <<<std::char_traits<char>>(std::basic_ostream<char,std::char_traits<char>> &,const unsigned char *)'
      C:\Program Files\Microsoft Visual Studio\2022\Community\VC\Tools\MSVC\14.44.35207\include\__msvc_ostream.hpp(947,31):
      veya       'std::basic_ostream<char,std::char_traits<char>> &std::operator <<<std::char_traits<char>>(std::basic_ostream<char,std::char_traits<char>> &,unsigned char)'
      C:\Program Files\Microsoft Visual Studio\2022\Community\VC\Tools\MSVC\14.44.35207\include\__msvc_ostream.hpp(955,31):
      veya       'std::basic_ostream<char,std::char_traits<char>> &std::operator <<<std::char_traits<char>>(std::basic_ostream<char,std::char_traits<char>> &,const char8_t *)'
      C:\Program Files\Microsoft Visual Studio\2022\Community\VC\Tools\MSVC\14.44.35207\include\__msvc_ostream.hpp(961,31):
      veya       'std::basic_ostream<char,std::char_traits<char>> &std::operator <<<std::char_traits<char>>(std::basic_ostream<char,std::char_traits<char>> &,char8_t)'
      C:\Program Files\Microsoft Visual Studio\2022\Community\VC\Tools\MSVC\14.44.35207\include\__msvc_ostream.hpp(969,31):
      veya       'std::basic_ostream<char,std::char_traits<char>> &std::operator <<<std::char_traits<char>>(std::basic_ostream<char,std::char_traits<char>> &,wchar_t)'
      C:\Program Files\Microsoft Visual Studio\2022\Community\VC\Tools\MSVC\14.44.35207\include\__msvc_ostream.hpp(972,31):
      veya       'std::basic_ostream<char,std::char_traits<char>> &std::operator <<<std::char_traits<char>>(std::basic_ostream<char,std::char_traits<char>> &,const wchar_t *)'
      C:\Program Files\Microsoft Visual Studio\2022\Community\VC\Tools\MSVC\14.44.35207\include\__msvc_ostream.hpp(976,31):
      veya       'std::basic_ostream<char,std::char_traits<char>> &std::operator <<<std::char_traits<char>>(std::basic_ostream<char,std::char_traits<char>> &,char16_t)'
      C:\Program Files\Microsoft Visual Studio\2022\Community\VC\Tools\MSVC\14.44.35207\include\__msvc_ostream.hpp(978,31):
      veya       'std::basic_ostream<char,std::char_traits<char>> &std::operator <<<std::char_traits<char>>(std::basic_ostream<char,std::char_traits<char>> &,char32_t)'
      C:\Program Files\Microsoft Visual Studio\2022\Community\VC\Tools\MSVC\14.44.35207\include\__msvc_ostream.hpp(986,31):
      veya       'std::basic_ostream<char,std::char_traits<char>> &std::operator <<<std::char_traits<char>>(std::basic_ostream<char,std::char_traits<char>> &,const char16_t *)'
      C:\Program Files\Microsoft Visual Studio\2022\Community\VC\Tools\MSVC\14.44.35207\include\__msvc_ostream.hpp(988,31):
      veya       'std::basic_ostream<char,std::char_traits<char>> &std::operator <<<std::char_traits<char>>(std::basic_ostream<char,std::char_traits<char>> &,const char32_t *)'
      C:\Program Files\Microsoft Visual Studio\2022\Community\VC\Tools\MSVC\14.44.35207\include\__msvc_ostream.hpp(1031,32):
      veya       'std::basic_ostream<char,std::char_traits<char>> &std::operator <<<char,std::char_traits<char>>(std::basic_ostream<char,std::char_traits<char>> &,const std::error_code &)'
      C:\Program Files\Microsoft Visual Studio\2022\Community\VC\Tools\MSVC\14.44.35207\include\thread(298,26):
      veya       'std::basic_ostream<char,std::char_traits<char>> &std::operator <<<char,std::char_traits<char>>(std::basic_ostream<char,std::char_traits<char>> &,std::thread::id)'
      C:\ShadowStrike\ShadowStrike\src\Shared_modules\Core\Registry\SystemSettingsMonitor.cpp(1265,21):
      '(std::basic_ostream<char,std::char_traits<char>>, <error type>)' ba─ş─▒ms─▒z de─şi┼şken listesi e┼şlenmeye ├ğal─▒┼ş─▒l─▒rken
  
C:\ShadowStrike\ShadowStrike\src\Shared_modules\Core\Registry\RegistryMonitor.cpp(614,21): error C3861: 'Error': tan─▒mlay─▒c─▒ bulunamad─▒ [C:\ShadowStrike\ShadowStrike\ShadowStrike.vcxproj]
  ('/src/Shared_modules/Core/Registry/RegistryMonitor.cpp' kaynak dosyas─▒ derleniyor)
  
C:\ShadowStrike\ShadowStrike\src\Shared_modules\Core\Registry\RegistryMonitor.cpp(629,38): error C2065: 'm_filterPort': bildirimi yap─▒lmam─▒┼ş tan─▒mlay─▒c─▒ [C:\ShadowStrike\ShadowStrike\ShadowStrike.vcxproj]
  ('/src/Shared_modules/Core/Registry/RegistryMonitor.cpp' kaynak dosyas─▒ derleniyor)
  
C:\ShadowStrike\ShadowStrike\src\Shared_modules\Core\Registry\SystemSettingsMonitor.cpp(1266,60): error C2039: 'WideToUtf8': bir 'ShadowStrike::Utils::StringUtils' ├╝yesi de─şil [C:\ShadowStrike\ShadowStrike\ShadowStrike.vcxproj]
  ('/src/Shared_modules/Core/Registry/SystemSettingsMonitor.cpp' kaynak dosyas─▒ derleniyor)
      C:\ShadowStrike\ShadowStrike\src\Shared_modules\Utils\StringUtils.hpp(63,19):
      'ShadowStrike::Utils::StringUtils' bildirimine bak─▒n
  
C:\ShadowStrike\ShadowStrike\src\Shared_modules\Core\Registry\RegistryMonitor.cpp(630,29): error C2065: 'm_filterPort': bildirimi yap─▒lmam─▒┼ş tan─▒mlay─▒c─▒ [C:\ShadowStrike\ShadowStrike\ShadowStrike.vcxproj]
  ('/src/Shared_modules/Core/Registry/RegistryMonitor.cpp' kaynak dosyas─▒ derleniyor)
  
C:\ShadowStrike\ShadowStrike\src\Shared_modules\Core\Registry\RegistryMonitor.cpp(631,17): error C2065: 'm_filterPort': bildirimi yap─▒lmam─▒┼ş tan─▒mlay─▒c─▒ [C:\ShadowStrike\ShadowStrike\ShadowStrike.vcxproj]
  ('/src/Shared_modules/Core/Registry/RegistryMonitor.cpp' kaynak dosyas─▒ derleniyor)
  
C:\ShadowStrike\ShadowStrike\src\Shared_modules\Core\Registry\SystemSettingsMonitor.cpp(1266,60): error C3861: 'WideToUtf8': tan─▒mlay─▒c─▒ bulunamad─▒ [C:\ShadowStrike\ShadowStrike\ShadowStrike.vcxproj]
  ('/src/Shared_modules/Core/Registry/SystemSettingsMonitor.cpp' kaynak dosyas─▒ derleniyor)
  
C:\ShadowStrike\ShadowStrike\src\Shared_modules\Core\Registry\RegistryMonitor.cpp(640,13): error C2653: 'Logger': bir s─▒n─▒f veya ad alan─▒ ad─▒ de─şil [C:\ShadowStrike\ShadowStrike\ShadowStrike.vcxproj]
  ('/src/Shared_modules/Core/Registry/RegistryMonitor.cpp' kaynak dosyas─▒ derleniyor)
  
C:\ShadowStrike\ShadowStrike\src\Shared_modules\Core\Registry\RegistryMonitor.cpp(640,21): error C3861: 'Info': tan─▒mlay─▒c─▒ bulunamad─▒ [C:\ShadowStrike\ShadowStrike\ShadowStrike.vcxproj]
  ('/src/Shared_modules/Core/Registry/RegistryMonitor.cpp' kaynak dosyas─▒ derleniyor)
  
C:\ShadowStrike\ShadowStrike\src\Shared_modules\Core\Registry\RegistryMonitor.cpp(643,13): error C2653: 'Logger': bir s─▒n─▒f veya ad alan─▒ ad─▒ de─şil [C:\ShadowStrike\ShadowStrike\ShadowStrike.vcxproj]
  ('/src/Shared_modules/Core/Registry/RegistryMonitor.cpp' kaynak dosyas─▒ derleniyor)
  
C:\ShadowStrike\ShadowStrike\src\Shared_modules\Core\Registry\RegistryMonitor.cpp(643,21): error C3861: 'Error': tan─▒mlay─▒c─▒ bulunamad─▒ [C:\ShadowStrike\ShadowStrike\ShadowStrike.vcxproj]
  ('/src/Shared_modules/Core/Registry/RegistryMonitor.cpp' kaynak dosyas─▒ derleniyor)
  
C:\ShadowStrike\ShadowStrike\src\Shared_modules\Core\Registry\RegistryMonitor.cpp(665,13): error C2653: 'Logger': bir s─▒n─▒f veya ad alan─▒ ad─▒ de─şil [C:\ShadowStrike\ShadowStrike\ShadowStrike.vcxproj]
  ('/src/Shared_modules/Core/Registry/RegistryMonitor.cpp' kaynak dosyas─▒ derleniyor)
  
C:\ShadowStrike\ShadowStrike\src\Shared_modules\Core\Registry\RegistryMonitor.cpp(665,21): error C3861: 'Info': tan─▒mlay─▒c─▒ bulunamad─▒ [C:\ShadowStrike\ShadowStrike\ShadowStrike.vcxproj]
  ('/src/Shared_modules/Core/Registry/RegistryMonitor.cpp' kaynak dosyas─▒ derleniyor)
  
C:\ShadowStrike\ShadowStrike\src\Shared_modules\Core\Registry\RegistryMonitor.cpp(699,37): error C2280: 'ShadowStrike::Core::Registry::RegistryRule &ShadowStrike::Core::Registry::RegistryRule::operator =(const ShadowStrike::Core::Registry::RegistryRule &)': silinmi┼ş bir i┼şleve ba┼şvurmaya ├ğal─▒┼ş─▒yor [C:\ShadowStrike\ShadowStrike\ShadowStrike.vcxproj]
  ('/src/Shared_modules/Core/Registry/RegistryMonitor.cpp' kaynak dosyas─▒ derleniyor)
      C:\ShadowStrike\ShadowStrike\src\Shared_modules\Core\Registry\RegistryMonitor.hpp(487,1):
      derleyici burada 'ShadowStrike::Core::Registry::RegistryRule::operator =' olu┼şturdu
      C:\ShadowStrike\ShadowStrike\src\Shared_modules\Core\Registry\RegistryMonitor.hpp(487,1):
      'ShadowStrike::Core::Registry::RegistryRule &ShadowStrike::Core::Registry::RegistryRule::operator =(const ShadowStrike::Core::Registry::RegistryRule &)': veri ├╝yesi, silinmi┼ş veya eri┼şilemeyen 'std::atomic<unsigned __int64> &std::atomic<unsigned __int64>::operator =(const std::atomic<unsigned __int64> &)' i┼şlevini ├ğa─ş─▒rd─▒─ş─▒ndan i┼şlev ├Ârt├╝k olarak silindi
  
C:\ShadowStrike\ShadowStrike\src\Shared_modules\Core\Registry\RegistryMonitor.cpp(701,13): error C2653: 'Logger': bir s─▒n─▒f veya ad alan─▒ ad─▒ de─şil [C:\ShadowStrike\ShadowStrike\ShadowStrike.vcxproj]
  ('/src/Shared_modules/Core/Registry/RegistryMonitor.cpp' kaynak dosyas─▒ derleniyor)
  
C:\ShadowStrike\ShadowStrike\src\Shared_modules\Core\Registry\RegistryMonitor.cpp(701,21): error C3861: 'Info': tan─▒mlay─▒c─▒ bulunamad─▒ [C:\ShadowStrike\ShadowStrike\ShadowStrike.vcxproj]
  ('/src/Shared_modules/Core/Registry/RegistryMonitor.cpp' kaynak dosyas─▒ derleniyor)
  
C:\ShadowStrike\ShadowStrike\src\Shared_modules\Core\Registry\RegistryMonitor.cpp(706,13): error C2653: 'Logger': bir s─▒n─▒f veya ad alan─▒ ad─▒ de─şil [C:\ShadowStrike\ShadowStrike\ShadowStrike.vcxproj]
  ('/src/Shared_modules/Core/Registry/RegistryMonitor.cpp' kaynak dosyas─▒ derleniyor)
  
C:\ShadowStrike\ShadowStrike\src\Shared_modules\Core\Registry\RegistryMonitor.cpp(706,21): error C3861: 'Error': tan─▒mlay─▒c─▒ bulunamad─▒ [C:\ShadowStrike\ShadowStrike\ShadowStrike.vcxproj]
  ('/src/Shared_modules/Core/Registry/RegistryMonitor.cpp' kaynak dosyas─▒ derleniyor)
  
C:\ShadowStrike\ShadowStrike\src\Shared_modules\Core\Registry\RegistryMonitor.cpp(717,17): error C2653: 'Logger': bir s─▒n─▒f veya ad alan─▒ ad─▒ de─şil [C:\ShadowStrike\ShadowStrike\ShadowStrike.vcxproj]
  ('/src/Shared_modules/Core/Registry/RegistryMonitor.cpp' kaynak dosyas─▒ derleniyor)
  
C:\ShadowStrike\ShadowStrike\src\Shared_modules\Core\Registry\RegistryMonitor.cpp(717,25): error C3861: 'Info': tan─▒mlay─▒c─▒ bulunamad─▒ [C:\ShadowStrike\ShadowStrike\ShadowStrike.vcxproj]
  ('/src/Shared_modules/Core/Registry/RegistryMonitor.cpp' kaynak dosyas─▒ derleniyor)
  
C:\ShadowStrike\ShadowStrike\src\Shared_modules\Core\Registry\RegistryMonitor.cpp(722,13): error C2653: 'Logger': bir s─▒n─▒f veya ad alan─▒ ad─▒ de─şil [C:\ShadowStrike\ShadowStrike\ShadowStrike.vcxproj]
  ('/src/Shared_modules/Core/Registry/RegistryMonitor.cpp' kaynak dosyas─▒ derleniyor)
  
C:\ShadowStrike\ShadowStrike\src\Shared_modules\Core\Registry\RegistryMonitor.cpp(722,21): error C3861: 'Error': tan─▒mlay─▒c─▒ bulunamad─▒ [C:\ShadowStrike\ShadowStrike\ShadowStrike.vcxproj]
  ('/src/Shared_modules/Core/Registry/RegistryMonitor.cpp' kaynak dosyas─▒ derleniyor)
  
C:\ShadowStrike\ShadowStrike\src\Shared_modules\Core\Registry\SystemSettingsMonitor.cpp(1266,21): error C2593: 'operator <<' belirsiz [C:\ShadowStrike\ShadowStrike\ShadowStrike.vcxproj]
  ('/src/Shared_modules/Core/Registry/SystemSettingsMonitor.cpp' kaynak dosyas─▒ derleniyor)
      C:\Program Files\Microsoft Visual Studio\2022\Community\VC\Tools\MSVC\14.44.35207\include\__msvc_ostream.hpp(480,39):
      'std::basic_ostream<char,std::char_traits<char>> &std::basic_ostream<char,std::char_traits<char>>::operator <<(std::basic_streambuf<char,std::char_traits<char>> *)' olabilirdi
      C:\Program Files\Microsoft Visual Studio\2022\Community\VC\Tools\MSVC\14.44.35207\include\__msvc_ostream.hpp(448,39):
      veya       'std::basic_ostream<char,std::char_traits<char>> &std::basic_ostream<char,std::char_traits<char>>::operator <<(const void *)'
      C:\Program Files\Microsoft Visual Studio\2022\Community\VC\Tools\MSVC\14.44.35207\include\__msvc_ostream.hpp(430,39):
      veya       'std::basic_ostream<char,std::char_traits<char>> &std::basic_ostream<char,std::char_traits<char>>::operator <<(long double)'
      C:\Program Files\Microsoft Visual Studio\2022\Community\VC\Tools\MSVC\14.44.35207\include\__msvc_ostream.hpp(412,39):
      veya       'std::basic_ostream<char,std::char_traits<char>> &std::basic_ostream<char,std::char_traits<char>>::operator <<(double)'
      C:\Program Files\Microsoft Visual Studio\2022\Community\VC\Tools\MSVC\14.44.35207\include\__msvc_ostream.hpp(394,39):
      veya       'std::basic_ostream<char,std::char_traits<char>> &std::basic_ostream<char,std::char_traits<char>>::operator <<(float)'
      C:\Program Files\Microsoft Visual Studio\2022\Community\VC\Tools\MSVC\14.44.35207\include\__msvc_ostream.hpp(376,39):
      veya       'std::basic_ostream<char,std::char_traits<char>> &std::basic_ostream<char,std::char_traits<char>>::operator <<(unsigned __int64)'
      C:\Program Files\Microsoft Visual Studio\2022\Community\VC\Tools\MSVC\14.44.35207\include\__msvc_ostream.hpp(358,39):
      veya       'std::basic_ostream<char,std::char_traits<char>> &std::basic_ostream<char,std::char_traits<char>>::operator <<(__int64)'
      C:\Program Files\Microsoft Visual Studio\2022\Community\VC\Tools\MSVC\14.44.35207\include\__msvc_ostream.hpp(340,39):
      veya       'std::basic_ostream<char,std::char_traits<char>> &std::basic_ostream<char,std::char_traits<char>>::operator <<(unsigned long)'
      C:\Program Files\Microsoft Visual Studio\2022\Community\VC\Tools\MSVC\14.44.35207\include\__msvc_ostream.hpp(322,39):
      veya       'std::basic_ostream<char,std::char_traits<char>> &std::basic_ostream<char,std::char_traits<char>>::operator <<(long)'
      C:\Program Files\Microsoft Visual Studio\2022\Community\VC\Tools\MSVC\14.44.35207\include\__msvc_ostream.hpp(303,39):
      veya       'std::basic_ostream<char,std::char_traits<char>> &std::basic_ostream<char,std::char_traits<char>>::operator <<(unsigned int)'
      C:\Program Files\Microsoft Visual Studio\2022\Community\VC\Tools\MSVC\14.44.35207\include\__msvc_ostream.hpp(277,39):
      veya       'std::basic_ostream<char,std::char_traits<char>> &std::basic_ostream<char,std::char_traits<char>>::operator <<(int)'
      C:\Program Files\Microsoft Visual Studio\2022\Community\VC\Tools\MSVC\14.44.35207\include\__msvc_ostream.hpp(258,39):
      veya       'std::basic_ostream<char,std::char_traits<char>> &std::basic_ostream<char,std::char_traits<char>>::operator <<(unsigned short)'
      C:\Program Files\Microsoft Visual Studio\2022\Community\VC\Tools\MSVC\14.44.35207\include\__msvc_ostream.hpp(224,39):
      veya       'std::basic_ostream<char,std::char_traits<char>> &std::basic_ostream<char,std::char_traits<char>>::operator <<(short)'
      C:\Program Files\Microsoft Visual Studio\2022\Community\VC\Tools\MSVC\14.44.35207\include\__msvc_ostream.hpp(206,39):
      veya       'std::basic_ostream<char,std::char_traits<char>> &std::basic_ostream<char,std::char_traits<char>>::operator <<(bool)'
      C:\Program Files\Microsoft Visual Studio\2022\Community\VC\Tools\MSVC\14.44.35207\include\__msvc_ostream.hpp(200,39):
      veya       'std::basic_ostream<char,std::char_traits<char>> &std::basic_ostream<char,std::char_traits<char>>::operator <<(std::ios_base &(__cdecl *)(std::ios_base &))'
      C:\Program Files\Microsoft Visual Studio\2022\Community\VC\Tools\MSVC\14.44.35207\include\__msvc_ostream.hpp(194,39):
      veya       'std::basic_ostream<char,std::char_traits<char>> &std::basic_ostream<char,std::char_traits<char>>::operator <<(std::basic_ios<char,std::char_traits<char>> &(__cdecl *)(std::basic_ios<char,std::char_traits<char>> &))'
      C:\Program Files\Microsoft Visual Studio\2022\Community\VC\Tools\MSVC\14.44.35207\include\__msvc_ostream.hpp(189,39):
      veya       'std::basic_ostream<char,std::char_traits<char>> &std::basic_ostream<char,std::char_traits<char>>::operator <<(std::basic_ostream<char,std::char_traits<char>> &(__cdecl *)(std::basic_ostream<char,std::char_traits<char>> &))'
      C:\Program Files\Microsoft Visual Studio\2022\Community\VC\Tools\MSVC\14.44.35207\include\__msvc_ostream.hpp(475,20):
      veya       'std::basic_ostream<char,std::char_traits<char>> &std::basic_ostream<char,std::char_traits<char>>::operator <<<void>(std::nullptr_t)'
      C:\Program Files\Microsoft Visual Studio\2022\Community\VC\Tools\MSVC\14.44.35207\include\__msvc_ostream.hpp(468,20):
      veya       'std::basic_ostream<char,std::char_traits<char>> &std::basic_ostream<char,std::char_traits<char>>::operator <<<void>(volatile const void *)'
      C:\Program Files\Microsoft Visual Studio\2022\Community\VC\Tools\MSVC\14.44.35207\include\__msvc_ostream.hpp(688,32):
      veya       'std::basic_ostream<char,std::char_traits<char>> &std::operator <<<char,std::char_traits<char>>(std::basic_ostream<char,std::char_traits<char>> &,const char *)'
      C:\Program Files\Microsoft Visual Studio\2022\Community\VC\Tools\MSVC\14.44.35207\include\__msvc_ostream.hpp(732,32):
      veya       'std::basic_ostream<char,std::char_traits<char>> &std::operator <<<char,std::char_traits<char>>(std::basic_ostream<char,std::char_traits<char>> &,char)'
      C:\Program Files\Microsoft Visual Studio\2022\Community\VC\Tools\MSVC\14.44.35207\include\__msvc_ostream.hpp(768,31):
      veya       'std::basic_ostream<char,std::char_traits<char>> &std::operator <<<std::char_traits<char>>(std::basic_ostream<char,std::char_traits<char>> &,const char *)'
      C:\Program Files\Microsoft Visual Studio\2022\Community\VC\Tools\MSVC\14.44.35207\include\__msvc_ostream.hpp(813,31):
      veya       'std::basic_ostream<char,std::char_traits<char>> &std::operator <<<std::char_traits<char>>(std::basic_ostream<char,std::char_traits<char>> &,char)'
      C:\Program Files\Microsoft Visual Studio\2022\Community\VC\Tools\MSVC\14.44.35207\include\__msvc_ostream.hpp(930,31):
      veya       'std::basic_ostream<char,std::char_traits<char>> &std::operator <<<std::char_traits<char>>(std::basic_ostream<char,std::char_traits<char>> &,const signed char *)'
      C:\Program Files\Microsoft Visual Studio\2022\Community\VC\Tools\MSVC\14.44.35207\include\__msvc_ostream.hpp(936,31):
      veya       'std::basic_ostream<char,std::char_traits<char>> &std::operator <<<std::char_traits<char>>(std::basic_ostream<char,std::char_traits<char>> &,signed char)'
      C:\Program Files\Microsoft Visual Studio\2022\Community\VC\Tools\MSVC\14.44.35207\include\__msvc_ostream.hpp(941,31):
      veya       'std::basic_ostream<char,std::char_traits<char>> &std::operator <<<std::char_traits<char>>(std::basic_ostream<char,std::char_traits<char>> &,const unsigned char *)'
      C:\Program Files\Microsoft Visual Studio\2022\Community\VC\Tools\MSVC\14.44.35207\include\__msvc_ostream.hpp(947,31):
      veya       'std::basic_ostream<char,std::char_traits<char>> &std::operator <<<std::char_traits<char>>(std::basic_ostream<char,std::char_traits<char>> &,unsigned char)'
      C:\Program Files\Microsoft Visual Studio\2022\Community\VC\Tools\MSVC\14.44.35207\include\__msvc_ostream.hpp(955,31):
      veya       'std::basic_ostream<char,std::char_traits<char>> &std::operator <<<std::char_traits<char>>(std::basic_ostream<char,std::char_traits<char>> &,const char8_t *)'
      C:\Program Files\Microsoft Visual Studio\2022\Community\VC\Tools\MSVC\14.44.35207\include\__msvc_ostream.hpp(961,31):
      veya       'std::basic_ostream<char,std::char_traits<char>> &std::operator <<<std::char_traits<char>>(std::basic_ostream<char,std::char_traits<char>> &,char8_t)'
      C:\Program Files\Microsoft Visual Studio\2022\Community\VC\Tools\MSVC\14.44.35207\include\__msvc_ostream.hpp(969,31):
      veya       'std::basic_ostream<char,std::char_traits<char>> &std::operator <<<std::char_traits<char>>(std::basic_ostream<char,std::char_traits<char>> &,wchar_t)'
      C:\Program Files\Microsoft Visual Studio\2022\Community\VC\Tools\MSVC\14.44.35207\include\__msvc_ostream.hpp(972,31):
      veya       'std::basic_ostream<char,std::char_traits<char>> &std::operator <<<std::char_traits<char>>(std::basic_ostream<char,std::char_traits<char>> &,const wchar_t *)'
      C:\Program Files\Microsoft Visual Studio\2022\Community\VC\Tools\MSVC\14.44.35207\include\__msvc_ostream.hpp(976,31):
      veya       'std::basic_ostream<char,std::char_traits<char>> &std::operator <<<std::char_traits<char>>(std::basic_ostream<char,std::char_traits<char>> &,char16_t)'
      C:\Program Files\Microsoft Visual Studio\2022\Community\VC\Tools\MSVC\14.44.35207\include\__msvc_ostream.hpp(978,31):
      veya       'std::basic_ostream<char,std::char_traits<char>> &std::operator <<<std::char_traits<char>>(std::basic_ostream<char,std::char_traits<char>> &,char32_t)'
      C:\Program Files\Microsoft Visual Studio\2022\Community\VC\Tools\MSVC\14.44.35207\include\__msvc_ostream.hpp(986,31):
      veya       'std::basic_ostream<char,std::char_traits<char>> &std::operator <<<std::char_traits<char>>(std::basic_ostream<char,std::char_traits<char>> &,const char16_t *)'
      C:\Program Files\Microsoft Visual Studio\2022\Community\VC\Tools\MSVC\14.44.35207\include\__msvc_ostream.hpp(988,31):
      veya       'std::basic_ostream<char,std::char_traits<char>> &std::operator <<<std::char_traits<char>>(std::basic_ostream<char,std::char_traits<char>> &,const char32_t *)'
      C:\Program Files\Microsoft Visual Studio\2022\Community\VC\Tools\MSVC\14.44.35207\include\__msvc_ostream.hpp(1031,32):
      veya       'std::basic_ostream<char,std::char_traits<char>> &std::operator <<<char,std::char_traits<char>>(std::basic_ostream<char,std::char_traits<char>> &,const std::error_code &)'
      C:\Program Files\Microsoft Visual Studio\2022\Community\VC\Tools\MSVC\14.44.35207\include\thread(298,26):
      veya       'std::basic_ostream<char,std::char_traits<char>> &std::operator <<<char,std::char_traits<char>>(std::basic_ostream<char,std::char_traits<char>> &,std::thread::id)'
      C:\ShadowStrike\ShadowStrike\src\Shared_modules\Core\Registry\SystemSettingsMonitor.cpp(1266,21):
      '(std::basic_ostream<char,std::char_traits<char>>, <error type>)' ba─ş─▒ms─▒z de─şi┼şken listesi e┼şlenmeye ├ğal─▒┼ş─▒l─▒rken
  
C:\ShadowStrike\ShadowStrike\src\Shared_modules\Core\Registry\SystemSettingsMonitor.cpp(1267,55): error C2039: 'WideToUtf8': bir 'ShadowStrike::Utils::StringUtils' ├╝yesi de─şil [C:\ShadowStrike\ShadowStrike\ShadowStrike.vcxproj]
  ('/src/Shared_modules/Core/Registry/SystemSettingsMonitor.cpp' kaynak dosyas─▒ derleniyor)
      C:\ShadowStrike\ShadowStrike\src\Shared_modules\Utils\StringUtils.hpp(63,19):
      'ShadowStrike::Utils::StringUtils' bildirimine bak─▒n
  
C:\ShadowStrike\ShadowStrike\src\Shared_modules\Core\Registry\SystemSettingsMonitor.cpp(1267,55): error C3861: 'WideToUtf8': tan─▒mlay─▒c─▒ bulunamad─▒ [C:\ShadowStrike\ShadowStrike\ShadowStrike.vcxproj]
  ('/src/Shared_modules/Core/Registry/SystemSettingsMonitor.cpp' kaynak dosyas─▒ derleniyor)
  
C:\ShadowStrike\ShadowStrike\src\Products\PhantomHome\GameMode\PerformanceOptimizer.hpp(119,10): error C1083: i├ğerme dosyas─▒ a├ğ─▒lam─▒yor: '../Utils/Logger.hpp': No such file or directory [C:\ShadowStrike\ShadowStrike\ShadowStrike.vcxproj]
  ('/src/Products/PhantomHome/GameMode/PerformanceOptimizer.cpp' kaynak dosyas─▒ derleniyor)
  
C:\ShadowStrike\ShadowStrike\src\Shared_modules\Core\Registry\SystemSettingsMonitor.cpp(1267,21): error C2593: 'operator <<' belirsiz [C:\ShadowStrike\ShadowStrike\ShadowStrike.vcxproj]
  ('/src/Shared_modules/Core/Registry/SystemSettingsMonitor.cpp' kaynak dosyas─▒ derleniyor)
      C:\Program Files\Microsoft Visual Studio\2022\Community\VC\Tools\MSVC\14.44.35207\include\__msvc_ostream.hpp(480,39):
      'std::basic_ostream<char,std::char_traits<char>> &std::basic_ostream<char,std::char_traits<char>>::operator <<(std::basic_streambuf<char,std::char_traits<char>> *)' olabilirdi
      C:\Program Files\Microsoft Visual Studio\2022\Community\VC\Tools\MSVC\14.44.35207\include\__msvc_ostream.hpp(448,39):
      veya       'std::basic_ostream<char,std::char_traits<char>> &std::basic_ostream<char,std::char_traits<char>>::operator <<(const void *)'
      C:\Program Files\Microsoft Visual Studio\2022\Community\VC\Tools\MSVC\14.44.35207\include\__msvc_ostream.hpp(430,39):
      veya       'std::basic_ostream<char,std::char_traits<char>> &std::basic_ostream<char,std::char_traits<char>>::operator <<(long double)'
      C:\Program Files\Microsoft Visual Studio\2022\Community\VC\Tools\MSVC\14.44.35207\include\__msvc_ostream.hpp(412,39):
      veya       'std::basic_ostream<char,std::char_traits<char>> &std::basic_ostream<char,std::char_traits<char>>::operator <<(double)'
      C:\Program Files\Microsoft Visual Studio\2022\Community\VC\Tools\MSVC\14.44.35207\include\__msvc_ostream.hpp(394,39):
      veya       'std::basic_ostream<char,std::char_traits<char>> &std::basic_ostream<char,std::char_traits<char>>::operator <<(float)'
      C:\Program Files\Microsoft Visual Studio\2022\Community\VC\Tools\MSVC\14.44.35207\include\__msvc_ostream.hpp(376,39):
      veya       'std::basic_ostream<char,std::char_traits<char>> &std::basic_ostream<char,std::char_traits<char>>::operator <<(unsigned __int64)'
      C:\Program Files\Microsoft Visual Studio\2022\Community\VC\Tools\MSVC\14.44.35207\include\__msvc_ostream.hpp(358,39):
      veya       'std::basic_ostream<char,std::char_traits<char>> &std::basic_ostream<char,std::char_traits<char>>::operator <<(__int64)'
      C:\Program Files\Microsoft Visual Studio\2022\Community\VC\Tools\MSVC\14.44.35207\include\__msvc_ostream.hpp(340,39):
      veya       'std::basic_ostream<char,std::char_traits<char>> &std::basic_ostream<char,std::char_traits<char>>::operator <<(unsigned long)'
      C:\Program Files\Microsoft Visual Studio\2022\Community\VC\Tools\MSVC\14.44.35207\include\__msvc_ostream.hpp(322,39):
      veya       'std::basic_ostream<char,std::char_traits<char>> &std::basic_ostream<char,std::char_traits<char>>::operator <<(long)'
      C:\Program Files\Microsoft Visual Studio\2022\Community\VC\Tools\MSVC\14.44.35207\include\__msvc_ostream.hpp(303,39):
      veya       'std::basic_ostream<char,std::char_traits<char>> &std::basic_ostream<char,std::char_traits<char>>::operator <<(unsigned int)'
      C:\Program Files\Microsoft Visual Studio\2022\Community\VC\Tools\MSVC\14.44.35207\include\__msvc_ostream.hpp(277,39):
      veya       'std::basic_ostream<char,std::char_traits<char>> &std::basic_ostream<char,std::char_traits<char>>::operator <<(int)'
      C:\Program Files\Microsoft Visual Studio\2022\Community\VC\Tools\MSVC\14.44.35207\include\__msvc_ostream.hpp(258,39):
      veya       'std::basic_ostream<char,std::char_traits<char>> &std::basic_ostream<char,std::char_traits<char>>::operator <<(unsigned short)'
      C:\Program Files\Microsoft Visual Studio\2022\Community\VC\Tools\MSVC\14.44.35207\include\__msvc_ostream.hpp(224,39):
      veya       'std::basic_ostream<char,std::char_traits<char>> &std::basic_ostream<char,std::char_traits<char>>::operator <<(short)'
      C:\Program Files\Microsoft Visual Studio\2022\Community\VC\Tools\MSVC\14.44.35207\include\__msvc_ostream.hpp(206,39):
      veya       'std::basic_ostream<char,std::char_traits<char>> &std::basic_ostream<char,std::char_traits<char>>::operator <<(bool)'
      C:\Program Files\Microsoft Visual Studio\2022\Community\VC\Tools\MSVC\14.44.35207\include\__msvc_ostream.hpp(200,39):
      veya       'std::basic_ostream<char,std::char_traits<char>> &std::basic_ostream<char,std::char_traits<char>>::operator <<(std::ios_base &(__cdecl *)(std::ios_base &))'
      C:\Program Files\Microsoft Visual Studio\2022\Community\VC\Tools\MSVC\14.44.35207\include\__msvc_ostream.hpp(194,39):
      veya       'std::basic_ostream<char,std::char_traits<char>> &std::basic_ostream<char,std::char_traits<char>>::operator <<(std::basic_ios<char,std::char_traits<char>> &(__cdecl *)(std::basic_ios<char,std::char_traits<char>> &))'
      C:\Program Files\Microsoft Visual Studio\2022\Community\VC\Tools\MSVC\14.44.35207\include\__msvc_ostream.hpp(189,39):
      veya       'std::basic_ostream<char,std::char_traits<char>> &std::basic_ostream<char,std::char_traits<char>>::operator <<(std::basic_ostream<char,std::char_traits<char>> &(__cdecl *)(std::basic_ostream<char,std::char_traits<char>> &))'
      C:\Program Files\Microsoft Visual Studio\2022\Community\VC\Tools\MSVC\14.44.35207\include\__msvc_ostream.hpp(475,20):
      veya       'std::basic_ostream<char,std::char_traits<char>> &std::basic_ostream<char,std::char_traits<char>>::operator <<<void>(std::nullptr_t)'
      C:\Program Files\Microsoft Visual Studio\2022\Community\VC\Tools\MSVC\14.44.35207\include\__msvc_ostream.hpp(468,20):
      veya       'std::basic_ostream<char,std::char_traits<char>> &std::basic_ostream<char,std::char_traits<char>>::operator <<<void>(volatile const void *)'
      C:\Program Files\Microsoft Visual Studio\2022\Community\VC\Tools\MSVC\14.44.35207\include\__msvc_ostream.hpp(688,32):
      veya       'std::basic_ostream<char,std::char_traits<char>> &std::operator <<<char,std::char_traits<char>>(std::basic_ostream<char,std::char_traits<char>> &,const char *)'
      C:\Program Files\Microsoft Visual Studio\2022\Community\VC\Tools\MSVC\14.44.35207\include\__msvc_ostream.hpp(732,32):
      veya       'std::basic_ostream<char,std::char_traits<char>> &std::operator <<<char,std::char_traits<char>>(std::basic_ostream<char,std::char_traits<char>> &,char)'
      C:\Program Files\Microsoft Visual Studio\2022\Community\VC\Tools\MSVC\14.44.35207\include\__msvc_ostream.hpp(768,31):
      veya       'std::basic_ostream<char,std::char_traits<char>> &std::operator <<<std::char_traits<char>>(std::basic_ostream<char,std::char_traits<char>> &,const char *)'
      C:\Program Files\Microsoft Visual Studio\2022\Community\VC\Tools\MSVC\14.44.35207\include\__msvc_ostream.hpp(813,31):
      veya       'std::basic_ostream<char,std::char_traits<char>> &std::operator <<<std::char_traits<char>>(std::basic_ostream<char,std::char_traits<char>> &,char)'
      C:\Program Files\Microsoft Visual Studio\2022\Community\VC\Tools\MSVC\14.44.35207\include\__msvc_ostream.hpp(930,31):
      veya       'std::basic_ostream<char,std::char_traits<char>> &std::operator <<<std::char_traits<char>>(std::basic_ostream<char,std::char_traits<char>> &,const signed char *)'
      C:\Program Files\Microsoft Visual Studio\2022\Community\VC\Tools\MSVC\14.44.35207\include\__msvc_ostream.hpp(936,31):
      veya       'std::basic_ostream<char,std::char_traits<char>> &std::operator <<<std::char_traits<char>>(std::basic_ostream<char,std::char_traits<char>> &,signed char)'
      C:\Program Files\Microsoft Visual Studio\2022\Community\VC\Tools\MSVC\14.44.35207\include\__msvc_ostream.hpp(941,31):
      veya       'std::basic_ostream<char,std::char_traits<char>> &std::operator <<<std::char_traits<char>>(std::basic_ostream<char,std::char_traits<char>> &,const unsigned char *)'
      C:\Program Files\Microsoft Visual Studio\2022\Community\VC\Tools\MSVC\14.44.35207\include\__msvc_ostream.hpp(947,31):
      veya       'std::basic_ostream<char,std::char_traits<char>> &std::operator <<<std::char_traits<char>>(std::basic_ostream<char,std::char_traits<char>> &,unsigned char)'
      C:\Program Files\Microsoft Visual Studio\2022\Community\VC\Tools\MSVC\14.44.35207\include\__msvc_ostream.hpp(955,31):
      veya       'std::basic_ostream<char,std::char_traits<char>> &std::operator <<<std::char_traits<char>>(std::basic_ostream<char,std::char_traits<char>> &,const char8_t *)'
      C:\Program Files\Microsoft Visual Studio\2022\Community\VC\Tools\MSVC\14.44.35207\include\__msvc_ostream.hpp(961,31):
      veya       'std::basic_ostream<char,std::char_traits<char>> &std::operator <<<std::char_traits<char>>(std::basic_ostream<char,std::char_traits<char>> &,char8_t)'
      C:\Program Files\Microsoft Visual Studio\2022\Community\VC\Tools\MSVC\14.44.35207\include\__msvc_ostream.hpp(969,31):
      veya       'std::basic_ostream<char,std::char_traits<char>> &std::operator <<<std::char_traits<char>>(std::basic_ostream<char,std::char_traits<char>> &,wchar_t)'
      C:\Program Files\Microsoft Visual Studio\2022\Community\VC\Tools\MSVC\14.44.35207\include\__msvc_ostream.hpp(972,31):
      veya       'std::basic_ostream<char,std::char_traits<char>> &std::operator <<<std::char_traits<char>>(std::basic_ostream<char,std::char_traits<char>> &,const wchar_t *)'
      C:\Program Files\Microsoft Visual Studio\2022\Community\VC\Tools\MSVC\14.44.35207\include\__msvc_ostream.hpp(976,31):
      veya       'std::basic_ostream<char,std::char_traits<char>> &std::operator <<<std::char_traits<char>>(std::basic_ostream<char,std::char_traits<char>> &,char16_t)'
      C:\Program Files\Microsoft Visual Studio\2022\Community\VC\Tools\MSVC\14.44.35207\include\__msvc_ostream.hpp(978,31):
      veya       'std::basic_ostream<char,std::char_traits<char>> &std::operator <<<std::char_traits<char>>(std::basic_ostream<char,std::char_traits<char>> &,char32_t)'
      C:\Program Files\Microsoft Visual Studio\2022\Community\VC\Tools\MSVC\14.44.35207\include\__msvc_ostream.hpp(986,31):
      veya       'std::basic_ostream<char,std::char_traits<char>> &std::operator <<<std::char_traits<char>>(std::basic_ostream<char,std::char_traits<char>> &,const char16_t *)'
      C:\Program Files\Microsoft Visual Studio\2022\Community\VC\Tools\MSVC\14.44.35207\include\__msvc_ostream.hpp(988,31):
      veya       'std::basic_ostream<char,std::char_traits<char>> &std::operator <<<std::char_traits<char>>(std::basic_ostream<char,std::char_traits<char>> &,const char32_t *)'
      C:\Program Files\Microsoft Visual Studio\2022\Community\VC\Tools\MSVC\14.44.35207\include\__msvc_ostream.hpp(1031,32):
      veya       'std::basic_ostream<char,std::char_traits<char>> &std::operator <<<char,std::char_traits<char>>(std::basic_ostream<char,std::char_traits<char>> &,const std::error_code &)'
      C:\Program Files\Microsoft Visual Studio\2022\Community\VC\Tools\MSVC\14.44.35207\include\thread(298,26):
      veya       'std::basic_ostream<char,std::char_traits<char>> &std::operator <<<char,std::char_traits<char>>(std::basic_ostream<char,std::char_traits<char>> &,std::thread::id)'
      C:\ShadowStrike\ShadowStrike\src\Shared_modules\Core\Registry\SystemSettingsMonitor.cpp(1267,21):
      '(std::basic_ostream<char,std::char_traits<char>>, <error type>)' ba─ş─▒ms─▒z de─şi┼şken listesi e┼şlenmeye ├ğal─▒┼ş─▒l─▒rken
  
C:\ShadowStrike\ShadowStrike\src\Shared_modules\Core\Registry\RegistryMonitor.cpp(747,17): error C2653: 'Logger': bir s─▒n─▒f veya ad alan─▒ ad─▒ de─şil [C:\ShadowStrike\ShadowStrike\ShadowStrike.vcxproj]
  ('/src/Shared_modules/Core/Registry/RegistryMonitor.cpp' kaynak dosyas─▒ derleniyor)
  
C:\ShadowStrike\ShadowStrike\src\Shared_modules\Core\Registry\RegistryMonitor.cpp(747,25): error C3861: 'Info': tan─▒mlay─▒c─▒ bulunamad─▒ [C:\ShadowStrike\ShadowStrike\ShadowStrike.vcxproj]
  ('/src/Shared_modules/Core/Registry/RegistryMonitor.cpp' kaynak dosyas─▒ derleniyor)
  
C:\ShadowStrike\ShadowStrike\src\Shared_modules\Core\Registry\RegistryMonitor.cpp(753,13): error C2653: 'Logger': bir s─▒n─▒f veya ad alan─▒ ad─▒ de─şil [C:\ShadowStrike\ShadowStrike\ShadowStrike.vcxproj]
  ('/src/Shared_modules/Core/Registry/RegistryMonitor.cpp' kaynak dosyas─▒ derleniyor)
  
C:\ShadowStrike\ShadowStrike\src\Shared_modules\Core\Registry\RegistryMonitor.cpp(753,21): error C3861: 'Error': tan─▒mlay─▒c─▒ bulunamad─▒ [C:\ShadowStrike\ShadowStrike\ShadowStrike.vcxproj]
  ('/src/Shared_modules/Core/Registry/RegistryMonitor.cpp' kaynak dosyas─▒ derleniyor)
  
C:\ShadowStrike\ShadowStrike\src\Shared_modules\Core\Registry\RegistryMonitor.cpp(776,13): error C2653: 'Logger': bir s─▒n─▒f veya ad alan─▒ ad─▒ de─şil [C:\ShadowStrike\ShadowStrike\ShadowStrike.vcxproj]
  ('/src/Shared_modules/Core/Registry/RegistryMonitor.cpp' kaynak dosyas─▒ derleniyor)
  
C:\ShadowStrike\ShadowStrike\src\Shared_modules\Core\Registry\RegistryMonitor.cpp(776,53): error C2653: 'StringUtils': bir s─▒n─▒f veya ad alan─▒ ad─▒ de─şil [C:\ShadowStrike\ShadowStrike\ShadowStrike.vcxproj]
  ('/src/Shared_modules/Core/Registry/RegistryMonitor.cpp' kaynak dosyas─▒ derleniyor)
  
C:\ShadowStrike\ShadowStrike\src\Shared_modules\Core\Registry\RegistryMonitor.cpp(776,66): error C3861: 'WideToUtf8': tan─▒mlay─▒c─▒ bulunamad─▒ [C:\ShadowStrike\ShadowStrike\ShadowStrike.vcxproj]
  ('/src/Shared_modules/Core/Registry/RegistryMonitor.cpp' kaynak dosyas─▒ derleniyor)
  
C:\ShadowStrike\ShadowStrike\src\Shared_modules\Core\Registry\RegistryMonitor.cpp(776,21): error C3861: 'Info': tan─▒mlay─▒c─▒ bulunamad─▒ [C:\ShadowStrike\ShadowStrike\ShadowStrike.vcxproj]
  ('/src/Shared_modules/Core/Registry/RegistryMonitor.cpp' kaynak dosyas─▒ derleniyor)
  
C:\ShadowStrike\ShadowStrike\src\Shared_modules\Core\Registry\RegistryMonitor.cpp(779,13): error C2653: 'Logger': bir s─▒n─▒f veya ad alan─▒ ad─▒ de─şil [C:\ShadowStrike\ShadowStrike\ShadowStrike.vcxproj]
  ('/src/Shared_modules/Core/Registry/RegistryMonitor.cpp' kaynak dosyas─▒ derleniyor)
  
C:\ShadowStrike\ShadowStrike\src\Shared_modules\Core\Registry\RegistryMonitor.cpp(779,21): error C3861: 'Error': tan─▒mlay─▒c─▒ bulunamad─▒ [C:\ShadowStrike\ShadowStrike\ShadowStrike.vcxproj]
  ('/src/Shared_modules/Core/Registry/RegistryMonitor.cpp' kaynak dosyas─▒ derleniyor)
  
C:\ShadowStrike\ShadowStrike\src\Shared_modules\Core\Registry\RegistryMonitor.cpp(789,13): error C2653: 'Logger': bir s─▒n─▒f veya ad alan─▒ ad─▒ de─şil [C:\ShadowStrike\ShadowStrike\ShadowStrike.vcxproj]
  ('/src/Shared_modules/Core/Registry/RegistryMonitor.cpp' kaynak dosyas─▒ derleniyor)
  
C:\ShadowStrike\ShadowStrike\src\Shared_modules\Core\Registry\RegistryMonitor.cpp(789,53): error C2653: 'StringUtils': bir s─▒n─▒f veya ad alan─▒ ad─▒ de─şil [C:\ShadowStrike\ShadowStrike\ShadowStrike.vcxproj]
  ('/src/Shared_modules/Core/Registry/RegistryMonitor.cpp' kaynak dosyas─▒ derleniyor)
  
C:\ShadowStrike\ShadowStrike\src\Shared_modules\Core\Registry\RegistryMonitor.cpp(789,66): error C3861: 'WideToUtf8': tan─▒mlay─▒c─▒ bulunamad─▒ [C:\ShadowStrike\ShadowStrike\ShadowStrike.vcxproj]
  ('/src/Shared_modules/Core/Registry/RegistryMonitor.cpp' kaynak dosyas─▒ derleniyor)
  
C:\ShadowStrike\ShadowStrike\src\Shared_modules\Core\Registry\RegistryMonitor.cpp(789,21): error C3861: 'Info': tan─▒mlay─▒c─▒ bulunamad─▒ [C:\ShadowStrike\ShadowStrike\ShadowStrike.vcxproj]
  ('/src/Shared_modules/Core/Registry/RegistryMonitor.cpp' kaynak dosyas─▒ derleniyor)
  
C:\ShadowStrike\ShadowStrike\src\Shared_modules\Core\Registry\RegistryMonitor.cpp(792,13): error C2653: 'Logger': bir s─▒n─▒f veya ad alan─▒ ad─▒ de─şil [C:\ShadowStrike\ShadowStrike\ShadowStrike.vcxproj]
  ('/src/Shared_modules/Core/Registry/RegistryMonitor.cpp' kaynak dosyas─▒ derleniyor)
  
C:\ShadowStrike\ShadowStrike\src\Shared_modules\Core\Registry\RegistryMonitor.cpp(792,21): error C3861: 'Error': tan─▒mlay─▒c─▒ bulunamad─▒ [C:\ShadowStrike\ShadowStrike\ShadowStrike.vcxproj]
  ('/src/Shared_modules/Core/Registry/RegistryMonitor.cpp' kaynak dosyas─▒ derleniyor)
  
C:\ShadowStrike\ShadowStrike\src\Shared_modules\Core\Registry\RegistryMonitor.cpp(802,28): error C2653: 'StringUtils': bir s─▒n─▒f veya ad alan─▒ ad─▒ de─şil [C:\ShadowStrike\ShadowStrike\ShadowStrike.vcxproj]
  ('/src/Shared_modules/Core/Registry/RegistryMonitor.cpp' kaynak dosyas─▒ derleniyor)
  
C:\ShadowStrike\ShadowStrike\src\Shared_modules\Core\Registry\RegistryMonitor.cpp(802,41): error C3861: 'ToLower': tan─▒mlay─▒c─▒ bulunamad─▒ [C:\ShadowStrike\ShadowStrike\ShadowStrike.vcxproj]
  ('/src/Shared_modules/Core/Registry/RegistryMonitor.cpp' kaynak dosyas─▒ derleniyor)
  
C:\ShadowStrike\ShadowStrike\src\Shared_modules\Core\Registry\RegistryMonitor.cpp(802,64): error C2653: 'StringUtils': bir s─▒n─▒f veya ad alan─▒ ad─▒ de─şil [C:\ShadowStrike\ShadowStrike\ShadowStrike.vcxproj]
  ('/src/Shared_modules/Core/Registry/RegistryMonitor.cpp' kaynak dosyas─▒ derleniyor)
  
C:\ShadowStrike\ShadowStrike\src\Shared_modules\Core\Registry\RegistryMonitor.cpp(802,77): error C3861: 'ToLower': tan─▒mlay─▒c─▒ bulunamad─▒ [C:\ShadowStrike\ShadowStrike\ShadowStrike.vcxproj]
  ('/src/Shared_modules/Core/Registry/RegistryMonitor.cpp' kaynak dosyas─▒ derleniyor)
  
C:\ShadowStrike\ShadowStrike\src\Shared_modules\Core\Registry\SystemSettingsMonitor.cpp(1460,9): error C2653: 'Logger': bir s─▒n─▒f veya ad alan─▒ ad─▒ de─şil [C:\ShadowStrike\ShadowStrike\ShadowStrike.vcxproj]
  ('/src/Shared_modules/Core/Registry/SystemSettingsMonitor.cpp' kaynak dosyas─▒ derleniyor)
  
C:\ShadowStrike\ShadowStrike\src\Shared_modules\Core\Registry\SystemSettingsMonitor.cpp(1460,17): error C3861: 'Info': tan─▒mlay─▒c─▒ bulunamad─▒ [C:\ShadowStrike\ShadowStrike\ShadowStrike.vcxproj]
  ('/src/Shared_modules/Core/Registry/SystemSettingsMonitor.cpp' kaynak dosyas─▒ derleniyor)
  
C:\ShadowStrike\ShadowStrike\src\Shared_modules\Core\Registry\RegistryMonitor.cpp(807,17): error C2653: 'Logger': bir s─▒n─▒f veya ad alan─▒ ad─▒ de─şil [C:\ShadowStrike\ShadowStrike\ShadowStrike.vcxproj]
  ('/src/Shared_modules/Core/Registry/RegistryMonitor.cpp' kaynak dosyas─▒ derleniyor)
  
C:\ShadowStrike\ShadowStrike\src\Shared_modules\Core\Registry\SystemSettingsMonitor.cpp(1483,17): error C2653: 'Logger': bir s─▒n─▒f veya ad alan─▒ ad─▒ de─şil [C:\ShadowStrike\ShadowStrike\ShadowStrike.vcxproj]
  ('/src/Shared_modules/Core/Registry/SystemSettingsMonitor.cpp' kaynak dosyas─▒ derleniyor)
  
C:\ShadowStrike\ShadowStrike\src\Shared_modules\Core\Registry\RegistryMonitor.cpp(807,59): error C2653: 'StringUtils': bir s─▒n─▒f veya ad alan─▒ ad─▒ de─şil [C:\ShadowStrike\ShadowStrike\ShadowStrike.vcxproj]
  ('/src/Shared_modules/Core/Registry/RegistryMonitor.cpp' kaynak dosyas─▒ derleniyor)
  
C:\ShadowStrike\ShadowStrike\src\Shared_modules\Core\Registry\SystemSettingsMonitor.cpp(1483,25): error C3861: 'Error': tan─▒mlay─▒c─▒ bulunamad─▒ [C:\ShadowStrike\ShadowStrike\ShadowStrike.vcxproj]
  ('/src/Shared_modules/Core/Registry/SystemSettingsMonitor.cpp' kaynak dosyas─▒ derleniyor)
  
C:\ShadowStrike\ShadowStrike\src\Shared_modules\Core\Registry\RegistryMonitor.cpp(807,72): error C3861: 'WideToUtf8': tan─▒mlay─▒c─▒ bulunamad─▒ [C:\ShadowStrike\ShadowStrike\ShadowStrike.vcxproj]
  ('/src/Shared_modules/Core/Registry/RegistryMonitor.cpp' kaynak dosyas─▒ derleniyor)
  
C:\ShadowStrike\ShadowStrike\src\Shared_modules\Core\Registry\SystemSettingsMonitor.cpp(1487,9): error C2653: 'Logger': bir s─▒n─▒f veya ad alan─▒ ad─▒ de─şil [C:\ShadowStrike\ShadowStrike\ShadowStrike.vcxproj]
  ('/src/Shared_modules/Core/Registry/SystemSettingsMonitor.cpp' kaynak dosyas─▒ derleniyor)
  
C:\ShadowStrike\ShadowStrike\src\Shared_modules\Core\Registry\SystemSettingsMonitor.cpp(1487,17): error C3861: 'Info': tan─▒mlay─▒c─▒ bulunamad─▒ [C:\ShadowStrike\ShadowStrike\ShadowStrike.vcxproj]
  ('/src/Shared_modules/Core/Registry/SystemSettingsMonitor.cpp' kaynak dosyas─▒ derleniyor)
  
C:\ShadowStrike\ShadowStrike\src\Shared_modules\Core\Registry\RegistryMonitor.cpp(807,25): error C3861: 'Info': tan─▒mlay─▒c─▒ bulunamad─▒ [C:\ShadowStrike\ShadowStrike\ShadowStrike.vcxproj]
  ('/src/Shared_modules/Core/Registry/RegistryMonitor.cpp' kaynak dosyas─▒ derleniyor)
  
C:\ShadowStrike\ShadowStrike\src\Shared_modules\Core\Registry\RegistryMonitor.cpp(811,13): error C2653: 'Logger': bir s─▒n─▒f veya ad alan─▒ ad─▒ de─şil [C:\ShadowStrike\ShadowStrike\ShadowStrike.vcxproj]
  ('/src/Shared_modules/Core/Registry/RegistryMonitor.cpp' kaynak dosyas─▒ derleniyor)
  
C:\ShadowStrike\ShadowStrike\src\Shared_modules\Core\Registry\RegistryMonitor.cpp(811,21): error C3861: 'Error': tan─▒mlay─▒c─▒ bulunamad─▒ [C:\ShadowStrike\ShadowStrike\ShadowStrike.vcxproj]
  ('/src/Shared_modules/Core/Registry/RegistryMonitor.cpp' kaynak dosyas─▒ derleniyor)
  
C:\ShadowStrike\ShadowStrike\src\Shared_modules\Core\Registry\RegistryMonitor.cpp(818,34): error C2653: 'StringUtils': bir s─▒n─▒f veya ad alan─▒ ad─▒ de─şil [C:\ShadowStrike\ShadowStrike\ShadowStrike.vcxproj]
  ('/src/Shared_modules/Core/Registry/RegistryMonitor.cpp' kaynak dosyas─▒ derleniyor)
  
C:\ShadowStrike\ShadowStrike\src\Shared_modules\Core\Registry\RegistryMonitor.cpp(818,47): error C3861: 'ToLower': tan─▒mlay─▒c─▒ bulunamad─▒ [C:\ShadowStrike\ShadowStrike\ShadowStrike.vcxproj]
  ('/src/Shared_modules/Core/Registry/RegistryMonitor.cpp' kaynak dosyas─▒ derleniyor)
  
C:\ShadowStrike\ShadowStrike\src\Shared_modules\Core\Registry\RegistryMonitor.cpp(821,43): error C2653: 'StringUtils': bir s─▒n─▒f veya ad alan─▒ ad─▒ de─şil [C:\ShadowStrike\ShadowStrike\ShadowStrike.vcxproj]
  ('/src/Shared_modules/Core/Registry/RegistryMonitor.cpp' kaynak dosyas─▒ derleniyor)
  
C:\ShadowStrike\ShadowStrike\src\Shared_modules\Core\Registry\SystemSettingsMonitor.cpp(1555,13): error C2653: 'Logger': bir s─▒n─▒f veya ad alan─▒ ad─▒ de─şil [C:\ShadowStrike\ShadowStrike\ShadowStrike.vcxproj]
  ('/src/Shared_modules/Core/Registry/SystemSettingsMonitor.cpp' kaynak dosyas─▒ derleniyor)
  
C:\ShadowStrike\ShadowStrike\src\Shared_modules\Core\Registry\SystemSettingsMonitor.cpp(1555,21): error C3861: 'Warn': tan─▒mlay─▒c─▒ bulunamad─▒ [C:\ShadowStrike\ShadowStrike\ShadowStrike.vcxproj]
  ('/src/Shared_modules/Core/Registry/SystemSettingsMonitor.cpp' kaynak dosyas─▒ derleniyor)
  
C:\ShadowStrike\ShadowStrike\src\Shared_modules\Core\Registry\RegistryMonitor.cpp(821,56): error C3861: 'ToLower': tan─▒mlay─▒c─▒ bulunamad─▒ [C:\ShadowStrike\ShadowStrike\ShadowStrike.vcxproj]
  ('/src/Shared_modules/Core/Registry/RegistryMonitor.cpp' kaynak dosyas─▒ derleniyor)
  
C:\ShadowStrike\ShadowStrike\src\Shared_modules\Core\Registry\RegistryMonitor.cpp(845,34): error C2653: 'StringUtils': bir s─▒n─▒f veya ad alan─▒ ad─▒ de─şil [C:\ShadowStrike\ShadowStrike\ShadowStrike.vcxproj]
  ('/src/Shared_modules/Core/Registry/RegistryMonitor.cpp' kaynak dosyas─▒ derleniyor)
  
C:\ShadowStrike\ShadowStrike\src\Shared_modules\Core\Registry\RegistryMonitor.cpp(845,47): error C3861: 'ToLower': tan─▒mlay─▒c─▒ bulunamad─▒ [C:\ShadowStrike\ShadowStrike\ShadowStrike.vcxproj]
  ('/src/Shared_modules/Core/Registry/RegistryMonitor.cpp' kaynak dosyas─▒ derleniyor)
  
C:\ShadowStrike\ShadowStrike\src\Shared_modules\Core\Registry\SystemSettingsMonitor.cpp(1597,13): error C2653: 'Logger': bir s─▒n─▒f veya ad alan─▒ ad─▒ de─şil [C:\ShadowStrike\ShadowStrike\ShadowStrike.vcxproj]
  ('/src/Shared_modules/Core/Registry/SystemSettingsMonitor.cpp' kaynak dosyas─▒ derleniyor)
  
C:\ShadowStrike\ShadowStrike\src\Shared_modules\Core\Registry\SystemSettingsMonitor.cpp(1597,21): error C3861: 'Critical': tan─▒mlay─▒c─▒ bulunamad─▒ [C:\ShadowStrike\ShadowStrike\ShadowStrike.vcxproj]
  ('/src/Shared_modules/Core/Registry/SystemSettingsMonitor.cpp' kaynak dosyas─▒ derleniyor)
  
C:\ShadowStrike\ShadowStrike\src\Shared_modules\Core\Registry\SystemSettingsMonitor.cpp(1650,13): error C2653: 'Logger': bir s─▒n─▒f veya ad alan─▒ ad─▒ de─şil [C:\ShadowStrike\ShadowStrike\ShadowStrike.vcxproj]
  ('/src/Shared_modules/Core/Registry/SystemSettingsMonitor.cpp' kaynak dosyas─▒ derleniyor)
  
C:\ShadowStrike\ShadowStrike\src\Shared_modules\Core\Registry\SystemSettingsMonitor.cpp(1650,13): error C1003: hata say─▒s─▒ 100 taneyi a┼şt─▒; derleme durduruluyor [C:\ShadowStrike\ShadowStrike\ShadowStrike.vcxproj]
  ('/src/Shared_modules/Core/Registry/SystemSettingsMonitor.cpp' kaynak dosyas─▒ derleniyor)
  
C:\ShadowStrike\ShadowStrike\src\Shared_modules\Core\Registry\RegistryMonitor.cpp(920,43): error C2653: 'StringUtils': bir s─▒n─▒f veya ad alan─▒ ad─▒ de─şil [C:\ShadowStrike\ShadowStrike\ShadowStrike.vcxproj]
  ('/src/Shared_modules/Core/Registry/RegistryMonitor.cpp' kaynak dosyas─▒ derleniyor)
  
C:\ShadowStrike\ShadowStrike\src\Shared_modules\Core\Registry\RegistryMonitor.cpp(920,56): error C3861: 'WideToUtf8': tan─▒mlay─▒c─▒ bulunamad─▒ [C:\ShadowStrike\ShadowStrike\ShadowStrike.vcxproj]
  ('/src/Shared_modules/Core/Registry/RegistryMonitor.cpp' kaynak dosyas─▒ derleniyor)
  
C:\ShadowStrike\ShadowStrike\src\Shared_modules\Core\Registry\RegistryMonitor.cpp(940,13): error C2653: 'Logger': bir s─▒n─▒f veya ad alan─▒ ad─▒ de─şil [C:\ShadowStrike\ShadowStrike\ShadowStrike.vcxproj]
  ('/src/Shared_modules/Core/Registry/RegistryMonitor.cpp' kaynak dosyas─▒ derleniyor)
  
C:\ShadowStrike\ShadowStrike\src\Shared_modules\Core\Registry\RegistryMonitor.cpp(940,21): error C3861: 'Error': tan─▒mlay─▒c─▒ bulunamad─▒ [C:\ShadowStrike\ShadowStrike\ShadowStrike.vcxproj]
  ('/src/Shared_modules/Core/Registry/RegistryMonitor.cpp' kaynak dosyas─▒ derleniyor)
  
C:\ShadowStrike\ShadowStrike\src\Shared_modules\Core\Registry\RegistryMonitor.cpp(982,17): error C2653: 'Logger': bir s─▒n─▒f veya ad alan─▒ ad─▒ de─şil [C:\ShadowStrike\ShadowStrike\ShadowStrike.vcxproj]
  ('/src/Shared_modules/Core/Registry/RegistryMonitor.cpp' kaynak dosyas─▒ derleniyor)
  
C:\ShadowStrike\ShadowStrike\src\Shared_modules\Core\Registry\RegistryMonitor.cpp(983,21): error C2653: 'StringUtils': bir s─▒n─▒f veya ad alan─▒ ad─▒ de─şil [C:\ShadowStrike\ShadowStrike\ShadowStrike.vcxproj]
  ('/src/Shared_modules/Core/Registry/RegistryMonitor.cpp' kaynak dosyas─▒ derleniyor)
  
C:\ShadowStrike\ShadowStrike\src\Shared_modules\Core\Registry\RegistryMonitor.cpp(983,34): error C3861: 'WideToUtf8': tan─▒mlay─▒c─▒ bulunamad─▒ [C:\ShadowStrike\ShadowStrike\ShadowStrike.vcxproj]
  ('/src/Shared_modules/Core/Registry/RegistryMonitor.cpp' kaynak dosyas─▒ derleniyor)
  
C:\ShadowStrike\ShadowStrike\src\Shared_modules\Core\Registry\RegistryMonitor.cpp(982,25): error C3861: 'Critical': tan─▒mlay─▒c─▒ bulunamad─▒ [C:\ShadowStrike\ShadowStrike\ShadowStrike.vcxproj]
  ('/src/Shared_modules/Core/Registry/RegistryMonitor.cpp' kaynak dosyas─▒ derleniyor)
  
C:\ShadowStrike\ShadowStrike\src\Shared_modules\Core\Registry\RegistryMonitor.cpp(1031,13): error C2653: 'Logger': bir s─▒n─▒f veya ad alan─▒ ad─▒ de─şil [C:\ShadowStrike\ShadowStrike\ShadowStrike.vcxproj]
  ('/src/Shared_modules/Core/Registry/RegistryMonitor.cpp' kaynak dosyas─▒ derleniyor)
  
C:\ShadowStrike\ShadowStrike\src\Shared_modules\Core\Registry\RegistryMonitor.cpp(1031,21): error C3861: 'Error': tan─▒mlay─▒c─▒ bulunamad─▒ [C:\ShadowStrike\ShadowStrike\ShadowStrike.vcxproj]
  ('/src/Shared_modules/Core/Registry/RegistryMonitor.cpp' kaynak dosyas─▒ derleniyor)
  
C:\ShadowStrike\ShadowStrike\src\Shared_modules\Core\Registry\RegistryMonitor.cpp(1033,11): error C2065: 'finally': bildirimi yap─▒lmam─▒┼ş tan─▒mlay─▒c─▒ [C:\ShadowStrike\ShadowStrike\ShadowStrike.vcxproj]
  ('/src/Shared_modules/Core/Registry/RegistryMonitor.cpp' kaynak dosyas─▒ derleniyor)
  
C:\ShadowStrike\ShadowStrike\src\Shared_modules\Core\Registry\RegistryMonitor.cpp(1034,13): error C2062: 'auto' t├╝r├╝ beklenmiyor [C:\ShadowStrike\ShadowStrike\ShadowStrike.vcxproj]
  ('/src/Shared_modules/Core/Registry/RegistryMonitor.cpp' kaynak dosyas─▒ derleniyor)
  
C:\ShadowStrike\ShadowStrike\src\Shared_modules\Core\Registry\RegistryMonitor.cpp(1035,82): error C2065: 'endTime': bildirimi yap─▒lmam─▒┼ş tan─▒mlay─▒c─▒ [C:\ShadowStrike\ShadowStrike\ShadowStrike.vcxproj]
  ('/src/Shared_modules/Core/Registry/RegistryMonitor.cpp' kaynak dosyas─▒ derleniyor)
  
C:\ShadowStrike\ShadowStrike\src\Shared_modules\Core\Registry\RegistryMonitor.cpp(1035,41): error C2672: 'std::chrono::duration_cast': e┼şle┼şen a┼ş─▒r─▒ y├╝klenmi┼ş i┼şlev bulunamad─▒ [C:\ShadowStrike\ShadowStrike\ShadowStrike.vcxproj]
  ('/src/Shared_modules/Core/Registry/RegistryMonitor.cpp' kaynak dosyas─▒ derleniyor)
      C:\Program Files\Microsoft Visual Studio\2022\Community\VC\Tools\MSVC\14.44.35207\include\__msvc_chrono.hpp(87,19):
      '_To std::chrono::duration_cast(const std::chrono::duration<_Rep,_Period> &) noexcept(<expr>)' olabilirdi
  
C:\ShadowStrike\ShadowStrike\src\Shared_modules\Core\Registry\RegistryMonitor.cpp(1036,36): error C3536: 'elapsed': ba┼şlat─▒lmadan ├Ânce kullan─▒lamaz [C:\ShadowStrike\ShadowStrike\ShadowStrike.vcxproj]
  ('/src/Shared_modules/Core/Registry/RegistryMonitor.cpp' kaynak dosyas─▒ derleniyor)
  
C:\ShadowStrike\ShadowStrike\src\Shared_modules\Core\Registry\RegistryMonitor.cpp(1062,9): error C2653: 'Logger': bir s─▒n─▒f veya ad alan─▒ ad─▒ de─şil [C:\ShadowStrike\ShadowStrike\ShadowStrike.vcxproj]
  ('/src/Shared_modules/Core/Registry/RegistryMonitor.cpp' kaynak dosyas─▒ derleniyor)
  
C:\ShadowStrike\ShadowStrike\src\Shared_modules\Core\Registry\RegistryMonitor.cpp(1062,9): error C1003: hata say─▒s─▒ 100 taneyi a┼şt─▒; derleme durduruluyor [C:\ShadowStrike\ShadowStrike\ShadowStrike.vcxproj]
  ('/src/Shared_modules/Core/Registry/RegistryMonitor.cpp' kaynak dosyas─▒ derleniyor)
  
C:\ShadowStrike\ShadowStrike\src\Shared_modules\Core\Registry\StartupAnalyzer.cpp(155,25): error C2039: 'StartupAnalyzerImpl': bir 'ShadowStrike::Core::Registry::StartupAnalyzer' ├╝yesi de─şil [C:\ShadowStrike\ShadowStrike\ShadowStrike.vcxproj]
  ('/src/Shared_modules/Core/Registry/StartupAnalyzer.cpp' kaynak dosyas─▒ derleniyor)
      C:\ShadowStrike\ShadowStrike\src\Shared_modules\Core\Registry\StartupAnalyzer.hpp(607,7):
      'ShadowStrike::Core::Registry::StartupAnalyzer' bildirimine bak─▒n
  
C:\ShadowStrike\ShadowStrike\src\Shared_modules\Core\Registry\StartupAnalyzer.cpp(155,25): warning C4099: 'ShadowStrike::Core::Registry::StartupAnalyzerImpl': t├╝r ad─▒ ba┼şlang─▒├ğta 'class' kullan─▒yordu ┼şimdi 'struct' kullan─▒yor [C:\ShadowStrike\ShadowStrike\ShadowStrike.vcxproj]
  ('/src/Shared_modules/Core/Registry/StartupAnalyzer.cpp' kaynak dosyas─▒ derleniyor)
      C:\ShadowStrike\ShadowStrike\src\Shared_modules\Core\Registry\StartupAnalyzer.cpp(155,25):
      'ShadowStrike::Core::Registry::StartupAnalyzerImpl' bildirimine bak─▒n
  
C:\ShadowStrike\ShadowStrike\src\Shared_modules\Core\Registry\StartupAnalyzer.cpp(255,52): error C2039: 'Utf8ToWide': bir 'ShadowStrike::Utils::StringUtils' ├╝yesi de─şil [C:\ShadowStrike\ShadowStrike\ShadowStrike.vcxproj]
  ('/src/Shared_modules/Core/Registry/StartupAnalyzer.cpp' kaynak dosyas─▒ derleniyor)
      C:\ShadowStrike\ShadowStrike\src\Shared_modules\Utils\StringUtils.hpp(63,19):
      'ShadowStrike::Utils::StringUtils' bildirimine bak─▒n
  
C:\ShadowStrike\ShadowStrike\src\Shared_modules\Core\Registry\StartupAnalyzer.cpp(255,52): error C3861: 'Utf8ToWide': tan─▒mlay─▒c─▒ bulunamad─▒ [C:\ShadowStrike\ShadowStrike\ShadowStrike.vcxproj]
  ('/src/Shared_modules/Core/Registry/StartupAnalyzer.cpp' kaynak dosyas─▒ derleniyor)
  
C:\ShadowStrike\ShadowStrike\src\Shared_modules\Core\Registry\StartupAnalyzer.cpp(254,28): error C2660: 'ShadowStrike::Utils::Logger::Error': i┼şlev 2 ba─ş─▒ms─▒z de─şi┼şken alm─▒yor [C:\ShadowStrike\ShadowStrike\ShadowStrike.vcxproj]
  ('/src/Shared_modules/Core/Registry/StartupAnalyzer.cpp' kaynak dosyas─▒ derleniyor)
      C:\ShadowStrike\ShadowStrike\src\Shared_modules\Utils\Logger.hpp(263,16):
      'ShadowStrike::Utils::Logger::Error' bildirimine bak─▒n
      C:\ShadowStrike\ShadowStrike\src\Shared_modules\Utils\Logger.hpp(274,16):
      'void ShadowStrike::Utils::Logger::Error(std::basic_format_string<char,type_identity<_Args>::type...>,Args ...)' olabilirdi
          C:\ShadowStrike\ShadowStrike\src\Shared_modules\Core\Registry\StartupAnalyzer.cpp(254,28):
          'void ShadowStrike::Utils::Logger::Error(std::basic_format_string<char,type_identity<_Args>::type...>,Args ...)' i┼şlev ┼şablonu ├Âzelle┼ştirilemedi
              C:\ShadowStrike\ShadowStrike\src\Shared_modules\Core\Registry\StartupAnalyzer.cpp(254,28):
              ┼Şu ┼şablon ba─ş─▒ms─▒z de─şi┼şkenleriyle:
                  C:\ShadowStrike\ShadowStrike\src\Shared_modules\Core\Registry\StartupAnalyzer.cpp(254,28):
                  'Args={<error type>}'
      C:\ShadowStrike\ShadowStrike\src\Shared_modules\Core\Registry\StartupAnalyzer.cpp(254,28):
      '(const wchar_t [50], <error type>)' ba─ş─▒ms─▒z de─şi┼şken listesi e┼şlenmeye ├ğal─▒┼ş─▒l─▒rken
  
C:\ShadowStrike\ShadowStrike\src\Shared_modules\Core\Registry\StartupAnalyzer.cpp(273,52): error C2039: 'Utf8ToWide': bir 'ShadowStrike::Utils::StringUtils' ├╝yesi de─şil [C:\ShadowStrike\ShadowStrike\ShadowStrike.vcxproj]
  ('/src/Shared_modules/Core/Registry/StartupAnalyzer.cpp' kaynak dosyas─▒ derleniyor)
      C:\ShadowStrike\ShadowStrike\src\Shared_modules\Utils\StringUtils.hpp(63,19):
      'ShadowStrike::Utils::StringUtils' bildirimine bak─▒n
  
C:\ShadowStrike\ShadowStrike\src\Shared_modules\Core\Registry\StartupAnalyzer.cpp(273,52): error C3861: 'Utf8ToWide': tan─▒mlay─▒c─▒ bulunamad─▒ [C:\ShadowStrike\ShadowStrike\ShadowStrike.vcxproj]
  ('/src/Shared_modules/Core/Registry/StartupAnalyzer.cpp' kaynak dosyas─▒ derleniyor)
  
C:\ShadowStrike\ShadowStrike\src\Shared_modules\Core\Registry\StartupAnalyzer.cpp(272,28): error C2660: 'ShadowStrike::Utils::Logger::Error': i┼şlev 2 ba─ş─▒ms─▒z de─şi┼şken alm─▒yor [C:\ShadowStrike\ShadowStrike\ShadowStrike.vcxproj]
  ('/src/Shared_modules/Core/Registry/StartupAnalyzer.cpp' kaynak dosyas─▒ derleniyor)
      C:\ShadowStrike\ShadowStrike\src\Shared_modules\Utils\Logger.hpp(263,16):
      'ShadowStrike::Utils::Logger::Error' bildirimine bak─▒n
      C:\ShadowStrike\ShadowStrike\src\Shared_modules\Utils\Logger.hpp(274,16):
      'void ShadowStrike::Utils::Logger::Error(std::basic_format_string<char,type_identity<_Args>::type...>,Args ...)' olabilirdi
          C:\ShadowStrike\ShadowStrike\src\Shared_modules\Core\Registry\StartupAnalyzer.cpp(272,28):
          'void ShadowStrike::Utils::Logger::Error(std::basic_format_string<char,type_identity<_Args>::type...>,Args ...)' i┼şlev ┼şablonu ├Âzelle┼ştirilemedi
              C:\ShadowStrike\ShadowStrike\src\Shared_modules\Core\Registry\StartupAnalyzer.cpp(272,28):
              ┼Şu ┼şablon ba─ş─▒ms─▒z de─şi┼şkenleriyle:
                  C:\ShadowStrike\ShadowStrike\src\Shared_modules\Core\Registry\StartupAnalyzer.cpp(272,28):
                  'Args={<error type>}'
      C:\ShadowStrike\ShadowStrike\src\Shared_modules\Core\Registry\StartupAnalyzer.cpp(272,28):
      '(const wchar_t [56], <error type>)' ba─ş─▒ms─▒z de─şi┼şken listesi e┼şlenmeye ├ğal─▒┼ş─▒l─▒rken
  
C:\ShadowStrike\ShadowStrike\src\Shared_modules\Core\Registry\StartupAnalyzer.cpp(302,52): error C2039: 'Utf8ToWide': bir 'ShadowStrike::Utils::StringUtils' ├╝yesi de─şil [C:\ShadowStrike\ShadowStrike\ShadowStrike.vcxproj]
  ('/src/Shared_modules/Core/Registry/StartupAnalyzer.cpp' kaynak dosyas─▒ derleniyor)
      C:\ShadowStrike\ShadowStrike\src\Shared_modules\Utils\StringUtils.hpp(63,19):
      'ShadowStrike::Utils::StringUtils' bildirimine bak─▒n
  
C:\ShadowStrike\ShadowStrike\src\Shared_modules\Core\Registry\StartupAnalyzer.cpp(302,52): error C3861: 'Utf8ToWide': tan─▒mlay─▒c─▒ bulunamad─▒ [C:\ShadowStrike\ShadowStrike\ShadowStrike.vcxproj]
  ('/src/Shared_modules/Core/Registry/StartupAnalyzer.cpp' kaynak dosyas─▒ derleniyor)
  
C:\ShadowStrike\ShadowStrike\src\Shared_modules\Core\Registry\StartupAnalyzer.cpp(301,28): error C2660: 'ShadowStrike::Utils::Logger::Error': i┼şlev 2 ba─ş─▒ms─▒z de─şi┼şken alm─▒yor [C:\ShadowStrike\ShadowStrike\ShadowStrike.vcxproj]
  ('/src/Shared_modules/Core/Registry/StartupAnalyzer.cpp' kaynak dosyas─▒ derleniyor)
      C:\ShadowStrike\ShadowStrike\src\Shared_modules\Utils\Logger.hpp(263,16):
      'ShadowStrike::Utils::Logger::Error' bildirimine bak─▒n
      C:\ShadowStrike\ShadowStrike\src\Shared_modules\Utils\Logger.hpp(274,16):
      'void ShadowStrike::Utils::Logger::Error(std::basic_format_string<char,type_identity<_Args>::type...>,Args ...)' olabilirdi
          C:\ShadowStrike\ShadowStrike\src\Shared_modules\Core\Registry\StartupAnalyzer.cpp(301,28):
          'void ShadowStrike::Utils::Logger::Error(std::basic_format_string<char,type_identity<_Args>::type...>,Args ...)' i┼şlev ┼şablonu ├Âzelle┼ştirilemedi
              C:\ShadowStrike\ShadowStrike\src\Shared_modules\Core\Registry\StartupAnalyzer.cpp(301,28):
              ┼Şu ┼şablon ba─ş─▒ms─▒z de─şi┼şkenleriyle:
                  C:\ShadowStrike\ShadowStrike\src\Shared_modules\Core\Registry\StartupAnalyzer.cpp(301,28):
                  'Args={<error type>}'
      C:\ShadowStrike\ShadowStrike\src\Shared_modules\Core\Registry\StartupAnalyzer.cpp(301,28):
      '(const wchar_t [41], <error type>)' ba─ş─▒ms─▒z de─şi┼şken listesi e┼şlenmeye ├ğal─▒┼ş─▒l─▒rken
  
C:\ShadowStrike\ShadowStrike\src\Shared_modules\Core\Registry\StartupAnalyzer.cpp(346,52): error C2039: 'Utf8ToWide': bir 'ShadowStrike::Utils::StringUtils' ├╝yesi de─şil [C:\ShadowStrike\ShadowStrike\ShadowStrike.vcxproj]
  ('/src/Shared_modules/Core/Registry/StartupAnalyzer.cpp' kaynak dosyas─▒ derleniyor)
      C:\ShadowStrike\ShadowStrike\src\Shared_modules\Utils\StringUtils.hpp(63,19):
      'ShadowStrike::Utils::StringUtils' bildirimine bak─▒n
  
C:\ShadowStrike\ShadowStrike\src\Shared_modules\Core\Registry\StartupAnalyzer.cpp(346,52): error C3861: 'Utf8ToWide': tan─▒mlay─▒c─▒ bulunamad─▒ [C:\ShadowStrike\ShadowStrike\ShadowStrike.vcxproj]
  ('/src/Shared_modules/Core/Registry/StartupAnalyzer.cpp' kaynak dosyas─▒ derleniyor)
  
C:\ShadowStrike\ShadowStrike\src\Shared_modules\Core\Registry\StartupAnalyzer.cpp(345,28): error C2660: 'ShadowStrike::Utils::Logger::Error': i┼şlev 2 ba─ş─▒ms─▒z de─şi┼şken alm─▒yor [C:\ShadowStrike\ShadowStrike\ShadowStrike.vcxproj]
  ('/src/Shared_modules/Core/Registry/StartupAnalyzer.cpp' kaynak dosyas─▒ derleniyor)
      C:\ShadowStrike\ShadowStrike\src\Shared_modules\Utils\Logger.hpp(263,16):
      'ShadowStrike::Utils::Logger::Error' bildirimine bak─▒n
      C:\ShadowStrike\ShadowStrike\src\Shared_modules\Utils\Logger.hpp(274,16):
      'void ShadowStrike::Utils::Logger::Error(std::basic_format_string<char,type_identity<_Args>::type...>,Args ...)' olabilirdi
          C:\ShadowStrike\ShadowStrike\src\Shared_modules\Core\Registry\StartupAnalyzer.cpp(345,28):
          'void ShadowStrike::Utils::Logger::Error(std::basic_format_string<char,type_identity<_Args>::type...>,Args ...)' i┼şlev ┼şablonu ├Âzelle┼ştirilemedi
              C:\ShadowStrike\ShadowStrike\src\Shared_modules\Core\Registry\StartupAnalyzer.cpp(345,28):
              ┼Şu ┼şablon ba─ş─▒ms─▒z de─şi┼şkenleriyle:
                  C:\ShadowStrike\ShadowStrike\src\Shared_modules\Core\Registry\StartupAnalyzer.cpp(345,28):
                  'Args={<error type>}'
      C:\ShadowStrike\ShadowStrike\src\Shared_modules\Core\Registry\StartupAnalyzer.cpp(345,28):
      '(const wchar_t [45], <error type>)' ba─ş─▒ms─▒z de─şi┼şken listesi e┼şlenmeye ├ğal─▒┼ş─▒l─▒rken
  
C:\ShadowStrike\ShadowStrike\src\Shared_modules\Core\Registry\StartupAnalyzer.cpp(367,47): error C2039: 'CalculateSHA256': bir 'ShadowStrike::Utils::CryptoUtils' ├╝yesi de─şil [C:\ShadowStrike\ShadowStrike\ShadowStrike.vcxproj]
  ('/src/Shared_modules/Core/Registry/StartupAnalyzer.cpp' kaynak dosyas─▒ derleniyor)
      C:\ShadowStrike\ShadowStrike\src\Shared_modules\Utils\CryptoUtils.hpp(85,19):
      'ShadowStrike::Utils::CryptoUtils' bildirimine bak─▒n
  
C:\ShadowStrike\ShadowStrike\src\Shared_modules\Core\Registry\StartupAnalyzer.cpp(367,47): error C3861: 'CalculateSHA256': tan─▒mlay─▒c─▒ bulunamad─▒ [C:\ShadowStrike\ShadowStrike\ShadowStrike.vcxproj]
  ('/src/Shared_modules/Core/Registry/StartupAnalyzer.cpp' kaynak dosyas─▒ derleniyor)
  
C:\ShadowStrike\ShadowStrike\src\Shared_modules\Core\Registry\StartupAnalyzer.cpp(368,50): error C2039: 'BytesToHex': bir 'ShadowStrike::Utils::CryptoUtils' ├╝yesi de─şil [C:\ShadowStrike\ShadowStrike\ShadowStrike.vcxproj]
  ('/src/Shared_modules/Core/Registry/StartupAnalyzer.cpp' kaynak dosyas─▒ derleniyor)
      C:\ShadowStrike\ShadowStrike\src\Shared_modules\Utils\CryptoUtils.hpp(85,19):
      'ShadowStrike::Utils::CryptoUtils' bildirimine bak─▒n
  
C:\ShadowStrike\ShadowStrike\src\Shared_modules\Core\Registry\StartupAnalyzer.cpp(368,50): error C3861: 'BytesToHex': tan─▒mlay─▒c─▒ bulunamad─▒ [C:\ShadowStrike\ShadowStrike\ShadowStrike.vcxproj]
  ('/src/Shared_modules/Core/Registry/StartupAnalyzer.cpp' kaynak dosyas─▒ derleniyor)
  
C:\ShadowStrike\ShadowStrike\src\Shared_modules\Core\Registry\StartupAnalyzer.cpp(368,17): error C2593: 'operator =' belirsiz [C:\ShadowStrike\ShadowStrike\ShadowStrike.vcxproj]
  ('/src/Shared_modules/Core/Registry/StartupAnalyzer.cpp' kaynak dosyas─▒ derleniyor)
      C:\Program Files\Microsoft Visual Studio\2022\Community\VC\Tools\MSVC\14.44.35207\include\xstring(1453,32):
      'std::basic_string<char,std::char_traits<char>,std::allocator<char>> &std::basic_string<char,std::char_traits<char>,std::allocator<char>>::operator =(const _Elem)' olabilirdi
          with
          [
              _Elem=char
          ]
      C:\Program Files\Microsoft Visual Studio\2022\Community\VC\Tools\MSVC\14.44.35207\include\xstring(1450,19):
      veya       'std::basic_string<char,std::char_traits<char>,std::allocator<char>> &std::basic_string<char,std::char_traits<char>,std::allocator<char>>::operator =(std::nullptr_t)'
      C:\Program Files\Microsoft Visual Studio\2022\Community\VC\Tools\MSVC\14.44.35207\include\xstring(1445,32):
      veya       'std::basic_string<char,std::char_traits<char>,std::allocator<char>> &std::basic_string<char,std::char_traits<char>,std::allocator<char>>::operator =(const _Elem *const )'
          with
          [
              _Elem=char
          ]
      C:\Program Files\Microsoft Visual Studio\2022\Community\VC\Tools\MSVC\14.44.35207\include\xstring(1394,32):
      veya       'std::basic_string<char,std::char_traits<char>,std::allocator<char>> &std::basic_string<char,std::char_traits<char>,std::allocator<char>>::operator =(const std::basic_string<char,std::char_traits<char>,std::allocator<char>> &)'
      C:\Program Files\Microsoft Visual Studio\2022\Community\VC\Tools\MSVC\14.44.35207\include\xstring(1345,32):
      veya       'std::basic_string<char,std::char_traits<char>,std::allocator<char>> &std::basic_string<char,std::char_traits<char>,std::allocator<char>>::operator =(std::initializer_list<_Elem>)'
          with
          [
              _Elem=char
          ]
      C:\Program Files\Microsoft Visual Studio\2022\Community\VC\Tools\MSVC\14.44.35207\include\xstring(1224,32):
      veya       'std::basic_string<char,std::char_traits<char>,std::allocator<char>> &std::basic_string<char,std::char_traits<char>,std::allocator<char>>::operator =(std::basic_string<char,std::char_traits<char>,std::allocator<char>> &&) noexcept'
      C:\ShadowStrike\ShadowStrike\src\Shared_modules\Core\Registry\StartupAnalyzer.cpp(368,17):
      '(std::string, <error type>)' ba─ş─▒ms─▒z de─şi┼şken listesi e┼şlenmeye ├ğal─▒┼ş─▒l─▒rken
  
C:\ShadowStrike\ShadowStrike\src\Shared_modules\Core\Registry\StartupAnalyzer.cpp(383,63): error C2039: 'Utf8ToWide': bir 'ShadowStrike::Utils::StringUtils' ├╝yesi de─şil [C:\ShadowStrike\ShadowStrike\ShadowStrike.vcxproj]
  ('/src/Shared_modules/Core/Registry/StartupAnalyzer.cpp' kaynak dosyas─▒ derleniyor)
      C:\ShadowStrike\ShadowStrike\src\Shared_modules\Utils\StringUtils.hpp(63,19):
      'ShadowStrike::Utils::StringUtils' bildirimine bak─▒n
  
C:\ShadowStrike\ShadowStrike\src\Shared_modules\Core\Registry\StartupAnalyzer.cpp(383,63): error C3861: 'Utf8ToWide': tan─▒mlay─▒c─▒ bulunamad─▒ [C:\ShadowStrike\ShadowStrike\ShadowStrike.vcxproj]
  ('/src/Shared_modules/Core/Registry/StartupAnalyzer.cpp' kaynak dosyas─▒ derleniyor)
  
C:\ShadowStrike\ShadowStrike\src\Shared_modules\Core\Registry\StartupAnalyzer.cpp(382,28): error C2660: 'ShadowStrike::Utils::Logger::Error': i┼şlev 3 ba─ş─▒ms─▒z de─şi┼şken alm─▒yor [C:\ShadowStrike\ShadowStrike\ShadowStrike.vcxproj]
  ('/src/Shared_modules/Core/Registry/StartupAnalyzer.cpp' kaynak dosyas─▒ derleniyor)
      C:\ShadowStrike\ShadowStrike\src\Shared_modules\Utils\Logger.hpp(263,16):
      'ShadowStrike::Utils::Logger::Error' bildirimine bak─▒n
      C:\ShadowStrike\ShadowStrike\src\Shared_modules\Utils\Logger.hpp(274,16):
      'void ShadowStrike::Utils::Logger::Error(std::basic_format_string<char,type_identity<_Args>::type...>,Args ...)' olabilirdi
          C:\ShadowStrike\ShadowStrike\src\Shared_modules\Core\Registry\StartupAnalyzer.cpp(382,28):
          'void ShadowStrike::Utils::Logger::Error(std::basic_format_string<char,type_identity<_Args>::type...>,Args ...)' i┼şlev ┼şablonu ├Âzelle┼ştirilemedi
              C:\ShadowStrike\ShadowStrike\src\Shared_modules\Core\Registry\StartupAnalyzer.cpp(382,28):
              ┼Şu ┼şablon ba─ş─▒ms─▒z de─şi┼şkenleriyle:
                  C:\ShadowStrike\ShadowStrike\src\Shared_modules\Core\Registry\StartupAnalyzer.cpp(382,28):
                  'Args={std::wstring &, <error type>}'
      C:\ShadowStrike\ShadowStrike\src\Shared_modules\Core\Registry\StartupAnalyzer.cpp(382,28):
      '(const wchar_t [54], std::wstring, <error type>)' ba─ş─▒ms─▒z de─şi┼şken listesi e┼şlenmeye ├ğal─▒┼ş─▒l─▒rken
  
C:\ShadowStrike\ShadowStrike\src\Shared_modules\Core\Registry\StartupAnalyzer.cpp(404,48): error C2039: 'IsWhitelisted': bir 'ShadowStrike::HashStore::HashStore' ├╝yesi de─şil [C:\ShadowStrike\ShadowStrike\ShadowStrike.vcxproj]
  ('/src/Shared_modules/Core/Registry/StartupAnalyzer.cpp' kaynak dosyas─▒ derleniyor)
      C:\ShadowStrike\ShadowStrike\src\Shared_modules\HashStore\HashStore.hpp(206,7):
      'ShadowStrike::HashStore::HashStore' bildirimine bak─▒n
  
C:\ShadowStrike\ShadowStrike\src\Shared_modules\Core\Registry\StartupAnalyzer.cpp(407,47): error C2039: 'IsBlacklisted': bir 'ShadowStrike::HashStore::HashStore' ├╝yesi de─şil [C:\ShadowStrike\ShadowStrike\ShadowStrike.vcxproj]
  ('/src/Shared_modules/Core/Registry/StartupAnalyzer.cpp' kaynak dosyas─▒ derleniyor)
      C:\ShadowStrike\ShadowStrike\src\Shared_modules\HashStore\HashStore.hpp(206,7):
      'ShadowStrike::HashStore::HashStore' bildirimine bak─▒n
  
C:\ShadowStrike\ShadowStrike\src\Shared_modules\Core\Registry\StartupAnalyzer.cpp(422,52): error C2039: 'Utf8ToWide': bir 'ShadowStrike::Utils::StringUtils' ├╝yesi de─şil [C:\ShadowStrike\ShadowStrike\ShadowStrike.vcxproj]
  ('/src/Shared_modules/Core/Registry/StartupAnalyzer.cpp' kaynak dosyas─▒ derleniyor)
      C:\ShadowStrike\ShadowStrike\src\Shared_modules\Utils\StringUtils.hpp(63,19):
      'ShadowStrike::Utils::StringUtils' bildirimine bak─▒n
  
C:\ShadowStrike\ShadowStrike\src\Shared_modules\Core\Registry\StartupAnalyzer.cpp(422,52): error C3861: 'Utf8ToWide': tan─▒mlay─▒c─▒ bulunamad─▒ [C:\ShadowStrike\ShadowStrike\ShadowStrike.vcxproj]
  ('/src/Shared_modules/Core/Registry/StartupAnalyzer.cpp' kaynak dosyas─▒ derleniyor)
  
C:\ShadowStrike\ShadowStrike\src\Shared_modules\Core\Registry\StartupAnalyzer.cpp(421,28): error C2660: 'ShadowStrike::Utils::Logger::Error': i┼şlev 2 ba─ş─▒ms─▒z de─şi┼şken alm─▒yor [C:\ShadowStrike\ShadowStrike\ShadowStrike.vcxproj]
  ('/src/Shared_modules/Core/Registry/StartupAnalyzer.cpp' kaynak dosyas─▒ derleniyor)
      C:\ShadowStrike\ShadowStrike\src\Shared_modules\Utils\Logger.hpp(263,16):
      'ShadowStrike::Utils::Logger::Error' bildirimine bak─▒n
      C:\ShadowStrike\ShadowStrike\src\Shared_modules\Utils\Logger.hpp(274,16):
      'void ShadowStrike::Utils::Logger::Error(std::basic_format_string<char,type_identity<_Args>::type...>,Args ...)' olabilirdi
          C:\ShadowStrike\ShadowStrike\src\Shared_modules\Core\Registry\StartupAnalyzer.cpp(421,28):
          'void ShadowStrike::Utils::Logger::Error(std::basic_format_string<char,type_identity<_Args>::type...>,Args ...)' i┼şlev ┼şablonu ├Âzelle┼ştirilemedi
              C:\ShadowStrike\ShadowStrike\src\Shared_modules\Core\Registry\StartupAnalyzer.cpp(421,28):
              ┼Şu ┼şablon ba─ş─▒ms─▒z de─şi┼şkenleriyle:
                  C:\ShadowStrike\ShadowStrike\src\Shared_modules\Core\Registry\StartupAnalyzer.cpp(421,28):
                  'Args={<error type>}'
      C:\ShadowStrike\ShadowStrike\src\Shared_modules\Core\Registry\StartupAnalyzer.cpp(421,28):
      '(const wchar_t [46], <error type>)' ba─ş─▒ms─▒z de─şi┼şken listesi e┼şlenmeye ├ğal─▒┼ş─▒l─▒rken
  
C:\ShadowStrike\ShadowStrike\src\Shared_modules\Exploits\StackPivotDetector.cpp(334,13): error C2065: 'THREAD_BASIC_INFORMATION': bildirimi yap─▒lmam─▒┼ş tan─▒mlay─▒c─▒ [C:\ShadowStrike\ShadowStrike\ShadowStrike.vcxproj]
  ('/src/Shared_modules/Exploits/StackPivotDetector.cpp' kaynak dosyas─▒ derleniyor)
  
C:\ShadowStrike\ShadowStrike\src\Shared_modules\Core\Registry\StartupAnalyzer.cpp(510,52): error C2039: 'Utf8ToWide': bir 'ShadowStrike::Utils::StringUtils' ├╝yesi de─şil [C:\ShadowStrike\ShadowStrike\ShadowStrike.vcxproj]
  ('/src/Shared_modules/Core/Registry/StartupAnalyzer.cpp' kaynak dosyas─▒ derleniyor)
      C:\ShadowStrike\ShadowStrike\src\Shared_modules\Utils\StringUtils.hpp(63,19):
      'ShadowStrike::Utils::StringUtils' bildirimine bak─▒n
  
C:\ShadowStrike\ShadowStrike\src\Shared_modules\Exploits\StackPivotDetector.cpp(334,38): error C2146: s├Âzdizimi hatas─▒: ';' eksik ('tbi' tan─▒mlay─▒c─▒s─▒ndan ├Ânce) [C:\ShadowStrike\ShadowStrike\ShadowStrike.vcxproj]
  ('/src/Shared_modules/Exploits/StackPivotDetector.cpp' kaynak dosyas─▒ derleniyor)
  
C:\ShadowStrike\ShadowStrike\src\Shared_modules\Core\Registry\StartupAnalyzer.cpp(510,52): error C3861: 'Utf8ToWide': tan─▒mlay─▒c─▒ bulunamad─▒ [C:\ShadowStrike\ShadowStrike\ShadowStrike.vcxproj]
  ('/src/Shared_modules/Core/Registry/StartupAnalyzer.cpp' kaynak dosyas─▒ derleniyor)
  
C:\ShadowStrike\ShadowStrike\src\Shared_modules\Exploits\StackPivotDetector.cpp(334,38): error C2065: 'tbi': bildirimi yap─▒lmam─▒┼ş tan─▒mlay─▒c─▒ [C:\ShadowStrike\ShadowStrike\ShadowStrike.vcxproj]
  ('/src/Shared_modules/Exploits/StackPivotDetector.cpp' kaynak dosyas─▒ derleniyor)
  
C:\ShadowStrike\ShadowStrike\src\Shared_modules\Exploits\StackPivotDetector.cpp(347,55): error C2065: 'tbi': bildirimi yap─▒lmam─▒┼ş tan─▒mlay─▒c─▒ [C:\ShadowStrike\ShadowStrike\ShadowStrike.vcxproj]
  ('/src/Shared_modules/Exploits/StackPivotDetector.cpp' kaynak dosyas─▒ derleniyor)
  
C:\ShadowStrike\ShadowStrike\src\Shared_modules\Exploits\StackPivotDetector.cpp(347,67): error C2065: 'tbi': bildirimi yap─▒lmam─▒┼ş tan─▒mlay─▒c─▒ [C:\ShadowStrike\ShadowStrike\ShadowStrike.vcxproj]
  ('/src/Shared_modules/Exploits/StackPivotDetector.cpp' kaynak dosyas─▒ derleniyor)
  
C:\ShadowStrike\ShadowStrike\src\Shared_modules\Core\Registry\StartupAnalyzer.cpp(509,28): error C2660: 'ShadowStrike::Utils::Logger::Error': i┼şlev 2 ba─ş─▒ms─▒z de─şi┼şken alm─▒yor [C:\ShadowStrike\ShadowStrike\ShadowStrike.vcxproj]
  ('/src/Shared_modules/Core/Registry/StartupAnalyzer.cpp' kaynak dosyas─▒ derleniyor)
      C:\ShadowStrike\ShadowStrike\src\Shared_modules\Utils\Logger.hpp(263,16):
      'ShadowStrike::Utils::Logger::Error' bildirimine bak─▒n
      C:\ShadowStrike\ShadowStrike\src\Shared_modules\Utils\Logger.hpp(274,16):
      'void ShadowStrike::Utils::Logger::Error(std::basic_format_string<char,type_identity<_Args>::type...>,Args ...)' olabilirdi
          C:\ShadowStrike\ShadowStrike\src\Shared_modules\Core\Registry\StartupAnalyzer.cpp(509,28):
          'void ShadowStrike::Utils::Logger::Error(std::basic_format_string<char,type_identity<_Args>::type...>,Args ...)' i┼şlev ┼şablonu ├Âzelle┼ştirilemedi
              C:\ShadowStrike\ShadowStrike\src\Shared_modules\Core\Registry\StartupAnalyzer.cpp(509,28):
              ┼Şu ┼şablon ba─ş─▒ms─▒z de─şi┼şkenleriyle:
                  C:\ShadowStrike\ShadowStrike\src\Shared_modules\Core\Registry\StartupAnalyzer.cpp(509,28):
                  'Args={<error type>}'
      C:\ShadowStrike\ShadowStrike\src\Shared_modules\Core\Registry\StartupAnalyzer.cpp(509,28):
      '(const wchar_t [44], <error type>)' ba─ş─▒ms─▒z de─şi┼şken listesi e┼şlenmeye ├ğal─▒┼ş─▒l─▒rken
  
C:\ShadowStrike\ShadowStrike\src\Shared_modules\Exploits\StackPivotDetector.cpp(356,35): error C2065: 'tbi': bildirimi yap─▒lmam─▒┼ş tan─▒mlay─▒c─▒ [C:\ShadowStrike\ShadowStrike\ShadowStrike.vcxproj]
  ('/src/Shared_modules/Exploits/StackPivotDetector.cpp' kaynak dosyas─▒ derleniyor)
  
C:\ShadowStrike\ShadowStrike\src\Shared_modules\Exploits\StackPivotDetector.cpp(355,18): error C2660: 'ReadProcessMemory': i┼şlev 4 ba─ş─▒ms─▒z de─şi┼şken alm─▒yor [C:\ShadowStrike\ShadowStrike\ShadowStrike.vcxproj]
  ('/src/Shared_modules/Exploits/StackPivotDetector.cpp' kaynak dosyas─▒ derleniyor)
      C:\Program Files (x86)\Windows Kits\10\Include\10.0.26100.0\um\memoryapi.h(152,1):
      'ReadProcessMemory' bildirimine bak─▒n
      C:\ShadowStrike\ShadowStrike\src\Shared_modules\Exploits\StackPivotDetector.cpp(355,18):
      '(HANDLE, ShadowStrike::Exploits::NT_TIB64 *, size_t, SIZE_T *)' ba─ş─▒ms─▒z de─şi┼şken listesi e┼şlenmeye ├ğal─▒┼ş─▒l─▒rken
  
C:\ShadowStrike\ShadowStrike\src\Shared_modules\Core\Registry\StartupAnalyzer.cpp(576,52): error C2039: 'Utf8ToWide': bir 'ShadowStrike::Utils::StringUtils' ├╝yesi de─şil [C:\ShadowStrike\ShadowStrike\ShadowStrike.vcxproj]
  ('/src/Shared_modules/Core/Registry/StartupAnalyzer.cpp' kaynak dosyas─▒ derleniyor)
      C:\ShadowStrike\ShadowStrike\src\Shared_modules\Utils\StringUtils.hpp(63,19):
      'ShadowStrike::Utils::StringUtils' bildirimine bak─▒n
  
C:\ShadowStrike\ShadowStrike\src\Shared_modules\Core\Registry\StartupAnalyzer.cpp(576,52): error C3861: 'Utf8ToWide': tan─▒mlay─▒c─▒ bulunamad─▒ [C:\ShadowStrike\ShadowStrike\ShadowStrike.vcxproj]
  ('/src/Shared_modules/Core/Registry/StartupAnalyzer.cpp' kaynak dosyas─▒ derleniyor)
  
C:\ShadowStrike\ShadowStrike\src\Shared_modules\Core\Registry\StartupAnalyzer.cpp(575,28): error C2660: 'ShadowStrike::Utils::Logger::Error': i┼şlev 2 ba─ş─▒ms─▒z de─şi┼şken alm─▒yor [C:\ShadowStrike\ShadowStrike\ShadowStrike.vcxproj]
  ('/src/Shared_modules/Core/Registry/StartupAnalyzer.cpp' kaynak dosyas─▒ derleniyor)
      C:\ShadowStrike\ShadowStrike\src\Shared_modules\Utils\Logger.hpp(263,16):
      'ShadowStrike::Utils::Logger::Error' bildirimine bak─▒n
      C:\ShadowStrike\ShadowStrike\src\Shared_modules\Utils\Logger.hpp(274,16):
      'void ShadowStrike::Utils::Logger::Error(std::basic_format_string<char,type_identity<_Args>::type...>,Args ...)' olabilirdi
          C:\ShadowStrike\ShadowStrike\src\Shared_modules\Core\Registry\StartupAnalyzer.cpp(575,28):
          'void ShadowStrike::Utils::Logger::Error(std::basic_format_string<char,type_identity<_Args>::type...>,Args ...)' i┼şlev ┼şablonu ├Âzelle┼ştirilemedi
              C:\ShadowStrike\ShadowStrike\src\Shared_modules\Core\Registry\StartupAnalyzer.cpp(575,28):
              ┼Şu ┼şablon ba─ş─▒ms─▒z de─şi┼şkenleriyle:
                  C:\ShadowStrike\ShadowStrike\src\Shared_modules\Core\Registry\StartupAnalyzer.cpp(575,28):
                  'Args={<error type>}'
      C:\ShadowStrike\ShadowStrike\src\Shared_modules\Core\Registry\StartupAnalyzer.cpp(575,28):
      '(const wchar_t [55], <error type>)' ba─ş─▒ms─▒z de─şi┼şken listesi e┼şlenmeye ├ğal─▒┼ş─▒l─▒rken
  
C:\ShadowStrike\ShadowStrike\src\Shared_modules\Core\Registry\StartupAnalyzer.cpp(624,51): error C2039: 'Utf8ToWide': bir 'ShadowStrike::Utils::StringUtils' ├╝yesi de─şil [C:\ShadowStrike\ShadowStrike\ShadowStrike.vcxproj]
  ('/src/Shared_modules/Core/Registry/StartupAnalyzer.cpp' kaynak dosyas─▒ derleniyor)
      C:\ShadowStrike\ShadowStrike\src\Shared_modules\Utils\StringUtils.hpp(63,19):
      'ShadowStrike::Utils::StringUtils' bildirimine bak─▒n
  
C:\ShadowStrike\ShadowStrike\src\Shared_modules\Core\Registry\StartupAnalyzer.cpp(624,51): error C3861: 'Utf8ToWide': tan─▒mlay─▒c─▒ bulunamad─▒ [C:\ShadowStrike\ShadowStrike\ShadowStrike.vcxproj]
  ('/src/Shared_modules/Core/Registry/StartupAnalyzer.cpp' kaynak dosyas─▒ derleniyor)
  
C:\ShadowStrike\ShadowStrike\src\Shared_modules\Core\Registry\StartupAnalyzer.cpp(622,28): error C2660: 'ShadowStrike::Utils::Logger::Warn': i┼şlev 5 ba─ş─▒ms─▒z de─şi┼şken alm─▒yor [C:\ShadowStrike\ShadowStrike\ShadowStrike.vcxproj]
  ('/src/Shared_modules/Core/Registry/StartupAnalyzer.cpp' kaynak dosyas─▒ derleniyor)
      C:\ShadowStrike\ShadowStrike\src\Shared_modules\Utils\Logger.hpp(264,16):
      'ShadowStrike::Utils::Logger::Warn' bildirimine bak─▒n
      C:\ShadowStrike\ShadowStrike\src\Shared_modules\Utils\Logger.hpp(278,16):
      'void ShadowStrike::Utils::Logger::Warn(std::basic_format_string<char,type_identity<_Args>::type...>,Args ...)' olabilirdi
          C:\ShadowStrike\ShadowStrike\src\Shared_modules\Core\Registry\StartupAnalyzer.cpp(622,28):
          'void ShadowStrike::Utils::Logger::Warn(std::basic_format_string<char,type_identity<_Args>::type...>,Args ...)' i┼şlev ┼şablonu ├Âzelle┼ştirilemedi
              C:\ShadowStrike\ShadowStrike\src\Shared_modules\Core\Registry\StartupAnalyzer.cpp(622,28):
              ┼Şu ┼şablon ba─ş─▒ms─▒z de─şi┼şkenleriyle:
                  C:\ShadowStrike\ShadowStrike\src\Shared_modules\Core\Registry\StartupAnalyzer.cpp(622,28):
                  'Args={uint64_t &, <error type>, const std::wstring &, const uint8_t &}'
      C:\ShadowStrike\ShadowStrike\src\Shared_modules\Core\Registry\StartupAnalyzer.cpp(622,28):
      '(const wchar_t [52], uint64_t, <error type>, const std::wstring, const uint8_t)' ba─ş─▒ms─▒z de─şi┼şken listesi e┼şlenmeye ├ğal─▒┼ş─▒l─▒rken
  
C:\ShadowStrike\ShadowStrike\src\Shared_modules\Core\Registry\StartupAnalyzer.cpp(629,52): error C2039: 'Utf8ToWide': bir 'ShadowStrike::Utils::StringUtils' ├╝yesi de─şil [C:\ShadowStrike\ShadowStrike\ShadowStrike.vcxproj]
  ('/src/Shared_modules/Core/Registry/StartupAnalyzer.cpp' kaynak dosyas─▒ derleniyor)
      C:\ShadowStrike\ShadowStrike\src\Shared_modules\Utils\StringUtils.hpp(63,19):
      'ShadowStrike::Utils::StringUtils' bildirimine bak─▒n
  
C:\ShadowStrike\ShadowStrike\src\Shared_modules\Core\Registry\StartupAnalyzer.cpp(629,52): error C3861: 'Utf8ToWide': tan─▒mlay─▒c─▒ bulunamad─▒ [C:\ShadowStrike\ShadowStrike\ShadowStrike.vcxproj]
  ('/src/Shared_modules/Core/Registry/StartupAnalyzer.cpp' kaynak dosyas─▒ derleniyor)
  
C:\ShadowStrike\ShadowStrike\src\Shared_modules\Core\Registry\StartupAnalyzer.cpp(628,28): error C2660: 'ShadowStrike::Utils::Logger::Error': i┼şlev 2 ba─ş─▒ms─▒z de─şi┼şken alm─▒yor [C:\ShadowStrike\ShadowStrike\ShadowStrike.vcxproj]
  ('/src/Shared_modules/Core/Registry/StartupAnalyzer.cpp' kaynak dosyas─▒ derleniyor)
      C:\ShadowStrike\ShadowStrike\src\Shared_modules\Utils\Logger.hpp(263,16):
      'ShadowStrike::Utils::Logger::Error' bildirimine bak─▒n
      C:\ShadowStrike\ShadowStrike\src\Shared_modules\Utils\Logger.hpp(274,16):
      'void ShadowStrike::Utils::Logger::Error(std::basic_format_string<char,type_identity<_Args>::type...>,Args ...)' olabilirdi
          C:\ShadowStrike\ShadowStrike\src\Shared_modules\Core\Registry\StartupAnalyzer.cpp(628,28):
          'void ShadowStrike::Utils::Logger::Error(std::basic_format_string<char,type_identity<_Args>::type...>,Args ...)' i┼şlev ┼şablonu ├Âzelle┼ştirilemedi
              C:\ShadowStrike\ShadowStrike\src\Shared_modules\Core\Registry\StartupAnalyzer.cpp(628,28):
              ┼Şu ┼şablon ba─ş─▒ms─▒z de─şi┼şkenleriyle:
                  C:\ShadowStrike\ShadowStrike\src\Shared_modules\Core\Registry\StartupAnalyzer.cpp(628,28):
                  'Args={<error type>}'
      C:\ShadowStrike\ShadowStrike\src\Shared_modules\Core\Registry\StartupAnalyzer.cpp(628,28):
      '(const wchar_t [46], <error type>)' ba─ş─▒ms─▒z de─şi┼şken listesi e┼şlenmeye ├ğal─▒┼ş─▒l─▒rken
  
C:\ShadowStrike\ShadowStrike\src\Shared_modules\Core\Registry\StartupAnalyzer.cpp(671,52): error C2039: 'Utf8ToWide': bir 'ShadowStrike::Utils::StringUtils' ├╝yesi de─şil [C:\ShadowStrike\ShadowStrike\ShadowStrike.vcxproj]
  ('/src/Shared_modules/Core/Registry/StartupAnalyzer.cpp' kaynak dosyas─▒ derleniyor)
      C:\ShadowStrike\ShadowStrike\src\Shared_modules\Utils\StringUtils.hpp(63,19):
      'ShadowStrike::Utils::StringUtils' bildirimine bak─▒n
  
C:\ShadowStrike\ShadowStrike\src\Shared_modules\Core\Registry\StartupAnalyzer.cpp(671,52): error C3861: 'Utf8ToWide': tan─▒mlay─▒c─▒ bulunamad─▒ [C:\ShadowStrike\ShadowStrike\ShadowStrike.vcxproj]
  ('/src/Shared_modules/Core/Registry/StartupAnalyzer.cpp' kaynak dosyas─▒ derleniyor)
  
C:\ShadowStrike\ShadowStrike\src\Products\PhantomHome\IoT\SmartHomeProtection.hpp(133,10): error C1083: i├ğerme dosyas─▒ a├ğ─▒lam─▒yor: '../Utils/Logger.hpp': No such file or directory [C:\ShadowStrike\ShadowStrike\ShadowStrike.vcxproj]
  ('/src/Products/PhantomHome/IoT/SmartHomeProtection.cpp' kaynak dosyas─▒ derleniyor)
  
C:\ShadowStrike\ShadowStrike\src\Shared_modules\Exploits\StackPivotDetector.cpp(538,25): error C2280: 'ShadowStrike::Exploits::StackPivotStatistics &ShadowStrike::Exploits::StackPivotStatistics::operator =(const ShadowStrike::Exploits::StackPivotStatistics &)': silinmi┼ş bir i┼şleve ba┼şvurmaya ├ğal─▒┼ş─▒yor [C:\ShadowStrike\ShadowStrike\ShadowStrike.vcxproj]
  ('/src/Shared_modules/Exploits/StackPivotDetector.cpp' kaynak dosyas─▒ derleniyor)
      C:\ShadowStrike\ShadowStrike\src\Shared_modules\Exploits\StackPivotDetector.hpp(450,1):
      derleyici burada 'ShadowStrike::Exploits::StackPivotStatistics::operator =' olu┼şturdu
      C:\ShadowStrike\ShadowStrike\src\Shared_modules\Exploits\StackPivotDetector.hpp(450,1):
      'ShadowStrike::Exploits::StackPivotStatistics &ShadowStrike::Exploits::StackPivotStatistics::operator =(const ShadowStrike::Exploits::StackPivotStatistics &)': veri ├╝yesi, silinmi┼ş veya eri┼şilemeyen 'std::atomic<unsigned __int64> &std::atomic<unsigned __int64>::operator =(const std::atomic<unsigned __int64> &)' i┼şlevini ├ğa─ş─▒rd─▒─ş─▒ndan i┼şlev ├Ârt├╝k olarak silindi
  
C:\ShadowStrike\ShadowStrike\src\Shared_modules\Core\Registry\StartupAnalyzer.cpp(670,28): error C2660: 'ShadowStrike::Utils::Logger::Error': i┼şlev 2 ba─ş─▒ms─▒z de─şi┼şken alm─▒yor [C:\ShadowStrike\ShadowStrike\ShadowStrike.vcxproj]
  ('/src/Shared_modules/Core/Registry/StartupAnalyzer.cpp' kaynak dosyas─▒ derleniyor)
      C:\ShadowStrike\ShadowStrike\src\Shared_modules\Utils\Logger.hpp(263,16):
      'ShadowStrike::Utils::Logger::Error' bildirimine bak─▒n
      C:\ShadowStrike\ShadowStrike\src\Shared_modules\Utils\Logger.hpp(274,16):
      'void ShadowStrike::Utils::Logger::Error(std::basic_format_string<char,type_identity<_Args>::type...>,Args ...)' olabilirdi
          C:\ShadowStrike\ShadowStrike\src\Shared_modules\Core\Registry\StartupAnalyzer.cpp(670,28):
          'void ShadowStrike::Utils::Logger::Error(std::basic_format_string<char,type_identity<_Args>::type...>,Args ...)' i┼şlev ┼şablonu ├Âzelle┼ştirilemedi
              C:\ShadowStrike\ShadowStrike\src\Shared_modules\Core\Registry\StartupAnalyzer.cpp(670,28):
              ┼Şu ┼şablon ba─ş─▒ms─▒z de─şi┼şkenleriyle:
                  C:\ShadowStrike\ShadowStrike\src\Shared_modules\Core\Registry\StartupAnalyzer.cpp(670,28):
                  'Args={<error type>}'
      C:\ShadowStrike\ShadowStrike\src\Shared_modules\Core\Registry\StartupAnalyzer.cpp(670,28):
      '(const wchar_t [46], <error type>)' ba─ş─▒ms─▒z de─şi┼şken listesi e┼şlenmeye ├ğal─▒┼ş─▒l─▒rken
  
C:\ShadowStrike\ShadowStrike\src\Shared_modules\Core\Registry\StartupAnalyzer.cpp(686,60): error C2039: 'Utf8ToWide': bir 'ShadowStrike::Utils::StringUtils' ├╝yesi de─şil [C:\ShadowStrike\ShadowStrike\ShadowStrike.vcxproj]
  ('/src/Shared_modules/Core/Registry/StartupAnalyzer.cpp' kaynak dosyas─▒ derleniyor)
      C:\ShadowStrike\ShadowStrike\src\Shared_modules\Utils\StringUtils.hpp(63,19):
      'ShadowStrike::Utils::StringUtils' bildirimine bak─▒n
  
C:\ShadowStrike\ShadowStrike\src\Shared_modules\Core\Registry\StartupAnalyzer.cpp(686,60): error C3861: 'Utf8ToWide': tan─▒mlay─▒c─▒ bulunamad─▒ [C:\ShadowStrike\ShadowStrike\ShadowStrike.vcxproj]
  ('/src/Shared_modules/Core/Registry/StartupAnalyzer.cpp' kaynak dosyas─▒ derleniyor)
  
C:\ShadowStrike\ShadowStrike\src\Shared_modules\Core\Registry\StartupAnalyzer.cpp(685,32): error C2660: 'ShadowStrike::Utils::Logger::Error': i┼şlev 3 ba─ş─▒ms─▒z de─şi┼şken alm─▒yor [C:\ShadowStrike\ShadowStrike\ShadowStrike.vcxproj]
  ('/src/Shared_modules/Core/Registry/StartupAnalyzer.cpp' kaynak dosyas─▒ derleniyor)
      C:\ShadowStrike\ShadowStrike\src\Shared_modules\Utils\Logger.hpp(263,16):
      'ShadowStrike::Utils::Logger::Error' bildirimine bak─▒n
      C:\ShadowStrike\ShadowStrike\src\Shared_modules\Utils\Logger.hpp(274,16):
      'void ShadowStrike::Utils::Logger::Error(std::basic_format_string<char,type_identity<_Args>::type...>,Args ...)' olabilirdi
          C:\ShadowStrike\ShadowStrike\src\Shared_modules\Core\Registry\StartupAnalyzer.cpp(685,32):
          'void ShadowStrike::Utils::Logger::Error(std::basic_format_string<char,type_identity<_Args>::type...>,Args ...)' i┼şlev ┼şablonu ├Âzelle┼ştirilemedi
              C:\ShadowStrike\ShadowStrike\src\Shared_modules\Core\Registry\StartupAnalyzer.cpp(685,32):
              ┼Şu ┼şablon ba─ş─▒ms─▒z de─şi┼şkenleriyle:
                  C:\ShadowStrike\ShadowStrike\src\Shared_modules\Core\Registry\StartupAnalyzer.cpp(685,32):
                  'Args={const unsigned __int64 &, <error type>}'
      C:\ShadowStrike\ShadowStrike\src\Shared_modules\Core\Registry\StartupAnalyzer.cpp(685,32):
      '(const wchar_t [49], const unsigned __int64, <error type>)' ba─ş─▒ms─▒z de─şi┼şken listesi e┼şlenmeye ├ğal─▒┼ş─▒l─▒rken
  
C:\ShadowStrike\ShadowStrike\src\Shared_modules\Core\Registry\StartupAnalyzer.cpp(698,60): error C2039: 'Utf8ToWide': bir 'ShadowStrike::Utils::StringUtils' ├╝yesi de─şil [C:\ShadowStrike\ShadowStrike\ShadowStrike.vcxproj]
  ('/src/Shared_modules/Core/Registry/StartupAnalyzer.cpp' kaynak dosyas─▒ derleniyor)
      C:\ShadowStrike\ShadowStrike\src\Shared_modules\Utils\StringUtils.hpp(63,19):
      'ShadowStrike::Utils::StringUtils' bildirimine bak─▒n
  
C:\ShadowStrike\ShadowStrike\src\Shared_modules\Core\Registry\StartupAnalyzer.cpp(698,60): error C3861: 'Utf8ToWide': tan─▒mlay─▒c─▒ bulunamad─▒ [C:\ShadowStrike\ShadowStrike\ShadowStrike.vcxproj]
  ('/src/Shared_modules/Core/Registry/StartupAnalyzer.cpp' kaynak dosyas─▒ derleniyor)
  
C:\ShadowStrike\ShadowStrike\src\Shared_modules\Core\Registry\StartupAnalyzer.cpp(697,32): error C2660: 'ShadowStrike::Utils::Logger::Error': i┼şlev 3 ba─ş─▒ms─▒z de─şi┼şken alm─▒yor [C:\ShadowStrike\ShadowStrike\ShadowStrike.vcxproj]
  ('/src/Shared_modules/Core/Registry/StartupAnalyzer.cpp' kaynak dosyas─▒ derleniyor)
      C:\ShadowStrike\ShadowStrike\src\Shared_modules\Utils\Logger.hpp(263,16):
      'ShadowStrike::Utils::Logger::Error' bildirimine bak─▒n
      C:\ShadowStrike\ShadowStrike\src\Shared_modules\Utils\Logger.hpp(274,16):
      'void ShadowStrike::Utils::Logger::Error(std::basic_format_string<char,type_identity<_Args>::type...>,Args ...)' olabilirdi
          C:\ShadowStrike\ShadowStrike\src\Shared_modules\Core\Registry\StartupAnalyzer.cpp(697,32):
          'void ShadowStrike::Utils::Logger::Error(std::basic_format_string<char,type_identity<_Args>::type...>,Args ...)' i┼şlev ┼şablonu ├Âzelle┼ştirilemedi
              C:\ShadowStrike\ShadowStrike\src\Shared_modules\Core\Registry\StartupAnalyzer.cpp(697,32):
              ┼Şu ┼şablon ba─ş─▒ms─▒z de─şi┼şkenleriyle:
                  C:\ShadowStrike\ShadowStrike\src\Shared_modules\Core\Registry\StartupAnalyzer.cpp(697,32):
                  'Args={const unsigned __int64 &, <error type>}'
      C:\ShadowStrike\ShadowStrike\src\Shared_modules\Core\Registry\StartupAnalyzer.cpp(697,32):
      '(const wchar_t [47], const unsigned __int64, <error type>)' ba─ş─▒ms─▒z de─şi┼şken listesi e┼şlenmeye ├ğal─▒┼ş─▒l─▒rken
  
C:\ShadowStrike\ShadowStrike\src\Shared_modules\Core\Registry\StartupAnalyzer.cpp(710,60): error C2039: 'Utf8ToWide': bir 'ShadowStrike::Utils::StringUtils' ├╝yesi de─şil [C:\ShadowStrike\ShadowStrike\ShadowStrike.vcxproj]
  ('/src/Shared_modules/Core/Registry/StartupAnalyzer.cpp' kaynak dosyas─▒ derleniyor)
      C:\ShadowStrike\ShadowStrike\src\Shared_modules\Utils\StringUtils.hpp(63,19):
      'ShadowStrike::Utils::StringUtils' bildirimine bak─▒n
  
C:\ShadowStrike\ShadowStrike\src\Shared_modules\Core\Registry\StartupAnalyzer.cpp(710,60): error C3861: 'Utf8ToWide': tan─▒mlay─▒c─▒ bulunamad─▒ [C:\ShadowStrike\ShadowStrike\ShadowStrike.vcxproj]
  ('/src/Shared_modules/Core/Registry/StartupAnalyzer.cpp' kaynak dosyas─▒ derleniyor)
  
C:\ShadowStrike\ShadowStrike\src\Shared_modules\Core\Registry\StartupAnalyzer.cpp(709,32): error C2660: 'ShadowStrike::Utils::Logger::Error': i┼şlev 3 ba─ş─▒ms─▒z de─şi┼şken alm─▒yor [C:\ShadowStrike\ShadowStrike\ShadowStrike.vcxproj]
  ('/src/Shared_modules/Core/Registry/StartupAnalyzer.cpp' kaynak dosyas─▒ derleniyor)
      C:\ShadowStrike\ShadowStrike\src\Shared_modules\Utils\Logger.hpp(263,16):
      'ShadowStrike::Utils::Logger::Error' bildirimine bak─▒n
      C:\ShadowStrike\ShadowStrike\src\Shared_modules\Utils\Logger.hpp(274,16):
      'void ShadowStrike::Utils::Logger::Error(std::basic_format_string<char,type_identity<_Args>::type...>,Args ...)' olabilirdi
          C:\ShadowStrike\ShadowStrike\src\Shared_modules\Core\Registry\StartupAnalyzer.cpp(709,32):
          'void ShadowStrike::Utils::Logger::Error(std::basic_format_string<char,type_identity<_Args>::type...>,Args ...)' i┼şlev ┼şablonu ├Âzelle┼ştirilemedi
              C:\ShadowStrike\ShadowStrike\src\Shared_modules\Core\Registry\StartupAnalyzer.cpp(709,32):
              ┼Şu ┼şablon ba─ş─▒ms─▒z de─şi┼şkenleriyle:
                  C:\ShadowStrike\ShadowStrike\src\Shared_modules\Core\Registry\StartupAnalyzer.cpp(709,32):
                  'Args={const unsigned __int64 &, <error type>}'
      C:\ShadowStrike\ShadowStrike\src\Shared_modules\Core\Registry\StartupAnalyzer.cpp(709,32):
      '(const wchar_t [48], const unsigned __int64, <error type>)' ba─ş─▒ms─▒z de─şi┼şken listesi e┼şlenmeye ├ğal─▒┼ş─▒l─▒rken
  
C:\ShadowStrike\ShadowStrike\src\Shared_modules\Core\Registry\StartupAnalyzer.cpp(739,20): error C2664: 'void ShadowStrike::Utils::Logger::Info(const char *)' : 1 ba─ş─▒ms─▒z de─şi┼şkeni 'const wchar_t [36]' de─şerinden 'const char *' de─şerine d├Ân├╝┼şt├╝r├╝lemez [C:\ShadowStrike\ShadowStrike\ShadowStrike.vcxproj]
  ('/src/Shared_modules/Core/Registry/StartupAnalyzer.cpp' kaynak dosyas─▒ derleniyor)
      C:\ShadowStrike\ShadowStrike\src\Shared_modules\Core\Registry\StartupAnalyzer.cpp(739,25):
      ─░┼şaretlenen t├╝rler ilgisiz; d├Ân├╝┼şt├╝rme reinterpret_cast, C stili t├╝r d├Ân├╝┼şt├╝rme veya parantez i├ğine al─▒nm─▒┼ş i┼şlev stili t├╝r d├Ân├╝┼şt├╝rme gerektiriyor
      C:\ShadowStrike\ShadowStrike\src\Shared_modules\Utils\Logger.hpp(265,16):
      'ShadowStrike::Utils::Logger::Info' bildirimine bak─▒n
      C:\ShadowStrike\ShadowStrike\src\Shared_modules\Utils\Logger.hpp(282,16):
      'void ShadowStrike::Utils::Logger::Info(std::basic_format_string<char,type_identity<_Args>::type...>,Args ...)' olabilirdi
          C:\ShadowStrike\ShadowStrike\src\Shared_modules\Core\Registry\StartupAnalyzer.cpp(739,20):
          ili┼şkili k─▒s─▒tlamalar kar┼ş─▒lanmad─▒
              C:\ShadowStrike\ShadowStrike\src\Shared_modules\Utils\Logger.hpp(281,57):
              k─▒s─▒tlama yerine getirilmedi
      C:\ShadowStrike\ShadowStrike\src\Shared_modules\Core\Registry\StartupAnalyzer.cpp(739,20):
      '(const wchar_t [36])' ba─ş─▒ms─▒z de─şi┼şken listesi e┼şlenmeye ├ğal─▒┼ş─▒l─▒rken
  
C:\ShadowStrike\ShadowStrike\src\Shared_modules\Core\Registry\StartupAnalyzer.cpp(744,20): error C2664: 'void ShadowStrike::Utils::Logger::Info(const char *)' : 1 ba─ş─▒ms─▒z de─şi┼şkeni 'const wchar_t [35]' de─şerinden 'const char *' de─şerine d├Ân├╝┼şt├╝r├╝lemez [C:\ShadowStrike\ShadowStrike\ShadowStrike.vcxproj]
  ('/src/Shared_modules/Core/Registry/StartupAnalyzer.cpp' kaynak dosyas─▒ derleniyor)
      C:\ShadowStrike\ShadowStrike\src\Shared_modules\Core\Registry\StartupAnalyzer.cpp(744,25):
      ─░┼şaretlenen t├╝rler ilgisiz; d├Ân├╝┼şt├╝rme reinterpret_cast, C stili t├╝r d├Ân├╝┼şt├╝rme veya parantez i├ğine al─▒nm─▒┼ş i┼şlev stili t├╝r d├Ân├╝┼şt├╝rme gerektiriyor
      C:\ShadowStrike\ShadowStrike\src\Shared_modules\Utils\Logger.hpp(265,16):
      'ShadowStrike::Utils::Logger::Info' bildirimine bak─▒n
      C:\ShadowStrike\ShadowStrike\src\Shared_modules\Utils\Logger.hpp(282,16):
      'void ShadowStrike::Utils::Logger::Info(std::basic_format_string<char,type_identity<_Args>::type...>,Args ...)' olabilirdi
          C:\ShadowStrike\ShadowStrike\src\Shared_modules\Core\Registry\StartupAnalyzer.cpp(744,20):
          ili┼şkili k─▒s─▒tlamalar kar┼ş─▒lanmad─▒
              C:\ShadowStrike\ShadowStrike\src\Shared_modules\Utils\Logger.hpp(281,57):
              k─▒s─▒tlama yerine getirilmedi
      C:\ShadowStrike\ShadowStrike\src\Shared_modules\Core\Registry\StartupAnalyzer.cpp(744,20):
      '(const wchar_t [35])' ba─ş─▒ms─▒z de─şi┼şken listesi e┼şlenmeye ├ğal─▒┼ş─▒l─▒rken
  
C:\ShadowStrike\ShadowStrike\src\Shared_modules\Core\Registry\StartupAnalyzer.cpp(751,24): error C2664: 'void ShadowStrike::Utils::Logger::Warn(const char *)' : 1 ba─ş─▒ms─▒z de─şi┼şkeni 'const wchar_t [37]' de─şerinden 'const char *' de─şerine d├Ân├╝┼şt├╝r├╝lemez [C:\ShadowStrike\ShadowStrike\ShadowStrike.vcxproj]
  ('/src/Shared_modules/Core/Registry/StartupAnalyzer.cpp' kaynak dosyas─▒ derleniyor)
      C:\ShadowStrike\ShadowStrike\src\Shared_modules\Core\Registry\StartupAnalyzer.cpp(751,29):
      ─░┼şaretlenen t├╝rler ilgisiz; d├Ân├╝┼şt├╝rme reinterpret_cast, C stili t├╝r d├Ân├╝┼şt├╝rme veya parantez i├ğine al─▒nm─▒┼ş i┼şlev stili t├╝r d├Ân├╝┼şt├╝rme gerektiriyor
      C:\ShadowStrike\ShadowStrike\src\Shared_modules\Utils\Logger.hpp(264,16):
      'ShadowStrike::Utils::Logger::Warn' bildirimine bak─▒n
      C:\ShadowStrike\ShadowStrike\src\Shared_modules\Utils\Logger.hpp(278,16):
      'void ShadowStrike::Utils::Logger::Warn(std::basic_format_string<char,type_identity<_Args>::type...>,Args ...)' olabilirdi
          C:\ShadowStrike\ShadowStrike\src\Shared_modules\Core\Registry\StartupAnalyzer.cpp(751,24):
          ili┼şkili k─▒s─▒tlamalar kar┼ş─▒lanmad─▒
              C:\ShadowStrike\ShadowStrike\src\Shared_modules\Utils\Logger.hpp(277,57):
              k─▒s─▒tlama yerine getirilmedi
      C:\ShadowStrike\ShadowStrike\src\Shared_modules\Core\Registry\StartupAnalyzer.cpp(751,24):
      '(const wchar_t [37])' ba─ş─▒ms─▒z de─şi┼şken listesi e┼şlenmeye ├ğal─▒┼ş─▒l─▒rken
  
C:\ShadowStrike\ShadowStrike\src\Shared_modules\Core\Registry\StartupAnalyzer.cpp(770,24): error C2664: 'void ShadowStrike::Utils::Logger::Info(const char *)' : 1 ba─ş─▒ms─▒z de─şi┼şkeni 'const wchar_t [42]' de─şerinden 'const char *' de─şerine d├Ân├╝┼şt├╝r├╝lemez [C:\ShadowStrike\ShadowStrike\ShadowStrike.vcxproj]
  ('/src/Shared_modules/Core/Registry/StartupAnalyzer.cpp' kaynak dosyas─▒ derleniyor)
      C:\ShadowStrike\ShadowStrike\src\Shared_modules\Core\Registry\StartupAnalyzer.cpp(770,29):
      ─░┼şaretlenen t├╝rler ilgisiz; d├Ân├╝┼şt├╝rme reinterpret_cast, C stili t├╝r d├Ân├╝┼şt├╝rme veya parantez i├ğine al─▒nm─▒┼ş i┼şlev stili t├╝r d├Ân├╝┼şt├╝rme gerektiriyor
      C:\ShadowStrike\ShadowStrike\src\Shared_modules\Utils\Logger.hpp(265,16):
      'ShadowStrike::Utils::Logger::Info' bildirimine bak─▒n
      C:\ShadowStrike\ShadowStrike\src\Shared_modules\Utils\Logger.hpp(282,16):
      'void ShadowStrike::Utils::Logger::Info(std::basic_format_string<char,type_identity<_Args>::type...>,Args ...)' olabilirdi
          C:\ShadowStrike\ShadowStrike\src\Shared_modules\Core\Registry\StartupAnalyzer.cpp(770,24):
          ili┼şkili k─▒s─▒tlamalar kar┼ş─▒lanmad─▒
              C:\ShadowStrike\ShadowStrike\src\Shared_modules\Utils\Logger.hpp(281,57):
              k─▒s─▒tlama yerine getirilmedi
      C:\ShadowStrike\ShadowStrike\src\Shared_modules\Core\Registry\StartupAnalyzer.cpp(770,24):
      '(const wchar_t [42])' ba─ş─▒ms─▒z de─şi┼şken listesi e┼şlenmeye ├ğal─▒┼ş─▒l─▒rken
  
C:\ShadowStrike\ShadowStrike\src\Shared_modules\Core\Registry\StartupAnalyzer.cpp(775,49): error C2039: 'Utf8ToWide': bir 'ShadowStrike::Utils::StringUtils' ├╝yesi de─şil [C:\ShadowStrike\ShadowStrike\ShadowStrike.vcxproj]
  ('/src/Shared_modules/Core/Registry/StartupAnalyzer.cpp' kaynak dosyas─▒ derleniyor)
      C:\ShadowStrike\ShadowStrike\src\Shared_modules\Utils\StringUtils.hpp(63,19):
      'ShadowStrike::Utils::StringUtils' bildirimine bak─▒n
  
C:\ShadowStrike\ShadowStrike\src\Shared_modules\Core\Registry\StartupAnalyzer.cpp(775,49): error C3861: 'Utf8ToWide': tan─▒mlay─▒c─▒ bulunamad─▒ [C:\ShadowStrike\ShadowStrike\ShadowStrike.vcxproj]
  ('/src/Shared_modules/Core/Registry/StartupAnalyzer.cpp' kaynak dosyas─▒ derleniyor)
  
C:\ShadowStrike\ShadowStrike\src\Shared_modules\Core\Registry\StartupAnalyzer.cpp(774,24): error C2660: 'ShadowStrike::Utils::Logger::Error': i┼şlev 2 ba─ş─▒ms─▒z de─şi┼şken alm─▒yor [C:\ShadowStrike\ShadowStrike\ShadowStrike.vcxproj]
  ('/src/Shared_modules/Core/Registry/StartupAnalyzer.cpp' kaynak dosyas─▒ derleniyor)
      C:\ShadowStrike\ShadowStrike\src\Shared_modules\Utils\Logger.hpp(263,16):
      'ShadowStrike::Utils::Logger::Error' bildirimine bak─▒n
      C:\ShadowStrike\ShadowStrike\src\Shared_modules\Utils\Logger.hpp(274,16):
      'void ShadowStrike::Utils::Logger::Error(std::basic_format_string<char,type_identity<_Args>::type...>,Args ...)' olabilirdi
          C:\ShadowStrike\ShadowStrike\src\Shared_modules\Core\Registry\StartupAnalyzer.cpp(774,24):
          'void ShadowStrike::Utils::Logger::Error(std::basic_format_string<char,type_identity<_Args>::type...>,Args ...)' i┼şlev ┼şablonu ├Âzelle┼ştirilemedi
              C:\ShadowStrike\ShadowStrike\src\Shared_modules\Core\Registry\StartupAnalyzer.cpp(774,24):
              ┼Şu ┼şablon ba─ş─▒ms─▒z de─şi┼şkenleriyle:
                  C:\ShadowStrike\ShadowStrike\src\Shared_modules\Core\Registry\StartupAnalyzer.cpp(774,24):
                  'Args={<error type>}'
      C:\ShadowStrike\ShadowStrike\src\Shared_modules\Core\Registry\StartupAnalyzer.cpp(774,24):
      '(const wchar_t [44], <error type>)' ba─ş─▒ms─▒z de─şi┼şken listesi e┼şlenmeye ├ğal─▒┼ş─▒l─▒rken
  
C:\ShadowStrike\ShadowStrike\src\Shared_modules\Core\Registry\StartupAnalyzer.cpp(819,24): error C2664: 'void ShadowStrike::Utils::Logger::Info(const char *)' : 1 ba─ş─▒ms─▒z de─şi┼şkeni 'const wchar_t [35]' de─şerinden 'const char *' de─şerine d├Ân├╝┼şt├╝r├╝lemez [C:\ShadowStrike\ShadowStrike\ShadowStrike.vcxproj]
  ('/src/Shared_modules/Core/Registry/StartupAnalyzer.cpp' kaynak dosyas─▒ derleniyor)
      C:\ShadowStrike\ShadowStrike\src\Shared_modules\Core\Registry\StartupAnalyzer.cpp(819,29):
      ─░┼şaretlenen t├╝rler ilgisiz; d├Ân├╝┼şt├╝rme reinterpret_cast, C stili t├╝r d├Ân├╝┼şt├╝rme veya parantez i├ğine al─▒nm─▒┼ş i┼şlev stili t├╝r d├Ân├╝┼şt├╝rme gerektiriyor
      C:\ShadowStrike\ShadowStrike\src\Shared_modules\Utils\Logger.hpp(265,16):
      'ShadowStrike::Utils::Logger::Info' bildirimine bak─▒n
      C:\ShadowStrike\ShadowStrike\src\Shared_modules\Utils\Logger.hpp(282,16):
      'void ShadowStrike::Utils::Logger::Info(std::basic_format_string<char,type_identity<_Args>::type...>,Args ...)' olabilirdi
          C:\ShadowStrike\ShadowStrike\src\Shared_modules\Core\Registry\StartupAnalyzer.cpp(819,24):
          ili┼şkili k─▒s─▒tlamalar kar┼ş─▒lanmad─▒
              C:\ShadowStrike\ShadowStrike\src\Shared_modules\Utils\Logger.hpp(281,57):
              k─▒s─▒tlama yerine getirilmedi
      C:\ShadowStrike\ShadowStrike\src\Shared_modules\Core\Registry\StartupAnalyzer.cpp(819,24):
      '(const wchar_t [35])' ba─ş─▒ms─▒z de─şi┼şken listesi e┼şlenmeye ├ğal─▒┼ş─▒l─▒rken
  
C:\ShadowStrike\ShadowStrike\src\Shared_modules\Core\Registry\StartupAnalyzer.cpp(823,49): error C2039: 'Utf8ToWide': bir 'ShadowStrike::Utils::StringUtils' ├╝yesi de─şil [C:\ShadowStrike\ShadowStrike\ShadowStrike.vcxproj]
  ('/src/Shared_modules/Core/Registry/StartupAnalyzer.cpp' kaynak dosyas─▒ derleniyor)
      C:\ShadowStrike\ShadowStrike\src\Shared_modules\Utils\StringUtils.hpp(63,19):
      'ShadowStrike::Utils::StringUtils' bildirimine bak─▒n
  
C:\ShadowStrike\ShadowStrike\src\Shared_modules\Core\Registry\StartupAnalyzer.cpp(823,49): error C3861: 'Utf8ToWide': tan─▒mlay─▒c─▒ bulunamad─▒ [C:\ShadowStrike\ShadowStrike\ShadowStrike.vcxproj]
  ('/src/Shared_modules/Core/Registry/StartupAnalyzer.cpp' kaynak dosyas─▒ derleniyor)
  
C:\ShadowStrike\ShadowStrike\src\Shared_modules\HashStore\BloomFilter_impl.cpp(32,9): error C2653: 'BloomFilter': bir s─▒n─▒f veya ad alan─▒ ad─▒ de─şil [C:\ShadowStrike\ShadowStrike\ShadowStrike.vcxproj]
  ('/src/Shared_modules/HashStore/BloomFilter_impl.cpp' kaynak dosyas─▒ derleniyor)
  
C:\ShadowStrike\ShadowStrike\src\Shared_modules\HashStore\BloomFilter_impl.cpp(32,22): error C4430: t├╝r belirticisi eksik - int varsay─▒ld─▒. Not: C++ varsay─▒lan int deste─şi i├ğermez [C:\ShadowStrike\ShadowStrike\ShadowStrike.vcxproj]
  ('/src/Shared_modules/HashStore/BloomFilter_impl.cpp' kaynak dosyas─▒ derleniyor)
  
C:\ShadowStrike\ShadowStrike\src\Shared_modules\Core\Registry\StartupAnalyzer.cpp(822,24): error C2660: 'ShadowStrike::Utils::Logger::Error': i┼şlev 2 ba─ş─▒ms─▒z de─şi┼şken alm─▒yor [C:\ShadowStrike\ShadowStrike\ShadowStrike.vcxproj]
  ('/src/Shared_modules/Core/Registry/StartupAnalyzer.cpp' kaynak dosyas─▒ derleniyor)
      C:\ShadowStrike\ShadowStrike\src\Shared_modules\Utils\Logger.hpp(263,16):
      'ShadowStrike::Utils::Logger::Error' bildirimine bak─▒n
      C:\ShadowStrike\ShadowStrike\src\Shared_modules\Utils\Logger.hpp(274,16):
      'void ShadowStrike::Utils::Logger::Error(std::basic_format_string<char,type_identity<_Args>::type...>,Args ...)' olabilirdi
          C:\ShadowStrike\ShadowStrike\src\Shared_modules\Core\Registry\StartupAnalyzer.cpp(822,24):
          'void ShadowStrike::Utils::Logger::Error(std::basic_format_string<char,type_identity<_Args>::type...>,Args ...)' i┼şlev ┼şablonu ├Âzelle┼ştirilemedi
              C:\ShadowStrike\ShadowStrike\src\Shared_modules\Core\Registry\StartupAnalyzer.cpp(822,24):
              ┼Şu ┼şablon ba─ş─▒ms─▒z de─şi┼şkenleriyle:
                  C:\ShadowStrike\ShadowStrike\src\Shared_modules\Core\Registry\StartupAnalyzer.cpp(822,24):
                  'Args={<error type>}'
      C:\ShadowStrike\ShadowStrike\src\Shared_modules\Core\Registry\StartupAnalyzer.cpp(822,24):
      '(const wchar_t [37], <error type>)' ba─ş─▒ms─▒z de─şi┼şken listesi e┼şlenmeye ├ğal─▒┼ş─▒l─▒rken
  
C:\ShadowStrike\ShadowStrike\src\Shared_modules\HashStore\BloomFilter_impl.cpp(71,17): error C2065: 'm_size': bildirimi yap─▒lmam─▒┼ş tan─▒mlay─▒c─▒ [C:\ShadowStrike\ShadowStrike\ShadowStrike.vcxproj]
  ('/src/Shared_modules/HashStore/BloomFilter_impl.cpp' kaynak dosyas─▒ derleniyor)
  
C:\ShadowStrike\ShadowStrike\src\Shared_modules\HashStore\BloomFilter_impl.cpp(72,17): error C2065: 'm_size': bildirimi yap─▒lmam─▒┼ş tan─▒mlay─▒c─▒ [C:\ShadowStrike\ShadowStrike\ShadowStrike.vcxproj]
  ('/src/Shared_modules/HashStore/BloomFilter_impl.cpp' kaynak dosyas─▒ derleniyor)
  
C:\ShadowStrike\ShadowStrike\src\Shared_modules\HashStore\BloomFilter_impl.cpp(76,17): error C2065: 'm_size': bildirimi yap─▒lmam─▒┼ş tan─▒mlay─▒c─▒ [C:\ShadowStrike\ShadowStrike\ShadowStrike.vcxproj]
  ('/src/Shared_modules/HashStore/BloomFilter_impl.cpp' kaynak dosyas─▒ derleniyor)
  
C:\ShadowStrike\ShadowStrike\src\Shared_modules\Core\Registry\StartupAnalyzer.cpp(834,20): error C2664: 'void ShadowStrike::Utils::Logger::Info(const char *)' : 1 ba─ş─▒ms─▒z de─şi┼şkeni 'const wchar_t [39]' de─şerinden 'const char *' de─şerine d├Ân├╝┼şt├╝r├╝lemez [C:\ShadowStrike\ShadowStrike\ShadowStrike.vcxproj]
  ('/src/Shared_modules/Core/Registry/StartupAnalyzer.cpp' kaynak dosyas─▒ derleniyor)
      C:\ShadowStrike\ShadowStrike\src\Shared_modules\Core\Registry\StartupAnalyzer.cpp(834,25):
      ─░┼şaretlenen t├╝rler ilgisiz; d├Ân├╝┼şt├╝rme reinterpret_cast, C stili t├╝r d├Ân├╝┼şt├╝rme veya parantez i├ğine al─▒nm─▒┼ş i┼şlev stili t├╝r d├Ân├╝┼şt├╝rme gerektiriyor
      C:\ShadowStrike\ShadowStrike\src\Shared_modules\Utils\Logger.hpp(265,16):
      'ShadowStrike::Utils::Logger::Info' bildirimine bak─▒n
      C:\ShadowStrike\ShadowStrike\src\Shared_modules\Utils\Logger.hpp(282,16):
      'void ShadowStrike::Utils::Logger::Info(std::basic_format_string<char,type_identity<_Args>::type...>,Args ...)' olabilirdi
          C:\ShadowStrike\ShadowStrike\src\Shared_modules\Core\Registry\StartupAnalyzer.cpp(834,20):
          ili┼şkili k─▒s─▒tlamalar kar┼ş─▒lanmad─▒
              C:\ShadowStrike\ShadowStrike\src\Shared_modules\Utils\Logger.hpp(281,57):
              k─▒s─▒tlama yerine getirilmedi
      C:\ShadowStrike\ShadowStrike\src\Shared_modules\Core\Registry\StartupAnalyzer.cpp(834,20):
      '(const wchar_t [39])' ba─ş─▒ms─▒z de─şi┼şken listesi e┼şlenmeye ├ğal─▒┼ş─▒l─▒rken
  
C:\ShadowStrike\ShadowStrike\src\Shared_modules\HashStore\BloomFilter_impl.cpp(81,17): error C2065: 'm_size': bildirimi yap─▒lmam─▒┼ş tan─▒mlay─▒c─▒ [C:\ShadowStrike\ShadowStrike\ShadowStrike.vcxproj]
  ('/src/Shared_modules/HashStore/BloomFilter_impl.cpp' kaynak dosyas─▒ derleniyor)
  
C:\ShadowStrike\ShadowStrike\src\Shared_modules\HashStore\BloomFilter_impl.cpp(85,17): error C2065: 'm_size': bildirimi yap─▒lmam─▒┼ş tan─▒mlay─▒c─▒ [C:\ShadowStrike\ShadowStrike\ShadowStrike.vcxproj]
  ('/src/Shared_modules/HashStore/BloomFilter_impl.cpp' kaynak dosyas─▒ derleniyor)
  
C:\ShadowStrike\ShadowStrike\src\Shared_modules\HashStore\BloomFilter_impl.cpp(86,17): error C2065: 'm_size': bildirimi yap─▒lmam─▒┼ş tan─▒mlay─▒c─▒ [C:\ShadowStrike\ShadowStrike\ShadowStrike.vcxproj]
  ('/src/Shared_modules/HashStore/BloomFilter_impl.cpp' kaynak dosyas─▒ derleniyor)
  
C:\ShadowStrike\ShadowStrike\src\Shared_modules\HashStore\BloomFilter_impl.cpp(90,59): error C2065: 'm_size': bildirimi yap─▒lmam─▒┼ş tan─▒mlay─▒c─▒ [C:\ShadowStrike\ShadowStrike\ShadowStrike.vcxproj]
  ('/src/Shared_modules/HashStore/BloomFilter_impl.cpp' kaynak dosyas─▒ derleniyor)
  
C:\ShadowStrike\ShadowStrike\src\Shared_modules\HashStore\BloomFilter_impl.cpp(90,26): error C2737: 'rawHashes': const nesnesinin ba┼şlat─▒lmas─▒ gerekiyor [C:\ShadowStrike\ShadowStrike\ShadowStrike.vcxproj]
  ('/src/Shared_modules/HashStore/BloomFilter_impl.cpp' kaynak dosyas─▒ derleniyor)
  
C:\ShadowStrike\ShadowStrike\src\Shared_modules\HashStore\BloomFilter_impl.cpp(94,17): error C2065: 'm_numHashes': bildirimi yap─▒lmam─▒┼ş tan─▒mlay─▒c─▒ [C:\ShadowStrike\ShadowStrike\ShadowStrike.vcxproj]
  ('/src/Shared_modules/HashStore/BloomFilter_impl.cpp' kaynak dosyas─▒ derleniyor)
  
C:\ShadowStrike\ShadowStrike\src\Shared_modules\HashStore\BloomFilter_impl.cpp(97,17): error C2065: 'm_numHashes': bildirimi yap─▒lmam─▒┼ş tan─▒mlay─▒c─▒ [C:\ShadowStrike\ShadowStrike\ShadowStrike.vcxproj]
  ('/src/Shared_modules/HashStore/BloomFilter_impl.cpp' kaynak dosyas─▒ derleniyor)
  
C:\ShadowStrike\ShadowStrike\src\Shared_modules\HashStore\BloomFilter_impl.cpp(103,41): error C2059: s├Âzdizimi hatas─▒: ')' [C:\ShadowStrike\ShadowStrike\ShadowStrike.vcxproj]
  ('/src/Shared_modules/HashStore/BloomFilter_impl.cpp' kaynak dosyas─▒ derleniyor)
  
C:\ShadowStrike\ShadowStrike\src\Shared_modules\HashStore\BloomFilter_impl.cpp(103,43): error C2143: s├Âzdizimi hatas─▒: ';' eksik ('{' ├Âncesinde) [C:\ShadowStrike\ShadowStrike\ShadowStrike.vcxproj]
  ('/src/Shared_modules/HashStore/BloomFilter_impl.cpp' kaynak dosyas─▒ derleniyor)
  
C:\ShadowStrike\ShadowStrike\src\Shared_modules\HashStore\BloomFilter_impl.cpp(105,13): error C2143: s├Âzdizimi hatas─▒: ';' eksik ('}' ├Âncesinde) [C:\ShadowStrike\ShadowStrike\ShadowStrike.vcxproj]
  ('/src/Shared_modules/HashStore/BloomFilter_impl.cpp' kaynak dosyas─▒ derleniyor)
  
C:\ShadowStrike\ShadowStrike\src\Shared_modules\HashStore\BloomFilter_impl.cpp(106,34): error C2947: ┼şablon ba─ş─▒ms─▒z de─şi┼şken listesi ├Â─şesinin sonunda '>' olmas─▒ bekleniyor, '>' bulundu [C:\ShadowStrike\ShadowStrike\ShadowStrike.vcxproj]
  ('/src/Shared_modules/HashStore/BloomFilter_impl.cpp' kaynak dosyas─▒ derleniyor)
  
C:\ShadowStrike\ShadowStrike\src\Shared_modules\HashStore\BloomFilter_impl.cpp(106,46): error C2059: s├Âzdizimi hatas─▒: ')' [C:\ShadowStrike\ShadowStrike\ShadowStrike.vcxproj]
  ('/src/Shared_modules/HashStore/BloomFilter_impl.cpp' kaynak dosyas─▒ derleniyor)
  
C:\ShadowStrike\ShadowStrike\src\Shared_modules\Exploits\StackPivotDetector.cpp(553,24): error C2039: 'Critical': bir 'ShadowStrike::Utils::Logger' ├╝yesi de─şil [C:\ShadowStrike\ShadowStrike\ShadowStrike.vcxproj]
  ('/src/Shared_modules/Exploits/StackPivotDetector.cpp' kaynak dosyas─▒ derleniyor)
      C:\ShadowStrike\ShadowStrike\src\Shared_modules\Utils\Logger.hpp(159,9):
      'ShadowStrike::Utils::Logger' bildirimine bak─▒n
  
C:\ShadowStrike\ShadowStrike\src\Shared_modules\HashStore\BloomFilter_impl.cpp(106,48): error C2143: s├Âzdizimi hatas─▒: ';' eksik ('{' ├Âncesinde) [C:\ShadowStrike\ShadowStrike\ShadowStrike.vcxproj]
  ('/src/Shared_modules/HashStore/BloomFilter_impl.cpp' kaynak dosyas─▒ derleniyor)
  
C:\ShadowStrike\ShadowStrike\src\Shared_modules\Exploits\StackPivotDetector.cpp(553,24): error C3861: 'Critical': tan─▒mlay─▒c─▒ bulunamad─▒ [C:\ShadowStrike\ShadowStrike\ShadowStrike.vcxproj]
  ('/src/Shared_modules/Exploits/StackPivotDetector.cpp' kaynak dosyas─▒ derleniyor)
  
C:\ShadowStrike\ShadowStrike\src\Shared_modules\HashStore\BloomFilter_impl.cpp(107,17): error C2065: 'm_numHashes': bildirimi yap─▒lmam─▒┼ş tan─▒mlay─▒c─▒ [C:\ShadowStrike\ShadowStrike\ShadowStrike.vcxproj]
  ('/src/Shared_modules/HashStore/BloomFilter_impl.cpp' kaynak dosyas─▒ derleniyor)
  
C:\ShadowStrike\ShadowStrike\src\Shared_modules\HashStore\BloomFilter_impl.cpp(114,17): error C2065: 'm_size': bildirimi yap─▒lmam─▒┼ş tan─▒mlay─▒c─▒ [C:\ShadowStrike\ShadowStrike\ShadowStrike.vcxproj]
  ('/src/Shared_modules/HashStore/BloomFilter_impl.cpp' kaynak dosyas─▒ derleniyor)
  
C:\ShadowStrike\ShadowStrike\src\Shared_modules\HashStore\BloomFilter_impl.cpp(115,32): error C2065: 'm_size': bildirimi yap─▒lmam─▒┼ş tan─▒mlay─▒c─▒ [C:\ShadowStrike\ShadowStrike\ShadowStrike.vcxproj]
  ('/src/Shared_modules/HashStore/BloomFilter_impl.cpp' kaynak dosyas─▒ derleniyor)
  
C:\ShadowStrike\ShadowStrike\src\Shared_modules\HashStore\BloomFilter_impl.cpp(127,17): error C2065: 'm_size': bildirimi yap─▒lmam─▒┼ş tan─▒mlay─▒c─▒ [C:\ShadowStrike\ShadowStrike\ShadowStrike.vcxproj]
  ('/src/Shared_modules/HashStore/BloomFilter_impl.cpp' kaynak dosyas─▒ derleniyor)
  
C:\ShadowStrike\ShadowStrike\src\Shared_modules\HashStore\BloomFilter_impl.cpp(128,17): error C2065: 'm_numHashes': bildirimi yap─▒lmam─▒┼ş tan─▒mlay─▒c─▒ [C:\ShadowStrike\ShadowStrike\ShadowStrike.vcxproj]
  ('/src/Shared_modules/HashStore/BloomFilter_impl.cpp' kaynak dosyas─▒ derleniyor)
  
C:\ShadowStrike\ShadowStrike\src\Shared_modules\HashStore\BloomFilter_impl.cpp(135,17): error C2065: 'm_bits': bildirimi yap─▒lmam─▒┼ş tan─▒mlay─▒c─▒ [C:\ShadowStrike\ShadowStrike\ShadowStrike.vcxproj]
  ('/src/Shared_modules/HashStore/BloomFilter_impl.cpp' kaynak dosyas─▒ derleniyor)
  
C:\ShadowStrike\ShadowStrike\src\Shared_modules\HashStore\BloomFilter_impl.cpp(141,17): error C2065: 'm_size': bildirimi yap─▒lmam─▒┼ş tan─▒mlay─▒c─▒ [C:\ShadowStrike\ShadowStrike\ShadowStrike.vcxproj]
  ('/src/Shared_modules/HashStore/BloomFilter_impl.cpp' kaynak dosyas─▒ derleniyor)
  
C:\ShadowStrike\ShadowStrike\src\Shared_modules\HashStore\BloomFilter_impl.cpp(142,17): error C2065: 'm_numHashes': bildirimi yap─▒lmam─▒┼ş tan─▒mlay─▒c─▒ [C:\ShadowStrike\ShadowStrike\ShadowStrike.vcxproj]
  ('/src/Shared_modules/HashStore/BloomFilter_impl.cpp' kaynak dosyas─▒ derleniyor)
  
C:\ShadowStrike\ShadowStrike\src\Shared_modules\HashStore\BloomFilter_impl.cpp(147,28): error C2065: 'm_bits': bildirimi yap─▒lmam─▒┼ş tan─▒mlay─▒c─▒ [C:\ShadowStrike\ShadowStrike\ShadowStrike.vcxproj]
  ('/src/Shared_modules/HashStore/BloomFilter_impl.cpp' kaynak dosyas─▒ derleniyor)
  
C:\ShadowStrike\ShadowStrike\src\Shared_modules\HashStore\BloomFilter_impl.cpp(147,24): error C2530: 'w': ba┼şvurular─▒n ba┼şlat─▒lmas─▒ gerekir [C:\ShadowStrike\ShadowStrike\ShadowStrike.vcxproj]
  ('/src/Shared_modules/HashStore/BloomFilter_impl.cpp' kaynak dosyas─▒ derleniyor)
  
C:\ShadowStrike\ShadowStrike\src\Shared_modules\HashStore\BloomFilter_impl.cpp(147,24): error C3531: 'w': t├╝r├╝ 'auto' i├ğeren bir simgenin bir ba┼şlat─▒c─▒s─▒ olmal─▒d─▒r [C:\ShadowStrike\ShadowStrike\ShadowStrike.vcxproj]
  ('/src/Shared_modules/HashStore/BloomFilter_impl.cpp' kaynak dosyas─▒ derleniyor)
  
C:\ShadowStrike\ShadowStrike\src\Shared_modules\HashStore\BloomFilter_impl.cpp(147,26): error C2143: s├Âzdizimi hatas─▒: ';' eksik (':' ├Âncesinde) [C:\ShadowStrike\ShadowStrike\ShadowStrike.vcxproj]
  ('/src/Shared_modules/HashStore/BloomFilter_impl.cpp' kaynak dosyas─▒ derleniyor)
  
C:\ShadowStrike\ShadowStrike\src\Shared_modules\HashStore\BloomFilter_impl.cpp(147,34): error C2143: s├Âzdizimi hatas─▒: ';' eksik (')' ├Âncesinde) [C:\ShadowStrike\ShadowStrike\ShadowStrike.vcxproj]
  ('/src/Shared_modules/HashStore/BloomFilter_impl.cpp' kaynak dosyas─▒ derleniyor)
  
C:\ShadowStrike\ShadowStrike\src\Shared_modules\HashStore\BloomFilter_impl.cpp(151,13): error C2065: 'm_size': bildirimi yap─▒lmam─▒┼ş tan─▒mlay─▒c─▒ [C:\ShadowStrike\ShadowStrike\ShadowStrike.vcxproj]
  ('/src/Shared_modules/HashStore/BloomFilter_impl.cpp' kaynak dosyas─▒ derleniyor)
  
C:\ShadowStrike\ShadowStrike\src\Shared_modules\Exploits\StackPivotDetector.cpp(597,24): error C2039: 'Critical': bir 'ShadowStrike::Utils::Logger' ├╝yesi de─şil [C:\ShadowStrike\ShadowStrike\ShadowStrike.vcxproj]
  ('/src/Shared_modules/Exploits/StackPivotDetector.cpp' kaynak dosyas─▒ derleniyor)
      C:\ShadowStrike\ShadowStrike\src\Shared_modules\Utils\Logger.hpp(159,9):
      'ShadowStrike::Utils::Logger' bildirimine bak─▒n
  
C:\ShadowStrike\ShadowStrike\src\Shared_modules\HashStore\BloomFilter_impl.cpp(151,13): error C2065: 'm_bits': bildirimi yap─▒lmam─▒┼ş tan─▒mlay─▒c─▒ [C:\ShadowStrike\ShadowStrike\ShadowStrike.vcxproj]
  ('/src/Shared_modules/HashStore/BloomFilter_impl.cpp' kaynak dosyas─▒ derleniyor)
  
C:\ShadowStrike\ShadowStrike\src\Shared_modules\Exploits\StackPivotDetector.cpp(597,24): error C3861: 'Critical': tan─▒mlay─▒c─▒ bulunamad─▒ [C:\ShadowStrike\ShadowStrike\ShadowStrike.vcxproj]
  ('/src/Shared_modules/Exploits/StackPivotDetector.cpp' kaynak dosyas─▒ derleniyor)
  
C:\ShadowStrike\ShadowStrike\src\Shared_modules\HashStore\BloomFilter_impl.cpp(151,13): error C2065: 'm_numHashes': bildirimi yap─▒lmam─▒┼ş tan─▒mlay─▒c─▒ [C:\ShadowStrike\ShadowStrike\ShadowStrike.vcxproj]
  ('/src/Shared_modules/HashStore/BloomFilter_impl.cpp' kaynak dosyas─▒ derleniyor)
  
C:\ShadowStrike\ShadowStrike\src\Shared_modules\HashStore\BloomFilter_impl.cpp(129,17): warning C4508: 'ShadowStrike::SignatureStore::BloomFilter': i┼şlev bir de─şer d├Ând├╝rmelidir; 'void' d├Ân├╝┼ş t├╝r├╝ varsay─▒ld─▒ [C:\ShadowStrike\ShadowStrike\ShadowStrike.vcxproj]
  ('/src/Shared_modules/HashStore/BloomFilter_impl.cpp' kaynak dosyas─▒ derleniyor)
  
C:\ShadowStrike\ShadowStrike\src\Shared_modules\HashStore\BloomFilter_impl.cpp(143,17): error C2617: 'ShadowStrike::SignatureStore::BloomFilter': tutars─▒z return deyimi [C:\ShadowStrike\ShadowStrike\ShadowStrike.vcxproj]
  ('/src/Shared_modules/HashStore/BloomFilter_impl.cpp' kaynak dosyas─▒ derleniyor)
      C:\ShadowStrike\ShadowStrike\src\Shared_modules\HashStore\BloomFilter_impl.cpp(32,22):
      'ShadowStrike::SignatureStore::BloomFilter' bildirimine bak─▒n
  
C:\ShadowStrike\ShadowStrike\src\Shared_modules\HashStore\BloomFilter_impl.cpp(154,9): error C2617: 'ShadowStrike::SignatureStore::BloomFilter': tutars─▒z return deyimi [C:\ShadowStrike\ShadowStrike\ShadowStrike.vcxproj]
  ('/src/Shared_modules/HashStore/BloomFilter_impl.cpp' kaynak dosyas─▒ derleniyor)
      C:\ShadowStrike\ShadowStrike\src\Shared_modules\HashStore\BloomFilter_impl.cpp(32,22):
      'ShadowStrike::SignatureStore::BloomFilter' bildirimine bak─▒n
  
C:\ShadowStrike\ShadowStrike\src\Shared_modules\HashStore\BloomFilter_impl.cpp(157,14): error C2653: 'BloomFilter': bir s─▒n─▒f veya ad alan─▒ ad─▒ de─şil [C:\ShadowStrike\ShadowStrike\ShadowStrike.vcxproj]
  ('/src/Shared_modules/HashStore/BloomFilter_impl.cpp' kaynak dosyas─▒ derleniyor)
  
C:\ShadowStrike\ShadowStrike\src\Shared_modules\HashStore\BloomFilter_impl.cpp(159,17): error C2065: 'm_bits': bildirimi yap─▒lmam─▒┼ş tan─▒mlay─▒c─▒ [C:\ShadowStrike\ShadowStrike\ShadowStrike.vcxproj]
  ('/src/Shared_modules/HashStore/BloomFilter_impl.cpp' kaynak dosyas─▒ derleniyor)
  
C:\ShadowStrike\ShadowStrike\src\Shared_modules\HashStore\BloomFilter_impl.cpp(159,35): error C2065: 'm_size': bildirimi yap─▒lmam─▒┼ş tan─▒mlay─▒c─▒ [C:\ShadowStrike\ShadowStrike\ShadowStrike.vcxproj]
  ('/src/Shared_modules/HashStore/BloomFilter_impl.cpp' kaynak dosyas─▒ derleniyor)
  
C:\ShadowStrike\ShadowStrike\src\Shared_modules\HashStore\BloomFilter_impl.cpp(159,50): error C2065: 'm_numHashes': bildirimi yap─▒lmam─▒┼ş tan─▒mlay─▒c─▒ [C:\ShadowStrike\ShadowStrike\ShadowStrike.vcxproj]
  ('/src/Shared_modules/HashStore/BloomFilter_impl.cpp' kaynak dosyas─▒ derleniyor)
  
C:\ShadowStrike\ShadowStrike\src\Shared_modules\HashStore\BloomFilter_impl.cpp(163,37): error C2065: 'm_bits': bildirimi yap─▒lmam─▒┼ş tan─▒mlay─▒c─▒ [C:\ShadowStrike\ShadowStrike\ShadowStrike.vcxproj]
  ('/src/Shared_modules/HashStore/BloomFilter_impl.cpp' kaynak dosyas─▒ derleniyor)
  
C:\ShadowStrike\ShadowStrike\src\Shared_modules\HashStore\BloomFilter_impl.cpp(163,26): error C2737: 'bitsSize': const nesnesinin ba┼şlat─▒lmas─▒ gerekiyor [C:\ShadowStrike\ShadowStrike\ShadowStrike.vcxproj]
  ('/src/Shared_modules/HashStore/BloomFilter_impl.cpp' kaynak dosyas─▒ derleniyor)
  
C:\ShadowStrike\ShadowStrike\src\Shared_modules\HashStore\BloomFilter_impl.cpp(164,36): error C2065: 'm_numHashes': bildirimi yap─▒lmam─▒┼ş tan─▒mlay─▒c─▒ [C:\ShadowStrike\ShadowStrike\ShadowStrike.vcxproj]
  ('/src/Shared_modules/HashStore/BloomFilter_impl.cpp' kaynak dosyas─▒ derleniyor)
  
C:\ShadowStrike\ShadowStrike\src\Shared_modules\HashStore\BloomFilter_impl.cpp(165,46): error C3861: 'Hash': tan─▒mlay─▒c─▒ bulunamad─▒ [C:\ShadowStrike\ShadowStrike\ShadowStrike.vcxproj]
  ('/src/Shared_modules/HashStore/BloomFilter_impl.cpp' kaynak dosyas─▒ derleniyor)
  
C:\ShadowStrike\ShadowStrike\src\Shared_modules\HashStore\BloomFilter_impl.cpp(167,44): error C2065: 'm_size': bildirimi yap─▒lmam─▒┼ş tan─▒mlay─▒c─▒ [C:\ShadowStrike\ShadowStrike\ShadowStrike.vcxproj]
  ('/src/Shared_modules/HashStore/BloomFilter_impl.cpp' kaynak dosyas─▒ derleniyor)
  
C:\ShadowStrike\ShadowStrike\src\Shared_modules\HashStore\BloomFilter_impl.cpp(167,73): error C2065: 'm_size': bildirimi yap─▒lmam─▒┼ş tan─▒mlay─▒c─▒ [C:\ShadowStrike\ShadowStrike\ShadowStrike.vcxproj]
  ('/src/Shared_modules/HashStore/BloomFilter_impl.cpp' kaynak dosyas─▒ derleniyor)
  
C:\ShadowStrike\ShadowStrike\src\Shared_modules\HashStore\BloomFilter_impl.cpp(167,32): error C2737: 'bitIndex': const nesnesinin ba┼şlat─▒lmas─▒ gerekiyor [C:\ShadowStrike\ShadowStrike\ShadowStrike.vcxproj]
  ('/src/Shared_modules/HashStore/BloomFilter_impl.cpp' kaynak dosyas─▒ derleniyor)
  
C:\ShadowStrike\ShadowStrike\src\Shared_modules\HashStore\BloomFilter_impl.cpp(182,17): error C2065: 'm_bits': bildirimi yap─▒lmam─▒┼ş tan─▒mlay─▒c─▒ [C:\ShadowStrike\ShadowStrike\ShadowStrike.vcxproj]
  ('/src/Shared_modules/HashStore/BloomFilter_impl.cpp' kaynak dosyas─▒ derleniyor)
  
C:\ShadowStrike\ShadowStrike\src\Shared_modules\HashStore\BloomFilter_impl.cpp(186,14): error C2653: 'BloomFilter': bir s─▒n─▒f veya ad alan─▒ ad─▒ de─şil [C:\ShadowStrike\ShadowStrike\ShadowStrike.vcxproj]
  ('/src/Shared_modules/HashStore/BloomFilter_impl.cpp' kaynak dosyas─▒ derleniyor)
  
C:\ShadowStrike\ShadowStrike\src\Shared_modules\HashStore\BloomFilter_impl.cpp(186,27): error C2270: 'MightContain': ├╝ye olmayan i┼şlevlerde de─şi┼ştiricilere izin verilmez [C:\ShadowStrike\ShadowStrike\ShadowStrike.vcxproj]
  ('/src/Shared_modules/HashStore/BloomFilter_impl.cpp' kaynak dosyas─▒ derleniyor)
  
C:\ShadowStrike\ShadowStrike\src\Shared_modules\HashStore\BloomFilter_impl.cpp(188,17): error C2065: 'm_bits': bildirimi yap─▒lmam─▒┼ş tan─▒mlay─▒c─▒ [C:\ShadowStrike\ShadowStrike\ShadowStrike.vcxproj]
  ('/src/Shared_modules/HashStore/BloomFilter_impl.cpp' kaynak dosyas─▒ derleniyor)
  
C:\ShadowStrike\ShadowStrike\src\Shared_modules\HashStore\BloomFilter_impl.cpp(188,35): error C2065: 'm_size': bildirimi yap─▒lmam─▒┼ş tan─▒mlay─▒c─▒ [C:\ShadowStrike\ShadowStrike\ShadowStrike.vcxproj]
  ('/src/Shared_modules/HashStore/BloomFilter_impl.cpp' kaynak dosyas─▒ derleniyor)
  
C:\ShadowStrike\ShadowStrike\src\Shared_modules\HashStore\BloomFilter_impl.cpp(188,50): error C2065: 'm_numHashes': bildirimi yap─▒lmam─▒┼ş tan─▒mlay─▒c─▒ [C:\ShadowStrike\ShadowStrike\ShadowStrike.vcxproj]
  ('/src/Shared_modules/HashStore/BloomFilter_impl.cpp' kaynak dosyas─▒ derleniyor)
  
C:\ShadowStrike\ShadowStrike\src\Shared_modules\HashStore\BloomFilter_impl.cpp(192,37): error C2065: 'm_bits': bildirimi yap─▒lmam─▒┼ş tan─▒mlay─▒c─▒ [C:\ShadowStrike\ShadowStrike\ShadowStrike.vcxproj]
  ('/src/Shared_modules/HashStore/BloomFilter_impl.cpp' kaynak dosyas─▒ derleniyor)
  
C:\ShadowStrike\ShadowStrike\src\Shared_modules\HashStore\BloomFilter_impl.cpp(192,26): error C2737: 'bitsSize': const nesnesinin ba┼şlat─▒lmas─▒ gerekiyor [C:\ShadowStrike\ShadowStrike\ShadowStrike.vcxproj]
  ('/src/Shared_modules/HashStore/BloomFilter_impl.cpp' kaynak dosyas─▒ derleniyor)
  
C:\ShadowStrike\ShadowStrike\src\Shared_modules\HashStore\BloomFilter_impl.cpp(193,36): error C2065: 'm_numHashes': bildirimi yap─▒lmam─▒┼ş tan─▒mlay─▒c─▒ [C:\ShadowStrike\ShadowStrike\ShadowStrike.vcxproj]
  ('/src/Shared_modules/HashStore/BloomFilter_impl.cpp' kaynak dosyas─▒ derleniyor)
  
C:\ShadowStrike\ShadowStrike\src\Shared_modules\HashStore\BloomFilter_impl.cpp(194,46): error C3861: 'Hash': tan─▒mlay─▒c─▒ bulunamad─▒ [C:\ShadowStrike\ShadowStrike\ShadowStrike.vcxproj]
  ('/src/Shared_modules/HashStore/BloomFilter_impl.cpp' kaynak dosyas─▒ derleniyor)
  
C:\ShadowStrike\ShadowStrike\src\Shared_modules\HashStore\BloomFilter_impl.cpp(196,44): error C2065: 'm_size': bildirimi yap─▒lmam─▒┼ş tan─▒mlay─▒c─▒ [C:\ShadowStrike\ShadowStrike\ShadowStrike.vcxproj]
  ('/src/Shared_modules/HashStore/BloomFilter_impl.cpp' kaynak dosyas─▒ derleniyor)
  
C:\ShadowStrike\ShadowStrike\src\Shared_modules\HashStore\BloomFilter_impl.cpp(196,73): error C2065: 'm_size': bildirimi yap─▒lmam─▒┼ş tan─▒mlay─▒c─▒ [C:\ShadowStrike\ShadowStrike\ShadowStrike.vcxproj]
  ('/src/Shared_modules/HashStore/BloomFilter_impl.cpp' kaynak dosyas─▒ derleniyor)
  
C:\ShadowStrike\ShadowStrike\src\Shared_modules\HashStore\BloomFilter_impl.cpp(196,32): error C2737: 'bitIndex': const nesnesinin ba┼şlat─▒lmas─▒ gerekiyor [C:\ShadowStrike\ShadowStrike\ShadowStrike.vcxproj]
  ('/src/Shared_modules/HashStore/BloomFilter_impl.cpp' kaynak dosyas─▒ derleniyor)
  
C:\ShadowStrike\ShadowStrike\src\Shared_modules\HashStore\BloomFilter_impl.cpp(209,39): error C2065: 'm_bits': bildirimi yap─▒lmam─▒┼ş tan─▒mlay─▒c─▒ [C:\ShadowStrike\ShadowStrike\ShadowStrike.vcxproj]
  ('/src/Shared_modules/HashStore/BloomFilter_impl.cpp' kaynak dosyas─▒ derleniyor)
  
C:\ShadowStrike\ShadowStrike\src\Shared_modules\HashStore\BloomFilter_impl.cpp(209,32): error C2737: 'word': const nesnesinin ba┼şlat─▒lmas─▒ gerekiyor [C:\ShadowStrike\ShadowStrike\ShadowStrike.vcxproj]
  ('/src/Shared_modules/HashStore/BloomFilter_impl.cpp' kaynak dosyas─▒ derleniyor)
  
C:\ShadowStrike\ShadowStrike\src\Shared_modules\HashStore\BloomFilter_impl.cpp(217,14): error C2653: 'BloomFilter': bir s─▒n─▒f veya ad alan─▒ ad─▒ de─şil [C:\ShadowStrike\ShadowStrike\ShadowStrike.vcxproj]
  ('/src/Shared_modules/HashStore/BloomFilter_impl.cpp' kaynak dosyas─▒ derleniyor)
  
C:\ShadowStrike\ShadowStrike\src\Shared_modules\HashStore\BloomFilter_impl.cpp(218,28): error C2065: 'm_bits': bildirimi yap─▒lmam─▒┼ş tan─▒mlay─▒c─▒ [C:\ShadowStrike\ShadowStrike\ShadowStrike.vcxproj]
  ('/src/Shared_modules/HashStore/BloomFilter_impl.cpp' kaynak dosyas─▒ derleniyor)
  
C:\ShadowStrike\ShadowStrike\src\Shared_modules\HashStore\BloomFilter_impl.cpp(218,24): error C2530: 'w': ba┼şvurular─▒n ba┼şlat─▒lmas─▒ gerekir [C:\ShadowStrike\ShadowStrike\ShadowStrike.vcxproj]
  ('/src/Shared_modules/HashStore/BloomFilter_impl.cpp' kaynak dosyas─▒ derleniyor)
  
C:\ShadowStrike\ShadowStrike\src\Shared_modules\HashStore\BloomFilter_impl.cpp(218,24): error C3531: 'w': t├╝r├╝ 'auto' i├ğeren bir simgenin bir ba┼şlat─▒c─▒s─▒ olmal─▒d─▒r [C:\ShadowStrike\ShadowStrike\ShadowStrike.vcxproj]
  ('/src/Shared_modules/HashStore/BloomFilter_impl.cpp' kaynak dosyas─▒ derleniyor)
  
C:\ShadowStrike\ShadowStrike\src\Shared_modules\HashStore\BloomFilter_impl.cpp(218,26): error C2143: s├Âzdizimi hatas─▒: ';' eksik (':' ├Âncesinde) [C:\ShadowStrike\ShadowStrike\ShadowStrike.vcxproj]
  ('/src/Shared_modules/HashStore/BloomFilter_impl.cpp' kaynak dosyas─▒ derleniyor)
  
C:\ShadowStrike\ShadowStrike\src\Shared_modules\HashStore\BloomFilter_impl.cpp(218,34): error C2143: s├Âzdizimi hatas─▒: ';' eksik (')' ├Âncesinde) [C:\ShadowStrike\ShadowStrike\ShadowStrike.vcxproj]
  ('/src/Shared_modules/HashStore/BloomFilter_impl.cpp' kaynak dosyas─▒ derleniyor)
  
C:\ShadowStrike\ShadowStrike\src\Shared_modules\HashStore\BloomFilter_impl.cpp(223,16): error C2653: 'BloomFilter': bir s─▒n─▒f veya ad alan─▒ ad─▒ de─şil [C:\ShadowStrike\ShadowStrike\ShadowStrike.vcxproj]
  ('/src/Shared_modules/HashStore/BloomFilter_impl.cpp' kaynak dosyas─▒ derleniyor)
  
C:\ShadowStrike\ShadowStrike\src\Shared_modules\HashStore\BloomFilter_impl.cpp(223,29): error C2270: 'EstimatedFillRate': ├╝ye olmayan i┼şlevlerde de─şi┼ştiricilere izin verilmez [C:\ShadowStrike\ShadowStrike\ShadowStrike.vcxproj]
  ('/src/Shared_modules/HashStore/BloomFilter_impl.cpp' kaynak dosyas─▒ derleniyor)
  
C:\ShadowStrike\ShadowStrike\src\Shared_modules\HashStore\BloomFilter_impl.cpp(224,17): error C2065: 'm_bits': bildirimi yap─▒lmam─▒┼ş tan─▒mlay─▒c─▒ [C:\ShadowStrike\ShadowStrike\ShadowStrike.vcxproj]
  ('/src/Shared_modules/HashStore/BloomFilter_impl.cpp' kaynak dosyas─▒ derleniyor)
  
C:\ShadowStrike\ShadowStrike\src\Shared_modules\HashStore\BloomFilter_impl.cpp(224,35): error C2065: 'm_size': bildirimi yap─▒lmam─▒┼ş tan─▒mlay─▒c─▒ [C:\ShadowStrike\ShadowStrike\ShadowStrike.vcxproj]
  ('/src/Shared_modules/HashStore/BloomFilter_impl.cpp' kaynak dosyas─▒ derleniyor)
  
C:\ShadowStrike\ShadowStrike\src\Shared_modules\HashStore\BloomFilter_impl.cpp(229,37): error C2065: 'm_bits': bildirimi yap─▒lmam─▒┼ş tan─▒mlay─▒c─▒ [C:\ShadowStrike\ShadowStrike\ShadowStrike.vcxproj]
  ('/src/Shared_modules/HashStore/BloomFilter_impl.cpp' kaynak dosyas─▒ derleniyor)
  
C:\ShadowStrike\ShadowStrike\src\Shared_modules\HashStore\BloomFilter_impl.cpp(229,26): error C2737: 'bitsSize': const nesnesinin ba┼şlat─▒lmas─▒ gerekiyor [C:\ShadowStrike\ShadowStrike\ShadowStrike.vcxproj]
  ('/src/Shared_modules/HashStore/BloomFilter_impl.cpp' kaynak dosyas─▒ derleniyor)
  
C:\ShadowStrike\ShadowStrike\src\Shared_modules\HashStore\BloomFilter_impl.cpp(231,39): error C2065: 'm_bits': bildirimi yap─▒lmam─▒┼ş tan─▒mlay─▒c─▒ [C:\ShadowStrike\ShadowStrike\ShadowStrike.vcxproj]
  ('/src/Shared_modules/HashStore/BloomFilter_impl.cpp' kaynak dosyas─▒ derleniyor)
  
C:\ShadowStrike\ShadowStrike\src\Shared_modules\HashStore\BloomFilter_impl.cpp(231,32): error C2737: 'word': const nesnesinin ba┼şlat─▒lmas─▒ gerekiyor [C:\ShadowStrike\ShadowStrike\ShadowStrike.vcxproj]
  ('/src/Shared_modules/HashStore/BloomFilter_impl.cpp' kaynak dosyas─▒ derleniyor)
  
C:\ShadowStrike\ShadowStrike\src\Shared_modules\HashStore\BloomFilter_impl.cpp(242,71): error C2065: 'm_size': bildirimi yap─▒lmam─▒┼ş tan─▒mlay─▒c─▒ [C:\ShadowStrike\ShadowStrike\ShadowStrike.vcxproj]
  ('/src/Shared_modules/HashStore/BloomFilter_impl.cpp' kaynak dosyas─▒ derleniyor)
  
C:\ShadowStrike\ShadowStrike\src\Shared_modules\HashStore\BloomFilter_impl.cpp(245,18): error C2653: 'BloomFilter': bir s─▒n─▒f veya ad alan─▒ ad─▒ de─şil [C:\ShadowStrike\ShadowStrike\ShadowStrike.vcxproj]
  ('/src/Shared_modules/HashStore/BloomFilter_impl.cpp' kaynak dosyas─▒ derleniyor)
  
C:\ShadowStrike\ShadowStrike\src\Shared_modules\HashStore\BloomFilter_impl.cpp(245,31): error C2270: 'Hash': ├╝ye olmayan i┼şlevlerde de─şi┼ştiricilere izin verilmez [C:\ShadowStrike\ShadowStrike\ShadowStrike.vcxproj]
  ('/src/Shared_modules/HashStore/BloomFilter_impl.cpp' kaynak dosyas─▒ derleniyor)
  
C:\ShadowStrike\ShadowStrike\src\Shared_modules\Exploits\StackPivotDetector.cpp(874,36): error C2039: 'Critical': bir 'ShadowStrike::Utils::Logger' ├╝yesi de─şil [C:\ShadowStrike\ShadowStrike\ShadowStrike.vcxproj]
  ('/src/Shared_modules/Exploits/StackPivotDetector.cpp' kaynak dosyas─▒ derleniyor)
      C:\ShadowStrike\ShadowStrike\src\Shared_modules\Utils\Logger.hpp(159,9):
      'ShadowStrike::Utils::Logger' bildirimine bak─▒n
  
C:\ShadowStrike\ShadowStrike\src\Shared_modules\Exploits\StackPivotDetector.cpp(874,36): error C3861: 'Critical': tan─▒mlay─▒c─▒ bulunamad─▒ [C:\ShadowStrike\ShadowStrike\ShadowStrike.vcxproj]
  ('/src/Shared_modules/Exploits/StackPivotDetector.cpp' kaynak dosyas─▒ derleniyor)
  
C:\ShadowStrike\ShadowStrike\src\Shared_modules\Core\Registry\PersistenceDetector.cpp(195,41): error C2664: 'void ShadowStrike::Utils::StringUtils::Trim(std::wstring &) noexcept' : 1 ba─ş─▒ms─▒z de─şi┼şkeni 'const std::wstring' de─şerinden 'std::wstring &' de─şerine d├Ân├╝┼şt├╝r├╝lemez [C:\ShadowStrike\ShadowStrike\ShadowStrike.vcxproj]
  ('/src/Shared_modules/Core/Registry/PersistenceDetector.cpp' kaynak dosyas─▒ derleniyor)
      C:\ShadowStrike\ShadowStrike\src\Shared_modules\Core\Registry\PersistenceDetector.cpp(195,46):
      D├Ân├╝┼şt├╝rme niteleyicileri kaybediyor
      C:\ShadowStrike\ShadowStrike\src\Shared_modules\Utils\StringUtils.hpp(134,18):
      'ShadowStrike::Utils::StringUtils::Trim' bildirimine bak─▒n
      C:\ShadowStrike\ShadowStrike\src\Shared_modules\Core\Registry\PersistenceDetector.cpp(195,41):
      '(const std::wstring)' ba─ş─▒ms─▒z de─şi┼şken listesi e┼şlenmeye ├ğal─▒┼ş─▒l─▒rken
  
C:\ShadowStrike\ShadowStrike\src\Shared_modules\Core\Registry\PersistenceDetector.cpp(195,26): error C2440: 'ba┼şlat─▒l─▒yor': 'void' - 'std::basic_string<wchar_t,std::char_traits<wchar_t>,std::allocator<wchar_t>>' d├Ân├╝┼ş├╝m├╝ yap─▒lam─▒yor [C:\ShadowStrike\ShadowStrike\ShadowStrike.vcxproj]
  ('/src/Shared_modules/Core/Registry/PersistenceDetector.cpp' kaynak dosyas─▒ derleniyor)
      C:\ShadowStrike\ShadowStrike\src\Shared_modules\Core\Registry\PersistenceDetector.cpp(195,26):
      Ge├ğersiz t├╝rde ifadeler di─şer t├╝rlere d├Ân├╝┼şt├╝r├╝lemez
  
C:\ShadowStrike\ShadowStrike\src\Shared_modules\Core\Registry\PersistenceDetector.cpp(218,43): error C2039: 'ToLowerCase': bir 'ShadowStrike::Utils::StringUtils' ├╝yesi de─şil [C:\ShadowStrike\ShadowStrike\ShadowStrike.vcxproj]
  ('/src/Shared_modules/Core/Registry/PersistenceDetector.cpp' kaynak dosyas─▒ derleniyor)
      C:\ShadowStrike\ShadowStrike\src\Shared_modules\Utils\StringUtils.hpp(63,19):
      'ShadowStrike::Utils::StringUtils' bildirimine bak─▒n
  
C:\ShadowStrike\ShadowStrike\src\Shared_modules\Core\Registry\StartupAnalyzer.cpp(951,32): error C2665: 'ShadowStrike::Utils::Logger::Warn': hi├ğbir a┼ş─▒r─▒ y├╝klenmi┼ş i┼şlev t├╝m arg├╝man t├╝rlerini d├Ân├╝┼şt├╝remez [C:\ShadowStrike\ShadowStrike\ShadowStrike.vcxproj]
  ('/src/Shared_modules/Core/Registry/StartupAnalyzer.cpp' kaynak dosyas─▒ derleniyor)
      C:\ShadowStrike\ShadowStrike\src\Shared_modules\Utils\Logger.hpp(278,16):
      'void ShadowStrike::Utils::Logger::Warn<std::wstring&>(std::basic_format_string<char,std::wstring &>,std::wstring &)' olabilirdi
          C:\ShadowStrike\ShadowStrike\src\Shared_modules\Core\Registry\StartupAnalyzer.cpp(951,32):
          'void ShadowStrike::Utils::Logger::Warn<std::wstring&>(std::basic_format_string<char,std::wstring &>,std::wstring &)' : 1 ba─ş─▒ms─▒z de─şi┼şkeni 'const wchar_t [55]' de─şerinden 'std::basic_format_string<char,std::wstring &>' de─şerine d├Ân├╝┼şt├╝r├╝lemez
              C:\ShadowStrike\ShadowStrike\src\Shared_modules\Core\Registry\StartupAnalyzer.cpp(951,37):
              'std::basic_format_string<char,std::wstring &>::basic_format_string': hi├ğbir a┼ş─▒r─▒ y├╝klenmi┼ş i┼şlev t├╝m arg├╝man t├╝rlerini d├Ân├╝┼şt├╝remez
                  C:\Program Files\Microsoft Visual Studio\2022\Community\VC\Tools\MSVC\14.44.35207\include\format(2867,1):
                  'std::basic_format_string<char,std::wstring &>::basic_format_string(std::basic_format_string<char,std::wstring &> &&)' olabilirdi
                      C:\ShadowStrike\ShadowStrike\src\Shared_modules\Core\Registry\StartupAnalyzer.cpp(951,37):
                      'std::basic_format_string<char,std::wstring &>::basic_format_string(std::basic_format_string<char,std::wstring &> &&)' : 1 ba─ş─▒ms─▒z de─şi┼şkeni 'const wchar_t [55]' de─şerinden 'std::basic_format_string<char,std::wstring &> &&' de─şerine d├Ân├╝┼şt├╝r├╝lemez
                          C:\ShadowStrike\ShadowStrike\src\Shared_modules\Core\Registry\StartupAnalyzer.cpp(951,37):
                          Nedeni: 'const wchar_t [55]' de─şerinden 'std::basic_format_string<char,std::wstring &>' de─şerine d├Ân├╝┼şt├╝r├╝lemez
                          C:\ShadowStrike\ShadowStrike\src\Shared_modules\Core\Registry\StartupAnalyzer.cpp(951,37):
                          D├Ân├╝┼şt├╝rme ikinci bir kullan─▒c─▒ tan─▒ml─▒ d├Ân├╝┼şt├╝rme i┼şleci veya olu┼şturucu gerektiriyor
                  C:\Program Files\Microsoft Visual Studio\2022\Community\VC\Tools\MSVC\14.44.35207\include\format(2867,1):
                  veya       'std::basic_format_string<char,std::wstring &>::basic_format_string(const std::basic_format_string<char,std::wstring &> &)'
                      C:\ShadowStrike\ShadowStrike\src\Shared_modules\Core\Registry\StartupAnalyzer.cpp(951,37):
                      'std::basic_format_string<char,std::wstring &>::basic_format_string(const std::basic_format_string<char,std::wstring &> &)' : 1 ba─ş─▒ms─▒z de─şi┼şkeni 'const wchar_t [55]' de─şerinden 'const std::basic_format_string<char,std::wstring &> &' de─şerine d├Ân├╝┼şt├╝r├╝lemez
                          C:\ShadowStrike\ShadowStrike\src\Shared_modules\Core\Registry\StartupAnalyzer.cpp(951,37):
                          Nedeni: 'const wchar_t [55]' de─şerinden 'const std::basic_format_string<char,std::wstring &>' de─şerine d├Ân├╝┼şt├╝r├╝lemez
                          C:\ShadowStrike\ShadowStrike\src\Shared_modules\Core\Registry\StartupAnalyzer.cpp(951,37):
                          D├Ân├╝┼şt├╝rme ikinci bir kullan─▒c─▒ tan─▒ml─▒ d├Ân├╝┼şt├╝rme i┼şleci veya olu┼şturucu gerektiriyor
                  C:\Program Files\Microsoft Visual Studio\2022\Community\VC\Tools\MSVC\14.44.35207\include\format(2850,5):
                  veya       'std::basic_format_string<char,std::wstring &>::basic_format_string(const _Ty &)'
                  C:\ShadowStrike\ShadowStrike\src\Shared_modules\Core\Registry\StartupAnalyzer.cpp(951,37):
                  '(const wchar_t [55])' ba─ş─▒ms─▒z de─şi┼şken listesi e┼şlenmeye ├ğal─▒┼ş─▒l─▒rken
      C:\ShadowStrike\ShadowStrike\src\Shared_modules\Core\Registry\StartupAnalyzer.cpp(951,32):
      '(const wchar_t [55], std::wstring)' ba─ş─▒ms─▒z de─şi┼şken listesi e┼şlenmeye ├ğal─▒┼ş─▒l─▒rken
  
C:\ShadowStrike\ShadowStrike\src\Shared_modules\Core\Registry\PersistenceDetector.cpp(218,43): error C3861: 'ToLowerCase': tan─▒mlay─▒c─▒ bulunamad─▒ [C:\ShadowStrike\ShadowStrike\ShadowStrike.vcxproj]
  ('/src/Shared_modules/Core/Registry/PersistenceDetector.cpp' kaynak dosyas─▒ derleniyor)
  
C:\ShadowStrike\ShadowStrike\src\Shared_modules\Core\Registry\StartupAnalyzer.cpp(984,24): error C2665: 'ShadowStrike::Utils::Logger::Info': hi├ğbir a┼ş─▒r─▒ y├╝klenmi┼ş i┼şlev t├╝m arg├╝man t├╝rlerini d├Ân├╝┼şt├╝remez [C:\ShadowStrike\ShadowStrike\ShadowStrike.vcxproj]
  ('/src/Shared_modules/Core/Registry/StartupAnalyzer.cpp' kaynak dosyas─▒ derleniyor)
      C:\ShadowStrike\ShadowStrike\src\Shared_modules\Utils\Logger.hpp(282,16):
      'void ShadowStrike::Utils::Logger::Info<unsigned __int64,uint32_t&,uint32_t&,uint32_t&>(std::basic_format_string<char,unsigned __int64,uint32_t &,uint32_t &,uint32_t &>,unsigned __int64 &&,uint32_t &,uint32_t &,uint32_t &)' olabilirdi
          C:\ShadowStrike\ShadowStrike\src\Shared_modules\Core\Registry\StartupAnalyzer.cpp(984,24):
          'void ShadowStrike::Utils::Logger::Info<unsigned __int64,uint32_t&,uint32_t&,uint32_t&>(std::basic_format_string<char,unsigned __int64,uint32_t &,uint32_t &,uint32_t &>,unsigned __int64 &&,uint32_t &,uint32_t &,uint32_t &)' : 1 ba─ş─▒ms─▒z de─şi┼şkeni 'const wchar_t [84]' de─şerinden 'std::basic_format_string<char,unsigned __int64,uint32_t &,uint32_t &,uint32_t &>' de─şerine d├Ân├╝┼şt├╝r├╝lemez
              C:\ShadowStrike\ShadowStrike\src\Shared_modules\Core\Registry\StartupAnalyzer.cpp(984,29):
              'std::basic_format_string<char,unsigned __int64,uint32_t &,uint32_t &,uint32_t &>::basic_format_string': hi├ğbir a┼ş─▒r─▒ y├╝klenmi┼ş i┼şlev t├╝m arg├╝man t├╝rlerini d├Ân├╝┼şt├╝remez
                  C:\Program Files\Microsoft Visual Studio\2022\Community\VC\Tools\MSVC\14.44.35207\include\format(2867,1):
                  'std::basic_format_string<char,unsigned __int64,uint32_t &,uint32_t &,uint32_t &>::basic_format_string(std::basic_format_string<char,unsigned __int64,uint32_t &,uint32_t &,uint32_t &> &&)' olabilirdi
                      C:\ShadowStrike\ShadowStrike\src\Shared_modules\Core\Registry\StartupAnalyzer.cpp(984,29):
                      'std::basic_format_string<char,unsigned __int64,uint32_t &,uint32_t &,uint32_t &>::basic_format_string(std::basic_format_string<char,unsigned __int64,uint32_t &,uint32_t &,uint32_t &> &&)' : 1 ba─ş─▒ms─▒z de─şi┼şkeni 'const wchar_t [84]' de─şerinden 'std::basic_format_string<char,unsigned __int64,uint32_t &,uint32_t &,uint32_t &> &&' de─şerine d├Ân├╝┼şt├╝r├╝lemez
                          C:\ShadowStrike\ShadowStrike\src\Shared_modules\Core\Registry\StartupAnalyzer.cpp(984,29):
                          Nedeni: 'const wchar_t [84]' de─şerinden 'std::basic_format_string<char,unsigned __int64,uint32_t &,uint32_t &,uint32_t &>' de─şerine d├Ân├╝┼şt├╝r├╝lemez
                          C:\ShadowStrike\ShadowStrike\src\Shared_modules\Core\Registry\StartupAnalyzer.cpp(984,29):
                          D├Ân├╝┼şt├╝rme ikinci bir kullan─▒c─▒ tan─▒ml─▒ d├Ân├╝┼şt├╝rme i┼şleci veya olu┼şturucu gerektiriyor
                  C:\Program Files\Microsoft Visual Studio\2022\Community\VC\Tools\MSVC\14.44.35207\include\format(2867,1):
                  veya       'std::basic_format_string<char,unsigned __int64,uint32_t &,uint32_t &,uint32_t &>::basic_format_string(const std::basic_format_string<char,unsigned __int64,uint32_t &,uint32_t &,uint32_t &> &)'
                      C:\ShadowStrike\ShadowStrike\src\Shared_modules\Core\Registry\StartupAnalyzer.cpp(984,29):
                      'std::basic_format_string<char,unsigned __int64,uint32_t &,uint32_t &,uint32_t &>::basic_format_string(const std::basic_format_string<char,unsigned __int64,uint32_t &,uint32_t &,uint32_t &> &)' : 1 ba─ş─▒ms─▒z de─şi┼şkeni 'const wchar_t [84]' de─şerinden 'const std::basic_format_string<char,unsigned __int64,uint32_t &,uint32_t &,uint32_t &> &' de─şerine d├Ân├╝┼şt├╝r├╝lemez
                          C:\ShadowStrike\ShadowStrike\src\Shared_modules\Core\Registry\StartupAnalyzer.cpp(984,29):
                          Nedeni: 'const wchar_t [84]' de─şerinden 'const std::basic_format_string<char,unsigned __int64,uint32_t &,uint32_t &,uint32_t &>' de─şerine d├Ân├╝┼şt├╝r├╝lemez
                          C:\ShadowStrike\ShadowStrike\src\Shared_modules\Core\Registry\StartupAnalyzer.cpp(984,29):
                          D├Ân├╝┼şt├╝rme ikinci bir kullan─▒c─▒ tan─▒ml─▒ d├Ân├╝┼şt├╝rme i┼şleci veya olu┼şturucu gerektiriyor
                  C:\Program Files\Microsoft Visual Studio\2022\Community\VC\Tools\MSVC\14.44.35207\include\format(2850,5):
                  veya       'std::basic_format_string<char,unsigned __int64,uint32_t &,uint32_t &,uint32_t &>::basic_format_string(const _Ty &)'
                  C:\ShadowStrike\ShadowStrike\src\Shared_modules\Core\Registry\StartupAnalyzer.cpp(984,29):
                  '(const wchar_t [84])' ba─ş─▒ms─▒z de─şi┼şken listesi e┼şlenmeye ├ğal─▒┼ş─▒l─▒rken
      C:\ShadowStrike\ShadowStrike\src\Shared_modules\Core\Registry\StartupAnalyzer.cpp(984,24):
      '(const wchar_t [84], unsigned __int64, uint32_t, uint32_t, uint32_t)' ba─ş─▒ms─▒z de─şi┼şken listesi e┼şlenmeye ├ğal─▒┼ş─▒l─▒rken
  
C:\ShadowStrike\ShadowStrike\src\Shared_modules\Core\Registry\StartupAnalyzer.cpp(989,49): error C2039: 'Utf8ToWide': bir 'ShadowStrike::Utils::StringUtils' ├╝yesi de─şil [C:\ShadowStrike\ShadowStrike\ShadowStrike.vcxproj]
  ('/src/Shared_modules/Core/Registry/StartupAnalyzer.cpp' kaynak dosyas─▒ derleniyor)
      C:\ShadowStrike\ShadowStrike\src\Shared_modules\Utils\StringUtils.hpp(63,19):
      'ShadowStrike::Utils::StringUtils' bildirimine bak─▒n
  
C:\ShadowStrike\ShadowStrike\src\Shared_modules\Core\Registry\StartupAnalyzer.cpp(989,49): error C3861: 'Utf8ToWide': tan─▒mlay─▒c─▒ bulunamad─▒ [C:\ShadowStrike\ShadowStrike\ShadowStrike.vcxproj]
  ('/src/Shared_modules/Core/Registry/StartupAnalyzer.cpp' kaynak dosyas─▒ derleniyor)
  
C:\ShadowStrike\ShadowStrike\src\Shared_modules\Core\Registry\StartupAnalyzer.cpp(988,24): error C2660: 'ShadowStrike::Utils::Logger::Error': i┼şlev 2 ba─ş─▒ms─▒z de─şi┼şken alm─▒yor [C:\ShadowStrike\ShadowStrike\ShadowStrike.vcxproj]
  ('/src/Shared_modules/Core/Registry/StartupAnalyzer.cpp' kaynak dosyas─▒ derleniyor)
      C:\ShadowStrike\ShadowStrike\src\Shared_modules\Utils\Logger.hpp(263,16):
      'ShadowStrike::Utils::Logger::Error' bildirimine bak─▒n
      C:\ShadowStrike\ShadowStrike\src\Shared_modules\Utils\Logger.hpp(274,16):
      'void ShadowStrike::Utils::Logger::Error(std::basic_format_string<char,type_identity<_Args>::type...>,Args ...)' olabilirdi
          C:\ShadowStrike\ShadowStrike\src\Shared_modules\Core\Registry\StartupAnalyzer.cpp(988,24):
          'void ShadowStrike::Utils::Logger::Error(std::basic_format_string<char,type_identity<_Args>::type...>,Args ...)' i┼şlev ┼şablonu ├Âzelle┼ştirilemedi
              C:\ShadowStrike\ShadowStrike\src\Shared_modules\Core\Registry\StartupAnalyzer.cpp(988,24):
              ┼Şu ┼şablon ba─ş─▒ms─▒z de─şi┼şkenleriyle:
                  C:\ShadowStrike\ShadowStrike\src\Shared_modules\Core\Registry\StartupAnalyzer.cpp(988,24):
                  'Args={<error type>}'
      C:\ShadowStrike\ShadowStrike\src\Shared_modules\Core\Registry\StartupAnalyzer.cpp(988,24):
      '(const wchar_t [37], <error type>)' ba─ş─▒ms─▒z de─şi┼şken listesi e┼şlenmeye ├ğal─▒┼ş─▒l─▒rken
  
C:\ShadowStrike\ShadowStrike\src\Shared_modules\Core\Registry\StartupAnalyzer.cpp(1023,24): error C2665: 'ShadowStrike::Utils::Logger::Info': hi├ğbir a┼ş─▒r─▒ y├╝klenmi┼ş i┼şlev t├╝m arg├╝man t├╝rlerini d├Ân├╝┼şt├╝remez [C:\ShadowStrike\ShadowStrike\ShadowStrike.vcxproj]
  ('/src/Shared_modules/Core/Registry/StartupAnalyzer.cpp' kaynak dosyas─▒ derleniyor)
      C:\ShadowStrike\ShadowStrike\src\Shared_modules\Utils\Logger.hpp(282,16):
      'void ShadowStrike::Utils::Logger::Info<const std::wstring&>(std::basic_format_string<char,const std::wstring &>,const std::wstring &)' olabilirdi
          C:\ShadowStrike\ShadowStrike\src\Shared_modules\Core\Registry\StartupAnalyzer.cpp(1023,24):
          'void ShadowStrike::Utils::Logger::Info<const std::wstring&>(std::basic_format_string<char,const std::wstring &>,const std::wstring &)' : 1 ba─ş─▒ms─▒z de─şi┼şkeni 'const wchar_t [36]' de─şerinden 'std::basic_format_string<char,const std::wstring &>' de─şerine d├Ân├╝┼şt├╝r├╝lemez
              C:\ShadowStrike\ShadowStrike\src\Shared_modules\Core\Registry\StartupAnalyzer.cpp(1023,29):
              'std::basic_format_string<char,const std::wstring &>::basic_format_string': hi├ğbir a┼ş─▒r─▒ y├╝klenmi┼ş i┼şlev t├╝m arg├╝man t├╝rlerini d├Ân├╝┼şt├╝remez
                  C:\Program Files\Microsoft Visual Studio\2022\Community\VC\Tools\MSVC\14.44.35207\include\format(2867,1):
                  'std::basic_format_string<char,const std::wstring &>::basic_format_string(std::basic_format_string<char,const std::wstring &> &&)' olabilirdi
                      C:\ShadowStrike\ShadowStrike\src\Shared_modules\Core\Registry\StartupAnalyzer.cpp(1023,29):
                      'std::basic_format_string<char,const std::wstring &>::basic_format_string(std::basic_format_string<char,const std::wstring &> &&)' : 1 ba─ş─▒ms─▒z de─şi┼şkeni 'const wchar_t [36]' de─şerinden 'std::basic_format_string<char,const std::wstring &> &&' de─şerine d├Ân├╝┼şt├╝r├╝lemez
                          C:\ShadowStrike\ShadowStrike\src\Shared_modules\Core\Registry\StartupAnalyzer.cpp(1023,29):
                          Nedeni: 'const wchar_t [36]' de─şerinden 'std::basic_format_string<char,const std::wstring &>' de─şerine d├Ân├╝┼şt├╝r├╝lemez
                          C:\ShadowStrike\ShadowStrike\src\Shared_modules\Core\Registry\StartupAnalyzer.cpp(1023,29):
                          D├Ân├╝┼şt├╝rme ikinci bir kullan─▒c─▒ tan─▒ml─▒ d├Ân├╝┼şt├╝rme i┼şleci veya olu┼şturucu gerektiriyor
                  C:\Program Files\Microsoft Visual Studio\2022\Community\VC\Tools\MSVC\14.44.35207\include\format(2867,1):
                  veya       'std::basic_format_string<char,const std::wstring &>::basic_format_string(const std::basic_format_string<char,const std::wstring &> &)'
                      C:\ShadowStrike\ShadowStrike\src\Shared_modules\Core\Registry\StartupAnalyzer.cpp(1023,29):
                      'std::basic_format_string<char,const std::wstring &>::basic_format_string(const std::basic_format_string<char,const std::wstring &> &)' : 1 ba─ş─▒ms─▒z de─şi┼şkeni 'const wchar_t [36]' de─şerinden 'const std::basic_format_string<char,const std::wstring &> &' de─şerine d├Ân├╝┼şt├╝r├╝lemez
                          C:\ShadowStrike\ShadowStrike\src\Shared_modules\Core\Registry\StartupAnalyzer.cpp(1023,29):
                          Nedeni: 'const wchar_t [36]' de─şerinden 'const std::basic_format_string<char,const std::wstring &>' de─şerine d├Ân├╝┼şt├╝r├╝lemez
                          C:\ShadowStrike\ShadowStrike\src\Shared_modules\Core\Registry\StartupAnalyzer.cpp(1023,29):
                          D├Ân├╝┼şt├╝rme ikinci bir kullan─▒c─▒ tan─▒ml─▒ d├Ân├╝┼şt├╝rme i┼şleci veya olu┼şturucu gerektiriyor
                  C:\Program Files\Microsoft Visual Studio\2022\Community\VC\Tools\MSVC\14.44.35207\include\format(2850,5):
                  veya       'std::basic_format_string<char,const std::wstring &>::basic_format_string(const _Ty &)'
                  C:\ShadowStrike\ShadowStrike\src\Shared_modules\Core\Registry\StartupAnalyzer.cpp(1023,29):
                  '(const wchar_t [36])' ba─ş─▒ms─▒z de─şi┼şken listesi e┼şlenmeye ├ğal─▒┼ş─▒l─▒rken
      C:\ShadowStrike\ShadowStrike\src\Shared_modules\Core\Registry\StartupAnalyzer.cpp(1023,24):
      '(const wchar_t [36], const std::wstring)' ba─ş─▒ms─▒z de─şi┼şken listesi e┼şlenmeye ├ğal─▒┼ş─▒l─▒rken
  
C:\ShadowStrike\ShadowStrike\src\Shared_modules\Core\Registry\PersistenceDetector.cpp(425,28): error C2039: 'Impl': bir 'ShadowStrike::Core::Registry::PersistenceDetector' ├╝yesi de─şil [C:\ShadowStrike\ShadowStrike\ShadowStrike.vcxproj]
  ('/src/Shared_modules/Core/Registry/PersistenceDetector.cpp' kaynak dosyas─▒ derleniyor)
      C:\ShadowStrike\ShadowStrike\src\Shared_modules\Core\Registry\PersistenceDetector.hpp(767,7):
      'ShadowStrike::Core::Registry::PersistenceDetector' bildirimine bak─▒n
  
C:\ShadowStrike\ShadowStrike\src\Shared_modules\Core\Registry\StartupAnalyzer.cpp(1028,55): error C2039: 'Utf8ToWide': bir 'ShadowStrike::Utils::StringUtils' ├╝yesi de─şil [C:\ShadowStrike\ShadowStrike\ShadowStrike.vcxproj]
  ('/src/Shared_modules/Core/Registry/StartupAnalyzer.cpp' kaynak dosyas─▒ derleniyor)
      C:\ShadowStrike\ShadowStrike\src\Shared_modules\Utils\StringUtils.hpp(63,19):
      'ShadowStrike::Utils::StringUtils' bildirimine bak─▒n
  
C:\ShadowStrike\ShadowStrike\src\Shared_modules\Core\Registry\StartupAnalyzer.cpp(1028,55): error C3861: 'Utf8ToWide': tan─▒mlay─▒c─▒ bulunamad─▒ [C:\ShadowStrike\ShadowStrike\ShadowStrike.vcxproj]
  ('/src/Shared_modules/Core/Registry/StartupAnalyzer.cpp' kaynak dosyas─▒ derleniyor)
  
C:\ShadowStrike\ShadowStrike\src\Shared_modules\Core\Registry\StartupAnalyzer.cpp(1027,24): error C2660: 'ShadowStrike::Utils::Logger::Error': i┼şlev 3 ba─ş─▒ms─▒z de─şi┼şken alm─▒yor [C:\ShadowStrike\ShadowStrike\ShadowStrike.vcxproj]
  ('/src/Shared_modules/Core/Registry/StartupAnalyzer.cpp' kaynak dosyas─▒ derleniyor)
      C:\ShadowStrike\ShadowStrike\src\Shared_modules\Utils\Logger.hpp(263,16):
      'ShadowStrike::Utils::Logger::Error' bildirimine bak─▒n
      C:\ShadowStrike\ShadowStrike\src\Shared_modules\Utils\Logger.hpp(274,16):
      'void ShadowStrike::Utils::Logger::Error(std::basic_format_string<char,type_identity<_Args>::type...>,Args ...)' olabilirdi
          C:\ShadowStrike\ShadowStrike\src\Shared_modules\Core\Registry\StartupAnalyzer.cpp(1027,24):
          'void ShadowStrike::Utils::Logger::Error(std::basic_format_string<char,type_identity<_Args>::type...>,Args ...)' i┼şlev ┼şablonu ├Âzelle┼ştirilemedi
              C:\ShadowStrike\ShadowStrike\src\Shared_modules\Core\Registry\StartupAnalyzer.cpp(1027,24):
              ┼Şu ┼şablon ba─ş─▒ms─▒z de─şi┼şkenleriyle:
                  C:\ShadowStrike\ShadowStrike\src\Shared_modules\Core\Registry\StartupAnalyzer.cpp(1027,24):
                  'Args={const std::wstring &, <error type>}'
      C:\ShadowStrike\ShadowStrike\src\Shared_modules\Core\Registry\StartupAnalyzer.cpp(1027,24):
      '(const wchar_t [44], const std::wstring, <error type>)' ba─ş─▒ms─▒z de─şi┼şken listesi e┼şlenmeye ├ğal─▒┼ş─▒l─▒rken
  
C:\ShadowStrike\ShadowStrike\src\Shared_modules\Core\Registry\StartupAnalyzer.cpp(1059,24): error C2665: 'ShadowStrike::Utils::Logger::Info': hi├ğbir a┼ş─▒r─▒ y├╝klenmi┼ş i┼şlev t├╝m arg├╝man t├╝rlerini d├Ân├╝┼şt├╝remez [C:\ShadowStrike\ShadowStrike\ShadowStrike.vcxproj]
  ('/src/Shared_modules/Core/Registry/StartupAnalyzer.cpp' kaynak dosyas─▒ derleniyor)
      C:\ShadowStrike\ShadowStrike\src\Shared_modules\Utils\Logger.hpp(282,16):
      'void ShadowStrike::Utils::Logger::Info<const std::wstring&>(std::basic_format_string<char,const std::wstring &>,const std::wstring &)' olabilirdi
          C:\ShadowStrike\ShadowStrike\src\Shared_modules\Core\Registry\StartupAnalyzer.cpp(1059,24):
          'void ShadowStrike::Utils::Logger::Info<const std::wstring&>(std::basic_format_string<char,const std::wstring &>,const std::wstring &)' : 1 ba─ş─▒ms─▒z de─şi┼şkeni 'const wchar_t [35]' de─şerinden 'std::basic_format_string<char,const std::wstring &>' de─şerine d├Ân├╝┼şt├╝r├╝lemez
              C:\ShadowStrike\ShadowStrike\src\Shared_modules\Core\Registry\StartupAnalyzer.cpp(1059,29):
              'std::basic_format_string<char,const std::wstring &>::basic_format_string': hi├ğbir a┼ş─▒r─▒ y├╝klenmi┼ş i┼şlev t├╝m arg├╝man t├╝rlerini d├Ân├╝┼şt├╝remez
                  C:\Program Files\Microsoft Visual Studio\2022\Community\VC\Tools\MSVC\14.44.35207\include\format(2867,1):
                  'std::basic_format_string<char,const std::wstring &>::basic_format_string(std::basic_format_string<char,const std::wstring &> &&)' olabilirdi
                      C:\ShadowStrike\ShadowStrike\src\Shared_modules\Core\Registry\StartupAnalyzer.cpp(1059,29):
                      'std::basic_format_string<char,const std::wstring &>::basic_format_string(std::basic_format_string<char,const std::wstring &> &&)' : 1 ba─ş─▒ms─▒z de─şi┼şkeni 'const wchar_t [35]' de─şerinden 'std::basic_format_string<char,const std::wstring &> &&' de─şerine d├Ân├╝┼şt├╝r├╝lemez
                          C:\ShadowStrike\ShadowStrike\src\Shared_modules\Core\Registry\StartupAnalyzer.cpp(1059,29):
                          Nedeni: 'const wchar_t [35]' de─şerinden 'std::basic_format_string<char,const std::wstring &>' de─şerine d├Ân├╝┼şt├╝r├╝lemez
                          C:\ShadowStrike\ShadowStrike\src\Shared_modules\Core\Registry\StartupAnalyzer.cpp(1059,29):
                          D├Ân├╝┼şt├╝rme ikinci bir kullan─▒c─▒ tan─▒ml─▒ d├Ân├╝┼şt├╝rme i┼şleci veya olu┼şturucu gerektiriyor
                  C:\Program Files\Microsoft Visual Studio\2022\Community\VC\Tools\MSVC\14.44.35207\include\format(2867,1):
                  veya       'std::basic_format_string<char,const std::wstring &>::basic_format_string(const std::basic_format_string<char,const std::wstring &> &)'
                      C:\ShadowStrike\ShadowStrike\src\Shared_modules\Core\Registry\StartupAnalyzer.cpp(1059,29):
                      'std::basic_format_string<char,const std::wstring &>::basic_format_string(const std::basic_format_string<char,const std::wstring &> &)' : 1 ba─ş─▒ms─▒z de─şi┼şkeni 'const wchar_t [35]' de─şerinden 'const std::basic_format_string<char,const std::wstring &> &' de─şerine d├Ân├╝┼şt├╝r├╝lemez
                          C:\ShadowStrike\ShadowStrike\src\Shared_modules\Core\Registry\StartupAnalyzer.cpp(1059,29):
                          Nedeni: 'const wchar_t [35]' de─şerinden 'const std::basic_format_string<char,const std::wstring &>' de─şerine d├Ân├╝┼şt├╝r├╝lemez
                          C:\ShadowStrike\ShadowStrike\src\Shared_modules\Core\Registry\StartupAnalyzer.cpp(1059,29):
                          D├Ân├╝┼şt├╝rme ikinci bir kullan─▒c─▒ tan─▒ml─▒ d├Ân├╝┼şt├╝rme i┼şleci veya olu┼şturucu gerektiriyor
                  C:\Program Files\Microsoft Visual Studio\2022\Community\VC\Tools\MSVC\14.44.35207\include\format(2850,5):
                  veya       'std::basic_format_string<char,const std::wstring &>::basic_format_string(const _Ty &)'
                  C:\ShadowStrike\ShadowStrike\src\Shared_modules\Core\Registry\StartupAnalyzer.cpp(1059,29):
                  '(const wchar_t [35])' ba─ş─▒ms─▒z de─şi┼şken listesi e┼şlenmeye ├ğal─▒┼ş─▒l─▒rken
      C:\ShadowStrike\ShadowStrike\src\Shared_modules\Core\Registry\StartupAnalyzer.cpp(1059,24):
      '(const wchar_t [35], const std::wstring)' ba─ş─▒ms─▒z de─şi┼şken listesi e┼şlenmeye ├ğal─▒┼ş─▒l─▒rken
  
C:\ShadowStrike\ShadowStrike\src\Shared_modules\Core\Registry\StartupAnalyzer.cpp(1064,55): error C2039: 'Utf8ToWide': bir 'ShadowStrike::Utils::StringUtils' ├╝yesi de─şil [C:\ShadowStrike\ShadowStrike\ShadowStrike.vcxproj]
  ('/src/Shared_modules/Core/Registry/StartupAnalyzer.cpp' kaynak dosyas─▒ derleniyor)
      C:\ShadowStrike\ShadowStrike\src\Shared_modules\Utils\StringUtils.hpp(63,19):
      'ShadowStrike::Utils::StringUtils' bildirimine bak─▒n
  
C:\ShadowStrike\ShadowStrike\src\Shared_modules\Core\Registry\StartupAnalyzer.cpp(1064,55): error C3861: 'Utf8ToWide': tan─▒mlay─▒c─▒ bulunamad─▒ [C:\ShadowStrike\ShadowStrike\ShadowStrike.vcxproj]
  ('/src/Shared_modules/Core/Registry/StartupAnalyzer.cpp' kaynak dosyas─▒ derleniyor)
  
C:\ShadowStrike\ShadowStrike\src\Shared_modules\Core\Registry\StartupAnalyzer.cpp(1063,24): error C2660: 'ShadowStrike::Utils::Logger::Error': i┼şlev 3 ba─ş─▒ms─▒z de─şi┼şken alm─▒yor [C:\ShadowStrike\ShadowStrike\ShadowStrike.vcxproj]
  ('/src/Shared_modules/Core/Registry/StartupAnalyzer.cpp' kaynak dosyas─▒ derleniyor)
      C:\ShadowStrike\ShadowStrike\src\Shared_modules\Utils\Logger.hpp(263,16):
      'ShadowStrike::Utils::Logger::Error' bildirimine bak─▒n
      C:\ShadowStrike\ShadowStrike\src\Shared_modules\Utils\Logger.hpp(274,16):
      'void ShadowStrike::Utils::Logger::Error(std::basic_format_string<char,type_identity<_Args>::type...>,Args ...)' olabilirdi
          C:\ShadowStrike\ShadowStrike\src\Shared_modules\Core\Registry\StartupAnalyzer.cpp(1063,24):
          'void ShadowStrike::Utils::Logger::Error(std::basic_format_string<char,type_identity<_Args>::type...>,Args ...)' i┼şlev ┼şablonu ├Âzelle┼ştirilemedi
              C:\ShadowStrike\ShadowStrike\src\Shared_modules\Core\Registry\StartupAnalyzer.cpp(1063,24):
              ┼Şu ┼şablon ba─ş─▒ms─▒z de─şi┼şkenleriyle:
                  C:\ShadowStrike\ShadowStrike\src\Shared_modules\Core\Registry\StartupAnalyzer.cpp(1063,24):
                  'Args={const std::wstring &, <error type>}'
      C:\ShadowStrike\ShadowStrike\src\Shared_modules\Core\Registry\StartupAnalyzer.cpp(1063,24):
      '(const wchar_t [43], const std::wstring, <error type>)' ba─ş─▒ms─▒z de─şi┼şken listesi e┼şlenmeye ├ğal─▒┼ş─▒l─▒rken
  
C:\ShadowStrike\ShadowStrike\src\Shared_modules\Core\Registry\StartupAnalyzer.cpp(1096,24): error C2665: 'ShadowStrike::Utils::Logger::Info': hi├ğbir a┼ş─▒r─▒ y├╝klenmi┼ş i┼şlev t├╝m arg├╝man t├╝rlerini d├Ân├╝┼şt├╝remez [C:\ShadowStrike\ShadowStrike\ShadowStrike.vcxproj]
  ('/src/Shared_modules/Core/Registry/StartupAnalyzer.cpp' kaynak dosyas─▒ derleniyor)
      C:\ShadowStrike\ShadowStrike\src\Shared_modules\Utils\Logger.hpp(282,16):
      'void ShadowStrike::Utils::Logger::Info<const std::wstring&,bool&>(std::basic_format_string<char,const std::wstring &,bool &>,const std::wstring &,bool &)' olabilirdi
          C:\ShadowStrike\ShadowStrike\src\Shared_modules\Core\Registry\StartupAnalyzer.cpp(1096,24):
          'void ShadowStrike::Utils::Logger::Info<const std::wstring&,bool&>(std::basic_format_string<char,const std::wstring &,bool &>,const std::wstring &,bool &)' : 1 ba─ş─▒ms─▒z de─şi┼şkeni 'const wchar_t [52]' de─şerinden 'std::basic_format_string<char,const std::wstring &,bool &>' de─şerine d├Ân├╝┼şt├╝r├╝lemez
              C:\ShadowStrike\ShadowStrike\src\Shared_modules\Core\Registry\StartupAnalyzer.cpp(1096,29):
              'std::basic_format_string<char,const std::wstring &,bool &>::basic_format_string': hi├ğbir a┼ş─▒r─▒ y├╝klenmi┼ş i┼şlev t├╝m arg├╝man t├╝rlerini d├Ân├╝┼şt├╝remez
                  C:\Program Files\Microsoft Visual Studio\2022\Community\VC\Tools\MSVC\14.44.35207\include\format(2867,1):
                  'std::basic_format_string<char,const std::wstring &,bool &>::basic_format_string(std::basic_format_string<char,const std::wstring &,bool &> &&)' olabilirdi
                      C:\ShadowStrike\ShadowStrike\src\Shared_modules\Core\Registry\StartupAnalyzer.cpp(1096,29):
                      'std::basic_format_string<char,const std::wstring &,bool &>::basic_format_string(std::basic_format_string<char,const std::wstring &,bool &> &&)' : 1 ba─ş─▒ms─▒z de─şi┼şkeni 'const wchar_t [52]' de─şerinden 'std::basic_format_string<char,const std::wstring &,bool &> &&' de─şerine d├Ân├╝┼şt├╝r├╝lemez
                          C:\ShadowStrike\ShadowStrike\src\Shared_modules\Core\Registry\StartupAnalyzer.cpp(1096,29):
                          Nedeni: 'const wchar_t [52]' de─şerinden 'std::basic_format_string<char,const std::wstring &,bool &>' de─şerine d├Ân├╝┼şt├╝r├╝lemez
                          C:\ShadowStrike\ShadowStrike\src\Shared_modules\Core\Registry\StartupAnalyzer.cpp(1096,29):
                          D├Ân├╝┼şt├╝rme ikinci bir kullan─▒c─▒ tan─▒ml─▒ d├Ân├╝┼şt├╝rme i┼şleci veya olu┼şturucu gerektiriyor
                  C:\Program Files\Microsoft Visual Studio\2022\Community\VC\Tools\MSVC\14.44.35207\include\format(2867,1):
                  veya       'std::basic_format_string<char,const std::wstring &,bool &>::basic_format_string(const std::basic_format_string<char,const std::wstring &,bool &> &)'
                      C:\ShadowStrike\ShadowStrike\src\Shared_modules\Core\Registry\StartupAnalyzer.cpp(1096,29):
                      'std::basic_format_string<char,const std::wstring &,bool &>::basic_format_string(const std::basic_format_string<char,const std::wstring &,bool &> &)' : 1 ba─ş─▒ms─▒z de─şi┼şkeni 'const wchar_t [52]' de─şerinden 'const std::basic_format_string<char,const std::wstring &,bool &> &' de─şerine d├Ân├╝┼şt├╝r├╝lemez
                          C:\ShadowStrike\ShadowStrike\src\Shared_modules\Core\Registry\StartupAnalyzer.cpp(1096,29):
                          Nedeni: 'const wchar_t [52]' de─şerinden 'const std::basic_format_string<char,const std::wstring &,bool &>' de─şerine d├Ân├╝┼şt├╝r├╝lemez
                          C:\ShadowStrike\ShadowStrike\src\Shared_modules\Core\Registry\StartupAnalyzer.cpp(1096,29):
                          D├Ân├╝┼şt├╝rme ikinci bir kullan─▒c─▒ tan─▒ml─▒ d├Ân├╝┼şt├╝rme i┼şleci veya olu┼şturucu gerektiriyor
                  C:\Program Files\Microsoft Visual Studio\2022\Community\VC\Tools\MSVC\14.44.35207\include\format(2850,5):
                  veya       'std::basic_format_string<char,const std::wstring &,bool &>::basic_format_string(const _Ty &)'
                  C:\ShadowStrike\ShadowStrike\src\Shared_modules\Core\Registry\StartupAnalyzer.cpp(1096,29):
                  '(const wchar_t [52])' ba─ş─▒ms─▒z de─şi┼şken listesi e┼şlenmeye ├ğal─▒┼ş─▒l─▒rken
      C:\ShadowStrike\ShadowStrike\src\Shared_modules\Core\Registry\StartupAnalyzer.cpp(1096,24):
      '(const wchar_t [52], const std::wstring, bool)' ba─ş─▒ms─▒z de─şi┼şken listesi e┼şlenmeye ├ğal─▒┼ş─▒l─▒rken
  
C:\ShadowStrike\ShadowStrike\src\Shared_modules\Core\Registry\StartupAnalyzer.cpp(1102,55): error C2039: 'Utf8ToWide': bir 'ShadowStrike::Utils::StringUtils' ├╝yesi de─şil [C:\ShadowStrike\ShadowStrike\ShadowStrike.vcxproj]
  ('/src/Shared_modules/Core/Registry/StartupAnalyzer.cpp' kaynak dosyas─▒ derleniyor)
      C:\ShadowStrike\ShadowStrike\src\Shared_modules\Utils\StringUtils.hpp(63,19):
      'ShadowStrike::Utils::StringUtils' bildirimine bak─▒n
  
C:\ShadowStrike\ShadowStrike\src\Shared_modules\Core\Registry\StartupAnalyzer.cpp(1102,55): error C3861: 'Utf8ToWide': tan─▒mlay─▒c─▒ bulunamad─▒ [C:\ShadowStrike\ShadowStrike\ShadowStrike.vcxproj]
  ('/src/Shared_modules/Core/Registry/StartupAnalyzer.cpp' kaynak dosyas─▒ derleniyor)
  
C:\ShadowStrike\ShadowStrike\src\Shared_modules\Core\Registry\StartupAnalyzer.cpp(1101,24): error C2660: 'ShadowStrike::Utils::Logger::Error': i┼şlev 3 ba─ş─▒ms─▒z de─şi┼şken alm─▒yor [C:\ShadowStrike\ShadowStrike\ShadowStrike.vcxproj]
  ('/src/Shared_modules/Core/Registry/StartupAnalyzer.cpp' kaynak dosyas─▒ derleniyor)
      C:\ShadowStrike\ShadowStrike\src\Shared_modules\Utils\Logger.hpp(263,16):
      'ShadowStrike::Utils::Logger::Error' bildirimine bak─▒n
      C:\ShadowStrike\ShadowStrike\src\Shared_modules\Utils\Logger.hpp(274,16):
      'void ShadowStrike::Utils::Logger::Error(std::basic_format_string<char,type_identity<_Args>::type...>,Args ...)' olabilirdi
          C:\ShadowStrike\ShadowStrike\src\Shared_modules\Core\Registry\StartupAnalyzer.cpp(1101,24):
          'void ShadowStrike::Utils::Logger::Error(std::basic_format_string<char,type_identity<_Args>::type...>,Args ...)' i┼şlev ┼şablonu ├Âzelle┼ştirilemedi
              C:\ShadowStrike\ShadowStrike\src\Shared_modules\Core\Registry\StartupAnalyzer.cpp(1101,24):
              ┼Şu ┼şablon ba─ş─▒ms─▒z de─şi┼şkenleriyle:
                  C:\ShadowStrike\ShadowStrike\src\Shared_modules\Core\Registry\StartupAnalyzer.cpp(1101,24):
                  'Args={const std::wstring &, <error type>}'
      C:\ShadowStrike\ShadowStrike\src\Shared_modules\Core\Registry\StartupAnalyzer.cpp(1101,24):
      '(const wchar_t [43], const std::wstring, <error type>)' ba─ş─▒ms─▒z de─şi┼şken listesi e┼şlenmeye ├ğal─▒┼ş─▒l─▒rken
  
C:\ShadowStrike\ShadowStrike\src\Shared_modules\Core\Registry\StartupAnalyzer.cpp(1132,24): error C2665: 'ShadowStrike::Utils::Logger::Info': hi├ğbir a┼ş─▒r─▒ y├╝klenmi┼ş i┼şlev t├╝m arg├╝man t├╝rlerini d├Ân├╝┼şt├╝remez [C:\ShadowStrike\ShadowStrike\ShadowStrike.vcxproj]
  ('/src/Shared_modules/Core/Registry/StartupAnalyzer.cpp' kaynak dosyas─▒ derleniyor)
      C:\ShadowStrike\ShadowStrike\src\Shared_modules\Utils\Logger.hpp(282,16):
      'void ShadowStrike::Utils::Logger::Info<const std::wstring&,uint32_t&>(std::basic_format_string<char,const std::wstring &,uint32_t &>,const std::wstring &,uint32_t &)' olabilirdi
          C:\ShadowStrike\ShadowStrike\src\Shared_modules\Core\Registry\StartupAnalyzer.cpp(1132,24):
          'void ShadowStrike::Utils::Logger::Info<const std::wstring&,uint32_t&>(std::basic_format_string<char,const std::wstring &,uint32_t &>,const std::wstring &,uint32_t &)' : 1 ba─ş─▒ms─▒z de─şi┼şkeni 'const wchar_t [48]' de─şerinden 'std::basic_format_string<char,const std::wstring &,uint32_t &>' de─şerine d├Ân├╝┼şt├╝r├╝lemez
              C:\ShadowStrike\ShadowStrike\src\Shared_modules\Core\Registry\StartupAnalyzer.cpp(1132,29):
              'std::basic_format_string<char,const std::wstring &,uint32_t &>::basic_format_string': hi├ğbir a┼ş─▒r─▒ y├╝klenmi┼ş i┼şlev t├╝m arg├╝man t├╝rlerini d├Ân├╝┼şt├╝remez
                  C:\Program Files\Microsoft Visual Studio\2022\Community\VC\Tools\MSVC\14.44.35207\include\format(2867,1):
                  'std::basic_format_string<char,const std::wstring &,uint32_t &>::basic_format_string(std::basic_format_string<char,const std::wstring &,uint32_t &> &&)' olabilirdi
                      C:\ShadowStrike\ShadowStrike\src\Shared_modules\Core\Registry\StartupAnalyzer.cpp(1132,29):
                      'std::basic_format_string<char,const std::wstring &,uint32_t &>::basic_format_string(std::basic_format_string<char,const std::wstring &,uint32_t &> &&)' : 1 ba─ş─▒ms─▒z de─şi┼şkeni 'const wchar_t [48]' de─şerinden 'std::basic_format_string<char,const std::wstring &,uint32_t &> &&' de─şerine d├Ân├╝┼şt├╝r├╝lemez
                          C:\ShadowStrike\ShadowStrike\src\Shared_modules\Core\Registry\StartupAnalyzer.cpp(1132,29):
                          Nedeni: 'const wchar_t [48]' de─şerinden 'std::basic_format_string<char,const std::wstring &,uint32_t &>' de─şerine d├Ân├╝┼şt├╝r├╝lemez
                          C:\ShadowStrike\ShadowStrike\src\Shared_modules\Core\Registry\StartupAnalyzer.cpp(1132,29):
                          D├Ân├╝┼şt├╝rme ikinci bir kullan─▒c─▒ tan─▒ml─▒ d├Ân├╝┼şt├╝rme i┼şleci veya olu┼şturucu gerektiriyor
                  C:\Program Files\Microsoft Visual Studio\2022\Community\VC\Tools\MSVC\14.44.35207\include\format(2867,1):
                  veya       'std::basic_format_string<char,const std::wstring &,uint32_t &>::basic_format_string(const std::basic_format_string<char,const std::wstring &,uint32_t &> &)'
                      C:\ShadowStrike\ShadowStrike\src\Shared_modules\Core\Registry\StartupAnalyzer.cpp(1132,29):
                      'std::basic_format_string<char,const std::wstring &,uint32_t &>::basic_format_string(const std::basic_format_string<char,const std::wstring &,uint32_t &> &)' : 1 ba─ş─▒ms─▒z de─şi┼şkeni 'const wchar_t [48]' de─şerinden 'const std::basic_format_string<char,const std::wstring &,uint32_t &> &' de─şerine d├Ân├╝┼şt├╝r├╝lemez
                          C:\ShadowStrike\ShadowStrike\src\Shared_modules\Core\Registry\StartupAnalyzer.cpp(1132,29):
                          Nedeni: 'const wchar_t [48]' de─şerinden 'const std::basic_format_string<char,const std::wstring &,uint32_t &>' de─şerine d├Ân├╝┼şt├╝r├╝lemez
                          C:\ShadowStrike\ShadowStrike\src\Shared_modules\Core\Registry\StartupAnalyzer.cpp(1132,29):
                          D├Ân├╝┼şt├╝rme ikinci bir kullan─▒c─▒ tan─▒ml─▒ d├Ân├╝┼şt├╝rme i┼şleci veya olu┼şturucu gerektiriyor
                  C:\Program Files\Microsoft Visual Studio\2022\Community\VC\Tools\MSVC\14.44.35207\include\format(2850,5):
                  veya       'std::basic_format_string<char,const std::wstring &,uint32_t &>::basic_format_string(const _Ty &)'
                  C:\ShadowStrike\ShadowStrike\src\Shared_modules\Core\Registry\StartupAnalyzer.cpp(1132,29):
                  '(const wchar_t [48])' ba─ş─▒ms─▒z de─şi┼şken listesi e┼şlenmeye ├ğal─▒┼ş─▒l─▒rken
      C:\ShadowStrike\ShadowStrike\src\Shared_modules\Core\Registry\StartupAnalyzer.cpp(1132,24):
      '(const wchar_t [48], const std::wstring, uint32_t)' ba─ş─▒ms─▒z de─şi┼şken listesi e┼şlenmeye ├ğal─▒┼ş─▒l─▒rken
  
C:\ShadowStrike\ShadowStrike\src\Shared_modules\Core\Registry\StartupAnalyzer.cpp(1138,55): error C2039: 'Utf8ToWide': bir 'ShadowStrike::Utils::StringUtils' ├╝yesi de─şil [C:\ShadowStrike\ShadowStrike\ShadowStrike.vcxproj]
  ('/src/Shared_modules/Core/Registry/StartupAnalyzer.cpp' kaynak dosyas─▒ derleniyor)
      C:\ShadowStrike\ShadowStrike\src\Shared_modules\Utils\StringUtils.hpp(63,19):
      'ShadowStrike::Utils::StringUtils' bildirimine bak─▒n
  
C:\ShadowStrike\ShadowStrike\src\Shared_modules\Core\Registry\StartupAnalyzer.cpp(1138,55): error C3861: 'Utf8ToWide': tan─▒mlay─▒c─▒ bulunamad─▒ [C:\ShadowStrike\ShadowStrike\ShadowStrike.vcxproj]
  ('/src/Shared_modules/Core/Registry/StartupAnalyzer.cpp' kaynak dosyas─▒ derleniyor)
  
C:\ShadowStrike\ShadowStrike\src\Shared_modules\Core\Registry\StartupAnalyzer.cpp(1137,24): error C2660: 'ShadowStrike::Utils::Logger::Error': i┼şlev 3 ba─ş─▒ms─▒z de─şi┼şken alm─▒yor [C:\ShadowStrike\ShadowStrike\ShadowStrike.vcxproj]
  ('/src/Shared_modules/Core/Registry/StartupAnalyzer.cpp' kaynak dosyas─▒ derleniyor)
      C:\ShadowStrike\ShadowStrike\src\Shared_modules\Utils\Logger.hpp(263,16):
      'ShadowStrike::Utils::Logger::Error' bildirimine bak─▒n
      C:\ShadowStrike\ShadowStrike\src\Shared_modules\Utils\Logger.hpp(274,16):
      'void ShadowStrike::Utils::Logger::Error(std::basic_format_string<char,type_identity<_Args>::type...>,Args ...)' olabilirdi
          C:\ShadowStrike\ShadowStrike\src\Shared_modules\Core\Registry\StartupAnalyzer.cpp(1137,24):
          'void ShadowStrike::Utils::Logger::Error(std::basic_format_string<char,type_identity<_Args>::type...>,Args ...)' i┼şlev ┼şablonu ├Âzelle┼ştirilemedi
              C:\ShadowStrike\ShadowStrike\src\Shared_modules\Core\Registry\StartupAnalyzer.cpp(1137,24):
              ┼Şu ┼şablon ba─ş─▒ms─▒z de─şi┼şkenleriyle:
                  C:\ShadowStrike\ShadowStrike\src\Shared_modules\Core\Registry\StartupAnalyzer.cpp(1137,24):
                  'Args={const std::wstring &, <error type>}'
      C:\ShadowStrike\ShadowStrike\src\Shared_modules\Core\Registry\StartupAnalyzer.cpp(1137,24):
      '(const wchar_t [42], const std::wstring, <error type>)' ba─ş─▒ms─▒z de─şi┼şken listesi e┼şlenmeye ├ğal─▒┼ş─▒l─▒rken
  
C:\ShadowStrike\ShadowStrike\src\Shared_modules\Core\Registry\StartupAnalyzer.cpp(1167,24): error C2665: 'ShadowStrike::Utils::Logger::Info': hi├ğbir a┼ş─▒r─▒ y├╝klenmi┼ş i┼şlev t├╝m arg├╝man t├╝rlerini d├Ân├╝┼şt├╝remez [C:\ShadowStrike\ShadowStrike\ShadowStrike.vcxproj]
  ('/src/Shared_modules/Core/Registry/StartupAnalyzer.cpp' kaynak dosyas─▒ derleniyor)
      C:\ShadowStrike\ShadowStrike\src\Shared_modules\Utils\Logger.hpp(282,16):
      'void ShadowStrike::Utils::Logger::Info<const std::wstring&>(std::basic_format_string<char,const std::wstring &>,const std::wstring &)' olabilirdi
          C:\ShadowStrike\ShadowStrike\src\Shared_modules\Core\Registry\StartupAnalyzer.cpp(1167,24):
          'void ShadowStrike::Utils::Logger::Info<const std::wstring&>(std::basic_format_string<char,const std::wstring &>,const std::wstring &)' : 1 ba─ş─▒ms─▒z de─şi┼şkeni 'const wchar_t [36]' de─şerinden 'std::basic_format_string<char,const std::wstring &>' de─şerine d├Ân├╝┼şt├╝r├╝lemez
              C:\ShadowStrike\ShadowStrike\src\Shared_modules\Core\Registry\StartupAnalyzer.cpp(1167,29):
              'std::basic_format_string<char,const std::wstring &>::basic_format_string': hi├ğbir a┼ş─▒r─▒ y├╝klenmi┼ş i┼şlev t├╝m arg├╝man t├╝rlerini d├Ân├╝┼şt├╝remez
                  C:\Program Files\Microsoft Visual Studio\2022\Community\VC\Tools\MSVC\14.44.35207\include\format(2867,1):
                  'std::basic_format_string<char,const std::wstring &>::basic_format_string(std::basic_format_string<char,const std::wstring &> &&)' olabilirdi
                      C:\ShadowStrike\ShadowStrike\src\Shared_modules\Core\Registry\StartupAnalyzer.cpp(1167,29):
                      'std::basic_format_string<char,const std::wstring &>::basic_format_string(std::basic_format_string<char,const std::wstring &> &&)' : 1 ba─ş─▒ms─▒z de─şi┼şkeni 'const wchar_t [36]' de─şerinden 'std::basic_format_string<char,const std::wstring &> &&' de─şerine d├Ân├╝┼şt├╝r├╝lemez
                          C:\ShadowStrike\ShadowStrike\src\Shared_modules\Core\Registry\StartupAnalyzer.cpp(1167,29):
                          Nedeni: 'const wchar_t [36]' de─şerinden 'std::basic_format_string<char,const std::wstring &>' de─şerine d├Ân├╝┼şt├╝r├╝lemez
                          C:\ShadowStrike\ShadowStrike\src\Shared_modules\Core\Registry\StartupAnalyzer.cpp(1167,29):
                          D├Ân├╝┼şt├╝rme ikinci bir kullan─▒c─▒ tan─▒ml─▒ d├Ân├╝┼şt├╝rme i┼şleci veya olu┼şturucu gerektiriyor
                  C:\Program Files\Microsoft Visual Studio\2022\Community\VC\Tools\MSVC\14.44.35207\include\format(2867,1):
                  veya       'std::basic_format_string<char,const std::wstring &>::basic_format_string(const std::basic_format_string<char,const std::wstring &> &)'
                      C:\ShadowStrike\ShadowStrike\src\Shared_modules\Core\Registry\StartupAnalyzer.cpp(1167,29):
                      'std::basic_format_string<char,const std::wstring &>::basic_format_string(const std::basic_format_string<char,const std::wstring &> &)' : 1 ba─ş─▒ms─▒z de─şi┼şkeni 'const wchar_t [36]' de─şerinden 'const std::basic_format_string<char,const std::wstring &> &' de─şerine d├Ân├╝┼şt├╝r├╝lemez
                          C:\ShadowStrike\ShadowStrike\src\Shared_modules\Core\Registry\StartupAnalyzer.cpp(1167,29):
                          Nedeni: 'const wchar_t [36]' de─şerinden 'const std::basic_format_string<char,const std::wstring &>' de─şerine d├Ân├╝┼şt├╝r├╝lemez
                          C:\ShadowStrike\ShadowStrike\src\Shared_modules\Core\Registry\StartupAnalyzer.cpp(1167,29):
                          D├Ân├╝┼şt├╝rme ikinci bir kullan─▒c─▒ tan─▒ml─▒ d├Ân├╝┼şt├╝rme i┼şleci veya olu┼şturucu gerektiriyor
                  C:\Program Files\Microsoft Visual Studio\2022\Community\VC\Tools\MSVC\14.44.35207\include\format(2850,5):
                  veya       'std::basic_format_string<char,const std::wstring &>::basic_format_string(const _Ty &)'
                  C:\ShadowStrike\ShadowStrike\src\Shared_modules\Core\Registry\StartupAnalyzer.cpp(1167,29):
                  '(const wchar_t [36])' ba─ş─▒ms─▒z de─şi┼şken listesi e┼şlenmeye ├ğal─▒┼ş─▒l─▒rken
      C:\ShadowStrike\ShadowStrike\src\Shared_modules\Core\Registry\StartupAnalyzer.cpp(1167,24):
      '(const wchar_t [36], const std::wstring)' ba─ş─▒ms─▒z de─şi┼şken listesi e┼şlenmeye ├ğal─▒┼ş─▒l─▒rken
  
C:\ShadowStrike\ShadowStrike\src\Shared_modules\Core\Registry\StartupAnalyzer.cpp(1172,55): error C2039: 'Utf8ToWide': bir 'ShadowStrike::Utils::StringUtils' ├╝yesi de─şil [C:\ShadowStrike\ShadowStrike\ShadowStrike.vcxproj]
  ('/src/Shared_modules/Core/Registry/StartupAnalyzer.cpp' kaynak dosyas─▒ derleniyor)
      C:\ShadowStrike\ShadowStrike\src\Shared_modules\Utils\StringUtils.hpp(63,19):
      'ShadowStrike::Utils::StringUtils' bildirimine bak─▒n
  
C:\ShadowStrike\ShadowStrike\src\Shared_modules\Core\Registry\StartupAnalyzer.cpp(1172,55): error C3861: 'Utf8ToWide': tan─▒mlay─▒c─▒ bulunamad─▒ [C:\ShadowStrike\ShadowStrike\ShadowStrike.vcxproj]
  ('/src/Shared_modules/Core/Registry/StartupAnalyzer.cpp' kaynak dosyas─▒ derleniyor)
  
C:\ShadowStrike\ShadowStrike\src\Shared_modules\Core\Registry\StartupAnalyzer.cpp(1171,24): error C2660: 'ShadowStrike::Utils::Logger::Error': i┼şlev 3 ba─ş─▒ms─▒z de─şi┼şken alm─▒yor [C:\ShadowStrike\ShadowStrike\ShadowStrike.vcxproj]
  ('/src/Shared_modules/Core/Registry/StartupAnalyzer.cpp' kaynak dosyas─▒ derleniyor)
      C:\ShadowStrike\ShadowStrike\src\Shared_modules\Utils\Logger.hpp(263,16):
      'ShadowStrike::Utils::Logger::Error' bildirimine bak─▒n
      C:\ShadowStrike\ShadowStrike\src\Shared_modules\Utils\Logger.hpp(274,16):
      'void ShadowStrike::Utils::Logger::Error(std::basic_format_string<char,type_identity<_Args>::type...>,Args ...)' olabilirdi
          C:\ShadowStrike\ShadowStrike\src\Shared_modules\Core\Registry\StartupAnalyzer.cpp(1171,24):
          'void ShadowStrike::Utils::Logger::Error(std::basic_format_string<char,type_identity<_Args>::type...>,Args ...)' i┼şlev ┼şablonu ├Âzelle┼ştirilemedi
              C:\ShadowStrike\ShadowStrike\src\Shared_modules\Core\Registry\StartupAnalyzer.cpp(1171,24):
              ┼Şu ┼şablon ba─ş─▒ms─▒z de─şi┼şkenleriyle:
                  C:\ShadowStrike\ShadowStrike\src\Shared_modules\Core\Registry\StartupAnalyzer.cpp(1171,24):
                  'Args={const std::wstring &, <error type>}'
      C:\ShadowStrike\ShadowStrike\src\Shared_modules\Core\Registry\StartupAnalyzer.cpp(1171,24):
      '(const wchar_t [44], const std::wstring, <error type>)' ba─ş─▒ms─▒z de─şi┼şken listesi e┼şlenmeye ├ğal─▒┼ş─▒l─▒rken
  
C:\ShadowStrike\ShadowStrike\src\Shared_modules\Core\Registry\StartupAnalyzer.cpp(1215,49): error C2039: 'Utf8ToWide': bir 'ShadowStrike::Utils::StringUtils' ├╝yesi de─şil [C:\ShadowStrike\ShadowStrike\ShadowStrike.vcxproj]
  ('/src/Shared_modules/Core/Registry/StartupAnalyzer.cpp' kaynak dosyas─▒ derleniyor)
      C:\ShadowStrike\ShadowStrike\src\Shared_modules\Utils\StringUtils.hpp(63,19):
      'ShadowStrike::Utils::StringUtils' bildirimine bak─▒n
  
C:\ShadowStrike\ShadowStrike\src\Shared_modules\Exploits\StackPivotDetector.cpp(1006,9): warning C4834: [[nodiscard]] ├Âzniteli─şine sahip i┼şlevin d├Ân├╝┼ş de─şerinin at─▒lmas─▒ [C:\ShadowStrike\ShadowStrike\ShadowStrike.vcxproj]
  ('/src/Shared_modules/Exploits/StackPivotDetector.cpp' kaynak dosyas─▒ derleniyor)
  
C:\ShadowStrike\ShadowStrike\src\Shared_modules\Core\Registry\StartupAnalyzer.cpp(1215,49): error C3861: 'Utf8ToWide': tan─▒mlay─▒c─▒ bulunamad─▒ [C:\ShadowStrike\ShadowStrike\ShadowStrike.vcxproj]
  ('/src/Shared_modules/Core/Registry/StartupAnalyzer.cpp' kaynak dosyas─▒ derleniyor)
  
C:\ShadowStrike\ShadowStrike\src\Shared_modules\Core\Registry\StartupAnalyzer.cpp(1214,24): error C2660: 'ShadowStrike::Utils::Logger::Error': i┼şlev 2 ba─ş─▒ms─▒z de─şi┼şken alm─▒yor [C:\ShadowStrike\ShadowStrike\ShadowStrike.vcxproj]
  ('/src/Shared_modules/Core/Registry/StartupAnalyzer.cpp' kaynak dosyas─▒ derleniyor)
      C:\ShadowStrike\ShadowStrike\src\Shared_modules\Utils\Logger.hpp(263,16):
      'ShadowStrike::Utils::Logger::Error' bildirimine bak─▒n
      C:\ShadowStrike\ShadowStrike\src\Shared_modules\Utils\Logger.hpp(274,16):
      'void ShadowStrike::Utils::Logger::Error(std::basic_format_string<char,type_identity<_Args>::type...>,Args ...)' olabilirdi
          C:\ShadowStrike\ShadowStrike\src\Shared_modules\Core\Registry\StartupAnalyzer.cpp(1214,24):
          'void ShadowStrike::Utils::Logger::Error(std::basic_format_string<char,type_identity<_Args>::type...>,Args ...)' i┼şlev ┼şablonu ├Âzelle┼ştirilemedi
              C:\ShadowStrike\ShadowStrike\src\Shared_modules\Core\Registry\StartupAnalyzer.cpp(1214,24):
              ┼Şu ┼şablon ba─ş─▒ms─▒z de─şi┼şkenleriyle:
                  C:\ShadowStrike\ShadowStrike\src\Shared_modules\Core\Registry\StartupAnalyzer.cpp(1214,24):
                  'Args={<error type>}'
      C:\ShadowStrike\ShadowStrike\src\Shared_modules\Core\Registry\StartupAnalyzer.cpp(1214,24):
      '(const wchar_t [43], <error type>)' ba─ş─▒ms─▒z de─şi┼şken listesi e┼şlenmeye ├ğal─▒┼ş─▒l─▒rken
  
C:\ShadowStrike\ShadowStrike\src\Shared_modules\HashStore\HashStore_query_operations.cpp(32,51): error C2039: 'LookupHash': bir 'ShadowStrike::HashStore' ├╝yesi de─şil [C:\ShadowStrike\ShadowStrike\ShadowStrike.vcxproj]
  ('/src/Shared_modules/HashStore/HashStore_query_operations.cpp' kaynak dosyas─▒ derleniyor)
      C:\ShadowStrike\ShadowStrike\src\Shared_modules\HashStore\HashStore.hpp(66,11):
      'ShadowStrike::HashStore' bildirimine bak─▒n
  
C:\ShadowStrike\ShadowStrike\src\Shared_modules\HashStore\HashStore_query_operations.cpp(32,51): error C2270: 'LookupHash': ├╝ye olmayan i┼şlevlerde de─şi┼ştiricilere izin verilmez [C:\ShadowStrike\ShadowStrike\ShadowStrike.vcxproj]
  ('/src/Shared_modules/HashStore/HashStore_query_operations.cpp' kaynak dosyas─▒ derleniyor)
  
C:\ShadowStrike\ShadowStrike\src\Shared_modules\HashStore\HashStore_query_operations.cpp(34,18): error C2065: 'm_initialized': bildirimi yap─▒lmam─▒┼ş tan─▒mlay─▒c─▒ [C:\ShadowStrike\ShadowStrike\ShadowStrike.vcxproj]
  ('/src/Shared_modules/HashStore/HashStore_query_operations.cpp' kaynak dosyas─▒ derleniyor)
  
C:\ShadowStrike\ShadowStrike\src\Shared_modules\HashStore\HashStore_query_operations.cpp(44,13): error C2065: 'm_totalLookups': bildirimi yap─▒lmam─▒┼ş tan─▒mlay─▒c─▒ [C:\ShadowStrike\ShadowStrike\ShadowStrike.vcxproj]
  ('/src/Shared_modules/HashStore/HashStore_query_operations.cpp' kaynak dosyas─▒ derleniyor)
  
C:\ShadowStrike\ShadowStrike\src\Shared_modules\HashStore\HashStore_query_operations.cpp(52,17): error C2065: 'm_cachingEnabled': bildirimi yap─▒lmam─▒┼ş tan─▒mlay─▒c─▒ [C:\ShadowStrike\ShadowStrike\ShadowStrike.vcxproj]
  ('/src/Shared_modules/HashStore/HashStore_query_operations.cpp' kaynak dosyas─▒ derleniyor)
  
C:\ShadowStrike\ShadowStrike\src\Shared_modules\HashStore\HashStore_query_operations.cpp(53,31): error C3861: 'GetFromCache': tan─▒mlay─▒c─▒ bulunamad─▒ [C:\ShadowStrike\ShadowStrike\ShadowStrike.vcxproj]
  ('/src/Shared_modules/HashStore/HashStore_query_operations.cpp' kaynak dosyas─▒ derleniyor)
  
C:\ShadowStrike\ShadowStrike\src\Shared_modules\HashStore\HashStore_query_operations.cpp(55,21): error C2065: 'm_cacheHits': bildirimi yap─▒lmam─▒┼ş tan─▒mlay─▒c─▒ [C:\ShadowStrike\ShadowStrike\ShadowStrike.vcxproj]
  ('/src/Shared_modules/HashStore/HashStore_query_operations.cpp' kaynak dosyas─▒ derleniyor)
  
C:\ShadowStrike\ShadowStrike\src\Shared_modules\HashStore\HashStore_query_operations.cpp(58,17): error C2065: 'm_cacheMisses': bildirimi yap─▒lmam─▒┼ş tan─▒mlay─▒c─▒ [C:\ShadowStrike\ShadowStrike\ShadowStrike.vcxproj]
  ('/src/Shared_modules/HashStore/HashStore_query_operations.cpp' kaynak dosyas─▒ derleniyor)
  
C:\ShadowStrike\ShadowStrike\src\Shared_modules\HashStore\HashStore_query_operations.cpp(62,54): error C2065: 'm_globalLock': bildirimi yap─▒lmam─▒┼ş tan─▒mlay─▒c─▒ [C:\ShadowStrike\ShadowStrike\ShadowStrike.vcxproj]
  ('/src/Shared_modules/HashStore/HashStore_query_operations.cpp' kaynak dosyas─▒ derleniyor)
  
C:\ShadowStrike\ShadowStrike\src\Shared_modules\HashStore\HashStore_query_operations.cpp(65,13): error C4430: t├╝r belirticisi eksik - int varsay─▒ld─▒. Not: C++ varsay─▒lan int deste─şi i├ğermez [C:\ShadowStrike\ShadowStrike\ShadowStrike.vcxproj]
  ('/src/Shared_modules/HashStore/HashStore_query_operations.cpp' kaynak dosyas─▒ derleniyor)
  
C:\ShadowStrike\ShadowStrike\src\Shared_modules\Core\Registry\StartupAnalyzer.cpp(1225,20): error C2665: 'ShadowStrike::Utils::Logger::Info': hi├ğbir a┼ş─▒r─▒ y├╝klenmi┼ş i┼şlev t├╝m arg├╝man t├╝rlerini d├Ân├╝┼şt├╝remez [C:\ShadowStrike\ShadowStrike\ShadowStrike.vcxproj]
  ('/src/Shared_modules/Core/Registry/StartupAnalyzer.cpp' kaynak dosyas─▒ derleniyor)
      C:\ShadowStrike\ShadowStrike\src\Shared_modules\Utils\Logger.hpp(282,16):
      'void ShadowStrike::Utils::Logger::Info<uint32_t&>(std::basic_format_string<char,uint32_t &>,uint32_t &)' olabilirdi
          C:\ShadowStrike\ShadowStrike\src\Shared_modules\Core\Registry\StartupAnalyzer.cpp(1225,20):
          'void ShadowStrike::Utils::Logger::Info<uint32_t&>(std::basic_format_string<char,uint32_t &>,uint32_t &)' : 1 ba─ş─▒ms─▒z de─şi┼şkeni 'const wchar_t [44]' de─şerinden 'std::basic_format_string<char,uint32_t &>' de─şerine d├Ân├╝┼şt├╝r├╝lemez
              C:\ShadowStrike\ShadowStrike\src\Shared_modules\Core\Registry\StartupAnalyzer.cpp(1225,25):
              'std::basic_format_string<char,uint32_t &>::basic_format_string': hi├ğbir a┼ş─▒r─▒ y├╝klenmi┼ş i┼şlev t├╝m arg├╝man t├╝rlerini d├Ân├╝┼şt├╝remez
                  C:\Program Files\Microsoft Visual Studio\2022\Community\VC\Tools\MSVC\14.44.35207\include\format(2867,1):
                  'std::basic_format_string<char,uint32_t &>::basic_format_string(std::basic_format_string<char,uint32_t &> &&)' olabilirdi
                      C:\ShadowStrike\ShadowStrike\src\Shared_modules\Core\Registry\StartupAnalyzer.cpp(1225,25):
                      'std::basic_format_string<char,uint32_t &>::basic_format_string(std::basic_format_string<char,uint32_t &> &&)' : 1 ba─ş─▒ms─▒z de─şi┼şkeni 'const wchar_t [44]' de─şerinden 'std::basic_format_string<char,uint32_t &> &&' de─şerine d├Ân├╝┼şt├╝r├╝lemez
                          C:\ShadowStrike\ShadowStrike\src\Shared_modules\Core\Registry\StartupAnalyzer.cpp(1225,25):
                          Nedeni: 'const wchar_t [44]' de─şerinden 'std::basic_format_string<char,uint32_t &>' de─şerine d├Ân├╝┼şt├╝r├╝lemez
                          C:\ShadowStrike\ShadowStrike\src\Shared_modules\Core\Registry\StartupAnalyzer.cpp(1225,25):
                          D├Ân├╝┼şt├╝rme ikinci bir kullan─▒c─▒ tan─▒ml─▒ d├Ân├╝┼şt├╝rme i┼şleci veya olu┼şturucu gerektiriyor
                  C:\Program Files\Microsoft Visual Studio\2022\Community\VC\Tools\MSVC\14.44.35207\include\format(2867,1):
                  veya       'std::basic_format_string<char,uint32_t &>::basic_format_string(const std::basic_format_string<char,uint32_t &> &)'
                      C:\ShadowStrike\ShadowStrike\src\Shared_modules\Core\Registry\StartupAnalyzer.cpp(1225,25):
                      'std::basic_format_string<char,uint32_t &>::basic_format_string(const std::basic_format_string<char,uint32_t &> &)' : 1 ba─ş─▒ms─▒z de─şi┼şkeni 'const wchar_t [44]' de─şerinden 'const std::basic_format_string<char,uint32_t &> &' de─şerine d├Ân├╝┼şt├╝r├╝lemez
                          C:\ShadowStrike\ShadowStrike\src\Shared_modules\Core\Registry\StartupAnalyzer.cpp(1225,25):
                          Nedeni: 'const wchar_t [44]' de─şerinden 'const std::basic_format_string<char,uint32_t &>' de─şerine d├Ân├╝┼şt├╝r├╝lemez
                          C:\ShadowStrike\ShadowStrike\src\Shared_modules\Core\Registry\StartupAnalyzer.cpp(1225,25):
                          D├Ân├╝┼şt├╝rme ikinci bir kullan─▒c─▒ tan─▒ml─▒ d├Ân├╝┼şt├╝rme i┼şleci veya olu┼şturucu gerektiriyor
                  C:\Program Files\Microsoft Visual Studio\2022\Community\VC\Tools\MSVC\14.44.35207\include\format(2850,5):
                  veya       'std::basic_format_string<char,uint32_t &>::basic_format_string(const _Ty &)'
                  C:\ShadowStrike\ShadowStrike\src\Shared_modules\Core\Registry\StartupAnalyzer.cpp(1225,25):
                  '(const wchar_t [44])' ba─ş─▒ms─▒z de─şi┼şken listesi e┼şlenmeye ├ğal─▒┼ş─▒l─▒rken
      C:\ShadowStrike\ShadowStrike\src\Shared_modules\Core\Registry\StartupAnalyzer.cpp(1225,20):
      '(const wchar_t [44], uint32_t)' ba─ş─▒ms─▒z de─şi┼şken listesi e┼şlenmeye ├ğal─▒┼ş─▒l─▒rken
  
C:\ShadowStrike\ShadowStrike\src\Shared_modules\HashStore\HashStore_query_operations.cpp(65,29): error C2143: s├Âzdizimi hatas─▒: ';' eksik ('*' ├Âncesinde) [C:\ShadowStrike\ShadowStrike\ShadowStrike.vcxproj]
  ('/src/Shared_modules/HashStore/HashStore_query_operations.cpp' kaynak dosyas─▒ derleniyor)
  
C:\ShadowStrike\ShadowStrike\src\Shared_modules\HashStore\HashStore_query_operations.cpp(65,31): error C2065: 'bucket': bildirimi yap─▒lmam─▒┼ş tan─▒mlay─▒c─▒ [C:\ShadowStrike\ShadowStrike\ShadowStrike.vcxproj]
  ('/src/Shared_modules/HashStore/HashStore_query_operations.cpp' kaynak dosyas─▒ derleniyor)
  
C:\ShadowStrike\ShadowStrike\src\Shared_modules\HashStore\HashStore_query_operations.cpp(65,40): error C3861: 'GetBucket': tan─▒mlay─▒c─▒ bulunamad─▒ [C:\ShadowStrike\ShadowStrike\ShadowStrike.vcxproj]
  ('/src/Shared_modules/HashStore/HashStore_query_operations.cpp' kaynak dosyas─▒ derleniyor)
  
C:\ShadowStrike\ShadowStrike\src\Shared_modules\HashStore\HashStore_query_operations.cpp(66,18): error C2065: 'bucket': bildirimi yap─▒lmam─▒┼ş tan─▒mlay─▒c─▒ [C:\ShadowStrike\ShadowStrike\ShadowStrike.vcxproj]
  ('/src/Shared_modules/HashStore/HashStore_query_operations.cpp' kaynak dosyas─▒ derleniyor)
  
C:\ShadowStrike\ShadowStrike\src\Shared_modules\HashStore\HashStore_query_operations.cpp(72,36): error C2065: 'bucket': bildirimi yap─▒lmam─▒┼ş tan─▒mlay─▒c─▒ [C:\ShadowStrike\ShadowStrike\ShadowStrike.vcxproj]
  ('/src/Shared_modules/HashStore/HashStore_query_operations.cpp' kaynak dosyas─▒ derleniyor)
  
C:\ShadowStrike\ShadowStrike\src\Shared_modules\HashStore\HashStore_query_operations.cpp(73,18): error C3536: 'signatureOffset': ba┼şlat─▒lmadan ├Ânce kullan─▒lamaz [C:\ShadowStrike\ShadowStrike\ShadowStrike.vcxproj]
  ('/src/Shared_modules/HashStore/HashStore_query_operations.cpp' kaynak dosyas─▒ derleniyor)
  
C:\ShadowStrike\ShadowStrike\src\Shared_modules\HashStore\HashStore_query_operations.cpp(75,21): error C2065: 'm_cachingEnabled': bildirimi yap─▒lmam─▒┼ş tan─▒mlay─▒c─▒ [C:\ShadowStrike\ShadowStrike\ShadowStrike.vcxproj]
  ('/src/Shared_modules/HashStore/HashStore_query_operations.cpp' kaynak dosyas─▒ derleniyor)
  
C:\ShadowStrike\ShadowStrike\src\Shared_modules\HashStore\HashStore_query_operations.cpp(76,21): error C3861: 'AddToCache': tan─▒mlay─▒c─▒ bulunamad─▒ [C:\ShadowStrike\ShadowStrike\ShadowStrike.vcxproj]
  ('/src/Shared_modules/HashStore/HashStore_query_operations.cpp' kaynak dosyas─▒ derleniyor)
  
C:\ShadowStrike\ShadowStrike\src\Shared_modules\HashStore\HashStore_query_operations.cpp(82,65): error C2100: '<error type>' t├╝r├╝ndeki bir i┼şlenene ba┼şvurulamaz [C:\ShadowStrike\ShadowStrike\ShadowStrike.vcxproj]
  ('/src/Shared_modules/HashStore/HashStore_query_operations.cpp' kaynak dosyas─▒ derleniyor)
  
C:\ShadowStrike\ShadowStrike\src\Shared_modules\HashStore\HashStore_query_operations.cpp(82,38): error C3861: 'BuildDetectionResult': tan─▒mlay─▒c─▒ bulunamad─▒ [C:\ShadowStrike\ShadowStrike\ShadowStrike.vcxproj]
  ('/src/Shared_modules/HashStore/HashStore_query_operations.cpp' kaynak dosyas─▒ derleniyor)
  
C:\ShadowStrike\ShadowStrike\src\Shared_modules\Core\Registry\StartupAnalyzer.cpp(1275,49): error C2039: 'Utf8ToWide': bir 'ShadowStrike::Utils::StringUtils' ├╝yesi de─şil [C:\ShadowStrike\ShadowStrike\ShadowStrike.vcxproj]
  ('/src/Shared_modules/Core/Registry/StartupAnalyzer.cpp' kaynak dosyas─▒ derleniyor)
      C:\ShadowStrike\ShadowStrike\src\Shared_modules\Utils\StringUtils.hpp(63,19):
      'ShadowStrike::Utils::StringUtils' bildirimine bak─▒n
  
C:\ShadowStrike\ShadowStrike\src\Shared_modules\HashStore\HashStore_query_operations.cpp(86,54): error C2065: 'm_perfFrequency': bildirimi yap─▒lmam─▒┼ş tan─▒mlay─▒c─▒ [C:\ShadowStrike\ShadowStrike\ShadowStrike.vcxproj]
  ('/src/Shared_modules/HashStore/HashStore_query_operations.cpp' kaynak dosyas─▒ derleniyor)
  
C:\ShadowStrike\ShadowStrike\src\Shared_modules\Core\Registry\StartupAnalyzer.cpp(1275,49): error C3861: 'Utf8ToWide': tan─▒mlay─▒c─▒ bulunamad─▒ [C:\ShadowStrike\ShadowStrike\ShadowStrike.vcxproj]
  ('/src/Shared_modules/Core/Registry/StartupAnalyzer.cpp' kaynak dosyas─▒ derleniyor)
  
C:\ShadowStrike\ShadowStrike\src\Shared_modules\HashStore\HashStore_query_operations.cpp(89,43): error C2065: 'm_perfFrequency': bildirimi yap─▒lmam─▒┼ş tan─▒mlay─▒c─▒ [C:\ShadowStrike\ShadowStrike\ShadowStrike.vcxproj]
  ('/src/Shared_modules/HashStore/HashStore_query_operations.cpp' kaynak dosyas─▒ derleniyor)
  
C:\ShadowStrike\ShadowStrike\src\Shared_modules\HashStore\HashStore_query_operations.cpp(93,17): error C2065: 'm_cachingEnabled': bildirimi yap─▒lmam─▒┼ş tan─▒mlay─▒c─▒ [C:\ShadowStrike\ShadowStrike\ShadowStrike.vcxproj]
  ('/src/Shared_modules/HashStore/HashStore_query_operations.cpp' kaynak dosyas─▒ derleniyor)
  
C:\ShadowStrike\ShadowStrike\src\Shared_modules\HashStore\HashStore_query_operations.cpp(94,17): error C3861: 'AddToCache': tan─▒mlay─▒c─▒ bulunamad─▒ [C:\ShadowStrike\ShadowStrike\ShadowStrike.vcxproj]
  ('/src/Shared_modules/HashStore/HashStore_query_operations.cpp' kaynak dosyas─▒ derleniyor)
  
C:\ShadowStrike\ShadowStrike\src\Shared_modules\Core\Registry\StartupAnalyzer.cpp(1274,24): error C2660: 'ShadowStrike::Utils::Logger::Error': i┼şlev 2 ba─ş─▒ms─▒z de─şi┼şken alm─▒yor [C:\ShadowStrike\ShadowStrike\ShadowStrike.vcxproj]
  ('/src/Shared_modules/Core/Registry/StartupAnalyzer.cpp' kaynak dosyas─▒ derleniyor)
      C:\ShadowStrike\ShadowStrike\src\Shared_modules\Utils\Logger.hpp(263,16):
      'ShadowStrike::Utils::Logger::Error' bildirimine bak─▒n
      C:\ShadowStrike\ShadowStrike\src\Shared_modules\Utils\Logger.hpp(274,16):
      'void ShadowStrike::Utils::Logger::Error(std::basic_format_string<char,type_identity<_Args>::type...>,Args ...)' olabilirdi
          C:\ShadowStrike\ShadowStrike\src\Shared_modules\Core\Registry\StartupAnalyzer.cpp(1274,24):
          'void ShadowStrike::Utils::Logger::Error(std::basic_format_string<char,type_identity<_Args>::type...>,Args ...)' i┼şlev ┼şablonu ├Âzelle┼ştirilemedi
              C:\ShadowStrike\ShadowStrike\src\Shared_modules\Core\Registry\StartupAnalyzer.cpp(1274,24):
              ┼Şu ┼şablon ba─ş─▒ms─▒z de─şi┼şkenleriyle:
                  C:\ShadowStrike\ShadowStrike\src\Shared_modules\Core\Registry\StartupAnalyzer.cpp(1274,24):
                  'Args={<error type>}'
      C:\ShadowStrike\ShadowStrike\src\Shared_modules\Core\Registry\StartupAnalyzer.cpp(1274,24):
      '(const wchar_t [58], <error type>)' ba─ş─▒ms─▒z de─şi┼şken listesi e┼şlenmeye ├ğal─▒┼ş─▒l─▒rken
  
C:\ShadowStrike\ShadowStrike\src\Shared_modules\Exploits\StackPivotDetector.cpp(1041,9): warning C4834: [[nodiscard]] ├Âzniteli─şine sahip i┼şlevin d├Ân├╝┼ş de─şerinin at─▒lmas─▒ [C:\ShadowStrike\ShadowStrike\ShadowStrike.vcxproj]
  ('/src/Shared_modules/Exploits/StackPivotDetector.cpp' kaynak dosyas─▒ derleniyor)
  
C:\ShadowStrike\ShadowStrike\src\Shared_modules\HashStore\HashStore_query_operations.cpp(100,51): error C2039: 'LookupHashString': bir 'ShadowStrike::HashStore' ├╝yesi de─şil [C:\ShadowStrike\ShadowStrike\ShadowStrike.vcxproj]
  ('/src/Shared_modules/HashStore/HashStore_query_operations.cpp' kaynak dosyas─▒ derleniyor)
      C:\ShadowStrike\ShadowStrike\src\Shared_modules\HashStore\HashStore.hpp(66,11):
      'ShadowStrike::HashStore' bildirimine bak─▒n
  
C:\ShadowStrike\ShadowStrike\src\Shared_modules\HashStore\HashStore_query_operations.cpp(100,51): error C2270: 'LookupHashString': ├╝ye olmayan i┼şlevlerde de─şi┼ştiricilere izin verilmez [C:\ShadowStrike\ShadowStrike\ShadowStrike.vcxproj]
  ('/src/Shared_modules/HashStore/HashStore_query_operations.cpp' kaynak dosyas─▒ derleniyor)
  
C:\ShadowStrike\ShadowStrike\src\Shared_modules\Core\Registry\StartupAnalyzer.cpp(1286,28): error C2664: 'void ShadowStrike::Utils::Logger::Warn(const char *)' : 1 ba─ş─▒ms─▒z de─şi┼şkeni 'const wchar_t [58]' de─şerinden 'const char *' de─şerine d├Ân├╝┼şt├╝r├╝lemez [C:\ShadowStrike\ShadowStrike\ShadowStrike.vcxproj]
  ('/src/Shared_modules/Core/Registry/StartupAnalyzer.cpp' kaynak dosyas─▒ derleniyor)
      C:\ShadowStrike\ShadowStrike\src\Shared_modules\Core\Registry\StartupAnalyzer.cpp(1286,33):
      ─░┼şaretlenen t├╝rler ilgisiz; d├Ân├╝┼şt├╝rme reinterpret_cast, C stili t├╝r d├Ân├╝┼şt├╝rme veya parantez i├ğine al─▒nm─▒┼ş i┼şlev stili t├╝r d├Ân├╝┼şt├╝rme gerektiriyor
      C:\ShadowStrike\ShadowStrike\src\Shared_modules\Utils\Logger.hpp(264,16):
      'ShadowStrike::Utils::Logger::Warn' bildirimine bak─▒n
      C:\ShadowStrike\ShadowStrike\src\Shared_modules\Utils\Logger.hpp(278,16):
      'void ShadowStrike::Utils::Logger::Warn(std::basic_format_string<char,type_identity<_Args>::type...>,Args ...)' olabilirdi
          C:\ShadowStrike\ShadowStrike\src\Shared_modules\Core\Registry\StartupAnalyzer.cpp(1286,28):
          ili┼şkili k─▒s─▒tlamalar kar┼ş─▒lanmad─▒
              C:\ShadowStrike\ShadowStrike\src\Shared_modules\Utils\Logger.hpp(277,57):
              k─▒s─▒tlama yerine getirilmedi
      C:\ShadowStrike\ShadowStrike\src\Shared_modules\Core\Registry\StartupAnalyzer.cpp(1286,28):
      '(const wchar_t [58])' ba─ş─▒ms─▒z de─şi┼şken listesi e┼şlenmeye ├ğal─▒┼ş─▒l─▒rken
  
C:\ShadowStrike\ShadowStrike\src\Shared_modules\Core\Registry\StartupAnalyzer.cpp(1294,26): warning C4834: [[nodiscard]] ├Âzniteli─şine sahip i┼şlevin d├Ân├╝┼ş de─şerinin at─▒lmas─▒ [C:\ShadowStrike\ShadowStrike\ShadowStrike.vcxproj]
  ('/src/Shared_modules/Core/Registry/StartupAnalyzer.cpp' kaynak dosyas─▒ derleniyor)
  
C:\ShadowStrike\ShadowStrike\src\Products\PhantomHome\IoT\RouterSecurityChecker.hpp(138,10): error C1083: i├ğerme dosyas─▒ a├ğ─▒lam─▒yor: '../Utils/Logger.hpp': No such file or directory [C:\ShadowStrike\ShadowStrike\ShadowStrike.vcxproj]
  ('/src/Products/PhantomHome/IoT/RouterSecurityChecker.cpp' kaynak dosyas─▒ derleniyor)
  
C:\ShadowStrike\ShadowStrike\src\Shared_modules\Core\Registry\StartupAnalyzer.cpp(1302,28): warning C4834: [[nodiscard]] ├Âzniteli─şine sahip i┼şlevin d├Ân├╝┼ş de─şerinin at─▒lmas─▒ [C:\ShadowStrike\ShadowStrike\ShadowStrike.vcxproj]
  ('/src/Shared_modules/Core/Registry/StartupAnalyzer.cpp' kaynak dosyas─▒ derleniyor)
  
C:\ShadowStrike\ShadowStrike\src\Shared_modules\Core\Registry\StartupAnalyzer.cpp(1310,27): warning C4834: [[nodiscard]] ├Âzniteli─şine sahip i┼şlevin d├Ân├╝┼ş de─şerinin at─▒lmas─▒ [C:\ShadowStrike\ShadowStrike\ShadowStrike.vcxproj]
  ('/src/Shared_modules/Core/Registry/StartupAnalyzer.cpp' kaynak dosyas─▒ derleniyor)
  
C:\ShadowStrike\ShadowStrike\src\Shared_modules\Core\Registry\StartupAnalyzer.cpp(1314,24): error C2665: 'ShadowStrike::Utils::Logger::Info': hi├ğbir a┼ş─▒r─▒ y├╝klenmi┼ş i┼şlev t├╝m arg├╝man t├╝rlerini d├Ân├╝┼şt├╝remez [C:\ShadowStrike\ShadowStrike\ShadowStrike.vcxproj]
  ('/src/Shared_modules/Core/Registry/StartupAnalyzer.cpp' kaynak dosyas─▒ derleniyor)
      C:\ShadowStrike\ShadowStrike\src\Shared_modules\Utils\Logger.hpp(282,16):
      'void ShadowStrike::Utils::Logger::Info<const uint32_t&,const uint32_t&,const uint32_t&>(std::basic_format_string<char,const uint32_t &,const uint32_t &,const uint32_t &>,const uint32_t &,const uint32_t &,const uint32_t &)' olabilirdi
          C:\ShadowStrike\ShadowStrike\src\Shared_modules\Core\Registry\StartupAnalyzer.cpp(1314,24):
          'void ShadowStrike::Utils::Logger::Info<const uint32_t&,const uint32_t&,const uint32_t&>(std::basic_format_string<char,const uint32_t &,const uint32_t &,const uint32_t &>,const uint32_t &,const uint32_t &,const uint32_t &)' : 1 ba─ş─▒ms─▒z de─şi┼şkeni 'const wchar_t [81]' de─şerinden 'std::basic_format_string<char,const uint32_t &,const uint32_t &,const uint32_t &>' de─şerine d├Ân├╝┼şt├╝r├╝lemez
              C:\ShadowStrike\ShadowStrike\src\Shared_modules\Core\Registry\StartupAnalyzer.cpp(1314,29):
              'std::basic_format_string<char,const uint32_t &,const uint32_t &,const uint32_t &>::basic_format_string': hi├ğbir a┼ş─▒r─▒ y├╝klenmi┼ş i┼şlev t├╝m arg├╝man t├╝rlerini d├Ân├╝┼şt├╝remez
                  C:\Program Files\Microsoft Visual Studio\2022\Community\VC\Tools\MSVC\14.44.35207\include\format(2867,1):
                  'std::basic_format_string<char,const uint32_t &,const uint32_t &,const uint32_t &>::basic_format_string(std::basic_format_string<char,const uint32_t &,const uint32_t &,const uint32_t &> &&)' olabilirdi
                      C:\ShadowStrike\ShadowStrike\src\Shared_modules\Core\Registry\StartupAnalyzer.cpp(1314,29):
                      'std::basic_format_string<char,const uint32_t &,const uint32_t &,const uint32_t &>::basic_format_string(std::basic_format_string<char,const uint32_t &,const uint32_t &,const uint32_t &> &&)' : 1 ba─ş─▒ms─▒z de─şi┼şkeni 'const wchar_t [81]' de─şerinden 'std::basic_format_string<char,const uint32_t &,const uint32_t &,const uint32_t &> &&' de─şerine d├Ân├╝┼şt├╝r├╝lemez
                          C:\ShadowStrike\ShadowStrike\src\Shared_modules\Core\Registry\StartupAnalyzer.cpp(1314,29):
                          Nedeni: 'const wchar_t [81]' de─şerinden 'std::basic_format_string<char,const uint32_t &,const uint32_t &,const uint32_t &>' de─şerine d├Ân├╝┼şt├╝r├╝lemez
                          C:\ShadowStrike\ShadowStrike\src\Shared_modules\Core\Registry\StartupAnalyzer.cpp(1314,29):
                          D├Ân├╝┼şt├╝rme ikinci bir kullan─▒c─▒ tan─▒ml─▒ d├Ân├╝┼şt├╝rme i┼şleci veya olu┼şturucu gerektiriyor
                  C:\Program Files\Microsoft Visual Studio\2022\Community\VC\Tools\MSVC\14.44.35207\include\format(2867,1):
                  veya       'std::basic_format_string<char,const uint32_t &,const uint32_t &,const uint32_t &>::basic_format_string(const std::basic_format_string<char,const uint32_t &,const uint32_t &,const uint32_t &> &)'
                      C:\ShadowStrike\ShadowStrike\src\Shared_modules\Core\Registry\StartupAnalyzer.cpp(1314,29):
                      'std::basic_format_string<char,const uint32_t &,const uint32_t &,const uint32_t &>::basic_format_string(const std::basic_format_string<char,const uint32_t &,const uint32_t &,const uint32_t &> &)' : 1 ba─ş─▒ms─▒z de─şi┼şkeni 'const wchar_t [81]' de─şerinden 'const std::basic_format_string<char,const uint32_t &,const uint32_t &,const uint32_t &> &' de─şerine d├Ân├╝┼şt├╝r├╝lemez
                          C:\ShadowStrike\ShadowStrike\src\Shared_modules\Core\Registry\StartupAnalyzer.cpp(1314,29):
                          Nedeni: 'const wchar_t [81]' de─şerinden 'const std::basic_format_string<char,const uint32_t &,const uint32_t &,const uint32_t &>' de─şerine d├Ân├╝┼şt├╝r├╝lemez
                          C:\ShadowStrike\ShadowStrike\src\Shared_modules\Core\Registry\StartupAnalyzer.cpp(1314,29):
                          D├Ân├╝┼şt├╝rme ikinci bir kullan─▒c─▒ tan─▒ml─▒ d├Ân├╝┼şt├╝rme i┼şleci veya olu┼şturucu gerektiriyor
                  C:\Program Files\Microsoft Visual Studio\2022\Community\VC\Tools\MSVC\14.44.35207\include\format(2850,5):
                  veya       'std::basic_format_string<char,const uint32_t &,const uint32_t &,const uint32_t &>::basic_format_string(const _Ty &)'
                  C:\ShadowStrike\ShadowStrike\src\Shared_modules\Core\Registry\StartupAnalyzer.cpp(1314,29):
                  '(const wchar_t [81])' ba─ş─▒ms─▒z de─şi┼şken listesi e┼şlenmeye ├ğal─▒┼ş─▒l─▒rken
      C:\ShadowStrike\ShadowStrike\src\Shared_modules\Core\Registry\StartupAnalyzer.cpp(1314,24):
      '(const wchar_t [81], const uint32_t, const uint32_t, const uint32_t)' ba─ş─▒ms─▒z de─şi┼şken listesi e┼şlenmeye ├ğal─▒┼ş─▒l─▒rken
  
C:\ShadowStrike\ShadowStrike\src\Shared_modules\HashStore\HashStore_query_operations.cpp(128,49): error C2039: 'BatchLookup': bir 'ShadowStrike::HashStore' ├╝yesi de─şil [C:\ShadowStrike\ShadowStrike\ShadowStrike.vcxproj]
  ('/src/Shared_modules/HashStore/HashStore_query_operations.cpp' kaynak dosyas─▒ derleniyor)
      C:\ShadowStrike\ShadowStrike\src\Shared_modules\HashStore\HashStore.hpp(66,11):
      'ShadowStrike::HashStore' bildirimine bak─▒n
  
C:\ShadowStrike\ShadowStrike\src\Shared_modules\Core\Registry\StartupAnalyzer.cpp(1320,49): error C2039: 'Utf8ToWide': bir 'ShadowStrike::Utils::StringUtils' ├╝yesi de─şil [C:\ShadowStrike\ShadowStrike\ShadowStrike.vcxproj]
  ('/src/Shared_modules/Core/Registry/StartupAnalyzer.cpp' kaynak dosyas─▒ derleniyor)
      C:\ShadowStrike\ShadowStrike\src\Shared_modules\Utils\StringUtils.hpp(63,19):
      'ShadowStrike::Utils::StringUtils' bildirimine bak─▒n
  
C:\ShadowStrike\ShadowStrike\src\Shared_modules\HashStore\HashStore_query_operations.cpp(128,49): error C2270: 'BatchLookup': ├╝ye olmayan i┼şlevlerde de─şi┼ştiricilere izin verilmez [C:\ShadowStrike\ShadowStrike\ShadowStrike.vcxproj]
  ('/src/Shared_modules/HashStore/HashStore_query_operations.cpp' kaynak dosyas─▒ derleniyor)
  
C:\ShadowStrike\ShadowStrike\src\Shared_modules\Core\Registry\StartupAnalyzer.cpp(1320,49): error C3861: 'Utf8ToWide': tan─▒mlay─▒c─▒ bulunamad─▒ [C:\ShadowStrike\ShadowStrike\ShadowStrike.vcxproj]
  ('/src/Shared_modules/Core/Registry/StartupAnalyzer.cpp' kaynak dosyas─▒ derleniyor)
  
C:\ShadowStrike\ShadowStrike\src\Shared_modules\Core\Registry\StartupAnalyzer.cpp(1319,24): error C2660: 'ShadowStrike::Utils::Logger::Error': i┼şlev 2 ba─ş─▒ms─▒z de─şi┼şken alm─▒yor [C:\ShadowStrike\ShadowStrike\ShadowStrike.vcxproj]
  ('/src/Shared_modules/Core/Registry/StartupAnalyzer.cpp' kaynak dosyas─▒ derleniyor)
      C:\ShadowStrike\ShadowStrike\src\Shared_modules\Utils\Logger.hpp(263,16):
      'ShadowStrike::Utils::Logger::Error' bildirimine bak─▒n
      C:\ShadowStrike\ShadowStrike\src\Shared_modules\Utils\Logger.hpp(274,16):
      'void ShadowStrike::Utils::Logger::Error(std::basic_format_string<char,type_identity<_Args>::type...>,Args ...)' olabilirdi
          C:\ShadowStrike\ShadowStrike\src\Shared_modules\Core\Registry\StartupAnalyzer.cpp(1319,24):
          'void ShadowStrike::Utils::Logger::Error(std::basic_format_string<char,type_identity<_Args>::type...>,Args ...)' i┼şlev ┼şablonu ├Âzelle┼ştirilemedi
              C:\ShadowStrike\ShadowStrike\src\Shared_modules\Core\Registry\StartupAnalyzer.cpp(1319,24):
              ┼Şu ┼şablon ba─ş─▒ms─▒z de─şi┼şkenleriyle:
                  C:\ShadowStrike\ShadowStrike\src\Shared_modules\Core\Registry\StartupAnalyzer.cpp(1319,24):
                  'Args={<error type>}'
      C:\ShadowStrike\ShadowStrike\src\Shared_modules\Core\Registry\StartupAnalyzer.cpp(1319,24):
      '(const wchar_t [59], <error type>)' ba─ş─▒ms─▒z de─şi┼şken listesi e┼şlenmeye ├ğal─▒┼ş─▒l─▒rken
  
C:\ShadowStrike\ShadowStrike\src\Shared_modules\HashStore\HashStore_query_operations.cpp(157,54): error C2065: 'm_globalLock': bildirimi yap─▒lmam─▒┼ş tan─▒mlay─▒c─▒ [C:\ShadowStrike\ShadowStrike\ShadowStrike.vcxproj]
  ('/src/Shared_modules/HashStore/HashStore_query_operations.cpp' kaynak dosyas─▒ derleniyor)
  
C:\ShadowStrike\ShadowStrike\src\Shared_modules\Core\Registry\StartupAnalyzer.cpp(1440,28): error C2665: 'ShadowStrike::Utils::Logger::Warn': hi├ğbir a┼ş─▒r─▒ y├╝klenmi┼ş i┼şlev t├╝m arg├╝man t├╝rlerini d├Ân├╝┼şt├╝remez [C:\ShadowStrike\ShadowStrike\ShadowStrike.vcxproj]
  ('/src/Shared_modules/Core/Registry/StartupAnalyzer.cpp' kaynak dosyas─▒ derleniyor)
      C:\ShadowStrike\ShadowStrike\src\Shared_modules\Utils\Logger.hpp(278,16):
      'void ShadowStrike::Utils::Logger::Warn<uint64_t&>(std::basic_format_string<char,uint64_t &>,uint64_t &)' olabilirdi
          C:\ShadowStrike\ShadowStrike\src\Shared_modules\Core\Registry\StartupAnalyzer.cpp(1440,28):
          'void ShadowStrike::Utils::Logger::Warn<uint64_t&>(std::basic_format_string<char,uint64_t &>,uint64_t &)' : 1 ba─ş─▒ms─▒z de─şi┼şkeni 'const wchar_t [49]' de─şerinden 'std::basic_format_string<char,uint64_t &>' de─şerine d├Ân├╝┼şt├╝r├╝lemez
              C:\ShadowStrike\ShadowStrike\src\Shared_modules\Core\Registry\StartupAnalyzer.cpp(1440,33):
              'std::basic_format_string<char,uint64_t &>::basic_format_string': hi├ğbir a┼ş─▒r─▒ y├╝klenmi┼ş i┼şlev t├╝m arg├╝man t├╝rlerini d├Ân├╝┼şt├╝remez
                  C:\Program Files\Microsoft Visual Studio\2022\Community\VC\Tools\MSVC\14.44.35207\include\format(2867,1):
                  'std::basic_format_string<char,uint64_t &>::basic_format_string(std::basic_format_string<char,uint64_t &> &&)' olabilirdi
                      C:\ShadowStrike\ShadowStrike\src\Shared_modules\Core\Registry\StartupAnalyzer.cpp(1440,33):
                      'std::basic_format_string<char,uint64_t &>::basic_format_string(std::basic_format_string<char,uint64_t &> &&)' : 1 ba─ş─▒ms─▒z de─şi┼şkeni 'const wchar_t [49]' de─şerinden 'std::basic_format_string<char,uint64_t &> &&' de─şerine d├Ân├╝┼şt├╝r├╝lemez
                          C:\ShadowStrike\ShadowStrike\src\Shared_modules\Core\Registry\StartupAnalyzer.cpp(1440,33):
                          Nedeni: 'const wchar_t [49]' de─şerinden 'std::basic_format_string<char,uint64_t &>' de─şerine d├Ân├╝┼şt├╝r├╝lemez
                          C:\ShadowStrike\ShadowStrike\src\Shared_modules\Core\Registry\StartupAnalyzer.cpp(1440,33):
                          D├Ân├╝┼şt├╝rme ikinci bir kullan─▒c─▒ tan─▒ml─▒ d├Ân├╝┼şt├╝rme i┼şleci veya olu┼şturucu gerektiriyor
                  C:\Program Files\Microsoft Visual Studio\2022\Community\VC\Tools\MSVC\14.44.35207\include\format(2867,1):
                  veya       'std::basic_format_string<char,uint64_t &>::basic_format_string(const std::basic_format_string<char,uint64_t &> &)'
                      C:\ShadowStrike\ShadowStrike\src\Shared_modules\Core\Registry\StartupAnalyzer.cpp(1440,33):
                      'std::basic_format_string<char,uint64_t &>::basic_format_string(const std::basic_format_string<char,uint64_t &> &)' : 1 ba─ş─▒ms─▒z de─şi┼şkeni 'const wchar_t [49]' de─şerinden 'const std::basic_format_string<char,uint64_t &> &' de─şerine d├Ân├╝┼şt├╝r├╝lemez
                          C:\ShadowStrike\ShadowStrike\src\Shared_modules\Core\Registry\StartupAnalyzer.cpp(1440,33):
                          Nedeni: 'const wchar_t [49]' de─şerinden 'const std::basic_format_string<char,uint64_t &>' de─şerine d├Ân├╝┼şt├╝r├╝lemez
                          C:\ShadowStrike\ShadowStrike\src\Shared_modules\Core\Registry\StartupAnalyzer.cpp(1440,33):
                          D├Ân├╝┼şt├╝rme ikinci bir kullan─▒c─▒ tan─▒ml─▒ d├Ân├╝┼şt├╝rme i┼şleci veya olu┼şturucu gerektiriyor
                  C:\Program Files\Microsoft Visual Studio\2022\Community\VC\Tools\MSVC\14.44.35207\include\format(2850,5):
                  veya       'std::basic_format_string<char,uint64_t &>::basic_format_string(const _Ty &)'
                  C:\ShadowStrike\ShadowStrike\src\Shared_modules\Core\Registry\StartupAnalyzer.cpp(1440,33):
                  '(const wchar_t [49])' ba─ş─▒ms─▒z de─şi┼şken listesi e┼şlenmeye ├ğal─▒┼ş─▒l─▒rken
      C:\ShadowStrike\ShadowStrike\src\Shared_modules\Core\Registry\StartupAnalyzer.cpp(1440,28):
      '(const wchar_t [49], uint64_t)' ba─ş─▒ms─▒z de─şi┼şken listesi e┼şlenmeye ├ğal─▒┼ş─▒l─▒rken
  
C:\ShadowStrike\ShadowStrike\src\Shared_modules\Exploits\StackPivotDetector.cpp(1324,25): error C2280: 'ShadowStrike::Exploits::StackPivotStatistics &ShadowStrike::Exploits::StackPivotStatistics::operator =(const ShadowStrike::Exploits::StackPivotStatistics &)': silinmi┼ş bir i┼şleve ba┼şvurmaya ├ğal─▒┼ş─▒yor [C:\ShadowStrike\ShadowStrike\ShadowStrike.vcxproj]
  ('/src/Shared_modules/Exploits/StackPivotDetector.cpp' kaynak dosyas─▒ derleniyor)
      C:\ShadowStrike\ShadowStrike\src\Shared_modules\Exploits\StackPivotDetector.hpp(450,1):
      derleyici burada 'ShadowStrike::Exploits::StackPivotStatistics::operator =' olu┼şturdu
      C:\ShadowStrike\ShadowStrike\src\Shared_modules\Exploits\StackPivotDetector.hpp(450,1):
      'ShadowStrike::Exploits::StackPivotStatistics &ShadowStrike::Exploits::StackPivotStatistics::operator =(const ShadowStrike::Exploits::StackPivotStatistics &)': veri ├╝yesi, silinmi┼ş veya eri┼şilemeyen 'std::atomic<unsigned __int64> &std::atomic<unsigned __int64>::operator =(const std::atomic<unsigned __int64> &)' i┼şlevini ├ğa─ş─▒rd─▒─ş─▒ndan i┼şlev ├Ârt├╝k olarak silindi
  
C:\ShadowStrike\ShadowStrike\src\Shared_modules\Core\Registry\StartupAnalyzer.cpp(1463,24): error C2665: 'ShadowStrike::Utils::Logger::Info': hi├ğbir a┼ş─▒r─▒ y├╝klenmi┼ş i┼şlev t├╝m arg├╝man t├╝rlerini d├Ân├╝┼şt├╝remez [C:\ShadowStrike\ShadowStrike\ShadowStrike.vcxproj]
  ('/src/Shared_modules/Core/Registry/StartupAnalyzer.cpp' kaynak dosyas─▒ derleniyor)
      C:\ShadowStrike\ShadowStrike\src\Shared_modules\Utils\Logger.hpp(282,16):
      'void ShadowStrike::Utils::Logger::Info<uint64_t&>(std::basic_format_string<char,uint64_t &>,uint64_t &)' olabilirdi
          C:\ShadowStrike\ShadowStrike\src\Shared_modules\Core\Registry\StartupAnalyzer.cpp(1463,24):
          'void ShadowStrike::Utils::Logger::Info<uint64_t&>(std::basic_format_string<char,uint64_t &>,uint64_t &)' : 1 ba─ş─▒ms─▒z de─şi┼şkeni 'const wchar_t [39]' de─şerinden 'std::basic_format_string<char,uint64_t &>' de─şerine d├Ân├╝┼şt├╝r├╝lemez
              C:\ShadowStrike\ShadowStrike\src\Shared_modules\Core\Registry\StartupAnalyzer.cpp(1463,29):
              'std::basic_format_string<char,uint64_t &>::basic_format_string': hi├ğbir a┼ş─▒r─▒ y├╝klenmi┼ş i┼şlev t├╝m arg├╝man t├╝rlerini d├Ân├╝┼şt├╝remez
                  C:\Program Files\Microsoft Visual Studio\2022\Community\VC\Tools\MSVC\14.44.35207\include\format(2867,1):
                  'std::basic_format_string<char,uint64_t &>::basic_format_string(std::basic_format_string<char,uint64_t &> &&)' olabilirdi
                      C:\ShadowStrike\ShadowStrike\src\Shared_modules\Core\Registry\StartupAnalyzer.cpp(1463,29):
                      'std::basic_format_string<char,uint64_t &>::basic_format_string(std::basic_format_string<char,uint64_t &> &&)' : 1 ba─ş─▒ms─▒z de─şi┼şkeni 'const wchar_t [39]' de─şerinden 'std::basic_format_string<char,uint64_t &> &&' de─şerine d├Ân├╝┼şt├╝r├╝lemez
                          C:\ShadowStrike\ShadowStrike\src\Shared_modules\Core\Registry\StartupAnalyzer.cpp(1463,29):
                          Nedeni: 'const wchar_t [39]' de─şerinden 'std::basic_format_string<char,uint64_t &>' de─şerine d├Ân├╝┼şt├╝r├╝lemez
                          C:\ShadowStrike\ShadowStrike\src\Shared_modules\Core\Registry\StartupAnalyzer.cpp(1463,29):
                          D├Ân├╝┼şt├╝rme ikinci bir kullan─▒c─▒ tan─▒ml─▒ d├Ân├╝┼şt├╝rme i┼şleci veya olu┼şturucu gerektiriyor
                  C:\Program Files\Microsoft Visual Studio\2022\Community\VC\Tools\MSVC\14.44.35207\include\format(2867,1):
                  veya       'std::basic_format_string<char,uint64_t &>::basic_format_string(const std::basic_format_string<char,uint64_t &> &)'
                      C:\ShadowStrike\ShadowStrike\src\Shared_modules\Core\Registry\StartupAnalyzer.cpp(1463,29):
                      'std::basic_format_string<char,uint64_t &>::basic_format_string(const std::basic_format_string<char,uint64_t &> &)' : 1 ba─ş─▒ms─▒z de─şi┼şkeni 'const wchar_t [39]' de─şerinden 'const std::basic_format_string<char,uint64_t &> &' de─şerine d├Ân├╝┼şt├╝r├╝lemez
                          C:\ShadowStrike\ShadowStrike\src\Shared_modules\Core\Registry\StartupAnalyzer.cpp(1463,29):
                          Nedeni: 'const wchar_t [39]' de─şerinden 'const std::basic_format_string<char,uint64_t &>' de─şerine d├Ân├╝┼şt├╝r├╝lemez
                          C:\ShadowStrike\ShadowStrike\src\Shared_modules\Core\Registry\StartupAnalyzer.cpp(1463,29):
                          D├Ân├╝┼şt├╝rme ikinci bir kullan─▒c─▒ tan─▒ml─▒ d├Ân├╝┼şt├╝rme i┼şleci veya olu┼şturucu gerektiriyor
                  C:\Program Files\Microsoft Visual Studio\2022\Community\VC\Tools\MSVC\14.44.35207\include\format(2850,5):
                  veya       'std::basic_format_string<char,uint64_t &>::basic_format_string(const _Ty &)'
                  C:\ShadowStrike\ShadowStrike\src\Shared_modules\Core\Registry\StartupAnalyzer.cpp(1463,29):
                  '(const wchar_t [39])' ba─ş─▒ms─▒z de─şi┼şken listesi e┼şlenmeye ├ğal─▒┼ş─▒l─▒rken
      C:\ShadowStrike\ShadowStrike\src\Shared_modules\Core\Registry\StartupAnalyzer.cpp(1463,24):
      '(const wchar_t [39], uint64_t)' ba─ş─▒ms─▒z de─şi┼şken listesi e┼şlenmeye ├ğal─▒┼ş─▒l─▒rken
  
C:\ShadowStrike\ShadowStrike\src\Shared_modules\Core\Registry\StartupAnalyzer.cpp(1463,24): error C1003: hata say─▒s─▒ 100 taneyi a┼şt─▒; derleme durduruluyor [C:\ShadowStrike\ShadowStrike\ShadowStrike.vcxproj]
  ('/src/Shared_modules/Core/Registry/StartupAnalyzer.cpp' kaynak dosyas─▒ derleniyor)
  
C:\ShadowStrike\ShadowStrike\src\Shared_modules\Exploits\StackPivotDetector.cpp(1455,24): error C2039: 'Critical': bir 'ShadowStrike::Utils::Logger' ├╝yesi de─şil [C:\ShadowStrike\ShadowStrike\ShadowStrike.vcxproj]
  ('/src/Shared_modules/Exploits/StackPivotDetector.cpp' kaynak dosyas─▒ derleniyor)
      C:\ShadowStrike\ShadowStrike\src\Shared_modules\Utils\Logger.hpp(159,9):
      'ShadowStrike::Utils::Logger' bildirimine bak─▒n
  
C:\ShadowStrike\ShadowStrike\src\Shared_modules\Exploits\StackPivotDetector.cpp(1455,24): error C3861: 'Critical': tan─▒mlay─▒c─▒ bulunamad─▒ [C:\ShadowStrike\ShadowStrike\ShadowStrike.vcxproj]
  ('/src/Shared_modules/Exploits/StackPivotDetector.cpp' kaynak dosyas─▒ derleniyor)
  
C:\ShadowStrike\ShadowStrike\src\Shared_modules\HashStore\HashStore_query_operations.cpp(189,25): error C2039: 'Contains': bir 'ShadowStrike::HashStore' ├╝yesi de─şil [C:\ShadowStrike\ShadowStrike\ShadowStrike.vcxproj]
  ('/src/Shared_modules/HashStore/HashStore_query_operations.cpp' kaynak dosyas─▒ derleniyor)
      C:\ShadowStrike\ShadowStrike\src\Shared_modules\HashStore\HashStore.hpp(66,11):
      'ShadowStrike::HashStore' bildirimine bak─▒n
  
C:\ShadowStrike\ShadowStrike\src\Shared_modules\HashStore\HashStore_query_operations.cpp(189,25): error C2270: 'Contains': ├╝ye olmayan i┼şlevlerde de─şi┼ştiricilere izin verilmez [C:\ShadowStrike\ShadowStrike\ShadowStrike.vcxproj]
  ('/src/Shared_modules/HashStore/HashStore_query_operations.cpp' kaynak dosyas─▒ derleniyor)
  
C:\ShadowStrike\ShadowStrike\src\Shared_modules\HashStore\HashStore_query_operations.cpp(193,49): error C2039: 'FuzzyMatch': bir 'ShadowStrike::HashStore' ├╝yesi de─şil [C:\ShadowStrike\ShadowStrike\ShadowStrike.vcxproj]
  ('/src/Shared_modules/HashStore/HashStore_query_operations.cpp' kaynak dosyas─▒ derleniyor)
      C:\ShadowStrike\ShadowStrike\src\Shared_modules\HashStore\HashStore.hpp(66,11):
      'ShadowStrike::HashStore' bildirimine bak─▒n
  
C:\ShadowStrike\ShadowStrike\src\Shared_modules\HashStore\HashStore_query_operations.cpp(193,49): error C2270: 'FuzzyMatch': ├╝ye olmayan i┼şlevlerde de─şi┼ştiricilere izin verilmez [C:\ShadowStrike\ShadowStrike\ShadowStrike.vcxproj]
  ('/src/Shared_modules/HashStore/HashStore_query_operations.cpp' kaynak dosyas─▒ derleniyor)
  
C:\ShadowStrike\ShadowStrike\src\Shared_modules\HashStore\HashStore_query_operations.cpp(250,54): error C2065: 'm_globalLock': bildirimi yap─▒lmam─▒┼ş tan─▒mlay─▒c─▒ [C:\ShadowStrike\ShadowStrike\ShadowStrike.vcxproj]
  ('/src/Shared_modules/HashStore/HashStore_query_operations.cpp' kaynak dosyas─▒ derleniyor)
  
C:\ShadowStrike\ShadowStrike\src\Shared_modules\HashStore\HashStore_query_operations.cpp(252,18): error C2065: 'm_initialized': bildirimi yap─▒lmam─▒┼ş tan─▒mlay─▒c─▒ [C:\ShadowStrike\ShadowStrike\ShadowStrike.vcxproj]
  ('/src/Shared_modules/HashStore/HashStore_query_operations.cpp' kaynak dosyas─▒ derleniyor)
  
C:\ShadowStrike\ShadowStrike\src\Shared_modules\HashStore\HashStore_query_operations.cpp(257,13): error C4430: t├╝r belirticisi eksik - int varsay─▒ld─▒. Not: C++ varsay─▒lan int deste─şi i├ğermez [C:\ShadowStrike\ShadowStrike\ShadowStrike.vcxproj]
  ('/src/Shared_modules/HashStore/HashStore_query_operations.cpp' kaynak dosyas─▒ derleniyor)
  
C:\ShadowStrike\ShadowStrike\src\Shared_modules\HashStore\HashStore_query_operations.cpp(257,29): error C2143: s├Âzdizimi hatas─▒: ';' eksik ('*' ├Âncesinde) [C:\ShadowStrike\ShadowStrike\ShadowStrike.vcxproj]
  ('/src/Shared_modules/HashStore/HashStore_query_operations.cpp' kaynak dosyas─▒ derleniyor)
  
C:\ShadowStrike\ShadowStrike\src\Shared_modules\HashStore\HashStore_query_operations.cpp(257,31): error C2065: 'bucket': bildirimi yap─▒lmam─▒┼ş tan─▒mlay─▒c─▒ [C:\ShadowStrike\ShadowStrike\ShadowStrike.vcxproj]
  ('/src/Shared_modules/HashStore/HashStore_query_operations.cpp' kaynak dosyas─▒ derleniyor)
  
C:\ShadowStrike\ShadowStrike\src\Shared_modules\HashStore\HashStore_query_operations.cpp(257,40): error C3861: 'GetBucket': tan─▒mlay─▒c─▒ bulunamad─▒ [C:\ShadowStrike\ShadowStrike\ShadowStrike.vcxproj]
  ('/src/Shared_modules/HashStore/HashStore_query_operations.cpp' kaynak dosyas─▒ derleniyor)
  
C:\ShadowStrike\ShadowStrike\src\Shared_modules\HashStore\HashStore_query_operations.cpp(258,18): error C2065: 'bucket': bildirimi yap─▒lmam─▒┼ş tan─▒mlay─▒c─▒ [C:\ShadowStrike\ShadowStrike\ShadowStrike.vcxproj]
  ('/src/Shared_modules/HashStore/HashStore_query_operations.cpp' kaynak dosyas─▒ derleniyor)
  
C:\ShadowStrike\ShadowStrike\src\Shared_modules\HashStore\HashStore_query_operations.cpp(266,18): error C2065: 'bucket': bildirimi yap─▒lmam─▒┼ş tan─▒mlay─▒c─▒ [C:\ShadowStrike\ShadowStrike\ShadowStrike.vcxproj]
  ('/src/Shared_modules/HashStore/HashStore_query_operations.cpp' kaynak dosyas─▒ derleniyor)
  
C:\ShadowStrike\ShadowStrike\src\Shared_modules\HashStore\HashStore_query_operations.cpp(280,13): error C2065: 'm_totalLookups': bildirimi yap─▒lmam─▒┼ş tan─▒mlay─▒c─▒ [C:\ShadowStrike\ShadowStrike\ShadowStrike.vcxproj]
  ('/src/Shared_modules/HashStore/HashStore_query_operations.cpp' kaynak dosyas─▒ derleniyor)
  
C:\ShadowStrike\ShadowStrike\src\Shared_modules\HashStore\HashStore_query_operations.cpp(337,13): error C2065: 'bucket': bildirimi yap─▒lmam─▒┼ş tan─▒mlay─▒c─▒ [C:\ShadowStrike\ShadowStrike\ShadowStrike.vcxproj]
  ('/src/Shared_modules/HashStore/HashStore_query_operations.cpp' kaynak dosyas─▒ derleniyor)
  
C:\ShadowStrike\ShadowStrike\src\Shared_modules\HashStore\HashStore_query_operations.cpp(356,25): error C2065: 'm_perfFrequency': bildirimi yap─▒lmam─▒┼ş tan─▒mlay─▒c─▒ [C:\ShadowStrike\ShadowStrike\ShadowStrike.vcxproj]
  ('/src/Shared_modules/HashStore/HashStore_query_operations.cpp' kaynak dosyas─▒ derleniyor)
  
C:\ShadowStrike\ShadowStrike\src\Shared_modules\HashStore\HashStore_query_operations.cpp(377,75): error C2065: 'm_mappedView': bildirimi yap─▒lmam─▒┼ş tan─▒mlay─▒c─▒ [C:\ShadowStrike\ShadowStrike\ShadowStrike.vcxproj]
  ('/src/Shared_modules/HashStore/HashStore_query_operations.cpp' kaynak dosyas─▒ derleniyor)
  
C:\ShadowStrike\ShadowStrike\src\Shared_modules\HashStore\HashStore_query_operations.cpp(383,44): error C2065: 'm_mappedView': bildirimi yap─▒lmam─▒┼ş tan─▒mlay─▒c─▒ [C:\ShadowStrike\ShadowStrike\ShadowStrike.vcxproj]
  ('/src/Shared_modules/HashStore/HashStore_query_operations.cpp' kaynak dosyas─▒ derleniyor)
  
C:\ShadowStrike\ShadowStrike\src\Shared_modules\HashStore\HashStore_query_operations.cpp(384,25): error C2065: 'm_mappedView': bildirimi yap─▒lmam─▒┼ş tan─▒mlay─▒c─▒ [C:\ShadowStrike\ShadowStrike\ShadowStrike.vcxproj]
  ('/src/Shared_modules/HashStore/HashStore_query_operations.cpp' kaynak dosyas─▒ derleniyor)
  
C:\ShadowStrike\ShadowStrike\src\Shared_modules\HashStore\HashStore_query_operations.cpp(396,63): error C2065: 'm_mappedView': bildirimi yap─▒lmam─▒┼ş tan─▒mlay─▒c─▒ [C:\ShadowStrike\ShadowStrike\ShadowStrike.vcxproj]
  ('/src/Shared_modules/HashStore/HashStore_query_operations.cpp' kaynak dosyas─▒ derleniyor)
  
C:\ShadowStrike\ShadowStrike\src\Shared_modules\HashStore\HashStore_query_operations.cpp(572,21): error C2065: 'm_perfFrequency': bildirimi yap─▒lmam─▒┼ş tan─▒mlay─▒c─▒ [C:\ShadowStrike\ShadowStrike\ShadowStrike.vcxproj]
  ('/src/Shared_modules/HashStore/HashStore_query_operations.cpp' kaynak dosyas─▒ derleniyor)
  
C:\ShadowStrike\ShadowStrike\src\Shared_modules\HashStore\HashStore_query_operations.cpp(587,21): error C2065: 'bucket': bildirimi yap─▒lmam─▒┼ş tan─▒mlay─▒c─▒ [C:\ShadowStrike\ShadowStrike\ShadowStrike.vcxproj]
  ('/src/Shared_modules/HashStore/HashStore_query_operations.cpp' kaynak dosyas─▒ derleniyor)
  
C:\ShadowStrike\ShadowStrike\src\Shared_modules\HashStore\HashStore_query_operations.cpp(589,26): error C2065: 'bucket': bildirimi yap─▒lmam─▒┼ş tan─▒mlay─▒c─▒ [C:\ShadowStrike\ShadowStrike\ShadowStrike.vcxproj]
  ('/src/Shared_modules/HashStore/HashStore_query_operations.cpp' kaynak dosyas─▒ derleniyor)
  
C:\ShadowStrike\ShadowStrike\src\Shared_modules\HashStore\HashStore_query_operations.cpp(705,21): error C2065: 'm_perfFrequency': bildirimi yap─▒lmam─▒┼ş tan─▒mlay─▒c─▒ [C:\ShadowStrike\ShadowStrike\ShadowStrike.vcxproj]
  ('/src/Shared_modules/HashStore/HashStore_query_operations.cpp' kaynak dosyas─▒ derleniyor)
  
C:\ShadowStrike\ShadowStrike\src\Shared_modules\HashStore\HashStore_query_operations.cpp(718,46): error C3861: 'BuildDetectionResult': tan─▒mlay─▒c─▒ bulunamad─▒ [C:\ShadowStrike\ShadowStrike\ShadowStrike.vcxproj]
  ('/src/Shared_modules/HashStore/HashStore_query_operations.cpp' kaynak dosyas─▒ derleniyor)
  
C:\ShadowStrike\ShadowStrike\src\Shared_modules\Exploits\HeapSprayDetector.cpp(263,5): error C2653: 'Logger': bir s─▒n─▒f veya ad alan─▒ ad─▒ de─şil [C:\ShadowStrike\ShadowStrike\ShadowStrike.vcxproj]
  ('/src/Shared_modules/Exploits/HeapSprayDetector.cpp' kaynak dosyas─▒ derleniyor)
  
C:\ShadowStrike\ShadowStrike\src\Shared_modules\Exploits\HeapSprayDetector.cpp(263,13): error C3861: 'Info': tan─▒mlay─▒c─▒ bulunamad─▒ [C:\ShadowStrike\ShadowStrike\ShadowStrike.vcxproj]
  ('/src/Shared_modules/Exploits/HeapSprayDetector.cpp' kaynak dosyas─▒ derleniyor)
  
C:\ShadowStrike\ShadowStrike\src\Shared_modules\Exploits\HeapSprayDetector.cpp(268,5): error C2653: 'Logger': bir s─▒n─▒f veya ad alan─▒ ad─▒ de─şil [C:\ShadowStrike\ShadowStrike\ShadowStrike.vcxproj]
  ('/src/Shared_modules/Exploits/HeapSprayDetector.cpp' kaynak dosyas─▒ derleniyor)
  
C:\ShadowStrike\ShadowStrike\src\Shared_modules\Exploits\HeapSprayDetector.cpp(268,13): error C3861: 'Info': tan─▒mlay─▒c─▒ bulunamad─▒ [C:\ShadowStrike\ShadowStrike\ShadowStrike.vcxproj]
  ('/src/Shared_modules/Exploits/HeapSprayDetector.cpp' kaynak dosyas─▒ derleniyor)
  
C:\ShadowStrike\ShadowStrike\src\Shared_modules\Exploits\HeapSprayDetector.cpp(275,9): error C2653: 'Logger': bir s─▒n─▒f veya ad alan─▒ ad─▒ de─şil [C:\ShadowStrike\ShadowStrike\ShadowStrike.vcxproj]
  ('/src/Shared_modules/Exploits/HeapSprayDetector.cpp' kaynak dosyas─▒ derleniyor)
  
C:\ShadowStrike\ShadowStrike\src\Shared_modules\Exploits\HeapSprayDetector.cpp(275,17): error C3861: 'Warn': tan─▒mlay─▒c─▒ bulunamad─▒ [C:\ShadowStrike\ShadowStrike\ShadowStrike.vcxproj]
  ('/src/Shared_modules/Exploits/HeapSprayDetector.cpp' kaynak dosyas─▒ derleniyor)
  
C:\ShadowStrike\ShadowStrike\src\Shared_modules\Exploits\HeapSprayDetector.cpp(284,13): error C2653: 'Logger': bir s─▒n─▒f veya ad alan─▒ ad─▒ de─şil [C:\ShadowStrike\ShadowStrike\ShadowStrike.vcxproj]
  ('/src/Shared_modules/Exploits/HeapSprayDetector.cpp' kaynak dosyas─▒ derleniyor)
  
C:\ShadowStrike\ShadowStrike\src\Shared_modules\Exploits\HeapSprayDetector.cpp(284,21): error C3861: 'Error': tan─▒mlay─▒c─▒ bulunamad─▒ [C:\ShadowStrike\ShadowStrike\ShadowStrike.vcxproj]
  ('/src/Shared_modules/Exploits/HeapSprayDetector.cpp' kaynak dosyas─▒ derleniyor)
  
C:\ShadowStrike\ShadowStrike\src\Shared_modules\Exploits\HeapSprayDetector.cpp(293,59): error C2039: 'Instance': bir 'ShadowStrike::PatternStore::PatternStore' ├╝yesi de─şil [C:\ShadowStrike\ShadowStrike\ShadowStrike.vcxproj]
  ('/src/Shared_modules/Exploits/HeapSprayDetector.cpp' kaynak dosyas─▒ derleniyor)
      C:\ShadowStrike\ShadowStrike\src\Shared_modules\PatternStore\PatternStore.hpp(239,15):
      'ShadowStrike::PatternStore::PatternStore' bildirimine bak─▒n
  
C:\ShadowStrike\ShadowStrike\src\Shared_modules\Exploits\HeapSprayDetector.cpp(293,59): error C3861: 'Instance': tan─▒mlay─▒c─▒ bulunamad─▒ [C:\ShadowStrike\ShadowStrike\ShadowStrike.vcxproj]
  ('/src/Shared_modules/Exploits/HeapSprayDetector.cpp' kaynak dosyas─▒ derleniyor)
  
C:\ShadowStrike\ShadowStrike\src\Shared_modules\Exploits\HeapSprayDetector.cpp(295,13): error C2653: 'Logger': bir s─▒n─▒f veya ad alan─▒ ad─▒ de─şil [C:\ShadowStrike\ShadowStrike\ShadowStrike.vcxproj]
  ('/src/Shared_modules/Exploits/HeapSprayDetector.cpp' kaynak dosyas─▒ derleniyor)
  
C:\ShadowStrike\ShadowStrike\src\Shared_modules\Exploits\HeapSprayDetector.cpp(295,21): error C3861: 'Warn': tan─▒mlay─▒c─▒ bulunamad─▒ [C:\ShadowStrike\ShadowStrike\ShadowStrike.vcxproj]
  ('/src/Shared_modules/Exploits/HeapSprayDetector.cpp' kaynak dosyas─▒ derleniyor)
  
C:\ShadowStrike\ShadowStrike\src\Shared_modules\Exploits\HeapSprayDetector.cpp(314,9): error C2653: 'Logger': bir s─▒n─▒f veya ad alan─▒ ad─▒ de─şil [C:\ShadowStrike\ShadowStrike\ShadowStrike.vcxproj]
  ('/src/Shared_modules/Exploits/HeapSprayDetector.cpp' kaynak dosyas─▒ derleniyor)
  
C:\ShadowStrike\ShadowStrike\src\Shared_modules\Exploits\HeapSprayDetector.cpp(314,83): error C3861: 'GetVersionString': tan─▒mlay─▒c─▒ bulunamad─▒ [C:\ShadowStrike\ShadowStrike\ShadowStrike.vcxproj]
  ('/src/Shared_modules/Exploits/HeapSprayDetector.cpp' kaynak dosyas─▒ derleniyor)
  
C:\ShadowStrike\ShadowStrike\src\Shared_modules\Exploits\HeapSprayDetector.cpp(314,17): error C3861: 'Info': tan─▒mlay─▒c─▒ bulunamad─▒ [C:\ShadowStrike\ShadowStrike\ShadowStrike.vcxproj]
  ('/src/Shared_modules/Exploits/HeapSprayDetector.cpp' kaynak dosyas─▒ derleniyor)
  
C:\ShadowStrike\ShadowStrike\src\Shared_modules\Exploits\HeapSprayDetector.cpp(318,9): error C2653: 'Logger': bir s─▒n─▒f veya ad alan─▒ ad─▒ de─şil [C:\ShadowStrike\ShadowStrike\ShadowStrike.vcxproj]
  ('/src/Shared_modules/Exploits/HeapSprayDetector.cpp' kaynak dosyas─▒ derleniyor)
  
C:\ShadowStrike\ShadowStrike\src\Shared_modules\Exploits\HeapSprayDetector.cpp(318,17): error C3861: 'Critical': tan─▒mlay─▒c─▒ bulunamad─▒ [C:\ShadowStrike\ShadowStrike\ShadowStrike.vcxproj]
  ('/src/Shared_modules/Exploits/HeapSprayDetector.cpp' kaynak dosyas─▒ derleniyor)
  
C:\ShadowStrike\ShadowStrike\src\Shared_modules\Exploits\HeapSprayDetector.cpp(322,9): error C2653: 'Logger': bir s─▒n─▒f veya ad alan─▒ ad─▒ de─şil [C:\ShadowStrike\ShadowStrike\ShadowStrike.vcxproj]
  ('/src/Shared_modules/Exploits/HeapSprayDetector.cpp' kaynak dosyas─▒ derleniyor)
  
C:\ShadowStrike\ShadowStrike\src\Shared_modules\Exploits\HeapSprayDetector.cpp(322,17): error C3861: 'Critical': tan─▒mlay─▒c─▒ bulunamad─▒ [C:\ShadowStrike\ShadowStrike\ShadowStrike.vcxproj]
  ('/src/Shared_modules/Exploits/HeapSprayDetector.cpp' kaynak dosyas─▒ derleniyor)
  
C:\ShadowStrike\ShadowStrike\src\Shared_modules\Exploits\HeapSprayDetector.cpp(352,9): error C2653: 'Logger': bir s─▒n─▒f veya ad alan─▒ ad─▒ de─şil [C:\ShadowStrike\ShadowStrike\ShadowStrike.vcxproj]
  ('/src/Shared_modules/Exploits/HeapSprayDetector.cpp' kaynak dosyas─▒ derleniyor)
  
C:\ShadowStrike\ShadowStrike\src\Shared_modules\Exploits\HeapSprayDetector.cpp(352,17): error C3861: 'Info': tan─▒mlay─▒c─▒ bulunamad─▒ [C:\ShadowStrike\ShadowStrike\ShadowStrike.vcxproj]
  ('/src/Shared_modules/Exploits/HeapSprayDetector.cpp' kaynak dosyas─▒ derleniyor)
  
C:\ShadowStrike\ShadowStrike\src\Shared_modules\Exploits\HeapSprayDetector.cpp(355,9): error C2653: 'Logger': bir s─▒n─▒f veya ad alan─▒ ad─▒ de─şil [C:\ShadowStrike\ShadowStrike\ShadowStrike.vcxproj]
  ('/src/Shared_modules/Exploits/HeapSprayDetector.cpp' kaynak dosyas─▒ derleniyor)
  
C:\ShadowStrike\ShadowStrike\src\Shared_modules\Exploits\HeapSprayDetector.cpp(355,17): error C3861: 'Error': tan─▒mlay─▒c─▒ bulunamad─▒ [C:\ShadowStrike\ShadowStrike\ShadowStrike.vcxproj]
  ('/src/Shared_modules/Exploits/HeapSprayDetector.cpp' kaynak dosyas─▒ derleniyor)
  
C:\ShadowStrike\ShadowStrike\src\Shared_modules\Exploits\HeapSprayDetector.cpp(357,9): error C2653: 'Logger': bir s─▒n─▒f veya ad alan─▒ ad─▒ de─şil [C:\ShadowStrike\ShadowStrike\ShadowStrike.vcxproj]
  ('/src/Shared_modules/Exploits/HeapSprayDetector.cpp' kaynak dosyas─▒ derleniyor)
  
C:\ShadowStrike\ShadowStrike\src\Shared_modules\Exploits\HeapSprayDetector.cpp(357,17): error C3861: 'Error': tan─▒mlay─▒c─▒ bulunamad─▒ [C:\ShadowStrike\ShadowStrike\ShadowStrike.vcxproj]
  ('/src/Shared_modules/Exploits/HeapSprayDetector.cpp' kaynak dosyas─▒ derleniyor)
  
C:\ShadowStrike\ShadowStrike\src\Shared_modules\Exploits\HeapSprayDetector.cpp(365,9): error C2653: 'Logger': bir s─▒n─▒f veya ad alan─▒ ad─▒ de─şil [C:\ShadowStrike\ShadowStrike\ShadowStrike.vcxproj]
  ('/src/Shared_modules/Exploits/HeapSprayDetector.cpp' kaynak dosyas─▒ derleniyor)
  
C:\ShadowStrike\ShadowStrike\src\Shared_modules\Exploits\HeapSprayDetector.cpp(365,17): error C3861: 'Error': tan─▒mlay─▒c─▒ bulunamad─▒ [C:\ShadowStrike\ShadowStrike\ShadowStrike.vcxproj]
  ('/src/Shared_modules/Exploits/HeapSprayDetector.cpp' kaynak dosyas─▒ derleniyor)
  
C:\ShadowStrike\ShadowStrike\src\Shared_modules\Exploits\HeapSprayDetector.cpp(370,9): error C2653: 'Logger': bir s─▒n─▒f veya ad alan─▒ ad─▒ de─şil [C:\ShadowStrike\ShadowStrike\ShadowStrike.vcxproj]
  ('/src/Shared_modules/Exploits/HeapSprayDetector.cpp' kaynak dosyas─▒ derleniyor)
  
C:\ShadowStrike\ShadowStrike\src\Shared_modules\Exploits\HeapSprayDetector.cpp(370,17): error C3861: 'Warn': tan─▒mlay─▒c─▒ bulunamad─▒ [C:\ShadowStrike\ShadowStrike\ShadowStrike.vcxproj]
  ('/src/Shared_modules/Exploits/HeapSprayDetector.cpp' kaynak dosyas─▒ derleniyor)
  
C:\ShadowStrike\ShadowStrike\src\Shared_modules\Exploits\HeapSprayDetector.cpp(379,9): error C2653: 'Logger': bir s─▒n─▒f veya ad alan─▒ ad─▒ de─şil [C:\ShadowStrike\ShadowStrike\ShadowStrike.vcxproj]
  ('/src/Shared_modules/Exploits/HeapSprayDetector.cpp' kaynak dosyas─▒ derleniyor)
  
C:\ShadowStrike\ShadowStrike\src\Shared_modules\Exploits\HeapSprayDetector.cpp(379,17): error C3861: 'Info': tan─▒mlay─▒c─▒ bulunamad─▒ [C:\ShadowStrike\ShadowStrike\ShadowStrike.vcxproj]
  ('/src/Shared_modules/Exploits/HeapSprayDetector.cpp' kaynak dosyas─▒ derleniyor)
  
C:\ShadowStrike\ShadowStrike\src\Shared_modules\Exploits\HeapSprayDetector.cpp(383,9): error C2653: 'Logger': bir s─▒n─▒f veya ad alan─▒ ad─▒ de─şil [C:\ShadowStrike\ShadowStrike\ShadowStrike.vcxproj]
  ('/src/Shared_modules/Exploits/HeapSprayDetector.cpp' kaynak dosyas─▒ derleniyor)
  
C:\ShadowStrike\ShadowStrike\src\Shared_modules\Exploits\HeapSprayDetector.cpp(383,17): error C3861: 'Error': tan─▒mlay─▒c─▒ bulunamad─▒ [C:\ShadowStrike\ShadowStrike\ShadowStrike.vcxproj]
  ('/src/Shared_modules/Exploits/HeapSprayDetector.cpp' kaynak dosyas─▒ derleniyor)
  
C:\ShadowStrike\ShadowStrike\src\Shared_modules\Exploits\HeapSprayDetector.cpp(404,9): error C2653: 'Logger': bir s─▒n─▒f veya ad alan─▒ ad─▒ de─şil [C:\ShadowStrike\ShadowStrike\ShadowStrike.vcxproj]
  ('/src/Shared_modules/Exploits/HeapSprayDetector.cpp' kaynak dosyas─▒ derleniyor)
  
C:\ShadowStrike\ShadowStrike\src\Shared_modules\Exploits\HeapSprayDetector.cpp(404,17): error C3861: 'Info': tan─▒mlay─▒c─▒ bulunamad─▒ [C:\ShadowStrike\ShadowStrike\ShadowStrike.vcxproj]
  ('/src/Shared_modules/Exploits/HeapSprayDetector.cpp' kaynak dosyas─▒ derleniyor)
  
C:\ShadowStrike\ShadowStrike\src\Shared_modules\Exploits\HeapSprayDetector.cpp(408,9): error C2653: 'Logger': bir s─▒n─▒f veya ad alan─▒ ad─▒ de─şil [C:\ShadowStrike\ShadowStrike\ShadowStrike.vcxproj]
  ('/src/Shared_modules/Exploits/HeapSprayDetector.cpp' kaynak dosyas─▒ derleniyor)
  
C:\ShadowStrike\ShadowStrike\src\Shared_modules\Exploits\HeapSprayDetector.cpp(408,17): error C3861: 'Error': tan─▒mlay─▒c─▒ bulunamad─▒ [C:\ShadowStrike\ShadowStrike\ShadowStrike.vcxproj]
  ('/src/Shared_modules/Exploits/HeapSprayDetector.cpp' kaynak dosyas─▒ derleniyor)
  
C:\ShadowStrike\ShadowStrike\src\Shared_modules\Exploits\HeapSprayDetector.cpp(415,5): error C2653: 'Logger': bir s─▒n─▒f veya ad alan─▒ ad─▒ de─şil [C:\ShadowStrike\ShadowStrike\ShadowStrike.vcxproj]
  ('/src/Shared_modules/Exploits/HeapSprayDetector.cpp' kaynak dosyas─▒ derleniyor)
  
C:\ShadowStrike\ShadowStrike\src\Shared_modules\Exploits\HeapSprayDetector.cpp(415,13): error C3861: 'Info': tan─▒mlay─▒c─▒ bulunamad─▒ [C:\ShadowStrike\ShadowStrike\ShadowStrike.vcxproj]
  ('/src/Shared_modules/Exploits/HeapSprayDetector.cpp' kaynak dosyas─▒ derleniyor)
  
C:\ShadowStrike\ShadowStrike\src\Shared_modules\Exploits\HeapSprayDetector.cpp(420,5): error C2653: 'Logger': bir s─▒n─▒f veya ad alan─▒ ad─▒ de─şil [C:\ShadowStrike\ShadowStrike\ShadowStrike.vcxproj]
  ('/src/Shared_modules/Exploits/HeapSprayDetector.cpp' kaynak dosyas─▒ derleniyor)
  
C:\ShadowStrike\ShadowStrike\src\Shared_modules\Exploits\HeapSprayDetector.cpp(420,13): error C3861: 'Info': tan─▒mlay─▒c─▒ bulunamad─▒ [C:\ShadowStrike\ShadowStrike\ShadowStrike.vcxproj]
  ('/src/Shared_modules/Exploits/HeapSprayDetector.cpp' kaynak dosyas─▒ derleniyor)
  
C:\ShadowStrike\ShadowStrike\src\Shared_modules\Exploits\HeapSprayDetector.cpp(427,9): error C2653: 'Logger': bir s─▒n─▒f veya ad alan─▒ ad─▒ de─şil [C:\ShadowStrike\ShadowStrike\ShadowStrike.vcxproj]
  ('/src/Shared_modules/Exploits/HeapSprayDetector.cpp' kaynak dosyas─▒ derleniyor)
  
C:\ShadowStrike\ShadowStrike\src\Shared_modules\Exploits\HeapSprayDetector.cpp(427,17): error C3861: 'Error': tan─▒mlay─▒c─▒ bulunamad─▒ [C:\ShadowStrike\ShadowStrike\ShadowStrike.vcxproj]
  ('/src/Shared_modules/Exploits/HeapSprayDetector.cpp' kaynak dosyas─▒ derleniyor)
  
C:\ShadowStrike\ShadowStrike\src\Shared_modules\Exploits\HeapSprayDetector.cpp(432,5): error C2653: 'Logger': bir s─▒n─▒f veya ad alan─▒ ad─▒ de─şil [C:\ShadowStrike\ShadowStrike\ShadowStrike.vcxproj]
  ('/src/Shared_modules/Exploits/HeapSprayDetector.cpp' kaynak dosyas─▒ derleniyor)
  
C:\ShadowStrike\ShadowStrike\src\Shared_modules\Exploits\HeapSprayDetector.cpp(432,13): error C3861: 'Info': tan─▒mlay─▒c─▒ bulunamad─▒ [C:\ShadowStrike\ShadowStrike\ShadowStrike.vcxproj]
  ('/src/Shared_modules/Exploits/HeapSprayDetector.cpp' kaynak dosyas─▒ derleniyor)
  
C:\ShadowStrike\ShadowStrike\src\Shared_modules\Exploits\HeapSprayDetector.cpp(447,9): error C2653: 'Logger': bir s─▒n─▒f veya ad alan─▒ ad─▒ de─şil [C:\ShadowStrike\ShadowStrike\ShadowStrike.vcxproj]
  ('/src/Shared_modules/Exploits/HeapSprayDetector.cpp' kaynak dosyas─▒ derleniyor)
  
C:\ShadowStrike\ShadowStrike\src\Shared_modules\Exploits\HeapSprayDetector.cpp(447,17): error C3861: 'Error': tan─▒mlay─▒c─▒ bulunamad─▒ [C:\ShadowStrike\ShadowStrike\ShadowStrike.vcxproj]
  ('/src/Shared_modules/Exploits/HeapSprayDetector.cpp' kaynak dosyas─▒ derleniyor)
  
C:\ShadowStrike\ShadowStrike\src\Shared_modules\Exploits\HeapSprayDetector.cpp(452,9): error C2653: 'Logger': bir s─▒n─▒f veya ad alan─▒ ad─▒ de─şil [C:\ShadowStrike\ShadowStrike\ShadowStrike.vcxproj]
  ('/src/Shared_modules/Exploits/HeapSprayDetector.cpp' kaynak dosyas─▒ derleniyor)
  
C:\ShadowStrike\ShadowStrike\src\Shared_modules\Exploits\HeapSprayDetector.cpp(452,17): error C3861: 'Error': tan─▒mlay─▒c─▒ bulunamad─▒ [C:\ShadowStrike\ShadowStrike\ShadowStrike.vcxproj]
  ('/src/Shared_modules/Exploits/HeapSprayDetector.cpp' kaynak dosyas─▒ derleniyor)
  
C:\ShadowStrike\ShadowStrike\src\Shared_modules\Exploits\HeapSprayDetector.cpp(465,13): error C2653: 'Logger': bir s─▒n─▒f veya ad alan─▒ ad─▒ de─şil [C:\ShadowStrike\ShadowStrike\ShadowStrike.vcxproj]
  ('/src/Shared_modules/Exploits/HeapSprayDetector.cpp' kaynak dosyas─▒ derleniyor)
  
C:\ShadowStrike\ShadowStrike\src\Shared_modules\Exploits\HeapSprayDetector.cpp(465,21): error C3861: 'Warn': tan─▒mlay─▒c─▒ bulunamad─▒ [C:\ShadowStrike\ShadowStrike\ShadowStrike.vcxproj]
  ('/src/Shared_modules/Exploits/HeapSprayDetector.cpp' kaynak dosyas─▒ derleniyor)
  
C:\ShadowStrike\ShadowStrike\src\Shared_modules\Exploits\HeapSprayDetector.cpp(550,13): error C2653: 'Logger': bir s─▒n─▒f veya ad alan─▒ ad─▒ de─şil [C:\ShadowStrike\ShadowStrike\ShadowStrike.vcxproj]
  ('/src/Shared_modules/Exploits/HeapSprayDetector.cpp' kaynak dosyas─▒ derleniyor)
  
C:\ShadowStrike\ShadowStrike\src\Shared_modules\Exploits\HeapSprayDetector.cpp(550,21): error C3861: 'Warn': tan─▒mlay─▒c─▒ bulunamad─▒ [C:\ShadowStrike\ShadowStrike\ShadowStrike.vcxproj]
  ('/src/Shared_modules/Exploits/HeapSprayDetector.cpp' kaynak dosyas─▒ derleniyor)
  
C:\ShadowStrike\ShadowStrike\src\Shared_modules\Exploits\HeapSprayDetector.cpp(559,9): error C2653: 'Logger': bir s─▒n─▒f veya ad alan─▒ ad─▒ de─şil [C:\ShadowStrike\ShadowStrike\ShadowStrike.vcxproj]
  ('/src/Shared_modules/Exploits/HeapSprayDetector.cpp' kaynak dosyas─▒ derleniyor)
  
C:\ShadowStrike\ShadowStrike\src\Shared_modules\Exploits\HeapSprayDetector.cpp(559,17): error C3861: 'Error': tan─▒mlay─▒c─▒ bulunamad─▒ [C:\ShadowStrike\ShadowStrike\ShadowStrike.vcxproj]
  ('/src/Shared_modules/Exploits/HeapSprayDetector.cpp' kaynak dosyas─▒ derleniyor)
  
C:\ShadowStrike\ShadowStrike\src\Shared_modules\HashStore\HashStore_query_operations.cpp(762,17): error C2065: 'm_perfFrequency': bildirimi yap─▒lmam─▒┼ş tan─▒mlay─▒c─▒ [C:\ShadowStrike\ShadowStrike\ShadowStrike.vcxproj]
  ('/src/Shared_modules/HashStore/HashStore_query_operations.cpp' kaynak dosyas─▒ derleniyor)
  
C:\ShadowStrike\ShadowStrike\src\Shared_modules\HashStore\HashStore_query_operations.cpp(764,61): error C2065: 'm_perfFrequency': bildirimi yap─▒lmam─▒┼ş tan─▒mlay─▒c─▒ [C:\ShadowStrike\ShadowStrike\ShadowStrike.vcxproj]
  ('/src/Shared_modules/HashStore/HashStore_query_operations.cpp' kaynak dosyas─▒ derleniyor)
  
C:\ShadowStrike\ShadowStrike\src\Shared_modules\HashStore\HashStore_query_operations.cpp(764,32): error C2737: 'freq': const nesnesinin ba┼şlat─▒lmas─▒ gerekiyor [C:\ShadowStrike\ShadowStrike\ShadowStrike.vcxproj]
  ('/src/Shared_modules/HashStore/HashStore_query_operations.cpp' kaynak dosyas─▒ derleniyor)
  
C:\ShadowStrike\ShadowStrike\src\Shared_modules\HashStore\HashStore_query_operations.cpp(802,13): error C2065: 'm_totalMatches': bildirimi yap─▒lmam─▒┼ş tan─▒mlay─▒c─▒ [C:\ShadowStrike\ShadowStrike\ShadowStrike.vcxproj]
  ('/src/Shared_modules/HashStore/HashStore_query_operations.cpp' kaynak dosyas─▒ derleniyor)
  
C:\ShadowStrike\ShadowStrike\src\Shared_modules\Exploits\HeapSprayDetector.cpp(637,9): error C2653: 'Logger': bir s─▒n─▒f veya ad alan─▒ ad─▒ de─şil [C:\ShadowStrike\ShadowStrike\ShadowStrike.vcxproj]
  ('/src/Shared_modules/Exploits/HeapSprayDetector.cpp' kaynak dosyas─▒ derleniyor)
  
C:\ShadowStrike\ShadowStrike\src\Shared_modules\Exploits\HeapSprayDetector.cpp(637,17): error C3861: 'Error': tan─▒mlay─▒c─▒ bulunamad─▒ [C:\ShadowStrike\ShadowStrike\ShadowStrike.vcxproj]
  ('/src/Shared_modules/Exploits/HeapSprayDetector.cpp' kaynak dosyas─▒ derleniyor)
  
C:\ShadowStrike\ShadowStrike\src\Shared_modules\Exploits\HeapSprayDetector.cpp(699,9): error C2653: 'Logger': bir s─▒n─▒f veya ad alan─▒ ad─▒ de─şil [C:\ShadowStrike\ShadowStrike\ShadowStrike.vcxproj]
  ('/src/Shared_modules/Exploits/HeapSprayDetector.cpp' kaynak dosyas─▒ derleniyor)
  
C:\ShadowStrike\ShadowStrike\src\Shared_modules\Exploits\HeapSprayDetector.cpp(699,17): error C3861: 'Error': tan─▒mlay─▒c─▒ bulunamad─▒ [C:\ShadowStrike\ShadowStrike\ShadowStrike.vcxproj]
  ('/src/Shared_modules/Exploits/HeapSprayDetector.cpp' kaynak dosyas─▒ derleniyor)
  
C:\ShadowStrike\ShadowStrike\src\Shared_modules\Exploits\HeapSprayDetector.cpp(735,9): error C2653: 'Logger': bir s─▒n─▒f veya ad alan─▒ ad─▒ de─şil [C:\ShadowStrike\ShadowStrike\ShadowStrike.vcxproj]
  ('/src/Shared_modules/Exploits/HeapSprayDetector.cpp' kaynak dosyas─▒ derleniyor)
  
C:\ShadowStrike\ShadowStrike\src\Shared_modules\Exploits\HeapSprayDetector.cpp(735,17): error C3861: 'Error': tan─▒mlay─▒c─▒ bulunamad─▒ [C:\ShadowStrike\ShadowStrike\ShadowStrike.vcxproj]
  ('/src/Shared_modules/Exploits/HeapSprayDetector.cpp' kaynak dosyas─▒ derleniyor)
  
C:\ShadowStrike\ShadowStrike\src\Shared_modules\Exploits\HeapSprayDetector.cpp(750,9): error C2653: 'Logger': bir s─▒n─▒f veya ad alan─▒ ad─▒ de─şil [C:\ShadowStrike\ShadowStrike\ShadowStrike.vcxproj]
  ('/src/Shared_modules/Exploits/HeapSprayDetector.cpp' kaynak dosyas─▒ derleniyor)
  
C:\ShadowStrike\ShadowStrike\src\Shared_modules\Exploits\HeapSprayDetector.cpp(750,17): error C3861: 'Error': tan─▒mlay─▒c─▒ bulunamad─▒ [C:\ShadowStrike\ShadowStrike\ShadowStrike.vcxproj]
  ('/src/Shared_modules/Exploits/HeapSprayDetector.cpp' kaynak dosyas─▒ derleniyor)
  
C:\ShadowStrike\ShadowStrike\src\Shared_modules\Exploits\HeapSprayDetector.cpp(798,9): error C2653: 'Logger': bir s─▒n─▒f veya ad alan─▒ ad─▒ de─şil [C:\ShadowStrike\ShadowStrike\ShadowStrike.vcxproj]
  ('/src/Shared_modules/Exploits/HeapSprayDetector.cpp' kaynak dosyas─▒ derleniyor)
  
C:\ShadowStrike\ShadowStrike\src\Shared_modules\Exploits\HeapSprayDetector.cpp(798,17): error C3861: 'Error': tan─▒mlay─▒c─▒ bulunamad─▒ [C:\ShadowStrike\ShadowStrike\ShadowStrike.vcxproj]
  ('/src/Shared_modules/Exploits/HeapSprayDetector.cpp' kaynak dosyas─▒ derleniyor)
  
C:\ShadowStrike\ShadowStrike\src\Shared_modules\Exploits\HeapSprayDetector.cpp(838,9): error C2653: 'Logger': bir s─▒n─▒f veya ad alan─▒ ad─▒ de─şil [C:\ShadowStrike\ShadowStrike\ShadowStrike.vcxproj]
  ('/src/Shared_modules/Exploits/HeapSprayDetector.cpp' kaynak dosyas─▒ derleniyor)
  
C:\ShadowStrike\ShadowStrike\src\Shared_modules\Exploits\HeapSprayDetector.cpp(838,17): error C3861: 'Error': tan─▒mlay─▒c─▒ bulunamad─▒ [C:\ShadowStrike\ShadowStrike\ShadowStrike.vcxproj]
  ('/src/Shared_modules/Exploits/HeapSprayDetector.cpp' kaynak dosyas─▒ derleniyor)
  
C:\ShadowStrike\ShadowStrike\src\Shared_modules\Exploits\HeapSprayDetector.cpp(909,9): error C2653: 'Logger': bir s─▒n─▒f veya ad alan─▒ ad─▒ de─şil [C:\ShadowStrike\ShadowStrike\ShadowStrike.vcxproj]
  ('/src/Shared_modules/Exploits/HeapSprayDetector.cpp' kaynak dosyas─▒ derleniyor)
  
C:\ShadowStrike\ShadowStrike\src\Shared_modules\Exploits\HeapSprayDetector.cpp(909,17): error C3861: 'Error': tan─▒mlay─▒c─▒ bulunamad─▒ [C:\ShadowStrike\ShadowStrike\ShadowStrike.vcxproj]
  ('/src/Shared_modules/Exploits/HeapSprayDetector.cpp' kaynak dosyas─▒ derleniyor)
  
C:\ShadowStrike\ShadowStrike\src\Shared_modules\Exploits\HeapSprayDetector.cpp(928,9): error C2653: 'Logger': bir s─▒n─▒f veya ad alan─▒ ad─▒ de─şil [C:\ShadowStrike\ShadowStrike\ShadowStrike.vcxproj]
  ('/src/Shared_modules/Exploits/HeapSprayDetector.cpp' kaynak dosyas─▒ derleniyor)
  
C:\ShadowStrike\ShadowStrike\src\Shared_modules\Exploits\HeapSprayDetector.cpp(928,17): error C3861: 'Error': tan─▒mlay─▒c─▒ bulunamad─▒ [C:\ShadowStrike\ShadowStrike\ShadowStrike.vcxproj]
  ('/src/Shared_modules/Exploits/HeapSprayDetector.cpp' kaynak dosyas─▒ derleniyor)
  
C:\ShadowStrike\ShadowStrike\src\Shared_modules\Exploits\HeapSprayDetector.cpp(933,9): error C2653: 'Logger': bir s─▒n─▒f veya ad alan─▒ ad─▒ de─şil [C:\ShadowStrike\ShadowStrike\ShadowStrike.vcxproj]
  ('/src/Shared_modules/Exploits/HeapSprayDetector.cpp' kaynak dosyas─▒ derleniyor)
  
C:\ShadowStrike\ShadowStrike\src\Shared_modules\Exploits\HeapSprayDetector.cpp(933,17): error C3861: 'Warn': tan─▒mlay─▒c─▒ bulunamad─▒ [C:\ShadowStrike\ShadowStrike\ShadowStrike.vcxproj]
  ('/src/Shared_modules/Exploits/HeapSprayDetector.cpp' kaynak dosyas─▒ derleniyor)
  
C:\ShadowStrike\ShadowStrike\src\Shared_modules\Exploits\HeapSprayDetector.cpp(958,9): error C2653: 'Logger': bir s─▒n─▒f veya ad alan─▒ ad─▒ de─şil [C:\ShadowStrike\ShadowStrike\ShadowStrike.vcxproj]
  ('/src/Shared_modules/Exploits/HeapSprayDetector.cpp' kaynak dosyas─▒ derleniyor)
  
C:\ShadowStrike\ShadowStrike\src\Shared_modules\Exploits\HeapSprayDetector.cpp(958,17): error C3861: 'Info': tan─▒mlay─▒c─▒ bulunamad─▒ [C:\ShadowStrike\ShadowStrike\ShadowStrike.vcxproj]
  ('/src/Shared_modules/Exploits/HeapSprayDetector.cpp' kaynak dosyas─▒ derleniyor)
  
C:\ShadowStrike\ShadowStrike\src\Shared_modules\Exploits\HeapSprayDetector.cpp(962,9): error C2653: 'Logger': bir s─▒n─▒f veya ad alan─▒ ad─▒ de─şil [C:\ShadowStrike\ShadowStrike\ShadowStrike.vcxproj]
  ('/src/Shared_modules/Exploits/HeapSprayDetector.cpp' kaynak dosyas─▒ derleniyor)
  
C:\ShadowStrike\ShadowStrike\src\Shared_modules\Exploits\HeapSprayDetector.cpp(962,17): error C3861: 'Error': tan─▒mlay─▒c─▒ bulunamad─▒ [C:\ShadowStrike\ShadowStrike\ShadowStrike.vcxproj]
  ('/src/Shared_modules/Exploits/HeapSprayDetector.cpp' kaynak dosyas─▒ derleniyor)
  
C:\ShadowStrike\ShadowStrike\src\Shared_modules\Exploits\JITSprayDetector.cpp(466,25): error C2280: 'ShadowStrike::Exploits::JITSprayStatistics &ShadowStrike::Exploits::JITSprayStatistics::operator =(const ShadowStrike::Exploits::JITSprayStatistics &)': silinmi┼ş bir i┼şleve ba┼şvurmaya ├ğal─▒┼ş─▒yor [C:\ShadowStrike\ShadowStrike\ShadowStrike.vcxproj]
  ('/src/Shared_modules/Exploits/JITSprayDetector.cpp' kaynak dosyas─▒ derleniyor)
      C:\ShadowStrike\ShadowStrike\src\Shared_modules\Exploits\JITSprayDetector.hpp(486,1):
      derleyici burada 'ShadowStrike::Exploits::JITSprayStatistics::operator =' olu┼şturdu
      C:\ShadowStrike\ShadowStrike\src\Shared_modules\Exploits\JITSprayDetector.hpp(486,1):
      'ShadowStrike::Exploits::JITSprayStatistics &ShadowStrike::Exploits::JITSprayStatistics::operator =(const ShadowStrike::Exploits::JITSprayStatistics &)': veri ├╝yesi, silinmi┼ş veya eri┼şilemeyen 'std::atomic<unsigned __int64> &std::atomic<unsigned __int64>::operator =(const std::atomic<unsigned __int64> &)' i┼şlevini ├ğa─ş─▒rd─▒─ş─▒ndan i┼şlev ├Ârt├╝k olarak silindi
  
C:\ShadowStrike\ShadowStrike\src\Shared_modules\Exploits\HeapSprayDetector.cpp(976,5): error C2653: 'Logger': bir s─▒n─▒f veya ad alan─▒ ad─▒ de─şil [C:\ShadowStrike\ShadowStrike\ShadowStrike.vcxproj]
  ('/src/Shared_modules/Exploits/HeapSprayDetector.cpp' kaynak dosyas─▒ derleniyor)
  
C:\ShadowStrike\ShadowStrike\src\Shared_modules\Exploits\HeapSprayDetector.cpp(976,13): error C3861: 'Info': tan─▒mlay─▒c─▒ bulunamad─▒ [C:\ShadowStrike\ShadowStrike\ShadowStrike.vcxproj]
  ('/src/Shared_modules/Exploits/HeapSprayDetector.cpp' kaynak dosyas─▒ derleniyor)
  
C:\ShadowStrike\ShadowStrike\src\Shared_modules\Core\Registry\PersistenceDetector.cpp(745,36): error C3861: 'ResolveTargetImpl': tan─▒mlay─▒c─▒ bulunamad─▒ [C:\ShadowStrike\ShadowStrike\ShadowStrike.vcxproj]
  ('/src/Shared_modules/Core/Registry/PersistenceDetector.cpp' kaynak dosyas─▒ derleniyor)
  
C:\ShadowStrike\ShadowStrike\src\Shared_modules\Exploits\HeapSprayDetector.cpp(996,5): error C2653: 'Logger': bir s─▒n─▒f veya ad alan─▒ ad─▒ de─şil [C:\ShadowStrike\ShadowStrike\ShadowStrike.vcxproj]
  ('/src/Shared_modules/Exploits/HeapSprayDetector.cpp' kaynak dosyas─▒ derleniyor)
  
C:\ShadowStrike\ShadowStrike\src\Shared_modules\Exploits\HeapSprayDetector.cpp(996,13): error C3861: 'Info': tan─▒mlay─▒c─▒ bulunamad─▒ [C:\ShadowStrike\ShadowStrike\ShadowStrike.vcxproj]
  ('/src/Shared_modules/Exploits/HeapSprayDetector.cpp' kaynak dosyas─▒ derleniyor)
  
C:\ShadowStrike\ShadowStrike\src\Shared_modules\Exploits\HeapSprayDetector.cpp(1014,13): error C2653: 'Logger': bir s─▒n─▒f veya ad alan─▒ ad─▒ de─şil [C:\ShadowStrike\ShadowStrike\ShadowStrike.vcxproj]
  ('/src/Shared_modules/Exploits/HeapSprayDetector.cpp' kaynak dosyas─▒ derleniyor)
  
C:\ShadowStrike\ShadowStrike\src\Shared_modules\Exploits\HeapSprayDetector.cpp(1014,21): error C3861: 'Error': tan─▒mlay─▒c─▒ bulunamad─▒ [C:\ShadowStrike\ShadowStrike\ShadowStrike.vcxproj]
  ('/src/Shared_modules/Exploits/HeapSprayDetector.cpp' kaynak dosyas─▒ derleniyor)
  
C:\ShadowStrike\ShadowStrike\src\Shared_modules\Exploits\HeapSprayDetector.cpp(1019,5): error C2653: 'Logger': bir s─▒n─▒f veya ad alan─▒ ad─▒ de─şil [C:\ShadowStrike\ShadowStrike\ShadowStrike.vcxproj]
  ('/src/Shared_modules/Exploits/HeapSprayDetector.cpp' kaynak dosyas─▒ derleniyor)
  
C:\ShadowStrike\ShadowStrike\src\Shared_modules\Exploits\HeapSprayDetector.cpp(1019,13): error C3861: 'Info': tan─▒mlay─▒c─▒ bulunamad─▒ [C:\ShadowStrike\ShadowStrike\ShadowStrike.vcxproj]
  ('/src/Shared_modules/Exploits/HeapSprayDetector.cpp' kaynak dosyas─▒ derleniyor)
  
C:\ShadowStrike\ShadowStrike\src\Shared_modules\Exploits\HeapSprayDetector.cpp(1044,13): error C2653: 'Logger': bir s─▒n─▒f veya ad alan─▒ ad─▒ de─şil [C:\ShadowStrike\ShadowStrike\ShadowStrike.vcxproj]
  ('/src/Shared_modules/Exploits/HeapSprayDetector.cpp' kaynak dosyas─▒ derleniyor)
  
C:\ShadowStrike\ShadowStrike\src\Shared_modules\Exploits\HeapSprayDetector.cpp(1044,21): error C3861: 'Error': tan─▒mlay─▒c─▒ bulunamad─▒ [C:\ShadowStrike\ShadowStrike\ShadowStrike.vcxproj]
  ('/src/Shared_modules/Exploits/HeapSprayDetector.cpp' kaynak dosyas─▒ derleniyor)
  
C:\ShadowStrike\ShadowStrike\src\Shared_modules\Exploits\HeapSprayDetector.cpp(1086,5): error C2653: 'Logger': bir s─▒n─▒f veya ad alan─▒ ad─▒ de─şil [C:\ShadowStrike\ShadowStrike\ShadowStrike.vcxproj]
  ('/src/Shared_modules/Exploits/HeapSprayDetector.cpp' kaynak dosyas─▒ derleniyor)
  
C:\ShadowStrike\ShadowStrike\src\Shared_modules\Exploits\HeapSprayDetector.cpp(1086,13): error C3861: 'Info': tan─▒mlay─▒c─▒ bulunamad─▒ [C:\ShadowStrike\ShadowStrike\ShadowStrike.vcxproj]
  ('/src/Shared_modules/Exploits/HeapSprayDetector.cpp' kaynak dosyas─▒ derleniyor)
  
C:\ShadowStrike\ShadowStrike\src\Shared_modules\Exploits\HeapSprayDetector.cpp(1248,13): error C2653: 'Logger': bir s─▒n─▒f veya ad alan─▒ ad─▒ de─şil [C:\ShadowStrike\ShadowStrike\ShadowStrike.vcxproj]
  ('/src/Shared_modules/Exploits/HeapSprayDetector.cpp' kaynak dosyas─▒ derleniyor)
  
C:\ShadowStrike\ShadowStrike\src\Shared_modules\Exploits\HeapSprayDetector.cpp(1248,21): error C3861: 'Error': tan─▒mlay─▒c─▒ bulunamad─▒ [C:\ShadowStrike\ShadowStrike\ShadowStrike.vcxproj]
  ('/src/Shared_modules/Exploits/HeapSprayDetector.cpp' kaynak dosyas─▒ derleniyor)
  
C:\ShadowStrike\ShadowStrike\src\Shared_modules\Exploits\HeapSprayDetector.cpp(1259,13): error C2653: 'Logger': bir s─▒n─▒f veya ad alan─▒ ad─▒ de─şil [C:\ShadowStrike\ShadowStrike\ShadowStrike.vcxproj]
  ('/src/Shared_modules/Exploits/HeapSprayDetector.cpp' kaynak dosyas─▒ derleniyor)
  
C:\ShadowStrike\ShadowStrike\src\Shared_modules\Exploits\HeapSprayDetector.cpp(1259,21): error C3861: 'Error': tan─▒mlay─▒c─▒ bulunamad─▒ [C:\ShadowStrike\ShadowStrike\ShadowStrike.vcxproj]
  ('/src/Shared_modules/Exploits/HeapSprayDetector.cpp' kaynak dosyas─▒ derleniyor)
  
C:\ShadowStrike\ShadowStrike\src\Shared_modules\Exploits\HeapSprayDetector.cpp(1275,5): error C2653: 'Logger': bir s─▒n─▒f veya ad alan─▒ ad─▒ de─şil [C:\ShadowStrike\ShadowStrike\ShadowStrike.vcxproj]
  ('/src/Shared_modules/Exploits/HeapSprayDetector.cpp' kaynak dosyas─▒ derleniyor)
  
C:\ShadowStrike\ShadowStrike\src\Shared_modules\Exploits\HeapSprayDetector.cpp(1275,13): error C3861: 'Info': tan─▒mlay─▒c─▒ bulunamad─▒ [C:\ShadowStrike\ShadowStrike\ShadowStrike.vcxproj]
  ('/src/Shared_modules/Exploits/HeapSprayDetector.cpp' kaynak dosyas─▒ derleniyor)
  
C:\ShadowStrike\ShadowStrike\src\Shared_modules\Exploits\HeapSprayDetector.cpp(1283,17): error C2653: 'Logger': bir s─▒n─▒f veya ad alan─▒ ad─▒ de─şil [C:\ShadowStrike\ShadowStrike\ShadowStrike.vcxproj]
  ('/src/Shared_modules/Exploits/HeapSprayDetector.cpp' kaynak dosyas─▒ derleniyor)
  
C:\ShadowStrike\ShadowStrike\src\Shared_modules\Exploits\HeapSprayDetector.cpp(1283,25): error C3861: 'Error': tan─▒mlay─▒c─▒ bulunamad─▒ [C:\ShadowStrike\ShadowStrike\ShadowStrike.vcxproj]
  ('/src/Shared_modules/Exploits/HeapSprayDetector.cpp' kaynak dosyas─▒ derleniyor)
  
C:\ShadowStrike\ShadowStrike\src\Shared_modules\Exploits\HeapSprayDetector.cpp(1292,17): error C2653: 'Logger': bir s─▒n─▒f veya ad alan─▒ ad─▒ de─şil [C:\ShadowStrike\ShadowStrike\ShadowStrike.vcxproj]
  ('/src/Shared_modules/Exploits/HeapSprayDetector.cpp' kaynak dosyas─▒ derleniyor)
  
C:\ShadowStrike\ShadowStrike\src\Shared_modules\Exploits\HeapSprayDetector.cpp(1292,25): error C3861: 'Error': tan─▒mlay─▒c─▒ bulunamad─▒ [C:\ShadowStrike\ShadowStrike\ShadowStrike.vcxproj]
  ('/src/Shared_modules/Exploits/HeapSprayDetector.cpp' kaynak dosyas─▒ derleniyor)
  
C:\ShadowStrike\ShadowStrike\src\Shared_modules\Exploits\HeapSprayDetector.cpp(1308,17): error C2653: 'Logger': bir s─▒n─▒f veya ad alan─▒ ad─▒ de─şil [C:\ShadowStrike\ShadowStrike\ShadowStrike.vcxproj]
  ('/src/Shared_modules/Exploits/HeapSprayDetector.cpp' kaynak dosyas─▒ derleniyor)
  
C:\ShadowStrike\ShadowStrike\src\Shared_modules\Exploits\HeapSprayDetector.cpp(1308,25): error C3861: 'Warn': tan─▒mlay─▒c─▒ bulunamad─▒ [C:\ShadowStrike\ShadowStrike\ShadowStrike.vcxproj]
  ('/src/Shared_modules/Exploits/HeapSprayDetector.cpp' kaynak dosyas─▒ derleniyor)
  
C:\ShadowStrike\ShadowStrike\src\Shared_modules\Exploits\HeapSprayDetector.cpp(1308,25): error C1003: hata say─▒s─▒ 100 taneyi a┼şt─▒; derleme durduruluyor [C:\ShadowStrike\ShadowStrike\ShadowStrike.vcxproj]
  ('/src/Shared_modules/Exploits/HeapSprayDetector.cpp' kaynak dosyas─▒ derleniyor)
  
C:\ShadowStrike\ShadowStrike\src\Products\PhantomHome\IoT\WiFiSecurityAnalyzer.hpp(132,10): error C1083: i├ğerme dosyas─▒ a├ğ─▒lam─▒yor: '../Utils/Logger.hpp': No such file or directory [C:\ShadowStrike\ShadowStrike\ShadowStrike.vcxproj]
  ('/src/Products/PhantomHome/IoT/WiFiSecurityAnalyzer.cpp' kaynak dosyas─▒ derleniyor)
  
C:\ShadowStrike\ShadowStrike\src\Shared_modules\Exploits\JITSprayDetector.cpp(481,24): error C2039: 'Critical': bir 'ShadowStrike::Utils::Logger' ├╝yesi de─şil [C:\ShadowStrike\ShadowStrike\ShadowStrike.vcxproj]
  ('/src/Shared_modules/Exploits/JITSprayDetector.cpp' kaynak dosyas─▒ derleniyor)
      C:\ShadowStrike\ShadowStrike\src\Shared_modules\Utils\Logger.hpp(159,9):
      'ShadowStrike::Utils::Logger' bildirimine bak─▒n
  
C:\ShadowStrike\ShadowStrike\src\Shared_modules\Exploits\JITSprayDetector.cpp(481,24): error C3861: 'Critical': tan─▒mlay─▒c─▒ bulunamad─▒ [C:\ShadowStrike\ShadowStrike\ShadowStrike.vcxproj]
  ('/src/Shared_modules/Exploits/JITSprayDetector.cpp' kaynak dosyas─▒ derleniyor)
  
C:\ShadowStrike\ShadowStrike\src\Shared_modules\Exploits\JITSprayDetector.cpp(525,24): error C2039: 'Critical': bir 'ShadowStrike::Utils::Logger' ├╝yesi de─şil [C:\ShadowStrike\ShadowStrike\ShadowStrike.vcxproj]
  ('/src/Shared_modules/Exploits/JITSprayDetector.cpp' kaynak dosyas─▒ derleniyor)
      C:\ShadowStrike\ShadowStrike\src\Shared_modules\Utils\Logger.hpp(159,9):
      'ShadowStrike::Utils::Logger' bildirimine bak─▒n
  
C:\ShadowStrike\ShadowStrike\src\Shared_modules\Exploits\JITSprayDetector.cpp(525,24): error C3861: 'Critical': tan─▒mlay─▒c─▒ bulunamad─▒ [C:\ShadowStrike\ShadowStrike\ShadowStrike.vcxproj]
  ('/src/Shared_modules/Exploits/JITSprayDetector.cpp' kaynak dosyas─▒ derleniyor)
  
C:\ShadowStrike\ShadowStrike\src\Shared_modules\Core\Registry\PersistenceDetector.cpp(1159,32): error C3861: 'ResolveTargetImpl': tan─▒mlay─▒c─▒ bulunamad─▒ [C:\ShadowStrike\ShadowStrike\ShadowStrike.vcxproj]
  ('/src/Shared_modules/Core/Registry/PersistenceDetector.cpp' kaynak dosyas─▒ derleniyor)
  
C:\ShadowStrike\ShadowStrike\src\Shared_modules\Core\Registry\PersistenceDetector.cpp(1162,46): error C2039: 'ToLowerCase': bir 'ShadowStrike::Utils::StringUtils' ├╝yesi de─şil [C:\ShadowStrike\ShadowStrike\ShadowStrike.vcxproj]
  ('/src/Shared_modules/Core/Registry/PersistenceDetector.cpp' kaynak dosyas─▒ derleniyor)
      C:\ShadowStrike\ShadowStrike\src\Shared_modules\Utils\StringUtils.hpp(63,19):
      'ShadowStrike::Utils::StringUtils' bildirimine bak─▒n
  
C:\ShadowStrike\ShadowStrike\src\Shared_modules\Core\Registry\PersistenceDetector.cpp(1162,46): error C3861: 'ToLowerCase': tan─▒mlay─▒c─▒ bulunamad─▒ [C:\ShadowStrike\ShadowStrike\ShadowStrike.vcxproj]
  ('/src/Shared_modules/Core/Registry/PersistenceDetector.cpp' kaynak dosyas─▒ derleniyor)
  
C:\ShadowStrike\ShadowStrike\src\Shared_modules\Core\Registry\PersistenceDetector.cpp(1172,17): error C2679: ikili '=': 'void' t├╝r├╝nde bir sa─ş taraf i┼şleneni alan hi├ğbir i┼şle├ğ bulunamad─▒ (veya hi├ğ kabul edilebilir d├Ân├╝┼şt├╝rme yok) [C:\ShadowStrike\ShadowStrike\ShadowStrike.vcxproj]
  ('/src/Shared_modules/Core/Registry/PersistenceDetector.cpp' kaynak dosyas─▒ derleniyor)
      C:\Program Files\Microsoft Visual Studio\2022\Community\VC\Tools\MSVC\14.44.35207\include\xstring(1453,32):
      'std::basic_string<wchar_t,std::char_traits<wchar_t>,std::allocator<wchar_t>> &std::basic_string<wchar_t,std::char_traits<wchar_t>,std::allocator<wchar_t>>::operator =(const _Elem)' olabilirdi
          with
          [
              _Elem=wchar_t
          ]
          C:\ShadowStrike\ShadowStrike\src\Shared_modules\Core\Registry\PersistenceDetector.cpp(1172,17):
          'std::basic_string<wchar_t,std::char_traits<wchar_t>,std::allocator<wchar_t>> &std::basic_string<wchar_t,std::char_traits<wchar_t>,std::allocator<wchar_t>>::operator =(const _Elem)' : 2 ba─ş─▒ms─▒z de─şi┼şkeni 'void' de─şerinden 'const _Elem' de─şerine d├Ân├╝┼şt├╝r├╝lemez
          with
          [
              _Elem=wchar_t
          ]
              C:\ShadowStrike\ShadowStrike\src\Shared_modules\Core\Registry\PersistenceDetector.cpp(1172,44):
              Ge├ğersiz t├╝rde ifadeler di─şer t├╝rlere d├Ân├╝┼şt├╝r├╝lemez
      C:\Program Files\Microsoft Visual Studio\2022\Community\VC\Tools\MSVC\14.44.35207\include\xstring(1450,19):
      veya       'std::basic_string<wchar_t,std::char_traits<wchar_t>,std::allocator<wchar_t>> &std::basic_string<wchar_t,std::char_traits<wchar_t>,std::allocator<wchar_t>>::operator =(std::nullptr_t)'
          C:\ShadowStrike\ShadowStrike\src\Shared_modules\Core\Registry\PersistenceDetector.cpp(1172,17):
          'std::basic_string<wchar_t,std::char_traits<wchar_t>,std::allocator<wchar_t>> &std::basic_string<wchar_t,std::char_traits<wchar_t>,std::allocator<wchar_t>>::operator =(std::nullptr_t)' : 2 ba─ş─▒ms─▒z de─şi┼şkeni 'void' de─şerinden 'std::nullptr_t' de─şerine d├Ân├╝┼şt├╝r├╝lemez
              C:\ShadowStrike\ShadowStrike\src\Shared_modules\Core\Registry\PersistenceDetector.cpp(1172,44):
              nullptr yaln─▒zca bir i┼şaret├ğiye ve tan─▒t─▒c─▒ t├╝rlerine d├Ân├╝┼şt├╝r├╝lebilir
      C:\Program Files\Microsoft Visual Studio\2022\Community\VC\Tools\MSVC\14.44.35207\include\xstring(1445,32):
      veya       'std::basic_string<wchar_t,std::char_traits<wchar_t>,std::allocator<wchar_t>> &std::basic_string<wchar_t,std::char_traits<wchar_t>,std::allocator<wchar_t>>::operator =(const _Elem *const )'
          with
          [
              _Elem=wchar_t
          ]
          C:\ShadowStrike\ShadowStrike\src\Shared_modules\Core\Registry\PersistenceDetector.cpp(1172,17):
          'std::basic_string<wchar_t,std::char_traits<wchar_t>,std::allocator<wchar_t>> &std::basic_string<wchar_t,std::char_traits<wchar_t>,std::allocator<wchar_t>>::operator =(const _Elem *const )' : 2 ba─ş─▒ms─▒z de─şi┼şkeni 'void' de─şerinden 'const _Elem *const ' de─şerine d├Ân├╝┼şt├╝r├╝lemez
          with
          [
              _Elem=wchar_t
          ]
              C:\ShadowStrike\ShadowStrike\src\Shared_modules\Core\Registry\PersistenceDetector.cpp(1172,44):
              Ge├ğersiz t├╝rde ifadeler di─şer t├╝rlere d├Ân├╝┼şt├╝r├╝lemez
      C:\Program Files\Microsoft Visual Studio\2022\Community\VC\Tools\MSVC\14.44.35207\include\xstring(1394,32):
      veya       'std::basic_string<wchar_t,std::char_traits<wchar_t>,std::allocator<wchar_t>> &std::basic_string<wchar_t,std::char_traits<wchar_t>,std::allocator<wchar_t>>::operator =(const std::basic_string<wchar_t,std::char_traits<wchar_t>,std::allocator<wchar_t>> &)'
          C:\ShadowStrike\ShadowStrike\src\Shared_modules\Core\Registry\PersistenceDetector.cpp(1172,17):
          'std::basic_string<wchar_t,std::char_traits<wchar_t>,std::allocator<wchar_t>> &std::basic_string<wchar_t,std::char_traits<wchar_t>,std::allocator<wchar_t>>::operator =(const std::basic_string<wchar_t,std::char_traits<wchar_t>,std::allocator<wchar_t>> &)' : 2 ba─ş─▒ms─▒z de─şi┼şkeni 'void' de─şerinden 'const std::basic_string<wchar_t,std::char_traits<wchar_t>,std::allocator<wchar_t>> &' de─şerine d├Ân├╝┼şt├╝r├╝lemez
              C:\ShadowStrike\ShadowStrike\src\Shared_modules\Core\Registry\PersistenceDetector.cpp(1172,44):
              Ge├ğersiz t├╝rde ifadeler di─şer t├╝rlere d├Ân├╝┼şt├╝r├╝lemez
      C:\Program Files\Microsoft Visual Studio\2022\Community\VC\Tools\MSVC\14.44.35207\include\xstring(1345,32):
      veya       'std::basic_string<wchar_t,std::char_traits<wchar_t>,std::allocator<wchar_t>> &std::basic_string<wchar_t,std::char_traits<wchar_t>,std::allocator<wchar_t>>::operator =(std::initializer_list<_Elem>)'
          with
          [
              _Elem=wchar_t
          ]
          C:\ShadowStrike\ShadowStrike\src\Shared_modules\Core\Registry\PersistenceDetector.cpp(1172,17):
          'std::basic_string<wchar_t,std::char_traits<wchar_t>,std::allocator<wchar_t>> &std::basic_string<wchar_t,std::char_traits<wchar_t>,std::allocator<wchar_t>>::operator =(std::initializer_list<_Elem>)' : 2 ba─ş─▒ms─▒z de─şi┼şkeni 'void' de─şerinden 'std::initializer_list<_Elem>' de─şerine d├Ân├╝┼şt├╝r├╝lemez
          with
          [
              _Elem=wchar_t
          ]
              C:\ShadowStrike\ShadowStrike\src\Shared_modules\Core\Registry\PersistenceDetector.cpp(1172,44):
              Ge├ğersiz t├╝rde ifadeler di─şer t├╝rlere d├Ân├╝┼şt├╝r├╝lemez
      C:\Program Files\Microsoft Visual Studio\2022\Community\VC\Tools\MSVC\14.44.35207\include\xstring(1224,32):
      veya       'std::basic_string<wchar_t,std::char_traits<wchar_t>,std::allocator<wchar_t>> &std::basic_string<wchar_t,std::char_traits<wchar_t>,std::allocator<wchar_t>>::operator =(std::basic_string<wchar_t,std::char_traits<wchar_t>,std::allocator<wchar_t>> &&) noexcept'
          C:\ShadowStrike\ShadowStrike\src\Shared_modules\Core\Registry\PersistenceDetector.cpp(1172,17):
          'std::basic_string<wchar_t,std::char_traits<wchar_t>,std::allocator<wchar_t>> &std::basic_string<wchar_t,std::char_traits<wchar_t>,std::allocator<wchar_t>>::operator =(std::basic_string<wchar_t,std::char_traits<wchar_t>,std::allocator<wchar_t>> &&) noexcept' : 2 ba─ş─▒ms─▒z de─şi┼şkeni 'void' de─şerinden 'std::basic_string<wchar_t,std::char_traits<wchar_t>,std::allocator<wchar_t>> &&' de─şerine d├Ân├╝┼şt├╝r├╝lemez
              C:\ShadowStrike\ShadowStrike\src\Shared_modules\Core\Registry\PersistenceDetector.cpp(1172,44):
              Ge├ğersiz t├╝rde ifadeler di─şer t├╝rlere d├Ân├╝┼şt├╝r├╝lemez
      C:\Program Files\Microsoft Visual Studio\2022\Community\VC\Tools\MSVC\14.44.35207\include\xstring(1440,32):
      veya       'std::basic_string<wchar_t,std::char_traits<wchar_t>,std::allocator<wchar_t>> &std::basic_string<wchar_t,std::char_traits<wchar_t>,std::allocator<wchar_t>>::operator =(const _StringViewIsh &)'
          C:\ShadowStrike\ShadowStrike\src\Shared_modules\Core\Registry\PersistenceDetector.cpp(1172,17):
          'std::basic_string<wchar_t,std::char_traits<wchar_t>,std::allocator<wchar_t>> &std::basic_string<wchar_t,std::char_traits<wchar_t>,std::allocator<wchar_t>>::operator =(const _StringViewIsh &)': ┼şablon ba─ş─▒ms─▒z de─şi┼şkeni ('__formal' i├ğin) anla┼ş─▒lamad─▒
              C:\Program Files\Microsoft Visual Studio\2022\Community\VC\Tools\MSVC\14.44.35207\include\xstring(615,70):
              'void' de─şerine ba┼şvuru olu┼şturulam─▒yor.
              C:\Program Files\Microsoft Visual Studio\2022\Community\VC\Tools\MSVC\14.44.35207\include\xstring(616,69):
              'void' de─şerine ba┼şvuru olu┼şturulam─▒yor.
      C:\ShadowStrike\ShadowStrike\src\Shared_modules\Core\Registry\PersistenceDetector.cpp(1172,17):
      '(std::wstring, void)' ba─ş─▒ms─▒z de─şi┼şken listesi e┼şlenmeye ├ğal─▒┼ş─▒l─▒rken
  
C:\ShadowStrike\ShadowStrike\src\Shared_modules\Core\Registry\PersistenceDetector.cpp(1175,38): error C3861: 'ResolveTargetImpl': tan─▒mlay─▒c─▒ bulunamad─▒ [C:\ShadowStrike\ShadowStrike\ShadowStrike.vcxproj]
  ('/src/Shared_modules/Core/Registry/PersistenceDetector.cpp' kaynak dosyas─▒ derleniyor)
  
C:\ShadowStrike\ShadowStrike\src\Shared_modules\Core\Registry\PersistenceDetector.cpp(1183,65): error C2664: 'std::vector<std::wstring,std::allocator<std::wstring>> ShadowStrike::Utils::StringUtils::Split(std::wstring_view,std::wstring_view)' : 2 ba─ş─▒ms─▒z de─şi┼şkeni 'wchar_t' de─şerinden 'std::wstring_view' de─şerine d├Ân├╝┼şt├╝r├╝lemez [C:\ShadowStrike\ShadowStrike\ShadowStrike.vcxproj]
  ('/src/Shared_modules/Core/Registry/PersistenceDetector.cpp' kaynak dosyas─▒ derleniyor)
      C:\ShadowStrike\ShadowStrike\src\Shared_modules\Core\Registry\PersistenceDetector.cpp(1183,90):
      'std::basic_string_view<wchar_t,std::char_traits<wchar_t>>::basic_string_view': hi├ğbir a┼ş─▒r─▒ y├╝klenmi┼ş i┼şlev t├╝m arg├╝man t├╝rlerini d├Ân├╝┼şt├╝remez
          C:\Program Files\Microsoft Visual Studio\2022\Community\VC\Tools\MSVC\14.44.35207\include\__msvc_string_view.hpp(1376,5):
          'std::basic_string_view<wchar_t,std::char_traits<wchar_t>>::basic_string_view(std::nullptr_t)' olabilirdi
              C:\ShadowStrike\ShadowStrike\src\Shared_modules\Core\Registry\PersistenceDetector.cpp(1183,90):
              'std::basic_string_view<wchar_t,std::char_traits<wchar_t>>::basic_string_view(std::nullptr_t)' : 1 ba─ş─▒ms─▒z de─şi┼şkeni 'wchar_t' de─şerinden 'std::nullptr_t' de─şerine d├Ân├╝┼şt├╝r├╝lemez
                  C:\ShadowStrike\ShadowStrike\src\Shared_modules\Core\Registry\PersistenceDetector.cpp(1183,90):
                  yaln─▒zca bo┼ş i┼şaret├ği sabiti nullptr_t de─şerine d├Ân├╝┼şt├╝r├╝lebilir
          C:\Program Files\Microsoft Visual Studio\2022\Community\VC\Tools\MSVC\14.44.35207\include\__msvc_string_view.hpp(1372,20):
          veya       'std::basic_string_view<wchar_t,std::char_traits<wchar_t>>::basic_string_view(const wchar_t *const ) noexcept'
              C:\ShadowStrike\ShadowStrike\src\Shared_modules\Core\Registry\PersistenceDetector.cpp(1183,90):
              'std::basic_string_view<wchar_t,std::char_traits<wchar_t>>::basic_string_view(const wchar_t *const ) noexcept' : 1 ba─ş─▒ms─▒z de─şi┼şkeni 'wchar_t' de─şerinden 'const wchar_t *const ' de─şerine d├Ân├╝┼şt├╝r├╝lemez
                  C:\ShadowStrike\ShadowStrike\src\Shared_modules\Core\Registry\PersistenceDetector.cpp(1183,90):
                  ─░ntegral t├╝rden i┼şaret├ği t├╝r├╝ne d├Ân├╝┼şt├╝rme reinterpret_cast, C stili t├╝r d├Ân├╝┼şt├╝rme veya parantez i├ğine al─▒nm─▒┼ş i┼şlev stili t├╝r d├Ân├╝┼şt├╝rme gerektiriyor
          C:\Program Files\Microsoft Visual Studio\2022\Community\VC\Tools\MSVC\14.44.35207\include\__msvc_string_view.hpp(1390,5):
          veya       'std::basic_string_view<wchar_t,std::char_traits<wchar_t>>::basic_string_view(_Iter,_Sent) noexcept(<expr>)'
          C:\ShadowStrike\ShadowStrike\src\Shared_modules\Core\Registry\PersistenceDetector.cpp(1183,90):
          '(wchar_t)' ba─ş─▒ms─▒z de─şi┼şken listesi e┼şlenmeye ├ğal─▒┼ş─▒l─▒rken
      C:\ShadowStrike\ShadowStrike\src\Shared_modules\Utils\StringUtils.hpp(226,53):
      'ShadowStrike::Utils::StringUtils::Split' bildirimine bak─▒n
      C:\ShadowStrike\ShadowStrike\src\Shared_modules\Core\Registry\PersistenceDetector.cpp(1183,65):
      '(std::wstring, wchar_t)' ba─ş─▒ms─▒z de─şi┼şken listesi e┼şlenmeye ├ğal─▒┼ş─▒l─▒rken
  
C:\ShadowStrike\ShadowStrike\src\Shared_modules\Core\Registry\PersistenceDetector.cpp(1186,42): error C3861: 'ResolveTargetImpl': tan─▒mlay─▒c─▒ bulunamad─▒ [C:\ShadowStrike\ShadowStrike\ShadowStrike.vcxproj]
  ('/src/Shared_modules/Core/Registry/PersistenceDetector.cpp' kaynak dosyas─▒ derleniyor)
  
C:\ShadowStrike\ShadowStrike\src\Shared_modules\Core\Registry\PersistenceDetector.cpp(1196,38): error C3861: 'ResolveTargetImpl': tan─▒mlay─▒c─▒ bulunamad─▒ [C:\ShadowStrike\ShadowStrike\ShadowStrike.vcxproj]
  ('/src/Shared_modules/Core/Registry/PersistenceDetector.cpp' kaynak dosyas─▒ derleniyor)
  
C:\ShadowStrike\ShadowStrike\src\Shared_modules\Core\Registry\PersistenceDetector.cpp(1210,69): error C2664: 'std::vector<std::wstring,std::allocator<std::wstring>> ShadowStrike::Utils::StringUtils::Split(std::wstring_view,std::wstring_view)' : 2 ba─ş─▒ms─▒z de─şi┼şkeni 'wchar_t' de─şerinden 'std::wstring_view' de─şerine d├Ân├╝┼şt├╝r├╝lemez [C:\ShadowStrike\ShadowStrike\ShadowStrike.vcxproj]
  ('/src/Shared_modules/Core/Registry/PersistenceDetector.cpp' kaynak dosyas─▒ derleniyor)
      C:\ShadowStrike\ShadowStrike\src\Shared_modules\Core\Registry\PersistenceDetector.cpp(1210,94):
      'std::basic_string_view<wchar_t,std::char_traits<wchar_t>>::basic_string_view': hi├ğbir a┼ş─▒r─▒ y├╝klenmi┼ş i┼şlev t├╝m arg├╝man t├╝rlerini d├Ân├╝┼şt├╝remez
          C:\Program Files\Microsoft Visual Studio\2022\Community\VC\Tools\MSVC\14.44.35207\include\__msvc_string_view.hpp(1376,5):
          'std::basic_string_view<wchar_t,std::char_traits<wchar_t>>::basic_string_view(std::nullptr_t)' olabilirdi
              C:\ShadowStrike\ShadowStrike\src\Shared_modules\Core\Registry\PersistenceDetector.cpp(1210,94):
              'std::basic_string_view<wchar_t,std::char_traits<wchar_t>>::basic_string_view(std::nullptr_t)' : 1 ba─ş─▒ms─▒z de─şi┼şkeni 'wchar_t' de─şerinden 'std::nullptr_t' de─şerine d├Ân├╝┼şt├╝r├╝lemez
                  C:\ShadowStrike\ShadowStrike\src\Shared_modules\Core\Registry\PersistenceDetector.cpp(1210,94):
                  yaln─▒zca bo┼ş i┼şaret├ği sabiti nullptr_t de─şerine d├Ân├╝┼şt├╝r├╝lebilir
          C:\Program Files\Microsoft Visual Studio\2022\Community\VC\Tools\MSVC\14.44.35207\include\__msvc_string_view.hpp(1372,20):
          veya       'std::basic_string_view<wchar_t,std::char_traits<wchar_t>>::basic_string_view(const wchar_t *const ) noexcept'
              C:\ShadowStrike\ShadowStrike\src\Shared_modules\Core\Registry\PersistenceDetector.cpp(1210,94):
              'std::basic_string_view<wchar_t,std::char_traits<wchar_t>>::basic_string_view(const wchar_t *const ) noexcept' : 1 ba─ş─▒ms─▒z de─şi┼şkeni 'wchar_t' de─şerinden 'const wchar_t *const ' de─şerine d├Ân├╝┼şt├╝r├╝lemez
                  C:\ShadowStrike\ShadowStrike\src\Shared_modules\Core\Registry\PersistenceDetector.cpp(1210,94):
                  ─░ntegral t├╝rden i┼şaret├ği t├╝r├╝ne d├Ân├╝┼şt├╝rme reinterpret_cast, C stili t├╝r d├Ân├╝┼şt├╝rme veya parantez i├ğine al─▒nm─▒┼ş i┼şlev stili t├╝r d├Ân├╝┼şt├╝rme gerektiriyor
          C:\Program Files\Microsoft Visual Studio\2022\Community\VC\Tools\MSVC\14.44.35207\include\__msvc_string_view.hpp(1390,5):
          veya       'std::basic_string_view<wchar_t,std::char_traits<wchar_t>>::basic_string_view(_Iter,_Sent) noexcept(<expr>)'
          C:\ShadowStrike\ShadowStrike\src\Shared_modules\Core\Registry\PersistenceDetector.cpp(1210,94):
          '(wchar_t)' ba─ş─▒ms─▒z de─şi┼şken listesi e┼şlenmeye ├ğal─▒┼ş─▒l─▒rken
      C:\ShadowStrike\ShadowStrike\src\Shared_modules\Utils\StringUtils.hpp(226,53):
      'ShadowStrike::Utils::StringUtils::Split' bildirimine bak─▒n
      C:\ShadowStrike\ShadowStrike\src\Shared_modules\Core\Registry\PersistenceDetector.cpp(1210,69):
      '(std::wstring, wchar_t)' ba─ş─▒ms─▒z de─şi┼şken listesi e┼şlenmeye ├ğal─▒┼ş─▒l─▒rken
  
C:\ShadowStrike\ShadowStrike\src\Shared_modules\Core\Registry\PersistenceDetector.cpp(1212,42): error C2039: 'EqualsIgnoreCase': bir 'ShadowStrike::Utils::StringUtils' ├╝yesi de─şil [C:\ShadowStrike\ShadowStrike\ShadowStrike.vcxproj]
  ('/src/Shared_modules/Core/Registry/PersistenceDetector.cpp' kaynak dosyas─▒ derleniyor)
      C:\ShadowStrike\ShadowStrike\src\Shared_modules\Utils\StringUtils.hpp(63,19):
      'ShadowStrike::Utils::StringUtils' bildirimine bak─▒n
  
C:\ShadowStrike\ShadowStrike\src\Shared_modules\Core\Registry\PersistenceDetector.cpp(1212,42): error C3861: 'EqualsIgnoreCase': tan─▒mlay─▒c─▒ bulunamad─▒ [C:\ShadowStrike\ShadowStrike\ShadowStrike.vcxproj]
  ('/src/Shared_modules/Core/Registry/PersistenceDetector.cpp' kaynak dosyas─▒ derleniyor)
  
C:\ShadowStrike\ShadowStrike\src\Shared_modules\Core\Registry\PersistenceDetector.cpp(1213,42): error C2039: 'EqualsIgnoreCase': bir 'ShadowStrike::Utils::StringUtils' ├╝yesi de─şil [C:\ShadowStrike\ShadowStrike\ShadowStrike.vcxproj]
  ('/src/Shared_modules/Core/Registry/PersistenceDetector.cpp' kaynak dosyas─▒ derleniyor)
      C:\ShadowStrike\ShadowStrike\src\Shared_modules\Utils\StringUtils.hpp(63,19):
      'ShadowStrike::Utils::StringUtils' bildirimine bak─▒n
  
C:\ShadowStrike\ShadowStrike\src\Shared_modules\Core\Registry\PersistenceDetector.cpp(1213,42): error C3861: 'EqualsIgnoreCase': tan─▒mlay─▒c─▒ bulunamad─▒ [C:\ShadowStrike\ShadowStrike\ShadowStrike.vcxproj]
  ('/src/Shared_modules/Core/Registry/PersistenceDetector.cpp' kaynak dosyas─▒ derleniyor)
  
C:\ShadowStrike\ShadowStrike\src\Shared_modules\Core\Registry\PersistenceDetector.cpp(1215,68): error C2039: 'WideToUtf8': bir 'ShadowStrike::Utils::StringUtils' ├╝yesi de─şil [C:\ShadowStrike\ShadowStrike\ShadowStrike.vcxproj]
  ('/src/Shared_modules/Core/Registry/PersistenceDetector.cpp' kaynak dosyas─▒ derleniyor)
      C:\ShadowStrike\ShadowStrike\src\Shared_modules\Utils\StringUtils.hpp(63,19):
      'ShadowStrike::Utils::StringUtils' bildirimine bak─▒n
  
C:\ShadowStrike\ShadowStrike\src\Shared_modules\Core\Registry\PersistenceDetector.cpp(1215,68): error C3861: 'WideToUtf8': tan─▒mlay─▒c─▒ bulunamad─▒ [C:\ShadowStrike\ShadowStrike\ShadowStrike.vcxproj]
  ('/src/Shared_modules/Core/Registry/PersistenceDetector.cpp' kaynak dosyas─▒ derleniyor)
  
C:\ShadowStrike\ShadowStrike\src\Shared_modules\Core\Registry\PersistenceDetector.cpp(1216,68): error C2039: 'Base64Decode': bir 'ShadowStrike::Utils::CryptoUtils' ├╝yesi de─şil [C:\ShadowStrike\ShadowStrike\ShadowStrike.vcxproj]
  ('/src/Shared_modules/Core/Registry/PersistenceDetector.cpp' kaynak dosyas─▒ derleniyor)
      C:\ShadowStrike\ShadowStrike\src\Shared_modules\Utils\CryptoUtils.hpp(85,19):
      'ShadowStrike::Utils::CryptoUtils' bildirimine bak─▒n
  
C:\ShadowStrike\ShadowStrike\src\Shared_modules\Core\Registry\PersistenceDetector.cpp(1216,68): error C3861: 'Base64Decode': tan─▒mlay─▒c─▒ bulunamad─▒ [C:\ShadowStrike\ShadowStrike\ShadowStrike.vcxproj]
  ('/src/Shared_modules/Core/Registry/PersistenceDetector.cpp' kaynak dosyas─▒ derleniyor)
  
C:\ShadowStrike\ShadowStrike\src\Shared_modules\Core\Registry\PersistenceDetector.cpp(1217,70): error C2039: 'Utf8ToWide': bir 'ShadowStrike::Utils::StringUtils' ├╝yesi de─şil [C:\ShadowStrike\ShadowStrike\ShadowStrike.vcxproj]
  ('/src/Shared_modules/Core/Registry/PersistenceDetector.cpp' kaynak dosyas─▒ derleniyor)
      C:\ShadowStrike\ShadowStrike\src\Shared_modules\Utils\StringUtils.hpp(63,19):
      'ShadowStrike::Utils::StringUtils' bildirimine bak─▒n
  
C:\ShadowStrike\ShadowStrike\src\Shared_modules\Core\Registry\PersistenceDetector.cpp(1217,70): error C3861: 'Utf8ToWide': tan─▒mlay─▒c─▒ bulunamad─▒ [C:\ShadowStrike\ShadowStrike\ShadowStrike.vcxproj]
  ('/src/Shared_modules/Core/Registry/PersistenceDetector.cpp' kaynak dosyas─▒ derleniyor)
  
C:\ShadowStrike\ShadowStrike\src\Shared_modules\Core\Registry\PersistenceDetector.cpp(1224,43): error C2039: 'description': bir 'ShadowStrike::Core::Registry::TargetBinary' ├╝yesi de─şil [C:\ShadowStrike\ShadowStrike\ShadowStrike.vcxproj]
  ('/src/Shared_modules/Core/Registry/PersistenceDetector.cpp' kaynak dosyas─▒ derleniyor)
      C:\ShadowStrike\ShadowStrike\src\Shared_modules\Core\Registry\PersistenceDetector.hpp(371,20):
      'ShadowStrike::Core::Registry::TargetBinary' bildirimine bak─▒n
  
C:\ShadowStrike\ShadowStrike\src\Shared_modules\Core\Registry\PersistenceDetector.cpp(1240,49): error C2039: 'ToLowerCase': bir 'ShadowStrike::Utils::StringUtils' ├╝yesi de─şil [C:\ShadowStrike\ShadowStrike\ShadowStrike.vcxproj]
  ('/src/Shared_modules/Core/Registry/PersistenceDetector.cpp' kaynak dosyas─▒ derleniyor)
      C:\ShadowStrike\ShadowStrike\src\Shared_modules\Utils\StringUtils.hpp(63,19):
      'ShadowStrike::Utils::StringUtils' bildirimine bak─▒n
  
C:\ShadowStrike\ShadowStrike\src\Shared_modules\Core\Registry\PersistenceDetector.cpp(1240,49): error C3861: 'ToLowerCase': tan─▒mlay─▒c─▒ bulunamad─▒ [C:\ShadowStrike\ShadowStrike\ShadowStrike.vcxproj]
  ('/src/Shared_modules/Core/Registry/PersistenceDetector.cpp' kaynak dosyas─▒ derleniyor)
  
C:\ShadowStrike\ShadowStrike\src\Shared_modules\Core\Registry\PersistenceDetector.cpp(1251,52): error C2039: 'ToLowerCase': bir 'ShadowStrike::Utils::StringUtils' ├╝yesi de─şil [C:\ShadowStrike\ShadowStrike\ShadowStrike.vcxproj]
  ('/src/Shared_modules/Core/Registry/PersistenceDetector.cpp' kaynak dosyas─▒ derleniyor)
      C:\ShadowStrike\ShadowStrike\src\Shared_modules\Utils\StringUtils.hpp(63,19):
      'ShadowStrike::Utils::StringUtils' bildirimine bak─▒n
  
C:\ShadowStrike\ShadowStrike\src\Shared_modules\Core\Registry\PersistenceDetector.cpp(1251,52): error C3861: 'ToLowerCase': tan─▒mlay─▒c─▒ bulunamad─▒ [C:\ShadowStrike\ShadowStrike\ShadowStrike.vcxproj]
  ('/src/Shared_modules/Core/Registry/PersistenceDetector.cpp' kaynak dosyas─▒ derleniyor)
  
C:\ShadowStrike\ShadowStrike\src\Shared_modules\Core\Registry\PersistenceDetector.cpp(1258,60): error C2039: 'ToLowerCase': bir 'ShadowStrike::Utils::StringUtils' ├╝yesi de─şil [C:\ShadowStrike\ShadowStrike\ShadowStrike.vcxproj]
  ('/src/Shared_modules/Core/Registry/PersistenceDetector.cpp' kaynak dosyas─▒ derleniyor)
      C:\ShadowStrike\ShadowStrike\src\Shared_modules\Utils\StringUtils.hpp(63,19):
      'ShadowStrike::Utils::StringUtils' bildirimine bak─▒n
  
C:\ShadowStrike\ShadowStrike\src\Shared_modules\Core\Registry\PersistenceDetector.cpp(1258,60): error C3861: 'ToLowerCase': tan─▒mlay─▒c─▒ bulunamad─▒ [C:\ShadowStrike\ShadowStrike\ShadowStrike.vcxproj]
  ('/src/Shared_modules/Core/Registry/PersistenceDetector.cpp' kaynak dosyas─▒ derleniyor)
  
C:\ShadowStrike\ShadowStrike\src\Shared_modules\Core\Registry\PersistenceDetector.cpp(1266,62): error C2039: 'ToLowerCase': bir 'ShadowStrike::Utils::StringUtils' ├╝yesi de─şil [C:\ShadowStrike\ShadowStrike\ShadowStrike.vcxproj]
  ('/src/Shared_modules/Core/Registry/PersistenceDetector.cpp' kaynak dosyas─▒ derleniyor)
      C:\ShadowStrike\ShadowStrike\src\Shared_modules\Utils\StringUtils.hpp(63,19):
      'ShadowStrike::Utils::StringUtils' bildirimine bak─▒n
  
C:\ShadowStrike\ShadowStrike\src\Shared_modules\Core\Registry\PersistenceDetector.cpp(1266,62): error C3861: 'ToLowerCase': tan─▒mlay─▒c─▒ bulunamad─▒ [C:\ShadowStrike\ShadowStrike\ShadowStrike.vcxproj]
  ('/src/Shared_modules/Core/Registry/PersistenceDetector.cpp' kaynak dosyas─▒ derleniyor)
  
C:\ShadowStrike\ShadowStrike\src\Shared_modules\Core\Registry\PersistenceDetector.cpp(1283,47): error C2039: 'ToLowerCase': bir 'ShadowStrike::Utils::StringUtils' ├╝yesi de─şil [C:\ShadowStrike\ShadowStrike\ShadowStrike.vcxproj]
  ('/src/Shared_modules/Core/Registry/PersistenceDetector.cpp' kaynak dosyas─▒ derleniyor)
      C:\ShadowStrike\ShadowStrike\src\Shared_modules\Utils\StringUtils.hpp(63,19):
      'ShadowStrike::Utils::StringUtils' bildirimine bak─▒n
  
C:\ShadowStrike\ShadowStrike\src\Shared_modules\Core\Registry\PersistenceDetector.cpp(1283,47): error C3861: 'ToLowerCase': tan─▒mlay─▒c─▒ bulunamad─▒ [C:\ShadowStrike\ShadowStrike\ShadowStrike.vcxproj]
  ('/src/Shared_modules/Core/Registry/PersistenceDetector.cpp' kaynak dosyas─▒ derleniyor)
  
C:\ShadowStrike\ShadowStrike\src\Shared_modules\Performance\CPUMonitor.cpp(589,1): error C1010: ├Ân derlenmi┼ş ├╝stbilgi aran─▒rken beklenmeyen dosya sonu. kaynak kodunuza '#include "pch.h"' eklemeyi unuttunuz mu? [C:\ShadowStrike\ShadowStrike\ShadowStrike.vcxproj]
C:\ShadowStrike\ShadowStrike\src\Shared_modules\Exploits\JITSprayDetector.cpp(707,77): error C2105: '++' i├ğin lvalue gerekiyor [C:\ShadowStrike\ShadowStrike\ShadowStrike.vcxproj]
  ('/src/Shared_modules/Exploits/JITSprayDetector.cpp' kaynak dosyas─▒ derleniyor)
  
C:\ShadowStrike\ShadowStrike\src\Shared_modules\Core\Registry\PersistenceDetector.cpp(1342,50): error C2039: 'ToLowerCase': bir 'ShadowStrike::Utils::StringUtils' ├╝yesi de─şil [C:\ShadowStrike\ShadowStrike\ShadowStrike.vcxproj]
  ('/src/Shared_modules/Core/Registry/PersistenceDetector.cpp' kaynak dosyas─▒ derleniyor)
      C:\ShadowStrike\ShadowStrike\src\Shared_modules\Utils\StringUtils.hpp(63,19):
      'ShadowStrike::Utils::StringUtils' bildirimine bak─▒n
  
C:\ShadowStrike\ShadowStrike\src\Shared_modules\Core\Registry\PersistenceDetector.cpp(1342,50): error C3861: 'ToLowerCase': tan─▒mlay─▒c─▒ bulunamad─▒ [C:\ShadowStrike\ShadowStrike\ShadowStrike.vcxproj]
  ('/src/Shared_modules/Core/Registry/PersistenceDetector.cpp' kaynak dosyas─▒ derleniyor)
  
C:\ShadowStrike\ShadowStrike\src\Shared_modules\Core\Registry\PersistenceDetector.cpp(1381,39): error C3861: 'ResolveTargetImpl': tan─▒mlay─▒c─▒ bulunamad─▒ [C:\ShadowStrike\ShadowStrike\ShadowStrike.vcxproj]
  ('/src/Shared_modules/Core/Registry/PersistenceDetector.cpp' kaynak dosyas─▒ derleniyor)
  
C:\ShadowStrike\ShadowStrike\src\Shared_modules\Core\Registry\PersistenceDetector.cpp(1421,47): error C2039: 'ToUpperCase': bir 'ShadowStrike::Utils::StringUtils' ├╝yesi de─şil [C:\ShadowStrike\ShadowStrike\ShadowStrike.vcxproj]
  ('/src/Shared_modules/Core/Registry/PersistenceDetector.cpp' kaynak dosyas─▒ derleniyor)
      C:\ShadowStrike\ShadowStrike\src\Shared_modules\Utils\StringUtils.hpp(63,19):
      'ShadowStrike::Utils::StringUtils' bildirimine bak─▒n
  
C:\ShadowStrike\ShadowStrike\src\Shared_modules\Core\Registry\PersistenceDetector.cpp(1421,47): error C3861: 'ToUpperCase': tan─▒mlay─▒c─▒ bulunamad─▒ [C:\ShadowStrike\ShadowStrike\ShadowStrike.vcxproj]
  ('/src/Shared_modules/Core/Registry/PersistenceDetector.cpp' kaynak dosyas─▒ derleniyor)
  
C:\ShadowStrike\ShadowStrike\src\Shared_modules\Core\Registry\PersistenceDetector.cpp(1429,56): error C2039: 'ToUpperCase': bir 'ShadowStrike::Utils::StringUtils' ├╝yesi de─şil [C:\ShadowStrike\ShadowStrike\ShadowStrike.vcxproj]
  ('/src/Shared_modules/Core/Registry/PersistenceDetector.cpp' kaynak dosyas─▒ derleniyor)
      C:\ShadowStrike\ShadowStrike\src\Shared_modules\Utils\StringUtils.hpp(63,19):
      'ShadowStrike::Utils::StringUtils' bildirimine bak─▒n
  
C:\ShadowStrike\ShadowStrike\src\Shared_modules\Core\Registry\PersistenceDetector.cpp(1429,56): error C3861: 'ToUpperCase': tan─▒mlay─▒c─▒ bulunamad─▒ [C:\ShadowStrike\ShadowStrike\ShadowStrike.vcxproj]
  ('/src/Shared_modules/Core/Registry/PersistenceDetector.cpp' kaynak dosyas─▒ derleniyor)
  
C:\ShadowStrike\ShadowStrike\src\Shared_modules\HashStore\HashStore_import_export.cpp(54,31): error C2039: 'ImportFromFile': bir 'ShadowStrike::HashStore' ├╝yesi de─şil [C:\ShadowStrike\ShadowStrike\ShadowStrike.vcxproj]
  ('/src/Shared_modules/HashStore/HashStore_import_export.cpp' kaynak dosyas─▒ derleniyor)
      C:\ShadowStrike\ShadowStrike\src\Shared_modules\HashStore\HashStore.hpp(66,11):
      'ShadowStrike::HashStore' bildirimine bak─▒n
  
C:\ShadowStrike\ShadowStrike\src\Shared_modules\HashStore\HashStore_import_export.cpp(77,17): error C2065: 'm_readOnly': bildirimi yap─▒lmam─▒┼ş tan─▒mlay─▒c─▒ [C:\ShadowStrike\ShadowStrike\ShadowStrike.vcxproj]
  ('/src/Shared_modules/HashStore/HashStore_import_export.cpp' kaynak dosyas─▒ derleniyor)
  
C:\ShadowStrike\ShadowStrike\src\Shared_modules\HashStore\HashStore_import_export.cpp(175,38): error C3861: 'AddHashBatch': tan─▒mlay─▒c─▒ bulunamad─▒ [C:\ShadowStrike\ShadowStrike\ShadowStrike.vcxproj]
  ('/src/Shared_modules/HashStore/HashStore_import_export.cpp' kaynak dosyas─▒ derleniyor)
  
C:\ShadowStrike\ShadowStrike\src\Shared_modules\HashStore\HashStore_import_export.cpp(201,34): error C3861: 'AddHashBatch': tan─▒mlay─▒c─▒ bulunamad─▒ [C:\ShadowStrike\ShadowStrike\ShadowStrike.vcxproj]
  ('/src/Shared_modules/HashStore/HashStore_import_export.cpp' kaynak dosyas─▒ derleniyor)
  
C:\ShadowStrike\ShadowStrike\src\Shared_modules\HashStore\HashStore_import_export.cpp(219,31): error C2039: 'ExportToFile': bir 'ShadowStrike::HashStore' ├╝yesi de─şil [C:\ShadowStrike\ShadowStrike\ShadowStrike.vcxproj]
  ('/src/Shared_modules/HashStore/HashStore_import_export.cpp' kaynak dosyas─▒ derleniyor)
      C:\ShadowStrike\ShadowStrike\src\Shared_modules\HashStore\HashStore.hpp(66,11):
      'ShadowStrike::HashStore' bildirimine bak─▒n
  
C:\ShadowStrike\ShadowStrike\src\Shared_modules\HashStore\HashStore_import_export.cpp(219,31): error C2270: 'ExportToFile': ├╝ye olmayan i┼şlevlerde de─şi┼ştiricilere izin verilmez [C:\ShadowStrike\ShadowStrike\ShadowStrike.vcxproj]
  ('/src/Shared_modules/HashStore/HashStore_import_export.cpp' kaynak dosyas─▒ derleniyor)
  
C:\ShadowStrike\ShadowStrike\src\Shared_modules\HashStore\HashStore_import_export.cpp(226,18): error C2065: 'm_initialized': bildirimi yap─▒lmam─▒┼ş tan─▒mlay─▒c─▒ [C:\ShadowStrike\ShadowStrike\ShadowStrike.vcxproj]
  ('/src/Shared_modules/HashStore/HashStore_import_export.cpp' kaynak dosyas─▒ derleniyor)
  
C:\ShadowStrike\ShadowStrike\src\Shared_modules\HashStore\HashStore_import_export.cpp(236,54): error C2065: 'm_globalLock': bildirimi yap─▒lmam─▒┼ş tan─▒mlay─▒c─▒ [C:\ShadowStrike\ShadowStrike\ShadowStrike.vcxproj]
  ('/src/Shared_modules/HashStore/HashStore_import_export.cpp' kaynak dosyas─▒ derleniyor)
  
C:\ShadowStrike\ShadowStrike\src\Shared_modules\Performance\MemoryProfiler.cpp(460,1): error C1010: ├Ân derlenmi┼ş ├╝stbilgi aran─▒rken beklenmeyen dosya sonu. kaynak kodunuza '#include "pch.h"' eklemeyi unuttunuz mu? [C:\ShadowStrike\ShadowStrike\ShadowStrike.vcxproj]
C:\ShadowStrike\ShadowStrike\src\Shared_modules\HashStore\HashStore_import_export.cpp(256,57): error C2065: 'm_buckets': bildirimi yap─▒lmam─▒┼ş tan─▒mlay─▒c─▒ [C:\ShadowStrike\ShadowStrike\ShadowStrike.vcxproj]
  ('/src/Shared_modules/HashStore/HashStore_import_export.cpp' kaynak dosyas─▒ derleniyor)
  
C:\ShadowStrike\ShadowStrike\src\Shared_modules\HashStore\HashStore_import_export.cpp(256,55): error C2059: s├Âzdizimi hatas─▒: ':' [C:\ShadowStrike\ShadowStrike\ShadowStrike.vcxproj]
  ('/src/Shared_modules/HashStore/HashStore_import_export.cpp' kaynak dosyas─▒ derleniyor)
  
C:\ShadowStrike\ShadowStrike\src\Shared_modules\HashStore\HashStore_import_export.cpp(256,68): error C2143: s├Âzdizimi hatas─▒: ';' eksik ('{' ├Âncesinde) [C:\ShadowStrike\ShadowStrike\ShadowStrike.vcxproj]
  ('/src/Shared_modules/HashStore/HashStore_import_export.cpp' kaynak dosyas─▒ derleniyor)
  
C:\ShadowStrike\ShadowStrike\src\Shared_modules\HashStore\HashStore_import_export.cpp(257,56): error C2065: 'bucketType': bildirimi yap─▒lmam─▒┼ş tan─▒mlay─▒c─▒ [C:\ShadowStrike\ShadowStrike\ShadowStrike.vcxproj]
  ('/src/Shared_modules/HashStore/HashStore_import_export.cpp' kaynak dosyas─▒ derleniyor)
  
C:\ShadowStrike\ShadowStrike\src\Shared_modules\HashStore\HashStore_import_export.cpp(257,70): error C2440: 't├╝r d├Ân├╝┼şt├╝rme': 'ShadowStrike::SignatureStore::HashType' - 'int' d├Ân├╝┼ş├╝m├╝ yap─▒lam─▒yor [C:\ShadowStrike\ShadowStrike\ShadowStrike.vcxproj]
  ('/src/Shared_modules/HashStore/HashStore_import_export.cpp' kaynak dosyas─▒ derleniyor)
      C:\ShadowStrike\ShadowStrike\src\Shared_modules\HashStore\HashStore_import_export.cpp(257,70):
      Bu d├Ân├╝┼şt├╝rme a├ğ─▒k bir t├╝r d├Ân├╝┼şt├╝rme gerektiriyor (static_cast, C stili t├╝r d├Ân├╝┼şt├╝rme veya parantez i├ğine al─▒nm─▒┼ş i┼şlev stili t├╝r d├Ân├╝┼şt├╝rme)
  
C:\ShadowStrike\ShadowStrike\src\Shared_modules\HashStore\HashStore_import_export.cpp(261,21): error C2065: 'bucket': bildirimi yap─▒lmam─▒┼ş tan─▒mlay─▒c─▒ [C:\ShadowStrike\ShadowStrike\ShadowStrike.vcxproj]
  ('/src/Shared_modules/HashStore/HashStore_import_export.cpp' kaynak dosyas─▒ derleniyor)
  
C:\ShadowStrike\ShadowStrike\src\Shared_modules\HashStore\HashStore_import_export.cpp(264,61): error C2065: 'm_mappedView': bildirimi yap─▒lmam─▒┼ş tan─▒mlay─▒c─▒ [C:\ShadowStrike\ShadowStrike\ShadowStrike.vcxproj]
  ('/src/Shared_modules/HashStore/HashStore_import_export.cpp' kaynak dosyas─▒ derleniyor)
  
C:\ShadowStrike\ShadowStrike\src\Shared_modules\HashStore\HashStore_import_export.cpp(271,52): error C2065: 'm_mappedView': bildirimi yap─▒lmam─▒┼ş tan─▒mlay─▒c─▒ [C:\ShadowStrike\ShadowStrike\ShadowStrike.vcxproj]
  ('/src/Shared_modules/HashStore/HashStore_import_export.cpp' kaynak dosyas─▒ derleniyor)
  
C:\ShadowStrike\ShadowStrike\src\Shared_modules\HashStore\HashStore_import_export.cpp(276,51): error C2065: 'm_mappedView': bildirimi yap─▒lmam─▒┼ş tan─▒mlay─▒c─▒ [C:\ShadowStrike\ShadowStrike\ShadowStrike.vcxproj]
  ('/src/Shared_modules/HashStore/HashStore_import_export.cpp' kaynak dosyas─▒ derleniyor)
  
C:\ShadowStrike\ShadowStrike\src\Shared_modules\Core\Registry\PersistenceDetector.cpp(1494,13): error C2664: 'std::unique_ptr<ShadowStrike::Core::Registry::PersistenceDetectorImpl,std::default_delete<ShadowStrike::Core::Registry::PersistenceDetectorImpl>>::unique_ptr(const std::unique_ptr<ShadowStrike::Core::Registry::PersistenceDetectorImpl,std::default_delete<ShadowStrike::Core::Registry::PersistenceDetectorImpl>> &)' : 1 ba─ş─▒ms─▒z de─şi┼şkeni 'std::unique_ptr<ShadowStrike::Core::Registry::Impl,std::default_delete<ShadowStrike::Core::Registry::Impl>>' de─şerinden 'const std::unique_ptr<ShadowStrike::Core::Registry::PersistenceDetectorImpl,std::default_delete<ShadowStrike::Core::Registry::PersistenceDetectorImpl>> &' de─şerine d├Ân├╝┼şt├╝r├╝lemez [C:\ShadowStrike\ShadowStrike\ShadowStrike.vcxproj]
  ('/src/Shared_modules/Core/Registry/PersistenceDetector.cpp' kaynak dosyas─▒ derleniyor)
      C:\ShadowStrike\ShadowStrike\src\Shared_modules\Core\Registry\PersistenceDetector.cpp(1494,36):
      Nedeni: 'std::unique_ptr<ShadowStrike::Core::Registry::Impl,std::default_delete<ShadowStrike::Core::Registry::Impl>>' de─şerinden 'const std::unique_ptr<ShadowStrike::Core::Registry::PersistenceDetectorImpl,std::default_delete<ShadowStrike::Core::Registry::PersistenceDetectorImpl>>' de─şerine d├Ân├╝┼şt├╝r├╝lemez
      C:\ShadowStrike\ShadowStrike\src\Shared_modules\Core\Registry\PersistenceDetector.cpp(1494,36):
      Bu d├Ân├╝┼şt├╝rmeyi ger├ğekle┼ştirecek kullan─▒c─▒ tan─▒ml─▒ d├Ân├╝┼şt├╝rme i┼şleci yok veya i┼şle├ğ ├ğa─şr─▒lam─▒yor
      C:\Program Files\Microsoft Visual Studio\2022\Community\VC\Tools\MSVC\14.44.35207\include\memory(3475,5):
      'std::unique_ptr<ShadowStrike::Core::Registry::PersistenceDetectorImpl,std::default_delete<ShadowStrike::Core::Registry::PersistenceDetectorImpl>>::unique_ptr' bildirimine bak─▒n
      C:\Program Files\Microsoft Visual Studio\2022\Community\VC\Tools\MSVC\14.44.35207\include\memory(3393,5):
      'std::unique_ptr<ShadowStrike::Core::Registry::PersistenceDetectorImpl,std::default_delete<ShadowStrike::Core::Registry::PersistenceDetectorImpl>>::unique_ptr(std::unique_ptr<_Ux,_Dx> &&) noexcept' olabilirdi
          C:\ShadowStrike\ShadowStrike\src\Shared_modules\Core\Registry\PersistenceDetector.cpp(1494,13):
          'std::unique_ptr<ShadowStrike::Core::Registry::PersistenceDetectorImpl,std::default_delete<ShadowStrike::Core::Registry::PersistenceDetectorImpl>>::unique_ptr(std::unique_ptr<_Ux,_Dx> &&) noexcept': ┼şablon ba─ş─▒ms─▒z de─şi┼şkeni ('__formal' i├ğin) anla┼ş─▒lamad─▒
              C:\Program Files\Microsoft Visual Studio\2022\Community\VC\Tools\MSVC\14.44.35207\include\memory(3389,9):
              'std::enable_if_t<false,int>' : Di─şer ad ┼şablonu ├Âzelle┼ştirilemedi
      C:\Program Files\Microsoft Visual Studio\2022\Community\VC\Tools\MSVC\14.44.35207\include\memory(3385,5):
      veya       'std::unique_ptr<ShadowStrike::Core::Registry::PersistenceDetectorImpl,std::default_delete<ShadowStrike::Core::Registry::PersistenceDetectorImpl>>::unique_ptr(std::unique_ptr<ShadowStrike::Core::Registry::PersistenceDetectorImpl,std::default_delete<ShadowStrike::Core::Registry::PersistenceDetectorImpl>> &&) noexcept'
          C:\ShadowStrike\ShadowStrike\src\Shared_modules\Core\Registry\PersistenceDetector.cpp(1494,36):
          'ba┼şlat─▒l─▒yor': 'std::unique_ptr<ShadowStrike::Core::Registry::Impl,std::default_delete<ShadowStrike::Core::Registry::Impl>>' - 'std::unique_ptr<ShadowStrike::Core::Registry::PersistenceDetectorImpl,std::default_delete<ShadowStrike::Core::Registry::PersistenceDetectorImpl>> &&' d├Ân├╝┼ş├╝m├╝ yap─▒lam─▒yor
              C:\ShadowStrike\ShadowStrike\src\Shared_modules\Core\Registry\PersistenceDetector.cpp(1494,36):
              Nedeni: 'std::unique_ptr<ShadowStrike::Core::Registry::Impl,std::default_delete<ShadowStrike::Core::Registry::Impl>>' de─şerinden 'std::unique_ptr<ShadowStrike::Core::Registry::PersistenceDetectorImpl,std::default_delete<ShadowStrike::Core::Registry::PersistenceDetectorImpl>>' de─şerine d├Ân├╝┼şt├╝r├╝lemez
              C:\ShadowStrike\ShadowStrike\src\Shared_modules\Core\Registry\PersistenceDetector.cpp(1494,36):
              Bu d├Ân├╝┼şt├╝rmeyi ger├ğekle┼ştirecek kullan─▒c─▒ tan─▒ml─▒ d├Ân├╝┼şt├╝rme i┼şleci yok veya i┼şle├ğ ├ğa─şr─▒lam─▒yor
      C:\Program Files\Microsoft Visual Studio\2022\Community\VC\Tools\MSVC\14.44.35207\include\memory(3382,5):
      veya       'std::unique_ptr<ShadowStrike::Core::Registry::PersistenceDetectorImpl,std::default_delete<ShadowStrike::Core::Registry::PersistenceDetectorImpl>>::unique_ptr(ShadowStrike::Core::Registry::PersistenceDetectorImpl *,std::default_delete<ShadowStrike::Core::Registry::PersistenceDetectorImpl> &&)'
          C:\ShadowStrike\ShadowStrike\src\Shared_modules\Core\Registry\PersistenceDetector.cpp(1494,13):
          'std::unique_ptr<ShadowStrike::Core::Registry::PersistenceDetectorImpl,std::default_delete<ShadowStrike::Core::Registry::PersistenceDetectorImpl>>::unique_ptr(ShadowStrike::Core::Registry::PersistenceDetectorImpl *,std::default_delete<ShadowStrike::Core::Registry::PersistenceDetectorImpl> &&)': 2 ba─ş─▒ms─▒z de─şi┼şken bekleniyor - 1 sa─şland─▒
      C:\Program Files\Microsoft Visual Studio\2022\Community\VC\Tools\MSVC\14.44.35207\include\memory(3377,5):
      veya       'std::unique_ptr<ShadowStrike::Core::Registry::PersistenceDetectorImpl,std::default_delete<ShadowStrike::Core::Registry::PersistenceDetectorImpl>>::unique_ptr(ShadowStrike::Core::Registry::PersistenceDetectorImpl *,_Dx &&) noexcept'
          with
          [
              _Dx=std::default_delete<ShadowStrike::Core::Registry::PersistenceDetectorImpl>
          ]
          C:\ShadowStrike\ShadowStrike\src\Shared_modules\Core\Registry\PersistenceDetector.cpp(1494,13):
          'std::unique_ptr<ShadowStrike::Core::Registry::PersistenceDetectorImpl,std::default_delete<ShadowStrike::Core::Registry::PersistenceDetectorImpl>>::unique_ptr(ShadowStrike::Core::Registry::PersistenceDetectorImpl *,_Dx &&) noexcept': 2 ba─ş─▒ms─▒z de─şi┼şken bekleniyor - 1 sa─şland─▒
          with
          [
              _Dx=std::default_delete<ShadowStrike::Core::Registry::PersistenceDetectorImpl>
          ]
      C:\Program Files\Microsoft Visual Studio\2022\Community\VC\Tools\MSVC\14.44.35207\include\memory(3373,5):
      veya       'std::unique_ptr<ShadowStrike::Core::Registry::PersistenceDetectorImpl,std::default_delete<ShadowStrike::Core::Registry::PersistenceDetectorImpl>>::unique_ptr(ShadowStrike::Core::Registry::PersistenceDetectorImpl *,const _Dx &) noexcept'
          with
          [
              _Dx=std::default_delete<ShadowStrike::Core::Registry::PersistenceDetectorImpl>
          ]
          C:\ShadowStrike\ShadowStrike\src\Shared_modules\Core\Registry\PersistenceDetector.cpp(1494,13):
          'std::unique_ptr<ShadowStrike::Core::Registry::PersistenceDetectorImpl,std::default_delete<ShadowStrike::Core::Registry::PersistenceDetectorImpl>>::unique_ptr(ShadowStrike::Core::Registry::PersistenceDetectorImpl *,const _Dx &) noexcept': 2 ba─ş─▒ms─▒z de─şi┼şken bekleniyor - 1 sa─şland─▒
          with
          [
              _Dx=std::default_delete<ShadowStrike::Core::Registry::PersistenceDetectorImpl>
          ]
      C:\Program Files\Microsoft Visual Studio\2022\Community\VC\Tools\MSVC\14.44.35207\include\memory(3370,5):
      veya       'std::unique_ptr<ShadowStrike::Core::Registry::PersistenceDetectorImpl,std::default_delete<ShadowStrike::Core::Registry::PersistenceDetectorImpl>>::unique_ptr(ShadowStrike::Core::Registry::PersistenceDetectorImpl *) noexcept'
          C:\ShadowStrike\ShadowStrike\src\Shared_modules\Core\Registry\PersistenceDetector.cpp(1494,36):
          'ba┼şlat─▒l─▒yor': 'std::unique_ptr<ShadowStrike::Core::Registry::Impl,std::default_delete<ShadowStrike::Core::Registry::Impl>>' - 'ShadowStrike::Core::Registry::PersistenceDetectorImpl *' d├Ân├╝┼ş├╝m├╝ yap─▒lam─▒yor
              C:\ShadowStrike\ShadowStrike\src\Shared_modules\Core\Registry\PersistenceDetector.cpp(1494,36):
              Bu d├Ân├╝┼şt├╝rmeyi ger├ğekle┼ştirecek kullan─▒c─▒ tan─▒ml─▒ d├Ân├╝┼şt├╝rme i┼şleci yok veya i┼şle├ğ ├ğa─şr─▒lam─▒yor
      C:\Program Files\Microsoft Visual Studio\2022\Community\VC\Tools\MSVC\14.44.35207\include\memory(3360,5):
      veya       'std::unique_ptr<ShadowStrike::Core::Registry::PersistenceDetectorImpl,std::default_delete<ShadowStrike::Core::Registry::PersistenceDetectorImpl>>::unique_ptr(std::nullptr_t) noexcept'
          C:\ShadowStrike\ShadowStrike\src\Shared_modules\Core\Registry\PersistenceDetector.cpp(1494,36):
          'ba┼şlat─▒l─▒yor': 'std::unique_ptr<ShadowStrike::Core::Registry::Impl,std::default_delete<ShadowStrike::Core::Registry::Impl>>' - 'std::nullptr_t' d├Ân├╝┼ş├╝m├╝ yap─▒lam─▒yor
              C:\ShadowStrike\ShadowStrike\src\Shared_modules\Core\Registry\PersistenceDetector.cpp(1494,36):
              Bu d├Ân├╝┼şt├╝rmeyi ger├ğekle┼ştirecek kullan─▒c─▒ tan─▒ml─▒ d├Ân├╝┼şt├╝rme i┼şleci yok veya i┼şle├ğ ├ğa─şr─▒lam─▒yor
      C:\Program Files\Microsoft Visual Studio\2022\Community\VC\Tools\MSVC\14.44.35207\include\memory(3357,5):
      veya       'std::unique_ptr<ShadowStrike::Core::Registry::PersistenceDetectorImpl,std::default_delete<ShadowStrike::Core::Registry::PersistenceDetectorImpl>>::unique_ptr(void) noexcept'
          C:\ShadowStrike\ShadowStrike\src\Shared_modules\Core\Registry\PersistenceDetector.cpp(1494,13):
          'std::unique_ptr<ShadowStrike::Core::Registry::PersistenceDetectorImpl,std::default_delete<ShadowStrike::Core::Registry::PersistenceDetectorImpl>>::unique_ptr(void) noexcept': 0 ba─ş─▒ms─▒z de─şi┼şken bekleniyor - 1 sa─şland─▒
      C:\ShadowStrike\ShadowStrike\src\Shared_modules\Core\Registry\PersistenceDetector.cpp(1494,13):
      '(std::unique_ptr<ShadowStrike::Core::Registry::Impl,std::default_delete<ShadowStrike::Core::Registry::Impl>>)' ba─ş─▒ms─▒z de─şi┼şken listesi e┼şlenmeye ├ğal─▒┼ş─▒l─▒rken
  
C:\ShadowStrike\ShadowStrike\src\Shared_modules\HashStore\HashStore_import_export.cpp(305,21): error C2065: 'm_perfFrequency': bildirimi yap─▒lmam─▒┼ş tan─▒mlay─▒c─▒ [C:\ShadowStrike\ShadowStrike\ShadowStrike.vcxproj]
  ('/src/Shared_modules/HashStore/HashStore_import_export.cpp' kaynak dosyas─▒ derleniyor)
  
C:\ShadowStrike\ShadowStrike\src\Shared_modules\Core\Registry\PersistenceDetector.cpp(1501,9): error C2027: tan─▒ms─▒z 'ShadowStrike::Core::Registry::PersistenceDetectorImpl' t├╝r├╝ kullan─▒ld─▒ [C:\ShadowStrike\ShadowStrike\ShadowStrike.vcxproj]
  ('/src/Shared_modules/Core/Registry/PersistenceDetector.cpp' kaynak dosyas─▒ derleniyor)
      C:\ShadowStrike\ShadowStrike\src\Shared_modules\Core\Registry\PersistenceDetector.hpp(164,7):
      'ShadowStrike::Core::Registry::PersistenceDetectorImpl' bildirimine bak─▒n
  
C:\ShadowStrike\ShadowStrike\src\Shared_modules\HashStore\HashStore_import_export.cpp(307,65): error C2065: 'm_perfFrequency': bildirimi yap─▒lmam─▒┼ş tan─▒mlay─▒c─▒ [C:\ShadowStrike\ShadowStrike\ShadowStrike.vcxproj]
  ('/src/Shared_modules/HashStore/HashStore_import_export.cpp' kaynak dosyas─▒ derleniyor)
  
C:\ShadowStrike\ShadowStrike\src\Shared_modules\HashStore\HashStore_import_export.cpp(307,36): error C2737: 'freq': const nesnesinin ba┼şlat─▒lmas─▒ gerekiyor [C:\ShadowStrike\ShadowStrike\ShadowStrike.vcxproj]
  ('/src/Shared_modules/HashStore/HashStore_import_export.cpp' kaynak dosyas─▒ derleniyor)
  
C:\ShadowStrike\ShadowStrike\src\Shared_modules\Core\Registry\PersistenceDetector.cpp(1501,17): error C2039: 'Shutdown': bir 'std::unique_ptr<ShadowStrike::Core::Registry::PersistenceDetectorImpl,std::default_delete<ShadowStrike::Core::Registry::PersistenceDetectorImpl>>' ├╝yesi de─şil [C:\ShadowStrike\ShadowStrike\ShadowStrike.vcxproj]
  ('/src/Shared_modules/Core/Registry/PersistenceDetector.cpp' kaynak dosyas─▒ derleniyor)
      C:\Program Files\Microsoft Visual Studio\2022\Community\VC\Tools\MSVC\14.44.35207\include\memory(3347,7):
      'std::unique_ptr<ShadowStrike::Core::Registry::PersistenceDetectorImpl,std::default_delete<ShadowStrike::Core::Registry::PersistenceDetectorImpl>>' bildirimine bak─▒n
  
C:\ShadowStrike\ShadowStrike\src\Shared_modules\Core\Registry\PersistenceDetector.cpp(1512,17): error C2039: 'Critical': bir 'ShadowStrike::Utils::Logger' ├╝yesi de─şil [C:\ShadowStrike\ShadowStrike\ShadowStrike.vcxproj]
  ('/src/Shared_modules/Core/Registry/PersistenceDetector.cpp' kaynak dosyas─▒ derleniyor)
      C:\ShadowStrike\ShadowStrike\src\Shared_modules\Utils\Logger.hpp(159,9):
      'ShadowStrike::Utils::Logger' bildirimine bak─▒n
  
C:\ShadowStrike\ShadowStrike\src\Shared_modules\Core\Registry\PersistenceDetector.cpp(1512,17): error C3861: 'Critical': tan─▒mlay─▒c─▒ bulunamad─▒ [C:\ShadowStrike\ShadowStrike\ShadowStrike.vcxproj]
  ('/src/Shared_modules/Core/Registry/PersistenceDetector.cpp' kaynak dosyas─▒ derleniyor)
  
C:\ShadowStrike\ShadowStrike\src\Shared_modules\Core\Registry\PersistenceDetector.cpp(1516,12): error C2027: tan─▒ms─▒z 'ShadowStrike::Core::Registry::PersistenceDetectorImpl' t├╝r├╝ kullan─▒ld─▒ [C:\ShadowStrike\ShadowStrike\ShadowStrike.vcxproj]
  ('/src/Shared_modules/Core/Registry/PersistenceDetector.cpp' kaynak dosyas─▒ derleniyor)
      C:\ShadowStrike\ShadowStrike\src\Shared_modules\Core\Registry\PersistenceDetector.hpp(164,7):
      'ShadowStrike::Core::Registry::PersistenceDetectorImpl' bildirimine bak─▒n
  
C:\ShadowStrike\ShadowStrike\src\Shared_modules\Core\Registry\PersistenceDetector.cpp(1516,20): error C2039: 'Initialize': bir 'std::unique_ptr<ShadowStrike::Core::Registry::PersistenceDetectorImpl,std::default_delete<ShadowStrike::Core::Registry::PersistenceDetectorImpl>>' ├╝yesi de─şil [C:\ShadowStrike\ShadowStrike\ShadowStrike.vcxproj]
  ('/src/Shared_modules/Core/Registry/PersistenceDetector.cpp' kaynak dosyas─▒ derleniyor)
      C:\Program Files\Microsoft Visual Studio\2022\Community\VC\Tools\MSVC\14.44.35207\include\memory(3347,7):
      'std::unique_ptr<ShadowStrike::Core::Registry::PersistenceDetectorImpl,std::default_delete<ShadowStrike::Core::Registry::PersistenceDetectorImpl>>' bildirimine bak─▒n
  
C:\ShadowStrike\ShadowStrike\src\Shared_modules\Core\Registry\PersistenceDetector.cpp(1521,9): error C2027: tan─▒ms─▒z 'ShadowStrike::Core::Registry::PersistenceDetectorImpl' t├╝r├╝ kullan─▒ld─▒ [C:\ShadowStrike\ShadowStrike\ShadowStrike.vcxproj]
  ('/src/Shared_modules/Core/Registry/PersistenceDetector.cpp' kaynak dosyas─▒ derleniyor)
      C:\ShadowStrike\ShadowStrike\src\Shared_modules\Core\Registry\PersistenceDetector.hpp(164,7):
      'ShadowStrike::Core::Registry::PersistenceDetectorImpl' bildirimine bak─▒n
  
C:\ShadowStrike\ShadowStrike\src\Shared_modules\Core\Registry\PersistenceDetector.cpp(1521,17): error C2039: 'Shutdown': bir 'std::unique_ptr<ShadowStrike::Core::Registry::PersistenceDetectorImpl,std::default_delete<ShadowStrike::Core::Registry::PersistenceDetectorImpl>>' ├╝yesi de─şil [C:\ShadowStrike\ShadowStrike\ShadowStrike.vcxproj]
  ('/src/Shared_modules/Core/Registry/PersistenceDetector.cpp' kaynak dosyas─▒ derleniyor)
      C:\Program Files\Microsoft Visual Studio\2022\Community\VC\Tools\MSVC\14.44.35207\include\memory(3347,7):
      'std::unique_ptr<ShadowStrike::Core::Registry::PersistenceDetectorImpl,std::default_delete<ShadowStrike::Core::Registry::PersistenceDetectorImpl>>' bildirimine bak─▒n
  
C:\ShadowStrike\ShadowStrike\src\Shared_modules\HashStore\HashStore_import_export.cpp(335,31): error C2039: 'ImportFromJson': bir 'ShadowStrike::HashStore' ├╝yesi de─şil [C:\ShadowStrike\ShadowStrike\ShadowStrike.vcxproj]
  ('/src/Shared_modules/HashStore/HashStore_import_export.cpp' kaynak dosyas─▒ derleniyor)
      C:\ShadowStrike\ShadowStrike\src\Shared_modules\HashStore\HashStore.hpp(66,11):
      'ShadowStrike::HashStore' bildirimine bak─▒n
  
C:\ShadowStrike\ShadowStrike\src\Shared_modules\HashStore\HashStore_import_export.cpp(338,17): error C2065: 'm_readOnly': bildirimi yap─▒lmam─▒┼ş tan─▒mlay─▒c─▒ [C:\ShadowStrike\ShadowStrike\ShadowStrike.vcxproj]
  ('/src/Shared_modules/HashStore/HashStore_import_export.cpp' kaynak dosyas─▒ derleniyor)
  
C:\ShadowStrike\ShadowStrike\src\Shared_modules\Exploits\JITSprayDetector.cpp(1363,25): error C2280: 'ShadowStrike::Exploits::JITSprayStatistics &ShadowStrike::Exploits::JITSprayStatistics::operator =(const ShadowStrike::Exploits::JITSprayStatistics &)': silinmi┼ş bir i┼şleve ba┼şvurmaya ├ğal─▒┼ş─▒yor [C:\ShadowStrike\ShadowStrike\ShadowStrike.vcxproj]
  ('/src/Shared_modules/Exploits/JITSprayDetector.cpp' kaynak dosyas─▒ derleniyor)
      C:\ShadowStrike\ShadowStrike\src\Shared_modules\Exploits\JITSprayDetector.hpp(486,1):
      derleyici burada 'ShadowStrike::Exploits::JITSprayStatistics::operator =' olu┼şturdu
      C:\ShadowStrike\ShadowStrike\src\Shared_modules\Exploits\JITSprayDetector.hpp(486,1):
      'ShadowStrike::Exploits::JITSprayStatistics &ShadowStrike::Exploits::JITSprayStatistics::operator =(const ShadowStrike::Exploits::JITSprayStatistics &)': veri ├╝yesi, silinmi┼ş veya eri┼şilemeyen 'std::atomic<unsigned __int64> &std::atomic<unsigned __int64>::operator =(const std::atomic<unsigned __int64> &)' i┼şlevini ├ğa─ş─▒rd─▒─ş─▒ndan i┼şlev ├Ârt├╝k olarak silindi
  
C:\ShadowStrike\ShadowStrike\src\Shared_modules\Core\Registry\PersistenceDetector.cpp(1538,21): error C2027: tan─▒ms─▒z 'ShadowStrike::Core::Registry::PersistenceDetectorImpl' t├╝r├╝ kullan─▒ld─▒ [C:\ShadowStrike\ShadowStrike\ShadowStrike.vcxproj]
  ('/src/Shared_modules/Core/Registry/PersistenceDetector.cpp' kaynak dosyas─▒ derleniyor)
      C:\ShadowStrike\ShadowStrike\src\Shared_modules\Core\Registry\PersistenceDetector.hpp(164,7):
      'ShadowStrike::Core::Registry::PersistenceDetectorImpl' bildirimine bak─▒n
  
C:\ShadowStrike\ShadowStrike\src\Shared_modules\Core\Registry\PersistenceDetector.cpp(1538,29): error C2039: 'm_initialized': bir 'std::unique_ptr<ShadowStrike::Core::Registry::PersistenceDetectorImpl,std::default_delete<ShadowStrike::Core::Registry::PersistenceDetectorImpl>>' ├╝yesi de─şil [C:\ShadowStrike\ShadowStrike\ShadowStrike.vcxproj]
  ('/src/Shared_modules/Core/Registry/PersistenceDetector.cpp' kaynak dosyas─▒ derleniyor)
      C:\Program Files\Microsoft Visual Studio\2022\Community\VC\Tools\MSVC\14.44.35207\include\memory(3347,7):
      'std::unique_ptr<ShadowStrike::Core::Registry::PersistenceDetectorImpl,std::default_delete<ShadowStrike::Core::Registry::PersistenceDetectorImpl>>' bildirimine bak─▒n
  
C:\ShadowStrike\ShadowStrike\src\Shared_modules\Core\Registry\PersistenceDetector.cpp(1543,12): error C2027: tan─▒ms─▒z 'ShadowStrike::Core::Registry::PersistenceDetectorImpl' t├╝r├╝ kullan─▒ld─▒ [C:\ShadowStrike\ShadowStrike\ShadowStrike.vcxproj]
  ('/src/Shared_modules/Core/Registry/PersistenceDetector.cpp' kaynak dosyas─▒ derleniyor)
      C:\ShadowStrike\ShadowStrike\src\Shared_modules\Core\Registry\PersistenceDetector.hpp(164,7):
      'ShadowStrike::Core::Registry::PersistenceDetectorImpl' bildirimine bak─▒n
  
C:\ShadowStrike\ShadowStrike\src\Shared_modules\Core\Registry\PersistenceDetector.cpp(1543,20): error C2039: 'ScanImpl': bir 'std::unique_ptr<ShadowStrike::Core::Registry::PersistenceDetectorImpl,std::default_delete<ShadowStrike::Core::Registry::PersistenceDetectorImpl>>' ├╝yesi de─şil [C:\ShadowStrike\ShadowStrike\ShadowStrike.vcxproj]
  ('/src/Shared_modules/Core/Registry/PersistenceDetector.cpp' kaynak dosyas─▒ derleniyor)
      C:\Program Files\Microsoft Visual Studio\2022\Community\VC\Tools\MSVC\14.44.35207\include\memory(3347,7):
      'std::unique_ptr<ShadowStrike::Core::Registry::PersistenceDetectorImpl,std::default_delete<ShadowStrike::Core::Registry::PersistenceDetectorImpl>>' bildirimine bak─▒n
  
C:\ShadowStrike\ShadowStrike\src\Shared_modules\Core\Registry\PersistenceDetector.cpp(1547,21): error C2027: tan─▒ms─▒z 'ShadowStrike::Core::Registry::PersistenceDetectorImpl' t├╝r├╝ kullan─▒ld─▒ [C:\ShadowStrike\ShadowStrike\ShadowStrike.vcxproj]
  ('/src/Shared_modules/Core/Registry/PersistenceDetector.cpp' kaynak dosyas─▒ derleniyor)
      C:\ShadowStrike\ShadowStrike\src\Shared_modules\Core\Registry\PersistenceDetector.hpp(164,7):
      'ShadowStrike::Core::Registry::PersistenceDetectorImpl' bildirimine bak─▒n
  
C:\ShadowStrike\ShadowStrike\src\Shared_modules\Core\Registry\PersistenceDetector.cpp(1547,29): error C2039: 'm_initialized': bir 'std::unique_ptr<ShadowStrike::Core::Registry::PersistenceDetectorImpl,std::default_delete<ShadowStrike::Core::Registry::PersistenceDetectorImpl>>' ├╝yesi de─şil [C:\ShadowStrike\ShadowStrike\ShadowStrike.vcxproj]
  ('/src/Shared_modules/Core/Registry/PersistenceDetector.cpp' kaynak dosyas─▒ derleniyor)
      C:\Program Files\Microsoft Visual Studio\2022\Community\VC\Tools\MSVC\14.44.35207\include\memory(3347,7):
      'std::unique_ptr<ShadowStrike::Core::Registry::PersistenceDetectorImpl,std::default_delete<ShadowStrike::Core::Registry::PersistenceDetectorImpl>>' bildirimine bak─▒n
  
C:\ShadowStrike\ShadowStrike\src\Shared_modules\Core\Registry\PersistenceDetector.cpp(1552,19): error C2027: tan─▒ms─▒z 'ShadowStrike::Core::Registry::PersistenceDetectorImpl' t├╝r├╝ kullan─▒ld─▒ [C:\ShadowStrike\ShadowStrike\ShadowStrike.vcxproj]
  ('/src/Shared_modules/Core/Registry/PersistenceDetector.cpp' kaynak dosyas─▒ derleniyor)
      C:\ShadowStrike\ShadowStrike\src\Shared_modules\Core\Registry\PersistenceDetector.hpp(164,7):
      'ShadowStrike::Core::Registry::PersistenceDetectorImpl' bildirimine bak─▒n
  
C:\ShadowStrike\ShadowStrike\src\Shared_modules\Core\Registry\PersistenceDetector.cpp(1552,27): error C2039: 'ScanImpl': bir 'std::unique_ptr<ShadowStrike::Core::Registry::PersistenceDetectorImpl,std::default_delete<ShadowStrike::Core::Registry::PersistenceDetectorImpl>>' ├╝yesi de─şil [C:\ShadowStrike\ShadowStrike\ShadowStrike.vcxproj]
  ('/src/Shared_modules/Core/Registry/PersistenceDetector.cpp' kaynak dosyas─▒ derleniyor)
      C:\Program Files\Microsoft Visual Studio\2022\Community\VC\Tools\MSVC\14.44.35207\include\memory(3347,7):
      'std::unique_ptr<ShadowStrike::Core::Registry::PersistenceDetectorImpl,std::default_delete<ShadowStrike::Core::Registry::PersistenceDetectorImpl>>' bildirimine bak─▒n
  
C:\ShadowStrike\ShadowStrike\src\Shared_modules\Core\Registry\PersistenceDetector.cpp(1555,22): error C2530: 'entry': ba┼şvurular─▒n ba┼şlat─▒lmas─▒ gerekir [C:\ShadowStrike\ShadowStrike\ShadowStrike.vcxproj]
  ('/src/Shared_modules/Core/Registry/PersistenceDetector.cpp' kaynak dosyas─▒ derleniyor)
  
C:\ShadowStrike\ShadowStrike\src\Shared_modules\Core\Registry\PersistenceDetector.cpp(1555,22): error C3531: 'entry': t├╝r├╝ 'auto' i├ğeren bir simgenin bir ba┼şlat─▒c─▒s─▒ olmal─▒d─▒r [C:\ShadowStrike\ShadowStrike\ShadowStrike.vcxproj]
  ('/src/Shared_modules/Core/Registry/PersistenceDetector.cpp' kaynak dosyas─▒ derleniyor)
  
C:\ShadowStrike\ShadowStrike\src\Shared_modules\Core\Registry\PersistenceDetector.cpp(1555,28): error C2143: s├Âzdizimi hatas─▒: ';' eksik (':' ├Âncesinde) [C:\ShadowStrike\ShadowStrike\ShadowStrike.vcxproj]
  ('/src/Shared_modules/Core/Registry/PersistenceDetector.cpp' kaynak dosyas─▒ derleniyor)
  
C:\ShadowStrike\ShadowStrike\src\Shared_modules\Core\Registry\PersistenceDetector.cpp(1555,30): error C3536: 'result': ba┼şlat─▒lmadan ├Ânce kullan─▒lamaz [C:\ShadowStrike\ShadowStrike\ShadowStrike.vcxproj]
  ('/src/Shared_modules/Core/Registry/PersistenceDetector.cpp' kaynak dosyas─▒ derleniyor)
  
C:\ShadowStrike\ShadowStrike\src\Shared_modules\Core\Registry\PersistenceDetector.cpp(1555,44): error C2143: s├Âzdizimi hatas─▒: ';' eksik (')' ├Âncesinde) [C:\ShadowStrike\ShadowStrike\ShadowStrike.vcxproj]
  ('/src/Shared_modules/Core/Registry/PersistenceDetector.cpp' kaynak dosyas─▒ derleniyor)
  
C:\ShadowStrike\ShadowStrike\src\Shared_modules\Core\Registry\PersistenceDetector.cpp(1557,22): error C2665: 'std::vector<ShadowStrike::Core::Registry::PersistenceEntry,std::allocator<ShadowStrike::Core::Registry::PersistenceEntry>>::push_back': hi├ğbir a┼ş─▒r─▒ y├╝klenmi┼ş i┼şlev t├╝m arg├╝man t├╝rlerini d├Ân├╝┼şt├╝remez [C:\ShadowStrike\ShadowStrike\ShadowStrike.vcxproj]
  ('/src/Shared_modules/Core/Registry/PersistenceDetector.cpp' kaynak dosyas─▒ derleniyor)
      C:\Program Files\Microsoft Visual Studio\2022\Community\VC\Tools\MSVC\14.44.35207\include\vector(936,23):
      'void std::vector<ShadowStrike::Core::Registry::PersistenceEntry,std::allocator<ShadowStrike::Core::Registry::PersistenceEntry>>::push_back(_Ty &&)' olabilirdi
          with
          [
              _Ty=ShadowStrike::Core::Registry::PersistenceEntry
          ]
          C:\ShadowStrike\ShadowStrike\src\Shared_modules\Core\Registry\PersistenceDetector.cpp(1557,22):
          'void std::vector<ShadowStrike::Core::Registry::PersistenceEntry,std::allocator<ShadowStrike::Core::Registry::PersistenceEntry>>::push_back(_Ty &&)' : 1 ba─ş─▒ms─▒z de─şi┼şkeni '<error type>' de─şerinden '_Ty &&' de─şerine d├Ân├╝┼şt├╝r├╝lemez
          with
          [
              _Ty=ShadowStrike::Core::Registry::PersistenceEntry
          ]
              C:\ShadowStrike\ShadowStrike\src\Shared_modules\Core\Registry\PersistenceDetector.cpp(1557,32):
              Nedeni: '<error type>' de─şerinden '_Ty' de─şerine d├Ân├╝┼şt├╝r├╝lemez
          with
          [
              _Ty=ShadowStrike::Core::Registry::PersistenceEntry
          ]
              C:\ShadowStrike\ShadowStrike\src\Shared_modules\Core\Registry\PersistenceDetector.cpp(1557,32):
              'ShadowStrike::Core::Registry::PersistenceEntry::PersistenceEntry': hi├ğbir a┼ş─▒r─▒ y├╝klenmi┼ş i┼şlev t├╝m arg├╝man t├╝rlerini d├Ân├╝┼şt├╝remez
                  C:\ShadowStrike\ShadowStrike\src\Shared_modules\Core\Registry\PersistenceDetector.hpp(455,1):
                  'ShadowStrike::Core::Registry::PersistenceEntry::PersistenceEntry(ShadowStrike::Core::Registry::PersistenceEntry &&)' olabilirdi
                      C:\ShadowStrike\ShadowStrike\src\Shared_modules\Core\Registry\PersistenceDetector.cpp(1557,32):
                      'ShadowStrike::Core::Registry::PersistenceEntry::PersistenceEntry(ShadowStrike::Core::Registry::PersistenceEntry &&)' : 1 ba─ş─▒ms─▒z de─şi┼şkeni '<error type>' de─şerinden 'ShadowStrike::Core::Registry::PersistenceEntry &&' de─şerine d├Ân├╝┼şt├╝r├╝lemez
                          C:\ShadowStrike\ShadowStrike\src\Shared_modules\Core\Registry\PersistenceDetector.cpp(1557,32):
                          Nedeni: '<error type>' de─şerinden 'ShadowStrike::Core::Registry::PersistenceEntry' de─şerine d├Ân├╝┼şt├╝r├╝lemez
                          C:\ShadowStrike\ShadowStrike\src\Shared_modules\Core\Registry\PersistenceDetector.cpp(1557,32):
                          D├Ân├╝┼şt├╝rme ikinci bir kullan─▒c─▒ tan─▒ml─▒ d├Ân├╝┼şt├╝rme i┼şleci veya olu┼şturucu gerektiriyor
                  C:\ShadowStrike\ShadowStrike\src\Shared_modules\Core\Registry\PersistenceDetector.hpp(455,1):
                  veya       'ShadowStrike::Core::Registry::PersistenceEntry::PersistenceEntry(const ShadowStrike::Core::Registry::PersistenceEntry &)'
                      C:\ShadowStrike\ShadowStrike\src\Shared_modules\Core\Registry\PersistenceDetector.cpp(1557,32):
                      'ShadowStrike::Core::Registry::PersistenceEntry::PersistenceEntry(const ShadowStrike::Core::Registry::PersistenceEntry &)' : 1 ba─ş─▒ms─▒z de─şi┼şkeni '<error type>' de─şerinden 'const ShadowStrike::Core::Registry::PersistenceEntry &' de─şerine d├Ân├╝┼şt├╝r├╝lemez
                          C:\ShadowStrike\ShadowStrike\src\Shared_modules\Core\Registry\PersistenceDetector.cpp(1557,32):
                          Nedeni: '<error type>' de─şerinden 'const ShadowStrike::Core::Registry::PersistenceEntry' de─şerine d├Ân├╝┼şt├╝r├╝lemez
                          C:\ShadowStrike\ShadowStrike\src\Shared_modules\Core\Registry\PersistenceDetector.cpp(1557,32):
                          D├Ân├╝┼şt├╝rme ikinci bir kullan─▒c─▒ tan─▒ml─▒ d├Ân├╝┼şt├╝rme i┼şleci veya olu┼şturucu gerektiriyor
                  C:\ShadowStrike\ShadowStrike\src\Shared_modules\Core\Registry\PersistenceDetector.cpp(1557,32):
                  '(<error type>)' ba─ş─▒ms─▒z de─şi┼şken listesi e┼şlenmeye ├ğal─▒┼ş─▒l─▒rken
      C:\Program Files\Microsoft Visual Studio\2022\Community\VC\Tools\MSVC\14.44.35207\include\vector(932,23):
      veya       'void std::vector<ShadowStrike::Core::Registry::PersistenceEntry,std::allocator<ShadowStrike::Core::Registry::PersistenceEntry>>::push_back(const _Ty &)'
          with
          [
              _Ty=ShadowStrike::Core::Registry::PersistenceEntry
          ]
          C:\ShadowStrike\ShadowStrike\src\Shared_modules\Core\Registry\PersistenceDetector.cpp(1557,22):
          'void std::vector<ShadowStrike::Core::Registry::PersistenceEntry,std::allocator<ShadowStrike::Core::Registry::PersistenceEntry>>::push_back(const _Ty &)' : 1 ba─ş─▒ms─▒z de─şi┼şkeni '<error type>' de─şerinden 'const _Ty &' de─şerine d├Ân├╝┼şt├╝r├╝lemez
          with
          [
              _Ty=ShadowStrike::Core::Registry::PersistenceEntry
          ]
              C:\ShadowStrike\ShadowStrike\src\Shared_modules\Core\Registry\PersistenceDetector.cpp(1557,32):
              Nedeni: '<error type>' de─şerinden 'const _Ty' de─şerine d├Ân├╝┼şt├╝r├╝lemez
          with
          [
              _Ty=ShadowStrike::Core::Registry::PersistenceEntry
          ]
              C:\ShadowStrike\ShadowStrike\src\Shared_modules\Core\Registry\PersistenceDetector.cpp(1557,32):
              'ShadowStrike::Core::Registry::PersistenceEntry::PersistenceEntry': hi├ğbir a┼ş─▒r─▒ y├╝klenmi┼ş i┼şlev t├╝m arg├╝man t├╝rlerini d├Ân├╝┼şt├╝remez
                  C:\ShadowStrike\ShadowStrike\src\Shared_modules\Core\Registry\PersistenceDetector.hpp(455,1):
                  'ShadowStrike::Core::Registry::PersistenceEntry::PersistenceEntry(ShadowStrike::Core::Registry::PersistenceEntry &&)' olabilirdi
                      C:\ShadowStrike\ShadowStrike\src\Shared_modules\Core\Registry\PersistenceDetector.cpp(1557,32):
                      'ShadowStrike::Core::Registry::PersistenceEntry::PersistenceEntry(ShadowStrike::Core::Registry::PersistenceEntry &&)' : 1 ba─ş─▒ms─▒z de─şi┼şkeni '<error type>' de─şerinden 'ShadowStrike::Core::Registry::PersistenceEntry &&' de─şerine d├Ân├╝┼şt├╝r├╝lemez
                          C:\ShadowStrike\ShadowStrike\src\Shared_modules\Core\Registry\PersistenceDetector.cpp(1557,32):
                          Nedeni: '<error type>' de─şerinden 'ShadowStrike::Core::Registry::PersistenceEntry' de─şerine d├Ân├╝┼şt├╝r├╝lemez
                          C:\ShadowStrike\ShadowStrike\src\Shared_modules\Core\Registry\PersistenceDetector.cpp(1557,32):
                          D├Ân├╝┼şt├╝rme ikinci bir kullan─▒c─▒ tan─▒ml─▒ d├Ân├╝┼şt├╝rme i┼şleci veya olu┼şturucu gerektiriyor
                  C:\ShadowStrike\ShadowStrike\src\Shared_modules\Core\Registry\PersistenceDetector.hpp(455,1):
                  veya       'ShadowStrike::Core::Registry::PersistenceEntry::PersistenceEntry(const ShadowStrike::Core::Registry::PersistenceEntry &)'
                      C:\ShadowStrike\ShadowStrike\src\Shared_modules\Core\Registry\PersistenceDetector.cpp(1557,32):
                      'ShadowStrike::Core::Registry::PersistenceEntry::PersistenceEntry(const ShadowStrike::Core::Registry::PersistenceEntry &)' : 1 ba─ş─▒ms─▒z de─şi┼şkeni '<error type>' de─şerinden 'const ShadowStrike::Core::Registry::PersistenceEntry &' de─şerine d├Ân├╝┼şt├╝r├╝lemez
                          C:\ShadowStrike\ShadowStrike\src\Shared_modules\Core\Registry\PersistenceDetector.cpp(1557,32):
                          Nedeni: '<error type>' de─şerinden 'const ShadowStrike::Core::Registry::PersistenceEntry' de─şerine d├Ân├╝┼şt├╝r├╝lemez
                          C:\ShadowStrike\ShadowStrike\src\Shared_modules\Core\Registry\PersistenceDetector.cpp(1557,32):
                          D├Ân├╝┼şt├╝rme ikinci bir kullan─▒c─▒ tan─▒ml─▒ d├Ân├╝┼şt├╝rme i┼şleci veya olu┼şturucu gerektiriyor
                  C:\ShadowStrike\ShadowStrike\src\Shared_modules\Core\Registry\PersistenceDetector.cpp(1557,32):
                  '(<error type>)' ba─ş─▒ms─▒z de─şi┼şken listesi e┼şlenmeye ├ğal─▒┼ş─▒l─▒rken
      C:\ShadowStrike\ShadowStrike\src\Shared_modules\Core\Registry\PersistenceDetector.cpp(1557,22):
      '(<error type>)' ba─ş─▒ms─▒z de─şi┼şken listesi e┼şlenmeye ├ğal─▒┼ş─▒l─▒rken
  
C:\ShadowStrike\ShadowStrike\src\Shared_modules\Core\Registry\PersistenceDetector.cpp(1565,21): error C2027: tan─▒ms─▒z 'ShadowStrike::Core::Registry::PersistenceDetectorImpl' t├╝r├╝ kullan─▒ld─▒ [C:\ShadowStrike\ShadowStrike\ShadowStrike.vcxproj]
  ('/src/Shared_modules/Core/Registry/PersistenceDetector.cpp' kaynak dosyas─▒ derleniyor)
      C:\ShadowStrike\ShadowStrike\src\Shared_modules\Core\Registry\PersistenceDetector.hpp(164,7):
      'ShadowStrike::Core::Registry::PersistenceDetectorImpl' bildirimine bak─▒n
  
C:\ShadowStrike\ShadowStrike\src\Shared_modules\Core\Registry\PersistenceDetector.cpp(1565,29): error C2039: 'm_initialized': bir 'std::unique_ptr<ShadowStrike::Core::Registry::PersistenceDetectorImpl,std::default_delete<ShadowStrike::Core::Registry::PersistenceDetectorImpl>>' ├╝yesi de─şil [C:\ShadowStrike\ShadowStrike\ShadowStrike.vcxproj]
  ('/src/Shared_modules/Core/Registry/PersistenceDetector.cpp' kaynak dosyas─▒ derleniyor)
      C:\Program Files\Microsoft Visual Studio\2022\Community\VC\Tools\MSVC\14.44.35207\include\memory(3347,7):
      'std::unique_ptr<ShadowStrike::Core::Registry::PersistenceDetectorImpl,std::default_delete<ShadowStrike::Core::Registry::PersistenceDetectorImpl>>' bildirimine bak─▒n
  
C:\ShadowStrike\ShadowStrike\src\Shared_modules\Core\Registry\PersistenceDetector.cpp(1576,9): error C2027: tan─▒ms─▒z 'ShadowStrike::Core::Registry::PersistenceDetectorImpl' t├╝r├╝ kullan─▒ld─▒ [C:\ShadowStrike\ShadowStrike\ShadowStrike.vcxproj]
  ('/src/Shared_modules/Core/Registry/PersistenceDetector.cpp' kaynak dosyas─▒ derleniyor)
      C:\ShadowStrike\ShadowStrike\src\Shared_modules\Core\Registry\PersistenceDetector.hpp(164,7):
      'ShadowStrike::Core::Registry::PersistenceDetectorImpl' bildirimine bak─▒n
  
C:\ShadowStrike\ShadowStrike\src\Shared_modules\Core\Registry\PersistenceDetector.cpp(1576,17): error C2039: 'm_cancelRequested': bir 'std::unique_ptr<ShadowStrike::Core::Registry::PersistenceDetectorImpl,std::default_delete<ShadowStrike::Core::Registry::PersistenceDetectorImpl>>' ├╝yesi de─şil [C:\ShadowStrike\ShadowStrike\ShadowStrike.vcxproj]
  ('/src/Shared_modules/Core/Registry/PersistenceDetector.cpp' kaynak dosyas─▒ derleniyor)
      C:\Program Files\Microsoft Visual Studio\2022\Community\VC\Tools\MSVC\14.44.35207\include\memory(3347,7):
      'std::unique_ptr<ShadowStrike::Core::Registry::PersistenceDetectorImpl,std::default_delete<ShadowStrike::Core::Registry::PersistenceDetectorImpl>>' bildirimine bak─▒n
  
C:\ShadowStrike\ShadowStrike\src\Shared_modules\Core\Registry\PersistenceDetector.cpp(1598,21): error C2027: tan─▒ms─▒z 'ShadowStrike::Core::Registry::PersistenceDetectorImpl' t├╝r├╝ kullan─▒ld─▒ [C:\ShadowStrike\ShadowStrike\ShadowStrike.vcxproj]
  ('/src/Shared_modules/Core/Registry/PersistenceDetector.cpp' kaynak dosyas─▒ derleniyor)
      C:\ShadowStrike\ShadowStrike\src\Shared_modules\Core\Registry\PersistenceDetector.hpp(164,7):
      'ShadowStrike::Core::Registry::PersistenceDetectorImpl' bildirimine bak─▒n
  
C:\ShadowStrike\ShadowStrike\src\Shared_modules\Core\Registry\PersistenceDetector.cpp(1598,29): error C2039: 'm_initialized': bir 'std::unique_ptr<ShadowStrike::Core::Registry::PersistenceDetectorImpl,std::default_delete<ShadowStrike::Core::Registry::PersistenceDetectorImpl>>' ├╝yesi de─şil [C:\ShadowStrike\ShadowStrike\ShadowStrike.vcxproj]
  ('/src/Shared_modules/Core/Registry/PersistenceDetector.cpp' kaynak dosyas─▒ derleniyor)
      C:\Program Files\Microsoft Visual Studio\2022\Community\VC\Tools\MSVC\14.44.35207\include\memory(3347,7):
      'std::unique_ptr<ShadowStrike::Core::Registry::PersistenceDetectorImpl,std::default_delete<ShadowStrike::Core::Registry::PersistenceDetectorImpl>>' bildirimine bak─▒n
  
C:\ShadowStrike\ShadowStrike\src\Shared_modules\Core\Registry\PersistenceDetector.cpp(1603,12): error C2027: tan─▒ms─▒z 'ShadowStrike::Core::Registry::PersistenceDetectorImpl' t├╝r├╝ kullan─▒ld─▒ [C:\ShadowStrike\ShadowStrike\ShadowStrike.vcxproj]
  ('/src/Shared_modules/Core/Registry/PersistenceDetector.cpp' kaynak dosyas─▒ derleniyor)
      C:\ShadowStrike\ShadowStrike\src\Shared_modules\Core\Registry\PersistenceDetector.hpp(164,7):
      'ShadowStrike::Core::Registry::PersistenceDetectorImpl' bildirimine bak─▒n
  
C:\ShadowStrike\ShadowStrike\src\Shared_modules\Core\Registry\PersistenceDetector.cpp(1603,20): error C2039: 'AnalyzeRealTimeImpl': bir 'std::unique_ptr<ShadowStrike::Core::Registry::PersistenceDetectorImpl,std::default_delete<ShadowStrike::Core::Registry::PersistenceDetectorImpl>>' ├╝yesi de─şil [C:\ShadowStrike\ShadowStrike\ShadowStrike.vcxproj]
  ('/src/Shared_modules/Core/Registry/PersistenceDetector.cpp' kaynak dosyas─▒ derleniyor)
      C:\Program Files\Microsoft Visual Studio\2022\Community\VC\Tools\MSVC\14.44.35207\include\memory(3347,7):
      'std::unique_ptr<ShadowStrike::Core::Registry::PersistenceDetectorImpl,std::default_delete<ShadowStrike::Core::Registry::PersistenceDetectorImpl>>' bildirimine bak─▒n
  
C:\ShadowStrike\ShadowStrike\src\Shared_modules\Core\Registry\PersistenceDetector.cpp(1607,21): error C2027: tan─▒ms─▒z 'ShadowStrike::Core::Registry::PersistenceDetectorImpl' t├╝r├╝ kullan─▒ld─▒ [C:\ShadowStrike\ShadowStrike\ShadowStrike.vcxproj]
  ('/src/Shared_modules/Core/Registry/PersistenceDetector.cpp' kaynak dosyas─▒ derleniyor)
      C:\ShadowStrike\ShadowStrike\src\Shared_modules\Core\Registry\PersistenceDetector.hpp(164,7):
      'ShadowStrike::Core::Registry::PersistenceDetectorImpl' bildirimine bak─▒n
  
C:\ShadowStrike\ShadowStrike\src\Shared_modules\Core\Registry\PersistenceDetector.cpp(1607,29): error C2039: 'm_initialized': bir 'std::unique_ptr<ShadowStrike::Core::Registry::PersistenceDetectorImpl,std::default_delete<ShadowStrike::Core::Registry::PersistenceDetectorImpl>>' ├╝yesi de─şil [C:\ShadowStrike\ShadowStrike\ShadowStrike.vcxproj]
  ('/src/Shared_modules/Core/Registry/PersistenceDetector.cpp' kaynak dosyas─▒ derleniyor)
      C:\Program Files\Microsoft Visual Studio\2022\Community\VC\Tools\MSVC\14.44.35207\include\memory(3347,7):
      'std::unique_ptr<ShadowStrike::Core::Registry::PersistenceDetectorImpl,std::default_delete<ShadowStrike::Core::Registry::PersistenceDetectorImpl>>' bildirimine bak─▒n
  
C:\ShadowStrike\ShadowStrike\src\Shared_modules\Core\Registry\PersistenceDetector.cpp(1611,12): error C2027: tan─▒ms─▒z 'ShadowStrike::Core::Registry::PersistenceDetectorImpl' t├╝r├╝ kullan─▒ld─▒ [C:\ShadowStrike\ShadowStrike\ShadowStrike.vcxproj]
  ('/src/Shared_modules/Core/Registry/PersistenceDetector.cpp' kaynak dosyas─▒ derleniyor)
      C:\ShadowStrike\ShadowStrike\src\Shared_modules\Core\Registry\PersistenceDetector.hpp(164,7):
      'ShadowStrike::Core::Registry::PersistenceDetectorImpl' bildirimine bak─▒n
  
C:\ShadowStrike\ShadowStrike\src\Shared_modules\Core\Registry\PersistenceDetector.cpp(1611,20): error C2039: 'IsPersistenceLocationImpl': bir 'std::unique_ptr<ShadowStrike::Core::Registry::PersistenceDetectorImpl,std::default_delete<ShadowStrike::Core::Registry::PersistenceDetectorImpl>>' ├╝yesi de─şil [C:\ShadowStrike\ShadowStrike\ShadowStrike.vcxproj]
  ('/src/Shared_modules/Core/Registry/PersistenceDetector.cpp' kaynak dosyas─▒ derleniyor)
      C:\Program Files\Microsoft Visual Studio\2022\Community\VC\Tools\MSVC\14.44.35207\include\memory(3347,7):
      'std::unique_ptr<ShadowStrike::Core::Registry::PersistenceDetectorImpl,std::default_delete<ShadowStrike::Core::Registry::PersistenceDetectorImpl>>' bildirimine bak─▒n
  
C:\ShadowStrike\ShadowStrike\src\Shared_modules\PatternStore\PatternIndex.cpp(19,10): error C1083: i├ğerme dosyas─▒ a├ğ─▒lam─▒yor: '../../src/SignatureStore/SignatureIndex.hpp': No such file or directory [C:\ShadowStrike\ShadowStrike\ShadowStrike.vcxproj]
  ('/src/Shared_modules/PatternStore/PatternIndex.cpp' kaynak dosyas─▒ derleniyor)
  
C:\ShadowStrike\ShadowStrike\src\Shared_modules\Core\Registry\PersistenceDetector.cpp(1619,21): error C2027: tan─▒ms─▒z 'ShadowStrike::Core::Registry::PersistenceDetectorImpl' t├╝r├╝ kullan─▒ld─▒ [C:\ShadowStrike\ShadowStrike\ShadowStrike.vcxproj]
  ('/src/Shared_modules/Core/Registry/PersistenceDetector.cpp' kaynak dosyas─▒ derleniyor)
      C:\ShadowStrike\ShadowStrike\src\Shared_modules\Core\Registry\PersistenceDetector.hpp(164,7):
      'ShadowStrike::Core::Registry::PersistenceDetectorImpl' bildirimine bak─▒n
  
C:\ShadowStrike\ShadowStrike\src\Shared_modules\Core\Registry\PersistenceDetector.cpp(1619,29): error C2039: 'm_initialized': bir 'std::unique_ptr<ShadowStrike::Core::Registry::PersistenceDetectorImpl,std::default_delete<ShadowStrike::Core::Registry::PersistenceDetectorImpl>>' ├╝yesi de─şil [C:\ShadowStrike\ShadowStrike\ShadowStrike.vcxproj]
  ('/src/Shared_modules/Core/Registry/PersistenceDetector.cpp' kaynak dosyas─▒ derleniyor)
      C:\Program Files\Microsoft Visual Studio\2022\Community\VC\Tools\MSVC\14.44.35207\include\memory(3347,7):
      'std::unique_ptr<ShadowStrike::Core::Registry::PersistenceDetectorImpl,std::default_delete<ShadowStrike::Core::Registry::PersistenceDetectorImpl>>' bildirimine bak─▒n
  
C:\ShadowStrike\ShadowStrike\src\Shared_modules\Core\Registry\PersistenceDetector.cpp(1624,12): error C2027: tan─▒ms─▒z 'ShadowStrike::Core::Registry::PersistenceDetectorImpl' t├╝r├╝ kullan─▒ld─▒ [C:\ShadowStrike\ShadowStrike\ShadowStrike.vcxproj]
  ('/src/Shared_modules/Core/Registry/PersistenceDetector.cpp' kaynak dosyas─▒ derleniyor)
      C:\ShadowStrike\ShadowStrike\src\Shared_modules\Core\Registry\PersistenceDetector.hpp(164,7):
      'ShadowStrike::Core::Registry::PersistenceDetectorImpl' bildirimine bak─▒n
  
C:\ShadowStrike\ShadowStrike\src\Shared_modules\Core\Registry\PersistenceDetector.cpp(1624,20): error C2039: 'ResolveTargetImpl': bir 'std::unique_ptr<ShadowStrike::Core::Registry::PersistenceDetectorImpl,std::default_delete<ShadowStrike::Core::Registry::PersistenceDetectorImpl>>' ├╝yesi de─şil [C:\ShadowStrike\ShadowStrike\ShadowStrike.vcxproj]
  ('/src/Shared_modules/Core/Registry/PersistenceDetector.cpp' kaynak dosyas─▒ derleniyor)
      C:\Program Files\Microsoft Visual Studio\2022\Community\VC\Tools\MSVC\14.44.35207\include\memory(3347,7):
      'std::unique_ptr<ShadowStrike::Core::Registry::PersistenceDetectorImpl,std::default_delete<ShadowStrike::Core::Registry::PersistenceDetectorImpl>>' bildirimine bak─▒n
  
C:\ShadowStrike\ShadowStrike\src\Shared_modules\Core\Registry\PersistenceDetector.cpp(1628,21): error C2027: tan─▒ms─▒z 'ShadowStrike::Core::Registry::PersistenceDetectorImpl' t├╝r├╝ kullan─▒ld─▒ [C:\ShadowStrike\ShadowStrike\ShadowStrike.vcxproj]
  ('/src/Shared_modules/Core/Registry/PersistenceDetector.cpp' kaynak dosyas─▒ derleniyor)
      C:\ShadowStrike\ShadowStrike\src\Shared_modules\Core\Registry\PersistenceDetector.hpp(164,7):
      'ShadowStrike::Core::Registry::PersistenceDetectorImpl' bildirimine bak─▒n
  
C:\ShadowStrike\ShadowStrike\src\Shared_modules\Core\Registry\PersistenceDetector.cpp(1628,29): error C2039: 'm_initialized': bir 'std::unique_ptr<ShadowStrike::Core::Registry::PersistenceDetectorImpl,std::default_delete<ShadowStrike::Core::Registry::PersistenceDetectorImpl>>' ├╝yesi de─şil [C:\ShadowStrike\ShadowStrike\ShadowStrike.vcxproj]
  ('/src/Shared_modules/Core/Registry/PersistenceDetector.cpp' kaynak dosyas─▒ derleniyor)
      C:\Program Files\Microsoft Visual Studio\2022\Community\VC\Tools\MSVC\14.44.35207\include\memory(3347,7):
      'std::unique_ptr<ShadowStrike::Core::Registry::PersistenceDetectorImpl,std::default_delete<ShadowStrike::Core::Registry::PersistenceDetectorImpl>>' bildirimine bak─▒n
  
C:\ShadowStrike\ShadowStrike\src\Shared_modules\Core\Registry\PersistenceDetector.cpp(1633,12): error C2027: tan─▒ms─▒z 'ShadowStrike::Core::Registry::PersistenceDetectorImpl' t├╝r├╝ kullan─▒ld─▒ [C:\ShadowStrike\ShadowStrike\ShadowStrike.vcxproj]
  ('/src/Shared_modules/Core/Registry/PersistenceDetector.cpp' kaynak dosyas─▒ derleniyor)
      C:\ShadowStrike\ShadowStrike\src\Shared_modules\Core\Registry\PersistenceDetector.hpp(164,7):
      'ShadowStrike::Core::Registry::PersistenceDetectorImpl' bildirimine bak─▒n
  
C:\ShadowStrike\ShadowStrike\src\Shared_modules\Core\Registry\PersistenceDetector.cpp(1633,20): error C2039: 'ResolveComplexCommandImpl': bir 'std::unique_ptr<ShadowStrike::Core::Registry::PersistenceDetectorImpl,std::default_delete<ShadowStrike::Core::Registry::PersistenceDetectorImpl>>' ├╝yesi de─şil [C:\ShadowStrike\ShadowStrike\ShadowStrike.vcxproj]
  ('/src/Shared_modules/Core/Registry/PersistenceDetector.cpp' kaynak dosyas─▒ derleniyor)
      C:\Program Files\Microsoft Visual Studio\2022\Community\VC\Tools\MSVC\14.44.35207\include\memory(3347,7):
      'std::unique_ptr<ShadowStrike::Core::Registry::PersistenceDetectorImpl,std::default_delete<ShadowStrike::Core::Registry::PersistenceDetectorImpl>>' bildirimine bak─▒n
  
C:\ShadowStrike\ShadowStrike\src\Shared_modules\Core\Registry\PersistenceDetector.cpp(1641,21): error C2027: tan─▒ms─▒z 'ShadowStrike::Core::Registry::PersistenceDetectorImpl' t├╝r├╝ kullan─▒ld─▒ [C:\ShadowStrike\ShadowStrike\ShadowStrike.vcxproj]
  ('/src/Shared_modules/Core/Registry/PersistenceDetector.cpp' kaynak dosyas─▒ derleniyor)
      C:\ShadowStrike\ShadowStrike\src\Shared_modules\Core\Registry\PersistenceDetector.hpp(164,7):
      'ShadowStrike::Core::Registry::PersistenceDetectorImpl' bildirimine bak─▒n
  
C:\ShadowStrike\ShadowStrike\src\Shared_modules\Core\Registry\PersistenceDetector.cpp(1641,29): error C2039: 'm_initialized': bir 'std::unique_ptr<ShadowStrike::Core::Registry::PersistenceDetectorImpl,std::default_delete<ShadowStrike::Core::Registry::PersistenceDetectorImpl>>' ├╝yesi de─şil [C:\ShadowStrike\ShadowStrike\ShadowStrike.vcxproj]
  ('/src/Shared_modules/Core/Registry/PersistenceDetector.cpp' kaynak dosyas─▒ derleniyor)
      C:\Program Files\Microsoft Visual Studio\2022\Community\VC\Tools\MSVC\14.44.35207\include\memory(3347,7):
      'std::unique_ptr<ShadowStrike::Core::Registry::PersistenceDetectorImpl,std::default_delete<ShadowStrike::Core::Registry::PersistenceDetectorImpl>>' bildirimine bak─▒n
  
C:\ShadowStrike\ShadowStrike\src\Shared_modules\Core\Registry\PersistenceDetector.cpp(1646,12): error C2027: tan─▒ms─▒z 'ShadowStrike::Core::Registry::PersistenceDetectorImpl' t├╝r├╝ kullan─▒ld─▒ [C:\ShadowStrike\ShadowStrike\ShadowStrike.vcxproj]
  ('/src/Shared_modules/Core/Registry/PersistenceDetector.cpp' kaynak dosyas─▒ derleniyor)
      C:\ShadowStrike\ShadowStrike\src\Shared_modules\Core\Registry\PersistenceDetector.hpp(164,7):
      'ShadowStrike::Core::Registry::PersistenceDetectorImpl' bildirimine bak─▒n
  
C:\ShadowStrike\ShadowStrike\src\Shared_modules\Core\Registry\PersistenceDetector.cpp(1646,20): error C2039: 'ScanServicesImpl': bir 'std::unique_ptr<ShadowStrike::Core::Registry::PersistenceDetectorImpl,std::default_delete<ShadowStrike::Core::Registry::PersistenceDetectorImpl>>' ├╝yesi de─şil [C:\ShadowStrike\ShadowStrike\ShadowStrike.vcxproj]
  ('/src/Shared_modules/Core/Registry/PersistenceDetector.cpp' kaynak dosyas─▒ derleniyor)
      C:\Program Files\Microsoft Visual Studio\2022\Community\VC\Tools\MSVC\14.44.35207\include\memory(3347,7):
      'std::unique_ptr<ShadowStrike::Core::Registry::PersistenceDetectorImpl,std::default_delete<ShadowStrike::Core::Registry::PersistenceDetectorImpl>>' bildirimine bak─▒n
  
C:\ShadowStrike\ShadowStrike\src\Shared_modules\HashStore\HashStore_import_export.cpp(478,17): error C2065: 'm_perfFrequency': bildirimi yap─▒lmam─▒┼ş tan─▒mlay─▒c─▒ [C:\ShadowStrike\ShadowStrike\ShadowStrike.vcxproj]
  ('/src/Shared_modules/HashStore/HashStore_import_export.cpp' kaynak dosyas─▒ derleniyor)
  
C:\ShadowStrike\ShadowStrike\src\Shared_modules\HashStore\HashStore_import_export.cpp(480,61): error C2065: 'm_perfFrequency': bildirimi yap─▒lmam─▒┼ş tan─▒mlay─▒c─▒ [C:\ShadowStrike\ShadowStrike\ShadowStrike.vcxproj]
  ('/src/Shared_modules/HashStore/HashStore_import_export.cpp' kaynak dosyas─▒ derleniyor)
  
C:\ShadowStrike\ShadowStrike\src\Shared_modules\HashStore\HashStore_import_export.cpp(480,32): error C2737: 'freq': const nesnesinin ba┼şlat─▒lmas─▒ gerekiyor [C:\ShadowStrike\ShadowStrike\ShadowStrike.vcxproj]
  ('/src/Shared_modules/HashStore/HashStore_import_export.cpp' kaynak dosyas─▒ derleniyor)
  
C:\ShadowStrike\ShadowStrike\src\Shared_modules\HashStore\HashStore_import_export.cpp(500,35): error C3861: 'AddHashBatch': tan─▒mlay─▒c─▒ bulunamad─▒ [C:\ShadowStrike\ShadowStrike\ShadowStrike.vcxproj]
  ('/src/Shared_modules/HashStore/HashStore_import_export.cpp' kaynak dosyas─▒ derleniyor)
  
C:\ShadowStrike\ShadowStrike\src\Shared_modules\HashStore\HashStore_import_export.cpp(517,32): error C2039: 'ExportToJson': bir 'ShadowStrike::HashStore' ├╝yesi de─şil [C:\ShadowStrike\ShadowStrike\ShadowStrike.vcxproj]
  ('/src/Shared_modules/HashStore/HashStore_import_export.cpp' kaynak dosyas─▒ derleniyor)
      C:\ShadowStrike\ShadowStrike\src\Shared_modules\HashStore\HashStore.hpp(66,11):
      'ShadowStrike::HashStore' bildirimine bak─▒n
  
C:\ShadowStrike\ShadowStrike\src\Shared_modules\HashStore\HashStore_import_export.cpp(517,32): error C2270: 'ExportToJson': ├╝ye olmayan i┼şlevlerde de─şi┼ştiricilere izin verilmez [C:\ShadowStrike\ShadowStrike\ShadowStrike.vcxproj]
  ('/src/Shared_modules/HashStore/HashStore_import_export.cpp' kaynak dosyas─▒ derleniyor)
  
C:\ShadowStrike\ShadowStrike\src\Shared_modules\Core\Registry\PersistenceDetector.cpp(1652,26): error C2039: 'EqualsIgnoreCase': bir 'ShadowStrike::Utils::StringUtils' ├╝yesi de─şil [C:\ShadowStrike\ShadowStrike\ShadowStrike.vcxproj]
  ('/src/Shared_modules/Core/Registry/PersistenceDetector.cpp' kaynak dosyas─▒ derleniyor)
      C:\ShadowStrike\ShadowStrike\src\Shared_modules\Utils\StringUtils.hpp(63,19):
      'ShadowStrike::Utils::StringUtils' bildirimine bak─▒n
  
C:\ShadowStrike\ShadowStrike\src\Shared_modules\Core\Registry\PersistenceDetector.cpp(1652,26): error C3861: 'EqualsIgnoreCase': tan─▒mlay─▒c─▒ bulunamad─▒ [C:\ShadowStrike\ShadowStrike\ShadowStrike.vcxproj]
  ('/src/Shared_modules/Core/Registry/PersistenceDetector.cpp' kaynak dosyas─▒ derleniyor)
  
C:\ShadowStrike\ShadowStrike\src\Shared_modules\HashStore\HashStore_import_export.cpp(524,18): error C2065: 'm_initialized': bildirimi yap─▒lmam─▒┼ş tan─▒mlay─▒c─▒ [C:\ShadowStrike\ShadowStrike\ShadowStrike.vcxproj]
  ('/src/Shared_modules/HashStore/HashStore_import_export.cpp' kaynak dosyas─▒ derleniyor)
  
C:\ShadowStrike\ShadowStrike\src\Shared_modules\HashStore\HashStore_import_export.cpp(531,54): error C2065: 'm_globalLock': bildirimi yap─▒lmam─▒┼ş tan─▒mlay─▒c─▒ [C:\ShadowStrike\ShadowStrike\ShadowStrike.vcxproj]
  ('/src/Shared_modules/HashStore/HashStore_import_export.cpp' kaynak dosyas─▒ derleniyor)
  
C:\ShadowStrike\ShadowStrike\src\Shared_modules\Core\Registry\PersistenceDetector.cpp(1664,21): error C2027: tan─▒ms─▒z 'ShadowStrike::Core::Registry::PersistenceDetectorImpl' t├╝r├╝ kullan─▒ld─▒ [C:\ShadowStrike\ShadowStrike\ShadowStrike.vcxproj]
  ('/src/Shared_modules/Core/Registry/PersistenceDetector.cpp' kaynak dosyas─▒ derleniyor)
      C:\ShadowStrike\ShadowStrike\src\Shared_modules\Core\Registry\PersistenceDetector.hpp(164,7):
      'ShadowStrike::Core::Registry::PersistenceDetectorImpl' bildirimine bak─▒n
  
C:\ShadowStrike\ShadowStrike\src\Shared_modules\Core\Registry\PersistenceDetector.cpp(1664,29): error C2039: 'm_initialized': bir 'std::unique_ptr<ShadowStrike::Core::Registry::PersistenceDetectorImpl,std::default_delete<ShadowStrike::Core::Registry::PersistenceDetectorImpl>>' ├╝yesi de─şil [C:\ShadowStrike\ShadowStrike\ShadowStrike.vcxproj]
  ('/src/Shared_modules/Core/Registry/PersistenceDetector.cpp' kaynak dosyas─▒ derleniyor)
      C:\Program Files\Microsoft Visual Studio\2022\Community\VC\Tools\MSVC\14.44.35207\include\memory(3347,7):
      'std::unique_ptr<ShadowStrike::Core::Registry::PersistenceDetectorImpl,std::default_delete<ShadowStrike::Core::Registry::PersistenceDetectorImpl>>' bildirimine bak─▒n
  
C:\ShadowStrike\ShadowStrike\src\Shared_modules\Core\Registry\PersistenceDetector.cpp(1669,12): error C2027: tan─▒ms─▒z 'ShadowStrike::Core::Registry::PersistenceDetectorImpl' t├╝r├╝ kullan─▒ld─▒ [C:\ShadowStrike\ShadowStrike\ShadowStrike.vcxproj]
  ('/src/Shared_modules/Core/Registry/PersistenceDetector.cpp' kaynak dosyas─▒ derleniyor)
      C:\ShadowStrike\ShadowStrike\src\Shared_modules\Core\Registry\PersistenceDetector.hpp(164,7):
      'ShadowStrike::Core::Registry::PersistenceDetectorImpl' bildirimine bak─▒n
  
C:\ShadowStrike\ShadowStrike\src\Shared_modules\Core\Registry\PersistenceDetector.cpp(1669,20): error C2039: 'ScanScheduledTasksImpl': bir 'std::unique_ptr<ShadowStrike::Core::Registry::PersistenceDetectorImpl,std::default_delete<ShadowStrike::Core::Registry::PersistenceDetectorImpl>>' ├╝yesi de─şil [C:\ShadowStrike\ShadowStrike\ShadowStrike.vcxproj]
  ('/src/Shared_modules/Core/Registry/PersistenceDetector.cpp' kaynak dosyas─▒ derleniyor)
      C:\Program Files\Microsoft Visual Studio\2022\Community\VC\Tools\MSVC\14.44.35207\include\memory(3347,7):
      'std::unique_ptr<ShadowStrike::Core::Registry::PersistenceDetectorImpl,std::default_delete<ShadowStrike::Core::Registry::PersistenceDetectorImpl>>' bildirimine bak─▒n
  
C:\ShadowStrike\ShadowStrike\src\Shared_modules\Core\Registry\PersistenceDetector.cpp(1677,21): error C2027: tan─▒ms─▒z 'ShadowStrike::Core::Registry::PersistenceDetectorImpl' t├╝r├╝ kullan─▒ld─▒ [C:\ShadowStrike\ShadowStrike\ShadowStrike.vcxproj]
  ('/src/Shared_modules/Core/Registry/PersistenceDetector.cpp' kaynak dosyas─▒ derleniyor)
      C:\ShadowStrike\ShadowStrike\src\Shared_modules\Core\Registry\PersistenceDetector.hpp(164,7):
      'ShadowStrike::Core::Registry::PersistenceDetectorImpl' bildirimine bak─▒n
  
C:\ShadowStrike\ShadowStrike\src\Shared_modules\Core\Registry\PersistenceDetector.cpp(1677,29): error C2039: 'm_initialized': bir 'std::unique_ptr<ShadowStrike::Core::Registry::PersistenceDetectorImpl,std::default_delete<ShadowStrike::Core::Registry::PersistenceDetectorImpl>>' ├╝yesi de─şil [C:\ShadowStrike\ShadowStrike\ShadowStrike.vcxproj]
  ('/src/Shared_modules/Core/Registry/PersistenceDetector.cpp' kaynak dosyas─▒ derleniyor)
      C:\Program Files\Microsoft Visual Studio\2022\Community\VC\Tools\MSVC\14.44.35207\include\memory(3347,7):
      'std::unique_ptr<ShadowStrike::Core::Registry::PersistenceDetectorImpl,std::default_delete<ShadowStrike::Core::Registry::PersistenceDetectorImpl>>' bildirimine bak─▒n
  
C:\ShadowStrike\ShadowStrike\src\Shared_modules\Core\Registry\PersistenceDetector.cpp(1682,12): error C2027: tan─▒ms─▒z 'ShadowStrike::Core::Registry::PersistenceDetectorImpl' t├╝r├╝ kullan─▒ld─▒ [C:\ShadowStrike\ShadowStrike\ShadowStrike.vcxproj]
  ('/src/Shared_modules/Core/Registry/PersistenceDetector.cpp' kaynak dosyas─▒ derleniyor)
      C:\ShadowStrike\ShadowStrike\src\Shared_modules\Core\Registry\PersistenceDetector.hpp(164,7):
      'ShadowStrike::Core::Registry::PersistenceDetectorImpl' bildirimine bak─▒n
  
C:\ShadowStrike\ShadowStrike\src\Shared_modules\Core\Registry\PersistenceDetector.cpp(1682,20): error C2039: 'ScanWMISubscriptionsImpl': bir 'std::unique_ptr<ShadowStrike::Core::Registry::PersistenceDetectorImpl,std::default_delete<ShadowStrike::Core::Registry::PersistenceDetectorImpl>>' ├╝yesi de─şil [C:\ShadowStrike\ShadowStrike\ShadowStrike.vcxproj]
  ('/src/Shared_modules/Core/Registry/PersistenceDetector.cpp' kaynak dosyas─▒ derleniyor)
      C:\Program Files\Microsoft Visual Studio\2022\Community\VC\Tools\MSVC\14.44.35207\include\memory(3347,7):
      'std::unique_ptr<ShadowStrike::Core::Registry::PersistenceDetectorImpl,std::default_delete<ShadowStrike::Core::Registry::PersistenceDetectorImpl>>' bildirimine bak─▒n
  
C:\ShadowStrike\ShadowStrike\src\Shared_modules\Core\Registry\PersistenceDetector.cpp(1692,27): error C2027: tan─▒ms─▒z 'ShadowStrike::Core::Registry::PersistenceDetectorImpl' t├╝r├╝ kullan─▒ld─▒ [C:\ShadowStrike\ShadowStrike\ShadowStrike.vcxproj]
  ('/src/Shared_modules/Core/Registry/PersistenceDetector.cpp' kaynak dosyas─▒ derleniyor)
      C:\ShadowStrike\ShadowStrike\src\Shared_modules\Core\Registry\PersistenceDetector.hpp(164,7):
      'ShadowStrike::Core::Registry::PersistenceDetectorImpl' bildirimine bak─▒n
  
C:\ShadowStrike\ShadowStrike\src\Shared_modules\Core\Registry\PersistenceDetector.cpp(1692,27): error C1003: hata say─▒s─▒ 100 taneyi a┼şt─▒; derleme durduruluyor [C:\ShadowStrike\ShadowStrike\ShadowStrike.vcxproj]
  ('/src/Shared_modules/Core/Registry/PersistenceDetector.cpp' kaynak dosyas─▒ derleniyor)
  
C:\ShadowStrike\ShadowStrike\src\Shared_modules\Exploits\JITSprayDetector.cpp(1470,24): error C2039: 'Critical': bir 'ShadowStrike::Utils::Logger' ├╝yesi de─şil [C:\ShadowStrike\ShadowStrike\ShadowStrike.vcxproj]
  ('/src/Shared_modules/Exploits/JITSprayDetector.cpp' kaynak dosyas─▒ derleniyor)
      C:\ShadowStrike\ShadowStrike\src\Shared_modules\Utils\Logger.hpp(159,9):
      'ShadowStrike::Utils::Logger' bildirimine bak─▒n
  
C:\ShadowStrike\ShadowStrike\src\Shared_modules\Exploits\JITSprayDetector.cpp(1470,24): error C3861: 'Critical': tan─▒mlay─▒c─▒ bulunamad─▒ [C:\ShadowStrike\ShadowStrike\ShadowStrike.vcxproj]
  ('/src/Shared_modules/Exploits/JITSprayDetector.cpp' kaynak dosyas─▒ derleniyor)
  
C:\ShadowStrike\ShadowStrike\src\Shared_modules\Performance\PerformanceProfiler.cpp(398,1): error C1010: ├Ân derlenmi┼ş ├╝stbilgi aran─▒rken beklenmeyen dosya sonu. kaynak kodunuza '#include "pch.h"' eklemeyi unuttunuz mu? [C:\ShadowStrike\ShadowStrike\ShadowStrike.vcxproj]
C:\ShadowStrike\ShadowStrike\src\Shared_modules\HashStore\HashStore_import_export.cpp(547,67): error C2065: 'm_mappedView': bildirimi yap─▒lmam─▒┼ş tan─▒mlay─▒c─▒ [C:\ShadowStrike\ShadowStrike\ShadowStrike.vcxproj]
  ('/src/Shared_modules/HashStore/HashStore_import_export.cpp' kaynak dosyas─▒ derleniyor)
  
C:\ShadowStrike\ShadowStrike\src\Shared_modules\HashStore\HashStore_import_export.cpp(555,53): error C2065: 'm_buckets': bildirimi yap─▒lmam─▒┼ş tan─▒mlay─▒c─▒ [C:\ShadowStrike\ShadowStrike\ShadowStrike.vcxproj]
  ('/src/Shared_modules/HashStore/HashStore_import_export.cpp' kaynak dosyas─▒ derleniyor)
  
C:\ShadowStrike\ShadowStrike\src\Shared_modules\HashStore\HashStore_import_export.cpp(555,51): error C2059: s├Âzdizimi hatas─▒: ':' [C:\ShadowStrike\ShadowStrike\ShadowStrike.vcxproj]
  ('/src/Shared_modules/HashStore/HashStore_import_export.cpp' kaynak dosyas─▒ derleniyor)
  
C:\ShadowStrike\ShadowStrike\src\Shared_modules\HashStore\HashStore_import_export.cpp(555,64): error C2143: s├Âzdizimi hatas─▒: ';' eksik ('{' ├Âncesinde) [C:\ShadowStrike\ShadowStrike\ShadowStrike.vcxproj]
  ('/src/Shared_modules/HashStore/HashStore_import_export.cpp' kaynak dosyas─▒ derleniyor)
  
C:\ShadowStrike\ShadowStrike\src\Shared_modules\HashStore\HashStore_import_export.cpp(556,52): error C2065: 'bucketType': bildirimi yap─▒lmam─▒┼ş tan─▒mlay─▒c─▒ [C:\ShadowStrike\ShadowStrike\ShadowStrike.vcxproj]
  ('/src/Shared_modules/HashStore/HashStore_import_export.cpp' kaynak dosyas─▒ derleniyor)
  
C:\ShadowStrike\ShadowStrike\src\Shared_modules\HashStore\HashStore_import_export.cpp(556,66): error C2440: 't├╝r d├Ân├╝┼şt├╝rme': 'ShadowStrike::SignatureStore::HashType' - 'int' d├Ân├╝┼ş├╝m├╝ yap─▒lam─▒yor [C:\ShadowStrike\ShadowStrike\ShadowStrike.vcxproj]
  ('/src/Shared_modules/HashStore/HashStore_import_export.cpp' kaynak dosyas─▒ derleniyor)
      C:\ShadowStrike\ShadowStrike\src\Shared_modules\HashStore\HashStore_import_export.cpp(556,66):
      Bu d├Ân├╝┼şt├╝rme a├ğ─▒k bir t├╝r d├Ân├╝┼şt├╝rme gerektiriyor (static_cast, C stili t├╝r d├Ân├╝┼şt├╝rme veya parantez i├ğine al─▒nm─▒┼ş i┼şlev stili t├╝r d├Ân├╝┼şt├╝rme)
  
C:\ShadowStrike\ShadowStrike\src\Shared_modules\HashStore\HashStore_import_export.cpp(560,17): error C2065: 'bucket': bildirimi yap─▒lmam─▒┼ş tan─▒mlay─▒c─▒ [C:\ShadowStrike\ShadowStrike\ShadowStrike.vcxproj]
  ('/src/Shared_modules/HashStore/HashStore_import_export.cpp' kaynak dosyas─▒ derleniyor)
  
C:\ShadowStrike\ShadowStrike\src\Shared_modules\HashStore\HashStore_import_export.cpp(566,48): error C2065: 'm_mappedView': bildirimi yap─▒lmam─▒┼ş tan─▒mlay─▒c─▒ [C:\ShadowStrike\ShadowStrike\ShadowStrike.vcxproj]
  ('/src/Shared_modules/HashStore/HashStore_import_export.cpp' kaynak dosyas─▒ derleniyor)
  
C:\ShadowStrike\ShadowStrike\src\Shared_modules\HashStore\HashStore_import_export.cpp(571,47): error C2065: 'm_mappedView': bildirimi yap─▒lmam─▒┼ş tan─▒mlay─▒c─▒ [C:\ShadowStrike\ShadowStrike\ShadowStrike.vcxproj]
  ('/src/Shared_modules/HashStore/HashStore_import_export.cpp' kaynak dosyas─▒ derleniyor)
  
C:\ShadowStrike\ShadowStrike\src\Shared_modules\PatternStore\boyer_moore_impl.cpp(228,9): error C2653: 'BoyerMooreMatcher': bir s─▒n─▒f veya ad alan─▒ ad─▒ de─şil [C:\ShadowStrike\ShadowStrike\ShadowStrike.vcxproj]
  ('/src/Shared_modules/PatternStore/boyer_moore_impl.cpp' kaynak dosyas─▒ derleniyor)
  
C:\ShadowStrike\ShadowStrike\src\Shared_modules\PatternStore\boyer_moore_impl.cpp(228,28): error C4430: t├╝r belirticisi eksik - int varsay─▒ld─▒. Not: C++ varsay─▒lan int deste─şi i├ğermez [C:\ShadowStrike\ShadowStrike\ShadowStrike.vcxproj]
  ('/src/Shared_modules/PatternStore/boyer_moore_impl.cpp' kaynak dosyas─▒ derleniyor)
  
C:\ShadowStrike\ShadowStrike\src\Shared_modules\PatternStore\boyer_moore_impl.cpp(236,9): error C2550: 'ShadowStrike::SignatureStore::BoyerMooreMatcher': olu┼şturucu ba┼şlat─▒c─▒ listelerine yaln─▒zca olu┼şturucu tan─▒mlar─▒nda izin verilir [C:\ShadowStrike\ShadowStrike\ShadowStrike.vcxproj]
  ('/src/Shared_modules/PatternStore/boyer_moore_impl.cpp' kaynak dosyas─▒ derleniyor)
  
C:\ShadowStrike\ShadowStrike\src\Shared_modules\PatternStore\boyer_moore_impl.cpp(239,13): error C2065: 'm_badCharTable': bildirimi yap─▒lmam─▒┼ş tan─▒mlay─▒c─▒ [C:\ShadowStrike\ShadowStrike\ShadowStrike.vcxproj]
  ('/src/Shared_modules/PatternStore/boyer_moore_impl.cpp' kaynak dosyas─▒ derleniyor)
  
C:\ShadowStrike\ShadowStrike\src\Shared_modules\PatternStore\boyer_moore_impl.cpp(262,17): error C2065: 'm_pattern': bildirimi yap─▒lmam─▒┼ş tan─▒mlay─▒c─▒ [C:\ShadowStrike\ShadowStrike\ShadowStrike.vcxproj]
  ('/src/Shared_modules/PatternStore/boyer_moore_impl.cpp' kaynak dosyas─▒ derleniyor)
  
C:\ShadowStrike\ShadowStrike\src\Shared_modules\PatternStore\boyer_moore_impl.cpp(266,17): error C2065: 'm_pattern': bildirimi yap─▒lmam─▒┼ş tan─▒mlay─▒c─▒ [C:\ShadowStrike\ShadowStrike\ShadowStrike.vcxproj]
  ('/src/Shared_modules/PatternStore/boyer_moore_impl.cpp' kaynak dosyas─▒ derleniyor)
  
C:\ShadowStrike\ShadowStrike\src\Shared_modules\PatternStore\boyer_moore_impl.cpp(277,21): error C2065: 'm_mask': bildirimi yap─▒lmam─▒┼ş tan─▒mlay─▒c─▒ [C:\ShadowStrike\ShadowStrike\ShadowStrike.vcxproj]
  ('/src/Shared_modules/PatternStore/boyer_moore_impl.cpp' kaynak dosyas─▒ derleniyor)
  
C:\ShadowStrike\ShadowStrike\src\Shared_modules\PatternStore\boyer_moore_impl.cpp(277,35): error C2065: 'm_pattern': bildirimi yap─▒lmam─▒┼ş tan─▒mlay─▒c─▒ [C:\ShadowStrike\ShadowStrike\ShadowStrike.vcxproj]
  ('/src/Shared_modules/PatternStore/boyer_moore_impl.cpp' kaynak dosyas─▒ derleniyor)
  
C:\ShadowStrike\ShadowStrike\src\Shared_modules\PatternStore\boyer_moore_impl.cpp(279,41): error C2065: 'm_pattern': bildirimi yap─▒lmam─▒┼ş tan─▒mlay─▒c─▒ [C:\ShadowStrike\ShadowStrike\ShadowStrike.vcxproj]
  ('/src/Shared_modules/PatternStore/boyer_moore_impl.cpp' kaynak dosyas─▒ derleniyor)
  
C:\ShadowStrike\ShadowStrike\src\Shared_modules\PatternStore\boyer_moore_impl.cpp(281,21): error C2065: 'm_mask': bildirimi yap─▒lmam─▒┼ş tan─▒mlay─▒c─▒ [C:\ShadowStrike\ShadowStrike\ShadowStrike.vcxproj]
  ('/src/Shared_modules/PatternStore/boyer_moore_impl.cpp' kaynak dosyas─▒ derleniyor)
  
C:\ShadowStrike\ShadowStrike\src\Shared_modules\PatternStore\boyer_moore_impl.cpp(283,40): error C2065: 'm_pattern': bildirimi yap─▒lmam─▒┼ş tan─▒mlay─▒c─▒ [C:\ShadowStrike\ShadowStrike\ShadowStrike.vcxproj]
  ('/src/Shared_modules/PatternStore/boyer_moore_impl.cpp' kaynak dosyas─▒ derleniyor)
  
C:\ShadowStrike\ShadowStrike\src\Shared_modules\PatternStore\boyer_moore_impl.cpp(285,21): error C2065: 'm_mask': bildirimi yap─▒lmam─▒┼ş tan─▒mlay─▒c─▒ [C:\ShadowStrike\ShadowStrike\ShadowStrike.vcxproj]
  ('/src/Shared_modules/PatternStore/boyer_moore_impl.cpp' kaynak dosyas─▒ derleniyor)
  
C:\ShadowStrike\ShadowStrike\src\Shared_modules\PatternStore\boyer_moore_impl.cpp(286,21): error C2065: 'm_mask': bildirimi yap─▒lmam─▒┼ş tan─▒mlay─▒c─▒ [C:\ShadowStrike\ShadowStrike\ShadowStrike.vcxproj]
  ('/src/Shared_modules/PatternStore/boyer_moore_impl.cpp' kaynak dosyas─▒ derleniyor)
  
C:\ShadowStrike\ShadowStrike\src\Shared_modules\PatternStore\boyer_moore_impl.cpp(286,35): error C2065: 'm_pattern': bildirimi yap─▒lmam─▒┼ş tan─▒mlay─▒c─▒ [C:\ShadowStrike\ShadowStrike\ShadowStrike.vcxproj]
  ('/src/Shared_modules/PatternStore/boyer_moore_impl.cpp' kaynak dosyas─▒ derleniyor)
  
C:\ShadowStrike\ShadowStrike\src\Shared_modules\PatternStore\boyer_moore_impl.cpp(287,21): error C2065: 'm_pattern': bildirimi yap─▒lmam─▒┼ş tan─▒mlay─▒c─▒ [C:\ShadowStrike\ShadowStrike\ShadowStrike.vcxproj]
  ('/src/Shared_modules/PatternStore/boyer_moore_impl.cpp' kaynak dosyas─▒ derleniyor)
  
C:\ShadowStrike\ShadowStrike\src\Shared_modules\PatternStore\boyer_moore_impl.cpp(293,21): error C2065: 'm_mask': bildirimi yap─▒lmam─▒┼ş tan─▒mlay─▒c─▒ [C:\ShadowStrike\ShadowStrike\ShadowStrike.vcxproj]
  ('/src/Shared_modules/PatternStore/boyer_moore_impl.cpp' kaynak dosyas─▒ derleniyor)
  
C:\ShadowStrike\ShadowStrike\src\Shared_modules\PatternStore\boyer_moore_impl.cpp(293,87): error C2065: 'm_pattern': bildirimi yap─▒lmam─▒┼ş tan─▒mlay─▒c─▒ [C:\ShadowStrike\ShadowStrike\ShadowStrike.vcxproj]
  ('/src/Shared_modules/PatternStore/boyer_moore_impl.cpp' kaynak dosyas─▒ derleniyor)
  
C:\ShadowStrike\ShadowStrike\src\Shared_modules\PatternStore\boyer_moore_impl.cpp(294,21): error C2065: 'm_pattern': bildirimi yap─▒lmam─▒┼ş tan─▒mlay─▒c─▒ [C:\ShadowStrike\ShadowStrike\ShadowStrike.vcxproj]
  ('/src/Shared_modules/PatternStore/boyer_moore_impl.cpp' kaynak dosyas─▒ derleniyor)
  
C:\ShadowStrike\ShadowStrike\src\Shared_modules\PatternStore\boyer_moore_impl.cpp(301,17): error C2065: 'm_pattern': bildirimi yap─▒lmam─▒┼ş tan─▒mlay─▒c─▒ [C:\ShadowStrike\ShadowStrike\ShadowStrike.vcxproj]
  ('/src/Shared_modules/PatternStore/boyer_moore_impl.cpp' kaynak dosyas─▒ derleniyor)
  
C:\ShadowStrike\ShadowStrike\src\Shared_modules\PatternStore\boyer_moore_impl.cpp(302,17): error C2065: 'm_mask': bildirimi yap─▒lmam─▒┼ş tan─▒mlay─▒c─▒ [C:\ShadowStrike\ShadowStrike\ShadowStrike.vcxproj]
  ('/src/Shared_modules/PatternStore/boyer_moore_impl.cpp' kaynak dosyas─▒ derleniyor)
  
C:\ShadowStrike\ShadowStrike\src\Shared_modules\PatternStore\boyer_moore_impl.cpp(307,17): error C2065: 'm_mask': bildirimi yap─▒lmam─▒┼ş tan─▒mlay─▒c─▒ [C:\ShadowStrike\ShadowStrike\ShadowStrike.vcxproj]
  ('/src/Shared_modules/PatternStore/boyer_moore_impl.cpp' kaynak dosyas─▒ derleniyor)
  
C:\ShadowStrike\ShadowStrike\src\Shared_modules\PatternStore\boyer_moore_impl.cpp(307,34): error C2065: 'm_pattern': bildirimi yap─▒lmam─▒┼ş tan─▒mlay─▒c─▒ [C:\ShadowStrike\ShadowStrike\ShadowStrike.vcxproj]
  ('/src/Shared_modules/PatternStore/boyer_moore_impl.cpp' kaynak dosyas─▒ derleniyor)
  
C:\ShadowStrike\ShadowStrike\src\Shared_modules\PatternStore\boyer_moore_impl.cpp(309,17): error C2065: 'm_pattern': bildirimi yap─▒lmam─▒┼ş tan─▒mlay─▒c─▒ [C:\ShadowStrike\ShadowStrike\ShadowStrike.vcxproj]
  ('/src/Shared_modules/PatternStore/boyer_moore_impl.cpp' kaynak dosyas─▒ derleniyor)
  
C:\ShadowStrike\ShadowStrike\src\Shared_modules\PatternStore\boyer_moore_impl.cpp(310,17): error C2065: 'm_mask': bildirimi yap─▒lmam─▒┼ş tan─▒mlay─▒c─▒ [C:\ShadowStrike\ShadowStrike\ShadowStrike.vcxproj]
  ('/src/Shared_modules/PatternStore/boyer_moore_impl.cpp' kaynak dosyas─▒ derleniyor)
  
C:\ShadowStrike\ShadowStrike\src\Shared_modules\PatternStore\boyer_moore_impl.cpp(318,13): error C3861: 'BuildBadCharTable': tan─▒mlay─▒c─▒ bulunamad─▒ [C:\ShadowStrike\ShadowStrike\ShadowStrike.vcxproj]
  ('/src/Shared_modules/PatternStore/boyer_moore_impl.cpp' kaynak dosyas─▒ derleniyor)
  
C:\ShadowStrike\ShadowStrike\src\Shared_modules\PatternStore\boyer_moore_impl.cpp(319,13): error C3861: 'BuildGoodSuffixTable': tan─▒mlay─▒c─▒ bulunamad─▒ [C:\ShadowStrike\ShadowStrike\ShadowStrike.vcxproj]
  ('/src/Shared_modules/PatternStore/boyer_moore_impl.cpp' kaynak dosyas─▒ derleniyor)
  
C:\ShadowStrike\ShadowStrike\src\Shared_modules\PatternStore\boyer_moore_impl.cpp(322,18): error C2065: 'm_pattern': bildirimi yap─▒lmam─▒┼ş tan─▒mlay─▒c─▒ [C:\ShadowStrike\ShadowStrike\ShadowStrike.vcxproj]
  ('/src/Shared_modules/PatternStore/boyer_moore_impl.cpp' kaynak dosyas─▒ derleniyor)
  
C:\ShadowStrike\ShadowStrike\src\Shared_modules\PatternStore\boyer_moore_impl.cpp(322,39): error C2065: 'm_goodSuffixTable': bildirimi yap─▒lmam─▒┼ş tan─▒mlay─▒c─▒ [C:\ShadowStrike\ShadowStrike\ShadowStrike.vcxproj]
  ('/src/Shared_modules/PatternStore/boyer_moore_impl.cpp' kaynak dosyas─▒ derleniyor)
  
C:\ShadowStrike\ShadowStrike\src\Shared_modules\PatternStore\boyer_moore_impl.cpp(322,67): error C2065: 'm_pattern': bildirimi yap─▒lmam─▒┼ş tan─▒mlay─▒c─▒ [C:\ShadowStrike\ShadowStrike\ShadowStrike.vcxproj]
  ('/src/Shared_modules/PatternStore/boyer_moore_impl.cpp' kaynak dosyas─▒ derleniyor)
  
C:\ShadowStrike\ShadowStrike\src\Shared_modules\PatternStore\boyer_moore_impl.cpp(324,17): error C2065: 'm_pattern': bildirimi yap─▒lmam─▒┼ş tan─▒mlay─▒c─▒ [C:\ShadowStrike\ShadowStrike\ShadowStrike.vcxproj]
  ('/src/Shared_modules/PatternStore/boyer_moore_impl.cpp' kaynak dosyas─▒ derleniyor)
  
C:\ShadowStrike\ShadowStrike\src\Shared_modules\PatternStore\boyer_moore_impl.cpp(325,17): error C2065: 'm_mask': bildirimi yap─▒lmam─▒┼ş tan─▒mlay─▒c─▒ [C:\ShadowStrike\ShadowStrike\ShadowStrike.vcxproj]
  ('/src/Shared_modules/PatternStore/boyer_moore_impl.cpp' kaynak dosyas─▒ derleniyor)
  
C:\ShadowStrike\ShadowStrike\src\Shared_modules\PatternStore\boyer_moore_impl.cpp(326,17): error C2065: 'm_goodSuffixTable': bildirimi yap─▒lmam─▒┼ş tan─▒mlay─▒c─▒ [C:\ShadowStrike\ShadowStrike\ShadowStrike.vcxproj]
  ('/src/Shared_modules/PatternStore/boyer_moore_impl.cpp' kaynak dosyas─▒ derleniyor)
  
C:\ShadowStrike\ShadowStrike\src\Shared_modules\PatternStore\boyer_moore_impl.cpp(247,17): warning C4508: 'ShadowStrike::SignatureStore::BoyerMooreMatcher': i┼şlev bir de─şer d├Ând├╝rmelidir; 'void' d├Ân├╝┼ş t├╝r├╝ varsay─▒ld─▒ [C:\ShadowStrike\ShadowStrike\ShadowStrike.vcxproj]
  ('/src/Shared_modules/PatternStore/boyer_moore_impl.cpp' kaynak dosyas─▒ derleniyor)
  
C:\ShadowStrike\ShadowStrike\src\Shared_modules\PatternStore\boyer_moore_impl.cpp(254,17): error C2617: 'ShadowStrike::SignatureStore::BoyerMooreMatcher': tutars─▒z return deyimi [C:\ShadowStrike\ShadowStrike\ShadowStrike.vcxproj]
  ('/src/Shared_modules/PatternStore/boyer_moore_impl.cpp' kaynak dosyas─▒ derleniyor)
      C:\ShadowStrike\ShadowStrike\src\Shared_modules\PatternStore\boyer_moore_impl.cpp(228,28):
      'ShadowStrike::SignatureStore::BoyerMooreMatcher' bildirimine bak─▒n
  
C:\ShadowStrike\ShadowStrike\src\Shared_modules\PatternStore\boyer_moore_impl.cpp(267,17): error C2617: 'ShadowStrike::SignatureStore::BoyerMooreMatcher': tutars─▒z return deyimi [C:\ShadowStrike\ShadowStrike\ShadowStrike.vcxproj]
  ('/src/Shared_modules/PatternStore/boyer_moore_impl.cpp' kaynak dosyas─▒ derleniyor)
      C:\ShadowStrike\ShadowStrike\src\Shared_modules\PatternStore\boyer_moore_impl.cpp(228,28):
      'ShadowStrike::SignatureStore::BoyerMooreMatcher' bildirimine bak─▒n
  
C:\ShadowStrike\ShadowStrike\src\Shared_modules\PatternStore\boyer_moore_impl.cpp(303,17): error C2617: 'ShadowStrike::SignatureStore::BoyerMooreMatcher': tutars─▒z return deyimi [C:\ShadowStrike\ShadowStrike\ShadowStrike.vcxproj]
  ('/src/Shared_modules/PatternStore/boyer_moore_impl.cpp' kaynak dosyas─▒ derleniyor)
      C:\ShadowStrike\ShadowStrike\src\Shared_modules\PatternStore\boyer_moore_impl.cpp(228,28):
      'ShadowStrike::SignatureStore::BoyerMooreMatcher' bildirimine bak─▒n
  
C:\ShadowStrike\ShadowStrike\src\Shared_modules\PatternStore\boyer_moore_impl.cpp(311,17): error C2617: 'ShadowStrike::SignatureStore::BoyerMooreMatcher': tutars─▒z return deyimi [C:\ShadowStrike\ShadowStrike\ShadowStrike.vcxproj]
  ('/src/Shared_modules/PatternStore/boyer_moore_impl.cpp' kaynak dosyas─▒ derleniyor)
      C:\ShadowStrike\ShadowStrike\src\Shared_modules\PatternStore\boyer_moore_impl.cpp(228,28):
      'ShadowStrike::SignatureStore::BoyerMooreMatcher' bildirimine bak─▒n
  
C:\ShadowStrike\ShadowStrike\src\Shared_modules\PatternStore\boyer_moore_impl.cpp(328,9): error C2617: 'ShadowStrike::SignatureStore::BoyerMooreMatcher': tutars─▒z return deyimi [C:\ShadowStrike\ShadowStrike\ShadowStrike.vcxproj]
  ('/src/Shared_modules/PatternStore/boyer_moore_impl.cpp' kaynak dosyas─▒ derleniyor)
      C:\ShadowStrike\ShadowStrike\src\Shared_modules\PatternStore\boyer_moore_impl.cpp(228,28):
      'ShadowStrike::SignatureStore::BoyerMooreMatcher' bildirimine bak─▒n
  
C:\ShadowStrike\ShadowStrike\src\Shared_modules\PatternStore\boyer_moore_impl.cpp(347,29): error C2653: 'BoyerMooreMatcher': bir s─▒n─▒f veya ad alan─▒ ad─▒ de─şil [C:\ShadowStrike\ShadowStrike\ShadowStrike.vcxproj]
  ('/src/Shared_modules/PatternStore/boyer_moore_impl.cpp' kaynak dosyas─▒ derleniyor)
  
C:\ShadowStrike\ShadowStrike\src\Shared_modules\PatternStore\boyer_moore_impl.cpp(347,48): error C2270: 'Search': ├╝ye olmayan i┼şlevlerde de─şi┼ştiricilere izin verilmez [C:\ShadowStrike\ShadowStrike\ShadowStrike.vcxproj]
  ('/src/Shared_modules/PatternStore/boyer_moore_impl.cpp' kaynak dosyas─▒ derleniyor)
  
C:\ShadowStrike\ShadowStrike\src\Shared_modules\PatternStore\boyer_moore_impl.cpp(354,17): error C2065: 'm_pattern': bildirimi yap─▒lmam─▒┼ş tan─▒mlay─▒c─▒ [C:\ShadowStrike\ShadowStrike\ShadowStrike.vcxproj]
  ('/src/Shared_modules/PatternStore/boyer_moore_impl.cpp' kaynak dosyas─▒ derleniyor)
  
C:\ShadowStrike\ShadowStrike\src\Shared_modules\PatternStore\boyer_moore_impl.cpp(359,17): error C2065: 'm_mask': bildirimi yap─▒lmam─▒┼ş tan─▒mlay─▒c─▒ [C:\ShadowStrike\ShadowStrike\ShadowStrike.vcxproj]
  ('/src/Shared_modules/PatternStore/boyer_moore_impl.cpp' kaynak dosyas─▒ derleniyor)
  
C:\ShadowStrike\ShadowStrike\src\Shared_modules\PatternStore\boyer_moore_impl.cpp(359,34): error C2065: 'm_pattern': bildirimi yap─▒lmam─▒┼ş tan─▒mlay─▒c─▒ [C:\ShadowStrike\ShadowStrike\ShadowStrike.vcxproj]
  ('/src/Shared_modules/PatternStore/boyer_moore_impl.cpp' kaynak dosyas─▒ derleniyor)
  
C:\ShadowStrike\ShadowStrike\src\Shared_modules\PatternStore\boyer_moore_impl.cpp(365,17): error C2065: 'm_goodSuffixTable': bildirimi yap─▒lmam─▒┼ş tan─▒mlay─▒c─▒ [C:\ShadowStrike\ShadowStrike\ShadowStrike.vcxproj]
  ('/src/Shared_modules/PatternStore/boyer_moore_impl.cpp' kaynak dosyas─▒ derleniyor)
  
C:\ShadowStrike\ShadowStrike\src\Shared_modules\PatternStore\boyer_moore_impl.cpp(365,45): error C2065: 'm_pattern': bildirimi yap─▒lmam─▒┼ş tan─▒mlay─▒c─▒ [C:\ShadowStrike\ShadowStrike\ShadowStrike.vcxproj]
  ('/src/Shared_modules/PatternStore/boyer_moore_impl.cpp' kaynak dosyas─▒ derleniyor)
  
C:\ShadowStrike\ShadowStrike\src\Shared_modules\PatternStore\boyer_moore_impl.cpp(375,33): error C2065: 'm_pattern': bildirimi yap─▒lmam─▒┼ş tan─▒mlay─▒c─▒ [C:\ShadowStrike\ShadowStrike\ShadowStrike.vcxproj]
  ('/src/Shared_modules/PatternStore/boyer_moore_impl.cpp' kaynak dosyas─▒ derleniyor)
  
C:\ShadowStrike\ShadowStrike\src\Shared_modules\PatternStore\boyer_moore_impl.cpp(381,41): error C2065: 'm_pattern': bildirimi yap─▒lmam─▒┼ş tan─▒mlay─▒c─▒ [C:\ShadowStrike\ShadowStrike\ShadowStrike.vcxproj]
  ('/src/Shared_modules/PatternStore/boyer_moore_impl.cpp' kaynak dosyas─▒ derleniyor)
  
C:\ShadowStrike\ShadowStrike\src\Shared_modules\PatternStore\boyer_moore_impl.cpp(381,18): error C2660: 'ShadowStrike::SignatureStore::`anonymous-namespace'::SafeSub': i┼şlev 2 ba─ş─▒ms─▒z de─şi┼şken alm─▒yor [C:\ShadowStrike\ShadowStrike\ShadowStrike.vcxproj]
  ('/src/Shared_modules/PatternStore/boyer_moore_impl.cpp' kaynak dosyas─▒ derleniyor)
      C:\ShadowStrike\ShadowStrike\src\Shared_modules\PatternStore\boyer_moore_impl.cpp(178,49):
      'ShadowStrike::SignatureStore::`anonymous-namespace'::SafeSub' bildirimine bak─▒n
      C:\ShadowStrike\ShadowStrike\src\Shared_modules\PatternStore\boyer_moore_impl.cpp(381,18):
      '(size_t, size_t)' ba─ş─▒ms─▒z de─şi┼şken listesi e┼şlenmeye ├ğal─▒┼ş─▒l─▒rken
  
C:\ShadowStrike\ShadowStrike\src\Shared_modules\PatternStore\boyer_moore_impl.cpp(390,47): error C2065: 'm_pattern': bildirimi yap─▒lmam─▒┼ş tan─▒mlay─▒c─▒ [C:\ShadowStrike\ShadowStrike\ShadowStrike.vcxproj]
  ('/src/Shared_modules/PatternStore/boyer_moore_impl.cpp' kaynak dosyas─▒ derleniyor)
  
C:\ShadowStrike\ShadowStrike\src\Shared_modules\PatternStore\boyer_moore_impl.cpp(390,43): error C2672: 'std::max': e┼şle┼şen a┼ş─▒r─▒ y├╝klenmi┼ş i┼şlev bulunamad─▒ [C:\ShadowStrike\ShadowStrike\ShadowStrike.vcxproj]
  ('/src/Shared_modules/PatternStore/boyer_moore_impl.cpp' kaynak dosyas─▒ derleniyor)
      C:\Program Files\Microsoft Visual Studio\2022\Community\VC\Tools\MSVC\14.44.35207\include\utility(85,26):
      '_Ty std::max(std::initializer_list<_Elem>)' olabilirdi
          C:\ShadowStrike\ShadowStrike\src\Shared_modules\PatternStore\boyer_moore_impl.cpp(390,43):
          '_Ty std::max(std::initializer_list<_Elem>)': 1 ba─ş─▒ms─▒z de─şi┼şken bekleniyor - 2 sa─şland─▒
      C:\Program Files\Microsoft Visual Studio\2022\Community\VC\Tools\MSVC\14.44.35207\include\utility(82,26):
      veya       '_Ty std::max(std::initializer_list<_Elem>,_Pr)'
      C:\Program Files\Microsoft Visual Studio\2022\Community\VC\Tools\MSVC\14.44.35207\include\utility(74,6):
      veya       'const _Ty &std::max(const _Ty &,const _Ty &) noexcept(<expr>)'
      C:\Program Files\Microsoft Visual Studio\2022\Community\VC\Tools\MSVC\14.44.35207\include\utility(64,33):
      veya       'const _Ty &std::max(const _Ty &,const _Ty &,_Pr) noexcept(<expr>)'
          C:\ShadowStrike\ShadowStrike\src\Shared_modules\PatternStore\boyer_moore_impl.cpp(390,43):
          'const _Ty &std::max(const _Ty &,const _Ty &,_Pr) noexcept(<expr>)': 3 ba─ş─▒ms─▒z de─şi┼şken bekleniyor - 2 sa─şland─▒
  
C:\ShadowStrike\ShadowStrike\src\Shared_modules\PatternStore\boyer_moore_impl.cpp(388,54): error C2672: 'std::min': e┼şle┼şen a┼ş─▒r─▒ y├╝klenmi┼ş i┼şlev bulunamad─▒ [C:\ShadowStrike\ShadowStrike\ShadowStrike.vcxproj]
  ('/src/Shared_modules/PatternStore/boyer_moore_impl.cpp' kaynak dosyas─▒ derleniyor)
      C:\Program Files\Microsoft Visual Studio\2022\Community\VC\Tools\MSVC\14.44.35207\include\utility(109,26):
      '_Ty std::min(std::initializer_list<_Elem>)' olabilirdi
          C:\ShadowStrike\ShadowStrike\src\Shared_modules\PatternStore\boyer_moore_impl.cpp(388,54):
          '_Ty std::min(std::initializer_list<_Elem>)': ┼şablon ba─ş─▒ms─▒z de─şi┼şkeni ('std::initializer_list<_Elem>' i├ğin, 'size_t' ├Â─şesinden) anla┼ş─▒lamad─▒
      C:\Program Files\Microsoft Visual Studio\2022\Community\VC\Tools\MSVC\14.44.35207\include\utility(106,26):
      veya       '_Ty std::min(std::initializer_list<_Elem>,_Pr)'
          C:\ShadowStrike\ShadowStrike\src\Shared_modules\PatternStore\boyer_moore_impl.cpp(388,54):
          '_Ty std::min(std::initializer_list<_Elem>,_Pr)': 2 ba─ş─▒ms─▒z de─şi┼şken bekleniyor - 1 sa─şland─▒
      C:\Program Files\Microsoft Visual Studio\2022\Community\VC\Tools\MSVC\14.44.35207\include\utility(98,6):
      veya       'const _Ty &std::min(const _Ty &,const _Ty &) noexcept(<expr>)'
          C:\ShadowStrike\ShadowStrike\src\Shared_modules\PatternStore\boyer_moore_impl.cpp(388,54):
          'const _Ty &std::min(const _Ty &,const _Ty &) noexcept(<expr>)': 2 ba─ş─▒ms─▒z de─şi┼şken bekleniyor - 1 sa─şland─▒
      C:\Program Files\Microsoft Visual Studio\2022\Community\VC\Tools\MSVC\14.44.35207\include\utility(88,33):
      veya       'const _Ty &std::min(const _Ty &,const _Ty &,_Pr) noexcept(<expr>)'
          C:\ShadowStrike\ShadowStrike\src\Shared_modules\PatternStore\boyer_moore_impl.cpp(388,54):
          'const _Ty &std::min(const _Ty &,const _Ty &,_Pr) noexcept(<expr>)': 3 ba─ş─▒ms─▒z de─şi┼şken bekleniyor - 1 sa─şland─▒
  
C:\ShadowStrike\ShadowStrike\src\Shared_modules\PatternStore\boyer_moore_impl.cpp(388,30): error C2737: 'estimatedMatches': const nesnesinin ba┼şlat─▒lmas─▒ gerekiyor [C:\ShadowStrike\ShadowStrike\ShadowStrike.vcxproj]
  ('/src/Shared_modules/PatternStore/boyer_moore_impl.cpp' kaynak dosyas─▒ derleniyor)
  
C:\ShadowStrike\ShadowStrike\src\Shared_modules\PatternStore\boyer_moore_impl.cpp(413,38): error C2065: 'm_pattern': bildirimi yap─▒lmam─▒┼ş tan─▒mlay─▒c─▒ [C:\ShadowStrike\ShadowStrike\ShadowStrike.vcxproj]
  ('/src/Shared_modules/PatternStore/boyer_moore_impl.cpp' kaynak dosyas─▒ derleniyor)
  
C:\ShadowStrike\ShadowStrike\src\Shared_modules\PatternStore\boyer_moore_impl.cpp(415,33): error C2065: 'm_pattern': bildirimi yap─▒lmam─▒┼ş tan─▒mlay─▒c─▒ [C:\ShadowStrike\ShadowStrike\ShadowStrike.vcxproj]
  ('/src/Shared_modules/PatternStore/boyer_moore_impl.cpp' kaynak dosyas─▒ derleniyor)
  
C:\ShadowStrike\ShadowStrike\src\Shared_modules\PatternStore\boyer_moore_impl.cpp(425,45): error C2065: 'm_pattern': bildirimi yap─▒lmam─▒┼ş tan─▒mlay─▒c─▒ [C:\ShadowStrike\ShadowStrike\ShadowStrike.vcxproj]
  ('/src/Shared_modules/PatternStore/boyer_moore_impl.cpp' kaynak dosyas─▒ derleniyor)
  
C:\ShadowStrike\ShadowStrike\src\Shared_modules\PatternStore\boyer_moore_impl.cpp(425,35): error C2737: 'patByte': const nesnesinin ba┼şlat─▒lmas─▒ gerekiyor [C:\ShadowStrike\ShadowStrike\ShadowStrike.vcxproj]
  ('/src/Shared_modules/PatternStore/boyer_moore_impl.cpp' kaynak dosyas─▒ derleniyor)
  
C:\ShadowStrike\ShadowStrike\src\Shared_modules\PatternStore\boyer_moore_impl.cpp(426,46): error C2065: 'm_mask': bildirimi yap─▒lmam─▒┼ş tan─▒mlay─▒c─▒ [C:\ShadowStrike\ShadowStrike\ShadowStrike.vcxproj]
  ('/src/Shared_modules/PatternStore/boyer_moore_impl.cpp' kaynak dosyas─▒ derleniyor)
  
C:\ShadowStrike\ShadowStrike\src\Shared_modules\PatternStore\boyer_moore_impl.cpp(426,35): error C2737: 'maskByte': const nesnesinin ba┼şlat─▒lmas─▒ gerekiyor [C:\ShadowStrike\ShadowStrike\ShadowStrike.vcxproj]
  ('/src/Shared_modules/PatternStore/boyer_moore_impl.cpp' kaynak dosyas─▒ derleniyor)
  
C:\ShadowStrike\ShadowStrike\src\Shared_modules\PatternStore\boyer_moore_impl.cpp(434,36): error C2065: 'm_pattern': bildirimi yap─▒lmam─▒┼ş tan─▒mlay─▒c─▒ [C:\ShadowStrike\ShadowStrike\ShadowStrike.vcxproj]
  ('/src/Shared_modules/PatternStore/boyer_moore_impl.cpp' kaynak dosyas─▒ derleniyor)
  
C:\ShadowStrike\ShadowStrike\src\Shared_modules\PatternStore\boyer_moore_impl.cpp(467,41): error C2065: 'm_pattern': bildirimi yap─▒lmam─▒┼ş tan─▒mlay─▒c─▒ [C:\ShadowStrike\ShadowStrike\ShadowStrike.vcxproj]
  ('/src/Shared_modules/PatternStore/boyer_moore_impl.cpp' kaynak dosyas─▒ derleniyor)
  
C:\ShadowStrike\ShadowStrike\src\Shared_modules\PatternStore\boyer_moore_impl.cpp(467,25): error C2660: 'ShadowStrike::SignatureStore::`anonymous-namespace'::SafeAdd': i┼şlev 2 ba─ş─▒ms─▒z de─şi┼şken alm─▒yor [C:\ShadowStrike\ShadowStrike\ShadowStrike.vcxproj]
  ('/src/Shared_modules/PatternStore/boyer_moore_impl.cpp' kaynak dosyas─▒ derleniyor)
      C:\ShadowStrike\ShadowStrike\src\Shared_modules\PatternStore\boyer_moore_impl.cpp(158,49):
      'ShadowStrike::SignatureStore::`anonymous-namespace'::SafeAdd' bildirimine bak─▒n
      C:\ShadowStrike\ShadowStrike\src\Shared_modules\PatternStore\boyer_moore_impl.cpp(467,25):
      '(size_t, size_t)' ba─ş─▒ms─▒z de─şi┼şken listesi e┼şlenmeye ├ğal─▒┼ş─▒l─▒rken
  
C:\ShadowStrike\ShadowStrike\src\Shared_modules\PatternStore\boyer_moore_impl.cpp(469,32): error C2065: 'm_badCharTable': bildirimi yap─▒lmam─▒┼ş tan─▒mlay─▒c─▒ [C:\ShadowStrike\ShadowStrike\ShadowStrike.vcxproj]
  ('/src/Shared_modules/PatternStore/boyer_moore_impl.cpp' kaynak dosyas─▒ derleniyor)
  
C:\ShadowStrike\ShadowStrike\src\Shared_modules\PatternStore\boyer_moore_impl.cpp(477,58): error C2065: 'm_pattern': bildirimi yap─▒lmam─▒┼ş tan─▒mlay─▒c─▒ [C:\ShadowStrike\ShadowStrike\ShadowStrike.vcxproj]
  ('/src/Shared_modules/PatternStore/boyer_moore_impl.cpp' kaynak dosyas─▒ derleniyor)
  
C:\ShadowStrike\ShadowStrike\src\Shared_modules\PatternStore\boyer_moore_impl.cpp(478,29): error C2065: 'm_mask': bildirimi yap─▒lmam─▒┼ş tan─▒mlay─▒c─▒ [C:\ShadowStrike\ShadowStrike\ShadowStrike.vcxproj]
  ('/src/Shared_modules/PatternStore/boyer_moore_impl.cpp' kaynak dosyas─▒ derleniyor)
  
C:\ShadowStrike\ShadowStrike\src\Shared_modules\PatternStore\boyer_moore_impl.cpp(484,63): error C2065: 'm_goodSuffixTable': bildirimi yap─▒lmam─▒┼ş tan─▒mlay─▒c─▒ [C:\ShadowStrike\ShadowStrike\ShadowStrike.vcxproj]
  ('/src/Shared_modules/PatternStore/boyer_moore_impl.cpp' kaynak dosyas─▒ derleniyor)
  
C:\ShadowStrike\ShadowStrike\src\Shared_modules\PatternStore\boyer_moore_impl.cpp(485,41): error C2065: 'm_goodSuffixTable': bildirimi yap─▒lmam─▒┼ş tan─▒mlay─▒c─▒ [C:\ShadowStrike\ShadowStrike\ShadowStrike.vcxproj]
  ('/src/Shared_modules/PatternStore/boyer_moore_impl.cpp' kaynak dosyas─▒ derleniyor)
  
C:\ShadowStrike\ShadowStrike\src\Shared_modules\PatternStore\boyer_moore_impl.cpp(513,31): error C2653: 'BoyerMooreMatcher': bir s─▒n─▒f veya ad alan─▒ ad─▒ de─şil [C:\ShadowStrike\ShadowStrike\ShadowStrike.vcxproj]
  ('/src/Shared_modules/PatternStore/boyer_moore_impl.cpp' kaynak dosyas─▒ derleniyor)
  
C:\ShadowStrike\ShadowStrike\src\Shared_modules\PatternStore\boyer_moore_impl.cpp(513,50): error C2270: 'FindFirst': ├╝ye olmayan i┼şlevlerde de─şi┼ştiricilere izin verilmez [C:\ShadowStrike\ShadowStrike\ShadowStrike.vcxproj]
  ('/src/Shared_modules/PatternStore/boyer_moore_impl.cpp' kaynak dosyas─▒ derleniyor)
  
C:\ShadowStrike\ShadowStrike\src\Shared_modules\PatternStore\boyer_moore_impl.cpp(517,17): error C2065: 'm_pattern': bildirimi yap─▒lmam─▒┼ş tan─▒mlay─▒c─▒ [C:\ShadowStrike\ShadowStrike\ShadowStrike.vcxproj]
  ('/src/Shared_modules/PatternStore/boyer_moore_impl.cpp' kaynak dosyas─▒ derleniyor)
  
C:\ShadowStrike\ShadowStrike\src\Shared_modules\PatternStore\boyer_moore_impl.cpp(522,17): error C2065: 'm_mask': bildirimi yap─▒lmam─▒┼ş tan─▒mlay─▒c─▒ [C:\ShadowStrike\ShadowStrike\ShadowStrike.vcxproj]
  ('/src/Shared_modules/PatternStore/boyer_moore_impl.cpp' kaynak dosyas─▒ derleniyor)
  
C:\ShadowStrike\ShadowStrike\src\Shared_modules\PatternStore\boyer_moore_impl.cpp(522,34): error C2065: 'm_pattern': bildirimi yap─▒lmam─▒┼ş tan─▒mlay─▒c─▒ [C:\ShadowStrike\ShadowStrike\ShadowStrike.vcxproj]
  ('/src/Shared_modules/PatternStore/boyer_moore_impl.cpp' kaynak dosyas─▒ derleniyor)
  
C:\ShadowStrike\ShadowStrike\src\Shared_modules\PatternStore\boyer_moore_impl.cpp(528,17): error C2065: 'm_goodSuffixTable': bildirimi yap─▒lmam─▒┼ş tan─▒mlay─▒c─▒ [C:\ShadowStrike\ShadowStrike\ShadowStrike.vcxproj]
  ('/src/Shared_modules/PatternStore/boyer_moore_impl.cpp' kaynak dosyas─▒ derleniyor)
  
C:\ShadowStrike\ShadowStrike\src\Shared_modules\PatternStore\boyer_moore_impl.cpp(528,45): error C2065: 'm_pattern': bildirimi yap─▒lmam─▒┼ş tan─▒mlay─▒c─▒ [C:\ShadowStrike\ShadowStrike\ShadowStrike.vcxproj]
  ('/src/Shared_modules/PatternStore/boyer_moore_impl.cpp' kaynak dosyas─▒ derleniyor)
  
C:\ShadowStrike\ShadowStrike\src\Shared_modules\PatternStore\boyer_moore_impl.cpp(538,33): error C2065: 'm_pattern': bildirimi yap─▒lmam─▒┼ş tan─▒mlay─▒c─▒ [C:\ShadowStrike\ShadowStrike\ShadowStrike.vcxproj]
  ('/src/Shared_modules/PatternStore/boyer_moore_impl.cpp' kaynak dosyas─▒ derleniyor)
  
C:\ShadowStrike\ShadowStrike\src\Shared_modules\PatternStore\boyer_moore_impl.cpp(544,41): error C2065: 'm_pattern': bildirimi yap─▒lmam─▒┼ş tan─▒mlay─▒c─▒ [C:\ShadowStrike\ShadowStrike\ShadowStrike.vcxproj]
  ('/src/Shared_modules/PatternStore/boyer_moore_impl.cpp' kaynak dosyas─▒ derleniyor)
  
C:\ShadowStrike\ShadowStrike\src\Shared_modules\PatternStore\boyer_moore_impl.cpp(544,18): error C2660: 'ShadowStrike::SignatureStore::`anonymous-namespace'::SafeSub': i┼şlev 2 ba─ş─▒ms─▒z de─şi┼şken alm─▒yor [C:\ShadowStrike\ShadowStrike\ShadowStrike.vcxproj]
  ('/src/Shared_modules/PatternStore/boyer_moore_impl.cpp' kaynak dosyas─▒ derleniyor)
      C:\ShadowStrike\ShadowStrike\src\Shared_modules\PatternStore\boyer_moore_impl.cpp(178,49):
      'ShadowStrike::SignatureStore::`anonymous-namespace'::SafeSub' bildirimine bak─▒n
      C:\ShadowStrike\ShadowStrike\src\Shared_modules\PatternStore\boyer_moore_impl.cpp(544,18):
      '(size_t, size_t)' ba─ş─▒ms─▒z de─şi┼şken listesi e┼şlenmeye ├ğal─▒┼ş─▒l─▒rken
  
C:\ShadowStrike\ShadowStrike\src\Shared_modules\PatternStore\boyer_moore_impl.cpp(559,38): error C2065: 'm_pattern': bildirimi yap─▒lmam─▒┼ş tan─▒mlay─▒c─▒ [C:\ShadowStrike\ShadowStrike\ShadowStrike.vcxproj]
  ('/src/Shared_modules/PatternStore/boyer_moore_impl.cpp' kaynak dosyas─▒ derleniyor)
  
C:\ShadowStrike\ShadowStrike\src\Shared_modules\PatternStore\boyer_moore_impl.cpp(561,33): error C2065: 'm_pattern': bildirimi yap─▒lmam─▒┼ş tan─▒mlay─▒c─▒ [C:\ShadowStrike\ShadowStrike\ShadowStrike.vcxproj]
  ('/src/Shared_modules/PatternStore/boyer_moore_impl.cpp' kaynak dosyas─▒ derleniyor)
  
C:\ShadowStrike\ShadowStrike\src\Shared_modules\PatternStore\boyer_moore_impl.cpp(566,45): error C2065: 'm_pattern': bildirimi yap─▒lmam─▒┼ş tan─▒mlay─▒c─▒ [C:\ShadowStrike\ShadowStrike\ShadowStrike.vcxproj]
  ('/src/Shared_modules/PatternStore/boyer_moore_impl.cpp' kaynak dosyas─▒ derleniyor)
  
C:\ShadowStrike\ShadowStrike\src\Shared_modules\PatternStore\boyer_moore_impl.cpp(566,35): error C2737: 'patByte': const nesnesinin ba┼şlat─▒lmas─▒ gerekiyor [C:\ShadowStrike\ShadowStrike\ShadowStrike.vcxproj]
  ('/src/Shared_modules/PatternStore/boyer_moore_impl.cpp' kaynak dosyas─▒ derleniyor)
  
C:\ShadowStrike\ShadowStrike\src\Shared_modules\PatternStore\boyer_moore_impl.cpp(567,46): error C2065: 'm_mask': bildirimi yap─▒lmam─▒┼ş tan─▒mlay─▒c─▒ [C:\ShadowStrike\ShadowStrike\ShadowStrike.vcxproj]
  ('/src/Shared_modules/PatternStore/boyer_moore_impl.cpp' kaynak dosyas─▒ derleniyor)
  
C:\ShadowStrike\ShadowStrike\src\Shared_modules\PatternStore\boyer_moore_impl.cpp(567,35): error C2737: 'maskByte': const nesnesinin ba┼şlat─▒lmas─▒ gerekiyor [C:\ShadowStrike\ShadowStrike\ShadowStrike.vcxproj]
  ('/src/Shared_modules/PatternStore/boyer_moore_impl.cpp' kaynak dosyas─▒ derleniyor)
  
C:\ShadowStrike\ShadowStrike\src\Shared_modules\PatternStore\boyer_moore_impl.cpp(575,36): error C2065: 'm_pattern': bildirimi yap─▒lmam─▒┼ş tan─▒mlay─▒c─▒ [C:\ShadowStrike\ShadowStrike\ShadowStrike.vcxproj]
  ('/src/Shared_modules/PatternStore/boyer_moore_impl.cpp' kaynak dosyas─▒ derleniyor)
  
C:\ShadowStrike\ShadowStrike\src\Shared_modules\PatternStore\boyer_moore_impl.cpp(584,37): error C2065: 'm_pattern': bildirimi yap─▒lmam─▒┼ş tan─▒mlay─▒c─▒ [C:\ShadowStrike\ShadowStrike\ShadowStrike.vcxproj]
  ('/src/Shared_modules/PatternStore/boyer_moore_impl.cpp' kaynak dosyas─▒ derleniyor)
  
C:\ShadowStrike\ShadowStrike\src\Shared_modules\PatternStore\boyer_moore_impl.cpp(584,21): error C2660: 'ShadowStrike::SignatureStore::`anonymous-namespace'::SafeAdd': i┼şlev 2 ba─ş─▒ms─▒z de─şi┼şken alm─▒yor [C:\ShadowStrike\ShadowStrike\ShadowStrike.vcxproj]
  ('/src/Shared_modules/PatternStore/boyer_moore_impl.cpp' kaynak dosyas─▒ derleniyor)
      C:\ShadowStrike\ShadowStrike\src\Shared_modules\PatternStore\boyer_moore_impl.cpp(158,49):
      'ShadowStrike::SignatureStore::`anonymous-namespace'::SafeAdd' bildirimine bak─▒n
      C:\ShadowStrike\ShadowStrike\src\Shared_modules\PatternStore\boyer_moore_impl.cpp(584,21):
      '(size_t, size_t)' ba─ş─▒ms─▒z de─şi┼şken listesi e┼şlenmeye ├ğal─▒┼ş─▒l─▒rken
  
C:\ShadowStrike\ShadowStrike\src\Shared_modules\PatternStore\boyer_moore_impl.cpp(586,28): error C2065: 'm_badCharTable': bildirimi yap─▒lmam─▒┼ş tan─▒mlay─▒c─▒ [C:\ShadowStrike\ShadowStrike\ShadowStrike.vcxproj]
  ('/src/Shared_modules/PatternStore/boyer_moore_impl.cpp' kaynak dosyas─▒ derleniyor)
  
C:\ShadowStrike\ShadowStrike\src\Shared_modules\PatternStore\boyer_moore_impl.cpp(591,54): error C2065: 'm_pattern': bildirimi yap─▒lmam─▒┼ş tan─▒mlay─▒c─▒ [C:\ShadowStrike\ShadowStrike\ShadowStrike.vcxproj]
  ('/src/Shared_modules/PatternStore/boyer_moore_impl.cpp' kaynak dosyas─▒ derleniyor)
  
C:\ShadowStrike\ShadowStrike\src\Shared_modules\PatternStore\boyer_moore_impl.cpp(592,25): error C2065: 'm_mask': bildirimi yap─▒lmam─▒┼ş tan─▒mlay─▒c─▒ [C:\ShadowStrike\ShadowStrike\ShadowStrike.vcxproj]
  ('/src/Shared_modules/PatternStore/boyer_moore_impl.cpp' kaynak dosyas─▒ derleniyor)
  
C:\ShadowStrike\ShadowStrike\src\Shared_modules\PatternStore\boyer_moore_impl.cpp(598,59): error C2065: 'm_goodSuffixTable': bildirimi yap─▒lmam─▒┼ş tan─▒mlay─▒c─▒ [C:\ShadowStrike\ShadowStrike\ShadowStrike.vcxproj]
  ('/src/Shared_modules/PatternStore/boyer_moore_impl.cpp' kaynak dosyas─▒ derleniyor)
  
C:\ShadowStrike\ShadowStrike\src\Shared_modules\PatternStore\boyer_moore_impl.cpp(599,37): error C2065: 'm_goodSuffixTable': bildirimi yap─▒lmam─▒┼ş tan─▒mlay─▒c─▒ [C:\ShadowStrike\ShadowStrike\ShadowStrike.vcxproj]
  ('/src/Shared_modules/PatternStore/boyer_moore_impl.cpp' kaynak dosyas─▒ derleniyor)
  
C:\ShadowStrike\ShadowStrike\src\Shared_modules\PatternStore\boyer_moore_impl.cpp(627,14): error C2653: 'BoyerMooreMatcher': bir s─▒n─▒f veya ad alan─▒ ad─▒ de─şil [C:\ShadowStrike\ShadowStrike\ShadowStrike.vcxproj]
  ('/src/Shared_modules/PatternStore/boyer_moore_impl.cpp' kaynak dosyas─▒ derleniyor)
  
C:\ShadowStrike\ShadowStrike\src\Shared_modules\PatternStore\boyer_moore_impl.cpp(629,17): error C2065: 'm_pattern': bildirimi yap─▒lmam─▒┼ş tan─▒mlay─▒c─▒ [C:\ShadowStrike\ShadowStrike\ShadowStrike.vcxproj]
  ('/src/Shared_modules/PatternStore/boyer_moore_impl.cpp' kaynak dosyas─▒ derleniyor)
  
C:\ShadowStrike\ShadowStrike\src\Shared_modules\PatternStore\boyer_moore_impl.cpp(630,17): error C2065: 'm_badCharTable': bildirimi yap─▒lmam─▒┼ş tan─▒mlay─▒c─▒ [C:\ShadowStrike\ShadowStrike\ShadowStrike.vcxproj]
  ('/src/Shared_modules/PatternStore/boyer_moore_impl.cpp' kaynak dosyas─▒ derleniyor)
  
C:\ShadowStrike\ShadowStrike\src\Shared_modules\PatternStore\boyer_moore_impl.cpp(634,39): error C2065: 'm_pattern': bildirimi yap─▒lmam─▒┼ş tan─▒mlay─▒c─▒ [C:\ShadowStrike\ShadowStrike\ShadowStrike.vcxproj]
  ('/src/Shared_modules/PatternStore/boyer_moore_impl.cpp' kaynak dosyas─▒ derleniyor)
  
C:\ShadowStrike\ShadowStrike\src\Shared_modules\PatternStore\boyer_moore_impl.cpp(634,26): error C2737: 'patternLen': const nesnesinin ba┼şlat─▒lmas─▒ gerekiyor [C:\ShadowStrike\ShadowStrike\ShadowStrike.vcxproj]
  ('/src/Shared_modules/PatternStore/boyer_moore_impl.cpp' kaynak dosyas─▒ derleniyor)
  
C:\ShadowStrike\ShadowStrike\src\Shared_modules\PatternStore\boyer_moore_impl.cpp(637,13): error C2065: 'm_badCharTable': bildirimi yap─▒lmam─▒┼ş tan─▒mlay─▒c─▒ [C:\ShadowStrike\ShadowStrike\ShadowStrike.vcxproj]
  ('/src/Shared_modules/PatternStore/boyer_moore_impl.cpp' kaynak dosyas─▒ derleniyor)
  
C:\ShadowStrike\ShadowStrike\src\Shared_modules\PatternStore\boyer_moore_impl.cpp(655,22): error C2065: 'm_mask': bildirimi yap─▒lmam─▒┼ş tan─▒mlay─▒c─▒ [C:\ShadowStrike\ShadowStrike\ShadowStrike.vcxproj]
  ('/src/Shared_modules/PatternStore/boyer_moore_impl.cpp' kaynak dosyas─▒ derleniyor)
  
C:\ShadowStrike\ShadowStrike\src\Shared_modules\PatternStore\boyer_moore_impl.cpp(655,40): error C2065: 'm_mask': bildirimi yap─▒lmam─▒┼ş tan─▒mlay─▒c─▒ [C:\ShadowStrike\ShadowStrike\ShadowStrike.vcxproj]
  ('/src/Shared_modules/PatternStore/boyer_moore_impl.cpp' kaynak dosyas─▒ derleniyor)
  
C:\ShadowStrike\ShadowStrike\src\Shared_modules\PatternStore\boyer_moore_impl.cpp(666,38): error C2065: 'm_pattern': bildirimi yap─▒lmam─▒┼ş tan─▒mlay─▒c─▒ [C:\ShadowStrike\ShadowStrike\ShadowStrike.vcxproj]
  ('/src/Shared_modules/PatternStore/boyer_moore_impl.cpp' kaynak dosyas─▒ derleniyor)
  
C:\ShadowStrike\ShadowStrike\src\Shared_modules\PatternStore\boyer_moore_impl.cpp(666,31): error C2737: 'byte': const nesnesinin ba┼şlat─▒lmas─▒ gerekiyor [C:\ShadowStrike\ShadowStrike\ShadowStrike.vcxproj]
  ('/src/Shared_modules/PatternStore/boyer_moore_impl.cpp' kaynak dosyas─▒ derleniyor)
  
C:\ShadowStrike\ShadowStrike\src\Main.cpp(28,10): error C1083: i├ğerme dosyas─▒ a├ğ─▒lam─▒yor: '../../src/Utils/Logger.hpp': No such file or directory [C:\ShadowStrike\ShadowStrike\ShadowStrike.vcxproj]
  ('/src/Main.cpp' kaynak dosyas─▒ derleniyor)
  
C:\ShadowStrike\ShadowStrike\src\Products\PhantomHome\IoT\IoTDeviceScanner.hpp(140,10): error C1083: i├ğerme dosyas─▒ a├ğ─▒lam─▒yor: '../Utils/Logger.hpp': No such file or directory [C:\ShadowStrike\ShadowStrike\ShadowStrike.vcxproj]
  ('/src/Products/PhantomHome/IoT/IoTDeviceScanner.cpp' kaynak dosyas─▒ derleniyor)
  
C:\ShadowStrike\ShadowStrike\src\Shared_modules\PatternStore\boyer_moore_impl.cpp(667,17): error C2065: 'm_badCharTable': bildirimi yap─▒lmam─▒┼ş tan─▒mlay─▒c─▒ [C:\ShadowStrike\ShadowStrike\ShadowStrike.vcxproj]
  ('/src/Shared_modules/PatternStore/boyer_moore_impl.cpp' kaynak dosyas─▒ derleniyor)
  
C:\ShadowStrike\ShadowStrike\src\Shared_modules\PatternStore\boyer_moore_impl.cpp(674,34): error C2065: 'm_badCharTable': bildirimi yap─▒lmam─▒┼ş tan─▒mlay─▒c─▒ [C:\ShadowStrike\ShadowStrike\ShadowStrike.vcxproj]
  ('/src/Shared_modules/PatternStore/boyer_moore_impl.cpp' kaynak dosyas─▒ derleniyor)
  
C:\ShadowStrike\ShadowStrike\src\Shared_modules\PatternStore\boyer_moore_impl.cpp(674,28): error C2530: 'val': ba┼şvurular─▒n ba┼şlat─▒lmas─▒ gerekir [C:\ShadowStrike\ShadowStrike\ShadowStrike.vcxproj]
  ('/src/Shared_modules/PatternStore/boyer_moore_impl.cpp' kaynak dosyas─▒ derleniyor)
  
C:\ShadowStrike\ShadowStrike\src\Shared_modules\PatternStore\boyer_moore_impl.cpp(674,28): error C1003: hata say─▒s─▒ 100 taneyi a┼şt─▒; derleme durduruluyor [C:\ShadowStrike\ShadowStrike\ShadowStrike.vcxproj]
  ('/src/Shared_modules/PatternStore/boyer_moore_impl.cpp' kaynak dosyas─▒ derleniyor)
  
C:\ShadowStrike\ShadowStrike\src\Shared_modules\HashStore\HashStore_mgnmnt.cpp(31,31): error C2039: 'AddHash': bir 'ShadowStrike::HashStore' ├╝yesi de─şil [C:\ShadowStrike\ShadowStrike\ShadowStrike.vcxproj]
  ('/src/Shared_modules/HashStore/HashStore_mgnmnt.cpp' kaynak dosyas─▒ derleniyor)
      C:\ShadowStrike\ShadowStrike\src\Shared_modules\HashStore\HashStore.hpp(66,11):
      'ShadowStrike::HashStore' bildirimine bak─▒n
  
C:\ShadowStrike\ShadowStrike\src\Shared_modules\HashStore\HashStore_mgnmnt.cpp(73,18): error C2065: 'm_initialized': bildirimi yap─▒lmam─▒┼ş tan─▒mlay─▒c─▒ [C:\ShadowStrike\ShadowStrike\ShadowStrike.vcxproj]
  ('/src/Shared_modules/HashStore/HashStore_mgnmnt.cpp' kaynak dosyas─▒ derleniyor)
  
C:\ShadowStrike\ShadowStrike\src\Shared_modules\HashStore\HashStore_mgnmnt.cpp(79,17): error C2065: 'm_readOnly': bildirimi yap─▒lmam─▒┼ş tan─▒mlay─▒c─▒ [C:\ShadowStrike\ShadowStrike\ShadowStrike.vcxproj]
  ('/src/Shared_modules/HashStore/HashStore_mgnmnt.cpp' kaynak dosyas─▒ derleniyor)
  
C:\ShadowStrike\ShadowStrike\src\Shared_modules\HashStore\HashStore_mgnmnt.cpp(184,13): error C2065: 'HashBucket': bildirimi yap─▒lmam─▒┼ş tan─▒mlay─▒c─▒ [C:\ShadowStrike\ShadowStrike\ShadowStrike.vcxproj]
  ('/src/Shared_modules/HashStore/HashStore_mgnmnt.cpp' kaynak dosyas─▒ derleniyor)
  
C:\ShadowStrike\ShadowStrike\src\Shared_modules\HashStore\HashStore_mgnmnt.cpp(184,25): error C2065: 'bucket': bildirimi yap─▒lmam─▒┼ş tan─▒mlay─▒c─▒ [C:\ShadowStrike\ShadowStrike\ShadowStrike.vcxproj]
  ('/src/Shared_modules/HashStore/HashStore_mgnmnt.cpp' kaynak dosyas─▒ derleniyor)
  
C:\ShadowStrike\ShadowStrike\src\Shared_modules\HashStore\HashStore_mgnmnt.cpp(184,34): error C3861: 'GetBucket': tan─▒mlay─▒c─▒ bulunamad─▒ [C:\ShadowStrike\ShadowStrike\ShadowStrike.vcxproj]
  ('/src/Shared_modules/HashStore/HashStore_mgnmnt.cpp' kaynak dosyas─▒ derleniyor)
  
C:\ShadowStrike\ShadowStrike\src\Shared_modules\HashStore\HashStore_mgnmnt.cpp(185,18): error C2065: 'bucket': bildirimi yap─▒lmam─▒┼ş tan─▒mlay─▒c─▒ [C:\ShadowStrike\ShadowStrike\ShadowStrike.vcxproj]
  ('/src/Shared_modules/HashStore/HashStore_mgnmnt.cpp' kaynak dosyas─▒ derleniyor)
  
C:\ShadowStrike\ShadowStrike\src\Shared_modules\HashStore\HashStore_mgnmnt.cpp(194,17): error C2065: 'bucket': bildirimi yap─▒lmam─▒┼ş tan─▒mlay─▒c─▒ [C:\ShadowStrike\ShadowStrike\ShadowStrike.vcxproj]
  ('/src/Shared_modules/HashStore/HashStore_mgnmnt.cpp' kaynak dosyas─▒ derleniyor)
  
C:\ShadowStrike\ShadowStrike\src\Shared_modules\HashStore\HashStore_mgnmnt.cpp(213,36): error C2065: 'bucket': bildirimi yap─▒lmam─▒┼ş tan─▒mlay─▒c─▒ [C:\ShadowStrike\ShadowStrike\ShadowStrike.vcxproj]
  ('/src/Shared_modules/HashStore/HashStore_mgnmnt.cpp' kaynak dosyas─▒ derleniyor)
  
C:\ShadowStrike\ShadowStrike\src\Shared_modules\HashStore\HashStore_mgnmnt.cpp(232,17): error C2065: 'm_perfFrequency': bildirimi yap─▒lmam─▒┼ş tan─▒mlay─▒c─▒ [C:\ShadowStrike\ShadowStrike\ShadowStrike.vcxproj]
  ('/src/Shared_modules/HashStore/HashStore_mgnmnt.cpp' kaynak dosyas─▒ derleniyor)
  
C:\ShadowStrike\ShadowStrike\src\Shared_modules\HashStore\HashStore_mgnmnt.cpp(234,61): error C2065: 'm_perfFrequency': bildirimi yap─▒lmam─▒┼ş tan─▒mlay─▒c─▒ [C:\ShadowStrike\ShadowStrike\ShadowStrike.vcxproj]
  ('/src/Shared_modules/HashStore/HashStore_mgnmnt.cpp' kaynak dosyas─▒ derleniyor)
  
C:\ShadowStrike\ShadowStrike\src\Shared_modules\HashStore\HashStore_mgnmnt.cpp(234,32): error C2737: 'freq': const nesnesinin ba┼şlat─▒lmas─▒ gerekiyor [C:\ShadowStrike\ShadowStrike\ShadowStrike.vcxproj]
  ('/src/Shared_modules/HashStore/HashStore_mgnmnt.cpp' kaynak dosyas─▒ derleniyor)
  
C:\ShadowStrike\ShadowStrike\src\Shared_modules\HashStore\HashStore_mgnmnt.cpp(244,13): error C2065: 'm_totalLookups': bildirimi yap─▒lmam─▒┼ş tan─▒mlay─▒c─▒ [C:\ShadowStrike\ShadowStrike\ShadowStrike.vcxproj]
  ('/src/Shared_modules/HashStore/HashStore_mgnmnt.cpp' kaynak dosyas─▒ derleniyor)
  
C:\ShadowStrike\ShadowStrike\src\Shared_modules\HashStore\HashStore_mgnmnt.cpp(254,31): error C2039: 'AddHashBatch': bir 'ShadowStrike::HashStore' ├╝yesi de─şil [C:\ShadowStrike\ShadowStrike\ShadowStrike.vcxproj]
  ('/src/Shared_modules/HashStore/HashStore_mgnmnt.cpp' kaynak dosyas─▒ derleniyor)
      C:\ShadowStrike\ShadowStrike\src\Shared_modules\HashStore\HashStore.hpp(66,11):
      'ShadowStrike::HashStore' bildirimine bak─▒n
  
C:\ShadowStrike\ShadowStrike\src\Shared_modules\HashStore\HashStore_mgnmnt.cpp(318,18): error C2065: 'm_initialized': bildirimi yap─▒lmam─▒┼ş tan─▒mlay─▒c─▒ [C:\ShadowStrike\ShadowStrike\ShadowStrike.vcxproj]
  ('/src/Shared_modules/HashStore/HashStore_mgnmnt.cpp' kaynak dosyas─▒ derleniyor)
  
C:\ShadowStrike\ShadowStrike\src\Shared_modules\HashStore\HashStore_mgnmnt.cpp(324,17): error C2065: 'm_readOnly': bildirimi yap─▒lmam─▒┼ş tan─▒mlay─▒c─▒ [C:\ShadowStrike\ShadowStrike\ShadowStrike.vcxproj]
  ('/src/Shared_modules/HashStore/HashStore_mgnmnt.cpp' kaynak dosyas─▒ derleniyor)
  
C:\ShadowStrike\ShadowStrike\src\Shared_modules\HashStore\HashStore_import_export.cpp(607,17): error C2065: 'm_perfFrequency': bildirimi yap─▒lmam─▒┼ş tan─▒mlay─▒c─▒ [C:\ShadowStrike\ShadowStrike\ShadowStrike.vcxproj]
  ('/src/Shared_modules/HashStore/HashStore_import_export.cpp' kaynak dosyas─▒ derleniyor)
  
C:\ShadowStrike\ShadowStrike\src\Shared_modules\HashStore\HashStore_import_export.cpp(609,61): error C2065: 'm_perfFrequency': bildirimi yap─▒lmam─▒┼ş tan─▒mlay─▒c─▒ [C:\ShadowStrike\ShadowStrike\ShadowStrike.vcxproj]
  ('/src/Shared_modules/HashStore/HashStore_import_export.cpp' kaynak dosyas─▒ derleniyor)
  
C:\ShadowStrike\ShadowStrike\src\Shared_modules\HashStore\HashStore_import_export.cpp(609,32): error C2737: 'freq': const nesnesinin ba┼şlat─▒lmas─▒ gerekiyor [C:\ShadowStrike\ShadowStrike\ShadowStrike.vcxproj]
  ('/src/Shared_modules/HashStore/HashStore_import_export.cpp' kaynak dosyas─▒ derleniyor)
  
C:\ShadowStrike\ShadowStrike\src\Shared_modules\PatternStore\SIMD_Matcher_Impl.cpp(114,6): error C2653: 'SIMDMatcher': bir s─▒n─▒f veya ad alan─▒ ad─▒ de─şil [C:\ShadowStrike\ShadowStrike\ShadowStrike.vcxproj]
  ('/src/Shared_modules/PatternStore/SIMD_Matcher_Impl.cpp' kaynak dosyas─▒ derleniyor)
  
C:\ShadowStrike\ShadowStrike\src\Shared_modules\PatternStore\SIMD_Matcher_Impl.cpp(118,6): error C2653: 'SIMDMatcher': bir s─▒n─▒f veya ad alan─▒ ad─▒ de─şil [C:\ShadowStrike\ShadowStrike\ShadowStrike.vcxproj]
  ('/src/Shared_modules/PatternStore/SIMD_Matcher_Impl.cpp' kaynak dosyas─▒ derleniyor)
  
C:\ShadowStrike\ShadowStrike\src\Shared_modules\HashStore\HashStore_mgnmnt.cpp(391,17): error C2065: 'HashBucket': bildirimi yap─▒lmam─▒┼ş tan─▒mlay─▒c─▒ [C:\ShadowStrike\ShadowStrike\ShadowStrike.vcxproj]
  ('/src/Shared_modules/HashStore/HashStore_mgnmnt.cpp' kaynak dosyas─▒ derleniyor)
  
C:\ShadowStrike\ShadowStrike\src\Shared_modules\PatternStore\SIMD_Matcher_Impl.cpp(122,21): error C2653: 'SIMDMatcher': bir s─▒n─▒f veya ad alan─▒ ad─▒ de─şil [C:\ShadowStrike\ShadowStrike\ShadowStrike.vcxproj]
  ('/src/Shared_modules/PatternStore/SIMD_Matcher_Impl.cpp' kaynak dosyas─▒ derleniyor)
  
C:\ShadowStrike\ShadowStrike\src\Shared_modules\HashStore\HashStore_mgnmnt.cpp(391,29): error C2065: 'bucket': bildirimi yap─▒lmam─▒┼ş tan─▒mlay─▒c─▒ [C:\ShadowStrike\ShadowStrike\ShadowStrike.vcxproj]
  ('/src/Shared_modules/HashStore/HashStore_mgnmnt.cpp' kaynak dosyas─▒ derleniyor)
  
C:\ShadowStrike\ShadowStrike\src\Shared_modules\HashStore\HashStore_mgnmnt.cpp(391,38): error C3861: 'GetBucket': tan─▒mlay─▒c─▒ bulunamad─▒ [C:\ShadowStrike\ShadowStrike\ShadowStrike.vcxproj]
  ('/src/Shared_modules/HashStore/HashStore_mgnmnt.cpp' kaynak dosyas─▒ derleniyor)
  
C:\ShadowStrike\ShadowStrike\src\Shared_modules\HashStore\HashStore_mgnmnt.cpp(392,22): error C2065: 'bucket': bildirimi yap─▒lmam─▒┼ş tan─▒mlay─▒c─▒ [C:\ShadowStrike\ShadowStrike\ShadowStrike.vcxproj]
  ('/src/Shared_modules/HashStore/HashStore_mgnmnt.cpp' kaynak dosyas─▒ derleniyor)
  
C:\ShadowStrike\ShadowStrike\src\Shared_modules\HashStore\HashStore_import_export.cpp(623,31): error C3861: 'GetStatistics': tan─▒mlay─▒c─▒ bulunamad─▒ [C:\ShadowStrike\ShadowStrike\ShadowStrike.vcxproj]
  ('/src/Shared_modules/HashStore/HashStore_import_export.cpp' kaynak dosyas─▒ derleniyor)
  
C:\ShadowStrike\ShadowStrike\src\Shared_modules\PatternStore\SIMD_Matcher_Impl.cpp(313,21): error C2653: 'SIMDMatcher': bir s─▒n─▒f veya ad alan─▒ ad─▒ de─şil [C:\ShadowStrike\ShadowStrike\ShadowStrike.vcxproj]
  ('/src/Shared_modules/PatternStore/SIMD_Matcher_Impl.cpp' kaynak dosyas─▒ derleniyor)
  
C:\ShadowStrike\ShadowStrike\src\Shared_modules\HashStore\HashStore.cpp(68,30): error C2059: s├Âzdizimi hatas─▒: ')' [C:\ShadowStrike\ShadowStrike\ShadowStrike.vcxproj]
  ('/src/Shared_modules/HashStore/HashStore.cpp' kaynak dosyas─▒ derleniyor)
  
C:\ShadowStrike\ShadowStrike\src\Shared_modules\HashStore\HashStore.cpp(69,15): error C4430: t├╝r belirticisi eksik - int varsay─▒ld─▒. Not: C++ varsay─▒lan int deste─şi i├ğermez [C:\ShadowStrike\ShadowStrike\ShadowStrike.vcxproj]
  ('/src/Shared_modules/HashStore/HashStore.cpp' kaynak dosyas─▒ derleniyor)
  
C:\ShadowStrike\ShadowStrike\src\Shared_modules\HashStore\HashStore.cpp(70,15): error C4430: t├╝r belirticisi eksik - int varsay─▒ld─▒. Not: C++ varsay─▒lan int deste─şi i├ğermez [C:\ShadowStrike\ShadowStrike\ShadowStrike.vcxproj]
  ('/src/Shared_modules/HashStore/HashStore.cpp' kaynak dosyas─▒ derleniyor)
  
C:\ShadowStrike\ShadowStrike\src\Shared_modules\PatternStore\SIMD_Matcher_Impl.cpp(547,40): error C2653: 'SIMDMatcher': bir s─▒n─▒f veya ad alan─▒ ad─▒ de─şil [C:\ShadowStrike\ShadowStrike\ShadowStrike.vcxproj]
  ('/src/Shared_modules/PatternStore/SIMD_Matcher_Impl.cpp' kaynak dosyas─▒ derleniyor)
  
C:\ShadowStrike\ShadowStrike\src\Shared_modules\HashStore\HashStore.cpp(71,15): error C4430: t├╝r belirticisi eksik - int varsay─▒ld─▒. Not: C++ varsay─▒lan int deste─şi i├ğermez [C:\ShadowStrike\ShadowStrike\ShadowStrike.vcxproj]
  ('/src/Shared_modules/HashStore/HashStore.cpp' kaynak dosyas─▒ derleniyor)
  
C:\ShadowStrike\ShadowStrike\src\Shared_modules\HashStore\HashStore.cpp(72,15): error C4430: t├╝r belirticisi eksik - int varsay─▒ld─▒. Not: C++ varsay─▒lan int deste─şi i├ğermez [C:\ShadowStrike\ShadowStrike\ShadowStrike.vcxproj]
  ('/src/Shared_modules/HashStore/HashStore.cpp' kaynak dosyas─▒ derleniyor)
  
C:\ShadowStrike\ShadowStrike\src\Shared_modules\HashStore\HashStore.cpp(73,15): error C4430: t├╝r belirticisi eksik - int varsay─▒ld─▒. Not: C++ varsay─▒lan int deste─şi i├ğermez [C:\ShadowStrike\ShadowStrike\ShadowStrike.vcxproj]
  ('/src/Shared_modules/HashStore/HashStore.cpp' kaynak dosyas─▒ derleniyor)
  
C:\ShadowStrike\ShadowStrike\src\Shared_modules\HashStore\HashStore.cpp(74,15): error C4430: t├╝r belirticisi eksik - int varsay─▒ld─▒. Not: C++ varsay─▒lan int deste─şi i├ğermez [C:\ShadowStrike\ShadowStrike\ShadowStrike.vcxproj]
  ('/src/Shared_modules/HashStore/HashStore.cpp' kaynak dosyas─▒ derleniyor)
  
C:\ShadowStrike\ShadowStrike\src\Shared_modules\HashStore\HashStore.cpp(75,15): error C4430: t├╝r belirticisi eksik - int varsay─▒ld─▒. Not: C++ varsay─▒lan int deste─şi i├ğermez [C:\ShadowStrike\ShadowStrike\ShadowStrike.vcxproj]
  ('/src/Shared_modules/HashStore/HashStore.cpp' kaynak dosyas─▒ derleniyor)
  
C:\ShadowStrike\ShadowStrike\src\Shared_modules\HashStore\HashStore.cpp(76,15): error C4430: t├╝r belirticisi eksik - int varsay─▒ld─▒. Not: C++ varsay─▒lan int deste─şi i├ğermez [C:\ShadowStrike\ShadowStrike\ShadowStrike.vcxproj]
  ('/src/Shared_modules/HashStore/HashStore.cpp' kaynak dosyas─▒ derleniyor)
  
C:\ShadowStrike\ShadowStrike\src\Shared_modules\HashStore\HashStore.cpp(77,15): error C4430: t├╝r belirticisi eksik - int varsay─▒ld─▒. Not: C++ varsay─▒lan int deste─şi i├ğermez [C:\ShadowStrike\ShadowStrike\ShadowStrike.vcxproj]
  ('/src/Shared_modules/HashStore/HashStore.cpp' kaynak dosyas─▒ derleniyor)
  
C:\ShadowStrike\ShadowStrike\src\Shared_modules\HashStore\HashStore.cpp(78,15): error C4430: t├╝r belirticisi eksik - int varsay─▒ld─▒. Not: C++ varsay─▒lan int deste─şi i├ğermez [C:\ShadowStrike\ShadowStrike\ShadowStrike.vcxproj]
  ('/src/Shared_modules/HashStore/HashStore.cpp' kaynak dosyas─▒ derleniyor)
  
C:\ShadowStrike\ShadowStrike\src\Shared_modules\HashStore\HashStore.cpp(79,15): error C4430: t├╝r belirticisi eksik - int varsay─▒ld─▒. Not: C++ varsay─▒lan int deste─şi i├ğermez [C:\ShadowStrike\ShadowStrike\ShadowStrike.vcxproj]
  ('/src/Shared_modules/HashStore/HashStore.cpp' kaynak dosyas─▒ derleniyor)
  
C:\ShadowStrike\ShadowStrike\src\Shared_modules\HashStore\HashStore.cpp(80,15): error C4430: t├╝r belirticisi eksik - int varsay─▒ld─▒. Not: C++ varsay─▒lan int deste─şi i├ğermez [C:\ShadowStrike\ShadowStrike\ShadowStrike.vcxproj]
  ('/src/Shared_modules/HashStore/HashStore.cpp' kaynak dosyas─▒ derleniyor)
  
C:\ShadowStrike\ShadowStrike\src\Shared_modules\HashStore\HashStore.cpp(81,15): error C4430: t├╝r belirticisi eksik - int varsay─▒ld─▒. Not: C++ varsay─▒lan int deste─şi i├ğermez [C:\ShadowStrike\ShadowStrike\ShadowStrike.vcxproj]
  ('/src/Shared_modules/HashStore/HashStore.cpp' kaynak dosyas─▒ derleniyor)
  
C:\ShadowStrike\ShadowStrike\src\Shared_modules\HashStore\HashStore.cpp(82,15): error C4430: t├╝r belirticisi eksik - int varsay─▒ld─▒. Not: C++ varsay─▒lan int deste─şi i├ğermez [C:\ShadowStrike\ShadowStrike\ShadowStrike.vcxproj]
  ('/src/Shared_modules/HashStore/HashStore.cpp' kaynak dosyas─▒ derleniyor)
  
C:\ShadowStrike\ShadowStrike\src\Shared_modules\HashStore\HashStore.cpp(82,39): warning C4244: 'ba┼şlat─▒l─▒yor': 'double' - 'int' d├Ân├╝┼ş├╝m├╝; veri kayb─▒ olabilir [C:\ShadowStrike\ShadowStrike\ShadowStrike.vcxproj]
  ('/src/Shared_modules/HashStore/HashStore.cpp' kaynak dosyas─▒ derleniyor)
  
C:\ShadowStrike\ShadowStrike\src\Shared_modules\HashStore\HashStore.cpp(83,15): error C4430: t├╝r belirticisi eksik - int varsay─▒ld─▒. Not: C++ varsay─▒lan int deste─şi i├ğermez [C:\ShadowStrike\ShadowStrike\ShadowStrike.vcxproj]
  ('/src/Shared_modules/HashStore/HashStore.cpp' kaynak dosyas─▒ derleniyor)
  
C:\ShadowStrike\ShadowStrike\src\Shared_modules\HashStore\HashStore.cpp(84,9): error C2059: s├Âzdizimi hatas─▒: '{' [C:\ShadowStrike\ShadowStrike\ShadowStrike.vcxproj]
  ('/src/Shared_modules/HashStore/HashStore.cpp' kaynak dosyas─▒ derleniyor)
  
C:\ShadowStrike\ShadowStrike\src\Shared_modules\HashStore\HashStore.cpp(84,9): error C2143: s├Âzdizimi hatas─▒: ';' eksik ('{' ├Âncesinde) [C:\ShadowStrike\ShadowStrike\ShadowStrike.vcxproj]
  ('/src/Shared_modules/HashStore/HashStore.cpp' kaynak dosyas─▒ derleniyor)
  
C:\ShadowStrike\ShadowStrike\src\Shared_modules\HashStore\HashStore.cpp(84,9): error C2447: '{': i┼şlev ├╝stbilgisi eksik (eski tarzda bi├ğimsel liste mi?) [C:\ShadowStrike\ShadowStrike\ShadowStrike.vcxproj]
  ('/src/Shared_modules/HashStore/HashStore.cpp' kaynak dosyas─▒ derleniyor)
  
C:\ShadowStrike\ShadowStrike\src\Shared_modules\HashStore\HashStore.cpp(101,21): error C2039: '{dtor}': bir 'ShadowStrike::HashStore' ├╝yesi de─şil [C:\ShadowStrike\ShadowStrike\ShadowStrike.vcxproj]
  ('/src/Shared_modules/HashStore/HashStore.cpp' kaynak dosyas─▒ derleniyor)
      C:\ShadowStrike\ShadowStrike\src\Shared_modules\HashStore\HashStore.hpp(66,11):
      'ShadowStrike::HashStore' bildirimine bak─▒n
  
C:\ShadowStrike\ShadowStrike\src\Shared_modules\HashStore\HashStore.cpp(101,21): error C4430: t├╝r belirticisi eksik - int varsay─▒ld─▒. Not: C++ varsay─▒lan int deste─şi i├ğermez [C:\ShadowStrike\ShadowStrike\ShadowStrike.vcxproj]
  ('/src/Shared_modules/HashStore/HashStore.cpp' kaynak dosyas─▒ derleniyor)
  
C:\ShadowStrike\ShadowStrike\src\Shared_modules\HashStore\HashStore.cpp(102,13): error C3861: 'Close': tan─▒mlay─▒c─▒ bulunamad─▒ [C:\ShadowStrike\ShadowStrike\ShadowStrike.vcxproj]
  ('/src/Shared_modules/HashStore/HashStore.cpp' kaynak dosyas─▒ derleniyor)
  
C:\ShadowStrike\ShadowStrike\src\Shared_modules\HashStore\HashStore.cpp(103,9): warning C4508: 'ShadowStrike::SignatureStore::{dtor}': i┼şlev bir de─şer d├Ând├╝rmelidir; 'void' d├Ân├╝┼ş t├╝r├╝ varsay─▒ld─▒ [C:\ShadowStrike\ShadowStrike\ShadowStrike.vcxproj]
  ('/src/Shared_modules/HashStore/HashStore.cpp' kaynak dosyas─▒ derleniyor)
  
C:\ShadowStrike\ShadowStrike\src\Shared_modules\HashStore\HashStore.cpp(105,31): error C2039: 'Initialize': bir 'ShadowStrike::HashStore' ├╝yesi de─şil [C:\ShadowStrike\ShadowStrike\ShadowStrike.vcxproj]
  ('/src/Shared_modules/HashStore/HashStore.cpp' kaynak dosyas─▒ derleniyor)
      C:\ShadowStrike\ShadowStrike\src\Shared_modules\HashStore\HashStore.hpp(66,11):
      'ShadowStrike::HashStore' bildirimine bak─▒n
  
C:\ShadowStrike\ShadowStrike\src\Shared_modules\HashStore\HashStore.cpp(125,54): error C2065: 'm_globalLock': bildirimi yap─▒lmam─▒┼ş tan─▒mlay─▒c─▒ [C:\ShadowStrike\ShadowStrike\ShadowStrike.vcxproj]
  ('/src/Shared_modules/HashStore/HashStore.cpp' kaynak dosyas─▒ derleniyor)
  
C:\ShadowStrike\ShadowStrike\src\Shared_modules\HashStore\HashStore.cpp(133,13): error C2659: '=': sol i┼şlenen olarak i┼şlev [C:\ShadowStrike\ShadowStrike\ShadowStrike.vcxproj]
  ('/src/Shared_modules/HashStore/HashStore.cpp' kaynak dosyas─▒ derleniyor)
  
C:\ShadowStrike\ShadowStrike\src\Shared_modules\HashStore\HashStore.cpp(137,30): error C3861: 'OpenMemoryMapping': tan─▒mlay─▒c─▒ bulunamad─▒ [C:\ShadowStrike\ShadowStrike\ShadowStrike.vcxproj]
  ('/src/Shared_modules/HashStore/HashStore.cpp' kaynak dosyas─▒ derleniyor)
  
C:\ShadowStrike\ShadowStrike\src\Shared_modules\HashStore\HashStore.cpp(143,19): error C3861: 'InitializeBuckets': tan─▒mlay─▒c─▒ bulunamad─▒ [C:\ShadowStrike\ShadowStrike\ShadowStrike.vcxproj]
  ('/src/Shared_modules/HashStore/HashStore.cpp' kaynak dosyas─▒ derleniyor)
  
C:\ShadowStrike\ShadowStrike\src\Shared_modules\HashStore\HashStore.cpp(145,17): error C3861: 'CloseMemoryMapping': tan─▒mlay─▒c─▒ bulunamad─▒ [C:\ShadowStrike\ShadowStrike\ShadowStrike.vcxproj]
  ('/src/Shared_modules/HashStore/HashStore.cpp' kaynak dosyas─▒ derleniyor)
  
C:\ShadowStrike\ShadowStrike\src\Shared_modules\HashStore\HashStore.cpp(155,31): error C2039: 'CreateNew': bir 'ShadowStrike::HashStore' ├╝yesi de─şil [C:\ShadowStrike\ShadowStrike\ShadowStrike.vcxproj]
  ('/src/Shared_modules/HashStore/HashStore.cpp' kaynak dosyas─▒ derleniyor)
      C:\ShadowStrike\ShadowStrike\src\Shared_modules\HashStore\HashStore.hpp(66,11):
      'ShadowStrike::HashStore' bildirimine bak─▒n
  
C:\ShadowStrike\ShadowStrike\src\Shared_modules\HashStore\HashStore.cpp(317,25): error C2039: 'Close': bir 'ShadowStrike::HashStore' ├╝yesi de─şil [C:\ShadowStrike\ShadowStrike\ShadowStrike.vcxproj]
  ('/src/Shared_modules/HashStore/HashStore.cpp' kaynak dosyas─▒ derleniyor)
      C:\ShadowStrike\ShadowStrike\src\Shared_modules\HashStore\HashStore.hpp(66,11):
      'ShadowStrike::HashStore' bildirimine bak─▒n
  
C:\ShadowStrike\ShadowStrike\src\Shared_modules\HashStore\HashStore.cpp(326,54): error C2065: 'm_globalLock': bildirimi yap─▒lmam─▒┼ş tan─▒mlay─▒c─▒ [C:\ShadowStrike\ShadowStrike\ShadowStrike.vcxproj]
  ('/src/Shared_modules/HashStore/HashStore.cpp' kaynak dosyas─▒ derleniyor)
  
C:\ShadowStrike\ShadowStrike\src\Shared_modules\HashStore\HashStore.cpp(337,13): error C3861: 'CloseMemoryMapping': tan─▒mlay─▒c─▒ bulunamad─▒ [C:\ShadowStrike\ShadowStrike\ShadowStrike.vcxproj]
  ('/src/Shared_modules/HashStore/HashStore.cpp' kaynak dosyas─▒ derleniyor)
  
C:\ShadowStrike\ShadowStrike\src\Shared_modules\HashStore\HashStore.cpp(340,32): error C3312: ├ğa─şr─▒labilir hi├ğbir 'begin' i┼şlevi bulunamad─▒ ('int' t├╝r├╝ i├ğin) [C:\ShadowStrike\ShadowStrike\ShadowStrike.vcxproj]
  ('/src/Shared_modules/HashStore/HashStore.cpp' kaynak dosyas─▒ derleniyor)
  
C:\ShadowStrike\ShadowStrike\src\Shared_modules\HashStore\HashStore.cpp(340,32): error C3312: ├ğa─şr─▒labilir hi├ğbir 'end' i┼şlevi bulunamad─▒ ('int' t├╝r├╝ i├ğin) [C:\ShadowStrike\ShadowStrike\ShadowStrike.vcxproj]
  ('/src/Shared_modules/HashStore/HashStore.cpp' kaynak dosyas─▒ derleniyor)
  
C:\ShadowStrike\ShadowStrike\src\Shared_modules\HashStore\HashBucket_impl.cpp(34,9): error C2653: 'HashBucket': bir s─▒n─▒f veya ad alan─▒ ad─▒ de─şil [C:\ShadowStrike\ShadowStrike\ShadowStrike.vcxproj]
  ('/src/Shared_modules/HashStore/HashBucket_impl.cpp' kaynak dosyas─▒ derleniyor)
  
C:\ShadowStrike\ShadowStrike\src\Shared_modules\HashStore\HashStore.cpp(340,24): error C2530: 'entry': ba┼şvurular─▒n ba┼şlat─▒lmas─▒ gerekir [C:\ShadowStrike\ShadowStrike\ShadowStrike.vcxproj]
  ('/src/Shared_modules/HashStore/HashStore.cpp' kaynak dosyas─▒ derleniyor)
  
C:\ShadowStrike\ShadowStrike\src\Shared_modules\HashStore\HashBucket_impl.cpp(34,21): error C4430: t├╝r belirticisi eksik - int varsay─▒ld─▒. Not: C++ varsay─▒lan int deste─şi i├ğermez [C:\ShadowStrike\ShadowStrike\ShadowStrike.vcxproj]
  ('/src/Shared_modules/HashStore/HashBucket_impl.cpp' kaynak dosyas─▒ derleniyor)
  
C:\ShadowStrike\ShadowStrike\src\Shared_modules\HashStore\HashStore.cpp(340,24): error C3531: 'entry': t├╝r├╝ 'auto' i├ğeren bir simgenin bir ba┼şlat─▒c─▒s─▒ olmal─▒d─▒r [C:\ShadowStrike\ShadowStrike\ShadowStrike.vcxproj]
  ('/src/Shared_modules/HashStore/HashStore.cpp' kaynak dosyas─▒ derleniyor)
  
C:\ShadowStrike\ShadowStrike\src\Shared_modules\HashStore\HashBucket_impl.cpp(44,9): error C2550: 'ShadowStrike::SignatureStore::HashBucket': olu┼şturucu ba┼şlat─▒c─▒ listelerine yaln─▒zca olu┼şturucu tan─▒mlar─▒nda izin verilir [C:\ShadowStrike\ShadowStrike\ShadowStrike.vcxproj]
  ('/src/Shared_modules/HashStore/HashBucket_impl.cpp' kaynak dosyas─▒ derleniyor)
  
C:\ShadowStrike\ShadowStrike\src\Shared_modules\HashStore\HashStore.cpp(340,30): error C2143: s├Âzdizimi hatas─▒: ';' eksik (':' ├Âncesinde) [C:\ShadowStrike\ShadowStrike\ShadowStrike.vcxproj]
  ('/src/Shared_modules/HashStore/HashStore.cpp' kaynak dosyas─▒ derleniyor)
  
C:\ShadowStrike\ShadowStrike\src\Shared_modules\HashStore\HashBucket_impl.cpp(46,17): error C2065: 'm_index': bildirimi yap─▒lmam─▒┼ş tan─▒mlay─▒c─▒ [C:\ShadowStrike\ShadowStrike\ShadowStrike.vcxproj]
  ('/src/Shared_modules/HashStore/HashBucket_impl.cpp' kaynak dosyas─▒ derleniyor)
  
C:\ShadowStrike\ShadowStrike\src\Shared_modules\HashStore\HashStore.cpp(340,44): error C2143: s├Âzdizimi hatas─▒: ';' eksik (')' ├Âncesinde) [C:\ShadowStrike\ShadowStrike\ShadowStrike.vcxproj]
  ('/src/Shared_modules/HashStore/HashStore.cpp' kaynak dosyas─▒ derleniyor)
  
C:\ShadowStrike\ShadowStrike\src\Shared_modules\HashStore\HashBucket_impl.cpp(51,17): error C2065: 'm_index': bildirimi yap─▒lmam─▒┼ş tan─▒mlay─▒c─▒ [C:\ShadowStrike\ShadowStrike\ShadowStrike.vcxproj]
  ('/src/Shared_modules/HashStore/HashBucket_impl.cpp' kaynak dosyas─▒ derleniyor)
  
C:\ShadowStrike\ShadowStrike\src\Shared_modules\HashStore\HashStore.cpp(359,20): error C2039: 'HashStoreStatistics': bir 'ShadowStrike::HashStore' ├╝yesi de─şil [C:\ShadowStrike\ShadowStrike\ShadowStrike.vcxproj]
  ('/src/Shared_modules/HashStore/HashStore.cpp' kaynak dosyas─▒ derleniyor)
      C:\ShadowStrike\ShadowStrike\src\Shared_modules\HashStore\HashStore.hpp(66,11):
      'ShadowStrike::HashStore' bildirimine bak─▒n
  
C:\ShadowStrike\ShadowStrike\src\Shared_modules\HashStore\HashBucket_impl.cpp(53,9): warning C4508: 'ShadowStrike::SignatureStore::HashBucket': i┼şlev bir de─şer d├Ând├╝rmelidir; 'void' d├Ân├╝┼ş t├╝r├╝ varsay─▒ld─▒ [C:\ShadowStrike\ShadowStrike\ShadowStrike.vcxproj]
  ('/src/Shared_modules/HashStore/HashBucket_impl.cpp' kaynak dosyas─▒ derleniyor)
  
C:\ShadowStrike\ShadowStrike\src\Shared_modules\HashStore\HashStore.cpp(359,51): error C2039: 'GetStatistics': bir 'ShadowStrike::HashStore' ├╝yesi de─şil [C:\ShadowStrike\ShadowStrike\ShadowStrike.vcxproj]
  ('/src/Shared_modules/HashStore/HashStore.cpp' kaynak dosyas─▒ derleniyor)
      C:\ShadowStrike\ShadowStrike\src\Shared_modules\HashStore\HashStore.hpp(66,11):
      'ShadowStrike::HashStore' bildirimine bak─▒n
  
C:\ShadowStrike\ShadowStrike\src\Shared_modules\HashStore\HashBucket_impl.cpp(55,9): error C2653: 'HashBucket': bir s─▒n─▒f veya ad alan─▒ ad─▒ de─şil [C:\ShadowStrike\ShadowStrike\ShadowStrike.vcxproj]
  ('/src/Shared_modules/HashStore/HashBucket_impl.cpp' kaynak dosyas─▒ derleniyor)
  
C:\ShadowStrike\ShadowStrike\src\Shared_modules\PatternStore\aho_crsck_impl.cpp(112,1): error C2653: 'AhoCorasickAutomaton': bir s─▒n─▒f veya ad alan─▒ ad─▒ de─şil [C:\ShadowStrike\ShadowStrike\ShadowStrike.vcxproj]
  ('/src/Shared_modules/PatternStore/aho_crsck_impl.cpp' kaynak dosyas─▒ derleniyor)
  
C:\ShadowStrike\ShadowStrike\src\Shared_modules\HashStore\HashStore.cpp(359,20): error C4430: t├╝r belirticisi eksik - int varsay─▒ld─▒. Not: C++ varsay─▒lan int deste─şi i├ğermez [C:\ShadowStrike\ShadowStrike\ShadowStrike.vcxproj]
  ('/src/Shared_modules/HashStore/HashStore.cpp' kaynak dosyas─▒ derleniyor)
  
C:\ShadowStrike\ShadowStrike\src\Shared_modules\HashStore\HashBucket_impl.cpp(55,22): error C4430: t├╝r belirticisi eksik - int varsay─▒ld─▒. Not: C++ varsay─▒lan int deste─şi i├ğermez [C:\ShadowStrike\ShadowStrike\ShadowStrike.vcxproj]
  ('/src/Shared_modules/HashStore/HashBucket_impl.cpp' kaynak dosyas─▒ derleniyor)
  
C:\ShadowStrike\ShadowStrike\src\Shared_modules\PatternStore\aho_crsck_impl.cpp(112,24): error C4430: t├╝r belirticisi eksik - int varsay─▒ld─▒. Not: C++ varsay─▒lan int deste─şi i├ğermez [C:\ShadowStrike\ShadowStrike\ShadowStrike.vcxproj]
  ('/src/Shared_modules/PatternStore/aho_crsck_impl.cpp' kaynak dosyas─▒ derleniyor)
  
C:\ShadowStrike\ShadowStrike\src\Shared_modules\HashStore\HashStore.cpp(359,51): error C2146: s├Âzdizimi hatas─▒: ';' eksik ('GetStatistics' tan─▒mlay─▒c─▒s─▒ndan ├Ânce) [C:\ShadowStrike\ShadowStrike\ShadowStrike.vcxproj]
  ('/src/Shared_modules/HashStore/HashStore.cpp' kaynak dosyas─▒ derleniyor)
  
C:\ShadowStrike\ShadowStrike\src\Shared_modules\HashStore\HashBucket_impl.cpp(58,13): error C2065: 'm_bloomFilter': bildirimi yap─▒lmam─▒┼ş tan─▒mlay─▒c─▒ [C:\ShadowStrike\ShadowStrike\ShadowStrike.vcxproj]
  ('/src/Shared_modules/HashStore/HashBucket_impl.cpp' kaynak dosyas─▒ derleniyor)
  
C:\ShadowStrike\ShadowStrike\src\Shared_modules\PatternStore\aho_crsck_impl.cpp(115,5): error C2065: 'm_nodes': bildirimi yap─▒lmam─▒┼ş tan─▒mlay─▒c─▒ [C:\ShadowStrike\ShadowStrike\ShadowStrike.vcxproj]
  ('/src/Shared_modules/PatternStore/aho_crsck_impl.cpp' kaynak dosyas─▒ derleniyor)
  
C:\ShadowStrike\ShadowStrike\src\Shared_modules\HashStore\HashStore.cpp(359,82): error C2143: s├Âzdizimi hatas─▒: ';' eksik ('{' ├Âncesinde) [C:\ShadowStrike\ShadowStrike\ShadowStrike.vcxproj]
  ('/src/Shared_modules/HashStore/HashStore.cpp' kaynak dosyas─▒ derleniyor)
  
C:\ShadowStrike\ShadowStrike\src\Shared_modules\HashStore\HashBucket_impl.cpp(59,13): error C2065: 'm_index': bildirimi yap─▒lmam─▒┼ş tan─▒mlay─▒c─▒ [C:\ShadowStrike\ShadowStrike\ShadowStrike.vcxproj]
  ('/src/Shared_modules/HashStore/HashBucket_impl.cpp' kaynak dosyas─▒ derleniyor)
  
C:\ShadowStrike\ShadowStrike\src\Shared_modules\PatternStore\aho_crsck_impl.cpp(116,5): error C2065: 'm_patternCount': bildirimi yap─▒lmam─▒┼ş tan─▒mlay─▒c─▒ [C:\ShadowStrike\ShadowStrike\ShadowStrike.vcxproj]
  ('/src/Shared_modules/PatternStore/aho_crsck_impl.cpp' kaynak dosyas─▒ derleniyor)
  
C:\ShadowStrike\ShadowStrike\src\Shared_modules\HashStore\HashStore.cpp(359,82): error C2447: '{': i┼şlev ├╝stbilgisi eksik (eski tarzda bi├ğimsel liste mi?) [C:\ShadowStrike\ShadowStrike\ShadowStrike.vcxproj]
  ('/src/Shared_modules/HashStore/HashStore.cpp' kaynak dosyas─▒ derleniyor)
  
C:\ShadowStrike\ShadowStrike\src\Shared_modules\HashStore\HashBucket_impl.cpp(60,9): warning C4508: 'ShadowStrike::SignatureStore::{dtor}': i┼şlev bir de─şer d├Ând├╝rmelidir; 'void' d├Ân├╝┼ş t├╝r├╝ varsay─▒ld─▒ [C:\ShadowStrike\ShadowStrike\ShadowStrike.vcxproj]
  ('/src/Shared_modules/HashStore/HashBucket_impl.cpp' kaynak dosyas─▒ derleniyor)
  
C:\ShadowStrike\ShadowStrike\src\Shared_modules\PatternStore\aho_crsck_impl.cpp(117,5): error C2065: 'm_nodeCount': bildirimi yap─▒lmam─▒┼ş tan─▒mlay─▒c─▒ [C:\ShadowStrike\ShadowStrike\ShadowStrike.vcxproj]
  ('/src/Shared_modules/PatternStore/aho_crsck_impl.cpp' kaynak dosyas─▒ derleniyor)
  
C:\ShadowStrike\ShadowStrike\src\Shared_modules\HashStore\HashBucket_impl.cpp(62,20): error C2653: 'HashBucket': bir s─▒n─▒f veya ad alan─▒ ad─▒ de─şil [C:\ShadowStrike\ShadowStrike\ShadowStrike.vcxproj]
  ('/src/Shared_modules/HashStore/HashBucket_impl.cpp' kaynak dosyas─▒ derleniyor)
  
C:\ShadowStrike\ShadowStrike\src\Shared_modules\PatternStore\aho_crsck_impl.cpp(118,5): error C2065: 'm_compiled': bildirimi yap─▒lmam─▒┼ş tan─▒mlay─▒c─▒ [C:\ShadowStrike\ShadowStrike\ShadowStrike.vcxproj]
  ('/src/Shared_modules/PatternStore/aho_crsck_impl.cpp' kaynak dosyas─▒ derleniyor)
  
C:\ShadowStrike\ShadowStrike\src\Shared_modules\HashStore\HashStore.cpp(417,25): error C2039: 'ResetStatistics': bir 'ShadowStrike::HashStore' ├╝yesi de─şil [C:\ShadowStrike\ShadowStrike\ShadowStrike.vcxproj]
  ('/src/Shared_modules/HashStore/HashStore.cpp' kaynak dosyas─▒ derleniyor)
      C:\ShadowStrike\ShadowStrike\src\Shared_modules\HashStore\HashStore.hpp(66,11):
      'ShadowStrike::HashStore' bildirimine bak─▒n
  
C:\ShadowStrike\ShadowStrike\src\Shared_modules\PatternStore\aho_crsck_impl.cpp(119,1): warning C4508: 'ShadowStrike::SignatureStore::{dtor}': i┼şlev bir de─şer d├Ând├╝rmelidir; 'void' d├Ân├╝┼ş t├╝r├╝ varsay─▒ld─▒ [C:\ShadowStrike\ShadowStrike\ShadowStrike.vcxproj]
  ('/src/Shared_modules/PatternStore/aho_crsck_impl.cpp' kaynak dosyas─▒ derleniyor)
  
C:\ShadowStrike\ShadowStrike\src\Shared_modules\HashStore\HashBucket_impl.cpp(67,13): error C2065: 'm_type': bildirimi yap─▒lmam─▒┼ş tan─▒mlay─▒c─▒ [C:\ShadowStrike\ShadowStrike\ShadowStrike.vcxproj]
  ('/src/Shared_modules/HashStore/HashBucket_impl.cpp' kaynak dosyas─▒ derleniyor)
  
C:\ShadowStrike\ShadowStrike\src\Shared_modules\PatternStore\aho_crsck_impl.cpp(134,6): error C2653: 'AhoCorasickAutomaton': bir s─▒n─▒f veya ad alan─▒ ad─▒ de─şil [C:\ShadowStrike\ShadowStrike\ShadowStrike.vcxproj]
  ('/src/Shared_modules/PatternStore/aho_crsck_impl.cpp' kaynak dosyas─▒ derleniyor)
  
C:\ShadowStrike\ShadowStrike\src\Shared_modules\PatternStore\aho_crsck_impl.cpp(142,9): error C2065: 'm_compiled': bildirimi yap─▒lmam─▒┼ş tan─▒mlay─▒c─▒ [C:\ShadowStrike\ShadowStrike\ShadowStrike.vcxproj]
  ('/src/Shared_modules/PatternStore/aho_crsck_impl.cpp' kaynak dosyas─▒ derleniyor)
  
C:\ShadowStrike\ShadowStrike\src\Shared_modules\HashStore\HashStore.cpp(423,54): error C2065: 'm_globalLock': bildirimi yap─▒lmam─▒┼ş tan─▒mlay─▒c─▒ [C:\ShadowStrike\ShadowStrike\ShadowStrike.vcxproj]
  ('/src/Shared_modules/HashStore/HashStore.cpp' kaynak dosyas─▒ derleniyor)
  
C:\ShadowStrike\ShadowStrike\src\Shared_modules\HashStore\HashBucket_impl.cpp(91,13): error C2065: 'm_view': bildirimi yap─▒lmam─▒┼ş tan─▒mlay─▒c─▒ [C:\ShadowStrike\ShadowStrike\ShadowStrike.vcxproj]
  ('/src/Shared_modules/HashStore/HashBucket_impl.cpp' kaynak dosyas─▒ derleniyor)
  
C:\ShadowStrike\ShadowStrike\src\Shared_modules\HashStore\HashStore.cpp(424,41): error C3317: 'm_buckets': bir a┼ş─▒r─▒ y├╝kleme i┼şlemi aral─▒k tabanl─▒ bir for deyiminde kullan─▒lamaz [C:\ShadowStrike\ShadowStrike\ShadowStrike.vcxproj]
  ('/src/Shared_modules/HashStore/HashStore.cpp' kaynak dosyas─▒ derleniyor)
  
C:\ShadowStrike\ShadowStrike\src\Shared_modules\HashStore\HashBucket_impl.cpp(92,13): error C2065: 'm_bucketOffset': bildirimi yap─▒lmam─▒┼ş tan─▒mlay─▒c─▒ [C:\ShadowStrike\ShadowStrike\ShadowStrike.vcxproj]
  ('/src/Shared_modules/HashStore/HashBucket_impl.cpp' kaynak dosyas─▒ derleniyor)
  
C:\ShadowStrike\ShadowStrike\src\Shared_modules\HashStore\HashStore.cpp(424,39): error C2059: s├Âzdizimi hatas─▒: ':' [C:\ShadowStrike\ShadowStrike\ShadowStrike.vcxproj]
  ('/src/Shared_modules/HashStore/HashStore.cpp' kaynak dosyas─▒ derleniyor)
  
C:\ShadowStrike\ShadowStrike\src\Shared_modules\PatternStore\aho_crsck_impl.cpp(160,9): error C2065: 'm_nodeCount': bildirimi yap─▒lmam─▒┼ş tan─▒mlay─▒c─▒ [C:\ShadowStrike\ShadowStrike\ShadowStrike.vcxproj]
  ('/src/Shared_modules/PatternStore/aho_crsck_impl.cpp' kaynak dosyas─▒ derleniyor)
  
C:\ShadowStrike\ShadowStrike\src\Shared_modules\HashStore\HashStore.cpp(424,52): error C2143: s├Âzdizimi hatas─▒: ';' eksik ('{' ├Âncesinde) [C:\ShadowStrike\ShadowStrike\ShadowStrike.vcxproj]
  ('/src/Shared_modules/HashStore/HashStore.cpp' kaynak dosyas─▒ derleniyor)
  
C:\ShadowStrike\ShadowStrike\src\Shared_modules\HashStore\HashBucket_impl.cpp(93,13): error C2065: 'm_bucketSize': bildirimi yap─▒lmam─▒┼ş tan─▒mlay─▒c─▒ [C:\ShadowStrike\ShadowStrike\ShadowStrike.vcxproj]
  ('/src/Shared_modules/HashStore/HashBucket_impl.cpp' kaynak dosyas─▒ derleniyor)
  
C:\ShadowStrike\ShadowStrike\src\Shared_modules\HashStore\HashStore.cpp(425,21): error C2065: 'bucket': bildirimi yap─▒lmam─▒┼ş tan─▒mlay─▒c─▒ [C:\ShadowStrike\ShadowStrike\ShadowStrike.vcxproj]
  ('/src/Shared_modules/HashStore/HashStore.cpp' kaynak dosyas─▒ derleniyor)
  
C:\ShadowStrike\ShadowStrike\src\Shared_modules\PatternStore\aho_crsck_impl.cpp(161,9): error C2065: 'm_nodeCount': bildirimi yap─▒lmam─▒┼ş tan─▒mlay─▒c─▒ [C:\ShadowStrike\ShadowStrike\ShadowStrike.vcxproj]
  ('/src/Shared_modules/PatternStore/aho_crsck_impl.cpp' kaynak dosyas─▒ derleniyor)
  
C:\ShadowStrike\ShadowStrike\src\Shared_modules\HashStore\HashBucket_impl.cpp(96,18): error C2065: 'm_index': bildirimi yap─▒lmam─▒┼ş tan─▒mlay─▒c─▒ [C:\ShadowStrike\ShadowStrike\ShadowStrike.vcxproj]
  ('/src/Shared_modules/HashStore/HashBucket_impl.cpp' kaynak dosyas─▒ derleniyor)
  
C:\ShadowStrike\ShadowStrike\src\Shared_modules\HashStore\HashStore.cpp(426,21): error C2065: 'bucket': bildirimi yap─▒lmam─▒┼ş tan─▒mlay─▒c─▒ [C:\ShadowStrike\ShadowStrike\ShadowStrike.vcxproj]
  ('/src/Shared_modules/HashStore/HashStore.cpp' kaynak dosyas─▒ derleniyor)
  
C:\ShadowStrike\ShadowStrike\src\Shared_modules\HashStore\HashBucket_impl.cpp(98,21): error C2065: 'm_index': bildirimi yap─▒lmam─▒┼ş tan─▒mlay─▒c─▒ [C:\ShadowStrike\ShadowStrike\ShadowStrike.vcxproj]
  ('/src/Shared_modules/HashStore/HashBucket_impl.cpp' kaynak dosyas─▒ derleniyor)
  
C:\ShadowStrike\ShadowStrike\src\Shared_modules\PatternStore\aho_crsck_impl.cpp(170,9): error C2065: 'm_nodes': bildirimi yap─▒lmam─▒┼ş tan─▒mlay─▒c─▒ [C:\ShadowStrike\ShadowStrike\ShadowStrike.vcxproj]
  ('/src/Shared_modules/PatternStore/aho_crsck_impl.cpp' kaynak dosyas─▒ derleniyor)
  
C:\ShadowStrike\ShadowStrike\src\Shared_modules\HashStore\HashStore.cpp(431,9): error C2653: 'HashBucket': bir s─▒n─▒f veya ad alan─▒ ad─▒ de─şil [C:\ShadowStrike\ShadowStrike\ShadowStrike.vcxproj]
  ('/src/Shared_modules/HashStore/HashStore.cpp' kaynak dosyas─▒ derleniyor)
  
C:\ShadowStrike\ShadowStrike\src\Shared_modules\PatternStore\aho_crsck_impl.cpp(172,13): error C2065: 'm_nodes': bildirimi yap─▒lmam─▒┼ş tan─▒mlay─▒c─▒ [C:\ShadowStrike\ShadowStrike\ShadowStrike.vcxproj]
  ('/src/Shared_modules/PatternStore/aho_crsck_impl.cpp' kaynak dosyas─▒ derleniyor)
  
C:\ShadowStrike\ShadowStrike\src\Shared_modules\HashStore\HashStore.cpp(431,49): error C2039: 'GetBucketStatistics': bir 'ShadowStrike::HashStore' ├╝yesi de─şil [C:\ShadowStrike\ShadowStrike\ShadowStrike.vcxproj]
  ('/src/Shared_modules/HashStore/HashStore.cpp' kaynak dosyas─▒ derleniyor)
      C:\ShadowStrike\ShadowStrike\src\Shared_modules\HashStore\HashStore.hpp(66,11):
      'ShadowStrike::HashStore' bildirimine bak─▒n
  
C:\ShadowStrike\ShadowStrike\src\Shared_modules\PatternStore\aho_crsck_impl.cpp(173,13): error C2065: 'm_nodeCount': bildirimi yap─▒lmam─▒┼ş tan─▒mlay─▒c─▒ [C:\ShadowStrike\ShadowStrike\ShadowStrike.vcxproj]
  ('/src/Shared_modules/PatternStore/aho_crsck_impl.cpp' kaynak dosyas─▒ derleniyor)
  
C:\ShadowStrike\ShadowStrike\src\Shared_modules\HashStore\HashStore.cpp(431,21): error C4430: t├╝r belirticisi eksik - int varsay─▒ld─▒. Not: C++ varsay─▒lan int deste─şi i├ğermez [C:\ShadowStrike\ShadowStrike\ShadowStrike.vcxproj]
  ('/src/Shared_modules/HashStore/HashStore.cpp' kaynak dosyas─▒ derleniyor)
  
C:\ShadowStrike\ShadowStrike\src\Shared_modules\HashStore\HashBucket_impl.cpp(106,30): error C2065: 'm_index': bildirimi yap─▒lmam─▒┼ş tan─▒mlay─▒c─▒ [C:\ShadowStrike\ShadowStrike\ShadowStrike.vcxproj]
  ('/src/Shared_modules/HashStore/HashBucket_impl.cpp' kaynak dosyas─▒ derleniyor)
  
C:\ShadowStrike\ShadowStrike\src\Shared_modules\HashStore\HashStore.cpp(431,49): error C2146: s├Âzdizimi hatas─▒: ';' eksik ('GetBucketStatistics' tan─▒mlay─▒c─▒s─▒ndan ├Ânce) [C:\ShadowStrike\ShadowStrike\ShadowStrike.vcxproj]
  ('/src/Shared_modules/HashStore/HashStore.cpp' kaynak dosyas─▒ derleniyor)
  
C:\ShadowStrike\ShadowStrike\src\Shared_modules\PatternStore\aho_crsck_impl.cpp(193,28): error C2065: 'm_nodes': bildirimi yap─▒lmam─▒┼ş tan─▒mlay─▒c─▒ [C:\ShadowStrike\ShadowStrike\ShadowStrike.vcxproj]
  ('/src/Shared_modules/PatternStore/aho_crsck_impl.cpp' kaynak dosyas─▒ derleniyor)
  
C:\ShadowStrike\ShadowStrike\src\Shared_modules\HashStore\HashBucket_impl.cpp(114,17): error C2065: 'm_bloomFilter': bildirimi yap─▒lmam─▒┼ş tan─▒mlay─▒c─▒ [C:\ShadowStrike\ShadowStrike\ShadowStrike.vcxproj]
  ('/src/Shared_modules/HashStore/HashBucket_impl.cpp' kaynak dosyas─▒ derleniyor)
  
C:\ShadowStrike\ShadowStrike\src\Shared_modules\HashStore\HashBucket_impl.cpp(114,50): error C2065: 'BloomFilter': bildirimi yap─▒lmam─▒┼ş tan─▒mlay─▒c─▒ [C:\ShadowStrike\ShadowStrike\ShadowStrike.vcxproj]
  ('/src/Shared_modules/HashStore/HashBucket_impl.cpp' kaynak dosyas─▒ derleniyor)
  
C:\ShadowStrike\ShadowStrike\src\Shared_modules\HashStore\HashStore.cpp(431,99): error C2143: s├Âzdizimi hatas─▒: ';' eksik ('{' ├Âncesinde) [C:\ShadowStrike\ShadowStrike\ShadowStrike.vcxproj]
  ('/src/Shared_modules/HashStore/HashStore.cpp' kaynak dosyas─▒ derleniyor)
  
C:\ShadowStrike\ShadowStrike\src\Shared_modules\PatternStore\aho_crsck_impl.cpp(194,13): error C2065: 'm_nodes': bildirimi yap─▒lmam─▒┼ş tan─▒mlay─▒c─▒ [C:\ShadowStrike\ShadowStrike\ShadowStrike.vcxproj]
  ('/src/Shared_modules/PatternStore/aho_crsck_impl.cpp' kaynak dosyas─▒ derleniyor)
  
C:\ShadowStrike\ShadowStrike\src\Shared_modules\HashStore\HashStore.cpp(431,99): error C2447: '{': i┼şlev ├╝stbilgisi eksik (eski tarzda bi├ğimsel liste mi?) [C:\ShadowStrike\ShadowStrike\ShadowStrike.vcxproj]
  ('/src/Shared_modules/HashStore/HashStore.cpp' kaynak dosyas─▒ derleniyor)
  
C:\ShadowStrike\ShadowStrike\src\Shared_modules\PatternStore\aho_crsck_impl.cpp(201,31): error C2065: 'm_nodes': bildirimi yap─▒lmam─▒┼ş tan─▒mlay─▒c─▒ [C:\ShadowStrike\ShadowStrike\ShadowStrike.vcxproj]
  ('/src/Shared_modules/PatternStore/aho_crsck_impl.cpp' kaynak dosyas─▒ derleniyor)
  
C:\ShadowStrike\ShadowStrike\src\Shared_modules\PatternStore\aho_crsck_impl.cpp(207,17): error C2065: 'm_nodeCount': bildirimi yap─▒lmam─▒┼ş tan─▒mlay─▒c─▒ [C:\ShadowStrike\ShadowStrike\ShadowStrike.vcxproj]
  ('/src/Shared_modules/PatternStore/aho_crsck_impl.cpp' kaynak dosyas─▒ derleniyor)
  
C:\ShadowStrike\ShadowStrike\src\Shared_modules\HashStore\HashStore.cpp(445,31): error C2039: 'Rebuild': bir 'ShadowStrike::HashStore' ├╝yesi de─şil [C:\ShadowStrike\ShadowStrike\ShadowStrike.vcxproj]
  ('/src/Shared_modules/HashStore/HashStore.cpp' kaynak dosyas─▒ derleniyor)
      C:\ShadowStrike\ShadowStrike\src\Shared_modules\HashStore\HashStore.hpp(66,11):
      'ShadowStrike::HashStore' bildirimine bak─▒n
  
C:\ShadowStrike\ShadowStrike\src\Shared_modules\PatternStore\aho_crsck_impl.cpp(214,17): error C2065: 'm_nodes': bildirimi yap─▒lmam─▒┼ş tan─▒mlay─▒c─▒ [C:\ShadowStrike\ShadowStrike\ShadowStrike.vcxproj]
  ('/src/Shared_modules/PatternStore/aho_crsck_impl.cpp' kaynak dosyas─▒ derleniyor)
  
C:\ShadowStrike\ShadowStrike\src\Shared_modules\PatternStore\aho_crsck_impl.cpp(221,69): error C2065: 'm_nodes': bildirimi yap─▒lmam─▒┼ş tan─▒mlay─▒c─▒ [C:\ShadowStrike\ShadowStrike\ShadowStrike.vcxproj]
  ('/src/Shared_modules/PatternStore/aho_crsck_impl.cpp' kaynak dosyas─▒ derleniyor)
  
C:\ShadowStrike\ShadowStrike\src\Shared_modules\HashStore\HashStore.cpp(466,54): error C2065: 'm_globalLock': bildirimi yap─▒lmam─▒┼ş tan─▒mlay─▒c─▒ [C:\ShadowStrike\ShadowStrike\ShadowStrike.vcxproj]
  ('/src/Shared_modules/HashStore/HashStore.cpp' kaynak dosyas─▒ derleniyor)
  
C:\ShadowStrike\ShadowStrike\src\Shared_modules\PatternStore\aho_crsck_impl.cpp(221,32): error C2737: 'newNodeIndex': const nesnesinin ba┼şlat─▒lmas─▒ gerekiyor [C:\ShadowStrike\ShadowStrike\ShadowStrike.vcxproj]
  ('/src/Shared_modules/PatternStore/aho_crsck_impl.cpp' kaynak dosyas─▒ derleniyor)
  
C:\ShadowStrike\ShadowStrike\src\Shared_modules\PatternStore\aho_crsck_impl.cpp(224,46): error C2065: 'm_nodes': bildirimi yap─▒lmam─▒┼ş tan─▒mlay─▒c─▒ [C:\ShadowStrike\ShadowStrike\ShadowStrike.vcxproj]
  ('/src/Shared_modules/PatternStore/aho_crsck_impl.cpp' kaynak dosyas─▒ derleniyor)
  
C:\ShadowStrike\ShadowStrike\src\Shared_modules\PatternStore\aho_crsck_impl.cpp(224,32): error C2737: 'parentDepth': const nesnesinin ba┼şlat─▒lmas─▒ gerekiyor [C:\ShadowStrike\ShadowStrike\ShadowStrike.vcxproj]
  ('/src/Shared_modules/PatternStore/aho_crsck_impl.cpp' kaynak dosyas─▒ derleniyor)
  
C:\ShadowStrike\ShadowStrike\src\Shared_modules\HashStore\HashBucket_impl.cpp(114,38): error C2672: 'std::make_unique': e┼şle┼şen a┼ş─▒r─▒ y├╝klenmi┼ş i┼şlev bulunamad─▒ [C:\ShadowStrike\ShadowStrike\ShadowStrike.vcxproj]
  ('/src/Shared_modules/HashStore/HashBucket_impl.cpp' kaynak dosyas─▒ derleniyor)
      C:\Program Files\Microsoft Visual Studio\2022\Community\VC\Tools\MSVC\14.44.35207\include\memory(3640,6):
      'void std::make_unique(_Types ...)' olabilirdi
          C:\ShadowStrike\ShadowStrike\src\Shared_modules\HashStore\HashBucket_impl.cpp(114,50):
          'std::make_unique': '_Ty' i├ğin ┼şablon ba─ş─▒ms─▒z de─şi┼şkeni ge├ğersiz, t├╝r bekleniyor
      C:\Program Files\Microsoft Visual Studio\2022\Community\VC\Tools\MSVC\14.44.35207\include\memory(3634,57):
      veya       'std::unique_ptr<_Ty,std::default_delete<_Ty>> std::make_unique(const size_t)'
          C:\ShadowStrike\ShadowStrike\src\Shared_modules\HashStore\HashBucket_impl.cpp(114,50):
          'std::make_unique': '_Ty' i├ğin ┼şablon ba─ş─▒ms─▒z de─şi┼şkeni ge├ğersiz, t├╝r bekleniyor
      C:\Program Files\Microsoft Visual Studio\2022\Community\VC\Tools\MSVC\14.44.35207\include\memory(3629,57):
      veya       'std::unique_ptr<_Ty,std::default_delete<_Ty>> std::make_unique(_Types ...)'
          C:\ShadowStrike\ShadowStrike\src\Shared_modules\HashStore\HashBucket_impl.cpp(114,50):
          'std::make_unique': '_Ty' i├ğin ┼şablon ba─ş─▒ms─▒z de─şi┼şkeni ge├ğersiz, t├╝r bekleniyor
  
C:\ShadowStrike\ShadowStrike\src\Shared_modules\PatternStore\aho_crsck_impl.cpp(227,17): error C2065: 'm_nodes': bildirimi yap─▒lmam─▒┼ş tan─▒mlay─▒c─▒ [C:\ShadowStrike\ShadowStrike\ShadowStrike.vcxproj]
  ('/src/Shared_modules/PatternStore/aho_crsck_impl.cpp' kaynak dosyas─▒ derleniyor)
  
C:\ShadowStrike\ShadowStrike\src\Shared_modules\PatternStore\aho_crsck_impl.cpp(231,21): error C2065: 'm_nodes': bildirimi yap─▒lmam─▒┼ş tan─▒mlay─▒c─▒ [C:\ShadowStrike\ShadowStrike\ShadowStrike.vcxproj]
  ('/src/Shared_modules/PatternStore/aho_crsck_impl.cpp' kaynak dosyas─▒ derleniyor)
  
C:\ShadowStrike\ShadowStrike\src\Shared_modules\PatternStore\aho_crsck_impl.cpp(233,21): error C2065: 'm_nodes': bildirimi yap─▒lmam─▒┼ş tan─▒mlay─▒c─▒ [C:\ShadowStrike\ShadowStrike\ShadowStrike.vcxproj]
  ('/src/Shared_modules/PatternStore/aho_crsck_impl.cpp' kaynak dosyas─▒ derleniyor)
  
C:\ShadowStrike\ShadowStrike\src\Shared_modules\HashStore\HashBucket_impl.cpp(122,13): error C2065: 'm_type': bildirimi yap─▒lmam─▒┼ş tan─▒mlay─▒c─▒ [C:\ShadowStrike\ShadowStrike\ShadowStrike.vcxproj]
  ('/src/Shared_modules/HashStore/HashBucket_impl.cpp' kaynak dosyas─▒ derleniyor)
  
C:\ShadowStrike\ShadowStrike\src\Shared_modules\PatternStore\aho_crsck_impl.cpp(238,17): error C2065: 'm_nodes': bildirimi yap─▒lmam─▒┼ş tan─▒mlay─▒c─▒ [C:\ShadowStrike\ShadowStrike\ShadowStrike.vcxproj]
  ('/src/Shared_modules/PatternStore/aho_crsck_impl.cpp' kaynak dosyas─▒ derleniyor)
  
C:\ShadowStrike\ShadowStrike\src\Shared_modules\PatternStore\aho_crsck_impl.cpp(240,19): error C2065: 'm_nodeCount': bildirimi yap─▒lmam─▒┼ş tan─▒mlay─▒c─▒ [C:\ShadowStrike\ShadowStrike\ShadowStrike.vcxproj]
  ('/src/Shared_modules/PatternStore/aho_crsck_impl.cpp' kaynak dosyas─▒ derleniyor)
  
C:\ShadowStrike\ShadowStrike\src\Shared_modules\PatternStore\aho_crsck_impl.cpp(256,28): error C2065: 'm_nodes': bildirimi yap─▒lmam─▒┼ş tan─▒mlay─▒c─▒ [C:\ShadowStrike\ShadowStrike\ShadowStrike.vcxproj]
  ('/src/Shared_modules/PatternStore/aho_crsck_impl.cpp' kaynak dosyas─▒ derleniyor)
  
C:\ShadowStrike\ShadowStrike\src\Shared_modules\HashStore\HashBucket_impl.cpp(128,20): error C2653: 'HashBucket': bir s─▒n─▒f veya ad alan─▒ ad─▒ de─şil [C:\ShadowStrike\ShadowStrike\ShadowStrike.vcxproj]
  ('/src/Shared_modules/HashStore/HashBucket_impl.cpp' kaynak dosyas─▒ derleniyor)
  
C:\ShadowStrike\ShadowStrike\src\Shared_modules\PatternStore\aho_crsck_impl.cpp(268,24): error C2065: 'm_nodes': bildirimi yap─▒lmam─▒┼ş tan─▒mlay─▒c─▒ [C:\ShadowStrike\ShadowStrike\ShadowStrike.vcxproj]
  ('/src/Shared_modules/PatternStore/aho_crsck_impl.cpp' kaynak dosyas─▒ derleniyor)
  
C:\ShadowStrike\ShadowStrike\src\Shared_modules\HashStore\HashBucket_impl.cpp(133,13): error C2065: 'm_type': bildirimi yap─▒lmam─▒┼ş tan─▒mlay─▒c─▒ [C:\ShadowStrike\ShadowStrike\ShadowStrike.vcxproj]
  ('/src/Shared_modules/HashStore/HashBucket_impl.cpp' kaynak dosyas─▒ derleniyor)
  
C:\ShadowStrike\ShadowStrike\src\Shared_modules\PatternStore\aho_crsck_impl.cpp(274,9): error C2065: 'm_nodes': bildirimi yap─▒lmam─▒┼ş tan─▒mlay─▒c─▒ [C:\ShadowStrike\ShadowStrike\ShadowStrike.vcxproj]
  ('/src/Shared_modules/PatternStore/aho_crsck_impl.cpp' kaynak dosyas─▒ derleniyor)
  
C:\ShadowStrike\ShadowStrike\src\Shared_modules\PatternStore\aho_crsck_impl.cpp(282,9): error C2065: 'm_nodes': bildirimi yap─▒lmam─▒┼ş tan─▒mlay─▒c─▒ [C:\ShadowStrike\ShadowStrike\ShadowStrike.vcxproj]
  ('/src/Shared_modules/PatternStore/aho_crsck_impl.cpp' kaynak dosyas─▒ derleniyor)
  
C:\ShadowStrike\ShadowStrike\src\Shared_modules\PatternStore\aho_crsck_impl.cpp(283,11): error C2065: 'm_patternCount': bildirimi yap─▒lmam─▒┼ş tan─▒mlay─▒c─▒ [C:\ShadowStrike\ShadowStrike\ShadowStrike.vcxproj]
  ('/src/Shared_modules/PatternStore/aho_crsck_impl.cpp' kaynak dosyas─▒ derleniyor)
  
C:\ShadowStrike\ShadowStrike\src\Shared_modules\HashStore\HashBucket_impl.cpp(147,13): error C2065: 'm_bucketOffset': bildirimi yap─▒lmam─▒┼ş tan─▒mlay─▒c─▒ [C:\ShadowStrike\ShadowStrike\ShadowStrike.vcxproj]
  ('/src/Shared_modules/HashStore/HashBucket_impl.cpp' kaynak dosyas─▒ derleniyor)
  
C:\ShadowStrike\ShadowStrike\src\Shared_modules\PatternStore\aho_crsck_impl.cpp(306,6): error C2653: 'AhoCorasickAutomaton': bir s─▒n─▒f veya ad alan─▒ ad─▒ de─şil [C:\ShadowStrike\ShadowStrike\ShadowStrike.vcxproj]
  ('/src/Shared_modules/PatternStore/aho_crsck_impl.cpp' kaynak dosyas─▒ derleniyor)
  
C:\ShadowStrike\ShadowStrike\src\Shared_modules\HashStore\HashStore.cpp(487,39): error C3861: 'GetStatistics': tan─▒mlay─▒c─▒ bulunamad─▒ [C:\ShadowStrike\ShadowStrike\ShadowStrike.vcxproj]
  ('/src/Shared_modules/HashStore/HashStore.cpp' kaynak dosyas─▒ derleniyor)
  
C:\ShadowStrike\ShadowStrike\src\Shared_modules\HashStore\HashStore_mgnmnt.cpp(426,26): error C2065: 'bucket': bildirimi yap─▒lmam─▒┼ş tan─▒mlay─▒c─▒ [C:\ShadowStrike\ShadowStrike\ShadowStrike.vcxproj]
  ('/src/Shared_modules/HashStore/HashStore_mgnmnt.cpp' kaynak dosyas─▒ derleniyor)
  
C:\ShadowStrike\ShadowStrike\src\Shared_modules\PatternStore\aho_crsck_impl.cpp(311,9): error C2065: 'm_compiled': bildirimi yap─▒lmam─▒┼ş tan─▒mlay─▒c─▒ [C:\ShadowStrike\ShadowStrike\ShadowStrike.vcxproj]
  ('/src/Shared_modules/PatternStore/aho_crsck_impl.cpp' kaynak dosyas─▒ derleniyor)
  
C:\ShadowStrike\ShadowStrike\src\Shared_modules\HashStore\HashStore.cpp(498,41): error C3317: 'm_buckets': bir a┼ş─▒r─▒ y├╝kleme i┼şlemi aral─▒k tabanl─▒ bir for deyiminde kullan─▒lamaz [C:\ShadowStrike\ShadowStrike\ShadowStrike.vcxproj]
  ('/src/Shared_modules/HashStore/HashStore.cpp' kaynak dosyas─▒ derleniyor)
  
C:\ShadowStrike\ShadowStrike\src\Shared_modules\HashStore\HashStore_mgnmnt.cpp(442,43): error C2065: 'bucket': bildirimi yap─▒lmam─▒┼ş tan─▒mlay─▒c─▒ [C:\ShadowStrike\ShadowStrike\ShadowStrike.vcxproj]
  ('/src/Shared_modules/HashStore/HashStore_mgnmnt.cpp' kaynak dosyas─▒ derleniyor)
  
C:\ShadowStrike\ShadowStrike\src\Shared_modules\HashStore\HashStore.cpp(498,39): error C2059: s├Âzdizimi hatas─▒: ':' [C:\ShadowStrike\ShadowStrike\ShadowStrike.vcxproj]
  ('/src/Shared_modules/HashStore/HashStore.cpp' kaynak dosyas─▒ derleniyor)
  
C:\ShadowStrike\ShadowStrike\src\Shared_modules\PatternStore\aho_crsck_impl.cpp(326,9): error C2065: 'm_nodes': bildirimi yap─▒lmam─▒┼ş tan─▒mlay─▒c─▒ [C:\ShadowStrike\ShadowStrike\ShadowStrike.vcxproj]
  ('/src/Shared_modules/PatternStore/aho_crsck_impl.cpp' kaynak dosyas─▒ derleniyor)
  
C:\ShadowStrike\ShadowStrike\src\Shared_modules\HashStore\HashStore.cpp(498,52): error C2143: s├Âzdizimi hatas─▒: ';' eksik ('{' ├Âncesinde) [C:\ShadowStrike\ShadowStrike\ShadowStrike.vcxproj]
  ('/src/Shared_modules/HashStore/HashStore.cpp' kaynak dosyas─▒ derleniyor)
  
C:\ShadowStrike\ShadowStrike\src\Shared_modules\HashStore\HashStore_mgnmnt.cpp(467,17): error C2065: 'm_perfFrequency': bildirimi yap─▒lmam─▒┼ş tan─▒mlay─▒c─▒ [C:\ShadowStrike\ShadowStrike\ShadowStrike.vcxproj]
  ('/src/Shared_modules/HashStore/HashStore_mgnmnt.cpp' kaynak dosyas─▒ derleniyor)
  
C:\ShadowStrike\ShadowStrike\src\Shared_modules\PatternStore\aho_crsck_impl.cpp(337,9): error C2065: 'm_nodeCount': bildirimi yap─▒lmam─▒┼ş tan─▒mlay─▒c─▒ [C:\ShadowStrike\ShadowStrike\ShadowStrike.vcxproj]
  ('/src/Shared_modules/PatternStore/aho_crsck_impl.cpp' kaynak dosyas─▒ derleniyor)
  
C:\ShadowStrike\ShadowStrike\src\Shared_modules\HashStore\HashStore.cpp(499,22): error C2065: 'bucket': bildirimi yap─▒lmam─▒┼ş tan─▒mlay─▒c─▒ [C:\ShadowStrike\ShadowStrike\ShadowStrike.vcxproj]
  ('/src/Shared_modules/HashStore/HashStore.cpp' kaynak dosyas─▒ derleniyor)
  
C:\ShadowStrike\ShadowStrike\src\Shared_modules\PatternStore\aho_crsck_impl.cpp(337,24): error C2065: 'm_nodes': bildirimi yap─▒lmam─▒┼ş tan─▒mlay─▒c─▒ [C:\ShadowStrike\ShadowStrike\ShadowStrike.vcxproj]
  ('/src/Shared_modules/PatternStore/aho_crsck_impl.cpp' kaynak dosyas─▒ derleniyor)
  
C:\ShadowStrike\ShadowStrike\src\Shared_modules\HashStore\HashStore_mgnmnt.cpp(469,61): error C2065: 'm_perfFrequency': bildirimi yap─▒lmam─▒┼ş tan─▒mlay─▒c─▒ [C:\ShadowStrike\ShadowStrike\ShadowStrike.vcxproj]
  ('/src/Shared_modules/HashStore/HashStore_mgnmnt.cpp' kaynak dosyas─▒ derleniyor)
  
C:\ShadowStrike\ShadowStrike\src\Shared_modules\HashStore\HashStore.cpp(500,21): error C2065: 'type': bildirimi yap─▒lmam─▒┼ş tan─▒mlay─▒c─▒ [C:\ShadowStrike\ShadowStrike\ShadowStrike.vcxproj]
  ('/src/Shared_modules/HashStore/HashStore.cpp' kaynak dosyas─▒ derleniyor)
  
C:\ShadowStrike\ShadowStrike\src\Shared_modules\HashStore\HashStore_mgnmnt.cpp(469,32): error C2737: 'freq': const nesnesinin ba┼şlat─▒lmas─▒ gerekiyor [C:\ShadowStrike\ShadowStrike\ShadowStrike.vcxproj]
  ('/src/Shared_modules/HashStore/HashStore_mgnmnt.cpp' kaynak dosyas─▒ derleniyor)
  
C:\ShadowStrike\ShadowStrike\src\Shared_modules\HashStore\HashStore.cpp(506,44): error C2065: 'bucket': bildirimi yap─▒lmam─▒┼ş tan─▒mlay─▒c─▒ [C:\ShadowStrike\ShadowStrike\ShadowStrike.vcxproj]
  ('/src/Shared_modules/HashStore/HashStore.cpp' kaynak dosyas─▒ derleniyor)
  
C:\ShadowStrike\ShadowStrike\src\Shared_modules\HashStore\HashStore.cpp(508,21): error C2065: 'type': bildirimi yap─▒lmam─▒┼ş tan─▒mlay─▒c─▒ [C:\ShadowStrike\ShadowStrike\ShadowStrike.vcxproj]
  ('/src/Shared_modules/HashStore/HashStore.cpp' kaynak dosyas─▒ derleniyor)
  
C:\ShadowStrike\ShadowStrike\src\Shared_modules\PatternStore\aho_crsck_impl.cpp(338,9): error C2065: 'm_nodeCount': bildirimi yap─▒lmam─▒┼ş tan─▒mlay─▒c─▒ [C:\ShadowStrike\ShadowStrike\ShadowStrike.vcxproj]
  ('/src/Shared_modules/PatternStore/aho_crsck_impl.cpp' kaynak dosyas─▒ derleniyor)
  
C:\ShadowStrike\ShadowStrike\src\Shared_modules\PatternStore\aho_crsck_impl.cpp(338,9): error C2065: 'm_nodes': bildirimi yap─▒lmam─▒┼ş tan─▒mlay─▒c─▒ [C:\ShadowStrike\ShadowStrike\ShadowStrike.vcxproj]
  ('/src/Shared_modules/PatternStore/aho_crsck_impl.cpp' kaynak dosyas─▒ derleniyor)
  
C:\ShadowStrike\ShadowStrike\src\Shared_modules\PatternStore\aho_crsck_impl.cpp(341,9): error C2065: 'm_nodeCount': bildirimi yap─▒lmam─▒┼ş tan─▒mlay─▒c─▒ [C:\ShadowStrike\ShadowStrike\ShadowStrike.vcxproj]
  ('/src/Shared_modules/PatternStore/aho_crsck_impl.cpp' kaynak dosyas─▒ derleniyor)
  
C:\ShadowStrike\ShadowStrike\src\Shared_modules\PatternStore\aho_crsck_impl.cpp(341,23): error C2065: 'm_nodes': bildirimi yap─▒lmam─▒┼ş tan─▒mlay─▒c─▒ [C:\ShadowStrike\ShadowStrike\ShadowStrike.vcxproj]
  ('/src/Shared_modules/PatternStore/aho_crsck_impl.cpp' kaynak dosyas─▒ derleniyor)
  
C:\ShadowStrike\ShadowStrike\src\Shared_modules\PatternStore\aho_crsck_impl.cpp(346,9): error C2065: 'm_nodeCount': bildirimi yap─▒lmam─▒┼ş tan─▒mlay─▒c─▒ [C:\ShadowStrike\ShadowStrike\ShadowStrike.vcxproj]
  ('/src/Shared_modules/PatternStore/aho_crsck_impl.cpp' kaynak dosyas─▒ derleniyor)
  
C:\ShadowStrike\ShadowStrike\src\Shared_modules\PatternStore\aho_crsck_impl.cpp(351,5): error C2065: 'm_nodeCount': bildirimi yap─▒lmam─▒┼ş tan─▒mlay─▒c─▒ [C:\ShadowStrike\ShadowStrike\ShadowStrike.vcxproj]
  ('/src/Shared_modules/PatternStore/aho_crsck_impl.cpp' kaynak dosyas─▒ derleniyor)
  
C:\ShadowStrike\ShadowStrike\src\Shared_modules\PatternStore\aho_crsck_impl.cpp(351,5): error C2065: 'm_patternCount': bildirimi yap─▒lmam─▒┼ş tan─▒mlay─▒c─▒ [C:\ShadowStrike\ShadowStrike\ShadowStrike.vcxproj]
  ('/src/Shared_modules/PatternStore/aho_crsck_impl.cpp' kaynak dosyas─▒ derleniyor)
  
C:\ShadowStrike\ShadowStrike\src\Shared_modules\PatternStore\aho_crsck_impl.cpp(360,9): error C3861: 'BuildFailureLinks': tan─▒mlay─▒c─▒ bulunamad─▒ [C:\ShadowStrike\ShadowStrike\ShadowStrike.vcxproj]
  ('/src/Shared_modules/PatternStore/aho_crsck_impl.cpp' kaynak dosyas─▒ derleniyor)
  
C:\ShadowStrike\ShadowStrike\src\Shared_modules\HashStore\HashStore_mgnmnt.cpp(515,31): error C2039: 'RemoveHash': bir 'ShadowStrike::HashStore' ├╝yesi de─şil [C:\ShadowStrike\ShadowStrike\ShadowStrike.vcxproj]
  ('/src/Shared_modules/HashStore/HashStore_mgnmnt.cpp' kaynak dosyas─▒ derleniyor)
      C:\ShadowStrike\ShadowStrike\src\Shared_modules\HashStore\HashStore.hpp(66,11):
      'ShadowStrike::HashStore' bildirimine bak─▒n
  
C:\ShadowStrike\ShadowStrike\src\Shared_modules\PatternStore\aho_crsck_impl.cpp(375,5): error C2065: 'm_compiled': bildirimi yap─▒lmam─▒┼ş tan─▒mlay─▒c─▒ [C:\ShadowStrike\ShadowStrike\ShadowStrike.vcxproj]
  ('/src/Shared_modules/PatternStore/aho_crsck_impl.cpp' kaynak dosyas─▒ derleniyor)
  
C:\ShadowStrike\ShadowStrike\src\Shared_modules\HashStore\HashStore_mgnmnt.cpp(552,18): error C2065: 'm_initialized': bildirimi yap─▒lmam─▒┼ş tan─▒mlay─▒c─▒ [C:\ShadowStrike\ShadowStrike\ShadowStrike.vcxproj]
  ('/src/Shared_modules/HashStore/HashStore_mgnmnt.cpp' kaynak dosyas─▒ derleniyor)
  
C:\ShadowStrike\ShadowStrike\src\Shared_modules\HashStore\HashStore_mgnmnt.cpp(557,17): error C2065: 'm_readOnly': bildirimi yap─▒lmam─▒┼ş tan─▒mlay─▒c─▒ [C:\ShadowStrike\ShadowStrike\ShadowStrike.vcxproj]
  ('/src/Shared_modules/HashStore/HashStore_mgnmnt.cpp' kaynak dosyas─▒ derleniyor)
  
C:\ShadowStrike\ShadowStrike\src\Shared_modules\PatternStore\aho_crsck_impl.cpp(389,6): error C2653: 'AhoCorasickAutomaton': bir s─▒n─▒f veya ad alan─▒ ad─▒ de─şil [C:\ShadowStrike\ShadowStrike\ShadowStrike.vcxproj]
  ('/src/Shared_modules/PatternStore/aho_crsck_impl.cpp' kaynak dosyas─▒ derleniyor)
  
C:\ShadowStrike\ShadowStrike\src\Shared_modules\PatternStore\aho_crsck_impl.cpp(391,5): error C2065: 'm_nodes': bildirimi yap─▒lmam─▒┼ş tan─▒mlay─▒c─▒ [C:\ShadowStrike\ShadowStrike\ShadowStrike.vcxproj]
  ('/src/Shared_modules/PatternStore/aho_crsck_impl.cpp' kaynak dosyas─▒ derleniyor)
  
C:\ShadowStrike\ShadowStrike\src\Shared_modules\PatternStore\aho_crsck_impl.cpp(394,5): error C2065: 'm_nodes': bildirimi yap─▒lmam─▒┼ş tan─▒mlay─▒c─▒ [C:\ShadowStrike\ShadowStrike\ShadowStrike.vcxproj]
  ('/src/Shared_modules/PatternStore/aho_crsck_impl.cpp' kaynak dosyas─▒ derleniyor)
  
C:\ShadowStrike\ShadowStrike\src\Shared_modules\PatternStore\aho_crsck_impl.cpp(397,5): error C2065: 'm_patternCount': bildirimi yap─▒lmam─▒┼ş tan─▒mlay─▒c─▒ [C:\ShadowStrike\ShadowStrike\ShadowStrike.vcxproj]
  ('/src/Shared_modules/PatternStore/aho_crsck_impl.cpp' kaynak dosyas─▒ derleniyor)
  
C:\ShadowStrike\ShadowStrike\src\Shared_modules\PatternStore\aho_crsck_impl.cpp(398,5): error C2065: 'm_nodeCount': bildirimi yap─▒lmam─▒┼ş tan─▒mlay─▒c─▒ [C:\ShadowStrike\ShadowStrike\ShadowStrike.vcxproj]
  ('/src/Shared_modules/PatternStore/aho_crsck_impl.cpp' kaynak dosyas─▒ derleniyor)
  
C:\ShadowStrike\ShadowStrike\src\Shared_modules\HashStore\HashStore_mgnmnt.cpp(577,60): error C2065: 'm_globalLock': bildirimi yap─▒lmam─▒┼ş tan─▒mlay─▒c─▒ [C:\ShadowStrike\ShadowStrike\ShadowStrike.vcxproj]
  ('/src/Shared_modules/HashStore/HashStore_mgnmnt.cpp' kaynak dosyas─▒ derleniyor)
  
C:\ShadowStrike\ShadowStrike\src\Shared_modules\PatternStore\aho_crsck_impl.cpp(399,5): error C2065: 'm_compiled': bildirimi yap─▒lmam─▒┼ş tan─▒mlay─▒c─▒ [C:\ShadowStrike\ShadowStrike\ShadowStrike.vcxproj]
  ('/src/Shared_modules/PatternStore/aho_crsck_impl.cpp' kaynak dosyas─▒ derleniyor)
  
C:\ShadowStrike\ShadowStrike\src\Shared_modules\HashStore\HashStore_mgnmnt.cpp(579,13): error C2065: 'HashBucket': bildirimi yap─▒lmam─▒┼ş tan─▒mlay─▒c─▒ [C:\ShadowStrike\ShadowStrike\ShadowStrike.vcxproj]
  ('/src/Shared_modules/HashStore/HashStore_mgnmnt.cpp' kaynak dosyas─▒ derleniyor)
  
C:\ShadowStrike\ShadowStrike\src\Shared_modules\PatternStore\aho_crsck_impl.cpp(421,6): error C2653: 'AhoCorasickAutomaton': bir s─▒n─▒f veya ad alan─▒ ad─▒ de─şil [C:\ShadowStrike\ShadowStrike\ShadowStrike.vcxproj]
  ('/src/Shared_modules/PatternStore/aho_crsck_impl.cpp' kaynak dosyas─▒ derleniyor)
  
C:\ShadowStrike\ShadowStrike\src\Shared_modules\HashStore\HashStore_mgnmnt.cpp(579,25): error C2065: 'bucket': bildirimi yap─▒lmam─▒┼ş tan─▒mlay─▒c─▒ [C:\ShadowStrike\ShadowStrike\ShadowStrike.vcxproj]
  ('/src/Shared_modules/HashStore/HashStore_mgnmnt.cpp' kaynak dosyas─▒ derleniyor)
  
C:\ShadowStrike\ShadowStrike\src\Shared_modules\PatternStore\aho_crsck_impl.cpp(421,28): error C2270: 'Search': ├╝ye olmayan i┼şlevlerde de─şi┼ştiricilere izin verilmez [C:\ShadowStrike\ShadowStrike\ShadowStrike.vcxproj]
  ('/src/Shared_modules/PatternStore/aho_crsck_impl.cpp' kaynak dosyas─▒ derleniyor)
  
C:\ShadowStrike\ShadowStrike\src\Shared_modules\HashStore\HashStore_mgnmnt.cpp(579,34): error C3861: 'GetBucket': tan─▒mlay─▒c─▒ bulunamad─▒ [C:\ShadowStrike\ShadowStrike\ShadowStrike.vcxproj]
  ('/src/Shared_modules/HashStore/HashStore_mgnmnt.cpp' kaynak dosyas─▒ derleniyor)
  
C:\ShadowStrike\ShadowStrike\src\Shared_modules\PatternStore\aho_crsck_impl.cpp(429,10): error C2065: 'm_compiled': bildirimi yap─▒lmam─▒┼ş tan─▒mlay─▒c─▒ [C:\ShadowStrike\ShadowStrike\ShadowStrike.vcxproj]
  ('/src/Shared_modules/PatternStore/aho_crsck_impl.cpp' kaynak dosyas─▒ derleniyor)
  
C:\ShadowStrike\ShadowStrike\src\Shared_modules\HashStore\HashStore_mgnmnt.cpp(580,18): error C2065: 'bucket': bildirimi yap─▒lmam─▒┼ş tan─▒mlay─▒c─▒ [C:\ShadowStrike\ShadowStrike\ShadowStrike.vcxproj]
  ('/src/Shared_modules/HashStore/HashStore_mgnmnt.cpp' kaynak dosyas─▒ derleniyor)
  
C:\ShadowStrike\ShadowStrike\src\Shared_modules\PatternStore\aho_crsck_impl.cpp(445,9): error C2065: 'm_nodes': bildirimi yap─▒lmam─▒┼ş tan─▒mlay─▒c─▒ [C:\ShadowStrike\ShadowStrike\ShadowStrike.vcxproj]
  ('/src/Shared_modules/PatternStore/aho_crsck_impl.cpp' kaynak dosyas─▒ derleniyor)
  
C:\ShadowStrike\ShadowStrike\src\Shared_modules\HashStore\HashStore_mgnmnt.cpp(593,30): error C2065: 'bucket': bildirimi yap─▒lmam─▒┼ş tan─▒mlay─▒c─▒ [C:\ShadowStrike\ShadowStrike\ShadowStrike.vcxproj]
  ('/src/Shared_modules/HashStore/HashStore_mgnmnt.cpp' kaynak dosyas─▒ derleniyor)
  
C:\ShadowStrike\ShadowStrike\src\Shared_modules\PatternStore\aho_crsck_impl.cpp(472,32): error C2065: 'm_nodes': bildirimi yap─▒lmam─▒┼ş tan─▒mlay─▒c─▒ [C:\ShadowStrike\ShadowStrike\ShadowStrike.vcxproj]
  ('/src/Shared_modules/PatternStore/aho_crsck_impl.cpp' kaynak dosyas─▒ derleniyor)
  
C:\ShadowStrike\ShadowStrike\src\Shared_modules\HashStore\HashStore.cpp(524,47): error C3317: 'm_buckets': bir a┼ş─▒r─▒ y├╝kleme i┼şlemi aral─▒k tabanl─▒ bir for deyiminde kullan─▒lamaz [C:\ShadowStrike\ShadowStrike\ShadowStrike.vcxproj]
  ('/src/Shared_modules/HashStore/HashStore.cpp' kaynak dosyas─▒ derleniyor)
  
C:\ShadowStrike\ShadowStrike\src\Shared_modules\HashStore\HashStore_mgnmnt.cpp(606,13): error C3861: 'ClearCache': tan─▒mlay─▒c─▒ bulunamad─▒ [C:\ShadowStrike\ShadowStrike\ShadowStrike.vcxproj]
  ('/src/Shared_modules/HashStore/HashStore_mgnmnt.cpp' kaynak dosyas─▒ derleniyor)
  
C:\ShadowStrike\ShadowStrike\src\Shared_modules\HashStore\HashStore.cpp(524,45): error C2059: s├Âzdizimi hatas─▒: ':' [C:\ShadowStrike\ShadowStrike\ShadowStrike.vcxproj]
  ('/src/Shared_modules/HashStore/HashStore.cpp' kaynak dosyas─▒ derleniyor)
  
C:\ShadowStrike\ShadowStrike\src\Shared_modules\HashStore\HashStore.cpp(524,58): error C2143: s├Âzdizimi hatas─▒: ';' eksik ('{' ├Âncesinde) [C:\ShadowStrike\ShadowStrike\ShadowStrike.vcxproj]
  ('/src/Shared_modules/HashStore/HashStore.cpp' kaynak dosyas─▒ derleniyor)
  
C:\ShadowStrike\ShadowStrike\src\Shared_modules\HashStore\HashStore.cpp(525,22): error C2065: 'bucket': bildirimi yap─▒lmam─▒┼ş tan─▒mlay─▒c─▒ [C:\ShadowStrike\ShadowStrike\ShadowStrike.vcxproj]
  ('/src/Shared_modules/HashStore/HashStore.cpp' kaynak dosyas─▒ derleniyor)
  
C:\ShadowStrike\ShadowStrike\src\Shared_modules\PatternStore\aho_crsck_impl.cpp(473,17): error C2065: 'm_nodes': bildirimi yap─▒lmam─▒┼ş tan─▒mlay─▒c─▒ [C:\ShadowStrike\ShadowStrike\ShadowStrike.vcxproj]
  ('/src/Shared_modules/PatternStore/aho_crsck_impl.cpp' kaynak dosyas─▒ derleniyor)
  
C:\ShadowStrike\ShadowStrike\src\Shared_modules\HashStore\HashStore_mgnmnt.cpp(620,31): error C2039: 'UpdateHashMetadata': bir 'ShadowStrike::HashStore' ├╝yesi de─şil [C:\ShadowStrike\ShadowStrike\ShadowStrike.vcxproj]
  ('/src/Shared_modules/HashStore/HashStore_mgnmnt.cpp' kaynak dosyas─▒ derleniyor)
      C:\ShadowStrike\ShadowStrike\src\Shared_modules\HashStore\HashStore.hpp(66,11):
      'ShadowStrike::HashStore' bildirimine bak─▒n
  
C:\ShadowStrike\ShadowStrike\src\Shared_modules\PatternStore\aho_crsck_impl.cpp(481,17): error C2065: 'm_nodes': bildirimi yap─▒lmam─▒┼ş tan─▒mlay─▒c─▒ [C:\ShadowStrike\ShadowStrike\ShadowStrike.vcxproj]
  ('/src/Shared_modules/PatternStore/aho_crsck_impl.cpp' kaynak dosyas─▒ derleniyor)
  
C:\ShadowStrike\ShadowStrike\src\Shared_modules\HashStore\HashStore_mgnmnt.cpp(650,18): error C2065: 'm_initialized': bildirimi yap─▒lmam─▒┼ş tan─▒mlay─▒c─▒ [C:\ShadowStrike\ShadowStrike\ShadowStrike.vcxproj]
  ('/src/Shared_modules/HashStore/HashStore_mgnmnt.cpp' kaynak dosyas─▒ derleniyor)
  
C:\ShadowStrike\ShadowStrike\src\Shared_modules\PatternStore\aho_crsck_impl.cpp(486,39): error C2065: 'm_nodes': bildirimi yap─▒lmam─▒┼ş tan─▒mlay─▒c─▒ [C:\ShadowStrike\ShadowStrike\ShadowStrike.vcxproj]
  ('/src/Shared_modules/PatternStore/aho_crsck_impl.cpp' kaynak dosyas─▒ derleniyor)
  
C:\ShadowStrike\ShadowStrike\src\Shared_modules\PatternStore\aho_crsck_impl.cpp(486,28): error C2737: 'nextNode': const nesnesinin ba┼şlat─▒lmas─▒ gerekiyor [C:\ShadowStrike\ShadowStrike\ShadowStrike.vcxproj]
  ('/src/Shared_modules/PatternStore/aho_crsck_impl.cpp' kaynak dosyas─▒ derleniyor)
  
C:\ShadowStrike\ShadowStrike\src\Shared_modules\HashStore\HashStore_mgnmnt.cpp(655,17): error C2065: 'm_readOnly': bildirimi yap─▒lmam─▒┼ş tan─▒mlay─▒c─▒ [C:\ShadowStrike\ShadowStrike\ShadowStrike.vcxproj]
  ('/src/Shared_modules/HashStore/HashStore_mgnmnt.cpp' kaynak dosyas─▒ derleniyor)
  
C:\ShadowStrike\ShadowStrike\src\Shared_modules\PatternStore\aho_crsck_impl.cpp(498,46): error C2065: 'm_nodes': bildirimi yap─▒lmam─▒┼ş tan─▒mlay─▒c─▒ [C:\ShadowStrike\ShadowStrike\ShadowStrike.vcxproj]
  ('/src/Shared_modules/PatternStore/aho_crsck_impl.cpp' kaynak dosyas─▒ derleniyor)
  
C:\ShadowStrike\ShadowStrike\src\Shared_modules\PatternStore\aho_crsck_impl.cpp(514,28): error C2065: 'm_nodes': bildirimi yap─▒lmam─▒┼ş tan─▒mlay─▒c─▒ [C:\ShadowStrike\ShadowStrike\ShadowStrike.vcxproj]
  ('/src/Shared_modules/PatternStore/aho_crsck_impl.cpp' kaynak dosyas─▒ derleniyor)
  
C:\ShadowStrike\ShadowStrike\src\Shared_modules\PatternStore\aho_crsck_impl.cpp(518,35): error C2065: 'm_nodes': bildirimi yap─▒lmam─▒┼ş tan─▒mlay─▒c─▒ [C:\ShadowStrike\ShadowStrike\ShadowStrike.vcxproj]
  ('/src/Shared_modules/PatternStore/aho_crsck_impl.cpp' kaynak dosyas─▒ derleniyor)
  
C:\ShadowStrike\ShadowStrike\src\Shared_modules\PatternStore\aho_crsck_impl.cpp(518,24): error C2737: 'nextNode': const nesnesinin ba┼şlat─▒lmas─▒ gerekiyor [C:\ShadowStrike\ShadowStrike\ShadowStrike.vcxproj]
  ('/src/Shared_modules/PatternStore/aho_crsck_impl.cpp' kaynak dosyas─▒ derleniyor)
  
C:\ShadowStrike\ShadowStrike\src\Shared_modules\PatternStore\aho_crsck_impl.cpp(522,29): error C2065: 'm_nodes': bildirimi yap─▒lmam─▒┼ş tan─▒mlay─▒c─▒ [C:\ShadowStrike\ShadowStrike\ShadowStrike.vcxproj]
  ('/src/Shared_modules/PatternStore/aho_crsck_impl.cpp' kaynak dosyas─▒ derleniyor)
  
C:\ShadowStrike\ShadowStrike\src\Shared_modules\PatternStore\aho_crsck_impl.cpp(537,27): error C2065: 'm_nodes': bildirimi yap─▒lmam─▒┼ş tan─▒mlay─▒c─▒ [C:\ShadowStrike\ShadowStrike\ShadowStrike.vcxproj]
  ('/src/Shared_modules/PatternStore/aho_crsck_impl.cpp' kaynak dosyas─▒ derleniyor)
  
C:\ShadowStrike\ShadowStrike\src\Shared_modules\PatternStore\aho_crsck_impl.cpp(538,35): error C2065: 'm_nodes': bildirimi yap─▒lmam─▒┼ş tan─▒mlay─▒c─▒ [C:\ShadowStrike\ShadowStrike\ShadowStrike.vcxproj]
  ('/src/Shared_modules/PatternStore/aho_crsck_impl.cpp' kaynak dosyas─▒ derleniyor)
  
C:\ShadowStrike\ShadowStrike\src\Shared_modules\PatternStore\aho_crsck_impl.cpp(538,33): error C2530: 'outputs': ba┼şvurular─▒n ba┼şlat─▒lmas─▒ gerekir [C:\ShadowStrike\ShadowStrike\ShadowStrike.vcxproj]
  ('/src/Shared_modules/PatternStore/aho_crsck_impl.cpp' kaynak dosyas─▒ derleniyor)
  
C:\ShadowStrike\ShadowStrike\src\Shared_modules\HashStore\HashStore.cpp(530,17): error C2065: 'bucket': bildirimi yap─▒lmam─▒┼ş tan─▒mlay─▒c─▒ [C:\ShadowStrike\ShadowStrike\ShadowStrike.vcxproj]
  ('/src/Shared_modules/HashStore/HashStore.cpp' kaynak dosyas─▒ derleniyor)
  
C:\ShadowStrike\ShadowStrike\src\Shared_modules\HashStore\HashBucket_impl.cpp(148,13): error C2065: 'm_bucketSize': bildirimi yap─▒lmam─▒┼ş tan─▒mlay─▒c─▒ [C:\ShadowStrike\ShadowStrike\ShadowStrike.vcxproj]
  ('/src/Shared_modules/HashStore/HashBucket_impl.cpp' kaynak dosyas─▒ derleniyor)
  
C:\ShadowStrike\ShadowStrike\src\Shared_modules\PatternStore\aho_crsck_impl.cpp(540,18): error C3536: 'outputs': ba┼şlat─▒lmadan ├Ânce kullan─▒lamaz [C:\ShadowStrike\ShadowStrike\ShadowStrike.vcxproj]
  ('/src/Shared_modules/PatternStore/aho_crsck_impl.cpp' kaynak dosyas─▒ derleniyor)
  
C:\ShadowStrike\ShadowStrike\src\Shared_modules\HashStore\HashBucket_impl.cpp(152,18): error C2065: 'm_index': bildirimi yap─▒lmam─▒┼ş tan─▒mlay─▒c─▒ [C:\ShadowStrike\ShadowStrike\ShadowStrike.vcxproj]
  ('/src/Shared_modules/HashStore/HashBucket_impl.cpp' kaynak dosyas─▒ derleniyor)
  
C:\ShadowStrike\ShadowStrike\src\Shared_modules\PatternStore\aho_crsck_impl.cpp(541,49): error C3312: ├ğa─şr─▒labilir hi├ğbir 'begin' i┼şlevi bulunamad─▒ ('<error type>' t├╝r├╝ i├ğin) [C:\ShadowStrike\ShadowStrike\ShadowStrike.vcxproj]
  ('/src/Shared_modules/PatternStore/aho_crsck_impl.cpp' kaynak dosyas─▒ derleniyor)
  
C:\ShadowStrike\ShadowStrike\src\Shared_modules\PatternStore\aho_crsck_impl.cpp(541,49): error C3312: ├ğa─şr─▒labilir hi├ğbir 'end' i┼şlevi bulunamad─▒ ('<error type>' t├╝r├╝ i├ğin) [C:\ShadowStrike\ShadowStrike\ShadowStrike.vcxproj]
  ('/src/Shared_modules/PatternStore/aho_crsck_impl.cpp' kaynak dosyas─▒ derleniyor)
  
C:\ShadowStrike\ShadowStrike\src\Shared_modules\PatternStore\aho_crsck_impl.cpp(541,37): error C2734: 'patternId': const nesne extern de─şilse ba┼şlat─▒lmal─▒d─▒r [C:\ShadowStrike\ShadowStrike\ShadowStrike.vcxproj]
  ('/src/Shared_modules/PatternStore/aho_crsck_impl.cpp' kaynak dosyas─▒ derleniyor)
  
C:\ShadowStrike\ShadowStrike\src\Shared_modules\PatternStore\aho_crsck_impl.cpp(541,47): error C2143: s├Âzdizimi hatas─▒: ';' eksik (':' ├Âncesinde) [C:\ShadowStrike\ShadowStrike\ShadowStrike.vcxproj]
  ('/src/Shared_modules/PatternStore/aho_crsck_impl.cpp' kaynak dosyas─▒ derleniyor)
  
C:\ShadowStrike\ShadowStrike\src\Shared_modules\PatternStore\aho_crsck_impl.cpp(541,56): error C2143: s├Âzdizimi hatas─▒: ';' eksik (')' ├Âncesinde) [C:\ShadowStrike\ShadowStrike\ShadowStrike.vcxproj]
  ('/src/Shared_modules/PatternStore/aho_crsck_impl.cpp' kaynak dosyas─▒ derleniyor)
  
C:\ShadowStrike\ShadowStrike\src\Shared_modules\PatternStore\aho_crsck_impl.cpp(567,8): error C2653: 'AhoCorasickAutomaton': bir s─▒n─▒f veya ad alan─▒ ad─▒ de─şil [C:\ShadowStrike\ShadowStrike\ShadowStrike.vcxproj]
  ('/src/Shared_modules/PatternStore/aho_crsck_impl.cpp' kaynak dosyas─▒ derleniyor)
  
C:\ShadowStrike\ShadowStrike\src\Shared_modules\PatternStore\aho_crsck_impl.cpp(567,30): error C2270: 'CountMatches': ├╝ye olmayan i┼şlevlerde de─şi┼ştiricilere izin verilmez [C:\ShadowStrike\ShadowStrike\ShadowStrike.vcxproj]
  ('/src/Shared_modules/PatternStore/aho_crsck_impl.cpp' kaynak dosyas─▒ derleniyor)
  
C:\ShadowStrike\ShadowStrike\src\Shared_modules\HashStore\HashBucket_impl.cpp(154,21): error C2065: 'm_index': bildirimi yap─▒lmam─▒┼ş tan─▒mlay─▒c─▒ [C:\ShadowStrike\ShadowStrike\ShadowStrike.vcxproj]
  ('/src/Shared_modules/HashStore/HashBucket_impl.cpp' kaynak dosyas─▒ derleniyor)
  
C:\ShadowStrike\ShadowStrike\src\Shared_modules\HashStore\HashBucket_impl.cpp(162,30): error C2065: 'm_index': bildirimi yap─▒lmam─▒┼ş tan─▒mlay─▒c─▒ [C:\ShadowStrike\ShadowStrike\ShadowStrike.vcxproj]
  ('/src/Shared_modules/HashStore/HashBucket_impl.cpp' kaynak dosyas─▒ derleniyor)
  
C:\ShadowStrike\ShadowStrike\src\Shared_modules\HashStore\HashBucket_impl.cpp(170,17): error C2065: 'm_bloomFilter': bildirimi yap─▒lmam─▒┼ş tan─▒mlay─▒c─▒ [C:\ShadowStrike\ShadowStrike\ShadowStrike.vcxproj]
  ('/src/Shared_modules/HashStore/HashBucket_impl.cpp' kaynak dosyas─▒ derleniyor)
  
C:\ShadowStrike\ShadowStrike\src\Shared_modules\HashStore\HashBucket_impl.cpp(170,50): error C2065: 'BloomFilter': bildirimi yap─▒lmam─▒┼ş tan─▒mlay─▒c─▒ [C:\ShadowStrike\ShadowStrike\ShadowStrike.vcxproj]
  ('/src/Shared_modules/HashStore/HashBucket_impl.cpp' kaynak dosyas─▒ derleniyor)
  
C:\ShadowStrike\ShadowStrike\src\Shared_modules\PatternStore\aho_crsck_impl.cpp(596,6): error C2653: 'AhoCorasickAutomaton': bir s─▒n─▒f veya ad alan─▒ ad─▒ de─şil [C:\ShadowStrike\ShadowStrike\ShadowStrike.vcxproj]
  ('/src/Shared_modules/PatternStore/aho_crsck_impl.cpp' kaynak dosyas─▒ derleniyor)
  
C:\ShadowStrike\ShadowStrike\src\Shared_modules\PatternStore\aho_crsck_impl.cpp(601,9): error C2065: 'm_nodes': bildirimi yap─▒lmam─▒┼ş tan─▒mlay─▒c─▒ [C:\ShadowStrike\ShadowStrike\ShadowStrike.vcxproj]
  ('/src/Shared_modules/PatternStore/aho_crsck_impl.cpp' kaynak dosyas─▒ derleniyor)
  
C:\ShadowStrike\ShadowStrike\src\Shared_modules\HashStore\HashBucket_impl.cpp(170,38): error C2672: 'std::make_unique': e┼şle┼şen a┼ş─▒r─▒ y├╝klenmi┼ş i┼şlev bulunamad─▒ [C:\ShadowStrike\ShadowStrike\ShadowStrike.vcxproj]
  ('/src/Shared_modules/HashStore/HashBucket_impl.cpp' kaynak dosyas─▒ derleniyor)
      C:\Program Files\Microsoft Visual Studio\2022\Community\VC\Tools\MSVC\14.44.35207\include\memory(3640,6):
      'void std::make_unique(_Types ...)' olabilirdi
          C:\ShadowStrike\ShadowStrike\src\Shared_modules\HashStore\HashBucket_impl.cpp(170,50):
          'std::make_unique': '_Ty' i├ğin ┼şablon ba─ş─▒ms─▒z de─şi┼şkeni ge├ğersiz, t├╝r bekleniyor
      C:\Program Files\Microsoft Visual Studio\2022\Community\VC\Tools\MSVC\14.44.35207\include\memory(3634,57):
      veya       'std::unique_ptr<_Ty,std::default_delete<_Ty>> std::make_unique(const size_t)'
          C:\ShadowStrike\ShadowStrike\src\Shared_modules\HashStore\HashBucket_impl.cpp(170,50):
          'std::make_unique': '_Ty' i├ğin ┼şablon ba─ş─▒ms─▒z de─şi┼şkeni ge├ğersiz, t├╝r bekleniyor
      C:\Program Files\Microsoft Visual Studio\2022\Community\VC\Tools\MSVC\14.44.35207\include\memory(3629,57):
      veya       'std::unique_ptr<_Ty,std::default_delete<_Ty>> std::make_unique(_Types ...)'
          C:\ShadowStrike\ShadowStrike\src\Shared_modules\HashStore\HashBucket_impl.cpp(170,50):
          'std::make_unique': '_Ty' i├ğin ┼şablon ba─ş─▒ms─▒z de─şi┼şkeni ge├ğersiz, t├╝r bekleniyor
  
C:\ShadowStrike\ShadowStrike\src\Shared_modules\HashStore\HashBucket_impl.cpp(178,13): error C2065: 'm_type': bildirimi yap─▒lmam─▒┼ş tan─▒mlay─▒c─▒ [C:\ShadowStrike\ShadowStrike\ShadowStrike.vcxproj]
  ('/src/Shared_modules/HashStore/HashBucket_impl.cpp' kaynak dosyas─▒ derleniyor)
  
C:\ShadowStrike\ShadowStrike\src\Shared_modules\HashStore\HashBucket_impl.cpp(184,33): error C2653: 'HashBucket': bir s─▒n─▒f veya ad alan─▒ ad─▒ de─şil [C:\ShadowStrike\ShadowStrike\ShadowStrike.vcxproj]
  ('/src/Shared_modules/HashStore/HashBucket_impl.cpp' kaynak dosyas─▒ derleniyor)
  
C:\ShadowStrike\ShadowStrike\src\Shared_modules\HashStore\HashBucket_impl.cpp(184,45): error C2270: 'Lookup': ├╝ye olmayan i┼şlevlerde de─şi┼ştiricilere izin verilmez [C:\ShadowStrike\ShadowStrike\ShadowStrike.vcxproj]
  ('/src/Shared_modules/HashStore/HashBucket_impl.cpp' kaynak dosyas─▒ derleniyor)
  
C:\ShadowStrike\ShadowStrike\src\Shared_modules\PatternStore\aho_crsck_impl.cpp(615,32): error C2065: 'm_nodes': bildirimi yap─▒lmam─▒┼ş tan─▒mlay─▒c─▒ [C:\ShadowStrike\ShadowStrike\ShadowStrike.vcxproj]
  ('/src/Shared_modules/PatternStore/aho_crsck_impl.cpp' kaynak dosyas─▒ derleniyor)
  
C:\ShadowStrike\ShadowStrike\src\Shared_modules\PatternStore\aho_crsck_impl.cpp(615,24): error C2737: 'child': const nesnesinin ba┼şlat─▒lmas─▒ gerekiyor [C:\ShadowStrike\ShadowStrike\ShadowStrike.vcxproj]
  ('/src/Shared_modules/PatternStore/aho_crsck_impl.cpp' kaynak dosyas─▒ derleniyor)
  
C:\ShadowStrike\ShadowStrike\src\Shared_modules\PatternStore\aho_crsck_impl.cpp(619,26): error C2065: 'm_nodes': bildirimi yap─▒lmam─▒┼ş tan─▒mlay─▒c─▒ [C:\ShadowStrike\ShadowStrike\ShadowStrike.vcxproj]
  ('/src/Shared_modules/PatternStore/aho_crsck_impl.cpp' kaynak dosyas─▒ derleniyor)
  
C:\ShadowStrike\ShadowStrike\src\Shared_modules\PatternStore\aho_crsck_impl.cpp(625,13): error C2065: 'm_nodes': bildirimi yap─▒lmam─▒┼ş tan─▒mlay─▒c─▒ [C:\ShadowStrike\ShadowStrike\ShadowStrike.vcxproj]
  ('/src/Shared_modules/PatternStore/aho_crsck_impl.cpp' kaynak dosyas─▒ derleniyor)
  
C:\ShadowStrike\ShadowStrike\src\Shared_modules\PatternStore\aho_crsck_impl.cpp(642,34): error C2065: 'm_nodes': bildirimi yap─▒lmam─▒┼ş tan─▒mlay─▒c─▒ [C:\ShadowStrike\ShadowStrike\ShadowStrike.vcxproj]
  ('/src/Shared_modules/PatternStore/aho_crsck_impl.cpp' kaynak dosyas─▒ derleniyor)
  
C:\ShadowStrike\ShadowStrike\src\Shared_modules\HashStore\HashBucket_impl.cpp(186,18): error C2065: 'm_index': bildirimi yap─▒lmam─▒┼ş tan─▒mlay─▒c─▒ [C:\ShadowStrike\ShadowStrike\ShadowStrike.vcxproj]
  ('/src/Shared_modules/HashStore/HashBucket_impl.cpp' kaynak dosyas─▒ derleniyor)
  
C:\ShadowStrike\ShadowStrike\src\Shared_modules\PatternStore\aho_crsck_impl.cpp(642,18): error C2737: 'maxIterations': const nesnesinin ba┼şlat─▒lmas─▒ gerekiyor [C:\ShadowStrike\ShadowStrike\ShadowStrike.vcxproj]
  ('/src/Shared_modules/PatternStore/aho_crsck_impl.cpp' kaynak dosyas─▒ derleniyor)
  
C:\ShadowStrike\ShadowStrike\src\Shared_modules\HashStore\HashBucket_impl.cpp(191,13): error C2065: 'm_lookupCount': bildirimi yap─▒lmam─▒┼ş tan─▒mlay─▒c─▒ [C:\ShadowStrike\ShadowStrike\ShadowStrike.vcxproj]
  ('/src/Shared_modules/HashStore/HashBucket_impl.cpp' kaynak dosyas─▒ derleniyor)
  
C:\ShadowStrike\ShadowStrike\src\Shared_modules\PatternStore\aho_crsck_impl.cpp(657,28): error C2065: 'm_nodes': bildirimi yap─▒lmam─▒┼ş tan─▒mlay─▒c─▒ [C:\ShadowStrike\ShadowStrike\ShadowStrike.vcxproj]
  ('/src/Shared_modules/PatternStore/aho_crsck_impl.cpp' kaynak dosyas─▒ derleniyor)
  
C:\ShadowStrike\ShadowStrike\src\Shared_modules\HashStore\HashBucket_impl.cpp(195,17): error C2065: 'm_bloomFilter': bildirimi yap─▒lmam─▒┼ş tan─▒mlay─▒c─▒ [C:\ShadowStrike\ShadowStrike\ShadowStrike.vcxproj]
  ('/src/Shared_modules/HashStore/HashBucket_impl.cpp' kaynak dosyas─▒ derleniyor)
  
C:\ShadowStrike\ShadowStrike\src\Shared_modules\HashStore\HashBucket_impl.cpp(195,35): error C2065: 'm_bloomFilter': bildirimi yap─▒lmam─▒┼ş tan─▒mlay─▒c─▒ [C:\ShadowStrike\ShadowStrike\ShadowStrike.vcxproj]
  ('/src/Shared_modules/HashStore/HashBucket_impl.cpp' kaynak dosyas─▒ derleniyor)
  
C:\ShadowStrike\ShadowStrike\src\Shared_modules\PatternStore\aho_crsck_impl.cpp(658,13): error C2065: 'm_nodes': bildirimi yap─▒lmam─▒┼ş tan─▒mlay─▒c─▒ [C:\ShadowStrike\ShadowStrike\ShadowStrike.vcxproj]
  ('/src/Shared_modules/PatternStore/aho_crsck_impl.cpp' kaynak dosyas─▒ derleniyor)
  
C:\ShadowStrike\ShadowStrike\src\Shared_modules\HashStore\HashBucket_impl.cpp(196,17): error C2065: 'm_bloomHits': bildirimi yap─▒lmam─▒┼ş tan─▒mlay─▒c─▒ [C:\ShadowStrike\ShadowStrike\ShadowStrike.vcxproj]
  ('/src/Shared_modules/HashStore/HashBucket_impl.cpp' kaynak dosyas─▒ derleniyor)
  
C:\ShadowStrike\ShadowStrike\src\Shared_modules\PatternStore\aho_crsck_impl.cpp(666,36): error C2065: 'm_nodes': bildirimi yap─▒lmam─▒┼ş tan─▒mlay─▒c─▒ [C:\ShadowStrike\ShadowStrike\ShadowStrike.vcxproj]
  ('/src/Shared_modules/PatternStore/aho_crsck_impl.cpp' kaynak dosyas─▒ derleniyor)
  
C:\ShadowStrike\ShadowStrike\src\Shared_modules\HashStore\HashBucket_impl.cpp(200,13): error C2065: 'm_bloomMisses': bildirimi yap─▒lmam─▒┼ş tan─▒mlay─▒c─▒ [C:\ShadowStrike\ShadowStrike\ShadowStrike.vcxproj]
  ('/src/Shared_modules/HashStore/HashBucket_impl.cpp' kaynak dosyas─▒ derleniyor)
  
C:\ShadowStrike\ShadowStrike\src\Shared_modules\PatternStore\aho_crsck_impl.cpp(666,28): error C2737: 'child': const nesnesinin ba┼şlat─▒lmas─▒ gerekiyor [C:\ShadowStrike\ShadowStrike\ShadowStrike.vcxproj]
  ('/src/Shared_modules/PatternStore/aho_crsck_impl.cpp' kaynak dosyas─▒ derleniyor)
  
C:\ShadowStrike\ShadowStrike\src\Shared_modules\PatternStore\aho_crsck_impl.cpp(674,26): error C2065: 'm_nodes': bildirimi yap─▒lmam─▒┼ş tan─▒mlay─▒c─▒ [C:\ShadowStrike\ShadowStrike\ShadowStrike.vcxproj]
  ('/src/Shared_modules/PatternStore/aho_crsck_impl.cpp' kaynak dosyas─▒ derleniyor)
  
C:\ShadowStrike\ShadowStrike\src\Shared_modules\HashStore\HashBucket_impl.cpp(203,54): error C2065: 'm_rwLock': bildirimi yap─▒lmam─▒┼ş tan─▒mlay─▒c─▒ [C:\ShadowStrike\ShadowStrike\ShadowStrike.vcxproj]
  ('/src/Shared_modules/HashStore/HashBucket_impl.cpp' kaynak dosyas─▒ derleniyor)
  
C:\ShadowStrike\ShadowStrike\src\Shared_modules\PatternStore\aho_crsck_impl.cpp(694,33): error C2065: 'm_nodes': bildirimi yap─▒lmam─▒┼ş tan─▒mlay─▒c─▒ [C:\ShadowStrike\ShadowStrike\ShadowStrike.vcxproj]
  ('/src/Shared_modules/PatternStore/aho_crsck_impl.cpp' kaynak dosyas─▒ derleniyor)
  
C:\ShadowStrike\ShadowStrike\src\Shared_modules\HashStore\HashBucket_impl.cpp(204,20): error C2065: 'm_index': bildirimi yap─▒lmam─▒┼ş tan─▒mlay─▒c─▒ [C:\ShadowStrike\ShadowStrike\ShadowStrike.vcxproj]
  ('/src/Shared_modules/HashStore/HashBucket_impl.cpp' kaynak dosyas─▒ derleniyor)
  
C:\ShadowStrike\ShadowStrike\src\Shared_modules\PatternStore\aho_crsck_impl.cpp(701,33): error C2065: 'm_nodes': bildirimi yap─▒lmam─▒┼ş tan─▒mlay─▒c─▒ [C:\ShadowStrike\ShadowStrike\ShadowStrike.vcxproj]
  ('/src/Shared_modules/PatternStore/aho_crsck_impl.cpp' kaynak dosyas─▒ derleniyor)
  
C:\ShadowStrike\ShadowStrike\src\Shared_modules\PatternStore\aho_crsck_impl.cpp(717,21): error C2065: 'm_nodes': bildirimi yap─▒lmam─▒┼ş tan─▒mlay─▒c─▒ [C:\ShadowStrike\ShadowStrike\ShadowStrike.vcxproj]
  ('/src/Shared_modules/PatternStore/aho_crsck_impl.cpp' kaynak dosyas─▒ derleniyor)
  
C:\ShadowStrike\ShadowStrike\src\Shared_modules\PatternStore\aho_crsck_impl.cpp(721,28): error C2065: 'm_nodes': bildirimi yap─▒lmam─▒┼ş tan─▒mlay─▒c─▒ [C:\ShadowStrike\ShadowStrike\ShadowStrike.vcxproj]
  ('/src/Shared_modules/PatternStore/aho_crsck_impl.cpp' kaynak dosyas─▒ derleniyor)
  
C:\ShadowStrike\ShadowStrike\src\Shared_modules\HashStore\HashBucket_impl.cpp(207,14): error C2653: 'HashBucket': bir s─▒n─▒f veya ad alan─▒ ad─▒ de─şil [C:\ShadowStrike\ShadowStrike\ShadowStrike.vcxproj]
  ('/src/Shared_modules/HashStore/HashBucket_impl.cpp' kaynak dosyas─▒ derleniyor)
  
C:\ShadowStrike\ShadowStrike\src\Shared_modules\PatternStore\aho_crsck_impl.cpp(725,40): error C2065: 'm_nodes': bildirimi yap─▒lmam─▒┼ş tan─▒mlay─▒c─▒ [C:\ShadowStrike\ShadowStrike\ShadowStrike.vcxproj]
  ('/src/Shared_modules/PatternStore/aho_crsck_impl.cpp' kaynak dosyas─▒ derleniyor)
  
C:\ShadowStrike\ShadowStrike\src\Shared_modules\HashStore\HashBucket_impl.cpp(207,26): error C2270: 'BatchLookup': ├╝ye olmayan i┼şlevlerde de─şi┼ştiricilere izin verilmez [C:\ShadowStrike\ShadowStrike\ShadowStrike.vcxproj]
  ('/src/Shared_modules/HashStore/HashBucket_impl.cpp' kaynak dosyas─▒ derleniyor)
  
C:\ShadowStrike\ShadowStrike\src\Shared_modules\PatternStore\aho_crsck_impl.cpp(725,28): error C2737: 'failChild': const nesnesinin ba┼şlat─▒lmas─▒ gerekiyor [C:\ShadowStrike\ShadowStrike\ShadowStrike.vcxproj]
  ('/src/Shared_modules/PatternStore/aho_crsck_impl.cpp' kaynak dosyas─▒ derleniyor)
  
C:\ShadowStrike\ShadowStrike\src\Shared_modules\HashStore\HashStore_mgnmnt.cpp(759,54): error C2065: 'm_globalLock': bildirimi yap─▒lmam─▒┼ş tan─▒mlay─▒c─▒ [C:\ShadowStrike\ShadowStrike\ShadowStrike.vcxproj]
  ('/src/Shared_modules/HashStore/HashStore_mgnmnt.cpp' kaynak dosyas─▒ derleniyor)
  
C:\ShadowStrike\ShadowStrike\src\Shared_modules\PatternStore\aho_crsck_impl.cpp(728,69): error C2065: 'm_nodes': bildirimi yap─▒lmam─▒┼ş tan─▒mlay─▒c─▒ [C:\ShadowStrike\ShadowStrike\ShadowStrike.vcxproj]
  ('/src/Shared_modules/PatternStore/aho_crsck_impl.cpp' kaynak dosyas─▒ derleniyor)
  
C:\ShadowStrike\ShadowStrike\src\Shared_modules\HashStore\HashStore_mgnmnt.cpp(762,13): error C2065: 'HashBucket': bildirimi yap─▒lmam─▒┼ş tan─▒mlay─▒c─▒ [C:\ShadowStrike\ShadowStrike\ShadowStrike.vcxproj]
  ('/src/Shared_modules/HashStore/HashStore_mgnmnt.cpp' kaynak dosyas─▒ derleniyor)
  
C:\ShadowStrike\ShadowStrike\src\Shared_modules\PatternStore\aho_crsck_impl.cpp(729,17): error C2065: 'm_nodes': bildirimi yap─▒lmam─▒┼ş tan─▒mlay─▒c─▒ [C:\ShadowStrike\ShadowStrike\ShadowStrike.vcxproj]
  ('/src/Shared_modules/PatternStore/aho_crsck_impl.cpp' kaynak dosyas─▒ derleniyor)
  
C:\ShadowStrike\ShadowStrike\src\Shared_modules\HashStore\HashStore_mgnmnt.cpp(762,25): error C2065: 'bucket': bildirimi yap─▒lmam─▒┼ş tan─▒mlay─▒c─▒ [C:\ShadowStrike\ShadowStrike\ShadowStrike.vcxproj]
  ('/src/Shared_modules/HashStore/HashStore_mgnmnt.cpp' kaynak dosyas─▒ derleniyor)
  
C:\ShadowStrike\ShadowStrike\src\Shared_modules\PatternStore\aho_crsck_impl.cpp(731,17): error C2065: 'm_nodes': bildirimi yap─▒lmam─▒┼ş tan─▒mlay─▒c─▒ [C:\ShadowStrike\ShadowStrike\ShadowStrike.vcxproj]
  ('/src/Shared_modules/PatternStore/aho_crsck_impl.cpp' kaynak dosyas─▒ derleniyor)
  
C:\ShadowStrike\ShadowStrike\src\Shared_modules\HashStore\HashStore_mgnmnt.cpp(762,34): error C3861: 'GetBucket': tan─▒mlay─▒c─▒ bulunamad─▒ [C:\ShadowStrike\ShadowStrike\ShadowStrike.vcxproj]
  ('/src/Shared_modules/HashStore/HashStore_mgnmnt.cpp' kaynak dosyas─▒ derleniyor)
  
C:\ShadowStrike\ShadowStrike\src\Shared_modules\PatternStore\aho_crsck_impl.cpp(741,44): error C2065: 'm_nodes': bildirimi yap─▒lmam─▒┼ş tan─▒mlay─▒c─▒ [C:\ShadowStrike\ShadowStrike\ShadowStrike.vcxproj]
  ('/src/Shared_modules/PatternStore/aho_crsck_impl.cpp' kaynak dosyas─▒ derleniyor)
  
C:\ShadowStrike\ShadowStrike\src\Shared_modules\HashStore\HashStore_mgnmnt.cpp(763,18): error C2065: 'bucket': bildirimi yap─▒lmam─▒┼ş tan─▒mlay─▒c─▒ [C:\ShadowStrike\ShadowStrike\ShadowStrike.vcxproj]
  ('/src/Shared_modules/HashStore/HashStore_mgnmnt.cpp' kaynak dosyas─▒ derleniyor)
  
C:\ShadowStrike\ShadowStrike\src\Shared_modules\PatternStore\aho_crsck_impl.cpp(741,28): error C2737: 'childFailLink': const nesnesinin ba┼şlat─▒lmas─▒ gerekiyor [C:\ShadowStrike\ShadowStrike\ShadowStrike.vcxproj]
  ('/src/Shared_modules/PatternStore/aho_crsck_impl.cpp' kaynak dosyas─▒ derleniyor)
  
C:\ShadowStrike\ShadowStrike\src\Shared_modules\PatternStore\aho_crsck_impl.cpp(743,55): error C2065: 'm_nodes': bildirimi yap─▒lmam─▒┼ş tan─▒mlay─▒c─▒ [C:\ShadowStrike\ShadowStrike\ShadowStrike.vcxproj]
  ('/src/Shared_modules/PatternStore/aho_crsck_impl.cpp' kaynak dosyas─▒ derleniyor)
  
C:\ShadowStrike\ShadowStrike\src\Shared_modules\HashStore\HashStore_mgnmnt.cpp(779,36): error C2065: 'bucket': bildirimi yap─▒lmam─▒┼ş tan─▒mlay─▒c─▒ [C:\ShadowStrike\ShadowStrike\ShadowStrike.vcxproj]
  ('/src/Shared_modules/HashStore/HashStore_mgnmnt.cpp' kaynak dosyas─▒ derleniyor)
  
C:\ShadowStrike\ShadowStrike\src\Shared_modules\PatternStore\aho_crsck_impl.cpp(743,55): error C1003: hata say─▒s─▒ 100 taneyi a┼şt─▒; derleme durduruluyor [C:\ShadowStrike\ShadowStrike\ShadowStrike.vcxproj]
  ('/src/Shared_modules/PatternStore/aho_crsck_impl.cpp' kaynak dosyas─▒ derleniyor)
  
C:\ShadowStrike\ShadowStrike\src\Shared_modules\HashStore\HashStore_mgnmnt.cpp(780,18): error C3536: 'signatureOffset': ba┼şlat─▒lmadan ├Ânce kullan─▒lamaz [C:\ShadowStrike\ShadowStrike\ShadowStrike.vcxproj]
  ('/src/Shared_modules/HashStore/HashStore_mgnmnt.cpp' kaynak dosyas─▒ derleniyor)
  
C:\ShadowStrike\ShadowStrike\src\Shared_modules\HashStore\HashStore.cpp(569,46): error C2065: 'bucketType': bildirimi yap─▒lmam─▒┼ş tan─▒mlay─▒c─▒ [C:\ShadowStrike\ShadowStrike\ShadowStrike.vcxproj]
  ('/src/Shared_modules/HashStore/HashStore.cpp' kaynak dosyas─▒ derleniyor)
  
C:\ShadowStrike\ShadowStrike\src\Shared_modules\HashStore\HashStore.cpp(570,29): error C2065: 'bucketType': bildirimi yap─▒lmam─▒┼ş tan─▒mlay─▒c─▒ [C:\ShadowStrike\ShadowStrike\ShadowStrike.vcxproj]
  ('/src/Shared_modules/HashStore/HashStore.cpp' kaynak dosyas─▒ derleniyor)
  
C:\ShadowStrike\ShadowStrike\src\Shared_modules\HashStore\HashStore.cpp(583,34): error C2065: 'bucketType': bildirimi yap─▒lmam─▒┼ş tan─▒mlay─▒c─▒ [C:\ShadowStrike\ShadowStrike\ShadowStrike.vcxproj]
  ('/src/Shared_modules/HashStore/HashStore.cpp' kaynak dosyas─▒ derleniyor)
  
C:\ShadowStrike\ShadowStrike\src\Shared_modules\HashStore\HashStore.cpp(584,21): error C2065: 'bucketType': bildirimi yap─▒lmam─▒┼ş tan─▒mlay─▒c─▒ [C:\ShadowStrike\ShadowStrike\ShadowStrike.vcxproj]
  ('/src/Shared_modules/HashStore/HashStore.cpp' kaynak dosyas─▒ derleniyor)
  
C:\ShadowStrike\ShadowStrike\src\Shared_modules\HashStore\HashStore.cpp(618,47): error C3317: 'm_buckets': bir a┼ş─▒r─▒ y├╝kleme i┼şlemi aral─▒k tabanl─▒ bir for deyiminde kullan─▒lamaz [C:\ShadowStrike\ShadowStrike\ShadowStrike.vcxproj]
  ('/src/Shared_modules/HashStore/HashStore.cpp' kaynak dosyas─▒ derleniyor)
  
C:\ShadowStrike\ShadowStrike\src\Shared_modules\HashStore\HashStore.cpp(618,45): error C2059: s├Âzdizimi hatas─▒: ':' [C:\ShadowStrike\ShadowStrike\ShadowStrike.vcxproj]
  ('/src/Shared_modules/HashStore/HashStore.cpp' kaynak dosyas─▒ derleniyor)
  
C:\ShadowStrike\ShadowStrike\src\Shared_modules\HashStore\HashStore.cpp(618,58): error C2143: s├Âzdizimi hatas─▒: ';' eksik ('{' ├Âncesinde) [C:\ShadowStrike\ShadowStrike\ShadowStrike.vcxproj]
  ('/src/Shared_modules/HashStore/HashStore.cpp' kaynak dosyas─▒ derleniyor)
  
C:\ShadowStrike\ShadowStrike\src\Shared_modules\HashStore\HashStore.cpp(619,22): error C2065: 'bucket': bildirimi yap─▒lmam─▒┼ş tan─▒mlay─▒c─▒ [C:\ShadowStrike\ShadowStrike\ShadowStrike.vcxproj]
  ('/src/Shared_modules/HashStore/HashStore.cpp' kaynak dosyas─▒ derleniyor)
  
C:\ShadowStrike\ShadowStrike\src\Shared_modules\HashStore\HashStore.cpp(624,45): error C2065: 'bucketType': bildirimi yap─▒lmam─▒┼ş tan─▒mlay─▒c─▒ [C:\ShadowStrike\ShadowStrike\ShadowStrike.vcxproj]
  ('/src/Shared_modules/HashStore/HashStore.cpp' kaynak dosyas─▒ derleniyor)
  
C:\ShadowStrike\ShadowStrike\src\Shared_modules\HashStore\HashStore.cpp(625,21): error C3536: 'it': ba┼şlat─▒lmadan ├Ânce kullan─▒lamaz [C:\ShadowStrike\ShadowStrike\ShadowStrike.vcxproj]
  ('/src/Shared_modules/HashStore/HashStore.cpp' kaynak dosyas─▒ derleniyor)
  
C:\ShadowStrike\ShadowStrike\src\Shared_modules\HashStore\HashStore.cpp(625,24): error C2446: '==': 'std::_Tree_iterator<std::_Tree_val<std::_Tree_simple_types<std::pair<const ShadowStrike::SignatureStore::HashType,std::vector<std::pair<ShadowStrike::SignatureStore::HashValue,uint64_t>,std::allocator<std::pair<ShadowStrike::SignatureStore::HashValue,uint64_t>>>>>>>' ├Â─şesinden '<error type>' ├Â─şesine d├Ân├╝┼ş├╝m yok [C:\ShadowStrike\ShadowStrike\ShadowStrike.vcxproj]
  ('/src/Shared_modules/HashStore/HashStore.cpp' kaynak dosyas─▒ derleniyor)
      C:\ShadowStrike\ShadowStrike\src\Shared_modules\HashStore\HashStore.cpp(625,43):
      Bu d├Ân├╝┼şt├╝rmeyi ger├ğekle┼ştirecek kullan─▒c─▒ tan─▒ml─▒ d├Ân├╝┼şt├╝rme i┼şleci yok veya i┼şle├ğ ├ğa─şr─▒lam─▒yor
  
C:\ShadowStrike\ShadowStrike\src\Shared_modules\HashStore\HashStore.cpp(626,21): error C2065: 'bucketType': bildirimi yap─▒lmam─▒┼ş tan─▒mlay─▒c─▒ [C:\ShadowStrike\ShadowStrike\ShadowStrike.vcxproj]
  ('/src/Shared_modules/HashStore/HashStore.cpp' kaynak dosyas─▒ derleniyor)
  
C:\ShadowStrike\ShadowStrike\src\Shared_modules\HashStore\HashBucket_impl.cpp(218,18): error C2065: 'm_index': bildirimi yap─▒lmam─▒┼ş tan─▒mlay─▒c─▒ [C:\ShadowStrike\ShadowStrike\ShadowStrike.vcxproj]
  ('/src/Shared_modules/HashStore/HashBucket_impl.cpp' kaynak dosyas─▒ derleniyor)
  
C:\ShadowStrike\ShadowStrike\src\Shared_modules\HashStore\HashStore.cpp(631,21): error C2065: 'bucket': bildirimi yap─▒lmam─▒┼ş tan─▒mlay─▒c─▒ [C:\ShadowStrike\ShadowStrike\ShadowStrike.vcxproj]
  ('/src/Shared_modules/HashStore/HashStore.cpp' kaynak dosyas─▒ derleniyor)
  
C:\ShadowStrike\ShadowStrike\src\Shared_modules\HashStore\HashStore.cpp(633,43): error C2065: 'bucket': bildirimi yap─▒lmam─▒┼ş tan─▒mlay─▒c─▒ [C:\ShadowStrike\ShadowStrike\ShadowStrike.vcxproj]
  ('/src/Shared_modules/HashStore/HashStore.cpp' kaynak dosyas─▒ derleniyor)
  
C:\ShadowStrike\ShadowStrike\src\Shared_modules\HashStore\HashBucket_impl.cpp(232,54): error C2065: 'm_rwLock': bildirimi yap─▒lmam─▒┼ş tan─▒mlay─▒c─▒ [C:\ShadowStrike\ShadowStrike\ShadowStrike.vcxproj]
  ('/src/Shared_modules/HashStore/HashBucket_impl.cpp' kaynak dosyas─▒ derleniyor)
  
C:\ShadowStrike\ShadowStrike\src\Shared_modules\HashStore\HashStore.cpp(635,25): error C2065: 'bucketType': bildirimi yap─▒lmam─▒┼ş tan─▒mlay─▒c─▒ [C:\ShadowStrike\ShadowStrike\ShadowStrike.vcxproj]
  ('/src/Shared_modules/HashStore/HashStore.cpp' kaynak dosyas─▒ derleniyor)
  
C:\ShadowStrike\ShadowStrike\src\Shared_modules\HashStore\HashBucket_impl.cpp(238,21): error C2065: 'm_bloomFilter': bildirimi yap─▒lmam─▒┼ş tan─▒mlay─▒c─▒ [C:\ShadowStrike\ShadowStrike\ShadowStrike.vcxproj]
  ('/src/Shared_modules/HashStore/HashBucket_impl.cpp' kaynak dosyas─▒ derleniyor)
  
C:\ShadowStrike\ShadowStrike\src\Shared_modules\Exploits\ROPProtection.cpp(312,5): error C2653: 'Logger': bir s─▒n─▒f veya ad alan─▒ ad─▒ de─şil [C:\ShadowStrike\ShadowStrike\ShadowStrike.vcxproj]
  ('/src/Shared_modules/Exploits/ROPProtection.cpp' kaynak dosyas─▒ derleniyor)
  
C:\ShadowStrike\ShadowStrike\src\Shared_modules\HashStore\HashStore.cpp(642,69): error C2530: 'hashes': ba┼şvurular─▒n ba┼şlat─▒lmas─▒ gerekir [C:\ShadowStrike\ShadowStrike\ShadowStrike.vcxproj]
  ('/src/Shared_modules/HashStore/HashStore.cpp' kaynak dosyas─▒ derleniyor)
  
C:\ShadowStrike\ShadowStrike\src\Shared_modules\HashStore\HashBucket_impl.cpp(238,39): error C2065: 'm_bloomFilter': bildirimi yap─▒lmam─▒┼ş tan─▒mlay─▒c─▒ [C:\ShadowStrike\ShadowStrike\ShadowStrike.vcxproj]
  ('/src/Shared_modules/HashStore/HashBucket_impl.cpp' kaynak dosyas─▒ derleniyor)
  
C:\ShadowStrike\ShadowStrike\src\Shared_modules\Exploits\ROPProtection.cpp(312,13): error C3861: 'Info': tan─▒mlay─▒c─▒ bulunamad─▒ [C:\ShadowStrike\ShadowStrike\ShadowStrike.vcxproj]
  ('/src/Shared_modules/Exploits/ROPProtection.cpp' kaynak dosyas─▒ derleniyor)
  
C:\ShadowStrike\ShadowStrike\src\Shared_modules\HashStore\HashBucket_impl.cpp(239,21): error C2065: 'm_bloomHits': bildirimi yap─▒lmam─▒┼ş tan─▒mlay─▒c─▒ [C:\ShadowStrike\ShadowStrike\ShadowStrike.vcxproj]
  ('/src/Shared_modules/HashStore/HashBucket_impl.cpp' kaynak dosyas─▒ derleniyor)
  
C:\ShadowStrike\ShadowStrike\src\Shared_modules\HashStore\HashStore.cpp(644,17): error C2065: 'bucketType': bildirimi yap─▒lmam─▒┼ş tan─▒mlay─▒c─▒ [C:\ShadowStrike\ShadowStrike\ShadowStrike.vcxproj]
  ('/src/Shared_modules/HashStore/HashStore.cpp' kaynak dosyas─▒ derleniyor)
  
C:\ShadowStrike\ShadowStrike\src\Shared_modules\HashStore\HashBucket_impl.cpp(244,17): error C2065: 'm_bloomMisses': bildirimi yap─▒lmam─▒┼ş tan─▒mlay─▒c─▒ [C:\ShadowStrike\ShadowStrike\ShadowStrike.vcxproj]
  ('/src/Shared_modules/HashStore/HashBucket_impl.cpp' kaynak dosyas─▒ derleniyor)
  
C:\ShadowStrike\ShadowStrike\src\Shared_modules\HashStore\HashStore.cpp(652,17): error C2065: 'bucket': bildirimi yap─▒lmam─▒┼ş tan─▒mlay─▒c─▒ [C:\ShadowStrike\ShadowStrike\ShadowStrike.vcxproj]
  ('/src/Shared_modules/HashStore/HashStore.cpp' kaynak dosyas─▒ derleniyor)
  
C:\ShadowStrike\ShadowStrike\src\Shared_modules\HashStore\HashBucket_impl.cpp(245,35): error C2065: 'm_index': bildirimi yap─▒lmam─▒┼ş tan─▒mlay─▒c─▒ [C:\ShadowStrike\ShadowStrike\ShadowStrike.vcxproj]
  ('/src/Shared_modules/HashStore/HashBucket_impl.cpp' kaynak dosyas─▒ derleniyor)
  
C:\ShadowStrike\ShadowStrike\src\Shared_modules\Exploits\ROPProtection.cpp(317,5): error C2653: 'Logger': bir s─▒n─▒f veya ad alan─▒ ad─▒ de─şil [C:\ShadowStrike\ShadowStrike\ShadowStrike.vcxproj]
  ('/src/Shared_modules/Exploits/ROPProtection.cpp' kaynak dosyas─▒ derleniyor)
  
C:\ShadowStrike\ShadowStrike\src\Shared_modules\HashStore\HashBucket_impl.cpp(249,14): error C2653: 'HashBucket': bir s─▒n─▒f veya ad alan─▒ ad─▒ de─şil [C:\ShadowStrike\ShadowStrike\ShadowStrike.vcxproj]
  ('/src/Shared_modules/HashStore/HashBucket_impl.cpp' kaynak dosyas─▒ derleniyor)
  
C:\ShadowStrike\ShadowStrike\src\Shared_modules\Exploits\ROPProtection.cpp(317,13): error C3861: 'Info': tan─▒mlay─▒c─▒ bulunamad─▒ [C:\ShadowStrike\ShadowStrike\ShadowStrike.vcxproj]
  ('/src/Shared_modules/Exploits/ROPProtection.cpp' kaynak dosyas─▒ derleniyor)
  
C:\ShadowStrike\ShadowStrike\src\Shared_modules\HashStore\HashBucket_impl.cpp(249,26): error C2270: 'Contains': ├╝ye olmayan i┼şlevlerde de─şi┼ştiricilere izin verilmez [C:\ShadowStrike\ShadowStrike\ShadowStrike.vcxproj]
  ('/src/Shared_modules/HashStore/HashBucket_impl.cpp' kaynak dosyas─▒ derleniyor)
  
C:\ShadowStrike\ShadowStrike\src\Shared_modules\HashStore\HashStore.cpp(655,21): error C2065: 'bucket': bildirimi yap─▒lmam─▒┼ş tan─▒mlay─▒c─▒ [C:\ShadowStrike\ShadowStrike\ShadowStrike.vcxproj]
  ('/src/Shared_modules/HashStore/HashStore.cpp' kaynak dosyas─▒ derleniyor)
  
C:\ShadowStrike\ShadowStrike\src\Shared_modules\HashStore\HashBucket_impl.cpp(253,20): error C2653: 'HashBucket': bir s─▒n─▒f veya ad alan─▒ ad─▒ de─şil [C:\ShadowStrike\ShadowStrike\ShadowStrike.vcxproj]
  ('/src/Shared_modules/HashStore/HashBucket_impl.cpp' kaynak dosyas─▒ derleniyor)
  
C:\ShadowStrike\ShadowStrike\src\Shared_modules\HashStore\HashStore.cpp(658,17): error C2065: 'bucketType': bildirimi yap─▒lmam─▒┼ş tan─▒mlay─▒c─▒ [C:\ShadowStrike\ShadowStrike\ShadowStrike.vcxproj]
  ('/src/Shared_modules/HashStore/HashStore.cpp' kaynak dosyas─▒ derleniyor)
  
C:\ShadowStrike\ShadowStrike\src\Shared_modules\HashStore\HashStore.cpp(658,17): error C2065: 'bucket': bildirimi yap─▒lmam─▒┼ş tan─▒mlay─▒c─▒ [C:\ShadowStrike\ShadowStrike\ShadowStrike.vcxproj]
  ('/src/Shared_modules/HashStore/HashStore.cpp' kaynak dosyas─▒ derleniyor)
  
C:\ShadowStrike\ShadowStrike\src\Shared_modules\HashStore\HashStore.cpp(669,41): error C2065: 'bucket': bildirimi yap─▒lmam─▒┼ş tan─▒mlay─▒c─▒ [C:\ShadowStrike\ShadowStrike\ShadowStrike.vcxproj]
  ('/src/Shared_modules/HashStore/HashStore.cpp' kaynak dosyas─▒ derleniyor)
  
C:\ShadowStrike\ShadowStrike\src\Shared_modules\Exploits\ROPProtection.cpp(324,9): error C2653: 'Logger': bir s─▒n─▒f veya ad alan─▒ ad─▒ de─şil [C:\ShadowStrike\ShadowStrike\ShadowStrike.vcxproj]
  ('/src/Shared_modules/Exploits/ROPProtection.cpp' kaynak dosyas─▒ derleniyor)
  
C:\ShadowStrike\ShadowStrike\src\Shared_modules\Exploits\ROPProtection.cpp(324,17): error C3861: 'Warn': tan─▒mlay─▒c─▒ bulunamad─▒ [C:\ShadowStrike\ShadowStrike\ShadowStrike.vcxproj]
  ('/src/Shared_modules/Exploits/ROPProtection.cpp' kaynak dosyas─▒ derleniyor)
  
C:\ShadowStrike\ShadowStrike\src\Shared_modules\HashStore\HashStore.cpp(671,21): error C2065: 'bucketType': bildirimi yap─▒lmam─▒┼ş tan─▒mlay─▒c─▒ [C:\ShadowStrike\ShadowStrike\ShadowStrike.vcxproj]
  ('/src/Shared_modules/HashStore/HashStore.cpp' kaynak dosyas─▒ derleniyor)
  
C:\ShadowStrike\ShadowStrike\src\Shared_modules\Exploits\ROPProtection.cpp(333,13): error C2653: 'Logger': bir s─▒n─▒f veya ad alan─▒ ad─▒ de─şil [C:\ShadowStrike\ShadowStrike\ShadowStrike.vcxproj]
  ('/src/Shared_modules/Exploits/ROPProtection.cpp' kaynak dosyas─▒ derleniyor)
  
C:\ShadowStrike\ShadowStrike\src\Shared_modules\HashStore\HashStore.cpp(679,30): error C2065: 'bucket': bildirimi yap─▒lmam─▒┼ş tan─▒mlay─▒c─▒ [C:\ShadowStrike\ShadowStrike\ShadowStrike.vcxproj]
  ('/src/Shared_modules/HashStore/HashStore.cpp' kaynak dosyas─▒ derleniyor)
  
C:\ShadowStrike\ShadowStrike\src\Shared_modules\Exploits\ROPProtection.cpp(333,21): error C3861: 'Error': tan─▒mlay─▒c─▒ bulunamad─▒ [C:\ShadowStrike\ShadowStrike\ShadowStrike.vcxproj]
  ('/src/Shared_modules/Exploits/ROPProtection.cpp' kaynak dosyas─▒ derleniyor)
  
C:\ShadowStrike\ShadowStrike\src\Shared_modules\HashStore\HashStore.cpp(681,21): error C2065: 'bucketType': bildirimi yap─▒lmam─▒┼ş tan─▒mlay─▒c─▒ [C:\ShadowStrike\ShadowStrike\ShadowStrike.vcxproj]
  ('/src/Shared_modules/HashStore/HashStore.cpp' kaynak dosyas─▒ derleniyor)
  
C:\ShadowStrike\ShadowStrike\src\Shared_modules\HashStore\HashBucket_impl.cpp(267,54): error C2065: 'm_rwLock': bildirimi yap─▒lmam─▒┼ş tan─▒mlay─▒c─▒ [C:\ShadowStrike\ShadowStrike\ShadowStrike.vcxproj]
  ('/src/Shared_modules/HashStore/HashBucket_impl.cpp' kaynak dosyas─▒ derleniyor)
  
C:\ShadowStrike\ShadowStrike\src\Shared_modules\Exploits\ROPProtection.cpp(342,65): error C2039: 'Instance': bir 'ShadowStrike::SignatureStore::SignatureStore' ├╝yesi de─şil [C:\ShadowStrike\ShadowStrike\ShadowStrike.vcxproj]
  ('/src/Shared_modules/Exploits/ROPProtection.cpp' kaynak dosyas─▒ derleniyor)
      C:\ShadowStrike\ShadowStrike\src\Shared_modules\SignatureStore\SignatureStore.hpp(331,15):
      'ShadowStrike::SignatureStore::SignatureStore' bildirimine bak─▒n
  
C:\ShadowStrike\ShadowStrike\src\Shared_modules\HashStore\HashBucket_impl.cpp(270,17): error C2065: 'm_bloomFilter': bildirimi yap─▒lmam─▒┼ş tan─▒mlay─▒c─▒ [C:\ShadowStrike\ShadowStrike\ShadowStrike.vcxproj]
  ('/src/Shared_modules/HashStore/HashBucket_impl.cpp' kaynak dosyas─▒ derleniyor)
  
C:\ShadowStrike\ShadowStrike\src\Shared_modules\Exploits\ROPProtection.cpp(342,65): error C3861: 'Instance': tan─▒mlay─▒c─▒ bulunamad─▒ [C:\ShadowStrike\ShadowStrike\ShadowStrike.vcxproj]
  ('/src/Shared_modules/Exploits/ROPProtection.cpp' kaynak dosyas─▒ derleniyor)
  
C:\ShadowStrike\ShadowStrike\src\Shared_modules\HashStore\HashBucket_impl.cpp(271,17): error C2065: 'm_bloomFilter': bildirimi yap─▒lmam─▒┼ş tan─▒mlay─▒c─▒ [C:\ShadowStrike\ShadowStrike\ShadowStrike.vcxproj]
  ('/src/Shared_modules/HashStore/HashBucket_impl.cpp' kaynak dosyas─▒ derleniyor)
  
C:\ShadowStrike\ShadowStrike\src\Shared_modules\HashStore\HashStore.cpp(690,17): error C2065: 'bucketType': bildirimi yap─▒lmam─▒┼ş tan─▒mlay─▒c─▒ [C:\ShadowStrike\ShadowStrike\ShadowStrike.vcxproj]
  ('/src/Shared_modules/HashStore/HashStore.cpp' kaynak dosyas─▒ derleniyor)
  
C:\ShadowStrike\ShadowStrike\src\Shared_modules\Exploits\ROPProtection.cpp(344,13): error C2653: 'Logger': bir s─▒n─▒f veya ad alan─▒ ad─▒ de─şil [C:\ShadowStrike\ShadowStrike\ShadowStrike.vcxproj]
  ('/src/Shared_modules/Exploits/ROPProtection.cpp' kaynak dosyas─▒ derleniyor)
  
C:\ShadowStrike\ShadowStrike\src\Shared_modules\HashStore\HashBucket_impl.cpp(275,18): error C2065: 'm_index': bildirimi yap─▒lmam─▒┼ş tan─▒mlay─▒c─▒ [C:\ShadowStrike\ShadowStrike\ShadowStrike.vcxproj]
  ('/src/Shared_modules/HashStore/HashBucket_impl.cpp' kaynak dosyas─▒ derleniyor)
  
C:\ShadowStrike\ShadowStrike\src\Shared_modules\HashStore\HashStore.cpp(701,41): error C3317: 'm_buckets': bir a┼ş─▒r─▒ y├╝kleme i┼şlemi aral─▒k tabanl─▒ bir for deyiminde kullan─▒lamaz [C:\ShadowStrike\ShadowStrike\ShadowStrike.vcxproj]
  ('/src/Shared_modules/HashStore/HashStore.cpp' kaynak dosyas─▒ derleniyor)
  
C:\ShadowStrike\ShadowStrike\src\Shared_modules\Exploits\ROPProtection.cpp(344,21): error C3861: 'Warn': tan─▒mlay─▒c─▒ bulunamad─▒ [C:\ShadowStrike\ShadowStrike\ShadowStrike.vcxproj]
  ('/src/Shared_modules/Exploits/ROPProtection.cpp' kaynak dosyas─▒ derleniyor)
  
C:\ShadowStrike\ShadowStrike\src\Shared_modules\HashStore\HashStore.cpp(701,39): error C2059: s├Âzdizimi hatas─▒: ':' [C:\ShadowStrike\ShadowStrike\ShadowStrike.vcxproj]
  ('/src/Shared_modules/HashStore/HashStore.cpp' kaynak dosyas─▒ derleniyor)
  
C:\ShadowStrike\ShadowStrike\src\Shared_modules\HashStore\HashBucket_impl.cpp(281,20): error C2065: 'm_index': bildirimi yap─▒lmam─▒┼ş tan─▒mlay─▒c─▒ [C:\ShadowStrike\ShadowStrike\ShadowStrike.vcxproj]
  ('/src/Shared_modules/HashStore/HashBucket_impl.cpp' kaynak dosyas─▒ derleniyor)
  
C:\ShadowStrike\ShadowStrike\src\Shared_modules\HashStore\HashStore.cpp(701,52): error C2143: s├Âzdizimi hatas─▒: ';' eksik ('{' ├Âncesinde) [C:\ShadowStrike\ShadowStrike\ShadowStrike.vcxproj]
  ('/src/Shared_modules/HashStore/HashStore.cpp' kaynak dosyas─▒ derleniyor)
  
C:\ShadowStrike\ShadowStrike\src\Shared_modules\HashStore\HashStore.cpp(702,22): error C2065: 'bucket': bildirimi yap─▒lmam─▒┼ş tan─▒mlay─▒c─▒ [C:\ShadowStrike\ShadowStrike\ShadowStrike.vcxproj]
  ('/src/Shared_modules/HashStore/HashStore.cpp' kaynak dosyas─▒ derleniyor)
  
C:\ShadowStrike\ShadowStrike\src\Shared_modules\HashStore\HashBucket_impl.cpp(284,20): error C2653: 'HashBucket': bir s─▒n─▒f veya ad alan─▒ ad─▒ de─şil [C:\ShadowStrike\ShadowStrike\ShadowStrike.vcxproj]
  ('/src/Shared_modules/HashStore/HashBucket_impl.cpp' kaynak dosyas─▒ derleniyor)
  
C:\ShadowStrike\ShadowStrike\src\Shared_modules\HashStore\HashStore.cpp(704,39): error C2065: 'bucket': bildirimi yap─▒lmam─▒┼ş tan─▒mlay─▒c─▒ [C:\ShadowStrike\ShadowStrike\ShadowStrike.vcxproj]
  ('/src/Shared_modules/HashStore/HashStore.cpp' kaynak dosyas─▒ derleniyor)
  
C:\ShadowStrike\ShadowStrike\src\Shared_modules\HashStore\HashBucket_impl.cpp(286,18): error C2065: 'm_index': bildirimi yap─▒lmam─▒┼ş tan─▒mlay─▒c─▒ [C:\ShadowStrike\ShadowStrike\ShadowStrike.vcxproj]
  ('/src/Shared_modules/HashStore/HashBucket_impl.cpp' kaynak dosyas─▒ derleniyor)
  
C:\ShadowStrike\ShadowStrike\src\Shared_modules\HashStore\HashStore.cpp(706,21): error C2065: 'type': bildirimi yap─▒lmam─▒┼ş tan─▒mlay─▒c─▒ [C:\ShadowStrike\ShadowStrike\ShadowStrike.vcxproj]
  ('/src/Shared_modules/HashStore/HashStore.cpp' kaynak dosyas─▒ derleniyor)
  
C:\ShadowStrike\ShadowStrike\src\Shared_modules\HashStore\HashBucket_impl.cpp(291,54): error C2065: 'm_rwLock': bildirimi yap─▒lmam─▒┼ş tan─▒mlay─▒c─▒ [C:\ShadowStrike\ShadowStrike\ShadowStrike.vcxproj]
  ('/src/Shared_modules/HashStore/HashBucket_impl.cpp' kaynak dosyas─▒ derleniyor)
  
C:\ShadowStrike\ShadowStrike\src\Shared_modules\HashStore\HashStore.cpp(723,32): error C2737: 'freq': const nesnesinin ba┼şlat─▒lmas─▒ gerekiyor [C:\ShadowStrike\ShadowStrike\ShadowStrike.vcxproj]
  ('/src/Shared_modules/HashStore/HashStore.cpp' kaynak dosyas─▒ derleniyor)
  
C:\ShadowStrike\ShadowStrike\src\Shared_modules\HashStore\HashBucket_impl.cpp(296,20): error C2065: 'm_index': bildirimi yap─▒lmam─▒┼ş tan─▒mlay─▒c─▒ [C:\ShadowStrike\ShadowStrike\ShadowStrike.vcxproj]
  ('/src/Shared_modules/HashStore/HashBucket_impl.cpp' kaynak dosyas─▒ derleniyor)
  
C:\ShadowStrike\ShadowStrike\src\Shared_modules\HashStore\HashStore.cpp(731,38): error C3861: 'GetStatistics': tan─▒mlay─▒c─▒ bulunamad─▒ [C:\ShadowStrike\ShadowStrike\ShadowStrike.vcxproj]
  ('/src/Shared_modules/HashStore/HashStore.cpp' kaynak dosyas─▒ derleniyor)
  
C:\ShadowStrike\ShadowStrike\src\Shared_modules\HashStore\HashBucket_impl.cpp(299,20): error C2653: 'HashBucket': bir s─▒n─▒f veya ad alan─▒ ad─▒ de─şil [C:\ShadowStrike\ShadowStrike\ShadowStrike.vcxproj]
  ('/src/Shared_modules/HashStore/HashBucket_impl.cpp' kaynak dosyas─▒ derleniyor)
  
C:\ShadowStrike\ShadowStrike\src\Shared_modules\HashStore\HashStore.cpp(757,13): error C3861: 'ClearCache': tan─▒mlay─▒c─▒ bulunamad─▒ [C:\ShadowStrike\ShadowStrike\ShadowStrike.vcxproj]
  ('/src/Shared_modules/HashStore/HashStore.cpp' kaynak dosyas─▒ derleniyor)
  
C:\ShadowStrike\ShadowStrike\src\Shared_modules\Exploits\ROPProtection.cpp(372,9): error C2653: 'Logger': bir s─▒n─▒f veya ad alan─▒ ad─▒ de─şil [C:\ShadowStrike\ShadowStrike\ShadowStrike.vcxproj]
  ('/src/Shared_modules/Exploits/ROPProtection.cpp' kaynak dosyas─▒ derleniyor)
  
C:\ShadowStrike\ShadowStrike\src\Shared_modules\Exploits\ROPProtection.cpp(372,79): error C3861: 'GetVersionString': tan─▒mlay─▒c─▒ bulunamad─▒ [C:\ShadowStrike\ShadowStrike\ShadowStrike.vcxproj]
  ('/src/Shared_modules/Exploits/ROPProtection.cpp' kaynak dosyas─▒ derleniyor)
  
C:\ShadowStrike\ShadowStrike\src\Shared_modules\Exploits\ROPProtection.cpp(372,17): error C3861: 'Info': tan─▒mlay─▒c─▒ bulunamad─▒ [C:\ShadowStrike\ShadowStrike\ShadowStrike.vcxproj]
  ('/src/Shared_modules/Exploits/ROPProtection.cpp' kaynak dosyas─▒ derleniyor)
  
C:\ShadowStrike\ShadowStrike\src\Shared_modules\Exploits\ROPProtection.cpp(373,9): error C2653: 'Logger': bir s─▒n─▒f veya ad alan─▒ ad─▒ de─şil [C:\ShadowStrike\ShadowStrike\ShadowStrike.vcxproj]
  ('/src/Shared_modules/Exploits/ROPProtection.cpp' kaynak dosyas─▒ derleniyor)
  
C:\ShadowStrike\ShadowStrike\src\Shared_modules\HashStore\HashStore.cpp(764,31): error C2039: 'Compact': bir 'ShadowStrike::HashStore' ├╝yesi de─şil [C:\ShadowStrike\ShadowStrike\ShadowStrike.vcxproj]
  ('/src/Shared_modules/HashStore/HashStore.cpp' kaynak dosyas─▒ derleniyor)
      C:\ShadowStrike\ShadowStrike\src\Shared_modules\HashStore\HashStore.hpp(66,11):
      'ShadowStrike::HashStore' bildirimine bak─▒n
  
C:\ShadowStrike\ShadowStrike\src\Shared_modules\Exploits\ROPProtection.cpp(373,17): error C3861: 'Info': tan─▒mlay─▒c─▒ bulunamad─▒ [C:\ShadowStrike\ShadowStrike\ShadowStrike.vcxproj]
  ('/src/Shared_modules/Exploits/ROPProtection.cpp' kaynak dosyas─▒ derleniyor)
  
C:\ShadowStrike\ShadowStrike\src\Shared_modules\Exploits\ROPProtection.cpp(374,9): error C2653: 'Logger': bir s─▒n─▒f veya ad alan─▒ ad─▒ de─şil [C:\ShadowStrike\ShadowStrike\ShadowStrike.vcxproj]
  ('/src/Shared_modules/Exploits/ROPProtection.cpp' kaynak dosyas─▒ derleniyor)
  
C:\ShadowStrike\ShadowStrike\src\Shared_modules\Exploits\ROPProtection.cpp(374,17): error C3861: 'Info': tan─▒mlay─▒c─▒ bulunamad─▒ [C:\ShadowStrike\ShadowStrike\ShadowStrike.vcxproj]
  ('/src/Shared_modules/Exploits/ROPProtection.cpp' kaynak dosyas─▒ derleniyor)
  
C:\ShadowStrike\ShadowStrike\src\Shared_modules\HashStore\HashStore.cpp(785,54): error C2065: 'm_globalLock': bildirimi yap─▒lmam─▒┼ş tan─▒mlay─▒c─▒ [C:\ShadowStrike\ShadowStrike\ShadowStrike.vcxproj]
  ('/src/Shared_modules/HashStore/HashStore.cpp' kaynak dosyas─▒ derleniyor)
  
C:\ShadowStrike\ShadowStrike\src\Shared_modules\Exploits\ROPProtection.cpp(379,9): error C2653: 'Logger': bir s─▒n─▒f veya ad alan─▒ ad─▒ de─şil [C:\ShadowStrike\ShadowStrike\ShadowStrike.vcxproj]
  ('/src/Shared_modules/Exploits/ROPProtection.cpp' kaynak dosyas─▒ derleniyor)
  
C:\ShadowStrike\ShadowStrike\src\Shared_modules\Exploits\ROPProtection.cpp(379,17): error C3861: 'Critical': tan─▒mlay─▒c─▒ bulunamad─▒ [C:\ShadowStrike\ShadowStrike\ShadowStrike.vcxproj]
  ('/src/Shared_modules/Exploits/ROPProtection.cpp' kaynak dosyas─▒ derleniyor)
  
C:\ShadowStrike\ShadowStrike\src\Shared_modules\HashStore\HashStore.cpp(798,32): error C3861: 'GetStatistics': tan─▒mlay─▒c─▒ bulunamad─▒ [C:\ShadowStrike\ShadowStrike\ShadowStrike.vcxproj]
  ('/src/Shared_modules/HashStore/HashStore.cpp' kaynak dosyas─▒ derleniyor)
  
C:\ShadowStrike\ShadowStrike\src\Shared_modules\Exploits\ROPProtection.cpp(383,9): error C2653: 'Logger': bir s─▒n─▒f veya ad alan─▒ ad─▒ de─şil [C:\ShadowStrike\ShadowStrike\ShadowStrike.vcxproj]
  ('/src/Shared_modules/Exploits/ROPProtection.cpp' kaynak dosyas─▒ derleniyor)
  
C:\ShadowStrike\ShadowStrike\src\Shared_modules\Exploits\ROPProtection.cpp(383,17): error C3861: 'Critical': tan─▒mlay─▒c─▒ bulunamad─▒ [C:\ShadowStrike\ShadowStrike\ShadowStrike.vcxproj]
  ('/src/Shared_modules/Exploits/ROPProtection.cpp' kaynak dosyas─▒ derleniyor)
  
C:\ShadowStrike\ShadowStrike\src\Shared_modules\Exploits\ROPProtection.cpp(420,9): error C2653: 'Logger': bir s─▒n─▒f veya ad alan─▒ ad─▒ de─şil [C:\ShadowStrike\ShadowStrike\ShadowStrike.vcxproj]
  ('/src/Shared_modules/Exploits/ROPProtection.cpp' kaynak dosyas─▒ derleniyor)
  
C:\ShadowStrike\ShadowStrike\src\Shared_modules\Exploits\ROPProtection.cpp(420,17): error C3861: 'Info': tan─▒mlay─▒c─▒ bulunamad─▒ [C:\ShadowStrike\ShadowStrike\ShadowStrike.vcxproj]
  ('/src/Shared_modules/Exploits/ROPProtection.cpp' kaynak dosyas─▒ derleniyor)
  
C:\ShadowStrike\ShadowStrike\src\Shared_modules\Exploits\ROPProtection.cpp(423,9): error C2653: 'Logger': bir s─▒n─▒f veya ad alan─▒ ad─▒ de─şil [C:\ShadowStrike\ShadowStrike\ShadowStrike.vcxproj]
  ('/src/Shared_modules/Exploits/ROPProtection.cpp' kaynak dosyas─▒ derleniyor)
  
C:\ShadowStrike\ShadowStrike\src\Shared_modules\Exploits\ROPProtection.cpp(423,17): error C3861: 'Error': tan─▒mlay─▒c─▒ bulunamad─▒ [C:\ShadowStrike\ShadowStrike\ShadowStrike.vcxproj]
  ('/src/Shared_modules/Exploits/ROPProtection.cpp' kaynak dosyas─▒ derleniyor)
  
C:\ShadowStrike\ShadowStrike\src\Shared_modules\Exploits\ROPProtection.cpp(425,9): error C2653: 'Logger': bir s─▒n─▒f veya ad alan─▒ ad─▒ de─şil [C:\ShadowStrike\ShadowStrike\ShadowStrike.vcxproj]
  ('/src/Shared_modules/Exploits/ROPProtection.cpp' kaynak dosyas─▒ derleniyor)
  
C:\ShadowStrike\ShadowStrike\src\Shared_modules\Exploits\ROPProtection.cpp(425,17): error C3861: 'Error': tan─▒mlay─▒c─▒ bulunamad─▒ [C:\ShadowStrike\ShadowStrike\ShadowStrike.vcxproj]
  ('/src/Shared_modules/Exploits/ROPProtection.cpp' kaynak dosyas─▒ derleniyor)
  
C:\ShadowStrike\ShadowStrike\src\Shared_modules\Exploits\ROPProtection.cpp(433,9): error C2653: 'Logger': bir s─▒n─▒f veya ad alan─▒ ad─▒ de─şil [C:\ShadowStrike\ShadowStrike\ShadowStrike.vcxproj]
  ('/src/Shared_modules/Exploits/ROPProtection.cpp' kaynak dosyas─▒ derleniyor)
  
C:\ShadowStrike\ShadowStrike\src\Shared_modules\Exploits\ROPProtection.cpp(433,17): error C3861: 'Error': tan─▒mlay─▒c─▒ bulunamad─▒ [C:\ShadowStrike\ShadowStrike\ShadowStrike.vcxproj]
  ('/src/Shared_modules/Exploits/ROPProtection.cpp' kaynak dosyas─▒ derleniyor)
  
C:\ShadowStrike\ShadowStrike\src\Shared_modules\Exploits\ROPProtection.cpp(438,5): error C2653: 'Logger': bir s─▒n─▒f veya ad alan─▒ ad─▒ de─şil [C:\ShadowStrike\ShadowStrike\ShadowStrike.vcxproj]
  ('/src/Shared_modules/Exploits/ROPProtection.cpp' kaynak dosyas─▒ derleniyor)
  
C:\ShadowStrike\ShadowStrike\src\Shared_modules\Exploits\ROPProtection.cpp(438,13): error C3861: 'Info': tan─▒mlay─▒c─▒ bulunamad─▒ [C:\ShadowStrike\ShadowStrike\ShadowStrike.vcxproj]
  ('/src/Shared_modules/Exploits/ROPProtection.cpp' kaynak dosyas─▒ derleniyor)
  
C:\ShadowStrike\ShadowStrike\src\Shared_modules\Exploits\ROPProtection.cpp(444,5): error C2653: 'Logger': bir s─▒n─▒f veya ad alan─▒ ad─▒ de─şil [C:\ShadowStrike\ShadowStrike\ShadowStrike.vcxproj]
  ('/src/Shared_modules/Exploits/ROPProtection.cpp' kaynak dosyas─▒ derleniyor)
  
C:\ShadowStrike\ShadowStrike\src\Shared_modules\HashStore\HashStore.cpp(816,47): error C3317: 'm_buckets': bir a┼ş─▒r─▒ y├╝kleme i┼şlemi aral─▒k tabanl─▒ bir for deyiminde kullan─▒lamaz [C:\ShadowStrike\ShadowStrike\ShadowStrike.vcxproj]
  ('/src/Shared_modules/HashStore/HashStore.cpp' kaynak dosyas─▒ derleniyor)
  
C:\ShadowStrike\ShadowStrike\src\Shared_modules\Exploits\ROPProtection.cpp(444,13): error C3861: 'Info': tan─▒mlay─▒c─▒ bulunamad─▒ [C:\ShadowStrike\ShadowStrike\ShadowStrike.vcxproj]
  ('/src/Shared_modules/Exploits/ROPProtection.cpp' kaynak dosyas─▒ derleniyor)
  
C:\ShadowStrike\ShadowStrike\src\Shared_modules\HashStore\HashStore.cpp(816,45): error C2059: s├Âzdizimi hatas─▒: ':' [C:\ShadowStrike\ShadowStrike\ShadowStrike.vcxproj]
  ('/src/Shared_modules/HashStore/HashStore.cpp' kaynak dosyas─▒ derleniyor)
  
C:\ShadowStrike\ShadowStrike\src\Shared_modules\Exploits\ROPProtection.cpp(450,5): error C2653: 'Logger': bir s─▒n─▒f veya ad alan─▒ ad─▒ de─şil [C:\ShadowStrike\ShadowStrike\ShadowStrike.vcxproj]
  ('/src/Shared_modules/Exploits/ROPProtection.cpp' kaynak dosyas─▒ derleniyor)
  
C:\ShadowStrike\ShadowStrike\src\Shared_modules\HashStore\HashStore.cpp(816,58): error C2143: s├Âzdizimi hatas─▒: ';' eksik ('{' ├Âncesinde) [C:\ShadowStrike\ShadowStrike\ShadowStrike.vcxproj]
  ('/src/Shared_modules/HashStore/HashStore.cpp' kaynak dosyas─▒ derleniyor)
  
C:\ShadowStrike\ShadowStrike\src\Shared_modules\Exploits\ROPProtection.cpp(450,13): error C3861: 'Info': tan─▒mlay─▒c─▒ bulunamad─▒ [C:\ShadowStrike\ShadowStrike\ShadowStrike.vcxproj]
  ('/src/Shared_modules/Exploits/ROPProtection.cpp' kaynak dosyas─▒ derleniyor)
  
C:\ShadowStrike\ShadowStrike\src\Shared_modules\HashStore\HashStore.cpp(817,22): error C2065: 'bucket': bildirimi yap─▒lmam─▒┼ş tan─▒mlay─▒c─▒ [C:\ShadowStrike\ShadowStrike\ShadowStrike.vcxproj]
  ('/src/Shared_modules/HashStore/HashStore.cpp' kaynak dosyas─▒ derleniyor)
  
C:\ShadowStrike\ShadowStrike\src\Shared_modules\Exploits\ROPProtection.cpp(455,5): error C2653: 'Logger': bir s─▒n─▒f veya ad alan─▒ ad─▒ de─şil [C:\ShadowStrike\ShadowStrike\ShadowStrike.vcxproj]
  ('/src/Shared_modules/Exploits/ROPProtection.cpp' kaynak dosyas─▒ derleniyor)
  
C:\ShadowStrike\ShadowStrike\src\Shared_modules\HashStore\HashStore.cpp(818,21): error C2065: 'bucketType': bildirimi yap─▒lmam─▒┼ş tan─▒mlay─▒c─▒ [C:\ShadowStrike\ShadowStrike\ShadowStrike.vcxproj]
  ('/src/Shared_modules/HashStore/HashStore.cpp' kaynak dosyas─▒ derleniyor)
  
C:\ShadowStrike\ShadowStrike\src\Shared_modules\Exploits\ROPProtection.cpp(455,13): error C3861: 'Info': tan─▒mlay─▒c─▒ bulunamad─▒ [C:\ShadowStrike\ShadowStrike\ShadowStrike.vcxproj]
  ('/src/Shared_modules/Exploits/ROPProtection.cpp' kaynak dosyas─▒ derleniyor)
  
C:\ShadowStrike\ShadowStrike\src\Shared_modules\HashStore\HashStore.cpp(825,36): error C2065: 'bucket': bildirimi yap─▒lmam─▒┼ş tan─▒mlay─▒c─▒ [C:\ShadowStrike\ShadowStrike\ShadowStrike.vcxproj]
  ('/src/Shared_modules/HashStore/HashStore.cpp' kaynak dosyas─▒ derleniyor)
  
C:\ShadowStrike\ShadowStrike\src\Shared_modules\Exploits\ROPProtection.cpp(462,9): error C2653: 'Logger': bir s─▒n─▒f veya ad alan─▒ ad─▒ de─şil [C:\ShadowStrike\ShadowStrike\ShadowStrike.vcxproj]
  ('/src/Shared_modules/Exploits/ROPProtection.cpp' kaynak dosyas─▒ derleniyor)
  
C:\ShadowStrike\ShadowStrike\src\Shared_modules\HashStore\HashStore.cpp(833,21): error C2065: 'bucket': bildirimi yap─▒lmam─▒┼ş tan─▒mlay─▒c─▒ [C:\ShadowStrike\ShadowStrike\ShadowStrike.vcxproj]
  ('/src/Shared_modules/HashStore/HashStore.cpp' kaynak dosyas─▒ derleniyor)
  
C:\ShadowStrike\ShadowStrike\src\Shared_modules\Exploits\ROPProtection.cpp(462,17): error C3861: 'Error': tan─▒mlay─▒c─▒ bulunamad─▒ [C:\ShadowStrike\ShadowStrike\ShadowStrike.vcxproj]
  ('/src/Shared_modules/Exploits/ROPProtection.cpp' kaynak dosyas─▒ derleniyor)
  
C:\ShadowStrike\ShadowStrike\src\Shared_modules\HashStore\HashStore.cpp(834,37): error C2065: 'bucket': bildirimi yap─▒lmam─▒┼ş tan─▒mlay─▒c─▒ [C:\ShadowStrike\ShadowStrike\ShadowStrike.vcxproj]
  ('/src/Shared_modules/HashStore/HashStore.cpp' kaynak dosyas─▒ derleniyor)
  
C:\ShadowStrike\ShadowStrike\src\Shared_modules\Exploits\ROPProtection.cpp(467,5): error C2653: 'Logger': bir s─▒n─▒f veya ad alan─▒ ad─▒ de─şil [C:\ShadowStrike\ShadowStrike\ShadowStrike.vcxproj]
  ('/src/Shared_modules/Exploits/ROPProtection.cpp' kaynak dosyas─▒ derleniyor)
  
C:\ShadowStrike\ShadowStrike\src\Shared_modules\HashStore\HashStore.cpp(834,37): error C1003: hata say─▒s─▒ 100 taneyi a┼şt─▒; derleme durduruluyor [C:\ShadowStrike\ShadowStrike\ShadowStrike.vcxproj]
  ('/src/Shared_modules/HashStore/HashStore.cpp' kaynak dosyas─▒ derleniyor)
  
C:\ShadowStrike\ShadowStrike\src\Shared_modules\Exploits\ROPProtection.cpp(467,13): error C3861: 'Info': tan─▒mlay─▒c─▒ bulunamad─▒ [C:\ShadowStrike\ShadowStrike\ShadowStrike.vcxproj]
  ('/src/Shared_modules/Exploits/ROPProtection.cpp' kaynak dosyas─▒ derleniyor)
  
C:\ShadowStrike\ShadowStrike\src\Shared_modules\Exploits\ROPProtection.cpp(497,13): error C2653: 'Logger': bir s─▒n─▒f veya ad alan─▒ ad─▒ de─şil [C:\ShadowStrike\ShadowStrike\ShadowStrike.vcxproj]
  ('/src/Shared_modules/Exploits/ROPProtection.cpp' kaynak dosyas─▒ derleniyor)
  
C:\ShadowStrike\ShadowStrike\src\Shared_modules\Exploits\ROPProtection.cpp(497,21): error C3861: 'Warn': tan─▒mlay─▒c─▒ bulunamad─▒ [C:\ShadowStrike\ShadowStrike\ShadowStrike.vcxproj]
  ('/src/Shared_modules/Exploits/ROPProtection.cpp' kaynak dosyas─▒ derleniyor)
  
C:\ShadowStrike\ShadowStrike\src\Shared_modules\HashStore\HashBucket_impl.cpp(307,18): error C2065: 'm_index': bildirimi yap─▒lmam─▒┼ş tan─▒mlay─▒c─▒ [C:\ShadowStrike\ShadowStrike\ShadowStrike.vcxproj]
  ('/src/Shared_modules/HashStore/HashBucket_impl.cpp' kaynak dosyas─▒ derleniyor)
  
C:\ShadowStrike\ShadowStrike\src\Shared_modules\Exploits\ROPProtection.cpp(504,13): error C2653: 'Logger': bir s─▒n─▒f veya ad alan─▒ ad─▒ de─şil [C:\ShadowStrike\ShadowStrike\ShadowStrike.vcxproj]
  ('/src/Shared_modules/Exploits/ROPProtection.cpp' kaynak dosyas─▒ derleniyor)
  
C:\ShadowStrike\ShadowStrike\src\Shared_modules\HashStore\HashBucket_impl.cpp(312,54): error C2065: 'm_rwLock': bildirimi yap─▒lmam─▒┼ş tan─▒mlay─▒c─▒ [C:\ShadowStrike\ShadowStrike\ShadowStrike.vcxproj]
  ('/src/Shared_modules/HashStore/HashBucket_impl.cpp' kaynak dosyas─▒ derleniyor)
  
C:\ShadowStrike\ShadowStrike\src\Shared_modules\Exploits\ROPProtection.cpp(504,21): error C3861: 'Warn': tan─▒mlay─▒c─▒ bulunamad─▒ [C:\ShadowStrike\ShadowStrike\ShadowStrike.vcxproj]
  ('/src/Shared_modules/Exploits/ROPProtection.cpp' kaynak dosyas─▒ derleniyor)
  
C:\ShadowStrike\ShadowStrike\src\Shared_modules\Exploits\ROPProtection.cpp(512,9): error C2653: 'Logger': bir s─▒n─▒f veya ad alan─▒ ad─▒ de─şil [C:\ShadowStrike\ShadowStrike\ShadowStrike.vcxproj]
  ('/src/Shared_modules/Exploits/ROPProtection.cpp' kaynak dosyas─▒ derleniyor)
  
C:\ShadowStrike\ShadowStrike\src\Shared_modules\HashStore\HashBucket_impl.cpp(315,17): error C2065: 'm_bloomFilter': bildirimi yap─▒lmam─▒┼ş tan─▒mlay─▒c─▒ [C:\ShadowStrike\ShadowStrike\ShadowStrike.vcxproj]
  ('/src/Shared_modules/HashStore/HashBucket_impl.cpp' kaynak dosyas─▒ derleniyor)
  
C:\ShadowStrike\ShadowStrike\src\Shared_modules\Exploits\ROPProtection.cpp(512,17): error C3861: 'Error': tan─▒mlay─▒c─▒ bulunamad─▒ [C:\ShadowStrike\ShadowStrike\ShadowStrike.vcxproj]
  ('/src/Shared_modules/Exploits/ROPProtection.cpp' kaynak dosyas─▒ derleniyor)
  
C:\ShadowStrike\ShadowStrike\src\Shared_modules\HashStore\HashBucket_impl.cpp(317,21): error C2065: 'm_bloomFilter': bildirimi yap─▒lmam─▒┼ş tan─▒mlay─▒c─▒ [C:\ShadowStrike\ShadowStrike\ShadowStrike.vcxproj]
  ('/src/Shared_modules/HashStore/HashBucket_impl.cpp' kaynak dosyas─▒ derleniyor)
  
C:\ShadowStrike\ShadowStrike\src\Shared_modules\HashStore\HashBucket_impl.cpp(322,20): error C2065: 'm_index': bildirimi yap─▒lmam─▒┼ş tan─▒mlay─▒c─▒ [C:\ShadowStrike\ShadowStrike\ShadowStrike.vcxproj]
  ('/src/Shared_modules/HashStore/HashBucket_impl.cpp' kaynak dosyas─▒ derleniyor)
  
C:\ShadowStrike\ShadowStrike\src\Shared_modules\HashStore\HashBucket_impl.cpp(325,9): error C2653: 'HashBucket': bir s─▒n─▒f veya ad alan─▒ ad─▒ de─şil [C:\ShadowStrike\ShadowStrike\ShadowStrike.vcxproj]
  ('/src/Shared_modules/HashStore/HashBucket_impl.cpp' kaynak dosyas─▒ derleniyor)
  
C:\ShadowStrike\ShadowStrike\src\Shared_modules\HashStore\HashBucket_impl.cpp(325,38): error C2653: 'HashBucket': bir s─▒n─▒f veya ad alan─▒ ad─▒ de─şil [C:\ShadowStrike\ShadowStrike\ShadowStrike.vcxproj]
  ('/src/Shared_modules/HashStore/HashBucket_impl.cpp' kaynak dosyas─▒ derleniyor)
  
C:\ShadowStrike\ShadowStrike\src\Shared_modules\HashStore\HashBucket_impl.cpp(325,21): error C4430: t├╝r belirticisi eksik - int varsay─▒ld─▒. Not: C++ varsay─▒lan int deste─şi i├ğermez [C:\ShadowStrike\ShadowStrike\ShadowStrike.vcxproj]
  ('/src/Shared_modules/HashStore/HashBucket_impl.cpp' kaynak dosyas─▒ derleniyor)
  
C:\ShadowStrike\ShadowStrike\src\Shared_modules\HashStore\HashBucket_impl.cpp(325,50): error C2146: s├Âzdizimi hatas─▒: ';' eksik ('GetStatistics' tan─▒mlay─▒c─▒s─▒ndan ├Ânce) [C:\ShadowStrike\ShadowStrike\ShadowStrike.vcxproj]
  ('/src/Shared_modules/HashStore/HashBucket_impl.cpp' kaynak dosyas─▒ derleniyor)
  
C:\ShadowStrike\ShadowStrike\src\Shared_modules\HashStore\HashBucket_impl.cpp(325,81): error C2143: s├Âzdizimi hatas─▒: ';' eksik ('{' ├Âncesinde) [C:\ShadowStrike\ShadowStrike\ShadowStrike.vcxproj]
  ('/src/Shared_modules/HashStore/HashBucket_impl.cpp' kaynak dosyas─▒ derleniyor)
  
C:\ShadowStrike\ShadowStrike\src\Shared_modules\HashStore\HashBucket_impl.cpp(325,81): error C2447: '{': i┼şlev ├╝stbilgisi eksik (eski tarzda bi├ğimsel liste mi?) [C:\ShadowStrike\ShadowStrike\ShadowStrike.vcxproj]
  ('/src/Shared_modules/HashStore/HashBucket_impl.cpp' kaynak dosyas─▒ derleniyor)
  
C:\ShadowStrike\ShadowStrike\src\Shared_modules\Exploits\ROPProtection.cpp(562,25): error C2653: 'Logger': bir s─▒n─▒f veya ad alan─▒ ad─▒ de─şil [C:\ShadowStrike\ShadowStrike\ShadowStrike.vcxproj]
  ('/src/Shared_modules/Exploits/ROPProtection.cpp' kaynak dosyas─▒ derleniyor)
  
C:\ShadowStrike\ShadowStrike\src\Shared_modules\HashStore\HashBucket_impl.cpp(341,14): error C2653: 'HashBucket': bir s─▒n─▒f veya ad alan─▒ ad─▒ de─şil [C:\ShadowStrike\ShadowStrike\ShadowStrike.vcxproj]
  ('/src/Shared_modules/HashStore/HashBucket_impl.cpp' kaynak dosyas─▒ derleniyor)
  
C:\ShadowStrike\ShadowStrike\src\Shared_modules\Exploits\ROPProtection.cpp(562,33): error C3861: 'Warn': tan─▒mlay─▒c─▒ bulunamad─▒ [C:\ShadowStrike\ShadowStrike\ShadowStrike.vcxproj]
  ('/src/Shared_modules/Exploits/ROPProtection.cpp' kaynak dosyas─▒ derleniyor)
  
C:\ShadowStrike\ShadowStrike\src\Shared_modules\HashStore\HashBucket_impl.cpp(342,13): error C2065: 'm_lookupCount': bildirimi yap─▒lmam─▒┼ş tan─▒mlay─▒c─▒ [C:\ShadowStrike\ShadowStrike\ShadowStrike.vcxproj]
  ('/src/Shared_modules/HashStore/HashBucket_impl.cpp' kaynak dosyas─▒ derleniyor)
  
C:\ShadowStrike\ShadowStrike\src\Shared_modules\HashStore\HashBucket_impl.cpp(343,13): error C2065: 'm_bloomHits': bildirimi yap─▒lmam─▒┼ş tan─▒mlay─▒c─▒ [C:\ShadowStrike\ShadowStrike\ShadowStrike.vcxproj]
  ('/src/Shared_modules/HashStore/HashBucket_impl.cpp' kaynak dosyas─▒ derleniyor)
  
C:\ShadowStrike\ShadowStrike\src\Shared_modules\Exploits\ROPProtection.cpp(587,17): error C2653: 'Logger': bir s─▒n─▒f veya ad alan─▒ ad─▒ de─şil [C:\ShadowStrike\ShadowStrike\ShadowStrike.vcxproj]
  ('/src/Shared_modules/Exploits/ROPProtection.cpp' kaynak dosyas─▒ derleniyor)
  
C:\ShadowStrike\ShadowStrike\src\Shared_modules\HashStore\HashBucket_impl.cpp(344,13): error C2065: 'm_bloomMisses': bildirimi yap─▒lmam─▒┼ş tan─▒mlay─▒c─▒ [C:\ShadowStrike\ShadowStrike\ShadowStrike.vcxproj]
  ('/src/Shared_modules/HashStore/HashBucket_impl.cpp' kaynak dosyas─▒ derleniyor)
  
C:\ShadowStrike\ShadowStrike\src\Shared_modules\Exploits\ROPProtection.cpp(587,25): error C3861: 'Warn': tan─▒mlay─▒c─▒ bulunamad─▒ [C:\ShadowStrike\ShadowStrike\ShadowStrike.vcxproj]
  ('/src/Shared_modules/Exploits/ROPProtection.cpp' kaynak dosyas─▒ derleniyor)
  
C:\ShadowStrike\ShadowStrike\src\Shared_modules\Exploits\ROPProtection.cpp(613,9): error C2653: 'Logger': bir s─▒n─▒f veya ad alan─▒ ad─▒ de─şil [C:\ShadowStrike\ShadowStrike\ShadowStrike.vcxproj]
  ('/src/Shared_modules/Exploits/ROPProtection.cpp' kaynak dosyas─▒ derleniyor)
  
C:\ShadowStrike\ShadowStrike\src\Shared_modules\Exploits\ROPProtection.cpp(613,17): error C3861: 'Error': tan─▒mlay─▒c─▒ bulunamad─▒ [C:\ShadowStrike\ShadowStrike\ShadowStrike.vcxproj]
  ('/src/Shared_modules/Exploits/ROPProtection.cpp' kaynak dosyas─▒ derleniyor)
  
C:\ShadowStrike\ShadowStrike\src\Shared_modules\Exploits\ROPProtection.cpp(631,30): error C2280: 'ShadowStrike::Exploits::ProtectedApiInfo &ShadowStrike::Exploits::ProtectedApiInfo::operator =(const ShadowStrike::Exploits::ProtectedApiInfo &)': silinmi┼ş bir i┼şleve ba┼şvurmaya ├ğal─▒┼ş─▒yor [C:\ShadowStrike\ShadowStrike\ShadowStrike.vcxproj]
  ('/src/Shared_modules/Exploits/ROPProtection.cpp' kaynak dosyas─▒ derleniyor)
      C:\ShadowStrike\ShadowStrike\src\Shared_modules\Exploits\ROPProtection.hpp(407,1):
      derleyici burada 'ShadowStrike::Exploits::ProtectedApiInfo::operator =' olu┼şturdu
      C:\ShadowStrike\ShadowStrike\src\Shared_modules\Exploits\ROPProtection.hpp(407,1):
      'ShadowStrike::Exploits::ProtectedApiInfo &ShadowStrike::Exploits::ProtectedApiInfo::operator =(const ShadowStrike::Exploits::ProtectedApiInfo &)': veri ├╝yesi, silinmi┼ş veya eri┼şilemeyen 'std::atomic<unsigned __int64> &std::atomic<unsigned __int64>::operator =(const std::atomic<unsigned __int64> &)' i┼şlevini ├ğa─ş─▒rd─▒─ş─▒ndan i┼şlev ├Ârt├╝k olarak silindi
  
C:\ShadowStrike\ShadowStrike\src\Shared_modules\Exploits\ROPProtection.cpp(634,9): error C2653: 'Logger': bir s─▒n─▒f veya ad alan─▒ ad─▒ de─şil [C:\ShadowStrike\ShadowStrike\ShadowStrike.vcxproj]
  ('/src/Shared_modules/Exploits/ROPProtection.cpp' kaynak dosyas─▒ derleniyor)
  
C:\ShadowStrike\ShadowStrike\src\Shared_modules\Exploits\ROPProtection.cpp(634,17): error C3861: 'Info': tan─▒mlay─▒c─▒ bulunamad─▒ [C:\ShadowStrike\ShadowStrike\ShadowStrike.vcxproj]
  ('/src/Shared_modules/Exploits/ROPProtection.cpp' kaynak dosyas─▒ derleniyor)
  
C:\ShadowStrike\ShadowStrike\src\Shared_modules\Performance\DiskMonitor.cpp(488,9): error C2280: 'ShadowStrike::Performance::DiskMonitorModuleStats::DiskMonitorModuleStats(const ShadowStrike::Performance::DiskMonitorModuleStats &)': silinmi┼ş bir i┼şleve ba┼şvurmaya ├ğal─▒┼ş─▒yor [C:\ShadowStrike\ShadowStrike\ShadowStrike.vcxproj]
  ('/src/Shared_modules/Performance/DiskMonitor.cpp' kaynak dosyas─▒ derleniyor)
      C:\ShadowStrike\ShadowStrike\src\Shared_modules\Performance\DiskMonitor.hpp(224,1):
      derleyici burada 'ShadowStrike::Performance::DiskMonitorModuleStats::DiskMonitorModuleStats' olu┼şturdu
      C:\ShadowStrike\ShadowStrike\src\Shared_modules\Performance\DiskMonitor.hpp(224,1):
      'ShadowStrike::Performance::DiskMonitorModuleStats::DiskMonitorModuleStats(const ShadowStrike::Performance::DiskMonitorModuleStats &)': veri ├╝yesi, silinmi┼ş veya eri┼şilemeyen 'std::atomic<unsigned __int64>::atomic(const std::atomic<unsigned __int64> &)' i┼şlevini ├ğa─ş─▒rd─▒─ş─▒ndan i┼şlev ├Ârt├╝k olarak silindi
  
C:\ShadowStrike\ShadowStrike\src\Shared_modules\Exploits\ROPProtection.cpp(642,5): error C2653: 'Logger': bir s─▒n─▒f veya ad alan─▒ ad─▒ de─şil [C:\ShadowStrike\ShadowStrike\ShadowStrike.vcxproj]
  ('/src/Shared_modules/Exploits/ROPProtection.cpp' kaynak dosyas─▒ derleniyor)
  
C:\ShadowStrike\ShadowStrike\src\Shared_modules\Exploits\ROPProtection.cpp(642,13): error C3861: 'Info': tan─▒mlay─▒c─▒ bulunamad─▒ [C:\ShadowStrike\ShadowStrike\ShadowStrike.vcxproj]
  ('/src/Shared_modules/Exploits/ROPProtection.cpp' kaynak dosyas─▒ derleniyor)
  
C:\ShadowStrike\ShadowStrike\src\Shared_modules\Performance\DiskMonitor.cpp(577,20): error C2039: 'IsInitialized': bir 'ShadowStrike::Performance::DiskMonitorImpl' ├╝yesi de─şil [C:\ShadowStrike\ShadowStrike\ShadowStrike.vcxproj]
  ('/src/Shared_modules/Performance/DiskMonitor.cpp' kaynak dosyas─▒ derleniyor)
      C:\ShadowStrike\ShadowStrike\src\Shared_modules\Performance\DiskMonitor.cpp(185,7):
      'ShadowStrike::Performance::DiskMonitorImpl' bildirimine bak─▒n
  
C:\ShadowStrike\ShadowStrike\src\Shared_modules\Exploits\ROPProtection.cpp(672,13): error C2653: 'Logger': bir s─▒n─▒f veya ad alan─▒ ad─▒ de─şil [C:\ShadowStrike\ShadowStrike\ShadowStrike.vcxproj]
  ('/src/Shared_modules/Exploits/ROPProtection.cpp' kaynak dosyas─▒ derleniyor)
  
C:\ShadowStrike\ShadowStrike\src\Shared_modules\Exploits\ROPProtection.cpp(672,21): error C3861: 'Warn': tan─▒mlay─▒c─▒ bulunamad─▒ [C:\ShadowStrike\ShadowStrike\ShadowStrike.vcxproj]
  ('/src/Shared_modules/Exploits/ROPProtection.cpp' kaynak dosyas─▒ derleniyor)
  
C:\ShadowStrike\ShadowStrike\src\Shared_modules\Exploits\ROPProtection.cpp(688,9): error C2653: 'Logger': bir s─▒n─▒f veya ad alan─▒ ad─▒ de─şil [C:\ShadowStrike\ShadowStrike\ShadowStrike.vcxproj]
  ('/src/Shared_modules/Exploits/ROPProtection.cpp' kaynak dosyas─▒ derleniyor)
  
C:\ShadowStrike\ShadowStrike\src\Shared_modules\Exploits\ROPProtection.cpp(688,17): error C3861: 'Error': tan─▒mlay─▒c─▒ bulunamad─▒ [C:\ShadowStrike\ShadowStrike\ShadowStrike.vcxproj]
  ('/src/Shared_modules/Exploits/ROPProtection.cpp' kaynak dosyas─▒ derleniyor)
  
C:\ShadowStrike\ShadowStrike\src\Shared_modules\Exploits\ROPProtection.cpp(700,13): error C2653: 'Logger': bir s─▒n─▒f veya ad alan─▒ ad─▒ de─şil [C:\ShadowStrike\ShadowStrike\ShadowStrike.vcxproj]
  ('/src/Shared_modules/Exploits/ROPProtection.cpp' kaynak dosyas─▒ derleniyor)
  
C:\ShadowStrike\ShadowStrike\src\Shared_modules\Exploits\ROPProtection.cpp(700,21): error C3861: 'Warn': tan─▒mlay─▒c─▒ bulunamad─▒ [C:\ShadowStrike\ShadowStrike\ShadowStrike.vcxproj]
  ('/src/Shared_modules/Exploits/ROPProtection.cpp' kaynak dosyas─▒ derleniyor)
  
C:\ShadowStrike\ShadowStrike\src\Shared_modules\Exploits\ROPProtection.cpp(710,13): error C2653: 'Logger': bir s─▒n─▒f veya ad alan─▒ ad─▒ de─şil [C:\ShadowStrike\ShadowStrike\ShadowStrike.vcxproj]
  ('/src/Shared_modules/Exploits/ROPProtection.cpp' kaynak dosyas─▒ derleniyor)
  
C:\ShadowStrike\ShadowStrike\src\Shared_modules\Exploits\ROPProtection.cpp(710,21): error C3861: 'Warn': tan─▒mlay─▒c─▒ bulunamad─▒ [C:\ShadowStrike\ShadowStrike\ShadowStrike.vcxproj]
  ('/src/Shared_modules/Exploits/ROPProtection.cpp' kaynak dosyas─▒ derleniyor)
  
C:\ShadowStrike\ShadowStrike\src\Shared_modules\Exploits\ROPProtection.cpp(723,9): error C2653: 'Logger': bir s─▒n─▒f veya ad alan─▒ ad─▒ de─şil [C:\ShadowStrike\ShadowStrike\ShadowStrike.vcxproj]
  ('/src/Shared_modules/Exploits/ROPProtection.cpp' kaynak dosyas─▒ derleniyor)
  
C:\ShadowStrike\ShadowStrike\src\Shared_modules\Exploits\ROPProtection.cpp(723,17): error C3861: 'Error': tan─▒mlay─▒c─▒ bulunamad─▒ [C:\ShadowStrike\ShadowStrike\ShadowStrike.vcxproj]
  ('/src/Shared_modules/Exploits/ROPProtection.cpp' kaynak dosyas─▒ derleniyor)
  
C:\ShadowStrike\ShadowStrike\src\Shared_modules\Exploits\ROPProtection.cpp(733,13): error C2653: 'Logger': bir s─▒n─▒f veya ad alan─▒ ad─▒ de─şil [C:\ShadowStrike\ShadowStrike\ShadowStrike.vcxproj]
  ('/src/Shared_modules/Exploits/ROPProtection.cpp' kaynak dosyas─▒ derleniyor)
  
C:\ShadowStrike\ShadowStrike\src\Shared_modules\Exploits\ROPProtection.cpp(733,21): error C3861: 'Info': tan─▒mlay─▒c─▒ bulunamad─▒ [C:\ShadowStrike\ShadowStrike\ShadowStrike.vcxproj]
  ('/src/Shared_modules/Exploits/ROPProtection.cpp' kaynak dosyas─▒ derleniyor)
  
C:\ShadowStrike\ShadowStrike\src\Shared_modules\Exploits\ROPProtection.cpp(736,9): error C2653: 'Logger': bir s─▒n─▒f veya ad alan─▒ ad─▒ de─şil [C:\ShadowStrike\ShadowStrike\ShadowStrike.vcxproj]
  ('/src/Shared_modules/Exploits/ROPProtection.cpp' kaynak dosyas─▒ derleniyor)
  
C:\ShadowStrike\ShadowStrike\src\Shared_modules\Exploits\ROPProtection.cpp(736,17): error C3861: 'Error': tan─▒mlay─▒c─▒ bulunamad─▒ [C:\ShadowStrike\ShadowStrike\ShadowStrike.vcxproj]
  ('/src/Shared_modules/Exploits/ROPProtection.cpp' kaynak dosyas─▒ derleniyor)
  
C:\ShadowStrike\ShadowStrike\src\Shared_modules\HashStore\HashStore_mgnmnt.cpp(870,17): error C2065: 'm_perfFrequency': bildirimi yap─▒lmam─▒┼ş tan─▒mlay─▒c─▒ [C:\ShadowStrike\ShadowStrike\ShadowStrike.vcxproj]
  ('/src/Shared_modules/HashStore/HashStore_mgnmnt.cpp' kaynak dosyas─▒ derleniyor)
  
C:\ShadowStrike\ShadowStrike\src\Shared_modules\HashStore\HashStore_mgnmnt.cpp(872,61): error C2065: 'm_perfFrequency': bildirimi yap─▒lmam─▒┼ş tan─▒mlay─▒c─▒ [C:\ShadowStrike\ShadowStrike\ShadowStrike.vcxproj]
  ('/src/Shared_modules/HashStore/HashStore_mgnmnt.cpp' kaynak dosyas─▒ derleniyor)
  
C:\ShadowStrike\ShadowStrike\src\Shared_modules\HashStore\HashStore_mgnmnt.cpp(872,32): error C2737: 'freq': const nesnesinin ba┼şlat─▒lmas─▒ gerekiyor [C:\ShadowStrike\ShadowStrike\ShadowStrike.vcxproj]
  ('/src/Shared_modules/HashStore/HashStore_mgnmnt.cpp' kaynak dosyas─▒ derleniyor)
  
C:\ShadowStrike\ShadowStrike\src\Shared_modules\HashStore\HashStore_mgnmnt.cpp(882,13): error C2100: '<error type>' t├╝r├╝ndeki bir i┼şlenene ba┼şvurulamaz [C:\ShadowStrike\ShadowStrike\ShadowStrike.vcxproj]
  ('/src/Shared_modules/HashStore/HashStore_mgnmnt.cpp' kaynak dosyas─▒ derleniyor)
  
C:\ShadowStrike\ShadowStrike\src\Shared_modules\HashStore\HashStore_mgnmnt.cpp(893,13): error C2065: 'm_cacheAccessCounter': bildirimi yap─▒lmam─▒┼ş tan─▒mlay─▒c─▒ [C:\ShadowStrike\ShadowStrike\ShadowStrike.vcxproj]
  ('/src/Shared_modules/HashStore/HashStore_mgnmnt.cpp' kaynak dosyas─▒ derleniyor)
  
C:\ShadowStrike\ShadowStrike\src\Shared_modules\HashStore\HashStore_mgnmnt.cpp(899,13): error C2100: '<error type>' t├╝r├╝ndeki bir i┼şlenene ba┼şvurulamaz [C:\ShadowStrike\ShadowStrike\ShadowStrike.vcxproj]
  ('/src/Shared_modules/HashStore/HashStore_mgnmnt.cpp' kaynak dosyas─▒ derleniyor)
  
C:\ShadowStrike\ShadowStrike\src\Shared_modules\Exploits\ROPProtection.cpp(795,13): error C2653: 'Logger': bir s─▒n─▒f veya ad alan─▒ ad─▒ de─şil [C:\ShadowStrike\ShadowStrike\ShadowStrike.vcxproj]
  ('/src/Shared_modules/Exploits/ROPProtection.cpp' kaynak dosyas─▒ derleniyor)
  
C:\ShadowStrike\ShadowStrike\src\Shared_modules\Exploits\ROPProtection.cpp(795,21): error C3861: 'Warn': tan─▒mlay─▒c─▒ bulunamad─▒ [C:\ShadowStrike\ShadowStrike\ShadowStrike.vcxproj]
  ('/src/Shared_modules/Exploits/ROPProtection.cpp' kaynak dosyas─▒ derleniyor)
  
C:\ShadowStrike\ShadowStrike\src\Shared_modules\Exploits\ROPProtection.cpp(818,9): error C2653: 'Logger': bir s─▒n─▒f veya ad alan─▒ ad─▒ de─şil [C:\ShadowStrike\ShadowStrike\ShadowStrike.vcxproj]
  ('/src/Shared_modules/Exploits/ROPProtection.cpp' kaynak dosyas─▒ derleniyor)
  
C:\ShadowStrike\ShadowStrike\src\Shared_modules\Exploits\ROPProtection.cpp(818,17): error C3861: 'Error': tan─▒mlay─▒c─▒ bulunamad─▒ [C:\ShadowStrike\ShadowStrike\ShadowStrike.vcxproj]
  ('/src/Shared_modules/Exploits/ROPProtection.cpp' kaynak dosyas─▒ derleniyor)
  
C:\ShadowStrike\ShadowStrike\src\Shared_modules\Exploits\ROPProtection.cpp(886,9): error C2653: 'Logger': bir s─▒n─▒f veya ad alan─▒ ad─▒ de─şil [C:\ShadowStrike\ShadowStrike\ShadowStrike.vcxproj]
  ('/src/Shared_modules/Exploits/ROPProtection.cpp' kaynak dosyas─▒ derleniyor)
  
C:\ShadowStrike\ShadowStrike\src\Shared_modules\Exploits\ROPProtection.cpp(886,17): error C3861: 'Error': tan─▒mlay─▒c─▒ bulunamad─▒ [C:\ShadowStrike\ShadowStrike\ShadowStrike.vcxproj]
  ('/src/Shared_modules/Exploits/ROPProtection.cpp' kaynak dosyas─▒ derleniyor)
  
C:\ShadowStrike\ShadowStrike\src\Products\PhantomHome\Privacy\CookieManager.hpp(133,10): error C1083: i├ğerme dosyas─▒ a├ğ─▒lam─▒yor: '../Utils/Logger.hpp': No such file or directory [C:\ShadowStrike\ShadowStrike\ShadowStrike.vcxproj]
  ('/src/Products/PhantomHome/Privacy/CookieManager.cpp' kaynak dosyas─▒ derleniyor)
  
C:\ShadowStrike\ShadowStrike\src\Shared_modules\Exploits\ROPProtection.cpp(968,9): error C2653: 'Logger': bir s─▒n─▒f veya ad alan─▒ ad─▒ de─şil [C:\ShadowStrike\ShadowStrike\ShadowStrike.vcxproj]
  ('/src/Shared_modules/Exploits/ROPProtection.cpp' kaynak dosyas─▒ derleniyor)
  
C:\ShadowStrike\ShadowStrike\src\Shared_modules\Exploits\ROPProtection.cpp(968,17): error C3861: 'Error': tan─▒mlay─▒c─▒ bulunamad─▒ [C:\ShadowStrike\ShadowStrike\ShadowStrike.vcxproj]
  ('/src/Shared_modules/Exploits/ROPProtection.cpp' kaynak dosyas─▒ derleniyor)
  
C:\ShadowStrike\ShadowStrike\src\Shared_modules\Exploits\ROPProtection.cpp(1018,9): error C2653: 'Logger': bir s─▒n─▒f veya ad alan─▒ ad─▒ de─şil [C:\ShadowStrike\ShadowStrike\ShadowStrike.vcxproj]
  ('/src/Shared_modules/Exploits/ROPProtection.cpp' kaynak dosyas─▒ derleniyor)
  
C:\ShadowStrike\ShadowStrike\src\Shared_modules\Exploits\ROPProtection.cpp(1018,17): error C3861: 'Error': tan─▒mlay─▒c─▒ bulunamad─▒ [C:\ShadowStrike\ShadowStrike\ShadowStrike.vcxproj]
  ('/src/Shared_modules/Exploits/ROPProtection.cpp' kaynak dosyas─▒ derleniyor)
  
C:\ShadowStrike\ShadowStrike\src\Shared_modules\Exploits\ROPProtection.cpp(1032,9): error C2653: 'Logger': bir s─▒n─▒f veya ad alan─▒ ad─▒ de─şil [C:\ShadowStrike\ShadowStrike\ShadowStrike.vcxproj]
  ('/src/Shared_modules/Exploits/ROPProtection.cpp' kaynak dosyas─▒ derleniyor)
  
C:\ShadowStrike\ShadowStrike\src\Shared_modules\Exploits\ROPProtection.cpp(1032,17): error C3861: 'Error': tan─▒mlay─▒c─▒ bulunamad─▒ [C:\ShadowStrike\ShadowStrike\ShadowStrike.vcxproj]
  ('/src/Shared_modules/Exploits/ROPProtection.cpp' kaynak dosyas─▒ derleniyor)
  
C:\ShadowStrike\ShadowStrike\src\Shared_modules\Exploits\ROPProtection.cpp(1037,9): error C2653: 'Logger': bir s─▒n─▒f veya ad alan─▒ ad─▒ de─şil [C:\ShadowStrike\ShadowStrike\ShadowStrike.vcxproj]
  ('/src/Shared_modules/Exploits/ROPProtection.cpp' kaynak dosyas─▒ derleniyor)
  
C:\ShadowStrike\ShadowStrike\src\Shared_modules\Exploits\ROPProtection.cpp(1037,17): error C3861: 'Warn': tan─▒mlay─▒c─▒ bulunamad─▒ [C:\ShadowStrike\ShadowStrike\ShadowStrike.vcxproj]
  ('/src/Shared_modules/Exploits/ROPProtection.cpp' kaynak dosyas─▒ derleniyor)
  
C:\ShadowStrike\ShadowStrike\src\Shared_modules\Exploits\ROPProtection.cpp(1062,9): error C2653: 'Logger': bir s─▒n─▒f veya ad alan─▒ ad─▒ de─şil [C:\ShadowStrike\ShadowStrike\ShadowStrike.vcxproj]
  ('/src/Shared_modules/Exploits/ROPProtection.cpp' kaynak dosyas─▒ derleniyor)
  
C:\ShadowStrike\ShadowStrike\src\Shared_modules\Exploits\ROPProtection.cpp(1062,17): error C3861: 'Info': tan─▒mlay─▒c─▒ bulunamad─▒ [C:\ShadowStrike\ShadowStrike\ShadowStrike.vcxproj]
  ('/src/Shared_modules/Exploits/ROPProtection.cpp' kaynak dosyas─▒ derleniyor)
  
C:\ShadowStrike\ShadowStrike\src\Shared_modules\Exploits\ROPProtection.cpp(1067,9): error C2653: 'Logger': bir s─▒n─▒f veya ad alan─▒ ad─▒ de─şil [C:\ShadowStrike\ShadowStrike\ShadowStrike.vcxproj]
  ('/src/Shared_modules/Exploits/ROPProtection.cpp' kaynak dosyas─▒ derleniyor)
  
C:\ShadowStrike\ShadowStrike\src\Shared_modules\Exploits\ROPProtection.cpp(1067,17): error C3861: 'Error': tan─▒mlay─▒c─▒ bulunamad─▒ [C:\ShadowStrike\ShadowStrike\ShadowStrike.vcxproj]
  ('/src/Shared_modules/Exploits/ROPProtection.cpp' kaynak dosyas─▒ derleniyor)
  
C:\ShadowStrike\ShadowStrike\src\Shared_modules\Exploits\ROPProtection.cpp(1078,9): error C2653: 'Logger': bir s─▒n─▒f veya ad alan─▒ ad─▒ de─şil [C:\ShadowStrike\ShadowStrike\ShadowStrike.vcxproj]
  ('/src/Shared_modules/Exploits/ROPProtection.cpp' kaynak dosyas─▒ derleniyor)
  
C:\ShadowStrike\ShadowStrike\src\Shared_modules\Exploits\ROPProtection.cpp(1078,17): error C3861: 'Info': tan─▒mlay─▒c─▒ bulunamad─▒ [C:\ShadowStrike\ShadowStrike\ShadowStrike.vcxproj]
  ('/src/Shared_modules/Exploits/ROPProtection.cpp' kaynak dosyas─▒ derleniyor)
  
C:\ShadowStrike\ShadowStrike\src\Shared_modules\Exploits\ROPProtection.cpp(1113,9): error C2653: 'Logger': bir s─▒n─▒f veya ad alan─▒ ad─▒ de─şil [C:\ShadowStrike\ShadowStrike\ShadowStrike.vcxproj]
  ('/src/Shared_modules/Exploits/ROPProtection.cpp' kaynak dosyas─▒ derleniyor)
  
C:\ShadowStrike\ShadowStrike\src\Shared_modules\Exploits\ROPProtection.cpp(1113,17): error C3861: 'Warn': tan─▒mlay─▒c─▒ bulunamad─▒ [C:\ShadowStrike\ShadowStrike\ShadowStrike.vcxproj]
  ('/src/Shared_modules/Exploits/ROPProtection.cpp' kaynak dosyas─▒ derleniyor)
  
C:\ShadowStrike\ShadowStrike\src\Shared_modules\Exploits\ROPProtection.cpp(1120,9): error C2653: 'Logger': bir s─▒n─▒f veya ad alan─▒ ad─▒ de─şil [C:\ShadowStrike\ShadowStrike\ShadowStrike.vcxproj]
  ('/src/Shared_modules/Exploits/ROPProtection.cpp' kaynak dosyas─▒ derleniyor)
  
C:\ShadowStrike\ShadowStrike\src\Shared_modules\Exploits\ROPProtection.cpp(1120,17): error C3861: 'Error': tan─▒mlay─▒c─▒ bulunamad─▒ [C:\ShadowStrike\ShadowStrike\ShadowStrike.vcxproj]
  ('/src/Shared_modules/Exploits/ROPProtection.cpp' kaynak dosyas─▒ derleniyor)
  
C:\ShadowStrike\ShadowStrike\src\Shared_modules\Exploits\ROPProtection.cpp(1126,5): error C2653: 'Logger': bir s─▒n─▒f veya ad alan─▒ ad─▒ de─şil [C:\ShadowStrike\ShadowStrike\ShadowStrike.vcxproj]
  ('/src/Shared_modules/Exploits/ROPProtection.cpp' kaynak dosyas─▒ derleniyor)
  
C:\ShadowStrike\ShadowStrike\src\Shared_modules\Exploits\ROPProtection.cpp(1126,13): error C3861: 'Info': tan─▒mlay─▒c─▒ bulunamad─▒ [C:\ShadowStrike\ShadowStrike\ShadowStrike.vcxproj]
  ('/src/Shared_modules/Exploits/ROPProtection.cpp' kaynak dosyas─▒ derleniyor)
  
C:\ShadowStrike\ShadowStrike\src\Shared_modules\Exploits\ROPProtection.cpp(1174,5): error C2653: 'Logger': bir s─▒n─▒f veya ad alan─▒ ad─▒ de─şil [C:\ShadowStrike\ShadowStrike\ShadowStrike.vcxproj]
  ('/src/Shared_modules/Exploits/ROPProtection.cpp' kaynak dosyas─▒ derleniyor)
  
C:\ShadowStrike\ShadowStrike\src\Shared_modules\Exploits\ROPProtection.cpp(1174,5): error C1003: hata say─▒s─▒ 100 taneyi a┼şt─▒; derleme durduruluyor [C:\ShadowStrike\ShadowStrike\ShadowStrike.vcxproj]
  ('/src/Shared_modules/Exploits/ROPProtection.cpp' kaynak dosyas─▒ derleniyor)
  
C:\ShadowStrike\ShadowStrike\src\Shared_modules\PatternStore\PatternStore.cpp(110,37): error C2653: 'PatternCompiler': bir s─▒n─▒f veya ad alan─▒ ad─▒ de─şil [C:\ShadowStrike\ShadowStrike\ShadowStrike.vcxproj]
  ('/src/Shared_modules/PatternStore/PatternStore.cpp' kaynak dosyas─▒ derleniyor)
  
C:\ShadowStrike\ShadowStrike\src\Products\PhantomHome\Privacy\DNSLeakProtection.hpp(132,10): error C1083: i├ğerme dosyas─▒ a├ğ─▒lam─▒yor: '../Utils/Logger.hpp': No such file or directory [C:\ShadowStrike\ShadowStrike\ShadowStrike.vcxproj]
  ('/src/Products/PhantomHome/Privacy/DNSLeakProtection.cpp' kaynak dosyas─▒ derleniyor)
  
C:\ShadowStrike\ShadowStrike\src\Shared_modules\PatternStore\PatternStore.cpp(500,27): error C3861: 'ComputeEntropy': tan─▒mlay─▒c─▒ bulunamad─▒ [C:\ShadowStrike\ShadowStrike\ShadowStrike.vcxproj]
  ('/src/Shared_modules/PatternStore/PatternStore.cpp' kaynak dosyas─▒ derleniyor)
  
C:\ShadowStrike\ShadowStrike\src\Products\PhantomHome\Privacy\LocationPrivacy.hpp(130,10): error C1083: i├ğerme dosyas─▒ a├ğ─▒lam─▒yor: '../Utils/Logger.hpp': No such file or directory [C:\ShadowStrike\ShadowStrike\ShadowStrike.vcxproj]
  ('/src/Products/PhantomHome/Privacy/LocationPrivacy.cpp' kaynak dosyas─▒ derleniyor)
  
C:\ShadowStrike\ShadowStrike\src\Products\PhantomHome\Privacy\IPLeakProtection.hpp(133,10): error C1083: i├ğerme dosyas─▒ a├ğ─▒lam─▒yor: '../Utils/Logger.hpp': No such file or directory [C:\ShadowStrike\ShadowStrike\ShadowStrike.vcxproj]
  ('/src/Products/PhantomHome/Privacy/IPLeakProtection.cpp' kaynak dosyas─▒ derleniyor)
  
C:\ShadowStrike\ShadowStrike\src\Shared_modules\PatternStore\PatternStore.cpp(526,6): error C2653: 'PatternCompiler': bir s─▒n─▒f veya ad alan─▒ ad─▒ de─şil [C:\ShadowStrike\ShadowStrike\ShadowStrike.vcxproj]
  ('/src/Shared_modules/PatternStore/PatternStore.cpp' kaynak dosyas─▒ derleniyor)
  
C:\ShadowStrike\ShadowStrike\src\Shared_modules\PatternStore\PatternStore.cpp(711,7): error C2653: 'PatternCompiler': bir s─▒n─▒f veya ad alan─▒ ad─▒ de─şil [C:\ShadowStrike\ShadowStrike\ShadowStrike.vcxproj]
  ('/src/Shared_modules/PatternStore/PatternStore.cpp' kaynak dosyas─▒ derleniyor)
  
C:\ShadowStrike\ShadowStrike\src\Shared_modules\PatternStore\PatternStore.cpp(737,28): error C2059: s├Âzdizimi hatas─▒: ')' [C:\ShadowStrike\ShadowStrike\ShadowStrike.vcxproj]
  ('/src/Shared_modules/PatternStore/PatternStore.cpp' kaynak dosyas─▒ derleniyor)
  
C:\ShadowStrike\ShadowStrike\src\Shared_modules\PatternStore\PatternStore.cpp(737,30): error C2143: s├Âzdizimi hatas─▒: ';' eksik ('{' ├Âncesinde) [C:\ShadowStrike\ShadowStrike\ShadowStrike.vcxproj]
  ('/src/Shared_modules/PatternStore/PatternStore.cpp' kaynak dosyas─▒ derleniyor)
  
C:\ShadowStrike\ShadowStrike\src\Shared_modules\PatternStore\PatternStore.cpp(737,30): error C2447: '{': i┼şlev ├╝stbilgisi eksik (eski tarzda bi├ğimsel liste mi?) [C:\ShadowStrike\ShadowStrike\ShadowStrike.vcxproj]
  ('/src/Shared_modules/PatternStore/PatternStore.cpp' kaynak dosyas─▒ derleniyor)
  
C:\ShadowStrike\ShadowStrike\src\Shared_modules\PatternStore\PatternStore.cpp(746,16): error C2039: '{dtor}': bir 'ShadowStrike::PatternStore' ├╝yesi de─şil [C:\ShadowStrike\ShadowStrike\ShadowStrike.vcxproj]
  ('/src/Shared_modules/PatternStore/PatternStore.cpp' kaynak dosyas─▒ derleniyor)
      C:\ShadowStrike\ShadowStrike\src\Shared_modules\PatternStore\PatternStore.hpp(62,15):
      'ShadowStrike::PatternStore' bildirimine bak─▒n
  
C:\ShadowStrike\ShadowStrike\src\Shared_modules\PatternStore\PatternStore.cpp(746,16): error C4430: t├╝r belirticisi eksik - int varsay─▒ld─▒. Not: C++ varsay─▒lan int deste─şi i├ğermez [C:\ShadowStrike\ShadowStrike\ShadowStrike.vcxproj]
  ('/src/Shared_modules/PatternStore/PatternStore.cpp' kaynak dosyas─▒ derleniyor)
  
C:\ShadowStrike\ShadowStrike\src\Products\PhantomHome\Privacy\DataLeakProtection.hpp(137,10): error C1083: i├ğerme dosyas─▒ a├ğ─▒lam─▒yor: '../Utils/Logger.hpp': No such file or directory [C:\ShadowStrike\ShadowStrike\ShadowStrike.vcxproj]
  ('/src/Products/PhantomHome/Privacy/DataLeakProtection.cpp' kaynak dosyas─▒ derleniyor)
  
C:\ShadowStrike\ShadowStrike\src\Shared_modules\PatternStore\PatternStore.cpp(747,5): error C3861: 'Close': tan─▒mlay─▒c─▒ bulunamad─▒ [C:\ShadowStrike\ShadowStrike\ShadowStrike.vcxproj]
  ('/src/Shared_modules/PatternStore/PatternStore.cpp' kaynak dosyas─▒ derleniyor)
  
C:\ShadowStrike\ShadowStrike\src\Shared_modules\PatternStore\PatternStore.cpp(748,1): warning C4508: 'ShadowStrike::SignatureStore::{dtor}': i┼şlev bir de─şer d├Ând├╝rmelidir; 'void' d├Ân├╝┼ş t├╝r├╝ varsay─▒ld─▒ [C:\ShadowStrike\ShadowStrike\ShadowStrike.vcxproj]
  ('/src/Shared_modules/PatternStore/PatternStore.cpp' kaynak dosyas─▒ derleniyor)
  
C:\ShadowStrike\ShadowStrike\src\Shared_modules\PatternStore\PatternStore.cpp(750,26): error C2039: 'Initialize': bir 'ShadowStrike::PatternStore' ├╝yesi de─şil [C:\ShadowStrike\ShadowStrike\ShadowStrike.vcxproj]
  ('/src/Shared_modules/PatternStore/PatternStore.cpp' kaynak dosyas─▒ derleniyor)
      C:\ShadowStrike\ShadowStrike\src\Shared_modules\PatternStore\PatternStore.hpp(62,15):
      'ShadowStrike::PatternStore' bildirimine bak─▒n
  
C:\ShadowStrike\ShadowStrike\src\Shared_modules\PatternStore\PatternStore.cpp(757,9): error C2065: 'm_initialized': bildirimi yap─▒lmam─▒┼ş tan─▒mlay─▒c─▒ [C:\ShadowStrike\ShadowStrike\ShadowStrike.vcxproj]
  ('/src/Shared_modules/PatternStore/PatternStore.cpp' kaynak dosyas─▒ derleniyor)
  
C:\ShadowStrike\ShadowStrike\src\Shared_modules\PatternStore\PatternStore.cpp(768,5): error C2065: 'm_databasePath': bildirimi yap─▒lmam─▒┼ş tan─▒mlay─▒c─▒ [C:\ShadowStrike\ShadowStrike\ShadowStrike.vcxproj]
  ('/src/Shared_modules/PatternStore/PatternStore.cpp' kaynak dosyas─▒ derleniyor)
  
C:\ShadowStrike\ShadowStrike\src\Shared_modules\PatternStore\PatternStore.cpp(769,5): error C2065: 'm_readOnly': bildirimi yap─▒lmam─▒┼ş tan─▒mlay─▒c─▒ [C:\ShadowStrike\ShadowStrike\ShadowStrike.vcxproj]
  ('/src/Shared_modules/PatternStore/PatternStore.cpp' kaynak dosyas─▒ derleniyor)
  
C:\ShadowStrike\ShadowStrike\src\Shared_modules\PatternStore\PatternStore.cpp(772,22): error C3861: 'OpenMemoryMapping': tan─▒mlay─▒c─▒ bulunamad─▒ [C:\ShadowStrike\ShadowStrike\ShadowStrike.vcxproj]
  ('/src/Shared_modules/PatternStore/PatternStore.cpp' kaynak dosyas─▒ derleniyor)
  
C:\ShadowStrike\ShadowStrike\src\Shared_modules\PatternStore\PatternStore.cpp(780,9): error C2065: 'm_patternIndex': bildirimi yap─▒lmam─▒┼ş tan─▒mlay─▒c─▒ [C:\ShadowStrike\ShadowStrike\ShadowStrike.vcxproj]
  ('/src/Shared_modules/PatternStore/PatternStore.cpp' kaynak dosyas─▒ derleniyor)
  
C:\ShadowStrike\ShadowStrike\src\Shared_modules\PatternStore\PatternStore.cpp(783,9): error C3861: 'CloseMemoryMapping': tan─▒mlay─▒c─▒ bulunamad─▒ [C:\ShadowStrike\ShadowStrike\ShadowStrike.vcxproj]
  ('/src/Shared_modules/PatternStore/PatternStore.cpp' kaynak dosyas─▒ derleniyor)
  
C:\ShadowStrike\ShadowStrike\src\Shared_modules\PatternStore\PatternStore.cpp(788,26): error C2065: 'm_mappedView': bildirimi yap─▒lmam─▒┼ş tan─▒mlay─▒c─▒ [C:\ShadowStrike\ShadowStrike\ShadowStrike.vcxproj]
  ('/src/Shared_modules/PatternStore/PatternStore.cpp' kaynak dosyas─▒ derleniyor)
  
C:\ShadowStrike\ShadowStrike\src\Shared_modules\PatternStore\PatternStore.cpp(789,9): error C3536: 'header': ba┼şlat─▒lmadan ├Ânce kullan─▒lamaz [C:\ShadowStrike\ShadowStrike\ShadowStrike.vcxproj]
  ('/src/Shared_modules/PatternStore/PatternStore.cpp' kaynak dosyas─▒ derleniyor)
  
C:\ShadowStrike\ShadowStrike\src\Shared_modules\PatternStore\PatternStore.cpp(789,16): error C2446: '!=': 'nullptr' ├Â─şesinden '<error type>' ├Â─şesine d├Ân├╝┼ş├╝m yok [C:\ShadowStrike\ShadowStrike\ShadowStrike.vcxproj]
  ('/src/Shared_modules/PatternStore/PatternStore.cpp' kaynak dosyas─▒ derleniyor)
      C:\ShadowStrike\ShadowStrike\src\Shared_modules\PatternStore\PatternStore.cpp(789,19):
      Yerel bir nullptr yaln─▒zca bool de─şerine veya reinterpret_cast kullan─▒larak integral t├╝r├╝ne d├Ân├╝┼şt├╝r├╝lebilir
  
C:\ShadowStrike\ShadowStrike\src\Shared_modules\PatternStore\PatternStore.cpp(793,13): error C3861: 'CloseMemoryMapping': tan─▒mlay─▒c─▒ bulunamad─▒ [C:\ShadowStrike\ShadowStrike\ShadowStrike.vcxproj]
  ('/src/Shared_modules/PatternStore/PatternStore.cpp' kaynak dosyas─▒ derleniyor)
  
C:\ShadowStrike\ShadowStrike\src\Shared_modules\PatternStore\PatternStore.cpp(800,47): error C2065: 'm_mappedView': bildirimi yap─▒lmam─▒┼ş tan─▒mlay─▒c─▒ [C:\ShadowStrike\ShadowStrike\ShadowStrike.vcxproj]
  ('/src/Shared_modules/PatternStore/PatternStore.cpp' kaynak dosyas─▒ derleniyor)
  
C:\ShadowStrike\ShadowStrike\src\Shared_modules\PatternStore\PatternStore.cpp(801,73): error C2065: 'm_mappedView': bildirimi yap─▒lmam─▒┼ş tan─▒mlay─▒c─▒ [C:\ShadowStrike\ShadowStrike\ShadowStrike.vcxproj]
  ('/src/Shared_modules/PatternStore/PatternStore.cpp' kaynak dosyas─▒ derleniyor)
  
C:\ShadowStrike\ShadowStrike\src\Shared_modules\PatternStore\PatternStore.cpp(804,17): error C3861: 'CloseMemoryMapping': tan─▒mlay─▒c─▒ bulunamad─▒ [C:\ShadowStrike\ShadowStrike\ShadowStrike.vcxproj]
  ('/src/Shared_modules/PatternStore/PatternStore.cpp' kaynak dosyas─▒ derleniyor)
  
C:\ShadowStrike\ShadowStrike\src\Shared_modules\PatternStore\PatternStore.cpp(808,19): error C2065: 'm_patternIndex': bildirimi yap─▒lmam─▒┼ş tan─▒mlay─▒c─▒ [C:\ShadowStrike\ShadowStrike\ShadowStrike.vcxproj]
  ('/src/Shared_modules/PatternStore/PatternStore.cpp' kaynak dosyas─▒ derleniyor)
  
C:\ShadowStrike\ShadowStrike\src\Shared_modules\PatternStore\PatternStore.cpp(809,17): error C2065: 'm_mappedView': bildirimi yap─▒lmam─▒┼ş tan─▒mlay─▒c─▒ [C:\ShadowStrike\ShadowStrike\ShadowStrike.vcxproj]
  ('/src/Shared_modules/PatternStore/PatternStore.cpp' kaynak dosyas─▒ derleniyor)
  
C:\ShadowStrike\ShadowStrike\src\Shared_modules\PatternStore\PatternStore.cpp(815,17): error C3861: 'CloseMemoryMapping': tan─▒mlay─▒c─▒ bulunamad─▒ [C:\ShadowStrike\ShadowStrike\ShadowStrike.vcxproj]
  ('/src/Shared_modules/PatternStore/PatternStore.cpp' kaynak dosyas─▒ derleniyor)
  
C:\ShadowStrike\ShadowStrike\src\Shared_modules\PatternStore\PatternStore.cpp(822,11): error C3861: 'BuildAutomaton': tan─▒mlay─▒c─▒ bulunamad─▒ [C:\ShadowStrike\ShadowStrike\ShadowStrike.vcxproj]
  ('/src/Shared_modules/PatternStore/PatternStore.cpp' kaynak dosyas─▒ derleniyor)
  
C:\ShadowStrike\ShadowStrike\src\Shared_modules\PatternStore\PatternStore.cpp(828,5): error C2065: 'm_initialized': bildirimi yap─▒lmam─▒┼ş tan─▒mlay─▒c─▒ [C:\ShadowStrike\ShadowStrike\ShadowStrike.vcxproj]
  ('/src/Shared_modules/PatternStore/PatternStore.cpp' kaynak dosyas─▒ derleniyor)
  
C:\ShadowStrike\ShadowStrike\src\Shared_modules\PatternStore\PatternStore.cpp(834,26): error C2039: 'CreateNew': bir 'ShadowStrike::PatternStore' ├╝yesi de─şil [C:\ShadowStrike\ShadowStrike\ShadowStrike.vcxproj]
  ('/src/Shared_modules/PatternStore/PatternStore.cpp' kaynak dosyas─▒ derleniyor)
      C:\ShadowStrike\ShadowStrike\src\Shared_modules\PatternStore\PatternStore.hpp(62,15):
      'ShadowStrike::PatternStore' bildirimine bak─▒n
  
C:\ShadowStrike\ShadowStrike\src\Shared_modules\PatternStore\PatternStore.cpp(967,20): error C2039: 'Close': bir 'ShadowStrike::PatternStore' ├╝yesi de─şil [C:\ShadowStrike\ShadowStrike\ShadowStrike.vcxproj]
  ('/src/Shared_modules/PatternStore/PatternStore.cpp' kaynak dosyas─▒ derleniyor)
      C:\ShadowStrike\ShadowStrike\src\Shared_modules\PatternStore\PatternStore.hpp(62,15):
      'ShadowStrike::PatternStore' bildirimine bak─▒n
  
C:\ShadowStrike\ShadowStrike\src\Shared_modules\PatternStore\PatternStore.cpp(968,10): error C2065: 'm_initialized': bildirimi yap─▒lmam─▒┼ş tan─▒mlay─▒c─▒ [C:\ShadowStrike\ShadowStrike\ShadowStrike.vcxproj]
  ('/src/Shared_modules/PatternStore/PatternStore.cpp' kaynak dosyas─▒ derleniyor)
  
C:\ShadowStrike\ShadowStrike\src\Shared_modules\PatternStore\PatternStore.cpp(972,46): error C2065: 'm_globalLock': bildirimi yap─▒lmam─▒┼ş tan─▒mlay─▒c─▒ [C:\ShadowStrike\ShadowStrike\ShadowStrike.vcxproj]
  ('/src/Shared_modules/PatternStore/PatternStore.cpp' kaynak dosyas─▒ derleniyor)
  
C:\ShadowStrike\ShadowStrike\src\Shared_modules\PatternStore\PatternStore.cpp(974,5): error C2065: 'm_patternIndex': bildirimi yap─▒lmam─▒┼ş tan─▒mlay─▒c─▒ [C:\ShadowStrike\ShadowStrike\ShadowStrike.vcxproj]
  ('/src/Shared_modules/PatternStore/PatternStore.cpp' kaynak dosyas─▒ derleniyor)
  
C:\ShadowStrike\ShadowStrike\src\Shared_modules\PatternStore\PatternStore.cpp(975,5): error C2065: 'm_automaton': bildirimi yap─▒lmam─▒┼ş tan─▒mlay─▒c─▒ [C:\ShadowStrike\ShadowStrike\ShadowStrike.vcxproj]
  ('/src/Shared_modules/PatternStore/PatternStore.cpp' kaynak dosyas─▒ derleniyor)
  
C:\ShadowStrike\ShadowStrike\src\Shared_modules\PatternStore\PatternStore.cpp(976,5): error C2065: 'm_patternCache': bildirimi yap─▒lmam─▒┼ş tan─▒mlay─▒c─▒ [C:\ShadowStrike\ShadowStrike\ShadowStrike.vcxproj]
  ('/src/Shared_modules/PatternStore/PatternStore.cpp' kaynak dosyas─▒ derleniyor)
  
C:\ShadowStrike\ShadowStrike\src\Shared_modules\PatternStore\PatternStore.cpp(977,5): error C3861: 'CloseMemoryMapping': tan─▒mlay─▒c─▒ bulunamad─▒ [C:\ShadowStrike\ShadowStrike\ShadowStrike.vcxproj]
  ('/src/Shared_modules/PatternStore/PatternStore.cpp' kaynak dosyas─▒ derleniyor)
  
C:\ShadowStrike\ShadowStrike\src\Shared_modules\PatternStore\PatternStore.cpp(979,5): error C2065: 'm_initialized': bildirimi yap─▒lmam─▒┼ş tan─▒mlay─▒c─▒ [C:\ShadowStrike\ShadowStrike\ShadowStrike.vcxproj]
  ('/src/Shared_modules/PatternStore/PatternStore.cpp' kaynak dosyas─▒ derleniyor)
  
C:\ShadowStrike\ShadowStrike\src\Shared_modules\PatternStore\PatternStore.cpp(988,44): error C2039: 'Scan': bir 'ShadowStrike::PatternStore' ├╝yesi de─şil [C:\ShadowStrike\ShadowStrike\ShadowStrike.vcxproj]
  ('/src/Shared_modules/PatternStore/PatternStore.cpp' kaynak dosyas─▒ derleniyor)
      C:\ShadowStrike\ShadowStrike\src\Shared_modules\PatternStore\PatternStore.hpp(62,15):
      'ShadowStrike::PatternStore' bildirimine bak─▒n
  
C:\ShadowStrike\ShadowStrike\src\Shared_modules\PatternStore\PatternStore.cpp(988,44): error C2270: 'Scan': ├╝ye olmayan i┼şlevlerde de─şi┼ştiricilere izin verilmez [C:\ShadowStrike\ShadowStrike\ShadowStrike.vcxproj]
  ('/src/Shared_modules/PatternStore/PatternStore.cpp' kaynak dosyas─▒ derleniyor)
  
C:\ShadowStrike\ShadowStrike\src\Shared_modules\PatternStore\PatternStore.cpp(995,10): error C2065: 'm_initialized': bildirimi yap─▒lmam─▒┼ş tan─▒mlay─▒c─▒ [C:\ShadowStrike\ShadowStrike\ShadowStrike.vcxproj]
  ('/src/Shared_modules/PatternStore/PatternStore.cpp' kaynak dosyas─▒ derleniyor)
  
C:\ShadowStrike\ShadowStrike\src\Shared_modules\PatternStore\PatternStore.cpp(1006,5): error C2065: 'm_totalScans': bildirimi yap─▒lmam─▒┼ş tan─▒mlay─▒c─▒ [C:\ShadowStrike\ShadowStrike\ShadowStrike.vcxproj]
  ('/src/Shared_modules/PatternStore/PatternStore.cpp' kaynak dosyas─▒ derleniyor)
  
C:\ShadowStrike\ShadowStrike\src\Shared_modules\PatternStore\PatternStore.cpp(1007,5): error C2065: 'm_totalBytesScanned': bildirimi yap─▒lmam─▒┼ş tan─▒mlay─▒c─▒ [C:\ShadowStrike\ShadowStrike\ShadowStrike.vcxproj]
  ('/src/Shared_modules/PatternStore/PatternStore.cpp' kaynak dosyas─▒ derleniyor)
  
C:\ShadowStrike\ShadowStrike\src\Shared_modules\PatternStore\PatternStore.cpp(1028,9): error C2065: 'm_simdEnabled': bildirimi yap─▒lmam─▒┼ş tan─▒mlay─▒c─▒ [C:\ShadowStrike\ShadowStrike\ShadowStrike.vcxproj]
  ('/src/Shared_modules/PatternStore/PatternStore.cpp' kaynak dosyas─▒ derleniyor)
  
C:\ShadowStrike\ShadowStrike\src\Shared_modules\PatternStore\PatternStore.cpp(1028,58): error C2653: 'SIMDMatcher': bir s─▒n─▒f veya ad alan─▒ ad─▒ de─şil [C:\ShadowStrike\ShadowStrike\ShadowStrike.vcxproj]
  ('/src/Shared_modules/PatternStore/PatternStore.cpp' kaynak dosyas─▒ derleniyor)
  
C:\ShadowStrike\ShadowStrike\src\Shared_modules\PatternStore\PatternStore.cpp(1028,71): error C3861: 'IsAVX2Available': tan─▒mlay─▒c─▒ bulunamad─▒ [C:\ShadowStrike\ShadowStrike\ShadowStrike.vcxproj]
  ('/src/Shared_modules/PatternStore/PatternStore.cpp' kaynak dosyas─▒ derleniyor)
  
C:\ShadowStrike\ShadowStrike\src\Shared_modules\PatternStore\PatternStore.cpp(1030,32): error C3861: 'ScanWithSIMD': tan─▒mlay─▒c─▒ bulunamad─▒ [C:\ShadowStrike\ShadowStrike\ShadowStrike.vcxproj]
  ('/src/Shared_modules/PatternStore/PatternStore.cpp' kaynak dosyas─▒ derleniyor)
  
C:\ShadowStrike\ShadowStrike\src\Shared_modules\PatternStore\PatternStore.cpp(1032,22): error C2672: 'std::make_move_iterator': e┼şle┼şen a┼ş─▒r─▒ y├╝klenmi┼ş i┼şlev bulunamad─▒ [C:\ShadowStrike\ShadowStrike\ShadowStrike.vcxproj]
  ('/src/Shared_modules/PatternStore/PatternStore.cpp' kaynak dosyas─▒ derleniyor)
      C:\Program Files\Microsoft Visual Studio\2022\Community\VC\Tools\MSVC\14.44.35207\include\xutility(4548,46):
      'std::move_iterator<_Iter> std::make_move_iterator(_Iter) noexcept(<expr>)' olabilirdi
  
C:\ShadowStrike\ShadowStrike\src\Shared_modules\PatternStore\PatternStore.cpp(1033,22): error C2672: 'std::make_move_iterator': e┼şle┼şen a┼ş─▒r─▒ y├╝klenmi┼ş i┼şlev bulunamad─▒ [C:\ShadowStrike\ShadowStrike\ShadowStrike.vcxproj]
  ('/src/Shared_modules/PatternStore/PatternStore.cpp' kaynak dosyas─▒ derleniyor)
      C:\Program Files\Microsoft Visual Studio\2022\Community\VC\Tools\MSVC\14.44.35207\include\xutility(4548,46):
      'std::move_iterator<_Iter> std::make_move_iterator(_Iter) noexcept(<expr>)' olabilirdi
  
C:\ShadowStrike\ShadowStrike\src\Shared_modules\PatternStore\PatternStore.cpp(1031,21): error C2661: 'std::vector<ShadowStrike::SignatureStore::DetectionResult,std::allocator<ShadowStrike::SignatureStore::DetectionResult>>::insert': hi├ğbir a┼ş─▒r─▒ y├╝klenmi┼ş i┼şlev 1 ba─ş─▒ms─▒z de─şi┼şken almaz [C:\ShadowStrike\ShadowStrike\ShadowStrike.vcxproj]
  ('/src/Shared_modules/PatternStore/PatternStore.cpp' kaynak dosyas─▒ derleniyor)
      C:\Program Files\Microsoft Visual Studio\2022\Community\VC\Tools\MSVC\14.44.35207\include\vector(1265,27):
      'std::_Vector_iterator<std::_Vector_val<std::_Simple_types<_Ty>>> std::vector<_Ty,std::allocator<_Ty>>::insert(std::_Vector_const_iterator<std::_Vector_val<std::_Simple_types<_Ty>>>,_Iter,_Iter)' olabilirdi
          with
          [
              _Ty=ShadowStrike::SignatureStore::DetectionResult
          ]
          C:\ShadowStrike\ShadowStrike\src\Shared_modules\PatternStore\PatternStore.cpp(1031,21):
          'std::_Vector_iterator<std::_Vector_val<std::_Simple_types<_Ty>>> std::vector<_Ty,std::allocator<_Ty>>::insert(std::_Vector_const_iterator<std::_Vector_val<std::_Simple_types<_Ty>>>,_Iter,_Iter)': 3 ba─ş─▒ms─▒z de─şi┼şken bekleniyor - 1 sa─şland─▒
          with
          [
              _Ty=ShadowStrike::SignatureStore::DetectionResult
          ]
      C:\ShadowStrike\ShadowStrike\src\Shared_modules\PatternStore\PatternStore.cpp(1031,21):
      '(std::_Vector_iterator<std::_Vector_val<std::_Simple_types<_Ty>>>)' ba─ş─▒ms─▒z de─şi┼şken listesi e┼şlenmeye ├ğal─▒┼ş─▒l─▒rken
          with
          [
              _Ty=ShadowStrike::SignatureStore::DetectionResult
          ]
  
C:\ShadowStrike\ShadowStrike\src\Shared_modules\PatternStore\PatternStore.cpp(1041,29): error C2065: 'm_simdEnabled': bildirimi yap─▒lmam─▒┼ş tan─▒mlay─▒c─▒ [C:\ShadowStrike\ShadowStrike\ShadowStrike.vcxproj]
  ('/src/Shared_modules/PatternStore/PatternStore.cpp' kaynak dosyas─▒ derleniyor)
  
C:\ShadowStrike\ShadowStrike\src\Shared_modules\PatternStore\PatternStore.cpp(1043,30): error C3861: 'ScanWithAutomaton': tan─▒mlay─▒c─▒ bulunamad─▒ [C:\ShadowStrike\ShadowStrike\ShadowStrike.vcxproj]
  ('/src/Shared_modules/PatternStore/PatternStore.cpp' kaynak dosyas─▒ derleniyor)
  
C:\ShadowStrike\ShadowStrike\src\Shared_modules\PatternStore\PatternStore.cpp(1045,22): error C2672: 'std::make_move_iterator': e┼şle┼şen a┼ş─▒r─▒ y├╝klenmi┼ş i┼şlev bulunamad─▒ [C:\ShadowStrike\ShadowStrike\ShadowStrike.vcxproj]
  ('/src/Shared_modules/PatternStore/PatternStore.cpp' kaynak dosyas─▒ derleniyor)
      C:\Program Files\Microsoft Visual Studio\2022\Community\VC\Tools\MSVC\14.44.35207\include\xutility(4548,46):
      'std::move_iterator<_Iter> std::make_move_iterator(_Iter) noexcept(<expr>)' olabilirdi
  
C:\ShadowStrike\ShadowStrike\src\Shared_modules\PatternStore\PatternStore.cpp(1046,22): error C2672: 'std::make_move_iterator': e┼şle┼şen a┼ş─▒r─▒ y├╝klenmi┼ş i┼şlev bulunamad─▒ [C:\ShadowStrike\ShadowStrike\ShadowStrike.vcxproj]
  ('/src/Shared_modules/PatternStore/PatternStore.cpp' kaynak dosyas─▒ derleniyor)
      C:\Program Files\Microsoft Visual Studio\2022\Community\VC\Tools\MSVC\14.44.35207\include\xutility(4548,46):
      'std::move_iterator<_Iter> std::make_move_iterator(_Iter) noexcept(<expr>)' olabilirdi
  
C:\ShadowStrike\ShadowStrike\src\Shared_modules\PatternStore\PatternStore.cpp(1044,21): error C2661: 'std::vector<ShadowStrike::SignatureStore::DetectionResult,std::allocator<ShadowStrike::SignatureStore::DetectionResult>>::insert': hi├ğbir a┼ş─▒r─▒ y├╝klenmi┼ş i┼şlev 1 ba─ş─▒ms─▒z de─şi┼şken almaz [C:\ShadowStrike\ShadowStrike\ShadowStrike.vcxproj]
  ('/src/Shared_modules/PatternStore/PatternStore.cpp' kaynak dosyas─▒ derleniyor)
      C:\Program Files\Microsoft Visual Studio\2022\Community\VC\Tools\MSVC\14.44.35207\include\vector(1265,27):
      'std::_Vector_iterator<std::_Vector_val<std::_Simple_types<_Ty>>> std::vector<_Ty,std::allocator<_Ty>>::insert(std::_Vector_const_iterator<std::_Vector_val<std::_Simple_types<_Ty>>>,_Iter,_Iter)' olabilirdi
          with
          [
              _Ty=ShadowStrike::SignatureStore::DetectionResult
          ]
          C:\ShadowStrike\ShadowStrike\src\Shared_modules\PatternStore\PatternStore.cpp(1044,21):
          'std::_Vector_iterator<std::_Vector_val<std::_Simple_types<_Ty>>> std::vector<_Ty,std::allocator<_Ty>>::insert(std::_Vector_const_iterator<std::_Vector_val<std::_Simple_types<_Ty>>>,_Iter,_Iter)': 3 ba─ş─▒ms─▒z de─şi┼şken bekleniyor - 1 sa─şland─▒
          with
          [
              _Ty=ShadowStrike::SignatureStore::DetectionResult
          ]
      C:\ShadowStrike\ShadowStrike\src\Shared_modules\PatternStore\PatternStore.cpp(1044,21):
      '(std::_Vector_iterator<std::_Vector_val<std::_Simple_types<_Ty>>>)' ba─ş─▒ms─▒z de─şi┼şken listesi e┼şlenmeye ├ğal─▒┼ş─▒l─▒rken
          with
          [
              _Ty=ShadowStrike::SignatureStore::DetectionResult
          ]
  
C:\ShadowStrike\ShadowStrike\src\Shared_modules\PatternStore\PatternStore.cpp(1057,34): error C2065: 'm_perfFrequency': bildirimi yap─▒lmam─▒┼ş tan─▒mlay─▒c─▒ [C:\ShadowStrike\ShadowStrike\ShadowStrike.vcxproj]
  ('/src/Shared_modules/PatternStore/PatternStore.cpp' kaynak dosyas─▒ derleniyor)
  
C:\ShadowStrike\ShadowStrike\src\Shared_modules\PatternStore\PatternStore.cpp(1057,23): error C2737: 'perfFreq': const nesnesinin ba┼şlat─▒lmas─▒ gerekiyor [C:\ShadowStrike\ShadowStrike\ShadowStrike.vcxproj]
  ('/src/Shared_modules/PatternStore/PatternStore.cpp' kaynak dosyas─▒ derleniyor)
  
C:\ShadowStrike\ShadowStrike\src\Shared_modules\PatternStore\PatternStore.cpp(1081,9): error C2065: 'm_totalMatches': bildirimi yap─▒lmam─▒┼ş tan─▒mlay─▒c─▒ [C:\ShadowStrike\ShadowStrike\ShadowStrike.vcxproj]
  ('/src/Shared_modules/PatternStore/PatternStore.cpp' kaynak dosyas─▒ derleniyor)
  
C:\ShadowStrike\ShadowStrike\src\Shared_modules\PatternStore\PatternStore.cpp(1084,13): error C2065: 'm_heatmapEnabled': bildirimi yap─▒lmam─▒┼ş tan─▒mlay─▒c─▒ [C:\ShadowStrike\ShadowStrike\ShadowStrike.vcxproj]
  ('/src/Shared_modules/PatternStore/PatternStore.cpp' kaynak dosyas─▒ derleniyor)
  
C:\ShadowStrike\ShadowStrike\src\Shared_modules\PatternStore\PatternStore.cpp(1085,38): error C2065: 'm_hitCounters': bildirimi yap─▒lmam─▒┼ş tan─▒mlay─▒c─▒ [C:\ShadowStrike\ShadowStrike\ShadowStrike.vcxproj]
  ('/src/Shared_modules/PatternStore/PatternStore.cpp' kaynak dosyas─▒ derleniyor)
  
C:\ShadowStrike\ShadowStrike\src\Shared_modules\PatternStore\PatternStore.cpp(1088,60): error C2065: 'm_hitCounters': bildirimi yap─▒lmam─▒┼ş tan─▒mlay─▒c─▒ [C:\ShadowStrike\ShadowStrike\ShadowStrike.vcxproj]
  ('/src/Shared_modules/PatternStore/PatternStore.cpp' kaynak dosyas─▒ derleniyor)
  
C:\ShadowStrike\ShadowStrike\src\Shared_modules\PatternStore\PatternStore.cpp(1087,54): error C2512: 'std::atomic_ref<uint64_t>::atomic_ref': kullan─▒labilir uygun varsay─▒lan olu┼şturucu yok [C:\ShadowStrike\ShadowStrike\ShadowStrike.vcxproj]
  ('/src/Shared_modules/PatternStore/PatternStore.cpp' kaynak dosyas─▒ derleniyor)
      C:\ShadowStrike\ShadowStrike\src\Shared_modules\PatternStore\PatternStore.cpp(1087,54):
      '()' ba─ş─▒ms─▒z de─şi┼şken listesi e┼şlenmeye ├ğal─▒┼ş─▒l─▒rken
  
C:\ShadowStrike\ShadowStrike\src\Shared_modules\PatternStore\PatternStore.cpp(1104,44): error C2039: 'ScanFile': bir 'ShadowStrike::PatternStore' ├╝yesi de─şil [C:\ShadowStrike\ShadowStrike\ShadowStrike.vcxproj]
  ('/src/Shared_modules/PatternStore/PatternStore.cpp' kaynak dosyas─▒ derleniyor)
      C:\ShadowStrike\ShadowStrike\src\Shared_modules\PatternStore\PatternStore.hpp(62,15):
      'ShadowStrike::PatternStore' bildirimine bak─▒n
  
C:\ShadowStrike\ShadowStrike\src\Shared_modules\PatternStore\PatternStore.cpp(1104,44): error C2270: 'ScanFile': ├╝ye olmayan i┼şlevlerde de─şi┼ştiricilere izin verilmez [C:\ShadowStrike\ShadowStrike\ShadowStrike.vcxproj]
  ('/src/Shared_modules/PatternStore/PatternStore.cpp' kaynak dosyas─▒ derleniyor)
  
C:\ShadowStrike\ShadowStrike\src\Shared_modules\PatternStore\PatternStore.cpp(1113,10): error C2065: 'm_initialized': bildirimi yap─▒lmam─▒┼ş tan─▒mlay─▒c─▒ [C:\ShadowStrike\ShadowStrike\ShadowStrike.vcxproj]
  ('/src/Shared_modules/PatternStore/PatternStore.cpp' kaynak dosyas─▒ derleniyor)
  
C:\ShadowStrike\ShadowStrike\src\Shared_modules\Performance\NetworkPerformanceMonitor.cpp(258,9): error C2065: 'PMIB_IF_TABLE2': bildirimi yap─▒lmam─▒┼ş tan─▒mlay─▒c─▒ [C:\ShadowStrike\ShadowStrike\ShadowStrike.vcxproj]
  ('/src/Shared_modules/Performance/NetworkPerformanceMonitor.cpp' kaynak dosyas─▒ derleniyor)
  
C:\ShadowStrike\ShadowStrike\src\Shared_modules\Performance\NetworkPerformanceMonitor.cpp(258,24): error C2146: s├Âzdizimi hatas─▒: ';' eksik ('ifTable' tan─▒mlay─▒c─▒s─▒ndan ├Ânce) [C:\ShadowStrike\ShadowStrike\ShadowStrike.vcxproj]
  ('/src/Shared_modules/Performance/NetworkPerformanceMonitor.cpp' kaynak dosyas─▒ derleniyor)
  
C:\ShadowStrike\ShadowStrike\src\Shared_modules\Performance\NetworkPerformanceMonitor.cpp(258,24): error C2065: 'ifTable': bildirimi yap─▒lmam─▒┼ş tan─▒mlay─▒c─▒ [C:\ShadowStrike\ShadowStrike\ShadowStrike.vcxproj]
  ('/src/Shared_modules/Performance/NetworkPerformanceMonitor.cpp' kaynak dosyas─▒ derleniyor)
  
C:\ShadowStrike\ShadowStrike\src\Shared_modules\PatternStore\PatternStore.cpp(1173,15): error C2039: 'ScanContext': bir 'ShadowStrike::PatternStore' ├╝yesi de─şil [C:\ShadowStrike\ShadowStrike\ShadowStrike.vcxproj]
  ('/src/Shared_modules/PatternStore/PatternStore.cpp' kaynak dosyas─▒ derleniyor)
      C:\ShadowStrike\ShadowStrike\src\Shared_modules\PatternStore\PatternStore.hpp(62,15):
      'ShadowStrike::PatternStore' bildirimine bak─▒n
  
C:\ShadowStrike\ShadowStrike\src\Shared_modules\Performance\NetworkPerformanceMonitor.cpp(259,26): error C2065: 'ifTable': bildirimi yap─▒lmam─▒┼ş tan─▒mlay─▒c─▒ [C:\ShadowStrike\ShadowStrike\ShadowStrike.vcxproj]
  ('/src/Shared_modules/Performance/NetworkPerformanceMonitor.cpp' kaynak dosyas─▒ derleniyor)
  
C:\ShadowStrike\ShadowStrike\src\Shared_modules\Performance\NetworkPerformanceMonitor.cpp(259,13): error C3861: 'GetIfTable2': tan─▒mlay─▒c─▒ bulunamad─▒ [C:\ShadowStrike\ShadowStrike\ShadowStrike.vcxproj]
  ('/src/Shared_modules/Performance/NetworkPerformanceMonitor.cpp' kaynak dosyas─▒ derleniyor)
  
C:\ShadowStrike\ShadowStrike\src\Shared_modules\PatternStore\PatternStore.cpp(1173,41): error C2039: 'CreateScanContext': bir 'ShadowStrike::PatternStore' ├╝yesi de─şil [C:\ShadowStrike\ShadowStrike\ShadowStrike.vcxproj]
  ('/src/Shared_modules/PatternStore/PatternStore.cpp' kaynak dosyas─▒ derleniyor)
      C:\ShadowStrike\ShadowStrike\src\Shared_modules\PatternStore\PatternStore.hpp(62,15):
      'ShadowStrike::PatternStore' bildirimine bak─▒n
  
C:\ShadowStrike\ShadowStrike\src\Shared_modules\PatternStore\PatternStore.cpp(1173,15): error C4430: t├╝r belirticisi eksik - int varsay─▒ld─▒. Not: C++ varsay─▒lan int deste─şi i├ğermez [C:\ShadowStrike\ShadowStrike\ShadowStrike.vcxproj]
  ('/src/Shared_modules/PatternStore/PatternStore.cpp' kaynak dosyas─▒ derleniyor)
  
C:\ShadowStrike\ShadowStrike\src\Shared_modules\PatternStore\PatternStore.cpp(1173,41): error C2146: s├Âzdizimi hatas─▒: ';' eksik ('CreateScanContext' tan─▒mlay─▒c─▒s─▒ndan ├Ânce) [C:\ShadowStrike\ShadowStrike\ShadowStrike.vcxproj]
  ('/src/Shared_modules/PatternStore/PatternStore.cpp' kaynak dosyas─▒ derleniyor)
  
C:\ShadowStrike\ShadowStrike\src\Shared_modules\PatternStore\PatternStore.cpp(1175,18): error C2143: s├Âzdizimi hatas─▒: ';' eksik ('{' ├Âncesinde) [C:\ShadowStrike\ShadowStrike\ShadowStrike.vcxproj]
  ('/src/Shared_modules/PatternStore/PatternStore.cpp' kaynak dosyas─▒ derleniyor)
  
C:\ShadowStrike\ShadowStrike\src\Shared_modules\PatternStore\PatternStore.cpp(1175,18): error C2447: '{': i┼şlev ├╝stbilgisi eksik (eski tarzda bi├ğimsel liste mi?) [C:\ShadowStrike\ShadowStrike\ShadowStrike.vcxproj]
  ('/src/Shared_modules/PatternStore/PatternStore.cpp' kaynak dosyas─▒ derleniyor)
  
C:\ShadowStrike\ShadowStrike\src\Shared_modules\PatternStore\PatternStore.cpp(1184,20): error C3083: 'ScanContext': '::' i┼şlecinin sonundaki simge bir t├╝r olmal─▒d─▒r [C:\ShadowStrike\ShadowStrike\ShadowStrike.vcxproj]
  ('/src/Shared_modules/PatternStore/PatternStore.cpp' kaynak dosyas─▒ derleniyor)
  
C:\ShadowStrike\ShadowStrike\src\Shared_modules\PatternStore\PatternStore.cpp(1184,33): error C2039: 'Reset': bir 'ShadowStrike::PatternStore' ├╝yesi de─şil [C:\ShadowStrike\ShadowStrike\ShadowStrike.vcxproj]
  ('/src/Shared_modules/PatternStore/PatternStore.cpp' kaynak dosyas─▒ derleniyor)
      C:\ShadowStrike\ShadowStrike\src\Shared_modules\PatternStore\PatternStore.hpp(62,15):
      'ShadowStrike::PatternStore' bildirimine bak─▒n
  
C:\ShadowStrike\ShadowStrike\src\Shared_modules\PatternStore\PatternStore.cpp(1185,5): error C2065: 'm_buffer': bildirimi yap─▒lmam─▒┼ş tan─▒mlay─▒c─▒ [C:\ShadowStrike\ShadowStrike\ShadowStrike.vcxproj]
  ('/src/Shared_modules/PatternStore/PatternStore.cpp' kaynak dosyas─▒ derleniyor)
  
C:\ShadowStrike\ShadowStrike\src\Shared_modules\Performance\NetworkPerformanceMonitor.cpp(273,31): error C2065: 'ifTable': bildirimi yap─▒lmam─▒┼ş tan─▒mlay─▒c─▒ [C:\ShadowStrike\ShadowStrike\ShadowStrike.vcxproj]
  ('/src/Shared_modules/Performance/NetworkPerformanceMonitor.cpp' kaynak dosyas─▒ derleniyor)
  
C:\ShadowStrike\ShadowStrike\src\Shared_modules\PatternStore\PatternStore.cpp(1186,5): error C2065: 'm_buffer': bildirimi yap─▒lmam─▒┼ş tan─▒mlay─▒c─▒ [C:\ShadowStrike\ShadowStrike\ShadowStrike.vcxproj]
  ('/src/Shared_modules/PatternStore/PatternStore.cpp' kaynak dosyas─▒ derleniyor)
  
C:\ShadowStrike\ShadowStrike\src\Shared_modules\Performance\NetworkPerformanceMonitor.cpp(274,31): error C2065: 'ifTable': bildirimi yap─▒lmam─▒┼ş tan─▒mlay─▒c─▒ [C:\ShadowStrike\ShadowStrike\ShadowStrike.vcxproj]
  ('/src/Shared_modules/Performance/NetworkPerformanceMonitor.cpp' kaynak dosyas─▒ derleniyor)
  
C:\ShadowStrike\ShadowStrike\src\Shared_modules\PatternStore\PatternStore.cpp(1187,5): error C2065: 'm_totalBytesProcessed': bildirimi yap─▒lmam─▒┼ş tan─▒mlay─▒c─▒ [C:\ShadowStrike\ShadowStrike\ShadowStrike.vcxproj]
  ('/src/Shared_modules/PatternStore/PatternStore.cpp' kaynak dosyas─▒ derleniyor)
  
C:\ShadowStrike\ShadowStrike\src\Shared_modules\Performance\NetworkPerformanceMonitor.cpp(274,29): error C2530: 'row': ba┼şvurular─▒n ba┼şlat─▒lmas─▒ gerekir [C:\ShadowStrike\ShadowStrike\ShadowStrike.vcxproj]
  ('/src/Shared_modules/Performance/NetworkPerformanceMonitor.cpp' kaynak dosyas─▒ derleniyor)
  
C:\ShadowStrike\ShadowStrike\src\Shared_modules\Performance\NetworkPerformanceMonitor.cpp(277,17): error C3536: 'row': ba┼şlat─▒lmadan ├Ânce kullan─▒lamaz [C:\ShadowStrike\ShadowStrike\ShadowStrike.vcxproj]
  ('/src/Shared_modules/Performance/NetworkPerformanceMonitor.cpp' kaynak dosyas─▒ derleniyor)
  
C:\ShadowStrike\ShadowStrike\src\Shared_modules\PatternStore\PatternStore.cpp(1190,44): error C3083: 'ScanContext': '::' i┼şlecinin sonundaki simge bir t├╝r olmal─▒d─▒r [C:\ShadowStrike\ShadowStrike\ShadowStrike.vcxproj]
  ('/src/Shared_modules/PatternStore/PatternStore.cpp' kaynak dosyas─▒ derleniyor)
  
C:\ShadowStrike\ShadowStrike\src\Shared_modules\PatternStore\PatternStore.cpp(1190,57): error C2039: 'FeedChunk': bir 'ShadowStrike::PatternStore' ├╝yesi de─şil [C:\ShadowStrike\ShadowStrike\ShadowStrike.vcxproj]
  ('/src/Shared_modules/PatternStore/PatternStore.cpp' kaynak dosyas─▒ derleniyor)
      C:\ShadowStrike\ShadowStrike\src\Shared_modules\PatternStore\PatternStore.hpp(62,15):
      'ShadowStrike::PatternStore' bildirimine bak─▒n
  
C:\ShadowStrike\ShadowStrike\src\Shared_modules\Performance\NetworkPerformanceMonitor.cpp(283,13): error C2660: 'WideCharToMultiByte': i┼şlev 7 ba─ş─▒ms─▒z de─şi┼şken alm─▒yor [C:\ShadowStrike\ShadowStrike\ShadowStrike.vcxproj]
  ('/src/Shared_modules/Performance/NetworkPerformanceMonitor.cpp' kaynak dosyas─▒ derleniyor)
      C:\Program Files (x86)\Windows Kits\10\Include\10.0.26100.0\um\stringapiset.h(137,1):
      'WideCharToMultiByte' bildirimine bak─▒n
      C:\ShadowStrike\ShadowStrike\src\Shared_modules\Performance\NetworkPerformanceMonitor.cpp(283,13):
      '(int, int, int, char [256], size_t, int, int)' ba─ş─▒ms─▒z de─şi┼şken listesi e┼şlenmeye ├ğal─▒┼ş─▒l─▒rken
  
C:\ShadowStrike\ShadowStrike\src\Shared_modules\PatternStore\PatternStore.cpp(1196,10): error C2065: 'm_store': bildirimi yap─▒lmam─▒┼ş tan─▒mlay─▒c─▒ [C:\ShadowStrike\ShadowStrike\ShadowStrike.vcxproj]
  ('/src/Shared_modules/PatternStore/PatternStore.cpp' kaynak dosyas─▒ derleniyor)
  
C:\ShadowStrike\ShadowStrike\src\Shared_modules\PatternStore\PatternStore.cpp(1207,9): error C2065: 'm_buffer': bildirimi yap─▒lmam─▒┼ş tan─▒mlay─▒c─▒ [C:\ShadowStrike\ShadowStrike\ShadowStrike.vcxproj]
  ('/src/Shared_modules/PatternStore/PatternStore.cpp' kaynak dosyas─▒ derleniyor)
  
C:\ShadowStrike\ShadowStrike\src\Shared_modules\PatternStore\PatternStore.cpp(1212,14): error C2065: 'm_buffer': bildirimi yap─▒lmam─▒┼ş tan─▒mlay─▒c─▒ [C:\ShadowStrike\ShadowStrike\ShadowStrike.vcxproj]
  ('/src/Shared_modules/PatternStore/PatternStore.cpp' kaynak dosyas─▒ derleniyor)
  
C:\ShadowStrike\ShadowStrike\src\Shared_modules\Performance\NetworkPerformanceMonitor.cpp(289,50): warning C4473: 'snprintf' : bi├ğim dizesi i├ğin yeterli ba─ş─▒ms─▒z de─şi┼şken ge├ğirilmedi [C:\ShadowStrike\ShadowStrike\ShadowStrike.vcxproj]
  ('/src/Shared_modules/Performance/NetworkPerformanceMonitor.cpp' kaynak dosyas─▒ derleniyor)
      C:\ShadowStrike\ShadowStrike\src\Shared_modules\Performance\NetworkPerformanceMonitor.cpp(289,50):
      yer tutucular ve bunlar─▒n parametreleri 6 de─şi┼şen say─▒da ba─ş─▒ms─▒z de─şi┼şken bekliyor, ancak 0 tane sa─şland─▒
      C:\ShadowStrike\ShadowStrike\src\Shared_modules\Performance\NetworkPerformanceMonitor.cpp(289,50):
      eksik 1 de─şi┼şen say─▒da ba─ş─▒ms─▒z de─şi┼şkeni '%02X' bi├ğim dizesi i├ğin gereklidir
  
C:\ShadowStrike\ShadowStrike\src\Shared_modules\PatternStore\PatternStore.cpp(1213,23): error C2065: 'm_store': bildirimi yap─▒lmam─▒┼ş tan─▒mlay─▒c─▒ [C:\ShadowStrike\ShadowStrike\ShadowStrike.vcxproj]
  ('/src/Shared_modules/PatternStore/PatternStore.cpp' kaynak dosyas─▒ derleniyor)
  
C:\ShadowStrike\ShadowStrike\src\Shared_modules\PatternStore\PatternStore.cpp(1213,37): error C2065: 'm_buffer': bildirimi yap─▒lmam─▒┼ş tan─▒mlay─▒c─▒ [C:\ShadowStrike\ShadowStrike\ShadowStrike.vcxproj]
  ('/src/Shared_modules/PatternStore/PatternStore.cpp' kaynak dosyas─▒ derleniyor)
  
C:\ShadowStrike\ShadowStrike\src\Shared_modules\PatternStore\PatternStore.cpp(1213,47): error C2065: 'm_options': bildirimi yap─▒lmam─▒┼ş tan─▒mlay─▒c─▒ [C:\ShadowStrike\ShadowStrike\ShadowStrike.vcxproj]
  ('/src/Shared_modules/PatternStore/PatternStore.cpp' kaynak dosyas─▒ derleniyor)
  
C:\ShadowStrike\ShadowStrike\src\Shared_modules\PatternStore\PatternStore.cpp(1214,13): error C2065: 'm_buffer': bildirimi yap─▒lmam─▒┼ş tan─▒mlay─▒c─▒ [C:\ShadowStrike\ShadowStrike\ShadowStrike.vcxproj]
  ('/src/Shared_modules/PatternStore/PatternStore.cpp' kaynak dosyas─▒ derleniyor)
  
C:\ShadowStrike\ShadowStrike\src\Shared_modules\PatternStore\PatternStore.cpp(1220,9): error C2065: 'm_buffer': bildirimi yap─▒lmam─▒┼ş tan─▒mlay─▒c─▒ [C:\ShadowStrike\ShadowStrike\ShadowStrike.vcxproj]
  ('/src/Shared_modules/PatternStore/PatternStore.cpp' kaynak dosyas─▒ derleniyor)
  
C:\ShadowStrike\ShadowStrike\src\Shared_modules\PatternStore\PatternStore.cpp(1220,25): error C2065: 'm_buffer': bildirimi yap─▒lmam─▒┼ş tan─▒mlay─▒c─▒ [C:\ShadowStrike\ShadowStrike\ShadowStrike.vcxproj]
  ('/src/Shared_modules/PatternStore/PatternStore.cpp' kaynak dosyas─▒ derleniyor)
  
C:\ShadowStrike\ShadowStrike\src\Shared_modules\PatternStore\PatternStore.cpp(1227,9): error C2065: 'm_totalBytesProcessed': bildirimi yap─▒lmam─▒┼ş tan─▒mlay─▒c─▒ [C:\ShadowStrike\ShadowStrike\ShadowStrike.vcxproj]
  ('/src/Shared_modules/PatternStore/PatternStore.cpp' kaynak dosyas─▒ derleniyor)
  
C:\ShadowStrike\ShadowStrike\src\Shared_modules\PatternStore\PatternStore.cpp(1228,9): error C2065: 'm_totalBytesProcessed': bildirimi yap─▒lmam─▒┼ş tan─▒mlay─▒c─▒ [C:\ShadowStrike\ShadowStrike\ShadowStrike.vcxproj]
  ('/src/Shared_modules/PatternStore/PatternStore.cpp' kaynak dosyas─▒ derleniyor)
  
C:\ShadowStrike\ShadowStrike\src\Shared_modules\PatternStore\PatternStore.cpp(1230,9): error C2065: 'm_totalBytesProcessed': bildirimi yap─▒lmam─▒┼ş tan─▒mlay─▒c─▒ [C:\ShadowStrike\ShadowStrike\ShadowStrike.vcxproj]
  ('/src/Shared_modules/PatternStore/PatternStore.cpp' kaynak dosyas─▒ derleniyor)
  
C:\ShadowStrike\ShadowStrike\src\Shared_modules\PatternStore\PatternStore.cpp(1234,9): error C2065: 'm_buffer': bildirimi yap─▒lmam─▒┼ş tan─▒mlay─▒c─▒ [C:\ShadowStrike\ShadowStrike\ShadowStrike.vcxproj]
  ('/src/Shared_modules/PatternStore/PatternStore.cpp' kaynak dosyas─▒ derleniyor)
  
C:\ShadowStrike\ShadowStrike\src\Shared_modules\PatternStore\PatternStore.cpp(1235,19): error C2065: 'm_store': bildirimi yap─▒lmam─▒┼ş tan─▒mlay─▒c─▒ [C:\ShadowStrike\ShadowStrike\ShadowStrike.vcxproj]
  ('/src/Shared_modules/PatternStore/PatternStore.cpp' kaynak dosyas─▒ derleniyor)
  
C:\ShadowStrike\ShadowStrike\src\Shared_modules\PatternStore\PatternStore.cpp(1235,33): error C2065: 'm_buffer': bildirimi yap─▒lmam─▒┼ş tan─▒mlay─▒c─▒ [C:\ShadowStrike\ShadowStrike\ShadowStrike.vcxproj]
  ('/src/Shared_modules/PatternStore/PatternStore.cpp' kaynak dosyas─▒ derleniyor)
  
C:\ShadowStrike\ShadowStrike\src\Shared_modules\PatternStore\PatternStore.cpp(1235,43): error C2065: 'm_options': bildirimi yap─▒lmam─▒┼ş tan─▒mlay─▒c─▒ [C:\ShadowStrike\ShadowStrike\ShadowStrike.vcxproj]
  ('/src/Shared_modules/PatternStore/PatternStore.cpp' kaynak dosyas─▒ derleniyor)
  
C:\ShadowStrike\ShadowStrike\src\Shared_modules\PatternStore\PatternStore.cpp(1238,13): error C2065: 'm_buffer': bildirimi yap─▒lmam─▒┼ş tan─▒mlay─▒c─▒ [C:\ShadowStrike\ShadowStrike\ShadowStrike.vcxproj]
  ('/src/Shared_modules/PatternStore/PatternStore.cpp' kaynak dosyas─▒ derleniyor)
  
C:\ShadowStrike\ShadowStrike\src\Shared_modules\PatternStore\PatternStore.cpp(1241,21): error C2065: 'm_buffer': bildirimi yap─▒lmam─▒┼ş tan─▒mlay─▒c─▒ [C:\ShadowStrike\ShadowStrike\ShadowStrike.vcxproj]
  ('/src/Shared_modules/PatternStore/PatternStore.cpp' kaynak dosyas─▒ derleniyor)
  
C:\ShadowStrike\ShadowStrike\src\Shared_modules\PatternStore\PatternStore.cpp(1242,21): error C2065: 'm_buffer': bildirimi yap─▒lmam─▒┼ş tan─▒mlay─▒c─▒ [C:\ShadowStrike\ShadowStrike\ShadowStrike.vcxproj]
  ('/src/Shared_modules/PatternStore/PatternStore.cpp' kaynak dosyas─▒ derleniyor)
  
C:\ShadowStrike\ShadowStrike\src\Shared_modules\PatternStore\PatternStore.cpp(1244,17): error C2065: 'm_buffer': bildirimi yap─▒lmam─▒┼ş tan─▒mlay─▒c─▒ [C:\ShadowStrike\ShadowStrike\ShadowStrike.vcxproj]
  ('/src/Shared_modules/PatternStore/PatternStore.cpp' kaynak dosyas─▒ derleniyor)
  
C:\ShadowStrike\ShadowStrike\src\Shared_modules\PatternStore\PatternStore.cpp(1248,17): error C2065: 'm_buffer': bildirimi yap─▒lmam─▒┼ş tan─▒mlay─▒c─▒ [C:\ShadowStrike\ShadowStrike\ShadowStrike.vcxproj]
  ('/src/Shared_modules/PatternStore/PatternStore.cpp' kaynak dosyas─▒ derleniyor)
  
C:\ShadowStrike\ShadowStrike\src\Shared_modules\PatternStore\PatternStore.cpp(1251,13): error C2065: 'm_buffer': bildirimi yap─▒lmam─▒┼ş tan─▒mlay─▒c─▒ [C:\ShadowStrike\ShadowStrike\ShadowStrike.vcxproj]
  ('/src/Shared_modules/PatternStore/PatternStore.cpp' kaynak dosyas─▒ derleniyor)
  
C:\ShadowStrike\ShadowStrike\src\Shared_modules\PatternStore\PatternStore.cpp(1258,44): error C3083: 'ScanContext': '::' i┼şlecinin sonundaki simge bir t├╝r olmal─▒d─▒r [C:\ShadowStrike\ShadowStrike\ShadowStrike.vcxproj]
  ('/src/Shared_modules/PatternStore/PatternStore.cpp' kaynak dosyas─▒ derleniyor)
  
C:\ShadowStrike\ShadowStrike\src\Shared_modules\PatternStore\PatternStore.cpp(1258,57): error C2039: 'Finalize': bir 'ShadowStrike::PatternStore' ├╝yesi de─şil [C:\ShadowStrike\ShadowStrike\ShadowStrike.vcxproj]
  ('/src/Shared_modules/PatternStore/PatternStore.cpp' kaynak dosyas─▒ derleniyor)
      C:\ShadowStrike\ShadowStrike\src\Shared_modules\PatternStore\PatternStore.hpp(62,15):
      'ShadowStrike::PatternStore' bildirimine bak─▒n
  
C:\ShadowStrike\ShadowStrike\src\Shared_modules\PatternStore\PatternStore.cpp(1261,10): error C2065: 'm_store': bildirimi yap─▒lmam─▒┼ş tan─▒mlay─▒c─▒ [C:\ShadowStrike\ShadowStrike\ShadowStrike.vcxproj]
  ('/src/Shared_modules/PatternStore/PatternStore.cpp' kaynak dosyas─▒ derleniyor)
  
C:\ShadowStrike\ShadowStrike\src\Shared_modules\PatternStore\PatternStore.cpp(1261,10): error C1003: hata say─▒s─▒ 100 taneyi a┼şt─▒; derleme durduruluyor [C:\ShadowStrike\ShadowStrike\ShadowStrike.vcxproj]
  ('/src/Shared_modules/PatternStore/PatternStore.cpp' kaynak dosyas─▒ derleniyor)
  
C:\ShadowStrike\ShadowStrike\src\Shared_modules\Performance\NetworkPerformanceMonitor.cpp(326,22): error C2065: 'ifTable': bildirimi yap─▒lmam─▒┼ş tan─▒mlay─▒c─▒ [C:\ShadowStrike\ShadowStrike\ShadowStrike.vcxproj]
  ('/src/Shared_modules/Performance/NetworkPerformanceMonitor.cpp' kaynak dosyas─▒ derleniyor)
  
C:\ShadowStrike\ShadowStrike\src\Shared_modules\Performance\NetworkPerformanceMonitor.cpp(326,9): error C3861: 'FreeMibTable': tan─▒mlay─▒c─▒ bulunamad─▒ [C:\ShadowStrike\ShadowStrike\ShadowStrike.vcxproj]
  ('/src/Shared_modules/Performance/NetworkPerformanceMonitor.cpp' kaynak dosyas─▒ derleniyor)
  
C:\ShadowStrike\ShadowStrike\src\Shared_modules\RealTime\BehaviorBlocker.cpp(669,1): error C1010: ├Ân derlenmi┼ş ├╝stbilgi aran─▒rken beklenmeyen dosya sonu. kaynak kodunuza '#include "pch.h"' eklemeyi unuttunuz mu? [C:\ShadowStrike\ShadowStrike\ShadowStrike.vcxproj]
C:\ShadowStrike\ShadowStrike\src\Products\PhantomHome\Privacy\MicrophoneGuard.hpp(131,10): error C1083: i├ğerme dosyas─▒ a├ğ─▒lam─▒yor: '../Utils/Logger.hpp': No such file or directory [C:\ShadowStrike\ShadowStrike\ShadowStrike.vcxproj]
  ('/src/Products/PhantomHome/Privacy/MicrophoneGuard.cpp' kaynak dosyas─▒ derleniyor)
  
C:\ShadowStrike\ShadowStrike\src\Shared_modules\Performance\NetworkPerformanceMonitor.cpp(503,20): error C2039: 'IsInitialized': bir 'ShadowStrike::Performance::NetworkPerformanceMonitorImpl' ├╝yesi de─şil [C:\ShadowStrike\ShadowStrike\ShadowStrike.vcxproj]
  ('/src/Shared_modules/Performance/NetworkPerformanceMonitor.cpp' kaynak dosyas─▒ derleniyor)
      C:\ShadowStrike\ShadowStrike\src\Shared_modules\Performance\NetworkPerformanceMonitor.cpp(172,7):
      'ShadowStrike::Performance::NetworkPerformanceMonitorImpl' bildirimine bak─▒n
  
C:\ShadowStrike\ShadowStrike\src\Products\PhantomHome\Privacy\PrivacyCleaner.hpp(142,10): error C1083: i├ğerme dosyas─▒ a├ğ─▒lam─▒yor: '../Utils/Logger.hpp': No such file or directory [C:\ShadowStrike\ShadowStrike\ShadowStrike.vcxproj]
  ('/src/Products/PhantomHome/Privacy/PrivacyCleaner.cpp' kaynak dosyas─▒ derleniyor)
  
C:\ShadowStrike\ShadowStrike\src\Products\PhantomHome\Privacy\WebCamProtector.hpp(130,10): error C1083: i├ğerme dosyas─▒ a├ğ─▒lam─▒yor: '../Utils/Logger.hpp': No such file or directory [C:\ShadowStrike\ShadowStrike\ShadowStrike.vcxproj]
  ('/src/Products/PhantomHome/Privacy/WebcamProtector.cpp' kaynak dosyas─▒ derleniyor)
  
C:\ShadowStrike\ShadowStrike\src\Shared_modules\RealTime\MemoryProtection.cpp(434,1): error C1010: ├Ân derlenmi┼ş ├╝stbilgi aran─▒rken beklenmeyen dosya sonu. kaynak kodunuza '#include "pch.h"' eklemeyi unuttunuz mu? [C:\ShadowStrike\ShadowStrike\ShadowStrike.vcxproj]
C:\ShadowStrike\ShadowStrike\src\Shared_modules\RansomwareProtection\FileBackupManager.cpp(105,70): error C2039: 'WideToUtf8': bir 'ShadowStrike::Utils::StringUtils' ├╝yesi de─şil [C:\ShadowStrike\ShadowStrike\ShadowStrike.vcxproj]
  ('/src/Shared_modules/RansomwareProtection/FileBackupManager.cpp' kaynak dosyas─▒ derleniyor)
      C:\ShadowStrike\ShadowStrike\src\Shared_modules\Utils\StringUtils.hpp(63,19):
      'ShadowStrike::Utils::StringUtils' bildirimine bak─▒n
  
C:\ShadowStrike\ShadowStrike\src\Shared_modules\RansomwareProtection\FileBackupManager.cpp(105,70): error C3861: 'WideToUtf8': tan─▒mlay─▒c─▒ bulunamad─▒ [C:\ShadowStrike\ShadowStrike\ShadowStrike.vcxproj]
  ('/src/Shared_modules/RansomwareProtection/FileBackupManager.cpp' kaynak dosyas─▒ derleniyor)
  
C:\ShadowStrike\ShadowStrike\src\Shared_modules\RansomwareProtection\BackupProtector.cpp(363,16): error C2039: 'WhiteListStore': bir 'ShadowStrike::Whitelist' ├╝yesi de─şil [C:\ShadowStrike\ShadowStrike\ShadowStrike.vcxproj]
  ('/src/Shared_modules/RansomwareProtection/BackupProtector.cpp' kaynak dosyas─▒ derleniyor)
      C:\ShadowStrike\ShadowStrike\src\Shared_modules\Whitelist\WhiteListStore.hpp(96,11):
      'ShadowStrike::Whitelist' bildirimine bak─▒n
  
C:\ShadowStrike\ShadowStrike\src\Shared_modules\RansomwareProtection\BackupProtector.cpp(363,30): error C2143: s├Âzdizimi hatas─▒: ';' eksik ('*' ├Âncesinde) [C:\ShadowStrike\ShadowStrike\ShadowStrike.vcxproj]
  ('/src/Shared_modules/RansomwareProtection/BackupProtector.cpp' kaynak dosyas─▒ derleniyor)
  
C:\ShadowStrike\ShadowStrike\src\Shared_modules\RansomwareProtection\BackupProtector.cpp(363,16): error C4430: t├╝r belirticisi eksik - int varsay─▒ld─▒. Not: C++ varsay─▒lan int deste─şi i├ğermez [C:\ShadowStrike\ShadowStrike\ShadowStrike.vcxproj]
  ('/src/Shared_modules/RansomwareProtection/BackupProtector.cpp' kaynak dosyas─▒ derleniyor)
  
C:\ShadowStrike\ShadowStrike\src\Shared_modules\RansomwareProtection\BackupProtector.cpp(363,58): error C2238: ';' ├Âncesinde beklenmeyen belirte├ğler [C:\ShadowStrike\ShadowStrike\ShadowStrike.vcxproj]
  ('/src/Shared_modules/RansomwareProtection/BackupProtector.cpp' kaynak dosyas─▒ derleniyor)
  
C:\ShadowStrike\ShadowStrike\src\Shared_modules\RansomwareProtection\BackupProtector.cpp(371,5): error C2653: 'Logger': bir s─▒n─▒f veya ad alan─▒ ad─▒ de─şil [C:\ShadowStrike\ShadowStrike\ShadowStrike.vcxproj]
  ('/src/Shared_modules/RansomwareProtection/BackupProtector.cpp' kaynak dosyas─▒ derleniyor)
  
C:\ShadowStrike\ShadowStrike\src\Shared_modules\RansomwareProtection\BackupProtector.cpp(371,13): error C3861: 'Info': tan─▒mlay─▒c─▒ bulunamad─▒ [C:\ShadowStrike\ShadowStrike\ShadowStrike.vcxproj]
  ('/src/Shared_modules/RansomwareProtection/BackupProtector.cpp' kaynak dosyas─▒ derleniyor)
  
C:\ShadowStrike\ShadowStrike\src\Shared_modules\RansomwareProtection\BackupProtector.cpp(376,5): error C2653: 'Logger': bir s─▒n─▒f veya ad alan─▒ ad─▒ de─şil [C:\ShadowStrike\ShadowStrike\ShadowStrike.vcxproj]
  ('/src/Shared_modules/RansomwareProtection/BackupProtector.cpp' kaynak dosyas─▒ derleniyor)
  
C:\ShadowStrike\ShadowStrike\src\Shared_modules\RansomwareProtection\BackupProtector.cpp(376,13): error C3861: 'Info': tan─▒mlay─▒c─▒ bulunamad─▒ [C:\ShadowStrike\ShadowStrike\ShadowStrike.vcxproj]
  ('/src/Shared_modules/RansomwareProtection/BackupProtector.cpp' kaynak dosyas─▒ derleniyor)
  
C:\ShadowStrike\ShadowStrike\src\Shared_modules\RansomwareProtection\BackupProtector.cpp(383,9): error C2653: 'Logger': bir s─▒n─▒f veya ad alan─▒ ad─▒ de─şil [C:\ShadowStrike\ShadowStrike\ShadowStrike.vcxproj]
  ('/src/Shared_modules/RansomwareProtection/BackupProtector.cpp' kaynak dosyas─▒ derleniyor)
  
C:\ShadowStrike\ShadowStrike\src\Shared_modules\RansomwareProtection\BackupProtector.cpp(383,17): error C3861: 'Warn': tan─▒mlay─▒c─▒ bulunamad─▒ [C:\ShadowStrike\ShadowStrike\ShadowStrike.vcxproj]
  ('/src/Shared_modules/RansomwareProtection/BackupProtector.cpp' kaynak dosyas─▒ derleniyor)
  
C:\ShadowStrike\ShadowStrike\src\Shared_modules\RansomwareProtection\BackupProtector.cpp(392,13): error C2653: 'Logger': bir s─▒n─▒f veya ad alan─▒ ad─▒ de─şil [C:\ShadowStrike\ShadowStrike\ShadowStrike.vcxproj]
  ('/src/Shared_modules/RansomwareProtection/BackupProtector.cpp' kaynak dosyas─▒ derleniyor)
  
C:\ShadowStrike\ShadowStrike\src\Shared_modules\RansomwareProtection\BackupProtector.cpp(392,21): error C3861: 'Error': tan─▒mlay─▒c─▒ bulunamad─▒ [C:\ShadowStrike\ShadowStrike\ShadowStrike.vcxproj]
  ('/src/Shared_modules/RansomwareProtection/BackupProtector.cpp' kaynak dosyas─▒ derleniyor)
  
C:\ShadowStrike\ShadowStrike\src\Shared_modules\RansomwareProtection\BackupProtector.cpp(401,13): error C2065: 'm_whitelistStore': bildirimi yap─▒lmam─▒┼ş tan─▒mlay─▒c─▒ [C:\ShadowStrike\ShadowStrike\ShadowStrike.vcxproj]
  ('/src/Shared_modules/RansomwareProtection/BackupProtector.cpp' kaynak dosyas─▒ derleniyor)
  
C:\ShadowStrike\ShadowStrike\src\Shared_modules\RansomwareProtection\BackupProtector.cpp(401,44): error C3083: 'WhiteListStore': '::' i┼şlecinin sonundaki simge bir t├╝r olmal─▒d─▒r [C:\ShadowStrike\ShadowStrike\ShadowStrike.vcxproj]
  ('/src/Shared_modules/RansomwareProtection/BackupProtector.cpp' kaynak dosyas─▒ derleniyor)
  
C:\ShadowStrike\ShadowStrike\src\Shared_modules\RansomwareProtection\BackupProtector.cpp(401,60): error C2039: 'Instance': bir 'ShadowStrike::Whitelist' ├╝yesi de─şil [C:\ShadowStrike\ShadowStrike\ShadowStrike.vcxproj]
  ('/src/Shared_modules/RansomwareProtection/BackupProtector.cpp' kaynak dosyas─▒ derleniyor)
      C:\ShadowStrike\ShadowStrike\src\Shared_modules\Whitelist\WhiteListStore.hpp(96,11):
      'ShadowStrike::Whitelist' bildirimine bak─▒n
  
C:\ShadowStrike\ShadowStrike\src\Shared_modules\RansomwareProtection\BackupProtector.cpp(401,60): error C3861: 'Instance': tan─▒mlay─▒c─▒ bulunamad─▒ [C:\ShadowStrike\ShadowStrike\ShadowStrike.vcxproj]
  ('/src/Shared_modules/RansomwareProtection/BackupProtector.cpp' kaynak dosyas─▒ derleniyor)
  
C:\ShadowStrike\ShadowStrike\src\Shared_modules\RansomwareProtection\BackupProtector.cpp(403,13): error C2653: 'Logger': bir s─▒n─▒f veya ad alan─▒ ad─▒ de─şil [C:\ShadowStrike\ShadowStrike\ShadowStrike.vcxproj]
  ('/src/Shared_modules/RansomwareProtection/BackupProtector.cpp' kaynak dosyas─▒ derleniyor)
  
C:\ShadowStrike\ShadowStrike\src\Shared_modules\RansomwareProtection\BackupProtector.cpp(403,21): error C3861: 'Warn': tan─▒mlay─▒c─▒ bulunamad─▒ [C:\ShadowStrike\ShadowStrike\ShadowStrike.vcxproj]
  ('/src/Shared_modules/RansomwareProtection/BackupProtector.cpp' kaynak dosyas─▒ derleniyor)
  
C:\ShadowStrike\ShadowStrike\src\Shared_modules\RansomwareProtection\BackupProtector.cpp(404,13): error C2065: 'm_whitelistStore': bildirimi yap─▒lmam─▒┼ş tan─▒mlay─▒c─▒ [C:\ShadowStrike\ShadowStrike\ShadowStrike.vcxproj]
  ('/src/Shared_modules/RansomwareProtection/BackupProtector.cpp' kaynak dosyas─▒ derleniyor)
  
C:\ShadowStrike\ShadowStrike\src\Shared_modules\RansomwareProtection\BackupProtector.cpp(411,45): error C2039: 'customPatterns': bir 'ShadowStrike::Ransomware::BackupProtectorConfiguration' ├╝yesi de─şil [C:\ShadowStrike\ShadowStrike\ShadowStrike.vcxproj]
  ('/src/Shared_modules/RansomwareProtection/BackupProtector.cpp' kaynak dosyas─▒ derleniyor)
      C:\ShadowStrike\ShadowStrike\src\Shared_modules\RansomwareProtection\BackupProtector.hpp(416,8):
      'ShadowStrike::Ransomware::BackupProtectorConfiguration' bildirimine bak─▒n
  
C:\ShadowStrike\ShadowStrike\src\Shared_modules\RansomwareProtection\BackupProtector.cpp(411,26): error C2530: 'pattern': ba┼şvurular─▒n ba┼şlat─▒lmas─▒ gerekir [C:\ShadowStrike\ShadowStrike\ShadowStrike.vcxproj]
  ('/src/Shared_modules/RansomwareProtection/BackupProtector.cpp' kaynak dosyas─▒ derleniyor)
  
C:\ShadowStrike\ShadowStrike\src\Shared_modules\RansomwareProtection\BackupProtector.cpp(411,26): error C3531: 'pattern': t├╝r├╝ 'auto' i├ğeren bir simgenin bir ba┼şlat─▒c─▒s─▒ olmal─▒d─▒r [C:\ShadowStrike\ShadowStrike\ShadowStrike.vcxproj]
  ('/src/Shared_modules/RansomwareProtection/BackupProtector.cpp' kaynak dosyas─▒ derleniyor)
  
C:\ShadowStrike\ShadowStrike\src\Shared_modules\RansomwareProtection\BackupProtector.cpp(411,34): error C2143: s├Âzdizimi hatas─▒: ';' eksik (':' ├Âncesinde) [C:\ShadowStrike\ShadowStrike\ShadowStrike.vcxproj]
  ('/src/Shared_modules/RansomwareProtection/BackupProtector.cpp' kaynak dosyas─▒ derleniyor)
  
C:\ShadowStrike\ShadowStrike\src\Shared_modules\RansomwareProtection\BackupProtector.cpp(411,59): error C2143: s├Âzdizimi hatas─▒: ';' eksik (')' ├Âncesinde) [C:\ShadowStrike\ShadowStrike\ShadowStrike.vcxproj]
  ('/src/Shared_modules/RansomwareProtection/BackupProtector.cpp' kaynak dosyas─▒ derleniyor)
  
C:\ShadowStrike\ShadowStrike\src\Shared_modules\RansomwareProtection\BackupProtector.cpp(412,24): error C2665: 'std::vector<ShadowStrike::Ransomware::CommandPattern,std::allocator<ShadowStrike::Ransomware::CommandPattern>>::push_back': hi├ğbir a┼ş─▒r─▒ y├╝klenmi┼ş i┼şlev t├╝m arg├╝man t├╝rlerini d├Ân├╝┼şt├╝remez [C:\ShadowStrike\ShadowStrike\ShadowStrike.vcxproj]
  ('/src/Shared_modules/RansomwareProtection/BackupProtector.cpp' kaynak dosyas─▒ derleniyor)
      C:\Program Files\Microsoft Visual Studio\2022\Community\VC\Tools\MSVC\14.44.35207\include\vector(936,23):
      'void std::vector<ShadowStrike::Ransomware::CommandPattern,std::allocator<ShadowStrike::Ransomware::CommandPattern>>::push_back(_Ty &&)' olabilirdi
          with
          [
              _Ty=ShadowStrike::Ransomware::CommandPattern
          ]
          C:\ShadowStrike\ShadowStrike\src\Shared_modules\RansomwareProtection\BackupProtector.cpp(412,24):
          'void std::vector<ShadowStrike::Ransomware::CommandPattern,std::allocator<ShadowStrike::Ransomware::CommandPattern>>::push_back(_Ty &&)' : 1 ba─ş─▒ms─▒z de─şi┼şkeni '<error type>' de─şerinden '_Ty &&' de─şerine d├Ân├╝┼şt├╝r├╝lemez
          with
          [
              _Ty=ShadowStrike::Ransomware::CommandPattern
          ]
              C:\ShadowStrike\ShadowStrike\src\Shared_modules\RansomwareProtection\BackupProtector.cpp(412,34):
              Nedeni: '<error type>' de─şerinden '_Ty' de─şerine d├Ân├╝┼şt├╝r├╝lemez
          with
          [
              _Ty=ShadowStrike::Ransomware::CommandPattern
          ]
              C:\ShadowStrike\ShadowStrike\src\Shared_modules\RansomwareProtection\BackupProtector.cpp(412,34):
              'ShadowStrike::Ransomware::CommandPattern::CommandPattern': hi├ğbir a┼ş─▒r─▒ y├╝klenmi┼ş i┼şlev t├╝m arg├╝man t├╝rlerini d├Ân├╝┼şt├╝remez
                  C:\ShadowStrike\ShadowStrike\src\Shared_modules\RansomwareProtection\BackupProtector.hpp(368,1):
                  'ShadowStrike::Ransomware::CommandPattern::CommandPattern(ShadowStrike::Ransomware::CommandPattern &&)' olabilirdi
                      C:\ShadowStrike\ShadowStrike\src\Shared_modules\RansomwareProtection\BackupProtector.cpp(412,34):
                      'ShadowStrike::Ransomware::CommandPattern::CommandPattern(ShadowStrike::Ransomware::CommandPattern &&)' : 1 ba─ş─▒ms─▒z de─şi┼şkeni '<error type>' de─şerinden 'ShadowStrike::Ransomware::CommandPattern &&' de─şerine d├Ân├╝┼şt├╝r├╝lemez
                          C:\ShadowStrike\ShadowStrike\src\Shared_modules\RansomwareProtection\BackupProtector.cpp(412,34):
                          Nedeni: '<error type>' de─şerinden 'ShadowStrike::Ransomware::CommandPattern' de─şerine d├Ân├╝┼şt├╝r├╝lemez
                          C:\ShadowStrike\ShadowStrike\src\Shared_modules\RansomwareProtection\BackupProtector.cpp(412,34):
                          D├Ân├╝┼şt├╝rme ikinci bir kullan─▒c─▒ tan─▒ml─▒ d├Ân├╝┼şt├╝rme i┼şleci veya olu┼şturucu gerektiriyor
                  C:\ShadowStrike\ShadowStrike\src\Shared_modules\RansomwareProtection\BackupProtector.hpp(368,1):
                  veya       'ShadowStrike::Ransomware::CommandPattern::CommandPattern(const ShadowStrike::Ransomware::CommandPattern &)'
                      C:\ShadowStrike\ShadowStrike\src\Shared_modules\RansomwareProtection\BackupProtector.cpp(412,34):
                      'ShadowStrike::Ransomware::CommandPattern::CommandPattern(const ShadowStrike::Ransomware::CommandPattern &)' : 1 ba─ş─▒ms─▒z de─şi┼şkeni '<error type>' de─şerinden 'const ShadowStrike::Ransomware::CommandPattern &' de─şerine d├Ân├╝┼şt├╝r├╝lemez
                          C:\ShadowStrike\ShadowStrike\src\Shared_modules\RansomwareProtection\BackupProtector.cpp(412,34):
                          Nedeni: '<error type>' de─şerinden 'const ShadowStrike::Ransomware::CommandPattern' de─şerine d├Ân├╝┼şt├╝r├╝lemez
                          C:\ShadowStrike\ShadowStrike\src\Shared_modules\RansomwareProtection\BackupProtector.cpp(412,34):
                          D├Ân├╝┼şt├╝rme ikinci bir kullan─▒c─▒ tan─▒ml─▒ d├Ân├╝┼şt├╝rme i┼şleci veya olu┼şturucu gerektiriyor
                  C:\ShadowStrike\ShadowStrike\src\Shared_modules\RansomwareProtection\BackupProtector.cpp(412,34):
                  '(<error type>)' ba─ş─▒ms─▒z de─şi┼şken listesi e┼şlenmeye ├ğal─▒┼ş─▒l─▒rken
      C:\Program Files\Microsoft Visual Studio\2022\Community\VC\Tools\MSVC\14.44.35207\include\vector(932,23):
      veya       'void std::vector<ShadowStrike::Ransomware::CommandPattern,std::allocator<ShadowStrike::Ransomware::CommandPattern>>::push_back(const _Ty &)'
          with
          [
              _Ty=ShadowStrike::Ransomware::CommandPattern
          ]
          C:\ShadowStrike\ShadowStrike\src\Shared_modules\RansomwareProtection\BackupProtector.cpp(412,24):
          'void std::vector<ShadowStrike::Ransomware::CommandPattern,std::allocator<ShadowStrike::Ransomware::CommandPattern>>::push_back(const _Ty &)' : 1 ba─ş─▒ms─▒z de─şi┼şkeni '<error type>' de─şerinden 'const _Ty &' de─şerine d├Ân├╝┼şt├╝r├╝lemez
          with
          [
              _Ty=ShadowStrike::Ransomware::CommandPattern
          ]
              C:\ShadowStrike\ShadowStrike\src\Shared_modules\RansomwareProtection\BackupProtector.cpp(412,34):
              Nedeni: '<error type>' de─şerinden 'const _Ty' de─şerine d├Ân├╝┼şt├╝r├╝lemez
          with
          [
              _Ty=ShadowStrike::Ransomware::CommandPattern
          ]
              C:\ShadowStrike\ShadowStrike\src\Shared_modules\RansomwareProtection\BackupProtector.cpp(412,34):
              'ShadowStrike::Ransomware::CommandPattern::CommandPattern': hi├ğbir a┼ş─▒r─▒ y├╝klenmi┼ş i┼şlev t├╝m arg├╝man t├╝rlerini d├Ân├╝┼şt├╝remez
                  C:\ShadowStrike\ShadowStrike\src\Shared_modules\RansomwareProtection\BackupProtector.hpp(368,1):
                  'ShadowStrike::Ransomware::CommandPattern::CommandPattern(ShadowStrike::Ransomware::CommandPattern &&)' olabilirdi
                      C:\ShadowStrike\ShadowStrike\src\Shared_modules\RansomwareProtection\BackupProtector.cpp(412,34):
                      'ShadowStrike::Ransomware::CommandPattern::CommandPattern(ShadowStrike::Ransomware::CommandPattern &&)' : 1 ba─ş─▒ms─▒z de─şi┼şkeni '<error type>' de─şerinden 'ShadowStrike::Ransomware::CommandPattern &&' de─şerine d├Ân├╝┼şt├╝r├╝lemez
                          C:\ShadowStrike\ShadowStrike\src\Shared_modules\RansomwareProtection\BackupProtector.cpp(412,34):
                          Nedeni: '<error type>' de─şerinden 'ShadowStrike::Ransomware::CommandPattern' de─şerine d├Ân├╝┼şt├╝r├╝lemez
                          C:\ShadowStrike\ShadowStrike\src\Shared_modules\RansomwareProtection\BackupProtector.cpp(412,34):
                          D├Ân├╝┼şt├╝rme ikinci bir kullan─▒c─▒ tan─▒ml─▒ d├Ân├╝┼şt├╝rme i┼şleci veya olu┼şturucu gerektiriyor
                  C:\ShadowStrike\ShadowStrike\src\Shared_modules\RansomwareProtection\BackupProtector.hpp(368,1):
                  veya       'ShadowStrike::Ransomware::CommandPattern::CommandPattern(const ShadowStrike::Ransomware::CommandPattern &)'
                      C:\ShadowStrike\ShadowStrike\src\Shared_modules\RansomwareProtection\BackupProtector.cpp(412,34):
                      'ShadowStrike::Ransomware::CommandPattern::CommandPattern(const ShadowStrike::Ransomware::CommandPattern &)' : 1 ba─ş─▒ms─▒z de─şi┼şkeni '<error type>' de─şerinden 'const ShadowStrike::Ransomware::CommandPattern &' de─şerine d├Ân├╝┼şt├╝r├╝lemez
                          C:\ShadowStrike\ShadowStrike\src\Shared_modules\RansomwareProtection\BackupProtector.cpp(412,34):
                          Nedeni: '<error type>' de─şerinden 'const ShadowStrike::Ransomware::CommandPattern' de─şerine d├Ân├╝┼şt├╝r├╝lemez
                          C:\ShadowStrike\ShadowStrike\src\Shared_modules\RansomwareProtection\BackupProtector.cpp(412,34):
                          D├Ân├╝┼şt├╝rme ikinci bir kullan─▒c─▒ tan─▒ml─▒ d├Ân├╝┼şt├╝rme i┼şleci veya olu┼şturucu gerektiriyor
                  C:\ShadowStrike\ShadowStrike\src\Shared_modules\RansomwareProtection\BackupProtector.cpp(412,34):
                  '(<error type>)' ba─ş─▒ms─▒z de─şi┼şken listesi e┼şlenmeye ├ğal─▒┼ş─▒l─▒rken
      C:\ShadowStrike\ShadowStrike\src\Shared_modules\RansomwareProtection\BackupProtector.cpp(412,24):
      '(<error type>)' ba─ş─▒ms─▒z de─şi┼şken listesi e┼şlenmeye ├ğal─▒┼ş─▒l─▒rken
  
C:\ShadowStrike\ShadowStrike\src\Shared_modules\RansomwareProtection\FileBackupManager.cpp(241,37): error C2039: 'WideToUtf8': bir 'ShadowStrike::Utils::StringUtils' ├╝yesi de─şil [C:\ShadowStrike\ShadowStrike\ShadowStrike.vcxproj]
  ('/src/Shared_modules/RansomwareProtection/FileBackupManager.cpp' kaynak dosyas─▒ derleniyor)
      C:\ShadowStrike\ShadowStrike\src\Shared_modules\Utils\StringUtils.hpp(63,19):
      'ShadowStrike::Utils::StringUtils' bildirimine bak─▒n
  
C:\ShadowStrike\ShadowStrike\src\Shared_modules\RansomwareProtection\BackupProtector.cpp(420,17): error C2679: ikili '[': 'const std::string' t├╝r├╝nde bir sa─ş taraf i┼şleneni alan hi├ğbir i┼şle├ğ bulunamad─▒ (veya hi├ğ kabul edilebilir d├Ân├╝┼şt├╝rme yok) [C:\ShadowStrike\ShadowStrike\ShadowStrike.vcxproj]
  ('/src/Shared_modules/RansomwareProtection/BackupProtector.cpp' kaynak dosyas─▒ derleniyor)
      C:\Program Files\Microsoft Visual Studio\2022\Community\VC\Tools\MSVC\14.44.35207\include\unordered_map(432,18):
      'std::basic_regex<wchar_t,std::regex_traits<wchar_t>> &std::unordered_map<std::wstring,std::wregex,std::hash<std::wstring>,std::equal_to<std::wstring>,std::allocator<std::pair<const std::wstring,std::wregex>>>::operator [](const std::basic_string<wchar_t,std::char_traits<wchar_t>,std::allocator<wchar_t>> &)' olabilirdi
          C:\ShadowStrike\ShadowStrike\src\Shared_modules\RansomwareProtection\BackupProtector.cpp(420,17):
          'std::basic_regex<wchar_t,std::regex_traits<wchar_t>> &std::unordered_map<std::wstring,std::wregex,std::hash<std::wstring>,std::equal_to<std::wstring>,std::allocator<std::pair<const std::wstring,std::wregex>>>::operator [](const std::basic_string<wchar_t,std::char_traits<wchar_t>,std::allocator<wchar_t>> &)' : 2 ba─ş─▒ms─▒z de─şi┼şkeni 'const std::string' de─şerinden 'const std::basic_string<wchar_t,std::char_traits<wchar_t>,std::allocator<wchar_t>> &' de─şerine d├Ân├╝┼şt├╝r├╝lemez
              C:\ShadowStrike\ShadowStrike\src\Shared_modules\RansomwareProtection\BackupProtector.cpp(420,43):
              Nedeni: 'const std::string' de─şerinden 'const std::basic_string<wchar_t,std::char_traits<wchar_t>,std::allocator<wchar_t>>' de─şerine d├Ân├╝┼şt├╝r├╝lemez
              C:\ShadowStrike\ShadowStrike\src\Shared_modules\RansomwareProtection\BackupProtector.cpp(420,43):
              Bu d├Ân├╝┼şt├╝rmeyi ger├ğekle┼ştirecek kullan─▒c─▒ tan─▒ml─▒ d├Ân├╝┼şt├╝rme i┼şleci yok veya i┼şle├ğ ├ğa─şr─▒lam─▒yor
      C:\Program Files\Microsoft Visual Studio\2022\Community\VC\Tools\MSVC\14.44.35207\include\unordered_map(259,18):
      veya       'std::basic_regex<wchar_t,std::regex_traits<wchar_t>> &std::unordered_map<std::wstring,std::wregex,std::hash<std::wstring>,std::equal_to<std::wstring>,std::allocator<std::pair<const std::wstring,std::wregex>>>::operator [](std::basic_string<wchar_t,std::char_traits<wchar_t>,std::allocator<wchar_t>> &&)'
          C:\ShadowStrike\ShadowStrike\src\Shared_modules\RansomwareProtection\BackupProtector.cpp(420,17):
          'std::basic_regex<wchar_t,std::regex_traits<wchar_t>> &std::unordered_map<std::wstring,std::wregex,std::hash<std::wstring>,std::equal_to<std::wstring>,std::allocator<std::pair<const std::wstring,std::wregex>>>::operator [](std::basic_string<wchar_t,std::char_traits<wchar_t>,std::allocator<wchar_t>> &&)' : 2 ba─ş─▒ms─▒z de─şi┼şkeni 'const std::string' de─şerinden 'std::basic_string<wchar_t,std::char_traits<wchar_t>,std::allocator<wchar_t>> &&' de─şerine d├Ân├╝┼şt├╝r├╝lemez
              C:\ShadowStrike\ShadowStrike\src\Shared_modules\RansomwareProtection\BackupProtector.cpp(420,43):
              Nedeni: 'const std::string' de─şerinden 'std::basic_string<wchar_t,std::char_traits<wchar_t>,std::allocator<wchar_t>>' de─şerine d├Ân├╝┼şt├╝r├╝lemez
              C:\ShadowStrike\ShadowStrike\src\Shared_modules\RansomwareProtection\BackupProtector.cpp(420,43):
              Bu d├Ân├╝┼şt├╝rmeyi ger├ğekle┼ştirecek kullan─▒c─▒ tan─▒ml─▒ d├Ân├╝┼şt├╝rme i┼şleci yok veya i┼şle├ğ ├ğa─şr─▒lam─▒yor
      C:\ShadowStrike\ShadowStrike\src\Shared_modules\RansomwareProtection\BackupProtector.cpp(420,17):
      '(std::unordered_map<std::wstring,std::wregex,std::hash<std::wstring>,std::equal_to<std::wstring>,std::allocator<std::pair<const std::wstring,std::wregex>>>, const std::string)' ba─ş─▒ms─▒z de─şi┼şken listesi e┼şlenmeye ├ğal─▒┼ş─▒l─▒rken
  
C:\ShadowStrike\ShadowStrike\src\Shared_modules\RansomwareProtection\FileBackupManager.cpp(241,37): error C3861: 'WideToUtf8': tan─▒mlay─▒c─▒ bulunamad─▒ [C:\ShadowStrike\ShadowStrike\ShadowStrike.vcxproj]
  ('/src/Shared_modules/RansomwareProtection/FileBackupManager.cpp' kaynak dosyas─▒ derleniyor)
  
C:\ShadowStrike\ShadowStrike\src\Shared_modules\RansomwareProtection\BackupProtector.cpp(422,17): error C2653: 'Logger': bir s─▒n─▒f veya ad alan─▒ ad─▒ de─şil [C:\ShadowStrike\ShadowStrike\ShadowStrike.vcxproj]
  ('/src/Shared_modules/RansomwareProtection/BackupProtector.cpp' kaynak dosyas─▒ derleniyor)
  
C:\ShadowStrike\ShadowStrike\src\Shared_modules\RansomwareProtection\BackupProtector.cpp(423,21): error C2653: 'StringUtils': bir s─▒n─▒f veya ad alan─▒ ad─▒ de─şil [C:\ShadowStrike\ShadowStrike\ShadowStrike.vcxproj]
  ('/src/Shared_modules/RansomwareProtection/BackupProtector.cpp' kaynak dosyas─▒ derleniyor)
  
C:\ShadowStrike\ShadowStrike\src\Shared_modules\RansomwareProtection\BackupProtector.cpp(423,34): error C3861: 'WStringToString': tan─▒mlay─▒c─▒ bulunamad─▒ [C:\ShadowStrike\ShadowStrike\ShadowStrike.vcxproj]
  ('/src/Shared_modules/RansomwareProtection/BackupProtector.cpp' kaynak dosyas─▒ derleniyor)
  
C:\ShadowStrike\ShadowStrike\src\Shared_modules\RansomwareProtection\BackupProtector.cpp(422,25): error C3861: 'Error': tan─▒mlay─▒c─▒ bulunamad─▒ [C:\ShadowStrike\ShadowStrike\ShadowStrike.vcxproj]
  ('/src/Shared_modules/RansomwareProtection/BackupProtector.cpp' kaynak dosyas─▒ derleniyor)
  
C:\ShadowStrike\ShadowStrike\src\Shared_modules\RansomwareProtection\BackupProtector.cpp(428,42): error C2039: 'trustedProcesses': bir 'ShadowStrike::Ransomware::BackupProtectorConfiguration' ├╝yesi de─şil [C:\ShadowStrike\ShadowStrike\ShadowStrike.vcxproj]
  ('/src/Shared_modules/RansomwareProtection/BackupProtector.cpp' kaynak dosyas─▒ derleniyor)
      C:\ShadowStrike\ShadowStrike\src\Shared_modules\RansomwareProtection\BackupProtector.hpp(416,8):
      'ShadowStrike::Ransomware::BackupProtectorConfiguration' bildirimine bak─▒n
  
C:\ShadowStrike\ShadowStrike\src\Shared_modules\RansomwareProtection\FileBackupManager.cpp(240,28): error C2660: 'ShadowStrike::Utils::Logger::Error': i┼şlev 3 ba─ş─▒ms─▒z de─şi┼şken alm─▒yor [C:\ShadowStrike\ShadowStrike\ShadowStrike.vcxproj]
  ('/src/Shared_modules/RansomwareProtection/FileBackupManager.cpp' kaynak dosyas─▒ derleniyor)
      C:\ShadowStrike\ShadowStrike\src\Shared_modules\Utils\Logger.hpp(263,16):
      'ShadowStrike::Utils::Logger::Error' bildirimine bak─▒n
      C:\ShadowStrike\ShadowStrike\src\Shared_modules\Utils\Logger.hpp(274,16):
      'void ShadowStrike::Utils::Logger::Error(std::basic_format_string<char,type_identity<_Args>::type...>,Args ...)' olabilirdi
          C:\ShadowStrike\ShadowStrike\src\Shared_modules\RansomwareProtection\FileBackupManager.cpp(240,28):
          'void ShadowStrike::Utils::Logger::Error(std::basic_format_string<char,type_identity<_Args>::type...>,Args ...)' i┼şlev ┼şablonu ├Âzelle┼ştirilemedi
              C:\ShadowStrike\ShadowStrike\src\Shared_modules\RansomwareProtection\FileBackupManager.cpp(240,28):
              ┼Şu ┼şablon ba─ş─▒ms─▒z de─şi┼şkenleriyle:
                  C:\ShadowStrike\ShadowStrike\src\Shared_modules\RansomwareProtection\FileBackupManager.cpp(240,28):
                  'Args={<error type>, const char *}'
      C:\ShadowStrike\ShadowStrike\src\Shared_modules\RansomwareProtection\FileBackupManager.cpp(240,28):
      '(const char [35], <error type>, const char *)' ba─ş─▒ms─▒z de─şi┼şken listesi e┼şlenmeye ├ğal─▒┼ş─▒l─▒rken
  
C:\ShadowStrike\ShadowStrike\src\Shared_modules\RansomwareProtection\BackupProtector.cpp(428,26): error C2530: 'path': ba┼şvurular─▒n ba┼şlat─▒lmas─▒ gerekir [C:\ShadowStrike\ShadowStrike\ShadowStrike.vcxproj]
  ('/src/Shared_modules/RansomwareProtection/BackupProtector.cpp' kaynak dosyas─▒ derleniyor)
  
C:\ShadowStrike\ShadowStrike\src\Shared_modules\RansomwareProtection\BackupProtector.cpp(428,26): error C3531: 'path': t├╝r├╝ 'auto' i├ğeren bir simgenin bir ba┼şlat─▒c─▒s─▒ olmal─▒d─▒r [C:\ShadowStrike\ShadowStrike\ShadowStrike.vcxproj]
  ('/src/Shared_modules/RansomwareProtection/BackupProtector.cpp' kaynak dosyas─▒ derleniyor)
  
C:\ShadowStrike\ShadowStrike\src\Shared_modules\RansomwareProtection\BackupProtector.cpp(428,31): error C2143: s├Âzdizimi hatas─▒: ';' eksik (':' ├Âncesinde) [C:\ShadowStrike\ShadowStrike\ShadowStrike.vcxproj]
  ('/src/Shared_modules/RansomwareProtection/BackupProtector.cpp' kaynak dosyas─▒ derleniyor)
  
C:\ShadowStrike\ShadowStrike\src\Shared_modules\RansomwareProtection\BackupProtector.cpp(428,58): error C2143: s├Âzdizimi hatas─▒: ';' eksik (')' ├Âncesinde) [C:\ShadowStrike\ShadowStrike\ShadowStrike.vcxproj]
  ('/src/Shared_modules/RansomwareProtection/BackupProtector.cpp' kaynak dosyas─▒ derleniyor)
  
C:\ShadowStrike\ShadowStrike\src\Shared_modules\RansomwareProtection\BackupProtector.cpp(429,39): error C2653: 'StringUtils': bir s─▒n─▒f veya ad alan─▒ ad─▒ de─şil [C:\ShadowStrike\ShadowStrike\ShadowStrike.vcxproj]
  ('/src/Shared_modules/RansomwareProtection/BackupProtector.cpp' kaynak dosyas─▒ derleniyor)
  
C:\ShadowStrike\ShadowStrike\src\Shared_modules\RansomwareProtection\BackupProtector.cpp(429,52): error C3861: 'ToLowerW': tan─▒mlay─▒c─▒ bulunamad─▒ [C:\ShadowStrike\ShadowStrike\ShadowStrike.vcxproj]
  ('/src/Shared_modules/RansomwareProtection/BackupProtector.cpp' kaynak dosyas─▒ derleniyor)
  
C:\ShadowStrike\ShadowStrike\src\Shared_modules\RansomwareProtection\BackupProtector.cpp(429,32): error C2668: 'std::_Hash<std::_Uset_traits<_Kty,std::_Uhash_compare<_Kty,_Hasher,_Keyeq>,_Alloc,false>>::insert': a┼ş─▒r─▒ y├╝klenmi┼ş i┼şleve belirsiz ├ğa─şr─▒ [C:\ShadowStrike\ShadowStrike\ShadowStrike.vcxproj]
C:\ShadowStrike\ShadowStrike\src\Shared_modules\RansomwareProtection\BackupProtector.cpp(429,32): error C2668:         with [C:\ShadowStrike\ShadowStrike\ShadowStrike.vcxproj]
C:\ShadowStrike\ShadowStrike\src\Shared_modules\RansomwareProtection\BackupProtector.cpp(429,32): error C2668:         [ [C:\ShadowStrike\ShadowStrike\ShadowStrike.vcxproj]
C:\ShadowStrike\ShadowStrike\src\Shared_modules\RansomwareProtection\BackupProtector.cpp(429,32): error C2668:             _Kty=std::wstring, [C:\ShadowStrike\ShadowStrike\ShadowStrike.vcxproj]
C:\ShadowStrike\ShadowStrike\src\Shared_modules\RansomwareProtection\BackupProtector.cpp(429,32): error C2668:             _Hasher=std::hash<std::wstring>, [C:\ShadowStrike\ShadowStrike\ShadowStrike.vcxproj]
C:\ShadowStrike\ShadowStrike\src\Shared_modules\RansomwareProtection\BackupProtector.cpp(429,32): error C2668:             _Keyeq=std::equal_to<std::wstring>, [C:\ShadowStrike\ShadowStrike\ShadowStrike.vcxproj]
C:\ShadowStrike\ShadowStrike\src\Shared_modules\RansomwareProtection\BackupProtector.cpp(429,32): error C2668:             _Alloc=std::allocator<std::wstring> [C:\ShadowStrike\ShadowStrike\ShadowStrike.vcxproj]
C:\ShadowStrike\ShadowStrike\src\Shared_modules\RansomwareProtection\BackupProtector.cpp(429,32): error C2668:         ] [C:\ShadowStrike\ShadowStrike\ShadowStrike.vcxproj]
  ('/src/Shared_modules/RansomwareProtection/BackupProtector.cpp' kaynak dosyas─▒ derleniyor)
      C:\Program Files\Microsoft Visual Studio\2022\Community\VC\Tools\MSVC\14.44.35207\include\xhash(1541,88):
      'std::_Insert_return_type<std::_List_const_iterator<std::_List_val<std::_List_simple_types<_Ty>>>,std::_Node_handle<std::_List_node<std::basic_string<wchar_t,std::char_traits<wchar_t>,std::allocator<wchar_t>>,std::_Default_allocator_traits<_Alloc>::void_pointer>,_Alloc,std::_Node_handle_set_base,_Kty>> std::_Hash<std::_Uset_traits<_Kty,std::_Uhash_compare<_Kty,_Hasher,_Keyeq>,_Alloc,false>>::insert(std::_Node_handle<std::_List_node<std::basic_string<wchar_t,std::char_traits<wchar_t>,std::allocator<wchar_t>>,std::_Default_allocator_traits<_Alloc>::void_pointer>,_Alloc,std::_Node_handle_set_base,_Kty> &&)' olabilirdi
          with
          [
              _Ty=std::basic_string<wchar_t,std::char_traits<wchar_t>,std::allocator<wchar_t>>,
              _Alloc=std::allocator<std::wstring>,
              _Kty=std::wstring,
              _Hasher=std::hash<std::wstring>,
              _Keyeq=std::equal_to<std::wstring>
          ]
      C:\Program Files\Microsoft Visual Studio\2022\Community\VC\Tools\MSVC\14.44.35207\include\xhash(976,10):
      veya       'void std::_Hash<std::_Uset_traits<_Kty,std::_Uhash_compare<_Kty,_Hasher,_Keyeq>,_Alloc,false>>::insert(std::initializer_list<_Ty>)'
          with
          [
              _Kty=std::wstring,
              _Hasher=std::hash<std::wstring>,
              _Keyeq=std::equal_to<std::wstring>,
              _Alloc=std::allocator<std::wstring>,
              _Ty=std::wstring
          ]
      C:\Program Files\Microsoft Visual Studio\2022\Community\VC\Tools\MSVC\14.44.35207\include\xhash(942,59):
      veya       'std::pair<std::_List_const_iterator<std::_List_val<std::_List_simple_types<_Ty>>>,bool> std::_Hash<std::_Uset_traits<_Kty,std::_Uhash_compare<_Kty,_Hasher,_Keyeq>,_Alloc,false>>::insert(std::basic_string<wchar_t,std::char_traits<wchar_t>,std::allocator<wchar_t>> &&)'
          with
          [
              _Ty=std::basic_string<wchar_t,std::char_traits<wchar_t>,std::allocator<wchar_t>>,
              _Kty=std::wstring,
              _Hasher=std::hash<std::wstring>,
              _Keyeq=std::equal_to<std::wstring>,
              _Alloc=std::allocator<std::wstring>
          ]
      C:\Program Files\Microsoft Visual Studio\2022\Community\VC\Tools\MSVC\14.44.35207\include\xhash(938,59):
      veya       'std::pair<std::_List_const_iterator<std::_List_val<std::_List_simple_types<_Ty>>>,bool> std::_Hash<std::_Uset_traits<_Kty,std::_Uhash_compare<_Kty,_Hasher,_Keyeq>,_Alloc,false>>::insert(const std::basic_string<wchar_t,std::char_traits<wchar_t>,std::allocator<wchar_t>> &)'
          with
          [
              _Ty=std::basic_string<wchar_t,std::char_traits<wchar_t>,std::allocator<wchar_t>>,
              _Kty=std::wstring,
              _Hasher=std::hash<std::wstring>,
              _Keyeq=std::equal_to<std::wstring>,
              _Alloc=std::allocator<std::wstring>
          ]
      C:\ShadowStrike\ShadowStrike\src\Shared_modules\RansomwareProtection\BackupProtector.cpp(429,32):
      '(<error type>)' ba─ş─▒ms─▒z de─şi┼şken listesi e┼şlenmeye ├ğal─▒┼ş─▒l─▒rken
  
C:\ShadowStrike\ShadowStrike\src\Shared_modules\RansomwareProtection\BackupProtector.cpp(439,9): error C2653: 'Logger': bir s─▒n─▒f veya ad alan─▒ ad─▒ de─şil [C:\ShadowStrike\ShadowStrike\ShadowStrike.vcxproj]
  ('/src/Shared_modules/RansomwareProtection/BackupProtector.cpp' kaynak dosyas─▒ derleniyor)
  
C:\ShadowStrike\ShadowStrike\src\Shared_modules\RansomwareProtection\BackupProtector.cpp(439,17): error C3861: 'Info': tan─▒mlay─▒c─▒ bulunamad─▒ [C:\ShadowStrike\ShadowStrike\ShadowStrike.vcxproj]
  ('/src/Shared_modules/RansomwareProtection/BackupProtector.cpp' kaynak dosyas─▒ derleniyor)
  
C:\ShadowStrike\ShadowStrike\src\Shared_modules\RansomwareProtection\BackupProtector.cpp(445,9): error C2653: 'Logger': bir s─▒n─▒f veya ad alan─▒ ad─▒ de─şil [C:\ShadowStrike\ShadowStrike\ShadowStrike.vcxproj]
  ('/src/Shared_modules/RansomwareProtection/BackupProtector.cpp' kaynak dosyas─▒ derleniyor)
  
C:\ShadowStrike\ShadowStrike\src\Shared_modules\RansomwareProtection\FileBackupManager.cpp(274,67): error C2039: 'Utf8ToWide': bir 'ShadowStrike::Utils::StringUtils' ├╝yesi de─şil [C:\ShadowStrike\ShadowStrike\ShadowStrike.vcxproj]
  ('/src/Shared_modules/RansomwareProtection/FileBackupManager.cpp' kaynak dosyas─▒ derleniyor)
      C:\ShadowStrike\ShadowStrike\src\Shared_modules\Utils\StringUtils.hpp(63,19):
      'ShadowStrike::Utils::StringUtils' bildirimine bak─▒n
  
C:\ShadowStrike\ShadowStrike\src\Shared_modules\RansomwareProtection\BackupProtector.cpp(445,17): error C3861: 'Critical': tan─▒mlay─▒c─▒ bulunamad─▒ [C:\ShadowStrike\ShadowStrike\ShadowStrike.vcxproj]
  ('/src/Shared_modules/RansomwareProtection/BackupProtector.cpp' kaynak dosyas─▒ derleniyor)
  
C:\ShadowStrike\ShadowStrike\src\Shared_modules\RansomwareProtection\FileBackupManager.cpp(274,67): error C3861: 'Utf8ToWide': tan─▒mlay─▒c─▒ bulunamad─▒ [C:\ShadowStrike\ShadowStrike\ShadowStrike.vcxproj]
  ('/src/Shared_modules/RansomwareProtection/FileBackupManager.cpp' kaynak dosyas─▒ derleniyor)
  
C:\ShadowStrike\ShadowStrike\src\Shared_modules\RansomwareProtection\BackupProtector.cpp(449,9): error C2653: 'Logger': bir s─▒n─▒f veya ad alan─▒ ad─▒ de─şil [C:\ShadowStrike\ShadowStrike\ShadowStrike.vcxproj]
  ('/src/Shared_modules/RansomwareProtection/BackupProtector.cpp' kaynak dosyas─▒ derleniyor)
  
C:\ShadowStrike\ShadowStrike\src\Shared_modules\RansomwareProtection\BackupProtector.cpp(449,17): error C3861: 'Critical': tan─▒mlay─▒c─▒ bulunamad─▒ [C:\ShadowStrike\ShadowStrike\ShadowStrike.vcxproj]
  ('/src/Shared_modules/RansomwareProtection/BackupProtector.cpp' kaynak dosyas─▒ derleniyor)
  
C:\ShadowStrike\ShadowStrike\src\Shared_modules\RansomwareProtection\FileBackupManager.cpp(294,73): error C2039: 'WideToUtf8': bir 'ShadowStrike::Utils::StringUtils' ├╝yesi de─şil [C:\ShadowStrike\ShadowStrike\ShadowStrike.vcxproj]
  ('/src/Shared_modules/RansomwareProtection/FileBackupManager.cpp' kaynak dosyas─▒ derleniyor)
      C:\ShadowStrike\ShadowStrike\src\Shared_modules\Utils\StringUtils.hpp(63,19):
      'ShadowStrike::Utils::StringUtils' bildirimine bak─▒n
  
C:\ShadowStrike\ShadowStrike\src\Shared_modules\RansomwareProtection\FileBackupManager.cpp(294,73): error C3861: 'WideToUtf8': tan─▒mlay─▒c─▒ bulunamad─▒ [C:\ShadowStrike\ShadowStrike\ShadowStrike.vcxproj]
  ('/src/Shared_modules/RansomwareProtection/FileBackupManager.cpp' kaynak dosyas─▒ derleniyor)
  
C:\ShadowStrike\ShadowStrike\src\Shared_modules\RansomwareProtection\FileBackupManager.cpp(293,28): error C2660: 'ShadowStrike::Utils::Logger::Info': i┼şlev 4 ba─ş─▒ms─▒z de─şi┼şken alm─▒yor [C:\ShadowStrike\ShadowStrike\ShadowStrike.vcxproj]
  ('/src/Shared_modules/RansomwareProtection/FileBackupManager.cpp' kaynak dosyas─▒ derleniyor)
      C:\ShadowStrike\ShadowStrike\src\Shared_modules\Utils\Logger.hpp(265,16):
      'ShadowStrike::Utils::Logger::Info' bildirimine bak─▒n
      C:\ShadowStrike\ShadowStrike\src\Shared_modules\Utils\Logger.hpp(282,16):
      'void ShadowStrike::Utils::Logger::Info(std::basic_format_string<char,type_identity<_Args>::type...>,Args ...)' olabilirdi
          C:\ShadowStrike\ShadowStrike\src\Shared_modules\RansomwareProtection\FileBackupManager.cpp(293,28):
          'void ShadowStrike::Utils::Logger::Info(std::basic_format_string<char,type_identity<_Args>::type...>,Args ...)' i┼şlev ┼şablonu ├Âzelle┼ştirilemedi
              C:\ShadowStrike\ShadowStrike\src\Shared_modules\RansomwareProtection\FileBackupManager.cpp(293,28):
              ┼Şu ┼şablon ba─ş─▒ms─▒z de─şi┼şkenleriyle:
                  C:\ShadowStrike\ShadowStrike\src\Shared_modules\RansomwareProtection\FileBackupManager.cpp(293,28):
                  'Args={std::string &, uint32_t &, <error type>}'
      C:\ShadowStrike\ShadowStrike\src\Shared_modules\RansomwareProtection\FileBackupManager.cpp(293,28):
      '(const char [41], std::string, uint32_t, <error type>)' ba─ş─▒ms─▒z de─şi┼şken listesi e┼şlenmeye ├ğal─▒┼ş─▒l─▒rken
  
C:\ShadowStrike\ShadowStrike\src\Shared_modules\RansomwareProtection\BackupProtector.cpp(482,9): error C2653: 'Logger': bir s─▒n─▒f veya ad alan─▒ ad─▒ de─şil [C:\ShadowStrike\ShadowStrike\ShadowStrike.vcxproj]
  ('/src/Shared_modules/RansomwareProtection/BackupProtector.cpp' kaynak dosyas─▒ derleniyor)
  
C:\ShadowStrike\ShadowStrike\src\Shared_modules\RansomwareProtection\FileBackupManager.cpp(304,37): error C2039: 'WideToUtf8': bir 'ShadowStrike::Utils::StringUtils' ├╝yesi de─şil [C:\ShadowStrike\ShadowStrike\ShadowStrike.vcxproj]
  ('/src/Shared_modules/RansomwareProtection/FileBackupManager.cpp' kaynak dosyas─▒ derleniyor)
      C:\ShadowStrike\ShadowStrike\src\Shared_modules\Utils\StringUtils.hpp(63,19):
      'ShadowStrike::Utils::StringUtils' bildirimine bak─▒n
  
C:\ShadowStrike\ShadowStrike\src\Shared_modules\RansomwareProtection\BackupProtector.cpp(482,17): error C3861: 'Info': tan─▒mlay─▒c─▒ bulunamad─▒ [C:\ShadowStrike\ShadowStrike\ShadowStrike.vcxproj]
  ('/src/Shared_modules/RansomwareProtection/BackupProtector.cpp' kaynak dosyas─▒ derleniyor)
  
C:\ShadowStrike\ShadowStrike\src\Shared_modules\RansomwareProtection\FileBackupManager.cpp(304,37): error C3861: 'WideToUtf8': tan─▒mlay─▒c─▒ bulunamad─▒ [C:\ShadowStrike\ShadowStrike\ShadowStrike.vcxproj]
  ('/src/Shared_modules/RansomwareProtection/FileBackupManager.cpp' kaynak dosyas─▒ derleniyor)
  
C:\ShadowStrike\ShadowStrike\src\Shared_modules\RansomwareProtection\BackupProtector.cpp(485,9): error C2653: 'Logger': bir s─▒n─▒f veya ad alan─▒ ad─▒ de─şil [C:\ShadowStrike\ShadowStrike\ShadowStrike.vcxproj]
  ('/src/Shared_modules/RansomwareProtection/BackupProtector.cpp' kaynak dosyas─▒ derleniyor)
  
C:\ShadowStrike\ShadowStrike\src\Shared_modules\RansomwareProtection\BackupProtector.cpp(485,17): error C3861: 'Error': tan─▒mlay─▒c─▒ bulunamad─▒ [C:\ShadowStrike\ShadowStrike\ShadowStrike.vcxproj]
  ('/src/Shared_modules/RansomwareProtection/BackupProtector.cpp' kaynak dosyas─▒ derleniyor)
  
C:\ShadowStrike\ShadowStrike\src\Shared_modules\RansomwareProtection\BackupProtector.cpp(487,9): error C2653: 'Logger': bir s─▒n─▒f veya ad alan─▒ ad─▒ de─şil [C:\ShadowStrike\ShadowStrike\ShadowStrike.vcxproj]
  ('/src/Shared_modules/RansomwareProtection/BackupProtector.cpp' kaynak dosyas─▒ derleniyor)
  
C:\ShadowStrike\ShadowStrike\src\Shared_modules\RansomwareProtection\BackupProtector.cpp(487,17): error C3861: 'Error': tan─▒mlay─▒c─▒ bulunamad─▒ [C:\ShadowStrike\ShadowStrike\ShadowStrike.vcxproj]
  ('/src/Shared_modules/RansomwareProtection/BackupProtector.cpp' kaynak dosyas─▒ derleniyor)
  
C:\ShadowStrike\ShadowStrike\src\Shared_modules\RansomwareProtection\BackupProtector.cpp(495,9): error C2653: 'Logger': bir s─▒n─▒f veya ad alan─▒ ad─▒ de─şil [C:\ShadowStrike\ShadowStrike\ShadowStrike.vcxproj]
  ('/src/Shared_modules/RansomwareProtection/BackupProtector.cpp' kaynak dosyas─▒ derleniyor)
  
C:\ShadowStrike\ShadowStrike\src\Shared_modules\RansomwareProtection\BackupProtector.cpp(495,17): error C3861: 'Error': tan─▒mlay─▒c─▒ bulunamad─▒ [C:\ShadowStrike\ShadowStrike\ShadowStrike.vcxproj]
  ('/src/Shared_modules/RansomwareProtection/BackupProtector.cpp' kaynak dosyas─▒ derleniyor)
  
C:\ShadowStrike\ShadowStrike\src\Shared_modules\RansomwareProtection\FileBackupManager.cpp(303,28): error C2660: 'ShadowStrike::Utils::Logger::Error': i┼şlev 3 ba─ş─▒ms─▒z de─şi┼şken alm─▒yor [C:\ShadowStrike\ShadowStrike\ShadowStrike.vcxproj]
  ('/src/Shared_modules/RansomwareProtection/FileBackupManager.cpp' kaynak dosyas─▒ derleniyor)
      C:\ShadowStrike\ShadowStrike\src\Shared_modules\Utils\Logger.hpp(263,16):
      'ShadowStrike::Utils::Logger::Error' bildirimine bak─▒n
      C:\ShadowStrike\ShadowStrike\src\Shared_modules\Utils\Logger.hpp(274,16):
      'void ShadowStrike::Utils::Logger::Error(std::basic_format_string<char,type_identity<_Args>::type...>,Args ...)' olabilirdi
          C:\ShadowStrike\ShadowStrike\src\Shared_modules\RansomwareProtection\FileBackupManager.cpp(303,28):
          'void ShadowStrike::Utils::Logger::Error(std::basic_format_string<char,type_identity<_Args>::type...>,Args ...)' i┼şlev ┼şablonu ├Âzelle┼ştirilemedi
              C:\ShadowStrike\ShadowStrike\src\Shared_modules\RansomwareProtection\FileBackupManager.cpp(303,28):
              ┼Şu ┼şablon ba─ş─▒ms─▒z de─şi┼şkenleriyle:
                  C:\ShadowStrike\ShadowStrike\src\Shared_modules\RansomwareProtection\FileBackupManager.cpp(303,28):
                  'Args={<error type>, const char *}'
      C:\ShadowStrike\ShadowStrike\src\Shared_modules\RansomwareProtection\FileBackupManager.cpp(303,28):
      '(const char [25], <error type>, const char *)' ba─ş─▒ms─▒z de─şi┼şken listesi e┼şlenmeye ├ğal─▒┼ş─▒l─▒rken
  
C:\ShadowStrike\ShadowStrike\src\Shared_modules\RansomwareProtection\BackupProtector.cpp(500,5): error C2653: 'Logger': bir s─▒n─▒f veya ad alan─▒ ad─▒ de─şil [C:\ShadowStrike\ShadowStrike\ShadowStrike.vcxproj]
  ('/src/Shared_modules/RansomwareProtection/BackupProtector.cpp' kaynak dosyas─▒ derleniyor)
  
C:\ShadowStrike\ShadowStrike\src\Shared_modules\RansomwareProtection\BackupProtector.cpp(500,13): error C3861: 'Info': tan─▒mlay─▒c─▒ bulunamad─▒ [C:\ShadowStrike\ShadowStrike\ShadowStrike.vcxproj]
  ('/src/Shared_modules/RansomwareProtection/BackupProtector.cpp' kaynak dosyas─▒ derleniyor)
  
C:\ShadowStrike\ShadowStrike\src\Shared_modules\RansomwareProtection\BackupProtector.cpp(569,27): error C2653: 'fs': bir s─▒n─▒f veya ad alan─▒ ad─▒ de─şil [C:\ShadowStrike\ShadowStrike\ShadowStrike.vcxproj]
  ('/src/Shared_modules/RansomwareProtection/BackupProtector.cpp' kaynak dosyas─▒ derleniyor)
  
C:\ShadowStrike\ShadowStrike\src\Shared_modules\RansomwareProtection\BackupProtector.cpp(569,31): error C3861: 'path': tan─▒mlay─▒c─▒ bulunamad─▒ [C:\ShadowStrike\ShadowStrike\ShadowStrike.vcxproj]
  ('/src/Shared_modules/RansomwareProtection/BackupProtector.cpp' kaynak dosyas─▒ derleniyor)
  
C:\ShadowStrike\ShadowStrike\src\Shared_modules\RansomwareProtection\BackupProtector.cpp(578,30): error C2653: 'fs': bir s─▒n─▒f veya ad alan─▒ ad─▒ de─şil [C:\ShadowStrike\ShadowStrike\ShadowStrike.vcxproj]
  ('/src/Shared_modules/RansomwareProtection/BackupProtector.cpp' kaynak dosyas─▒ derleniyor)
  
C:\ShadowStrike\ShadowStrike\src\Shared_modules\RansomwareProtection\BackupProtector.cpp(578,34): error C3861: 'path': tan─▒mlay─▒c─▒ bulunamad─▒ [C:\ShadowStrike\ShadowStrike\ShadowStrike.vcxproj]
  ('/src/Shared_modules/RansomwareProtection/BackupProtector.cpp' kaynak dosyas─▒ derleniyor)
  
C:\ShadowStrike\ShadowStrike\src\Shared_modules\RansomwareProtection\BackupProtector.cpp(617,9): error C2653: 'Logger': bir s─▒n─▒f veya ad alan─▒ ad─▒ de─şil [C:\ShadowStrike\ShadowStrike\ShadowStrike.vcxproj]
  ('/src/Shared_modules/RansomwareProtection/BackupProtector.cpp' kaynak dosyas─▒ derleniyor)
  
C:\ShadowStrike\ShadowStrike\src\Shared_modules\RansomwareProtection\BackupProtector.cpp(619,13): error C3861: 'GetDangerousToolTypeName': tan─▒mlay─▒c─▒ bulunamad─▒ [C:\ShadowStrike\ShadowStrike\ShadowStrike.vcxproj]
  ('/src/Shared_modules/RansomwareProtection/BackupProtector.cpp' kaynak dosyas─▒ derleniyor)
  
C:\ShadowStrike\ShadowStrike\src\Shared_modules\RansomwareProtection\BackupProtector.cpp(620,13): error C3861: 'GetBackupThreatTypeName': tan─▒mlay─▒c─▒ bulunamad─▒ [C:\ShadowStrike\ShadowStrike\ShadowStrike.vcxproj]
  ('/src/Shared_modules/RansomwareProtection/BackupProtector.cpp' kaynak dosyas─▒ derleniyor)
  
C:\ShadowStrike\ShadowStrike\src\Shared_modules\RansomwareProtection\BackupProtector.cpp(617,17): error C3861: 'Warn': tan─▒mlay─▒c─▒ bulunamad─▒ [C:\ShadowStrike\ShadowStrike\ShadowStrike.vcxproj]
  ('/src/Shared_modules/RansomwareProtection/BackupProtector.cpp' kaynak dosyas─▒ derleniyor)
  
C:\ShadowStrike\ShadowStrike\src\Shared_modules\RansomwareProtection\BackupProtector.cpp(633,37): error C2653: 'StringUtils': bir s─▒n─▒f veya ad alan─▒ ad─▒ de─şil [C:\ShadowStrike\ShadowStrike\ShadowStrike.vcxproj]
  ('/src/Shared_modules/RansomwareProtection/BackupProtector.cpp' kaynak dosyas─▒ derleniyor)
  
C:\ShadowStrike\ShadowStrike\src\Shared_modules\RansomwareProtection\BackupProtector.cpp(633,50): error C3861: 'ToLowerW': tan─▒mlay─▒c─▒ bulunamad─▒ [C:\ShadowStrike\ShadowStrike\ShadowStrike.vcxproj]
  ('/src/Shared_modules/RansomwareProtection/BackupProtector.cpp' kaynak dosyas─▒ derleniyor)
  
C:\ShadowStrike\ShadowStrike\src\Shared_modules\RansomwareProtection\BackupProtector.cpp(634,41): error C2653: 'StringUtils': bir s─▒n─▒f veya ad alan─▒ ad─▒ de─şil [C:\ShadowStrike\ShadowStrike\ShadowStrike.vcxproj]
  ('/src/Shared_modules/RansomwareProtection/BackupProtector.cpp' kaynak dosyas─▒ derleniyor)
  
C:\ShadowStrike\ShadowStrike\src\Shared_modules\RansomwareProtection\BackupProtector.cpp(634,54): error C3861: 'ToLowerW': tan─▒mlay─▒c─▒ bulunamad─▒ [C:\ShadowStrike\ShadowStrike\ShadowStrike.vcxproj]
  ('/src/Shared_modules/RansomwareProtection/BackupProtector.cpp' kaynak dosyas─▒ derleniyor)
  
C:\ShadowStrike\ShadowStrike\src\Shared_modules\RansomwareProtection\BackupProtector.cpp(647,38): error C2665: 'std::_Hash<std::_Umap_traits<_Kty,_Ty,std::_Uhash_compare<_Kty,_Hasher,_Keyeq>,_Alloc,false>>::find': hi├ğbir a┼ş─▒r─▒ y├╝klenmi┼ş i┼şlev t├╝m arg├╝man t├╝rlerini d├Ân├╝┼şt├╝remez [C:\ShadowStrike\ShadowStrike\ShadowStrike.vcxproj]
C:\ShadowStrike\ShadowStrike\src\Shared_modules\RansomwareProtection\BackupProtector.cpp(647,38): error C2665:         with [C:\ShadowStrike\ShadowStrike\ShadowStrike.vcxproj]
C:\ShadowStrike\ShadowStrike\src\Shared_modules\RansomwareProtection\BackupProtector.cpp(647,38): error C2665:         [ [C:\ShadowStrike\ShadowStrike\ShadowStrike.vcxproj]
C:\ShadowStrike\ShadowStrike\src\Shared_modules\RansomwareProtection\BackupProtector.cpp(647,38): error C2665:             _Kty=std::wstring, [C:\ShadowStrike\ShadowStrike\ShadowStrike.vcxproj]
C:\ShadowStrike\ShadowStrike\src\Shared_modules\RansomwareProtection\BackupProtector.cpp(647,38): error C2665:             _Ty=std::wregex, [C:\ShadowStrike\ShadowStrike\ShadowStrike.vcxproj]
C:\ShadowStrike\ShadowStrike\src\Shared_modules\RansomwareProtection\BackupProtector.cpp(647,38): error C2665:             _Hasher=std::hash<std::wstring>, [C:\ShadowStrike\ShadowStrike\ShadowStrike.vcxproj]
C:\ShadowStrike\ShadowStrike\src\Shared_modules\RansomwareProtection\BackupProtector.cpp(647,38): error C2665:             _Keyeq=std::equal_to<std::wstring>, [C:\ShadowStrike\ShadowStrike\ShadowStrike.vcxproj]
C:\ShadowStrike\ShadowStrike\src\Shared_modules\RansomwareProtection\BackupProtector.cpp(647,38): error C2665:             _Alloc=std::allocator<std::pair<const std::wstring,std::wregex>> [C:\ShadowStrike\ShadowStrike\ShadowStrike.vcxproj]
C:\ShadowStrike\ShadowStrike\src\Shared_modules\RansomwareProtection\BackupProtector.cpp(647,38): error C2665:         ] [C:\ShadowStrike\ShadowStrike\ShadowStrike.vcxproj]
  ('/src/Shared_modules/RansomwareProtection/BackupProtector.cpp' kaynak dosyas─▒ derleniyor)
      C:\Program Files\Microsoft Visual Studio\2022\Community\VC\Tools\MSVC\14.44.35207\include\xhash(1243,31):
      'std::_List_const_iterator<std::_List_val<std::_List_simple_types<_Ty>>> std::_Hash<std::_Umap_traits<_Kty,std::basic_regex<wchar_t,std::regex_traits<wchar_t>>,std::_Uhash_compare<_Kty,_Hasher,_Keyeq>,_Alloc,false>>::find(const std::basic_string<wchar_t,std::char_traits<wchar_t>,std::allocator<wchar_t>> &) const' olabilirdi
          with
          [
              _Ty=std::pair<const std::wstring,std::wregex>,
              _Kty=std::wstring,
              _Hasher=std::hash<std::wstring>,
              _Keyeq=std::equal_to<std::wstring>,
              _Alloc=std::allocator<std::pair<const std::wstring,std::wregex>>
          ]
          C:\ShadowStrike\ShadowStrike\src\Shared_modules\RansomwareProtection\BackupProtector.cpp(647,38):
          'std::_List_const_iterator<std::_List_val<std::_List_simple_types<_Ty>>> std::_Hash<std::_Umap_traits<_Kty,std::basic_regex<wchar_t,std::regex_traits<wchar_t>>,std::_Uhash_compare<_Kty,_Hasher,_Keyeq>,_Alloc,false>>::find(const std::basic_string<wchar_t,std::char_traits<wchar_t>,std::allocator<wchar_t>> &) const' : 1 ba─ş─▒ms─▒z de─şi┼şkeni 'const std::string' de─şerinden 'const std::basic_string<wchar_t,std::char_traits<wchar_t>,std::allocator<wchar_t>> &' de─şerine d├Ân├╝┼şt├╝r├╝lemez
          with
          [
              _Ty=std::pair<const std::wstring,std::wregex>,
              _Kty=std::wstring,
              _Hasher=std::hash<std::wstring>,
              _Keyeq=std::equal_to<std::wstring>,
              _Alloc=std::allocator<std::pair<const std::wstring,std::wregex>>
          ]
              C:\ShadowStrike\ShadowStrike\src\Shared_modules\RansomwareProtection\BackupProtector.cpp(647,50):
              Nedeni: 'const std::string' de─şerinden 'const std::basic_string<wchar_t,std::char_traits<wchar_t>,std::allocator<wchar_t>>' de─şerine d├Ân├╝┼şt├╝r├╝lemez
              C:\ShadowStrike\ShadowStrike\src\Shared_modules\RansomwareProtection\BackupProtector.cpp(647,50):
              Bu d├Ân├╝┼şt├╝rmeyi ger├ğekle┼ştirecek kullan─▒c─▒ tan─▒ml─▒ d├Ân├╝┼şt├╝rme i┼şleci yok veya i┼şle├ğ ├ğa─şr─▒lam─▒yor
      C:\Program Files\Microsoft Visual Studio\2022\Community\VC\Tools\MSVC\14.44.35207\include\xhash(1231,25):
      veya       'std::_List_iterator<std::_List_val<std::_List_simple_types<_Ty>>> std::_Hash<std::_Umap_traits<_Kty,std::basic_regex<wchar_t,std::regex_traits<wchar_t>>,std::_Uhash_compare<_Kty,_Hasher,_Keyeq>,_Alloc,false>>::find(const std::basic_string<wchar_t,std::char_traits<wchar_t>,std::allocator<wchar_t>> &)'
          with
          [
              _Ty=std::pair<const std::wstring,std::wregex>,
              _Kty=std::wstring,
              _Hasher=std::hash<std::wstring>,
              _Keyeq=std::equal_to<std::wstring>,
              _Alloc=std::allocator<std::pair<const std::wstring,std::wregex>>
          ]
          C:\ShadowStrike\ShadowStrike\src\Shared_modules\RansomwareProtection\BackupProtector.cpp(647,38):
          'std::_List_iterator<std::_List_val<std::_List_simple_types<_Ty>>> std::_Hash<std::_Umap_traits<_Kty,std::basic_regex<wchar_t,std::regex_traits<wchar_t>>,std::_Uhash_compare<_Kty,_Hasher,_Keyeq>,_Alloc,false>>::find(const std::basic_string<wchar_t,std::char_traits<wchar_t>,std::allocator<wchar_t>> &)' : 1 ba─ş─▒ms─▒z de─şi┼şkeni 'const std::string' de─şerinden 'const std::basic_string<wchar_t,std::char_traits<wchar_t>,std::allocator<wchar_t>> &' de─şerine d├Ân├╝┼şt├╝r├╝lemez
          with
          [
              _Ty=std::pair<const std::wstring,std::wregex>,
              _Kty=std::wstring,
              _Hasher=std::hash<std::wstring>,
              _Keyeq=std::equal_to<std::wstring>,
              _Alloc=std::allocator<std::pair<const std::wstring,std::wregex>>
          ]
              C:\ShadowStrike\ShadowStrike\src\Shared_modules\RansomwareProtection\BackupProtector.cpp(647,50):
              Nedeni: 'const std::string' de─şerinden 'const std::basic_string<wchar_t,std::char_traits<wchar_t>,std::allocator<wchar_t>>' de─şerine d├Ân├╝┼şt├╝r├╝lemez
              C:\ShadowStrike\ShadowStrike\src\Shared_modules\RansomwareProtection\BackupProtector.cpp(647,50):
              Bu d├Ân├╝┼şt├╝rmeyi ger├ğekle┼ştirecek kullan─▒c─▒ tan─▒ml─▒ d├Ân├╝┼şt├╝rme i┼şleci yok veya i┼şle├ğ ├ğa─şr─▒lam─▒yor
      C:\Program Files\Microsoft Visual Studio\2022\Community\VC\Tools\MSVC\14.44.35207\include\xhash(1250,31):
      veya       'std::_List_const_iterator<std::_List_val<std::_List_simple_types<_Ty>>> std::_Hash<std::_Umap_traits<_Kty,std::basic_regex<wchar_t,std::regex_traits<wchar_t>>,std::_Uhash_compare<_Kty,_Hasher,_Keyeq>,_Alloc,false>>::find(const _KeyTy &) const'
          with
          [
              _Ty=std::pair<const std::wstring,std::wregex>,
              _Kty=std::wstring,
              _Hasher=std::hash<std::wstring>,
              _Keyeq=std::equal_to<std::wstring>,
              _Alloc=std::allocator<std::pair<const std::wstring,std::wregex>>
          ]
          C:\ShadowStrike\ShadowStrike\src\Shared_modules\RansomwareProtection\BackupProtector.cpp(647,38):
          ili┼şkili k─▒s─▒tlamalar kar┼ş─▒lanmad─▒
              C:\Program Files\Microsoft Visual Studio\2022\Community\VC\Tools\MSVC\14.44.35207\include\xhash(1249,18):
              k─▒s─▒tlama yerine getirilmedi
      C:\Program Files\Microsoft Visual Studio\2022\Community\VC\Tools\MSVC\14.44.35207\include\xhash(1238,25):
      veya       'std::_List_iterator<std::_List_val<std::_List_simple_types<_Ty>>> std::_Hash<std::_Umap_traits<_Kty,std::basic_regex<wchar_t,std::regex_traits<wchar_t>>,std::_Uhash_compare<_Kty,_Hasher,_Keyeq>,_Alloc,false>>::find(const _KeyTy &)'
          with
          [
              _Ty=std::pair<const std::wstring,std::wregex>,
              _Kty=std::wstring,
              _Hasher=std::hash<std::wstring>,
              _Keyeq=std::equal_to<std::wstring>,
              _Alloc=std::allocator<std::pair<const std::wstring,std::wregex>>
          ]
          C:\ShadowStrike\ShadowStrike\src\Shared_modules\RansomwareProtection\BackupProtector.cpp(647,38):
          ili┼şkili k─▒s─▒tlamalar kar┼ş─▒lanmad─▒
              C:\Program Files\Microsoft Visual Studio\2022\Community\VC\Tools\MSVC\14.44.35207\include\xhash(1237,18):
              k─▒s─▒tlama yerine getirilmedi
      C:\ShadowStrike\ShadowStrike\src\Shared_modules\RansomwareProtection\BackupProtector.cpp(647,38):
      '(const std::string)' ba─ş─▒ms─▒z de─şi┼şken listesi e┼şlenmeye ├ğal─▒┼ş─▒l─▒rken
  
C:\ShadowStrike\ShadowStrike\src\Shared_modules\RansomwareProtection\BackupProtector.cpp(699,9): error C2653: 'Logger': bir s─▒n─▒f veya ad alan─▒ ad─▒ de─şil [C:\ShadowStrike\ShadowStrike\ShadowStrike.vcxproj]
  ('/src/Shared_modules/RansomwareProtection/BackupProtector.cpp' kaynak dosyas─▒ derleniyor)
  
C:\ShadowStrike\ShadowStrike\src\Shared_modules\RansomwareProtection\BackupProtector.cpp(700,13): error C2653: 'StringUtils': bir s─▒n─▒f veya ad alan─▒ ad─▒ de─şil [C:\ShadowStrike\ShadowStrike\ShadowStrike.vcxproj]
  ('/src/Shared_modules/RansomwareProtection/BackupProtector.cpp' kaynak dosyas─▒ derleniyor)
  
C:\ShadowStrike\ShadowStrike\src\Shared_modules\RansomwareProtection\BackupProtector.cpp(700,26): error C3861: 'WStringToString': tan─▒mlay─▒c─▒ bulunamad─▒ [C:\ShadowStrike\ShadowStrike\ShadowStrike.vcxproj]
  ('/src/Shared_modules/RansomwareProtection/BackupProtector.cpp' kaynak dosyas─▒ derleniyor)
  
C:\ShadowStrike\ShadowStrike\src\Shared_modules\RansomwareProtection\BackupProtector.cpp(699,17): error C3861: 'Warn': tan─▒mlay─▒c─▒ bulunamad─▒ [C:\ShadowStrike\ShadowStrike\ShadowStrike.vcxproj]
  ('/src/Shared_modules/RansomwareProtection/BackupProtector.cpp' kaynak dosyas─▒ derleniyor)
  
C:\ShadowStrike\ShadowStrike\src\Shared_modules\RansomwareProtection\BackupProtector.cpp(718,5): error C2653: 'Logger': bir s─▒n─▒f veya ad alan─▒ ad─▒ de─şil [C:\ShadowStrike\ShadowStrike\ShadowStrike.vcxproj]
  ('/src/Shared_modules/RansomwareProtection/BackupProtector.cpp' kaynak dosyas─▒ derleniyor)
  
C:\ShadowStrike\ShadowStrike\src\Shared_modules\RansomwareProtection\BackupProtector.cpp(718,13): error C3861: 'Info': tan─▒mlay─▒c─▒ bulunamad─▒ [C:\ShadowStrike\ShadowStrike\ShadowStrike.vcxproj]
  ('/src/Shared_modules/RansomwareProtection/BackupProtector.cpp' kaynak dosyas─▒ derleniyor)
  
C:\ShadowStrike\ShadowStrike\src\Shared_modules\RansomwareProtection\BackupProtector.cpp(727,5): error C2653: 'Logger': bir s─▒n─▒f veya ad alan─▒ ad─▒ de─şil [C:\ShadowStrike\ShadowStrike\ShadowStrike.vcxproj]
  ('/src/Shared_modules/RansomwareProtection/BackupProtector.cpp' kaynak dosyas─▒ derleniyor)
  
C:\ShadowStrike\ShadowStrike\src\Shared_modules\RansomwareProtection\BackupProtector.cpp(727,13): error C3861: 'Info': tan─▒mlay─▒c─▒ bulunamad─▒ [C:\ShadowStrike\ShadowStrike\ShadowStrike.vcxproj]
  ('/src/Shared_modules/RansomwareProtection/BackupProtector.cpp' kaynak dosyas─▒ derleniyor)
  
C:\ShadowStrike\ShadowStrike\src\Shared_modules\RansomwareProtection\BackupProtector.cpp(753,24): error C2059: s├Âzdizimi hatas─▒: 'sabit' [C:\ShadowStrike\ShadowStrike\ShadowStrike.vcxproj]
  ('/src/Shared_modules/RansomwareProtection/BackupProtector.cpp' kaynak dosyas─▒ derleniyor)
  
C:\ShadowStrike\ShadowStrike\src\Shared_modules\RansomwareProtection\BackupProtector.cpp(755,24): error C2059: s├Âzdizimi hatas─▒: 'sabit' [C:\ShadowStrike\ShadowStrike\ShadowStrike.vcxproj]
  ('/src/Shared_modules/RansomwareProtection/BackupProtector.cpp' kaynak dosyas─▒ derleniyor)
  
C:\ShadowStrike\ShadowStrike\src\Shared_modules\RansomwareProtection\BackupProtector.cpp(758,9): error C2653: 'Logger': bir s─▒n─▒f veya ad alan─▒ ad─▒ de─şil [C:\ShadowStrike\ShadowStrike\ShadowStrike.vcxproj]
  ('/src/Shared_modules/RansomwareProtection/BackupProtector.cpp' kaynak dosyas─▒ derleniyor)
  
C:\ShadowStrike\ShadowStrike\src\Shared_modules\RansomwareProtection\BackupProtector.cpp(759,13): error C2653: 'StringUtils': bir s─▒n─▒f veya ad alan─▒ ad─▒ de─şil [C:\ShadowStrike\ShadowStrike\ShadowStrike.vcxproj]
  ('/src/Shared_modules/RansomwareProtection/BackupProtector.cpp' kaynak dosyas─▒ derleniyor)
  
C:\ShadowStrike\ShadowStrike\src\Shared_modules\RansomwareProtection\BackupProtector.cpp(759,26): error C3861: 'WStringToString': tan─▒mlay─▒c─▒ bulunamad─▒ [C:\ShadowStrike\ShadowStrike\ShadowStrike.vcxproj]
  ('/src/Shared_modules/RansomwareProtection/BackupProtector.cpp' kaynak dosyas─▒ derleniyor)
  
C:\ShadowStrike\ShadowStrike\src\Shared_modules\RansomwareProtection\BackupProtector.cpp(758,17): error C3861: 'Warn': tan─▒mlay─▒c─▒ bulunamad─▒ [C:\ShadowStrike\ShadowStrike\ShadowStrike.vcxproj]
  ('/src/Shared_modules/RansomwareProtection/BackupProtector.cpp' kaynak dosyas─▒ derleniyor)
  
C:\ShadowStrike\ShadowStrike\src\Shared_modules\RansomwareProtection\BackupProtector.cpp(780,19): error C2039: 'protectRegistryKeys': bir 'ShadowStrike::Ransomware::BackupProtectorConfiguration' ├╝yesi de─şil [C:\ShadowStrike\ShadowStrike\ShadowStrike.vcxproj]
  ('/src/Shared_modules/RansomwareProtection/BackupProtector.cpp' kaynak dosyas─▒ derleniyor)
      C:\ShadowStrike\ShadowStrike\src\Shared_modules\RansomwareProtection\BackupProtector.hpp(416,8):
      'ShadowStrike::Ransomware::BackupProtectorConfiguration' bildirimine bak─▒n
  
C:\ShadowStrike\ShadowStrike\src\Shared_modules\RansomwareProtection\BackupProtector.cpp(800,9): error C2653: 'Logger': bir s─▒n─▒f veya ad alan─▒ ad─▒ de─şil [C:\ShadowStrike\ShadowStrike\ShadowStrike.vcxproj]
  ('/src/Shared_modules/RansomwareProtection/BackupProtector.cpp' kaynak dosyas─▒ derleniyor)
  
C:\ShadowStrike\ShadowStrike\src\Shared_modules\RansomwareProtection\BackupProtector.cpp(801,13): error C2653: 'StringUtils': bir s─▒n─▒f veya ad alan─▒ ad─▒ de─şil [C:\ShadowStrike\ShadowStrike\ShadowStrike.vcxproj]
  ('/src/Shared_modules/RansomwareProtection/BackupProtector.cpp' kaynak dosyas─▒ derleniyor)
  
C:\ShadowStrike\ShadowStrike\src\Shared_modules\RansomwareProtection\BackupProtector.cpp(801,26): error C3861: 'WStringToString': tan─▒mlay─▒c─▒ bulunamad─▒ [C:\ShadowStrike\ShadowStrike\ShadowStrike.vcxproj]
  ('/src/Shared_modules/RansomwareProtection/BackupProtector.cpp' kaynak dosyas─▒ derleniyor)
  
C:\ShadowStrike\ShadowStrike\src\Shared_modules\RansomwareProtection\BackupProtector.cpp(800,17): error C3861: 'Warn': tan─▒mlay─▒c─▒ bulunamad─▒ [C:\ShadowStrike\ShadowStrike\ShadowStrike.vcxproj]
  ('/src/Shared_modules/RansomwareProtection/BackupProtector.cpp' kaynak dosyas─▒ derleniyor)
  
C:\ShadowStrike\ShadowStrike\src\Shared_modules\RansomwareProtection\BackupProtector.cpp(816,31): error C2653: 'StringUtils': bir s─▒n─▒f veya ad alan─▒ ad─▒ de─şil [C:\ShadowStrike\ShadowStrike\ShadowStrike.vcxproj]
  ('/src/Shared_modules/RansomwareProtection/BackupProtector.cpp' kaynak dosyas─▒ derleniyor)
  
C:\ShadowStrike\ShadowStrike\src\Shared_modules\RansomwareProtection\BackupProtector.cpp(816,44): error C3861: 'ToLowerW': tan─▒mlay─▒c─▒ bulunamad─▒ [C:\ShadowStrike\ShadowStrike\ShadowStrike.vcxproj]
  ('/src/Shared_modules/RansomwareProtection/BackupProtector.cpp' kaynak dosyas─▒ derleniyor)
  
C:\ShadowStrike\ShadowStrike\src\Shared_modules\RansomwareProtection\BackupProtector.cpp(816,24): error C2668: 'std::_Hash<std::_Uset_traits<_Kty,std::_Uhash_compare<_Kty,_Hasher,_Keyeq>,_Alloc,false>>::insert': a┼ş─▒r─▒ y├╝klenmi┼ş i┼şleve belirsiz ├ğa─şr─▒ [C:\ShadowStrike\ShadowStrike\ShadowStrike.vcxproj]
C:\ShadowStrike\ShadowStrike\src\Shared_modules\RansomwareProtection\BackupProtector.cpp(816,24): error C2668:         with [C:\ShadowStrike\ShadowStrike\ShadowStrike.vcxproj]
C:\ShadowStrike\ShadowStrike\src\Shared_modules\RansomwareProtection\BackupProtector.cpp(816,24): error C2668:         [ [C:\ShadowStrike\ShadowStrike\ShadowStrike.vcxproj]
C:\ShadowStrike\ShadowStrike\src\Shared_modules\RansomwareProtection\BackupProtector.cpp(816,24): error C2668:             _Kty=std::wstring, [C:\ShadowStrike\ShadowStrike\ShadowStrike.vcxproj]
C:\ShadowStrike\ShadowStrike\src\Shared_modules\RansomwareProtection\BackupProtector.cpp(816,24): error C2668:             _Hasher=std::hash<std::wstring>, [C:\ShadowStrike\ShadowStrike\ShadowStrike.vcxproj]
C:\ShadowStrike\ShadowStrike\src\Shared_modules\RansomwareProtection\BackupProtector.cpp(816,24): error C2668:             _Keyeq=std::equal_to<std::wstring>, [C:\ShadowStrike\ShadowStrike\ShadowStrike.vcxproj]
C:\ShadowStrike\ShadowStrike\src\Shared_modules\RansomwareProtection\BackupProtector.cpp(816,24): error C2668:             _Alloc=std::allocator<std::wstring> [C:\ShadowStrike\ShadowStrike\ShadowStrike.vcxproj]
C:\ShadowStrike\ShadowStrike\src\Shared_modules\RansomwareProtection\BackupProtector.cpp(816,24): error C2668:         ] [C:\ShadowStrike\ShadowStrike\ShadowStrike.vcxproj]
  ('/src/Shared_modules/RansomwareProtection/BackupProtector.cpp' kaynak dosyas─▒ derleniyor)
      C:\Program Files\Microsoft Visual Studio\2022\Community\VC\Tools\MSVC\14.44.35207\include\xhash(1541,88):
      'std::_Insert_return_type<std::_List_const_iterator<std::_List_val<std::_List_simple_types<_Ty>>>,std::_Node_handle<std::_List_node<std::basic_string<wchar_t,std::char_traits<wchar_t>,std::allocator<wchar_t>>,std::_Default_allocator_traits<_Alloc>::void_pointer>,_Alloc,std::_Node_handle_set_base,_Kty>> std::_Hash<std::_Uset_traits<_Kty,std::_Uhash_compare<_Kty,_Hasher,_Keyeq>,_Alloc,false>>::insert(std::_Node_handle<std::_List_node<std::basic_string<wchar_t,std::char_traits<wchar_t>,std::allocator<wchar_t>>,std::_Default_allocator_traits<_Alloc>::void_pointer>,_Alloc,std::_Node_handle_set_base,_Kty> &&)' olabilirdi
          with
          [
              _Ty=std::basic_string<wchar_t,std::char_traits<wchar_t>,std::allocator<wchar_t>>,
              _Alloc=std::allocator<std::wstring>,
              _Kty=std::wstring,
              _Hasher=std::hash<std::wstring>,
              _Keyeq=std::equal_to<std::wstring>
          ]
      C:\Program Files\Microsoft Visual Studio\2022\Community\VC\Tools\MSVC\14.44.35207\include\xhash(976,10):
      veya       'void std::_Hash<std::_Uset_traits<_Kty,std::_Uhash_compare<_Kty,_Hasher,_Keyeq>,_Alloc,false>>::insert(std::initializer_list<_Ty>)'
          with
          [
              _Kty=std::wstring,
              _Hasher=std::hash<std::wstring>,
              _Keyeq=std::equal_to<std::wstring>,
              _Alloc=std::allocator<std::wstring>,
              _Ty=std::wstring
          ]
      C:\Program Files\Microsoft Visual Studio\2022\Community\VC\Tools\MSVC\14.44.35207\include\xhash(942,59):
      veya       'std::pair<std::_List_const_iterator<std::_List_val<std::_List_simple_types<_Ty>>>,bool> std::_Hash<std::_Uset_traits<_Kty,std::_Uhash_compare<_Kty,_Hasher,_Keyeq>,_Alloc,false>>::insert(std::basic_string<wchar_t,std::char_traits<wchar_t>,std::allocator<wchar_t>> &&)'
          with
          [
              _Ty=std::basic_string<wchar_t,std::char_traits<wchar_t>,std::allocator<wchar_t>>,
              _Kty=std::wstring,
              _Hasher=std::hash<std::wstring>,
              _Keyeq=std::equal_to<std::wstring>,
              _Alloc=std::allocator<std::wstring>
          ]
      C:\Program Files\Microsoft Visual Studio\2022\Community\VC\Tools\MSVC\14.44.35207\include\xhash(938,59):
      veya       'std::pair<std::_List_const_iterator<std::_List_val<std::_List_simple_types<_Ty>>>,bool> std::_Hash<std::_Uset_traits<_Kty,std::_Uhash_compare<_Kty,_Hasher,_Keyeq>,_Alloc,false>>::insert(const std::basic_string<wchar_t,std::char_traits<wchar_t>,std::allocator<wchar_t>> &)'
          with
          [
              _Ty=std::basic_string<wchar_t,std::char_traits<wchar_t>,std::allocator<wchar_t>>,
              _Kty=std::wstring,
              _Hasher=std::hash<std::wstring>,
              _Keyeq=std::equal_to<std::wstring>,
              _Alloc=std::allocator<std::wstring>
          ]
      C:\ShadowStrike\ShadowStrike\src\Shared_modules\RansomwareProtection\BackupProtector.cpp(816,24):
      '(<error type>)' ba─ş─▒ms─▒z de─şi┼şken listesi e┼şlenmeye ├ğal─▒┼ş─▒l─▒rken
  
C:\ShadowStrike\ShadowStrike\src\Shared_modules\RansomwareProtection\BackupProtector.cpp(817,5): error C2653: 'Logger': bir s─▒n─▒f veya ad alan─▒ ad─▒ de─şil [C:\ShadowStrike\ShadowStrike\ShadowStrike.vcxproj]
  ('/src/Shared_modules/RansomwareProtection/BackupProtector.cpp' kaynak dosyas─▒ derleniyor)
  
C:\ShadowStrike\ShadowStrike\src\Shared_modules\RansomwareProtection\BackupProtector.cpp(818,9): error C2653: 'StringUtils': bir s─▒n─▒f veya ad alan─▒ ad─▒ de─şil [C:\ShadowStrike\ShadowStrike\ShadowStrike.vcxproj]
  ('/src/Shared_modules/RansomwareProtection/BackupProtector.cpp' kaynak dosyas─▒ derleniyor)
  
C:\ShadowStrike\ShadowStrike\src\Shared_modules\RansomwareProtection\BackupProtector.cpp(818,22): error C3861: 'WStringToString': tan─▒mlay─▒c─▒ bulunamad─▒ [C:\ShadowStrike\ShadowStrike\ShadowStrike.vcxproj]
  ('/src/Shared_modules/RansomwareProtection/BackupProtector.cpp' kaynak dosyas─▒ derleniyor)
  
C:\ShadowStrike\ShadowStrike\src\Shared_modules\RansomwareProtection\BackupProtector.cpp(817,13): error C3861: 'Info': tan─▒mlay─▒c─▒ bulunamad─▒ [C:\ShadowStrike\ShadowStrike\ShadowStrike.vcxproj]
  ('/src/Shared_modules/RansomwareProtection/BackupProtector.cpp' kaynak dosyas─▒ derleniyor)
  
C:\ShadowStrike\ShadowStrike\src\Shared_modules\RansomwareProtection\BackupProtector.cpp(823,30): error C2653: 'StringUtils': bir s─▒n─▒f veya ad alan─▒ ad─▒ de─şil [C:\ShadowStrike\ShadowStrike\ShadowStrike.vcxproj]
  ('/src/Shared_modules/RansomwareProtection/BackupProtector.cpp' kaynak dosyas─▒ derleniyor)
  
C:\ShadowStrike\ShadowStrike\src\Shared_modules\RansomwareProtection\BackupProtector.cpp(823,43): error C3861: 'ToLowerW': tan─▒mlay─▒c─▒ bulunamad─▒ [C:\ShadowStrike\ShadowStrike\ShadowStrike.vcxproj]
  ('/src/Shared_modules/RansomwareProtection/BackupProtector.cpp' kaynak dosyas─▒ derleniyor)
  
C:\ShadowStrike\ShadowStrike\src\Shared_modules\RansomwareProtection\BackupProtector.cpp(823,24): error C2668: 'std::_Hash<std::_Uset_traits<_Kty,std::_Uhash_compare<_Kty,_Hasher,_Keyeq>,_Alloc,false>>::erase': a┼ş─▒r─▒ y├╝klenmi┼ş i┼şleve belirsiz ├ğa─şr─▒ [C:\ShadowStrike\ShadowStrike\ShadowStrike.vcxproj]
C:\ShadowStrike\ShadowStrike\src\Shared_modules\RansomwareProtection\BackupProtector.cpp(823,24): error C2668:         with [C:\ShadowStrike\ShadowStrike\ShadowStrike.vcxproj]
C:\ShadowStrike\ShadowStrike\src\Shared_modules\RansomwareProtection\BackupProtector.cpp(823,24): error C2668:         [ [C:\ShadowStrike\ShadowStrike\ShadowStrike.vcxproj]
C:\ShadowStrike\ShadowStrike\src\Shared_modules\RansomwareProtection\BackupProtector.cpp(823,24): error C2668:             _Kty=std::wstring, [C:\ShadowStrike\ShadowStrike\ShadowStrike.vcxproj]
C:\ShadowStrike\ShadowStrike\src\Shared_modules\RansomwareProtection\BackupProtector.cpp(823,24): error C2668:             _Hasher=std::hash<std::wstring>, [C:\ShadowStrike\ShadowStrike\ShadowStrike.vcxproj]
C:\ShadowStrike\ShadowStrike\src\Shared_modules\RansomwareProtection\BackupProtector.cpp(823,24): error C2668:             _Keyeq=std::equal_to<std::wstring>, [C:\ShadowStrike\ShadowStrike\ShadowStrike.vcxproj]
C:\ShadowStrike\ShadowStrike\src\Shared_modules\RansomwareProtection\BackupProtector.cpp(823,24): error C2668:             _Alloc=std::allocator<std::wstring> [C:\ShadowStrike\ShadowStrike\ShadowStrike.vcxproj]
C:\ShadowStrike\ShadowStrike\src\Shared_modules\RansomwareProtection\BackupProtector.cpp(823,24): error C2668:         ] [C:\ShadowStrike\ShadowStrike\ShadowStrike.vcxproj]
  ('/src/Shared_modules/RansomwareProtection/BackupProtector.cpp' kaynak dosyas─▒ derleniyor)
      C:\Program Files\Microsoft Visual Studio\2022\Community\VC\Tools\MSVC\14.44.35207\include\xhash(1143,15):
      'unsigned __int64 std::_Hash<std::_Uset_traits<_Kty,std::_Uhash_compare<_Kty,_Hasher,_Keyeq>,_Alloc,false>>::erase(const std::basic_string<wchar_t,std::char_traits<wchar_t>,std::allocator<wchar_t>> &) noexcept' olabilirdi
          with
          [
              _Kty=std::wstring,
              _Hasher=std::hash<std::wstring>,
              _Keyeq=std::equal_to<std::wstring>,
              _Alloc=std::allocator<std::wstring>
          ]
      C:\Program Files\Microsoft Visual Studio\2022\Community\VC\Tools\MSVC\14.44.35207\include\xhash(1134,14):
      veya       'std::_List_const_iterator<std::_List_val<std::_List_simple_types<_Ty>>> std::_Hash<std::_Uset_traits<_Kty,std::_Uhash_compare<_Kty,_Hasher,_Keyeq>,_Alloc,false>>::erase(std::_List_const_iterator<std::_List_val<std::_List_simple_types<_Ty>>>) noexcept(<expr>)'
          with
          [
              _Ty=std::basic_string<wchar_t,std::char_traits<wchar_t>,std::allocator<wchar_t>>,
              _Kty=std::wstring,
              _Hasher=std::hash<std::wstring>,
              _Keyeq=std::equal_to<std::wstring>,
              _Alloc=std::allocator<std::wstring>
          ]
      C:\ShadowStrike\ShadowStrike\src\Shared_modules\RansomwareProtection\BackupProtector.cpp(823,24):
      '(<error type>)' ba─ş─▒ms─▒z de─şi┼şken listesi e┼şlenmeye ├ğal─▒┼ş─▒l─▒rken
  
C:\ShadowStrike\ShadowStrike\src\Shared_modules\RansomwareProtection\BackupProtector.cpp(824,5): error C2653: 'Logger': bir s─▒n─▒f veya ad alan─▒ ad─▒ de─şil [C:\ShadowStrike\ShadowStrike\ShadowStrike.vcxproj]
  ('/src/Shared_modules/RansomwareProtection/BackupProtector.cpp' kaynak dosyas─▒ derleniyor)
  
C:\ShadowStrike\ShadowStrike\src\Shared_modules\RansomwareProtection\BackupProtector.cpp(825,9): error C2653: 'StringUtils': bir s─▒n─▒f veya ad alan─▒ ad─▒ de─şil [C:\ShadowStrike\ShadowStrike\ShadowStrike.vcxproj]
  ('/src/Shared_modules/RansomwareProtection/BackupProtector.cpp' kaynak dosyas─▒ derleniyor)
  
C:\ShadowStrike\ShadowStrike\src\Shared_modules\RansomwareProtection\BackupProtector.cpp(825,22): error C3861: 'WStringToString': tan─▒mlay─▒c─▒ bulunamad─▒ [C:\ShadowStrike\ShadowStrike\ShadowStrike.vcxproj]
  ('/src/Shared_modules/RansomwareProtection/BackupProtector.cpp' kaynak dosyas─▒ derleniyor)
  
C:\ShadowStrike\ShadowStrike\src\Shared_modules\RansomwareProtection\BackupProtector.cpp(824,13): error C3861: 'Info': tan─▒mlay─▒c─▒ bulunamad─▒ [C:\ShadowStrike\ShadowStrike\ShadowStrike.vcxproj]
  ('/src/Shared_modules/RansomwareProtection/BackupProtector.cpp' kaynak dosyas─▒ derleniyor)
  
C:\ShadowStrike\ShadowStrike\src\Shared_modules\RansomwareProtection\BackupProtector.cpp(824,13): error C1003: hata say─▒s─▒ 100 taneyi a┼şt─▒; derleme durduruluyor [C:\ShadowStrike\ShadowStrike\ShadowStrike.vcxproj]
  ('/src/Shared_modules/RansomwareProtection/BackupProtector.cpp' kaynak dosyas─▒ derleniyor)
  
C:\ShadowStrike\ShadowStrike\src\Shared_modules\RealTime\ExploitPrevention.cpp(101,25): error C2059: s├Âzdizimi hatas─▒: 'sabit' [C:\ShadowStrike\ShadowStrike\ShadowStrike.vcxproj]
  ('/src/Shared_modules/RealTime/ExploitPrevention.cpp' kaynak dosyas─▒ derleniyor)
  
C:\ShadowStrike\ShadowStrike\src\Shared_modules\RansomwareProtection\FileBackupManager.cpp(506,87): error C2039: 'WideToUtf8': bir 'ShadowStrike::Utils::StringUtils' ├╝yesi de─şil [C:\ShadowStrike\ShadowStrike\ShadowStrike.vcxproj]
  ('/src/Shared_modules/RansomwareProtection/FileBackupManager.cpp' kaynak dosyas─▒ derleniyor)
      C:\ShadowStrike\ShadowStrike\src\Shared_modules\Utils\StringUtils.hpp(63,19):
      'ShadowStrike::Utils::StringUtils' bildirimine bak─▒n
  
C:\ShadowStrike\ShadowStrike\src\Shared_modules\RansomwareProtection\FileBackupManager.cpp(506,87): error C3861: 'WideToUtf8': tan─▒mlay─▒c─▒ bulunamad─▒ [C:\ShadowStrike\ShadowStrike\ShadowStrike.vcxproj]
  ('/src/Shared_modules/RansomwareProtection/FileBackupManager.cpp' kaynak dosyas─▒ derleniyor)
  
C:\ShadowStrike\ShadowStrike\src\Shared_modules\RansomwareProtection\FileBackupManager.cpp(506,28): error C2660: 'ShadowStrike::Utils::Logger::Debug': i┼şlev 2 ba─ş─▒ms─▒z de─şi┼şken alm─▒yor [C:\ShadowStrike\ShadowStrike\ShadowStrike.vcxproj]
  ('/src/Shared_modules/RansomwareProtection/FileBackupManager.cpp' kaynak dosyas─▒ derleniyor)
      C:\ShadowStrike\ShadowStrike\src\Shared_modules\Utils\Logger.hpp(266,16):
      'ShadowStrike::Utils::Logger::Debug' bildirimine bak─▒n
      C:\ShadowStrike\ShadowStrike\src\Shared_modules\Utils\Logger.hpp(286,16):
      'void ShadowStrike::Utils::Logger::Debug(std::basic_format_string<char,type_identity<_Args>::type...>,Args ...)' olabilirdi
          C:\ShadowStrike\ShadowStrike\src\Shared_modules\RansomwareProtection\FileBackupManager.cpp(506,28):
          'void ShadowStrike::Utils::Logger::Debug(std::basic_format_string<char,type_identity<_Args>::type...>,Args ...)' i┼şlev ┼şablonu ├Âzelle┼ştirilemedi
              C:\ShadowStrike\ShadowStrike\src\Shared_modules\RansomwareProtection\FileBackupManager.cpp(506,28):
              ┼Şu ┼şablon ba─ş─▒ms─▒z de─şi┼şkenleriyle:
                  C:\ShadowStrike\ShadowStrike\src\Shared_modules\RansomwareProtection\FileBackupManager.cpp(506,28):
                  'Args={<error type>}'
      C:\ShadowStrike\ShadowStrike\src\Shared_modules\RansomwareProtection\FileBackupManager.cpp(506,28):
      '(const char [30], <error type>)' ba─ş─▒ms─▒z de─şi┼şken listesi e┼şlenmeye ├ğal─▒┼ş─▒l─▒rken
  
C:\ShadowStrike\ShadowStrike\src\Shared_modules\RansomwareProtection\FileBackupManager.cpp(647,20): error C2039: 'Critical': bir 'ShadowStrike::Utils::Logger' ├╝yesi de─şil [C:\ShadowStrike\ShadowStrike\ShadowStrike.vcxproj]
  ('/src/Shared_modules/RansomwareProtection/FileBackupManager.cpp' kaynak dosyas─▒ derleniyor)
      C:\ShadowStrike\ShadowStrike\src\Shared_modules\Utils\Logger.hpp(159,9):
      'ShadowStrike::Utils::Logger' bildirimine bak─▒n
  
C:\ShadowStrike\ShadowStrike\src\Shared_modules\RansomwareProtection\FileBackupManager.cpp(647,20): error C3861: 'Critical': tan─▒mlay─▒c─▒ bulunamad─▒ [C:\ShadowStrike\ShadowStrike\ShadowStrike.vcxproj]
  ('/src/Shared_modules/RansomwareProtection/FileBackupManager.cpp' kaynak dosyas─▒ derleniyor)
  
C:\ShadowStrike\ShadowStrike\src\Shared_modules\RansomwareProtection\VolumeSnapshotService.cpp(80,5): error C2664: 'int StringFromGUID2(const GUID &,LPOLESTR,int)' : 1 ba─ş─▒ms─▒z de─şi┼şkeni 'const ShadowStrike::Ransomware::GUID' de─şerinden 'const GUID &' de─şerine d├Ân├╝┼şt├╝r├╝lemez [C:\ShadowStrike\ShadowStrike\ShadowStrike.vcxproj]
  ('/src/Shared_modules/RansomwareProtection/VolumeSnapshotService.cpp' kaynak dosyas─▒ derleniyor)
      C:\ShadowStrike\ShadowStrike\src\Shared_modules\RansomwareProtection\VolumeSnapshotService.cpp(80,21):
      Nedeni: 'const ShadowStrike::Ransomware::GUID' de─şerinden 'const GUID' de─şerine d├Ân├╝┼şt├╝r├╝lemez
      C:\ShadowStrike\ShadowStrike\src\Shared_modules\RansomwareProtection\VolumeSnapshotService.cpp(80,21):
      Bu d├Ân├╝┼şt├╝rmeyi ger├ğekle┼ştirecek kullan─▒c─▒ tan─▒ml─▒ d├Ân├╝┼şt├╝rme i┼şleci yok veya i┼şle├ğ ├ğa─şr─▒lam─▒yor
      C:\Program Files (x86)\Windows Kits\10\Include\10.0.26100.0\um\combaseapi.h(1162,1):
      'StringFromGUID2' bildirimine bak─▒n
      C:\ShadowStrike\ShadowStrike\src\Shared_modules\RansomwareProtection\VolumeSnapshotService.cpp(80,5):
      '(const ShadowStrike::Ransomware::GUID, wchar_t [128], int)' ba─ş─▒ms─▒z de─şi┼şken listesi e┼şlenmeye ├ğal─▒┼ş─▒l─▒rken
  
C:\ShadowStrike\ShadowStrike\src\Shared_modules\RansomwareProtection\VolumeSnapshotService.cpp(87,5): error C2664: 'HRESULT CLSIDFromString(LPCOLESTR,LPCLSID)' : 2 ba─ş─▒ms─▒z de─şi┼şkeni 'ShadowStrike::Ransomware::GUID *' de─şerinden 'LPCLSID' de─şerine d├Ân├╝┼şt├╝r├╝lemez [C:\ShadowStrike\ShadowStrike\ShadowStrike.vcxproj]
  ('/src/Shared_modules/RansomwareProtection/VolumeSnapshotService.cpp' kaynak dosyas─▒ derleniyor)
      C:\ShadowStrike\ShadowStrike\src\Shared_modules\RansomwareProtection\VolumeSnapshotService.cpp(87,34):
      ─░┼şaretlenen t├╝rler ilgisiz; d├Ân├╝┼şt├╝rme reinterpret_cast, C stili t├╝r d├Ân├╝┼şt├╝rme veya parantez i├ğine al─▒nm─▒┼ş i┼şlev stili t├╝r d├Ân├╝┼şt├╝rme gerektiriyor
      C:\Program Files (x86)\Windows Kits\10\Include\10.0.26100.0\um\combaseapi.h(1120,1):
      'CLSIDFromString' bildirimine bak─▒n
      C:\ShadowStrike\ShadowStrike\src\Shared_modules\RansomwareProtection\VolumeSnapshotService.cpp(87,5):
      '(const _Elem *, ShadowStrike::Ransomware::GUID *)' ba─ş─▒ms─▒z de─şi┼şken listesi e┼şlenmeye ├ğal─▒┼ş─▒l─▒rken
          with
          [
              _Elem=wchar_t
          ]
  
C:\ShadowStrike\ShadowStrike\src\Shared_modules\RansomwareProtection\VolumeSnapshotService.cpp(95,54): error C2838: 'Preparing': ├╝ye bildiriminde ge├ğersiz tam ad [C:\ShadowStrike\ShadowStrike\ShadowStrike.vcxproj]
  ('/src/Shared_modules/RansomwareProtection/VolumeSnapshotService.cpp' kaynak dosyas─▒ derleniyor)
  
C:\ShadowStrike\ShadowStrike\src\Shared_modules\RansomwareProtection\VolumeSnapshotService.cpp(95,54): error C2065: 'Preparing': bildirimi yap─▒lmam─▒┼ş tan─▒mlay─▒c─▒ [C:\ShadowStrike\ShadowStrike\ShadowStrike.vcxproj]
  ('/src/Shared_modules/RansomwareProtection/VolumeSnapshotService.cpp' kaynak dosyas─▒ derleniyor)
  
C:\ShadowStrike\ShadowStrike\src\Shared_modules\RansomwareProtection\VolumeSnapshotService.cpp(96,63): error C2838: 'Processing': ├╝ye bildiriminde ge├ğersiz tam ad [C:\ShadowStrike\ShadowStrike\ShadowStrike.vcxproj]
  ('/src/Shared_modules/RansomwareProtection/VolumeSnapshotService.cpp' kaynak dosyas─▒ derleniyor)
  
C:\ShadowStrike\ShadowStrike\src\Shared_modules\RansomwareProtection\VolumeSnapshotService.cpp(96,63): error C2065: 'Processing': bildirimi yap─▒lmam─▒┼ş tan─▒mlay─▒c─▒ [C:\ShadowStrike\ShadowStrike\ShadowStrike.vcxproj]
  ('/src/Shared_modules/RansomwareProtection/VolumeSnapshotService.cpp' kaynak dosyas─▒ derleniyor)
  
C:\ShadowStrike\ShadowStrike\src\Shared_modules\RansomwareProtection\VolumeSnapshotService.cpp(97,53): error C2838: 'Prepared': ├╝ye bildiriminde ge├ğersiz tam ad [C:\ShadowStrike\ShadowStrike\ShadowStrike.vcxproj]
  ('/src/Shared_modules/RansomwareProtection/VolumeSnapshotService.cpp' kaynak dosyas─▒ derleniyor)
  
C:\ShadowStrike\ShadowStrike\src\Shared_modules\RansomwareProtection\VolumeSnapshotService.cpp(97,53): error C2065: 'Prepared': bildirimi yap─▒lmam─▒┼ş tan─▒mlay─▒c─▒ [C:\ShadowStrike\ShadowStrike\ShadowStrike.vcxproj]
  ('/src/Shared_modules/RansomwareProtection/VolumeSnapshotService.cpp' kaynak dosyas─▒ derleniyor)
  
C:\ShadowStrike\ShadowStrike\src\Shared_modules\RansomwareProtection\VolumeSnapshotService.cpp(98,65): error C2838: 'Processing': ├╝ye bildiriminde ge├ğersiz tam ad [C:\ShadowStrike\ShadowStrike\ShadowStrike.vcxproj]
  ('/src/Shared_modules/RansomwareProtection/VolumeSnapshotService.cpp' kaynak dosyas─▒ derleniyor)
  
C:\ShadowStrike\ShadowStrike\src\Shared_modules\RansomwareProtection\VolumeSnapshotService.cpp(98,65): error C2065: 'Processing': bildirimi yap─▒lmam─▒┼ş tan─▒mlay─▒c─▒ [C:\ShadowStrike\ShadowStrike\ShadowStrike.vcxproj]
  ('/src/Shared_modules/RansomwareProtection/VolumeSnapshotService.cpp' kaynak dosyas─▒ derleniyor)
  
C:\ShadowStrike\ShadowStrike\src\Shared_modules\RansomwareProtection\VolumeSnapshotService.cpp(99,57): error C2838: 'Prepared': ├╝ye bildiriminde ge├ğersiz tam ad [C:\ShadowStrike\ShadowStrike\ShadowStrike.vcxproj]
  ('/src/Shared_modules/RansomwareProtection/VolumeSnapshotService.cpp' kaynak dosyas─▒ derleniyor)
  
C:\ShadowStrike\ShadowStrike\src\Shared_modules\RansomwareProtection\VolumeSnapshotService.cpp(99,57): error C2065: 'Prepared': bildirimi yap─▒lmam─▒┼ş tan─▒mlay─▒c─▒ [C:\ShadowStrike\ShadowStrike\ShadowStrike.vcxproj]
  ('/src/Shared_modules/RansomwareProtection/VolumeSnapshotService.cpp' kaynak dosyas─▒ derleniyor)
  
C:\ShadowStrike\ShadowStrike\src\Shared_modules\RansomwareProtection\VolumeSnapshotService.cpp(100,62): error C2838: 'Processing': ├╝ye bildiriminde ge├ğersiz tam ad [C:\ShadowStrike\ShadowStrike\ShadowStrike.vcxproj]
  ('/src/Shared_modules/RansomwareProtection/VolumeSnapshotService.cpp' kaynak dosyas─▒ derleniyor)
  
C:\ShadowStrike\ShadowStrike\src\Shared_modules\RansomwareProtection\VolumeSnapshotService.cpp(100,62): error C2065: 'Processing': bildirimi yap─▒lmam─▒┼ş tan─▒mlay─▒c─▒ [C:\ShadowStrike\ShadowStrike\ShadowStrike.vcxproj]
  ('/src/Shared_modules/RansomwareProtection/VolumeSnapshotService.cpp' kaynak dosyas─▒ derleniyor)
  
C:\ShadowStrike\ShadowStrike\src\Shared_modules\RansomwareProtection\VolumeSnapshotService.cpp(101,54): error C2838: 'Committed': ├╝ye bildiriminde ge├ğersiz tam ad [C:\ShadowStrike\ShadowStrike\ShadowStrike.vcxproj]
  ('/src/Shared_modules/RansomwareProtection/VolumeSnapshotService.cpp' kaynak dosyas─▒ derleniyor)
  
C:\ShadowStrike\ShadowStrike\src\Shared_modules\RansomwareProtection\VolumeSnapshotService.cpp(101,54): error C2065: 'Committed': bildirimi yap─▒lmam─▒┼ş tan─▒mlay─▒c─▒ [C:\ShadowStrike\ShadowStrike\ShadowStrike.vcxproj]
  ('/src/Shared_modules/RansomwareProtection/VolumeSnapshotService.cpp' kaynak dosyas─▒ derleniyor)
  
C:\ShadowStrike\ShadowStrike\src\Shared_modules\RansomwareProtection\VolumeSnapshotService.cpp(102,66): error C2838: 'Processing': ├╝ye bildiriminde ge├ğersiz tam ad [C:\ShadowStrike\ShadowStrike\ShadowStrike.vcxproj]
  ('/src/Shared_modules/RansomwareProtection/VolumeSnapshotService.cpp' kaynak dosyas─▒ derleniyor)
  
C:\ShadowStrike\ShadowStrike\src\Shared_modules\RansomwareProtection\VolumeSnapshotService.cpp(102,66): error C2065: 'Processing': bildirimi yap─▒lmam─▒┼ş tan─▒mlay─▒c─▒ [C:\ShadowStrike\ShadowStrike\ShadowStrike.vcxproj]
  ('/src/Shared_modules/RansomwareProtection/VolumeSnapshotService.cpp' kaynak dosyas─▒ derleniyor)
  
C:\ShadowStrike\ShadowStrike\src\Shared_modules\RansomwareProtection\VolumeSnapshotService.cpp(103,52): error C2838: 'Created': ├╝ye bildiriminde ge├ğersiz tam ad [C:\ShadowStrike\ShadowStrike\ShadowStrike.vcxproj]
  ('/src/Shared_modules/RansomwareProtection/VolumeSnapshotService.cpp' kaynak dosyas─▒ derleniyor)
  
C:\ShadowStrike\ShadowStrike\src\Shared_modules\RansomwareProtection\VolumeSnapshotService.cpp(103,52): error C2065: 'Created': bildirimi yap─▒lmam─▒┼ş tan─▒mlay─▒c─▒ [C:\ShadowStrike\ShadowStrike\ShadowStrike.vcxproj]
  ('/src/Shared_modules/RansomwareProtection/VolumeSnapshotService.cpp' kaynak dosyas─▒ derleniyor)
  
C:\ShadowStrike\ShadowStrike\src\Shared_modules\RansomwareProtection\VolumeSnapshotService.cpp(109,1): error C4430: t├╝r belirticisi eksik - int varsay─▒ld─▒. Not: C++ varsay─▒lan int deste─şi i├ğermez [C:\ShadowStrike\ShadowStrike\ShadowStrike.vcxproj]
  ('/src/Shared_modules/RansomwareProtection/VolumeSnapshotService.cpp' kaynak dosyas─▒ derleniyor)
  
C:\ShadowStrike\ShadowStrike\src\Shared_modules\RansomwareProtection\VolumeSnapshotService.cpp(109,13): error C2146: s├Âzdizimi hatas─▒: ';' eksik ('VssWriterStateToWriterState' tan─▒mlay─▒c─▒s─▒ndan ├Ânce) [C:\ShadowStrike\ShadowStrike\ShadowStrike.vcxproj]
  ('/src/Shared_modules/RansomwareProtection/VolumeSnapshotService.cpp' kaynak dosyas─▒ derleniyor)
  
C:\ShadowStrike\ShadowStrike\src\Shared_modules\RansomwareProtection\VolumeSnapshotService.cpp(109,68): error C2143: s├Âzdizimi hatas─▒: ';' eksik ('{' ├Âncesinde) [C:\ShadowStrike\ShadowStrike\ShadowStrike.vcxproj]
  ('/src/Shared_modules/RansomwareProtection/VolumeSnapshotService.cpp' kaynak dosyas─▒ derleniyor)
  
C:\ShadowStrike\ShadowStrike\src\Shared_modules\RansomwareProtection\VolumeSnapshotService.cpp(109,68): error C2447: '{': i┼şlev ├╝stbilgisi eksik (eski tarzda bi├ğimsel liste mi?) [C:\ShadowStrike\ShadowStrike\ShadowStrike.vcxproj]
  ('/src/Shared_modules/RansomwareProtection/VolumeSnapshotService.cpp' kaynak dosyas─▒ derleniyor)
  
C:\ShadowStrike\ShadowStrike\src\Shared_modules\RansomwareProtection\VolumeSnapshotService.cpp(134,49): error C2838: 'BadState': ├╝ye bildiriminde ge├ğersiz tam ad [C:\ShadowStrike\ShadowStrike\ShadowStrike.vcxproj]
  ('/src/Shared_modules/RansomwareProtection/VolumeSnapshotService.cpp' kaynak dosyas─▒ derleniyor)
  
C:\ShadowStrike\ShadowStrike\src\Shared_modules\RansomwareProtection\VolumeSnapshotService.cpp(134,49): error C2065: 'BadState': bildirimi yap─▒lmam─▒┼ş tan─▒mlay─▒c─▒ [C:\ShadowStrike\ShadowStrike\ShadowStrike.vcxproj]
  ('/src/Shared_modules/RansomwareProtection/VolumeSnapshotService.cpp' kaynak dosyas─▒ derleniyor)
  
C:\ShadowStrike\ShadowStrike\src\Shared_modules\RansomwareProtection\VolumeSnapshotService.cpp(136,56): error C2838: 'NotFound': ├╝ye bildiriminde ge├ğersiz tam ad [C:\ShadowStrike\ShadowStrike\ShadowStrike.vcxproj]
  ('/src/Shared_modules/RansomwareProtection/VolumeSnapshotService.cpp' kaynak dosyas─▒ derleniyor)
  
C:\ShadowStrike\ShadowStrike\src\Shared_modules\RansomwareProtection\VolumeSnapshotService.cpp(136,56): error C2065: 'NotFound': bildirimi yap─▒lmam─▒┼ş tan─▒mlay─▒c─▒ [C:\ShadowStrike\ShadowStrike\ShadowStrike.vcxproj]
  ('/src/Shared_modules/RansomwareProtection/VolumeSnapshotService.cpp' kaynak dosyas─▒ derleniyor)
  
C:\ShadowStrike\ShadowStrike\src\Shared_modules\RansomwareProtection\VolumeSnapshotService.cpp(137,60): error C2838: 'VolumeNotSupported': ├╝ye bildiriminde ge├ğersiz tam ad [C:\ShadowStrike\ShadowStrike\ShadowStrike.vcxproj]
  ('/src/Shared_modules/RansomwareProtection/VolumeSnapshotService.cpp' kaynak dosyas─▒ derleniyor)
  
C:\ShadowStrike\ShadowStrike\src\Shared_modules\RansomwareProtection\VolumeSnapshotService.cpp(137,60): error C2065: 'VolumeNotSupported': bildirimi yap─▒lmam─▒┼ş tan─▒mlay─▒c─▒ [C:\ShadowStrike\ShadowStrike\ShadowStrike.vcxproj]
  ('/src/Shared_modules/RansomwareProtection/VolumeSnapshotService.cpp' kaynak dosyas─▒ derleniyor)
  
C:\ShadowStrike\ShadowStrike\src\Shared_modules\RansomwareProtection\VolumeSnapshotService.cpp(138,60): error C2838: 'InsufficientStorage': ├╝ye bildiriminde ge├ğersiz tam ad [C:\ShadowStrike\ShadowStrike\ShadowStrike.vcxproj]
  ('/src/Shared_modules/RansomwareProtection/VolumeSnapshotService.cpp' kaynak dosyas─▒ derleniyor)
  
C:\ShadowStrike\ShadowStrike\src\Shared_modules\RansomwareProtection\VolumeSnapshotService.cpp(138,60): error C2065: 'InsufficientStorage': bildirimi yap─▒lmam─▒┼ş tan─▒mlay─▒c─▒ [C:\ShadowStrike\ShadowStrike\ShadowStrike.vcxproj]
  ('/src/Shared_modules/RansomwareProtection/VolumeSnapshotService.cpp' kaynak dosyas─▒ derleniyor)
  
C:\ShadowStrike\ShadowStrike\src\Shared_modules\RansomwareProtection\VolumeSnapshotService.cpp(139,53): error C2838: 'ProviderVeto': ├╝ye bildiriminde ge├ğersiz tam ad [C:\ShadowStrike\ShadowStrike\ShadowStrike.vcxproj]
  ('/src/Shared_modules/RansomwareProtection/VolumeSnapshotService.cpp' kaynak dosyas─▒ derleniyor)
  
C:\ShadowStrike\ShadowStrike\src\Shared_modules\RansomwareProtection\VolumeSnapshotService.cpp(139,53): error C2065: 'ProviderVeto': bildirimi yap─▒lmam─▒┼ş tan─▒mlay─▒c─▒ [C:\ShadowStrike\ShadowStrike\ShadowStrike.vcxproj]
  ('/src/Shared_modules/RansomwareProtection/VolumeSnapshotService.cpp' kaynak dosyas─▒ derleniyor)
  
C:\ShadowStrike\ShadowStrike\src\Shared_modules\RansomwareProtection\VolumeSnapshotService.cpp(140,75): error C2838: 'MaxSnapshotsReached': ├╝ye bildiriminde ge├ğersiz tam ad [C:\ShadowStrike\ShadowStrike\ShadowStrike.vcxproj]
  ('/src/Shared_modules/RansomwareProtection/VolumeSnapshotService.cpp' kaynak dosyas─▒ derleniyor)
  
C:\ShadowStrike\ShadowStrike\src\Shared_modules\RansomwareProtection\VolumeSnapshotService.cpp(140,75): error C2065: 'MaxSnapshotsReached': bildirimi yap─▒lmam─▒┼ş tan─▒mlay─▒c─▒ [C:\ShadowStrike\ShadowStrike\ShadowStrike.vcxproj]
  ('/src/Shared_modules/RansomwareProtection/VolumeSnapshotService.cpp' kaynak dosyas─▒ derleniyor)
  
C:\ShadowStrike\ShadowStrike\src\Shared_modules\RansomwareProtection\VolumeSnapshotService.cpp(142,47): error C2838: 'OutOfMemory': ├╝ye bildiriminde ge├ğersiz tam ad [C:\ShadowStrike\ShadowStrike\ShadowStrike.vcxproj]
  ('/src/Shared_modules/RansomwareProtection/VolumeSnapshotService.cpp' kaynak dosyas─▒ derleniyor)
  
C:\ShadowStrike\ShadowStrike\src\Shared_modules\RansomwareProtection\VolumeSnapshotService.cpp(142,47): error C2065: 'OutOfMemory': bildirimi yap─▒lmam─▒┼ş tan─▒mlay─▒c─▒ [C:\ShadowStrike\ShadowStrike\ShadowStrike.vcxproj]
  ('/src/Shared_modules/RansomwareProtection/VolumeSnapshotService.cpp' kaynak dosyas─▒ derleniyor)
  
C:\ShadowStrike\ShadowStrike\src\Shared_modules\RansomwareProtection\VolumeSnapshotService.cpp(185,43): error C2039: 'WideToUtf8': bir 'ShadowStrike::Utils::StringUtils' ├╝yesi de─şil [C:\ShadowStrike\ShadowStrike\ShadowStrike.vcxproj]
  ('/src/Shared_modules/RansomwareProtection/VolumeSnapshotService.cpp' kaynak dosyas─▒ derleniyor)
      C:\ShadowStrike\ShadowStrike\src\Shared_modules\Utils\StringUtils.hpp(63,19):
      'ShadowStrike::Utils::StringUtils' bildirimine bak─▒n
  
C:\ShadowStrike\ShadowStrike\src\Shared_modules\RansomwareProtection\VolumeSnapshotService.cpp(185,43): error C3861: 'WideToUtf8': tan─▒mlay─▒c─▒ bulunamad─▒ [C:\ShadowStrike\ShadowStrike\ShadowStrike.vcxproj]
  ('/src/Shared_modules/RansomwareProtection/VolumeSnapshotService.cpp' kaynak dosyas─▒ derleniyor)
  
C:\ShadowStrike\ShadowStrike\src\Shared_modules\RansomwareProtection\VolumeSnapshotService.cpp(186,46): error C2039: 'WideToUtf8': bir 'ShadowStrike::Utils::StringUtils' ├╝yesi de─şil [C:\ShadowStrike\ShadowStrike\ShadowStrike.vcxproj]
  ('/src/Shared_modules/RansomwareProtection/VolumeSnapshotService.cpp' kaynak dosyas─▒ derleniyor)
      C:\ShadowStrike\ShadowStrike\src\Shared_modules\Utils\StringUtils.hpp(63,19):
      'ShadowStrike::Utils::StringUtils' bildirimine bak─▒n
  
C:\ShadowStrike\ShadowStrike\src\Shared_modules\RansomwareProtection\VolumeSnapshotService.cpp(186,46): error C3861: 'WideToUtf8': tan─▒mlay─▒c─▒ bulunamad─▒ [C:\ShadowStrike\ShadowStrike\ShadowStrike.vcxproj]
  ('/src/Shared_modules/RansomwareProtection/VolumeSnapshotService.cpp' kaynak dosyas─▒ derleniyor)
  
C:\ShadowStrike\ShadowStrike\src\Shared_modules\RansomwareProtection\VolumeSnapshotService.cpp(187,43): error C2039: 'WideToUtf8': bir 'ShadowStrike::Utils::StringUtils' ├╝yesi de─şil [C:\ShadowStrike\ShadowStrike\ShadowStrike.vcxproj]
  ('/src/Shared_modules/RansomwareProtection/VolumeSnapshotService.cpp' kaynak dosyas─▒ derleniyor)
      C:\ShadowStrike\ShadowStrike\src\Shared_modules\Utils\StringUtils.hpp(63,19):
      'ShadowStrike::Utils::StringUtils' bildirimine bak─▒n
  
C:\ShadowStrike\ShadowStrike\src\Shared_modules\RansomwareProtection\VolumeSnapshotService.cpp(187,43): error C3861: 'WideToUtf8': tan─▒mlay─▒c─▒ bulunamad─▒ [C:\ShadowStrike\ShadowStrike\ShadowStrike.vcxproj]
  ('/src/Shared_modules/RansomwareProtection/VolumeSnapshotService.cpp' kaynak dosyas─▒ derleniyor)
  
C:\ShadowStrike\ShadowStrike\src\Shared_modules\RansomwareProtection\VolumeSnapshotService.cpp(188,43): error C2039: 'WideToUtf8': bir 'ShadowStrike::Utils::StringUtils' ├╝yesi de─şil [C:\ShadowStrike\ShadowStrike\ShadowStrike.vcxproj]
  ('/src/Shared_modules/RansomwareProtection/VolumeSnapshotService.cpp' kaynak dosyas─▒ derleniyor)
      C:\ShadowStrike\ShadowStrike\src\Shared_modules\Utils\StringUtils.hpp(63,19):
      'ShadowStrike::Utils::StringUtils' bildirimine bak─▒n
  
C:\ShadowStrike\ShadowStrike\src\Shared_modules\RansomwareProtection\VolumeSnapshotService.cpp(188,43): error C3861: 'WideToUtf8': tan─▒mlay─▒c─▒ bulunamad─▒ [C:\ShadowStrike\ShadowStrike\ShadowStrike.vcxproj]
  ('/src/Shared_modules/RansomwareProtection/VolumeSnapshotService.cpp' kaynak dosyas─▒ derleniyor)
  
C:\ShadowStrike\ShadowStrike\src\Shared_modules\RansomwareProtection\FileBackupManager.cpp(702,70): error C2039: 'WideToUtf8': bir 'ShadowStrike::Utils::StringUtils' ├╝yesi de─şil [C:\ShadowStrike\ShadowStrike\ShadowStrike.vcxproj]
  ('/src/Shared_modules/RansomwareProtection/FileBackupManager.cpp' kaynak dosyas─▒ derleniyor)
      C:\ShadowStrike\ShadowStrike\src\Shared_modules\Utils\StringUtils.hpp(63,19):
      'ShadowStrike::Utils::StringUtils' bildirimine bak─▒n
  
C:\ShadowStrike\ShadowStrike\src\Shared_modules\RansomwareProtection\FileBackupManager.cpp(702,70): error C3861: 'WideToUtf8': tan─▒mlay─▒c─▒ bulunamad─▒ [C:\ShadowStrike\ShadowStrike\ShadowStrike.vcxproj]
  ('/src/Shared_modules/RansomwareProtection/FileBackupManager.cpp' kaynak dosyas─▒ derleniyor)
  
C:\ShadowStrike\ShadowStrike\src\Shared_modules\RansomwareProtection\FileBackupManager.cpp(702,24): error C2660: 'ShadowStrike::Utils::Logger::Info': i┼şlev 2 ba─ş─▒ms─▒z de─şi┼şken alm─▒yor [C:\ShadowStrike\ShadowStrike\ShadowStrike.vcxproj]
  ('/src/Shared_modules/RansomwareProtection/FileBackupManager.cpp' kaynak dosyas─▒ derleniyor)
      C:\ShadowStrike\ShadowStrike\src\Shared_modules\Utils\Logger.hpp(265,16):
      'ShadowStrike::Utils::Logger::Info' bildirimine bak─▒n
      C:\ShadowStrike\ShadowStrike\src\Shared_modules\Utils\Logger.hpp(282,16):
      'void ShadowStrike::Utils::Logger::Info(std::basic_format_string<char,type_identity<_Args>::type...>,Args ...)' olabilirdi
          C:\ShadowStrike\ShadowStrike\src\Shared_modules\RansomwareProtection\FileBackupManager.cpp(702,24):
          'void ShadowStrike::Utils::Logger::Info(std::basic_format_string<char,type_identity<_Args>::type...>,Args ...)' i┼şlev ┼şablonu ├Âzelle┼ştirilemedi
              C:\ShadowStrike\ShadowStrike\src\Shared_modules\RansomwareProtection\FileBackupManager.cpp(702,24):
              ┼Şu ┼şablon ba─ş─▒ms─▒z de─şi┼şkenleriyle:
                  C:\ShadowStrike\ShadowStrike\src\Shared_modules\RansomwareProtection\FileBackupManager.cpp(702,24):
                  'Args={<error type>}'
      C:\ShadowStrike\ShadowStrike\src\Shared_modules\RansomwareProtection\FileBackupManager.cpp(702,24):
      '(const char [18], <error type>)' ba─ş─▒ms─▒z de─şi┼şken listesi e┼şlenmeye ├ğal─▒┼ş─▒l─▒rken
  
C:\ShadowStrike\ShadowStrike\src\Shared_modules\RansomwareProtection\VolumeSnapshotService.cpp(193,22): error C2065: 'sizeBytes': bildirimi yap─▒lmam─▒┼ş tan─▒mlay─▒c─▒ [C:\ShadowStrike\ShadowStrike\ShadowStrike.vcxproj]
  ('/src/Shared_modules/RansomwareProtection/VolumeSnapshotService.cpp' kaynak dosyas─▒ derleniyor)
  
C:\ShadowStrike\ShadowStrike\src\Shared_modules\RansomwareProtection\VolumeSnapshotService.cpp(195,43): error C2039: 'WideToUtf8': bir 'ShadowStrike::Utils::StringUtils' ├╝yesi de─şil [C:\ShadowStrike\ShadowStrike\ShadowStrike.vcxproj]
  ('/src/Shared_modules/RansomwareProtection/VolumeSnapshotService.cpp' kaynak dosyas─▒ derleniyor)
      C:\ShadowStrike\ShadowStrike\src\Shared_modules\Utils\StringUtils.hpp(63,19):
      'ShadowStrike::Utils::StringUtils' bildirimine bak─▒n
  
C:\ShadowStrike\ShadowStrike\src\Shared_modules\RansomwareProtection\VolumeSnapshotService.cpp(195,43): error C3861: 'WideToUtf8': tan─▒mlay─▒c─▒ bulunamad─▒ [C:\ShadowStrike\ShadowStrike\ShadowStrike.vcxproj]
  ('/src/Shared_modules/RansomwareProtection/VolumeSnapshotService.cpp' kaynak dosyas─▒ derleniyor)
  
C:\ShadowStrike\ShadowStrike\src\Shared_modules\RansomwareProtection\VolumeSnapshotService.cpp(202,43): error C2039: 'WideToUtf8': bir 'ShadowStrike::Utils::StringUtils' ├╝yesi de─şil [C:\ShadowStrike\ShadowStrike\ShadowStrike.vcxproj]
  ('/src/Shared_modules/RansomwareProtection/VolumeSnapshotService.cpp' kaynak dosyas─▒ derleniyor)
      C:\ShadowStrike\ShadowStrike\src\Shared_modules\Utils\StringUtils.hpp(63,19):
      'ShadowStrike::Utils::StringUtils' bildirimine bak─▒n
  
C:\ShadowStrike\ShadowStrike\src\Shared_modules\RansomwareProtection\VolumeSnapshotService.cpp(202,43): error C3861: 'WideToUtf8': tan─▒mlay─▒c─▒ bulunamad─▒ [C:\ShadowStrike\ShadowStrike\ShadowStrike.vcxproj]
  ('/src/Shared_modules/RansomwareProtection/VolumeSnapshotService.cpp' kaynak dosyas─▒ derleniyor)
  
C:\ShadowStrike\ShadowStrike\src\Shared_modules\RansomwareProtection\VolumeSnapshotService.cpp(203,43): error C2039: 'WideToUtf8': bir 'ShadowStrike::Utils::StringUtils' ├╝yesi de─şil [C:\ShadowStrike\ShadowStrike\ShadowStrike.vcxproj]
  ('/src/Shared_modules/RansomwareProtection/VolumeSnapshotService.cpp' kaynak dosyas─▒ derleniyor)
      C:\ShadowStrike\ShadowStrike\src\Shared_modules\Utils\StringUtils.hpp(63,19):
      'ShadowStrike::Utils::StringUtils' bildirimine bak─▒n
  
C:\ShadowStrike\ShadowStrike\src\Shared_modules\RansomwareProtection\VolumeSnapshotService.cpp(203,43): error C3861: 'WideToUtf8': tan─▒mlay─▒c─▒ bulunamad─▒ [C:\ShadowStrike\ShadowStrike\ShadowStrike.vcxproj]
  ('/src/Shared_modules/RansomwareProtection/VolumeSnapshotService.cpp' kaynak dosyas─▒ derleniyor)
  
C:\ShadowStrike\ShadowStrike\src\Shared_modules\RansomwareProtection\VolumeSnapshotService.cpp(204,43): error C2039: 'WideToUtf8': bir 'ShadowStrike::Utils::StringUtils' ├╝yesi de─şil [C:\ShadowStrike\ShadowStrike\ShadowStrike.vcxproj]
  ('/src/Shared_modules/RansomwareProtection/VolumeSnapshotService.cpp' kaynak dosyas─▒ derleniyor)
      C:\ShadowStrike\ShadowStrike\src\Shared_modules\Utils\StringUtils.hpp(63,19):
      'ShadowStrike::Utils::StringUtils' bildirimine bak─▒n
  
C:\ShadowStrike\ShadowStrike\src\Shared_modules\RansomwareProtection\VolumeSnapshotService.cpp(204,43): error C3861: 'WideToUtf8': tan─▒mlay─▒c─▒ bulunamad─▒ [C:\ShadowStrike\ShadowStrike\ShadowStrike.vcxproj]
  ('/src/Shared_modules/RansomwareProtection/VolumeSnapshotService.cpp' kaynak dosyas─▒ derleniyor)
  
C:\ShadowStrike\ShadowStrike\src\Shared_modules\RansomwareProtection\VolumeSnapshotService.cpp(216,41): error C2039: 'WideToUtf8': bir 'ShadowStrike::Utils::StringUtils' ├╝yesi de─şil [C:\ShadowStrike\ShadowStrike\ShadowStrike.vcxproj]
  ('/src/Shared_modules/RansomwareProtection/VolumeSnapshotService.cpp' kaynak dosyas─▒ derleniyor)
      C:\ShadowStrike\ShadowStrike\src\Shared_modules\Utils\StringUtils.hpp(63,19):
      'ShadowStrike::Utils::StringUtils' bildirimine bak─▒n
  
C:\ShadowStrike\ShadowStrike\src\Shared_modules\RansomwareProtection\VolumeSnapshotService.cpp(216,41): error C3861: 'WideToUtf8': tan─▒mlay─▒c─▒ bulunamad─▒ [C:\ShadowStrike\ShadowStrike\ShadowStrike.vcxproj]
  ('/src/Shared_modules/RansomwareProtection/VolumeSnapshotService.cpp' kaynak dosyas─▒ derleniyor)
  
C:\ShadowStrike\ShadowStrike\src\Shared_modules\RansomwareProtection\VolumeSnapshotService.cpp(217,43): error C2039: 'WideToUtf8': bir 'ShadowStrike::Utils::StringUtils' ├╝yesi de─şil [C:\ShadowStrike\ShadowStrike\ShadowStrike.vcxproj]
  ('/src/Shared_modules/RansomwareProtection/VolumeSnapshotService.cpp' kaynak dosyas─▒ derleniyor)
      C:\ShadowStrike\ShadowStrike\src\Shared_modules\Utils\StringUtils.hpp(63,19):
      'ShadowStrike::Utils::StringUtils' bildirimine bak─▒n
  
C:\ShadowStrike\ShadowStrike\src\Shared_modules\RansomwareProtection\VolumeSnapshotService.cpp(217,43): error C3861: 'WideToUtf8': tan─▒mlay─▒c─▒ bulunamad─▒ [C:\ShadowStrike\ShadowStrike\ShadowStrike.vcxproj]
  ('/src/Shared_modules/RansomwareProtection/VolumeSnapshotService.cpp' kaynak dosyas─▒ derleniyor)
  
C:\ShadowStrike\ShadowStrike\src\Shared_modules\RansomwareProtection\VolumeSnapshotService.cpp(218,43): error C2039: 'WideToUtf8': bir 'ShadowStrike::Utils::StringUtils' ├╝yesi de─şil [C:\ShadowStrike\ShadowStrike\ShadowStrike.vcxproj]
  ('/src/Shared_modules/RansomwareProtection/VolumeSnapshotService.cpp' kaynak dosyas─▒ derleniyor)
      C:\ShadowStrike\ShadowStrike\src\Shared_modules\Utils\StringUtils.hpp(63,19):
      'ShadowStrike::Utils::StringUtils' bildirimine bak─▒n
  
C:\ShadowStrike\ShadowStrike\src\Shared_modules\RansomwareProtection\VolumeSnapshotService.cpp(218,43): error C3861: 'WideToUtf8': tan─▒mlay─▒c─▒ bulunamad─▒ [C:\ShadowStrike\ShadowStrike\ShadowStrike.vcxproj]
  ('/src/Shared_modules/RansomwareProtection/VolumeSnapshotService.cpp' kaynak dosyas─▒ derleniyor)
  
C:\ShadowStrike\ShadowStrike\src\Shared_modules\RansomwareProtection\VolumeSnapshotService.cpp(224,13): error C2653: 'SnapshotOperation': bir s─▒n─▒f veya ad alan─▒ ad─▒ de─şil [C:\ShadowStrike\ShadowStrike\ShadowStrike.vcxproj]
  ('/src/Shared_modules/RansomwareProtection/VolumeSnapshotService.cpp' kaynak dosyas─▒ derleniyor)
  
C:\ShadowStrike\ShadowStrike\src\Shared_modules\RansomwareProtection\VolumeSnapshotService.cpp(224,32): error C2270: 'ToJson': ├╝ye olmayan i┼şlevlerde de─şi┼ştiricilere izin verilmez [C:\ShadowStrike\ShadowStrike\ShadowStrike.vcxproj]
  ('/src/Shared_modules/RansomwareProtection/VolumeSnapshotService.cpp' kaynak dosyas─▒ derleniyor)
  
C:\ShadowStrike\ShadowStrike\src\Shared_modules\RealTime\ExploitPrevention.cpp(247,38): error C2039: 'ReadMemory': bir 'ShadowStrike::Utils::ProcessUtils' ├╝yesi de─şil [C:\ShadowStrike\ShadowStrike\ShadowStrike.vcxproj]
  ('/src/Shared_modules/RealTime/ExploitPrevention.cpp' kaynak dosyas─▒ derleniyor)
      C:\ShadowStrike\ShadowStrike\src\Shared_modules\Utils\ProcessUtils.hpp(51,19):
      'ShadowStrike::Utils::ProcessUtils' bildirimine bak─▒n
  
C:\ShadowStrike\ShadowStrike\src\Shared_modules\RealTime\ExploitPrevention.cpp(247,38): error C3861: 'ReadMemory': tan─▒mlay─▒c─▒ bulunamad─▒ [C:\ShadowStrike\ShadowStrike\ShadowStrike.vcxproj]
  ('/src/Shared_modules/RealTime/ExploitPrevention.cpp' kaynak dosyas─▒ derleniyor)
  
C:\ShadowStrike\ShadowStrike\src\Shared_modules\RansomwareProtection\VolumeSnapshotService.cpp(226,44): error C2039: 'WideToUtf8': bir 'ShadowStrike::Utils::StringUtils' ├╝yesi de─şil [C:\ShadowStrike\ShadowStrike\ShadowStrike.vcxproj]
  ('/src/Shared_modules/RansomwareProtection/VolumeSnapshotService.cpp' kaynak dosyas─▒ derleniyor)
      C:\ShadowStrike\ShadowStrike\src\Shared_modules\Utils\StringUtils.hpp(63,19):
      'ShadowStrike::Utils::StringUtils' bildirimine bak─▒n
  
C:\ShadowStrike\ShadowStrike\src\Shared_modules\RansomwareProtection\VolumeSnapshotService.cpp(226,55): error C2065: 'operationId': bildirimi yap─▒lmam─▒┼ş tan─▒mlay─▒c─▒ [C:\ShadowStrike\ShadowStrike\ShadowStrike.vcxproj]
  ('/src/Shared_modules/RansomwareProtection/VolumeSnapshotService.cpp' kaynak dosyas─▒ derleniyor)
  
C:\ShadowStrike\ShadowStrike\src\Shared_modules\RealTime\ExploitPrevention.cpp(259,39): error C2039: 'ReadMemory': bir 'ShadowStrike::Utils::ProcessUtils' ├╝yesi de─şil [C:\ShadowStrike\ShadowStrike\ShadowStrike.vcxproj]
  ('/src/Shared_modules/RealTime/ExploitPrevention.cpp' kaynak dosyas─▒ derleniyor)
      C:\ShadowStrike\ShadowStrike\src\Shared_modules\Utils\ProcessUtils.hpp(51,19):
      'ShadowStrike::Utils::ProcessUtils' bildirimine bak─▒n
  
C:\ShadowStrike\ShadowStrike\src\Shared_modules\RansomwareProtection\VolumeSnapshotService.cpp(226,44): error C3861: 'WideToUtf8': tan─▒mlay─▒c─▒ bulunamad─▒ [C:\ShadowStrike\ShadowStrike\ShadowStrike.vcxproj]
  ('/src/Shared_modules/RansomwareProtection/VolumeSnapshotService.cpp' kaynak dosyas─▒ derleniyor)
  
C:\ShadowStrike\ShadowStrike\src\Shared_modules\RealTime\ExploitPrevention.cpp(259,39): error C3861: 'ReadMemory': tan─▒mlay─▒c─▒ bulunamad─▒ [C:\ShadowStrike\ShadowStrike\ShadowStrike.vcxproj]
  ('/src/Shared_modules/RealTime/ExploitPrevention.cpp' kaynak dosyas─▒ derleniyor)
  
C:\ShadowStrike\ShadowStrike\src\Shared_modules\RealTime\ExploitPrevention.cpp(263,39): error C2039: 'ReadMemory': bir 'ShadowStrike::Utils::ProcessUtils' ├╝yesi de─şil [C:\ShadowStrike\ShadowStrike\ShadowStrike.vcxproj]
  ('/src/Shared_modules/RealTime/ExploitPrevention.cpp' kaynak dosyas─▒ derleniyor)
      C:\ShadowStrike\ShadowStrike\src\Shared_modules\Utils\ProcessUtils.hpp(51,19):
      'ShadowStrike::Utils::ProcessUtils' bildirimine bak─▒n
  
C:\ShadowStrike\ShadowStrike\src\Shared_modules\RealTime\ExploitPrevention.cpp(263,39): error C3861: 'ReadMemory': tan─▒mlay─▒c─▒ bulunamad─▒ [C:\ShadowStrike\ShadowStrike\ShadowStrike.vcxproj]
  ('/src/Shared_modules/RealTime/ExploitPrevention.cpp' kaynak dosyas─▒ derleniyor)
  
C:\ShadowStrike\ShadowStrike\src\Shared_modules\RansomwareProtection\VolumeSnapshotService.cpp(227,34): error C2065: 'type': bildirimi yap─▒lmam─▒┼ş tan─▒mlay─▒c─▒ [C:\ShadowStrike\ShadowStrike\ShadowStrike.vcxproj]
  ('/src/Shared_modules/RansomwareProtection/VolumeSnapshotService.cpp' kaynak dosyas─▒ derleniyor)
  
C:\ShadowStrike\ShadowStrike\src\Shared_modules\RealTime\ExploitPrevention.cpp(296,38): error C2039: 'ReadMemory': bir 'ShadowStrike::Utils::ProcessUtils' ├╝yesi de─şil [C:\ShadowStrike\ShadowStrike\ShadowStrike.vcxproj]
  ('/src/Shared_modules/RealTime/ExploitPrevention.cpp' kaynak dosyas─▒ derleniyor)
      C:\ShadowStrike\ShadowStrike\src\Shared_modules\Utils\ProcessUtils.hpp(51,19):
      'ShadowStrike::Utils::ProcessUtils' bildirimine bak─▒n
  
C:\ShadowStrike\ShadowStrike\src\Shared_modules\RansomwareProtection\VolumeSnapshotService.cpp(228,35): error C2065: 'state': bildirimi yap─▒lmam─▒┼ş tan─▒mlay─▒c─▒ [C:\ShadowStrike\ShadowStrike\ShadowStrike.vcxproj]
  ('/src/Shared_modules/RansomwareProtection/VolumeSnapshotService.cpp' kaynak dosyas─▒ derleniyor)
  
C:\ShadowStrike\ShadowStrike\src\Shared_modules\RealTime\ExploitPrevention.cpp(296,38): error C3861: 'ReadMemory': tan─▒mlay─▒c─▒ bulunamad─▒ [C:\ShadowStrike\ShadowStrike\ShadowStrike.vcxproj]
  ('/src/Shared_modules/RealTime/ExploitPrevention.cpp' kaynak dosyas─▒ derleniyor)
  
C:\ShadowStrike\ShadowStrike\src\Shared_modules\RansomwareProtection\VolumeSnapshotService.cpp(229,43): error C2039: 'WideToUtf8': bir 'ShadowStrike::Utils::StringUtils' ├╝yesi de─şil [C:\ShadowStrike\ShadowStrike\ShadowStrike.vcxproj]
  ('/src/Shared_modules/RansomwareProtection/VolumeSnapshotService.cpp' kaynak dosyas─▒ derleniyor)
      C:\ShadowStrike\ShadowStrike\src\Shared_modules\Utils\StringUtils.hpp(63,19):
      'ShadowStrike::Utils::StringUtils' bildirimine bak─▒n
  
C:\ShadowStrike\ShadowStrike\src\Shared_modules\RansomwareProtection\VolumeSnapshotService.cpp(229,54): error C2065: 'volumeName': bildirimi yap─▒lmam─▒┼ş tan─▒mlay─▒c─▒ [C:\ShadowStrike\ShadowStrike\ShadowStrike.vcxproj]
  ('/src/Shared_modules/RansomwareProtection/VolumeSnapshotService.cpp' kaynak dosyas─▒ derleniyor)
  
C:\ShadowStrike\ShadowStrike\src\Shared_modules\RansomwareProtection\VolumeSnapshotService.cpp(229,43): error C3861: 'WideToUtf8': tan─▒mlay─▒c─▒ bulunamad─▒ [C:\ShadowStrike\ShadowStrike\ShadowStrike.vcxproj]
  ('/src/Shared_modules/RansomwareProtection/VolumeSnapshotService.cpp' kaynak dosyas─▒ derleniyor)
  
C:\ShadowStrike\ShadowStrike\src\Shared_modules\RansomwareProtection\VolumeSnapshotService.cpp(230,43): error C2039: 'WideToUtf8': bir 'ShadowStrike::Utils::StringUtils' ├╝yesi de─şil [C:\ShadowStrike\ShadowStrike\ShadowStrike.vcxproj]
  ('/src/Shared_modules/RansomwareProtection/VolumeSnapshotService.cpp' kaynak dosyas─▒ derleniyor)
      C:\ShadowStrike\ShadowStrike\src\Shared_modules\Utils\StringUtils.hpp(63,19):
      'ShadowStrike::Utils::StringUtils' bildirimine bak─▒n
  
C:\ShadowStrike\ShadowStrike\src\Shared_modules\RansomwareProtection\VolumeSnapshotService.cpp(230,54): error C2065: 'snapshotId': bildirimi yap─▒lmam─▒┼ş tan─▒mlay─▒c─▒ [C:\ShadowStrike\ShadowStrike\ShadowStrike.vcxproj]
  ('/src/Shared_modules/RansomwareProtection/VolumeSnapshotService.cpp' kaynak dosyas─▒ derleniyor)
  
C:\ShadowStrike\ShadowStrike\src\Shared_modules\RansomwareProtection\VolumeSnapshotService.cpp(230,43): error C3861: 'WideToUtf8': tan─▒mlay─▒c─▒ bulunamad─▒ [C:\ShadowStrike\ShadowStrike\ShadowStrike.vcxproj]
  ('/src/Shared_modules/RansomwareProtection/VolumeSnapshotService.cpp' kaynak dosyas─▒ derleniyor)
  
C:\ShadowStrike\ShadowStrike\src\Shared_modules\RealTime\ExploitPrevention.cpp(371,19): error C2027: tan─▒ms─▒z 'ShadowStrike::Utils::ThreadPool' t├╝r├╝ kullan─▒ld─▒ [C:\ShadowStrike\ShadowStrike\ShadowStrike.vcxproj]
  ('/src/Shared_modules/RealTime/ExploitPrevention.cpp' kaynak dosyas─▒ derleniyor)
      C:\ShadowStrike\ShadowStrike\src\Shared_modules\RealTime\ExploitPrevention.hpp(223,15):
      'ShadowStrike::Utils::ThreadPool' bildirimine bak─▒n
  
C:\ShadowStrike\ShadowStrike\src\Shared_modules\RealTime\ExploitPrevention.cpp(371,35): error C2039: 'Enqueue': bir 'std::shared_ptr<ShadowStrike::Utils::ThreadPool>' ├╝yesi de─şil [C:\ShadowStrike\ShadowStrike\ShadowStrike.vcxproj]
  ('/src/Shared_modules/RealTime/ExploitPrevention.cpp' kaynak dosyas─▒ derleniyor)
      C:\Program Files\Microsoft Visual Studio\2022\Community\VC\Tools\MSVC\14.44.35207\include\memory(1565,7):
      'std::shared_ptr<ShadowStrike::Utils::ThreadPool>' bildirimine bak─▒n
  
C:\ShadowStrike\ShadowStrike\src\Shared_modules\RansomwareProtection\VolumeSnapshotService.cpp(231,28): error C2065: 'progressPercent': bildirimi yap─▒lmam─▒┼ş tan─▒mlay─▒c─▒ [C:\ShadowStrike\ShadowStrike\ShadowStrike.vcxproj]
  ('/src/Shared_modules/RansomwareProtection/VolumeSnapshotService.cpp' kaynak dosyas─▒ derleniyor)
  
C:\ShadowStrike\ShadowStrike\src\Shared_modules\RealTime\ExploitPrevention.cpp(413,33): error C2039: 'WideToUtf8': bir 'ShadowStrike::Utils::StringUtils' ├╝yesi de─şil [C:\ShadowStrike\ShadowStrike\ShadowStrike.vcxproj]
  ('/src/Shared_modules/RealTime/ExploitPrevention.cpp' kaynak dosyas─▒ derleniyor)
      C:\ShadowStrike\ShadowStrike\src\Shared_modules\Utils\StringUtils.hpp(63,19):
      'ShadowStrike::Utils::StringUtils' bildirimine bak─▒n
  
C:\ShadowStrike\ShadowStrike\src\Shared_modules\RansomwareProtection\VolumeSnapshotService.cpp(233,9): error C2065: 'startTime': bildirimi yap─▒lmam─▒┼ş tan─▒mlay─▒c─▒ [C:\ShadowStrike\ShadowStrike\ShadowStrike.vcxproj]
  ('/src/Shared_modules/RansomwareProtection/VolumeSnapshotService.cpp' kaynak dosyas─▒ derleniyor)
  
C:\ShadowStrike\ShadowStrike\src\Shared_modules\RansomwareProtection\VolumeSnapshotService.cpp(232,35): error C2672: 'std::chrono::duration_cast': e┼şle┼şen a┼ş─▒r─▒ y├╝klenmi┼ş i┼şlev bulunamad─▒ [C:\ShadowStrike\ShadowStrike\ShadowStrike.vcxproj]
  ('/src/Shared_modules/RansomwareProtection/VolumeSnapshotService.cpp' kaynak dosyas─▒ derleniyor)
      C:\Program Files\Microsoft Visual Studio\2022\Community\VC\Tools\MSVC\14.44.35207\include\__msvc_chrono.hpp(87,19):
      '_To std::chrono::duration_cast(const std::chrono::duration<_Rep,_Period> &) noexcept(<expr>)' olabilirdi
  
C:\ShadowStrike\ShadowStrike\src\Shared_modules\RealTime\ExploitPrevention.cpp(413,33): error C3861: 'WideToUtf8': tan─▒mlay─▒c─▒ bulunamad─▒ [C:\ShadowStrike\ShadowStrike\ShadowStrike.vcxproj]
  ('/src/Shared_modules/RealTime/ExploitPrevention.cpp' kaynak dosyas─▒ derleniyor)
  
C:\ShadowStrike\ShadowStrike\src\Shared_modules\RealTime\ExploitPrevention.cpp(412,17): error C2660: 'ShadowStrike::Utils::Logger::Info': i┼şlev 3 ba─ş─▒ms─▒z de─şi┼şken alm─▒yor [C:\ShadowStrike\ShadowStrike\ShadowStrike.vcxproj]
  ('/src/Shared_modules/RealTime/ExploitPrevention.cpp' kaynak dosyas─▒ derleniyor)
      C:\ShadowStrike\ShadowStrike\src\Shared_modules\Utils\Logger.hpp(265,16):
      'ShadowStrike::Utils::Logger::Info' bildirimine bak─▒n
      C:\ShadowStrike\ShadowStrike\src\Shared_modules\Utils\Logger.hpp(282,16):
      'void ShadowStrike::Utils::Logger::Info(std::basic_format_string<char,type_identity<_Args>::type...>,Args ...)' olabilirdi
          C:\ShadowStrike\ShadowStrike\src\Shared_modules\RealTime\ExploitPrevention.cpp(412,17):
          'void ShadowStrike::Utils::Logger::Info(std::basic_format_string<char,type_identity<_Args>::type...>,Args ...)' i┼şlev ┼şablonu ├Âzelle┼ştirilemedi
              C:\ShadowStrike\ShadowStrike\src\Shared_modules\RealTime\ExploitPrevention.cpp(412,17):
              ┼Şu ┼şablon ba─ş─▒ms─▒z de─şi┼şkenleriyle:
                  C:\ShadowStrike\ShadowStrike\src\Shared_modules\RealTime\ExploitPrevention.cpp(412,17):
                  'Args={<error type>, uint32_t &}'
      C:\ShadowStrike\ShadowStrike\src\Shared_modules\RealTime\ExploitPrevention.cpp(412,17):
      '(const char [42], <error type>, uint32_t)' ba─ş─▒ms─▒z de─şi┼şken listesi e┼şlenmeye ├ğal─▒┼ş─▒l─▒rken
  
C:\ShadowStrike\ShadowStrike\src\Shared_modules\RansomwareProtection\VolumeSnapshotService.cpp(235,9): error C2065: 'endTime': bildirimi yap─▒lmam─▒┼ş tan─▒mlay─▒c─▒ [C:\ShadowStrike\ShadowStrike\ShadowStrike.vcxproj]
  ('/src/Shared_modules/RansomwareProtection/VolumeSnapshotService.cpp' kaynak dosyas─▒ derleniyor)
  
C:\ShadowStrike\ShadowStrike\src\Shared_modules\RansomwareProtection\VolumeSnapshotService.cpp(234,33): error C2672: 'std::chrono::duration_cast': e┼şle┼şen a┼ş─▒r─▒ y├╝klenmi┼ş i┼şlev bulunamad─▒ [C:\ShadowStrike\ShadowStrike\ShadowStrike.vcxproj]
  ('/src/Shared_modules/RansomwareProtection/VolumeSnapshotService.cpp' kaynak dosyas─▒ derleniyor)
      C:\Program Files\Microsoft Visual Studio\2022\Community\VC\Tools\MSVC\14.44.35207\include\__msvc_chrono.hpp(87,19):
      '_To std::chrono::duration_cast(const std::chrono::duration<_Rep,_Period> &) noexcept(<expr>)' olabilirdi
  
C:\ShadowStrike\ShadowStrike\src\Shared_modules\RansomwareProtection\VolumeSnapshotService.cpp(236,25): error C2065: 'errorMessage': bildirimi yap─▒lmam─▒┼ş tan─▒mlay─▒c─▒ [C:\ShadowStrike\ShadowStrike\ShadowStrike.vcxproj]
  ('/src/Shared_modules/RansomwareProtection/VolumeSnapshotService.cpp' kaynak dosyas─▒ derleniyor)
  
C:\ShadowStrike\ShadowStrike\src\Shared_modules\RansomwareProtection\VolumeSnapshotService.cpp(240,6): error C2653: 'VolumeSnapshotConfiguration': bir s─▒n─▒f veya ad alan─▒ ad─▒ de─şil [C:\ShadowStrike\ShadowStrike\ShadowStrike.vcxproj]
  ('/src/Shared_modules/RansomwareProtection/VolumeSnapshotService.cpp' kaynak dosyas─▒ derleniyor)
  
C:\ShadowStrike\ShadowStrike\src\Shared_modules\RansomwareProtection\VolumeSnapshotService.cpp(240,35): error C2270: 'IsValid': ├╝ye olmayan i┼şlevlerde de─şi┼ştiricilere izin verilmez [C:\ShadowStrike\ShadowStrike\ShadowStrike.vcxproj]
  ('/src/Shared_modules/RansomwareProtection/VolumeSnapshotService.cpp' kaynak dosyas─▒ derleniyor)
  
C:\ShadowStrike\ShadowStrike\src\Shared_modules\RansomwareProtection\VolumeSnapshotService.cpp(241,9): error C2065: 'maxSnapshotsPerVolume': bildirimi yap─▒lmam─▒┼ş tan─▒mlay─▒c─▒ [C:\ShadowStrike\ShadowStrike\ShadowStrike.vcxproj]
  ('/src/Shared_modules/RansomwareProtection/VolumeSnapshotService.cpp' kaynak dosyas─▒ derleniyor)
  
C:\ShadowStrike\ShadowStrike\src\Shared_modules\RansomwareProtection\VolumeSnapshotService.cpp(241,39): error C2065: 'maxSnapshotsPerVolume': bildirimi yap─▒lmam─▒┼ş tan─▒mlay─▒c─▒ [C:\ShadowStrike\ShadowStrike\ShadowStrike.vcxproj]
  ('/src/Shared_modules/RansomwareProtection/VolumeSnapshotService.cpp' kaynak dosyas─▒ derleniyor)
  
C:\ShadowStrike\ShadowStrike\src\Shared_modules\RansomwareProtection\VolumeSnapshotService.cpp(245,9): error C2065: 'defaultStorageLimitPercent': bildirimi yap─▒lmam─▒┼ş tan─▒mlay─▒c─▒ [C:\ShadowStrike\ShadowStrike\ShadowStrike.vcxproj]
  ('/src/Shared_modules/RansomwareProtection/VolumeSnapshotService.cpp' kaynak dosyas─▒ derleniyor)
  
C:\ShadowStrike\ShadowStrike\src\Shared_modules\RansomwareProtection\VolumeSnapshotService.cpp(245,44): error C2065: 'defaultStorageLimitPercent': bildirimi yap─▒lmam─▒┼ş tan─▒mlay─▒c─▒ [C:\ShadowStrike\ShadowStrike\ShadowStrike.vcxproj]
  ('/src/Shared_modules/RansomwareProtection/VolumeSnapshotService.cpp' kaynak dosyas─▒ derleniyor)
  
C:\ShadowStrike\ShadowStrike\src\Shared_modules\RansomwareProtection\VolumeSnapshotService.cpp(249,9): error C2065: 'monitoringIntervalSeconds': bildirimi yap─▒lmam─▒┼ş tan─▒mlay─▒c─▒ [C:\ShadowStrike\ShadowStrike\ShadowStrike.vcxproj]
  ('/src/Shared_modules/RansomwareProtection/VolumeSnapshotService.cpp' kaynak dosyas─▒ derleniyor)
  
C:\ShadowStrike\ShadowStrike\src\Shared_modules\RansomwareProtection\VolumeSnapshotService.cpp(249,43): error C2065: 'monitoringIntervalSeconds': bildirimi yap─▒lmam─▒┼ş tan─▒mlay─▒c─▒ [C:\ShadowStrike\ShadowStrike\ShadowStrike.vcxproj]
  ('/src/Shared_modules/RansomwareProtection/VolumeSnapshotService.cpp' kaynak dosyas─▒ derleniyor)
  
C:\ShadowStrike\ShadowStrike\src\Shared_modules\RansomwareProtection\VolumeSnapshotService.cpp(256,6): error C2653: 'VolumeSnapshotStatistics': bir s─▒n─▒f veya ad alan─▒ ad─▒ de─şil [C:\ShadowStrike\ShadowStrike\ShadowStrike.vcxproj]
  ('/src/Shared_modules/RansomwareProtection/VolumeSnapshotService.cpp' kaynak dosyas─▒ derleniyor)
  
C:\ShadowStrike\ShadowStrike\src\Shared_modules\RansomwareProtection\VolumeSnapshotService.cpp(257,5): error C2065: 'snapshotsCreated': bildirimi yap─▒lmam─▒┼ş tan─▒mlay─▒c─▒ [C:\ShadowStrike\ShadowStrike\ShadowStrike.vcxproj]
  ('/src/Shared_modules/RansomwareProtection/VolumeSnapshotService.cpp' kaynak dosyas─▒ derleniyor)
  
C:\ShadowStrike\ShadowStrike\src\Shared_modules\RansomwareProtection\VolumeSnapshotService.cpp(258,5): error C2065: 'snapshotsDeleted': bildirimi yap─▒lmam─▒┼ş tan─▒mlay─▒c─▒ [C:\ShadowStrike\ShadowStrike\ShadowStrike.vcxproj]
  ('/src/Shared_modules/RansomwareProtection/VolumeSnapshotService.cpp' kaynak dosyas─▒ derleniyor)
  
C:\ShadowStrike\ShadowStrike\src\Shared_modules\RansomwareProtection\VolumeSnapshotService.cpp(259,5): error C2065: 'snapshotsMounted': bildirimi yap─▒lmam─▒┼ş tan─▒mlay─▒c─▒ [C:\ShadowStrike\ShadowStrike\ShadowStrike.vcxproj]
  ('/src/Shared_modules/RansomwareProtection/VolumeSnapshotService.cpp' kaynak dosyas─▒ derleniyor)
  
C:\ShadowStrike\ShadowStrike\src\Shared_modules\RansomwareProtection\VolumeSnapshotService.cpp(260,5): error C2065: 'filesRestored': bildirimi yap─▒lmam─▒┼ş tan─▒mlay─▒c─▒ [C:\ShadowStrike\ShadowStrike\ShadowStrike.vcxproj]
  ('/src/Shared_modules/RansomwareProtection/VolumeSnapshotService.cpp' kaynak dosyas─▒ derleniyor)
  
C:\ShadowStrike\ShadowStrike\src\Shared_modules\RansomwareProtection\VolumeSnapshotService.cpp(261,5): error C2065: 'directoriesRestored': bildirimi yap─▒lmam─▒┼ş tan─▒mlay─▒c─▒ [C:\ShadowStrike\ShadowStrike\ShadowStrike.vcxproj]
  ('/src/Shared_modules/RansomwareProtection/VolumeSnapshotService.cpp' kaynak dosyas─▒ derleniyor)
  
C:\ShadowStrike\ShadowStrike\src\Shared_modules\RansomwareProtection\VolumeSnapshotService.cpp(262,5): error C2065: 'operationsFailed': bildirimi yap─▒lmam─▒┼ş tan─▒mlay─▒c─▒ [C:\ShadowStrike\ShadowStrike\ShadowStrike.vcxproj]
  ('/src/Shared_modules/RansomwareProtection/VolumeSnapshotService.cpp' kaynak dosyas─▒ derleniyor)
  
C:\ShadowStrike\ShadowStrike\src\Shared_modules\RansomwareProtection\VolumeSnapshotService.cpp(263,5): error C2065: 'totalCreationTimeMs': bildirimi yap─▒lmam─▒┼ş tan─▒mlay─▒c─▒ [C:\ShadowStrike\ShadowStrike\ShadowStrike.vcxproj]
  ('/src/Shared_modules/RansomwareProtection/VolumeSnapshotService.cpp' kaynak dosyas─▒ derleniyor)
  
C:\ShadowStrike\ShadowStrike\src\Shared_modules\RansomwareProtection\VolumeSnapshotService.cpp(264,5): error C2065: 'totalDeletionTimeMs': bildirimi yap─▒lmam─▒┼ş tan─▒mlay─▒c─▒ [C:\ShadowStrike\ShadowStrike\ShadowStrike.vcxproj]
  ('/src/Shared_modules/RansomwareProtection/VolumeSnapshotService.cpp' kaynak dosyas─▒ derleniyor)
  
C:\ShadowStrike\ShadowStrike\src\Shared_modules\RansomwareProtection\VolumeSnapshotService.cpp(265,5): error C2065: 'totalRestorationTimeMs': bildirimi yap─▒lmam─▒┼ş tan─▒mlay─▒c─▒ [C:\ShadowStrike\ShadowStrike\ShadowStrike.vcxproj]
  ('/src/Shared_modules/RansomwareProtection/VolumeSnapshotService.cpp' kaynak dosyas─▒ derleniyor)
  
C:\ShadowStrike\ShadowStrike\src\Shared_modules\RansomwareProtection\VolumeSnapshotService.cpp(267,24): error C2065: 'byType': bildirimi yap─▒lmam─▒┼ş tan─▒mlay─▒c─▒ [C:\ShadowStrike\ShadowStrike\ShadowStrike.vcxproj]
  ('/src/Shared_modules/RansomwareProtection/VolumeSnapshotService.cpp' kaynak dosyas─▒ derleniyor)
  
C:\ShadowStrike\ShadowStrike\src\Shared_modules\RansomwareProtection\VolumeSnapshotService.cpp(267,16): error C2530: 'count': ba┼şvurular─▒n ba┼şlat─▒lmas─▒ gerekir [C:\ShadowStrike\ShadowStrike\ShadowStrike.vcxproj]
  ('/src/Shared_modules/RansomwareProtection/VolumeSnapshotService.cpp' kaynak dosyas─▒ derleniyor)
  
C:\ShadowStrike\ShadowStrike\src\Shared_modules\RansomwareProtection\VolumeSnapshotService.cpp(267,16): error C3531: 'count': t├╝r├╝ 'auto' i├ğeren bir simgenin bir ba┼şlat─▒c─▒s─▒ olmal─▒d─▒r [C:\ShadowStrike\ShadowStrike\ShadowStrike.vcxproj]
  ('/src/Shared_modules/RansomwareProtection/VolumeSnapshotService.cpp' kaynak dosyas─▒ derleniyor)
  
C:\ShadowStrike\ShadowStrike\src\Shared_modules\RansomwareProtection\VolumeSnapshotService.cpp(267,22): error C2143: s├Âzdizimi hatas─▒: ';' eksik (':' ├Âncesinde) [C:\ShadowStrike\ShadowStrike\ShadowStrike.vcxproj]
  ('/src/Shared_modules/RansomwareProtection/VolumeSnapshotService.cpp' kaynak dosyas─▒ derleniyor)
  
C:\ShadowStrike\ShadowStrike\src\Shared_modules\RansomwareProtection\VolumeSnapshotService.cpp(267,22): error C1003: hata say─▒s─▒ 100 taneyi a┼şt─▒; derleme durduruluyor [C:\ShadowStrike\ShadowStrike\ShadowStrike.vcxproj]
  ('/src/Shared_modules/RansomwareProtection/VolumeSnapshotService.cpp' kaynak dosyas─▒ derleniyor)
  
C:\ShadowStrike\ShadowStrike\src\Shared_modules\RealTime\FileIntegrityMonitor.cpp(86,65): error C2039: 'WideToUtf8': bir 'ShadowStrike::Utils::StringUtils' ├╝yesi de─şil [C:\ShadowStrike\ShadowStrike\ShadowStrike.vcxproj]
  ('/src/Shared_modules/RealTime/FileIntegrityMonitor.cpp' kaynak dosyas─▒ derleniyor)
      C:\ShadowStrike\ShadowStrike\src\Shared_modules\Utils\StringUtils.hpp(63,19):
      'ShadowStrike::Utils::StringUtils' bildirimine bak─▒n
  
C:\ShadowStrike\ShadowStrike\src\Shared_modules\RealTime\FileIntegrityMonitor.cpp(86,65): error C3861: 'WideToUtf8': tan─▒mlay─▒c─▒ bulunamad─▒ [C:\ShadowStrike\ShadowStrike\ShadowStrike.vcxproj]
  ('/src/Shared_modules/RealTime/FileIntegrityMonitor.cpp' kaynak dosyas─▒ derleniyor)
  
C:\ShadowStrike\ShadowStrike\src\Shared_modules\RealTime\FileIntegrityMonitor.cpp(95,13): error C2475: 'ShadowStrike::RealTime::FileChangeTypeToString': yeniden tan─▒mlama; 'constexpr' tan─▒mlay─▒c─▒s─▒ e┼şle┼şmiyor [C:\ShadowStrike\ShadowStrike\ShadowStrike.vcxproj]
  ('/src/Shared_modules/RealTime/FileIntegrityMonitor.cpp' kaynak dosyas─▒ derleniyor)
      C:\ShadowStrike\ShadowStrike\src\Shared_modules\RealTime\FileIntegrityMonitor.hpp(526,37):
      'ShadowStrike::RealTime::FileChangeTypeToString' bildirimine bak─▒n
  
C:\ShadowStrike\ShadowStrike\src\Shared_modules\RealTime\FileIntegrityMonitor.cpp(95,13): error C3615: 'ShadowStrike::RealTime::FileChangeTypeToString' constexpr i┼şlevi sabit bir ifade ile sonu├ğlanamaz [C:\ShadowStrike\ShadowStrike\ShadowStrike.vcxproj]
  ('/src/Shared_modules/RealTime/FileIntegrityMonitor.cpp' kaynak dosyas─▒ derleniyor)
      C:\ShadowStrike\ShadowStrike\src\Shared_modules\RealTime\FileIntegrityMonitor.cpp(95,13):
      hata, denetimin bir constexpr i┼şlevinin sonuna ula┼şmas─▒ nedeniyle olu┼ştu
  
C:\ShadowStrike\ShadowStrike\src\Shared_modules\RealTime\FileIntegrityMonitor.cpp(107,13): error C2475: 'ShadowStrike::RealTime::FileCategoryToString': yeniden tan─▒mlama; 'constexpr' tan─▒mlay─▒c─▒s─▒ e┼şle┼şmiyor [C:\ShadowStrike\ShadowStrike\ShadowStrike.vcxproj]
  ('/src/Shared_modules/RealTime/FileIntegrityMonitor.cpp' kaynak dosyas─▒ derleniyor)
      C:\ShadowStrike\ShadowStrike\src\Shared_modules\RealTime\FileIntegrityMonitor.hpp(531,37):
      'ShadowStrike::RealTime::FileCategoryToString' bildirimine bak─▒n
  
C:\ShadowStrike\ShadowStrike\src\Shared_modules\RealTime\FileIntegrityMonitor.cpp(107,13): error C3615: 'ShadowStrike::RealTime::FileCategoryToString' constexpr i┼şlevi sabit bir ifade ile sonu├ğlanamaz [C:\ShadowStrike\ShadowStrike\ShadowStrike.vcxproj]
  ('/src/Shared_modules/RealTime/FileIntegrityMonitor.cpp' kaynak dosyas─▒ derleniyor)
      C:\ShadowStrike\ShadowStrike\src\Shared_modules\RealTime\FileIntegrityMonitor.cpp(107,13):
      hata, denetimin bir constexpr i┼şlevinin sonuna ula┼şmas─▒ nedeniyle olu┼ştu
  
C:\ShadowStrike\ShadowStrike\src\Shared_modules\RealTime\FileIntegrityMonitor.cpp(117,13): error C2475: 'ShadowStrike::RealTime::FileChangeToMitre': yeniden tan─▒mlama; 'constexpr' tan─▒mlay─▒c─▒s─▒ e┼şle┼şmiyor [C:\ShadowStrike\ShadowStrike\ShadowStrike.vcxproj]
  ('/src/Shared_modules/RealTime/FileIntegrityMonitor.cpp' kaynak dosyas─▒ derleniyor)
      C:\ShadowStrike\ShadowStrike\src\Shared_modules\RealTime\FileIntegrityMonitor.hpp(536,37):
      'ShadowStrike::RealTime::FileChangeToMitre' bildirimine bak─▒n
  
C:\ShadowStrike\ShadowStrike\src\Shared_modules\RealTime\FileIntegrityMonitor.cpp(117,13): error C3615: 'ShadowStrike::RealTime::FileChangeToMitre' constexpr i┼şlevi sabit bir ifade ile sonu├ğlanamaz [C:\ShadowStrike\ShadowStrike\ShadowStrike.vcxproj]
  ('/src/Shared_modules/RealTime/FileIntegrityMonitor.cpp' kaynak dosyas─▒ derleniyor)
      C:\ShadowStrike\ShadowStrike\src\Shared_modules\RealTime\FileIntegrityMonitor.cpp(117,13):
      hata, denetimin bir constexpr i┼şlevinin sonuna ula┼şmas─▒ nedeniyle olu┼ştu
  
C:\ShadowStrike\ShadowStrike\src\Shared_modules\RealTime\FileIntegrityMonitor.cpp(154,16): error C2039: 'WhiteListStore': bir 'ShadowStrike::Whitelist' ├╝yesi de─şil [C:\ShadowStrike\ShadowStrike\ShadowStrike.vcxproj]
  ('/src/Shared_modules/RealTime/FileIntegrityMonitor.cpp' kaynak dosyas─▒ derleniyor)
      C:\ShadowStrike\ShadowStrike\src\Shared_modules\Whitelist\WhiteListStore.hpp(96,11):
      'ShadowStrike::Whitelist' bildirimine bak─▒n
  
C:\ShadowStrike\ShadowStrike\src\Shared_modules\RealTime\FileIntegrityMonitor.cpp(154,30): error C2143: s├Âzdizimi hatas─▒: ';' eksik ('*' ├Âncesinde) [C:\ShadowStrike\ShadowStrike\ShadowStrike.vcxproj]
  ('/src/Shared_modules/RealTime/FileIntegrityMonitor.cpp' kaynak dosyas─▒ derleniyor)
  
C:\ShadowStrike\ShadowStrike\src\Shared_modules\RealTime\FileIntegrityMonitor.cpp(154,16): error C4430: t├╝r belirticisi eksik - int varsay─▒ld─▒. Not: C++ varsay─▒lan int deste─şi i├ğermez [C:\ShadowStrike\ShadowStrike\ShadowStrike.vcxproj]
  ('/src/Shared_modules/RealTime/FileIntegrityMonitor.cpp' kaynak dosyas─▒ derleniyor)
  
C:\ShadowStrike\ShadowStrike\src\Shared_modules\RealTime\FileIntegrityMonitor.cpp(154,51): error C2238: ';' ├Âncesinde beklenmeyen belirte├ğler [C:\ShadowStrike\ShadowStrike\ShadowStrike.vcxproj]
  ('/src/Shared_modules/RealTime/FileIntegrityMonitor.cpp' kaynak dosyas─▒ derleniyor)
  
C:\ShadowStrike\ShadowStrike\src\Shared_modules\RansomwareProtection\FileBackupManager.cpp(957,45): error C2039: 'WideToUtf8': bir 'ShadowStrike::Utils::StringUtils' ├╝yesi de─şil [C:\ShadowStrike\ShadowStrike\ShadowStrike.vcxproj]
  ('/src/Shared_modules/RansomwareProtection/FileBackupManager.cpp' kaynak dosyas─▒ derleniyor)
      C:\ShadowStrike\ShadowStrike\src\Shared_modules\Utils\StringUtils.hpp(63,19):
      'ShadowStrike::Utils::StringUtils' bildirimine bak─▒n
  
C:\ShadowStrike\ShadowStrike\src\Shared_modules\RansomwareProtection\FileBackupManager.cpp(957,45): error C3861: 'WideToUtf8': tan─▒mlay─▒c─▒ bulunamad─▒ [C:\ShadowStrike\ShadowStrike\ShadowStrike.vcxproj]
  ('/src/Shared_modules/RansomwareProtection/FileBackupManager.cpp' kaynak dosyas─▒ derleniyor)
  
C:\ShadowStrike\ShadowStrike\src\Shared_modules\RansomwareProtection\FileBackupManager.cpp(958,43): error C2039: 'WideToUtf8': bir 'ShadowStrike::Utils::StringUtils' ├╝yesi de─şil [C:\ShadowStrike\ShadowStrike\ShadowStrike.vcxproj]
  ('/src/Shared_modules/RansomwareProtection/FileBackupManager.cpp' kaynak dosyas─▒ derleniyor)
      C:\ShadowStrike\ShadowStrike\src\Shared_modules\Utils\StringUtils.hpp(63,19):
      'ShadowStrike::Utils::StringUtils' bildirimine bak─▒n
  
C:\ShadowStrike\ShadowStrike\src\Shared_modules\RansomwareProtection\FileBackupManager.cpp(958,43): error C3861: 'WideToUtf8': tan─▒mlay─▒c─▒ bulunamad─▒ [C:\ShadowStrike\ShadowStrike\ShadowStrike.vcxproj]
  ('/src/Shared_modules/RansomwareProtection/FileBackupManager.cpp' kaynak dosyas─▒ derleniyor)
  
C:\ShadowStrike\ShadowStrike\src\Shared_modules\RealTime\ExploitPrevention.cpp(558,45): error C2039: 'GetProcessModules': bir 'ShadowStrike::Utils::ProcessUtils' ├╝yesi de─şil [C:\ShadowStrike\ShadowStrike\ShadowStrike.vcxproj]
  ('/src/Shared_modules/RealTime/ExploitPrevention.cpp' kaynak dosyas─▒ derleniyor)
      C:\ShadowStrike\ShadowStrike\src\Shared_modules\Utils\ProcessUtils.hpp(51,19):
      'ShadowStrike::Utils::ProcessUtils' bildirimine bak─▒n
  
C:\ShadowStrike\ShadowStrike\src\Shared_modules\RealTime\ExploitPrevention.cpp(558,45): error C3861: 'GetProcessModules': tan─▒mlay─▒c─▒ bulunamad─▒ [C:\ShadowStrike\ShadowStrike\ShadowStrike.vcxproj]
  ('/src/Shared_modules/RealTime/ExploitPrevention.cpp' kaynak dosyas─▒ derleniyor)
  
C:\ShadowStrike\ShadowStrike\src\Shared_modules\RealTime\ExploitPrevention.cpp(560,36): error C3312: ├ğa─şr─▒labilir hi├ğbir 'begin' i┼şlevi bulunamad─▒ ('<error type>' t├╝r├╝ i├ğin) [C:\ShadowStrike\ShadowStrike\ShadowStrike.vcxproj]
  ('/src/Shared_modules/RealTime/ExploitPrevention.cpp' kaynak dosyas─▒ derleniyor)
  
C:\ShadowStrike\ShadowStrike\src\Shared_modules\RealTime\ExploitPrevention.cpp(560,36): error C3312: ├ğa─şr─▒labilir hi├ğbir 'end' i┼şlevi bulunamad─▒ ('<error type>' t├╝r├╝ i├ğin) [C:\ShadowStrike\ShadowStrike\ShadowStrike.vcxproj]
  ('/src/Shared_modules/RealTime/ExploitPrevention.cpp' kaynak dosyas─▒ derleniyor)
  
C:\ShadowStrike\ShadowStrike\src\Shared_modules\RealTime\ExploitPrevention.cpp(560,30): error C2530: 'mod': ba┼şvurular─▒n ba┼şlat─▒lmas─▒ gerekir [C:\ShadowStrike\ShadowStrike\ShadowStrike.vcxproj]
  ('/src/Shared_modules/RealTime/ExploitPrevention.cpp' kaynak dosyas─▒ derleniyor)
  
C:\ShadowStrike\ShadowStrike\src\Shared_modules\RealTime\ExploitPrevention.cpp(560,30): error C3531: 'mod': t├╝r├╝ 'auto' i├ğeren bir simgenin bir ba┼şlat─▒c─▒s─▒ olmal─▒d─▒r [C:\ShadowStrike\ShadowStrike\ShadowStrike.vcxproj]
  ('/src/Shared_modules/RealTime/ExploitPrevention.cpp' kaynak dosyas─▒ derleniyor)
  
C:\ShadowStrike\ShadowStrike\src\Shared_modules\RealTime\ExploitPrevention.cpp(560,34): error C2143: s├Âzdizimi hatas─▒: ';' eksik (':' ├Âncesinde) [C:\ShadowStrike\ShadowStrike\ShadowStrike.vcxproj]
  ('/src/Shared_modules/RealTime/ExploitPrevention.cpp' kaynak dosyas─▒ derleniyor)
  
C:\ShadowStrike\ShadowStrike\src\Shared_modules\RealTime\ExploitPrevention.cpp(560,43): error C2143: s├Âzdizimi hatas─▒: ';' eksik (')' ├Âncesinde) [C:\ShadowStrike\ShadowStrike\ShadowStrike.vcxproj]
  ('/src/Shared_modules/RealTime/ExploitPrevention.cpp' kaynak dosyas─▒ derleniyor)
  
C:\ShadowStrike\ShadowStrike\src\Shared_modules\RealTime\ExploitPrevention.cpp(561,41): error C2039: 'EqualIgnoreCase': bir 'ShadowStrike::Utils::StringUtils' ├╝yesi de─şil [C:\ShadowStrike\ShadowStrike\ShadowStrike.vcxproj]
  ('/src/Shared_modules/RealTime/ExploitPrevention.cpp' kaynak dosyas─▒ derleniyor)
      C:\ShadowStrike\ShadowStrike\src\Shared_modules\Utils\StringUtils.hpp(63,19):
      'ShadowStrike::Utils::StringUtils' bildirimine bak─▒n
  
C:\ShadowStrike\ShadowStrike\src\Shared_modules\RealTime\ExploitPrevention.cpp(561,41): error C3861: 'EqualIgnoreCase': tan─▒mlay─▒c─▒ bulunamad─▒ [C:\ShadowStrike\ShadowStrike\ShadowStrike.vcxproj]
  ('/src/Shared_modules/RealTime/ExploitPrevention.cpp' kaynak dosyas─▒ derleniyor)
  
C:\ShadowStrike\ShadowStrike\src\Shared_modules\RealTime\ExploitPrevention.cpp(612,47): warning C4334: '<<': 32-bit kayd─▒rman─▒n sonucu ├Ârt├╝k olarak 64-bite d├Ân├╝┼şt├╝r├╝ld├╝ (64-bit kayd─▒rmay─▒ m─▒ ama├ğl─▒yordunuz?) [C:\ShadowStrike\ShadowStrike\ShadowStrike.vcxproj]
  ('/src/Shared_modules/RealTime/ExploitPrevention.cpp' kaynak dosyas─▒ derleniyor)
  
C:\ShadowStrike\ShadowStrike\src\Shared_modules\RansomwareProtection\FileBackupManager.cpp(970,45): error C2039: 'WideToUtf8': bir 'ShadowStrike::Utils::StringUtils' ├╝yesi de─şil [C:\ShadowStrike\ShadowStrike\ShadowStrike.vcxproj]
  ('/src/Shared_modules/RansomwareProtection/FileBackupManager.cpp' kaynak dosyas─▒ derleniyor)
      C:\ShadowStrike\ShadowStrike\src\Shared_modules\Utils\StringUtils.hpp(63,19):
      'ShadowStrike::Utils::StringUtils' bildirimine bak─▒n
  
C:\ShadowStrike\ShadowStrike\src\Shared_modules\RansomwareProtection\FileBackupManager.cpp(970,45): error C3861: 'WideToUtf8': tan─▒mlay─▒c─▒ bulunamad─▒ [C:\ShadowStrike\ShadowStrike\ShadowStrike.vcxproj]
  ('/src/Shared_modules/RansomwareProtection/FileBackupManager.cpp' kaynak dosyas─▒ derleniyor)
  
C:\ShadowStrike\ShadowStrike\src\Shared_modules\RansomwareProtection\RansomwareDecryptor.cpp(109,38): error C2838: 'Salsa20': ├╝ye bildiriminde ge├ğersiz tam ad [C:\ShadowStrike\ShadowStrike\ShadowStrike.vcxproj]
  ('/src/Shared_modules/RansomwareProtection/RansomwareDecryptor.cpp' kaynak dosyas─▒ derleniyor)
  
C:\ShadowStrike\ShadowStrike\src\Shared_modules\RansomwareProtection\RansomwareDecryptor.cpp(109,38): error C2065: 'Salsa20': bildirimi yap─▒lmam─▒┼ş tan─▒mlay─▒c─▒ [C:\ShadowStrike\ShadowStrike\ShadowStrike.vcxproj]
  ('/src/Shared_modules/RansomwareProtection/RansomwareDecryptor.cpp' kaynak dosyas─▒ derleniyor)
  
C:\ShadowStrike\ShadowStrike\src\Shared_modules\RealTime\ExploitPrevention.cpp(709,25): error C2039: 'Critical': bir 'ShadowStrike::Utils::Logger' ├╝yesi de─şil [C:\ShadowStrike\ShadowStrike\ShadowStrike.vcxproj]
  ('/src/Shared_modules/RealTime/ExploitPrevention.cpp' kaynak dosyas─▒ derleniyor)
      C:\ShadowStrike\ShadowStrike\src\Shared_modules\Utils\Logger.hpp(159,9):
      'ShadowStrike::Utils::Logger' bildirimine bak─▒n
  
C:\ShadowStrike\ShadowStrike\src\Shared_modules\RealTime\ExploitPrevention.cpp(709,25): error C3861: 'Critical': tan─▒mlay─▒c─▒ bulunamad─▒ [C:\ShadowStrike\ShadowStrike\ShadowStrike.vcxproj]
  ('/src/Shared_modules/RealTime/ExploitPrevention.cpp' kaynak dosyas─▒ derleniyor)
  
C:\ShadowStrike\ShadowStrike\src\Shared_modules\RealTime\ExploitPrevention.cpp(720,35): error C2039: 'ReadMemory': bir 'ShadowStrike::Utils::ProcessUtils' ├╝yesi de─şil [C:\ShadowStrike\ShadowStrike\ShadowStrike.vcxproj]
  ('/src/Shared_modules/RealTime/ExploitPrevention.cpp' kaynak dosyas─▒ derleniyor)
      C:\ShadowStrike\ShadowStrike\src\Shared_modules\Utils\ProcessUtils.hpp(51,19):
      'ShadowStrike::Utils::ProcessUtils' bildirimine bak─▒n
  
C:\ShadowStrike\ShadowStrike\src\Shared_modules\RealTime\ExploitPrevention.cpp(720,35): error C3861: 'ReadMemory': tan─▒mlay─▒c─▒ bulunamad─▒ [C:\ShadowStrike\ShadowStrike\ShadowStrike.vcxproj]
  ('/src/Shared_modules/RealTime/ExploitPrevention.cpp' kaynak dosyas─▒ derleniyor)
  
C:\ShadowStrike\ShadowStrike\src\Shared_modules\RealTime\ExploitPrevention.cpp(759,21): error C2039: 'Critical': bir 'ShadowStrike::Utils::Logger' ├╝yesi de─şil [C:\ShadowStrike\ShadowStrike\ShadowStrike.vcxproj]
  ('/src/Shared_modules/RealTime/ExploitPrevention.cpp' kaynak dosyas─▒ derleniyor)
      C:\ShadowStrike\ShadowStrike\src\Shared_modules\Utils\Logger.hpp(159,9):
      'ShadowStrike::Utils::Logger' bildirimine bak─▒n
  
C:\ShadowStrike\ShadowStrike\src\Shared_modules\RealTime\ExploitPrevention.cpp(759,21): error C3861: 'Critical': tan─▒mlay─▒c─▒ bulunamad─▒ [C:\ShadowStrike\ShadowStrike\ShadowStrike.vcxproj]
  ('/src/Shared_modules/RealTime/ExploitPrevention.cpp' kaynak dosyas─▒ derleniyor)
  
C:\ShadowStrike\ShadowStrike\src\Shared_modules\RealTime\ExploitPrevention.cpp(762,21): error C2039: 'InvokeROPCallbacks': bir 'ShadowStrike::RealTime::ExploitPrevention::Impl' ├╝yesi de─şil [C:\ShadowStrike\ShadowStrike\ShadowStrike.vcxproj]
  ('/src/Shared_modules/RealTime/ExploitPrevention.cpp' kaynak dosyas─▒ derleniyor)
      C:\ShadowStrike\ShadowStrike\src\Shared_modules\RealTime\ExploitPrevention.cpp(108,31):
      'ShadowStrike::RealTime::ExploitPrevention::Impl' bildirimine bak─▒n
  
C:\ShadowStrike\ShadowStrike\src\Shared_modules\RealTime\ExploitPrevention.cpp(886,17): error C2039: 'Critical': bir 'ShadowStrike::Utils::Logger' ├╝yesi de─şil [C:\ShadowStrike\ShadowStrike\ShadowStrike.vcxproj]
  ('/src/Shared_modules/RealTime/ExploitPrevention.cpp' kaynak dosyas─▒ derleniyor)
      C:\ShadowStrike\ShadowStrike\src\Shared_modules\Utils\Logger.hpp(159,9):
      'ShadowStrike::Utils::Logger' bildirimine bak─▒n
  
C:\ShadowStrike\ShadowStrike\src\Shared_modules\RealTime\ExploitPrevention.cpp(887,90): error C2039: 'WideToUtf8': bir 'ShadowStrike::Utils::StringUtils' ├╝yesi de─şil [C:\ShadowStrike\ShadowStrike\ShadowStrike.vcxproj]
  ('/src/Shared_modules/RealTime/ExploitPrevention.cpp' kaynak dosyas─▒ derleniyor)
      C:\ShadowStrike\ShadowStrike\src\Shared_modules\Utils\StringUtils.hpp(63,19):
      'ShadowStrike::Utils::StringUtils' bildirimine bak─▒n
  
C:\ShadowStrike\ShadowStrike\src\Shared_modules\RealTime\ExploitPrevention.cpp(887,90): error C3861: 'WideToUtf8': tan─▒mlay─▒c─▒ bulunamad─▒ [C:\ShadowStrike\ShadowStrike\ShadowStrike.vcxproj]
  ('/src/Shared_modules/RealTime/ExploitPrevention.cpp' kaynak dosyas─▒ derleniyor)
  
C:\ShadowStrike\ShadowStrike\src\Shared_modules\RealTime\ExploitPrevention.cpp(886,17): error C3861: 'Critical': tan─▒mlay─▒c─▒ bulunamad─▒ [C:\ShadowStrike\ShadowStrike\ShadowStrike.vcxproj]
  ('/src/Shared_modules/RealTime/ExploitPrevention.cpp' kaynak dosyas─▒ derleniyor)
  
C:\ShadowStrike\ShadowStrike\src\Shared_modules\RealTime\ExploitPrevention.cpp(898,42): error C2039: 'InvokeExploitCallbacks': bir 'ShadowStrike::RealTime::ExploitPrevention::Impl' ├╝yesi de─şil [C:\ShadowStrike\ShadowStrike\ShadowStrike.vcxproj]
  ('/src/Shared_modules/RealTime/ExploitPrevention.cpp' kaynak dosyas─▒ derleniyor)
      C:\ShadowStrike\ShadowStrike\src\Shared_modules\RealTime\ExploitPrevention.cpp(108,31):
      'ShadowStrike::RealTime::ExploitPrevention::Impl' bildirimine bak─▒n
  
C:\ShadowStrike\ShadowStrike\src\Shared_modules\RealTime\ExploitPrevention.cpp(1016,37): warning C4834: [[nodiscard]] ├Âzniteli─şine sahip i┼şlevin d├Ân├╝┼ş de─şerinin at─▒lmas─▒ [C:\ShadowStrike\ShadowStrike\ShadowStrike.vcxproj]
  ('/src/Shared_modules/RealTime/ExploitPrevention.cpp' kaynak dosyas─▒ derleniyor)
  
C:\ShadowStrike\ShadowStrike\src\Shared_modules\RealTime\ExploitPrevention.cpp(1029,44): error C2039: 'InvokeExploitCallbacks': bir 'ShadowStrike::RealTime::ExploitPrevention::Impl' ├╝yesi de─şil [C:\ShadowStrike\ShadowStrike\ShadowStrike.vcxproj]
  ('/src/Shared_modules/RealTime/ExploitPrevention.cpp' kaynak dosyas─▒ derleniyor)
      C:\ShadowStrike\ShadowStrike\src\Shared_modules\RealTime\ExploitPrevention.cpp(108,31):
      'ShadowStrike::RealTime::ExploitPrevention::Impl' bildirimine bak─▒n
  
C:\ShadowStrike\ShadowStrike\src\Shared_modules\RealTime\ExploitPrevention.cpp(1031,37): error C2065: 'm_exploitCallbacks': bildirimi yap─▒lmam─▒┼ş tan─▒mlay─▒c─▒ [C:\ShadowStrike\ShadowStrike\ShadowStrike.vcxproj]
  ('/src/Shared_modules/RealTime/ExploitPrevention.cpp' kaynak dosyas─▒ derleniyor)
  
C:\ShadowStrike\ShadowStrike\src\Shared_modules\RealTime\ExploitPrevention.cpp(1031,35): error C2059: s├Âzdizimi hatas─▒: ':' [C:\ShadowStrike\ShadowStrike\ShadowStrike.vcxproj]
  ('/src/Shared_modules/RealTime/ExploitPrevention.cpp' kaynak dosyas─▒ derleniyor)
  
C:\ShadowStrike\ShadowStrike\src\Shared_modules\RealTime\ExploitPrevention.cpp(1031,57): error C2143: s├Âzdizimi hatas─▒: ';' eksik ('{' ├Âncesinde) [C:\ShadowStrike\ShadowStrike\ShadowStrike.vcxproj]
  ('/src/Shared_modules/RealTime/ExploitPrevention.cpp' kaynak dosyas─▒ derleniyor)
  
C:\ShadowStrike\ShadowStrike\src\Shared_modules\RealTime\ExploitPrevention.cpp(1032,36): error C3861: 'cb': tan─▒mlay─▒c─▒ bulunamad─▒ [C:\ShadowStrike\ShadowStrike\ShadowStrike.vcxproj]
  ('/src/Shared_modules/RealTime/ExploitPrevention.cpp' kaynak dosyas─▒ derleniyor)
  
C:\ShadowStrike\ShadowStrike\src\Shared_modules\RealTime\ExploitPrevention.cpp(1038,44): error C2039: 'InvokeROPCallbacks': bir 'ShadowStrike::RealTime::ExploitPrevention::Impl' ├╝yesi de─şil [C:\ShadowStrike\ShadowStrike\ShadowStrike.vcxproj]
  ('/src/Shared_modules/RealTime/ExploitPrevention.cpp' kaynak dosyas─▒ derleniyor)
      C:\ShadowStrike\ShadowStrike\src\Shared_modules\RealTime\ExploitPrevention.cpp(108,31):
      'ShadowStrike::RealTime::ExploitPrevention::Impl' bildirimine bak─▒n
  
C:\ShadowStrike\ShadowStrike\src\Shared_modules\RealTime\ExploitPrevention.cpp(1041,29): error C3861: 'GenerateEventId': tan─▒mlay─▒c─▒ bulunamad─▒ [C:\ShadowStrike\ShadowStrike\ShadowStrike.vcxproj]
  ('/src/Shared_modules/RealTime/ExploitPrevention.cpp' kaynak dosyas─▒ derleniyor)
  
C:\ShadowStrike\ShadowStrike\src\Shared_modules\RealTime\ExploitPrevention.cpp(1046,33): error C2065: 'm_config': bildirimi yap─▒lmam─▒┼ş tan─▒mlay─▒c─▒ [C:\ShadowStrike\ShadowStrike\ShadowStrike.vcxproj]
  ('/src/Shared_modules/RealTime/ExploitPrevention.cpp' kaynak dosyas─▒ derleniyor)
  
C:\ShadowStrike\ShadowStrike\src\Shared_modules\RealTime\ExploitPrevention.cpp(1081,37): error C2039: 'GetModuleFromAddress': bir 'ShadowStrike::Utils::ProcessUtils' ├╝yesi de─şil [C:\ShadowStrike\ShadowStrike\ShadowStrike.vcxproj]
  ('/src/Shared_modules/RealTime/ExploitPrevention.cpp' kaynak dosyas─▒ derleniyor)
      C:\ShadowStrike\ShadowStrike\src\Shared_modules\Utils\ProcessUtils.hpp(51,19):
      'ShadowStrike::Utils::ProcessUtils' bildirimine bak─▒n
  
C:\ShadowStrike\ShadowStrike\src\Shared_modules\RealTime\ExploitPrevention.cpp(1081,37): error C3861: 'GetModuleFromAddress': tan─▒mlay─▒c─▒ bulunamad─▒ [C:\ShadowStrike\ShadowStrike\ShadowStrike.vcxproj]
  ('/src/Shared_modules/RealTime/ExploitPrevention.cpp' kaynak dosyas─▒ derleniyor)
  
C:\ShadowStrike\ShadowStrike\src\Shared_modules\RealTime\ExploitPrevention.cpp(1086,34): error C2039: 'VirtualQueryEx': bir 'ShadowStrike::Utils::ProcessUtils' ├╝yesi de─şil [C:\ShadowStrike\ShadowStrike\ShadowStrike.vcxproj]
  ('/src/Shared_modules/RealTime/ExploitPrevention.cpp' kaynak dosyas─▒ derleniyor)
      C:\ShadowStrike\ShadowStrike\src\Shared_modules\Utils\ProcessUtils.hpp(51,19):
      'ShadowStrike::Utils::ProcessUtils' bildirimine bak─▒n
  
C:\ShadowStrike\ShadowStrike\src\Shared_modules\RansomwareProtection\RansomwareDecryptor.cpp(455,24): error C2039: 'Critical': bir 'ShadowStrike::Utils::Logger' ├╝yesi de─şil [C:\ShadowStrike\ShadowStrike\ShadowStrike.vcxproj]
  ('/src/Shared_modules/RansomwareProtection/RansomwareDecryptor.cpp' kaynak dosyas─▒ derleniyor)
      C:\ShadowStrike\ShadowStrike\src\Shared_modules\Utils\Logger.hpp(159,9):
      'ShadowStrike::Utils::Logger' bildirimine bak─▒n
  
C:\ShadowStrike\ShadowStrike\src\Shared_modules\RansomwareProtection\RansomwareDecryptor.cpp(455,24): error C3861: 'Critical': tan─▒mlay─▒c─▒ bulunamad─▒ [C:\ShadowStrike\ShadowStrike\ShadowStrike.vcxproj]
  ('/src/Shared_modules/RansomwareProtection/RansomwareDecryptor.cpp' kaynak dosyas─▒ derleniyor)
  
C:\ShadowStrike\ShadowStrike\src\Shared_modules\RansomwareProtection\RansomwareDecryptor.cpp(490,24): error C2039: 'Critical': bir 'ShadowStrike::Utils::Logger' ├╝yesi de─şil [C:\ShadowStrike\ShadowStrike\ShadowStrike.vcxproj]
  ('/src/Shared_modules/RansomwareProtection/RansomwareDecryptor.cpp' kaynak dosyas─▒ derleniyor)
      C:\ShadowStrike\ShadowStrike\src\Shared_modules\Utils\Logger.hpp(159,9):
      'ShadowStrike::Utils::Logger' bildirimine bak─▒n
  
C:\ShadowStrike\ShadowStrike\src\Shared_modules\RansomwareProtection\RansomwareDecryptor.cpp(490,24): error C3861: 'Critical': tan─▒mlay─▒c─▒ bulunamad─▒ [C:\ShadowStrike\ShadowStrike\ShadowStrike.vcxproj]
  ('/src/Shared_modules/RansomwareProtection/RansomwareDecryptor.cpp' kaynak dosyas─▒ derleniyor)
  
C:\ShadowStrike\ShadowStrike\src\Shared_modules\RansomwareProtection\RansomwareDecryptor.cpp(633,47): error C2039: 'GenerateUUID': bir 'ShadowStrike::Utils::StringUtils' ├╝yesi de─şil [C:\ShadowStrike\ShadowStrike\ShadowStrike.vcxproj]
  ('/src/Shared_modules/RansomwareProtection/RansomwareDecryptor.cpp' kaynak dosyas─▒ derleniyor)
      C:\ShadowStrike\ShadowStrike\src\Shared_modules\Utils\StringUtils.hpp(63,19):
      'ShadowStrike::Utils::StringUtils' bildirimine bak─▒n
  
C:\ShadowStrike\ShadowStrike\src\Shared_modules\RansomwareProtection\RansomwareDecryptor.cpp(633,47): error C3861: 'GenerateUUID': tan─▒mlay─▒c─▒ bulunamad─▒ [C:\ShadowStrike\ShadowStrike\ShadowStrike.vcxproj]
  ('/src/Shared_modules/RansomwareProtection/RansomwareDecryptor.cpp' kaynak dosyas─▒ derleniyor)
  
C:\ShadowStrike\ShadowStrike\src\Shared_modules\RansomwareProtection\RansomwareDecryptor.cpp(633,16): error C2593: 'operator =' belirsiz [C:\ShadowStrike\ShadowStrike\ShadowStrike.vcxproj]
  ('/src/Shared_modules/RansomwareProtection/RansomwareDecryptor.cpp' kaynak dosyas─▒ derleniyor)
      C:\Program Files\Microsoft Visual Studio\2022\Community\VC\Tools\MSVC\14.44.35207\include\xstring(1453,32):
      'std::basic_string<char,std::char_traits<char>,std::allocator<char>> &std::basic_string<char,std::char_traits<char>,std::allocator<char>>::operator =(const _Elem)' olabilirdi
          with
          [
              _Elem=char
          ]
      C:\Program Files\Microsoft Visual Studio\2022\Community\VC\Tools\MSVC\14.44.35207\include\xstring(1450,19):
      veya       'std::basic_string<char,std::char_traits<char>,std::allocator<char>> &std::basic_string<char,std::char_traits<char>,std::allocator<char>>::operator =(std::nullptr_t)'
      C:\Program Files\Microsoft Visual Studio\2022\Community\VC\Tools\MSVC\14.44.35207\include\xstring(1445,32):
      veya       'std::basic_string<char,std::char_traits<char>,std::allocator<char>> &std::basic_string<char,std::char_traits<char>,std::allocator<char>>::operator =(const _Elem *const )'
          with
          [
              _Elem=char
          ]
      C:\Program Files\Microsoft Visual Studio\2022\Community\VC\Tools\MSVC\14.44.35207\include\xstring(1394,32):
      veya       'std::basic_string<char,std::char_traits<char>,std::allocator<char>> &std::basic_string<char,std::char_traits<char>,std::allocator<char>>::operator =(const std::basic_string<char,std::char_traits<char>,std::allocator<char>> &)'
      C:\Program Files\Microsoft Visual Studio\2022\Community\VC\Tools\MSVC\14.44.35207\include\xstring(1345,32):
      veya       'std::basic_string<char,std::char_traits<char>,std::allocator<char>> &std::basic_string<char,std::char_traits<char>,std::allocator<char>>::operator =(std::initializer_list<_Elem>)'
          with
          [
              _Elem=char
          ]
      C:\Program Files\Microsoft Visual Studio\2022\Community\VC\Tools\MSVC\14.44.35207\include\xstring(1224,32):
      veya       'std::basic_string<char,std::char_traits<char>,std::allocator<char>> &std::basic_string<char,std::char_traits<char>,std::allocator<char>>::operator =(std::basic_string<char,std::char_traits<char>,std::allocator<char>> &&) noexcept'
      C:\ShadowStrike\ShadowStrike\src\Shared_modules\RansomwareProtection\RansomwareDecryptor.cpp(633,16):
      '(std::string, <error type>)' ba─ş─▒ms─▒z de─şi┼şken listesi e┼şlenmeye ├ğal─▒┼ş─▒l─▒rken
  
C:\ShadowStrike\ShadowStrike\src\Shared_modules\RealTime\ExploitPrevention.cpp(1086,34): error C2664: 'SIZE_T VirtualQueryEx(HANDLE,LPCVOID,PMEMORY_BASIC_INFORMATION,SIZE_T)' : 1 ba─ş─▒ms─▒z de─şi┼şkeni 'uint32_t' de─şerinden 'HANDLE' de─şerine d├Ân├╝┼şt├╝r├╝lemez [C:\ShadowStrike\ShadowStrike\ShadowStrike.vcxproj]
  ('/src/Shared_modules/RealTime/ExploitPrevention.cpp' kaynak dosyas─▒ derleniyor)
      C:\ShadowStrike\ShadowStrike\src\Shared_modules\RealTime\ExploitPrevention.cpp(1086,49):
      ─░ntegral t├╝rden i┼şaret├ği t├╝r├╝ne d├Ân├╝┼şt├╝rme reinterpret_cast, C stili t├╝r d├Ân├╝┼şt├╝rme veya parantez i├ğine al─▒nm─▒┼ş i┼şlev stili t├╝r d├Ân├╝┼şt├╝rme gerektiriyor
      C:\Program Files (x86)\Windows Kits\10\Include\10.0.26100.0\um\memoryapi.h(141,1):
      'VirtualQueryEx' bildirimine bak─▒n
      C:\ShadowStrike\ShadowStrike\src\Shared_modules\RealTime\ExploitPrevention.cpp(1086,34):
      '(uint32_t, LPCVOID, MEMORY_BASIC_INFORMATION *, size_t)' ba─ş─▒ms─▒z de─şi┼şken listesi e┼şlenmeye ├ğal─▒┼ş─▒l─▒rken
  
C:\ShadowStrike\ShadowStrike\src\Shared_modules\RansomwareProtection\RansomwareDecryptor.cpp(665,47): error C2039: 'GenerateUUID': bir 'ShadowStrike::Utils::StringUtils' ├╝yesi de─şil [C:\ShadowStrike\ShadowStrike\ShadowStrike.vcxproj]
  ('/src/Shared_modules/RansomwareProtection/RansomwareDecryptor.cpp' kaynak dosyas─▒ derleniyor)
      C:\ShadowStrike\ShadowStrike\src\Shared_modules\Utils\StringUtils.hpp(63,19):
      'ShadowStrike::Utils::StringUtils' bildirimine bak─▒n
  
C:\ShadowStrike\ShadowStrike\src\Shared_modules\RansomwareProtection\RansomwareDecryptor.cpp(665,47): error C3861: 'GenerateUUID': tan─▒mlay─▒c─▒ bulunamad─▒ [C:\ShadowStrike\ShadowStrike\ShadowStrike.vcxproj]
  ('/src/Shared_modules/RansomwareProtection/RansomwareDecryptor.cpp' kaynak dosyas─▒ derleniyor)
  
C:\ShadowStrike\ShadowStrike\src\Shared_modules\RansomwareProtection\RansomwareDecryptor.cpp(665,16): error C2593: 'operator =' belirsiz [C:\ShadowStrike\ShadowStrike\ShadowStrike.vcxproj]
  ('/src/Shared_modules/RansomwareProtection/RansomwareDecryptor.cpp' kaynak dosyas─▒ derleniyor)
      C:\Program Files\Microsoft Visual Studio\2022\Community\VC\Tools\MSVC\14.44.35207\include\xstring(1453,32):
      'std::basic_string<char,std::char_traits<char>,std::allocator<char>> &std::basic_string<char,std::char_traits<char>,std::allocator<char>>::operator =(const _Elem)' olabilirdi
          with
          [
              _Elem=char
          ]
      C:\Program Files\Microsoft Visual Studio\2022\Community\VC\Tools\MSVC\14.44.35207\include\xstring(1450,19):
      veya       'std::basic_string<char,std::char_traits<char>,std::allocator<char>> &std::basic_string<char,std::char_traits<char>,std::allocator<char>>::operator =(std::nullptr_t)'
      C:\Program Files\Microsoft Visual Studio\2022\Community\VC\Tools\MSVC\14.44.35207\include\xstring(1445,32):
      veya       'std::basic_string<char,std::char_traits<char>,std::allocator<char>> &std::basic_string<char,std::char_traits<char>,std::allocator<char>>::operator =(const _Elem *const )'
          with
          [
              _Elem=char
          ]
      C:\Program Files\Microsoft Visual Studio\2022\Community\VC\Tools\MSVC\14.44.35207\include\xstring(1394,32):
      veya       'std::basic_string<char,std::char_traits<char>,std::allocator<char>> &std::basic_string<char,std::char_traits<char>,std::allocator<char>>::operator =(const std::basic_string<char,std::char_traits<char>,std::allocator<char>> &)'
      C:\Program Files\Microsoft Visual Studio\2022\Community\VC\Tools\MSVC\14.44.35207\include\xstring(1345,32):
      veya       'std::basic_string<char,std::char_traits<char>,std::allocator<char>> &std::basic_string<char,std::char_traits<char>,std::allocator<char>>::operator =(std::initializer_list<_Elem>)'
          with
          [
              _Elem=char
          ]
      C:\Program Files\Microsoft Visual Studio\2022\Community\VC\Tools\MSVC\14.44.35207\include\xstring(1224,32):
      veya       'std::basic_string<char,std::char_traits<char>,std::allocator<char>> &std::basic_string<char,std::char_traits<char>,std::allocator<char>>::operator =(std::basic_string<char,std::char_traits<char>,std::allocator<char>> &&) noexcept'
      C:\ShadowStrike\ShadowStrike\src\Shared_modules\RansomwareProtection\RansomwareDecryptor.cpp(665,16):
      '(std::string, <error type>)' ba─ş─▒ms─▒z de─şi┼şken listesi e┼şlenmeye ├ğal─▒┼ş─▒l─▒rken
  
C:\ShadowStrike\ShadowStrike\src\Shared_modules\Scripts\MacroDetector.cpp(2130,1): error C1010: ├Ân derlenmi┼ş ├╝stbilgi aran─▒rken beklenmeyen dosya sonu. kaynak kodunuza '#include "pch.h"' eklemeyi unuttunuz mu? [C:\ShadowStrike\ShadowStrike\ShadowStrike.vcxproj]
C:\ShadowStrike\ShadowStrike\src\Shared_modules\RansomwareProtection\ShadowCopyProtector.cpp(348,32): error C2039: 'Critical': bir 'ShadowStrike::Utils::Logger' ├╝yesi de─şil [C:\ShadowStrike\ShadowStrike\ShadowStrike.vcxproj]
  ('/src/Shared_modules/RansomwareProtection/ShadowCopyProtector.cpp' kaynak dosyas─▒ derleniyor)
      C:\ShadowStrike\ShadowStrike\src\Shared_modules\Utils\Logger.hpp(159,9):
      'ShadowStrike::Utils::Logger' bildirimine bak─▒n
  
C:\ShadowStrike\ShadowStrike\src\Shared_modules\RansomwareProtection\ShadowCopyProtector.cpp(349,46): error C2039: 'WideToUtf8': bir 'ShadowStrike::Utils::StringUtils' ├╝yesi de─şil [C:\ShadowStrike\ShadowStrike\ShadowStrike.vcxproj]
  ('/src/Shared_modules/RansomwareProtection/ShadowCopyProtector.cpp' kaynak dosyas─▒ derleniyor)
      C:\ShadowStrike\ShadowStrike\src\Shared_modules\Utils\StringUtils.hpp(63,19):
      'ShadowStrike::Utils::StringUtils' bildirimine bak─▒n
  
C:\ShadowStrike\ShadowStrike\src\Shared_modules\RansomwareProtection\ShadowCopyProtector.cpp(349,46): error C3861: 'WideToUtf8': tan─▒mlay─▒c─▒ bulunamad─▒ [C:\ShadowStrike\ShadowStrike\ShadowStrike.vcxproj]
  ('/src/Shared_modules/RansomwareProtection/ShadowCopyProtector.cpp' kaynak dosyas─▒ derleniyor)
  
C:\ShadowStrike\ShadowStrike\src\Shared_modules\RansomwareProtection\ShadowCopyProtector.cpp(350,41): error C2039: 'WideToUtf8': bir 'ShadowStrike::Utils::StringUtils' ├╝yesi de─şil [C:\ShadowStrike\ShadowStrike\ShadowStrike.vcxproj]
  ('/src/Shared_modules/RansomwareProtection/ShadowCopyProtector.cpp' kaynak dosyas─▒ derleniyor)
      C:\ShadowStrike\ShadowStrike\src\Shared_modules\Utils\StringUtils.hpp(63,19):
      'ShadowStrike::Utils::StringUtils' bildirimine bak─▒n
  
C:\ShadowStrike\ShadowStrike\src\Shared_modules\RansomwareProtection\ShadowCopyProtector.cpp(350,41): error C3861: 'WideToUtf8': tan─▒mlay─▒c─▒ bulunamad─▒ [C:\ShadowStrike\ShadowStrike\ShadowStrike.vcxproj]
  ('/src/Shared_modules/RansomwareProtection/ShadowCopyProtector.cpp' kaynak dosyas─▒ derleniyor)
  
C:\ShadowStrike\ShadowStrike\src\Shared_modules\RansomwareProtection\ShadowCopyProtector.cpp(348,32): error C3861: 'Critical': tan─▒mlay─▒c─▒ bulunamad─▒ [C:\ShadowStrike\ShadowStrike\ShadowStrike.vcxproj]
  ('/src/Shared_modules/RansomwareProtection/ShadowCopyProtector.cpp' kaynak dosyas─▒ derleniyor)
  
C:\ShadowStrike\ShadowStrike\src\Shared_modules\Scripts\PythonScriptScanner.cpp(2089,1): error C1010: ├Ân derlenmi┼ş ├╝stbilgi aran─▒rken beklenmeyen dosya sonu. kaynak kodunuza '#include "pch.h"' eklemeyi unuttunuz mu? [C:\ShadowStrike\ShadowStrike\ShadowStrike.vcxproj]
C:\ShadowStrike\ShadowStrike\src\Shared_modules\RansomwareProtection\ShadowCopyProtector.cpp(627,52): warning C4834: [[nodiscard]] ├Âzniteli─şine sahip i┼şlevin d├Ân├╝┼ş de─şerinin at─▒lmas─▒ [C:\ShadowStrike\ShadowStrike\ShadowStrike.vcxproj]
  ('/src/Shared_modules/RansomwareProtection/ShadowCopyProtector.cpp' kaynak dosyas─▒ derleniyor)
  
C:\ShadowStrike\ShadowStrike\src\Shared_modules\RansomwareProtection\ShadowCopyProtector.cpp(632,43): warning C4834: [[nodiscard]] ├Âzniteli─şine sahip i┼şlevin d├Ân├╝┼ş de─şerinin at─▒lmas─▒ [C:\ShadowStrike\ShadowStrike\ShadowStrike.vcxproj]
  ('/src/Shared_modules/RansomwareProtection/ShadowCopyProtector.cpp' kaynak dosyas─▒ derleniyor)
  
C:\ShadowStrike\ShadowStrike\src\Shared_modules\RansomwareProtection\ShadowCopyProtector.cpp(729,43): warning C4834: [[nodiscard]] ├Âzniteli─şine sahip i┼şlevin d├Ân├╝┼ş de─şerinin at─▒lmas─▒ [C:\ShadowStrike\ShadowStrike\ShadowStrike.vcxproj]
  ('/src/Shared_modules/RansomwareProtection/ShadowCopyProtector.cpp' kaynak dosyas─▒ derleniyor)
  
C:\ShadowStrike\ShadowStrike\src\Shared_modules\RansomwareProtection\ShadowCopyProtector.cpp(735,48): warning C4834: [[nodiscard]] ├Âzniteli─şine sahip i┼şlevin d├Ân├╝┼ş de─şerinin at─▒lmas─▒ [C:\ShadowStrike\ShadowStrike\ShadowStrike.vcxproj]
  ('/src/Shared_modules/RansomwareProtection/ShadowCopyProtector.cpp' kaynak dosyas─▒ derleniyor)
  
C:\ShadowStrike\ShadowStrike\src\Shared_modules\RansomwareProtection\ShadowCopyProtector.cpp(847,89): error C2039: 'WideToUtf8': bir 'ShadowStrike::Utils::StringUtils' ├╝yesi de─şil [C:\ShadowStrike\ShadowStrike\ShadowStrike.vcxproj]
  ('/src/Shared_modules/RansomwareProtection/ShadowCopyProtector.cpp' kaynak dosyas─▒ derleniyor)
      C:\ShadowStrike\ShadowStrike\src\Shared_modules\Utils\StringUtils.hpp(63,19):
      'ShadowStrike::Utils::StringUtils' bildirimine bak─▒n
  
C:\ShadowStrike\ShadowStrike\src\Shared_modules\RansomwareProtection\ShadowCopyProtector.cpp(847,89): error C3861: 'WideToUtf8': tan─▒mlay─▒c─▒ bulunamad─▒ [C:\ShadowStrike\ShadowStrike\ShadowStrike.vcxproj]
  ('/src/Shared_modules/RansomwareProtection/ShadowCopyProtector.cpp' kaynak dosyas─▒ derleniyor)
  
C:\ShadowStrike\ShadowStrike\src\Shared_modules\RansomwareProtection\ShadowCopyProtector.cpp(847,28): error C2660: 'ShadowStrike::Utils::Logger::Debug': i┼şlev 2 ba─ş─▒ms─▒z de─şi┼şken alm─▒yor [C:\ShadowStrike\ShadowStrike\ShadowStrike.vcxproj]
  ('/src/Shared_modules/RansomwareProtection/ShadowCopyProtector.cpp' kaynak dosyas─▒ derleniyor)
      C:\ShadowStrike\ShadowStrike\src\Shared_modules\Utils\Logger.hpp(266,16):
      'ShadowStrike::Utils::Logger::Debug' bildirimine bak─▒n
      C:\ShadowStrike\ShadowStrike\src\Shared_modules\Utils\Logger.hpp(286,16):
      'void ShadowStrike::Utils::Logger::Debug(std::basic_format_string<char,type_identity<_Args>::type...>,Args ...)' olabilirdi
          C:\ShadowStrike\ShadowStrike\src\Shared_modules\RansomwareProtection\ShadowCopyProtector.cpp(847,28):
          'void ShadowStrike::Utils::Logger::Debug(std::basic_format_string<char,type_identity<_Args>::type...>,Args ...)' i┼şlev ┼şablonu ├Âzelle┼ştirilemedi
              C:\ShadowStrike\ShadowStrike\src\Shared_modules\RansomwareProtection\ShadowCopyProtector.cpp(847,28):
              ┼Şu ┼şablon ba─ş─▒ms─▒z de─şi┼şkenleriyle:
                  C:\ShadowStrike\ShadowStrike\src\Shared_modules\RansomwareProtection\ShadowCopyProtector.cpp(847,28):
                  'Args={<error type>}'
      C:\ShadowStrike\ShadowStrike\src\Shared_modules\RansomwareProtection\ShadowCopyProtector.cpp(847,28):
      '(const char [32], <error type>)' ba─ş─▒ms─▒z de─şi┼şken listesi e┼şlenmeye ├ğal─▒┼ş─▒l─▒rken
  
C:\ShadowStrike\ShadowStrike\src\Shared_modules\RansomwareProtection\ShadowCopyProtector.cpp(893,37): warning C4834: [[nodiscard]] ├Âzniteli─şine sahip i┼şlevin d├Ân├╝┼ş de─şerinin at─▒lmas─▒ [C:\ShadowStrike\ShadowStrike\ShadowStrike.vcxproj]
  ('/src/Shared_modules/RansomwareProtection/ShadowCopyProtector.cpp' kaynak dosyas─▒ derleniyor)
  
C:\ShadowStrike\ShadowStrike\src\Shared_modules\RansomwareProtection\ShadowCopyProtector.cpp(896,24): error C2039: 'Critical': bir 'ShadowStrike::Utils::Logger' ├╝yesi de─şil [C:\ShadowStrike\ShadowStrike\ShadowStrike.vcxproj]
  ('/src/Shared_modules/RansomwareProtection/ShadowCopyProtector.cpp' kaynak dosyas─▒ derleniyor)
      C:\ShadowStrike\ShadowStrike\src\Shared_modules\Utils\Logger.hpp(159,9):
      'ShadowStrike::Utils::Logger' bildirimine bak─▒n
  
C:\ShadowStrike\ShadowStrike\src\Shared_modules\RansomwareProtection\ShadowCopyProtector.cpp(898,33): error C2039: 'WideToUtf8': bir 'ShadowStrike::Utils::StringUtils' ├╝yesi de─şil [C:\ShadowStrike\ShadowStrike\ShadowStrike.vcxproj]
  ('/src/Shared_modules/RansomwareProtection/ShadowCopyProtector.cpp' kaynak dosyas─▒ derleniyor)
      C:\ShadowStrike\ShadowStrike\src\Shared_modules\Utils\StringUtils.hpp(63,19):
      'ShadowStrike::Utils::StringUtils' bildirimine bak─▒n
  
C:\ShadowStrike\ShadowStrike\src\Shared_modules\RansomwareProtection\ShadowCopyProtector.cpp(898,33): error C3861: 'WideToUtf8': tan─▒mlay─▒c─▒ bulunamad─▒ [C:\ShadowStrike\ShadowStrike\ShadowStrike.vcxproj]
  ('/src/Shared_modules/RansomwareProtection/ShadowCopyProtector.cpp' kaynak dosyas─▒ derleniyor)
  
C:\ShadowStrike\ShadowStrike\src\Shared_modules\RansomwareProtection\ShadowCopyProtector.cpp(899,33): error C2039: 'WideToUtf8': bir 'ShadowStrike::Utils::StringUtils' ├╝yesi de─şil [C:\ShadowStrike\ShadowStrike\ShadowStrike.vcxproj]
  ('/src/Shared_modules/RansomwareProtection/ShadowCopyProtector.cpp' kaynak dosyas─▒ derleniyor)
      C:\ShadowStrike\ShadowStrike\src\Shared_modules\Utils\StringUtils.hpp(63,19):
      'ShadowStrike::Utils::StringUtils' bildirimine bak─▒n
  
C:\ShadowStrike\ShadowStrike\src\Shared_modules\RansomwareProtection\ShadowCopyProtector.cpp(899,33): error C3861: 'WideToUtf8': tan─▒mlay─▒c─▒ bulunamad─▒ [C:\ShadowStrike\ShadowStrike\ShadowStrike.vcxproj]
  ('/src/Shared_modules/RansomwareProtection/ShadowCopyProtector.cpp' kaynak dosyas─▒ derleniyor)
  
C:\ShadowStrike\ShadowStrike\src\Shared_modules\RealTime\AccessControlManager.cpp(137,29): error C2039: 'AccessControlManagerImpl': bir 'ShadowStrike::RealTime::AccessControlManager' ├╝yesi de─şil [C:\ShadowStrike\ShadowStrike\ShadowStrike.vcxproj]
  ('/src/Shared_modules/RealTime/AccessControlManager.cpp' kaynak dosyas─▒ derleniyor)
      C:\ShadowStrike\ShadowStrike\src\Shared_modules\RealTime\AccessControlManager.hpp(1199,7):
      'ShadowStrike::RealTime::AccessControlManager' bildirimine bak─▒n
  
C:\ShadowStrike\ShadowStrike\src\Shared_modules\RansomwareProtection\ShadowCopyProtector.cpp(896,24): error C3861: 'Critical': tan─▒mlay─▒c─▒ bulunamad─▒ [C:\ShadowStrike\ShadowStrike\ShadowStrike.vcxproj]
  ('/src/Shared_modules/RansomwareProtection/ShadowCopyProtector.cpp' kaynak dosyas─▒ derleniyor)
  
C:\ShadowStrike\ShadowStrike\src\Shared_modules\RansomwareProtection\ShadowCopyProtector.cpp(914,35): warning C4834: [[nodiscard]] ├Âzniteli─şine sahip i┼şlevin d├Ân├╝┼ş de─şerinin at─▒lmas─▒ [C:\ShadowStrike\ShadowStrike\ShadowStrike.vcxproj]
  ('/src/Shared_modules/RansomwareProtection/ShadowCopyProtector.cpp' kaynak dosyas─▒ derleniyor)
  
C:\ShadowStrike\ShadowStrike\src\Shared_modules\RansomwareProtection\ShadowCopyProtector.cpp(950,33): error C2039: 'WideToUtf8': bir 'ShadowStrike::Utils::StringUtils' ├╝yesi de─şil [C:\ShadowStrike\ShadowStrike\ShadowStrike.vcxproj]
  ('/src/Shared_modules/RansomwareProtection/ShadowCopyProtector.cpp' kaynak dosyas─▒ derleniyor)
      C:\ShadowStrike\ShadowStrike\src\Shared_modules\Utils\StringUtils.hpp(63,19):
      'ShadowStrike::Utils::StringUtils' bildirimine bak─▒n
  
C:\ShadowStrike\ShadowStrike\src\Shared_modules\RansomwareProtection\ShadowCopyProtector.cpp(950,33): error C3861: 'WideToUtf8': tan─▒mlay─▒c─▒ bulunamad─▒ [C:\ShadowStrike\ShadowStrike\ShadowStrike.vcxproj]
  ('/src/Shared_modules/RansomwareProtection/ShadowCopyProtector.cpp' kaynak dosyas─▒ derleniyor)
  
C:\ShadowStrike\ShadowStrike\src\Shared_modules\RansomwareProtection\ShadowCopyProtector.cpp(949,24): error C2660: 'ShadowStrike::Utils::Logger::Info': i┼şlev 2 ba─ş─▒ms─▒z de─şi┼şken alm─▒yor [C:\ShadowStrike\ShadowStrike\ShadowStrike.vcxproj]
  ('/src/Shared_modules/RansomwareProtection/ShadowCopyProtector.cpp' kaynak dosyas─▒ derleniyor)
      C:\ShadowStrike\ShadowStrike\src\Shared_modules\Utils\Logger.hpp(265,16):
      'ShadowStrike::Utils::Logger::Info' bildirimine bak─▒n
      C:\ShadowStrike\ShadowStrike\src\Shared_modules\Utils\Logger.hpp(282,16):
      'void ShadowStrike::Utils::Logger::Info(std::basic_format_string<char,type_identity<_Args>::type...>,Args ...)' olabilirdi
          C:\ShadowStrike\ShadowStrike\src\Shared_modules\RansomwareProtection\ShadowCopyProtector.cpp(949,24):
          'void ShadowStrike::Utils::Logger::Info(std::basic_format_string<char,type_identity<_Args>::type...>,Args ...)' i┼şlev ┼şablonu ├Âzelle┼ştirilemedi
              C:\ShadowStrike\ShadowStrike\src\Shared_modules\RansomwareProtection\ShadowCopyProtector.cpp(949,24):
              ┼Şu ┼şablon ba─ş─▒ms─▒z de─şi┼şkenleriyle:
                  C:\ShadowStrike\ShadowStrike\src\Shared_modules\RansomwareProtection\ShadowCopyProtector.cpp(949,24):
                  'Args={<error type>}'
      C:\ShadowStrike\ShadowStrike\src\Shared_modules\RansomwareProtection\ShadowCopyProtector.cpp(949,24):
      '(const char [44], <error type>)' ba─ş─▒ms─▒z de─şi┼şken listesi e┼şlenmeye ├ğal─▒┼ş─▒l─▒rken
  
C:\ShadowStrike\ShadowStrike\src\Shared_modules\RansomwareProtection\ShadowCopyProtector.cpp(1034,84): error C2039: 'WideToUtf8': bir 'ShadowStrike::Utils::StringUtils' ├╝yesi de─şil [C:\ShadowStrike\ShadowStrike\ShadowStrike.vcxproj]
  ('/src/Shared_modules/RansomwareProtection/ShadowCopyProtector.cpp' kaynak dosyas─▒ derleniyor)
      C:\ShadowStrike\ShadowStrike\src\Shared_modules\Utils\StringUtils.hpp(63,19):
      'ShadowStrike::Utils::StringUtils' bildirimine bak─▒n
  
C:\ShadowStrike\ShadowStrike\src\Shared_modules\RansomwareProtection\ShadowCopyProtector.cpp(1034,84): error C3861: 'WideToUtf8': tan─▒mlay─▒c─▒ bulunamad─▒ [C:\ShadowStrike\ShadowStrike\ShadowStrike.vcxproj]
  ('/src/Shared_modules/RansomwareProtection/ShadowCopyProtector.cpp' kaynak dosyas─▒ derleniyor)
  
C:\ShadowStrike\ShadowStrike\src\Shared_modules\RansomwareProtection\ShadowCopyProtector.cpp(1034,24): error C2660: 'ShadowStrike::Utils::Logger::Info': i┼şlev 2 ba─ş─▒ms─▒z de─şi┼şken alm─▒yor [C:\ShadowStrike\ShadowStrike\ShadowStrike.vcxproj]
  ('/src/Shared_modules/RansomwareProtection/ShadowCopyProtector.cpp' kaynak dosyas─▒ derleniyor)
      C:\ShadowStrike\ShadowStrike\src\Shared_modules\Utils\Logger.hpp(265,16):
      'ShadowStrike::Utils::Logger::Info' bildirimine bak─▒n
      C:\ShadowStrike\ShadowStrike\src\Shared_modules\Utils\Logger.hpp(282,16):
      'void ShadowStrike::Utils::Logger::Info(std::basic_format_string<char,type_identity<_Args>::type...>,Args ...)' olabilirdi
          C:\ShadowStrike\ShadowStrike\src\Shared_modules\RansomwareProtection\ShadowCopyProtector.cpp(1034,24):
          'void ShadowStrike::Utils::Logger::Info(std::basic_format_string<char,type_identity<_Args>::type...>,Args ...)' i┼şlev ┼şablonu ├Âzelle┼ştirilemedi
              C:\ShadowStrike\ShadowStrike\src\Shared_modules\RansomwareProtection\ShadowCopyProtector.cpp(1034,24):
              ┼Şu ┼şablon ba─ş─▒ms─▒z de─şi┼şkenleriyle:
                  C:\ShadowStrike\ShadowStrike\src\Shared_modules\RansomwareProtection\ShadowCopyProtector.cpp(1034,24):
                  'Args={<error type>}'
      C:\ShadowStrike\ShadowStrike\src\Shared_modules\RansomwareProtection\ShadowCopyProtector.cpp(1034,24):
      '(const char [32], <error type>)' ba─ş─▒ms─▒z de─şi┼şken listesi e┼şlenmeye ├ğal─▒┼ş─▒l─▒rken
  
C:\ShadowStrike\ShadowStrike\src\Shared_modules\RansomwareProtection\ShadowCopyProtector.cpp(1068,71): error C2039: 'WideToUtf8': bir 'ShadowStrike::Utils::StringUtils' ├╝yesi de─şil [C:\ShadowStrike\ShadowStrike\ShadowStrike.vcxproj]
  ('/src/Shared_modules/RansomwareProtection/ShadowCopyProtector.cpp' kaynak dosyas─▒ derleniyor)
      C:\ShadowStrike\ShadowStrike\src\Shared_modules\Utils\StringUtils.hpp(63,19):
      'ShadowStrike::Utils::StringUtils' bildirimine bak─▒n
  
C:\ShadowStrike\ShadowStrike\src\Shared_modules\RansomwareProtection\ShadowCopyProtector.cpp(1068,71): error C3861: 'WideToUtf8': tan─▒mlay─▒c─▒ bulunamad─▒ [C:\ShadowStrike\ShadowStrike\ShadowStrike.vcxproj]
  ('/src/Shared_modules/RansomwareProtection/ShadowCopyProtector.cpp' kaynak dosyas─▒ derleniyor)
  
C:\ShadowStrike\ShadowStrike\src\Shared_modules\RansomwareProtection\ShadowCopyProtector.cpp(1068,20): error C2660: 'ShadowStrike::Utils::Logger::Info': i┼şlev 2 ba─ş─▒ms─▒z de─şi┼şken alm─▒yor [C:\ShadowStrike\ShadowStrike\ShadowStrike.vcxproj]
  ('/src/Shared_modules/RansomwareProtection/ShadowCopyProtector.cpp' kaynak dosyas─▒ derleniyor)
      C:\ShadowStrike\ShadowStrike\src\Shared_modules\Utils\Logger.hpp(265,16):
      'ShadowStrike::Utils::Logger::Info' bildirimine bak─▒n
      C:\ShadowStrike\ShadowStrike\src\Shared_modules\Utils\Logger.hpp(282,16):
      'void ShadowStrike::Utils::Logger::Info(std::basic_format_string<char,type_identity<_Args>::type...>,Args ...)' olabilirdi
          C:\ShadowStrike\ShadowStrike\src\Shared_modules\RansomwareProtection\ShadowCopyProtector.cpp(1068,20):
          'void ShadowStrike::Utils::Logger::Info(std::basic_format_string<char,type_identity<_Args>::type...>,Args ...)' i┼şlev ┼şablonu ├Âzelle┼ştirilemedi
              C:\ShadowStrike\ShadowStrike\src\Shared_modules\RansomwareProtection\ShadowCopyProtector.cpp(1068,20):
              ┼Şu ┼şablon ba─ş─▒ms─▒z de─şi┼şkenleriyle:
                  C:\ShadowStrike\ShadowStrike\src\Shared_modules\RansomwareProtection\ShadowCopyProtector.cpp(1068,20):
                  'Args={<error type>}'
      C:\ShadowStrike\ShadowStrike\src\Shared_modules\RansomwareProtection\ShadowCopyProtector.cpp(1068,20):
      '(const char [23], <error type>)' ba─ş─▒ms─▒z de─şi┼şken listesi e┼şlenmeye ├ğal─▒┼ş─▒l─▒rken
  
C:\ShadowStrike\ShadowStrike\src\Shared_modules\RansomwareProtection\ShadowCopyProtector.cpp(1075,75): error C2039: 'WideToUtf8': bir 'ShadowStrike::Utils::StringUtils' ├╝yesi de─şil [C:\ShadowStrike\ShadowStrike\ShadowStrike.vcxproj]
  ('/src/Shared_modules/RansomwareProtection/ShadowCopyProtector.cpp' kaynak dosyas─▒ derleniyor)
      C:\ShadowStrike\ShadowStrike\src\Shared_modules\Utils\StringUtils.hpp(63,19):
      'ShadowStrike::Utils::StringUtils' bildirimine bak─▒n
  
C:\ShadowStrike\ShadowStrike\src\Shared_modules\RansomwareProtection\ShadowCopyProtector.cpp(1075,75): error C3861: 'WideToUtf8': tan─▒mlay─▒c─▒ bulunamad─▒ [C:\ShadowStrike\ShadowStrike\ShadowStrike.vcxproj]
  ('/src/Shared_modules/RansomwareProtection/ShadowCopyProtector.cpp' kaynak dosyas─▒ derleniyor)
  
C:\ShadowStrike\ShadowStrike\src\Shared_modules\RansomwareProtection\ShadowCopyProtector.cpp(1075,20): error C2660: 'ShadowStrike::Utils::Logger::Info': i┼şlev 2 ba─ş─▒ms─▒z de─şi┼şken alm─▒yor [C:\ShadowStrike\ShadowStrike\ShadowStrike.vcxproj]
  ('/src/Shared_modules/RansomwareProtection/ShadowCopyProtector.cpp' kaynak dosyas─▒ derleniyor)
      C:\ShadowStrike\ShadowStrike\src\Shared_modules\Utils\Logger.hpp(265,16):
      'ShadowStrike::Utils::Logger::Info' bildirimine bak─▒n
      C:\ShadowStrike\ShadowStrike\src\Shared_modules\Utils\Logger.hpp(282,16):
      'void ShadowStrike::Utils::Logger::Info(std::basic_format_string<char,type_identity<_Args>::type...>,Args ...)' olabilirdi
          C:\ShadowStrike\ShadowStrike\src\Shared_modules\RansomwareProtection\ShadowCopyProtector.cpp(1075,20):
          'void ShadowStrike::Utils::Logger::Info(std::basic_format_string<char,type_identity<_Args>::type...>,Args ...)' i┼şlev ┼şablonu ├Âzelle┼ştirilemedi
              C:\ShadowStrike\ShadowStrike\src\Shared_modules\RansomwareProtection\ShadowCopyProtector.cpp(1075,20):
              ┼Şu ┼şablon ba─ş─▒ms─▒z de─şi┼şkenleriyle:
                  C:\ShadowStrike\ShadowStrike\src\Shared_modules\RansomwareProtection\ShadowCopyProtector.cpp(1075,20):
                  'Args={<error type>}'
      C:\ShadowStrike\ShadowStrike\src\Shared_modules\RansomwareProtection\ShadowCopyProtector.cpp(1075,20):
      '(const char [27], <error type>)' ba─ş─▒ms─▒z de─şi┼şken listesi e┼şlenmeye ├ğal─▒┼ş─▒l─▒rken
  
C:\ShadowStrike\ShadowStrike\src\Shared_modules\RansomwareProtection\LockyDetector.cpp(50,10): error C1083: i├ğerme dosyas─▒ a├ğ─▒lam─▒yor: '../ThreatIntel/ThreatIntelManager.hpp': No such file or directory [C:\ShadowStrike\ShadowStrike\ShadowStrike.vcxproj]
  ('/src/Shared_modules/RansomwareProtection/LockyDetector.cpp' kaynak dosyas─▒ derleniyor)
  
C:\ShadowStrike\ShadowStrike\src\Shared_modules\RansomwareProtection\ShadowCopyProtector.cpp(1207,41): error C2039: 'WideToUtf8': bir 'ShadowStrike::Utils::StringUtils' ├╝yesi de─şil [C:\ShadowStrike\ShadowStrike\ShadowStrike.vcxproj]
  ('/src/Shared_modules/RansomwareProtection/ShadowCopyProtector.cpp' kaynak dosyas─▒ derleniyor)
      C:\ShadowStrike\ShadowStrike\src\Shared_modules\Utils\StringUtils.hpp(63,19):
      'ShadowStrike::Utils::StringUtils' bildirimine bak─▒n
  
C:\ShadowStrike\ShadowStrike\src\Shared_modules\RansomwareProtection\ShadowCopyProtector.cpp(1207,41): error C3861: 'WideToUtf8': tan─▒mlay─▒c─▒ bulunamad─▒ [C:\ShadowStrike\ShadowStrike\ShadowStrike.vcxproj]
  ('/src/Shared_modules/RansomwareProtection/ShadowCopyProtector.cpp' kaynak dosyas─▒ derleniyor)
  
C:\ShadowStrike\ShadowStrike\src\Shared_modules\RansomwareProtection\ShadowCopyProtector.cpp(1208,39): error C2039: 'WideToUtf8': bir 'ShadowStrike::Utils::StringUtils' ├╝yesi de─şil [C:\ShadowStrike\ShadowStrike\ShadowStrike.vcxproj]
  ('/src/Shared_modules/RansomwareProtection/ShadowCopyProtector.cpp' kaynak dosyas─▒ derleniyor)
      C:\ShadowStrike\ShadowStrike\src\Shared_modules\Utils\StringUtils.hpp(63,19):
      'ShadowStrike::Utils::StringUtils' bildirimine bak─▒n
  
C:\ShadowStrike\ShadowStrike\src\Shared_modules\RansomwareProtection\ShadowCopyProtector.cpp(1208,39): error C3861: 'WideToUtf8': tan─▒mlay─▒c─▒ bulunamad─▒ [C:\ShadowStrike\ShadowStrike\ShadowStrike.vcxproj]
  ('/src/Shared_modules/RansomwareProtection/ShadowCopyProtector.cpp' kaynak dosyas─▒ derleniyor)
  
C:\ShadowStrike\ShadowStrike\src\Shared_modules\RansomwareProtection\ShadowCopyProtector.cpp(1209,43): error C2039: 'WideToUtf8': bir 'ShadowStrike::Utils::StringUtils' ├╝yesi de─şil [C:\ShadowStrike\ShadowStrike\ShadowStrike.vcxproj]
  ('/src/Shared_modules/RansomwareProtection/ShadowCopyProtector.cpp' kaynak dosyas─▒ derleniyor)
      C:\ShadowStrike\ShadowStrike\src\Shared_modules\Utils\StringUtils.hpp(63,19):
      'ShadowStrike::Utils::StringUtils' bildirimine bak─▒n
  
C:\ShadowStrike\ShadowStrike\src\Shared_modules\RansomwareProtection\ShadowCopyProtector.cpp(1209,43): error C3861: 'WideToUtf8': tan─▒mlay─▒c─▒ bulunamad─▒ [C:\ShadowStrike\ShadowStrike\ShadowStrike.vcxproj]
  ('/src/Shared_modules/RansomwareProtection/ShadowCopyProtector.cpp' kaynak dosyas─▒ derleniyor)
  
C:\ShadowStrike\ShadowStrike\src\Shared_modules\RansomwareProtection\ShadowCopyProtector.cpp(1214,43): error C2039: 'WideToUtf8': bir 'ShadowStrike::Utils::StringUtils' ├╝yesi de─şil [C:\ShadowStrike\ShadowStrike\ShadowStrike.vcxproj]
  ('/src/Shared_modules/RansomwareProtection/ShadowCopyProtector.cpp' kaynak dosyas─▒ derleniyor)
      C:\ShadowStrike\ShadowStrike\src\Shared_modules\Utils\StringUtils.hpp(63,19):
      'ShadowStrike::Utils::StringUtils' bildirimine bak─▒n
  
C:\ShadowStrike\ShadowStrike\src\Shared_modules\RansomwareProtection\ShadowCopyProtector.cpp(1214,43): error C3861: 'WideToUtf8': tan─▒mlay─▒c─▒ bulunamad─▒ [C:\ShadowStrike\ShadowStrike\ShadowStrike.vcxproj]
  ('/src/Shared_modules/RansomwareProtection/ShadowCopyProtector.cpp' kaynak dosyas─▒ derleniyor)
  
C:\ShadowStrike\ShadowStrike\src\Shared_modules\RansomwareProtection\ShadowCopyProtector.cpp(1228,44): error C2039: 'WideToUtf8': bir 'ShadowStrike::Utils::StringUtils' ├╝yesi de─şil [C:\ShadowStrike\ShadowStrike\ShadowStrike.vcxproj]
  ('/src/Shared_modules/RansomwareProtection/ShadowCopyProtector.cpp' kaynak dosyas─▒ derleniyor)
      C:\ShadowStrike\ShadowStrike\src\Shared_modules\Utils\StringUtils.hpp(63,19):
      'ShadowStrike::Utils::StringUtils' bildirimine bak─▒n
  
C:\ShadowStrike\ShadowStrike\src\Shared_modules\RansomwareProtection\ShadowCopyProtector.cpp(1228,44): error C3861: 'WideToUtf8': tan─▒mlay─▒c─▒ bulunamad─▒ [C:\ShadowStrike\ShadowStrike\ShadowStrike.vcxproj]
  ('/src/Shared_modules/RansomwareProtection/ShadowCopyProtector.cpp' kaynak dosyas─▒ derleniyor)
  
C:\ShadowStrike\ShadowStrike\src\Shared_modules\RansomwareProtection\ShadowCopyProtector.cpp(1229,44): error C2039: 'WideToUtf8': bir 'ShadowStrike::Utils::StringUtils' ├╝yesi de─şil [C:\ShadowStrike\ShadowStrike\ShadowStrike.vcxproj]
  ('/src/Shared_modules/RansomwareProtection/ShadowCopyProtector.cpp' kaynak dosyas─▒ derleniyor)
      C:\ShadowStrike\ShadowStrike\src\Shared_modules\Utils\StringUtils.hpp(63,19):
      'ShadowStrike::Utils::StringUtils' bildirimine bak─▒n
  
C:\ShadowStrike\ShadowStrike\src\Shared_modules\RansomwareProtection\ShadowCopyProtector.cpp(1229,44): error C3861: 'WideToUtf8': tan─▒mlay─▒c─▒ bulunamad─▒ [C:\ShadowStrike\ShadowStrike\ShadowStrike.vcxproj]
  ('/src/Shared_modules/RansomwareProtection/ShadowCopyProtector.cpp' kaynak dosyas─▒ derleniyor)
  
C:\ShadowStrike\ShadowStrike\src\Shared_modules\RansomwareProtection\ShadowCopyProtector.cpp(1230,44): error C2039: 'WideToUtf8': bir 'ShadowStrike::Utils::StringUtils' ├╝yesi de─şil [C:\ShadowStrike\ShadowStrike\ShadowStrike.vcxproj]
  ('/src/Shared_modules/RansomwareProtection/ShadowCopyProtector.cpp' kaynak dosyas─▒ derleniyor)
      C:\ShadowStrike\ShadowStrike\src\Shared_modules\Utils\StringUtils.hpp(63,19):
      'ShadowStrike::Utils::StringUtils' bildirimine bak─▒n
  
C:\ShadowStrike\ShadowStrike\src\Shared_modules\RansomwareProtection\ShadowCopyProtector.cpp(1230,44): error C3861: 'WideToUtf8': tan─▒mlay─▒c─▒ bulunamad─▒ [C:\ShadowStrike\ShadowStrike\ShadowStrike.vcxproj]
  ('/src/Shared_modules/RansomwareProtection/ShadowCopyProtector.cpp' kaynak dosyas─▒ derleniyor)
  
C:\ShadowStrike\ShadowStrike\src\Shared_modules\RansomwareProtection\ShadowCopyProtector.cpp(1232,40): error C2039: 'WideToUtf8': bir 'ShadowStrike::Utils::StringUtils' ├╝yesi de─şil [C:\ShadowStrike\ShadowStrike\ShadowStrike.vcxproj]
  ('/src/Shared_modules/RansomwareProtection/ShadowCopyProtector.cpp' kaynak dosyas─▒ derleniyor)
      C:\ShadowStrike\ShadowStrike\src\Shared_modules\Utils\StringUtils.hpp(63,19):
      'ShadowStrike::Utils::StringUtils' bildirimine bak─▒n
  
C:\ShadowStrike\ShadowStrike\src\Shared_modules\RansomwareProtection\ShadowCopyProtector.cpp(1232,40): error C3861: 'WideToUtf8': tan─▒mlay─▒c─▒ bulunamad─▒ [C:\ShadowStrike\ShadowStrike\ShadowStrike.vcxproj]
  ('/src/Shared_modules/RansomwareProtection/ShadowCopyProtector.cpp' kaynak dosyas─▒ derleniyor)
  
C:\ShadowStrike\ShadowStrike\src\Shared_modules\RealTime\AccessControlManager.cpp(197,28): error C2664: 'void ShadowStrike::Utils::Logger::Warn(const char *)' : 1 ba─ş─▒ms─▒z de─şi┼şkeni 'const wchar_t [42]' de─şerinden 'const char *' de─şerine d├Ân├╝┼şt├╝r├╝lemez [C:\ShadowStrike\ShadowStrike\ShadowStrike.vcxproj]
  ('/src/Shared_modules/RealTime/AccessControlManager.cpp' kaynak dosyas─▒ derleniyor)
      C:\ShadowStrike\ShadowStrike\src\Shared_modules\RealTime\AccessControlManager.cpp(197,33):
      ─░┼şaretlenen t├╝rler ilgisiz; d├Ân├╝┼şt├╝rme reinterpret_cast, C stili t├╝r d├Ân├╝┼şt├╝rme veya parantez i├ğine al─▒nm─▒┼ş i┼şlev stili t├╝r d├Ân├╝┼şt├╝rme gerektiriyor
      C:\ShadowStrike\ShadowStrike\src\Shared_modules\Utils\Logger.hpp(264,16):
      'ShadowStrike::Utils::Logger::Warn' bildirimine bak─▒n
      C:\ShadowStrike\ShadowStrike\src\Shared_modules\Utils\Logger.hpp(278,16):
      'void ShadowStrike::Utils::Logger::Warn(std::basic_format_string<char,type_identity<_Args>::type...>,Args ...)' olabilirdi
          C:\ShadowStrike\ShadowStrike\src\Shared_modules\RealTime\AccessControlManager.cpp(197,28):
          ili┼şkili k─▒s─▒tlamalar kar┼ş─▒lanmad─▒
              C:\ShadowStrike\ShadowStrike\src\Shared_modules\Utils\Logger.hpp(277,57):
              k─▒s─▒tlama yerine getirilmedi
      C:\ShadowStrike\ShadowStrike\src\Shared_modules\RealTime\AccessControlManager.cpp(197,28):
      '(const wchar_t [42])' ba─ş─▒ms─▒z de─şi┼şken listesi e┼şlenmeye ├ğal─▒┼ş─▒l─▒rken
  
C:\ShadowStrike\ShadowStrike\src\Shared_modules\RealTime\AccessControlManager.cpp(213,24): error C2664: 'void ShadowStrike::Utils::Logger::Info(const char *)' : 1 ba─ş─▒ms─▒z de─şi┼şkeni 'const wchar_t [47]' de─şerinden 'const char *' de─şerine d├Ân├╝┼şt├╝r├╝lemez [C:\ShadowStrike\ShadowStrike\ShadowStrike.vcxproj]
  ('/src/Shared_modules/RealTime/AccessControlManager.cpp' kaynak dosyas─▒ derleniyor)
      C:\ShadowStrike\ShadowStrike\src\Shared_modules\RealTime\AccessControlManager.cpp(213,29):
      ─░┼şaretlenen t├╝rler ilgisiz; d├Ân├╝┼şt├╝rme reinterpret_cast, C stili t├╝r d├Ân├╝┼şt├╝rme veya parantez i├ğine al─▒nm─▒┼ş i┼şlev stili t├╝r d├Ân├╝┼şt├╝rme gerektiriyor
      C:\ShadowStrike\ShadowStrike\src\Shared_modules\Utils\Logger.hpp(265,16):
      'ShadowStrike::Utils::Logger::Info' bildirimine bak─▒n
      C:\ShadowStrike\ShadowStrike\src\Shared_modules\Utils\Logger.hpp(282,16):
      'void ShadowStrike::Utils::Logger::Info(std::basic_format_string<char,type_identity<_Args>::type...>,Args ...)' olabilirdi
          C:\ShadowStrike\ShadowStrike\src\Shared_modules\RealTime\AccessControlManager.cpp(213,24):
          ili┼şkili k─▒s─▒tlamalar kar┼ş─▒lanmad─▒
              C:\ShadowStrike\ShadowStrike\src\Shared_modules\Utils\Logger.hpp(281,57):
              k─▒s─▒tlama yerine getirilmedi
      C:\ShadowStrike\ShadowStrike\src\Shared_modules\RealTime\AccessControlManager.cpp(213,24):
      '(const wchar_t [47])' ba─ş─▒ms─▒z de─şi┼şken listesi e┼şlenmeye ├ğal─▒┼ş─▒l─▒rken
  
C:\ShadowStrike\ShadowStrike\src\Shared_modules\RealTime\AccessControlManager.cpp(230,24): error C2664: 'void ShadowStrike::Utils::Logger::Info(const char *)' : 1 ba─ş─▒ms─▒z de─şi┼şkeni 'const wchar_t [40]' de─şerinden 'const char *' de─şerine d├Ân├╝┼şt├╝r├╝lemez [C:\ShadowStrike\ShadowStrike\ShadowStrike.vcxproj]
  ('/src/Shared_modules/RealTime/AccessControlManager.cpp' kaynak dosyas─▒ derleniyor)
      C:\ShadowStrike\ShadowStrike\src\Shared_modules\RealTime\AccessControlManager.cpp(230,29):
      ─░┼şaretlenen t├╝rler ilgisiz; d├Ân├╝┼şt├╝rme reinterpret_cast, C stili t├╝r d├Ân├╝┼şt├╝rme veya parantez i├ğine al─▒nm─▒┼ş i┼şlev stili t├╝r d├Ân├╝┼şt├╝rme gerektiriyor
      C:\ShadowStrike\ShadowStrike\src\Shared_modules\Utils\Logger.hpp(265,16):
      'ShadowStrike::Utils::Logger::Info' bildirimine bak─▒n
      C:\ShadowStrike\ShadowStrike\src\Shared_modules\Utils\Logger.hpp(282,16):
      'void ShadowStrike::Utils::Logger::Info(std::basic_format_string<char,type_identity<_Args>::type...>,Args ...)' olabilirdi
          C:\ShadowStrike\ShadowStrike\src\Shared_modules\RealTime\AccessControlManager.cpp(230,24):
          ili┼şkili k─▒s─▒tlamalar kar┼ş─▒lanmad─▒
              C:\ShadowStrike\ShadowStrike\src\Shared_modules\Utils\Logger.hpp(281,57):
              k─▒s─▒tlama yerine getirilmedi
      C:\ShadowStrike\ShadowStrike\src\Shared_modules\RealTime\AccessControlManager.cpp(230,24):
      '(const wchar_t [40])' ba─ş─▒ms─▒z de─şi┼şken listesi e┼şlenmeye ├ğal─▒┼ş─▒l─▒rken
  
C:\ShadowStrike\ShadowStrike\src\Shared_modules\RealTime\AccessControlManager.cpp(241,28): error C2664: 'void ShadowStrike::Utils::Logger::Warn(const char *)' : 1 ba─ş─▒ms─▒z de─şi┼şkeni 'const wchar_t [88]' de─şerinden 'const char *' de─şerine d├Ân├╝┼şt├╝r├╝lemez [C:\ShadowStrike\ShadowStrike\ShadowStrike.vcxproj]
  ('/src/Shared_modules/RealTime/AccessControlManager.cpp' kaynak dosyas─▒ derleniyor)
      C:\ShadowStrike\ShadowStrike\src\Shared_modules\RealTime\AccessControlManager.cpp(241,33):
      ─░┼şaretlenen t├╝rler ilgisiz; d├Ân├╝┼şt├╝rme reinterpret_cast, C stili t├╝r d├Ân├╝┼şt├╝rme veya parantez i├ğine al─▒nm─▒┼ş i┼şlev stili t├╝r d├Ân├╝┼şt├╝rme gerektiriyor
      C:\ShadowStrike\ShadowStrike\src\Shared_modules\Utils\Logger.hpp(264,16):
      'ShadowStrike::Utils::Logger::Warn' bildirimine bak─▒n
      C:\ShadowStrike\ShadowStrike\src\Shared_modules\Utils\Logger.hpp(278,16):
      'void ShadowStrike::Utils::Logger::Warn(std::basic_format_string<char,type_identity<_Args>::type...>,Args ...)' olabilirdi
          C:\ShadowStrike\ShadowStrike\src\Shared_modules\RealTime\AccessControlManager.cpp(241,28):
          ili┼şkili k─▒s─▒tlamalar kar┼ş─▒lanmad─▒
              C:\ShadowStrike\ShadowStrike\src\Shared_modules\Utils\Logger.hpp(277,57):
              k─▒s─▒tlama yerine getirilmedi
      C:\ShadowStrike\ShadowStrike\src\Shared_modules\RealTime\AccessControlManager.cpp(241,28):
      '(const wchar_t [88])' ba─ş─▒ms─▒z de─şi┼şken listesi e┼şlenmeye ├ğal─▒┼ş─▒l─▒rken
  
\src\Shared_modules\Security\CodeObfuscation.cpp(1,1): error C1083: kaynak dosyas─▒ a├ğ─▒lam─▒yor: 'src\Shared_modules\Security\CodeObfuscation.cpp': No such file or directory [C:\ShadowStrike\ShadowStrike\ShadowStrike.vcxproj]
  ('/src/Shared_modules/Security/CodeObfuscation.cpp' kaynak dosyas─▒ derleniyor)
  
C:\ShadowStrike\ShadowStrike\src\Shared_modules\RealTime\AccessControlManager.cpp(243,28): error C2664: 'void ShadowStrike::Utils::Logger::Info(const char *)' : 1 ba─ş─▒ms─▒z de─şi┼şkeni 'const wchar_t [57]' de─şerinden 'const char *' de─şerine d├Ân├╝┼şt├╝r├╝lemez [C:\ShadowStrike\ShadowStrike\ShadowStrike.vcxproj]
  ('/src/Shared_modules/RealTime/AccessControlManager.cpp' kaynak dosyas─▒ derleniyor)
      C:\ShadowStrike\ShadowStrike\src\Shared_modules\RealTime\AccessControlManager.cpp(243,33):
      ─░┼şaretlenen t├╝rler ilgisiz; d├Ân├╝┼şt├╝rme reinterpret_cast, C stili t├╝r d├Ân├╝┼şt├╝rme veya parantez i├ğine al─▒nm─▒┼ş i┼şlev stili t├╝r d├Ân├╝┼şt├╝rme gerektiriyor
      C:\ShadowStrike\ShadowStrike\src\Shared_modules\Utils\Logger.hpp(265,16):
      'ShadowStrike::Utils::Logger::Info' bildirimine bak─▒n
      C:\ShadowStrike\ShadowStrike\src\Shared_modules\Utils\Logger.hpp(282,16):
      'void ShadowStrike::Utils::Logger::Info(std::basic_format_string<char,type_identity<_Args>::type...>,Args ...)' olabilirdi
          C:\ShadowStrike\ShadowStrike\src\Shared_modules\RealTime\AccessControlManager.cpp(243,28):
          ili┼şkili k─▒s─▒tlamalar kar┼ş─▒lanmad─▒
              C:\ShadowStrike\ShadowStrike\src\Shared_modules\Utils\Logger.hpp(281,57):
              k─▒s─▒tlama yerine getirilmedi
      C:\ShadowStrike\ShadowStrike\src\Shared_modules\RealTime\AccessControlManager.cpp(243,28):
      '(const wchar_t [57])' ba─ş─▒ms─▒z de─şi┼şken listesi e┼şlenmeye ├ğal─▒┼ş─▒l─▒rken
  
C:\ShadowStrike\ShadowStrike\src\Shared_modules\RealTime\AccessControlManager.cpp(769,52): error C2039: 'WideToUtf8': bir 'ShadowStrike::Utils::StringUtils' ├╝yesi de─şil [C:\ShadowStrike\ShadowStrike\ShadowStrike.vcxproj]
  ('/src/Shared_modules/RealTime/AccessControlManager.cpp' kaynak dosyas─▒ derleniyor)
      C:\ShadowStrike\ShadowStrike\src\Shared_modules\Utils\StringUtils.hpp(63,19):
      'ShadowStrike::Utils::StringUtils' bildirimine bak─▒n
  
C:\ShadowStrike\ShadowStrike\src\Shared_modules\RealTime\AccessControlManager.cpp(769,52): error C3861: 'WideToUtf8': tan─▒mlay─▒c─▒ bulunamad─▒ [C:\ShadowStrike\ShadowStrike\ShadowStrike.vcxproj]
  ('/src/Shared_modules/RealTime/AccessControlManager.cpp' kaynak dosyas─▒ derleniyor)
  
C:\ShadowStrike\ShadowStrike\src\Shared_modules\RansomwareProtection\RansomwareDetector.hpp(144,10): error C1083: i├ğerme dosyas─▒ a├ğ─▒lam─▒yor: '../ThreatIntel/ThreatIntelManager.hpp': No such file or directory [C:\ShadowStrike\ShadowStrike\ShadowStrike.vcxproj]
  ('/src/Shared_modules/RansomwareProtection/RansomwareDetector.cpp' kaynak dosyas─▒ derleniyor)
  
C:\ShadowStrike\ShadowStrike\src\Shared_modules\Scripts\AMSIIntegration.hpp(138,10): error C1083: i├ğerme dosyas─▒ a├ğ─▒lam─▒yor: '../ThreatIntel/ThreatIntelManager.hpp': No such file or directory [C:\ShadowStrike\ShadowStrike\ShadowStrike.vcxproj]
  ('/src/Shared_modules/Scripts/AMSIIntegration.cpp' kaynak dosyas─▒ derleniyor)
  
C:\ShadowStrike\ShadowStrike\src\Shared_modules\Security\FileProtection.cpp(2502,1): error C1010: ├Ân derlenmi┼ş ├╝stbilgi aran─▒rken beklenmeyen dosya sonu. kaynak kodunuza '#include "pch.h"' eklemeyi unuttunuz mu? [C:\ShadowStrike\ShadowStrike\ShadowStrike.vcxproj]
C:\ShadowStrike\ShadowStrike\src\Shared_modules\RealTime\AccessControlManager.cpp(911,5): warning C4834: [[nodiscard]] ├Âzniteli─şine sahip i┼şlevin d├Ân├╝┼ş de─şerinin at─▒lmas─▒ [C:\ShadowStrike\ShadowStrike\ShadowStrike.vcxproj]
  ('/src/Shared_modules/RealTime/AccessControlManager.cpp' kaynak dosyas─▒ derleniyor)
  
C:\ShadowStrike\ShadowStrike\src\Shared_modules\RealTime\AccessControlManager.cpp(937,12): error C2660: 'ShadowStrike::RealTime::AccessControlManager::TerminateJobObject': i┼şlev 2 ba─ş─▒ms─▒z de─şi┼şken alm─▒yor [C:\ShadowStrike\ShadowStrike\ShadowStrike.vcxproj]
  ('/src/Shared_modules/RealTime/AccessControlManager.cpp' kaynak dosyas─▒ derleniyor)
      C:\ShadowStrike\ShadowStrike\src\Shared_modules\RealTime\AccessControlManager.cpp(935,28):
      'ShadowStrike::RealTime::AccessControlManager::TerminateJobObject' bildirimine bak─▒n
      C:\ShadowStrike\ShadowStrike\src\Shared_modules\RealTime\AccessControlManager.cpp(937,12):
      '(HANDLE, int)' ba─ş─▒ms─▒z de─şi┼şken listesi e┼şlenmeye ├ğal─▒┼ş─▒l─▒rken
  
C:\ShadowStrike\ShadowStrike\src\Shared_modules\RealTime\AccessControlManager.cpp(962,20): error C2664: 'void ShadowStrike::Utils::Logger::Info(const char *)' : 1 ba─ş─▒ms─▒z de─şi┼şkeni 'const wchar_t [46]' de─şerinden 'const char *' de─şerine d├Ân├╝┼şt├╝r├╝lemez [C:\ShadowStrike\ShadowStrike\ShadowStrike.vcxproj]
  ('/src/Shared_modules/RealTime/AccessControlManager.cpp' kaynak dosyas─▒ derleniyor)
      C:\ShadowStrike\ShadowStrike\src\Shared_modules\RealTime\AccessControlManager.cpp(962,25):
      ─░┼şaretlenen t├╝rler ilgisiz; d├Ân├╝┼şt├╝rme reinterpret_cast, C stili t├╝r d├Ân├╝┼şt├╝rme veya parantez i├ğine al─▒nm─▒┼ş i┼şlev stili t├╝r d├Ân├╝┼şt├╝rme gerektiriyor
      C:\ShadowStrike\ShadowStrike\src\Shared_modules\Utils\Logger.hpp(265,16):
      'ShadowStrike::Utils::Logger::Info' bildirimine bak─▒n
      C:\ShadowStrike\ShadowStrike\src\Shared_modules\Utils\Logger.hpp(282,16):
      'void ShadowStrike::Utils::Logger::Info(std::basic_format_string<char,type_identity<_Args>::type...>,Args ...)' olabilirdi
          C:\ShadowStrike\ShadowStrike\src\Shared_modules\RealTime\AccessControlManager.cpp(962,20):
          ili┼şkili k─▒s─▒tlamalar kar┼ş─▒lanmad─▒
              C:\ShadowStrike\ShadowStrike\src\Shared_modules\Utils\Logger.hpp(281,57):
              k─▒s─▒tlama yerine getirilmedi
      C:\ShadowStrike\ShadowStrike\src\Shared_modules\RealTime\AccessControlManager.cpp(962,20):
      '(const wchar_t [46])' ba─ş─▒ms─▒z de─şi┼şken listesi e┼şlenmeye ├ğal─▒┼ş─▒l─▒rken
  
C:\ShadowStrike\ShadowStrike\src\Shared_modules\RealTime\AccessControlManager.cpp(965,24): error C2664: 'void ShadowStrike::Utils::Logger::Warn(const char *)' : 1 ba─ş─▒ms─▒z de─şi┼şkeni 'const wchar_t [44]' de─şerinden 'const char *' de─şerine d├Ân├╝┼şt├╝r├╝lemez [C:\ShadowStrike\ShadowStrike\ShadowStrike.vcxproj]
  ('/src/Shared_modules/RealTime/AccessControlManager.cpp' kaynak dosyas─▒ derleniyor)
      C:\ShadowStrike\ShadowStrike\src\Shared_modules\RealTime\AccessControlManager.cpp(965,29):
      ─░┼şaretlenen t├╝rler ilgisiz; d├Ân├╝┼şt├╝rme reinterpret_cast, C stili t├╝r d├Ân├╝┼şt├╝rme veya parantez i├ğine al─▒nm─▒┼ş i┼şlev stili t├╝r d├Ân├╝┼şt├╝rme gerektiriyor
      C:\ShadowStrike\ShadowStrike\src\Shared_modules\Utils\Logger.hpp(264,16):
      'ShadowStrike::Utils::Logger::Warn' bildirimine bak─▒n
      C:\ShadowStrike\ShadowStrike\src\Shared_modules\Utils\Logger.hpp(278,16):
      'void ShadowStrike::Utils::Logger::Warn(std::basic_format_string<char,type_identity<_Args>::type...>,Args ...)' olabilirdi
          C:\ShadowStrike\ShadowStrike\src\Shared_modules\RealTime\AccessControlManager.cpp(965,24):
          ili┼şkili k─▒s─▒tlamalar kar┼ş─▒lanmad─▒
              C:\ShadowStrike\ShadowStrike\src\Shared_modules\Utils\Logger.hpp(277,57):
              k─▒s─▒tlama yerine getirilmedi
      C:\ShadowStrike\ShadowStrike\src\Shared_modules\RealTime\AccessControlManager.cpp(965,24):
      '(const wchar_t [44])' ba─ş─▒ms─▒z de─şi┼şken listesi e┼şlenmeye ├ğal─▒┼ş─▒l─▒rken
  
C:\ShadowStrike\ShadowStrike\src\Shared_modules\RealTime\AccessControlManager.cpp(971,28): error C2664: 'void ShadowStrike::Utils::Logger::Error(const char *)' : 1 ba─ş─▒ms─▒z de─şi┼şkeni 'const wchar_t [40]' de─şerinden 'const char *' de─şerine d├Ân├╝┼şt├╝r├╝lemez [C:\ShadowStrike\ShadowStrike\ShadowStrike.vcxproj]
  ('/src/Shared_modules/RealTime/AccessControlManager.cpp' kaynak dosyas─▒ derleniyor)
      C:\ShadowStrike\ShadowStrike\src\Shared_modules\RealTime\AccessControlManager.cpp(971,34):
      ─░┼şaretlenen t├╝rler ilgisiz; d├Ân├╝┼şt├╝rme reinterpret_cast, C stili t├╝r d├Ân├╝┼şt├╝rme veya parantez i├ğine al─▒nm─▒┼ş i┼şlev stili t├╝r d├Ân├╝┼şt├╝rme gerektiriyor
      C:\ShadowStrike\ShadowStrike\src\Shared_modules\Utils\Logger.hpp(263,16):
      'ShadowStrike::Utils::Logger::Error' bildirimine bak─▒n
      C:\ShadowStrike\ShadowStrike\src\Shared_modules\Utils\Logger.hpp(274,16):
      'void ShadowStrike::Utils::Logger::Error(std::basic_format_string<char,type_identity<_Args>::type...>,Args ...)' olabilirdi
          C:\ShadowStrike\ShadowStrike\src\Shared_modules\RealTime\AccessControlManager.cpp(971,28):
          ili┼şkili k─▒s─▒tlamalar kar┼ş─▒lanmad─▒
              C:\ShadowStrike\ShadowStrike\src\Shared_modules\Utils\Logger.hpp(273,57):
              k─▒s─▒tlama yerine getirilmedi
      C:\ShadowStrike\ShadowStrike\src\Shared_modules\RealTime\AccessControlManager.cpp(971,28):
      '(const wchar_t [40])' ba─ş─▒ms─▒z de─şi┼şken listesi e┼şlenmeye ├ğal─▒┼ş─▒l─▒rken
  
C:\ShadowStrike\ShadowStrike\src\Shared_modules\RealTime\AccessControlManager.cpp(976,20): error C2664: 'void ShadowStrike::Utils::Logger::Info(const char *)' : 1 ba─ş─▒ms─▒z de─şi┼şkeni 'const wchar_t [42]' de─şerinden 'const char *' de─şerine d├Ân├╝┼şt├╝r├╝lemez [C:\ShadowStrike\ShadowStrike\ShadowStrike.vcxproj]
  ('/src/Shared_modules/RealTime/AccessControlManager.cpp' kaynak dosyas─▒ derleniyor)
      C:\ShadowStrike\ShadowStrike\src\Shared_modules\RealTime\AccessControlManager.cpp(976,25):
      ─░┼şaretlenen t├╝rler ilgisiz; d├Ân├╝┼şt├╝rme reinterpret_cast, C stili t├╝r d├Ân├╝┼şt├╝rme veya parantez i├ğine al─▒nm─▒┼ş i┼şlev stili t├╝r d├Ân├╝┼şt├╝rme gerektiriyor
      C:\ShadowStrike\ShadowStrike\src\Shared_modules\Utils\Logger.hpp(265,16):
      'ShadowStrike::Utils::Logger::Info' bildirimine bak─▒n
      C:\ShadowStrike\ShadowStrike\src\Shared_modules\Utils\Logger.hpp(282,16):
      'void ShadowStrike::Utils::Logger::Info(std::basic_format_string<char,type_identity<_Args>::type...>,Args ...)' olabilirdi
          C:\ShadowStrike\ShadowStrike\src\Shared_modules\RealTime\AccessControlManager.cpp(976,20):
          ili┼şkili k─▒s─▒tlamalar kar┼ş─▒lanmad─▒
              C:\ShadowStrike\ShadowStrike\src\Shared_modules\Utils\Logger.hpp(281,57):
              k─▒s─▒tlama yerine getirilmedi
      C:\ShadowStrike\ShadowStrike\src\Shared_modules\RealTime\AccessControlManager.cpp(976,20):
      '(const wchar_t [42])' ba─ş─▒ms─▒z de─şi┼şken listesi e┼şlenmeye ├ğal─▒┼ş─▒l─▒rken
  
C:\ShadowStrike\ShadowStrike\src\Shared_modules\Security\CertificateValidator.hpp(154,10): error C1083: i├ğerme dosyas─▒ a├ğ─▒lam─▒yor: '../Utils/TimeUtils.hpp': No such file or directory [C:\ShadowStrike\ShadowStrike\ShadowStrike.vcxproj]
  ('/src/Shared_modules/Security/CertificateValidator.cpp' kaynak dosyas─▒ derleniyor)
  
C:\ShadowStrike\ShadowStrike\src\Shared_modules\Security\CryptoManager.cpp(2944,14): warning C4834: [[nodiscard]] ├Âzniteli─şine sahip i┼şlevin d├Ân├╝┼ş de─şerinin at─▒lmas─▒ [C:\ShadowStrike\ShadowStrike\ShadowStrike.vcxproj]
  ('/src/Shared_modules/Security/CryptoManager.cpp' kaynak dosyas─▒ derleniyor)
  
C:\ShadowStrike\ShadowStrike\src\Shared_modules\Security\CryptoManager.cpp(3601,18): warning C4834: [[nodiscard]] ├Âzniteli─şine sahip i┼şlevin d├Ân├╝┼ş de─şerinin at─▒lmas─▒ [C:\ShadowStrike\ShadowStrike\ShadowStrike.vcxproj]
  ('/src/Shared_modules/Security/CryptoManager.cpp' kaynak dosyas─▒ derleniyor)
  
C:\ShadowStrike\ShadowStrike\src\Shared_modules\Security\CryptoManager.cpp(3602,24): warning C4834: [[nodiscard]] ├Âzniteli─şine sahip i┼şlevin d├Ân├╝┼ş de─şerinin at─▒lmas─▒ [C:\ShadowStrike\ShadowStrike\ShadowStrike.vcxproj]
  ('/src/Shared_modules/Security/CryptoManager.cpp' kaynak dosyas─▒ derleniyor)
  
C:\ShadowStrike\ShadowStrike\src\Shared_modules\Security\CryptoManager.cpp(3603,23): warning C4834: [[nodiscard]] ├Âzniteli─şine sahip i┼şlevin d├Ân├╝┼ş de─şerinin at─▒lmas─▒ [C:\ShadowStrike\ShadowStrike\ShadowStrike.vcxproj]
  ('/src/Shared_modules/Security/CryptoManager.cpp' kaynak dosyas─▒ derleniyor)
  
C:\ShadowStrike\ShadowStrike\src\Shared_modules\Security\CryptoManager.cpp(3810,5): error C2280: 'ShadowStrike::Security::CryptoManagerStatistics::CryptoManagerStatistics(const ShadowStrike::Security::CryptoManagerStatistics &)': silinmi┼ş bir i┼şleve ba┼şvurmaya ├ğal─▒┼ş─▒yor [C:\ShadowStrike\ShadowStrike\ShadowStrike.vcxproj]
  ('/src/Shared_modules/Security/CryptoManager.cpp' kaynak dosyas─▒ derleniyor)
      C:\ShadowStrike\ShadowStrike\src\Shared_modules\Security\CryptoManager.hpp(741,1):
      derleyici burada 'ShadowStrike::Security::CryptoManagerStatistics::CryptoManagerStatistics' olu┼şturdu
      C:\ShadowStrike\ShadowStrike\src\Shared_modules\Security\CryptoManager.hpp(741,1):
      'ShadowStrike::Security::CryptoManagerStatistics::CryptoManagerStatistics(const ShadowStrike::Security::CryptoManagerStatistics &)': veri ├╝yesi, silinmi┼ş veya eri┼şilemeyen 'std::atomic<unsigned __int64>::atomic(const std::atomic<unsigned __int64> &)' i┼şlevini ├ğa─ş─▒rd─▒─ş─▒ndan i┼şlev ├Ârt├╝k olarak silindi
  
C:\ShadowStrike\ShadowStrike\src\Shared_modules\Security\CryptoManager.cpp(3922,26): warning C4834: [[nodiscard]] ├Âzniteli─şine sahip i┼şlevin d├Ân├╝┼ş de─şerinin at─▒lmas─▒ [C:\ShadowStrike\ShadowStrike\ShadowStrike.vcxproj]
  ('/src/Shared_modules/Security/CryptoManager.cpp' kaynak dosyas─▒ derleniyor)
  
C:\ShadowStrike\ShadowStrike\src\Shared_modules\Security\CryptoManager.cpp(3926,22): warning C4834: [[nodiscard]] ├Âzniteli─şine sahip i┼şlevin d├Ân├╝┼ş de─şerinin at─▒lmas─▒ [C:\ShadowStrike\ShadowStrike\ShadowStrike.vcxproj]
  ('/src/Shared_modules/Security/CryptoManager.cpp' kaynak dosyas─▒ derleniyor)
  
C:\ShadowStrike\ShadowStrike\src\Shared_modules\Security\DigitalSignatureValidator.hpp(162,10): error C1083: i├ğerme dosyas─▒ a├ğ─▒lam─▒yor: '../Utils/PEParser.hpp': No such file or directory [C:\ShadowStrike\ShadowStrike\ShadowStrike.vcxproj]
  ('/src/Shared_modules/Security/DigitalSignatureValidator.cpp' kaynak dosyas─▒ derleniyor)
  
C:\ShadowStrike\ShadowStrike\src\Shared_modules\RansomwareProtection\HoneypotManager.cpp(248,5): error C2653: 'Logger': bir s─▒n─▒f veya ad alan─▒ ad─▒ de─şil [C:\ShadowStrike\ShadowStrike\ShadowStrike.vcxproj]
  ('/src/Shared_modules/RansomwareProtection/HoneypotManager.cpp' kaynak dosyas─▒ derleniyor)
  
C:\ShadowStrike\ShadowStrike\src\Shared_modules\RansomwareProtection\HoneypotManager.cpp(248,13): error C3861: 'Info': tan─▒mlay─▒c─▒ bulunamad─▒ [C:\ShadowStrike\ShadowStrike\ShadowStrike.vcxproj]
  ('/src/Shared_modules/RansomwareProtection/HoneypotManager.cpp' kaynak dosyas─▒ derleniyor)
  
C:\ShadowStrike\ShadowStrike\src\Shared_modules\RansomwareProtection\HoneypotManager.cpp(253,5): error C2653: 'Logger': bir s─▒n─▒f veya ad alan─▒ ad─▒ de─şil [C:\ShadowStrike\ShadowStrike\ShadowStrike.vcxproj]
  ('/src/Shared_modules/RansomwareProtection/HoneypotManager.cpp' kaynak dosyas─▒ derleniyor)
  
C:\ShadowStrike\ShadowStrike\src\Shared_modules\RansomwareProtection\HoneypotManager.cpp(253,13): error C3861: 'Info': tan─▒mlay─▒c─▒ bulunamad─▒ [C:\ShadowStrike\ShadowStrike\ShadowStrike.vcxproj]
  ('/src/Shared_modules/RansomwareProtection/HoneypotManager.cpp' kaynak dosyas─▒ derleniyor)
  
C:\ShadowStrike\ShadowStrike\src\Shared_modules\RansomwareProtection\HoneypotManager.cpp(260,9): error C2653: 'Logger': bir s─▒n─▒f veya ad alan─▒ ad─▒ de─şil [C:\ShadowStrike\ShadowStrike\ShadowStrike.vcxproj]
  ('/src/Shared_modules/RansomwareProtection/HoneypotManager.cpp' kaynak dosyas─▒ derleniyor)
  
C:\ShadowStrike\ShadowStrike\src\Shared_modules\RansomwareProtection\HoneypotManager.cpp(260,17): error C3861: 'Warn': tan─▒mlay─▒c─▒ bulunamad─▒ [C:\ShadowStrike\ShadowStrike\ShadowStrike.vcxproj]
  ('/src/Shared_modules/RansomwareProtection/HoneypotManager.cpp' kaynak dosyas─▒ derleniyor)
  
C:\ShadowStrike\ShadowStrike\src\Shared_modules\RansomwareProtection\HoneypotManager.cpp(268,13): error C2653: 'Logger': bir s─▒n─▒f veya ad alan─▒ ad─▒ de─şil [C:\ShadowStrike\ShadowStrike\ShadowStrike.vcxproj]
  ('/src/Shared_modules/RansomwareProtection/HoneypotManager.cpp' kaynak dosyas─▒ derleniyor)
  
C:\ShadowStrike\ShadowStrike\src\Shared_modules\RansomwareProtection\HoneypotManager.cpp(268,21): error C3861: 'Error': tan─▒mlay─▒c─▒ bulunamad─▒ [C:\ShadowStrike\ShadowStrike\ShadowStrike.vcxproj]
  ('/src/Shared_modules/RansomwareProtection/HoneypotManager.cpp' kaynak dosyas─▒ derleniyor)
  
C:\ShadowStrike\ShadowStrike\src\Shared_modules\RansomwareProtection\HoneypotManager.cpp(297,9): error C2653: 'Logger': bir s─▒n─▒f veya ad alan─▒ ad─▒ de─şil [C:\ShadowStrike\ShadowStrike\ShadowStrike.vcxproj]
  ('/src/Shared_modules/RansomwareProtection/HoneypotManager.cpp' kaynak dosyas─▒ derleniyor)
  
C:\ShadowStrike\ShadowStrike\src\Shared_modules\RansomwareProtection\HoneypotManager.cpp(297,17): error C3861: 'Info': tan─▒mlay─▒c─▒ bulunamad─▒ [C:\ShadowStrike\ShadowStrike\ShadowStrike.vcxproj]
  ('/src/Shared_modules/RansomwareProtection/HoneypotManager.cpp' kaynak dosyas─▒ derleniyor)
  
C:\ShadowStrike\ShadowStrike\src\Shared_modules\RansomwareProtection\HoneypotManager.cpp(307,9): error C2653: 'Logger': bir s─▒n─▒f veya ad alan─▒ ad─▒ de─şil [C:\ShadowStrike\ShadowStrike\ShadowStrike.vcxproj]
  ('/src/Shared_modules/RansomwareProtection/HoneypotManager.cpp' kaynak dosyas─▒ derleniyor)
  
C:\ShadowStrike\ShadowStrike\src\Shared_modules\RansomwareProtection\HoneypotManager.cpp(307,17): error C3861: 'Critical': tan─▒mlay─▒c─▒ bulunamad─▒ [C:\ShadowStrike\ShadowStrike\ShadowStrike.vcxproj]
  ('/src/Shared_modules/RansomwareProtection/HoneypotManager.cpp' kaynak dosyas─▒ derleniyor)
  
C:\ShadowStrike\ShadowStrike\src\Shared_modules\RansomwareProtection\HoneypotManager.cpp(331,5): error C2653: 'Logger': bir s─▒n─▒f veya ad alan─▒ ad─▒ de─şil [C:\ShadowStrike\ShadowStrike\ShadowStrike.vcxproj]
  ('/src/Shared_modules/RansomwareProtection/HoneypotManager.cpp' kaynak dosyas─▒ derleniyor)
  
C:\ShadowStrike\ShadowStrike\src\Shared_modules\RansomwareProtection\HoneypotManager.cpp(331,13): error C3861: 'Info': tan─▒mlay─▒c─▒ bulunamad─▒ [C:\ShadowStrike\ShadowStrike\ShadowStrike.vcxproj]
  ('/src/Shared_modules/RansomwareProtection/HoneypotManager.cpp' kaynak dosyas─▒ derleniyor)
  
C:\ShadowStrike\ShadowStrike\src\Shared_modules\RansomwareProtection\HoneypotManager.cpp(359,5): error C2653: 'Logger': bir s─▒n─▒f veya ad alan─▒ ad─▒ de─şil [C:\ShadowStrike\ShadowStrike\ShadowStrike.vcxproj]
  ('/src/Shared_modules/RansomwareProtection/HoneypotManager.cpp' kaynak dosyas─▒ derleniyor)
  
C:\ShadowStrike\ShadowStrike\src\Shared_modules\RansomwareProtection\HoneypotManager.cpp(359,13): error C3861: 'Info': tan─▒mlay─▒c─▒ bulunamad─▒ [C:\ShadowStrike\ShadowStrike\ShadowStrike.vcxproj]
  ('/src/Shared_modules/RansomwareProtection/HoneypotManager.cpp' kaynak dosyas─▒ derleniyor)
  
C:\ShadowStrike\ShadowStrike\src\Shared_modules\RansomwareProtection\HoneypotManager.cpp(372,9): error C2653: 'Logger': bir s─▒n─▒f veya ad alan─▒ ad─▒ de─şil [C:\ShadowStrike\ShadowStrike\ShadowStrike.vcxproj]
  ('/src/Shared_modules/RansomwareProtection/HoneypotManager.cpp' kaynak dosyas─▒ derleniyor)
  
C:\ShadowStrike\ShadowStrike\src\Shared_modules\RansomwareProtection\HoneypotManager.cpp(372,78): error C2653: 'StringUtils': bir s─▒n─▒f veya ad alan─▒ ad─▒ de─şil [C:\ShadowStrike\ShadowStrike\ShadowStrike.vcxproj]
  ('/src/Shared_modules/RansomwareProtection/HoneypotManager.cpp' kaynak dosyas─▒ derleniyor)
  
C:\ShadowStrike\ShadowStrike\src\Shared_modules\RansomwareProtection\HoneypotManager.cpp(372,91): error C3861: 'WStringToString': tan─▒mlay─▒c─▒ bulunamad─▒ [C:\ShadowStrike\ShadowStrike\ShadowStrike.vcxproj]
  ('/src/Shared_modules/RansomwareProtection/HoneypotManager.cpp' kaynak dosyas─▒ derleniyor)
  
C:\ShadowStrike\ShadowStrike\src\Shared_modules\RansomwareProtection\HoneypotManager.cpp(372,17): error C3861: 'Warn': tan─▒mlay─▒c─▒ bulunamad─▒ [C:\ShadowStrike\ShadowStrike\ShadowStrike.vcxproj]
  ('/src/Shared_modules/RansomwareProtection/HoneypotManager.cpp' kaynak dosyas─▒ derleniyor)
  
C:\ShadowStrike\ShadowStrike\src\Shared_modules\RansomwareProtection\HoneypotManager.cpp(391,13): error C2653: 'Logger': bir s─▒n─▒f veya ad alan─▒ ad─▒ de─şil [C:\ShadowStrike\ShadowStrike\ShadowStrike.vcxproj]
  ('/src/Shared_modules/RansomwareProtection/HoneypotManager.cpp' kaynak dosyas─▒ derleniyor)
  
C:\ShadowStrike\ShadowStrike\src\Shared_modules\RansomwareProtection\HoneypotManager.cpp(391,21): error C3861: 'Info': tan─▒mlay─▒c─▒ bulunamad─▒ [C:\ShadowStrike\ShadowStrike\ShadowStrike.vcxproj]
  ('/src/Shared_modules/RansomwareProtection/HoneypotManager.cpp' kaynak dosyas─▒ derleniyor)
  
C:\ShadowStrike\ShadowStrike\src\Shared_modules\RansomwareProtection\HoneypotManager.cpp(454,26): error C2653: 'HashUtils': bir s─▒n─▒f veya ad alan─▒ ad─▒ de─şil [C:\ShadowStrike\ShadowStrike\ShadowStrike.vcxproj]
  ('/src/Shared_modules/RansomwareProtection/HoneypotManager.cpp' kaynak dosyas─▒ derleniyor)
  
C:\ShadowStrike\ShadowStrike\src\Shared_modules\RansomwareProtection\HoneypotManager.cpp(454,37): error C3861: 'CalculateSHA256': tan─▒mlay─▒c─▒ bulunamad─▒ [C:\ShadowStrike\ShadowStrike\ShadowStrike.vcxproj]
  ('/src/Shared_modules/RansomwareProtection/HoneypotManager.cpp' kaynak dosyas─▒ derleniyor)
  
C:\ShadowStrike\ShadowStrike\src\Shared_modules\RansomwareProtection\HoneypotManager.cpp(455,14): error C2660: 'memcpy': i┼şlev 2 ba─ş─▒ms─▒z de─şi┼şken alm─▒yor [C:\ShadowStrike\ShadowStrike\ShadowStrike.vcxproj]
  ('/src/Shared_modules/RansomwareProtection/HoneypotManager.cpp' kaynak dosyas─▒ derleniyor)
      C:\Program Files\Microsoft Visual Studio\2022\Community\VC\Tools\MSVC\14.44.35207\include\vcruntime_string.h(43,15):
      'memcpy' bildirimine bak─▒n
      C:\ShadowStrike\ShadowStrike\src\Shared_modules\RansomwareProtection\HoneypotManager.cpp(455,14):
      '(_Ty *, int)' ba─ş─▒ms─▒z de─şi┼şken listesi e┼şlenmeye ├ğal─▒┼ş─▒l─▒rken
          with
          [
              _Ty=uint8_t
          ]
  
C:\ShadowStrike\ShadowStrike\src\Shared_modules\RansomwareProtection\HoneypotManager.cpp(472,25): error C2653: 'StringUtils': bir s─▒n─▒f veya ad alan─▒ ad─▒ de─şil [C:\ShadowStrike\ShadowStrike\ShadowStrike.vcxproj]
  ('/src/Shared_modules/RansomwareProtection/HoneypotManager.cpp' kaynak dosyas─▒ derleniyor)
  
C:\ShadowStrike\ShadowStrike\src\Shared_modules\RansomwareProtection\HoneypotManager.cpp(472,38): error C3861: 'ToLowerW': tan─▒mlay─▒c─▒ bulunamad─▒ [C:\ShadowStrike\ShadowStrike\ShadowStrike.vcxproj]
  ('/src/Shared_modules/RansomwareProtection/HoneypotManager.cpp' kaynak dosyas─▒ derleniyor)
  
C:\ShadowStrike\ShadowStrike\src\Shared_modules\RansomwareProtection\HoneypotManager.cpp(479,9): error C2653: 'Logger': bir s─▒n─▒f veya ad alan─▒ ad─▒ de─şil [C:\ShadowStrike\ShadowStrike\ShadowStrike.vcxproj]
  ('/src/Shared_modules/RansomwareProtection/HoneypotManager.cpp' kaynak dosyas─▒ derleniyor)
  
C:\ShadowStrike\ShadowStrike\src\Shared_modules\RansomwareProtection\HoneypotManager.cpp(479,61): error C2653: 'StringUtils': bir s─▒n─▒f veya ad alan─▒ ad─▒ de─şil [C:\ShadowStrike\ShadowStrike\ShadowStrike.vcxproj]
  ('/src/Shared_modules/RansomwareProtection/HoneypotManager.cpp' kaynak dosyas─▒ derleniyor)
  
C:\ShadowStrike\ShadowStrike\src\Shared_modules\RansomwareProtection\HoneypotManager.cpp(479,74): error C3861: 'WStringToString': tan─▒mlay─▒c─▒ bulunamad─▒ [C:\ShadowStrike\ShadowStrike\ShadowStrike.vcxproj]
  ('/src/Shared_modules/RansomwareProtection/HoneypotManager.cpp' kaynak dosyas─▒ derleniyor)
  
C:\ShadowStrike\ShadowStrike\src\Shared_modules\RansomwareProtection\HoneypotManager.cpp(479,17): error C3861: 'Info': tan─▒mlay─▒c─▒ bulunamad─▒ [C:\ShadowStrike\ShadowStrike\ShadowStrike.vcxproj]
  ('/src/Shared_modules/RansomwareProtection/HoneypotManager.cpp' kaynak dosyas─▒ derleniyor)
  
C:\ShadowStrike\ShadowStrike\src\Shared_modules\RansomwareProtection\HoneypotManager.cpp(484,9): error C2653: 'Logger': bir s─▒n─▒f veya ad alan─▒ ad─▒ de─şil [C:\ShadowStrike\ShadowStrike\ShadowStrike.vcxproj]
  ('/src/Shared_modules/RansomwareProtection/HoneypotManager.cpp' kaynak dosyas─▒ derleniyor)
  
C:\ShadowStrike\ShadowStrike\src\Shared_modules\RansomwareProtection\HoneypotManager.cpp(484,17): error C3861: 'Error': tan─▒mlay─▒c─▒ bulunamad─▒ [C:\ShadowStrike\ShadowStrike\ShadowStrike.vcxproj]
  ('/src/Shared_modules/RansomwareProtection/HoneypotManager.cpp' kaynak dosyas─▒ derleniyor)
  
C:\ShadowStrike\ShadowStrike\src\Shared_modules\RansomwareProtection\HoneypotManager.cpp(496,17): error C2653: 'FileUtils': bir s─▒n─▒f veya ad alan─▒ ad─▒ de─şil [C:\ShadowStrike\ShadowStrike\ShadowStrike.vcxproj]
  ('/src/Shared_modules/RansomwareProtection/HoneypotManager.cpp' kaynak dosyas─▒ derleniyor)
  
C:\ShadowStrike\ShadowStrike\src\Shared_modules\RansomwareProtection\HoneypotManager.cpp(496,28): error C2660: 'SetFileAttributesA': i┼şlev 3 ba─ş─▒ms─▒z de─şi┼şken alm─▒yor [C:\ShadowStrike\ShadowStrike\ShadowStrike.vcxproj]
  ('/src/Shared_modules/RansomwareProtection/HoneypotManager.cpp' kaynak dosyas─▒ derleniyor)
      C:\Program Files (x86)\Windows Kits\10\Include\10.0.26100.0\um\fileapi.h(1055,1):
      'SetFileAttributesA' bildirimine bak─▒n
      C:\ShadowStrike\ShadowStrike\src\Shared_modules\RansomwareProtection\HoneypotManager.cpp(496,28):
      '(const std::wstring, bool, bool)' ba─ş─▒ms─▒z de─şi┼şken listesi e┼şlenmeye ├ğal─▒┼ş─▒l─▒rken
  
C:\ShadowStrike\ShadowStrike\src\Shared_modules\RansomwareProtection\HoneypotManager.cpp(507,5): error C2653: 'Logger': bir s─▒n─▒f veya ad alan─▒ ad─▒ de─şil [C:\ShadowStrike\ShadowStrike\ShadowStrike.vcxproj]
  ('/src/Shared_modules/RansomwareProtection/HoneypotManager.cpp' kaynak dosyas─▒ derleniyor)
  
C:\ShadowStrike\ShadowStrike\src\Shared_modules\RansomwareProtection\HoneypotManager.cpp(507,13): error C3861: 'Info': tan─▒mlay─▒c─▒ bulunamad─▒ [C:\ShadowStrike\ShadowStrike\ShadowStrike.vcxproj]
  ('/src/Shared_modules/RansomwareProtection/HoneypotManager.cpp' kaynak dosyas─▒ derleniyor)
  
C:\ShadowStrike\ShadowStrike\src\Shared_modules\RansomwareProtection\HoneypotManager.cpp(517,17): error C2653: 'FileUtils': bir s─▒n─▒f veya ad alan─▒ ad─▒ de─şil [C:\ShadowStrike\ShadowStrike\ShadowStrike.vcxproj]
  ('/src/Shared_modules/RansomwareProtection/HoneypotManager.cpp' kaynak dosyas─▒ derleniyor)
  
C:\ShadowStrike\ShadowStrike\src\Shared_modules\RansomwareProtection\HoneypotManager.cpp(517,28): error C2660: 'SetFileAttributesA': i┼şlev 3 ba─ş─▒ms─▒z de─şi┼şken alm─▒yor [C:\ShadowStrike\ShadowStrike\ShadowStrike.vcxproj]
  ('/src/Shared_modules/RansomwareProtection/HoneypotManager.cpp' kaynak dosyas─▒ derleniyor)
      C:\Program Files (x86)\Windows Kits\10\Include\10.0.26100.0\um\fileapi.h(1055,1):
      'SetFileAttributesA' bildirimine bak─▒n
      C:\ShadowStrike\ShadowStrike\src\Shared_modules\RansomwareProtection\HoneypotManager.cpp(517,28):
      '(std::wstring, bool, bool)' ba─ş─▒ms─▒z de─şi┼şken listesi e┼şlenmeye ├ğal─▒┼ş─▒l─▒rken
  
C:\ShadowStrike\ShadowStrike\src\Shared_modules\RansomwareProtection\HoneypotManager.cpp(522,27): error C2653: 'StringUtils': bir s─▒n─▒f veya ad alan─▒ ad─▒ de─şil [C:\ShadowStrike\ShadowStrike\ShadowStrike.vcxproj]
  ('/src/Shared_modules/RansomwareProtection/HoneypotManager.cpp' kaynak dosyas─▒ derleniyor)
  
C:\ShadowStrike\ShadowStrike\src\Shared_modules\RansomwareProtection\HoneypotManager.cpp(522,40): error C3861: 'ToLowerW': tan─▒mlay─▒c─▒ bulunamad─▒ [C:\ShadowStrike\ShadowStrike\ShadowStrike.vcxproj]
  ('/src/Shared_modules/RansomwareProtection/HoneypotManager.cpp' kaynak dosyas─▒ derleniyor)
  
C:\ShadowStrike\ShadowStrike\src\Shared_modules\RansomwareProtection\HoneypotManager.cpp(522,21): error C2668: 'std::_Hash<std::_Umap_traits<_Kty,_Ty,std::_Uhash_compare<_Kty,_Hasher,_Keyeq>,_Alloc,false>>::erase': a┼ş─▒r─▒ y├╝klenmi┼ş i┼şleve belirsiz ├ğa─şr─▒ [C:\ShadowStrike\ShadowStrike\ShadowStrike.vcxproj]
C:\ShadowStrike\ShadowStrike\src\Shared_modules\RansomwareProtection\HoneypotManager.cpp(522,21): error C2668:         with [C:\ShadowStrike\ShadowStrike\ShadowStrike.vcxproj]
C:\ShadowStrike\ShadowStrike\src\Shared_modules\RansomwareProtection\HoneypotManager.cpp(522,21): error C2668:         [ [C:\ShadowStrike\ShadowStrike\ShadowStrike.vcxproj]
C:\ShadowStrike\ShadowStrike\src\Shared_modules\RansomwareProtection\HoneypotManager.cpp(522,21): error C2668:             _Kty=std::wstring, [C:\ShadowStrike\ShadowStrike\ShadowStrike.vcxproj]
C:\ShadowStrike\ShadowStrike\src\Shared_modules\RansomwareProtection\HoneypotManager.cpp(522,21): error C2668:             _Ty=std::string, [C:\ShadowStrike\ShadowStrike\ShadowStrike.vcxproj]
C:\ShadowStrike\ShadowStrike\src\Shared_modules\RansomwareProtection\HoneypotManager.cpp(522,21): error C2668:             _Hasher=std::hash<std::wstring>, [C:\ShadowStrike\ShadowStrike\ShadowStrike.vcxproj]
C:\ShadowStrike\ShadowStrike\src\Shared_modules\RansomwareProtection\HoneypotManager.cpp(522,21): error C2668:             _Keyeq=std::equal_to<std::wstring>, [C:\ShadowStrike\ShadowStrike\ShadowStrike.vcxproj]
C:\ShadowStrike\ShadowStrike\src\Shared_modules\RansomwareProtection\HoneypotManager.cpp(522,21): error C2668:             _Alloc=std::allocator<std::pair<const std::wstring,std::string>> [C:\ShadowStrike\ShadowStrike\ShadowStrike.vcxproj]
C:\ShadowStrike\ShadowStrike\src\Shared_modules\RansomwareProtection\HoneypotManager.cpp(522,21): error C2668:         ] [C:\ShadowStrike\ShadowStrike\ShadowStrike.vcxproj]
  ('/src/Shared_modules/RansomwareProtection/HoneypotManager.cpp' kaynak dosyas─▒ derleniyor)
      C:\Program Files\Microsoft Visual Studio\2022\Community\VC\Tools\MSVC\14.44.35207\include\xhash(1143,15):
      'unsigned __int64 std::_Hash<std::_Umap_traits<_Kty,_Ty,std::_Uhash_compare<_Kty,_Hasher,_Keyeq>,_Alloc,false>>::erase(const std::basic_string<wchar_t,std::char_traits<wchar_t>,std::allocator<wchar_t>> &) noexcept(<expr>)' olabilirdi
          with
          [
              _Kty=std::wstring,
              _Ty=std::string,
              _Hasher=std::hash<std::wstring>,
              _Keyeq=std::equal_to<std::wstring>,
              _Alloc=std::allocator<std::pair<const std::wstring,std::string>>
          ]
      C:\Program Files\Microsoft Visual Studio\2022\Community\VC\Tools\MSVC\14.44.35207\include\xhash(1134,14):
      veya       'std::_List_iterator<std::_List_val<std::_List_simple_types<_Ty>>> std::_Hash<std::_Umap_traits<_Kty,std::basic_string<char,std::char_traits<char>,std::allocator<char>>,std::_Uhash_compare<_Kty,_Hasher,_Keyeq>,_Alloc,false>>::erase(std::_List_const_iterator<std::_List_val<std::_List_simple_types<_Ty>>>) noexcept(<expr>)'
          with
          [
              _Ty=std::pair<const std::wstring,std::string>,
              _Kty=std::wstring,
              _Hasher=std::hash<std::wstring>,
              _Keyeq=std::equal_to<std::wstring>,
              _Alloc=std::allocator<std::pair<const std::wstring,std::string>>
          ]
      C:\Program Files\Microsoft Visual Studio\2022\Community\VC\Tools\MSVC\14.44.35207\include\xhash(1130,14):
      veya       'std::_List_iterator<std::_List_val<std::_List_simple_types<_Ty>>> std::_Hash<std::_Umap_traits<_Kty,std::basic_string<char,std::char_traits<char>,std::allocator<char>>,std::_Uhash_compare<_Kty,_Hasher,_Keyeq>,_Alloc,false>>::erase<std::_List_iterator<std::_List_val<std::_List_simple_types<_Ty>>>,0>(std::_List_iterator<std::_List_val<std::_List_simple_types<_Ty>>>) noexcept(<expr>)'
          with
          [
              _Ty=std::pair<const std::wstring,std::string>,
              _Kty=std::wstring,
              _Hasher=std::hash<std::wstring>,
              _Keyeq=std::equal_to<std::wstring>,
              _Alloc=std::allocator<std::pair<const std::wstring,std::string>>
          ]
      C:\ShadowStrike\ShadowStrike\src\Shared_modules\RansomwareProtection\HoneypotManager.cpp(522,21):
      '(<error type>)' ba─ş─▒ms─▒z de─şi┼şken listesi e┼şlenmeye ├ğal─▒┼ş─▒l─▒rken
  
C:\ShadowStrike\ShadowStrike\src\Shared_modules\RansomwareProtection\HoneypotManager.cpp(529,30): error C2653: 'StringUtils': bir s─▒n─▒f veya ad alan─▒ ad─▒ de─şil [C:\ShadowStrike\ShadowStrike\ShadowStrike.vcxproj]
  ('/src/Shared_modules/RansomwareProtection/HoneypotManager.cpp' kaynak dosyas─▒ derleniyor)
  
C:\ShadowStrike\ShadowStrike\src\Shared_modules\RansomwareProtection\HoneypotManager.cpp(529,43): error C3861: 'ToLowerW': tan─▒mlay─▒c─▒ bulunamad─▒ [C:\ShadowStrike\ShadowStrike\ShadowStrike.vcxproj]
  ('/src/Shared_modules/RansomwareProtection/HoneypotManager.cpp' kaynak dosyas─▒ derleniyor)
  
C:\ShadowStrike\ShadowStrike\src\Shared_modules\RansomwareProtection\HoneypotManager.cpp(550,29): error C2653: 'StringUtils': bir s─▒n─▒f veya ad alan─▒ ad─▒ de─şil [C:\ShadowStrike\ShadowStrike\ShadowStrike.vcxproj]
  ('/src/Shared_modules/RansomwareProtection/HoneypotManager.cpp' kaynak dosyas─▒ derleniyor)
  
C:\ShadowStrike\ShadowStrike\src\Shared_modules\RansomwareProtection\HoneypotManager.cpp(550,42): error C3861: 'ToLowerW': tan─▒mlay─▒c─▒ bulunamad─▒ [C:\ShadowStrike\ShadowStrike\ShadowStrike.vcxproj]
  ('/src/Shared_modules/RansomwareProtection/HoneypotManager.cpp' kaynak dosyas─▒ derleniyor)
  
C:\ShadowStrike\ShadowStrike\src\Shared_modules\RansomwareProtection\HoneypotManager.cpp(556,32): error C2653: 'StringUtils': bir s─▒n─▒f veya ad alan─▒ ad─▒ de─şil [C:\ShadowStrike\ShadowStrike\ShadowStrike.vcxproj]
  ('/src/Shared_modules/RansomwareProtection/HoneypotManager.cpp' kaynak dosyas─▒ derleniyor)
  
C:\ShadowStrike\ShadowStrike\src\Shared_modules\RansomwareProtection\HoneypotManager.cpp(556,45): error C3861: 'ToLowerW': tan─▒mlay─▒c─▒ bulunamad─▒ [C:\ShadowStrike\ShadowStrike\ShadowStrike.vcxproj]
  ('/src/Shared_modules/RansomwareProtection/HoneypotManager.cpp' kaynak dosyas─▒ derleniyor)
  
C:\ShadowStrike\ShadowStrike\src\Shared_modules\RansomwareProtection\HoneypotManager.cpp(591,29): error C2653: 'StringUtils': bir s─▒n─▒f veya ad alan─▒ ad─▒ de─şil [C:\ShadowStrike\ShadowStrike\ShadowStrike.vcxproj]
  ('/src/Shared_modules/RansomwareProtection/HoneypotManager.cpp' kaynak dosyas─▒ derleniyor)
  
C:\ShadowStrike\ShadowStrike\src\Shared_modules\RansomwareProtection\HoneypotManager.cpp(591,42): error C3861: 'ToLowerW': tan─▒mlay─▒c─▒ bulunamad─▒ [C:\ShadowStrike\ShadowStrike\ShadowStrike.vcxproj]
  ('/src/Shared_modules/RansomwareProtection/HoneypotManager.cpp' kaynak dosyas─▒ derleniyor)
  
C:\ShadowStrike\ShadowStrike\src\Shared_modules\RansomwareProtection\HoneypotManager.cpp(622,17): error C2653: 'FileUtils': bir s─▒n─▒f veya ad alan─▒ ad─▒ de─şil [C:\ShadowStrike\ShadowStrike\ShadowStrike.vcxproj]
  ('/src/Shared_modules/RansomwareProtection/HoneypotManager.cpp' kaynak dosyas─▒ derleniyor)
  
C:\ShadowStrike\ShadowStrike\src\Shared_modules\RansomwareProtection\HoneypotManager.cpp(622,28): error C2660: 'SetFileAttributesA': i┼şlev 3 ba─ş─▒ms─▒z de─şi┼şken alm─▒yor [C:\ShadowStrike\ShadowStrike\ShadowStrike.vcxproj]
  ('/src/Shared_modules/RansomwareProtection/HoneypotManager.cpp' kaynak dosyas─▒ derleniyor)
      C:\Program Files (x86)\Windows Kits\10\Include\10.0.26100.0\um\fileapi.h(1055,1):
      'SetFileAttributesA' bildirimine bak─▒n
      C:\ShadowStrike\ShadowStrike\src\Shared_modules\RansomwareProtection\HoneypotManager.cpp(622,28):
      '(std::wstring, bool, bool)' ba─ş─▒ms─▒z de─şi┼şken listesi e┼şlenmeye ├ğal─▒┼ş─▒l─▒rken
  
C:\ShadowStrike\ShadowStrike\src\Shared_modules\RansomwareProtection\HoneypotManager.cpp(632,13): error C2653: 'Logger': bir s─▒n─▒f veya ad alan─▒ ad─▒ de─şil [C:\ShadowStrike\ShadowStrike\ShadowStrike.vcxproj]
  ('/src/Shared_modules/RansomwareProtection/HoneypotManager.cpp' kaynak dosyas─▒ derleniyor)
  
C:\ShadowStrike\ShadowStrike\src\Shared_modules\RansomwareProtection\HoneypotManager.cpp(632,68): error C2653: 'StringUtils': bir s─▒n─▒f veya ad alan─▒ ad─▒ de─şil [C:\ShadowStrike\ShadowStrike\ShadowStrike.vcxproj]
  ('/src/Shared_modules/RansomwareProtection/HoneypotManager.cpp' kaynak dosyas─▒ derleniyor)
  
C:\ShadowStrike\ShadowStrike\src\Shared_modules\RansomwareProtection\HoneypotManager.cpp(632,81): error C3861: 'WStringToString': tan─▒mlay─▒c─▒ bulunamad─▒ [C:\ShadowStrike\ShadowStrike\ShadowStrike.vcxproj]
  ('/src/Shared_modules/RansomwareProtection/HoneypotManager.cpp' kaynak dosyas─▒ derleniyor)
  
C:\ShadowStrike\ShadowStrike\src\Shared_modules\RansomwareProtection\HoneypotManager.cpp(632,21): error C3861: 'Info': tan─▒mlay─▒c─▒ bulunamad─▒ [C:\ShadowStrike\ShadowStrike\ShadowStrike.vcxproj]
  ('/src/Shared_modules/RansomwareProtection/HoneypotManager.cpp' kaynak dosyas─▒ derleniyor)
  
C:\ShadowStrike\ShadowStrike\src\Shared_modules\RansomwareProtection\HoneypotManager.cpp(635,13): error C2653: 'Logger': bir s─▒n─▒f veya ad alan─▒ ad─▒ de─şil [C:\ShadowStrike\ShadowStrike\ShadowStrike.vcxproj]
  ('/src/Shared_modules/RansomwareProtection/HoneypotManager.cpp' kaynak dosyas─▒ derleniyor)
  
C:\ShadowStrike\ShadowStrike\src\Shared_modules\RansomwareProtection\HoneypotManager.cpp(635,21): error C3861: 'Error': tan─▒mlay─▒c─▒ bulunamad─▒ [C:\ShadowStrike\ShadowStrike\ShadowStrike.vcxproj]
  ('/src/Shared_modules/RansomwareProtection/HoneypotManager.cpp' kaynak dosyas─▒ derleniyor)
  
C:\ShadowStrike\ShadowStrike\src\Shared_modules\RansomwareProtection\HoneypotManager.cpp(667,9): error C2653: 'Logger': bir s─▒n─▒f veya ad alan─▒ ad─▒ de─şil [C:\ShadowStrike\ShadowStrike\ShadowStrike.vcxproj]
  ('/src/Shared_modules/RansomwareProtection/HoneypotManager.cpp' kaynak dosyas─▒ derleniyor)
  
C:\ShadowStrike\ShadowStrike\src\Shared_modules\RansomwareProtection\HoneypotManager.cpp(667,60): error C2653: 'StringUtils': bir s─▒n─▒f veya ad alan─▒ ad─▒ de─şil [C:\ShadowStrike\ShadowStrike\ShadowStrike.vcxproj]
  ('/src/Shared_modules/RansomwareProtection/HoneypotManager.cpp' kaynak dosyas─▒ derleniyor)
  
C:\ShadowStrike\ShadowStrike\src\Shared_modules\RansomwareProtection\HoneypotManager.cpp(667,73): error C3861: 'WStringToString': tan─▒mlay─▒c─▒ bulunamad─▒ [C:\ShadowStrike\ShadowStrike\ShadowStrike.vcxproj]
  ('/src/Shared_modules/RansomwareProtection/HoneypotManager.cpp' kaynak dosyas─▒ derleniyor)
  
C:\ShadowStrike\ShadowStrike\src\Shared_modules\RansomwareProtection\HoneypotManager.cpp(667,17): error C3861: 'Warn': tan─▒mlay─▒c─▒ bulunamad─▒ [C:\ShadowStrike\ShadowStrike\ShadowStrike.vcxproj]
  ('/src/Shared_modules/RansomwareProtection/HoneypotManager.cpp' kaynak dosyas─▒ derleniyor)
  
C:\ShadowStrike\ShadowStrike\src\Shared_modules\RansomwareProtection\HoneypotManager.cpp(673,33): error C2653: 'HashUtils': bir s─▒n─▒f veya ad alan─▒ ad─▒ de─şil [C:\ShadowStrike\ShadowStrike\ShadowStrike.vcxproj]
  ('/src/Shared_modules/RansomwareProtection/HoneypotManager.cpp' kaynak dosyas─▒ derleniyor)
  
C:\ShadowStrike\ShadowStrike\src\Shared_modules\RansomwareProtection\HoneypotManager.cpp(673,44): error C3861: 'CalculateSHA256': tan─▒mlay─▒c─▒ bulunamad─▒ [C:\ShadowStrike\ShadowStrike\ShadowStrike.vcxproj]
  ('/src/Shared_modules/RansomwareProtection/HoneypotManager.cpp' kaynak dosyas─▒ derleniyor)
  
C:\ShadowStrike\ShadowStrike\src\Shared_modules\RansomwareProtection\HoneypotManager.cpp(675,14): error C2660: 'memcpy': i┼şlev 2 ba─ş─▒ms─▒z de─şi┼şken alm─▒yor [C:\ShadowStrike\ShadowStrike\ShadowStrike.vcxproj]
  ('/src/Shared_modules/RansomwareProtection/HoneypotManager.cpp' kaynak dosyas─▒ derleniyor)
      C:\Program Files\Microsoft Visual Studio\2022\Community\VC\Tools\MSVC\14.44.35207\include\vcruntime_string.h(43,15):
      'memcpy' bildirimine bak─▒n
      C:\ShadowStrike\ShadowStrike\src\Shared_modules\RansomwareProtection\HoneypotManager.cpp(675,14):
      '(_Ty *, int)' ba─ş─▒ms─▒z de─şi┼şken listesi e┼şlenmeye ├ğal─▒┼ş─▒l─▒rken
          with
          [
              _Ty=uint8_t
          ]
  
C:\ShadowStrike\ShadowStrike\src\Shared_modules\RansomwareProtection\HoneypotManager.cpp(679,13): error C2653: 'Logger': bir s─▒n─▒f veya ad alan─▒ ad─▒ de─şil [C:\ShadowStrike\ShadowStrike\ShadowStrike.vcxproj]
  ('/src/Shared_modules/RansomwareProtection/HoneypotManager.cpp' kaynak dosyas─▒ derleniyor)
  
C:\ShadowStrike\ShadowStrike\src\Shared_modules\RansomwareProtection\HoneypotManager.cpp(679,85): error C2653: 'StringUtils': bir s─▒n─▒f veya ad alan─▒ ad─▒ de─şil [C:\ShadowStrike\ShadowStrike\ShadowStrike.vcxproj]
  ('/src/Shared_modules/RansomwareProtection/HoneypotManager.cpp' kaynak dosyas─▒ derleniyor)
  
C:\ShadowStrike\ShadowStrike\src\Shared_modules\RansomwareProtection\HoneypotManager.cpp(679,98): error C3861: 'WStringToString': tan─▒mlay─▒c─▒ bulunamad─▒ [C:\ShadowStrike\ShadowStrike\ShadowStrike.vcxproj]
  ('/src/Shared_modules/RansomwareProtection/HoneypotManager.cpp' kaynak dosyas─▒ derleniyor)
  
C:\ShadowStrike\ShadowStrike\src\Shared_modules\RansomwareProtection\HoneypotManager.cpp(679,21): error C3861: 'Warn': tan─▒mlay─▒c─▒ bulunamad─▒ [C:\ShadowStrike\ShadowStrike\ShadowStrike.vcxproj]
  ('/src/Shared_modules/RansomwareProtection/HoneypotManager.cpp' kaynak dosyas─▒ derleniyor)
  
C:\ShadowStrike\ShadowStrike\src\Shared_modules\RansomwareProtection\HoneypotManager.cpp(687,39): error C2838: 'Error': ├╝ye bildiriminde ge├ğersiz tam ad [C:\ShadowStrike\ShadowStrike\ShadowStrike.vcxproj]
  ('/src/Shared_modules/RansomwareProtection/HoneypotManager.cpp' kaynak dosyas─▒ derleniyor)
  
C:\ShadowStrike\ShadowStrike\src\Shared_modules\RansomwareProtection\HoneypotManager.cpp(687,39): error C2065: 'Error': bildirimi yap─▒lmam─▒┼ş tan─▒mlay─▒c─▒ [C:\ShadowStrike\ShadowStrike\ShadowStrike.vcxproj]
  ('/src/Shared_modules/RansomwareProtection/HoneypotManager.cpp' kaynak dosyas─▒ derleniyor)
  
C:\ShadowStrike\ShadowStrike\src\Shared_modules\RansomwareProtection\HoneypotManager.cpp(715,9): error C2653: 'Logger': bir s─▒n─▒f veya ad alan─▒ ad─▒ de─şil [C:\ShadowStrike\ShadowStrike\ShadowStrike.vcxproj]
  ('/src/Shared_modules/RansomwareProtection/HoneypotManager.cpp' kaynak dosyas─▒ derleniyor)
  
C:\ShadowStrike\ShadowStrike\src\Shared_modules\RansomwareProtection\HoneypotManager.cpp(715,17): error C3861: 'Warn': tan─▒mlay─▒c─▒ bulunamad─▒ [C:\ShadowStrike\ShadowStrike\ShadowStrike.vcxproj]
  ('/src/Shared_modules/RansomwareProtection/HoneypotManager.cpp' kaynak dosyas─▒ derleniyor)
  
C:\ShadowStrike\ShadowStrike\src\Shared_modules\RansomwareProtection\HoneypotManager.cpp(724,9): error C2653: 'Logger': bir s─▒n─▒f veya ad alan─▒ ad─▒ de─şil [C:\ShadowStrike\ShadowStrike\ShadowStrike.vcxproj]
  ('/src/Shared_modules/RansomwareProtection/HoneypotManager.cpp' kaynak dosyas─▒ derleniyor)
  
C:\ShadowStrike\ShadowStrike\src\Shared_modules\RansomwareProtection\HoneypotManager.cpp(724,17): error C3861: 'Info': tan─▒mlay─▒c─▒ bulunamad─▒ [C:\ShadowStrike\ShadowStrike\ShadowStrike.vcxproj]
  ('/src/Shared_modules/RansomwareProtection/HoneypotManager.cpp' kaynak dosyas─▒ derleniyor)
  
C:\ShadowStrike\ShadowStrike\src\Shared_modules\RansomwareProtection\HoneypotManager.cpp(752,29): error C2653: 'ProcessUtils': bir s─▒n─▒f veya ad alan─▒ ad─▒ de─şil [C:\ShadowStrike\ShadowStrike\ShadowStrike.vcxproj]
  ('/src/Shared_modules/RansomwareProtection/HoneypotManager.cpp' kaynak dosyas─▒ derleniyor)
  
C:\ShadowStrike\ShadowStrike\src\Shared_modules\RansomwareProtection\HoneypotManager.cpp(752,43): error C3861: 'GetProcessName': tan─▒mlay─▒c─▒ bulunamad─▒ [C:\ShadowStrike\ShadowStrike\ShadowStrike.vcxproj]
  ('/src/Shared_modules/RansomwareProtection/HoneypotManager.cpp' kaynak dosyas─▒ derleniyor)
  
C:\ShadowStrike\ShadowStrike\src\Shared_modules\RansomwareProtection\HoneypotManager.cpp(752,14): error C2593: 'operator =' belirsiz [C:\ShadowStrike\ShadowStrike\ShadowStrike.vcxproj]
  ('/src/Shared_modules/RansomwareProtection/HoneypotManager.cpp' kaynak dosyas─▒ derleniyor)
      C:\Program Files\Microsoft Visual Studio\2022\Community\VC\Tools\MSVC\14.44.35207\include\xstring(1453,32):
      'std::basic_string<wchar_t,std::char_traits<wchar_t>,std::allocator<wchar_t>> &std::basic_string<wchar_t,std::char_traits<wchar_t>,std::allocator<wchar_t>>::operator =(const _Elem)' olabilirdi
          with
          [
              _Elem=wchar_t
          ]
      C:\Program Files\Microsoft Visual Studio\2022\Community\VC\Tools\MSVC\14.44.35207\include\xstring(1450,19):
      veya       'std::basic_string<wchar_t,std::char_traits<wchar_t>,std::allocator<wchar_t>> &std::basic_string<wchar_t,std::char_traits<wchar_t>,std::allocator<wchar_t>>::operator =(std::nullptr_t)'
      C:\Program Files\Microsoft Visual Studio\2022\Community\VC\Tools\MSVC\14.44.35207\include\xstring(1445,32):
      veya       'std::basic_string<wchar_t,std::char_traits<wchar_t>,std::allocator<wchar_t>> &std::basic_string<wchar_t,std::char_traits<wchar_t>,std::allocator<wchar_t>>::operator =(const _Elem *const )'
          with
          [
              _Elem=wchar_t
          ]
      C:\Program Files\Microsoft Visual Studio\2022\Community\VC\Tools\MSVC\14.44.35207\include\xstring(1394,32):
      veya       'std::basic_string<wchar_t,std::char_traits<wchar_t>,std::allocator<wchar_t>> &std::basic_string<wchar_t,std::char_traits<wchar_t>,std::allocator<wchar_t>>::operator =(const std::basic_string<wchar_t,std::char_traits<wchar_t>,std::allocator<wchar_t>> &)'
      C:\Program Files\Microsoft Visual Studio\2022\Community\VC\Tools\MSVC\14.44.35207\include\xstring(1345,32):
      veya       'std::basic_string<wchar_t,std::char_traits<wchar_t>,std::allocator<wchar_t>> &std::basic_string<wchar_t,std::char_traits<wchar_t>,std::allocator<wchar_t>>::operator =(std::initializer_list<_Elem>)'
          with
          [
              _Elem=wchar_t
          ]
      C:\Program Files\Microsoft Visual Studio\2022\Community\VC\Tools\MSVC\14.44.35207\include\xstring(1224,32):
      veya       'std::basic_string<wchar_t,std::char_traits<wchar_t>,std::allocator<wchar_t>> &std::basic_string<wchar_t,std::char_traits<wchar_t>,std::allocator<wchar_t>>::operator =(std::basic_string<wchar_t,std::char_traits<wchar_t>,std::allocator<wchar_t>> &&) noexcept'
      C:\ShadowStrike\ShadowStrike\src\Shared_modules\RansomwareProtection\HoneypotManager.cpp(752,14):
      '(std::wstring, <error type>)' ba─ş─▒ms─▒z de─şi┼şken listesi e┼şlenmeye ├ğal─▒┼ş─▒l─▒rken
  
C:\ShadowStrike\ShadowStrike\src\Shared_modules\RansomwareProtection\HoneypotManager.cpp(753,29): error C2653: 'ProcessUtils': bir s─▒n─▒f veya ad alan─▒ ad─▒ de─şil [C:\ShadowStrike\ShadowStrike\ShadowStrike.vcxproj]
  ('/src/Shared_modules/RansomwareProtection/HoneypotManager.cpp' kaynak dosyas─▒ derleniyor)
  
C:\ShadowStrike\ShadowStrike\src\Shared_modules\RansomwareProtection\HoneypotManager.cpp(753,43): error C3861: 'GetProcessImagePath': tan─▒mlay─▒c─▒ bulunamad─▒ [C:\ShadowStrike\ShadowStrike\ShadowStrike.vcxproj]
  ('/src/Shared_modules/RansomwareProtection/HoneypotManager.cpp' kaynak dosyas─▒ derleniyor)
  
C:\ShadowStrike\ShadowStrike\src\Shared_modules\RansomwareProtection\HoneypotManager.cpp(753,14): error C2593: 'operator =' belirsiz [C:\ShadowStrike\ShadowStrike\ShadowStrike.vcxproj]
  ('/src/Shared_modules/RansomwareProtection/HoneypotManager.cpp' kaynak dosyas─▒ derleniyor)
      C:\Program Files\Microsoft Visual Studio\2022\Community\VC\Tools\MSVC\14.44.35207\include\xstring(1453,32):
      'std::basic_string<wchar_t,std::char_traits<wchar_t>,std::allocator<wchar_t>> &std::basic_string<wchar_t,std::char_traits<wchar_t>,std::allocator<wchar_t>>::operator =(const _Elem)' olabilirdi
          with
          [
              _Elem=wchar_t
          ]
      C:\Program Files\Microsoft Visual Studio\2022\Community\VC\Tools\MSVC\14.44.35207\include\xstring(1450,19):
      veya       'std::basic_string<wchar_t,std::char_traits<wchar_t>,std::allocator<wchar_t>> &std::basic_string<wchar_t,std::char_traits<wchar_t>,std::allocator<wchar_t>>::operator =(std::nullptr_t)'
      C:\Program Files\Microsoft Visual Studio\2022\Community\VC\Tools\MSVC\14.44.35207\include\xstring(1445,32):
      veya       'std::basic_string<wchar_t,std::char_traits<wchar_t>,std::allocator<wchar_t>> &std::basic_string<wchar_t,std::char_traits<wchar_t>,std::allocator<wchar_t>>::operator =(const _Elem *const )'
          with
          [
              _Elem=wchar_t
          ]
      C:\Program Files\Microsoft Visual Studio\2022\Community\VC\Tools\MSVC\14.44.35207\include\xstring(1394,32):
      veya       'std::basic_string<wchar_t,std::char_traits<wchar_t>,std::allocator<wchar_t>> &std::basic_string<wchar_t,std::char_traits<wchar_t>,std::allocator<wchar_t>>::operator =(const std::basic_string<wchar_t,std::char_traits<wchar_t>,std::allocator<wchar_t>> &)'
      C:\Program Files\Microsoft Visual Studio\2022\Community\VC\Tools\MSVC\14.44.35207\include\xstring(1345,32):
      veya       'std::basic_string<wchar_t,std::char_traits<wchar_t>,std::allocator<wchar_t>> &std::basic_string<wchar_t,std::char_traits<wchar_t>,std::allocator<wchar_t>>::operator =(std::initializer_list<_Elem>)'
          with
          [
              _Elem=wchar_t
          ]
      C:\Program Files\Microsoft Visual Studio\2022\Community\VC\Tools\MSVC\14.44.35207\include\xstring(1224,32):
      veya       'std::basic_string<wchar_t,std::char_traits<wchar_t>,std::allocator<wchar_t>> &std::basic_string<wchar_t,std::char_traits<wchar_t>,std::allocator<wchar_t>>::operator =(std::basic_string<wchar_t,std::char_traits<wchar_t>,std::allocator<wchar_t>> &&) noexcept'
      C:\ShadowStrike\ShadowStrike\src\Shared_modules\RansomwareProtection\HoneypotManager.cpp(753,14):
      '(std::wstring, <error type>)' ba─ş─▒ms─▒z de─şi┼şken listesi e┼şlenmeye ├ğal─▒┼ş─▒l─▒rken
  
C:\ShadowStrike\ShadowStrike\src\Shared_modules\RansomwareProtection\HoneypotManager.cpp(754,29): error C2653: 'ProcessUtils': bir s─▒n─▒f veya ad alan─▒ ad─▒ de─şil [C:\ShadowStrike\ShadowStrike\ShadowStrike.vcxproj]
  ('/src/Shared_modules/RansomwareProtection/HoneypotManager.cpp' kaynak dosyas─▒ derleniyor)
  
C:\ShadowStrike\ShadowStrike\src\Shared_modules\RansomwareProtection\HoneypotManager.cpp(754,43): error C3861: 'GetProcessCommandLine': tan─▒mlay─▒c─▒ bulunamad─▒ [C:\ShadowStrike\ShadowStrike\ShadowStrike.vcxproj]
  ('/src/Shared_modules/RansomwareProtection/HoneypotManager.cpp' kaynak dosyas─▒ derleniyor)
  
C:\ShadowStrike\ShadowStrike\src\Shared_modules\RansomwareProtection\HoneypotManager.cpp(754,14): error C2593: 'operator =' belirsiz [C:\ShadowStrike\ShadowStrike\ShadowStrike.vcxproj]
  ('/src/Shared_modules/RansomwareProtection/HoneypotManager.cpp' kaynak dosyas─▒ derleniyor)
      C:\Program Files\Microsoft Visual Studio\2022\Community\VC\Tools\MSVC\14.44.35207\include\xstring(1453,32):
      'std::basic_string<wchar_t,std::char_traits<wchar_t>,std::allocator<wchar_t>> &std::basic_string<wchar_t,std::char_traits<wchar_t>,std::allocator<wchar_t>>::operator =(const _Elem)' olabilirdi
          with
          [
              _Elem=wchar_t
          ]
      C:\Program Files\Microsoft Visual Studio\2022\Community\VC\Tools\MSVC\14.44.35207\include\xstring(1450,19):
      veya       'std::basic_string<wchar_t,std::char_traits<wchar_t>,std::allocator<wchar_t>> &std::basic_string<wchar_t,std::char_traits<wchar_t>,std::allocator<wchar_t>>::operator =(std::nullptr_t)'
      C:\Program Files\Microsoft Visual Studio\2022\Community\VC\Tools\MSVC\14.44.35207\include\xstring(1445,32):
      veya       'std::basic_string<wchar_t,std::char_traits<wchar_t>,std::allocator<wchar_t>> &std::basic_string<wchar_t,std::char_traits<wchar_t>,std::allocator<wchar_t>>::operator =(const _Elem *const )'
          with
          [
              _Elem=wchar_t
          ]
      C:\Program Files\Microsoft Visual Studio\2022\Community\VC\Tools\MSVC\14.44.35207\include\xstring(1394,32):
      veya       'std::basic_string<wchar_t,std::char_traits<wchar_t>,std::allocator<wchar_t>> &std::basic_string<wchar_t,std::char_traits<wchar_t>,std::allocator<wchar_t>>::operator =(const std::basic_string<wchar_t,std::char_traits<wchar_t>,std::allocator<wchar_t>> &)'
      C:\Program Files\Microsoft Visual Studio\2022\Community\VC\Tools\MSVC\14.44.35207\include\xstring(1345,32):
      veya       'std::basic_string<wchar_t,std::char_traits<wchar_t>,std::allocator<wchar_t>> &std::basic_string<wchar_t,std::char_traits<wchar_t>,std::allocator<wchar_t>>::operator =(std::initializer_list<_Elem>)'
          with
          [
              _Elem=wchar_t
          ]
      C:\Program Files\Microsoft Visual Studio\2022\Community\VC\Tools\MSVC\14.44.35207\include\xstring(1224,32):
      veya       'std::basic_string<wchar_t,std::char_traits<wchar_t>,std::allocator<wchar_t>> &std::basic_string<wchar_t,std::char_traits<wchar_t>,std::allocator<wchar_t>>::operator =(std::basic_string<wchar_t,std::char_traits<wchar_t>,std::allocator<wchar_t>> &&) noexcept'
      C:\ShadowStrike\ShadowStrike\src\Shared_modules\RansomwareProtection\HoneypotManager.cpp(754,14):
      '(std::wstring, <error type>)' ba─ş─▒ms─▒z de─şi┼şken listesi e┼şlenmeye ├ğal─▒┼ş─▒l─▒rken
  
C:\ShadowStrike\ShadowStrike\src\Shared_modules\RansomwareProtection\HoneypotManager.cpp(755,27): error C2653: 'ProcessUtils': bir s─▒n─▒f veya ad alan─▒ ad─▒ de─şil [C:\ShadowStrike\ShadowStrike\ShadowStrike.vcxproj]
  ('/src/Shared_modules/RansomwareProtection/HoneypotManager.cpp' kaynak dosyas─▒ derleniyor)
  
C:\ShadowStrike\ShadowStrike\src\Shared_modules\RansomwareProtection\HoneypotManager.cpp(755,41): error C3861: 'GetParentProcessId': tan─▒mlay─▒c─▒ bulunamad─▒ [C:\ShadowStrike\ShadowStrike\ShadowStrike.vcxproj]
  ('/src/Shared_modules/RansomwareProtection/HoneypotManager.cpp' kaynak dosyas─▒ derleniyor)
  
C:\ShadowStrike\ShadowStrike\src\Shared_modules\RansomwareProtection\HoneypotManager.cpp(774,9): error C2653: 'Logger': bir s─▒n─▒f veya ad alan─▒ ad─▒ de─şil [C:\ShadowStrike\ShadowStrike\ShadowStrike.vcxproj]
  ('/src/Shared_modules/RansomwareProtection/HoneypotManager.cpp' kaynak dosyas─▒ derleniyor)
  
C:\ShadowStrike\ShadowStrike\src\Shared_modules\RansomwareProtection\HoneypotManager.cpp(775,13): error C2653: 'StringUtils': bir s─▒n─▒f veya ad alan─▒ ad─▒ de─şil [C:\ShadowStrike\ShadowStrike\ShadowStrike.vcxproj]
  ('/src/Shared_modules/RansomwareProtection/HoneypotManager.cpp' kaynak dosyas─▒ derleniyor)
  
C:\ShadowStrike\ShadowStrike\src\Shared_modules\RansomwareProtection\HoneypotManager.cpp(775,26): error C3861: 'WStringToString': tan─▒mlay─▒c─▒ bulunamad─▒ [C:\ShadowStrike\ShadowStrike\ShadowStrike.vcxproj]
  ('/src/Shared_modules/RansomwareProtection/HoneypotManager.cpp' kaynak dosyas─▒ derleniyor)
  
C:\ShadowStrike\ShadowStrike\src\Shared_modules\RansomwareProtection\HoneypotManager.cpp(775,67): error C2653: 'StringUtils': bir s─▒n─▒f veya ad alan─▒ ad─▒ de─şil [C:\ShadowStrike\ShadowStrike\ShadowStrike.vcxproj]
  ('/src/Shared_modules/RansomwareProtection/HoneypotManager.cpp' kaynak dosyas─▒ derleniyor)
  
C:\ShadowStrike\ShadowStrike\src\Shared_modules\RansomwareProtection\HoneypotManager.cpp(775,80): error C3861: 'WStringToString': tan─▒mlay─▒c─▒ bulunamad─▒ [C:\ShadowStrike\ShadowStrike\ShadowStrike.vcxproj]
  ('/src/Shared_modules/RansomwareProtection/HoneypotManager.cpp' kaynak dosyas─▒ derleniyor)
  
C:\ShadowStrike\ShadowStrike\src\Shared_modules\RansomwareProtection\HoneypotManager.cpp(774,17): error C3861: 'Critical': tan─▒mlay─▒c─▒ bulunamad─▒ [C:\ShadowStrike\ShadowStrike\ShadowStrike.vcxproj]
  ('/src/Shared_modules/RansomwareProtection/HoneypotManager.cpp' kaynak dosyas─▒ derleniyor)
  
C:\ShadowStrike\ShadowStrike\src\Shared_modules\RansomwareProtection\HoneypotManager.cpp(777,13): error C2653: 'ProcessUtils': bir s─▒n─▒f veya ad alan─▒ ad─▒ de─şil [C:\ShadowStrike\ShadowStrike\ShadowStrike.vcxproj]
  ('/src/Shared_modules/RansomwareProtection/HoneypotManager.cpp' kaynak dosyas─▒ derleniyor)
  
C:\ShadowStrike\ShadowStrike\src\Shared_modules\RansomwareProtection\HoneypotManager.cpp(777,27): error C3861: 'KillProcess': tan─▒mlay─▒c─▒ bulunamad─▒ [C:\ShadowStrike\ShadowStrike\ShadowStrike.vcxproj]
  ('/src/Shared_modules/RansomwareProtection/HoneypotManager.cpp' kaynak dosyas─▒ derleniyor)
  
C:\ShadowStrike\ShadowStrike\src\Shared_modules\RansomwareProtection\HoneypotManager.cpp(780,13): error C2653: 'Logger': bir s─▒n─▒f veya ad alan─▒ ad─▒ de─şil [C:\ShadowStrike\ShadowStrike\ShadowStrike.vcxproj]
  ('/src/Shared_modules/RansomwareProtection/HoneypotManager.cpp' kaynak dosyas─▒ derleniyor)
  
C:\ShadowStrike\ShadowStrike\src\Shared_modules\RansomwareProtection\HoneypotManager.cpp(780,21): error C3861: 'Info': tan─▒mlay─▒c─▒ bulunamad─▒ [C:\ShadowStrike\ShadowStrike\ShadowStrike.vcxproj]
  ('/src/Shared_modules/RansomwareProtection/HoneypotManager.cpp' kaynak dosyas─▒ derleniyor)
  
C:\ShadowStrike\ShadowStrike\src\Shared_modules\RansomwareProtection\HoneypotManager.cpp(783,13): error C2653: 'Logger': bir s─▒n─▒f veya ad alan─▒ ad─▒ de─şil [C:\ShadowStrike\ShadowStrike\ShadowStrike.vcxproj]
  ('/src/Shared_modules/RansomwareProtection/HoneypotManager.cpp' kaynak dosyas─▒ derleniyor)
  
C:\ShadowStrike\ShadowStrike\src\Shared_modules\RansomwareProtection\HoneypotManager.cpp(783,21): error C3861: 'Error': tan─▒mlay─▒c─▒ bulunamad─▒ [C:\ShadowStrike\ShadowStrike\ShadowStrike.vcxproj]
  ('/src/Shared_modules/RansomwareProtection/HoneypotManager.cpp' kaynak dosyas─▒ derleniyor)
  
C:\ShadowStrike\ShadowStrike\src\Shared_modules\RansomwareProtection\HoneypotManager.cpp(787,9): error C2653: 'Logger': bir s─▒n─▒f veya ad alan─▒ ad─▒ de─şil [C:\ShadowStrike\ShadowStrike\ShadowStrike.vcxproj]
  ('/src/Shared_modules/RansomwareProtection/HoneypotManager.cpp' kaynak dosyas─▒ derleniyor)
  
C:\ShadowStrike\ShadowStrike\src\Shared_modules\RansomwareProtection\HoneypotManager.cpp(788,13): error C2653: 'StringUtils': bir s─▒n─▒f veya ad alan─▒ ad─▒ de─şil [C:\ShadowStrike\ShadowStrike\ShadowStrike.vcxproj]
  ('/src/Shared_modules/RansomwareProtection/HoneypotManager.cpp' kaynak dosyas─▒ derleniyor)
  
C:\ShadowStrike\ShadowStrike\src\Shared_modules\RansomwareProtection\HoneypotManager.cpp(788,26): error C3861: 'WStringToString': tan─▒mlay─▒c─▒ bulunamad─▒ [C:\ShadowStrike\ShadowStrike\ShadowStrike.vcxproj]
  ('/src/Shared_modules/RansomwareProtection/HoneypotManager.cpp' kaynak dosyas─▒ derleniyor)
  
C:\ShadowStrike\ShadowStrike\src\Shared_modules\RansomwareProtection\HoneypotManager.cpp(788,26): error C1003: hata say─▒s─▒ 100 taneyi a┼şt─▒; derleme durduruluyor [C:\ShadowStrike\ShadowStrike\ShadowStrike.vcxproj]
  ('/src/Shared_modules/RansomwareProtection/HoneypotManager.cpp' kaynak dosyas─▒ derleniyor)
  
C:\ShadowStrike\ShadowStrike\src\Shared_modules\Scripts\JavaScriptScanner.hpp(144,10): error C1083: i├ğerme dosyas─▒ a├ğ─▒lam─▒yor: '../ThreatIntel/ThreatIntelManager.hpp': No such file or directory [C:\ShadowStrike\ShadowStrike\ShadowStrike.vcxproj]
  ('/src/Shared_modules/Scripts/JavaScriptScanner.cpp' kaynak dosyas─▒ derleniyor)
  
C:\ShadowStrike\ShadowStrike\src\Shared_modules\RansomwareProtection\WannaCryDetector.cpp(649,25): error C2280: 'ShadowStrike::Ransomware::WannaCryStatistics &ShadowStrike::Ransomware::WannaCryStatistics::operator =(const ShadowStrike::Ransomware::WannaCryStatistics &)': silinmi┼ş bir i┼şleve ba┼şvurmaya ├ğal─▒┼ş─▒yor [C:\ShadowStrike\ShadowStrike\ShadowStrike.vcxproj]
  ('/src/Shared_modules/RansomwareProtection/WannaCryDetector.cpp' kaynak dosyas─▒ derleniyor)
      C:\ShadowStrike\ShadowStrike\src\Shared_modules\RansomwareProtection\WannaCryDetector.hpp(368,1):
      derleyici burada 'ShadowStrike::Ransomware::WannaCryStatistics::operator =' olu┼şturdu
      C:\ShadowStrike\ShadowStrike\src\Shared_modules\RansomwareProtection\WannaCryDetector.hpp(368,1):
      'ShadowStrike::Ransomware::WannaCryStatistics &ShadowStrike::Ransomware::WannaCryStatistics::operator =(const ShadowStrike::Ransomware::WannaCryStatistics &)': veri ├╝yesi, silinmi┼ş veya eri┼şilemeyen 'std::atomic<unsigned __int64> &std::atomic<unsigned __int64>::operator =(const std::atomic<unsigned __int64> &)' i┼şlevini ├ğa─ş─▒rd─▒─ş─▒ndan i┼şlev ├Ârt├╝k olarak silindi
  
C:\ShadowStrike\ShadowStrike\src\Shared_modules\RansomwareProtection\WannaCryDetector.cpp(664,24): error C2039: 'Critical': bir 'ShadowStrike::Utils::Logger' ├╝yesi de─şil [C:\ShadowStrike\ShadowStrike\ShadowStrike.vcxproj]
  ('/src/Shared_modules/RansomwareProtection/WannaCryDetector.cpp' kaynak dosyas─▒ derleniyor)
      C:\ShadowStrike\ShadowStrike\src\Shared_modules\Utils\Logger.hpp(159,9):
      'ShadowStrike::Utils::Logger' bildirimine bak─▒n
  
C:\ShadowStrike\ShadowStrike\src\Shared_modules\RansomwareProtection\WannaCryDetector.cpp(664,24): error C3861: 'Critical': tan─▒mlay─▒c─▒ bulunamad─▒ [C:\ShadowStrike\ShadowStrike\ShadowStrike.vcxproj]
  ('/src/Shared_modules/RansomwareProtection/WannaCryDetector.cpp' kaynak dosyas─▒ derleniyor)
  
C:\ShadowStrike\ShadowStrike\src\Shared_modules\Service\ServiceCommunicator.cpp(669,1): error C1010: ├Ân derlenmi┼ş ├╝stbilgi aran─▒rken beklenmeyen dosya sonu. kaynak kodunuza '#include "pch.h"' eklemeyi unuttunuz mu? [C:\ShadowStrike\ShadowStrike\ShadowStrike.vcxproj]
C:\ShadowStrike\ShadowStrike\src\Shared_modules\RansomwareProtection\WannaCryDetector.cpp(701,24): error C2039: 'Critical': bir 'ShadowStrike::Utils::Logger' ├╝yesi de─şil [C:\ShadowStrike\ShadowStrike\ShadowStrike.vcxproj]
  ('/src/Shared_modules/RansomwareProtection/WannaCryDetector.cpp' kaynak dosyas─▒ derleniyor)
      C:\ShadowStrike\ShadowStrike\src\Shared_modules\Utils\Logger.hpp(159,9):
      'ShadowStrike::Utils::Logger' bildirimine bak─▒n
  
C:\ShadowStrike\ShadowStrike\src\Shared_modules\RansomwareProtection\WannaCryDetector.cpp(701,24): error C3861: 'Critical': tan─▒mlay─▒c─▒ bulunamad─▒ [C:\ShadowStrike\ShadowStrike\ShadowStrike.vcxproj]
  ('/src/Shared_modules/RansomwareProtection/WannaCryDetector.cpp' kaynak dosyas─▒ derleniyor)
  
\src\Shared_modules\Service\PerformanceProfiler.cpp(1,1): error C1083: kaynak dosyas─▒ a├ğ─▒lam─▒yor: 'src\Shared_modules\Service\PerformanceProfiler.cpp': No such file or directory [C:\ShadowStrike\ShadowStrike\ShadowStrike.vcxproj]
  ('/src/Shared_modules/Service/PerformanceProfiler.cpp' kaynak dosyas─▒ derleniyor)
  
C:\ShadowStrike\ShadowStrike\src\Shared_modules\Security\RegistryProtection.cpp(158,60): error C2664: '__time64_t std::chrono::system_clock::to_time_t(const std::chrono::system_clock::time_point &) noexcept' : 1 ba─ş─▒ms─▒z de─şi┼şkeni 'const std::chrono::time_point<std::chrono::system_clock,std::chrono::duration<__int64,std::nano>>' de─şerinden 'const std::chrono::system_clock::time_point &' de─şerine d├Ân├╝┼şt├╝r├╝lemez [C:\ShadowStrike\ShadowStrike\ShadowStrike.vcxproj]
  ('/src/Shared_modules/Security/RegistryProtection.cpp' kaynak dosyas─▒ derleniyor)
      C:\ShadowStrike\ShadowStrike\src\Shared_modules\Security\RegistryProtection.cpp(158,70):
      Nedeni: 'const std::chrono::time_point<std::chrono::system_clock,std::chrono::duration<__int64,std::nano>>' de─şerinden 'const std::chrono::system_clock::time_point' de─şerine d├Ân├╝┼şt├╝r├╝lemez
      C:\ShadowStrike\ShadowStrike\src\Shared_modules\Security\RegistryProtection.cpp(158,70):
      Bu d├Ân├╝┼şt├╝rmeyi ger├ğekle┼ştirecek kullan─▒c─▒ tan─▒ml─▒ d├Ân├╝┼şt├╝rme i┼şleci yok veya i┼şle├ğ ├ğa─şr─▒lam─▒yor
      C:\Program Files\Microsoft Visual Studio\2022\Community\VC\Tools\MSVC\14.44.35207\include\chrono(92,38):
      'std::chrono::system_clock::to_time_t' bildirimine bak─▒n
      C:\ShadowStrike\ShadowStrike\src\Shared_modules\Security\RegistryProtection.cpp(158,60):
      '(const std::chrono::time_point<std::chrono::system_clock,std::chrono::duration<__int64,std::nano>>)' ba─ş─▒ms─▒z de─şi┼şken listesi e┼şlenmeye ├ğal─▒┼ş─▒l─▒rken
  
C:\ShadowStrike\ShadowStrike\src\Shared_modules\Service\ServiceController.cpp(305,1): error C1010: ├Ân derlenmi┼ş ├╝stbilgi aran─▒rken beklenmeyen dosya sonu. kaynak kodunuza '#include "pch.h"' eklemeyi unuttunuz mu? [C:\ShadowStrike\ShadowStrike\ShadowStrike.vcxproj]
C:\ShadowStrike\ShadowStrike\src\Shared_modules\RansomwareProtection\WannaCryDetector.cpp(882,28): error C2039: 'Critical': bir 'ShadowStrike::Utils::Logger' ├╝yesi de─şil [C:\ShadowStrike\ShadowStrike\ShadowStrike.vcxproj]
  ('/src/Shared_modules/RansomwareProtection/WannaCryDetector.cpp' kaynak dosyas─▒ derleniyor)
      C:\ShadowStrike\ShadowStrike\src\Shared_modules\Utils\Logger.hpp(159,9):
      'ShadowStrike::Utils::Logger' bildirimine bak─▒n
  
C:\ShadowStrike\ShadowStrike\src\Shared_modules\RansomwareProtection\WannaCryDetector.cpp(882,28): error C3861: 'Critical': tan─▒mlay─▒c─▒ bulunamad─▒ [C:\ShadowStrike\ShadowStrike\ShadowStrike.vcxproj]
  ('/src/Shared_modules/RansomwareProtection/WannaCryDetector.cpp' kaynak dosyas─▒ derleniyor)
  
C:\ShadowStrike\ShadowStrike\src\Shared_modules\RealTime\ZeroHourProtection.hpp(260,5): error C2143: s├Âzdizimi hatas─▒: '}' eksik ('sabit' ├Âncesinde) [C:\ShadowStrike\ShadowStrike\ShadowStrike.vcxproj]
  ('/src/Shared_modules/RealTime/ZeroHourProtection.cpp' kaynak dosyas─▒ derleniyor)
  
C:\ShadowStrike\ShadowStrike\src\Shared_modules\RealTime\ZeroHourProtection.hpp(260,5): error C2059: s├Âzdizimi hatas─▒: 'sabit' [C:\ShadowStrike\ShadowStrike\ShadowStrike.vcxproj]
  ('/src/Shared_modules/RealTime/ZeroHourProtection.cpp' kaynak dosyas─▒ derleniyor)
  
C:\ShadowStrike\ShadowStrike\src\Shared_modules\RealTime\ZeroHourProtection.hpp(263,1): error C2143: s├Âzdizimi hatas─▒: ';' eksik ('}' ├Âncesinde) [C:\ShadowStrike\ShadowStrike\ShadowStrike.vcxproj]
  ('/src/Shared_modules/RealTime/ZeroHourProtection.cpp' kaynak dosyas─▒ derleniyor)
  
C:\ShadowStrike\ShadowStrike\src\Shared_modules\RealTime\ZeroHourProtection.hpp(288,5): error C2143: s├Âzdizimi hatas─▒: '}' eksik ('(' ├Âncesinde) [C:\ShadowStrike\ShadowStrike\ShadowStrike.vcxproj]
  ('/src/Shared_modules/RealTime/ZeroHourProtection.cpp' kaynak dosyas─▒ derleniyor)
  
C:\ShadowStrike\ShadowStrike\src\Shared_modules\RealTime\ZeroHourProtection.hpp(288,5): error C2059: s├Âzdizimi hatas─▒: 'sabit' [C:\ShadowStrike\ShadowStrike\ShadowStrike.vcxproj]
  ('/src/Shared_modules/RealTime/ZeroHourProtection.cpp' kaynak dosyas─▒ derleniyor)
  
C:\ShadowStrike\ShadowStrike\src\Shared_modules\RealTime\ZeroHourProtection.hpp(293,1): error C2143: s├Âzdizimi hatas─▒: ';' eksik ('}' ├Âncesinde) [C:\ShadowStrike\ShadowStrike\ShadowStrike.vcxproj]
  ('/src/Shared_modules/RealTime/ZeroHourProtection.cpp' kaynak dosyas─▒ derleniyor)
  
C:\ShadowStrike\ShadowStrike\src\Shared_modules\RealTime\ZeroHourProtection.hpp(425,18): error C3646: 'verdict': bilinmeyen ge├ğersiz k─▒lma belirticisi [C:\ShadowStrike\ShadowStrike\ShadowStrike.vcxproj]
  ('/src/Shared_modules/RealTime/ZeroHourProtection.cpp' kaynak dosyas─▒ derleniyor)
  
C:\ShadowStrike\ShadowStrike\src\Shared_modules\RealTime\ZeroHourProtection.hpp(425,25): error C2059: s├Âzdizimi hatas─▒: '{' [C:\ShadowStrike\ShadowStrike\ShadowStrike.vcxproj]
  ('/src/Shared_modules/RealTime/ZeroHourProtection.cpp' kaynak dosyas─▒ derleniyor)
  
C:\ShadowStrike\ShadowStrike\src\Shared_modules\RealTime\ZeroHourProtection.hpp(425,25): error C2334: '{' ├Âncesinde beklenmeyen belirte├ğler; g├Âr├╝nen i┼şlev g├Âvdesi atlan─▒yor [C:\ShadowStrike\ShadowStrike\ShadowStrike.vcxproj]
  ('/src/Shared_modules/RealTime/ZeroHourProtection.cpp' kaynak dosyas─▒ derleniyor)
  
C:\ShadowStrike\ShadowStrike\src\Shared_modules\RealTime\ZeroHourProtection.hpp(465,16): error C3646: 'reason': bilinmeyen ge├ğersiz k─▒lma belirticisi [C:\ShadowStrike\ShadowStrike\ShadowStrike.vcxproj]
  ('/src/Shared_modules/RealTime/ZeroHourProtection.cpp' kaynak dosyas─▒ derleniyor)
  
C:\ShadowStrike\ShadowStrike\src\Shared_modules\RealTime\ZeroHourProtection.hpp(465,22): error C2059: s├Âzdizimi hatas─▒: '{' [C:\ShadowStrike\ShadowStrike\ShadowStrike.vcxproj]
  ('/src/Shared_modules/RealTime/ZeroHourProtection.cpp' kaynak dosyas─▒ derleniyor)
  
C:\ShadowStrike\ShadowStrike\src\Shared_modules\RealTime\ZeroHourProtection.hpp(465,22): error C2334: '{' ├Âncesinde beklenmeyen belirte├ğler; g├Âr├╝nen i┼şlev g├Âvdesi atlan─▒yor [C:\ShadowStrike\ShadowStrike\ShadowStrike.vcxproj]
  ('/src/Shared_modules/RealTime/ZeroHourProtection.cpp' kaynak dosyas─▒ derleniyor)
  
C:\ShadowStrike\ShadowStrike\src\Shared_modules\RealTime\ZeroHourProtection.hpp(487,19): error C2065: 'HoldDecision': bildirimi yap─▒lmam─▒┼ş tan─▒mlay─▒c─▒ [C:\ShadowStrike\ShadowStrike\ShadowStrike.vcxproj]
  ('/src/Shared_modules/RealTime/ZeroHourProtection.cpp' kaynak dosyas─▒ derleniyor)
  
C:\ShadowStrike\ShadowStrike\src\Shared_modules\RealTime\ZeroHourProtection.hpp(487,10): error C2923: 'std::optional': 'HoldDecision' ge├ğerli bir ┼şablon t├╝r ba─ş─▒ms─▒z de─şi┼şkeni de─şil ('_Ty' parametresi i├ğin) [C:\ShadowStrike\ShadowStrike\ShadowStrike.vcxproj]
  ('/src/Shared_modules/RealTime/ZeroHourProtection.cpp' kaynak dosyas─▒ derleniyor)
      C:\ShadowStrike\ShadowStrike\src\Shared_modules\RealTime\ZeroHourProtection.hpp(487,19):
      'HoldDecision' bildirimine bak─▒n
  
C:\ShadowStrike\ShadowStrike\src\Shared_modules\RealTime\ZeroHourProtection.hpp(487,33): error C2955: 'std::optional' : s─▒n─▒f ┼şablon kullan─▒m─▒ i├ğin ┼şablon ba─ş─▒ms─▒z de─şi┼şken listesi gerekir [C:\ShadowStrike\ShadowStrike\ShadowStrike.vcxproj]
  ('/src/Shared_modules/RealTime/ZeroHourProtection.cpp' kaynak dosyas─▒ derleniyor)
      C:\Program Files\Microsoft Visual Studio\2022\Community\VC\Tools\MSVC\14.44.35207\include\optional(227,7):
      'std::optional' bildirimine bak─▒n
  
C:\ShadowStrike\ShadowStrike\src\Shared_modules\Service\ServiceMonitor.cpp(391,1): error C1010: ├Ân derlenmi┼ş ├╝stbilgi aran─▒rken beklenmeyen dosya sonu. kaynak kodunuza '#include "pch.h"' eklemeyi unuttunuz mu? [C:\ShadowStrike\ShadowStrike\ShadowStrike.vcxproj]
C:\ShadowStrike\ShadowStrike\src\Shared_modules\RealTime\ZeroHourProtection.hpp(508,17): error C3646: 'recommendedLevel': bilinmeyen ge├ğersiz k─▒lma belirticisi [C:\ShadowStrike\ShadowStrike\ShadowStrike.vcxproj]
  ('/src/Shared_modules/RealTime/ZeroHourProtection.cpp' kaynak dosyas─▒ derleniyor)
  
C:\ShadowStrike\ShadowStrike\src\Shared_modules\RealTime\ZeroHourProtection.hpp(508,33): error C2059: s├Âzdizimi hatas─▒: '{' [C:\ShadowStrike\ShadowStrike\ShadowStrike.vcxproj]
  ('/src/Shared_modules/RealTime/ZeroHourProtection.cpp' kaynak dosyas─▒ derleniyor)
  
C:\ShadowStrike\ShadowStrike\src\Shared_modules\RealTime\ZeroHourProtection.hpp(508,33): error C2334: '{' ├Âncesinde beklenmeyen belirte├ğler; g├Âr├╝nen i┼şlev g├Âvdesi atlan─▒yor [C:\ShadowStrike\ShadowStrike\ShadowStrike.vcxproj]
  ('/src/Shared_modules/RealTime/ZeroHourProtection.cpp' kaynak dosyas─▒ derleniyor)
  
C:\ShadowStrike\ShadowStrike\src\Shared_modules\Security\ProcessProtection.hpp(292,31): error C2059: s├Âzdizimi hatas─▒: 'sabit' [C:\ShadowStrike\ShadowStrike\ShadowStrike.vcxproj]
  ('/src/Shared_modules/Security/ProcessProtection.cpp' kaynak dosyas─▒ derleniyor)
  
C:\ShadowStrike\ShadowStrike\src\Shared_modules\Security\ProcessProtection.hpp(295,31): error C2059: s├Âzdizimi hatas─▒: 'sabit' [C:\ShadowStrike\ShadowStrike\ShadowStrike.vcxproj]
  ('/src/Shared_modules/Security/ProcessProtection.cpp' kaynak dosyas─▒ derleniyor)
  
C:\ShadowStrike\ShadowStrike\src\Shared_modules\Security\ProcessProtection.hpp(298,31): error C2059: s├Âzdizimi hatas─▒: 'sabit' [C:\ShadowStrike\ShadowStrike\ShadowStrike.vcxproj]
  ('/src/Shared_modules/Security/ProcessProtection.cpp' kaynak dosyas─▒ derleniyor)
  
C:\ShadowStrike\ShadowStrike\src\Shared_modules\Security\ProcessProtection.hpp(301,31): error C2059: s├Âzdizimi hatas─▒: 'sabit' [C:\ShadowStrike\ShadowStrike\ShadowStrike.vcxproj]
  ('/src/Shared_modules/Security/ProcessProtection.cpp' kaynak dosyas─▒ derleniyor)
  
C:\ShadowStrike\ShadowStrike\src\Shared_modules\Security\ProcessProtection.hpp(304,31): error C2059: s├Âzdizimi hatas─▒: 'sabit' [C:\ShadowStrike\ShadowStrike\ShadowStrike.vcxproj]
  ('/src/Shared_modules/Security/ProcessProtection.cpp' kaynak dosyas─▒ derleniyor)
  
C:\ShadowStrike\ShadowStrike\src\Shared_modules\Security\ProcessProtection.hpp(307,31): error C2059: s├Âzdizimi hatas─▒: 'sabit' [C:\ShadowStrike\ShadowStrike\ShadowStrike.vcxproj]
  ('/src/Shared_modules/Security/ProcessProtection.cpp' kaynak dosyas─▒ derleniyor)
  
C:\ShadowStrike\ShadowStrike\src\Shared_modules\RealTime\ZeroHourProtection.hpp(587,17): error C3646: 'requiredLevel': bilinmeyen ge├ğersiz k─▒lma belirticisi [C:\ShadowStrike\ShadowStrike\ShadowStrike.vcxproj]
  ('/src/Shared_modules/RealTime/ZeroHourProtection.cpp' kaynak dosyas─▒ derleniyor)
  
C:\ShadowStrike\ShadowStrike\src\Shared_modules\RealTime\ZeroHourProtection.hpp(587,30): error C2059: s├Âzdizimi hatas─▒: '{' [C:\ShadowStrike\ShadowStrike\ShadowStrike.vcxproj]
  ('/src/Shared_modules/RealTime/ZeroHourProtection.cpp' kaynak dosyas─▒ derleniyor)
  
C:\ShadowStrike\ShadowStrike\src\Shared_modules\RealTime\ZeroHourProtection.hpp(587,30): error C2334: '{' ├Âncesinde beklenmeyen belirte├ğler; g├Âr├╝nen i┼şlev g├Âvdesi atlan─▒yor [C:\ShadowStrike\ShadowStrike\ShadowStrike.vcxproj]
  ('/src/Shared_modules/RealTime/ZeroHourProtection.cpp' kaynak dosyas─▒ derleniyor)
  
C:\ShadowStrike\ShadowStrike\src\Shared_modules\RansomwareProtection\WannaCryDetector.cpp(1162,24): error C2039: 'Critical': bir 'ShadowStrike::Utils::Logger' ├╝yesi de─şil [C:\ShadowStrike\ShadowStrike\ShadowStrike.vcxproj]
  ('/src/Shared_modules/RansomwareProtection/WannaCryDetector.cpp' kaynak dosyas─▒ derleniyor)
      C:\ShadowStrike\ShadowStrike\src\Shared_modules\Utils\Logger.hpp(159,9):
      'ShadowStrike::Utils::Logger' bildirimine bak─▒n
  
C:\ShadowStrike\ShadowStrike\src\Shared_modules\RansomwareProtection\WannaCryDetector.cpp(1162,24): error C3861: 'Critical': tan─▒mlay─▒c─▒ bulunamad─▒ [C:\ShadowStrike\ShadowStrike\ShadowStrike.vcxproj]
  ('/src/Shared_modules/RansomwareProtection/WannaCryDetector.cpp' kaynak dosyas─▒ derleniyor)
  
C:\ShadowStrike\ShadowStrike\src\Shared_modules\RealTime\ZeroHourProtection.hpp(603,33): error C3861: 'ZeroHourConstants': tan─▒mlay─▒c─▒ bulunamad─▒ [C:\ShadowStrike\ShadowStrike\ShadowStrike.vcxproj]
  ('/src/Shared_modules/RealTime/ZeroHourProtection.cpp' kaynak dosyas─▒ derleniyor)
  
C:\ShadowStrike\ShadowStrike\src\Shared_modules\RealTime\ZeroHourProtection.hpp(603,33): error C2653: 'ZeroHourConstants': bir s─▒n─▒f veya ad alan─▒ ad─▒ de─şil [C:\ShadowStrike\ShadowStrike\ShadowStrike.vcxproj]
  ('/src/Shared_modules/RealTime/ZeroHourProtection.cpp' kaynak dosyas─▒ derleniyor)
  
C:\ShadowStrike\ShadowStrike\src\Shared_modules\RealTime\ZeroHourProtection.hpp(603,52): error C2065: 'DEFAULT_ML_THRESHOLD': bildirimi yap─▒lmam─▒┼ş tan─▒mlay─▒c─▒ [C:\ShadowStrike\ShadowStrike\ShadowStrike.vcxproj]
  ('/src/Shared_modules/RealTime/ZeroHourProtection.cpp' kaynak dosyas─▒ derleniyor)
  
C:\ShadowStrike\ShadowStrike\src\Shared_modules\RealTime\ZeroHourProtection.hpp(614,42): error C3861: 'ZeroHourConstants': tan─▒mlay─▒c─▒ bulunamad─▒ [C:\ShadowStrike\ShadowStrike\ShadowStrike.vcxproj]
  ('/src/Shared_modules/RealTime/ZeroHourProtection.cpp' kaynak dosyas─▒ derleniyor)
  
C:\ShadowStrike\ShadowStrike\src\Shared_modules\RealTime\ZeroHourProtection.hpp(614,42): error C2653: 'ZeroHourConstants': bir s─▒n─▒f veya ad alan─▒ ad─▒ de─şil [C:\ShadowStrike\ShadowStrike\ShadowStrike.vcxproj]
  ('/src/Shared_modules/RealTime/ZeroHourProtection.cpp' kaynak dosyas─▒ derleniyor)
  
C:\ShadowStrike\ShadowStrike\src\Shared_modules\RealTime\ZeroHourProtection.hpp(614,61): error C2065: 'OUTBREAK_SENSITIVITY_MULTIPLIER': bildirimi yap─▒lmam─▒┼ş tan─▒mlay─▒c─▒ [C:\ShadowStrike\ShadowStrike\ShadowStrike.vcxproj]
  ('/src/Shared_modules/RealTime/ZeroHourProtection.cpp' kaynak dosyas─▒ derleniyor)
  
C:\ShadowStrike\ShadowStrike\src\Shared_modules\RealTime\ZeroHourProtection.hpp(637,35): error C3861: 'ZeroHourConstants': tan─▒mlay─▒c─▒ bulunamad─▒ [C:\ShadowStrike\ShadowStrike\ShadowStrike.vcxproj]
  ('/src/Shared_modules/RealTime/ZeroHourProtection.cpp' kaynak dosyas─▒ derleniyor)
  
C:\ShadowStrike\ShadowStrike\src\Shared_modules\RealTime\ZeroHourProtection.hpp(637,35): error C2653: 'ZeroHourConstants': bir s─▒n─▒f veya ad alan─▒ ad─▒ de─şil [C:\ShadowStrike\ShadowStrike\ShadowStrike.vcxproj]
  ('/src/Shared_modules/RealTime/ZeroHourProtection.cpp' kaynak dosyas─▒ derleniyor)
  
C:\ShadowStrike\ShadowStrike\src\Shared_modules\RealTime\ZeroHourProtection.hpp(637,54): error C2065: 'DEFAULT_CLOUD_TIMEOUT_MS': bildirimi yap─▒lmam─▒┼ş tan─▒mlay─▒c─▒ [C:\ShadowStrike\ShadowStrike\ShadowStrike.vcxproj]
  ('/src/Shared_modules/RealTime/ZeroHourProtection.cpp' kaynak dosyas─▒ derleniyor)
  
C:\ShadowStrike\ShadowStrike\src\Shared_modules\RealTime\ZeroHourProtection.hpp(638,30): error C3861: 'ZeroHourConstants': tan─▒mlay─▒c─▒ bulunamad─▒ [C:\ShadowStrike\ShadowStrike\ShadowStrike.vcxproj]
  ('/src/Shared_modules/RealTime/ZeroHourProtection.cpp' kaynak dosyas─▒ derleniyor)
  
C:\ShadowStrike\ShadowStrike\src\Shared_modules\RealTime\ZeroHourProtection.hpp(638,30): error C2653: 'ZeroHourConstants': bir s─▒n─▒f veya ad alan─▒ ad─▒ de─şil [C:\ShadowStrike\ShadowStrike\ShadowStrike.vcxproj]
  ('/src/Shared_modules/RealTime/ZeroHourProtection.cpp' kaynak dosyas─▒ derleniyor)
  
C:\ShadowStrike\ShadowStrike\src\Shared_modules\RealTime\ZeroHourProtection.hpp(638,49): error C2065: 'DEFAULT_CLOUD_TIMEOUT_MS': bildirimi yap─▒lmam─▒┼ş tan─▒mlay─▒c─▒ [C:\ShadowStrike\ShadowStrike\ShadowStrike.vcxproj]
  ('/src/Shared_modules/RealTime/ZeroHourProtection.cpp' kaynak dosyas─▒ derleniyor)
  
C:\ShadowStrike\ShadowStrike\src\Shared_modules\RealTime\ZeroHourProtection.hpp(681,18): error C3646: 'timeoutDecision': bilinmeyen ge├ğersiz k─▒lma belirticisi [C:\ShadowStrike\ShadowStrike\ShadowStrike.vcxproj]
  ('/src/Shared_modules/RealTime/ZeroHourProtection.cpp' kaynak dosyas─▒ derleniyor)
  
C:\ShadowStrike\ShadowStrike\src\Shared_modules\RealTime\ZeroHourProtection.hpp(681,33): error C2059: s├Âzdizimi hatas─▒: '{' [C:\ShadowStrike\ShadowStrike\ShadowStrike.vcxproj]
  ('/src/Shared_modules/RealTime/ZeroHourProtection.cpp' kaynak dosyas─▒ derleniyor)
  
C:\ShadowStrike\ShadowStrike\src\Shared_modules\RealTime\ZeroHourProtection.hpp(681,33): error C2334: '{' ├Âncesinde beklenmeyen belirte├ğler; g├Âr├╝nen i┼şlev g├Âvdesi atlan─▒yor [C:\ShadowStrike\ShadowStrike\ShadowStrike.vcxproj]
  ('/src/Shared_modules/RealTime/ZeroHourProtection.cpp' kaynak dosyas─▒ derleniyor)
  
C:\ShadowStrike\ShadowStrike\src\Shared_modules\RealTime\ZeroHourProtection.hpp(697,17): error C3646: 'autoEscalateLevel': bilinmeyen ge├ğersiz k─▒lma belirticisi [C:\ShadowStrike\ShadowStrike\ShadowStrike.vcxproj]
  ('/src/Shared_modules/RealTime/ZeroHourProtection.cpp' kaynak dosyas─▒ derleniyor)
  
C:\ShadowStrike\ShadowStrike\src\Shared_modules\RealTime\ZeroHourProtection.hpp(697,34): error C2059: s├Âzdizimi hatas─▒: '{' [C:\ShadowStrike\ShadowStrike\ShadowStrike.vcxproj]
  ('/src/Shared_modules/RealTime/ZeroHourProtection.cpp' kaynak dosyas─▒ derleniyor)
  
C:\ShadowStrike\ShadowStrike\src\Shared_modules\RealTime\ZeroHourProtection.hpp(697,34): error C2334: '{' ├Âncesinde beklenmeyen belirte├ğler; g├Âr├╝nen i┼şlev g├Âvdesi atlan─▒yor [C:\ShadowStrike\ShadowStrike\ShadowStrike.vcxproj]
  ('/src/Shared_modules/RealTime/ZeroHourProtection.cpp' kaynak dosyas─▒ derleniyor)
  
C:\ShadowStrike\ShadowStrike\src\Shared_modules\RealTime\ZeroHourProtection.hpp(796,25): error C3861: 'ZeroHourConstants': tan─▒mlay─▒c─▒ bulunamad─▒ [C:\ShadowStrike\ShadowStrike\ShadowStrike.vcxproj]
  ('/src/Shared_modules/RealTime/ZeroHourProtection.cpp' kaynak dosyas─▒ derleniyor)
  
C:\ShadowStrike\ShadowStrike\src\Shared_modules\RealTime\ZeroHourProtection.hpp(796,25): error C2653: 'ZeroHourConstants': bir s─▒n─▒f veya ad alan─▒ ad─▒ de─şil [C:\ShadowStrike\ShadowStrike\ShadowStrike.vcxproj]
  ('/src/Shared_modules/RealTime/ZeroHourProtection.cpp' kaynak dosyas─▒ derleniyor)
  
C:\ShadowStrike\ShadowStrike\src\Shared_modules\RealTime\ZeroHourProtection.hpp(796,44): error C2065: 'DEFAULT_HOLD_TIMEOUT_MS': bildirimi yap─▒lmam─▒┼ş tan─▒mlay─▒c─▒ [C:\ShadowStrike\ShadowStrike\ShadowStrike.vcxproj]
  ('/src/Shared_modules/RealTime/ZeroHourProtection.cpp' kaynak dosyas─▒ derleniyor)
  
C:\ShadowStrike\ShadowStrike\src\Shared_modules\RealTime\ZeroHourProtection.hpp(809,18): error C3646: 'verdict': bilinmeyen ge├ğersiz k─▒lma belirticisi [C:\ShadowStrike\ShadowStrike\ShadowStrike.vcxproj]
  ('/src/Shared_modules/RealTime/ZeroHourProtection.cpp' kaynak dosyas─▒ derleniyor)
  
C:\ShadowStrike\ShadowStrike\src\Shared_modules\Service\ServiceInstaller.cpp(393,1): error C1010: ├Ân derlenmi┼ş ├╝stbilgi aran─▒rken beklenmeyen dosya sonu. kaynak kodunuza '#include "pch.h"' eklemeyi unuttunuz mu? [C:\ShadowStrike\ShadowStrike\ShadowStrike.vcxproj]
C:\ShadowStrike\ShadowStrike\src\Shared_modules\Security\ProcessProtection.cpp(99,28): error C2365: 'ProcessBreakOnTermination': yeniden tan─▒mlama; ├Ânceki tan─▒m 'numaraland─▒r─▒c─▒' idi [C:\ShadowStrike\ShadowStrike\ShadowStrike.vcxproj]
  ('/src/Shared_modules/Security/ProcessProtection.cpp' kaynak dosyas─▒ derleniyor)
      C:\Program Files (x86)\Windows Kits\10\Include\10.0.26100.0\um\winternl.h(358,5):
      'ProcessBreakOnTermination' bildirimine bak─▒n
  
C:\ShadowStrike\ShadowStrike\src\Shared_modules\RealTime\ZeroHourProtection.hpp(809,25): error C2059: s├Âzdizimi hatas─▒: '{' [C:\ShadowStrike\ShadowStrike\ShadowStrike.vcxproj]
  ('/src/Shared_modules/RealTime/ZeroHourProtection.cpp' kaynak dosyas─▒ derleniyor)
  
C:\ShadowStrike\ShadowStrike\src\Shared_modules\RealTime\ZeroHourProtection.hpp(809,25): error C2334: '{' ├Âncesinde beklenmeyen belirte├ğler; g├Âr├╝nen i┼şlev g├Âvdesi atlan─▒yor [C:\ShadowStrike\ShadowStrike\ShadowStrike.vcxproj]
  ('/src/Shared_modules/RealTime/ZeroHourProtection.cpp' kaynak dosyas─▒ derleniyor)
  
C:\ShadowStrike\ShadowStrike\src\Shared_modules\RealTime\ZeroHourProtection.hpp(816,18): error C3646: 'holdDecision': bilinmeyen ge├ğersiz k─▒lma belirticisi [C:\ShadowStrike\ShadowStrike\ShadowStrike.vcxproj]
  ('/src/Shared_modules/RealTime/ZeroHourProtection.cpp' kaynak dosyas─▒ derleniyor)
  
C:\ShadowStrike\ShadowStrike\src\Shared_modules\RealTime\ZeroHourProtection.hpp(816,30): error C2059: s├Âzdizimi hatas─▒: '{' [C:\ShadowStrike\ShadowStrike\ShadowStrike.vcxproj]
  ('/src/Shared_modules/RealTime/ZeroHourProtection.cpp' kaynak dosyas─▒ derleniyor)
  
C:\ShadowStrike\ShadowStrike\src\Shared_modules\RealTime\ZeroHourProtection.hpp(816,30): error C2334: '{' ├Âncesinde beklenmeyen belirte├ğler; g├Âr├╝nen i┼şlev g├Âvdesi atlan─▒yor [C:\ShadowStrike\ShadowStrike\ShadowStrike.vcxproj]
  ('/src/Shared_modules/RealTime/ZeroHourProtection.cpp' kaynak dosyas─▒ derleniyor)
  
C:\ShadowStrike\ShadowStrike\src\Shared_modules\RealTime\ZeroHourProtection.hpp(880,5): error C2065: 'ThreatLevel': bildirimi yap─▒lmam─▒┼ş tan─▒mlay─▒c─▒ [C:\ShadowStrike\ShadowStrike\ShadowStrike.vcxproj]
  ('/src/Shared_modules/RealTime/ZeroHourProtection.cpp' kaynak dosyas─▒ derleniyor)
  
C:\ShadowStrike\ShadowStrike\src\Shared_modules\RealTime\ZeroHourProtection.hpp(880,17): error C2760: s├Âz dizimi hatas─▒: burada 'previousLevel' beklenmiyordu; ')' bekleniyordu [C:\ShadowStrike\ShadowStrike\ShadowStrike.vcxproj]
  ('/src/Shared_modules/RealTime/ZeroHourProtection.cpp' kaynak dosyas─▒ derleniyor)
  
C:\ShadowStrike\ShadowStrike\src\Shared_modules\RealTime\ZeroHourProtection.hpp(880,30): error C2059: s├Âzdizimi hatas─▒: ',' [C:\ShadowStrike\ShadowStrike\ShadowStrike.vcxproj]
  ('/src/Shared_modules/RealTime/ZeroHourProtection.cpp' kaynak dosyas─▒ derleniyor)
  
C:\ShadowStrike\ShadowStrike\src\Shared_modules\RealTime\ZeroHourProtection.hpp(883,1): error C2059: s├Âzdizimi hatas─▒: ')' [C:\ShadowStrike\ShadowStrike\ShadowStrike.vcxproj]
  ('/src/Shared_modules/RealTime/ZeroHourProtection.cpp' kaynak dosyas─▒ derleniyor)
  
C:\ShadowStrike\ShadowStrike\src\Shared_modules\RealTime\ZeroHourProtection.hpp(1009,31): error C3646: 'GetThreatLevel': bilinmeyen ge├ğersiz k─▒lma belirticisi [C:\ShadowStrike\ShadowStrike\ShadowStrike.vcxproj]
  ('/src/Shared_modules/RealTime/ZeroHourProtection.cpp' kaynak dosyas─▒ derleniyor)
  
C:\ShadowStrike\ShadowStrike\src\Shared_modules\RealTime\ZeroHourProtection.hpp(1009,45): error C2059: s├Âzdizimi hatas─▒: '(' [C:\ShadowStrike\ShadowStrike\ShadowStrike.vcxproj]
  ('/src/Shared_modules/RealTime/ZeroHourProtection.cpp' kaynak dosyas─▒ derleniyor)
  
C:\ShadowStrike\ShadowStrike\src\Shared_modules\RealTime\ZeroHourProtection.hpp(1009,62): error C2238: ';' ├Âncesinde beklenmeyen belirte├ğler [C:\ShadowStrike\ShadowStrike\ShadowStrike.vcxproj]
  ('/src/Shared_modules/RealTime/ZeroHourProtection.cpp' kaynak dosyas─▒ derleniyor)
  
C:\ShadowStrike\ShadowStrike\src\Shared_modules\RealTime\ZeroHourProtection.hpp(1016,25): error C2061: s├Âzdizimi hatas─▒: tan─▒mlay─▒c─▒ 'ThreatLevel' [C:\ShadowStrike\ShadowStrike\ShadowStrike.vcxproj]
  ('/src/Shared_modules/RealTime/ZeroHourProtection.cpp' kaynak dosyas─▒ derleniyor)
  
C:\ShadowStrike\ShadowStrike\src\Shared_modules\RealTime\ZeroHourProtection.hpp(1115,9): error C2061: s├Âzdizimi hatas─▒: tan─▒mlay─▒c─▒ 'HoldDecision' [C:\ShadowStrike\ShadowStrike\ShadowStrike.vcxproj]
  ('/src/Shared_modules/RealTime/ZeroHourProtection.cpp' kaynak dosyas─▒ derleniyor)
  
C:\ShadowStrike\ShadowStrike\src\Shared_modules\Security\ProcessProtection.cpp(224,18): error C2039: 'towlower': bir 'std' ├╝yesi de─şil [C:\ShadowStrike\ShadowStrike\ShadowStrike.vcxproj]
  ('/src/Shared_modules/Security/ProcessProtection.cpp' kaynak dosyas─▒ derleniyor)
      C:\Program Files\Microsoft Visual Studio\2022\Community\VC\Tools\MSVC\14.44.35207\include\random(47,1):
      'std' bildirimine bak─▒n
  
C:\ShadowStrike\ShadowStrike\src\Shared_modules\RealTime\ZeroHourProtection.hpp(1126,9): error C2061: s├Âzdizimi hatas─▒: tan─▒mlay─▒c─▒ 'HoldDecision' [C:\ShadowStrike\ShadowStrike\ShadowStrike.vcxproj]
  ('/src/Shared_modules/RealTime/ZeroHourProtection.cpp' kaynak dosyas─▒ derleniyor)
  
C:\ShadowStrike\ShadowStrike\src\Shared_modules\Security\ProcessProtection.cpp(224,41): error C2039: 'towlower': bir 'std' ├╝yesi de─şil [C:\ShadowStrike\ShadowStrike\ShadowStrike.vcxproj]
  ('/src/Shared_modules/Security/ProcessProtection.cpp' kaynak dosyas─▒ derleniyor)
      C:\Program Files\Microsoft Visual Studio\2022\Community\VC\Tools\MSVC\14.44.35207\include\random(47,1):
      'std' bildirimine bak─▒n
  
C:\ShadowStrike\ShadowStrike\src\Shared_modules\RealTime\ZeroHourProtection.hpp(1283,56): error C2061: s├Âzdizimi hatas─▒: tan─▒mlay─▒c─▒ 'ThreatLevelCallback' [C:\ShadowStrike\ShadowStrike\ShadowStrike.vcxproj]
  ('/src/Shared_modules/RealTime/ZeroHourProtection.cpp' kaynak dosyas─▒ derleniyor)
  
C:\ShadowStrike\ShadowStrike\src\Shared_modules\RealTime\ZeroHourProtection.hpp(1350,21): error C2065: 'ZeroHourProtectionImpl': bildirimi yap─▒lmam─▒┼ş tan─▒mlay─▒c─▒ [C:\ShadowStrike\ShadowStrike\ShadowStrike.vcxproj]
  ('/src/Shared_modules/RealTime/ZeroHourProtection.cpp' kaynak dosyas─▒ derleniyor)
  
C:\ShadowStrike\ShadowStrike\src\Shared_modules\RealTime\ZeroHourProtection.hpp(1350,10): error C2923: 'std::unique_ptr': 'ZeroHourProtectionImpl' ge├ğerli bir ┼şablon t├╝r ba─ş─▒ms─▒z de─şi┼şkeni de─şil ('_Ty' parametresi i├ğin) [C:\ShadowStrike\ShadowStrike\ShadowStrike.vcxproj]
  ('/src/Shared_modules/RealTime/ZeroHourProtection.cpp' kaynak dosyas─▒ derleniyor)
      C:\ShadowStrike\ShadowStrike\src\Shared_modules\RealTime\ZeroHourProtection.hpp(1350,21):
      'ZeroHourProtectionImpl' bildirimine bak─▒n
  
C:\ShadowStrike\ShadowStrike\src\Shared_modules\RealTime\ZeroHourProtection.hpp(1350,10): error C2976: 'std::unique_ptr': ├ğok az say─▒da ┼şablon ba─ş─▒ms─▒z de─şi┼şkeni var [C:\ShadowStrike\ShadowStrike\ShadowStrike.vcxproj]
  ('/src/Shared_modules/RealTime/ZeroHourProtection.cpp' kaynak dosyas─▒ derleniyor)
      C:\Program Files\Microsoft Visual Studio\2022\Community\VC\Tools\MSVC\14.44.35207\include\memory(3347,7):
      'std::unique_ptr' bildirimine bak─▒n
  
C:\ShadowStrike\ShadowStrike\src\Shared_modules\RealTime\ZeroHourProtection.hpp(1350,45): error C2955: 'std::unique_ptr' : s─▒n─▒f ┼şablon kullan─▒m─▒ i├ğin ┼şablon ba─ş─▒ms─▒z de─şi┼şken listesi gerekir [C:\ShadowStrike\ShadowStrike\ShadowStrike.vcxproj]
  ('/src/Shared_modules/RealTime/ZeroHourProtection.cpp' kaynak dosyas─▒ derleniyor)
      C:\Program Files\Microsoft Visual Studio\2022\Community\VC\Tools\MSVC\14.44.35207\include\memory(3347,7):
      'std::unique_ptr' bildirimine bak─▒n
  
C:\ShadowStrike\ShadowStrike\src\Shared_modules\RealTime\ZeroHourProtection.hpp(1356,1): error C2059: s├Âzdizimi hatas─▒: '}' [C:\ShadowStrike\ShadowStrike\ShadowStrike.vcxproj]
  ('/src/Shared_modules/RealTime/ZeroHourProtection.cpp' kaynak dosyas─▒ derleniyor)
  
C:\ShadowStrike\ShadowStrike\src\Shared_modules\RealTime\ZeroHourProtection.hpp(1356,1): error C2143: s├Âzdizimi hatas─▒: ';' eksik ('}' ├Âncesinde) [C:\ShadowStrike\ShadowStrike\ShadowStrike.vcxproj]
  ('/src/Shared_modules/RealTime/ZeroHourProtection.cpp' kaynak dosyas─▒ derleniyor)
  
C:\ShadowStrike\ShadowStrike\src\Shared_modules\RealTime\ZeroHourProtection.hpp(1357,1): error C2143: s├Âzdizimi hatas─▒: ';' eksik ('}' ├Âncesinde) [C:\ShadowStrike\ShadowStrike\ShadowStrike.vcxproj]
  ('/src/Shared_modules/RealTime/ZeroHourProtection.cpp' kaynak dosyas─▒ derleniyor)
  
C:\ShadowStrike\ShadowStrike\src\Shared_modules\RealTime\ZeroHourProtection.hpp(1357,1): error C2059: s├Âzdizimi hatas─▒: '}' [C:\ShadowStrike\ShadowStrike\ShadowStrike.vcxproj]
  ('/src/Shared_modules/RealTime/ZeroHourProtection.cpp' kaynak dosyas─▒ derleniyor)
  
C:\ShadowStrike\ShadowStrike\src\Shared_modules\Utils\FileUtils.hpp(57,24): error C2143: s├Âzdizimi hatas─▒: ';' eksik ('{' ├Âncesinde) [C:\ShadowStrike\ShadowStrike\ShadowStrike.vcxproj]
  ('/src/Shared_modules/RealTime/ZeroHourProtection.cpp' kaynak dosyas─▒ derleniyor)
  
C:\ShadowStrike\ShadowStrike\src\Shared_modules\Utils\FileUtils.hpp(57,24): error C2447: '{': i┼şlev ├╝stbilgisi eksik (eski tarzda bi├ğimsel liste mi?) [C:\ShadowStrike\ShadowStrike\ShadowStrike.vcxproj]
  ('/src/Shared_modules/RealTime/ZeroHourProtection.cpp' kaynak dosyas─▒ derleniyor)
  
C:\ShadowStrike\ShadowStrike\src\Shared_modules\Security\AntiDebug.cpp(100,28): error C2365: 'ProcessDebugPort': yeniden tan─▒mlama; ├Ânceki tan─▒m 'numaraland─▒r─▒c─▒' idi [C:\ShadowStrike\ShadowStrike\ShadowStrike.vcxproj]
  ('/src/Shared_modules/Security/AntiDebug.cpp' kaynak dosyas─▒ derleniyor)
      C:\Program Files (x86)\Windows Kits\10\Include\10.0.26100.0\um\winternl.h(355,5):
      'ProcessDebugPort' bildirimine bak─▒n
  
C:\ShadowStrike\ShadowStrike\src\Shared_modules\Security\AntiDebug.cpp(207,18): error C2039: 'towlower': bir 'std' ├╝yesi de─şil [C:\ShadowStrike\ShadowStrike\ShadowStrike.vcxproj]
  ('/src/Shared_modules/Security/AntiDebug.cpp' kaynak dosyas─▒ derleniyor)
      C:\Program Files\Microsoft Visual Studio\2022\Community\VC\Tools\MSVC\14.44.35207\include\random(47,1):
      'std' bildirimine bak─▒n
  
C:\ShadowStrike\ShadowStrike\src\Shared_modules\Security\AntiDebug.cpp(207,41): error C2039: 'towlower': bir 'std' ├╝yesi de─şil [C:\ShadowStrike\ShadowStrike\ShadowStrike.vcxproj]
  ('/src/Shared_modules/Security/AntiDebug.cpp' kaynak dosyas─▒ derleniyor)
      C:\Program Files\Microsoft Visual Studio\2022\Community\VC\Tools\MSVC\14.44.35207\include\random(47,1):
      'std' bildirimine bak─▒n
  
C:\ShadowStrike\ShadowStrike\src\Shared_modules\Security\RegistryProtection.cpp(259,40): warning C4834: [[nodiscard]] ├Âzniteli─şine sahip i┼şlevin d├Ân├╝┼ş de─şerinin at─▒lmas─▒ [C:\ShadowStrike\ShadowStrike\ShadowStrike.vcxproj]
  ('/src/Shared_modules/Security/RegistryProtection.cpp' kaynak dosyas─▒ derleniyor)
  
C:\ShadowStrike\ShadowStrike\src\Shared_modules\Security\RegistryProtection.cpp(383,32): warning C4834: [[nodiscard]] ├Âzniteli─şine sahip i┼şlevin d├Ân├╝┼ş de─şerinin at─▒lmas─▒ [C:\ShadowStrike\ShadowStrike\ShadowStrike.vcxproj]
  ('/src/Shared_modules/Security/RegistryProtection.cpp' kaynak dosyas─▒ derleniyor)
  
C:\ShadowStrike\ShadowStrike\src\Shared_modules\Security\RegistryProtection.cpp(435,13): error C2440: 'return': 'const _Ty2' - 'std::optional<ShadowStrike::Security::ProtectedKey>' d├Ân├╝┼ş├╝m├╝ yap─▒lam─▒yor [C:\ShadowStrike\ShadowStrike\ShadowStrike.vcxproj]
C:\ShadowStrike\ShadowStrike\src\Shared_modules\Security\RegistryProtection.cpp(435,13): error C2440:         with [C:\ShadowStrike\ShadowStrike\ShadowStrike.vcxproj]
C:\ShadowStrike\ShadowStrike\src\Shared_modules\Security\RegistryProtection.cpp(435,13): error C2440:         [ [C:\ShadowStrike\ShadowStrike\ShadowStrike.vcxproj]
C:\ShadowStrike\ShadowStrike\src\Shared_modules\Security\RegistryProtection.cpp(435,13): error C2440:             _Ty2=ShadowStrike::Security::ProtectedKey [C:\ShadowStrike\ShadowStrike\ShadowStrike.vcxproj]
C:\ShadowStrike\ShadowStrike\src\Shared_modules\Security\RegistryProtection.cpp(435,13): error C2440:         ] [C:\ShadowStrike\ShadowStrike\ShadowStrike.vcxproj]
  ('/src/Shared_modules/Security/RegistryProtection.cpp' kaynak dosyas─▒ derleniyor)
      C:\ShadowStrike\ShadowStrike\src\Shared_modules\Security\RegistryProtection.cpp(435,13):
      Bu d├Ân├╝┼şt├╝rmeyi ger├ğekle┼ştirecek kullan─▒c─▒ tan─▒ml─▒ d├Ân├╝┼şt├╝rme i┼şleci yok veya i┼şle├ğ ├ğa─şr─▒lam─▒yor
  
C:\ShadowStrike\ShadowStrike\src\Shared_modules\RealTime\ZeroHourProtection.cpp(78,34): warning C4996: 'localtime': This function or variable may be unsafe. Consider using localtime_s instead. To disable deprecation, use _CRT_SECURE_NO_WARNINGS. See online help for details. [C:\ShadowStrike\ShadowStrike\ShadowStrike.vcxproj]
  ('/src/Shared_modules/RealTime/ZeroHourProtection.cpp' kaynak dosyas─▒ derleniyor)
  
C:\ShadowStrike\ShadowStrike\src\Shared_modules\Security\RegistryProtection.cpp(826,31): warning C4834: [[nodiscard]] ├Âzniteli─şine sahip i┼şlevin d├Ân├╝┼ş de─şerinin at─▒lmas─▒ [C:\ShadowStrike\ShadowStrike\ShadowStrike.vcxproj]
  ('/src/Shared_modules/Security/RegistryProtection.cpp' kaynak dosyas─▒ derleniyor)
  
C:\ShadowStrike\ShadowStrike\src\Shared_modules\RealTime\FileSystemFilter.cpp(176,28): error C2664: 'void ShadowStrike::Utils::Logger::Warn(const char *)' : 1 ba─ş─▒ms─▒z de─şi┼şkeni 'const wchar_t [38]' de─şerinden 'const char *' de─şerine d├Ân├╝┼şt├╝r├╝lemez [C:\ShadowStrike\ShadowStrike\ShadowStrike.vcxproj]
  ('/src/Shared_modules/RealTime/FileSystemFilter.cpp' kaynak dosyas─▒ derleniyor)
      C:\ShadowStrike\ShadowStrike\src\Shared_modules\RealTime\FileSystemFilter.cpp(176,33):
      ─░┼şaretlenen t├╝rler ilgisiz; d├Ân├╝┼şt├╝rme reinterpret_cast, C stili t├╝r d├Ân├╝┼şt├╝rme veya parantez i├ğine al─▒nm─▒┼ş i┼şlev stili t├╝r d├Ân├╝┼şt├╝rme gerektiriyor
      C:\ShadowStrike\ShadowStrike\src\Shared_modules\Utils\Logger.hpp(264,16):
      'ShadowStrike::Utils::Logger::Warn' bildirimine bak─▒n
      C:\ShadowStrike\ShadowStrike\src\Shared_modules\Utils\Logger.hpp(278,16):
      'void ShadowStrike::Utils::Logger::Warn(std::basic_format_string<char,type_identity<_Args>::type...>,Args ...)' olabilirdi
          C:\ShadowStrike\ShadowStrike\src\Shared_modules\RealTime\FileSystemFilter.cpp(176,28):
          ili┼şkili k─▒s─▒tlamalar kar┼ş─▒lanmad─▒
              C:\ShadowStrike\ShadowStrike\src\Shared_modules\Utils\Logger.hpp(277,57):
              k─▒s─▒tlama yerine getirilmedi
      C:\ShadowStrike\ShadowStrike\src\Shared_modules\RealTime\FileSystemFilter.cpp(176,28):
      '(const wchar_t [38])' ba─ş─▒ms─▒z de─şi┼şken listesi e┼şlenmeye ├ğal─▒┼ş─▒l─▒rken
  
C:\ShadowStrike\ShadowStrike\src\Shared_modules\RealTime\FileSystemFilter.cpp(180,24): error C2664: 'void ShadowStrike::Utils::Logger::Info(const char *)' : 1 ba─ş─▒ms─▒z de─şi┼şkeni 'const wchar_t [34]' de─şerinden 'const char *' de─şerine d├Ân├╝┼şt├╝r├╝lemez [C:\ShadowStrike\ShadowStrike\ShadowStrike.vcxproj]
  ('/src/Shared_modules/RealTime/FileSystemFilter.cpp' kaynak dosyas─▒ derleniyor)
      C:\ShadowStrike\ShadowStrike\src\Shared_modules\RealTime\FileSystemFilter.cpp(180,29):
      ─░┼şaretlenen t├╝rler ilgisiz; d├Ân├╝┼şt├╝rme reinterpret_cast, C stili t├╝r d├Ân├╝┼şt├╝rme veya parantez i├ğine al─▒nm─▒┼ş i┼şlev stili t├╝r d├Ân├╝┼şt├╝rme gerektiriyor
      C:\ShadowStrike\ShadowStrike\src\Shared_modules\Utils\Logger.hpp(265,16):
      'ShadowStrike::Utils::Logger::Info' bildirimine bak─▒n
      C:\ShadowStrike\ShadowStrike\src\Shared_modules\Utils\Logger.hpp(282,16):
      'void ShadowStrike::Utils::Logger::Info(std::basic_format_string<char,type_identity<_Args>::type...>,Args ...)' olabilirdi
          C:\ShadowStrike\ShadowStrike\src\Shared_modules\RealTime\FileSystemFilter.cpp(180,24):
          ili┼şkili k─▒s─▒tlamalar kar┼ş─▒lanmad─▒
              C:\ShadowStrike\ShadowStrike\src\Shared_modules\Utils\Logger.hpp(281,57):
              k─▒s─▒tlama yerine getirilmedi
      C:\ShadowStrike\ShadowStrike\src\Shared_modules\RealTime\FileSystemFilter.cpp(180,24):
      '(const wchar_t [34])' ba─ş─▒ms─▒z de─şi┼şken listesi e┼şlenmeye ├ğal─▒┼ş─▒l─▒rken
  
C:\ShadowStrike\ShadowStrike\src\Shared_modules\RealTime\FileSystemFilter.cpp(194,24): error C2664: 'void ShadowStrike::Utils::Logger::Info(const char *)' : 1 ba─ş─▒ms─▒z de─şi┼şkeni 'const wchar_t [43]' de─şerinden 'const char *' de─şerine d├Ân├╝┼şt├╝r├╝lemez [C:\ShadowStrike\ShadowStrike\ShadowStrike.vcxproj]
  ('/src/Shared_modules/RealTime/FileSystemFilter.cpp' kaynak dosyas─▒ derleniyor)
      C:\ShadowStrike\ShadowStrike\src\Shared_modules\RealTime\FileSystemFilter.cpp(194,29):
      ─░┼şaretlenen t├╝rler ilgisiz; d├Ân├╝┼şt├╝rme reinterpret_cast, C stili t├╝r d├Ân├╝┼şt├╝rme veya parantez i├ğine al─▒nm─▒┼ş i┼şlev stili t├╝r d├Ân├╝┼şt├╝rme gerektiriyor
      C:\ShadowStrike\ShadowStrike\src\Shared_modules\Utils\Logger.hpp(265,16):
      'ShadowStrike::Utils::Logger::Info' bildirimine bak─▒n
      C:\ShadowStrike\ShadowStrike\src\Shared_modules\Utils\Logger.hpp(282,16):
      'void ShadowStrike::Utils::Logger::Info(std::basic_format_string<char,type_identity<_Args>::type...>,Args ...)' olabilirdi
          C:\ShadowStrike\ShadowStrike\src\Shared_modules\RealTime\FileSystemFilter.cpp(194,24):
          ili┼şkili k─▒s─▒tlamalar kar┼ş─▒lanmad─▒
              C:\ShadowStrike\ShadowStrike\src\Shared_modules\Utils\Logger.hpp(281,57):
              k─▒s─▒tlama yerine getirilmedi
      C:\ShadowStrike\ShadowStrike\src\Shared_modules\RealTime\FileSystemFilter.cpp(194,24):
      '(const wchar_t [43])' ba─ş─▒ms─▒z de─şi┼şken listesi e┼şlenmeye ├ğal─▒┼ş─▒l─▒rken
  
C:\ShadowStrike\ShadowStrike\src\Shared_modules\RealTime\FileSystemFilter.cpp(201,24): error C2664: 'void ShadowStrike::Utils::Logger::Info(const char *)' : 1 ba─ş─▒ms─▒z de─şi┼şkeni 'const wchar_t [35]' de─şerinden 'const char *' de─şerine d├Ân├╝┼şt├╝r├╝lemez [C:\ShadowStrike\ShadowStrike\ShadowStrike.vcxproj]
  ('/src/Shared_modules/RealTime/FileSystemFilter.cpp' kaynak dosyas─▒ derleniyor)
      C:\ShadowStrike\ShadowStrike\src\Shared_modules\RealTime\FileSystemFilter.cpp(201,29):
      ─░┼şaretlenen t├╝rler ilgisiz; d├Ân├╝┼şt├╝rme reinterpret_cast, C stili t├╝r d├Ân├╝┼şt├╝rme veya parantez i├ğine al─▒nm─▒┼ş i┼şlev stili t├╝r d├Ân├╝┼şt├╝rme gerektiriyor
      C:\ShadowStrike\ShadowStrike\src\Shared_modules\Utils\Logger.hpp(265,16):
      'ShadowStrike::Utils::Logger::Info' bildirimine bak─▒n
      C:\ShadowStrike\ShadowStrike\src\Shared_modules\Utils\Logger.hpp(282,16):
      'void ShadowStrike::Utils::Logger::Info(std::basic_format_string<char,type_identity<_Args>::type...>,Args ...)' olabilirdi
          C:\ShadowStrike\ShadowStrike\src\Shared_modules\RealTime\FileSystemFilter.cpp(201,24):
          ili┼şkili k─▒s─▒tlamalar kar┼ş─▒lanmad─▒
              C:\ShadowStrike\ShadowStrike\src\Shared_modules\Utils\Logger.hpp(281,57):
              k─▒s─▒tlama yerine getirilmedi
      C:\ShadowStrike\ShadowStrike\src\Shared_modules\RealTime\FileSystemFilter.cpp(201,24):
      '(const wchar_t [35])' ba─ş─▒ms─▒z de─şi┼şken listesi e┼şlenmeye ├ğal─▒┼ş─▒l─▒rken
  
C:\ShadowStrike\ShadowStrike\src\Shared_modules\RealTime\ZeroHourProtection.cpp(137,34): error C2065: 'ThreatLevelCallback': bildirimi yap─▒lmam─▒┼ş tan─▒mlay─▒c─▒ [C:\ShadowStrike\ShadowStrike\ShadowStrike.vcxproj]
  ('/src/Shared_modules/RealTime/ZeroHourProtection.cpp' kaynak dosyas─▒ derleniyor)
  
C:\ShadowStrike\ShadowStrike\src\Shared_modules\RealTime\ZeroHourProtection.cpp(137,10): error C2923: 'std::unordered_map': 'ThreatLevelCallback' ge├ğerli bir ┼şablon t├╝r ba─ş─▒ms─▒z de─şi┼şkeni de─şil ('_Ty' parametresi i├ğin) [C:\ShadowStrike\ShadowStrike\ShadowStrike.vcxproj]
  ('/src/Shared_modules/RealTime/ZeroHourProtection.cpp' kaynak dosyas─▒ derleniyor)
      C:\ShadowStrike\ShadowStrike\src\Shared_modules\RealTime\ZeroHourProtection.cpp(137,34):
      'ThreatLevelCallback' bildirimine bak─▒n
  
C:\ShadowStrike\ShadowStrike\src\Shared_modules\RealTime\ZeroHourProtection.cpp(137,10): error C2976: 'std::unordered_map': ├ğok az say─▒da ┼şablon ba─ş─▒ms─▒z de─şi┼şkeni var [C:\ShadowStrike\ShadowStrike\ShadowStrike.vcxproj]
  ('/src/Shared_modules/RealTime/ZeroHourProtection.cpp' kaynak dosyas─▒ derleniyor)
      C:\Program Files\Microsoft Visual Studio\2022\Community\VC\Tools\MSVC\14.44.35207\include\unordered_map(61,7):
      'std::unordered_map' bildirimine bak─▒n
  
C:\ShadowStrike\ShadowStrike\src\Shared_modules\RealTime\ZeroHourProtection.cpp(137,55): error C2955: 'std::unordered_map' : s─▒n─▒f ┼şablon kullan─▒m─▒ i├ğin ┼şablon ba─ş─▒ms─▒z de─şi┼şken listesi gerekir [C:\ShadowStrike\ShadowStrike\ShadowStrike.vcxproj]
  ('/src/Shared_modules/RealTime/ZeroHourProtection.cpp' kaynak dosyas─▒ derleniyor)
      C:\Program Files\Microsoft Visual Studio\2022\Community\VC\Tools\MSVC\14.44.35207\include\unordered_map(61,7):
      'std::unordered_map' bildirimine bak─▒n
  
C:\ShadowStrike\ShadowStrike\src\Shared_modules\RealTime\FileSystemFilter.cpp(230,24): error C2664: 'void ShadowStrike::Utils::Logger::Info(const char *)' : 1 ba─ş─▒ms─▒z de─şi┼şkeni 'const wchar_t [36]' de─şerinden 'const char *' de─şerine d├Ân├╝┼şt├╝r├╝lemez [C:\ShadowStrike\ShadowStrike\ShadowStrike.vcxproj]
  ('/src/Shared_modules/RealTime/FileSystemFilter.cpp' kaynak dosyas─▒ derleniyor)
      C:\ShadowStrike\ShadowStrike\src\Shared_modules\RealTime\FileSystemFilter.cpp(230,29):
      ─░┼şaretlenen t├╝rler ilgisiz; d├Ân├╝┼şt├╝rme reinterpret_cast, C stili t├╝r d├Ân├╝┼şt├╝rme veya parantez i├ğine al─▒nm─▒┼ş i┼şlev stili t├╝r d├Ân├╝┼şt├╝rme gerektiriyor
      C:\ShadowStrike\ShadowStrike\src\Shared_modules\Utils\Logger.hpp(265,16):
      'ShadowStrike::Utils::Logger::Info' bildirimine bak─▒n
      C:\ShadowStrike\ShadowStrike\src\Shared_modules\Utils\Logger.hpp(282,16):
      'void ShadowStrike::Utils::Logger::Info(std::basic_format_string<char,type_identity<_Args>::type...>,Args ...)' olabilirdi
          C:\ShadowStrike\ShadowStrike\src\Shared_modules\RealTime\FileSystemFilter.cpp(230,24):
          ili┼şkili k─▒s─▒tlamalar kar┼ş─▒lanmad─▒
              C:\ShadowStrike\ShadowStrike\src\Shared_modules\Utils\Logger.hpp(281,57):
              k─▒s─▒tlama yerine getirilmedi
      C:\ShadowStrike\ShadowStrike\src\Shared_modules\RealTime\FileSystemFilter.cpp(230,24):
      '(const wchar_t [36])' ba─ş─▒ms─▒z de─şi┼şken listesi e┼şlenmeye ├ğal─▒┼ş─▒l─▒rken
  
C:\ShadowStrike\ShadowStrike\src\Shared_modules\RealTime\FileSystemFilter.cpp(235,28): error C2664: 'void ShadowStrike::Utils::Logger::Warn(const char *)' : 1 ba─ş─▒ms─▒z de─şi┼şkeni 'const wchar_t [34]' de─şerinden 'const char *' de─şerine d├Ân├╝┼şt├╝r├╝lemez [C:\ShadowStrike\ShadowStrike\ShadowStrike.vcxproj]
  ('/src/Shared_modules/RealTime/FileSystemFilter.cpp' kaynak dosyas─▒ derleniyor)
      C:\ShadowStrike\ShadowStrike\src\Shared_modules\RealTime\FileSystemFilter.cpp(235,33):
      ─░┼şaretlenen t├╝rler ilgisiz; d├Ân├╝┼şt├╝rme reinterpret_cast, C stili t├╝r d├Ân├╝┼şt├╝rme veya parantez i├ğine al─▒nm─▒┼ş i┼şlev stili t├╝r d├Ân├╝┼şt├╝rme gerektiriyor
      C:\ShadowStrike\ShadowStrike\src\Shared_modules\Utils\Logger.hpp(264,16):
      'ShadowStrike::Utils::Logger::Warn' bildirimine bak─▒n
      C:\ShadowStrike\ShadowStrike\src\Shared_modules\Utils\Logger.hpp(278,16):
      'void ShadowStrike::Utils::Logger::Warn(std::basic_format_string<char,type_identity<_Args>::type...>,Args ...)' olabilirdi
          C:\ShadowStrike\ShadowStrike\src\Shared_modules\RealTime\FileSystemFilter.cpp(235,28):
          ili┼şkili k─▒s─▒tlamalar kar┼ş─▒lanmad─▒
              C:\ShadowStrike\ShadowStrike\src\Shared_modules\Utils\Logger.hpp(277,57):
              k─▒s─▒tlama yerine getirilmedi
      C:\ShadowStrike\ShadowStrike\src\Shared_modules\RealTime\FileSystemFilter.cpp(235,28):
      '(const wchar_t [34])' ba─ş─▒ms─▒z de─şi┼şken listesi e┼şlenmeye ├ğal─▒┼ş─▒l─▒rken
  
C:\ShadowStrike\ShadowStrike\src\Shared_modules\RealTime\FileSystemFilter.cpp(239,24): error C2664: 'void ShadowStrike::Utils::Logger::Info(const char *)' : 1 ba─ş─▒ms─▒z de─şi┼şkeni 'const wchar_t [30]' de─şerinden 'const char *' de─şerine d├Ân├╝┼şt├╝r├╝lemez [C:\ShadowStrike\ShadowStrike\ShadowStrike.vcxproj]
  ('/src/Shared_modules/RealTime/FileSystemFilter.cpp' kaynak dosyas─▒ derleniyor)
      C:\ShadowStrike\ShadowStrike\src\Shared_modules\RealTime\FileSystemFilter.cpp(239,29):
      ─░┼şaretlenen t├╝rler ilgisiz; d├Ân├╝┼şt├╝rme reinterpret_cast, C stili t├╝r d├Ân├╝┼şt├╝rme veya parantez i├ğine al─▒nm─▒┼ş i┼şlev stili t├╝r d├Ân├╝┼şt├╝rme gerektiriyor
      C:\ShadowStrike\ShadowStrike\src\Shared_modules\Utils\Logger.hpp(265,16):
      'ShadowStrike::Utils::Logger::Info' bildirimine bak─▒n
      C:\ShadowStrike\ShadowStrike\src\Shared_modules\Utils\Logger.hpp(282,16):
      'void ShadowStrike::Utils::Logger::Info(std::basic_format_string<char,type_identity<_Args>::type...>,Args ...)' olabilirdi
          C:\ShadowStrike\ShadowStrike\src\Shared_modules\RealTime\FileSystemFilter.cpp(239,24):
          ili┼şkili k─▒s─▒tlamalar kar┼ş─▒lanmad─▒
              C:\ShadowStrike\ShadowStrike\src\Shared_modules\Utils\Logger.hpp(281,57):
              k─▒s─▒tlama yerine getirilmedi
      C:\ShadowStrike\ShadowStrike\src\Shared_modules\RealTime\FileSystemFilter.cpp(239,24):
      '(const wchar_t [30])' ba─ş─▒ms─▒z de─şi┼şken listesi e┼şlenmeye ├ğal─▒┼ş─▒l─▒rken
  
C:\ShadowStrike\ShadowStrike\src\Shared_modules\RealTime\FileSystemFilter.cpp(243,28): error C2664: 'void ShadowStrike::Utils::Logger::Warn(const char *)' : 1 ba─ş─▒ms─▒z de─şi┼şkeni 'const wchar_t [67]' de─şerinden 'const char *' de─şerine d├Ân├╝┼şt├╝r├╝lemez [C:\ShadowStrike\ShadowStrike\ShadowStrike.vcxproj]
  ('/src/Shared_modules/RealTime/FileSystemFilter.cpp' kaynak dosyas─▒ derleniyor)
      C:\ShadowStrike\ShadowStrike\src\Shared_modules\RealTime\FileSystemFilter.cpp(243,33):
      ─░┼şaretlenen t├╝rler ilgisiz; d├Ân├╝┼şt├╝rme reinterpret_cast, C stili t├╝r d├Ân├╝┼şt├╝rme veya parantez i├ğine al─▒nm─▒┼ş i┼şlev stili t├╝r d├Ân├╝┼şt├╝rme gerektiriyor
      C:\ShadowStrike\ShadowStrike\src\Shared_modules\Utils\Logger.hpp(264,16):
      'ShadowStrike::Utils::Logger::Warn' bildirimine bak─▒n
      C:\ShadowStrike\ShadowStrike\src\Shared_modules\Utils\Logger.hpp(278,16):
      'void ShadowStrike::Utils::Logger::Warn(std::basic_format_string<char,type_identity<_Args>::type...>,Args ...)' olabilirdi
          C:\ShadowStrike\ShadowStrike\src\Shared_modules\RealTime\FileSystemFilter.cpp(243,28):
          ili┼şkili k─▒s─▒tlamalar kar┼ş─▒lanmad─▒
              C:\ShadowStrike\ShadowStrike\src\Shared_modules\Utils\Logger.hpp(277,57):
              k─▒s─▒tlama yerine getirilmedi
      C:\ShadowStrike\ShadowStrike\src\Shared_modules\RealTime\FileSystemFilter.cpp(243,28):
      '(const wchar_t [67])' ba─ş─▒ms─▒z de─şi┼şken listesi e┼şlenmeye ├ğal─▒┼ş─▒l─▒rken
  
C:\ShadowStrike\ShadowStrike\src\Shared_modules\RealTime\FileSystemFilter.cpp(257,24): error C2664: 'void ShadowStrike::Utils::Logger::Info(const char *)' : 1 ba─ş─▒ms─▒z de─şi┼şkeni 'const wchar_t [39]' de─şerinden 'const char *' de─şerine d├Ân├╝┼şt├╝r├╝lemez [C:\ShadowStrike\ShadowStrike\ShadowStrike.vcxproj]
  ('/src/Shared_modules/RealTime/FileSystemFilter.cpp' kaynak dosyas─▒ derleniyor)
      C:\ShadowStrike\ShadowStrike\src\Shared_modules\RealTime\FileSystemFilter.cpp(257,29):
      ─░┼şaretlenen t├╝rler ilgisiz; d├Ân├╝┼şt├╝rme reinterpret_cast, C stili t├╝r d├Ân├╝┼şt├╝rme veya parantez i├ğine al─▒nm─▒┼ş i┼şlev stili t├╝r d├Ân├╝┼şt├╝rme gerektiriyor
      C:\ShadowStrike\ShadowStrike\src\Shared_modules\Utils\Logger.hpp(265,16):
      'ShadowStrike::Utils::Logger::Info' bildirimine bak─▒n
      C:\ShadowStrike\ShadowStrike\src\Shared_modules\Utils\Logger.hpp(282,16):
      'void ShadowStrike::Utils::Logger::Info(std::basic_format_string<char,type_identity<_Args>::type...>,Args ...)' olabilirdi
          C:\ShadowStrike\ShadowStrike\src\Shared_modules\RealTime\FileSystemFilter.cpp(257,24):
          ili┼şkili k─▒s─▒tlamalar kar┼ş─▒lanmad─▒
              C:\ShadowStrike\ShadowStrike\src\Shared_modules\Utils\Logger.hpp(281,57):
              k─▒s─▒tlama yerine getirilmedi
      C:\ShadowStrike\ShadowStrike\src\Shared_modules\RealTime\FileSystemFilter.cpp(257,24):
      '(const wchar_t [39])' ba─ş─▒ms─▒z de─şi┼şken listesi e┼şlenmeye ├ğal─▒┼ş─▒l─▒rken
  
C:\ShadowStrike\ShadowStrike\src\Shared_modules\RealTime\FileSystemFilter.cpp(264,24): error C2664: 'void ShadowStrike::Utils::Logger::Info(const char *)' : 1 ba─ş─▒ms─▒z de─şi┼şkeni 'const wchar_t [30]' de─şerinden 'const char *' de─şerine d├Ân├╝┼şt├╝r├╝lemez [C:\ShadowStrike\ShadowStrike\ShadowStrike.vcxproj]
  ('/src/Shared_modules/RealTime/FileSystemFilter.cpp' kaynak dosyas─▒ derleniyor)
      C:\ShadowStrike\ShadowStrike\src\Shared_modules\RealTime\FileSystemFilter.cpp(264,29):
      ─░┼şaretlenen t├╝rler ilgisiz; d├Ân├╝┼şt├╝rme reinterpret_cast, C stili t├╝r d├Ân├╝┼şt├╝rme veya parantez i├ğine al─▒nm─▒┼ş i┼şlev stili t├╝r d├Ân├╝┼şt├╝rme gerektiriyor
      C:\ShadowStrike\ShadowStrike\src\Shared_modules\Utils\Logger.hpp(265,16):
      'ShadowStrike::Utils::Logger::Info' bildirimine bak─▒n
      C:\ShadowStrike\ShadowStrike\src\Shared_modules\Utils\Logger.hpp(282,16):
      'void ShadowStrike::Utils::Logger::Info(std::basic_format_string<char,type_identity<_Args>::type...>,Args ...)' olabilirdi
          C:\ShadowStrike\ShadowStrike\src\Shared_modules\RealTime\FileSystemFilter.cpp(264,24):
          ili┼şkili k─▒s─▒tlamalar kar┼ş─▒lanmad─▒
              C:\ShadowStrike\ShadowStrike\src\Shared_modules\Utils\Logger.hpp(281,57):
              k─▒s─▒tlama yerine getirilmedi
      C:\ShadowStrike\ShadowStrike\src\Shared_modules\RealTime\FileSystemFilter.cpp(264,24):
      '(const wchar_t [30])' ba─ş─▒ms─▒z de─şi┼şken listesi e┼şlenmeye ├ğal─▒┼ş─▒l─▒rken
  
C:\ShadowStrike\ShadowStrike\src\Shared_modules\RealTime\FileSystemFilter.cpp(281,24): error C2664: 'void ShadowStrike::Utils::Logger::Info(const char *)' : 1 ba─ş─▒ms─▒z de─şi┼şkeni 'const wchar_t [26]' de─şerinden 'const char *' de─şerine d├Ân├╝┼şt├╝r├╝lemez [C:\ShadowStrike\ShadowStrike\ShadowStrike.vcxproj]
  ('/src/Shared_modules/RealTime/FileSystemFilter.cpp' kaynak dosyas─▒ derleniyor)
      C:\ShadowStrike\ShadowStrike\src\Shared_modules\RealTime\FileSystemFilter.cpp(281,29):
      ─░┼şaretlenen t├╝rler ilgisiz; d├Ân├╝┼şt├╝rme reinterpret_cast, C stili t├╝r d├Ân├╝┼şt├╝rme veya parantez i├ğine al─▒nm─▒┼ş i┼şlev stili t├╝r d├Ân├╝┼şt├╝rme gerektiriyor
      C:\ShadowStrike\ShadowStrike\src\Shared_modules\Utils\Logger.hpp(265,16):
      'ShadowStrike::Utils::Logger::Info' bildirimine bak─▒n
      C:\ShadowStrike\ShadowStrike\src\Shared_modules\Utils\Logger.hpp(282,16):
      'void ShadowStrike::Utils::Logger::Info(std::basic_format_string<char,type_identity<_Args>::type...>,Args ...)' olabilirdi
          C:\ShadowStrike\ShadowStrike\src\Shared_modules\RealTime\FileSystemFilter.cpp(281,24):
          ili┼şkili k─▒s─▒tlamalar kar┼ş─▒lanmad─▒
              C:\ShadowStrike\ShadowStrike\src\Shared_modules\Utils\Logger.hpp(281,57):
              k─▒s─▒tlama yerine getirilmedi
      C:\ShadowStrike\ShadowStrike\src\Shared_modules\RealTime\FileSystemFilter.cpp(281,24):
      '(const wchar_t [26])' ba─ş─▒ms─▒z de─şi┼şken listesi e┼şlenmeye ├ğal─▒┼ş─▒l─▒rken
  
C:\ShadowStrike\ShadowStrike\src\Shared_modules\RealTime\FileSystemFilter.cpp(287,28): error C2664: 'void ShadowStrike::Utils::Logger::Info(const char *)' : 1 ba─ş─▒ms─▒z de─şi┼şkeni 'const wchar_t [25]' de─şerinden 'const char *' de─şerine d├Ân├╝┼şt├╝r├╝lemez [C:\ShadowStrike\ShadowStrike\ShadowStrike.vcxproj]
  ('/src/Shared_modules/RealTime/FileSystemFilter.cpp' kaynak dosyas─▒ derleniyor)
      C:\ShadowStrike\ShadowStrike\src\Shared_modules\RealTime\FileSystemFilter.cpp(287,33):
      ─░┼şaretlenen t├╝rler ilgisiz; d├Ân├╝┼şt├╝rme reinterpret_cast, C stili t├╝r d├Ân├╝┼şt├╝rme veya parantez i├ğine al─▒nm─▒┼ş i┼şlev stili t├╝r d├Ân├╝┼şt├╝rme gerektiriyor
      C:\ShadowStrike\ShadowStrike\src\Shared_modules\Utils\Logger.hpp(265,16):
      'ShadowStrike::Utils::Logger::Info' bildirimine bak─▒n
      C:\ShadowStrike\ShadowStrike\src\Shared_modules\Utils\Logger.hpp(282,16):
      'void ShadowStrike::Utils::Logger::Info(std::basic_format_string<char,type_identity<_Args>::type...>,Args ...)' olabilirdi
          C:\ShadowStrike\ShadowStrike\src\Shared_modules\RealTime\FileSystemFilter.cpp(287,28):
          ili┼şkili k─▒s─▒tlamalar kar┼ş─▒lanmad─▒
              C:\ShadowStrike\ShadowStrike\src\Shared_modules\Utils\Logger.hpp(281,57):
              k─▒s─▒tlama yerine getirilmedi
      C:\ShadowStrike\ShadowStrike\src\Shared_modules\RealTime\FileSystemFilter.cpp(287,28):
      '(const wchar_t [25])' ba─ş─▒ms─▒z de─şi┼şken listesi e┼şlenmeye ├ğal─▒┼ş─▒l─▒rken
  
C:\ShadowStrike\ShadowStrike\src\Shared_modules\RealTime\FileSystemFilter.cpp(294,28): error C2664: 'void ShadowStrike::Utils::Logger::Info(const char *)' : 1 ba─ş─▒ms─▒z de─şi┼şkeni 'const wchar_t [26]' de─şerinden 'const char *' de─şerine d├Ân├╝┼şt├╝r├╝lemez [C:\ShadowStrike\ShadowStrike\ShadowStrike.vcxproj]
  ('/src/Shared_modules/RealTime/FileSystemFilter.cpp' kaynak dosyas─▒ derleniyor)
      C:\ShadowStrike\ShadowStrike\src\Shared_modules\RealTime\FileSystemFilter.cpp(294,33):
      ─░┼şaretlenen t├╝rler ilgisiz; d├Ân├╝┼şt├╝rme reinterpret_cast, C stili t├╝r d├Ân├╝┼şt├╝rme veya parantez i├ğine al─▒nm─▒┼ş i┼şlev stili t├╝r d├Ân├╝┼şt├╝rme gerektiriyor
      C:\ShadowStrike\ShadowStrike\src\Shared_modules\Utils\Logger.hpp(265,16):
      'ShadowStrike::Utils::Logger::Info' bildirimine bak─▒n
      C:\ShadowStrike\ShadowStrike\src\Shared_modules\Utils\Logger.hpp(282,16):
      'void ShadowStrike::Utils::Logger::Info(std::basic_format_string<char,type_identity<_Args>::type...>,Args ...)' olabilirdi
          C:\ShadowStrike\ShadowStrike\src\Shared_modules\RealTime\FileSystemFilter.cpp(294,28):
          ili┼şkili k─▒s─▒tlamalar kar┼ş─▒lanmad─▒
              C:\ShadowStrike\ShadowStrike\src\Shared_modules\Utils\Logger.hpp(281,57):
              k─▒s─▒tlama yerine getirilmedi
      C:\ShadowStrike\ShadowStrike\src\Shared_modules\RealTime\FileSystemFilter.cpp(294,28):
      '(const wchar_t [26])' ba─ş─▒ms─▒z de─şi┼şken listesi e┼şlenmeye ├ğal─▒┼ş─▒l─▒rken
  
C:\ShadowStrike\ShadowStrike\src\Shared_modules\RealTime\FileSystemFilter.cpp(304,24): error C2665: 'ShadowStrike::Utils::Logger::Info': hi├ğbir a┼ş─▒r─▒ y├╝klenmi┼ş i┼şlev t├╝m arg├╝man t├╝rlerini d├Ân├╝┼şt├╝remez [C:\ShadowStrike\ShadowStrike\ShadowStrike.vcxproj]
  ('/src/Shared_modules/RealTime/FileSystemFilter.cpp' kaynak dosyas─▒ derleniyor)
      C:\ShadowStrike\ShadowStrike\src\Shared_modules\Utils\Logger.hpp(282,16):
      'void ShadowStrike::Utils::Logger::Info<std::wstring&>(std::basic_format_string<char,std::wstring &>,std::wstring &)' olabilirdi
          C:\ShadowStrike\ShadowStrike\src\Shared_modules\RealTime\FileSystemFilter.cpp(304,24):
          'void ShadowStrike::Utils::Logger::Info<std::wstring&>(std::basic_format_string<char,std::wstring &>,std::wstring &)' : 1 ba─ş─▒ms─▒z de─şi┼şkeni 'const wchar_t [48]' de─şerinden 'std::basic_format_string<char,std::wstring &>' de─şerine d├Ân├╝┼şt├╝r├╝lemez
              C:\ShadowStrike\ShadowStrike\src\Shared_modules\RealTime\FileSystemFilter.cpp(304,29):
              'std::basic_format_string<char,std::wstring &>::basic_format_string': hi├ğbir a┼ş─▒r─▒ y├╝klenmi┼ş i┼şlev t├╝m arg├╝man t├╝rlerini d├Ân├╝┼şt├╝remez
                  C:\Program Files\Microsoft Visual Studio\2022\Community\VC\Tools\MSVC\14.44.35207\include\format(2867,1):
                  'std::basic_format_string<char,std::wstring &>::basic_format_string(std::basic_format_string<char,std::wstring &> &&)' olabilirdi
                      C:\ShadowStrike\ShadowStrike\src\Shared_modules\RealTime\FileSystemFilter.cpp(304,29):
                      'std::basic_format_string<char,std::wstring &>::basic_format_string(std::basic_format_string<char,std::wstring &> &&)' : 1 ba─ş─▒ms─▒z de─şi┼şkeni 'const wchar_t [48]' de─şerinden 'std::basic_format_string<char,std::wstring &> &&' de─şerine d├Ân├╝┼şt├╝r├╝lemez
                          C:\ShadowStrike\ShadowStrike\src\Shared_modules\RealTime\FileSystemFilter.cpp(304,29):
                          Nedeni: 'const wchar_t [48]' de─şerinden 'std::basic_format_string<char,std::wstring &>' de─şerine d├Ân├╝┼şt├╝r├╝lemez
                          C:\ShadowStrike\ShadowStrike\src\Shared_modules\RealTime\FileSystemFilter.cpp(304,29):
                          D├Ân├╝┼şt├╝rme ikinci bir kullan─▒c─▒ tan─▒ml─▒ d├Ân├╝┼şt├╝rme i┼şleci veya olu┼şturucu gerektiriyor
                  C:\Program Files\Microsoft Visual Studio\2022\Community\VC\Tools\MSVC\14.44.35207\include\format(2867,1):
                  veya       'std::basic_format_string<char,std::wstring &>::basic_format_string(const std::basic_format_string<char,std::wstring &> &)'
                      C:\ShadowStrike\ShadowStrike\src\Shared_modules\RealTime\FileSystemFilter.cpp(304,29):
                      'std::basic_format_string<char,std::wstring &>::basic_format_string(const std::basic_format_string<char,std::wstring &> &)' : 1 ba─ş─▒ms─▒z de─şi┼şkeni 'const wchar_t [48]' de─şerinden 'const std::basic_format_string<char,std::wstring &> &' de─şerine d├Ân├╝┼şt├╝r├╝lemez
                          C:\ShadowStrike\ShadowStrike\src\Shared_modules\RealTime\FileSystemFilter.cpp(304,29):
                          Nedeni: 'const wchar_t [48]' de─şerinden 'const std::basic_format_string<char,std::wstring &>' de─şerine d├Ân├╝┼şt├╝r├╝lemez
                          C:\ShadowStrike\ShadowStrike\src\Shared_modules\RealTime\FileSystemFilter.cpp(304,29):
                          D├Ân├╝┼şt├╝rme ikinci bir kullan─▒c─▒ tan─▒ml─▒ d├Ân├╝┼şt├╝rme i┼şleci veya olu┼şturucu gerektiriyor
                  C:\Program Files\Microsoft Visual Studio\2022\Community\VC\Tools\MSVC\14.44.35207\include\format(2850,5):
                  veya       'std::basic_format_string<char,std::wstring &>::basic_format_string(const _Ty &)'
                  C:\ShadowStrike\ShadowStrike\src\Shared_modules\RealTime\FileSystemFilter.cpp(304,29):
                  '(const wchar_t [48])' ba─ş─▒ms─▒z de─şi┼şken listesi e┼şlenmeye ├ğal─▒┼ş─▒l─▒rken
      C:\ShadowStrike\ShadowStrike\src\Shared_modules\RealTime\FileSystemFilter.cpp(304,24):
      '(const wchar_t [48], std::wstring)' ba─ş─▒ms─▒z de─şi┼şken listesi e┼şlenmeye ├ğal─▒┼ş─▒l─▒rken
  
C:\ShadowStrike\ShadowStrike\src\Shared_modules\RealTime\FileSystemFilter.cpp(319,32): error C2664: 'void ShadowStrike::Utils::Logger::Warn(const char *)' : 1 ba─ş─▒ms─▒z de─şi┼şkeni 'const wchar_t [56]' de─şerinden 'const char *' de─şerine d├Ân├╝┼şt├╝r├╝lemez [C:\ShadowStrike\ShadowStrike\ShadowStrike.vcxproj]
  ('/src/Shared_modules/RealTime/FileSystemFilter.cpp' kaynak dosyas─▒ derleniyor)
      C:\ShadowStrike\ShadowStrike\src\Shared_modules\RealTime\FileSystemFilter.cpp(319,37):
      ─░┼şaretlenen t├╝rler ilgisiz; d├Ân├╝┼şt├╝rme reinterpret_cast, C stili t├╝r d├Ân├╝┼şt├╝rme veya parantez i├ğine al─▒nm─▒┼ş i┼şlev stili t├╝r d├Ân├╝┼şt├╝rme gerektiriyor
      C:\ShadowStrike\ShadowStrike\src\Shared_modules\Utils\Logger.hpp(264,16):
      'ShadowStrike::Utils::Logger::Warn' bildirimine bak─▒n
      C:\ShadowStrike\ShadowStrike\src\Shared_modules\Utils\Logger.hpp(278,16):
      'void ShadowStrike::Utils::Logger::Warn(std::basic_format_string<char,type_identity<_Args>::type...>,Args ...)' olabilirdi
          C:\ShadowStrike\ShadowStrike\src\Shared_modules\RealTime\FileSystemFilter.cpp(319,32):
          ili┼şkili k─▒s─▒tlamalar kar┼ş─▒lanmad─▒
              C:\ShadowStrike\ShadowStrike\src\Shared_modules\Utils\Logger.hpp(277,57):
              k─▒s─▒tlama yerine getirilmedi
      C:\ShadowStrike\ShadowStrike\src\Shared_modules\RealTime\FileSystemFilter.cpp(319,32):
      '(const wchar_t [56])' ba─ş─▒ms─▒z de─şi┼şken listesi e┼şlenmeye ├ğal─▒┼ş─▒l─▒rken
  
C:\ShadowStrike\ShadowStrike\src\Shared_modules\RealTime\FileSystemFilter.cpp(322,32): error C2664: 'void ShadowStrike::Utils::Logger::Error(const char *)' : 1 ba─ş─▒ms─▒z de─şi┼şkeni 'const wchar_t [53]' de─şerinden 'const char *' de─şerine d├Ân├╝┼şt├╝r├╝lemez [C:\ShadowStrike\ShadowStrike\ShadowStrike.vcxproj]
  ('/src/Shared_modules/RealTime/FileSystemFilter.cpp' kaynak dosyas─▒ derleniyor)
      C:\ShadowStrike\ShadowStrike\src\Shared_modules\RealTime\FileSystemFilter.cpp(322,38):
      ─░┼şaretlenen t├╝rler ilgisiz; d├Ân├╝┼şt├╝rme reinterpret_cast, C stili t├╝r d├Ân├╝┼şt├╝rme veya parantez i├ğine al─▒nm─▒┼ş i┼şlev stili t├╝r d├Ân├╝┼şt├╝rme gerektiriyor
      C:\ShadowStrike\ShadowStrike\src\Shared_modules\Utils\Logger.hpp(263,16):
      'ShadowStrike::Utils::Logger::Error' bildirimine bak─▒n
      C:\ShadowStrike\ShadowStrike\src\Shared_modules\Utils\Logger.hpp(274,16):
      'void ShadowStrike::Utils::Logger::Error(std::basic_format_string<char,type_identity<_Args>::type...>,Args ...)' olabilirdi
          C:\ShadowStrike\ShadowStrike\src\Shared_modules\RealTime\FileSystemFilter.cpp(322,32):
          ili┼şkili k─▒s─▒tlamalar kar┼ş─▒lanmad─▒
              C:\ShadowStrike\ShadowStrike\src\Shared_modules\Utils\Logger.hpp(273,57):
              k─▒s─▒tlama yerine getirilmedi
      C:\ShadowStrike\ShadowStrike\src\Shared_modules\RealTime\FileSystemFilter.cpp(322,32):
      '(const wchar_t [53])' ba─ş─▒ms─▒z de─şi┼şken listesi e┼şlenmeye ├ğal─▒┼ş─▒l─▒rken
  
C:\ShadowStrike\ShadowStrike\src\Shared_modules\RealTime\FileSystemFilter.cpp(325,32): error C2665: 'ShadowStrike::Utils::Logger::Error': hi├ğbir a┼ş─▒r─▒ y├╝klenmi┼ş i┼şlev t├╝m arg├╝man t├╝rlerini d├Ân├╝┼şt├╝remez [C:\ShadowStrike\ShadowStrike\ShadowStrike.vcxproj]
  ('/src/Shared_modules/RealTime/FileSystemFilter.cpp' kaynak dosyas─▒ derleniyor)
      C:\ShadowStrike\ShadowStrike\src\Shared_modules\Utils\Logger.hpp(274,16):
      'void ShadowStrike::Utils::Logger::Error<HRESULT&>(std::basic_format_string<char,HRESULT &>,HRESULT &)' olabilirdi
          C:\ShadowStrike\ShadowStrike\src\Shared_modules\RealTime\FileSystemFilter.cpp(325,32):
          'void ShadowStrike::Utils::Logger::Error<HRESULT&>(std::basic_format_string<char,HRESULT &>,HRESULT &)' : 1 ba─ş─▒ms─▒z de─şi┼şkeni 'const wchar_t [65]' de─şerinden 'std::basic_format_string<char,HRESULT &>' de─şerine d├Ân├╝┼şt├╝r├╝lemez
              C:\ShadowStrike\ShadowStrike\src\Shared_modules\RealTime\FileSystemFilter.cpp(325,38):
              'std::basic_format_string<char,HRESULT &>::basic_format_string': hi├ğbir a┼ş─▒r─▒ y├╝klenmi┼ş i┼şlev t├╝m arg├╝man t├╝rlerini d├Ân├╝┼şt├╝remez
                  C:\Program Files\Microsoft Visual Studio\2022\Community\VC\Tools\MSVC\14.44.35207\include\format(2867,1):
                  'std::basic_format_string<char,HRESULT &>::basic_format_string(std::basic_format_string<char,HRESULT &> &&)' olabilirdi
                      C:\ShadowStrike\ShadowStrike\src\Shared_modules\RealTime\FileSystemFilter.cpp(325,38):
                      'std::basic_format_string<char,HRESULT &>::basic_format_string(std::basic_format_string<char,HRESULT &> &&)' : 1 ba─ş─▒ms─▒z de─şi┼şkeni 'const wchar_t [65]' de─şerinden 'std::basic_format_string<char,HRESULT &> &&' de─şerine d├Ân├╝┼şt├╝r├╝lemez
                          C:\ShadowStrike\ShadowStrike\src\Shared_modules\RealTime\FileSystemFilter.cpp(325,38):
                          Nedeni: 'const wchar_t [65]' de─şerinden 'std::basic_format_string<char,HRESULT &>' de─şerine d├Ân├╝┼şt├╝r├╝lemez
                          C:\ShadowStrike\ShadowStrike\src\Shared_modules\RealTime\FileSystemFilter.cpp(325,38):
                          D├Ân├╝┼şt├╝rme ikinci bir kullan─▒c─▒ tan─▒ml─▒ d├Ân├╝┼şt├╝rme i┼şleci veya olu┼şturucu gerektiriyor
                  C:\Program Files\Microsoft Visual Studio\2022\Community\VC\Tools\MSVC\14.44.35207\include\format(2867,1):
                  veya       'std::basic_format_string<char,HRESULT &>::basic_format_string(const std::basic_format_string<char,HRESULT &> &)'
                      C:\ShadowStrike\ShadowStrike\src\Shared_modules\RealTime\FileSystemFilter.cpp(325,38):
                      'std::basic_format_string<char,HRESULT &>::basic_format_string(const std::basic_format_string<char,HRESULT &> &)' : 1 ba─ş─▒ms─▒z de─şi┼şkeni 'const wchar_t [65]' de─şerinden 'const std::basic_format_string<char,HRESULT &> &' de─şerine d├Ân├╝┼şt├╝r├╝lemez
                          C:\ShadowStrike\ShadowStrike\src\Shared_modules\RealTime\FileSystemFilter.cpp(325,38):
                          Nedeni: 'const wchar_t [65]' de─şerinden 'const std::basic_format_string<char,HRESULT &>' de─şerine d├Ân├╝┼şt├╝r├╝lemez
                          C:\ShadowStrike\ShadowStrike\src\Shared_modules\RealTime\FileSystemFilter.cpp(325,38):
                          D├Ân├╝┼şt├╝rme ikinci bir kullan─▒c─▒ tan─▒ml─▒ d├Ân├╝┼şt├╝rme i┼şleci veya olu┼şturucu gerektiriyor
                  C:\Program Files\Microsoft Visual Studio\2022\Community\VC\Tools\MSVC\14.44.35207\include\format(2850,5):
                  veya       'std::basic_format_string<char,HRESULT &>::basic_format_string(const _Ty &)'
                  C:\ShadowStrike\ShadowStrike\src\Shared_modules\RealTime\FileSystemFilter.cpp(325,38):
                  '(const wchar_t [65])' ba─ş─▒ms─▒z de─şi┼şken listesi e┼şlenmeye ├ğal─▒┼ş─▒l─▒rken
      C:\ShadowStrike\ShadowStrike\src\Shared_modules\RealTime\FileSystemFilter.cpp(325,32):
      '(const wchar_t [65], HRESULT)' ba─ş─▒ms─▒z de─şi┼şken listesi e┼şlenmeye ├ğal─▒┼ş─▒l─▒rken
  
C:\ShadowStrike\ShadowStrike\src\Shared_modules\RealTime\FileSystemFilter.cpp(340,28): error C2664: 'void ShadowStrike::Utils::Logger::Error(const char *)' : 1 ba─ş─▒ms─▒z de─şi┼şkeni 'const wchar_t [51]' de─şerinden 'const char *' de─şerine d├Ân├╝┼şt├╝r├╝lemez [C:\ShadowStrike\ShadowStrike\ShadowStrike.vcxproj]
  ('/src/Shared_modules/RealTime/FileSystemFilter.cpp' kaynak dosyas─▒ derleniyor)
      C:\ShadowStrike\ShadowStrike\src\Shared_modules\RealTime\FileSystemFilter.cpp(340,34):
      ─░┼şaretlenen t├╝rler ilgisiz; d├Ân├╝┼şt├╝rme reinterpret_cast, C stili t├╝r d├Ân├╝┼şt├╝rme veya parantez i├ğine al─▒nm─▒┼ş i┼şlev stili t├╝r d├Ân├╝┼şt├╝rme gerektiriyor
      C:\ShadowStrike\ShadowStrike\src\Shared_modules\Utils\Logger.hpp(263,16):
      'ShadowStrike::Utils::Logger::Error' bildirimine bak─▒n
      C:\ShadowStrike\ShadowStrike\src\Shared_modules\Utils\Logger.hpp(274,16):
      'void ShadowStrike::Utils::Logger::Error(std::basic_format_string<char,type_identity<_Args>::type...>,Args ...)' olabilirdi
          C:\ShadowStrike\ShadowStrike\src\Shared_modules\RealTime\FileSystemFilter.cpp(340,28):
          ili┼şkili k─▒s─▒tlamalar kar┼ş─▒lanmad─▒
              C:\ShadowStrike\ShadowStrike\src\Shared_modules\Utils\Logger.hpp(273,57):
              k─▒s─▒tlama yerine getirilmedi
      C:\ShadowStrike\ShadowStrike\src\Shared_modules\RealTime\FileSystemFilter.cpp(340,28):
      '(const wchar_t [51])' ba─ş─▒ms─▒z de─şi┼şken listesi e┼şlenmeye ├ğal─▒┼ş─▒l─▒rken
  
C:\ShadowStrike\ShadowStrike\src\Shared_modules\RealTime\FileSystemFilter.cpp(346,24): error C2664: 'void ShadowStrike::Utils::Logger::Info(const char *)' : 1 ba─ş─▒ms─▒z de─şi┼şkeni 'const wchar_t [51]' de─şerinden 'const char *' de─şerine d├Ân├╝┼şt├╝r├╝lemez [C:\ShadowStrike\ShadowStrike\ShadowStrike.vcxproj]
  ('/src/Shared_modules/RealTime/FileSystemFilter.cpp' kaynak dosyas─▒ derleniyor)
      C:\ShadowStrike\ShadowStrike\src\Shared_modules\RealTime\FileSystemFilter.cpp(346,29):
      ─░┼şaretlenen t├╝rler ilgisiz; d├Ân├╝┼şt├╝rme reinterpret_cast, C stili t├╝r d├Ân├╝┼şt├╝rme veya parantez i├ğine al─▒nm─▒┼ş i┼şlev stili t├╝r d├Ân├╝┼şt├╝rme gerektiriyor
      C:\ShadowStrike\ShadowStrike\src\Shared_modules\Utils\Logger.hpp(265,16):
      'ShadowStrike::Utils::Logger::Info' bildirimine bak─▒n
      C:\ShadowStrike\ShadowStrike\src\Shared_modules\Utils\Logger.hpp(282,16):
      'void ShadowStrike::Utils::Logger::Info(std::basic_format_string<char,type_identity<_Args>::type...>,Args ...)' olabilirdi
          C:\ShadowStrike\ShadowStrike\src\Shared_modules\RealTime\FileSystemFilter.cpp(346,24):
          ili┼şkili k─▒s─▒tlamalar kar┼ş─▒lanmad─▒
              C:\ShadowStrike\ShadowStrike\src\Shared_modules\Utils\Logger.hpp(281,57):
              k─▒s─▒tlama yerine getirilmedi
      C:\ShadowStrike\ShadowStrike\src\Shared_modules\RealTime\FileSystemFilter.cpp(346,24):
      '(const wchar_t [51])' ba─ş─▒ms─▒z de─şi┼şken listesi e┼şlenmeye ├ğal─▒┼ş─▒l─▒rken
  
C:\ShadowStrike\ShadowStrike\src\Shared_modules\RealTime\ZeroHourProtection.cpp(180,71): error C2662: 'bool std::optional<_Ty>::has_value(void) noexcept const': 'this' i┼şaret├ğisi 'const std::optional' iken 'const std::optional<_Ty> &' olarak d├Ân├╝┼şt├╝r├╝lemiyor [C:\ShadowStrike\ShadowStrike\ShadowStrike.vcxproj]
  ('/src/Shared_modules/RealTime/ZeroHourProtection.cpp' kaynak dosyas─▒ derleniyor)
      C:\ShadowStrike\ShadowStrike\src\Shared_modules\RealTime\ZeroHourProtection.cpp(180,61):
      Nedeni: 'const std::optional' de─şerinden 'const std::optional<_Ty>' de─şerine d├Ân├╝┼şt├╝r├╝lemez
      C:\ShadowStrike\ShadowStrike\src\Shared_modules\RealTime\ZeroHourProtection.cpp(180,61):
      D├Ân├╝┼şt├╝rme ikinci bir kullan─▒c─▒ tan─▒ml─▒ d├Ân├╝┼şt├╝rme i┼şleci veya olu┼şturucu gerektiriyor
      C:\Program Files\Microsoft Visual Studio\2022\Community\VC\Tools\MSVC\14.44.35207\include\optional(412,31):
      'std::optional<_Ty>::has_value' bildirimine bak─▒n
      C:\ShadowStrike\ShadowStrike\src\Shared_modules\RealTime\ZeroHourProtection.cpp(180,71):
      '()' ba─ş─▒ms─▒z de─şi┼şken listesi e┼şlenmeye ├ğal─▒┼ş─▒l─▒rken
  
C:\ShadowStrike\ShadowStrike\src\Shared_modules\RealTime\FileSystemFilter.cpp(380,24): error C2664: 'void ShadowStrike::Utils::Logger::Info(const char *)' : 1 ba─ş─▒ms─▒z de─şi┼şkeni 'const wchar_t [41]' de─şerinden 'const char *' de─şerine d├Ân├╝┼şt├╝r├╝lemez [C:\ShadowStrike\ShadowStrike\ShadowStrike.vcxproj]
  ('/src/Shared_modules/RealTime/FileSystemFilter.cpp' kaynak dosyas─▒ derleniyor)
      C:\ShadowStrike\ShadowStrike\src\Shared_modules\RealTime\FileSystemFilter.cpp(380,29):
      ─░┼şaretlenen t├╝rler ilgisiz; d├Ân├╝┼şt├╝rme reinterpret_cast, C stili t├╝r d├Ân├╝┼şt├╝rme veya parantez i├ğine al─▒nm─▒┼ş i┼şlev stili t├╝r d├Ân├╝┼şt├╝rme gerektiriyor
      C:\ShadowStrike\ShadowStrike\src\Shared_modules\Utils\Logger.hpp(265,16):
      'ShadowStrike::Utils::Logger::Info' bildirimine bak─▒n
      C:\ShadowStrike\ShadowStrike\src\Shared_modules\Utils\Logger.hpp(282,16):
      'void ShadowStrike::Utils::Logger::Info(std::basic_format_string<char,type_identity<_Args>::type...>,Args ...)' olabilirdi
          C:\ShadowStrike\ShadowStrike\src\Shared_modules\RealTime\FileSystemFilter.cpp(380,24):
          ili┼şkili k─▒s─▒tlamalar kar┼ş─▒lanmad─▒
              C:\ShadowStrike\ShadowStrike\src\Shared_modules\Utils\Logger.hpp(281,57):
              k─▒s─▒tlama yerine getirilmedi
      C:\ShadowStrike\ShadowStrike\src\Shared_modules\RealTime\FileSystemFilter.cpp(380,24):
      '(const wchar_t [41])' ba─ş─▒ms─▒z de─şi┼şken listesi e┼şlenmeye ├ğal─▒┼ş─▒l─▒rken
  
C:\ShadowStrike\ShadowStrike\src\Shared_modules\RealTime\ZeroHourProtection.cpp(200,33): error C2039: 'timeoutDecision': bir 'ZeroHourProtectionConfig' ├╝yesi de─şil [C:\ShadowStrike\ShadowStrike\ShadowStrike.vcxproj]
  ('/src/Shared_modules/RealTime/ZeroHourProtection.cpp' kaynak dosyas─▒ derleniyor)
      C:\ShadowStrike\ShadowStrike\src\Shared_modules\RealTime\ZeroHourProtection.hpp(670,20):
      'ZeroHourProtectionConfig' bildirimine bak─▒n
  
C:\ShadowStrike\ShadowStrike\src\Shared_modules\RealTime\ZeroHourProtection.hpp(490,1): error C2512: 'std::optional': kullan─▒labilir uygun varsay─▒lan olu┼şturucu yok [C:\ShadowStrike\ShadowStrike\ShadowStrike.vcxproj]
  ('/src/Shared_modules/RealTime/ZeroHourProtection.cpp' kaynak dosyas─▒ derleniyor)
      C:\Program Files\Microsoft Visual Studio\2022\Community\VC\Tools\MSVC\14.44.35207\include\optional(227,7):
      'std::optional' bildirimine bak─▒n
      C:\ShadowStrike\ShadowStrike\src\Shared_modules\RealTime\ZeroHourProtection.hpp(490,1):
      Derleyicinin olu┼şturdu─şu 'HeldFile::HeldFile(void)' i┼şlevinde bu tan─▒lama olu┼ştu
      C:\ShadowStrike\ShadowStrike\src\Shared_modules\RealTime\ZeroHourProtection.cpp(208,18):
      'HeldFile::HeldFile(void)' i┼şlevi ba┼şvurusuna bak─▒n
  
C:\ShadowStrike\ShadowStrike\src\Shared_modules\RealTime\FileSystemFilter.cpp(406,32): error C2665: 'ShadowStrike::Utils::Logger::Error': hi├ğbir a┼ş─▒r─▒ y├╝klenmi┼ş i┼şlev t├╝m arg├╝man t├╝rlerini d├Ân├╝┼şt├╝remez [C:\ShadowStrike\ShadowStrike\ShadowStrike.vcxproj]
  ('/src/Shared_modules/RealTime/FileSystemFilter.cpp' kaynak dosyas─▒ derleniyor)
      C:\ShadowStrike\ShadowStrike\src\Shared_modules\Utils\Logger.hpp(274,16):
      'void ShadowStrike::Utils::Logger::Error<HRESULT&>(std::basic_format_string<char,HRESULT &>,HRESULT &)' olabilirdi
          C:\ShadowStrike\ShadowStrike\src\Shared_modules\RealTime\FileSystemFilter.cpp(406,32):
          'void ShadowStrike::Utils::Logger::Error<HRESULT&>(std::basic_format_string<char,HRESULT &>,HRESULT &)' : 1 ba─ş─▒ms─▒z de─şi┼şkeni 'const wchar_t [52]' de─şerinden 'std::basic_format_string<char,HRESULT &>' de─şerine d├Ân├╝┼şt├╝r├╝lemez
              C:\ShadowStrike\ShadowStrike\src\Shared_modules\RealTime\FileSystemFilter.cpp(406,38):
              'std::basic_format_string<char,HRESULT &>::basic_format_string': hi├ğbir a┼ş─▒r─▒ y├╝klenmi┼ş i┼şlev t├╝m arg├╝man t├╝rlerini d├Ân├╝┼şt├╝remez
                  C:\Program Files\Microsoft Visual Studio\2022\Community\VC\Tools\MSVC\14.44.35207\include\format(2867,1):
                  'std::basic_format_string<char,HRESULT &>::basic_format_string(std::basic_format_string<char,HRESULT &> &&)' olabilirdi
                      C:\ShadowStrike\ShadowStrike\src\Shared_modules\RealTime\FileSystemFilter.cpp(406,38):
                      'std::basic_format_string<char,HRESULT &>::basic_format_string(std::basic_format_string<char,HRESULT &> &&)' : 1 ba─ş─▒ms─▒z de─şi┼şkeni 'const wchar_t [52]' de─şerinden 'std::basic_format_string<char,HRESULT &> &&' de─şerine d├Ân├╝┼şt├╝r├╝lemez
                          C:\ShadowStrike\ShadowStrike\src\Shared_modules\RealTime\FileSystemFilter.cpp(406,38):
                          Nedeni: 'const wchar_t [52]' de─şerinden 'std::basic_format_string<char,HRESULT &>' de─şerine d├Ân├╝┼şt├╝r├╝lemez
                          C:\ShadowStrike\ShadowStrike\src\Shared_modules\RealTime\FileSystemFilter.cpp(406,38):
                          D├Ân├╝┼şt├╝rme ikinci bir kullan─▒c─▒ tan─▒ml─▒ d├Ân├╝┼şt├╝rme i┼şleci veya olu┼şturucu gerektiriyor
                  C:\Program Files\Microsoft Visual Studio\2022\Community\VC\Tools\MSVC\14.44.35207\include\format(2867,1):
                  veya       'std::basic_format_string<char,HRESULT &>::basic_format_string(const std::basic_format_string<char,HRESULT &> &)'
                      C:\ShadowStrike\ShadowStrike\src\Shared_modules\RealTime\FileSystemFilter.cpp(406,38):
                      'std::basic_format_string<char,HRESULT &>::basic_format_string(const std::basic_format_string<char,HRESULT &> &)' : 1 ba─ş─▒ms─▒z de─şi┼şkeni 'const wchar_t [52]' de─şerinden 'const std::basic_format_string<char,HRESULT &> &' de─şerine d├Ân├╝┼şt├╝r├╝lemez
                          C:\ShadowStrike\ShadowStrike\src\Shared_modules\RealTime\FileSystemFilter.cpp(406,38):
                          Nedeni: 'const wchar_t [52]' de─şerinden 'const std::basic_format_string<char,HRESULT &>' de─şerine d├Ân├╝┼şt├╝r├╝lemez
                          C:\ShadowStrike\ShadowStrike\src\Shared_modules\RealTime\FileSystemFilter.cpp(406,38):
                          D├Ân├╝┼şt├╝rme ikinci bir kullan─▒c─▒ tan─▒ml─▒ d├Ân├╝┼şt├╝rme i┼şleci veya olu┼şturucu gerektiriyor
                  C:\Program Files\Microsoft Visual Studio\2022\Community\VC\Tools\MSVC\14.44.35207\include\format(2850,5):
                  veya       'std::basic_format_string<char,HRESULT &>::basic_format_string(const _Ty &)'
                  C:\ShadowStrike\ShadowStrike\src\Shared_modules\RealTime\FileSystemFilter.cpp(406,38):
                  '(const wchar_t [52])' ba─ş─▒ms─▒z de─şi┼şken listesi e┼şlenmeye ├ğal─▒┼ş─▒l─▒rken
      C:\ShadowStrike\ShadowStrike\src\Shared_modules\RealTime\FileSystemFilter.cpp(406,32):
      '(const wchar_t [52], HRESULT)' ba─ş─▒ms─▒z de─şi┼şken listesi e┼şlenmeye ├ğal─▒┼ş─▒l─▒rken
  
C:\ShadowStrike\ShadowStrike\src\Shared_modules\RealTime\FileSystemFilter.cpp(415,32): error C2664: 'void ShadowStrike::Utils::Logger::Warn(const char *)' : 1 ba─ş─▒ms─▒z de─şi┼şkeni 'const wchar_t [40]' de─şerinden 'const char *' de─şerine d├Ân├╝┼şt├╝r├╝lemez [C:\ShadowStrike\ShadowStrike\ShadowStrike.vcxproj]
  ('/src/Shared_modules/RealTime/FileSystemFilter.cpp' kaynak dosyas─▒ derleniyor)
      C:\ShadowStrike\ShadowStrike\src\Shared_modules\RealTime\FileSystemFilter.cpp(415,37):
      ─░┼şaretlenen t├╝rler ilgisiz; d├Ân├╝┼şt├╝rme reinterpret_cast, C stili t├╝r d├Ân├╝┼şt├╝rme veya parantez i├ğine al─▒nm─▒┼ş i┼şlev stili t├╝r d├Ân├╝┼şt├╝rme gerektiriyor
      C:\ShadowStrike\ShadowStrike\src\Shared_modules\Utils\Logger.hpp(264,16):
      'ShadowStrike::Utils::Logger::Warn' bildirimine bak─▒n
      C:\ShadowStrike\ShadowStrike\src\Shared_modules\Utils\Logger.hpp(278,16):
      'void ShadowStrike::Utils::Logger::Warn(std::basic_format_string<char,type_identity<_Args>::type...>,Args ...)' olabilirdi
          C:\ShadowStrike\ShadowStrike\src\Shared_modules\RealTime\FileSystemFilter.cpp(415,32):
          ili┼şkili k─▒s─▒tlamalar kar┼ş─▒lanmad─▒
              C:\ShadowStrike\ShadowStrike\src\Shared_modules\Utils\Logger.hpp(277,57):
              k─▒s─▒tlama yerine getirilmedi
      C:\ShadowStrike\ShadowStrike\src\Shared_modules\RealTime\FileSystemFilter.cpp(415,32):
      '(const wchar_t [40])' ba─ş─▒ms─▒z de─şi┼şken listesi e┼şlenmeye ├ğal─▒┼ş─▒l─▒rken
  
C:\ShadowStrike\ShadowStrike\src\Shared_modules\RealTime\FileSystemFilter.cpp(422,24): error C2664: 'void ShadowStrike::Utils::Logger::Info(const char *)' : 1 ba─ş─▒ms─▒z de─şi┼şkeni 'const wchar_t [41]' de─şerinden 'const char *' de─şerine d├Ân├╝┼şt├╝r├╝lemez [C:\ShadowStrike\ShadowStrike\ShadowStrike.vcxproj]
  ('/src/Shared_modules/RealTime/FileSystemFilter.cpp' kaynak dosyas─▒ derleniyor)
      C:\ShadowStrike\ShadowStrike\src\Shared_modules\RealTime\FileSystemFilter.cpp(422,29):
      ─░┼şaretlenen t├╝rler ilgisiz; d├Ân├╝┼şt├╝rme reinterpret_cast, C stili t├╝r d├Ân├╝┼şt├╝rme veya parantez i├ğine al─▒nm─▒┼ş i┼şlev stili t├╝r d├Ân├╝┼şt├╝rme gerektiriyor
      C:\ShadowStrike\ShadowStrike\src\Shared_modules\Utils\Logger.hpp(265,16):
      'ShadowStrike::Utils::Logger::Info' bildirimine bak─▒n
      C:\ShadowStrike\ShadowStrike\src\Shared_modules\Utils\Logger.hpp(282,16):
      'void ShadowStrike::Utils::Logger::Info(std::basic_format_string<char,type_identity<_Args>::type...>,Args ...)' olabilirdi
          C:\ShadowStrike\ShadowStrike\src\Shared_modules\RealTime\FileSystemFilter.cpp(422,24):
          ili┼şkili k─▒s─▒tlamalar kar┼ş─▒lanmad─▒
              C:\ShadowStrike\ShadowStrike\src\Shared_modules\Utils\Logger.hpp(281,57):
              k─▒s─▒tlama yerine getirilmedi
      C:\ShadowStrike\ShadowStrike\src\Shared_modules\RealTime\FileSystemFilter.cpp(422,24):
      '(const wchar_t [41])' ba─ş─▒ms─▒z de─şi┼şken listesi e┼şlenmeye ├ğal─▒┼ş─▒l─▒rken
  
C:\ShadowStrike\ShadowStrike\src\Shared_modules\RealTime\ZeroHourProtection.cpp(215,27): error C2678: ikili '=': 'std::optional' t├╝r├╝nde bir sol taraf i┼şleneni alan hi├ğbir i┼şle├ğ bulunamad─▒ (veya hi├ğ kabul edilebilir d├Ân├╝┼şt├╝rme yok) [C:\ShadowStrike\ShadowStrike\ShadowStrike.vcxproj]
  ('/src/Shared_modules/RealTime/ZeroHourProtection.cpp' kaynak dosyas─▒ derleniyor)
      C:\Program Files\Microsoft Visual Studio\2022\Community\VC\Tools\MSVC\14.44.35207\include\optional(300,28):
      'std::optional<_Ty> &std::optional<_Ty>::operator =(std::nullopt_t) noexcept' olabilirdi
          C:\ShadowStrike\ShadowStrike\src\Shared_modules\RealTime\ZeroHourProtection.cpp(215,27):
          'std::optional<_Ty> &std::optional<_Ty>::operator =(std::nullopt_t) noexcept': 'this' i┼şaret├ğisi 'std::optional' iken 'std::optional<_Ty> &' olarak d├Ân├╝┼şt├╝r├╝lemiyor
              C:\ShadowStrike\ShadowStrike\src\Shared_modules\RealTime\ZeroHourProtection.cpp(215,27):
              Nedeni: 'std::optional' de─şerinden 'std::optional<_Ty>' de─şerine d├Ân├╝┼şt├╝r├╝lemez
              C:\ShadowStrike\ShadowStrike\src\Shared_modules\RealTime\ZeroHourProtection.cpp(215,27):
              D├Ân├╝┼şt├╝rme ikinci bir kullan─▒c─▒ tan─▒ml─▒ d├Ân├╝┼şt├╝rme i┼şleci veya olu┼şturucu gerektiriyor
      C:\Program Files\Microsoft Visual Studio\2022\Community\VC\Tools\MSVC\14.44.35207\include\optional(339,28):
      veya       'std::optional<_Ty> &std::optional<_Ty>::operator =(std::optional<_Ty2> &&) noexcept(<expr>)'
          C:\ShadowStrike\ShadowStrike\src\Shared_modules\RealTime\ZeroHourProtection.cpp(215,27):
          'std::optional<_Ty> &std::optional<_Ty>::operator =(std::optional<_Ty2> &&) noexcept(<expr>)': ┼şablon ba─ş─▒ms─▒z de─şi┼şkeni ('std::optional<_Ty2> &&' i├ğin, 'ShadowStrike::HoldDecision' ├Â─şesinden) anla┼ş─▒lamad─▒
      C:\Program Files\Microsoft Visual Studio\2022\Community\VC\Tools\MSVC\14.44.35207\include\optional(325,28):
      veya       'std::optional<_Ty> &std::optional<_Ty>::operator =(const std::optional<_Ty2> &) noexcept(<expr>)'
          C:\ShadowStrike\ShadowStrike\src\Shared_modules\RealTime\ZeroHourProtection.cpp(215,27):
          'std::optional<_Ty> &std::optional<_Ty>::operator =(const std::optional<_Ty2> &) noexcept(<expr>)': ┼şablon ba─ş─▒ms─▒z de─şi┼şkeni ('const std::optional<_Ty2> &' i├ğin, 'ShadowStrike::HoldDecision' ├Â─şesinden) anla┼ş─▒lamad─▒
      C:\Program Files\Microsoft Visual Studio\2022\Community\VC\Tools\MSVC\14.44.35207\include\optional(310,28):
      veya       'std::optional<_Ty> &std::optional<_Ty>::operator =(_Ty2 &&) noexcept(<expr>)'
          C:\ShadowStrike\ShadowStrike\src\Shared_modules\RealTime\ZeroHourProtection.cpp(215,27):
          'std::optional<_Ty> &std::optional<_Ty>::operator =(_Ty2 &&) noexcept(<expr>)': ┼şablon ba─ş─▒ms─▒z de─şi┼şkeni ('__formal' i├ğin) anla┼ş─▒lamad─▒
      C:\ShadowStrike\ShadowStrike\src\Shared_modules\RealTime\ZeroHourProtection.cpp(215,27):
      '(std::optional, ShadowStrike::HoldDecision)' ba─ş─▒ms─▒z de─şi┼şken listesi e┼şlenmeye ├ğal─▒┼ş─▒l─▒rken
  
C:\ShadowStrike\ShadowStrike\src\Shared_modules\RealTime\ZeroHourProtection.cpp(215,37): error C2582: 'operator =' i┼şlevi 'std::optional' i├ğinde kullan─▒lamaz [C:\ShadowStrike\ShadowStrike\ShadowStrike.vcxproj]
  ('/src/Shared_modules/RealTime/ZeroHourProtection.cpp' kaynak dosyas─▒ derleniyor)
  
C:\ShadowStrike\ShadowStrike\src\Shared_modules\RealTime\FileSystemFilter.cpp(443,32): error C2665: 'ShadowStrike::Utils::Logger::Warn': hi├ğbir a┼ş─▒r─▒ y├╝klenmi┼ş i┼şlev t├╝m arg├╝man t├╝rlerini d├Ân├╝┼şt├╝remez [C:\ShadowStrike\ShadowStrike\ShadowStrike.vcxproj]
  ('/src/Shared_modules/RealTime/FileSystemFilter.cpp' kaynak dosyas─▒ derleniyor)
      C:\ShadowStrike\ShadowStrike\src\Shared_modules\Utils\Logger.hpp(278,16):
      'void ShadowStrike::Utils::Logger::Warn<uint16_t>(std::basic_format_string<char,unsigned short>,uint16_t &&)' olabilirdi
          C:\ShadowStrike\ShadowStrike\src\Shared_modules\RealTime\FileSystemFilter.cpp(443,32):
          'void ShadowStrike::Utils::Logger::Warn<uint16_t>(std::basic_format_string<char,unsigned short>,uint16_t &&)' : 1 ba─ş─▒ms─▒z de─şi┼şkeni 'const wchar_t [43]' de─şerinden 'std::basic_format_string<char,unsigned short>' de─şerine d├Ân├╝┼şt├╝r├╝lemez
              C:\ShadowStrike\ShadowStrike\src\Shared_modules\RealTime\FileSystemFilter.cpp(443,37):
              'std::basic_format_string<char,unsigned short>::basic_format_string': hi├ğbir a┼ş─▒r─▒ y├╝klenmi┼ş i┼şlev t├╝m arg├╝man t├╝rlerini d├Ân├╝┼şt├╝remez
                  C:\Program Files\Microsoft Visual Studio\2022\Community\VC\Tools\MSVC\14.44.35207\include\format(2867,1):
                  'std::basic_format_string<char,unsigned short>::basic_format_string(std::basic_format_string<char,unsigned short> &&)' olabilirdi
                      C:\ShadowStrike\ShadowStrike\src\Shared_modules\RealTime\FileSystemFilter.cpp(443,37):
                      'std::basic_format_string<char,unsigned short>::basic_format_string(std::basic_format_string<char,unsigned short> &&)' : 1 ba─ş─▒ms─▒z de─şi┼şkeni 'const wchar_t [43]' de─şerinden 'std::basic_format_string<char,unsigned short> &&' de─şerine d├Ân├╝┼şt├╝r├╝lemez
                          C:\ShadowStrike\ShadowStrike\src\Shared_modules\RealTime\FileSystemFilter.cpp(443,37):
                          Nedeni: 'const wchar_t [43]' de─şerinden 'std::basic_format_string<char,unsigned short>' de─şerine d├Ân├╝┼şt├╝r├╝lemez
                          C:\ShadowStrike\ShadowStrike\src\Shared_modules\RealTime\FileSystemFilter.cpp(443,37):
                          D├Ân├╝┼şt├╝rme ikinci bir kullan─▒c─▒ tan─▒ml─▒ d├Ân├╝┼şt├╝rme i┼şleci veya olu┼şturucu gerektiriyor
                  C:\Program Files\Microsoft Visual Studio\2022\Community\VC\Tools\MSVC\14.44.35207\include\format(2867,1):
                  veya       'std::basic_format_string<char,unsigned short>::basic_format_string(const std::basic_format_string<char,unsigned short> &)'
                      C:\ShadowStrike\ShadowStrike\src\Shared_modules\RealTime\FileSystemFilter.cpp(443,37):
                      'std::basic_format_string<char,unsigned short>::basic_format_string(const std::basic_format_string<char,unsigned short> &)' : 1 ba─ş─▒ms─▒z de─şi┼şkeni 'const wchar_t [43]' de─şerinden 'const std::basic_format_string<char,unsigned short> &' de─şerine d├Ân├╝┼şt├╝r├╝lemez
                          C:\ShadowStrike\ShadowStrike\src\Shared_modules\RealTime\FileSystemFilter.cpp(443,37):
                          Nedeni: 'const wchar_t [43]' de─şerinden 'const std::basic_format_string<char,unsigned short>' de─şerine d├Ân├╝┼şt├╝r├╝lemez
                          C:\ShadowStrike\ShadowStrike\src\Shared_modules\RealTime\FileSystemFilter.cpp(443,37):
                          D├Ân├╝┼şt├╝rme ikinci bir kullan─▒c─▒ tan─▒ml─▒ d├Ân├╝┼şt├╝rme i┼şleci veya olu┼şturucu gerektiriyor
                  C:\Program Files\Microsoft Visual Studio\2022\Community\VC\Tools\MSVC\14.44.35207\include\format(2850,5):
                  veya       'std::basic_format_string<char,unsigned short>::basic_format_string(const _Ty &)'
                  C:\ShadowStrike\ShadowStrike\src\Shared_modules\RealTime\FileSystemFilter.cpp(443,37):
                  '(const wchar_t [43])' ba─ş─▒ms─▒z de─şi┼şken listesi e┼şlenmeye ├ğal─▒┼ş─▒l─▒rken
      C:\ShadowStrike\ShadowStrike\src\Shared_modules\RealTime\FileSystemFilter.cpp(443,32):
      '(const wchar_t [43], uint16_t)' ba─ş─▒ms─▒z de─şi┼şken listesi e┼şlenmeye ├ğal─▒┼ş─▒l─▒rken
  
C:\ShadowStrike\ShadowStrike\src\Shared_modules\RealTime\ZeroHourProtection.cpp(228,28): error C2665: 'ShadowStrike::Utils::Logger::Info': hi├ğbir a┼ş─▒r─▒ y├╝klenmi┼ş i┼şlev t├╝m arg├╝man t├╝rlerini d├Ân├╝┼şt├╝remez [C:\ShadowStrike\ShadowStrike\ShadowStrike.vcxproj]
  ('/src/Shared_modules/RealTime/ZeroHourProtection.cpp' kaynak dosyas─▒ derleniyor)
      C:\ShadowStrike\ShadowStrike\src\Shared_modules\Utils\Logger.hpp(282,16):
      'void ShadowStrike::Utils::Logger::Info<std::wstring&,int,const std::wstring&>(std::basic_format_string<char,std::wstring &,int,const std::wstring &>,std::wstring &,int &&,const std::wstring &)' olabilirdi
          C:\ShadowStrike\ShadowStrike\src\Shared_modules\RealTime\ZeroHourProtection.cpp(228,28):
          'void ShadowStrike::Utils::Logger::Info<std::wstring&,int,const std::wstring&>(std::basic_format_string<char,std::wstring &,int,const std::wstring &>,std::wstring &,int &&,const std::wstring &)' : 1 ba─ş─▒ms─▒z de─şi┼şkeni 'const wchar_t [52]' de─şerinden 'std::basic_format_string<char,std::wstring &,int,const std::wstring &>' de─şerine d├Ân├╝┼şt├╝r├╝lemez
              C:\ShadowStrike\ShadowStrike\src\Shared_modules\RealTime\ZeroHourProtection.cpp(228,33):
              'std::basic_format_string<char,std::wstring &,int,const std::wstring &>::basic_format_string': hi├ğbir a┼ş─▒r─▒ y├╝klenmi┼ş i┼şlev t├╝m arg├╝man t├╝rlerini d├Ân├╝┼şt├╝remez
                  C:\Program Files\Microsoft Visual Studio\2022\Community\VC\Tools\MSVC\14.44.35207\include\format(2867,1):
                  'std::basic_format_string<char,std::wstring &,int,const std::wstring &>::basic_format_string(std::basic_format_string<char,std::wstring &,int,const std::wstring &> &&)' olabilirdi
                      C:\ShadowStrike\ShadowStrike\src\Shared_modules\RealTime\ZeroHourProtection.cpp(228,33):
                      'std::basic_format_string<char,std::wstring &,int,const std::wstring &>::basic_format_string(std::basic_format_string<char,std::wstring &,int,const std::wstring &> &&)' : 1 ba─ş─▒ms─▒z de─şi┼şkeni 'const wchar_t [52]' de─şerinden 'std::basic_format_string<char,std::wstring &,int,const std::wstring &> &&' de─şerine d├Ân├╝┼şt├╝r├╝lemez
                          C:\ShadowStrike\ShadowStrike\src\Shared_modules\RealTime\ZeroHourProtection.cpp(228,33):
                          Nedeni: 'const wchar_t [52]' de─şerinden 'std::basic_format_string<char,std::wstring &,int,const std::wstring &>' de─şerine d├Ân├╝┼şt├╝r├╝lemez
                          C:\ShadowStrike\ShadowStrike\src\Shared_modules\RealTime\ZeroHourProtection.cpp(228,33):
                          D├Ân├╝┼şt├╝rme ikinci bir kullan─▒c─▒ tan─▒ml─▒ d├Ân├╝┼şt├╝rme i┼şleci veya olu┼şturucu gerektiriyor
                  C:\Program Files\Microsoft Visual Studio\2022\Community\VC\Tools\MSVC\14.44.35207\include\format(2867,1):
                  veya       'std::basic_format_string<char,std::wstring &,int,const std::wstring &>::basic_format_string(const std::basic_format_string<char,std::wstring &,int,const std::wstring &> &)'
                      C:\ShadowStrike\ShadowStrike\src\Shared_modules\RealTime\ZeroHourProtection.cpp(228,33):
                      'std::basic_format_string<char,std::wstring &,int,const std::wstring &>::basic_format_string(const std::basic_format_string<char,std::wstring &,int,const std::wstring &> &)' : 1 ba─ş─▒ms─▒z de─şi┼şkeni 'const wchar_t [52]' de─şerinden 'const std::basic_format_string<char,std::wstring &,int,const std::wstring &> &' de─şerine d├Ân├╝┼şt├╝r├╝lemez
                          C:\ShadowStrike\ShadowStrike\src\Shared_modules\RealTime\ZeroHourProtection.cpp(228,33):
                          Nedeni: 'const wchar_t [52]' de─şerinden 'const std::basic_format_string<char,std::wstring &,int,const std::wstring &>' de─şerine d├Ân├╝┼şt├╝r├╝lemez
                          C:\ShadowStrike\ShadowStrike\src\Shared_modules\RealTime\ZeroHourProtection.cpp(228,33):
                          D├Ân├╝┼şt├╝rme ikinci bir kullan─▒c─▒ tan─▒ml─▒ d├Ân├╝┼şt├╝rme i┼şleci veya olu┼şturucu gerektiriyor
                  C:\Program Files\Microsoft Visual Studio\2022\Community\VC\Tools\MSVC\14.44.35207\include\format(2850,5):
                  veya       'std::basic_format_string<char,std::wstring &,int,const std::wstring &>::basic_format_string(const _Ty &)'
                  C:\ShadowStrike\ShadowStrike\src\Shared_modules\RealTime\ZeroHourProtection.cpp(228,33):
                  '(const wchar_t [52])' ba─ş─▒ms─▒z de─şi┼şken listesi e┼şlenmeye ├ğal─▒┼ş─▒l─▒rken
      C:\ShadowStrike\ShadowStrike\src\Shared_modules\RealTime\ZeroHourProtection.cpp(228,28):
      '(const wchar_t [52], std::wstring, int, const std::wstring)' ba─ş─▒ms─▒z de─şi┼şken listesi e┼şlenmeye ├ğal─▒┼ş─▒l─▒rken
  
C:\ShadowStrike\ShadowStrike\src\Shared_modules\RealTime\FileSystemFilter.cpp(568,41): error C2039: 'Utf8ToWide': bir 'ShadowStrike::Utils::StringUtils' ├╝yesi de─şil [C:\ShadowStrike\ShadowStrike\ShadowStrike.vcxproj]
  ('/src/Shared_modules/RealTime/FileSystemFilter.cpp' kaynak dosyas─▒ derleniyor)
      C:\ShadowStrike\ShadowStrike\src\Shared_modules\Utils\StringUtils.hpp(63,19):
      'ShadowStrike::Utils::StringUtils' bildirimine bak─▒n
  
C:\ShadowStrike\ShadowStrike\src\Shared_modules\RealTime\FileSystemFilter.cpp(568,41): error C3861: 'Utf8ToWide': tan─▒mlay─▒c─▒ bulunamad─▒ [C:\ShadowStrike\ShadowStrike\ShadowStrike.vcxproj]
  ('/src/Shared_modules/RealTime/FileSystemFilter.cpp' kaynak dosyas─▒ derleniyor)
  
C:\ShadowStrike\ShadowStrike\src\Shared_modules\RealTime\FileSystemFilter.cpp(567,32): error C2660: 'ShadowStrike::Utils::Logger::Error': i┼şlev 2 ba─ş─▒ms─▒z de─şi┼şken alm─▒yor [C:\ShadowStrike\ShadowStrike\ShadowStrike.vcxproj]
  ('/src/Shared_modules/RealTime/FileSystemFilter.cpp' kaynak dosyas─▒ derleniyor)
      C:\ShadowStrike\ShadowStrike\src\Shared_modules\Utils\Logger.hpp(263,16):
      'ShadowStrike::Utils::Logger::Error' bildirimine bak─▒n
      C:\ShadowStrike\ShadowStrike\src\Shared_modules\Utils\Logger.hpp(274,16):
      'void ShadowStrike::Utils::Logger::Error(std::basic_format_string<char,type_identity<_Args>::type...>,Args ...)' olabilirdi
          C:\ShadowStrike\ShadowStrike\src\Shared_modules\RealTime\FileSystemFilter.cpp(567,32):
          'void ShadowStrike::Utils::Logger::Error(std::basic_format_string<char,type_identity<_Args>::type...>,Args ...)' i┼şlev ┼şablonu ├Âzelle┼ştirilemedi
              C:\ShadowStrike\ShadowStrike\src\Shared_modules\RealTime\FileSystemFilter.cpp(567,32):
              ┼Şu ┼şablon ba─ş─▒ms─▒z de─şi┼şkenleriyle:
                  C:\ShadowStrike\ShadowStrike\src\Shared_modules\RealTime\FileSystemFilter.cpp(567,32):
                  'Args={<error type>}'
      C:\ShadowStrike\ShadowStrike\src\Shared_modules\RealTime\FileSystemFilter.cpp(567,32):
      '(const wchar_t [46], <error type>)' ba─ş─▒ms─▒z de─şi┼şken listesi e┼şlenmeye ├ğal─▒┼ş─▒l─▒rken
  
C:\ShadowStrike\ShadowStrike\src\Shared_modules\RealTime\FileSystemFilter.cpp(611,49): error C2039: 'Utf8ToWide': bir 'ShadowStrike::Utils::StringUtils' ├╝yesi de─şil [C:\ShadowStrike\ShadowStrike\ShadowStrike.vcxproj]
  ('/src/Shared_modules/RealTime/FileSystemFilter.cpp' kaynak dosyas─▒ derleniyor)
      C:\ShadowStrike\ShadowStrike\src\Shared_modules\Utils\StringUtils.hpp(63,19):
      'ShadowStrike::Utils::StringUtils' bildirimine bak─▒n
  
C:\ShadowStrike\ShadowStrike\src\Shared_modules\RealTime\FileSystemFilter.cpp(611,49): error C3861: 'Utf8ToWide': tan─▒mlay─▒c─▒ bulunamad─▒ [C:\ShadowStrike\ShadowStrike\ShadowStrike.vcxproj]
  ('/src/Shared_modules/RealTime/FileSystemFilter.cpp' kaynak dosyas─▒ derleniyor)
  
C:\ShadowStrike\ShadowStrike\src\Shared_modules\RealTime\FileSystemFilter.cpp(620,49): error C2039: 'Utf8ToWide': bir 'ShadowStrike::Utils::StringUtils' ├╝yesi de─şil [C:\ShadowStrike\ShadowStrike\ShadowStrike.vcxproj]
  ('/src/Shared_modules/RealTime/FileSystemFilter.cpp' kaynak dosyas─▒ derleniyor)
      C:\ShadowStrike\ShadowStrike\src\Shared_modules\Utils\StringUtils.hpp(63,19):
      'ShadowStrike::Utils::StringUtils' bildirimine bak─▒n
  
C:\ShadowStrike\ShadowStrike\src\Shared_modules\RealTime\FileSystemFilter.cpp(620,49): error C3861: 'Utf8ToWide': tan─▒mlay─▒c─▒ bulunamad─▒ [C:\ShadowStrike\ShadowStrike\ShadowStrike.vcxproj]
  ('/src/Shared_modules/RealTime/FileSystemFilter.cpp' kaynak dosyas─▒ derleniyor)
  
C:\ShadowStrike\ShadowStrike\src\Shared_modules\RealTime\FileSystemFilter.cpp(639,41): error C2039: 'Utf8ToWide': bir 'ShadowStrike::Utils::StringUtils' ├╝yesi de─şil [C:\ShadowStrike\ShadowStrike\ShadowStrike.vcxproj]
  ('/src/Shared_modules/RealTime/FileSystemFilter.cpp' kaynak dosyas─▒ derleniyor)
      C:\ShadowStrike\ShadowStrike\src\Shared_modules\Utils\StringUtils.hpp(63,19):
      'ShadowStrike::Utils::StringUtils' bildirimine bak─▒n
  
C:\ShadowStrike\ShadowStrike\src\Shared_modules\RealTime\FileSystemFilter.cpp(639,41): error C3861: 'Utf8ToWide': tan─▒mlay─▒c─▒ bulunamad─▒ [C:\ShadowStrike\ShadowStrike\ShadowStrike.vcxproj]
  ('/src/Shared_modules/RealTime/FileSystemFilter.cpp' kaynak dosyas─▒ derleniyor)
  
C:\ShadowStrike\ShadowStrike\src\Shared_modules\RealTime\FileSystemFilter.cpp(638,32): error C2660: 'ShadowStrike::Utils::Logger::Error': i┼şlev 2 ba─ş─▒ms─▒z de─şi┼şken alm─▒yor [C:\ShadowStrike\ShadowStrike\ShadowStrike.vcxproj]
  ('/src/Shared_modules/RealTime/FileSystemFilter.cpp' kaynak dosyas─▒ derleniyor)
      C:\ShadowStrike\ShadowStrike\src\Shared_modules\Utils\Logger.hpp(263,16):
      'ShadowStrike::Utils::Logger::Error' bildirimine bak─▒n
      C:\ShadowStrike\ShadowStrike\src\Shared_modules\Utils\Logger.hpp(274,16):
      'void ShadowStrike::Utils::Logger::Error(std::basic_format_string<char,type_identity<_Args>::type...>,Args ...)' olabilirdi
          C:\ShadowStrike\ShadowStrike\src\Shared_modules\RealTime\FileSystemFilter.cpp(638,32):
          'void ShadowStrike::Utils::Logger::Error(std::basic_format_string<char,type_identity<_Args>::type...>,Args ...)' i┼şlev ┼şablonu ├Âzelle┼ştirilemedi
              C:\ShadowStrike\ShadowStrike\src\Shared_modules\RealTime\FileSystemFilter.cpp(638,32):
              ┼Şu ┼şablon ba─ş─▒ms─▒z de─şi┼şkenleriyle:
                  C:\ShadowStrike\ShadowStrike\src\Shared_modules\RealTime\FileSystemFilter.cpp(638,32):
                  'Args={<error type>}'
      C:\ShadowStrike\ShadowStrike\src\Shared_modules\RealTime\FileSystemFilter.cpp(638,32):
      '(const wchar_t [43], <error type>)' ba─ş─▒ms─▒z de─şi┼şken listesi e┼şlenmeye ├ğal─▒┼ş─▒l─▒rken
  
C:\ShadowStrike\ShadowStrike\src\Shared_modules\RealTime\FileSystemFilter.cpp(688,28): error C2665: 'ShadowStrike::Utils::Logger::Error': hi├ğbir a┼ş─▒r─▒ y├╝klenmi┼ş i┼şlev t├╝m arg├╝man t├╝rlerini d├Ân├╝┼şt├╝remez [C:\ShadowStrike\ShadowStrike\ShadowStrike.vcxproj]
  ('/src/Shared_modules/RealTime/FileSystemFilter.cpp' kaynak dosyas─▒ derleniyor)
      C:\ShadowStrike\ShadowStrike\src\Shared_modules\Utils\Logger.hpp(274,16):
      'void ShadowStrike::Utils::Logger::Error<HRESULT&>(std::basic_format_string<char,HRESULT &>,HRESULT &)' olabilirdi
          C:\ShadowStrike\ShadowStrike\src\Shared_modules\RealTime\FileSystemFilter.cpp(688,28):
          'void ShadowStrike::Utils::Logger::Error<HRESULT&>(std::basic_format_string<char,HRESULT &>,HRESULT &)' : 1 ba─ş─▒ms─▒z de─şi┼şkeni 'const wchar_t [54]' de─şerinden 'std::basic_format_string<char,HRESULT &>' de─şerine d├Ân├╝┼şt├╝r├╝lemez
              C:\ShadowStrike\ShadowStrike\src\Shared_modules\RealTime\FileSystemFilter.cpp(688,34):
              'std::basic_format_string<char,HRESULT &>::basic_format_string': hi├ğbir a┼ş─▒r─▒ y├╝klenmi┼ş i┼şlev t├╝m arg├╝man t├╝rlerini d├Ân├╝┼şt├╝remez
                  C:\Program Files\Microsoft Visual Studio\2022\Community\VC\Tools\MSVC\14.44.35207\include\format(2867,1):
                  'std::basic_format_string<char,HRESULT &>::basic_format_string(std::basic_format_string<char,HRESULT &> &&)' olabilirdi
                      C:\ShadowStrike\ShadowStrike\src\Shared_modules\RealTime\FileSystemFilter.cpp(688,34):
                      'std::basic_format_string<char,HRESULT &>::basic_format_string(std::basic_format_string<char,HRESULT &> &&)' : 1 ba─ş─▒ms─▒z de─şi┼şkeni 'const wchar_t [54]' de─şerinden 'std::basic_format_string<char,HRESULT &> &&' de─şerine d├Ân├╝┼şt├╝r├╝lemez
                          C:\ShadowStrike\ShadowStrike\src\Shared_modules\RealTime\FileSystemFilter.cpp(688,34):
                          Nedeni: 'const wchar_t [54]' de─şerinden 'std::basic_format_string<char,HRESULT &>' de─şerine d├Ân├╝┼şt├╝r├╝lemez
                          C:\ShadowStrike\ShadowStrike\src\Shared_modules\RealTime\FileSystemFilter.cpp(688,34):
                          D├Ân├╝┼şt├╝rme ikinci bir kullan─▒c─▒ tan─▒ml─▒ d├Ân├╝┼şt├╝rme i┼şleci veya olu┼şturucu gerektiriyor
                  C:\Program Files\Microsoft Visual Studio\2022\Community\VC\Tools\MSVC\14.44.35207\include\format(2867,1):
                  veya       'std::basic_format_string<char,HRESULT &>::basic_format_string(const std::basic_format_string<char,HRESULT &> &)'
                      C:\ShadowStrike\ShadowStrike\src\Shared_modules\RealTime\FileSystemFilter.cpp(688,34):
                      'std::basic_format_string<char,HRESULT &>::basic_format_string(const std::basic_format_string<char,HRESULT &> &)' : 1 ba─ş─▒ms─▒z de─şi┼şkeni 'const wchar_t [54]' de─şerinden 'const std::basic_format_string<char,HRESULT &> &' de─şerine d├Ân├╝┼şt├╝r├╝lemez
                          C:\ShadowStrike\ShadowStrike\src\Shared_modules\RealTime\FileSystemFilter.cpp(688,34):
                          Nedeni: 'const wchar_t [54]' de─şerinden 'const std::basic_format_string<char,HRESULT &>' de─şerine d├Ân├╝┼şt├╝r├╝lemez
                          C:\ShadowStrike\ShadowStrike\src\Shared_modules\RealTime\FileSystemFilter.cpp(688,34):
                          D├Ân├╝┼şt├╝rme ikinci bir kullan─▒c─▒ tan─▒ml─▒ d├Ân├╝┼şt├╝rme i┼şleci veya olu┼şturucu gerektiriyor
                  C:\Program Files\Microsoft Visual Studio\2022\Community\VC\Tools\MSVC\14.44.35207\include\format(2850,5):
                  veya       'std::basic_format_string<char,HRESULT &>::basic_format_string(const _Ty &)'
                  C:\ShadowStrike\ShadowStrike\src\Shared_modules\RealTime\FileSystemFilter.cpp(688,34):
                  '(const wchar_t [54])' ba─ş─▒ms─▒z de─şi┼şken listesi e┼şlenmeye ├ğal─▒┼ş─▒l─▒rken
      C:\ShadowStrike\ShadowStrike\src\Shared_modules\RealTime\FileSystemFilter.cpp(688,28):
      '(const wchar_t [54], HRESULT)' ba─ş─▒ms─▒z de─şi┼şken listesi e┼şlenmeye ├ğal─▒┼ş─▒l─▒rken
  
C:\ShadowStrike\ShadowStrike\src\Shared_modules\RealTime\ZeroHourProtection.cpp(250,37): error C3312: ├ğa─şr─▒labilir hi├ğbir 'begin' i┼şlevi bulunamad─▒ ('std::unordered_map' t├╝r├╝ i├ğin) [C:\ShadowStrike\ShadowStrike\ShadowStrike.vcxproj]
  ('/src/Shared_modules/RealTime/ZeroHourProtection.cpp' kaynak dosyas─▒ derleniyor)
  
C:\ShadowStrike\ShadowStrike\src\Shared_modules\RealTime\ZeroHourProtection.cpp(250,37): error C3312: ├ğa─şr─▒labilir hi├ğbir 'end' i┼şlevi bulunamad─▒ ('std::unordered_map' t├╝r├╝ i├ğin) [C:\ShadowStrike\ShadowStrike\ShadowStrike.vcxproj]
  ('/src/Shared_modules/RealTime/ZeroHourProtection.cpp' kaynak dosyas─▒ derleniyor)
  
C:\ShadowStrike\ShadowStrike\src\Shared_modules\RealTime\ZeroHourProtection.cpp(250,35): error C2059: s├Âzdizimi hatas─▒: ':' [C:\ShadowStrike\ShadowStrike\ShadowStrike.vcxproj]
  ('/src/Shared_modules/RealTime/ZeroHourProtection.cpp' kaynak dosyas─▒ derleniyor)
  
C:\ShadowStrike\ShadowStrike\src\Shared_modules\RealTime\ZeroHourProtection.cpp(250,61): error C2143: s├Âzdizimi hatas─▒: ';' eksik ('{' ├Âncesinde) [C:\ShadowStrike\ShadowStrike\ShadowStrike.vcxproj]
  ('/src/Shared_modules/RealTime/ZeroHourProtection.cpp' kaynak dosyas─▒ derleniyor)
  
C:\ShadowStrike\ShadowStrike\src\Shared_modules\RealTime\ZeroHourProtection.cpp(251,19): error C3861: 'cb': tan─▒mlay─▒c─▒ bulunamad─▒ [C:\ShadowStrike\ShadowStrike\ShadowStrike.vcxproj]
  ('/src/Shared_modules/RealTime/ZeroHourProtection.cpp' kaynak dosyas─▒ derleniyor)
  
C:\ShadowStrike\ShadowStrike\src\Shared_modules\Security\RegistryProtection.cpp(1364,37): error C2280: 'ShadowStrike::Security::ProtectedKey &ShadowStrike::Security::ProtectedKey::operator =(const ShadowStrike::Security::ProtectedKey &)': silinmi┼ş bir i┼şleve ba┼şvurmaya ├ğal─▒┼ş─▒yor [C:\ShadowStrike\ShadowStrike\ShadowStrike.vcxproj]
  ('/src/Shared_modules/Security/RegistryProtection.cpp' kaynak dosyas─▒ derleniyor)
      C:\ShadowStrike\ShadowStrike\src\Shared_modules\Security\RegistryProtection.hpp(536,1):
      derleyici burada 'ShadowStrike::Security::ProtectedKey::operator =' olu┼şturdu
      C:\ShadowStrike\ShadowStrike\src\Shared_modules\Security\RegistryProtection.hpp(536,1):
      'ShadowStrike::Security::ProtectedKey &ShadowStrike::Security::ProtectedKey::operator =(const ShadowStrike::Security::ProtectedKey &)': veri ├╝yesi, silinmi┼ş veya eri┼şilemeyen 'std::atomic<unsigned __int64> &std::atomic<unsigned __int64>::operator =(const std::atomic<unsigned __int64> &)' i┼şlevini ├ğa─ş─▒rd─▒─ş─▒ndan i┼şlev ├Ârt├╝k olarak silindi
  
C:\ShadowStrike\ShadowStrike\src\Shared_modules\Security\RegistryProtection.cpp(1373,35): warning C4834: [[nodiscard]] ├Âzniteli─şine sahip i┼şlevin d├Ân├╝┼ş de─şerinin at─▒lmas─▒ [C:\ShadowStrike\ShadowStrike\ShadowStrike.vcxproj]
  ('/src/Shared_modules/Security/RegistryProtection.cpp' kaynak dosyas─▒ derleniyor)
  
C:\ShadowStrike\ShadowStrike\src\Shared_modules\RealTime\ZeroHourProtection.cpp(293,41): error C2888: 'ZeroHourProtection &ZeroHourProtection::Instance(void)': simge 'RealTime' ad alan─▒n─▒n i├ğinde tan─▒mlanamaz [C:\ShadowStrike\ShadowStrike\ShadowStrike.vcxproj]
  ('/src/Shared_modules/RealTime/ZeroHourProtection.cpp' kaynak dosyas─▒ derleniyor)
  
C:\ShadowStrike\ShadowStrike\src\Shared_modules\RealTime\ZeroHourProtection.cpp(303,21): error C2888: 'ZeroHourProtection::ZeroHourProtection(void)': simge 'RealTime' ad alan─▒n─▒n i├ğinde tan─▒mlanamaz [C:\ShadowStrike\ShadowStrike\ShadowStrike.vcxproj]
  ('/src/Shared_modules/RealTime/ZeroHourProtection.cpp' kaynak dosyas─▒ derleniyor)
  
C:\ShadowStrike\ShadowStrike\src\Shared_modules\RealTime\ZeroHourProtection.cpp(309,22): error C2888: 'ZeroHourProtection::~ZeroHourProtection(void)': simge 'RealTime' ad alan─▒n─▒n i├ğinde tan─▒mlanamaz [C:\ShadowStrike\ShadowStrike\ShadowStrike.vcxproj]
  ('/src/Shared_modules/RealTime/ZeroHourProtection.cpp' kaynak dosyas─▒ derleniyor)
  
C:\ShadowStrike\ShadowStrike\src\Shared_modules\RealTime\ZeroHourProtection.cpp(313,26): error C2888: 'bool ZeroHourProtection::Initialize(const ZeroHourProtectionConfig &)': simge 'RealTime' ad alan─▒n─▒n i├ğinde tan─▒mlanamaz [C:\ShadowStrike\ShadowStrike\ShadowStrike.vcxproj]
  ('/src/Shared_modules/RealTime/ZeroHourProtection.cpp' kaynak dosyas─▒ derleniyor)
  
C:\ShadowStrike\ShadowStrike\src\Shared_modules\RealTime\ZeroHourProtection.cpp(314,27): error C2678: ikili '->': 'std::unique_ptr' t├╝r├╝nde bir sol taraf i┼şleneni alan hi├ğbir i┼şle├ğ bulunamad─▒ (veya hi├ğ kabul edilebilir d├Ân├╝┼şt├╝rme yok) [C:\ShadowStrike\ShadowStrike\ShadowStrike.vcxproj]
  ('/src/Shared_modules/RealTime/ZeroHourProtection.cpp' kaynak dosyas─▒ derleniyor)
      C:\Program Files\Microsoft Visual Studio\2022\Community\VC\Tools\MSVC\14.44.35207\include\memory(3452,37):
      '_Get_deleter_pointer_type<_Ty,remove_reference<_Ty2>::type,void>::type std::unique_ptr<_Ty,_Dx>::operator ->(void) noexcept const' olabilirdi
          C:\ShadowStrike\ShadowStrike\src\Shared_modules\RealTime\ZeroHourProtection.cpp(314,27):
          '_Get_deleter_pointer_type<_Ty,remove_reference<_Ty2>::type,void>::type std::unique_ptr<_Ty,_Dx>::operator ->(void) noexcept const': 'this' i┼şaret├ğisi 'std::unique_ptr' iken 'const std::unique_ptr<_Ty,_Dx> &' olarak d├Ân├╝┼şt├╝r├╝lemiyor
              C:\ShadowStrike\ShadowStrike\src\Shared_modules\RealTime\ZeroHourProtection.cpp(314,27):
              Nedeni: 'std::unique_ptr' de─şerinden 'const std::unique_ptr<_Ty,_Dx>' de─şerine d├Ân├╝┼şt├╝r├╝lemez
              C:\ShadowStrike\ShadowStrike\src\Shared_modules\RealTime\ZeroHourProtection.cpp(314,27):
              D├Ân├╝┼şt├╝rme ikinci bir kullan─▒c─▒ tan─▒ml─▒ d├Ân├╝┼şt├╝rme i┼şleci veya olu┼şturucu gerektiriyor
      C:\ShadowStrike\ShadowStrike\src\Shared_modules\RealTime\ZeroHourProtection.cpp(314,27):
      '(std::unique_ptr)' ba─ş─▒ms─▒z de─şi┼şken listesi e┼şlenmeye ├ğal─▒┼ş─▒l─▒rken
  
C:\ShadowStrike\ShadowStrike\src\Shared_modules\RealTime\ZeroHourProtection.cpp(314,35): error C2039: 'm_configMutex': bir 'std::unique_ptr' ├╝yesi de─şil [C:\ShadowStrike\ShadowStrike\ShadowStrike.vcxproj]
  ('/src/Shared_modules/RealTime/ZeroHourProtection.cpp' kaynak dosyas─▒ derleniyor)
      C:\Program Files\Microsoft Visual Studio\2022\Community\VC\Tools\MSVC\14.44.35207\include\memory(3347,7):
      'std::unique_ptr' bildirimine bak─▒n
  
C:\ShadowStrike\ShadowStrike\src\Shared_modules\RealTime\ZeroHourProtection.cpp(314,26): error C2641: 'std::unique_lock' i├ğin ┼şablon ba─ş─▒ms─▒z de─şi┼şkenleri ├ğ─▒kar─▒lam─▒yor [C:\ShadowStrike\ShadowStrike\ShadowStrike.vcxproj]
  ('/src/Shared_modules/RealTime/ZeroHourProtection.cpp' kaynak dosyas─▒ derleniyor)
  
C:\ShadowStrike\ShadowStrike\src\Shared_modules\RealTime\ZeroHourProtection.cpp(314,26): error C2780: 'std::unique_lock<_Mutex> std::unique_lock(const std::unique_lock<_Mutex> &)': 1 ba─ş─▒ms─▒z de─şi┼şken bekleniyor - 0 sa─şland─▒ [C:\ShadowStrike\ShadowStrike\ShadowStrike.vcxproj]
  ('/src/Shared_modules/RealTime/ZeroHourProtection.cpp' kaynak dosyas─▒ derleniyor)
      C:\Program Files\Microsoft Visual Studio\2022\Community\VC\Tools\MSVC\14.44.35207\include\mutex(184,5):
      'std::unique_lock' bildirimine bak─▒n
  
C:\ShadowStrike\ShadowStrike\src\Shared_modules\RealTime\ZeroHourProtection.cpp(314,26): error C1003: hata say─▒s─▒ 100 taneyi a┼şt─▒; derleme durduruluyor [C:\ShadowStrike\ShadowStrike\ShadowStrike.vcxproj]
  ('/src/Shared_modules/RealTime/ZeroHourProtection.cpp' kaynak dosyas─▒ derleniyor)
  
C:\ShadowStrike\ShadowStrike\src\Shared_modules\RealTime\FileSystemFilter.cpp(810,28): error C2664: 'void ShadowStrike::Utils::Logger::Error(const char *)' : 1 ba─ş─▒ms─▒z de─şi┼şkeni 'const wchar_t [45]' de─şerinden 'const char *' de─şerine d├Ân├╝┼şt├╝r├╝lemez [C:\ShadowStrike\ShadowStrike\ShadowStrike.vcxproj]
  ('/src/Shared_modules/RealTime/FileSystemFilter.cpp' kaynak dosyas─▒ derleniyor)
      C:\ShadowStrike\ShadowStrike\src\Shared_modules\RealTime\FileSystemFilter.cpp(810,34):
      ─░┼şaretlenen t├╝rler ilgisiz; d├Ân├╝┼şt├╝rme reinterpret_cast, C stili t├╝r d├Ân├╝┼şt├╝rme veya parantez i├ğine al─▒nm─▒┼ş i┼şlev stili t├╝r d├Ân├╝┼şt├╝rme gerektiriyor
      C:\ShadowStrike\ShadowStrike\src\Shared_modules\Utils\Logger.hpp(263,16):
      'ShadowStrike::Utils::Logger::Error' bildirimine bak─▒n
      C:\ShadowStrike\ShadowStrike\src\Shared_modules\Utils\Logger.hpp(274,16):
      'void ShadowStrike::Utils::Logger::Error(std::basic_format_string<char,type_identity<_Args>::type...>,Args ...)' olabilirdi
          C:\ShadowStrike\ShadowStrike\src\Shared_modules\RealTime\FileSystemFilter.cpp(810,28):
          ili┼şkili k─▒s─▒tlamalar kar┼ş─▒lanmad─▒
              C:\ShadowStrike\ShadowStrike\src\Shared_modules\Utils\Logger.hpp(273,57):
              k─▒s─▒tlama yerine getirilmedi
      C:\ShadowStrike\ShadowStrike\src\Shared_modules\RealTime\FileSystemFilter.cpp(810,28):
      '(const wchar_t [45])' ba─ş─▒ms─▒z de─şi┼şken listesi e┼şlenmeye ├ğal─▒┼ş─▒l─▒rken
  
C:\ShadowStrike\ShadowStrike\src\Shared_modules\RealTime\FileSystemFilter.cpp(815,24): error C2665: 'ShadowStrike::Utils::Logger::Info': hi├ğbir a┼ş─▒r─▒ y├╝klenmi┼ş i┼şlev t├╝m arg├╝man t├╝rlerini d├Ân├╝┼şt├╝remez [C:\ShadowStrike\ShadowStrike\ShadowStrike.vcxproj]
  ('/src/Shared_modules/RealTime/FileSystemFilter.cpp' kaynak dosyas─▒ derleniyor)
      C:\ShadowStrike\ShadowStrike\src\Shared_modules\Utils\Logger.hpp(282,16):
      'void ShadowStrike::Utils::Logger::Info<const std::wstring&>(std::basic_format_string<char,const std::wstring &>,const std::wstring &)' olabilirdi
          C:\ShadowStrike\ShadowStrike\src\Shared_modules\RealTime\FileSystemFilter.cpp(815,24):
          'void ShadowStrike::Utils::Logger::Info<const std::wstring&>(std::basic_format_string<char,const std::wstring &>,const std::wstring &)' : 1 ba─ş─▒ms─▒z de─şi┼şkeni 'const wchar_t [38]' de─şerinden 'std::basic_format_string<char,const std::wstring &>' de─şerine d├Ân├╝┼şt├╝r├╝lemez
              C:\ShadowStrike\ShadowStrike\src\Shared_modules\RealTime\FileSystemFilter.cpp(815,29):
              'std::basic_format_string<char,const std::wstring &>::basic_format_string': hi├ğbir a┼ş─▒r─▒ y├╝klenmi┼ş i┼şlev t├╝m arg├╝man t├╝rlerini d├Ân├╝┼şt├╝remez
                  C:\Program Files\Microsoft Visual Studio\2022\Community\VC\Tools\MSVC\14.44.35207\include\format(2867,1):
                  'std::basic_format_string<char,const std::wstring &>::basic_format_string(std::basic_format_string<char,const std::wstring &> &&)' olabilirdi
                      C:\ShadowStrike\ShadowStrike\src\Shared_modules\RealTime\FileSystemFilter.cpp(815,29):
                      'std::basic_format_string<char,const std::wstring &>::basic_format_string(std::basic_format_string<char,const std::wstring &> &&)' : 1 ba─ş─▒ms─▒z de─şi┼şkeni 'const wchar_t [38]' de─şerinden 'std::basic_format_string<char,const std::wstring &> &&' de─şerine d├Ân├╝┼şt├╝r├╝lemez
                          C:\ShadowStrike\ShadowStrike\src\Shared_modules\RealTime\FileSystemFilter.cpp(815,29):
                          Nedeni: 'const wchar_t [38]' de─şerinden 'std::basic_format_string<char,const std::wstring &>' de─şerine d├Ân├╝┼şt├╝r├╝lemez
                          C:\ShadowStrike\ShadowStrike\src\Shared_modules\RealTime\FileSystemFilter.cpp(815,29):
                          D├Ân├╝┼şt├╝rme ikinci bir kullan─▒c─▒ tan─▒ml─▒ d├Ân├╝┼şt├╝rme i┼şleci veya olu┼şturucu gerektiriyor
                  C:\Program Files\Microsoft Visual Studio\2022\Community\VC\Tools\MSVC\14.44.35207\include\format(2867,1):
                  veya       'std::basic_format_string<char,const std::wstring &>::basic_format_string(const std::basic_format_string<char,const std::wstring &> &)'
                      C:\ShadowStrike\ShadowStrike\src\Shared_modules\RealTime\FileSystemFilter.cpp(815,29):
                      'std::basic_format_string<char,const std::wstring &>::basic_format_string(const std::basic_format_string<char,const std::wstring &> &)' : 1 ba─ş─▒ms─▒z de─şi┼şkeni 'const wchar_t [38]' de─şerinden 'const std::basic_format_string<char,const std::wstring &> &' de─şerine d├Ân├╝┼şt├╝r├╝lemez
                          C:\ShadowStrike\ShadowStrike\src\Shared_modules\RealTime\FileSystemFilter.cpp(815,29):
                          Nedeni: 'const wchar_t [38]' de─şerinden 'const std::basic_format_string<char,const std::wstring &>' de─şerine d├Ân├╝┼şt├╝r├╝lemez
                          C:\ShadowStrike\ShadowStrike\src\Shared_modules\RealTime\FileSystemFilter.cpp(815,29):
                          D├Ân├╝┼şt├╝rme ikinci bir kullan─▒c─▒ tan─▒ml─▒ d├Ân├╝┼şt├╝rme i┼şleci veya olu┼şturucu gerektiriyor
                  C:\Program Files\Microsoft Visual Studio\2022\Community\VC\Tools\MSVC\14.44.35207\include\format(2850,5):
                  veya       'std::basic_format_string<char,const std::wstring &>::basic_format_string(const _Ty &)'
                  C:\ShadowStrike\ShadowStrike\src\Shared_modules\RealTime\FileSystemFilter.cpp(815,29):
                  '(const wchar_t [38])' ba─ş─▒ms─▒z de─şi┼şken listesi e┼şlenmeye ├ğal─▒┼ş─▒l─▒rken
      C:\ShadowStrike\ShadowStrike\src\Shared_modules\RealTime\FileSystemFilter.cpp(815,24):
      '(const wchar_t [38], const std::wstring)' ba─ş─▒ms─▒z de─şi┼şken listesi e┼şlenmeye ├ğal─▒┼ş─▒l─▒rken
  
C:\ShadowStrike\ShadowStrike\src\Shared_modules\RealTime\FileSystemFilter.cpp(827,28): error C2665: 'ShadowStrike::Utils::Logger::Info': hi├ğbir a┼ş─▒r─▒ y├╝klenmi┼ş i┼şlev t├╝m arg├╝man t├╝rlerini d├Ân├╝┼şt├╝remez [C:\ShadowStrike\ShadowStrike\ShadowStrike.vcxproj]
  ('/src/Shared_modules/RealTime/FileSystemFilter.cpp' kaynak dosyas─▒ derleniyor)
      C:\ShadowStrike\ShadowStrike\src\Shared_modules\Utils\Logger.hpp(282,16):
      'void ShadowStrike::Utils::Logger::Info<const std::wstring&>(std::basic_format_string<char,const std::wstring &>,const std::wstring &)' olabilirdi
          C:\ShadowStrike\ShadowStrike\src\Shared_modules\RealTime\FileSystemFilter.cpp(827,28):
          'void ShadowStrike::Utils::Logger::Info<const std::wstring&>(std::basic_format_string<char,const std::wstring &>,const std::wstring &)' : 1 ba─ş─▒ms─▒z de─şi┼şkeni 'const wchar_t [40]' de─şerinden 'std::basic_format_string<char,const std::wstring &>' de─şerine d├Ân├╝┼şt├╝r├╝lemez
              C:\ShadowStrike\ShadowStrike\src\Shared_modules\RealTime\FileSystemFilter.cpp(827,33):
              'std::basic_format_string<char,const std::wstring &>::basic_format_string': hi├ğbir a┼ş─▒r─▒ y├╝klenmi┼ş i┼şlev t├╝m arg├╝man t├╝rlerini d├Ân├╝┼şt├╝remez
                  C:\Program Files\Microsoft Visual Studio\2022\Community\VC\Tools\MSVC\14.44.35207\include\format(2867,1):
                  'std::basic_format_string<char,const std::wstring &>::basic_format_string(std::basic_format_string<char,const std::wstring &> &&)' olabilirdi
                      C:\ShadowStrike\ShadowStrike\src\Shared_modules\RealTime\FileSystemFilter.cpp(827,33):
                      'std::basic_format_string<char,const std::wstring &>::basic_format_string(std::basic_format_string<char,const std::wstring &> &&)' : 1 ba─ş─▒ms─▒z de─şi┼şkeni 'const wchar_t [40]' de─şerinden 'std::basic_format_string<char,const std::wstring &> &&' de─şerine d├Ân├╝┼şt├╝r├╝lemez
                          C:\ShadowStrike\ShadowStrike\src\Shared_modules\RealTime\FileSystemFilter.cpp(827,33):
                          Nedeni: 'const wchar_t [40]' de─şerinden 'std::basic_format_string<char,const std::wstring &>' de─şerine d├Ân├╝┼şt├╝r├╝lemez
                          C:\ShadowStrike\ShadowStrike\src\Shared_modules\RealTime\FileSystemFilter.cpp(827,33):
                          D├Ân├╝┼şt├╝rme ikinci bir kullan─▒c─▒ tan─▒ml─▒ d├Ân├╝┼şt├╝rme i┼şleci veya olu┼şturucu gerektiriyor
                  C:\Program Files\Microsoft Visual Studio\2022\Community\VC\Tools\MSVC\14.44.35207\include\format(2867,1):
                  veya       'std::basic_format_string<char,const std::wstring &>::basic_format_string(const std::basic_format_string<char,const std::wstring &> &)'
                      C:\ShadowStrike\ShadowStrike\src\Shared_modules\RealTime\FileSystemFilter.cpp(827,33):
                      'std::basic_format_string<char,const std::wstring &>::basic_format_string(const std::basic_format_string<char,const std::wstring &> &)' : 1 ba─ş─▒ms─▒z de─şi┼şkeni 'const wchar_t [40]' de─şerinden 'const std::basic_format_string<char,const std::wstring &> &' de─şerine d├Ân├╝┼şt├╝r├╝lemez
                          C:\ShadowStrike\ShadowStrike\src\Shared_modules\RealTime\FileSystemFilter.cpp(827,33):
                          Nedeni: 'const wchar_t [40]' de─şerinden 'const std::basic_format_string<char,const std::wstring &>' de─şerine d├Ân├╝┼şt├╝r├╝lemez
                          C:\ShadowStrike\ShadowStrike\src\Shared_modules\RealTime\FileSystemFilter.cpp(827,33):
                          D├Ân├╝┼şt├╝rme ikinci bir kullan─▒c─▒ tan─▒ml─▒ d├Ân├╝┼şt├╝rme i┼şleci veya olu┼şturucu gerektiriyor
                  C:\Program Files\Microsoft Visual Studio\2022\Community\VC\Tools\MSVC\14.44.35207\include\format(2850,5):
                  veya       'std::basic_format_string<char,const std::wstring &>::basic_format_string(const _Ty &)'
                  C:\ShadowStrike\ShadowStrike\src\Shared_modules\RealTime\FileSystemFilter.cpp(827,33):
                  '(const wchar_t [40])' ba─ş─▒ms─▒z de─şi┼şken listesi e┼şlenmeye ├ğal─▒┼ş─▒l─▒rken
      C:\ShadowStrike\ShadowStrike\src\Shared_modules\RealTime\FileSystemFilter.cpp(827,28):
      '(const wchar_t [40], const std::wstring)' ba─ş─▒ms─▒z de─şi┼şken listesi e┼şlenmeye ├ğal─▒┼ş─▒l─▒rken
  
C:\ShadowStrike\ShadowStrike\src\Shared_modules\RealTime\FileSystemFilter.cpp(836,24): error C2664: 'void ShadowStrike::Utils::Logger::Info(const char *)' : 1 ba─ş─▒ms─▒z de─şi┼şkeni 'const wchar_t [41]' de─şerinden 'const char *' de─şerine d├Ân├╝┼şt├╝r├╝lemez [C:\ShadowStrike\ShadowStrike\ShadowStrike.vcxproj]
  ('/src/Shared_modules/RealTime/FileSystemFilter.cpp' kaynak dosyas─▒ derleniyor)
      C:\ShadowStrike\ShadowStrike\src\Shared_modules\RealTime\FileSystemFilter.cpp(836,29):
      ─░┼şaretlenen t├╝rler ilgisiz; d├Ân├╝┼şt├╝rme reinterpret_cast, C stili t├╝r d├Ân├╝┼şt├╝rme veya parantez i├ğine al─▒nm─▒┼ş i┼şlev stili t├╝r d├Ân├╝┼şt├╝rme gerektiriyor
      C:\ShadowStrike\ShadowStrike\src\Shared_modules\Utils\Logger.hpp(265,16):
      'ShadowStrike::Utils::Logger::Info' bildirimine bak─▒n
      C:\ShadowStrike\ShadowStrike\src\Shared_modules\Utils\Logger.hpp(282,16):
      'void ShadowStrike::Utils::Logger::Info(std::basic_format_string<char,type_identity<_Args>::type...>,Args ...)' olabilirdi
          C:\ShadowStrike\ShadowStrike\src\Shared_modules\RealTime\FileSystemFilter.cpp(836,24):
          ili┼şkili k─▒s─▒tlamalar kar┼ş─▒lanmad─▒
              C:\ShadowStrike\ShadowStrike\src\Shared_modules\Utils\Logger.hpp(281,57):
              k─▒s─▒tlama yerine getirilmedi
      C:\ShadowStrike\ShadowStrike\src\Shared_modules\RealTime\FileSystemFilter.cpp(836,24):
      '(const wchar_t [41])' ba─ş─▒ms─▒z de─şi┼şken listesi e┼şlenmeye ├ğal─▒┼ş─▒l─▒rken
  
C:\ShadowStrike\ShadowStrike\src\Shared_modules\Security\AntiDebug.cpp(1110,27): error C2039: 'ProcessHeap': bir '_PEB' ├╝yesi de─şil [C:\ShadowStrike\ShadowStrike\ShadowStrike.vcxproj]
  ('/src/Shared_modules/Security/AntiDebug.cpp' kaynak dosyas─▒ derleniyor)
      C:\Program Files (x86)\Windows Kits\10\Include\10.0.26100.0\um\winternl.h(178,16):
      '_PEB' bildirimine bak─▒n
  
C:\ShadowStrike\ShadowStrike\src\Shared_modules\Security\AntiDebug.cpp(1116,47): error C2039: 'ProcessHeap': bir '_PEB' ├╝yesi de─şil [C:\ShadowStrike\ShadowStrike\ShadowStrike.vcxproj]
  ('/src/Shared_modules/Security/AntiDebug.cpp' kaynak dosyas─▒ derleniyor)
      C:\Program Files (x86)\Windows Kits\10\Include\10.0.26100.0\um\winternl.h(178,16):
      '_PEB' bildirimine bak─▒n
  
C:\ShadowStrike\ShadowStrike\src\Shared_modules\Security\AntiDebug.cpp(1118,47): error C2039: 'ProcessHeap': bir '_PEB' ├╝yesi de─şil [C:\ShadowStrike\ShadowStrike\ShadowStrike.vcxproj]
  ('/src/Shared_modules/Security/AntiDebug.cpp' kaynak dosyas─▒ derleniyor)
      C:\Program Files (x86)\Windows Kits\10\Include\10.0.26100.0\um\winternl.h(178,16):
      '_PEB' bildirimine bak─▒n
  
C:\ShadowStrike\ShadowStrike\src\Shared_modules\Security\AntiDebug.cpp(1128,29): error C2059: s├Âzdizimi hatas─▒: 'sabit' [C:\ShadowStrike\ShadowStrike\ShadowStrike.vcxproj]
  ('/src/Shared_modules/Security/AntiDebug.cpp' kaynak dosyas─▒ derleniyor)
  
C:\ShadowStrike\ShadowStrike\src\Shared_modules\RealTime\FileSystemFilter.cpp(900,24): error C2664: 'void ShadowStrike::Utils::Logger::Info(const char *)' : 1 ba─ş─▒ms─▒z de─şi┼şkeni 'const wchar_t [32]' de─şerinden 'const char *' de─şerine d├Ân├╝┼şt├╝r├╝lemez [C:\ShadowStrike\ShadowStrike\ShadowStrike.vcxproj]
  ('/src/Shared_modules/RealTime/FileSystemFilter.cpp' kaynak dosyas─▒ derleniyor)
      C:\ShadowStrike\ShadowStrike\src\Shared_modules\RealTime\FileSystemFilter.cpp(900,29):
      ─░┼şaretlenen t├╝rler ilgisiz; d├Ân├╝┼şt├╝rme reinterpret_cast, C stili t├╝r d├Ân├╝┼şt├╝rme veya parantez i├ğine al─▒nm─▒┼ş i┼şlev stili t├╝r d├Ân├╝┼şt├╝rme gerektiriyor
      C:\ShadowStrike\ShadowStrike\src\Shared_modules\Utils\Logger.hpp(265,16):
      'ShadowStrike::Utils::Logger::Info' bildirimine bak─▒n
      C:\ShadowStrike\ShadowStrike\src\Shared_modules\Utils\Logger.hpp(282,16):
      'void ShadowStrike::Utils::Logger::Info(std::basic_format_string<char,type_identity<_Args>::type...>,Args ...)' olabilirdi
          C:\ShadowStrike\ShadowStrike\src\Shared_modules\RealTime\FileSystemFilter.cpp(900,24):
          ili┼şkili k─▒s─▒tlamalar kar┼ş─▒lanmad─▒
              C:\ShadowStrike\ShadowStrike\src\Shared_modules\Utils\Logger.hpp(281,57):
              k─▒s─▒tlama yerine getirilmedi
      C:\ShadowStrike\ShadowStrike\src\Shared_modules\RealTime\FileSystemFilter.cpp(900,24):
      '(const wchar_t [32])' ba─ş─▒ms─▒z de─şi┼şken listesi e┼şlenmeye ├ğal─▒┼ş─▒l─▒rken
  
C:\ShadowStrike\ShadowStrike\src\Shared_modules\RealTime\FileSystemFilter.cpp(943,24): error C2664: 'void ShadowStrike::Utils::Logger::Info(const char *)' : 1 ba─ş─▒ms─▒z de─şi┼şkeni 'const wchar_t [33]' de─şerinden 'const char *' de─şerine d├Ân├╝┼şt├╝r├╝lemez [C:\ShadowStrike\ShadowStrike\ShadowStrike.vcxproj]
  ('/src/Shared_modules/RealTime/FileSystemFilter.cpp' kaynak dosyas─▒ derleniyor)
      C:\ShadowStrike\ShadowStrike\src\Shared_modules\RealTime\FileSystemFilter.cpp(943,29):
      ─░┼şaretlenen t├╝rler ilgisiz; d├Ân├╝┼şt├╝rme reinterpret_cast, C stili t├╝r d├Ân├╝┼şt├╝rme veya parantez i├ğine al─▒nm─▒┼ş i┼şlev stili t├╝r d├Ân├╝┼şt├╝rme gerektiriyor
      C:\ShadowStrike\ShadowStrike\src\Shared_modules\Utils\Logger.hpp(265,16):
      'ShadowStrike::Utils::Logger::Info' bildirimine bak─▒n
      C:\ShadowStrike\ShadowStrike\src\Shared_modules\Utils\Logger.hpp(282,16):
      'void ShadowStrike::Utils::Logger::Info(std::basic_format_string<char,type_identity<_Args>::type...>,Args ...)' olabilirdi
          C:\ShadowStrike\ShadowStrike\src\Shared_modules\RealTime\FileSystemFilter.cpp(943,24):
          ili┼şkili k─▒s─▒tlamalar kar┼ş─▒lanmad─▒
              C:\ShadowStrike\ShadowStrike\src\Shared_modules\Utils\Logger.hpp(281,57):
              k─▒s─▒tlama yerine getirilmedi
      C:\ShadowStrike\ShadowStrike\src\Shared_modules\RealTime\FileSystemFilter.cpp(943,24):
      '(const wchar_t [33])' ba─ş─▒ms─▒z de─şi┼şken listesi e┼şlenmeye ├ğal─▒┼ş─▒l─▒rken
  
C:\ShadowStrike\ShadowStrike\src\Shared_modules\Security\ProcessProtection.cpp(885,37): error C2280: 'ShadowStrike::Security::ProtectedProcessInfo &ShadowStrike::Security::ProtectedProcessInfo::operator =(const ShadowStrike::Security::ProtectedProcessInfo &)': silinmi┼ş bir i┼şleve ba┼şvurmaya ├ğal─▒┼ş─▒yor [C:\ShadowStrike\ShadowStrike\ShadowStrike.vcxproj]
  ('/src/Shared_modules/Security/ProcessProtection.cpp' kaynak dosyas─▒ derleniyor)
      C:\ShadowStrike\ShadowStrike\src\Shared_modules\Security\ProcessProtection.hpp(594,1):
      derleyici burada 'ShadowStrike::Security::ProtectedProcessInfo::operator =' olu┼şturdu
      C:\ShadowStrike\ShadowStrike\src\Shared_modules\Security\ProcessProtection.hpp(594,1):
      'ShadowStrike::Security::ProtectedProcessInfo &ShadowStrike::Security::ProtectedProcessInfo::operator =(const ShadowStrike::Security::ProtectedProcessInfo &)': veri ├╝yesi, silinmi┼ş veya eri┼şilemeyen 'std::atomic<unsigned __int64> &std::atomic<unsigned __int64>::operator =(const std::atomic<unsigned __int64> &)' i┼şlevini ├ğa─ş─▒rd─▒─ş─▒ndan i┼şlev ├Ârt├╝k olarak silindi
  
C:\ShadowStrike\ShadowStrike\src\Shared_modules\Security\ProcessProtection.cpp(899,27): warning C4834: [[nodiscard]] ├Âzniteli─şine sahip i┼şlevin d├Ân├╝┼ş de─şerinin at─▒lmas─▒ [C:\ShadowStrike\ShadowStrike\ShadowStrike.vcxproj]
  ('/src/Shared_modules/Security/ProcessProtection.cpp' kaynak dosyas─▒ derleniyor)
  
C:\ShadowStrike\ShadowStrike\src\Shared_modules\Security\AntiDebug.cpp(1457,23): warning C4312: 'reinterpret_cast': 'unsigned int' ├Â─şesinden daha b├╝y├╝k boyutlu 'HANDLE' ├Â─şesine d├Ân├╝┼şt├╝rme [C:\ShadowStrike\ShadowStrike\ShadowStrike.vcxproj]
  ('/src/Shared_modules/Security/AntiDebug.cpp' kaynak dosyas─▒ derleniyor)
  
C:\ShadowStrike\ShadowStrike\src\Shared_modules\Security\AntiDebug.cpp(1449,37): error C2712: nesne geriye do─şru izleme gerektiren i┼şlevlerde __try kullan─▒lamaz [C:\ShadowStrike\ShadowStrike\ShadowStrike.vcxproj]
  ('/src/Shared_modules/Security/AntiDebug.cpp' kaynak dosyas─▒ derleniyor)
  
C:\ShadowStrike\ShadowStrike\src\Shared_modules\RealTime\FileSystemFilter.cpp(1044,41): error C2039: 'Utf8ToWide': bir 'ShadowStrike::Utils::StringUtils' ├╝yesi de─şil [C:\ShadowStrike\ShadowStrike\ShadowStrike.vcxproj]
  ('/src/Shared_modules/RealTime/FileSystemFilter.cpp' kaynak dosyas─▒ derleniyor)
      C:\ShadowStrike\ShadowStrike\src\Shared_modules\Utils\StringUtils.hpp(63,19):
      'ShadowStrike::Utils::StringUtils' bildirimine bak─▒n
  
C:\ShadowStrike\ShadowStrike\src\Shared_modules\RealTime\FileSystemFilter.cpp(1044,41): error C3861: 'Utf8ToWide': tan─▒mlay─▒c─▒ bulunamad─▒ [C:\ShadowStrike\ShadowStrike\ShadowStrike.vcxproj]
  ('/src/Shared_modules/RealTime/FileSystemFilter.cpp' kaynak dosyas─▒ derleniyor)
  
C:\ShadowStrike\ShadowStrike\src\Shared_modules\Security\RegistryProtection.cpp(2274,52): warning C4834: [[nodiscard]] ├Âzniteli─şine sahip i┼şlevin d├Ân├╝┼ş de─şerinin at─▒lmas─▒ [C:\ShadowStrike\ShadowStrike\ShadowStrike.vcxproj]
  ('/src/Shared_modules/Security/RegistryProtection.cpp' kaynak dosyas─▒ derleniyor)
  
C:\ShadowStrike\ShadowStrike\src\Shared_modules\Security\ProcessProtection.cpp(976,9): error C2440: 'return': 'const _Ty2' - 'std::optional<ShadowStrike::Security::ProtectedProcessInfo>' d├Ân├╝┼ş├╝m├╝ yap─▒lam─▒yor [C:\ShadowStrike\ShadowStrike\ShadowStrike.vcxproj]
C:\ShadowStrike\ShadowStrike\src\Shared_modules\Security\ProcessProtection.cpp(976,9): error C2440:         with [C:\ShadowStrike\ShadowStrike\ShadowStrike.vcxproj]
C:\ShadowStrike\ShadowStrike\src\Shared_modules\Security\ProcessProtection.cpp(976,9): error C2440:         [ [C:\ShadowStrike\ShadowStrike\ShadowStrike.vcxproj]
C:\ShadowStrike\ShadowStrike\src\Shared_modules\Security\ProcessProtection.cpp(976,9): error C2440:             _Ty2=ShadowStrike::Security::ProtectedProcessInfo [C:\ShadowStrike\ShadowStrike\ShadowStrike.vcxproj]
C:\ShadowStrike\ShadowStrike\src\Shared_modules\Security\ProcessProtection.cpp(976,9): error C2440:         ] [C:\ShadowStrike\ShadowStrike\ShadowStrike.vcxproj]
  ('/src/Shared_modules/Security/ProcessProtection.cpp' kaynak dosyas─▒ derleniyor)
      C:\ShadowStrike\ShadowStrike\src\Shared_modules\Security\ProcessProtection.cpp(976,9):
      Bu d├Ân├╝┼şt├╝rmeyi ger├ğekle┼ştirecek kullan─▒c─▒ tan─▒ml─▒ d├Ân├╝┼şt├╝rme i┼şleci yok veya i┼şle├ğ ├ğa─şr─▒lam─▒yor
  
C:\ShadowStrike\ShadowStrike\src\Shared_modules\Security\AntiDebug.cpp(2009,37): error C2712: nesne geriye do─şru izleme gerektiren i┼şlevlerde __try kullan─▒lamaz [C:\ShadowStrike\ShadowStrike\ShadowStrike.vcxproj]
  ('/src/Shared_modules/Security/AntiDebug.cpp' kaynak dosyas─▒ derleniyor)
  
C:\ShadowStrike\ShadowStrike\src\Shared_modules\Security\AntiDebug.cpp(2055,9): error C4235: standart olmayan uzant─▒ kullan─▒ld─▒: '__asm' anahtar s├Âzc├╝─ş├╝ bu mimaride desteklenmiyor [C:\ShadowStrike\ShadowStrike\ShadowStrike.vcxproj]
  ('/src/Shared_modules/Security/AntiDebug.cpp' kaynak dosyas─▒ derleniyor)
  
C:\ShadowStrike\ShadowStrike\src\Shared_modules\Security\AntiDebug.cpp(2056,17): error C2059: s├Âzdizimi hatas─▒: 'sabit' [C:\ShadowStrike\ShadowStrike\ShadowStrike.vcxproj]
  ('/src/Shared_modules/Security/AntiDebug.cpp' kaynak dosyas─▒ derleniyor)
  
C:\ShadowStrike\ShadowStrike\src\Shared_modules\Security\AntiDebug.cpp(2044,37): error C2712: nesne geriye do─şru izleme gerektiren i┼şlevlerde __try kullan─▒lamaz [C:\ShadowStrike\ShadowStrike\ShadowStrike.vcxproj]
  ('/src/Shared_modules/Security/AntiDebug.cpp' kaynak dosyas─▒ derleniyor)
  
C:\ShadowStrike\ShadowStrike\src\Shared_modules\Security\AntiDebug.cpp(2094,9): error C4235: standart olmayan uzant─▒ kullan─▒ld─▒: '__asm' anahtar s├Âzc├╝─ş├╝ bu mimaride desteklenmiyor [C:\ShadowStrike\ShadowStrike\ShadowStrike.vcxproj]
  ('/src/Shared_modules/Security/AntiDebug.cpp' kaynak dosyas─▒ derleniyor)
  
C:\ShadowStrike\ShadowStrike\src\Shared_modules\Security\AntiDebug.cpp(2095,13): error C2065: 'pushfd': bildirimi yap─▒lmam─▒┼ş tan─▒mlay─▒c─▒ [C:\ShadowStrike\ShadowStrike\ShadowStrike.vcxproj]
  ('/src/Shared_modules/Security/AntiDebug.cpp' kaynak dosyas─▒ derleniyor)
  
C:\ShadowStrike\ShadowStrike\src\Shared_modules\Security\AntiDebug.cpp(2096,16): error C2065: 'dword': bildirimi yap─▒lmam─▒┼ş tan─▒mlay─▒c─▒ [C:\ShadowStrike\ShadowStrike\ShadowStrike.vcxproj]
  ('/src/Shared_modules/Security/AntiDebug.cpp' kaynak dosyas─▒ derleniyor)
  
C:\ShadowStrike\ShadowStrike\src\Shared_modules\Security\AntiDebug.cpp(2096,22): error C2146: s├Âzdizimi hatas─▒: ';' eksik ('ptr' tan─▒mlay─▒c─▒s─▒ndan ├Ânce) [C:\ShadowStrike\ShadowStrike\ShadowStrike.vcxproj]
  ('/src/Shared_modules/Security/AntiDebug.cpp' kaynak dosyas─▒ derleniyor)
  
C:\ShadowStrike\ShadowStrike\src\Shared_modules\Security\AntiDebug.cpp(2096,22): error C2065: 'ptr': bildirimi yap─▒lmam─▒┼ş tan─▒mlay─▒c─▒ [C:\ShadowStrike\ShadowStrike\ShadowStrike.vcxproj]
  ('/src/Shared_modules/Security/AntiDebug.cpp' kaynak dosyas─▒ derleniyor)
  
C:\ShadowStrike\ShadowStrike\src\Shared_modules\Security\AntiDebug.cpp(2096,27): error C2065: 'esp': bildirimi yap─▒lmam─▒┼ş tan─▒mlay─▒c─▒ [C:\ShadowStrike\ShadowStrike\ShadowStrike.vcxproj]
  ('/src/Shared_modules/Security/AntiDebug.cpp' kaynak dosyas─▒ derleniyor)
  
C:\ShadowStrike\ShadowStrike\src\Shared_modules\Security\AntiDebug.cpp(2097,13): error C2146: s├Âzdizimi hatas─▒: ';' eksik ('popfd' tan─▒mlay─▒c─▒s─▒ndan ├Ânce) [C:\ShadowStrike\ShadowStrike\ShadowStrike.vcxproj]
  ('/src/Shared_modules/Security/AntiDebug.cpp' kaynak dosyas─▒ derleniyor)
  
C:\ShadowStrike\ShadowStrike\src\Shared_modules\Security\AntiDebug.cpp(2097,13): error C2065: 'popfd': bildirimi yap─▒lmam─▒┼ş tan─▒mlay─▒c─▒ [C:\ShadowStrike\ShadowStrike\ShadowStrike.vcxproj]
  ('/src/Shared_modules/Security/AntiDebug.cpp' kaynak dosyas─▒ derleniyor)
  
C:\ShadowStrike\ShadowStrike\src\Shared_modules\Security\AntiDebug.cpp(2098,13): error C2146: s├Âzdizimi hatas─▒: ';' eksik ('nop' tan─▒mlay─▒c─▒s─▒ndan ├Ânce) [C:\ShadowStrike\ShadowStrike\ShadowStrike.vcxproj]
  ('/src/Shared_modules/Security/AntiDebug.cpp' kaynak dosyas─▒ derleniyor)
  
C:\ShadowStrike\ShadowStrike\src\Shared_modules\Security\AntiDebug.cpp(2098,13): error C2065: 'nop': bildirimi yap─▒lmam─▒┼ş tan─▒mlay─▒c─▒ [C:\ShadowStrike\ShadowStrike\ShadowStrike.vcxproj]
  ('/src/Shared_modules/Security/AntiDebug.cpp' kaynak dosyas─▒ derleniyor)
  
C:\ShadowStrike\ShadowStrike\src\Shared_modules\Security\AntiDebug.cpp(2099,9): error C2143: s├Âzdizimi hatas─▒: ';' eksik ('}' ├Âncesinde) [C:\ShadowStrike\ShadowStrike\ShadowStrike.vcxproj]
  ('/src/Shared_modules/Security/AntiDebug.cpp' kaynak dosyas─▒ derleniyor)
  
C:\ShadowStrike\ShadowStrike\src\Shared_modules\Security\AntiDebug.cpp(2083,37): error C2712: nesne geriye do─şru izleme gerektiren i┼şlevlerde __try kullan─▒lamaz [C:\ShadowStrike\ShadowStrike\ShadowStrike.vcxproj]
  ('/src/Shared_modules/Security/AntiDebug.cpp' kaynak dosyas─▒ derleniyor)
  
C:\ShadowStrike\ShadowStrike\src\Shared_modules\Security\AntiDebug.cpp(2124,37): error C2712: nesne geriye do─şru izleme gerektiren i┼şlevlerde __try kullan─▒lamaz [C:\ShadowStrike\ShadowStrike\ShadowStrike.vcxproj]
  ('/src/Shared_modules/Security/AntiDebug.cpp' kaynak dosyas─▒ derleniyor)
  
C:\ShadowStrike\ShadowStrike\src\Shared_modules\Security\ProcessProtection.cpp(1015,12): error C2664: 'BOOL LookupPrivilegeValueW(LPCWSTR,LPCWSTR,PLUID)' : 2 ba─ş─▒ms─▒z de─şi┼şkeni 'const char [17]' de─şerinden 'LPCWSTR' de─şerine d├Ân├╝┼şt├╝r├╝lemez [C:\ShadowStrike\ShadowStrike\ShadowStrike.vcxproj]
  ('/src/Shared_modules/Security/ProcessProtection.cpp' kaynak dosyas─▒ derleniyor)
      C:\ShadowStrike\ShadowStrike\src\Shared_modules\Security\ProcessProtection.cpp(1015,43):
      ─░┼şaretlenen t├╝rler ilgisiz; d├Ân├╝┼şt├╝rme reinterpret_cast, C stili t├╝r d├Ân├╝┼şt├╝rme veya parantez i├ğine al─▒nm─▒┼ş i┼şlev stili t├╝r d├Ân├╝┼şt├╝rme gerektiriyor
      C:\Program Files (x86)\Windows Kits\10\Include\10.0.26100.0\um\winbase.h(7423,1):
      'LookupPrivilegeValueW' bildirimine bak─▒n
      C:\ShadowStrike\ShadowStrike\src\Shared_modules\Security\ProcessProtection.cpp(1015,12):
      '(nullptr, const char [17], LUID *)' ba─ş─▒ms─▒z de─şi┼şken listesi e┼şlenmeye ├ğal─▒┼ş─▒l─▒rken
  
C:\ShadowStrike\ShadowStrike\src\Shared_modules\RealTime\FileSystemFilter.cpp(1043,32): error C2660: 'ShadowStrike::Utils::Logger::Error': i┼şlev 2 ba─ş─▒ms─▒z de─şi┼şken alm─▒yor [C:\ShadowStrike\ShadowStrike\ShadowStrike.vcxproj]
  ('/src/Shared_modules/RealTime/FileSystemFilter.cpp' kaynak dosyas─▒ derleniyor)
      C:\ShadowStrike\ShadowStrike\src\Shared_modules\Utils\Logger.hpp(263,16):
      'ShadowStrike::Utils::Logger::Error' bildirimine bak─▒n
      C:\ShadowStrike\ShadowStrike\src\Shared_modules\Utils\Logger.hpp(274,16):
      'void ShadowStrike::Utils::Logger::Error(std::basic_format_string<char,type_identity<_Args>::type...>,Args ...)' olabilirdi
          C:\ShadowStrike\ShadowStrike\src\Shared_modules\RealTime\FileSystemFilter.cpp(1043,32):
          'void ShadowStrike::Utils::Logger::Error(std::basic_format_string<char,type_identity<_Args>::type...>,Args ...)' i┼şlev ┼şablonu ├Âzelle┼ştirilemedi
              C:\ShadowStrike\ShadowStrike\src\Shared_modules\RealTime\FileSystemFilter.cpp(1043,32):
              ┼Şu ┼şablon ba─ş─▒ms─▒z de─şi┼şkenleriyle:
                  C:\ShadowStrike\ShadowStrike\src\Shared_modules\RealTime\FileSystemFilter.cpp(1043,32):
                  'Args={<error type>}'
      C:\ShadowStrike\ShadowStrike\src\Shared_modules\RealTime\FileSystemFilter.cpp(1043,32):
      '(const wchar_t [54], <error type>)' ba─ş─▒ms─▒z de─şi┼şken listesi e┼şlenmeye ├ğal─▒┼ş─▒l─▒rken
  
C:\ShadowStrike\ShadowStrike\src\Shared_modules\RealTime\FileSystemFilter.cpp(1056,41): error C2039: 'Utf8ToWide': bir 'ShadowStrike::Utils::StringUtils' ├╝yesi de─şil [C:\ShadowStrike\ShadowStrike\ShadowStrike.vcxproj]
  ('/src/Shared_modules/RealTime/FileSystemFilter.cpp' kaynak dosyas─▒ derleniyor)
      C:\ShadowStrike\ShadowStrike\src\Shared_modules\Utils\StringUtils.hpp(63,19):
      'ShadowStrike::Utils::StringUtils' bildirimine bak─▒n
  
C:\ShadowStrike\ShadowStrike\src\Shared_modules\RealTime\FileSystemFilter.cpp(1056,41): error C3861: 'Utf8ToWide': tan─▒mlay─▒c─▒ bulunamad─▒ [C:\ShadowStrike\ShadowStrike\ShadowStrike.vcxproj]
  ('/src/Shared_modules/RealTime/FileSystemFilter.cpp' kaynak dosyas─▒ derleniyor)
  
C:\ShadowStrike\ShadowStrike\src\Shared_modules\RealTime\FileSystemFilter.cpp(1055,32): error C2660: 'ShadowStrike::Utils::Logger::Error': i┼şlev 2 ba─ş─▒ms─▒z de─şi┼şken alm─▒yor [C:\ShadowStrike\ShadowStrike\ShadowStrike.vcxproj]
  ('/src/Shared_modules/RealTime/FileSystemFilter.cpp' kaynak dosyas─▒ derleniyor)
      C:\ShadowStrike\ShadowStrike\src\Shared_modules\Utils\Logger.hpp(263,16):
      'ShadowStrike::Utils::Logger::Error' bildirimine bak─▒n
      C:\ShadowStrike\ShadowStrike\src\Shared_modules\Utils\Logger.hpp(274,16):
      'void ShadowStrike::Utils::Logger::Error(std::basic_format_string<char,type_identity<_Args>::type...>,Args ...)' olabilirdi
          C:\ShadowStrike\ShadowStrike\src\Shared_modules\RealTime\FileSystemFilter.cpp(1055,32):
          'void ShadowStrike::Utils::Logger::Error(std::basic_format_string<char,type_identity<_Args>::type...>,Args ...)' i┼şlev ┼şablonu ├Âzelle┼ştirilemedi
              C:\ShadowStrike\ShadowStrike\src\Shared_modules\RealTime\FileSystemFilter.cpp(1055,32):
              ┼Şu ┼şablon ba─ş─▒ms─▒z de─şi┼şkenleriyle:
                  C:\ShadowStrike\ShadowStrike\src\Shared_modules\RealTime\FileSystemFilter.cpp(1055,32):
                  'Args={<error type>}'
      C:\ShadowStrike\ShadowStrike\src\Shared_modules\RealTime\FileSystemFilter.cpp(1055,32):
      '(const wchar_t [48], <error type>)' ba─ş─▒ms─▒z de─şi┼şken listesi e┼şlenmeye ├ğal─▒┼ş─▒l─▒rken
  
C:\ShadowStrike\ShadowStrike\src\Shared_modules\RealTime\FileSystemFilter.cpp(1069,41): error C2039: 'Utf8ToWide': bir 'ShadowStrike::Utils::StringUtils' ├╝yesi de─şil [C:\ShadowStrike\ShadowStrike\ShadowStrike.vcxproj]
  ('/src/Shared_modules/RealTime/FileSystemFilter.cpp' kaynak dosyas─▒ derleniyor)
      C:\ShadowStrike\ShadowStrike\src\Shared_modules\Utils\StringUtils.hpp(63,19):
      'ShadowStrike::Utils::StringUtils' bildirimine bak─▒n
  
C:\ShadowStrike\ShadowStrike\src\Shared_modules\RealTime\FileSystemFilter.cpp(1069,41): error C3861: 'Utf8ToWide': tan─▒mlay─▒c─▒ bulunamad─▒ [C:\ShadowStrike\ShadowStrike\ShadowStrike.vcxproj]
  ('/src/Shared_modules/RealTime/FileSystemFilter.cpp' kaynak dosyas─▒ derleniyor)
  
C:\ShadowStrike\ShadowStrike\src\Shared_modules\RealTime\FileSystemFilter.cpp(1068,32): error C2660: 'ShadowStrike::Utils::Logger::Error': i┼şlev 2 ba─ş─▒ms─▒z de─şi┼şken alm─▒yor [C:\ShadowStrike\ShadowStrike\ShadowStrike.vcxproj]
  ('/src/Shared_modules/RealTime/FileSystemFilter.cpp' kaynak dosyas─▒ derleniyor)
      C:\ShadowStrike\ShadowStrike\src\Shared_modules\Utils\Logger.hpp(263,16):
      'ShadowStrike::Utils::Logger::Error' bildirimine bak─▒n
      C:\ShadowStrike\ShadowStrike\src\Shared_modules\Utils\Logger.hpp(274,16):
      'void ShadowStrike::Utils::Logger::Error(std::basic_format_string<char,type_identity<_Args>::type...>,Args ...)' olabilirdi
          C:\ShadowStrike\ShadowStrike\src\Shared_modules\RealTime\FileSystemFilter.cpp(1068,32):
          'void ShadowStrike::Utils::Logger::Error(std::basic_format_string<char,type_identity<_Args>::type...>,Args ...)' i┼şlev ┼şablonu ├Âzelle┼ştirilemedi
              C:\ShadowStrike\ShadowStrike\src\Shared_modules\RealTime\FileSystemFilter.cpp(1068,32):
              ┼Şu ┼şablon ba─ş─▒ms─▒z de─şi┼şkenleriyle:
                  C:\ShadowStrike\ShadowStrike\src\Shared_modules\RealTime\FileSystemFilter.cpp(1068,32):
                  'Args={<error type>}'
      C:\ShadowStrike\ShadowStrike\src\Shared_modules\RealTime\FileSystemFilter.cpp(1068,32):
      '(const wchar_t [48], <error type>)' ba─ş─▒ms─▒z de─şi┼şken listesi e┼şlenmeye ├ğal─▒┼ş─▒l─▒rken
  
C:\ShadowStrike\ShadowStrike\src\Shared_modules\RealTime\FileSystemFilter.cpp(1158,20): error C2664: 'void ShadowStrike::Utils::Logger::Info(const char *)' : 1 ba─ş─▒ms─▒z de─şi┼şkeni 'const wchar_t [40]' de─şerinden 'const char *' de─şerine d├Ân├╝┼şt├╝r├╝lemez [C:\ShadowStrike\ShadowStrike\ShadowStrike.vcxproj]
  ('/src/Shared_modules/RealTime/FileSystemFilter.cpp' kaynak dosyas─▒ derleniyor)
      C:\ShadowStrike\ShadowStrike\src\Shared_modules\RealTime\FileSystemFilter.cpp(1158,25):
      ─░┼şaretlenen t├╝rler ilgisiz; d├Ân├╝┼şt├╝rme reinterpret_cast, C stili t├╝r d├Ân├╝┼şt├╝rme veya parantez i├ğine al─▒nm─▒┼ş i┼şlev stili t├╝r d├Ân├╝┼şt├╝rme gerektiriyor
      C:\ShadowStrike\ShadowStrike\src\Shared_modules\Utils\Logger.hpp(265,16):
      'ShadowStrike::Utils::Logger::Info' bildirimine bak─▒n
      C:\ShadowStrike\ShadowStrike\src\Shared_modules\Utils\Logger.hpp(282,16):
      'void ShadowStrike::Utils::Logger::Info(std::basic_format_string<char,type_identity<_Args>::type...>,Args ...)' olabilirdi
          C:\ShadowStrike\ShadowStrike\src\Shared_modules\RealTime\FileSystemFilter.cpp(1158,20):
          ili┼şkili k─▒s─▒tlamalar kar┼ş─▒lanmad─▒
              C:\ShadowStrike\ShadowStrike\src\Shared_modules\Utils\Logger.hpp(281,57):
              k─▒s─▒tlama yerine getirilmedi
      C:\ShadowStrike\ShadowStrike\src\Shared_modules\RealTime\FileSystemFilter.cpp(1158,20):
      '(const wchar_t [40])' ba─ş─▒ms─▒z de─şi┼şken listesi e┼şlenmeye ├ğal─▒┼ş─▒l─▒rken
  
C:\ShadowStrike\ShadowStrike\src\Shared_modules\Security\ProcessProtection.cpp(1111,34): error C2280: 'ShadowStrike::Security::ProtectedThreadInfo &ShadowStrike::Security::ProtectedThreadInfo::operator =(const ShadowStrike::Security::ProtectedThreadInfo &)': silinmi┼ş bir i┼şleve ba┼şvurmaya ├ğal─▒┼ş─▒yor [C:\ShadowStrike\ShadowStrike\ShadowStrike.vcxproj]
  ('/src/Shared_modules/Security/ProcessProtection.cpp' kaynak dosyas─▒ derleniyor)
      C:\ShadowStrike\ShadowStrike\src\Shared_modules\Security\ProcessProtection.hpp(626,1):
      derleyici burada 'ShadowStrike::Security::ProtectedThreadInfo::operator =' olu┼şturdu
      C:\ShadowStrike\ShadowStrike\src\Shared_modules\Security\ProcessProtection.hpp(626,1):
      'ShadowStrike::Security::ProtectedThreadInfo &ShadowStrike::Security::ProtectedThreadInfo::operator =(const ShadowStrike::Security::ProtectedThreadInfo &)': veri ├╝yesi, silinmi┼ş veya eri┼şilemeyen 'std::atomic<unsigned __int64> &std::atomic<unsigned __int64>::operator =(const std::atomic<unsigned __int64> &)' i┼şlevini ├ğa─ş─▒rd─▒─ş─▒ndan i┼şlev ├Ârt├╝k olarak silindi
  
C:\ShadowStrike\ShadowStrike\src\Shared_modules\Security\ProcessProtection.cpp(1119,31): warning C4834: [[nodiscard]] ├Âzniteli─şine sahip i┼şlevin d├Ân├╝┼ş de─şerinin at─▒lmas─▒ [C:\ShadowStrike\ShadowStrike\ShadowStrike.vcxproj]
  ('/src/Shared_modules/Security/ProcessProtection.cpp' kaynak dosyas─▒ derleniyor)
  
C:\ShadowStrike\ShadowStrike\src\Shared_modules\RealTime\FileSystemFilter.cpp(1249,20): error C2664: 'void ShadowStrike::Utils::Logger::Info(const char *)' : 1 ba─ş─▒ms─▒z de─şi┼şkeni 'const wchar_t [46]' de─şerinden 'const char *' de─şerine d├Ân├╝┼şt├╝r├╝lemez [C:\ShadowStrike\ShadowStrike\ShadowStrike.vcxproj]
  ('/src/Shared_modules/RealTime/FileSystemFilter.cpp' kaynak dosyas─▒ derleniyor)
      C:\ShadowStrike\ShadowStrike\src\Shared_modules\RealTime\FileSystemFilter.cpp(1249,25):
      ─░┼şaretlenen t├╝rler ilgisiz; d├Ân├╝┼şt├╝rme reinterpret_cast, C stili t├╝r d├Ân├╝┼şt├╝rme veya parantez i├ğine al─▒nm─▒┼ş i┼şlev stili t├╝r d├Ân├╝┼şt├╝rme gerektiriyor
      C:\ShadowStrike\ShadowStrike\src\Shared_modules\Utils\Logger.hpp(265,16):
      'ShadowStrike::Utils::Logger::Info' bildirimine bak─▒n
      C:\ShadowStrike\ShadowStrike\src\Shared_modules\Utils\Logger.hpp(282,16):
      'void ShadowStrike::Utils::Logger::Info(std::basic_format_string<char,type_identity<_Args>::type...>,Args ...)' olabilirdi
          C:\ShadowStrike\ShadowStrike\src\Shared_modules\RealTime\FileSystemFilter.cpp(1249,20):
          ili┼şkili k─▒s─▒tlamalar kar┼ş─▒lanmad─▒
              C:\ShadowStrike\ShadowStrike\src\Shared_modules\Utils\Logger.hpp(281,57):
              k─▒s─▒tlama yerine getirilmedi
      C:\ShadowStrike\ShadowStrike\src\Shared_modules\RealTime\FileSystemFilter.cpp(1249,20):
      '(const wchar_t [46])' ba─ş─▒ms─▒z de─şi┼şken listesi e┼şlenmeye ├ğal─▒┼ş─▒l─▒rken
  
C:\ShadowStrike\ShadowStrike\src\Shared_modules\RealTime\FileSystemFilter.cpp(1282,20): error C2664: 'void ShadowStrike::Utils::Logger::Warn(const char *)' : 1 ba─ş─▒ms─▒z de─şi┼şkeni 'const wchar_t [61]' de─şerinden 'const char *' de─şerine d├Ân├╝┼şt├╝r├╝lemez [C:\ShadowStrike\ShadowStrike\ShadowStrike.vcxproj]
  ('/src/Shared_modules/RealTime/FileSystemFilter.cpp' kaynak dosyas─▒ derleniyor)
      C:\ShadowStrike\ShadowStrike\src\Shared_modules\RealTime\FileSystemFilter.cpp(1282,25):
      ─░┼şaretlenen t├╝rler ilgisiz; d├Ân├╝┼şt├╝rme reinterpret_cast, C stili t├╝r d├Ân├╝┼şt├╝rme veya parantez i├ğine al─▒nm─▒┼ş i┼şlev stili t├╝r d├Ân├╝┼şt├╝rme gerektiriyor
      C:\ShadowStrike\ShadowStrike\src\Shared_modules\Utils\Logger.hpp(264,16):
      'ShadowStrike::Utils::Logger::Warn' bildirimine bak─▒n
      C:\ShadowStrike\ShadowStrike\src\Shared_modules\Utils\Logger.hpp(278,16):
      'void ShadowStrike::Utils::Logger::Warn(std::basic_format_string<char,type_identity<_Args>::type...>,Args ...)' olabilirdi
          C:\ShadowStrike\ShadowStrike\src\Shared_modules\RealTime\FileSystemFilter.cpp(1282,20):
          ili┼şkili k─▒s─▒tlamalar kar┼ş─▒lanmad─▒
              C:\ShadowStrike\ShadowStrike\src\Shared_modules\Utils\Logger.hpp(277,57):
              k─▒s─▒tlama yerine getirilmedi
      C:\ShadowStrike\ShadowStrike\src\Shared_modules\RealTime\FileSystemFilter.cpp(1282,20):
      '(const wchar_t [61])' ba─ş─▒ms─▒z de─şi┼şken listesi e┼şlenmeye ├ğal─▒┼ş─▒l─▒rken
  
C:\ShadowStrike\ShadowStrike\src\Shared_modules\Security\ProcessProtection.cpp(1173,9): error C2440: 'return': 'const _Ty2' - 'std::optional<ShadowStrike::Security::ProtectedThreadInfo>' d├Ân├╝┼ş├╝m├╝ yap─▒lam─▒yor [C:\ShadowStrike\ShadowStrike\ShadowStrike.vcxproj]
C:\ShadowStrike\ShadowStrike\src\Shared_modules\Security\ProcessProtection.cpp(1173,9): error C2440:         with [C:\ShadowStrike\ShadowStrike\ShadowStrike.vcxproj]
C:\ShadowStrike\ShadowStrike\src\Shared_modules\Security\ProcessProtection.cpp(1173,9): error C2440:         [ [C:\ShadowStrike\ShadowStrike\ShadowStrike.vcxproj]
C:\ShadowStrike\ShadowStrike\src\Shared_modules\Security\ProcessProtection.cpp(1173,9): error C2440:             _Ty2=ShadowStrike::Security::ProtectedThreadInfo [C:\ShadowStrike\ShadowStrike\ShadowStrike.vcxproj]
C:\ShadowStrike\ShadowStrike\src\Shared_modules\Security\ProcessProtection.cpp(1173,9): error C2440:         ] [C:\ShadowStrike\ShadowStrike\ShadowStrike.vcxproj]
  ('/src/Shared_modules/Security/ProcessProtection.cpp' kaynak dosyas─▒ derleniyor)
      C:\ShadowStrike\ShadowStrike\src\Shared_modules\Security\ProcessProtection.cpp(1173,9):
      Bu d├Ân├╝┼şt├╝rmeyi ger├ğekle┼ştirecek kullan─▒c─▒ tan─▒ml─▒ d├Ân├╝┼şt├╝rme i┼şleci yok veya i┼şle├ğ ├ğa─şr─▒lam─▒yor
  
C:\ShadowStrike\ShadowStrike\src\Shared_modules\Security\MemoryProtection.cpp(463,34): warning C4834: [[nodiscard]] ├Âzniteli─şine sahip i┼şlevin d├Ân├╝┼ş de─şerinin at─▒lmas─▒ [C:\ShadowStrike\ShadowStrike\ShadowStrike.vcxproj]
  ('/src/Shared_modules/Security/MemoryProtection.cpp' kaynak dosyas─▒ derleniyor)
  
C:\ShadowStrike\ShadowStrike\src\Shared_modules\Security\MemoryProtection.cpp(467,35): warning C4834: [[nodiscard]] ├Âzniteli─şine sahip i┼şlevin d├Ân├╝┼ş de─şerinin at─▒lmas─▒ [C:\ShadowStrike\ShadowStrike\ShadowStrike.vcxproj]
  ('/src/Shared_modules/Security/MemoryProtection.cpp' kaynak dosyas─▒ derleniyor)
  
C:\ShadowStrike\ShadowStrike\src\Shared_modules\Security\MemoryProtection.cpp(471,34): warning C4834: [[nodiscard]] ├Âzniteli─şine sahip i┼şlevin d├Ân├╝┼ş de─şerinin at─▒lmas─▒ [C:\ShadowStrike\ShadowStrike\ShadowStrike.vcxproj]
  ('/src/Shared_modules/Security/MemoryProtection.cpp' kaynak dosyas─▒ derleniyor)
  
C:\ShadowStrike\ShadowStrike\src\Shared_modules\Security\MemoryProtection.cpp(481,39): warning C4834: [[nodiscard]] ├Âzniteli─şine sahip i┼şlevin d├Ân├╝┼ş de─şerinin at─▒lmas─▒ [C:\ShadowStrike\ShadowStrike\ShadowStrike.vcxproj]
  ('/src/Shared_modules/Security/MemoryProtection.cpp' kaynak dosyas─▒ derleniyor)
  
C:\ShadowStrike\ShadowStrike\src\Shared_modules\Security\MemoryProtection.cpp(574,25): warning C4834: [[nodiscard]] ├Âzniteli─şine sahip i┼şlevin d├Ân├╝┼ş de─şerinin at─▒lmas─▒ [C:\ShadowStrike\ShadowStrike\ShadowStrike.vcxproj]
  ('/src/Shared_modules/Security/MemoryProtection.cpp' kaynak dosyas─▒ derleniyor)
  
C:\ShadowStrike\ShadowStrike\src\Shared_modules\Security\MemoryProtection.cpp(589,19): warning C4834: [[nodiscard]] ├Âzniteli─şine sahip i┼şlevin d├Ân├╝┼ş de─şerinin at─▒lmas─▒ [C:\ShadowStrike\ShadowStrike\ShadowStrike.vcxproj]
  ('/src/Shared_modules/Security/MemoryProtection.cpp' kaynak dosyas─▒ derleniyor)
  
C:\ShadowStrike\ShadowStrike\src\Shared_modules\Security\MemoryProtection.cpp(590,18): warning C4834: [[nodiscard]] ├Âzniteli─şine sahip i┼şlevin d├Ân├╝┼ş de─şerinin at─▒lmas─▒ [C:\ShadowStrike\ShadowStrike\ShadowStrike.vcxproj]
  ('/src/Shared_modules/Security/MemoryProtection.cpp' kaynak dosyas─▒ derleniyor)
  
C:\ShadowStrike\ShadowStrike\src\Shared_modules\Security\MemoryProtection.cpp(591,18): warning C4834: [[nodiscard]] ├Âzniteli─şine sahip i┼şlevin d├Ân├╝┼ş de─şerinin at─▒lmas─▒ [C:\ShadowStrike\ShadowStrike\ShadowStrike.vcxproj]
  ('/src/Shared_modules/Security/MemoryProtection.cpp' kaynak dosyas─▒ derleniyor)
  
C:\ShadowStrike\ShadowStrike\src\Shared_modules\Security\AntiDebug.cpp(2292,37): error C2712: nesne geriye do─şru izleme gerektiren i┼şlevlerde __try kullan─▒lamaz [C:\ShadowStrike\ShadowStrike\ShadowStrike.vcxproj]
  ('/src/Shared_modules/Security/AntiDebug.cpp' kaynak dosyas─▒ derleniyor)
  
C:\ShadowStrike\ShadowStrike\src\Shared_modules\Security\MemoryProtection.cpp(1131,9): warning C4834: [[nodiscard]] ├Âzniteli─şine sahip i┼şlevin d├Ân├╝┼ş de─şerinin at─▒lmas─▒ [C:\ShadowStrike\ShadowStrike\ShadowStrike.vcxproj]
  ('/src/Shared_modules/Security/MemoryProtection.cpp' kaynak dosyas─▒ derleniyor)
  
C:\ShadowStrike\ShadowStrike\src\Shared_modules\Security\MemoryProtection.cpp(1181,29): warning C4834: [[nodiscard]] ├Âzniteli─şine sahip i┼şlevin d├Ân├╝┼ş de─şerinin at─▒lmas─▒ [C:\ShadowStrike\ShadowStrike\ShadowStrike.vcxproj]
  ('/src/Shared_modules/Security/MemoryProtection.cpp' kaynak dosyas─▒ derleniyor)
  
C:\ShadowStrike\ShadowStrike\src\Shared_modules\RealTime\NetworkTrafficFilter.cpp(203,30): error C4430: t├╝r belirticisi eksik - int varsay─▒ld─▒. Not: C++ varsay─▒lan int deste─şi i├ğermez [C:\ShadowStrike\ShadowStrike\ShadowStrike.vcxproj]
  ('/src/Shared_modules/RealTime/NetworkTrafficFilter.cpp' kaynak dosyas─▒ derleniyor)
  
C:\ShadowStrike\ShadowStrike\src\Shared_modules\RealTime\NetworkTrafficFilter.cpp(203,60): error C2143: s├Âzdizimi hatas─▒: ',' eksik ('&' ├Âncesinde) [C:\ShadowStrike\ShadowStrike\ShadowStrike.vcxproj]
  ('/src/Shared_modules/RealTime/NetworkTrafficFilter.cpp' kaynak dosyas─▒ derleniyor)
  
C:\ShadowStrike\ShadowStrike\src\Shared_modules\RealTime\NetworkTrafficFilter.cpp(169,28): error C2664: 'void ShadowStrike::Utils::Logger::Warn(const char *)' : 1 ba─ş─▒ms─▒z de─şi┼şkeni 'const wchar_t [92]' de─şerinden 'const char *' de─şerine d├Ân├╝┼şt├╝r├╝lemez [C:\ShadowStrike\ShadowStrike\ShadowStrike.vcxproj]
  ('/src/Shared_modules/RealTime/NetworkTrafficFilter.cpp' kaynak dosyas─▒ derleniyor)
      C:\ShadowStrike\ShadowStrike\src\Shared_modules\RealTime\NetworkTrafficFilter.cpp(169,33):
      ─░┼şaretlenen t├╝rler ilgisiz; d├Ân├╝┼şt├╝rme reinterpret_cast, C stili t├╝r d├Ân├╝┼şt├╝rme veya parantez i├ğine al─▒nm─▒┼ş i┼şlev stili t├╝r d├Ân├╝┼şt├╝rme gerektiriyor
      C:\ShadowStrike\ShadowStrike\src\Shared_modules\Utils\Logger.hpp(264,16):
      'ShadowStrike::Utils::Logger::Warn' bildirimine bak─▒n
      C:\ShadowStrike\ShadowStrike\src\Shared_modules\Utils\Logger.hpp(278,16):
      'void ShadowStrike::Utils::Logger::Warn(std::basic_format_string<char,type_identity<_Args>::type...>,Args ...)' olabilirdi
          C:\ShadowStrike\ShadowStrike\src\Shared_modules\RealTime\NetworkTrafficFilter.cpp(169,28):
          ili┼şkili k─▒s─▒tlamalar kar┼ş─▒lanmad─▒
              C:\ShadowStrike\ShadowStrike\src\Shared_modules\Utils\Logger.hpp(277,57):
              k─▒s─▒tlama yerine getirilmedi
      C:\ShadowStrike\ShadowStrike\src\Shared_modules\RealTime\NetworkTrafficFilter.cpp(169,28):
      '(const wchar_t [92])' ba─ş─▒ms─▒z de─şi┼şken listesi e┼şlenmeye ├ğal─▒┼ş─▒l─▒rken
  
C:\ShadowStrike\ShadowStrike\src\Shared_modules\RealTime\NetworkTrafficFilter.cpp(171,28): error C2664: 'void ShadowStrike::Utils::Logger::Info(const char *)' : 1 ba─ş─▒ms─▒z de─şi┼şkeni 'const wchar_t [57]' de─şerinden 'const char *' de─şerine d├Ân├╝┼şt├╝r├╝lemez [C:\ShadowStrike\ShadowStrike\ShadowStrike.vcxproj]
  ('/src/Shared_modules/RealTime/NetworkTrafficFilter.cpp' kaynak dosyas─▒ derleniyor)
      C:\ShadowStrike\ShadowStrike\src\Shared_modules\RealTime\NetworkTrafficFilter.cpp(171,33):
      ─░┼şaretlenen t├╝rler ilgisiz; d├Ân├╝┼şt├╝rme reinterpret_cast, C stili t├╝r d├Ân├╝┼şt├╝rme veya parantez i├ğine al─▒nm─▒┼ş i┼şlev stili t├╝r d├Ân├╝┼şt├╝rme gerektiriyor
      C:\ShadowStrike\ShadowStrike\src\Shared_modules\Utils\Logger.hpp(265,16):
      'ShadowStrike::Utils::Logger::Info' bildirimine bak─▒n
      C:\ShadowStrike\ShadowStrike\src\Shared_modules\Utils\Logger.hpp(282,16):
      'void ShadowStrike::Utils::Logger::Info(std::basic_format_string<char,type_identity<_Args>::type...>,Args ...)' olabilirdi
          C:\ShadowStrike\ShadowStrike\src\Shared_modules\RealTime\NetworkTrafficFilter.cpp(171,28):
          ili┼şkili k─▒s─▒tlamalar kar┼ş─▒lanmad─▒
              C:\ShadowStrike\ShadowStrike\src\Shared_modules\Utils\Logger.hpp(281,57):
              k─▒s─▒tlama yerine getirilmedi
      C:\ShadowStrike\ShadowStrike\src\Shared_modules\RealTime\NetworkTrafficFilter.cpp(171,28):
      '(const wchar_t [57])' ba─ş─▒ms─▒z de─şi┼şken listesi e┼şlenmeye ├ğal─▒┼ş─▒l─▒rken
  
C:\ShadowStrike\ShadowStrike\src\Shared_modules\RealTime\NetworkTrafficFilter.cpp(176,24): error C2664: 'void ShadowStrike::Utils::Logger::Info(const char *)' : 1 ba─ş─▒ms─▒z de─şi┼şkeni 'const wchar_t [51]' de─şerinden 'const char *' de─şerine d├Ân├╝┼şt├╝r├╝lemez [C:\ShadowStrike\ShadowStrike\ShadowStrike.vcxproj]
  ('/src/Shared_modules/RealTime/NetworkTrafficFilter.cpp' kaynak dosyas─▒ derleniyor)
      C:\ShadowStrike\ShadowStrike\src\Shared_modules\RealTime\NetworkTrafficFilter.cpp(176,29):
      ─░┼şaretlenen t├╝rler ilgisiz; d├Ân├╝┼şt├╝rme reinterpret_cast, C stili t├╝r d├Ân├╝┼şt├╝rme veya parantez i├ğine al─▒nm─▒┼ş i┼şlev stili t├╝r d├Ân├╝┼şt├╝rme gerektiriyor
      C:\ShadowStrike\ShadowStrike\src\Shared_modules\Utils\Logger.hpp(265,16):
      'ShadowStrike::Utils::Logger::Info' bildirimine bak─▒n
      C:\ShadowStrike\ShadowStrike\src\Shared_modules\Utils\Logger.hpp(282,16):
      'void ShadowStrike::Utils::Logger::Info(std::basic_format_string<char,type_identity<_Args>::type...>,Args ...)' olabilirdi
          C:\ShadowStrike\ShadowStrike\src\Shared_modules\RealTime\NetworkTrafficFilter.cpp(176,24):
          ili┼şkili k─▒s─▒tlamalar kar┼ş─▒lanmad─▒
              C:\ShadowStrike\ShadowStrike\src\Shared_modules\Utils\Logger.hpp(281,57):
              k─▒s─▒tlama yerine getirilmedi
      C:\ShadowStrike\ShadowStrike\src\Shared_modules\RealTime\NetworkTrafficFilter.cpp(176,24):
      '(const wchar_t [51])' ba─ş─▒ms─▒z de─şi┼şken listesi e┼şlenmeye ├ğal─▒┼ş─▒l─▒rken
  
C:\ShadowStrike\ShadowStrike\src\Shared_modules\SignatureStore\SignatureIndex_COW.cpp(20,9): error C1083: i├ğerme dosyas─▒ a├ğ─▒lam─▒yor: '../../src/Utils/Logger.hpp': No such file or directory [C:\ShadowStrike\ShadowStrike\ShadowStrike.vcxproj]
  ('/src/Shared_modules/SignatureStore/SignatureIndex_COW.cpp' kaynak dosyas─▒ derleniyor)
  
C:\ShadowStrike\ShadowStrike\src\Shared_modules\RealTime\NetworkTrafficFilter.cpp(190,39): error C3646: 'Header': bilinmeyen ge├ğersiz k─▒lma belirticisi [C:\ShadowStrike\ShadowStrike\ShadowStrike.vcxproj]
  ('/src/Shared_modules/RealTime/NetworkTrafficFilter.cpp' kaynak dosyas─▒ derleniyor)
  
C:\ShadowStrike\ShadowStrike\src\Shared_modules\RealTime\NetworkTrafficFilter.cpp(190,17): error C4430: t├╝r belirticisi eksik - int varsay─▒ld─▒. Not: C++ varsay─▒lan int deste─şi i├ğermez [C:\ShadowStrike\ShadowStrike\ShadowStrike.vcxproj]
  ('/src/Shared_modules/RealTime/NetworkTrafficFilter.cpp' kaynak dosyas─▒ derleniyor)
  
C:\ShadowStrike\ShadowStrike\src\Shared_modules\RealTime\NetworkTrafficFilter.cpp(191,42): error C3646: 'Event': bilinmeyen ge├ğersiz k─▒lma belirticisi [C:\ShadowStrike\ShadowStrike\ShadowStrike.vcxproj]
  ('/src/Shared_modules/RealTime/NetworkTrafficFilter.cpp' kaynak dosyas─▒ derleniyor)
  
C:\ShadowStrike\ShadowStrike\src\Shared_modules\RealTime\NetworkTrafficFilter.cpp(191,17): error C4430: t├╝r belirticisi eksik - int varsay─▒ld─▒. Not: C++ varsay─▒lan int deste─şi i├ğermez [C:\ShadowStrike\ShadowStrike\ShadowStrike.vcxproj]
  ('/src/Shared_modules/RealTime/NetworkTrafficFilter.cpp' kaynak dosyas─▒ derleniyor)
  
C:\ShadowStrike\ShadowStrike\src\Shared_modules\RealTime\NetworkTrafficFilter.cpp(194,63): error C2039: 'Header': bir 'ShadowStrike::RealTime::NetworkTrafficFilter::Impl::WFPMessageLoop::<unnamed-type-message>' ├╝yesi de─şil [C:\ShadowStrike\ShadowStrike\ShadowStrike.vcxproj]
  ('/src/Shared_modules/RealTime/NetworkTrafficFilter.cpp' kaynak dosyas─▒ derleniyor)
      C:\ShadowStrike\ShadowStrike\src\Shared_modules\RealTime\NetworkTrafficFilter.cpp(189,20):
      'ShadowStrike::RealTime::NetworkTrafficFilter::Impl::WFPMessageLoop::<unnamed-type-message>' bildirimine bak─▒n
  
C:\ShadowStrike\ShadowStrike\src\Shared_modules\RealTime\NetworkTrafficFilter.cpp(194,26): error C3861: 'FilterGetMessage': tan─▒mlay─▒c─▒ bulunamad─▒ [C:\ShadowStrike\ShadowStrike\ShadowStrike.vcxproj]
  ('/src/Shared_modules/RealTime/NetworkTrafficFilter.cpp' kaynak dosyas─▒ derleniyor)
  
C:\ShadowStrike\ShadowStrike\src\Shared_modules\RealTime\NetworkTrafficFilter.cpp(196,45): error C2039: 'Event': bir 'ShadowStrike::RealTime::NetworkTrafficFilter::Impl::WFPMessageLoop::<unnamed-type-message>' ├╝yesi de─şil [C:\ShadowStrike\ShadowStrike\ShadowStrike.vcxproj]
  ('/src/Shared_modules/RealTime/NetworkTrafficFilter.cpp' kaynak dosyas─▒ derleniyor)
      C:\ShadowStrike\ShadowStrike\src\Shared_modules\RealTime\NetworkTrafficFilter.cpp(189,20):
      'ShadowStrike::RealTime::NetworkTrafficFilter::Impl::WFPMessageLoop::<unnamed-type-message>' bildirimine bak─▒n
  
C:\ShadowStrike\ShadowStrike\src\Shared_modules\RealTime\NetworkTrafficFilter.cpp(205,29): error C2065: 'event': bildirimi yap─▒lmam─▒┼ş tan─▒mlay─▒c─▒ [C:\ShadowStrike\ShadowStrike\ShadowStrike.vcxproj]
  ('/src/Shared_modules/RealTime/NetworkTrafficFilter.cpp' kaynak dosyas─▒ derleniyor)
  
C:\ShadowStrike\ShadowStrike\src\Shared_modules\RealTime\NetworkTrafficFilter.cpp(206,26): error C2065: 'event': bildirimi yap─▒lmam─▒┼ş tan─▒mlay─▒c─▒ [C:\ShadowStrike\ShadowStrike\ShadowStrike.vcxproj]
  ('/src/Shared_modules/RealTime/NetworkTrafficFilter.cpp' kaynak dosyas─▒ derleniyor)
  
C:\ShadowStrike\ShadowStrike\src\Shared_modules\RealTime\NetworkTrafficFilter.cpp(207,26): error C2065: 'event': bildirimi yap─▒lmam─▒┼ş tan─▒mlay─▒c─▒ [C:\ShadowStrike\ShadowStrike\ShadowStrike.vcxproj]
  ('/src/Shared_modules/RealTime/NetworkTrafficFilter.cpp' kaynak dosyas─▒ derleniyor)
  
C:\ShadowStrike\ShadowStrike\src\Shared_modules\RealTime\NetworkTrafficFilter.cpp(208,60): error C2065: 'event': bildirimi yap─▒lmam─▒┼ş tan─▒mlay─▒c─▒ [C:\ShadowStrike\ShadowStrike\ShadowStrike.vcxproj]
  ('/src/Shared_modules/RealTime/NetworkTrafficFilter.cpp' kaynak dosyas─▒ derleniyor)
  
C:\ShadowStrike\ShadowStrike\src\Shared_modules\RealTime\NetworkTrafficFilter.cpp(211,13): error C2065: 'event': bildirimi yap─▒lmam─▒┼ş tan─▒mlay─▒c─▒ [C:\ShadowStrike\ShadowStrike\ShadowStrike.vcxproj]
  ('/src/Shared_modules/RealTime/NetworkTrafficFilter.cpp' kaynak dosyas─▒ derleniyor)
  
C:\ShadowStrike\ShadowStrike\src\Shared_modules\RealTime\NetworkTrafficFilter.cpp(212,45): error C2065: 'event': bildirimi yap─▒lmam─▒┼ş tan─▒mlay─▒c─▒ [C:\ShadowStrike\ShadowStrike\ShadowStrike.vcxproj]
  ('/src/Shared_modules/RealTime/NetworkTrafficFilter.cpp' kaynak dosyas─▒ derleniyor)
  
C:\ShadowStrike\ShadowStrike\src\Shared_modules\RealTime\NetworkTrafficFilter.cpp(213,46): error C2065: 'event': bildirimi yap─▒lmam─▒┼ş tan─▒mlay─▒c─▒ [C:\ShadowStrike\ShadowStrike\ShadowStrike.vcxproj]
  ('/src/Shared_modules/RealTime/NetworkTrafficFilter.cpp' kaynak dosyas─▒ derleniyor)
  
C:\ShadowStrike\ShadowStrike\src\Shared_modules\RealTime\NetworkTrafficFilter.cpp(216,33): error C2065: 'event': bildirimi yap─▒lmam─▒┼ş tan─▒mlay─▒c─▒ [C:\ShadowStrike\ShadowStrike\ShadowStrike.vcxproj]
  ('/src/Shared_modules/RealTime/NetworkTrafficFilter.cpp' kaynak dosyas─▒ derleniyor)
  
C:\ShadowStrike\ShadowStrike\src\Shared_modules\RealTime\NetworkTrafficFilter.cpp(217,34): error C2065: 'event': bildirimi yap─▒lmam─▒┼ş tan─▒mlay─▒c─▒ [C:\ShadowStrike\ShadowStrike\ShadowStrike.vcxproj]
  ('/src/Shared_modules/RealTime/NetworkTrafficFilter.cpp' kaynak dosyas─▒ derleniyor)
  
C:\ShadowStrike\ShadowStrike\src\Shared_modules\RealTime\NetworkTrafficFilter.cpp(220,61): error C2065: 'event': bildirimi yap─▒lmam─▒┼ş tan─▒mlay─▒c─▒ [C:\ShadowStrike\ShadowStrike\ShadowStrike.vcxproj]
  ('/src/Shared_modules/RealTime/NetworkTrafficFilter.cpp' kaynak dosyas─▒ derleniyor)
  
C:\ShadowStrike\ShadowStrike\src\Shared_modules\RealTime\NetworkTrafficFilter.cpp(220,18): error C3536: 'name': ba┼şlat─▒lmadan ├Ânce kullan─▒lamaz [C:\ShadowStrike\ShadowStrike\ShadowStrike.vcxproj]
  ('/src/Shared_modules/RealTime/NetworkTrafficFilter.cpp' kaynak dosyas─▒ derleniyor)
  
C:\ShadowStrike\ShadowStrike\src\Shared_modules\RealTime\NetworkTrafficFilter.cpp(221,32): error C2100: '<error type>' t├╝r├╝ndeki bir i┼şlenene ba┼şvurulamaz [C:\ShadowStrike\ShadowStrike\ShadowStrike.vcxproj]
  ('/src/Shared_modules/RealTime/NetworkTrafficFilter.cpp' kaynak dosyas─▒ derleniyor)
  
C:\ShadowStrike\ShadowStrike\src\Shared_modules\RealTime\NetworkTrafficFilter.cpp(229,9): error C2065: 'NetworkVerdictReply': bildirimi yap─▒lmam─▒┼ş tan─▒mlay─▒c─▒ [C:\ShadowStrike\ShadowStrike\ShadowStrike.vcxproj]
  ('/src/Shared_modules/RealTime/NetworkTrafficFilter.cpp' kaynak dosyas─▒ derleniyor)
  
C:\ShadowStrike\ShadowStrike\src\Shared_modules\RealTime\NetworkTrafficFilter.cpp(229,29): error C2146: s├Âzdizimi hatas─▒: ';' eksik ('reply' tan─▒mlay─▒c─▒s─▒ndan ├Ânce) [C:\ShadowStrike\ShadowStrike\ShadowStrike.vcxproj]
  ('/src/Shared_modules/RealTime/NetworkTrafficFilter.cpp' kaynak dosyas─▒ derleniyor)
  
C:\ShadowStrike\ShadowStrike\src\Shared_modules\RealTime\NetworkTrafficFilter.cpp(229,29): error C2065: 'reply': bildirimi yap─▒lmam─▒┼ş tan─▒mlay─▒c─▒ [C:\ShadowStrike\ShadowStrike\ShadowStrike.vcxproj]
  ('/src/Shared_modules/RealTime/NetworkTrafficFilter.cpp' kaynak dosyas─▒ derleniyor)
  
C:\ShadowStrike\ShadowStrike\src\Shared_modules\RealTime\NetworkTrafficFilter.cpp(230,9): error C2065: 'reply': bildirimi yap─▒lmam─▒┼ş tan─▒mlay─▒c─▒ [C:\ShadowStrike\ShadowStrike\ShadowStrike.vcxproj]
  ('/src/Shared_modules/RealTime/NetworkTrafficFilter.cpp' kaynak dosyas─▒ derleniyor)
  
C:\ShadowStrike\ShadowStrike\src\Shared_modules\RealTime\NetworkTrafficFilter.cpp(230,34): error C2065: 'event': bildirimi yap─▒lmam─▒┼ş tan─▒mlay─▒c─▒ [C:\ShadowStrike\ShadowStrike\ShadowStrike.vcxproj]
  ('/src/Shared_modules/RealTime/NetworkTrafficFilter.cpp' kaynak dosyas─▒ derleniyor)
  
C:\ShadowStrike\ShadowStrike\src\Shared_modules\RealTime\NetworkTrafficFilter.cpp(231,9): error C2065: 'reply': bildirimi yap─▒lmam─▒┼ş tan─▒mlay─▒c─▒ [C:\ShadowStrike\ShadowStrike\ShadowStrike.vcxproj]
  ('/src/Shared_modules/RealTime/NetworkTrafficFilter.cpp' kaynak dosyas─▒ derleniyor)
  
C:\ShadowStrike\ShadowStrike\src\Shared_modules\RealTime\NetworkTrafficFilter.cpp(233,40): error C2065: 'reply': bildirimi yap─▒lmam─▒┼ş tan─▒mlay─▒c─▒ [C:\ShadowStrike\ShadowStrike\ShadowStrike.vcxproj]
  ('/src/Shared_modules/RealTime/NetworkTrafficFilter.cpp' kaynak dosyas─▒ derleniyor)
  
C:\ShadowStrike\ShadowStrike\src\Shared_modules\RealTime\NetworkTrafficFilter.cpp(233,61): error C2065: 'reply': bildirimi yap─▒lmam─▒┼ş tan─▒mlay─▒c─▒ [C:\ShadowStrike\ShadowStrike\ShadowStrike.vcxproj]
  ('/src/Shared_modules/RealTime/NetworkTrafficFilter.cpp' kaynak dosyas─▒ derleniyor)
  
C:\ShadowStrike\ShadowStrike\src\Shared_modules\RealTime\NetworkTrafficFilter.cpp(233,9): error C3861: 'FilterReplyMessage': tan─▒mlay─▒c─▒ bulunamad─▒ [C:\ShadowStrike\ShadowStrike\ShadowStrike.vcxproj]
  ('/src/Shared_modules/RealTime/NetworkTrafficFilter.cpp' kaynak dosyas─▒ derleniyor)
  
C:\ShadowStrike\ShadowStrike\src\Shared_modules\SignatureStore\SignatureIndex_Cache_mngmnt.cpp(20,9): error C1083: i├ğerme dosyas─▒ a├ğ─▒lam─▒yor: '../../src/Utils/Logger.hpp': No such file or directory [C:\ShadowStrike\ShadowStrike\ShadowStrike.vcxproj]
  ('/src/Shared_modules/SignatureStore/SignatureIndex_Cache_mngmnt.cpp' kaynak dosyas─▒ derleniyor)
  
C:\ShadowStrike\ShadowStrike\src\Shared_modules\RealTime\NetworkTrafficFilter.cpp(385,20): error C2664: 'void ShadowStrike::Utils::Logger::Info(const char *)' : 1 ba─ş─▒ms─▒z de─şi┼şkeni 'const wchar_t [38]' de─şerinden 'const char *' de─şerine d├Ân├╝┼şt├╝r├╝lemez [C:\ShadowStrike\ShadowStrike\ShadowStrike.vcxproj]
  ('/src/Shared_modules/RealTime/NetworkTrafficFilter.cpp' kaynak dosyas─▒ derleniyor)
      C:\ShadowStrike\ShadowStrike\src\Shared_modules\RealTime\NetworkTrafficFilter.cpp(385,25):
      ─░┼şaretlenen t├╝rler ilgisiz; d├Ân├╝┼şt├╝rme reinterpret_cast, C stili t├╝r d├Ân├╝┼şt├╝rme veya parantez i├ğine al─▒nm─▒┼ş i┼şlev stili t├╝r d├Ân├╝┼şt├╝rme gerektiriyor
      C:\ShadowStrike\ShadowStrike\src\Shared_modules\Utils\Logger.hpp(265,16):
      'ShadowStrike::Utils::Logger::Info' bildirimine bak─▒n
      C:\ShadowStrike\ShadowStrike\src\Shared_modules\Utils\Logger.hpp(282,16):
      'void ShadowStrike::Utils::Logger::Info(std::basic_format_string<char,type_identity<_Args>::type...>,Args ...)' olabilirdi
          C:\ShadowStrike\ShadowStrike\src\Shared_modules\RealTime\NetworkTrafficFilter.cpp(385,20):
          ili┼şkili k─▒s─▒tlamalar kar┼ş─▒lanmad─▒
              C:\ShadowStrike\ShadowStrike\src\Shared_modules\Utils\Logger.hpp(281,57):
              k─▒s─▒tlama yerine getirilmedi
      C:\ShadowStrike\ShadowStrike\src\Shared_modules\RealTime\NetworkTrafficFilter.cpp(385,20):
      '(const wchar_t [38])' ba─ş─▒ms─▒z de─şi┼şken listesi e┼şlenmeye ├ğal─▒┼ş─▒l─▒rken
  
C:\ShadowStrike\ShadowStrike\src\Shared_modules\RealTime\NetworkTrafficFilter.cpp(399,20): error C2664: 'void ShadowStrike::Utils::Logger::Info(const char *)' : 1 ba─ş─▒ms─▒z de─şi┼şkeni 'const wchar_t [51]' de─şerinden 'const char *' de─şerine d├Ân├╝┼şt├╝r├╝lemez [C:\ShadowStrike\ShadowStrike\ShadowStrike.vcxproj]
  ('/src/Shared_modules/RealTime/NetworkTrafficFilter.cpp' kaynak dosyas─▒ derleniyor)
      C:\ShadowStrike\ShadowStrike\src\Shared_modules\RealTime\NetworkTrafficFilter.cpp(399,25):
      ─░┼şaretlenen t├╝rler ilgisiz; d├Ân├╝┼şt├╝rme reinterpret_cast, C stili t├╝r d├Ân├╝┼şt├╝rme veya parantez i├ğine al─▒nm─▒┼ş i┼şlev stili t├╝r d├Ân├╝┼şt├╝rme gerektiriyor
      C:\ShadowStrike\ShadowStrike\src\Shared_modules\Utils\Logger.hpp(265,16):
      'ShadowStrike::Utils::Logger::Info' bildirimine bak─▒n
      C:\ShadowStrike\ShadowStrike\src\Shared_modules\Utils\Logger.hpp(282,16):
      'void ShadowStrike::Utils::Logger::Info(std::basic_format_string<char,type_identity<_Args>::type...>,Args ...)' olabilirdi
          C:\ShadowStrike\ShadowStrike\src\Shared_modules\RealTime\NetworkTrafficFilter.cpp(399,20):
          ili┼şkili k─▒s─▒tlamalar kar┼ş─▒lanmad─▒
              C:\ShadowStrike\ShadowStrike\src\Shared_modules\Utils\Logger.hpp(281,57):
              k─▒s─▒tlama yerine getirilmedi
      C:\ShadowStrike\ShadowStrike\src\Shared_modules\RealTime\NetworkTrafficFilter.cpp(399,20):
      '(const wchar_t [51])' ba─ş─▒ms─▒z de─şi┼şken listesi e┼şlenmeye ├ğal─▒┼ş─▒l─▒rken
  
C:\ShadowStrike\ShadowStrike\src\Shared_modules\RealTime\NetworkTrafficFilter.cpp(424,20): error C2664: 'void ShadowStrike::Utils::Logger::Info(const char *)' : 1 ba─ş─▒ms─▒z de─şi┼şkeni 'const wchar_t [31]' de─şerinden 'const char *' de─şerine d├Ân├╝┼şt├╝r├╝lemez [C:\ShadowStrike\ShadowStrike\ShadowStrike.vcxproj]
  ('/src/Shared_modules/RealTime/NetworkTrafficFilter.cpp' kaynak dosyas─▒ derleniyor)
      C:\ShadowStrike\ShadowStrike\src\Shared_modules\RealTime\NetworkTrafficFilter.cpp(424,25):
      ─░┼şaretlenen t├╝rler ilgisiz; d├Ân├╝┼şt├╝rme reinterpret_cast, C stili t├╝r d├Ân├╝┼şt├╝rme veya parantez i├ğine al─▒nm─▒┼ş i┼şlev stili t├╝r d├Ân├╝┼şt├╝rme gerektiriyor
      C:\ShadowStrike\ShadowStrike\src\Shared_modules\Utils\Logger.hpp(265,16):
      'ShadowStrike::Utils::Logger::Info' bildirimine bak─▒n
      C:\ShadowStrike\ShadowStrike\src\Shared_modules\Utils\Logger.hpp(282,16):
      'void ShadowStrike::Utils::Logger::Info(std::basic_format_string<char,type_identity<_Args>::type...>,Args ...)' olabilirdi
          C:\ShadowStrike\ShadowStrike\src\Shared_modules\RealTime\NetworkTrafficFilter.cpp(424,20):
          ili┼şkili k─▒s─▒tlamalar kar┼ş─▒lanmad─▒
              C:\ShadowStrike\ShadowStrike\src\Shared_modules\Utils\Logger.hpp(281,57):
              k─▒s─▒tlama yerine getirilmedi
      C:\ShadowStrike\ShadowStrike\src\Shared_modules\RealTime\NetworkTrafficFilter.cpp(424,20):
      '(const wchar_t [31])' ba─ş─▒ms─▒z de─şi┼şken listesi e┼şlenmeye ├ğal─▒┼ş─▒l─▒rken
  
C:\ShadowStrike\ShadowStrike\src\Shared_modules\RealTime\NetworkTrafficFilter.cpp(444,20): error C2664: 'void ShadowStrike::Utils::Logger::Info(const char *)' : 1 ba─ş─▒ms─▒z de─şi┼şkeni 'const wchar_t [45]' de─şerinden 'const char *' de─şerine d├Ân├╝┼şt├╝r├╝lemez [C:\ShadowStrike\ShadowStrike\ShadowStrike.vcxproj]
  ('/src/Shared_modules/RealTime/NetworkTrafficFilter.cpp' kaynak dosyas─▒ derleniyor)
      C:\ShadowStrike\ShadowStrike\src\Shared_modules\RealTime\NetworkTrafficFilter.cpp(444,25):
      ─░┼şaretlenen t├╝rler ilgisiz; d├Ân├╝┼şt├╝rme reinterpret_cast, C stili t├╝r d├Ân├╝┼şt├╝rme veya parantez i├ğine al─▒nm─▒┼ş i┼şlev stili t├╝r d├Ân├╝┼şt├╝rme gerektiriyor
      C:\ShadowStrike\ShadowStrike\src\Shared_modules\Utils\Logger.hpp(265,16):
      'ShadowStrike::Utils::Logger::Info' bildirimine bak─▒n
      C:\ShadowStrike\ShadowStrike\src\Shared_modules\Utils\Logger.hpp(282,16):
      'void ShadowStrike::Utils::Logger::Info(std::basic_format_string<char,type_identity<_Args>::type...>,Args ...)' olabilirdi
          C:\ShadowStrike\ShadowStrike\src\Shared_modules\RealTime\NetworkTrafficFilter.cpp(444,20):
          ili┼şkili k─▒s─▒tlamalar kar┼ş─▒lanmad─▒
              C:\ShadowStrike\ShadowStrike\src\Shared_modules\Utils\Logger.hpp(281,57):
              k─▒s─▒tlama yerine getirilmedi
      C:\ShadowStrike\ShadowStrike\src\Shared_modules\RealTime\NetworkTrafficFilter.cpp(444,20):
      '(const wchar_t [45])' ba─ş─▒ms─▒z de─şi┼şken listesi e┼şlenmeye ├ğal─▒┼ş─▒l─▒rken
  
C:\ShadowStrike\ShadowStrike\src\Shared_modules\Security\MemoryProtection.cpp(1612,9): error C2280: 'ShadowStrike::Security::MemoryProtectionStatistics::MemoryProtectionStatistics(const ShadowStrike::Security::MemoryProtectionStatistics &)': silinmi┼ş bir i┼şleve ba┼şvurmaya ├ğal─▒┼ş─▒yor [C:\ShadowStrike\ShadowStrike\ShadowStrike.vcxproj]
  ('/src/Shared_modules/Security/MemoryProtection.cpp' kaynak dosyas─▒ derleniyor)
      C:\ShadowStrike\ShadowStrike\src\Shared_modules\Security\MemoryProtection.hpp(797,1):
      derleyici burada 'ShadowStrike::Security::MemoryProtectionStatistics::MemoryProtectionStatistics' olu┼şturdu
      C:\ShadowStrike\ShadowStrike\src\Shared_modules\Security\MemoryProtection.hpp(797,1):
      'ShadowStrike::Security::MemoryProtectionStatistics::MemoryProtectionStatistics(const ShadowStrike::Security::MemoryProtectionStatistics &)': veri ├╝yesi, silinmi┼ş veya eri┼şilemeyen 'std::atomic<unsigned __int64>::atomic(const std::atomic<unsigned __int64> &)' i┼şlevini ├ğa─ş─▒rd─▒─ş─▒ndan i┼şlev ├Ârt├╝k olarak silindi
  
C:\ShadowStrike\ShadowStrike\src\Shared_modules\RealTime\NetworkTrafficFilter.cpp(516,13): error C2039: 'InvokeEventCallbacks': bir 'ShadowStrike::RealTime::NetworkTrafficFilter::Impl' ├╝yesi de─şil [C:\ShadowStrike\ShadowStrike\ShadowStrike.vcxproj]
  ('/src/Shared_modules/RealTime/NetworkTrafficFilter.cpp' kaynak dosyas─▒ derleniyor)
      C:\ShadowStrike\ShadowStrike\src\Shared_modules\RealTime\NetworkTrafficFilter.cpp(104,30):
      'ShadowStrike::RealTime::NetworkTrafficFilter::Impl' bildirimine bak─▒n
  
C:\ShadowStrike\ShadowStrike\src\Shared_modules\RealTime\NetworkTrafficFilter.cpp(538,30): warning C4834: [[nodiscard]] ├Âzniteli─şine sahip i┼şlevin d├Ân├╝┼ş de─şerinin at─▒lmas─▒ [C:\ShadowStrike\ShadowStrike\ShadowStrike.vcxproj]
  ('/src/Shared_modules/RealTime/NetworkTrafficFilter.cpp' kaynak dosyas─▒ derleniyor)
  
C:\ShadowStrike\ShadowStrike\src\Shared_modules\Security\MemoryProtection.cpp(1712,36): warning C4834: [[nodiscard]] ├Âzniteli─şine sahip i┼şlevin d├Ân├╝┼ş de─şerinin at─▒lmas─▒ [C:\ShadowStrike\ShadowStrike\ShadowStrike.vcxproj]
  ('/src/Shared_modules/Security/MemoryProtection.cpp' kaynak dosyas─▒ derleniyor)
  
C:\ShadowStrike\ShadowStrike\src\Shared_modules\Security\MemoryProtection.cpp(1945,42): warning C4834: [[nodiscard]] ├Âzniteli─şine sahip i┼şlevin d├Ân├╝┼ş de─şerinin at─▒lmas─▒ [C:\ShadowStrike\ShadowStrike\ShadowStrike.vcxproj]
  ('/src/Shared_modules/Security/MemoryProtection.cpp' kaynak dosyas─▒ derleniyor)
  
C:\ShadowStrike\ShadowStrike\src\Shared_modules\Security\MemoryProtection.cpp(1971,55): warning C4146: tek i┼şlenenli eksi i┼şareti i┼şaretsiz t├╝re uyguland─▒; sonu├ğ hala i┼şaretsiz [C:\ShadowStrike\ShadowStrike\ShadowStrike.vcxproj]
  ('/src/Shared_modules/Security/MemoryProtection.cpp' kaynak dosyas─▒ derleniyor)
  
C:\ShadowStrike\ShadowStrike\src\Shared_modules\RealTime\NetworkTrafficFilter.cpp(608,85): error C2039: 'Utf8ToWide': bir 'ShadowStrike::Utils::StringUtils' ├╝yesi de─şil [C:\ShadowStrike\ShadowStrike\ShadowStrike.vcxproj]
  ('/src/Shared_modules/RealTime/NetworkTrafficFilter.cpp' kaynak dosyas─▒ derleniyor)
      C:\ShadowStrike\ShadowStrike\src\Shared_modules\Utils\StringUtils.hpp(63,19):
      'ShadowStrike::Utils::StringUtils' bildirimine bak─▒n
  
C:\ShadowStrike\ShadowStrike\src\Shared_modules\RealTime\NetworkTrafficFilter.cpp(608,85): error C3861: 'Utf8ToWide': tan─▒mlay─▒c─▒ bulunamad─▒ [C:\ShadowStrike\ShadowStrike\ShadowStrike.vcxproj]
  ('/src/Shared_modules/RealTime/NetworkTrafficFilter.cpp' kaynak dosyas─▒ derleniyor)
  
C:\ShadowStrike\ShadowStrike\src\Shared_modules\Security\AntiDebug.cpp(3084,15): warning C4834: [[nodiscard]] ├Âzniteli─şine sahip i┼şlevin d├Ân├╝┼ş de─şerinin at─▒lmas─▒ [C:\ShadowStrike\ShadowStrike\ShadowStrike.vcxproj]
  ('/src/Shared_modules/Security/AntiDebug.cpp' kaynak dosyas─▒ derleniyor)
  
C:\ShadowStrike\ShadowStrike\src\Shared_modules\Security\AntiDebug.cpp(3085,24): warning C4834: [[nodiscard]] ├Âzniteli─şine sahip i┼şlevin d├Ân├╝┼ş de─şerinin at─▒lmas─▒ [C:\ShadowStrike\ShadowStrike\ShadowStrike.vcxproj]
  ('/src/Shared_modules/Security/AntiDebug.cpp' kaynak dosyas─▒ derleniyor)
  
C:\ShadowStrike\ShadowStrike\src\Shared_modules\RealTime\NetworkTrafficFilter.cpp(608,20): error C2660: 'ShadowStrike::Utils::Logger::Info': i┼şlev 2 ba─ş─▒ms─▒z de─şi┼şken alm─▒yor [C:\ShadowStrike\ShadowStrike\ShadowStrike.vcxproj]
  ('/src/Shared_modules/RealTime/NetworkTrafficFilter.cpp' kaynak dosyas─▒ derleniyor)
      C:\ShadowStrike\ShadowStrike\src\Shared_modules\Utils\Logger.hpp(265,16):
      'ShadowStrike::Utils::Logger::Info' bildirimine bak─▒n
      C:\ShadowStrike\ShadowStrike\src\Shared_modules\Utils\Logger.hpp(282,16):
      'void ShadowStrike::Utils::Logger::Info(std::basic_format_string<char,type_identity<_Args>::type...>,Args ...)' olabilirdi
          C:\ShadowStrike\ShadowStrike\src\Shared_modules\RealTime\NetworkTrafficFilter.cpp(608,20):
          'void ShadowStrike::Utils::Logger::Info(std::basic_format_string<char,type_identity<_Args>::type...>,Args ...)' i┼şlev ┼şablonu ├Âzelle┼ştirilemedi
              C:\ShadowStrike\ShadowStrike\src\Shared_modules\RealTime\NetworkTrafficFilter.cpp(608,20):
              ┼Şu ┼şablon ba─ş─▒ms─▒z de─şi┼şkenleriyle:
                  C:\ShadowStrike\ShadowStrike\src\Shared_modules\RealTime\NetworkTrafficFilter.cpp(608,20):
                  'Args={<error type>}'
      C:\ShadowStrike\ShadowStrike\src\Shared_modules\RealTime\NetworkTrafficFilter.cpp(608,20):
      '(const wchar_t [36], <error type>)' ba─ş─▒ms─▒z de─şi┼şken listesi e┼şlenmeye ├ğal─▒┼ş─▒l─▒rken
  
C:\Program Files\Microsoft Visual Studio\2022\Community\VC\Tools\MSVC\14.44.35207\include\random(2345,5): error C2338: static_assert failed: 'invalid template argument for uniform_int_distribution: N4950 [rand.req.genl]/1.5 requires one of short, int, long, long long, unsigned short, unsigned int, unsigned long, or unsigned long long' [C:\ShadowStrike\ShadowStrike\ShadowStrike.vcxproj]
  ('/src/Shared_modules/Security/MemoryProtection.cpp' kaynak dosyas─▒ derleniyor)
      C:\Program Files\Microsoft Visual Studio\2022\Community\VC\Tools\MSVC\14.44.35207\include\random(2345,5):
      ┼şablon ├Ârne─şi olu┼şturma ba─şlam─▒ (├Ânce en eski olan)
          C:\ShadowStrike\ShadowStrike\src\Shared_modules\Security\MemoryProtection.cpp(2012,48):
          derlenen s─▒n─▒f ┼şablon ├Ârne─şi olu┼şturma 'std::uniform_int_distribution<uint8_t>' ba┼şvurusuna bak─▒n
  
C:\Program Files\Microsoft Visual Studio\2022\Community\VC\Tools\MSVC\14.44.35207\include\random(2345,5): error C2338: static_assert failed: 'note: char, signed char, unsigned char, char8_t, int8_t, and uint8_t are not allowed' [C:\ShadowStrike\ShadowStrike\ShadowStrike.vcxproj]
  ('/src/Shared_modules/Security/MemoryProtection.cpp' kaynak dosyas─▒ derleniyor)
  
C:\ShadowStrike\ShadowStrike\src\Shared_modules\Security\ProcessProtection.cpp(1915,29): warning C4834: [[nodiscard]] ├Âzniteli─şine sahip i┼şlevin d├Ân├╝┼ş de─şerinin at─▒lmas─▒ [C:\ShadowStrike\ShadowStrike\ShadowStrike.vcxproj]
  ('/src/Shared_modules/Security/ProcessProtection.cpp' kaynak dosyas─▒ derleniyor)
  
C:\ShadowStrike\ShadowStrike\src\Shared_modules\Security\ProcessProtection.cpp(1924,34): warning C4834: [[nodiscard]] ├Âzniteli─şine sahip i┼şlevin d├Ân├╝┼ş de─şerinin at─▒lmas─▒ [C:\ShadowStrike\ShadowStrike\ShadowStrike.vcxproj]
  ('/src/Shared_modules/Security/ProcessProtection.cpp' kaynak dosyas─▒ derleniyor)
  
C:\ShadowStrike\ShadowStrike\src\Shared_modules\RealTime\NetworkTrafficFilter.cpp(673,24): error C2665: 'ShadowStrike::Utils::Logger::Warn': hi├ğbir a┼ş─▒r─▒ y├╝klenmi┼ş i┼şlev t├╝m arg├╝man t├╝rlerini d├Ân├╝┼şt├╝remez [C:\ShadowStrike\ShadowStrike\ShadowStrike.vcxproj]
  ('/src/Shared_modules/RealTime/NetworkTrafficFilter.cpp' kaynak dosyas─▒ derleniyor)
      C:\ShadowStrike\ShadowStrike\src\Shared_modules\Utils\Logger.hpp(278,16):
      'void ShadowStrike::Utils::Logger::Warn<uint32_t&>(std::basic_format_string<char,uint32_t &>,uint32_t &)' olabilirdi
          C:\ShadowStrike\ShadowStrike\src\Shared_modules\RealTime\NetworkTrafficFilter.cpp(673,24):
          'void ShadowStrike::Utils::Logger::Warn<uint32_t&>(std::basic_format_string<char,uint32_t &>,uint32_t &)' : 1 ba─ş─▒ms─▒z de─şi┼şkeni 'const wchar_t [65]' de─şerinden 'std::basic_format_string<char,uint32_t &>' de─şerine d├Ân├╝┼şt├╝r├╝lemez
              C:\ShadowStrike\ShadowStrike\src\Shared_modules\RealTime\NetworkTrafficFilter.cpp(673,29):
              'std::basic_format_string<char,uint32_t &>::basic_format_string': hi├ğbir a┼ş─▒r─▒ y├╝klenmi┼ş i┼şlev t├╝m arg├╝man t├╝rlerini d├Ân├╝┼şt├╝remez
                  C:\Program Files\Microsoft Visual Studio\2022\Community\VC\Tools\MSVC\14.44.35207\include\format(2867,1):
                  'std::basic_format_string<char,uint32_t &>::basic_format_string(std::basic_format_string<char,uint32_t &> &&)' olabilirdi
                      C:\ShadowStrike\ShadowStrike\src\Shared_modules\RealTime\NetworkTrafficFilter.cpp(673,29):
                      'std::basic_format_string<char,uint32_t &>::basic_format_string(std::basic_format_string<char,uint32_t &> &&)' : 1 ba─ş─▒ms─▒z de─şi┼şkeni 'const wchar_t [65]' de─şerinden 'std::basic_format_string<char,uint32_t &> &&' de─şerine d├Ân├╝┼şt├╝r├╝lemez
                          C:\ShadowStrike\ShadowStrike\src\Shared_modules\RealTime\NetworkTrafficFilter.cpp(673,29):
                          Nedeni: 'const wchar_t [65]' de─şerinden 'std::basic_format_string<char,uint32_t &>' de─şerine d├Ân├╝┼şt├╝r├╝lemez
                          C:\ShadowStrike\ShadowStrike\src\Shared_modules\RealTime\NetworkTrafficFilter.cpp(673,29):
                          D├Ân├╝┼şt├╝rme ikinci bir kullan─▒c─▒ tan─▒ml─▒ d├Ân├╝┼şt├╝rme i┼şleci veya olu┼şturucu gerektiriyor
                  C:\Program Files\Microsoft Visual Studio\2022\Community\VC\Tools\MSVC\14.44.35207\include\format(2867,1):
                  veya       'std::basic_format_string<char,uint32_t &>::basic_format_string(const std::basic_format_string<char,uint32_t &> &)'
                      C:\ShadowStrike\ShadowStrike\src\Shared_modules\RealTime\NetworkTrafficFilter.cpp(673,29):
                      'std::basic_format_string<char,uint32_t &>::basic_format_string(const std::basic_format_string<char,uint32_t &> &)' : 1 ba─ş─▒ms─▒z de─şi┼şkeni 'const wchar_t [65]' de─şerinden 'const std::basic_format_string<char,uint32_t &> &' de─şerine d├Ân├╝┼şt├╝r├╝lemez
                          C:\ShadowStrike\ShadowStrike\src\Shared_modules\RealTime\NetworkTrafficFilter.cpp(673,29):
                          Nedeni: 'const wchar_t [65]' de─şerinden 'const std::basic_format_string<char,uint32_t &>' de─şerine d├Ân├╝┼şt├╝r├╝lemez
                          C:\ShadowStrike\ShadowStrike\src\Shared_modules\RealTime\NetworkTrafficFilter.cpp(673,29):
                          D├Ân├╝┼şt├╝rme ikinci bir kullan─▒c─▒ tan─▒ml─▒ d├Ân├╝┼şt├╝rme i┼şleci veya olu┼şturucu gerektiriyor
                  C:\Program Files\Microsoft Visual Studio\2022\Community\VC\Tools\MSVC\14.44.35207\include\format(2850,5):
                  veya       'std::basic_format_string<char,uint32_t &>::basic_format_string(const _Ty &)'
                  C:\ShadowStrike\ShadowStrike\src\Shared_modules\RealTime\NetworkTrafficFilter.cpp(673,29):
                  '(const wchar_t [65])' ba─ş─▒ms─▒z de─şi┼şken listesi e┼şlenmeye ├ğal─▒┼ş─▒l─▒rken
      C:\ShadowStrike\ShadowStrike\src\Shared_modules\RealTime\NetworkTrafficFilter.cpp(673,24):
      '(const wchar_t [65], uint32_t)' ba─ş─▒ms─▒z de─şi┼şken listesi e┼şlenmeye ├ğal─▒┼ş─▒l─▒rken
  
C:\ShadowStrike\ShadowStrike\src\Shared_modules\Security\MemoryProtection.cpp(2492,53): warning C4834: [[nodiscard]] ├Âzniteli─şine sahip i┼şlevin d├Ân├╝┼ş de─şerinin at─▒lmas─▒ [C:\ShadowStrike\ShadowStrike\ShadowStrike.vcxproj]
  ('/src/Shared_modules/Security/MemoryProtection.cpp' kaynak dosyas─▒ derleniyor)
  
C:\ShadowStrike\ShadowStrike\src\Shared_modules\RealTime\NetworkTrafficFilter.cpp(729,34): error C2039: 'InvokeEventCallbacks': bir 'ShadowStrike::RealTime::NetworkTrafficFilter::Impl' ├╝yesi de─şil [C:\ShadowStrike\ShadowStrike\ShadowStrike.vcxproj]
  ('/src/Shared_modules/RealTime/NetworkTrafficFilter.cpp' kaynak dosyas─▒ derleniyor)
      C:\ShadowStrike\ShadowStrike\src\Shared_modules\RealTime\NetworkTrafficFilter.cpp(104,30):
      'ShadowStrike::RealTime::NetworkTrafficFilter::Impl' bildirimine bak─▒n
  
C:\ShadowStrike\ShadowStrike\src\Shared_modules\RealTime\NetworkTrafficFilter.cpp(730,27): error C2065: 'm_callbackMutex': bildirimi yap─▒lmam─▒┼ş tan─▒mlay─▒c─▒ [C:\ShadowStrike\ShadowStrike\ShadowStrike.vcxproj]
  ('/src/Shared_modules/RealTime/NetworkTrafficFilter.cpp' kaynak dosyas─▒ derleniyor)
  
C:\ShadowStrike\ShadowStrike\src\Shared_modules\RealTime\NetworkTrafficFilter.cpp(730,26): error C2641: 'std::shared_lock' i├ğin ┼şablon ba─ş─▒ms─▒z de─şi┼şkenleri ├ğ─▒kar─▒lam─▒yor [C:\ShadowStrike\ShadowStrike\ShadowStrike.vcxproj]
  ('/src/Shared_modules/RealTime/NetworkTrafficFilter.cpp' kaynak dosyas─▒ derleniyor)
  
C:\ShadowStrike\ShadowStrike\src\Shared_modules\RealTime\NetworkTrafficFilter.cpp(731,33): error C2065: 'm_eventCallbacks': bildirimi yap─▒lmam─▒┼ş tan─▒mlay─▒c─▒ [C:\ShadowStrike\ShadowStrike\ShadowStrike.vcxproj]
  ('/src/Shared_modules/RealTime/NetworkTrafficFilter.cpp' kaynak dosyas─▒ derleniyor)
  
C:\ShadowStrike\ShadowStrike\src\Shared_modules\RealTime\NetworkTrafficFilter.cpp(731,31): error C2059: s├Âzdizimi hatas─▒: ':' [C:\ShadowStrike\ShadowStrike\ShadowStrike.vcxproj]
  ('/src/Shared_modules/RealTime/NetworkTrafficFilter.cpp' kaynak dosyas─▒ derleniyor)
  
C:\ShadowStrike\ShadowStrike\src\Shared_modules\RealTime\NetworkTrafficFilter.cpp(731,51): error C2143: s├Âzdizimi hatas─▒: ';' eksik ('{' ├Âncesinde) [C:\ShadowStrike\ShadowStrike\ShadowStrike.vcxproj]
  ('/src/Shared_modules/RealTime/NetworkTrafficFilter.cpp' kaynak dosyas─▒ derleniyor)
  
C:\ShadowStrike\ShadowStrike\src\Shared_modules\RealTime\NetworkTrafficFilter.cpp(732,9): error C3861: 'cb': tan─▒mlay─▒c─▒ bulunamad─▒ [C:\ShadowStrike\ShadowStrike\ShadowStrike.vcxproj]
  ('/src/Shared_modules/RealTime/NetworkTrafficFilter.cpp' kaynak dosyas─▒ derleniyor)
  
C:\ShadowStrike\ShadowStrike\src\Shared_modules\Security\AntiDebug.cpp(3371,23): warning C4834: [[nodiscard]] ├Âzniteli─şine sahip i┼şlevin d├Ân├╝┼ş de─şerinin at─▒lmas─▒ [C:\ShadowStrike\ShadowStrike\ShadowStrike.vcxproj]
  ('/src/Shared_modules/Security/AntiDebug.cpp' kaynak dosyas─▒ derleniyor)
  
C:\ShadowStrike\ShadowStrike\src\Shared_modules\Security\AntiDebug.cpp(3377,31): warning C4834: [[nodiscard]] ├Âzniteli─şine sahip i┼şlevin d├Ân├╝┼ş de─şerinin at─▒lmas─▒ [C:\ShadowStrike\ShadowStrike\ShadowStrike.vcxproj]
  ('/src/Shared_modules/Security/AntiDebug.cpp' kaynak dosyas─▒ derleniyor)
  
C:\ShadowStrike\ShadowStrike\src\Shared_modules\Security\AntiDebug.cpp(3400,20): warning C4834: [[nodiscard]] ├Âzniteli─şine sahip i┼şlevin d├Ân├╝┼ş de─şerinin at─▒lmas─▒ [C:\ShadowStrike\ShadowStrike\ShadowStrike.vcxproj]
  ('/src/Shared_modules/Security/AntiDebug.cpp' kaynak dosyas─▒ derleniyor)
  
C:\ShadowStrike\ShadowStrike\src\Shared_modules\Security\ProcessProtection.cpp(2572,55): warning C4834: [[nodiscard]] ├Âzniteli─şine sahip i┼şlevin d├Ân├╝┼ş de─şerinin at─▒lmas─▒ [C:\ShadowStrike\ShadowStrike\ShadowStrike.vcxproj]
  ('/src/Shared_modules/Security/ProcessProtection.cpp' kaynak dosyas─▒ derleniyor)
  
C:\ShadowStrike\ShadowStrike\src\Shared_modules\Security\AntiDebug.cpp(3480,13): error C2280: 'ShadowStrike::Security::AntiDebugStatistics &ShadowStrike::Security::AntiDebugStatistics::operator =(const ShadowStrike::Security::AntiDebugStatistics &)': silinmi┼ş bir i┼şleve ba┼şvurmaya ├ğal─▒┼ş─▒yor [C:\ShadowStrike\ShadowStrike\ShadowStrike.vcxproj]
  ('/src/Shared_modules/Security/AntiDebug.cpp' kaynak dosyas─▒ derleniyor)
      C:\ShadowStrike\ShadowStrike\src\Shared_modules\Security\AntiDebug.hpp(1131,1):
      derleyici burada 'ShadowStrike::Security::AntiDebugStatistics::operator =' olu┼şturdu
      C:\ShadowStrike\ShadowStrike\src\Shared_modules\Security\AntiDebug.hpp(1131,1):
      'ShadowStrike::Security::AntiDebugStatistics &ShadowStrike::Security::AntiDebugStatistics::operator =(const ShadowStrike::Security::AntiDebugStatistics &)': veri ├╝yesi, silinmi┼ş veya eri┼şilemeyen 'std::atomic<unsigned __int64> &std::atomic<unsigned __int64>::operator =(const std::atomic<unsigned __int64> &)' i┼şlevini ├ğa─ş─▒rd─▒─ş─▒ndan i┼şlev ├Ârt├╝k olarak silindi
  
C:\ShadowStrike\ShadowStrike\src\Shared_modules\SignatureStore\SignatureIndex_Query.cpp(20,9): error C1083: i├ğerme dosyas─▒ a├ğ─▒lam─▒yor: '../../src/Utils/Logger.hpp': No such file or directory [C:\ShadowStrike\ShadowStrike\ShadowStrike.vcxproj]
  ('/src/Shared_modules/SignatureStore/SignatureIndex_Query.cpp' kaynak dosyas─▒ derleniyor)
  
C:\ShadowStrike\ShadowStrike\src\Shared_modules\SignatureStore\SignatureIndex_Modification.cpp(20,9): error C1083: i├ğerme dosyas─▒ a├ğ─▒lam─▒yor: '../../src/Utils/Logger.hpp': No such file or directory [C:\ShadowStrike\ShadowStrike\ShadowStrike.vcxproj]
  ('/src/Shared_modules/SignatureStore/SignatureIndex_Modification.cpp' kaynak dosyas─▒ derleniyor)
  
C:\ShadowStrike\ShadowStrike\src\Shared_modules\Security\AntiDebug.cpp(3683,13): warning C4834: [[nodiscard]] ├Âzniteli─şine sahip i┼şlevin d├Ân├╝┼ş de─şerinin at─▒lmas─▒ [C:\ShadowStrike\ShadowStrike\ShadowStrike.vcxproj]
  ('/src/Shared_modules/Security/AntiDebug.cpp' kaynak dosyas─▒ derleniyor)
  
C:\ShadowStrike\ShadowStrike\src\Shared_modules\Security\AntiDebug.cpp(3685,13): warning C4834: [[nodiscard]] ├Âzniteli─şine sahip i┼şlevin d├Ân├╝┼ş de─şerinin at─▒lmas─▒ [C:\ShadowStrike\ShadowStrike\ShadowStrike.vcxproj]
  ('/src/Shared_modules/Security/AntiDebug.cpp' kaynak dosyas─▒ derleniyor)
  
C:\ShadowStrike\ShadowStrike\src\Shared_modules\Security\AntiDebug.cpp(3689,17): warning C4834: [[nodiscard]] ├Âzniteli─şine sahip i┼şlevin d├Ân├╝┼ş de─şerinin at─▒lmas─▒ [C:\ShadowStrike\ShadowStrike\ShadowStrike.vcxproj]
  ('/src/Shared_modules/Security/AntiDebug.cpp' kaynak dosyas─▒ derleniyor)
  
C:\ShadowStrike\ShadowStrike\src\Shared_modules\Security\AntiDebug.cpp(3691,17): warning C4834: [[nodiscard]] ├Âzniteli─şine sahip i┼şlevin d├Ân├╝┼ş de─şerinin at─▒lmas─▒ [C:\ShadowStrike\ShadowStrike\ShadowStrike.vcxproj]
  ('/src/Shared_modules/Security/AntiDebug.cpp' kaynak dosyas─▒ derleniyor)
  
C:\ShadowStrike\ShadowStrike\src\Shared_modules\Security\AntiDebug.cpp(3697,35): warning C4834: [[nodiscard]] ├Âzniteli─şine sahip i┼şlevin d├Ân├╝┼ş de─şerinin at─▒lmas─▒ [C:\ShadowStrike\ShadowStrike\ShadowStrike.vcxproj]
  ('/src/Shared_modules/Security/AntiDebug.cpp' kaynak dosyas─▒ derleniyor)
  
C:\ShadowStrike\ShadowStrike\src\Shared_modules\Scripts\VBScriptScanner.hpp(143,10): error C1083: i├ğerme dosyas─▒ a├ğ─▒lam─▒yor: '../ThreatIntel/ThreatIntelManager.hpp': No such file or directory [C:\ShadowStrike\ShadowStrike\ShadowStrike.vcxproj]
  ('/src/Shared_modules/Scripts/VBScriptScanner.cpp' kaynak dosyas─▒ derleniyor)
  
C:\ShadowStrike\ShadowStrike\src\Shared_modules\Core\Engine\BehaviorAnalyzer.hpp(1465,8): error C2011: 'ShadowStrike::Core::Engine::AttackChain': 'struct' t├╝r├╝ yeniden tan─▒m─▒ [C:\ShadowStrike\ShadowStrike\ShadowStrike.vcxproj]
  ('/src/Shared_modules/RealTime/ProcessCreationMonitor.cpp' kaynak dosyas─▒ derleniyor)
      C:\ShadowStrike\ShadowStrike\src\Shared_modules\Core\Engine\ThreatDetector.hpp(1218,8):
      'ShadowStrike::Core::Engine::AttackChain' bildirimine bak─▒n
  
C:\ShadowStrike\ShadowStrike\src\Shared_modules\RealTime\ProcessCreationMonitor.cpp(78,29): error C2039: 'towlower': bir 'std' ├╝yesi de─şil [C:\ShadowStrike\ShadowStrike\ShadowStrike.vcxproj]
  ('/src/Shared_modules/RealTime/ProcessCreationMonitor.cpp' kaynak dosyas─▒ derleniyor)
      C:\Program Files\Microsoft Visual Studio\2022\Community\VC\Tools\MSVC\14.44.35207\include\semaphore(30,1):
      'std' bildirimine bak─▒n
  
C:\ShadowStrike\ShadowStrike\src\Shared_modules\RealTime\ProcessCreationMonitor.cpp(78,51): error C2039: 'towlower': bir 'std' ├╝yesi de─şil [C:\ShadowStrike\ShadowStrike\ShadowStrike.vcxproj]
  ('/src/Shared_modules/RealTime/ProcessCreationMonitor.cpp' kaynak dosyas─▒ derleniyor)
      C:\Program Files\Microsoft Visual Studio\2022\Community\VC\Tools\MSVC\14.44.35207\include\semaphore(30,1):
      'std' bildirimine bak─▒n
  
C:\ShadowStrike\ShadowStrike\src\Shared_modules\SignatureStore\SignatureIndex_stat_maintenance.cpp(20,9): error C1083: i├ğerme dosyas─▒ a├ğ─▒lam─▒yor: '../../src/Utils/Logger.hpp': No such file or directory [C:\ShadowStrike\ShadowStrike\ShadowStrike.vcxproj]
  ('/src/Shared_modules/SignatureStore/SignatureIndex_stat_maintenance.cpp' kaynak dosyas─▒ derleniyor)
  
C:\ShadowStrike\ShadowStrike\src\Shared_modules\RealTime\ProcessCreationMonitor.cpp(236,46): error C2451: 'ShadowStrike::Whitelist::LookupResult' t├╝r├╝ndeki ko┼şullu ifade ge├ğerli de─şil [C:\ShadowStrike\ShadowStrike\ShadowStrike.vcxproj]
  ('/src/Shared_modules/RealTime/ProcessCreationMonitor.cpp' kaynak dosyas─▒ derleniyor)
      C:\ShadowStrike\ShadowStrike\src\Shared_modules\RealTime\ProcessCreationMonitor.cpp(236,46):
      Bu d├Ân├╝┼şt├╝rmeyi ger├ğekle┼ştirecek kullan─▒c─▒ tan─▒ml─▒ d├Ân├╝┼şt├╝rme i┼şleci yok veya i┼şle├ğ ├ğa─şr─▒lam─▒yor
  
C:\ShadowStrike\ShadowStrike\src\Shared_modules\RealTime\ProcessCreationMonitor.cpp(246,28): error C2039: 'IsKnownMalware': bir 'ShadowStrike::HashStore::HashStore' ├╝yesi de─şil [C:\ShadowStrike\ShadowStrike\ShadowStrike.vcxproj]
  ('/src/Shared_modules/RealTime/ProcessCreationMonitor.cpp' kaynak dosyas─▒ derleniyor)
      C:\ShadowStrike\ShadowStrike\src\Shared_modules\HashStore\HashStore.hpp(206,7):
      'ShadowStrike::HashStore::HashStore' bildirimine bak─▒n
  
C:\ShadowStrike\ShadowStrike\src\Shared_modules\RealTime\ProcessCreationMonitor.cpp(389,48): error C2039: 'SplitArgs': bir 'ShadowStrike::Utils::StringUtils' ├╝yesi de─şil [C:\ShadowStrike\ShadowStrike\ShadowStrike.vcxproj]
  ('/src/Shared_modules/RealTime/ProcessCreationMonitor.cpp' kaynak dosyas─▒ derleniyor)
      C:\ShadowStrike\ShadowStrike\src\Shared_modules\Utils\StringUtils.hpp(63,19):
      'ShadowStrike::Utils::StringUtils' bildirimine bak─▒n
  
C:\ShadowStrike\ShadowStrike\src\Shared_modules\RealTime\ProcessCreationMonitor.cpp(389,48): error C3861: 'SplitArgs': tan─▒mlay─▒c─▒ bulunamad─▒ [C:\ShadowStrike\ShadowStrike\ShadowStrike.vcxproj]
  ('/src/Shared_modules/RealTime/ProcessCreationMonitor.cpp' kaynak dosyas─▒ derleniyor)
  
C:\ShadowStrike\ShadowStrike\src\Shared_modules\RealTime\ProcessCreationMonitor.cpp(389,15): error C2593: 'operator =' belirsiz [C:\ShadowStrike\ShadowStrike\ShadowStrike.vcxproj]
  ('/src/Shared_modules/RealTime/ProcessCreationMonitor.cpp' kaynak dosyas─▒ derleniyor)
      C:\Program Files\Microsoft Visual Studio\2022\Community\VC\Tools\MSVC\14.44.35207\include\vector(1544,26):
      'std::vector<std::wstring,std::allocator<std::wstring>> &std::vector<std::wstring,std::allocator<std::wstring>>::operator =(std::initializer_list<_Ty>)' olabilirdi
          with
          [
              _Ty=std::wstring
          ]
      C:\Program Files\Microsoft Visual Studio\2022\Community\VC\Tools\MSVC\14.44.35207\include\vector(1523,26):
      veya       'std::vector<std::wstring,std::allocator<std::wstring>> &std::vector<std::wstring,std::allocator<std::wstring>>::operator =(const std::vector<std::wstring,std::allocator<std::wstring>> &)'
      C:\Program Files\Microsoft Visual Studio\2022\Community\VC\Tools\MSVC\14.44.35207\include\vector(798,26):
      veya       'std::vector<std::wstring,std::allocator<std::wstring>> &std::vector<std::wstring,std::allocator<std::wstring>>::operator =(std::vector<std::wstring,std::allocator<std::wstring>> &&) noexcept'
      C:\ShadowStrike\ShadowStrike\src\Shared_modules\RealTime\ProcessCreationMonitor.cpp(389,15):
      '(std::vector<std::wstring,std::allocator<std::wstring>>, <error type>)' ba─ş─▒ms─▒z de─şi┼şken listesi e┼şlenmeye ├ğal─▒┼ş─▒l─▒rken
  
C:\ShadowStrike\ShadowStrike\src\Shared_modules\RealTime\ProcessCreationMonitor.cpp(396,65): error C2039: 'ContainsBase64': bir 'ShadowStrike::Utils::StringUtils' ├╝yesi de─şil [C:\ShadowStrike\ShadowStrike\ShadowStrike.vcxproj]
  ('/src/Shared_modules/RealTime/ProcessCreationMonitor.cpp' kaynak dosyas─▒ derleniyor)
      C:\ShadowStrike\ShadowStrike\src\Shared_modules\Utils\StringUtils.hpp(63,19):
      'ShadowStrike::Utils::StringUtils' bildirimine bak─▒n
  
C:\ShadowStrike\ShadowStrike\src\Shared_modules\RealTime\ProcessCreationMonitor.cpp(421,73): error C2039: 'WideToUtf8': bir 'ShadowStrike::Utils::StringUtils' ├╝yesi de─şil [C:\ShadowStrike\ShadowStrike\ShadowStrike.vcxproj]
  ('/src/Shared_modules/RealTime/ProcessCreationMonitor.cpp' kaynak dosyas─▒ derleniyor)
      C:\ShadowStrike\ShadowStrike\src\Shared_modules\Utils\StringUtils.hpp(63,19):
      'ShadowStrike::Utils::StringUtils' bildirimine bak─▒n
  
C:\ShadowStrike\ShadowStrike\src\Shared_modules\RealTime\ProcessCreationMonitor.cpp(421,73): error C3861: 'WideToUtf8': tan─▒mlay─▒c─▒ bulunamad─▒ [C:\ShadowStrike\ShadowStrike\ShadowStrike.vcxproj]
  ('/src/Shared_modules/RealTime/ProcessCreationMonitor.cpp' kaynak dosyas─▒ derleniyor)
  
C:\ShadowStrike\ShadowStrike\src\Shared_modules\RealTime\ProcessCreationMonitor.cpp(465,43): error C3861: 'PathMatchesPattern': tan─▒mlay─▒c─▒ bulunamad─▒ [C:\ShadowStrike\ShadowStrike\ShadowStrike.vcxproj]
  ('/src/Shared_modules/RealTime/ProcessCreationMonitor.cpp' kaynak dosyas─▒ derleniyor)
  
C:\ShadowStrike\ShadowStrike\src\Shared_modules\RealTime\ProcessCreationMonitor.cpp(467,52): error C3861: 'PathMatchesPattern': tan─▒mlay─▒c─▒ bulunamad─▒ [C:\ShadowStrike\ShadowStrike\ShadowStrike.vcxproj]
  ('/src/Shared_modules/RealTime/ProcessCreationMonitor.cpp' kaynak dosyas─▒ derleniyor)
  
C:\ShadowStrike\ShadowStrike\src\Shared_modules\RealTime\ProcessCreationMonitor.cpp(543,33): error C2039: 'EqualsCaseInsensitive': bir 'ShadowStrike::Utils::StringUtils' ├╝yesi de─şil [C:\ShadowStrike\ShadowStrike\ShadowStrike.vcxproj]
  ('/src/Shared_modules/RealTime/ProcessCreationMonitor.cpp' kaynak dosyas─▒ derleniyor)
      C:\ShadowStrike\ShadowStrike\src\Shared_modules\Utils\StringUtils.hpp(63,19):
      'ShadowStrike::Utils::StringUtils' bildirimine bak─▒n
  
C:\ShadowStrike\ShadowStrike\src\Shared_modules\RealTime\ProcessCreationMonitor.cpp(543,33): error C3861: 'EqualsCaseInsensitive': tan─▒mlay─▒c─▒ bulunamad─▒ [C:\ShadowStrike\ShadowStrike\ShadowStrike.vcxproj]
  ('/src/Shared_modules/RealTime/ProcessCreationMonitor.cpp' kaynak dosyas─▒ derleniyor)
  
C:\ShadowStrike\ShadowStrike\src\Shared_modules\RealTime\ProcessCreationMonitor.cpp(551,33): error C2039: 'EqualsCaseInsensitive': bir 'ShadowStrike::Utils::StringUtils' ├╝yesi de─şil [C:\ShadowStrike\ShadowStrike\ShadowStrike.vcxproj]
  ('/src/Shared_modules/RealTime/ProcessCreationMonitor.cpp' kaynak dosyas─▒ derleniyor)
      C:\ShadowStrike\ShadowStrike\src\Shared_modules\Utils\StringUtils.hpp(63,19):
      'ShadowStrike::Utils::StringUtils' bildirimine bak─▒n
  
C:\ShadowStrike\ShadowStrike\src\Shared_modules\RealTime\ProcessCreationMonitor.cpp(551,33): error C3861: 'EqualsCaseInsensitive': tan─▒mlay─▒c─▒ bulunamad─▒ [C:\ShadowStrike\ShadowStrike\ShadowStrike.vcxproj]
  ('/src/Shared_modules/RealTime/ProcessCreationMonitor.cpp' kaynak dosyas─▒ derleniyor)
  
C:\ShadowStrike\ShadowStrike\src\Shared_modules\RealTime\ProcessCreationMonitor.cpp(596,33): error C2039: 'EqualsCaseInsensitive': bir 'ShadowStrike::Utils::StringUtils' ├╝yesi de─şil [C:\ShadowStrike\ShadowStrike\ShadowStrike.vcxproj]
  ('/src/Shared_modules/RealTime/ProcessCreationMonitor.cpp' kaynak dosyas─▒ derleniyor)
      C:\ShadowStrike\ShadowStrike\src\Shared_modules\Utils\StringUtils.hpp(63,19):
      'ShadowStrike::Utils::StringUtils' bildirimine bak─▒n
  
C:\ShadowStrike\ShadowStrike\src\Shared_modules\RealTime\ProcessCreationMonitor.cpp(596,33): error C3861: 'EqualsCaseInsensitive': tan─▒mlay─▒c─▒ bulunamad─▒ [C:\ShadowStrike\ShadowStrike\ShadowStrike.vcxproj]
  ('/src/Shared_modules/RealTime/ProcessCreationMonitor.cpp' kaynak dosyas─▒ derleniyor)
  
C:\ShadowStrike\ShadowStrike\src\Shared_modules\RealTime\ProcessCreationMonitor.cpp(597,33): error C2039: 'EqualsCaseInsensitive': bir 'ShadowStrike::Utils::StringUtils' ├╝yesi de─şil [C:\ShadowStrike\ShadowStrike\ShadowStrike.vcxproj]
  ('/src/Shared_modules/RealTime/ProcessCreationMonitor.cpp' kaynak dosyas─▒ derleniyor)
      C:\ShadowStrike\ShadowStrike\src\Shared_modules\Utils\StringUtils.hpp(63,19):
      'ShadowStrike::Utils::StringUtils' bildirimine bak─▒n
  
C:\ShadowStrike\ShadowStrike\src\Shared_modules\RealTime\ProcessCreationMonitor.cpp(597,33): error C3861: 'EqualsCaseInsensitive': tan─▒mlay─▒c─▒ bulunamad─▒ [C:\ShadowStrike\ShadowStrike\ShadowStrike.vcxproj]
  ('/src/Shared_modules/RealTime/ProcessCreationMonitor.cpp' kaynak dosyas─▒ derleniyor)
  
C:\ShadowStrike\ShadowStrike\src\Shared_modules\RealTime\ProcessCreationMonitor.cpp(598,33): error C2039: 'EqualsCaseInsensitive': bir 'ShadowStrike::Utils::StringUtils' ├╝yesi de─şil [C:\ShadowStrike\ShadowStrike\ShadowStrike.vcxproj]
  ('/src/Shared_modules/RealTime/ProcessCreationMonitor.cpp' kaynak dosyas─▒ derleniyor)
      C:\ShadowStrike\ShadowStrike\src\Shared_modules\Utils\StringUtils.hpp(63,19):
      'ShadowStrike::Utils::StringUtils' bildirimine bak─▒n
  
C:\ShadowStrike\ShadowStrike\src\Shared_modules\RealTime\ProcessCreationMonitor.cpp(598,33): error C3861: 'EqualsCaseInsensitive': tan─▒mlay─▒c─▒ bulunamad─▒ [C:\ShadowStrike\ShadowStrike\ShadowStrike.vcxproj]
  ('/src/Shared_modules/RealTime/ProcessCreationMonitor.cpp' kaynak dosyas─▒ derleniyor)
  
C:\ShadowStrike\ShadowStrike\src\Shared_modules\RealTime\ProcessCreationMonitor.cpp(599,33): error C2039: 'EqualsCaseInsensitive': bir 'ShadowStrike::Utils::StringUtils' ├╝yesi de─şil [C:\ShadowStrike\ShadowStrike\ShadowStrike.vcxproj]
  ('/src/Shared_modules/RealTime/ProcessCreationMonitor.cpp' kaynak dosyas─▒ derleniyor)
      C:\ShadowStrike\ShadowStrike\src\Shared_modules\Utils\StringUtils.hpp(63,19):
      'ShadowStrike::Utils::StringUtils' bildirimine bak─▒n
  
C:\ShadowStrike\ShadowStrike\src\Shared_modules\RealTime\ProcessCreationMonitor.cpp(599,33): error C3861: 'EqualsCaseInsensitive': tan─▒mlay─▒c─▒ bulunamad─▒ [C:\ShadowStrike\ShadowStrike\ShadowStrike.vcxproj]
  ('/src/Shared_modules/RealTime/ProcessCreationMonitor.cpp' kaynak dosyas─▒ derleniyor)
  
C:\ShadowStrike\ShadowStrike\src\Shared_modules\RealTime\ProcessCreationMonitor.cpp(600,33): error C2039: 'EqualsCaseInsensitive': bir 'ShadowStrike::Utils::StringUtils' ├╝yesi de─şil [C:\ShadowStrike\ShadowStrike\ShadowStrike.vcxproj]
  ('/src/Shared_modules/RealTime/ProcessCreationMonitor.cpp' kaynak dosyas─▒ derleniyor)
      C:\ShadowStrike\ShadowStrike\src\Shared_modules\Utils\StringUtils.hpp(63,19):
      'ShadowStrike::Utils::StringUtils' bildirimine bak─▒n
  
C:\ShadowStrike\ShadowStrike\src\Shared_modules\RealTime\ProcessCreationMonitor.cpp(600,33): error C3861: 'EqualsCaseInsensitive': tan─▒mlay─▒c─▒ bulunamad─▒ [C:\ShadowStrike\ShadowStrike\ShadowStrike.vcxproj]
  ('/src/Shared_modules/RealTime/ProcessCreationMonitor.cpp' kaynak dosyas─▒ derleniyor)
  
C:\ShadowStrike\ShadowStrike\src\Shared_modules\RealTime\ProcessCreationMonitor.cpp(601,33): error C2039: 'EqualsCaseInsensitive': bir 'ShadowStrike::Utils::StringUtils' ├╝yesi de─şil [C:\ShadowStrike\ShadowStrike\ShadowStrike.vcxproj]
  ('/src/Shared_modules/RealTime/ProcessCreationMonitor.cpp' kaynak dosyas─▒ derleniyor)
      C:\ShadowStrike\ShadowStrike\src\Shared_modules\Utils\StringUtils.hpp(63,19):
      'ShadowStrike::Utils::StringUtils' bildirimine bak─▒n
  
C:\ShadowStrike\ShadowStrike\src\Shared_modules\RealTime\ProcessCreationMonitor.cpp(601,33): error C3861: 'EqualsCaseInsensitive': tan─▒mlay─▒c─▒ bulunamad─▒ [C:\ShadowStrike\ShadowStrike\ShadowStrike.vcxproj]
  ('/src/Shared_modules/RealTime/ProcessCreationMonitor.cpp' kaynak dosyas─▒ derleniyor)
  
C:\ShadowStrike\ShadowStrike\src\Shared_modules\RealTime\ProcessCreationMonitor.cpp(602,33): error C2039: 'EqualsCaseInsensitive': bir 'ShadowStrike::Utils::StringUtils' ├╝yesi de─şil [C:\ShadowStrike\ShadowStrike\ShadowStrike.vcxproj]
  ('/src/Shared_modules/RealTime/ProcessCreationMonitor.cpp' kaynak dosyas─▒ derleniyor)
      C:\ShadowStrike\ShadowStrike\src\Shared_modules\Utils\StringUtils.hpp(63,19):
      'ShadowStrike::Utils::StringUtils' bildirimine bak─▒n
  
C:\ShadowStrike\ShadowStrike\src\Shared_modules\RealTime\ProcessCreationMonitor.cpp(602,33): error C3861: 'EqualsCaseInsensitive': tan─▒mlay─▒c─▒ bulunamad─▒ [C:\ShadowStrike\ShadowStrike\ShadowStrike.vcxproj]
  ('/src/Shared_modules/RealTime/ProcessCreationMonitor.cpp' kaynak dosyas─▒ derleniyor)
  
C:\ShadowStrike\ShadowStrike\src\Shared_modules\RealTime\ProcessCreationMonitor.cpp(603,33): error C2039: 'EqualsCaseInsensitive': bir 'ShadowStrike::Utils::StringUtils' ├╝yesi de─şil [C:\ShadowStrike\ShadowStrike\ShadowStrike.vcxproj]
  ('/src/Shared_modules/RealTime/ProcessCreationMonitor.cpp' kaynak dosyas─▒ derleniyor)
      C:\ShadowStrike\ShadowStrike\src\Shared_modules\Utils\StringUtils.hpp(63,19):
      'ShadowStrike::Utils::StringUtils' bildirimine bak─▒n
  
C:\ShadowStrike\ShadowStrike\src\Shared_modules\RealTime\ProcessCreationMonitor.cpp(603,33): error C3861: 'EqualsCaseInsensitive': tan─▒mlay─▒c─▒ bulunamad─▒ [C:\ShadowStrike\ShadowStrike\ShadowStrike.vcxproj]
  ('/src/Shared_modules/RealTime/ProcessCreationMonitor.cpp' kaynak dosyas─▒ derleniyor)
  
C:\ShadowStrike\ShadowStrike\src\Shared_modules\RealTime\ProcessCreationMonitor.cpp(604,33): error C2039: 'EqualsCaseInsensitive': bir 'ShadowStrike::Utils::StringUtils' ├╝yesi de─şil [C:\ShadowStrike\ShadowStrike\ShadowStrike.vcxproj]
  ('/src/Shared_modules/RealTime/ProcessCreationMonitor.cpp' kaynak dosyas─▒ derleniyor)
      C:\ShadowStrike\ShadowStrike\src\Shared_modules\Utils\StringUtils.hpp(63,19):
      'ShadowStrike::Utils::StringUtils' bildirimine bak─▒n
  
C:\ShadowStrike\ShadowStrike\src\Shared_modules\RealTime\ProcessCreationMonitor.cpp(604,33): error C3861: 'EqualsCaseInsensitive': tan─▒mlay─▒c─▒ bulunamad─▒ [C:\ShadowStrike\ShadowStrike\ShadowStrike.vcxproj]
  ('/src/Shared_modules/RealTime/ProcessCreationMonitor.cpp' kaynak dosyas─▒ derleniyor)
  
C:\ShadowStrike\ShadowStrike\src\Shared_modules\RealTime\ProcessCreationMonitor.cpp(605,33): error C2039: 'EqualsCaseInsensitive': bir 'ShadowStrike::Utils::StringUtils' ├╝yesi de─şil [C:\ShadowStrike\ShadowStrike\ShadowStrike.vcxproj]
  ('/src/Shared_modules/RealTime/ProcessCreationMonitor.cpp' kaynak dosyas─▒ derleniyor)
      C:\ShadowStrike\ShadowStrike\src\Shared_modules\Utils\StringUtils.hpp(63,19):
      'ShadowStrike::Utils::StringUtils' bildirimine bak─▒n
  
C:\ShadowStrike\ShadowStrike\src\Shared_modules\RealTime\ProcessCreationMonitor.cpp(605,33): error C3861: 'EqualsCaseInsensitive': tan─▒mlay─▒c─▒ bulunamad─▒ [C:\ShadowStrike\ShadowStrike\ShadowStrike.vcxproj]
  ('/src/Shared_modules/RealTime/ProcessCreationMonitor.cpp' kaynak dosyas─▒ derleniyor)
  
C:\ShadowStrike\ShadowStrike\src\Shared_modules\RealTime\ProcessCreationMonitor.cpp(606,33): error C2039: 'EqualsCaseInsensitive': bir 'ShadowStrike::Utils::StringUtils' ├╝yesi de─şil [C:\ShadowStrike\ShadowStrike\ShadowStrike.vcxproj]
  ('/src/Shared_modules/RealTime/ProcessCreationMonitor.cpp' kaynak dosyas─▒ derleniyor)
      C:\ShadowStrike\ShadowStrike\src\Shared_modules\Utils\StringUtils.hpp(63,19):
      'ShadowStrike::Utils::StringUtils' bildirimine bak─▒n
  
C:\ShadowStrike\ShadowStrike\src\Shared_modules\RealTime\ProcessCreationMonitor.cpp(606,33): error C3861: 'EqualsCaseInsensitive': tan─▒mlay─▒c─▒ bulunamad─▒ [C:\ShadowStrike\ShadowStrike\ShadowStrike.vcxproj]
  ('/src/Shared_modules/RealTime/ProcessCreationMonitor.cpp' kaynak dosyas─▒ derleniyor)
  
C:\ShadowStrike\ShadowStrike\src\Shared_modules\RealTime\ProcessCreationMonitor.cpp(616,36): error C2039: 'EqualsCaseInsensitive': bir 'ShadowStrike::Utils::StringUtils' ├╝yesi de─şil [C:\ShadowStrike\ShadowStrike\ShadowStrike.vcxproj]
  ('/src/Shared_modules/RealTime/ProcessCreationMonitor.cpp' kaynak dosyas─▒ derleniyor)
      C:\ShadowStrike\ShadowStrike\src\Shared_modules\Utils\StringUtils.hpp(63,19):
      'ShadowStrike::Utils::StringUtils' bildirimine bak─▒n
  
C:\ShadowStrike\ShadowStrike\src\Shared_modules\RealTime\ProcessCreationMonitor.cpp(616,36): error C3861: 'EqualsCaseInsensitive': tan─▒mlay─▒c─▒ bulunamad─▒ [C:\ShadowStrike\ShadowStrike\ShadowStrike.vcxproj]
  ('/src/Shared_modules/RealTime/ProcessCreationMonitor.cpp' kaynak dosyas─▒ derleniyor)
  
C:\ShadowStrike\ShadowStrike\src\Shared_modules\RealTime\ProcessCreationMonitor.cpp(617,36): error C2039: 'EqualsCaseInsensitive': bir 'ShadowStrike::Utils::StringUtils' ├╝yesi de─şil [C:\ShadowStrike\ShadowStrike\ShadowStrike.vcxproj]
  ('/src/Shared_modules/RealTime/ProcessCreationMonitor.cpp' kaynak dosyas─▒ derleniyor)
      C:\ShadowStrike\ShadowStrike\src\Shared_modules\Utils\StringUtils.hpp(63,19):
      'ShadowStrike::Utils::StringUtils' bildirimine bak─▒n
  
C:\ShadowStrike\ShadowStrike\src\Shared_modules\RealTime\ProcessCreationMonitor.cpp(617,36): error C3861: 'EqualsCaseInsensitive': tan─▒mlay─▒c─▒ bulunamad─▒ [C:\ShadowStrike\ShadowStrike\ShadowStrike.vcxproj]
  ('/src/Shared_modules/RealTime/ProcessCreationMonitor.cpp' kaynak dosyas─▒ derleniyor)
  
C:\ShadowStrike\ShadowStrike\src\Shared_modules\RealTime\ProcessCreationMonitor.cpp(618,36): error C2039: 'EqualsCaseInsensitive': bir 'ShadowStrike::Utils::StringUtils' ├╝yesi de─şil [C:\ShadowStrike\ShadowStrike\ShadowStrike.vcxproj]
  ('/src/Shared_modules/RealTime/ProcessCreationMonitor.cpp' kaynak dosyas─▒ derleniyor)
      C:\ShadowStrike\ShadowStrike\src\Shared_modules\Utils\StringUtils.hpp(63,19):
      'ShadowStrike::Utils::StringUtils' bildirimine bak─▒n
  
C:\ShadowStrike\ShadowStrike\src\Shared_modules\RealTime\ProcessCreationMonitor.cpp(618,36): error C3861: 'EqualsCaseInsensitive': tan─▒mlay─▒c─▒ bulunamad─▒ [C:\ShadowStrike\ShadowStrike\ShadowStrike.vcxproj]
  ('/src/Shared_modules/RealTime/ProcessCreationMonitor.cpp' kaynak dosyas─▒ derleniyor)
  
C:\ShadowStrike\ShadowStrike\src\Shared_modules\RealTime\ProcessCreationMonitor.cpp(619,36): error C2039: 'EqualsCaseInsensitive': bir 'ShadowStrike::Utils::StringUtils' ├╝yesi de─şil [C:\ShadowStrike\ShadowStrike\ShadowStrike.vcxproj]
  ('/src/Shared_modules/RealTime/ProcessCreationMonitor.cpp' kaynak dosyas─▒ derleniyor)
      C:\ShadowStrike\ShadowStrike\src\Shared_modules\Utils\StringUtils.hpp(63,19):
      'ShadowStrike::Utils::StringUtils' bildirimine bak─▒n
  
C:\ShadowStrike\ShadowStrike\src\Shared_modules\RealTime\ProcessCreationMonitor.cpp(619,36): error C3861: 'EqualsCaseInsensitive': tan─▒mlay─▒c─▒ bulunamad─▒ [C:\ShadowStrike\ShadowStrike\ShadowStrike.vcxproj]
  ('/src/Shared_modules/RealTime/ProcessCreationMonitor.cpp' kaynak dosyas─▒ derleniyor)
  
C:\ShadowStrike\ShadowStrike\src\Shared_modules\RealTime\ProcessCreationMonitor.cpp(623,36): error C2039: 'EqualsCaseInsensitive': bir 'ShadowStrike::Utils::StringUtils' ├╝yesi de─şil [C:\ShadowStrike\ShadowStrike\ShadowStrike.vcxproj]
  ('/src/Shared_modules/RealTime/ProcessCreationMonitor.cpp' kaynak dosyas─▒ derleniyor)
      C:\ShadowStrike\ShadowStrike\src\Shared_modules\Utils\StringUtils.hpp(63,19):
      'ShadowStrike::Utils::StringUtils' bildirimine bak─▒n
  
C:\ShadowStrike\ShadowStrike\src\Shared_modules\RealTime\ProcessCreationMonitor.cpp(623,36): error C3861: 'EqualsCaseInsensitive': tan─▒mlay─▒c─▒ bulunamad─▒ [C:\ShadowStrike\ShadowStrike\ShadowStrike.vcxproj]
  ('/src/Shared_modules/RealTime/ProcessCreationMonitor.cpp' kaynak dosyas─▒ derleniyor)
  
C:\ShadowStrike\ShadowStrike\src\Products\PhantomHome\USB_Protection\USBDeviceMonitor.cpp(1049,1): error C1010: ├Ân derlenmi┼ş ├╝stbilgi aran─▒rken beklenmeyen dosya sonu. kaynak kodunuza '#include "pch.h"' eklemeyi unuttunuz mu? [C:\ShadowStrike\ShadowStrike\ShadowStrike.vcxproj]
C:\ShadowStrike\ShadowStrike\src\Shared_modules\RealTime\ProcessCreationMonitor.cpp(624,36): error C2039: 'EqualsCaseInsensitive': bir 'ShadowStrike::Utils::StringUtils' ├╝yesi de─şil [C:\ShadowStrike\ShadowStrike\ShadowStrike.vcxproj]
  ('/src/Shared_modules/RealTime/ProcessCreationMonitor.cpp' kaynak dosyas─▒ derleniyor)
      C:\ShadowStrike\ShadowStrike\src\Shared_modules\Utils\StringUtils.hpp(63,19):
      'ShadowStrike::Utils::StringUtils' bildirimine bak─▒n
  
C:\ShadowStrike\ShadowStrike\src\Shared_modules\RealTime\ProcessCreationMonitor.cpp(624,36): error C3861: 'EqualsCaseInsensitive': tan─▒mlay─▒c─▒ bulunamad─▒ [C:\ShadowStrike\ShadowStrike\ShadowStrike.vcxproj]
  ('/src/Shared_modules/RealTime/ProcessCreationMonitor.cpp' kaynak dosyas─▒ derleniyor)
  
C:\ShadowStrike\ShadowStrike\src\Shared_modules\RealTime\ProcessCreationMonitor.cpp(625,36): error C2039: 'EqualsCaseInsensitive': bir 'ShadowStrike::Utils::StringUtils' ├╝yesi de─şil [C:\ShadowStrike\ShadowStrike\ShadowStrike.vcxproj]
  ('/src/Shared_modules/RealTime/ProcessCreationMonitor.cpp' kaynak dosyas─▒ derleniyor)
      C:\ShadowStrike\ShadowStrike\src\Shared_modules\Utils\StringUtils.hpp(63,19):
      'ShadowStrike::Utils::StringUtils' bildirimine bak─▒n
  
C:\ShadowStrike\ShadowStrike\src\Shared_modules\RealTime\ProcessCreationMonitor.cpp(625,36): error C3861: 'EqualsCaseInsensitive': tan─▒mlay─▒c─▒ bulunamad─▒ [C:\ShadowStrike\ShadowStrike\ShadowStrike.vcxproj]
  ('/src/Shared_modules/RealTime/ProcessCreationMonitor.cpp' kaynak dosyas─▒ derleniyor)
  
C:\ShadowStrike\ShadowStrike\src\Shared_modules\RealTime\ProcessCreationMonitor.cpp(626,36): error C2039: 'EqualsCaseInsensitive': bir 'ShadowStrike::Utils::StringUtils' ├╝yesi de─şil [C:\ShadowStrike\ShadowStrike\ShadowStrike.vcxproj]
  ('/src/Shared_modules/RealTime/ProcessCreationMonitor.cpp' kaynak dosyas─▒ derleniyor)
      C:\ShadowStrike\ShadowStrike\src\Shared_modules\Utils\StringUtils.hpp(63,19):
      'ShadowStrike::Utils::StringUtils' bildirimine bak─▒n
  
C:\ShadowStrike\ShadowStrike\src\Shared_modules\RealTime\ProcessCreationMonitor.cpp(626,36): error C3861: 'EqualsCaseInsensitive': tan─▒mlay─▒c─▒ bulunamad─▒ [C:\ShadowStrike\ShadowStrike\ShadowStrike.vcxproj]
  ('/src/Shared_modules/RealTime/ProcessCreationMonitor.cpp' kaynak dosyas─▒ derleniyor)
  
C:\ShadowStrike\ShadowStrike\src\Shared_modules\RealTime\ProcessCreationMonitor.cpp(633,33): error C2039: 'EqualsCaseInsensitive': bir 'ShadowStrike::Utils::StringUtils' ├╝yesi de─şil [C:\ShadowStrike\ShadowStrike\ShadowStrike.vcxproj]
  ('/src/Shared_modules/RealTime/ProcessCreationMonitor.cpp' kaynak dosyas─▒ derleniyor)
      C:\ShadowStrike\ShadowStrike\src\Shared_modules\Utils\StringUtils.hpp(63,19):
      'ShadowStrike::Utils::StringUtils' bildirimine bak─▒n
  
C:\ShadowStrike\ShadowStrike\src\Shared_modules\RealTime\ProcessCreationMonitor.cpp(633,33): error C3861: 'EqualsCaseInsensitive': tan─▒mlay─▒c─▒ bulunamad─▒ [C:\ShadowStrike\ShadowStrike\ShadowStrike.vcxproj]
  ('/src/Shared_modules/RealTime/ProcessCreationMonitor.cpp' kaynak dosyas─▒ derleniyor)
  
C:\ShadowStrike\ShadowStrike\src\Shared_modules\RealTime\ProcessCreationMonitor.cpp(821,33): error C2039: 'EqualsCaseInsensitive': bir 'ShadowStrike::Utils::StringUtils' ├╝yesi de─şil [C:\ShadowStrike\ShadowStrike\ShadowStrike.vcxproj]
  ('/src/Shared_modules/RealTime/ProcessCreationMonitor.cpp' kaynak dosyas─▒ derleniyor)
      C:\ShadowStrike\ShadowStrike\src\Shared_modules\Utils\StringUtils.hpp(63,19):
      'ShadowStrike::Utils::StringUtils' bildirimine bak─▒n
  
C:\ShadowStrike\ShadowStrike\src\Shared_modules\RealTime\ProcessCreationMonitor.cpp(821,33): error C3861: 'EqualsCaseInsensitive': tan─▒mlay─▒c─▒ bulunamad─▒ [C:\ShadowStrike\ShadowStrike\ShadowStrike.vcxproj]
  ('/src/Shared_modules/RealTime/ProcessCreationMonitor.cpp' kaynak dosyas─▒ derleniyor)
  
C:\ShadowStrike\ShadowStrike\src\Shared_modules\RealTime\ProcessCreationMonitor.cpp(832,33): error C2039: 'EqualsCaseInsensitive': bir 'ShadowStrike::Utils::StringUtils' ├╝yesi de─şil [C:\ShadowStrike\ShadowStrike\ShadowStrike.vcxproj]
  ('/src/Shared_modules/RealTime/ProcessCreationMonitor.cpp' kaynak dosyas─▒ derleniyor)
      C:\ShadowStrike\ShadowStrike\src\Shared_modules\Utils\StringUtils.hpp(63,19):
      'ShadowStrike::Utils::StringUtils' bildirimine bak─▒n
  
C:\ShadowStrike\ShadowStrike\src\Shared_modules\RealTime\ProcessCreationMonitor.cpp(832,33): error C3861: 'EqualsCaseInsensitive': tan─▒mlay─▒c─▒ bulunamad─▒ [C:\ShadowStrike\ShadowStrike\ShadowStrike.vcxproj]
  ('/src/Shared_modules/RealTime/ProcessCreationMonitor.cpp' kaynak dosyas─▒ derleniyor)
  
C:\ShadowStrike\ShadowStrike\src\Shared_modules\RealTime\ProcessCreationMonitor.cpp(851,32): error C2039: 'Base64DecodeW': bir 'ShadowStrike::Utils::StringUtils' ├╝yesi de─şil [C:\ShadowStrike\ShadowStrike\ShadowStrike.vcxproj]
  ('/src/Shared_modules/RealTime/ProcessCreationMonitor.cpp' kaynak dosyas─▒ derleniyor)
      C:\ShadowStrike\ShadowStrike\src\Shared_modules\Utils\StringUtils.hpp(63,19):
      'ShadowStrike::Utils::StringUtils' bildirimine bak─▒n
  
C:\ShadowStrike\ShadowStrike\src\Shared_modules\RealTime\ProcessCreationMonitor.cpp(851,32): error C3861: 'Base64DecodeW': tan─▒mlay─▒c─▒ bulunamad─▒ [C:\ShadowStrike\ShadowStrike\ShadowStrike.vcxproj]
  ('/src/Shared_modules/RealTime/ProcessCreationMonitor.cpp' kaynak dosyas─▒ derleniyor)
  
C:\ShadowStrike\ShadowStrike\src\Shared_modules\RealTime\ProcessCreationMonitor.cpp(988,14): error C2382: 'ShadowStrike::RealTime::GetProcessImageName': yeniden tan─▒mlama; ├Âzel durum ├Âzellikleri farkl─▒ [C:\ShadowStrike\ShadowStrike\ShadowStrike.vcxproj]
  ('/src/Shared_modules/RealTime/ProcessCreationMonitor.cpp' kaynak dosyas─▒ derleniyor)
      C:\ShadowStrike\ShadowStrike\src\Shared_modules\RealTime\ProcessCreationMonitor.hpp(1676,28):
      'ShadowStrike::RealTime::GetProcessImageName' bildirimine bak─▒n
  
C:\ShadowStrike\ShadowStrike\src\Shared_modules\RealTime\ProcessCreationMonitor.cpp(994,46): error C2248: 'ShadowStrike::RealTime::ProcessCreationMonitor::m_impl': private ├╝ye ('ShadowStrike::RealTime::ProcessCreationMonitor' s─▒n─▒f─▒nda bildirimi yap─▒lan) eri┼şilebilir de─şil [C:\ShadowStrike\ShadowStrike\ShadowStrike.vcxproj]
  ('/src/Shared_modules/RealTime/ProcessCreationMonitor.cpp' kaynak dosyas─▒ derleniyor)
      C:\ShadowStrike\ShadowStrike\src\Shared_modules\RealTime\ProcessCreationMonitor.hpp(1666,27):
      'ShadowStrike::RealTime::ProcessCreationMonitor::m_impl' bildirimine bak─▒n
      C:\ShadowStrike\ShadowStrike\src\Shared_modules\RealTime\ProcessCreationMonitor.hpp(1289,7):
      'ShadowStrike::RealTime::ProcessCreationMonitor' bildirimine bak─▒n
  
C:\ShadowStrike\ShadowStrike\src\Shared_modules\RealTime\ProcessCreationMonitor.cpp(998,46): error C2248: 'ShadowStrike::RealTime::ProcessCreationMonitor::m_impl': private ├╝ye ('ShadowStrike::RealTime::ProcessCreationMonitor' s─▒n─▒f─▒nda bildirimi yap─▒lan) eri┼şilebilir de─şil [C:\ShadowStrike\ShadowStrike\ShadowStrike.vcxproj]
  ('/src/Shared_modules/RealTime/ProcessCreationMonitor.cpp' kaynak dosyas─▒ derleniyor)
      C:\ShadowStrike\ShadowStrike\src\Shared_modules\RealTime\ProcessCreationMonitor.hpp(1666,27):
      'ShadowStrike::RealTime::ProcessCreationMonitor::m_impl' bildirimine bak─▒n
      C:\ShadowStrike\ShadowStrike\src\Shared_modules\RealTime\ProcessCreationMonitor.hpp(1289,7):
      'ShadowStrike::RealTime::ProcessCreationMonitor' bildirimine bak─▒n
  
C:\ShadowStrike\ShadowStrike\src\Shared_modules\RealTime\ProcessCreationMonitor.cpp(1002,46): error C2248: 'ShadowStrike::RealTime::ProcessCreationMonitor::m_impl': private ├╝ye ('ShadowStrike::RealTime::ProcessCreationMonitor' s─▒n─▒f─▒nda bildirimi yap─▒lan) eri┼şilebilir de─şil [C:\ShadowStrike\ShadowStrike\ShadowStrike.vcxproj]
  ('/src/Shared_modules/RealTime/ProcessCreationMonitor.cpp' kaynak dosyas─▒ derleniyor)
      C:\ShadowStrike\ShadowStrike\src\Shared_modules\RealTime\ProcessCreationMonitor.hpp(1666,27):
      'ShadowStrike::RealTime::ProcessCreationMonitor::m_impl' bildirimine bak─▒n
      C:\ShadowStrike\ShadowStrike\src\Shared_modules\RealTime\ProcessCreationMonitor.hpp(1289,7):
      'ShadowStrike::RealTime::ProcessCreationMonitor' bildirimine bak─▒n
  
C:\ShadowStrike\ShadowStrike\src\Shared_modules\RealTime\ProcessCreationMonitor.cpp(1019,32): error C2039: 'ContainsBase64': bir 'ShadowStrike::Utils::StringUtils' ├╝yesi de─şil [C:\ShadowStrike\ShadowStrike\ShadowStrike.vcxproj]
  ('/src/Shared_modules/RealTime/ProcessCreationMonitor.cpp' kaynak dosyas─▒ derleniyor)
      C:\ShadowStrike\ShadowStrike\src\Shared_modules\Utils\StringUtils.hpp(63,19):
      'ShadowStrike::Utils::StringUtils' bildirimine bak─▒n
  
C:\ShadowStrike\ShadowStrike\src\Products\PhantomHome\USB_Protection\DeviceControlManager.hpp(133,10): error C1083: i├ğerme dosyas─▒ a├ğ─▒lam─▒yor: '../Utils/Logger.hpp': No such file or directory [C:\ShadowStrike\ShadowStrike\ShadowStrike.vcxproj]
  ('/src/Products/PhantomHome/USB_Protection/DeviceControlManager.cpp' kaynak dosyas─▒ derleniyor)
  
C:\ShadowStrike\ShadowStrike\src\Shared_modules\Security\TamperProtection.cpp(1588,39): error C2061: s├Âzdizimi hatas─▒: tan─▒mlay─▒c─▒ 'VerificationResultCallback' [C:\ShadowStrike\ShadowStrike\ShadowStrike.vcxproj]
  ('/src/Shared_modules/Security/TamperProtection.cpp' kaynak dosyas─▒ derleniyor)
  
C:\ShadowStrike\ShadowStrike\src\Shared_modules\Security\TamperProtection.cpp(1593,33): error C2061: s├Âzdizimi hatas─▒: tan─▒mlay─▒c─▒ 'RepairResultCallback' [C:\ShadowStrike\ShadowStrike\ShadowStrike.vcxproj]
  ('/src/Shared_modules/Security/TamperProtection.cpp' kaynak dosyas─▒ derleniyor)
  
C:\ShadowStrike\ShadowStrike\src\Shared_modules\Security\TamperProtection.cpp(1598,33): error C2061: s├Âzdizimi hatas─▒: tan─▒mlay─▒c─▒ 'StatusChangeCallback' [C:\ShadowStrike\ShadowStrike\ShadowStrike.vcxproj]
  ('/src/Shared_modules/Security/TamperProtection.cpp' kaynak dosyas─▒ derleniyor)
  
C:\ShadowStrike\ShadowStrike\src\Shared_modules\Security\TamperProtection.cpp(1603,29): error C2061: s├Âzdizimi hatas─▒: tan─▒mlay─▒c─▒ 'TamperResponseHandler' [C:\ShadowStrike\ShadowStrike\ShadowStrike.vcxproj]
  ('/src/Shared_modules/Security/TamperProtection.cpp' kaynak dosyas─▒ derleniyor)
  
C:\ShadowStrike\ShadowStrike\src\Shared_modules\ThreatIntel\ThreatIntelFeedManager_Util.hpp(26,10): error C1083: i├ğerme dosyas─▒ a├ğ─▒lam─▒yor: '../../src/Utils/Base64Utils.hpp': No such file or directory [C:\ShadowStrike\ShadowStrike\ShadowStrike.vcxproj]
  ('/src/Shared_modules/ThreatIntel/ThreatIntelIOCManager.cpp' kaynak dosyas─▒ derleniyor)
  
C:\ShadowStrike\ShadowStrike\src\Products\PhantomHome\USB_Protection\BadUSBDetector.hpp(134,10): error C1083: i├ğerme dosyas─▒ a├ğ─▒lam─▒yor: '../Utils/Logger.hpp': No such file or directory [C:\ShadowStrike\ShadowStrike\ShadowStrike.vcxproj]
  ('/src/Products/PhantomHome/USB_Protection/BadUSBDetector.cpp' kaynak dosyas─▒ derleniyor)
  
C:\ShadowStrike\ShadowStrike\src\Shared_modules\Security\CertificateValidator.hpp(154,10): error C1083: i├ğerme dosyas─▒ a├ğ─▒lam─▒yor: '../Utils/TimeUtils.hpp': No such file or directory [C:\ShadowStrike\ShadowStrike\ShadowStrike.vcxproj]
  ('/src/Shared_modules/Service/AntivirusService.cpp' kaynak dosyas─▒ derleniyor)
  
C:\ShadowStrike\ShadowStrike\src\Products\PhantomHome\USB_Protection\USBAutorunBlocker.hpp(129,10): error C1083: i├ğerme dosyas─▒ a├ğ─▒lam─▒yor: '../Utils/Logger.hpp': No such file or directory [C:\ShadowStrike\ShadowStrike\ShadowStrike.vcxproj]
  ('/src/Products/PhantomHome/USB_Protection/USBAutorunBlocker.cpp' kaynak dosyas─▒ derleniyor)
  
C:\ShadowStrike\ShadowStrike\src\Shared_modules\Security\TamperProtection.cpp(2076,17): error C2065: 'VerificationResultCallback': bildirimi yap─▒lmam─▒┼ş tan─▒mlay─▒c─▒ [C:\ShadowStrike\ShadowStrike\ShadowStrike.vcxproj]
  ('/src/Shared_modules/Security/TamperProtection.cpp' kaynak dosyas─▒ derleniyor)
  
C:\ShadowStrike\ShadowStrike\src\Shared_modules\Security\TamperProtection.cpp(2076,10): error C2923: 'std::vector': 'VerificationResultCallback' ge├ğerli bir ┼şablon t├╝r ba─ş─▒ms─▒z de─şi┼şkeni de─şil ('_Ty' parametresi i├ğin) [C:\ShadowStrike\ShadowStrike\ShadowStrike.vcxproj]
  ('/src/Shared_modules/Security/TamperProtection.cpp' kaynak dosyas─▒ derleniyor)
      C:\ShadowStrike\ShadowStrike\src\Shared_modules\Security\TamperProtection.cpp(2076,17):
      'VerificationResultCallback' bildirimine bak─▒n
  
C:\ShadowStrike\ShadowStrike\src\Shared_modules\Security\TamperProtection.cpp(2076,10): error C2976: 'std::vector': ├ğok az say─▒da ┼şablon ba─ş─▒ms─▒z de─şi┼şkeni var [C:\ShadowStrike\ShadowStrike\ShadowStrike.vcxproj]
  ('/src/Shared_modules/Security/TamperProtection.cpp' kaynak dosyas─▒ derleniyor)
      C:\Program Files\Microsoft Visual Studio\2022\Community\VC\Tools\MSVC\14.44.35207\include\vector(442,7):
      'std::vector' bildirimine bak─▒n
  
C:\ShadowStrike\ShadowStrike\src\Shared_modules\Security\TamperProtection.cpp(2076,45): error C2955: 'std::vector' : s─▒n─▒f ┼şablon kullan─▒m─▒ i├ğin ┼şablon ba─ş─▒ms─▒z de─şi┼şken listesi gerekir [C:\ShadowStrike\ShadowStrike\ShadowStrike.vcxproj]
  ('/src/Shared_modules/Security/TamperProtection.cpp' kaynak dosyas─▒ derleniyor)
      C:\Program Files\Microsoft Visual Studio\2022\Community\VC\Tools\MSVC\14.44.35207\include\vector(442,7):
      'std::vector' bildirimine bak─▒n
  
C:\ShadowStrike\ShadowStrike\src\Shared_modules\Security\TamperProtection.cpp(2077,17): error C2065: 'RepairResultCallback': bildirimi yap─▒lmam─▒┼ş tan─▒mlay─▒c─▒ [C:\ShadowStrike\ShadowStrike\ShadowStrike.vcxproj]
  ('/src/Shared_modules/Security/TamperProtection.cpp' kaynak dosyas─▒ derleniyor)
  
C:\ShadowStrike\ShadowStrike\src\Shared_modules\Security\TamperProtection.cpp(2077,10): error C2923: 'std::vector': 'RepairResultCallback' ge├ğerli bir ┼şablon t├╝r ba─ş─▒ms─▒z de─şi┼şkeni de─şil ('_Ty' parametresi i├ğin) [C:\ShadowStrike\ShadowStrike\ShadowStrike.vcxproj]
  ('/src/Shared_modules/Security/TamperProtection.cpp' kaynak dosyas─▒ derleniyor)
      C:\ShadowStrike\ShadowStrike\src\Shared_modules\Security\TamperProtection.cpp(2077,17):
      'RepairResultCallback' bildirimine bak─▒n
  
C:\ShadowStrike\ShadowStrike\src\Shared_modules\Security\TamperProtection.cpp(2077,10): error C2976: 'std::vector': ├ğok az say─▒da ┼şablon ba─ş─▒ms─▒z de─şi┼şkeni var [C:\ShadowStrike\ShadowStrike\ShadowStrike.vcxproj]
  ('/src/Shared_modules/Security/TamperProtection.cpp' kaynak dosyas─▒ derleniyor)
      C:\Program Files\Microsoft Visual Studio\2022\Community\VC\Tools\MSVC\14.44.35207\include\vector(442,7):
      'std::vector' bildirimine bak─▒n
  
C:\ShadowStrike\ShadowStrike\src\Shared_modules\Security\TamperProtection.cpp(2077,39): error C2955: 'std::vector' : s─▒n─▒f ┼şablon kullan─▒m─▒ i├ğin ┼şablon ba─ş─▒ms─▒z de─şi┼şken listesi gerekir [C:\ShadowStrike\ShadowStrike\ShadowStrike.vcxproj]
  ('/src/Shared_modules/Security/TamperProtection.cpp' kaynak dosyas─▒ derleniyor)
      C:\Program Files\Microsoft Visual Studio\2022\Community\VC\Tools\MSVC\14.44.35207\include\vector(442,7):
      'std::vector' bildirimine bak─▒n
  
C:\ShadowStrike\ShadowStrike\src\Shared_modules\Security\TamperProtection.cpp(2078,17): error C2065: 'StatusChangeCallback': bildirimi yap─▒lmam─▒┼ş tan─▒mlay─▒c─▒ [C:\ShadowStrike\ShadowStrike\ShadowStrike.vcxproj]
  ('/src/Shared_modules/Security/TamperProtection.cpp' kaynak dosyas─▒ derleniyor)
  
C:\ShadowStrike\ShadowStrike\src\Shared_modules\Security\TamperProtection.cpp(2078,10): error C2923: 'std::vector': 'StatusChangeCallback' ge├ğerli bir ┼şablon t├╝r ba─ş─▒ms─▒z de─şi┼şkeni de─şil ('_Ty' parametresi i├ğin) [C:\ShadowStrike\ShadowStrike\ShadowStrike.vcxproj]
  ('/src/Shared_modules/Security/TamperProtection.cpp' kaynak dosyas─▒ derleniyor)
      C:\ShadowStrike\ShadowStrike\src\Shared_modules\Security\TamperProtection.cpp(2078,17):
      'StatusChangeCallback' bildirimine bak─▒n
  
C:\ShadowStrike\ShadowStrike\src\Shared_modules\Security\TamperProtection.cpp(2078,10): error C2976: 'std::vector': ├ğok az say─▒da ┼şablon ba─ş─▒ms─▒z de─şi┼şkeni var [C:\ShadowStrike\ShadowStrike\ShadowStrike.vcxproj]
  ('/src/Shared_modules/Security/TamperProtection.cpp' kaynak dosyas─▒ derleniyor)
      C:\Program Files\Microsoft Visual Studio\2022\Community\VC\Tools\MSVC\14.44.35207\include\vector(442,7):
      'std::vector' bildirimine bak─▒n
  
C:\ShadowStrike\ShadowStrike\src\Shared_modules\Security\TamperProtection.cpp(2078,39): error C2955: 'std::vector' : s─▒n─▒f ┼şablon kullan─▒m─▒ i├ğin ┼şablon ba─ş─▒ms─▒z de─şi┼şken listesi gerekir [C:\ShadowStrike\ShadowStrike\ShadowStrike.vcxproj]
  ('/src/Shared_modules/Security/TamperProtection.cpp' kaynak dosyas─▒ derleniyor)
      C:\Program Files\Microsoft Visual Studio\2022\Community\VC\Tools\MSVC\14.44.35207\include\vector(442,7):
      'std::vector' bildirimine bak─▒n
  
C:\ShadowStrike\ShadowStrike\src\Shared_modules\Security\TamperProtection.cpp(2079,27): error C3646: 'm_responseHandler': bilinmeyen ge├ğersiz k─▒lma belirticisi [C:\ShadowStrike\ShadowStrike\ShadowStrike.vcxproj]
  ('/src/Shared_modules/Security/TamperProtection.cpp' kaynak dosyas─▒ derleniyor)
  
C:\ShadowStrike\ShadowStrike\src\Shared_modules\Security\TamperProtection.cpp(2079,5): error C4430: t├╝r belirticisi eksik - int varsay─▒ld─▒. Not: C++ varsay─▒lan int deste─şi i├ğermez [C:\ShadowStrike\ShadowStrike\ShadowStrike.vcxproj]
  ('/src/Shared_modules/Security/TamperProtection.cpp' kaynak dosyas─▒ derleniyor)
  
C:\ShadowStrike\ShadowStrike\src\Shared_modules\Security\TamperProtection.cpp(566,33): error C2662: 'void std::vector<_Ty,_Alloc>::clear(void) noexcept': 'this' i┼şaret├ğisi 'std::vector' iken 'std::vector<_Ty,_Alloc> &' olarak d├Ân├╝┼şt├╝r├╝lemiyor [C:\ShadowStrike\ShadowStrike\ShadowStrike.vcxproj]
  ('/src/Shared_modules/Security/TamperProtection.cpp' kaynak dosyas─▒ derleniyor)
      C:\ShadowStrike\ShadowStrike\src\Shared_modules\Security\TamperProtection.cpp(566,9):
      Nedeni: 'std::vector' de─şerinden 'std::vector<_Ty,_Alloc>' de─şerine d├Ân├╝┼şt├╝r├╝lemez
      C:\ShadowStrike\ShadowStrike\src\Shared_modules\Security\TamperProtection.cpp(566,9):
      D├Ân├╝┼şt├╝rme ikinci bir kullan─▒c─▒ tan─▒ml─▒ d├Ân├╝┼şt├╝rme i┼şleci veya olu┼şturucu gerektiriyor
      C:\Program Files\Microsoft Visual Studio\2022\Community\VC\Tools\MSVC\14.44.35207\include\vector(1807,23):
      'std::vector<_Ty,_Alloc>::clear' bildirimine bak─▒n
      C:\ShadowStrike\ShadowStrike\src\Shared_modules\Security\TamperProtection.cpp(566,33):
      '()' ba─ş─▒ms─▒z de─şi┼şken listesi e┼şlenmeye ├ğal─▒┼ş─▒l─▒rken
  
C:\ShadowStrike\ShadowStrike\src\Shared_modules\Security\TamperProtection.cpp(567,27): error C2662: 'void std::vector<_Ty,_Alloc>::clear(void) noexcept': 'this' i┼şaret├ğisi 'std::vector' iken 'std::vector<_Ty,_Alloc> &' olarak d├Ân├╝┼şt├╝r├╝lemiyor [C:\ShadowStrike\ShadowStrike\ShadowStrike.vcxproj]
  ('/src/Shared_modules/Security/TamperProtection.cpp' kaynak dosyas─▒ derleniyor)
      C:\ShadowStrike\ShadowStrike\src\Shared_modules\Security\TamperProtection.cpp(567,9):
      Nedeni: 'std::vector' de─şerinden 'std::vector<_Ty,_Alloc>' de─şerine d├Ân├╝┼şt├╝r├╝lemez
      C:\ShadowStrike\ShadowStrike\src\Shared_modules\Security\TamperProtection.cpp(567,9):
      D├Ân├╝┼şt├╝rme ikinci bir kullan─▒c─▒ tan─▒ml─▒ d├Ân├╝┼şt├╝rme i┼şleci veya olu┼şturucu gerektiriyor
      C:\Program Files\Microsoft Visual Studio\2022\Community\VC\Tools\MSVC\14.44.35207\include\vector(1807,23):
      'std::vector<_Ty,_Alloc>::clear' bildirimine bak─▒n
      C:\ShadowStrike\ShadowStrike\src\Shared_modules\Security\TamperProtection.cpp(567,27):
      '()' ba─ş─▒ms─▒z de─şi┼şken listesi e┼şlenmeye ├ğal─▒┼ş─▒l─▒rken
  
C:\ShadowStrike\ShadowStrike\src\Shared_modules\Security\TamperProtection.cpp(568,27): error C2662: 'void std::vector<_Ty,_Alloc>::clear(void) noexcept': 'this' i┼şaret├ğisi 'std::vector' iken 'std::vector<_Ty,_Alloc> &' olarak d├Ân├╝┼şt├╝r├╝lemiyor [C:\ShadowStrike\ShadowStrike\ShadowStrike.vcxproj]
  ('/src/Shared_modules/Security/TamperProtection.cpp' kaynak dosyas─▒ derleniyor)
      C:\ShadowStrike\ShadowStrike\src\Shared_modules\Security\TamperProtection.cpp(568,9):
      Nedeni: 'std::vector' de─şerinden 'std::vector<_Ty,_Alloc>' de─şerine d├Ân├╝┼şt├╝r├╝lemez
      C:\ShadowStrike\ShadowStrike\src\Shared_modules\Security\TamperProtection.cpp(568,9):
      D├Ân├╝┼şt├╝rme ikinci bir kullan─▒c─▒ tan─▒ml─▒ d├Ân├╝┼şt├╝rme i┼şleci veya olu┼şturucu gerektiriyor
      C:\Program Files\Microsoft Visual Studio\2022\Community\VC\Tools\MSVC\14.44.35207\include\vector(1807,23):
      'std::vector<_Ty,_Alloc>::clear' bildirimine bak─▒n
      C:\ShadowStrike\ShadowStrike\src\Shared_modules\Security\TamperProtection.cpp(568,27):
      '()' ba─ş─▒ms─▒z de─şi┼şken listesi e┼şlenmeye ├ğal─▒┼ş─▒l─▒rken
  
C:\ShadowStrike\ShadowStrike\src\Shared_modules\Security\TamperProtection.cpp(569,9): error C2065: 'm_responseHandler': bildirimi yap─▒lmam─▒┼ş tan─▒mlay─▒c─▒ [C:\ShadowStrike\ShadowStrike\ShadowStrike.vcxproj]
  ('/src/Shared_modules/Security/TamperProtection.cpp' kaynak dosyas─▒ derleniyor)
  
C:\ShadowStrike\ShadowStrike\src\Products\PhantomHome\WebProtection\ChromeExtensionScanner.cpp(858,1): error C1010: ├Ân derlenmi┼ş ├╝stbilgi aran─▒rken beklenmeyen dosya sonu. kaynak kodunuza '#include "pch.h"' eklemeyi unuttunuz mu? [C:\ShadowStrike\ShadowStrike\ShadowStrike.vcxproj]
C:\ShadowStrike\ShadowStrike\src\Products\PhantomHome\WebProtection\MaliciousDownloadBlocker.cpp(772,1): error C1010: ├Ân derlenmi┼ş ├╝stbilgi aran─▒rken beklenmeyen dosya sonu. kaynak kodunuza '#include "pch.h"' eklemeyi unuttunuz mu? [C:\ShadowStrike\ShadowStrike\ShadowStrike.vcxproj]
C:\ShadowStrike\ShadowStrike\src\Shared_modules\Security\TamperProtection.cpp(967,28): warning C4834: [[nodiscard]] ├Âzniteli─şine sahip i┼şlevin d├Ân├╝┼ş de─şerinin at─▒lmas─▒ [C:\ShadowStrike\ShadowStrike\ShadowStrike.vcxproj]
  ('/src/Shared_modules/Security/TamperProtection.cpp' kaynak dosyas─▒ derleniyor)
  
C:\ShadowStrike\ShadowStrike\src\Shared_modules\Security\TamperProtection.cpp(972,25): warning C4834: [[nodiscard]] ├Âzniteli─şine sahip i┼şlevin d├Ân├╝┼ş de─şerinin at─▒lmas─▒ [C:\ShadowStrike\ShadowStrike\ShadowStrike.vcxproj]
  ('/src/Shared_modules/Security/TamperProtection.cpp' kaynak dosyas─▒ derleniyor)
  
C:\ShadowStrike\ShadowStrike\src\Shared_modules\Security\TamperProtection.cpp(1014,36): warning C4834: [[nodiscard]] ├Âzniteli─şine sahip i┼şlevin d├Ân├╝┼ş de─şerinin at─▒lmas─▒ [C:\ShadowStrike\ShadowStrike\ShadowStrike.vcxproj]
  ('/src/Shared_modules/Security/TamperProtection.cpp' kaynak dosyas─▒ derleniyor)
  
C:\ShadowStrike\ShadowStrike\src\Shared_modules\Security\TamperProtection.cpp(1067,36): warning C4834: [[nodiscard]] ├Âzniteli─şine sahip i┼şlevin d├Ân├╝┼ş de─şerinin at─▒lmas─▒ [C:\ShadowStrike\ShadowStrike\ShadowStrike.vcxproj]
  ('/src/Shared_modules/Security/TamperProtection.cpp' kaynak dosyas─▒ derleniyor)
  
C:\ShadowStrike\ShadowStrike\src\Shared_modules\Security\TamperProtection.cpp(1104,31): warning C4834: [[nodiscard]] ├Âzniteli─şine sahip i┼şlevin d├Ân├╝┼ş de─şerinin at─▒lmas─▒ [C:\ShadowStrike\ShadowStrike\ShadowStrike.vcxproj]
  ('/src/Shared_modules/Security/TamperProtection.cpp' kaynak dosyas─▒ derleniyor)
  
C:\ShadowStrike\ShadowStrike\src\Shared_modules\Security\TamperProtection.cpp(1144,35): warning C4834: [[nodiscard]] ├Âzniteli─şine sahip i┼şlevin d├Ân├╝┼ş de─şerinin at─▒lmas─▒ [C:\ShadowStrike\ShadowStrike\ShadowStrike.vcxproj]
  ('/src/Shared_modules/Security/TamperProtection.cpp' kaynak dosyas─▒ derleniyor)
  
C:\ShadowStrike\ShadowStrike\src\Shared_modules\Security\TamperProtection.cpp(1172,35): warning C4834: [[nodiscard]] ├Âzniteli─şine sahip i┼şlevin d├Ân├╝┼ş de─şerinin at─▒lmas─▒ [C:\ShadowStrike\ShadowStrike\ShadowStrike.vcxproj]
  ('/src/Shared_modules/Security/TamperProtection.cpp' kaynak dosyas─▒ derleniyor)
  
C:\ShadowStrike\ShadowStrike\src\Shared_modules\Security\TamperProtection.cpp(1287,32): warning C4834: [[nodiscard]] ├Âzniteli─şine sahip i┼şlevin d├Ân├╝┼ş de─şerinin at─▒lmas─▒ [C:\ShadowStrike\ShadowStrike\ShadowStrike.vcxproj]
  ('/src/Shared_modules/Security/TamperProtection.cpp' kaynak dosyas─▒ derleniyor)
  
C:\ShadowStrike\ShadowStrike\src\Shared_modules\Security\TamperProtection.cpp(1380,9): warning C4834: [[nodiscard]] ├Âzniteli─şine sahip i┼şlevin d├Ân├╝┼ş de─şerinin at─▒lmas─▒ [C:\ShadowStrike\ShadowStrike\ShadowStrike.vcxproj]
  ('/src/Shared_modules/Security/TamperProtection.cpp' kaynak dosyas─▒ derleniyor)
  
C:\ShadowStrike\ShadowStrike\src\Shared_modules\Security\TamperProtection.cpp(1590,53): error C2065: 'callback': bildirimi yap─▒lmam─▒┼ş tan─▒mlay─▒c─▒ [C:\ShadowStrike\ShadowStrike\ShadowStrike.vcxproj]
  ('/src/Shared_modules/Security/TamperProtection.cpp' kaynak dosyas─▒ derleniyor)
  
C:\ShadowStrike\ShadowStrike\src\Shared_modules\Security\TamperProtection.cpp(1590,33): error C2663: 'std::vector<_Ty,_Alloc>::push_back': hi├ğbir a┼ş─▒r─▒ y├╝klenmi┼ş i┼şlevin 'this' i┼şaret├ğisi i├ğin ge├ğerli d├Ân├╝┼ş├╝m├╝ yok [C:\ShadowStrike\ShadowStrike\ShadowStrike.vcxproj]
  ('/src/Shared_modules/Security/TamperProtection.cpp' kaynak dosyas─▒ derleniyor)
      C:\Program Files\Microsoft Visual Studio\2022\Community\VC\Tools\MSVC\14.44.35207\include\vector(936,23):
      'void std::vector<_Ty,_Alloc>::push_back(_Ty &&)' olabilirdi
          C:\ShadowStrike\ShadowStrike\src\Shared_modules\Security\TamperProtection.cpp(1590,33):
          'void std::vector<_Ty,_Alloc>::push_back(_Ty &&)': 'this' i┼şaret├ğisi 'std::vector' iken 'std::vector<_Ty,_Alloc> &' olarak d├Ân├╝┼şt├╝r├╝lemiyor
              C:\ShadowStrike\ShadowStrike\src\Shared_modules\Security\TamperProtection.cpp(1590,9):
              Nedeni: 'std::vector' de─şerinden 'std::vector<_Ty,_Alloc>' de─şerine d├Ân├╝┼şt├╝r├╝lemez
              C:\ShadowStrike\ShadowStrike\src\Shared_modules\Security\TamperProtection.cpp(1590,9):
              D├Ân├╝┼şt├╝rme ikinci bir kullan─▒c─▒ tan─▒ml─▒ d├Ân├╝┼şt├╝rme i┼şleci veya olu┼şturucu gerektiriyor
      C:\Program Files\Microsoft Visual Studio\2022\Community\VC\Tools\MSVC\14.44.35207\include\vector(932,23):
      veya       'void std::vector<_Ty,_Alloc>::push_back(const _Ty &)'
          C:\ShadowStrike\ShadowStrike\src\Shared_modules\Security\TamperProtection.cpp(1590,33):
          'void std::vector<_Ty,_Alloc>::push_back(const _Ty &)': 'this' i┼şaret├ğisi 'std::vector' iken 'std::vector<_Ty,_Alloc> &' olarak d├Ân├╝┼şt├╝r├╝lemiyor
              C:\ShadowStrike\ShadowStrike\src\Shared_modules\Security\TamperProtection.cpp(1590,9):
              Nedeni: 'std::vector' de─şerinden 'std::vector<_Ty,_Alloc>' de─şerine d├Ân├╝┼şt├╝r├╝lemez
              C:\ShadowStrike\ShadowStrike\src\Shared_modules\Security\TamperProtection.cpp(1590,9):
              D├Ân├╝┼şt├╝rme ikinci bir kullan─▒c─▒ tan─▒ml─▒ d├Ân├╝┼şt├╝rme i┼şleci veya olu┼şturucu gerektiriyor
      C:\ShadowStrike\ShadowStrike\src\Shared_modules\Security\TamperProtection.cpp(1590,33):
      '()' ba─ş─▒ms─▒z de─şi┼şken listesi e┼şlenmeye ├ğal─▒┼ş─▒l─▒rken
  
C:\ShadowStrike\ShadowStrike\src\Shared_modules\Security\TamperProtection.cpp(1595,47): error C2065: 'callback': bildirimi yap─▒lmam─▒┼ş tan─▒mlay─▒c─▒ [C:\ShadowStrike\ShadowStrike\ShadowStrike.vcxproj]
  ('/src/Shared_modules/Security/TamperProtection.cpp' kaynak dosyas─▒ derleniyor)
  
C:\ShadowStrike\ShadowStrike\src\Shared_modules\Security\TamperProtection.cpp(1595,27): error C2663: 'std::vector<_Ty,_Alloc>::push_back': hi├ğbir a┼ş─▒r─▒ y├╝klenmi┼ş i┼şlevin 'this' i┼şaret├ğisi i├ğin ge├ğerli d├Ân├╝┼ş├╝m├╝ yok [C:\ShadowStrike\ShadowStrike\ShadowStrike.vcxproj]
  ('/src/Shared_modules/Security/TamperProtection.cpp' kaynak dosyas─▒ derleniyor)
      C:\Program Files\Microsoft Visual Studio\2022\Community\VC\Tools\MSVC\14.44.35207\include\vector(936,23):
      'void std::vector<_Ty,_Alloc>::push_back(_Ty &&)' olabilirdi
          C:\ShadowStrike\ShadowStrike\src\Shared_modules\Security\TamperProtection.cpp(1595,27):
          'void std::vector<_Ty,_Alloc>::push_back(_Ty &&)': 'this' i┼şaret├ğisi 'std::vector' iken 'std::vector<_Ty,_Alloc> &' olarak d├Ân├╝┼şt├╝r├╝lemiyor
              C:\ShadowStrike\ShadowStrike\src\Shared_modules\Security\TamperProtection.cpp(1595,9):
              Nedeni: 'std::vector' de─şerinden 'std::vector<_Ty,_Alloc>' de─şerine d├Ân├╝┼şt├╝r├╝lemez
              C:\ShadowStrike\ShadowStrike\src\Shared_modules\Security\TamperProtection.cpp(1595,9):
              D├Ân├╝┼şt├╝rme ikinci bir kullan─▒c─▒ tan─▒ml─▒ d├Ân├╝┼şt├╝rme i┼şleci veya olu┼şturucu gerektiriyor
      C:\Program Files\Microsoft Visual Studio\2022\Community\VC\Tools\MSVC\14.44.35207\include\vector(932,23):
      veya       'void std::vector<_Ty,_Alloc>::push_back(const _Ty &)'
          C:\ShadowStrike\ShadowStrike\src\Shared_modules\Security\TamperProtection.cpp(1595,27):
          'void std::vector<_Ty,_Alloc>::push_back(const _Ty &)': 'this' i┼şaret├ğisi 'std::vector' iken 'std::vector<_Ty,_Alloc> &' olarak d├Ân├╝┼şt├╝r├╝lemiyor
              C:\ShadowStrike\ShadowStrike\src\Shared_modules\Security\TamperProtection.cpp(1595,9):
              Nedeni: 'std::vector' de─şerinden 'std::vector<_Ty,_Alloc>' de─şerine d├Ân├╝┼şt├╝r├╝lemez
              C:\ShadowStrike\ShadowStrike\src\Shared_modules\Security\TamperProtection.cpp(1595,9):
              D├Ân├╝┼şt├╝rme ikinci bir kullan─▒c─▒ tan─▒ml─▒ d├Ân├╝┼şt├╝rme i┼şleci veya olu┼şturucu gerektiriyor
      C:\ShadowStrike\ShadowStrike\src\Shared_modules\Security\TamperProtection.cpp(1595,27):
      '()' ba─ş─▒ms─▒z de─şi┼şken listesi e┼şlenmeye ├ğal─▒┼ş─▒l─▒rken
  
C:\ShadowStrike\ShadowStrike\src\Shared_modules\Security\TamperProtection.cpp(1600,47): error C2065: 'callback': bildirimi yap─▒lmam─▒┼ş tan─▒mlay─▒c─▒ [C:\ShadowStrike\ShadowStrike\ShadowStrike.vcxproj]
  ('/src/Shared_modules/Security/TamperProtection.cpp' kaynak dosyas─▒ derleniyor)
  
C:\ShadowStrike\ShadowStrike\src\Shared_modules\Security\TamperProtection.cpp(1600,27): error C2663: 'std::vector<_Ty,_Alloc>::push_back': hi├ğbir a┼ş─▒r─▒ y├╝klenmi┼ş i┼şlevin 'this' i┼şaret├ğisi i├ğin ge├ğerli d├Ân├╝┼ş├╝m├╝ yok [C:\ShadowStrike\ShadowStrike\ShadowStrike.vcxproj]
  ('/src/Shared_modules/Security/TamperProtection.cpp' kaynak dosyas─▒ derleniyor)
      C:\Program Files\Microsoft Visual Studio\2022\Community\VC\Tools\MSVC\14.44.35207\include\vector(936,23):
      'void std::vector<_Ty,_Alloc>::push_back(_Ty &&)' olabilirdi
          C:\ShadowStrike\ShadowStrike\src\Shared_modules\Security\TamperProtection.cpp(1600,27):
          'void std::vector<_Ty,_Alloc>::push_back(_Ty &&)': 'this' i┼şaret├ğisi 'std::vector' iken 'std::vector<_Ty,_Alloc> &' olarak d├Ân├╝┼şt├╝r├╝lemiyor
              C:\ShadowStrike\ShadowStrike\src\Shared_modules\Security\TamperProtection.cpp(1600,9):
              Nedeni: 'std::vector' de─şerinden 'std::vector<_Ty,_Alloc>' de─şerine d├Ân├╝┼şt├╝r├╝lemez
              C:\ShadowStrike\ShadowStrike\src\Shared_modules\Security\TamperProtection.cpp(1600,9):
              D├Ân├╝┼şt├╝rme ikinci bir kullan─▒c─▒ tan─▒ml─▒ d├Ân├╝┼şt├╝rme i┼şleci veya olu┼şturucu gerektiriyor
      C:\Program Files\Microsoft Visual Studio\2022\Community\VC\Tools\MSVC\14.44.35207\include\vector(932,23):
      veya       'void std::vector<_Ty,_Alloc>::push_back(const _Ty &)'
          C:\ShadowStrike\ShadowStrike\src\Shared_modules\Security\TamperProtection.cpp(1600,27):
          'void std::vector<_Ty,_Alloc>::push_back(const _Ty &)': 'this' i┼şaret├ğisi 'std::vector' iken 'std::vector<_Ty,_Alloc> &' olarak d├Ân├╝┼şt├╝r├╝lemiyor
              C:\ShadowStrike\ShadowStrike\src\Shared_modules\Security\TamperProtection.cpp(1600,9):
              Nedeni: 'std::vector' de─şerinden 'std::vector<_Ty,_Alloc>' de─şerine d├Ân├╝┼şt├╝r├╝lemez
              C:\ShadowStrike\ShadowStrike\src\Shared_modules\Security\TamperProtection.cpp(1600,9):
              D├Ân├╝┼şt├╝rme ikinci bir kullan─▒c─▒ tan─▒ml─▒ d├Ân├╝┼şt├╝rme i┼şleci veya olu┼şturucu gerektiriyor
      C:\ShadowStrike\ShadowStrike\src\Shared_modules\Security\TamperProtection.cpp(1600,27):
      '()' ba─ş─▒ms─▒z de─şi┼şken listesi e┼şlenmeye ├ğal─▒┼ş─▒l─▒rken
  
C:\ShadowStrike\ShadowStrike\src\Shared_modules\Security\TamperProtection.cpp(1605,9): error C2065: 'm_responseHandler': bildirimi yap─▒lmam─▒┼ş tan─▒mlay─▒c─▒ [C:\ShadowStrike\ShadowStrike\ShadowStrike.vcxproj]
  ('/src/Shared_modules/Security/TamperProtection.cpp' kaynak dosyas─▒ derleniyor)
  
C:\ShadowStrike\ShadowStrike\src\Shared_modules\Security\TamperProtection.cpp(1605,39): error C2065: 'handler': bildirimi yap─▒lmam─▒┼ş tan─▒mlay─▒c─▒ [C:\ShadowStrike\ShadowStrike\ShadowStrike.vcxproj]
  ('/src/Shared_modules/Security/TamperProtection.cpp' kaynak dosyas─▒ derleniyor)
  
C:\ShadowStrike\ShadowStrike\src\Shared_modules\Security\TamperProtection.cpp(1611,33): error C2662: 'void std::vector<_Ty,_Alloc>::clear(void) noexcept': 'this' i┼şaret├ğisi 'std::vector' iken 'std::vector<_Ty,_Alloc> &' olarak d├Ân├╝┼şt├╝r├╝lemiyor [C:\ShadowStrike\ShadowStrike\ShadowStrike.vcxproj]
  ('/src/Shared_modules/Security/TamperProtection.cpp' kaynak dosyas─▒ derleniyor)
      C:\ShadowStrike\ShadowStrike\src\Shared_modules\Security\TamperProtection.cpp(1611,9):
      Nedeni: 'std::vector' de─şerinden 'std::vector<_Ty,_Alloc>' de─şerine d├Ân├╝┼şt├╝r├╝lemez
      C:\ShadowStrike\ShadowStrike\src\Shared_modules\Security\TamperProtection.cpp(1611,9):
      D├Ân├╝┼şt├╝rme ikinci bir kullan─▒c─▒ tan─▒ml─▒ d├Ân├╝┼şt├╝rme i┼şleci veya olu┼şturucu gerektiriyor
      C:\Program Files\Microsoft Visual Studio\2022\Community\VC\Tools\MSVC\14.44.35207\include\vector(1807,23):
      'std::vector<_Ty,_Alloc>::clear' bildirimine bak─▒n
      C:\ShadowStrike\ShadowStrike\src\Shared_modules\Security\TamperProtection.cpp(1611,33):
      '()' ba─ş─▒ms─▒z de─şi┼şken listesi e┼şlenmeye ├ğal─▒┼ş─▒l─▒rken
  
C:\ShadowStrike\ShadowStrike\src\Shared_modules\Security\TamperProtection.cpp(1612,27): error C2662: 'void std::vector<_Ty,_Alloc>::clear(void) noexcept': 'this' i┼şaret├ğisi 'std::vector' iken 'std::vector<_Ty,_Alloc> &' olarak d├Ân├╝┼şt├╝r├╝lemiyor [C:\ShadowStrike\ShadowStrike\ShadowStrike.vcxproj]
  ('/src/Shared_modules/Security/TamperProtection.cpp' kaynak dosyas─▒ derleniyor)
      C:\ShadowStrike\ShadowStrike\src\Shared_modules\Security\TamperProtection.cpp(1612,9):
      Nedeni: 'std::vector' de─şerinden 'std::vector<_Ty,_Alloc>' de─şerine d├Ân├╝┼şt├╝r├╝lemez
      C:\ShadowStrike\ShadowStrike\src\Shared_modules\Security\TamperProtection.cpp(1612,9):
      D├Ân├╝┼şt├╝rme ikinci bir kullan─▒c─▒ tan─▒ml─▒ d├Ân├╝┼şt├╝rme i┼şleci veya olu┼şturucu gerektiriyor
      C:\Program Files\Microsoft Visual Studio\2022\Community\VC\Tools\MSVC\14.44.35207\include\vector(1807,23):
      'std::vector<_Ty,_Alloc>::clear' bildirimine bak─▒n
      C:\ShadowStrike\ShadowStrike\src\Shared_modules\Security\TamperProtection.cpp(1612,27):
      '()' ba─ş─▒ms─▒z de─şi┼şken listesi e┼şlenmeye ├ğal─▒┼ş─▒l─▒rken
  
C:\ShadowStrike\ShadowStrike\src\Shared_modules\Security\TamperProtection.cpp(1613,27): error C2662: 'void std::vector<_Ty,_Alloc>::clear(void) noexcept': 'this' i┼şaret├ğisi 'std::vector' iken 'std::vector<_Ty,_Alloc> &' olarak d├Ân├╝┼şt├╝r├╝lemiyor [C:\ShadowStrike\ShadowStrike\ShadowStrike.vcxproj]
  ('/src/Shared_modules/Security/TamperProtection.cpp' kaynak dosyas─▒ derleniyor)
      C:\ShadowStrike\ShadowStrike\src\Shared_modules\Security\TamperProtection.cpp(1613,9):
      Nedeni: 'std::vector' de─şerinden 'std::vector<_Ty,_Alloc>' de─şerine d├Ân├╝┼şt├╝r├╝lemez
      C:\ShadowStrike\ShadowStrike\src\Shared_modules\Security\TamperProtection.cpp(1613,9):
      D├Ân├╝┼şt├╝rme ikinci bir kullan─▒c─▒ tan─▒ml─▒ d├Ân├╝┼şt├╝rme i┼şleci veya olu┼şturucu gerektiriyor
      C:\Program Files\Microsoft Visual Studio\2022\Community\VC\Tools\MSVC\14.44.35207\include\vector(1807,23):
      'std::vector<_Ty,_Alloc>::clear' bildirimine bak─▒n
      C:\ShadowStrike\ShadowStrike\src\Shared_modules\Security\TamperProtection.cpp(1613,27):
      '()' ba─ş─▒ms─▒z de─şi┼şken listesi e┼şlenmeye ├ğal─▒┼ş─▒l─▒rken
  
C:\ShadowStrike\ShadowStrike\src\Shared_modules\Security\TamperProtection.cpp(1614,9): error C2065: 'm_responseHandler': bildirimi yap─▒lmam─▒┼ş tan─▒mlay─▒c─▒ [C:\ShadowStrike\ShadowStrike\ShadowStrike.vcxproj]
  ('/src/Shared_modules/Security/TamperProtection.cpp' kaynak dosyas─▒ derleniyor)
  
C:\ShadowStrike\ShadowStrike\src\Shared_modules\Security\TamperProtection.cpp(1864,14): error C2678: ikili '&': 'ShadowStrike::Security::TamperResponse' t├╝r├╝nde bir sol taraf i┼şleneni alan hi├ğbir i┼şle├ğ bulunamad─▒ (veya hi├ğ kabul edilebilir d├Ân├╝┼şt├╝rme yok) [C:\ShadowStrike\ShadowStrike\ShadowStrike.vcxproj]
  ('/src/Shared_modules/Security/TamperProtection.cpp' kaynak dosyas─▒ derleniyor)
      C:\ShadowStrike\ShadowStrike\src\Shared_modules\Security\TamperProtection.hpp(359,40):
      'ShadowStrike::Security::ProtectedResourceType ShadowStrike::Security::operator &(ShadowStrike::Security::ProtectedResourceType,ShadowStrike::Security::ProtectedResourceType) noexcept' olabilirdi
          C:\ShadowStrike\ShadowStrike\src\Shared_modules\Security\TamperProtection.cpp(1864,14):
          'ShadowStrike::Security::ProtectedResourceType ShadowStrike::Security::operator &(ShadowStrike::Security::ProtectedResourceType,ShadowStrike::Security::ProtectedResourceType) noexcept' : 1 ba─ş─▒ms─▒z de─şi┼şkeni 'ShadowStrike::Security::TamperResponse' de─şerinden 'ShadowStrike::Security::ProtectedResourceType' de─şerine d├Ân├╝┼şt├╝r├╝lemez
              C:\ShadowStrike\ShadowStrike\src\Shared_modules\Security\TamperProtection.cpp(1864,14):
              Numaraland─▒rma t├╝r├╝ne d├Ân├╝┼şt├╝rme a├ğ─▒k bir d├Ân├╝┼şt├╝rme gerektiriyor (static_cast, C stili t├╝r d├Ân├╝┼şt├╝rme veya parantez i├ğine al─▒nm─▒┼ş i┼şlev stili t├╝r d├Ân├╝┼şt├╝rme)
      C:\ShadowStrike\ShadowStrike\src\Shared_modules\Security\TamperProtection.cpp(1864,14):
      '(ShadowStrike::Security::TamperResponse, ShadowStrike::Security::TamperResponse)' ba─ş─▒ms─▒z de─şi┼şken listesi e┼şlenmeye ├ğal─▒┼ş─▒l─▒rken
  
C:\ShadowStrike\ShadowStrike\src\Shared_modules\Security\TamperProtection.cpp(1869,14): error C2678: ikili '&': 'ShadowStrike::Security::TamperResponse' t├╝r├╝nde bir sol taraf i┼şleneni alan hi├ğbir i┼şle├ğ bulunamad─▒ (veya hi├ğ kabul edilebilir d├Ân├╝┼şt├╝rme yok) [C:\ShadowStrike\ShadowStrike\ShadowStrike.vcxproj]
  ('/src/Shared_modules/Security/TamperProtection.cpp' kaynak dosyas─▒ derleniyor)
      C:\ShadowStrike\ShadowStrike\src\Shared_modules\Security\TamperProtection.hpp(359,40):
      'ShadowStrike::Security::ProtectedResourceType ShadowStrike::Security::operator &(ShadowStrike::Security::ProtectedResourceType,ShadowStrike::Security::ProtectedResourceType) noexcept' olabilirdi
          C:\ShadowStrike\ShadowStrike\src\Shared_modules\Security\TamperProtection.cpp(1869,14):
          'ShadowStrike::Security::ProtectedResourceType ShadowStrike::Security::operator &(ShadowStrike::Security::ProtectedResourceType,ShadowStrike::Security::ProtectedResourceType) noexcept' : 1 ba─ş─▒ms─▒z de─şi┼şkeni 'ShadowStrike::Security::TamperResponse' de─şerinden 'ShadowStrike::Security::ProtectedResourceType' de─şerine d├Ân├╝┼şt├╝r├╝lemez
              C:\ShadowStrike\ShadowStrike\src\Shared_modules\Security\TamperProtection.cpp(1869,14):
              Numaraland─▒rma t├╝r├╝ne d├Ân├╝┼şt├╝rme a├ğ─▒k bir d├Ân├╝┼şt├╝rme gerektiriyor (static_cast, C stili t├╝r d├Ân├╝┼şt├╝rme veya parantez i├ğine al─▒nm─▒┼ş i┼şlev stili t├╝r d├Ân├╝┼şt├╝rme)
      C:\ShadowStrike\ShadowStrike\src\Shared_modules\Security\TamperProtection.cpp(1869,14):
      '(ShadowStrike::Security::TamperResponse, ShadowStrike::Security::TamperResponse)' ba─ş─▒ms─▒z de─şi┼şken listesi e┼şlenmeye ├ğal─▒┼ş─▒l─▒rken
  
C:\ShadowStrike\ShadowStrike\src\Shared_modules\Security\TamperProtection.cpp(1884,68): error C2039: 'MAX_EVENT_HISTORY': bir 'ShadowStrike::Security::TamperProtectionConstants' ├╝yesi de─şil [C:\ShadowStrike\ShadowStrike\ShadowStrike.vcxproj]
  ('/src/Shared_modules/Security/TamperProtection.cpp' kaynak dosyas─▒ derleniyor)
      C:\ShadowStrike\ShadowStrike\src\Shared_modules\Security\TamperProtection.hpp(205,11):
      'ShadowStrike::Security::TamperProtectionConstants' bildirimine bak─▒n
  
C:\ShadowStrike\ShadowStrike\src\Shared_modules\Security\TamperProtection.cpp(1884,68): error C2065: 'MAX_EVENT_HISTORY': bildirimi yap─▒lmam─▒┼ş tan─▒mlay─▒c─▒ [C:\ShadowStrike\ShadowStrike\ShadowStrike.vcxproj]
  ('/src/Shared_modules/Security/TamperProtection.cpp' kaynak dosyas─▒ derleniyor)
  
C:\ShadowStrike\ShadowStrike\src\Shared_modules\Security\TamperProtection.cpp(1941,35): error C2065: 'CSIDL_COMMON_APPDATA': bildirimi yap─▒lmam─▒┼ş tan─▒mlay─▒c─▒ [C:\ShadowStrike\ShadowStrike\ShadowStrike.vcxproj]
  ('/src/Shared_modules/Security/TamperProtection.cpp' kaynak dosyas─▒ derleniyor)
  
C:\ShadowStrike\ShadowStrike\src\Shared_modules\Security\TamperProtection.cpp(1941,9): error C3861: 'SHGetFolderPathW': tan─▒mlay─▒c─▒ bulunamad─▒ [C:\ShadowStrike\ShadowStrike\ShadowStrike.vcxproj]
  ('/src/Shared_modules/Security/TamperProtection.cpp' kaynak dosyas─▒ derleniyor)
  
C:\ShadowStrike\ShadowStrike\src\Shared_modules\Security\TamperProtection.cpp(2002,17): warning C4834: [[nodiscard]] ├Âzniteli─şine sahip i┼şlevin d├Ân├╝┼ş de─şerinin at─▒lmas─▒ [C:\ShadowStrike\ShadowStrike\ShadowStrike.vcxproj]
  ('/src/Shared_modules/Security/TamperProtection.cpp' kaynak dosyas─▒ derleniyor)
  
C:\ShadowStrike\ShadowStrike\src\Shared_modules\Security\TamperProtection.cpp(2022,37): error C2663: 'std::vector<_Ty,_Alloc>::_Unchecked_begin': hi├ğbir a┼ş─▒r─▒ y├╝klenmi┼ş i┼şlevin 'this' i┼şaret├ğisi i├ğin ge├ğerli d├Ân├╝┼ş├╝m├╝ yok [C:\ShadowStrike\ShadowStrike\ShadowStrike.vcxproj]
  ('/src/Shared_modules/Security/TamperProtection.cpp' kaynak dosyas─▒ derleniyor)
      C:\Program Files\Microsoft Visual Studio\2022\Community\VC\Tools\MSVC\14.44.35207\include\vector(1896,40):
      'const _Ty *std::vector<_Ty,_Alloc>::_Unchecked_begin(void) noexcept const' olabilirdi
          C:\ShadowStrike\ShadowStrike\src\Shared_modules\Security\TamperProtection.cpp(2022,37):
          'const _Ty *std::vector<_Ty,_Alloc>::_Unchecked_begin(void) noexcept const': 'this' i┼şaret├ğisi 'std::vector' iken 'const std::vector<_Ty,_Alloc> &' olarak d├Ân├╝┼şt├╝r├╝lemiyor
              C:\ShadowStrike\ShadowStrike\src\Shared_modules\Security\TamperProtection.cpp(2022,37):
              Nedeni: 'std::vector' de─şerinden 'const std::vector<_Ty,_Alloc>' de─şerine d├Ân├╝┼şt├╝r├╝lemez
              C:\ShadowStrike\ShadowStrike\src\Shared_modules\Security\TamperProtection.cpp(2022,37):
              D├Ân├╝┼şt├╝rme ikinci bir kullan─▒c─▒ tan─▒ml─▒ d├Ân├╝┼şt├╝rme i┼şleci veya olu┼şturucu gerektiriyor
      C:\Program Files\Microsoft Visual Studio\2022\Community\VC\Tools\MSVC\14.44.35207\include\vector(1892,34):
      veya       '_Ty *std::vector<_Ty,_Alloc>::_Unchecked_begin(void) noexcept'
          C:\ShadowStrike\ShadowStrike\src\Shared_modules\Security\TamperProtection.cpp(2022,37):
          '_Ty *std::vector<_Ty,_Alloc>::_Unchecked_begin(void) noexcept': 'this' i┼şaret├ğisi 'std::vector' iken 'std::vector<_Ty,_Alloc> &' olarak d├Ân├╝┼şt├╝r├╝lemiyor
              C:\ShadowStrike\ShadowStrike\src\Shared_modules\Security\TamperProtection.cpp(2022,37):
              Nedeni: 'std::vector' de─şerinden 'std::vector<_Ty,_Alloc>' de─şerine d├Ân├╝┼şt├╝r├╝lemez
              C:\ShadowStrike\ShadowStrike\src\Shared_modules\Security\TamperProtection.cpp(2022,37):
              D├Ân├╝┼şt├╝rme ikinci bir kullan─▒c─▒ tan─▒ml─▒ d├Ân├╝┼şt├╝rme i┼şleci veya olu┼şturucu gerektiriyor
      C:\ShadowStrike\ShadowStrike\src\Shared_modules\Security\TamperProtection.cpp(2022,37):
      '()' ba─ş─▒ms─▒z de─şi┼şken listesi e┼şlenmeye ├ğal─▒┼ş─▒l─▒rken
  
C:\ShadowStrike\ShadowStrike\src\Shared_modules\Security\TamperProtection.cpp(2022,37): error C2663: 'std::vector<_Ty,_Alloc>::_Unchecked_end': hi├ğbir a┼ş─▒r─▒ y├╝klenmi┼ş i┼şlevin 'this' i┼şaret├ğisi i├ğin ge├ğerli d├Ân├╝┼ş├╝m├╝ yok [C:\ShadowStrike\ShadowStrike\ShadowStrike.vcxproj]
  ('/src/Shared_modules/Security/TamperProtection.cpp' kaynak dosyas─▒ derleniyor)
      C:\Program Files\Microsoft Visual Studio\2022\Community\VC\Tools\MSVC\14.44.35207\include\vector(1904,40):
      'const _Ty *std::vector<_Ty,_Alloc>::_Unchecked_end(void) noexcept const' olabilirdi
          C:\ShadowStrike\ShadowStrike\src\Shared_modules\Security\TamperProtection.cpp(2022,37):
          'const _Ty *std::vector<_Ty,_Alloc>::_Unchecked_end(void) noexcept const': 'this' i┼şaret├ğisi 'std::vector' iken 'const std::vector<_Ty,_Alloc> &' olarak d├Ân├╝┼şt├╝r├╝lemiyor
              C:\ShadowStrike\ShadowStrike\src\Shared_modules\Security\TamperProtection.cpp(2022,37):
              Nedeni: 'std::vector' de─şerinden 'const std::vector<_Ty,_Alloc>' de─şerine d├Ân├╝┼şt├╝r├╝lemez
              C:\ShadowStrike\ShadowStrike\src\Shared_modules\Security\TamperProtection.cpp(2022,37):
              D├Ân├╝┼şt├╝rme ikinci bir kullan─▒c─▒ tan─▒ml─▒ d├Ân├╝┼şt├╝rme i┼şleci veya olu┼şturucu gerektiriyor
      C:\Program Files\Microsoft Visual Studio\2022\Community\VC\Tools\MSVC\14.44.35207\include\vector(1900,34):
      veya       '_Ty *std::vector<_Ty,_Alloc>::_Unchecked_end(void) noexcept'
          C:\ShadowStrike\ShadowStrike\src\Shared_modules\Security\TamperProtection.cpp(2022,37):
          '_Ty *std::vector<_Ty,_Alloc>::_Unchecked_end(void) noexcept': 'this' i┼şaret├ğisi 'std::vector' iken 'std::vector<_Ty,_Alloc> &' olarak d├Ân├╝┼şt├╝r├╝lemiyor
              C:\ShadowStrike\ShadowStrike\src\Shared_modules\Security\TamperProtection.cpp(2022,37):
              Nedeni: 'std::vector' de─şerinden 'std::vector<_Ty,_Alloc>' de─şerine d├Ân├╝┼şt├╝r├╝lemez
              C:\ShadowStrike\ShadowStrike\src\Shared_modules\Security\TamperProtection.cpp(2022,37):
              D├Ân├╝┼şt├╝rme ikinci bir kullan─▒c─▒ tan─▒ml─▒ d├Ân├╝┼şt├╝rme i┼şleci veya olu┼şturucu gerektiriyor
      C:\ShadowStrike\ShadowStrike\src\Shared_modules\Security\TamperProtection.cpp(2022,37):
      '()' ba─ş─▒ms─▒z de─şi┼şken listesi e┼şlenmeye ├ğal─▒┼ş─▒l─▒rken
  
C:\ShadowStrike\ShadowStrike\src\Shared_modules\Security\TamperProtection.cpp(2033,37): error C2663: 'std::vector<_Ty,_Alloc>::_Unchecked_begin': hi├ğbir a┼ş─▒r─▒ y├╝klenmi┼ş i┼şlevin 'this' i┼şaret├ğisi i├ğin ge├ğerli d├Ân├╝┼ş├╝m├╝ yok [C:\ShadowStrike\ShadowStrike\ShadowStrike.vcxproj]
  ('/src/Shared_modules/Security/TamperProtection.cpp' kaynak dosyas─▒ derleniyor)
      C:\Program Files\Microsoft Visual Studio\2022\Community\VC\Tools\MSVC\14.44.35207\include\vector(1896,40):
      'const _Ty *std::vector<_Ty,_Alloc>::_Unchecked_begin(void) noexcept const' olabilirdi
          C:\ShadowStrike\ShadowStrike\src\Shared_modules\Security\TamperProtection.cpp(2033,37):
          'const _Ty *std::vector<_Ty,_Alloc>::_Unchecked_begin(void) noexcept const': 'this' i┼şaret├ğisi 'std::vector' iken 'const std::vector<_Ty,_Alloc> &' olarak d├Ân├╝┼şt├╝r├╝lemiyor
              C:\ShadowStrike\ShadowStrike\src\Shared_modules\Security\TamperProtection.cpp(2033,37):
              Nedeni: 'std::vector' de─şerinden 'const std::vector<_Ty,_Alloc>' de─şerine d├Ân├╝┼şt├╝r├╝lemez
              C:\ShadowStrike\ShadowStrike\src\Shared_modules\Security\TamperProtection.cpp(2033,37):
              D├Ân├╝┼şt├╝rme ikinci bir kullan─▒c─▒ tan─▒ml─▒ d├Ân├╝┼şt├╝rme i┼şleci veya olu┼şturucu gerektiriyor
      C:\Program Files\Microsoft Visual Studio\2022\Community\VC\Tools\MSVC\14.44.35207\include\vector(1892,34):
      veya       '_Ty *std::vector<_Ty,_Alloc>::_Unchecked_begin(void) noexcept'
          C:\ShadowStrike\ShadowStrike\src\Shared_modules\Security\TamperProtection.cpp(2033,37):
          '_Ty *std::vector<_Ty,_Alloc>::_Unchecked_begin(void) noexcept': 'this' i┼şaret├ğisi 'std::vector' iken 'std::vector<_Ty,_Alloc> &' olarak d├Ân├╝┼şt├╝r├╝lemiyor
              C:\ShadowStrike\ShadowStrike\src\Shared_modules\Security\TamperProtection.cpp(2033,37):
              Nedeni: 'std::vector' de─şerinden 'std::vector<_Ty,_Alloc>' de─şerine d├Ân├╝┼şt├╝r├╝lemez
              C:\ShadowStrike\ShadowStrike\src\Shared_modules\Security\TamperProtection.cpp(2033,37):
              D├Ân├╝┼şt├╝rme ikinci bir kullan─▒c─▒ tan─▒ml─▒ d├Ân├╝┼şt├╝rme i┼şleci veya olu┼şturucu gerektiriyor
      C:\ShadowStrike\ShadowStrike\src\Shared_modules\Security\TamperProtection.cpp(2033,37):
      '()' ba─ş─▒ms─▒z de─şi┼şken listesi e┼şlenmeye ├ğal─▒┼ş─▒l─▒rken
  
C:\ShadowStrike\ShadowStrike\src\Shared_modules\Security\TamperProtection.cpp(2033,37): error C2663: 'std::vector<_Ty,_Alloc>::_Unchecked_end': hi├ğbir a┼ş─▒r─▒ y├╝klenmi┼ş i┼şlevin 'this' i┼şaret├ğisi i├ğin ge├ğerli d├Ân├╝┼ş├╝m├╝ yok [C:\ShadowStrike\ShadowStrike\ShadowStrike.vcxproj]
  ('/src/Shared_modules/Security/TamperProtection.cpp' kaynak dosyas─▒ derleniyor)
      C:\Program Files\Microsoft Visual Studio\2022\Community\VC\Tools\MSVC\14.44.35207\include\vector(1904,40):
      'const _Ty *std::vector<_Ty,_Alloc>::_Unchecked_end(void) noexcept const' olabilirdi
          C:\ShadowStrike\ShadowStrike\src\Shared_modules\Security\TamperProtection.cpp(2033,37):
          'const _Ty *std::vector<_Ty,_Alloc>::_Unchecked_end(void) noexcept const': 'this' i┼şaret├ğisi 'std::vector' iken 'const std::vector<_Ty,_Alloc> &' olarak d├Ân├╝┼şt├╝r├╝lemiyor
              C:\ShadowStrike\ShadowStrike\src\Shared_modules\Security\TamperProtection.cpp(2033,37):
              Nedeni: 'std::vector' de─şerinden 'const std::vector<_Ty,_Alloc>' de─şerine d├Ân├╝┼şt├╝r├╝lemez
              C:\ShadowStrike\ShadowStrike\src\Shared_modules\Security\TamperProtection.cpp(2033,37):
              D├Ân├╝┼şt├╝rme ikinci bir kullan─▒c─▒ tan─▒ml─▒ d├Ân├╝┼şt├╝rme i┼şleci veya olu┼şturucu gerektiriyor
      C:\Program Files\Microsoft Visual Studio\2022\Community\VC\Tools\MSVC\14.44.35207\include\vector(1900,34):
      veya       '_Ty *std::vector<_Ty,_Alloc>::_Unchecked_end(void) noexcept'
          C:\ShadowStrike\ShadowStrike\src\Shared_modules\Security\TamperProtection.cpp(2033,37):
          '_Ty *std::vector<_Ty,_Alloc>::_Unchecked_end(void) noexcept': 'this' i┼şaret├ğisi 'std::vector' iken 'std::vector<_Ty,_Alloc> &' olarak d├Ân├╝┼şt├╝r├╝lemiyor
              C:\ShadowStrike\ShadowStrike\src\Shared_modules\Security\TamperProtection.cpp(2033,37):
              Nedeni: 'std::vector' de─şerinden 'std::vector<_Ty,_Alloc>' de─şerine d├Ân├╝┼şt├╝r├╝lemez
              C:\ShadowStrike\ShadowStrike\src\Shared_modules\Security\TamperProtection.cpp(2033,37):
              D├Ân├╝┼şt├╝rme ikinci bir kullan─▒c─▒ tan─▒ml─▒ d├Ân├╝┼şt├╝rme i┼şleci veya olu┼şturucu gerektiriyor
      C:\ShadowStrike\ShadowStrike\src\Shared_modules\Security\TamperProtection.cpp(2033,37):
      '()' ba─ş─▒ms─▒z de─şi┼şken listesi e┼şlenmeye ├ğal─▒┼ş─▒l─▒rken
  
C:\ShadowStrike\ShadowStrike\src\Shared_modules\Security\TamperProtection.cpp(2339,38): error C2039: 'IsSubsystemActive': bir 'ShadowStrike::Security::TamperProtection' ├╝yesi de─şil [C:\ShadowStrike\ShadowStrike\ShadowStrike.vcxproj]
  ('/src/Shared_modules/Security/TamperProtection.cpp' kaynak dosyas─▒ derleniyor)
      C:\ShadowStrike\ShadowStrike\src\Shared_modules\Security\TamperProtection.hpp(929,7):
      'ShadowStrike::Security::TamperProtection' bildirimine bak─▒n
  
C:\ShadowStrike\ShadowStrike\src\Shared_modules\Security\TamperProtection.cpp(2339,38): error C2270: 'IsSubsystemActive': ├╝ye olmayan i┼şlevlerde de─şi┼ştiricilere izin verilmez [C:\ShadowStrike\ShadowStrike\ShadowStrike.vcxproj]
  ('/src/Shared_modules/Security/TamperProtection.cpp' kaynak dosyas─▒ derleniyor)
  
C:\ShadowStrike\ShadowStrike\src\Shared_modules\Security\TamperProtection.cpp(2340,12): error C2065: 'm_impl': bildirimi yap─▒lmam─▒┼ş tan─▒mlay─▒c─▒ [C:\ShadowStrike\ShadowStrike\ShadowStrike.vcxproj]
  ('/src/Shared_modules/Security/TamperProtection.cpp' kaynak dosyas─▒ derleniyor)
  
C:\ShadowStrike\ShadowStrike\src\Shared_modules\Security\TamperProtection.cpp(2347,38): error C2511: 'bool ShadowStrike::Security::TamperProtection::RemoveFromWhitelist(std::wstring_view)': a┼ş─▒r─▒ y├╝klenen ├╝ye i┼şlev 'ShadowStrike::Security::TamperProtection' i├ğinde bulunamad─▒ [C:\ShadowStrike\ShadowStrike\ShadowStrike.vcxproj]
  ('/src/Shared_modules/Security/TamperProtection.cpp' kaynak dosyas─▒ derleniyor)
      C:\ShadowStrike\ShadowStrike\src\Shared_modules\Security\TamperProtection.hpp(929,7):
      'ShadowStrike::Security::TamperProtection' bildirimine bak─▒n
  
C:\ShadowStrike\ShadowStrike\src\Shared_modules\Security\TamperProtection.cpp(2355,83): error C2039: 'GetWhitelistedResources': bir 'ShadowStrike::Security::TamperProtection' ├╝yesi de─şil [C:\ShadowStrike\ShadowStrike\ShadowStrike.vcxproj]
  ('/src/Shared_modules/Security/TamperProtection.cpp' kaynak dosyas─▒ derleniyor)
      C:\ShadowStrike\ShadowStrike\src\Shared_modules\Security\TamperProtection.hpp(929,7):
      'ShadowStrike::Security::TamperProtection' bildirimine bak─▒n
  
C:\ShadowStrike\ShadowStrike\src\Shared_modules\Security\TamperProtection.cpp(2355,83): error C2270: 'GetWhitelistedResources': ├╝ye olmayan i┼şlevlerde de─şi┼ştiricilere izin verilmez [C:\ShadowStrike\ShadowStrike\ShadowStrike.vcxproj]
  ('/src/Shared_modules/Security/TamperProtection.cpp' kaynak dosyas─▒ derleniyor)
  
C:\ShadowStrike\ShadowStrike\src\Shared_modules\Security\TamperProtection.cpp(2356,12): error C2065: 'm_impl': bildirimi yap─▒lmam─▒┼ş tan─▒mlay─▒c─▒ [C:\ShadowStrike\ShadowStrike\ShadowStrike.vcxproj]
  ('/src/Shared_modules/Security/TamperProtection.cpp' kaynak dosyas─▒ derleniyor)
  
C:\ShadowStrike\ShadowStrike\src\Shared_modules\Security\TamperProtection.cpp(2359,24): error C2556: 'void ShadowStrike::Security::TamperProtection::RegisterEventCallback(ShadowStrike::Security::TamperEventCallback)': a┼ş─▒r─▒ y├╝klenen sanal i┼şlev ile 'uint64_t ShadowStrike::Security::TamperProtection::RegisterEventCallback(ShadowStrike::Security::TamperEventCallback)' aras─▒ndaki tek fark d├Ân├╝┼ş t├╝r├╝ [C:\ShadowStrike\ShadowStrike\ShadowStrike.vcxproj]
  ('/src/Shared_modules/Security/TamperProtection.cpp' kaynak dosyas─▒ derleniyor)
      C:\ShadowStrike\ShadowStrike\src\Shared_modules\Security\TamperProtection.hpp(1331,28):
      'ShadowStrike::Security::TamperProtection::RegisterEventCallback' bildirimine bak─▒n
  
C:\ShadowStrike\ShadowStrike\src\Shared_modules\Security\TamperProtection.cpp(2359,24): error C2371: 'ShadowStrike::Security::TamperProtection::RegisterEventCallback': yeniden tan─▒mlama; temel t├╝rler farkl─▒ [C:\ShadowStrike\ShadowStrike\ShadowStrike.vcxproj]
  ('/src/Shared_modules/Security/TamperProtection.cpp' kaynak dosyas─▒ derleniyor)
      C:\ShadowStrike\ShadowStrike\src\Shared_modules\Security\TamperProtection.hpp(1331,28):
      'ShadowStrike::Security::TamperProtection::RegisterEventCallback' bildirimine bak─▒n
  
C:\ShadowStrike\ShadowStrike\src\Shared_modules\Security\TamperProtection.cpp(2363,24): error C2761: 'uint64_t ShadowStrike::Security::TamperProtection::RegisterVerificationCallback(ShadowStrike::Security::VerificationCallback)': ├╝yenin yeniden bildirilmesine izin verilmiyor [C:\ShadowStrike\ShadowStrike\ShadowStrike.vcxproj]
  ('/src/Shared_modules/Security/TamperProtection.cpp' kaynak dosyas─▒ derleniyor)
  
C:\ShadowStrike\ShadowStrike\src\Shared_modules\Security\TamperProtection.cpp(2363,53): error C2065: 'VerificationResultCallback': bildirimi yap─▒lmam─▒┼ş tan─▒mlay─▒c─▒ [C:\ShadowStrike\ShadowStrike\ShadowStrike.vcxproj]
  ('/src/Shared_modules/Security/TamperProtection.cpp' kaynak dosyas─▒ derleniyor)
  
C:\ShadowStrike\ShadowStrike\src\Shared_modules\Security\TamperProtection.cpp(2363,80): error C2146: s├Âzdizimi hatas─▒: ')' eksik ('callback' tan─▒mlay─▒c─▒s─▒ndan ├Ânce) [C:\ShadowStrike\ShadowStrike\ShadowStrike.vcxproj]
  ('/src/Shared_modules/Security/TamperProtection.cpp' kaynak dosyas─▒ derleniyor)
  
C:\ShadowStrike\ShadowStrike\src\Shared_modules\Security\TamperProtection.cpp(2363,90): error C2143: s├Âzdizimi hatas─▒: ';' eksik ('{' ├Âncesinde) [C:\ShadowStrike\ShadowStrike\ShadowStrike.vcxproj]
  ('/src/Shared_modules/Security/TamperProtection.cpp' kaynak dosyas─▒ derleniyor)
  
C:\ShadowStrike\ShadowStrike\src\Shared_modules\Security\TamperProtection.cpp(2363,90): error C2447: '{': i┼şlev ├╝stbilgisi eksik (eski tarzda bi├ğimsel liste mi?) [C:\ShadowStrike\ShadowStrike\ShadowStrike.vcxproj]
  ('/src/Shared_modules/Security/TamperProtection.cpp' kaynak dosyas─▒ derleniyor)
  
C:\ShadowStrike\ShadowStrike\src\Shared_modules\Security\TamperProtection.cpp(2367,24): error C2761: 'uint64_t ShadowStrike::Security::TamperProtection::RegisterRepairCallback(ShadowStrike::Security::RepairCallback)': ├╝yenin yeniden bildirilmesine izin verilmiyor [C:\ShadowStrike\ShadowStrike\ShadowStrike.vcxproj]
  ('/src/Shared_modules/Security/TamperProtection.cpp' kaynak dosyas─▒ derleniyor)
  
C:\ShadowStrike\ShadowStrike\src\Shared_modules\Security\TamperProtection.cpp(2367,47): error C2065: 'RepairResultCallback': bildirimi yap─▒lmam─▒┼ş tan─▒mlay─▒c─▒ [C:\ShadowStrike\ShadowStrike\ShadowStrike.vcxproj]
  ('/src/Shared_modules/Security/TamperProtection.cpp' kaynak dosyas─▒ derleniyor)
  
C:\ShadowStrike\ShadowStrike\src\Shared_modules\Security\TamperProtection.cpp(2367,68): error C2146: s├Âzdizimi hatas─▒: ')' eksik ('callback' tan─▒mlay─▒c─▒s─▒ndan ├Ânce) [C:\ShadowStrike\ShadowStrike\ShadowStrike.vcxproj]
  ('/src/Shared_modules/Security/TamperProtection.cpp' kaynak dosyas─▒ derleniyor)
  
C:\ShadowStrike\ShadowStrike\src\Shared_modules\Security\TamperProtection.cpp(2367,78): error C2143: s├Âzdizimi hatas─▒: ';' eksik ('{' ├Âncesinde) [C:\ShadowStrike\ShadowStrike\ShadowStrike.vcxproj]
  ('/src/Shared_modules/Security/TamperProtection.cpp' kaynak dosyas─▒ derleniyor)
  
C:\ShadowStrike\ShadowStrike\src\Shared_modules\Security\TamperProtection.cpp(2367,78): error C2447: '{': i┼şlev ├╝stbilgisi eksik (eski tarzda bi├ğimsel liste mi?) [C:\ShadowStrike\ShadowStrike\ShadowStrike.vcxproj]
  ('/src/Shared_modules/Security/TamperProtection.cpp' kaynak dosyas─▒ derleniyor)
  
C:\ShadowStrike\ShadowStrike\src\Shared_modules\Security\TamperProtection.cpp(2371,24): error C2761: 'uint64_t ShadowStrike::Security::TamperProtection::RegisterStatusCallback(ShadowStrike::Security::SubsystemStatusCallback)': ├╝yenin yeniden bildirilmesine izin verilmiyor [C:\ShadowStrike\ShadowStrike\ShadowStrike.vcxproj]
  ('/src/Shared_modules/Security/TamperProtection.cpp' kaynak dosyas─▒ derleniyor)
  
C:\ShadowStrike\ShadowStrike\src\Shared_modules\Security\TamperProtection.cpp(2371,47): error C2065: 'StatusChangeCallback': bildirimi yap─▒lmam─▒┼ş tan─▒mlay─▒c─▒ [C:\ShadowStrike\ShadowStrike\ShadowStrike.vcxproj]
  ('/src/Shared_modules/Security/TamperProtection.cpp' kaynak dosyas─▒ derleniyor)
  
C:\ShadowStrike\ShadowStrike\src\Shared_modules\Security\TamperProtection.cpp(2371,68): error C2146: s├Âzdizimi hatas─▒: ')' eksik ('callback' tan─▒mlay─▒c─▒s─▒ndan ├Ânce) [C:\ShadowStrike\ShadowStrike\ShadowStrike.vcxproj]
  ('/src/Shared_modules/Security/TamperProtection.cpp' kaynak dosyas─▒ derleniyor)
  
C:\ShadowStrike\ShadowStrike\src\Shared_modules\Security\TamperProtection.cpp(2371,78): error C2143: s├Âzdizimi hatas─▒: ';' eksik ('{' ├Âncesinde) [C:\ShadowStrike\ShadowStrike\ShadowStrike.vcxproj]
  ('/src/Shared_modules/Security/TamperProtection.cpp' kaynak dosyas─▒ derleniyor)
  
C:\ShadowStrike\ShadowStrike\src\Shared_modules\Security\TamperProtection.cpp(2371,78): error C2447: '{': i┼şlev ├╝stbilgisi eksik (eski tarzda bi├ğimsel liste mi?) [C:\ShadowStrike\ShadowStrike\ShadowStrike.vcxproj]
  ('/src/Shared_modules/Security/TamperProtection.cpp' kaynak dosyas─▒ derleniyor)
  
C:\ShadowStrike\ShadowStrike\src\Shared_modules\Security\TamperProtection.cpp(2375,24): error C2761: 'void ShadowStrike::Security::TamperProtection::SetResponseHandler(ShadowStrike::Security::ResponseHandler)': ├╝yenin yeniden bildirilmesine izin verilmiyor [C:\ShadowStrike\ShadowStrike\ShadowStrike.vcxproj]
  ('/src/Shared_modules/Security/TamperProtection.cpp' kaynak dosyas─▒ derleniyor)
  
C:\ShadowStrike\ShadowStrike\src\Shared_modules\Security\TamperProtection.cpp(2375,43): error C2065: 'TamperResponseHandler': bildirimi yap─▒lmam─▒┼ş tan─▒mlay─▒c─▒ [C:\ShadowStrike\ShadowStrike\ShadowStrike.vcxproj]
  ('/src/Shared_modules/Security/TamperProtection.cpp' kaynak dosyas─▒ derleniyor)
  
C:\ShadowStrike\ShadowStrike\src\Shared_modules\Security\TamperProtection.cpp(2375,65): error C2146: s├Âzdizimi hatas─▒: ')' eksik ('handler' tan─▒mlay─▒c─▒s─▒ndan ├Ânce) [C:\ShadowStrike\ShadowStrike\ShadowStrike.vcxproj]
  ('/src/Shared_modules/Security/TamperProtection.cpp' kaynak dosyas─▒ derleniyor)
  
C:\ShadowStrike\ShadowStrike\src\Shared_modules\Security\TamperProtection.cpp(2375,74): error C2143: s├Âzdizimi hatas─▒: ';' eksik ('{' ├Âncesinde) [C:\ShadowStrike\ShadowStrike\ShadowStrike.vcxproj]
  ('/src/Shared_modules/Security/TamperProtection.cpp' kaynak dosyas─▒ derleniyor)
  
C:\ShadowStrike\ShadowStrike\src\Shared_modules\Security\TamperProtection.cpp(2375,74): error C2447: '{': i┼şlev ├╝stbilgisi eksik (eski tarzda bi├ğimsel liste mi?) [C:\ShadowStrike\ShadowStrike\ShadowStrike.vcxproj]
  ('/src/Shared_modules/Security/TamperProtection.cpp' kaynak dosyas─▒ derleniyor)
  
C:\ShadowStrike\ShadowStrike\src\Shared_modules\Security\TamperProtection.cpp(2379,24): error C2039: 'UnregisterCallbacks': bir 'ShadowStrike::Security::TamperProtection' ├╝yesi de─şil [C:\ShadowStrike\ShadowStrike\ShadowStrike.vcxproj]
  ('/src/Shared_modules/Security/TamperProtection.cpp' kaynak dosyas─▒ derleniyor)
      C:\ShadowStrike\ShadowStrike\src\Shared_modules\Security\TamperProtection.hpp(929,7):
      'ShadowStrike::Security::TamperProtection' bildirimine bak─▒n
  
C:\ShadowStrike\ShadowStrike\src\Shared_modules\Security\TamperProtection.cpp(2380,5): error C2065: 'm_impl': bildirimi yap─▒lmam─▒┼ş tan─▒mlay─▒c─▒ [C:\ShadowStrike\ShadowStrike\ShadowStrike.vcxproj]
  ('/src/Shared_modules/Security/TamperProtection.cpp' kaynak dosyas─▒ derleniyor)
  
C:\ShadowStrike\ShadowStrike\src\Shared_modules\Security\TamperProtection.cpp(2387,24): error C2511: 'void ShadowStrike::Security::TamperProtection::ResetStatistics(void)': a┼ş─▒r─▒ y├╝klenen ├╝ye i┼şlev 'ShadowStrike::Security::TamperProtection' i├ğinde bulunamad─▒ [C:\ShadowStrike\ShadowStrike\ShadowStrike.vcxproj]
  ('/src/Shared_modules/Security/TamperProtection.cpp' kaynak dosyas─▒ derleniyor)
      C:\ShadowStrike\ShadowStrike\src\Shared_modules\Security\TamperProtection.hpp(929,7):
      'ShadowStrike::Security::TamperProtection' bildirimine bak─▒n
  
C:\ShadowStrike\ShadowStrike\src\Shared_modules\Security\TamperProtection.cpp(2417,7): error C2614: 'ShadowStrike::Security::ScopedProtectionPause': ge├ğersiz ├╝ye ba┼şlatma: 'm_authToken' bir taban veya ├╝ye de─şil [C:\ShadowStrike\ShadowStrike\ShadowStrike.vcxproj]
  ('/src/Shared_modules/Security/TamperProtection.cpp' kaynak dosyas─▒ derleniyor)
  
C:\ShadowStrike\ShadowStrike\src\Shared_modules\Security\TamperProtection.cpp(2427,26): error C2511: 'ShadowStrike::Security::ResourceProtectionGuard::ResourceProtectionGuard(std::wstring_view,ShadowStrike::Security::ProtectedResourceType,std::string_view)': a┼ş─▒r─▒ y├╝klenen ├╝ye i┼şlev 'ShadowStrike::Security::ResourceProtectionGuard' i├ğinde bulunamad─▒ [C:\ShadowStrike\ShadowStrike\ShadowStrike.vcxproj]
  ('/src/Shared_modules/Security/TamperProtection.cpp' kaynak dosyas─▒ derleniyor)
      C:\ShadowStrike\ShadowStrike\src\Shared_modules\Security\TamperProtection.hpp(1518,7):
      'ShadowStrike::Security::ResourceProtectionGuard' bildirimine bak─▒n
  
C:\ShadowStrike\ShadowStrike\src\Shared_modules\Security\TamperProtection.cpp(2433,30): error C2550: 'ShadowStrike::Security::ResourceProtectionGuard::{ctor}': olu┼şturucu ba┼şlat─▒c─▒ listelerine yaln─▒zca olu┼şturucu tan─▒mlar─▒nda izin verilir [C:\ShadowStrike\ShadowStrike\ShadowStrike.vcxproj]
  ('/src/Shared_modules/Security/TamperProtection.cpp' kaynak dosyas─▒ derleniyor)
  
C:\ShadowStrike\ShadowStrike\src\Shared_modules\Security\TamperProtection.cpp(2437,13): error C2597: statik olmayan 'ShadowStrike::Security::ResourceProtectionGuard::m_protected' ├╝yesine ba┼şvuru ge├ğersiz [C:\ShadowStrike\ShadowStrike\ShadowStrike.vcxproj]
  ('/src/Shared_modules/Security/TamperProtection.cpp' kaynak dosyas─▒ derleniyor)
      C:\ShadowStrike\ShadowStrike\src\Shared_modules\Security\TamperProtection.hpp(1531,10):
      'ShadowStrike::Security::ResourceProtectionGuard::m_protected' bildirimine bak─▒n
  
C:\ShadowStrike\ShadowStrike\src\Shared_modules\Security\TamperProtection.cpp(2440,13): error C2597: statik olmayan 'ShadowStrike::Security::ResourceProtectionGuard::m_protected' ├╝yesine ba┼şvuru ge├ğersiz [C:\ShadowStrike\ShadowStrike\ShadowStrike.vcxproj]
  ('/src/Shared_modules/Security/TamperProtection.cpp' kaynak dosyas─▒ derleniyor)
      C:\ShadowStrike\ShadowStrike\src\Shared_modules\Security\TamperProtection.hpp(1531,10):
      'ShadowStrike::Security::ResourceProtectionGuard::m_protected' bildirimine bak─▒n
  
C:\ShadowStrike\ShadowStrike\src\Shared_modules\Security\TamperProtection.cpp(2443,13): error C2597: statik olmayan 'ShadowStrike::Security::ResourceProtectionGuard::m_protected' ├╝yesine ba┼şvuru ge├ğersiz [C:\ShadowStrike\ShadowStrike\ShadowStrike.vcxproj]
  ('/src/Shared_modules/Security/TamperProtection.cpp' kaynak dosyas─▒ derleniyor)
      C:\ShadowStrike\ShadowStrike\src\Shared_modules\Security\TamperProtection.hpp(1531,10):
      'ShadowStrike::Security::ResourceProtectionGuard::m_protected' bildirimine bak─▒n
  
C:\ShadowStrike\ShadowStrike\src\Shared_modules\Security\TamperProtection.cpp(2452,60): error C2065: 'm_resourcePath': bildirimi yap─▒lmam─▒┼ş tan─▒mlay─▒c─▒ [C:\ShadowStrike\ShadowStrike\ShadowStrike.vcxproj]
  ('/src/Shared_modules/Security/TamperProtection.cpp' kaynak dosyas─▒ derleniyor)
  
C:\ShadowStrike\ShadowStrike\src\Shared_modules\Security\TamperProtection.cpp(2455,67): error C2065: 'm_resourcePath': bildirimi yap─▒lmam─▒┼ş tan─▒mlay─▒c─▒ [C:\ShadowStrike\ShadowStrike\ShadowStrike.vcxproj]
  ('/src/Shared_modules/Security/TamperProtection.cpp' kaynak dosyas─▒ derleniyor)
  
C:\ShadowStrike\ShadowStrike\src\Products\PhantomHome\WebProtection\SafeBrowsingAPI.hpp(89,10): error C1083: i├ğerme dosyas─▒ a├ğ─▒lam─▒yor: '../ThreatIntel/ThreatIntelLookup.hpp': No such file or directory [C:\ShadowStrike\ShadowStrike\ShadowStrike.vcxproj]
  ('/src/Products/PhantomHome/WebProtection/SafeBrowsingAPI.cpp' kaynak dosyas─▒ derleniyor)
  
C:\ShadowStrike\ShadowStrike\src\Shared_modules\ThreatIntel\ThreatIntelFeedManager_Util.hpp(26,10): error C1083: i├ğerme dosyas─▒ a├ğ─▒lam─▒yor: '../../src/Utils/Base64Utils.hpp': No such file or directory [C:\ShadowStrike\ShadowStrike\ShadowStrike.vcxproj]
  ('/src/Shared_modules/ThreatIntel/ThreatIntelFeedManager_parsers.cpp' kaynak dosyas─▒ derleniyor)
  
C:\ShadowStrike\ShadowStrike\src\Products\PhantomHome\WebProtection\AdBlocker.hpp(127,10): error C1083: i├ğerme dosyas─▒ a├ğ─▒lam─▒yor: '../Utils/Logger.hpp': No such file or directory [C:\ShadowStrike\ShadowStrike\ShadowStrike.vcxproj]
  ('/src/Products/PhantomHome/WebProtection/AdBlocker.cpp' kaynak dosyas─▒ derleniyor)
  
C:\ShadowStrike\ShadowStrike\src\Products\PhantomHome\WebProtection\PhishingDetector.hpp(132,10): error C1083: i├ğerme dosyas─▒ a├ğ─▒lam─▒yor: '../Utils/Logger.hpp': No such file or directory [C:\ShadowStrike\ShadowStrike\ShadowStrike.vcxproj]
  ('/src/Products/PhantomHome/WebProtection/PhishingDetector.cpp' kaynak dosyas─▒ derleniyor)
  
C:\ShadowStrike\ShadowStrike\src\Products\PhantomHome\USB_Protection\USBScanner.hpp(131,10): error C1083: i├ğerme dosyas─▒ a├ğ─▒lam─▒yor: '../Utils/Logger.hpp': No such file or directory [C:\ShadowStrike\ShadowStrike\ShadowStrike.vcxproj]
  ('/src/Products/PhantomHome/USB_Protection/USBScanner.cpp' kaynak dosyas─▒ derleniyor)
  
C:\ShadowStrike\ShadowStrike\src\Shared_modules\ThreatIntel\ThreatIntelFeedManager_Util.hpp(26,10): error C1083: i├ğerme dosyas─▒ a├ğ─▒lam─▒yor: '../../src/Utils/Base64Utils.hpp': No such file or directory [C:\ShadowStrike\ShadowStrike\ShadowStrike.vcxproj]
  ('/src/Shared_modules/ThreatIntel/ThreatIntelFeedManager.cpp' kaynak dosyas─▒ derleniyor)
  
C:\ShadowStrike\ShadowStrike\src\Products\PhantomHome\WebProtection\FirefoxAddonScanner.hpp(135,10): error C1083: i├ğerme dosyas─▒ a├ğ─▒lam─▒yor: '../Utils/Logger.hpp': No such file or directory [C:\ShadowStrike\ShadowStrike\ShadowStrike.vcxproj]
  ('/src/Products/PhantomHome/WebProtection/FirefoxAddonScanner.cpp' kaynak dosyas─▒ derleniyor)
  
C:\ShadowStrike\ShadowStrike\src\Shared_modules\SignatureStore\SignatureBuilder.cpp(842,14): error C2653: 'PatternUtils': bir s─▒n─▒f veya ad alan─▒ ad─▒ de─şil [C:\ShadowStrike\ShadowStrike\ShadowStrike.vcxproj]
  ('/src/Shared_modules/SignatureStore/SignatureBuilder.cpp' kaynak dosyas─▒ derleniyor)
  
C:\ShadowStrike\ShadowStrike\src\Shared_modules\SignatureStore\SignatureBuilder.cpp(842,28): error C3861: 'IsValidPatternString': tan─▒mlay─▒c─▒ bulunamad─▒ [C:\ShadowStrike\ShadowStrike\ShadowStrike.vcxproj]
  ('/src/Shared_modules/SignatureStore/SignatureBuilder.cpp' kaynak dosyas─▒ derleniyor)
  
C:\ShadowStrike\ShadowStrike\src\Shared_modules\SignatureStore\SignatureBuilder.cpp(1068,25): error C2653: 'PatternCompiler': bir s─▒n─▒f veya ad alan─▒ ad─▒ de─şil [C:\ShadowStrike\ShadowStrike\ShadowStrike.vcxproj]
  ('/src/Shared_modules/SignatureStore/SignatureBuilder.cpp' kaynak dosyas─▒ derleniyor)
  
C:\ShadowStrike\ShadowStrike\src\Shared_modules\SignatureStore\SignatureBuilder.cpp(1068,42): error C3861: 'CompilePattern': tan─▒mlay─▒c─▒ bulunamad─▒ [C:\ShadowStrike\ShadowStrike\ShadowStrike.vcxproj]
  ('/src/Shared_modules/SignatureStore/SignatureBuilder.cpp' kaynak dosyas─▒ derleniyor)
  
C:\ShadowStrike\ShadowStrike\src\Shared_modules\SignatureStore\SignatureBuilder.cpp(1071,29): error C2653: 'PatternCompiler': bir s─▒n─▒f veya ad alan─▒ ad─▒ de─şil [C:\ShadowStrike\ShadowStrike\ShadowStrike.vcxproj]
  ('/src/Shared_modules/SignatureStore/SignatureBuilder.cpp' kaynak dosyas─▒ derleniyor)
  
C:\ShadowStrike\ShadowStrike\src\Shared_modules\SignatureStore\SignatureBuilder.cpp(1071,46): error C3861: 'ComputeEntropy': tan─▒mlay─▒c─▒ bulunamad─▒ [C:\ShadowStrike\ShadowStrike\ShadowStrike.vcxproj]
  ('/src/Shared_modules/SignatureStore/SignatureBuilder.cpp' kaynak dosyas─▒ derleniyor)
  
C:\ShadowStrike\ShadowStrike\src\Products\PhantomHome\WebProtection\BrowserProtection.hpp(133,10): error C1083: i├ğerme dosyas─▒ a├ğ─▒lam─▒yor: '../Utils/Logger.hpp': No such file or directory [C:\ShadowStrike\ShadowStrike\ShadowStrike.vcxproj]
  ('/src/Products/PhantomHome/WebProtection/BrowserProtection.cpp' kaynak dosyas─▒ derleniyor)
  
C:\ShadowStrike\ShadowStrike\src\Products\PhantomHome\WebProtection\TrackerBlocker.hpp(133,10): error C1083: i├ğerme dosyas─▒ a├ğ─▒lam─▒yor: '../Utils/Logger.hpp': No such file or directory [C:\ShadowStrike\ShadowStrike\ShadowStrike.vcxproj]
  ('/src/Products/PhantomHome/WebProtection/TrackerBlocker.cpp' kaynak dosyas─▒ derleniyor)
  
C:\ShadowStrike\ShadowStrike\src\Shared_modules\SignatureStore\SignatureBuilder.cpp(1995,24): warning C4018: '>=': i┼şaretli/i┼şaretsiz uyu┼şmazl─▒─ş─▒ [C:\ShadowStrike\ShadowStrike\ShadowStrike.vcxproj]
  ('/src/Shared_modules/SignatureStore/SignatureBuilder.cpp' kaynak dosyas─▒ derleniyor)
  
C:\ShadowStrike\ShadowStrike\src\Shared_modules\SignatureStore\SignatureStore_mngmnt.cpp(20,9): error C1083: i├ğerme dosyas─▒ a├ğ─▒lam─▒yor: '../../src/Utils/FileUtils.hpp': No such file or directory [C:\ShadowStrike\ShadowStrike\ShadowStrike.vcxproj]
  ('/src/Shared_modules/SignatureStore/SignatureStore_mngmnt.cpp' kaynak dosyas─▒ derleniyor)
  
C:\ShadowStrike\ShadowStrike\src\Shared_modules\SignatureStore\sig_builder_serialization.cpp(542,40): error C2653: 'PatternCompiler': bir s─▒n─▒f veya ad alan─▒ ad─▒ de─şil [C:\ShadowStrike\ShadowStrike\ShadowStrike.vcxproj]
  ('/src/Shared_modules/SignatureStore/sig_builder_serialization.cpp' kaynak dosyas─▒ derleniyor)
  
C:\ShadowStrike\ShadowStrike\src\Shared_modules\SignatureStore\sig_builder_serialization.cpp(542,57): error C3861: 'CompilePattern': tan─▒mlay─▒c─▒ bulunamad─▒ [C:\ShadowStrike\ShadowStrike\ShadowStrike.vcxproj]
  ('/src/Shared_modules/SignatureStore/sig_builder_serialization.cpp' kaynak dosyas─▒ derleniyor)
  
C:\ShadowStrike\ShadowStrike\src\Shared_modules\SignatureStore\sig_builder_serialization.cpp(547,40): error C2672: 'std::move': e┼şle┼şen a┼ş─▒r─▒ y├╝klenmi┼ş i┼şlev bulunamad─▒ [C:\ShadowStrike\ShadowStrike\ShadowStrike.vcxproj]
  ('/src/Shared_modules/SignatureStore/sig_builder_serialization.cpp' kaynak dosyas─▒ derleniyor)
      C:\Program Files\Microsoft Visual Studio\2022\Community\VC\Tools\MSVC\14.44.35207\include\xutility(5172,9):
      '_FwdIt2 std::move(_ExPo &&,_FwdIt1,_FwdIt1,_FwdIt2) noexcept' olabilirdi
          C:\ShadowStrike\ShadowStrike\src\Shared_modules\SignatureStore\sig_builder_serialization.cpp(547,40):
          '_FwdIt2 std::move(_ExPo &&,_FwdIt1,_FwdIt1,_FwdIt2) noexcept': 4 ba─ş─▒ms─▒z de─şi┼şken bekleniyor - 1 sa─şland─▒
      C:\Program Files\Microsoft Visual Studio\2022\Community\VC\Tools\MSVC\14.44.35207\include\xutility(5160,21):
      veya       '_OutIt std::move(_InIt,_InIt,_OutIt)'
          C:\ShadowStrike\ShadowStrike\src\Shared_modules\SignatureStore\sig_builder_serialization.cpp(547,40):
          '_OutIt std::move(_InIt,_InIt,_OutIt)': 3 ba─ş─▒ms─▒z de─şi┼şken bekleniyor - 1 sa─şland─▒
      C:\Program Files\Microsoft Visual Studio\2022\Community\VC\Tools\MSVC\14.44.35207\include\type_traits(1512,64):
      veya       'remove_reference<_Ty>::type &&std::move(_Ty &&) noexcept'
          C:\ShadowStrike\ShadowStrike\src\Shared_modules\SignatureStore\sig_builder_serialization.cpp(547,40):
          'remove_reference<_Ty>::type &&std::move(_Ty &&) noexcept' i┼şlev ┼şablonu ├Âzelle┼ştirilemedi
              C:\ShadowStrike\ShadowStrike\src\Shared_modules\SignatureStore\sig_builder_serialization.cpp(547,40):
              ┼Şu ┼şablon ba─ş─▒ms─▒z de─şi┼şkenleriyle:
                  C:\ShadowStrike\ShadowStrike\src\Shared_modules\SignatureStore\sig_builder_serialization.cpp(547,40):
                  '_Ty=<error type> &'
  
C:\ShadowStrike\ShadowStrike\src\Shared_modules\SignatureStore\sig_builder_serialization.cpp(548,37): error C2653: 'PatternCompiler': bir s─▒n─▒f veya ad alan─▒ ad─▒ de─şil [C:\ShadowStrike\ShadowStrike\ShadowStrike.vcxproj]
  ('/src/Shared_modules/SignatureStore/sig_builder_serialization.cpp' kaynak dosyas─▒ derleniyor)
  
C:\ShadowStrike\ShadowStrike\src\Shared_modules\SignatureStore\sig_builder_serialization.cpp(548,54): error C3861: 'ComputeEntropy': tan─▒mlay─▒c─▒ bulunamad─▒ [C:\ShadowStrike\ShadowStrike\ShadowStrike.vcxproj]
  ('/src/Shared_modules/SignatureStore/sig_builder_serialization.cpp' kaynak dosyas─▒ derleniyor)
  
C:\ShadowStrike\ShadowStrike\src\Shared_modules\SignatureStore\sig_builder_serialization.cpp(566,13): error C2065: 'AhoCorasickAutomaton': bildirimi yap─▒lmam─▒┼ş tan─▒mlay─▒c─▒ [C:\ShadowStrike\ShadowStrike\ShadowStrike.vcxproj]
  ('/src/Shared_modules/SignatureStore/sig_builder_serialization.cpp' kaynak dosyas─▒ derleniyor)
  
C:\ShadowStrike\ShadowStrike\src\Shared_modules\SignatureStore\sig_builder_serialization.cpp(566,34): error C2146: s├Âzdizimi hatas─▒: ';' eksik ('automaton' tan─▒mlay─▒c─▒s─▒ndan ├Ânce) [C:\ShadowStrike\ShadowStrike\ShadowStrike.vcxproj]
  ('/src/Shared_modules/SignatureStore/sig_builder_serialization.cpp' kaynak dosyas─▒ derleniyor)
  
C:\ShadowStrike\ShadowStrike\src\Shared_modules\SignatureStore\sig_builder_serialization.cpp(566,34): error C2065: 'automaton': bildirimi yap─▒lmam─▒┼ş tan─▒mlay─▒c─▒ [C:\ShadowStrike\ShadowStrike\ShadowStrike.vcxproj]
  ('/src/Shared_modules/SignatureStore/sig_builder_serialization.cpp' kaynak dosyas─▒ derleniyor)
  
C:\ShadowStrike\ShadowStrike\src\Shared_modules\SignatureStore\sig_builder_serialization.cpp(572,22): error C2065: 'automaton': bildirimi yap─▒lmam─▒┼ş tan─▒mlay─▒c─▒ [C:\ShadowStrike\ShadowStrike\ShadowStrike.vcxproj]
  ('/src/Shared_modules/SignatureStore/sig_builder_serialization.cpp' kaynak dosyas─▒ derleniyor)
  
C:\ShadowStrike\ShadowStrike\src\Shared_modules\SignatureStore\sig_builder_serialization.cpp(580,18): error C2065: 'automaton': bildirimi yap─▒lmam─▒┼ş tan─▒mlay─▒c─▒ [C:\ShadowStrike\ShadowStrike\ShadowStrike.vcxproj]
  ('/src/Shared_modules/SignatureStore/sig_builder_serialization.cpp' kaynak dosyas─▒ derleniyor)
  
C:\ShadowStrike\ShadowStrike\src\Shared_modules\SignatureStore\sig_builder_serialization.cpp(586,13): error C2065: 'automaton': bildirimi yap─▒lmam─▒┼ş tan─▒mlay─▒c─▒ [C:\ShadowStrike\ShadowStrike\ShadowStrike.vcxproj]
  ('/src/Shared_modules/SignatureStore/sig_builder_serialization.cpp' kaynak dosyas─▒ derleniyor)
  
C:\ShadowStrike\ShadowStrike\src\Shared_modules\SignatureStore\sig_builder_serialization.cpp(760,44): error C2065: 'automaton': bildirimi yap─▒lmam─▒┼ş tan─▒mlay─▒c─▒ [C:\ShadowStrike\ShadowStrike\ShadowStrike.vcxproj]
  ('/src/Shared_modules/SignatureStore/sig_builder_serialization.cpp' kaynak dosyas─▒ derleniyor)
  
C:\ShadowStrike\ShadowStrike\src\Shared_modules\SignatureStore\sig_builder_serialization.cpp(812,13): error C2065: 'automaton': bildirimi yap─▒lmam─▒┼ş tan─▒mlay─▒c─▒ [C:\ShadowStrike\ShadowStrike\ShadowStrike.vcxproj]
  ('/src/Shared_modules/SignatureStore/sig_builder_serialization.cpp' kaynak dosyas─▒ derleniyor)
  
C:\ShadowStrike\ShadowStrike\src\Shared_modules\SignatureStore\sig_builder_serialization.cpp(892,40): error C2653: 'PatternCompiler': bir s─▒n─▒f veya ad alan─▒ ad─▒ de─şil [C:\ShadowStrike\ShadowStrike\ShadowStrike.vcxproj]
  ('/src/Shared_modules/SignatureStore/sig_builder_serialization.cpp' kaynak dosyas─▒ derleniyor)
  
C:\ShadowStrike\ShadowStrike\src\Shared_modules\SignatureStore\sig_builder_serialization.cpp(892,57): error C3861: 'CompilePattern': tan─▒mlay─▒c─▒ bulunamad─▒ [C:\ShadowStrike\ShadowStrike\ShadowStrike.vcxproj]
  ('/src/Shared_modules/SignatureStore/sig_builder_serialization.cpp' kaynak dosyas─▒ derleniyor)
  
C:\ShadowStrike\ShadowStrike\src\Shared_modules\SignatureStore\sig_builder_serialization.cpp(1317,40): error C2653: 'PatternCompiler': bir s─▒n─▒f veya ad alan─▒ ad─▒ de─şil [C:\ShadowStrike\ShadowStrike\ShadowStrike.vcxproj]
  ('/src/Shared_modules/SignatureStore/sig_builder_serialization.cpp' kaynak dosyas─▒ derleniyor)
  
C:\ShadowStrike\ShadowStrike\src\Shared_modules\SignatureStore\sig_builder_serialization.cpp(1317,57): error C3861: 'CompilePattern': tan─▒mlay─▒c─▒ bulunamad─▒ [C:\ShadowStrike\ShadowStrike\ShadowStrike.vcxproj]
  ('/src/Shared_modules/SignatureStore/sig_builder_serialization.cpp' kaynak dosyas─▒ derleniyor)
  
C:\ShadowStrike\ShadowStrike\src\Shared_modules\SignatureStore\SignatureStore.cpp(73,40): error C2882: 'HashStore': ad alan─▒ tan─▒mlay─▒c─▒s─▒n─▒n ifade i├ğinde ge├ğersiz kullan─▒m─▒ [C:\ShadowStrike\ShadowStrike\ShadowStrike.vcxproj]
  ('/src/Shared_modules/SignatureStore/SignatureStore.cpp' kaynak dosyas─▒ derleniyor)
  
C:\ShadowStrike\ShadowStrike\src\Shared_modules\SignatureStore\SignatureStore.cpp(73,28): error C2672: 'std::make_unique': e┼şle┼şen a┼ş─▒r─▒ y├╝klenmi┼ş i┼şlev bulunamad─▒ [C:\ShadowStrike\ShadowStrike\ShadowStrike.vcxproj]
  ('/src/Shared_modules/SignatureStore/SignatureStore.cpp' kaynak dosyas─▒ derleniyor)
      C:\Program Files\Microsoft Visual Studio\2022\Community\VC\Tools\MSVC\14.44.35207\include\memory(3640,6):
      'void std::make_unique(_Types ...)' olabilirdi
          C:\ShadowStrike\ShadowStrike\src\Shared_modules\SignatureStore\SignatureStore.cpp(73,49):
          'std::make_unique': '_Ty' i├ğin ┼şablon ba─ş─▒ms─▒z de─şi┼şkeni ge├ğersiz, t├╝r bekleniyor
      C:\Program Files\Microsoft Visual Studio\2022\Community\VC\Tools\MSVC\14.44.35207\include\memory(3634,57):
      veya       'std::unique_ptr<_Ty,std::default_delete<_Ty>> std::make_unique(const size_t)'
          C:\ShadowStrike\ShadowStrike\src\Shared_modules\SignatureStore\SignatureStore.cpp(73,49):
          'std::make_unique': '_Ty' i├ğin ┼şablon ba─ş─▒ms─▒z de─şi┼şkeni ge├ğersiz, t├╝r bekleniyor
      C:\Program Files\Microsoft Visual Studio\2022\Community\VC\Tools\MSVC\14.44.35207\include\memory(3629,57):
      veya       'std::unique_ptr<_Ty,std::default_delete<_Ty>> std::make_unique(_Types ...)'
          C:\ShadowStrike\ShadowStrike\src\Shared_modules\SignatureStore\SignatureStore.cpp(73,49):
          'std::make_unique': '_Ty' i├ğin ┼şablon ba─ş─▒ms─▒z de─şi┼şkeni ge├ğersiz, t├╝r bekleniyor
  
C:\ShadowStrike\ShadowStrike\src\Shared_modules\SignatureStore\SignatureStore.cpp(85,43): error C2882: 'PatternStore': ad alan─▒ tan─▒mlay─▒c─▒s─▒n─▒n ifade i├ğinde ge├ğersiz kullan─▒m─▒ [C:\ShadowStrike\ShadowStrike\ShadowStrike.vcxproj]
  ('/src/Shared_modules/SignatureStore/SignatureStore.cpp' kaynak dosyas─▒ derleniyor)
  
C:\ShadowStrike\ShadowStrike\src\Shared_modules\SignatureStore\SignatureStore.cpp(85,31): error C2672: 'std::make_unique': e┼şle┼şen a┼ş─▒r─▒ y├╝klenmi┼ş i┼şlev bulunamad─▒ [C:\ShadowStrike\ShadowStrike\ShadowStrike.vcxproj]
  ('/src/Shared_modules/SignatureStore/SignatureStore.cpp' kaynak dosyas─▒ derleniyor)
      C:\Program Files\Microsoft Visual Studio\2022\Community\VC\Tools\MSVC\14.44.35207\include\memory(3640,6):
      'void std::make_unique(_Types ...)' olabilirdi
          C:\ShadowStrike\ShadowStrike\src\Shared_modules\SignatureStore\SignatureStore.cpp(85,55):
          'std::make_unique': '_Ty' i├ğin ┼şablon ba─ş─▒ms─▒z de─şi┼şkeni ge├ğersiz, t├╝r bekleniyor
      C:\Program Files\Microsoft Visual Studio\2022\Community\VC\Tools\MSVC\14.44.35207\include\memory(3634,57):
      veya       'std::unique_ptr<_Ty,std::default_delete<_Ty>> std::make_unique(const size_t)'
          C:\ShadowStrike\ShadowStrike\src\Shared_modules\SignatureStore\SignatureStore.cpp(85,55):
          'std::make_unique': '_Ty' i├ğin ┼şablon ba─ş─▒ms─▒z de─şi┼şkeni ge├ğersiz, t├╝r bekleniyor
      C:\Program Files\Microsoft Visual Studio\2022\Community\VC\Tools\MSVC\14.44.35207\include\memory(3629,57):
      veya       'std::unique_ptr<_Ty,std::default_delete<_Ty>> std::make_unique(_Types ...)'
          C:\ShadowStrike\ShadowStrike\src\Shared_modules\SignatureStore\SignatureStore.cpp(85,55):
          'std::make_unique': '_Ty' i├ğin ┼şablon ba─ş─▒ms─▒z de─şi┼şkeni ge├ğersiz, t├╝r bekleniyor
  
C:\ShadowStrike\ShadowStrike\src\Shared_modules\SignatureStore\sig_builder_import_methods.cpp(1116,22): error C2653: 'PatternUtils': bir s─▒n─▒f veya ad alan─▒ ad─▒ de─şil [C:\ShadowStrike\ShadowStrike\ShadowStrike.vcxproj]
  ('/src/Shared_modules/SignatureStore/sig_builder_import_methods.cpp' kaynak dosyas─▒ derleniyor)
  
C:\ShadowStrike\ShadowStrike\src\Shared_modules\SignatureStore\sig_builder_import_methods.cpp(1116,36): error C3861: 'IsValidPatternString': tan─▒mlay─▒c─▒ bulunamad─▒ [C:\ShadowStrike\ShadowStrike\ShadowStrike.vcxproj]
  ('/src/Shared_modules/SignatureStore/sig_builder_import_methods.cpp' kaynak dosyas─▒ derleniyor)
  
C:\ShadowStrike\ShadowStrike\src\Shared_modules\SignatureStore\SignatureStore.cpp(536,18): error C2679: ikili '=': 'ShadowStrike::HashStore::HashStore::HashStoreStatistics' t├╝r├╝nde bir sa─ş taraf i┼şleneni alan hi├ğbir i┼şle├ğ bulunamad─▒ (veya hi├ğ kabul edilebilir d├Ân├╝┼şt├╝rme yok) [C:\ShadowStrike\ShadowStrike\ShadowStrike.vcxproj]
  ('/src/Shared_modules/SignatureStore/SignatureStore.cpp' kaynak dosyas─▒ derleniyor)
      C:\ShadowStrike\ShadowStrike\src\Shared_modules\SignatureStore\SignatureFormat.hpp(546,1):
      'ShadowStrike::SignatureStore::StoreStatistics &ShadowStrike::SignatureStore::StoreStatistics::operator =(ShadowStrike::SignatureStore::StoreStatistics &&)' olabilirdi
          C:\ShadowStrike\ShadowStrike\src\Shared_modules\SignatureStore\SignatureStore.cpp(536,18):
          'ShadowStrike::SignatureStore::StoreStatistics &ShadowStrike::SignatureStore::StoreStatistics::operator =(ShadowStrike::SignatureStore::StoreStatistics &&)' : 2 ba─ş─▒ms─▒z de─şi┼şkeni 'ShadowStrike::HashStore::HashStore::HashStoreStatistics' de─şerinden 'ShadowStrike::SignatureStore::StoreStatistics &&' de─şerine d├Ân├╝┼şt├╝r├╝lemez
              C:\ShadowStrike\ShadowStrike\src\Shared_modules\SignatureStore\SignatureStore.cpp(536,57):
              Nedeni: 'ShadowStrike::HashStore::HashStore::HashStoreStatistics' de─şerinden 'ShadowStrike::SignatureStore::StoreStatistics' de─şerine d├Ân├╝┼şt├╝r├╝lemez
              C:\ShadowStrike\ShadowStrike\src\Shared_modules\SignatureStore\SignatureStore.cpp(536,57):
              Bu d├Ân├╝┼şt├╝rmeyi ger├ğekle┼ştirecek kullan─▒c─▒ tan─▒ml─▒ d├Ân├╝┼şt├╝rme i┼şleci yok veya i┼şle├ğ ├ğa─şr─▒lam─▒yor
      C:\ShadowStrike\ShadowStrike\src\Shared_modules\SignatureStore\SignatureFormat.hpp(546,1):
      veya       'ShadowStrike::SignatureStore::StoreStatistics &ShadowStrike::SignatureStore::StoreStatistics::operator =(const ShadowStrike::SignatureStore::StoreStatistics &)'
          C:\ShadowStrike\ShadowStrike\src\Shared_modules\SignatureStore\SignatureStore.cpp(536,18):
          'ShadowStrike::SignatureStore::StoreStatistics &ShadowStrike::SignatureStore::StoreStatistics::operator =(const ShadowStrike::SignatureStore::StoreStatistics &)' : 2 ba─ş─▒ms─▒z de─şi┼şkeni 'ShadowStrike::HashStore::HashStore::HashStoreStatistics' de─şerinden 'const ShadowStrike::SignatureStore::StoreStatistics &' de─şerine d├Ân├╝┼şt├╝r├╝lemez
              C:\ShadowStrike\ShadowStrike\src\Shared_modules\SignatureStore\SignatureStore.cpp(536,57):
              Nedeni: 'ShadowStrike::HashStore::HashStore::HashStoreStatistics' de─şerinden 'const ShadowStrike::SignatureStore::StoreStatistics' de─şerine d├Ân├╝┼şt├╝r├╝lemez
              C:\ShadowStrike\ShadowStrike\src\Shared_modules\SignatureStore\SignatureStore.cpp(536,57):
              Bu d├Ân├╝┼şt├╝rmeyi ger├ğekle┼ştirecek kullan─▒c─▒ tan─▒ml─▒ d├Ân├╝┼şt├╝rme i┼şleci yok veya i┼şle├ğ ├ğa─şr─▒lam─▒yor
      C:\ShadowStrike\ShadowStrike\src\Shared_modules\SignatureStore\SignatureStore.cpp(536,18):
      '(ShadowStrike::SignatureStore::StoreStatistics, ShadowStrike::HashStore::HashStore::HashStoreStatistics)' ba─ş─▒ms─▒z de─şi┼şken listesi e┼şlenmeye ├ğal─▒┼ş─▒l─▒rken
  
C:\ShadowStrike\ShadowStrike\src\Shared_modules\SignatureStore\SignatureStore.cpp(549,18): error C2679: ikili '=': 'ShadowStrike::PatternStore::PatternStore::PatternStoreStatistics' t├╝r├╝nde bir sa─ş taraf i┼şleneni alan hi├ğbir i┼şle├ğ bulunamad─▒ (veya hi├ğ kabul edilebilir d├Ân├╝┼şt├╝rme yok) [C:\ShadowStrike\ShadowStrike\ShadowStrike.vcxproj]
  ('/src/Shared_modules/SignatureStore/SignatureStore.cpp' kaynak dosyas─▒ derleniyor)
      C:\ShadowStrike\ShadowStrike\src\Shared_modules\SignatureStore\SignatureFormat.hpp(546,1):
      'ShadowStrike::SignatureStore::StoreStatistics &ShadowStrike::SignatureStore::StoreStatistics::operator =(ShadowStrike::SignatureStore::StoreStatistics &&)' olabilirdi
          C:\ShadowStrike\ShadowStrike\src\Shared_modules\SignatureStore\SignatureStore.cpp(549,18):
          'ShadowStrike::SignatureStore::StoreStatistics &ShadowStrike::SignatureStore::StoreStatistics::operator =(ShadowStrike::SignatureStore::StoreStatistics &&)' : 2 ba─ş─▒ms─▒z de─şi┼şkeni 'ShadowStrike::PatternStore::PatternStore::PatternStoreStatistics' de─şerinden 'ShadowStrike::SignatureStore::StoreStatistics &&' de─şerine d├Ân├╝┼şt├╝r├╝lemez
              C:\ShadowStrike\ShadowStrike\src\Shared_modules\SignatureStore\SignatureStore.cpp(549,63):
              Nedeni: 'ShadowStrike::PatternStore::PatternStore::PatternStoreStatistics' de─şerinden 'ShadowStrike::SignatureStore::StoreStatistics' de─şerine d├Ân├╝┼şt├╝r├╝lemez
              C:\ShadowStrike\ShadowStrike\src\Shared_modules\SignatureStore\SignatureStore.cpp(549,63):
              Bu d├Ân├╝┼şt├╝rmeyi ger├ğekle┼ştirecek kullan─▒c─▒ tan─▒ml─▒ d├Ân├╝┼şt├╝rme i┼şleci yok veya i┼şle├ğ ├ğa─şr─▒lam─▒yor
      C:\ShadowStrike\ShadowStrike\src\Shared_modules\SignatureStore\SignatureFormat.hpp(546,1):
      veya       'ShadowStrike::SignatureStore::StoreStatistics &ShadowStrike::SignatureStore::StoreStatistics::operator =(const ShadowStrike::SignatureStore::StoreStatistics &)'
          C:\ShadowStrike\ShadowStrike\src\Shared_modules\SignatureStore\SignatureStore.cpp(549,18):
          'ShadowStrike::SignatureStore::StoreStatistics &ShadowStrike::SignatureStore::StoreStatistics::operator =(const ShadowStrike::SignatureStore::StoreStatistics &)' : 2 ba─ş─▒ms─▒z de─şi┼şkeni 'ShadowStrike::PatternStore::PatternStore::PatternStoreStatistics' de─şerinden 'const ShadowStrike::SignatureStore::StoreStatistics &' de─şerine d├Ân├╝┼şt├╝r├╝lemez
              C:\ShadowStrike\ShadowStrike\src\Shared_modules\SignatureStore\SignatureStore.cpp(549,63):
              Nedeni: 'ShadowStrike::PatternStore::PatternStore::PatternStoreStatistics' de─şerinden 'const ShadowStrike::SignatureStore::StoreStatistics' de─şerine d├Ân├╝┼şt├╝r├╝lemez
              C:\ShadowStrike\ShadowStrike\src\Shared_modules\SignatureStore\SignatureStore.cpp(549,63):
              Bu d├Ân├╝┼şt├╝rmeyi ger├ğekle┼ştirecek kullan─▒c─▒ tan─▒ml─▒ d├Ân├╝┼şt├╝rme i┼şleci yok veya i┼şle├ğ ├ğa─şr─▒lam─▒yor
      C:\ShadowStrike\ShadowStrike\src\Shared_modules\SignatureStore\SignatureStore.cpp(549,18):
      '(ShadowStrike::SignatureStore::StoreStatistics, ShadowStrike::PatternStore::PatternStore::PatternStoreStatistics)' ba─ş─▒ms─▒z de─şi┼şken listesi e┼şlenmeye ├ğal─▒┼ş─▒l─▒rken
  
C:\ShadowStrike\ShadowStrike\src\Shared_modules\SignatureStore\SignatureStore.cpp(550,60): error C2039: 'totalBytesScanned': bir 'ShadowStrike::SignatureStore::StoreStatistics' ├╝yesi de─şil [C:\ShadowStrike\ShadowStrike\ShadowStrike.vcxproj]
  ('/src/Shared_modules/SignatureStore/SignatureStore.cpp' kaynak dosyas─▒ derleniyor)
      C:\ShadowStrike\ShadowStrike\src\Shared_modules\SignatureStore\SignatureFormat.hpp(533,8):
      'ShadowStrike::SignatureStore::StoreStatistics' bildirimine bak─▒n
  
C:\ShadowStrike\ShadowStrike\src\Shared_modules\SignatureStore\SignatureStore.cpp(637,12): error C2039: 'HashStoreStatistics': bir 'ShadowStrike::HashStore' ├╝yesi de─şil [C:\ShadowStrike\ShadowStrike\ShadowStrike.vcxproj]
  ('/src/Shared_modules/SignatureStore/SignatureStore.cpp' kaynak dosyas─▒ derleniyor)
      C:\ShadowStrike\ShadowStrike\src\Shared_modules\HashStore\HashStore.hpp(66,11):
      'ShadowStrike::HashStore' bildirimine bak─▒n
  
C:\ShadowStrike\ShadowStrike\src\Shared_modules\SignatureStore\SignatureStore.cpp(637,48): error C2143: s├Âzdizimi hatas─▒: ';' eksik ('ShadowStrike::SignatureStore::SignatureStore::GetHashStatistics' ├Âncesinde) [C:\ShadowStrike\ShadowStrike\ShadowStrike.vcxproj]
  ('/src/Shared_modules/SignatureStore/SignatureStore.cpp' kaynak dosyas─▒ derleniyor)
  
C:\ShadowStrike\ShadowStrike\src\Shared_modules\SignatureStore\SignatureStore.cpp(637,12): error C4430: t├╝r belirticisi eksik - int varsay─▒ld─▒. Not: C++ varsay─▒lan int deste─şi i├ğermez [C:\ShadowStrike\ShadowStrike\ShadowStrike.vcxproj]
  ('/src/Shared_modules/SignatureStore/SignatureStore.cpp' kaynak dosyas─▒ derleniyor)
  
C:\ShadowStrike\ShadowStrike\src\Shared_modules\SignatureStore\SignatureStore.cpp(637,48): error C4430: t├╝r belirticisi eksik - int varsay─▒ld─▒. Not: C++ varsay─▒lan int deste─şi i├ğermez [C:\ShadowStrike\ShadowStrike\ShadowStrike.vcxproj]
  ('/src/Shared_modules/SignatureStore/SignatureStore.cpp' kaynak dosyas─▒ derleniyor)
  
C:\ShadowStrike\ShadowStrike\src\Shared_modules\SignatureStore\SignatureStore.cpp(637,48): error C2556: 'int ShadowStrike::SignatureStore::SignatureStore::GetHashStatistics(void) noexcept const': a┼ş─▒r─▒ y├╝klenen sanal i┼şlev ile 'ShadowStrike::SignatureStore::StoreStatistics ShadowStrike::SignatureStore::SignatureStore::GetHashStatistics(void) noexcept const' aras─▒ndaki tek fark d├Ân├╝┼ş t├╝r├╝ [C:\ShadowStrike\ShadowStrike\ShadowStrike.vcxproj]
  ('/src/Shared_modules/SignatureStore/SignatureStore.cpp' kaynak dosyas─▒ derleniyor)
      C:\ShadowStrike\ShadowStrike\src\Shared_modules\SignatureStore\SignatureStore.hpp(593,54):
      'ShadowStrike::SignatureStore::SignatureStore::GetHashStatistics' bildirimine bak─▒n
  
C:\ShadowStrike\ShadowStrike\src\Shared_modules\SignatureStore\SignatureStore.cpp(637,48): error C2371: 'ShadowStrike::SignatureStore::SignatureStore::GetHashStatistics': yeniden tan─▒mlama; temel t├╝rler farkl─▒ [C:\ShadowStrike\ShadowStrike\ShadowStrike.vcxproj]
  ('/src/Shared_modules/SignatureStore/SignatureStore.cpp' kaynak dosyas─▒ derleniyor)
      C:\ShadowStrike\ShadowStrike\src\Shared_modules\SignatureStore\SignatureStore.hpp(593,54):
      'ShadowStrike::SignatureStore::SignatureStore::GetHashStatistics' bildirimine bak─▒n
  
C:\ShadowStrike\ShadowStrike\src\Shared_modules\SignatureStore\SignatureStore.cpp(640,31): error C2064: terim 1 ba─ş─▒ms─▒z de─şi┼şken alan bir i┼şlev olarak de─şerlendirilmiyor [C:\ShadowStrike\ShadowStrike\ShadowStrike.vcxproj]
  ('/src/Shared_modules/SignatureStore/SignatureStore.cpp' kaynak dosyas─▒ derleniyor)
  
C:\ShadowStrike\ShadowStrike\src\Shared_modules\SignatureStore\SignatureStore.cpp(645,27): error C2064: terim 1 ba─ş─▒ms─▒z de─şi┼şken alan bir i┼şlev olarak de─şerlendirilmiyor [C:\ShadowStrike\ShadowStrike\ShadowStrike.vcxproj]
  ('/src/Shared_modules/SignatureStore/SignatureStore.cpp' kaynak dosyas─▒ derleniyor)
  
C:\ShadowStrike\ShadowStrike\src\Shared_modules\SignatureStore\SignatureStore.cpp(649,15): error C2039: 'PatternStoreStatistics': bir 'ShadowStrike::PatternStore' ├╝yesi de─şil [C:\ShadowStrike\ShadowStrike\ShadowStrike.vcxproj]
  ('/src/Shared_modules/SignatureStore/SignatureStore.cpp' kaynak dosyas─▒ derleniyor)
      C:\ShadowStrike\ShadowStrike\src\Shared_modules\PatternStore\PatternStore.hpp(62,15):
      'ShadowStrike::PatternStore' bildirimine bak─▒n
  
C:\ShadowStrike\ShadowStrike\src\Shared_modules\SignatureStore\SignatureStore.cpp(649,54): error C2143: s├Âzdizimi hatas─▒: ';' eksik ('ShadowStrike::SignatureStore::SignatureStore::GetPatternStatistics' ├Âncesinde) [C:\ShadowStrike\ShadowStrike\ShadowStrike.vcxproj]
  ('/src/Shared_modules/SignatureStore/SignatureStore.cpp' kaynak dosyas─▒ derleniyor)
  
C:\ShadowStrike\ShadowStrike\src\Shared_modules\SignatureStore\SignatureStore.cpp(649,15): error C4430: t├╝r belirticisi eksik - int varsay─▒ld─▒. Not: C++ varsay─▒lan int deste─şi i├ğermez [C:\ShadowStrike\ShadowStrike\ShadowStrike.vcxproj]
  ('/src/Shared_modules/SignatureStore/SignatureStore.cpp' kaynak dosyas─▒ derleniyor)
  
C:\ShadowStrike\ShadowStrike\src\Shared_modules\SignatureStore\SignatureStore.cpp(649,54): error C4430: t├╝r belirticisi eksik - int varsay─▒ld─▒. Not: C++ varsay─▒lan int deste─şi i├ğermez [C:\ShadowStrike\ShadowStrike\ShadowStrike.vcxproj]
  ('/src/Shared_modules/SignatureStore/SignatureStore.cpp' kaynak dosyas─▒ derleniyor)
  
C:\ShadowStrike\ShadowStrike\src\Shared_modules\SignatureStore\SignatureStore.cpp(649,54): error C2556: 'int ShadowStrike::SignatureStore::SignatureStore::GetPatternStatistics(void) noexcept const': a┼ş─▒r─▒ y├╝klenen sanal i┼şlev ile 'ShadowStrike::SignatureStore::StoreStatistics ShadowStrike::SignatureStore::SignatureStore::GetPatternStatistics(void) noexcept const' aras─▒ndaki tek fark d├Ân├╝┼ş t├╝r├╝ [C:\ShadowStrike\ShadowStrike\ShadowStrike.vcxproj]
  ('/src/Shared_modules/SignatureStore/SignatureStore.cpp' kaynak dosyas─▒ derleniyor)
      C:\ShadowStrike\ShadowStrike\src\Shared_modules\SignatureStore\SignatureStore.hpp(594,57):
      'ShadowStrike::SignatureStore::SignatureStore::GetPatternStatistics' bildirimine bak─▒n
  
C:\ShadowStrike\ShadowStrike\src\Shared_modules\SignatureStore\SignatureStore.cpp(649,54): error C2371: 'ShadowStrike::SignatureStore::SignatureStore::GetPatternStatistics': yeniden tan─▒mlama; temel t├╝rler farkl─▒ [C:\ShadowStrike\ShadowStrike\ShadowStrike.vcxproj]
  ('/src/Shared_modules/SignatureStore/SignatureStore.cpp' kaynak dosyas─▒ derleniyor)
      C:\ShadowStrike\ShadowStrike\src\Shared_modules\SignatureStore\SignatureStore.hpp(594,57):
      'ShadowStrike::SignatureStore::SignatureStore::GetPatternStatistics' bildirimine bak─▒n
  
C:\ShadowStrike\ShadowStrike\src\Shared_modules\SignatureStore\SignatureStore.cpp(652,34): error C2064: terim 1 ba─ş─▒ms─▒z de─şi┼şken alan bir i┼şlev olarak de─şerlendirilmiyor [C:\ShadowStrike\ShadowStrike\ShadowStrike.vcxproj]
  ('/src/Shared_modules/SignatureStore/SignatureStore.cpp' kaynak dosyas─▒ derleniyor)
  
C:\ShadowStrike\ShadowStrike\src\Shared_modules\SignatureStore\SignatureStore.cpp(657,30): error C2064: terim 1 ba─ş─▒ms─▒z de─şi┼şken alan bir i┼şlev olarak de─şerlendirilmiyor [C:\ShadowStrike\ShadowStrike\ShadowStrike.vcxproj]
  ('/src/Shared_modules/SignatureStore/SignatureStore.cpp' kaynak dosyas─▒ derleniyor)
  
C:\ShadowStrike\ShadowStrike\src\Shared_modules\SignatureStore\SignatureStore.cpp(1592,33): error C2882: 'HashStore': ad alan─▒ tan─▒mlay─▒c─▒s─▒n─▒n ifade i├ğinde ge├ğersiz kullan─▒m─▒ [C:\ShadowStrike\ShadowStrike\ShadowStrike.vcxproj]
  ('/src/Shared_modules/SignatureStore/SignatureStore.cpp' kaynak dosyas─▒ derleniyor)
  
C:\ShadowStrike\ShadowStrike\src\Shared_modules\SignatureStore\SignatureStore.cpp(1592,22): error C2974: 'std::unique_ptr': '_Ty' i├ğin ┼şablon ba─ş─▒ms─▒z de─şi┼şkeni ge├ğersiz, t├╝r bekleniyor [C:\ShadowStrike\ShadowStrike\ShadowStrike.vcxproj]
  ('/src/Shared_modules/SignatureStore/SignatureStore.cpp' kaynak dosyas─▒ derleniyor)
      C:\Program Files\Microsoft Visual Studio\2022\Community\VC\Tools\MSVC\14.44.35207\include\memory(3347,7):
      'std::unique_ptr' bildirimine bak─▒n
  
C:\ShadowStrike\ShadowStrike\src\Shared_modules\SignatureStore\SignatureStore.cpp(1592,22): error C2976: 'std::unique_ptr': ├ğok az say─▒da ┼şablon ba─ş─▒ms─▒z de─şi┼şkeni var [C:\ShadowStrike\ShadowStrike\ShadowStrike.vcxproj]
  ('/src/Shared_modules/SignatureStore/SignatureStore.cpp' kaynak dosyas─▒ derleniyor)
      C:\Program Files\Microsoft Visual Studio\2022\Community\VC\Tools\MSVC\14.44.35207\include\memory(3347,7):
      'std::unique_ptr' bildirimine bak─▒n
  
C:\ShadowStrike\ShadowStrike\src\Shared_modules\SignatureStore\SignatureStore.cpp(1592,22): error C3203: 'unique_ptr': belirtilmeyen s─▒n─▒f ┼şablon bir ┼şablon ba─ş─▒ms─▒z de─şi┼şkeni olarak (┼şablon parametresi '_Ty' i├ğin) kullan─▒lamaz; ger├ğek t├╝r bekleniyor [C:\ShadowStrike\ShadowStrike\ShadowStrike.vcxproj]
  ('/src/Shared_modules/SignatureStore/SignatureStore.cpp' kaynak dosyas─▒ derleniyor)
  
C:\ShadowStrike\ShadowStrike\src\Shared_modules\SignatureStore\SignatureStore.cpp(1593,33): error C2882: 'PatternStore': ad alan─▒ tan─▒mlay─▒c─▒s─▒n─▒n ifade i├ğinde ge├ğersiz kullan─▒m─▒ [C:\ShadowStrike\ShadowStrike\ShadowStrike.vcxproj]
  ('/src/Shared_modules/SignatureStore/SignatureStore.cpp' kaynak dosyas─▒ derleniyor)
  
C:\ShadowStrike\ShadowStrike\src\Shared_modules\SignatureStore\SignatureStore.cpp(1593,22): error C2974: 'std::unique_ptr': '_Ty' i├ğin ┼şablon ba─ş─▒ms─▒z de─şi┼şkeni ge├ğersiz, t├╝r bekleniyor [C:\ShadowStrike\ShadowStrike\ShadowStrike.vcxproj]
  ('/src/Shared_modules/SignatureStore/SignatureStore.cpp' kaynak dosyas─▒ derleniyor)
      C:\Program Files\Microsoft Visual Studio\2022\Community\VC\Tools\MSVC\14.44.35207\include\memory(3347,7):
      'std::unique_ptr' bildirimine bak─▒n
  
C:\ShadowStrike\ShadowStrike\src\Shared_modules\SignatureStore\SignatureStore.cpp(1593,22): error C2976: 'std::unique_ptr': ├ğok az say─▒da ┼şablon ba─ş─▒ms─▒z de─şi┼şkeni var [C:\ShadowStrike\ShadowStrike\ShadowStrike.vcxproj]
  ('/src/Shared_modules/SignatureStore/SignatureStore.cpp' kaynak dosyas─▒ derleniyor)
      C:\Program Files\Microsoft Visual Studio\2022\Community\VC\Tools\MSVC\14.44.35207\include\memory(3347,7):
      'std::unique_ptr' bildirimine bak─▒n
  
C:\ShadowStrike\ShadowStrike\src\Shared_modules\SignatureStore\SignatureStore.cpp(1593,22): error C3203: 'unique_ptr': belirtilmeyen s─▒n─▒f ┼şablon bir ┼şablon ba─ş─▒ms─▒z de─şi┼şkeni olarak (┼şablon parametresi '_Ty' i├ğin) kullan─▒lamaz; ger├ğek t├╝r bekleniyor [C:\ShadowStrike\ShadowStrike\ShadowStrike.vcxproj]
  ('/src/Shared_modules/SignatureStore/SignatureStore.cpp' kaynak dosyas─▒ derleniyor)
  
C:\ShadowStrike\ShadowStrike\src\Shared_modules\SignatureStore\SignatureStore.cpp(1609,44): error C2882: 'HashStore': ad alan─▒ tan─▒mlay─▒c─▒s─▒n─▒n ifade i├ğinde ge├ğersiz kullan─▒m─▒ [C:\ShadowStrike\ShadowStrike\ShadowStrike.vcxproj]
  ('/src/Shared_modules/SignatureStore/SignatureStore.cpp' kaynak dosyas─▒ derleniyor)
  
C:\ShadowStrike\ShadowStrike\src\Shared_modules\SignatureStore\SignatureStore.cpp(1609,32): error C2672: 'std::make_unique': e┼şle┼şen a┼ş─▒r─▒ y├╝klenmi┼ş i┼şlev bulunamad─▒ [C:\ShadowStrike\ShadowStrike\ShadowStrike.vcxproj]
  ('/src/Shared_modules/SignatureStore/SignatureStore.cpp' kaynak dosyas─▒ derleniyor)
      C:\Program Files\Microsoft Visual Studio\2022\Community\VC\Tools\MSVC\14.44.35207\include\memory(3640,6):
      'void std::make_unique(_Types ...)' olabilirdi
          C:\ShadowStrike\ShadowStrike\src\Shared_modules\SignatureStore\SignatureStore.cpp(1609,53):
          'std::make_unique': '_Ty' i├ğin ┼şablon ba─ş─▒ms─▒z de─şi┼şkeni ge├ğersiz, t├╝r bekleniyor
      C:\Program Files\Microsoft Visual Studio\2022\Community\VC\Tools\MSVC\14.44.35207\include\memory(3634,57):
      veya       'std::unique_ptr<_Ty,std::default_delete<_Ty>> std::make_unique(const size_t)'
          C:\ShadowStrike\ShadowStrike\src\Shared_modules\SignatureStore\SignatureStore.cpp(1609,53):
          'std::make_unique': '_Ty' i├ğin ┼şablon ba─ş─▒ms─▒z de─şi┼şkeni ge├ğersiz, t├╝r bekleniyor
      C:\Program Files\Microsoft Visual Studio\2022\Community\VC\Tools\MSVC\14.44.35207\include\memory(3629,57):
      veya       'std::unique_ptr<_Ty,std::default_delete<_Ty>> std::make_unique(_Types ...)'
          C:\ShadowStrike\ShadowStrike\src\Shared_modules\SignatureStore\SignatureStore.cpp(1609,53):
          'std::make_unique': '_Ty' i├ğin ┼şablon ba─ş─▒ms─▒z de─şi┼şkeni ge├ğersiz, t├╝r bekleniyor
  
C:\ShadowStrike\ShadowStrike\src\Shared_modules\SignatureStore\SignatureStore.cpp(1610,38): error C3536: 'hs': ba┼şlat─▒lmadan ├Ânce kullan─▒lamaz [C:\ShadowStrike\ShadowStrike\ShadowStrike.vcxproj]
  ('/src/Shared_modules/SignatureStore/SignatureStore.cpp' kaynak dosyas─▒ derleniyor)
  
C:\ShadowStrike\ShadowStrike\src\Shared_modules\SignatureStore\SignatureStore.cpp(1622,44): error C2882: 'PatternStore': ad alan─▒ tan─▒mlay─▒c─▒s─▒n─▒n ifade i├ğinde ge├ğersiz kullan─▒m─▒ [C:\ShadowStrike\ShadowStrike\ShadowStrike.vcxproj]
  ('/src/Shared_modules/SignatureStore/SignatureStore.cpp' kaynak dosyas─▒ derleniyor)
  
C:\ShadowStrike\ShadowStrike\src\Shared_modules\SignatureStore\SignatureStore.cpp(1622,32): error C2672: 'std::make_unique': e┼şle┼şen a┼ş─▒r─▒ y├╝klenmi┼ş i┼şlev bulunamad─▒ [C:\ShadowStrike\ShadowStrike\ShadowStrike.vcxproj]
  ('/src/Shared_modules/SignatureStore/SignatureStore.cpp' kaynak dosyas─▒ derleniyor)
      C:\Program Files\Microsoft Visual Studio\2022\Community\VC\Tools\MSVC\14.44.35207\include\memory(3640,6):
      'void std::make_unique(_Types ...)' olabilirdi
          C:\ShadowStrike\ShadowStrike\src\Shared_modules\SignatureStore\SignatureStore.cpp(1622,56):
          'std::make_unique': '_Ty' i├ğin ┼şablon ba─ş─▒ms─▒z de─şi┼şkeni ge├ğersiz, t├╝r bekleniyor
      C:\Program Files\Microsoft Visual Studio\2022\Community\VC\Tools\MSVC\14.44.35207\include\memory(3634,57):
      veya       'std::unique_ptr<_Ty,std::default_delete<_Ty>> std::make_unique(const size_t)'
          C:\ShadowStrike\ShadowStrike\src\Shared_modules\SignatureStore\SignatureStore.cpp(1622,56):
          'std::make_unique': '_Ty' i├ğin ┼şablon ba─ş─▒ms─▒z de─şi┼şkeni ge├ğersiz, t├╝r bekleniyor
      C:\Program Files\Microsoft Visual Studio\2022\Community\VC\Tools\MSVC\14.44.35207\include\memory(3629,57):
      veya       'std::unique_ptr<_Ty,std::default_delete<_Ty>> std::make_unique(_Types ...)'
          C:\ShadowStrike\ShadowStrike\src\Shared_modules\SignatureStore\SignatureStore.cpp(1622,56):
          'std::make_unique': '_Ty' i├ğin ┼şablon ba─ş─▒ms─▒z de─şi┼şkeni ge├ğersiz, t├╝r bekleniyor
  
C:\ShadowStrike\ShadowStrike\src\Shared_modules\SignatureStore\SignatureStore.cpp(1623,41): error C3536: 'ps': ba┼şlat─▒lmadan ├Ânce kullan─▒lamaz [C:\ShadowStrike\ShadowStrike\ShadowStrike.vcxproj]
  ('/src/Shared_modules/SignatureStore/SignatureStore.cpp' kaynak dosyas─▒ derleniyor)
  
C:\ShadowStrike\ShadowStrike\src\Shared_modules\SignatureStore\SignatureStore.cpp(1656,9): error C2882: 'HashStore': ad alan─▒ tan─▒mlay─▒c─▒s─▒n─▒n ifade i├ğinde ge├ğersiz kullan─▒m─▒ [C:\ShadowStrike\ShadowStrike\ShadowStrike.vcxproj]
  ('/src/Shared_modules/SignatureStore/SignatureStore.cpp' kaynak dosyas─▒ derleniyor)
  
C:\ShadowStrike\ShadowStrike\src\Shared_modules\SignatureStore\SignatureStore.cpp(1656,19): error C2146: s├Âzdizimi hatas─▒: ';' eksik ('outputHashStore' tan─▒mlay─▒c─▒s─▒ndan ├Ânce) [C:\ShadowStrike\ShadowStrike\ShadowStrike.vcxproj]
  ('/src/Shared_modules/SignatureStore/SignatureStore.cpp' kaynak dosyas─▒ derleniyor)
  
C:\ShadowStrike\ShadowStrike\src\Shared_modules\SignatureStore\SignatureStore.cpp(1656,19): error C2065: 'outputHashStore': bildirimi yap─▒lmam─▒┼ş tan─▒mlay─▒c─▒ [C:\ShadowStrike\ShadowStrike\ShadowStrike.vcxproj]
  ('/src/Shared_modules/SignatureStore/SignatureStore.cpp' kaynak dosyas─▒ derleniyor)
  
C:\ShadowStrike\ShadowStrike\src\Shared_modules\SignatureStore\SignatureStore.cpp(1657,9): error C2882: 'PatternStore': ad alan─▒ tan─▒mlay─▒c─▒s─▒n─▒n ifade i├ğinde ge├ğersiz kullan─▒m─▒ [C:\ShadowStrike\ShadowStrike\ShadowStrike.vcxproj]
  ('/src/Shared_modules/SignatureStore/SignatureStore.cpp' kaynak dosyas─▒ derleniyor)
  
C:\ShadowStrike\ShadowStrike\src\Shared_modules\SignatureStore\SignatureStore.cpp(1657,22): error C2146: s├Âzdizimi hatas─▒: ';' eksik ('outputPatternStore' tan─▒mlay─▒c─▒s─▒ndan ├Ânce) [C:\ShadowStrike\ShadowStrike\ShadowStrike.vcxproj]
  ('/src/Shared_modules/SignatureStore/SignatureStore.cpp' kaynak dosyas─▒ derleniyor)
  
C:\ShadowStrike\ShadowStrike\src\Shared_modules\SignatureStore\SignatureStore.cpp(1657,22): error C2065: 'outputPatternStore': bildirimi yap─▒lmam─▒┼ş tan─▒mlay─▒c─▒ [C:\ShadowStrike\ShadowStrike\ShadowStrike.vcxproj]
  ('/src/Shared_modules/SignatureStore/SignatureStore.cpp' kaynak dosyas─▒ derleniyor)
  
C:\ShadowStrike\ShadowStrike\src\Shared_modules\SignatureStore\SignatureStore.cpp(1660,36): error C2065: 'outputHashStore': bildirimi yap─▒lmam─▒┼ş tan─▒mlay─▒c─▒ [C:\ShadowStrike\ShadowStrike\ShadowStrike.vcxproj]
  ('/src/Shared_modules/SignatureStore/SignatureStore.cpp' kaynak dosyas─▒ derleniyor)
  
C:\ShadowStrike\ShadowStrike\src\Shared_modules\SignatureStore\SignatureStore.cpp(1667,39): error C2065: 'outputPatternStore': bildirimi yap─▒lmam─▒┼ş tan─▒mlay─▒c─▒ [C:\ShadowStrike\ShadowStrike\ShadowStrike.vcxproj]
  ('/src/Shared_modules/SignatureStore/SignatureStore.cpp' kaynak dosyas─▒ derleniyor)
  
C:\ShadowStrike\ShadowStrike\src\Shared_modules\SignatureStore\SignatureStore.cpp(1694,21): error C3536: 'sourceStats': ba┼şlat─▒lmadan ├Ânce kullan─▒lamaz [C:\ShadowStrike\ShadowStrike\ShadowStrike.vcxproj]
  ('/src/Shared_modules/SignatureStore/SignatureStore.cpp' kaynak dosyas─▒ derleniyor)
  
C:\ShadowStrike\ShadowStrike\src\Shared_modules\SignatureStore\SignatureStore.cpp(1712,44): error C2065: 'outputHashStore': bildirimi yap─▒lmam─▒┼ş tan─▒mlay─▒c─▒ [C:\ShadowStrike\ShadowStrike\ShadowStrike.vcxproj]
  ('/src/Shared_modules/SignatureStore/SignatureStore.cpp' kaynak dosyas─▒ derleniyor)
  
C:\ShadowStrike\ShadowStrike\src\Shared_modules\SignatureStore\SignatureStore.cpp(1733,37): error C2065: 'outputHashStore': bildirimi yap─▒lmam─▒┼ş tan─▒mlay─▒c─▒ [C:\ShadowStrike\ShadowStrike\ShadowStrike.vcxproj]
  ('/src/Shared_modules/SignatureStore/SignatureStore.cpp' kaynak dosyas─▒ derleniyor)
  
C:\ShadowStrike\ShadowStrike\src\Shared_modules\SignatureStore\SignatureStore.cpp(1739,35): error C2065: 'outputHashStore': bildirimi yap─▒lmam─▒┼ş tan─▒mlay─▒c─▒ [C:\ShadowStrike\ShadowStrike\ShadowStrike.vcxproj]
  ('/src/Shared_modules/SignatureStore/SignatureStore.cpp' kaynak dosyas─▒ derleniyor)
  
C:\ShadowStrike\ShadowStrike\src\Shared_modules\SignatureStore\SignatureStore.cpp(1757,21): error C3536: 'sourceStats': ba┼şlat─▒lmadan ├Ânce kullan─▒lamaz [C:\ShadowStrike\ShadowStrike\ShadowStrike.vcxproj]
  ('/src/Shared_modules/SignatureStore/SignatureStore.cpp' kaynak dosyas─▒ derleniyor)
  
C:\ShadowStrike\ShadowStrike\src\Shared_modules\SignatureStore\SignatureStore.cpp(1774,37): error C2065: 'outputPatternStore': bildirimi yap─▒lmam─▒┼ş tan─▒mlay─▒c─▒ [C:\ShadowStrike\ShadowStrike\ShadowStrike.vcxproj]
  ('/src/Shared_modules/SignatureStore/SignatureStore.cpp' kaynak dosyas─▒ derleniyor)
  
C:\ShadowStrike\ShadowStrike\src\Shared_modules\SignatureStore\SignatureStore.cpp(1780,35): error C2065: 'outputPatternStore': bildirimi yap─▒lmam─▒┼ş tan─▒mlay─▒c─▒ [C:\ShadowStrike\ShadowStrike\ShadowStrike.vcxproj]
  ('/src/Shared_modules/SignatureStore/SignatureStore.cpp' kaynak dosyas─▒ derleniyor)
  
C:\ShadowStrike\ShadowStrike\src\Shared_modules\Scripts\PowerShellScanner.hpp(184,9): error C2143: s├Âzdizimi hatas─▒: '}' eksik ('sabit' ├Âncesinde) [C:\ShadowStrike\ShadowStrike\ShadowStrike.vcxproj]
  ('/src/Shared_modules/Scripts/PowerShellScanner.cpp' kaynak dosyas─▒ derleniyor)
  
C:\ShadowStrike\ShadowStrike\src\Shared_modules\Scripts\PowerShellScanner.hpp(184,9): error C2059: s├Âzdizimi hatas─▒: 'sabit' [C:\ShadowStrike\ShadowStrike\ShadowStrike.vcxproj]
  ('/src/Shared_modules/Scripts/PowerShellScanner.cpp' kaynak dosyas─▒ derleniyor)
  
C:\ShadowStrike\ShadowStrike\src\Shared_modules\Scripts\PowerShellScanner.hpp(188,5): error C2143: s├Âzdizimi hatas─▒: ';' eksik ('}' ├Âncesinde) [C:\ShadowStrike\ShadowStrike\ShadowStrike.vcxproj]
  ('/src/Shared_modules/Scripts/PowerShellScanner.cpp' kaynak dosyas─▒ derleniyor)
  
C:\ShadowStrike\ShadowStrike\src\Shared_modules\Scripts\PowerShellScanner.hpp(243,34): error C3861: 'Constants': tan─▒mlay─▒c─▒ bulunamad─▒ [C:\ShadowStrike\ShadowStrike\ShadowStrike.vcxproj]
  ('/src/Shared_modules/Scripts/PowerShellScanner.cpp' kaynak dosyas─▒ derleniyor)
  
C:\ShadowStrike\ShadowStrike\src\Shared_modules\Scripts\PowerShellScanner.hpp(243,34): error C2653: 'Constants': bir s─▒n─▒f veya ad alan─▒ ad─▒ de─şil [C:\ShadowStrike\ShadowStrike\ShadowStrike.vcxproj]
  ('/src/Shared_modules/Scripts/PowerShellScanner.cpp' kaynak dosyas─▒ derleniyor)
  
C:\ShadowStrike\ShadowStrike\src\Shared_modules\Scripts\PowerShellScanner.hpp(243,45): error C2065: 'MAX_SCRIPT_SIZE_BYTES': bildirimi yap─▒lmam─▒┼ş tan─▒mlay─▒c─▒ [C:\ShadowStrike\ShadowStrike\ShadowStrike.vcxproj]
  ('/src/Shared_modules/Scripts/PowerShellScanner.cpp' kaynak dosyas─▒ derleniyor)
  
C:\ShadowStrike\ShadowStrike\src\Shared_modules\Scripts\PowerShellScanner.hpp(244,34): error C3861: 'Constants': tan─▒mlay─▒c─▒ bulunamad─▒ [C:\ShadowStrike\ShadowStrike\ShadowStrike.vcxproj]
  ('/src/Shared_modules/Scripts/PowerShellScanner.cpp' kaynak dosyas─▒ derleniyor)
  
C:\ShadowStrike\ShadowStrike\src\Shared_modules\Scripts\PowerShellScanner.hpp(244,34): error C2653: 'Constants': bir s─▒n─▒f veya ad alan─▒ ad─▒ de─şil [C:\ShadowStrike\ShadowStrike\ShadowStrike.vcxproj]
  ('/src/Shared_modules/Scripts/PowerShellScanner.cpp' kaynak dosyas─▒ derleniyor)
  
C:\ShadowStrike\ShadowStrike\src\Shared_modules\Scripts\PowerShellScanner.hpp(244,55): error C2065: 'SCAN_TIMEOUT_MS': bildirimi yap─▒lmam─▒┼ş tan─▒mlay─▒c─▒ [C:\ShadowStrike\ShadowStrike\ShadowStrike.vcxproj]
  ('/src/Shared_modules/Scripts/PowerShellScanner.cpp' kaynak dosyas─▒ derleniyor)
  
C:\ShadowStrike\ShadowStrike\src\Shared_modules\Scripts\PowerShellScanner.hpp(245,38): error C3861: 'Constants': tan─▒mlay─▒c─▒ bulunamad─▒ [C:\ShadowStrike\ShadowStrike\ShadowStrike.vcxproj]
  ('/src/Shared_modules/Scripts/PowerShellScanner.cpp' kaynak dosyas─▒ derleniyor)
  
C:\ShadowStrike\ShadowStrike\src\Shared_modules\Scripts\PowerShellScanner.hpp(245,38): error C2653: 'Constants': bir s─▒n─▒f veya ad alan─▒ ad─▒ de─şil [C:\ShadowStrike\ShadowStrike\ShadowStrike.vcxproj]
  ('/src/Shared_modules/Scripts/PowerShellScanner.cpp' kaynak dosyas─▒ derleniyor)
  
C:\ShadowStrike\ShadowStrike\src\Shared_modules\Scripts\PowerShellScanner.hpp(245,49): error C2065: 'MIN_ENTROPY_OBFUSCATION': bildirimi yap─▒lmam─▒┼ş tan─▒mlay─▒c─▒ [C:\ShadowStrike\ShadowStrike\ShadowStrike.vcxproj]
  ('/src/Shared_modules/Scripts/PowerShellScanner.cpp' kaynak dosyas─▒ derleniyor)
  
C:\ShadowStrike\ShadowStrike\src\Shared_modules\Scripts\PowerShellScanner.hpp(263,20): error C3646: 'status': bilinmeyen ge├ğersiz k─▒lma belirticisi [C:\ShadowStrike\ShadowStrike\ShadowStrike.vcxproj]
  ('/src/Shared_modules/Scripts/PowerShellScanner.cpp' kaynak dosyas─▒ derleniyor)
  
C:\ShadowStrike\ShadowStrike\src\Shared_modules\Scripts\PowerShellScanner.hpp(263,27): error C2059: s├Âzdizimi hatas─▒: '=' [C:\ShadowStrike\ShadowStrike\ShadowStrike.vcxproj]
  ('/src/Shared_modules/Scripts/PowerShellScanner.cpp' kaynak dosyas─▒ derleniyor)
  
C:\ShadowStrike\ShadowStrike\src\Shared_modules\Scripts\PowerShellScanner.hpp(263,29): error C2653: 'ScanStatus': bir s─▒n─▒f veya ad alan─▒ ad─▒ de─şil [C:\ShadowStrike\ShadowStrike\ShadowStrike.vcxproj]
  ('/src/Shared_modules/Scripts/PowerShellScanner.cpp' kaynak dosyas─▒ derleniyor)
  
C:\ShadowStrike\ShadowStrike\src\Shared_modules\Scripts\PowerShellScanner.hpp(263,46): error C2238: ';' ├Âncesinde beklenmeyen belirte├ğler [C:\ShadowStrike\ShadowStrike\ShadowStrike.vcxproj]
  ('/src/Shared_modules/Scripts/PowerShellScanner.cpp' kaynak dosyas─▒ derleniyor)
  
C:\ShadowStrike\ShadowStrike\src\Shared_modules\Scripts\PowerShellScanner.hpp(286,20): error C2065: 'status': bildirimi yap─▒lmam─▒┼ş tan─▒mlay─▒c─▒ [C:\ShadowStrike\ShadowStrike\ShadowStrike.vcxproj]
  ('/src/Shared_modules/Scripts/PowerShellScanner.cpp' kaynak dosyas─▒ derleniyor)
  
C:\ShadowStrike\ShadowStrike\src\Shared_modules\Scripts\PowerShellScanner.hpp(286,30): error C2653: 'ScanStatus': bir s─▒n─▒f veya ad alan─▒ ad─▒ de─şil [C:\ShadowStrike\ShadowStrike\ShadowStrike.vcxproj]
  ('/src/Shared_modules/Scripts/PowerShellScanner.cpp' kaynak dosyas─▒ derleniyor)
  
C:\ShadowStrike\ShadowStrike\src\Shared_modules\Scripts\PowerShellScanner.hpp(286,42): error C2065: 'MALICIOUS': bildirimi yap─▒lmam─▒┼ş tan─▒mlay─▒c─▒ [C:\ShadowStrike\ShadowStrike\ShadowStrike.vcxproj]
  ('/src/Shared_modules/Scripts/PowerShellScanner.cpp' kaynak dosyas─▒ derleniyor)
  
C:\ShadowStrike\ShadowStrike\src\Shared_modules\Scripts\PowerShellScanner.hpp(287,20): error C2065: 'status': bildirimi yap─▒lmam─▒┼ş tan─▒mlay─▒c─▒ [C:\ShadowStrike\ShadowStrike\ShadowStrike.vcxproj]
  ('/src/Shared_modules/Scripts/PowerShellScanner.cpp' kaynak dosyas─▒ derleniyor)
  
C:\ShadowStrike\ShadowStrike\src\Shared_modules\Scripts\PowerShellScanner.hpp(287,30): error C2653: 'ScanStatus': bir s─▒n─▒f veya ad alan─▒ ad─▒ de─şil [C:\ShadowStrike\ShadowStrike\ShadowStrike.vcxproj]
  ('/src/Shared_modules/Scripts/PowerShellScanner.cpp' kaynak dosyas─▒ derleniyor)
  
C:\ShadowStrike\ShadowStrike\src\Shared_modules\Scripts\PowerShellScanner.hpp(287,42): error C2065: 'SUSPICIOUS': bildirimi yap─▒lmam─▒┼ş tan─▒mlay─▒c─▒ [C:\ShadowStrike\ShadowStrike\ShadowStrike.vcxproj]
  ('/src/Shared_modules/Scripts/PowerShellScanner.cpp' kaynak dosyas─▒ derleniyor)
  
C:\ShadowStrike\ShadowStrike\src\Shared_modules\Scripts\PowerShellScanner.hpp(287,69): error C2653: 'Constants': bir s─▒n─▒f veya ad alan─▒ ad─▒ de─şil [C:\ShadowStrike\ShadowStrike\ShadowStrike.vcxproj]
  ('/src/Shared_modules/Scripts/PowerShellScanner.cpp' kaynak dosyas─▒ derleniyor)
  
C:\ShadowStrike\ShadowStrike\src\Shared_modules\Scripts\PowerShellScanner.hpp(287,92): error C2065: 'THRESHOLD_BLOCK': bildirimi yap─▒lmam─▒┼ş tan─▒mlay─▒c─▒ [C:\ShadowStrike\ShadowStrike\ShadowStrike.vcxproj]
  ('/src/Shared_modules/Scripts/PowerShellScanner.cpp' kaynak dosyas─▒ derleniyor)
  
C:\ShadowStrike\ShadowStrike\src\Shared_modules\Scripts\PowerShellScanner.hpp(436,1): error C2059: s├Âzdizimi hatas─▒: '}' [C:\ShadowStrike\ShadowStrike\ShadowStrike.vcxproj]
  ('/src/Shared_modules/Scripts/PowerShellScanner.cpp' kaynak dosyas─▒ derleniyor)
  
C:\ShadowStrike\ShadowStrike\src\Shared_modules\Scripts\PowerShellScanner.hpp(436,1): error C2143: s├Âzdizimi hatas─▒: ';' eksik ('}' ├Âncesinde) [C:\ShadowStrike\ShadowStrike\ShadowStrike.vcxproj]
  ('/src/Shared_modules/Scripts/PowerShellScanner.cpp' kaynak dosyas─▒ derleniyor)
  
C:\ShadowStrike\ShadowStrike\src\Shared_modules\Scripts\PowerShellScanner.hpp(437,1): error C1070: 'C:\ShadowStrike\ShadowStrike\src\Shared_modules\Scripts\PowerShellScanner.hpp' dosyas─▒nda e┼şle┼şmeyen #if/#endif ├ğifti [C:\ShadowStrike\ShadowStrike\ShadowStrike.vcxproj]
  ('/src/Shared_modules/Scripts/PowerShellScanner.cpp' kaynak dosyas─▒ derleniyor)
  
